
> software-passport-registry@1.0.1 test
> vitest run --run


[1m[46m RUN [49m[22m [36mv3.2.7 [39m[90m/home/runner/work/software-passport-registry/software-passport-registry[39m

 [32m✓[39m tests/verification-engine.test.ts [2m([22m[2m23 tests[22m[2m)[22m[32m 35[2mms[22m[39m
 [31m❯[39m tests/governance-routes-contract.test.ts [2m([22m[2m26 tests[22m[2m | [22m[31m1 failed[39m[2m)[22m[32m 71[2mms[22m[39m
   [32m✓[39m governance router RBAC: internal governance data is never Client-readable[2m > [22mdefines the shared non-Client role list and applies it to every read route[32m 1[2mms[22m[39m
   [32m✓[39m governance router RBAC: internal governance data is never Client-readable[2m > [22mrestricts policy/control/risk creation and risk acceptance to Owner/Admin only[32m 0[2mms[22m[39m
   [32m✓[39m governance router RBAC: internal governance data is never Client-readable[2m > [22mallows Technician to record control tests and finding dispositions, but not to write policies/controls/risks[32m 0[2mms[22m[39m
[31m   [31m×[31m governance router is mounted in server.ts[2m > [22mmounts createGovernanceRouter at /api/governance[39m[32m 58[2mms[22m[39m
[31m     → expected 'import express, { type NextFunction, …' to contain 'import { createGovernanceRouter } fro…'[39m
   [32m✓[39m policy approval is a distinct, explicit action[2m > [22mnever lets an ordinary PATCH set approval_status/approver_name/approved_at[32m 1[2mms[22m[39m
   [32m✓[39m policy approval is a distinct, explicit action[2m > [22mthe approve route requires an approver name and records who approved it[32m 0[2mms[22m[39m
   [32m✓[39m risk acceptance requires the full authorized-decision record atomically[2m > [22mthe accept route requires acceptedBy, rationale, scope, and reviewDate together, matching the DB CHECK constraint[32m 0[2mms[22m[39m
   [32m✓[39m risk acceptance requires the full authorized-decision record atomically[2m > [22macceptance is recorded to the tamper-evident audit trail, not just the risks table[32m 0[2mms[22m[39m
   [32m✓[39m control test PASS-requires-evidence is enforced at the database, surfaced as a clean 400[2m > [22mcatches the CHECK constraint violation (23514) and returns PASS_REQUIRES_EVIDENCE[32m 0[2mms[22m[39m
   [32m✓[39m framework requirements can never be silently marked as a verified source[2m > [22msurfaces the DB CHECK (VERIFIED_SOURCE requires authoritative_source) as a clean 400[32m 1[2mms[22m[39m
   [32m✓[39m framework requirements can never be silently marked as a verified source[2m > [22mrequirement schema defaults to REQUIRES_SOURCE_VERIFICATION, never assuming a source is trustworthy by default[32m 0[2mms[22m[39m
   [32m✓[39m finding dispositions never touch the finding's real evidence-derived status[2m > [22monly inserts into finding_dispositions, never UPDATEs trust_findings.status[32m 0[2mms[22m[39m
   [32m✓[39m finding dispositions never touch the finding's real evidence-derived status[2m > [22mverifies the finding belongs to the caller's tenant before allowing a disposition[32m 0[2mms[22m[39m
   [32m✓[39m finding dispositions never touch the finding's real evidence-derived status[2m > [22ma rationale-required CHECK violation (23514) surfaces as a clean 400, not a 500[32m 0[2mms[22m[39m
   [32m✓[39m every mutation is scoped by tenant_id in its WHERE clause[2m > [22mPATCH/accept routes never update a row without also matching tenant_id[32m 3[2mms[22m[39m
   [32m✓[39m GET /governance/findings is real, tenant-scoped, and server-side filterable[2m > [22mjoins the real trust_findings/passports tables, never a mock list[32m 0[2mms[22m[39m
   [32m✓[39m GET /governance/findings is real, tenant-scoped, and server-side filterable[2m > [22mstatus and search filters are applied in SQL, not faked client-side[32m 0[2mms[22m[39m
   [32m✓[39m WHY / provenance routes trace the real evidence chain, never invent an explanation[2m > [22mwhy/finding reuses the finding's real evidence_ids, never a separate computation[32m 0[2mms[22m[39m
   [32m✓[39m WHY / provenance routes trace the real evidence chain, never invent an explanation[2m > [22mwhy/control reuses the latest real control_tests row, never a separate computation[32m 0[2mms[22m[39m
   [32m✓[39m WHY / provenance routes trace the real evidence chain, never invent an explanation[2m > [22mreports exactly which referenced evidence IDs are missing, rather than silently omitting them[32m 0[2mms[22m[39m
   [32m✓[39m WHY / provenance routes trace the real evidence chain, never invent an explanation[2m > [22ma control with no test at all is reported as incomplete, never defaulted to complete[32m 0[2mms[22m[39m
   [32m✓[39m migration 0041 creates the governance schema with tenant RLS and honest defaults[2m > [22mevery tenant-scoped governance table gets RLS + spr_tenant_isolation[32m 0[2mms[22m[39m
   [32m✓[39m migration 0041 creates the governance schema with tenant RLS and honest defaults[2m > [22mframeworks are seeded with catalog identity only, defaulting to REQUIRES_SOURCE_VERIFICATION -- no requirement text is invented[32m 0[2mms[22m[39m
   [32m✓[39m migration 0041 creates the governance schema with tenant RLS and honest defaults[2m > [22mtrust_findings.status is never altered -- the governance layer is additive only[32m 0[2mms[22m[39m
   [32m✓[39m migration 0041 creates the governance schema with tenant RLS and honest defaults[2m > [22mthe risks table CHECK constraint requires the full acceptance record atomically[32m 0[2mms[22m[39m
   [32m✓[39m migration 0041 creates the governance schema with tenant RLS and honest defaults[2m > [22mthe control_tests table CHECK constraint forbids PASS without evidence[32m 0[2mms[22m[39m
 [32m✓[39m tests/verification-integration.test.ts [2m([22m[2m33 tests[22m[2m)[22m[33m 391[2mms[22m[39m
 [32m✓[39m src/security/component-path-normalization.test.ts [2m([22m[2m16 tests[22m[2m)[22m[32m 43[2mms[22m[39m
 [31m❯[39m tests/governance-ui-contract.test.ts [2m([22m[2m14 tests[22m[2m | [22m[31m1 failed[39m[2m)[22m[32m 50[2mms[22m[39m
   [32m✓[39m Governance UI: zero dead controls[2m > [22mcontains no empty click handlers, TODO/FIXME placeholders, or "coming soon" stubs[32m 4[2mms[22m[39m
   [32m✓[39m Governance UI: zero dead controls[2m > [22mevery button that performs a mutation is wired to a real governance API call, not a local-only state update[32m 1[2mms[22m[39m
[31m   [31m×[31m Governance UI: zero dead controls[2m > [22mGovernanceView is actually mounted in App.tsx and CommandCenter.tsx -- the nav item is not a dead route[39m[32m 37[2mms[22m[39m
[31m     → expected 'import { useEffect, useMemo, useState…' to contain 'import GovernanceView from \'./compon…'[39m
   [32m✓[39m Governance UI: PASS-requires-evidence is surfaced honestly, never bypassed client-side[2m > [22mthe control test form does not disable/hide the PASS option or fabricate success when the API rejects it[32m 1[2mms[22m[39m
   [32m✓[39m Governance UI: risk acceptance form matches the backend's required-field contract exactly[2m > [22mrequires acceptedBy, acceptanceRationale, acceptanceScope, and reviewDate as HTML-required fields[32m 0[2mms[22m[39m
   [32m✓[39m Governance UI: risk acceptance form matches the backend's required-field contract exactly[2m > [22mnever closes the modal or shows success while an incomplete/rejected request is in flight[32m 0[2mms[22m[39m
   [32m✓[39m Governance UI: finding dispositions never touch the finding's real evidence-derived status[2m > [22mthe findings tab renders the evidence-derived status as read-only, with no control to edit it[32m 0[2mms[22m[39m
   [32m✓[39m Governance UI: WHY modal shows the real chain or explicit missing evidence, never an invented explanation[2m > [22mrenders data.missing verbatim from the API, and never hardcodes an explanation string of its own[32m 0[2mms[22m[39m
   [32m✓[39m Governance UI: cross-tab relationship navigation resolves to the real underlying object[2m > [22mGovernanceView threads the actual clicked id through to the target tab, not just a bare tab switch[32m 1[2mms[22m[39m
   [32m✓[39m Governance UI: cross-tab relationship navigation resolves to the real underlying object[2m > [22meach tab actually selects the passed-in id once its real list has loaded[32m 0[2mms[22m[39m
   [32m✓[39m Governance UI: search/filter operate on real fetched data, not fabricated records[2m > [22mfindings search/filter are sent as real query params to the server[32m 0[2mms[22m[39m
   [32m✓[39m Governance UI: search/filter operate on real fetched data, not fabricated records[2m > [22maudit trail pagination uses the real cursor-based API, not a fabricated page count[32m 0[2mms[22m[39m
   [32m✓[39m Governance UI: loading, error, and empty states are honest[2m > [22mevery tab shows a real loading indicator distinct from its empty state[32m 0[2mms[22m[39m
   [32m✓[39m Governance UI: loading, error, and empty states are honest[2m > [22mempty states explain that no records exist, never substituting a fake record[32m 0[2mms[22m[39m
 [31m❯[39m tests/signup-race-contract.test.ts [2m([22m[2m13 tests[22m[2m | [22m[31m2 failed[39m[2m)[22m[32m 49[2mms[22m[39m
   [32m✓[39m signup transition flag[2m > [22mis inactive by default and toggles cleanly[32m 4[2mms[22m[39m
   [32m✓[39m 1. successful account creation displays the signup success state[2m > [22mregister() sets the success notice after signing the transient session out[32m 1[2mms[22m[39m
[31m   [31m×[31m 2. automatic Firebase authentication cannot overwrite the signup state[2m > [22mApp ignores a Firebase session that appears while a signup is in flight[39m[32m 28[2mms[22m[39m
[31m     → expected 'import { useEffect, useMemo, useState…' to contain 'isSignupTransitionActive'[39m
[31m   [31m×[31m 2. automatic Firebase authentication cannot overwrite the signup state[2m > [22mthe flag is raised before the account is created, not after[39m[32m 8[2mms[22m[39m
[31m     → expected 'const register = async () => {\n    i…' to contain 'endSignupTransition()'[39m
   [32m✓[39m 3. the 403 provisioning response does not replace the signup notice during signup[2m > [22mapiClient suppresses the provisioning notice only while a signup is in flight[32m 0[2mms[22m[39m
   [32m✓[39m 3. the 403 provisioning response does not replace the signup notice during signup[2m > [22mthe suppression is genuinely scoped - outside a signup the notice still fires[32m 0[2mms[22m[39m
   [32m✓[39m 4. invalid signup still displays the appropriate error[2m > [22mregister() still surfaces creation failures through authMessage[32m 0[2mms[22m[39m
   [32m✓[39m 5. normal login still works[2m > [22msign-in is untouched and still completes through the verification gate[32m 4[2mms[22m[39m
   [32m✓[39m 5. normal login still works[2m > [22mthe signup guard never blocks an ordinary sign-in[32m 0[2mms[22m[39m
   [32m✓[39m 6. unprovisioned users are still rejected safely[2m > [22mthe server still refuses an unprovisioned account with a non-leaking 403[32m 0[2mms[22m[39m
   [32m✓[39m 6. unprovisioned users are still rejected safely[2m > [22mthe client still signs an unprovisioned identity out rather than rendering a partial shell[32m 0[2mms[22m[39m
   [32m✓[39m 7. verified/provisioned users still authenticate normally[2m > [22mrequireAuth still verifies the token, the email, and the persisted user row[32m 0[2mms[22m[39m
   [32m✓[39m 7. verified/provisioned users still authenticate normally[2m > [22memail verification is not bypassed anywhere in the signup change[32m 0[2mms[22m[39m
 [31m❯[39m tests/client-json-columns.test.ts [2m([22m[2m21 tests[22m[2m | [22m[31m5 failed[39m[2m)[22m[32m 81[2mms[22m[39m
   [32m✓[39m toJsonArrayColumn[2m > [22mvalid array passes through unchanged[32m 6[2mms[22m[39m
   [32m✓[39m toJsonArrayColumn[2m > [22mempty array stays empty[32m 0[2mms[22m[39m
   [32m✓[39m toJsonArrayColumn[2m > [22mnull becomes an empty array[32m 0[2mms[22m[39m
   [32m✓[39m toJsonArrayColumn[2m > [22mundefined becomes an empty array[32m 0[2mms[22m[39m
   [32m✓[39m toJsonArrayColumn[2m > [22mthe column default '[]' becomes a real empty array, not a 2-char string[32m 4[2mms[22m[39m
   [32m✓[39m toJsonArrayColumn[2m > [22mJSON-stringified array is parsed back into real entries[32m 1[2mms[22m[39m
   [32m✓[39m toJsonArrayColumn[2m > [22ma single legacy object is preserved as one entry rather than discarded[32m 1[2mms[22m[39m
   [32m✓[39m toJsonArrayColumn[2m > [22mmalformed and meaningless values become empty, never fabricated data[32m 2[2mms[22m[39m
   [32m✓[39m toJsonArrayColumn[2m > [22mis idempotent, so applying it at both API and browser boundaries is safe[32m 0[2mms[22m[39m
   [32m✓[39m toJsonArrayColumn[2m > [22malways returns something every array method can be called on[32m 4[2mms[22m[39m
   [32m✓[39m normalizeClientRecord[2m > [22mcoerces all four JSON columns on a realistic raw database row[32m 1[2mms[22m[39m
   [32m✓[39m normalizeClientRecord[2m > [22mreproduces the exact crashing expression safely[32m 0[2mms[22m[39m
   [32m✓[39m normalizeClientRecord[2m > [22mdoes not mutate the input row[32m 0[2mms[22m[39m
   [32m✓[39m normalizeClientRecord[2m > [22mnormalizeClientRecords tolerates a non-array payload[32m 0[2mms[22m[39m
[31m   [31m×[31m the normalization is wired into every production path[2m > [22mthe clients list and create endpoints both normalize before responding[39m[32m 13[2mms[22m[39m
[31m     → expected '/**\n * @license\n * SPDX-License-Ide…' to contain 'from \'../lib/clientJsonColumns.ts\''[39m
[31m   [31m×[31m the normalization is wired into every production path[2m > [22mthe browser normalizes clients on receipt as defence in depth[39m[32m 26[2mms[22m[39m
[31m     → expected 'import { useEffect, useMemo, useState…' to contain 'normalizeClientRecord({ ...row'[39m
[31m   [31m×[31m the normalization is wired into every production path[2m > [22ma locally constructed client is normalized too[39m[32m 3[2mms[22m[39m
[31m     → expected '/**\r\n * @license\r\n * SPDX-License…' to contain 'softwareInventory: toJsonArrayColumn(…'[39m
[31m   [31m×[31m the normalization is wired into every production path[2m > [22mthe view error boundary is retained as the final safety net[39m[32m 12[2mms[22m[39m
[31m     → expected 'import { useEffect, useMemo, useState…' to contain '<ViewErrorBoundary routeKey={path}>'[39m
   [32m✓[39m passport JSON columns (sbom / timeline)[2m > [22ma JSON-string sbom is parsed instead of silently dropped[32m 1[2mms[22m[39m
   [32m✓[39m passport JSON columns (sbom / timeline)[2m > [22mevidence and vulnerabilities are left alone (json_agg already returns arrays)[32m 0[2mms[22m[39m
[31m   [31m×[31m passport JSON columns (sbom / timeline)[2m > [22mthe passports endpoint and the browser both normalize[39m[32m 4[2mms[22m[39m
[31m     → expected '/**\n * @license\n * SPDX-License-Ide…' to contain 'normalizePassportRecords((result as a…'[39m
 [31m❯[39m tests/trust-network-contract.test.ts [2m([22m[2m14 tests[22m[2m | [22m[31m11 failed[39m[2m)[22m[32m 38[2mms[22m[39m
[31m   [31m×[31m Trust Network (MSP Command Center rebuild) preserves existing functionality[2m > [22mkeeps the real client switcher, assignment API calls, and finding/remediation workflow untouched[39m[32m 8[2mms[22m[39m
[31m     → expected 'import React, { useEffect, useMemo, u…' to contain 'apiFetch(\'/api/remediation-tasks\''[39m
[31m   [31m×[31m Trust Network (MSP Command Center rebuild) preserves existing functionality[2m > [22mevery /api/remediation-tasks call the frontend makes has a matching real backend route[39m[32m 2[2mms[22m[39m
[31m     → expected 'import React, { useEffect, useMemo, u…' to contain 'apiFetch(\'/api/remediation-tasks\')'[39m
[31m   [31m×[31m Trust Network (MSP Command Center rebuild) preserves existing functionality[2m > [22mrenamed the page to Trust Network with the MSP control plane framing[39m[32m 2[2mms[22m[39m
[31m     → expected 'import React, { useEffect, useMemo, u…' to contain '>Trust Network</h1>'[39m
[31m   [31m×[31m Trust Network (MSP Command Center rebuild) preserves existing functionality[2m > [22mquick-jump navigation only points at real, existing routes[39m[32m 1[2mms[22m[39m
[31m     → expected '' to contain 'path: \'/msp\''[39m
[31m   [31m×[31m Trust Network never fabricates counts, scores, or history[2m > [22mCurrent Trust State reads real verificationStatus and a real critical-client count, not invented numbers[39m[32m 4[2mms[22m[39m
[31m     → expected 'import React, { useEffect, useMemo, u…' to contain 'if (decision === \'VERIFIED\') verifi…'[39m
[31m   [31m×[31m Trust Network never fabricates counts, scores, or history[2m > [22mdistinguishes Unknown from Critical explicitly, and never treats missing evidence as unsafe[39m[32m 1[2mms[22m[39m
[31m     → expected 'import React, { useEffect, useMemo, u…' to contain 'Unknown means evidence unavailable or…'[39m
[31m   [31m×[31m Trust Network never fabricates counts, scores, or history[2m > [22mEvidence Coverage and Verification Coverage show "no data" states instead of a misleading 0%/100%[39m[32m 2[2mms[22m[39m
[31m     → expected 'import React, { useEffect, useMemo, u…' to contain 'evidenceCoverage.total > 0 ? ('[39m
[31m   [31m×[31m Trust Network never fabricates counts, scores, or history[2m > [22mRecent Observations comes only from real passport.timeline entries, with an honest empty state[39m[32m 1[2mms[22m[39m
[31m     → expected 'import React, { useEffect, useMemo, u…' to contain 'for (const entry of passport.timeline…'[39m
[31m   [31m×[31m Trust Network never fabricates counts, scores, or history[2m > [22mthe Trust Network map is built from each client's real softwareInventory joined to real passport verification state, with an honest fallback for unresolved software[39m[32m 5[2mms[22m[39m
[31m     → expected 'import React, { useEffect, useMemo, u…' to contain 'client.softwareInventory || []'[39m
[31m   [31m×[31m Trust Network never fabricates counts, scores, or history[2m > [22mthe Attention list never invents a software/passport link for a finding that has none[39m[32m 7[2mms[22m[39m
[31m     → expected 'import React, { useEffect, useMemo, u…' to contain 'Not linked to a specific software pas…'[39m
[31m   [31m×[31m Trust Network never fabricates counts, scores, or history[2m > [22mhas empty states for zero clients and zero software, without a fabricated health percentage[39m[32m 3[2mms[22m[39m
[31m     → expected 'import React, { useEffect, useMemo, u…' to contain 'Build your trust network'[39m
   [32m✓[39m TrustNetworkMap renders real relationships only, as accessible DOM[2m > [22mnever renders more nodes than it was given, and reports omitted clients honestly rather than faking them[32m 0[2mms[22m[39m
   [32m✓[39m TrustNetworkMap renders real relationships only, as accessible DOM[2m > [22mevery node is a real, labeled, keyboard-reachable button, not a decorative shape[32m 0[2mms[22m[39m
   [32m✓[39m TrustNetworkMap renders real relationships only, as accessible DOM[2m > [22mdoes not use a force-directed graph library or introduce a new dependency[32m 0[2mms[22m[39m
 [31m❯[39m tests/monitoring-contract.test.ts [2m([22m[2m18 tests[22m[2m | [22m[31m8 failed[39m[2m)[22m[32m 116[2mms[22m[39m
   [32m✓[39m trust_alerts is populated from real observation deltas[2m > [22mcompares the previous canonical observation against the one it just persisted[32m 2[2mms[22m[39m
   [32m✓[39m trust_alerts is populated from real observation deltas[2m > [22monly inserts an alert for changes classifyCanonicalChange marks alert-worthy[32m 0[2mms[22m[39m
   [32m✓[39m trust_alerts is populated from real observation deltas[2m > [22mdeduplicates alerts on the real (tenant_id, fingerprint) unique constraint instead of erroring on repeat detection[32m 0[2mms[22m[39m
   [32m✓[39m trust_alerts is populated from real observation deltas[2m > [22mnever fabricates a change when there is no previous observation to compare against[32m 0[2mms[22m[39m
[31m   [31m×[31m GET /api/trust-loop/monitoring respects client isolation for alerts[2m > [22mjoins to the owning passport to scope alerts, since trust_alerts has no client_id column of its own[39m[32m 8[2mms[22m[39m
[31m     → expected 'import { Router } from \'express\';\n…' to contain 'JOIN passports p ON p.id=a.passport_id'[39m
[31m   [31m×[31m GET /api/trust-loop/monitoring respects client isolation for alerts[2m > [22mexposes an alert lifecycle transition restricted to non-Client roles[39m[32m 2[2mms[22m[39m
[31m     → expected 'import { Router } from \'express\';\n…' to contain 'router.patch(\'/alerts/:id\''[39m
   [32m✓[39m monitoring route role gates include Owner[2m > [22mlets an Owner create and update monitoring configurations, not just Admin[32m 0[2mms[22m[39m
   [32m✓[39m monitoring route role gates include Owner[2m > [22mlets an Owner or Admin run a verification and manage alert subscriptions, matching MonitoringView's canRun/canManageAlerts gates[32m 0[2mms[22m[39m
   [32m✓[39m monitoring route client isolation[2m > [22mscopes monitoring-configurations list and detail reads to the caller's own client[32m 1[2mms[22m[39m
   [32m✓[39m monitoring route client isolation[2m > [22mscopes collector-jobs list and detail reads to the caller's own client[32m 0[2mms[22m[39m
   [32m✓[39m monitoring route client isolation[2m > [22mscopes alert-subscriptions list and detail reads to the caller's own client[32m 0[2mms[22m[39m
   [32m✓[39m monitoring route client isolation[2m > [22mverifies a submitted clientId actually belongs to the caller's own tenant before creating a monitoring configuration or subscription[32m 0[2mms[22m[39m
[31m   [31m×[31m monitoring enrollment UI[2m > [22maccepts the tenant's real clients and passports instead of inventing its own list[39m[32m 24[2mms[22m[39m
[31m     → expected 'import { useEffect, useState } from \…' to contain 'passports = [], clients = []'[39m
[31m   [31m×[31m monitoring enrollment UI[2m > [22mis restricted to Owner/Admin, matching the backend requireRole('Admin') on the create route[39m[32m 20[2mms[22m[39m
[31m     → expected 'import { useEffect, useState } from \…' to contain 'const canEnroll = role === \'Owner\' …'[39m
[31m   [31m×[31m monitoring enrollment UI[2m > [22msubmits independently-selected client and passport ids to the real creation endpoint[39m[32m 13[2mms[22m[39m
[31m     → expected 'import { useEffect, useState } from \…' to contain 'apiFetch(\'/api/monitoring/monitoring…'[39m
[31m   [31m×[31m monitoring enrollment UI[2m > [22mconstrains the schedule choices to the selected collector's real minimum, not a hardcoded one[39m[32m 11[2mms[22m[39m
[31m     → expected 'import { useEffect, useState } from \…' to contain 'collectorDefs.find((c) => c.id === en…'[39m
[31m   [31m×[31m monitoring enrollment UI[2m > [22mrenders real alerts from the trust-loop endpoint with an honest empty state[39m[32m 9[2mms[22m[39m
[31m     → expected 'import { useEffect, useState } from \…' to contain 'apiFetch(\'/api/trust-loop/monitoring…'[39m
[31m   [31m×[31m monitoring enrollment UI[2m > [22monly offers acknowledge/resolve controls to roles that can mutate, not to Client/Viewer[39m[32m 23[2mms[22m[39m
[31m     → expected 'import { useEffect, useState } from \…' to contain 'const canManageAlerts = role === \'Ow…'[39m
 [31m❯[39m tests/seo-safety.test.ts [2m([22m[2m18 tests[22m[2m | [22m[31m2 failed[39m[2m)[22m[32m 53[2mms[22m[39m
   [32m✓[39m sitemap contains only genuinely public URLs[2m > [22mlists every public route[32m 2[2mms[22m[39m
   [32m✓[39m sitemap contains only genuinely public URLs[2m > [22mnever lists an authenticated route[32m 1[2mms[22m[39m
   [32m✓[39m sitemap contains only genuinely public URLs[2m > [22mnever lists a Passport, share token, or API path[32m 0[2mms[22m[39m
   [32m✓[39m sitemap contains only genuinely public URLs[2m > [22mcontains no duplicate URLs[32m 0[2mms[22m[39m
   [32m✓[39m sitemap contains only genuinely public URLs[2m > [22mdeclares no fabricated lastmod dates[32m 0[2mms[22m[39m
   [32m✓[39m sitemap contains only genuinely public URLs[2m > [22mis well-formed XML with a single urlset[32m 0[2mms[22m[39m
   [32m✓[39m robots policy protects the authenticated application[2m > [22mdisallows every authenticated route, including the misleadingly named /registry[32m 1[2mms[22m[39m
   [32m✓[39m robots policy protects the authenticated application[2m > [22mdisallows the API, which includes signed public share links[32m 0[2mms[22m[39m
   [32m✓[39m robots policy protects the authenticated application[2m > [22mallows the public marketing surfaces[32m 1[2mms[22m[39m
   [32m✓[39m robots policy protects the authenticated application[2m > [22mpoints at the sitemap[32m 0[2mms[22m[39m
   [32m✓[39m robots policy protects the authenticated application[2m > [22mstates that it is not a security boundary[32m 0[2mms[22m[39m
[31m   [31m×[31m the public route set matches the application itself[2m > [22mevery route the sitemap indexes is actually public in App.tsx[39m[32m 9[2mms[22m[39m
[31m     → expected [ '/', '/login', '/free-review', …(1) ] to include '/passport/demo'[39m
[31m   [31m×[31m the public route set matches the application itself[2m > [22m/registry is an authenticated view, not a public one[39m[32m 32[2mms[22m[39m
[31m     → expected 'import { useEffect, useMemo, useState…' to contain 'case \'/passports\': case \'/registry…'[39m
   [32m✓[39m structured data and social metadata are honest[2m > [22mthe JSON-LD block is valid JSON[32m 1[2mms[22m[39m
   [32m✓[39m structured data and social metadata are honest[2m > [22mdeclares only Organization and WebSite[32m 1[2mms[22m[39m
   [32m✓[39m structured data and social metadata are honest[2m > [22mfabricates no ratings, reviews, prices or certifications[32m 0[2mms[22m[39m
   [32m✓[39m structured data and social metadata are honest[2m > [22mmakes no unqualified safety claim in social metadata[32m 0[2mms[22m[39m
   [32m✓[39m structured data and social metadata are honest[2m > [22mdeclares no static canonical, which would collapse every route onto the homepage[32m 0[2mms[22m[39m
[90mstdout[2m | tests/billing-contract.test.ts
[22m[39m◇ injected env (0) from .env // tip: ⌘ suppress logs { quiet: true }

 [32m✓[39m tests/ssrf-network-guard.test.ts [2m([22m[2m13 tests[22m[2m)[22m[32m 190[2mms[22m[39m
[90mstderr[2m | tests/billing-contract.test.ts
[22m[39m[Database] SQL configuration is incomplete. DB readiness will report DB_MISCONFIGURED until DATABASE_URL or SQL_HOST, SQL_USER, SQL_PASSWORD and SQL_DB_NAME are configured.

[90mstderr[2m | tests/free-review-result-route.test.ts
[22m[39m[Firebase Config] Missing required VITE_FIREBASE_* environment variables; using safe demo config in the browser.

 [32m✓[39m tests/trust-room-contract.test.ts [2m([22m[2m16 tests[22m[2m)[22m[32m 17[2mms[22m[39m
 [31m❯[39m tests/billing-contract.test.ts [2m([22m[2m17 tests[22m[2m | [22m[31m4 failed[39m[2m)[22m[32m 17[2mms[22m[39m
   [32m✓[39m billing plan definitions[2m > [22mdefines exactly the 5 specified tiers with their specified client limits[32m 2[2mms[22m[39m
   [32m✓[39m billing plan definitions[2m > [22mnever hard-codes a Stripe price ID -- only display labels for the specified prices[32m 1[2mms[22m[39m
   [32m✓[39m billing plan definitions[2m > [22mPLAN_CONFIG is the single source of truth PLAN_CLIENT_LIMITS is derived from, never maintained twice[32m 1[2mms[22m[39m
   [32m✓[39m billing routes are real, authenticated, and role-gated[2m > [22mrequires Owner to start checkout and Owner/Admin to manage billing[32m 0[2mms[22m[39m
   [32m✓[39m billing routes are real, authenticated, and role-gated[2m > [22mscopes every subscription read/write by the caller's own tenant[32m 0[2mms[22m[39m
   [32m✓[39m billing routes are real, authenticated, and role-gated[2m > [22mnever subscribes/checks out a plan with no configured Stripe price[32m 0[2mms[22m[39m
   [32m✓[39m Stripe webhook handling[2m > [22mverifies the real Stripe signature before trusting any event[32m 0[2mms[22m[39m
   [32m✓[39m Stripe webhook handling[2m > [22mdeduplicates redelivered events by Stripe event id before applying them[32m 1[2mms[22m[39m
[31m   [31m×[31m Stripe webhook handling[2m > [22mis mounted with the raw body before the global JSON parser, not after[39m[32m 6[2mms[22m[39m
[31m     → expected -1 to be greater than -1[39m
   [32m✓[39m entitlement enforcement is real, wired into the actual client-creation route, not just displayed[2m > [22mcanCreateClient is exported and treats a tenant with no subscription row (or a null limit) as unrestricted[32m 0[2mms[22m[39m
[31m   [31m×[31m entitlement enforcement is real, wired into the actual client-creation route, not just displayed[2m > [22mPOST /api/user/clients actually calls canCreateClient before inserting, and returns a structured 402 with usage/upgrade info when blocked[39m[32m 2[2mms[22m[39m
[31m     → expected '' to contain 'await canCreateClient(tenantId, db)'[39m
[31m   [31m×[31m entitlement enforcement is real, wired into the actual client-creation route, not just displayed[2m > [22ma limit-reached attempt is recorded to the audit trail[39m[32m 1[2mms[22m[39m
[31m     → expected '' to contain 'action: \'billing.limit.reached\''[39m
[31m   [31m×[31m entitlement enforcement is real, wired into the actual client-creation route, not just displayed[2m > [22ma race that slips past the app-level check is still rejected by the DB trigger, not silently allowed[39m[32m 1[2mms[22m[39m
[31m     → expected '' to contain 'CLIENT_LIMIT_REACHED'[39m
   [32m✓[39m migration 0043 enforces the client limit at the database level, closing the check-then-act race[2m > [22mwidens the plan CHECK constraint to the real 5-tier set[32m 0[2mms[22m[39m
   [32m✓[39m migration 0043 enforces the client limit at the database level, closing the check-then-act race[2m > [22muses a per-tenant advisory transaction lock, not a plain unlocked count check[32m 0[2mms[22m[39m
   [32m✓[39m migration 0043 enforces the client limit at the database level, closing the check-then-act race[2m > [22mtreats a NULL client_limit as unrestricted, never blocking Enterprise or a tenant with no subscription row[32m 0[2mms[22m[39m
   [32m✓[39m billing audit logging: material subscription events are recorded, not silently applied[2m > [22mcheckout initiation, activation, status changes, cancellation, and payment failure all append a real audit entry[32m 0[2mms[22m[39m
 [31m❯[39m tests/free-review-result-route.test.ts [2m([22m[2m15 tests[22m[2m | [22m[31m3 failed[39m[2m)[22m[32m 78[2mms[22m[39m
   [32m✓[39m 1-4. the result is URL-addressable and survives navigation[2m > [22mbuilds a public result path from the passport id and signed token[32m 1[2mms[22m[39m
[31m   [31m×[31m 1-4. the result is URL-addressable and survives navigation[2m > [22mthe result path resolves as a public route[39m[32m 41[2mms[22m[39m
[31m     → expected 'import { useEffect, useMemo, useState…' to contain 'const FREE_REVIEW_RESULT_PATH'[39m
   [32m✓[39m 1-4. the result is URL-addressable and survives navigation[2m > [22mreconstructs the signed status API path, so refresh re-reads the same result[32m 0[2mms[22m[39m
   [32m✓[39m 1-4. the result is URL-addressable and survives navigation[2m > [22muses the URL as the source of truth - no browser storage[32m 1[2mms[22m[39m
   [32m✓[39m 5-8. malformed, missing and mismatched tokens[2m > [22mrejects paths without a token[32m 0[2mms[22m[39m
   [32m✓[39m 5-8. malformed, missing and mismatched tokens[2m > [22mdoes not broadly whitelist /free-review/*[32m 0[2mms[22m[39m
   [32m✓[39m 5-8. malformed, missing and mismatched tokens[2m > [22mtoken validity is decided server-side only - the client never validates it[32m 1[2mms[22m[39m
   [32m✓[39m 5-8. malformed, missing and mismatched tokens[2m > [22man expired or tampered token fails at the API with a non-probing 401[32m 0[2mms[22m[39m
   [32m✓[39m 9-12. no privilege, tenant or secret exposure[2m > [22mthe result route reads only the fixed Free Review system tenant[32m 0[2mms[22m[39m
   [32m✓[39m 9-12. no privilege, tenant or secret exposure[2m > [22man authenticated Passport cannot become public through this route[32m 0[2mms[22m[39m
[31m   [31m×[31m 9-12. no privilege, tenant or secret exposure[2m > [22mno authentication is bypassed - the route was never authenticated[39m[32m 15[2mms[22m[39m
[31m     → expected 'import { useEffect, useMemo, useState…' to contain '!isPublicPath(path)'[39m
   [32m✓[39m 9-12. no privilege, tenant or secret exposure[2m > [22mtokenized result links are kept out of crawlers and the sitemap[32m 0[2mms[22m[39m
[31m   [31m×[31m 13-14. existing behaviour intact[2m > [22mthe plain /free-review entry point still works[39m[32m 12[2mms[22m[39m
[31m     → expected 'import { useEffect, useMemo, useState…' to contain 'if (!user && path === \'/free-review\…'[39m
   [32m✓[39m 13-14. existing behaviour intact[2m > [22mthe result page adds no verification logic of its own[32m 3[2mms[22m[39m
   [32m✓[39m 13-14. existing behaviour intact[2m > [22mmakes no unsupported safety claim[32m 0[2mms[22m[39m
 [32m✓[39m tests/observation-history-canonical.test.ts [2m([22m[2m15 tests[22m[2m)[22m[32m 9[2mms[22m[39m
 [31m❯[39m tests/privacy-routes-contract.test.ts [2m([22m[2m13 tests[22m[2m | [22m[31m1 failed[39m[2m)[22m[32m 42[2mms[22m[39m
   [32m✓[39m privacy router RBAC: internal privacy-program data is never Client-readable[2m > [22mdefines the shared non-Client role list and applies it to every read route[32m 2[2mms[22m[39m
   [32m✓[39m privacy router RBAC: internal privacy-program data is never Client-readable[2m > [22mrestricts inventory writes and PIA creation/decision to Owner/Admin only[32m 0[2mms[22m[39m
   [32m✓[39m privacy router RBAC: internal privacy-program data is never Client-readable[2m > [22mallows Technician to process (not just Owner/Admin) privacy requests[32m 0[2mms[22m[39m
[31m   [31m×[31m privacy router is mounted in server.ts[2m > [22mmounts createPrivacyRouter at /api/privacy[39m[32m 35[2mms[22m[39m
[31m     → expected 'import express, { type NextFunction, …' to contain 'import { createPrivacyRouter } from \…'[39m
   [32m✓[39m PIA decision is a distinct, explicit action requiring a named reviewer[2m > [22mthe create/edit routes never set reviewer_name or decision away from the default[32m 0[2mms[22m[39m
   [32m✓[39m PIA decision is a distinct, explicit action requiring a named reviewer[2m > [22mthe decide route requires a reviewerName and records who decided[32m 0[2mms[22m[39m
   [32m✓[39m privacy request completion requires the real completion fact, matching the DB CHECK constraint[2m > [22monly sets completed_at when status transitions to COMPLETED, computed server-side[32m 0[2mms[22m[39m
   [32m✓[39m privacy request completion requires the real completion fact, matching the DB CHECK constraint[2m > [22msurfaces the DB CHECK violation as a clean 400, not a 500[32m 0[2mms[22m[39m
   [32m✓[39m every mutation is scoped by tenant_id in its WHERE clause[2m > [22mPATCH routes never update a row without also matching tenant_id[32m 0[2mms[22m[39m
   [32m✓[39m no automatic legal-compliance determination exists anywhere in this router[2m > [22mnever outputs a "compliant" or "certified" claim[32m 0[2mms[22m[39m
   [32m✓[39m migration 0042 creates the privacy schema with tenant RLS and honest constraints[2m > [22mevery privacy table gets RLS + spr_tenant_isolation[32m 0[2mms[22m[39m
   [32m✓[39m migration 0042 creates the privacy schema with tenant RLS and honest constraints[2m > [22ma PIA decision requires a named reviewer and timestamp whenever it leaves PENDING[32m 0[2mms[22m[39m
   [32m✓[39m migration 0042 creates the privacy schema with tenant RLS and honest constraints[2m > [22ma COMPLETED privacy request requires completed_at to be set[32m 0[2mms[22m[39m
 [31m❯[39m tests/client-creation-contract.test.ts [2m([22m[2m14 tests[22m[2m | [22m[31m12 failed[39m[2m)[22m[32m 166[2mms[22m[39m
[31m   [31m×[31m POST /api/user/clients[2m > [22mrequires Owner/Admin, not any authenticated user[39m[32m 10[2mms[22m[39m
[31m     → expected '/**\n * @license\n * SPDX-License-Ide…' to contain 'router.post(\'/user/clients\', requir…'[39m
[31m   [31m×[31m POST /api/user/clients[2m > [22mnever accepts a tenant id from the request body -- it is always the caller's own tenant[39m[32m 2[2mms[22m[39m
[31m     → expected null not to be null[39m
[31m   [31m×[31m POST /api/user/clients[2m > [22mhandles duplicate domains with a real database constraint, not just an app-level check[39m[32m 2[2mms[22m[39m
[31m     → expected '/**\n * @license\n * SPDX-License-Ide…' to contain 'if (error?.code === \'23505\' || erro…'[39m
[31m   [31m×[31m POST /api/user/clients[2m > [22maudits the creation event[39m[32m 5[2mms[22m[39m
[31m     → expected '/**\n * @license\n * SPDX-License-Ide…' to contain 'action: \'client.created\''[39m
   [32m✓[39m client-level data isolation for the Client role[2m > [22musers.client_id exists and defaults to no restriction for every non-Client role[32m 1[2mms[22m[39m
[31m   [31m×[31m client-level data isolation for the Client role[2m > [22mGET /user/clients scopes to a single client only when role is Client[39m[32m 6[2mms[22m[39m
[31m     → expected '/**\n * @license\n * SPDX-License-Ide…' to contain 'const clientScope = req.user!.role ==…'[39m
[31m   [31m×[31m client-level data isolation for the Client role[2m > [22mGET /user/passports applies the same client scoping[39m[32m 2[2mms[22m[39m
[31m     → expected '/**\n * @license\n * SPDX-License-Ide…' to contain 'AND (${clientScope}::text IS NULL OR …'[39m
[31m   [31m×[31m client-level data isolation for the Client role[2m > [22mGET /trust-loop/findings applies the same client scoping[39m[32m 4[2mms[22m[39m
[31m     → expected 'import { Router } from \'express\';\n…' to contain 'AND (${clientScope}::text IS NULL OR …'[39m
[31m   [31m×[31m client-scoped invitation[2m > [22mrequires a clientId exactly when role is Client, and forbids it otherwise[39m[32m 5[2mms[22m[39m
[31m     → expected '/**\n * @license\n * SPDX-License-Ide…' to contain '(body.role === \'Client\') === Boolea…'[39m
[31m   [31m×[31m client-scoped invitation[2m > [22mverifies the invited client actually belongs to the inviter's own tenant before using it[39m[32m 11[2mms[22m[39m
[31m     → expected '/**\n * @license\n * SPDX-License-Ide…' to contain 'SELECT id FROM clients WHERE id = ${p…'[39m
[31m   [31m×[31m client-scoped invitation[2m > [22mpersists client_id on the invited user record[39m[32m 2[2mms[22m[39m
[31m     → expected '/**\n * @license\n * SPDX-License-Ide…' to contain 'INSERT INTO users (uid, email, tenant…'[39m
[31m   [31m×[31m client-creation error messages are readable, not "[object Object]"[2m > [22mthe global 404/error handlers return error as a plain string, matching every route's own JSON shape[39m[32m 106[2mms[22m[39m
[31m     → expected 'import express, { type NextFunction, …' to contain 'error: status === 500 ? \'An unexpect…'[39m
[31m   [31m×[31m client-creation error messages are readable, not "[object Object]"[2m > [22mClientsView surfaces the real per-field validation message instead of the generic "Invalid request"[39m[32m 11[2mms[22m[39m
[31m     → expected '/**\r\n * @license\r\n * SPDX-License…' to contain 'data?.details?.fieldErrors'[39m
   [32m✓[39m billing is unaffected by client creation[2m > [22mclient creation never touches Stripe, tenant_subscriptions, or entitlements -- billing stays MSP/tenant-level[32m 0[2mms[22m[39m
 [31m❯[39m tests/self-service-workspace-contract.test.ts [2m([22m[2m12 tests[22m[2m | [22m[31m11 failed[39m[2m)[22m[32m 114[2mms[22m[39m
[31m   [31m×[31m self-service workspace creation contract[2m > [22mauthenticates the caller with the same revocation-aware check requireAuth uses[39m[32m 7[2mms[22m[39m
[31m     → expected -1 to be greater than -1[39m
[31m   [31m×[31m self-service workspace creation contract[2m > [22mrefuses to provision an unverified email address[39m[32m 4[2mms[22m[39m
[31m     → expected -1 to be greater than -1[39m
[31m   [31m×[31m self-service workspace creation contract[2m > [22mlets an existing membership win, so it can never move a user between tenants[39m[32m 1[2mms[22m[39m
[31m     → expected -1 to be greater than -1[39m
[31m   [31m×[31m self-service workspace creation contract[2m > [22mmints a fresh tenant and never accepts one from the caller[39m[32m 1[2mms[22m[39m
[31m     → expected -1 to be greater than -1[39m
[31m   [31m×[31m self-service workspace creation contract[2m > [22mis idempotent against the users_uid_key unique index[39m[32m 4[2mms[22m[39m
[31m     → expected -1 to be greater than -1[39m
[31m   [31m×[31m self-service workspace creation contract[2m > [22mgrants Owner only over the newly created workspace[39m[32m 1[2mms[22m[39m
[31m     → expected -1 to be greater than -1[39m
[31m   [31m×[31m self-service workspace creation contract[2m > [22mrecords an audit entry scoped to the new tenant[39m[32m 7[2mms[22m[39m
[31m     → expected -1 to be greater than -1[39m
[31m   [31m×[31m self-service workspace creation contract[2m > [22mruns in the authenticated load, the one choke point every session passes through[39m[32m 55[2mms[22m[39m
[31m     → expected 'import { useEffect, useMemo, useState…' to contain 'apiFetch(\'/api/auth/workspace\', { m…'[39m
[31m   [31m×[31m self-service workspace creation contract[2m > [22monly provisions a verified identity from the client side too[39m[32m 27[2mms[22m[39m
[31m     → expected 'import { useEffect, useMemo, useState…' to contain 'auth.currentUser?.emailVerified'[39m
[31m   [31m×[31m self-service workspace creation contract[2m > [22msuppresses the 403 auto-sign-out while provisioning is in flight[39m[32m 1[2mms[22m[39m
[31m     → expected -1 to be greater than -1[39m
[31m   [31m×[31m self-service workspace creation contract[2m > [22mrefreshes the ID token after provisioning so stale claims are not used[39m[32m 1[2mms[22m[39m
[31m     → expected -1 to be greater than -1[39m
   [32m✓[39m self-service workspace creation contract[2m > [22mkeeps provisioning to a single path, not duplicated in LoginView[32m 1[2mms[22m[39m
 [31m❯[39m tests/legal-pages-contract.test.ts [2m([22m[2m10 tests[22m[2m | [22m[31m3 failed[39m[2m)[22m[32m 83[2mms[22m[39m
[31m   [31m×[31m public /terms and /privacy routing[2m > [22mare reachable without authentication[39m[32m 10[2mms[22m[39m
[31m     → expected 'const PUBLIC_PATHS = new Set([\'/\',\…' to contain '\'/terms\''[39m
[31m   [31m×[31m public /terms and /privacy routing[2m > [22mdoes not disturb the existing authenticated /privacy route (internal Privacy Governance tool)[39m[32m 40[2mms[22m[39m
[31m     → expected 'import { useEffect, useMemo, useState…' to contain 'case \'/privacy\': view = <PrivacyVie…'[39m
   [32m✓[39m legal pages do not fabricate certifications, guarantees, or compliance claims[2m > [22mnever claims SOC 2, ISO 27001, SLSA Level, or blanket regulatory compliance[32m 2[2mms[22m[39m
   [32m✓[39m legal pages do not fabricate certifications, guarantees, or compliance claims[2m > [22mmarks the legal entity name, contact, and jurisdiction as explicit placeholders for legal review, not as decided facts[32m 1[2mms[22m[39m
   [32m✓[39m legal pages do not fabricate certifications, guarantees, or compliance claims[2m > [22mTerms explicitly disclaims that trust scores/reports are not legal, financial, cybersecurity, or compliance advice[32m 0[2mms[22m[39m
   [32m✓[39m legal pages do not fabricate certifications, guarantees, or compliance claims[2m > [22mPrivacy Policy only lists third-party processors actually integrated in this codebase[32m 0[2mms[22m[39m
   [32m✓[39m legal pages do not fabricate certifications, guarantees, or compliance claims[2m > [22mPrivacy Policy describes local storage/cookie use honestly rather than a templated cookie-consent claim[32m 0[2mms[22m[39m
[31m   [31m×[31m legal footer links are present on the real public entry points[2m > [22mCoverPage, LoginView, MspLandingView, and MspPricingView all link to /terms and /privacy[39m[32m 10[2mms[22m[39m
[31m     → expected 'import React, { useEffect, useState }…' to contain 'href="/terms"'[39m
   [32m✓[39m PilotProgramView has been removed[2m > [22mthe file no longer exists[32m 1[2mms[22m[39m
   [32m✓[39m PilotProgramView has been removed[2m > [22mno source file references it[32m 18[2mms[22m[39m
 [2m[90m↓[39m[22m tests/security/rls-tenant-isolation.test.ts [2m([22m[2m4 tests[22m[2m | [22m[33m4 skipped[39m[2m)[22m
 [31m❯[39m tests/public-homepage-demo.test.ts [2m([22m[2m16 tests[22m[2m | [22m[31m1 failed[39m[2m)[22m[32m 34[2mms[22m[39m
   [32m✓[39m homepage presents the product without evaluating anything[2m > [22mleads with the value proposition and the Free Review as primary CTA[32m 1[2mms[22m[39m
   [32m✓[39m homepage presents the product without evaluating anything[2m > [22mreplaces the generic asset taxonomy with concrete buyer questions[32m 0[2mms[22m[39m
   [32m✓[39m homepage presents the product without evaluating anything[2m > [22mgives UNKNOWN equal standing and never equates it with unsafe[32m 0[2mms[22m[39m
   [32m✓[39m homepage presents the product without evaluating anything[2m > [22mstates that SPR does not invent certainty[32m 0[2mms[22m[39m
   [32m✓[39m homepage presents the product without evaluating anything[2m > [22mdeclares limited early access rather than production readiness[32m 0[2mms[22m[39m
   [32m✓[39m homepage presents the product without evaluating anything[2m > [22minvents no social proof[32m 0[2mms[22m[39m
   [32m✓[39m homepage presents the product without evaluating anything[2m > [22mcalculates no verification state[32m 0[2mms[22m[39m
   [32m✓[39m the public sample Passport is safe by construction[2m > [22mis explicitly labelled as demonstration data, more than once[32m 0[2mms[22m[39m
   [32m✓[39m the public sample Passport is safe by construction[2m > [22mperforms no network, database or tenant access[32m 1[2mms[22m[39m
   [32m✓[39m the public sample Passport is safe by construction[2m > [22mcomputes no decision - every state is a literal[32m 0[2mms[22m[39m
   [32m✓[39m the public sample Passport is safe by construction[2m > [22millustrates a state the policy can actually produce, and keeps UNKNOWN visible[32m 0[2mms[22m[39m
   [32m✓[39m the public sample Passport is safe by construction[2m > [22mkeeps observations distinct from the decision[32m 0[2mms[22m[39m
   [32m✓[39m the public sample Passport is safe by construction[2m > [22mexposes no secret, credential or real customer identifier[32m 0[2mms[22m[39m
[31m   [31m×[31m routing keeps the public boundary explicit[2m > [22madds only the exact /passport/demo path to the public set[39m[32m 26[2mms[22m[39m
[31m     → expected 'import { useEffect, useMemo, useState…' to contain '\'/passport/demo\''[39m
   [32m✓[39m routing keeps the public boundary explicit[2m > [22mdoes not expose authenticated navigation to anonymous visitors[32m 0[2mms[22m[39m
   [32m✓[39m routing keeps the public boundary explicit[2m > [22mis crawlable and listed, unlike tokenized result links[32m 0[2mms[22m[39m
 [32m✓[39m tests/plain-english-report.test.ts [2m([22m[2m12 tests[22m[2m)[22m[32m 8[2mms[22m[39m
[90mstdout[2m | src/trust/scoring-engine.test.ts
[22m[39m◇ injected env (0) from .env // tip: ◈ secrets for agents [www.dotenvx.com]

 [32m✓[39m tests/savings-report.test.ts [2m([22m[2m7 tests[22m[2m)[22m[32m 5[2mms[22m[39m
[90mstderr[2m | src/trust/scoring-engine.test.ts
[22m[39m[Database] SQL configuration is incomplete. DB readiness will report DB_MISCONFIGURED until DATABASE_URL or SQL_HOST, SQL_USER, SQL_PASSWORD and SQL_DB_NAME are configured.

 [32m✓[39m src/trust/scoring-engine.test.ts [2m([22m[2m8 tests[22m[2m)[22m[32m 6[2mms[22m[39m
 [31m❯[39m tests/slsa-provenance-route-and-ui-contract.test.ts [2m([22m[2m14 tests[22m[2m | [22m[31m14 failed[39m[2m)[22m[32m 56[2mms[22m[39m
[31m   [31m×[31m POST /api/passports/:id/evidence/slsa-provenance[2m > [22mrequires authentication and an Owner/Admin/Operator role, matching the scan-trigger routes[39m[32m 11[2mms[22m[39m
[31m     → expected '/**\n * @license\n * SPDX-License-Ide…' to contain 'router.post(\'/passports/:id/evidence…'[39m
[31m   [31m×[31m POST /api/passports/:id/evidence/slsa-provenance[2m > [22mis scoped to the caller's own tenant when looking up the passport[39m[32m 1[2mms[22m[39m
[31m     → expected '' to contain 'WHERE id=${passportId} AND tenant_id=…'[39m
[31m   [31m×[31m POST /api/passports/:id/evidence/slsa-provenance[2m > [22mindependently re-verifies the submitted statement -- it never trusts the caller's claim[39m[32m 1[2mms[22m[39m
[31m     → expected '' to contain 'verifySlsaProvenance(parsed.data.stat…'[39m
[31m   [31m×[31m POST /api/passports/:id/evidence/slsa-provenance[2m > [22mnever accumulates duplicate SLSA rows -- a prior result for this passport is replaced, not appended[39m[32m 1[2mms[22m[39m
[31m     → expected '' to contain 'DELETE FROM evidence_items WHERE tena…'[39m
[31m   [31m×[31m POST /api/passports/:id/evidence/slsa-provenance[2m > [22mrecords the DB status/verified flag from the independent verification result, not a hardcoded value[39m[32m 1[2mms[22m[39m
[31m     → expected '' to contain '${result.outcome === \'VERIFIED\' ? 1…'[39m
[31m   [31m×[31m POST /api/passports/:id/evidence/slsa-provenance[2m > [22maudits both a verified and a failed outcome[39m[32m 1[2mms[22m[39m
[31m     → expected '' to contain 'result.outcome === \'VERIFIED\' ? \'e…'[39m
[31m   [31m×[31m POST /api/passports/:id/evidence/slsa-provenance[2m > [22mrecomputes the passport's trust score through the single canonical scoring engine after recording new evidence[39m[32m 1[2mms[22m[39m
[31m     → expected '' to contain 'await calculateAndStoreTrustScore(pas…'[39m
[31m   [31m×[31m POST /api/passports/:id/evidence/slsa-provenance[2m > [22mGET /user/passports surfaces rawContent and failureReason so the UI can render real evidence detail[39m[32m 7[2mms[22m[39m
[31m     → expected '/**\n * @license\n * SPDX-License-Ide…' to contain '\'failureReason\', e.verification_fai…'[39m
[31m   [31m×[31m SoftwareLineageTracker no longer fabricates provenance data[2m > [22mcontains none of the previously-fabricated repo/commit/CI/signing values[39m[32m 6[2mms[22m[39m
[31m     → expected '/**\r\n * @license\r\n * SPDX-License…' not to contain 'enterprise-registry'[39m
[31m   [31m×[31m SoftwareLineageTracker no longer fabricates provenance data[2m > [22mderives SLSA state from the real evidence array, not a generated object[39m[32m 3[2mms[22m[39m
[31m     → expected '/**\r\n * @license\r\n * SPDX-License…' to contain '(activePassport.evidence || []).find(…'[39m
[31m   [31m×[31m SoftwareLineageTracker no longer fabricates provenance data[2m > [22m"SLSA Provenance — Verified" can only render when a real evidence item has status VERIFIED[39m[32m 1[2mms[22m[39m
[31m     → expected -1 to be greater than -1[39m
[31m   [31m×[31m SoftwareLineageTracker no longer fabricates provenance data[2m > [22mshows an honest "Evidence Not Available" state when no SLSA evidence exists for the passport[39m[32m 14[2mms[22m[39m
[31m     → expected '/**\r\n * @license\r\n * SPDX-License…' to contain '{!slsaEvidence && ('[39m
[31m   [31m×[31m SoftwareLineageTracker no longer fabricates provenance data[2m > [22mshows a failure state with the real failureReason, and lets the user resubmit[39m[32m 6[2mms[22m[39m
[31m     → expected '/**\r\n * @license\r\n * SPDX-License…' to contain 'slsaEvidence && slsaEvidence.status =…'[39m
[31m   [31m×[31m SoftwareLineageTracker no longer fabricates provenance data[2m > [22msubmits to the real, independently-verifying API route rather than setting local state directly[39m[32m 2[2mms[22m[39m
[31m     → expected '/**\r\n * @license\r\n * SPDX-License…' to contain '/api/passports/${activePassport.id}/e…'[39m
 [32m✓[39m tests/security-contract.test.ts [2m([22m[2m13 tests[22m[2m)[22m[32m 10[2mms[22m[39m
 [32m✓[39m tests/deep-collectors-microsoft-defender.test.ts [2m([22m[2m6 tests[22m[2m)[22m[32m 21[2mms[22m[39m
 [32m✓[39m tests/vendor-risk-contract.test.ts [2m([22m[2m11 tests[22m[2m)[22m[32m 7[2mms[22m[39m
 [31m❯[39m tests/compliance-schedules-contract.test.ts [2m([22m[2m8 tests[22m[2m | [22m[31m1 failed[39m[2m)[22m[32m 74[2mms[22m[39m
   [32m✓[39m SPR compliance schedule contracts[2m > [22mwas previously a fully-built frontend calling a backend that did not exist anywhere[32m 5[2mms[22m[39m
   [32m✓[39m SPR compliance schedule contracts[2m > [22menables the same Row-Level Security every other tenant-scoped table has[32m 0[2mms[22m[39m
   [32m✓[39m SPR compliance schedule contracts[2m > [22mscopes every schedule query to the requesting tenant[32m 0[2mms[22m[39m
   [32m✓[39m SPR compliance schedule contracts[2m > [22mgates every mutation (create/update/delete/run) to Owner/Admin/Operator, matching the scan_schedules analog exactly[32m 1[2mms[22m[39m
   [32m✓[39m SPR compliance schedule contracts[2m > [22mreuses the existing report pipeline for "run" instead of building a second report generator[32m 2[2mms[22m[39m
   [32m✓[39m SPR compliance schedule contracts[2m > [22mnever claims an email was sent or a job was auto-scheduled, since neither capability exists in this codebase[32m 1[2mms[22m[39m
   [32m✓[39m SPR compliance schedule contracts[2m > [22mtreats next_audit_at as informational display data only, not a real cron input, matching scan_schedules[32m 1[2mms[22m[39m
[31m   [31m×[31m SPR compliance schedule contracts[2m > [22mshows compliance schedule actions as disabled for roles the backend will reject, matching the session-wide role-gating fix[39m[32m 61[2mms[22m[39m
[31m     → expected 'import { useEffect, useMemo, useState…' to contain '<ComplianceView clients={clients} rol…'[39m
 [32m✓[39m tests/integrations-provider-contract.test.ts [2m([22m[2m7 tests[22m[2m)[22m[32m 18[2mms[22m[39m
 [31m❯[39m tests/free-review-contract.test.ts [2m([22m[2m8 tests[22m[2m | [22m[31m1 failed[39m[2m)[22m[32m 31[2mms[22m[39m
   [32m✓[39m Free Review contracts[2m > [22msigns status tokens with a kind discriminator distinct from passport and report tokens[32m 2[2mms[22m[39m
[31m   [31m×[31m Free Review contracts[2m > [22mis mounted without requireAuth in front of it, unlike the authenticated routers[39m[32m 25[2mms[22m[39m
[31m     → expected 'import express, { type NextFunction, …' to contain 'app.use(\'/api\', createFreeReviewRou…'[39m
   [32m✓[39m Free Review contracts[2m > [22mnever pre-inserts a passports row -- the repository-scan worker creates it from acquired metadata[32m 0[2mms[22m[39m
   [32m✓[39m Free Review contracts[2m > [22mscopes every query to the fixed system tenant, not a caller-supplied tenant[32m 0[2mms[22m[39m
   [32m✓[39m Free Review contracts[2m > [22menforces a daily per-IP submission cap before creating a new scan job[32m 1[2mms[22m[39m
   [32m✓[39m Free Review contracts[2m > [22mreads evidence directly and never calls publicTrustResponse, which would silently report UNKNOWN for every result[32m 0[2mms[22m[39m
   [32m✓[39m Free Review contracts[2m > [22mroutes both the submit and status endpoints through a path containing "/scan", guaranteeing the expensive rate-limit bucket regardless of ID format[32m 0[2mms[22m[39m
   [32m✓[39m Free Review contracts[2m > [22mthe new table carries the standard tenant-scoped RLS + grant boilerplate and a tenant_id CHECK invariant[32m 0[2mms[22m[39m
 [32m✓[39m tests/questionnaire-matcher.test.ts [2m([22m[2m9 tests[22m[2m)[22m[32m 29[2mms[22m[39m
 [32m✓[39m tests/slsa-verification.test.ts [2m([22m[2m9 tests[22m[2m)[22m[32m 15[2mms[22m[39m
 [32m✓[39m tests/trust-response-contract.test.ts [2m([22m[2m10 tests[22m[2m)[22m[32m 7[2mms[22m[39m
 [31m❯[39m tests/remediation-tasks-contract.test.ts [2m([22m[2m7 tests[22m[2m | [22m[31m2 failed[39m[2m)[22m[32m 54[2mms[22m[39m
   [32m✓[39m SPR MSP command center remediation contracts[2m > [22mdrives the MSP command center remediation panel from the real trust-loop workflow, not the nonexistent /api/remediation-tasks and /api/alerts/:id endpoints[32m 2[2mms[22m[39m
[31m   [31m×[31m SPR MSP command center remediation contracts[2m > [22msources finding detail from the findings already fetched at app level instead of a second network round trip[39m[32m 45[2mms[22m[39m
[31m     → expected 'import { useEffect, useMemo, useState…' to contain '<MSPCommandCenter clients={clients} a…'[39m
   [32m✓[39m SPR MSP command center remediation contracts[2m > [22mfixes the monitoring-configurations path bug by removing the dependency entirely rather than leaving a wrong path[32m 0[2mms[22m[39m
   [32m✓[39m SPR MSP command center remediation contracts[2m > [22mreuses verifyRemediation() for the command-center verify action instead of building a second verification path[32m 1[2mms[22m[39m
   [32m✓[39m SPR MSP command center remediation contracts[2m > [22mfails honestly instead of faking success when there is no observation to verify against[32m 1[2mms[22m[39m
   [32m✓[39m SPR MSP command center remediation contracts[2m > [22mkeeps every trust-loop mutation behind role enforcement and every query tenant-scoped, matching the rest of the app[32m 0[2mms[22m[39m
[31m   [31m×[31m SPR MSP command center remediation contracts[2m > [22madds a real /api/ready alias so the diagnostics panel actually reaches the backend instead of the Vercel SPA fallback[39m[32m 3[2mms[22m[39m
[31m     → expected true to be false // Object.is equality[39m
[90mstdout[2m | tests/founder-operations-contract.test.ts
[22m[39m◇ injected env (0) from .env // tip: ⌘ custom filepath { path: '/custom/path/.env' }

 [31m❯[39m tests/clientops-remediation-queue-contract.test.ts [2m([22m[2m11 tests[22m[2m | [22m[31m9 failed[39m[2m)[22m[32m 91[2mms[22m[39m
   [32m✓[39m remediation queue and notes schema[2m > [22mtrust_remediation_work_items gains client_id for scoping, matching every other tenant-scoped operational table[32m 1[2mms[22m[39m
   [32m✓[39m remediation queue and notes schema[2m > [22mremediation_notes is a real append-only ledger, TG_OP checked before touching NEW[32m 1[2mms[22m[39m
[31m   [31m×[31m GET /trust-loop/remediations (list) and client scoping[2m > [22mexists and scopes to a single client for the Client role, same pattern as /findings[39m[32m 7[2mms[22m[39m
[31m     → expected 'import { Router } from \'express\';\n…' to contain 'router.get(\'/remediations\', async (…'[39m
[31m   [31m×[31m GET /trust-loop/remediations (list) and client scoping[2m > [22mpopulates client_id from the finding at creation time[39m[32m 1[2mms[22m[39m
[31m     → expected 'import { Router } from \'express\';\n…' to contain '${finding.client_id},${p.externalSyst…'[39m
[31m   [31m×[31m GET /trust-loop/remediations (list) and client scoping[2m > [22mnotes require the caller to already have access to the remediation (tenant + client scope), before insert[39m[32m 1[2mms[22m[39m
[31m     → expected 'import { Router } from \'express\';\n…' to contain 'router.post(\'/remediations/:id/notes…'[39m
[31m   [31m×[31m client approval endpoint[2m > [22mis restricted to the Client role and only affects work already ready for verification or verified[39m[32m 4[2mms[22m[39m
[31m     → expected 'import { Router } from \'express\';\n…' to contain 'router.post(\'/remediations/:id/appro…'[39m
[31m   [31m×[31m client approval endpoint[2m > [22mnever lets a Client approve another client's remediation (scoped by client_id, not just tenant)[39m[32m 2[2mms[22m[39m
[31m     → expected 'import { Router } from \'express\';\n…' to contain 'WHERE id=${req.params.id} AND tenant_…'[39m
[31m   [31m×[31m client approval endpoint[2m > [22mis carved out of the router-wide staff-only mutation gate, which otherwise blocks every Client-role POST under /api/trust-loop[39m[32m 26[2mms[22m[39m
[31m     → expected 'import express, { type NextFunction, …' to contain '/\/remediations\/[^/]+\/approve$/.tes…'[39m
[31m   [31m×[31m AlertsView surfaces notes and client approval[2m > [22mloads the real remediation record (notes + approval) lazily when a remediation exists[39m[32m 27[2mms[22m[39m
[31m     → expected 'import { useMemo, useState, type Reac…' to contain 'apiFetch(`/api/trust-loop/remediation…'[39m
[31m   [31m×[31m AlertsView surfaces notes and client approval[2m > [22mposts new notes through the real endpoint[39m[32m 7[2mms[22m[39m
[31m     → expected 'import { useMemo, useState, type Reac…' to contain '/notes`, {'[39m
[31m   [31m×[31m AlertsView surfaces notes and client approval[2m > [22monly offers the approve action to the Client role, and only once the remediation is actually ready[39m[32m 11[2mms[22m[39m
[31m     → expected 'import { useMemo, useState, type Reac…' to contain 'role === \'Client\' && !remediation?.…'[39m
 [31m❯[39m tests/msp-landing-onboarding-nav-contract.test.ts [2m([22m[2m6 tests[22m[2m | [22m[31m5 failed[39m[2m)[22m[32m 31[2mms[22m[39m
   [32m✓[39m public /msp landing page reuses existing pricing and billing, without duplicating either[2m > [22mMspLandingView exists and links its CTAs into the existing login/pricing flow, not a new one[32m 2[2mms[22m[39m
[31m   [31m×[31m public /msp landing page reuses existing pricing and billing, without duplicating either[2m > [22mApp.tsx serves MspLandingView at /msp for unauthenticated visitors without touching the authenticated /msp route[39m[32m 7[2mms[22m[39m
[31m     → expected 'const PUBLIC_PATHS = new Set([\'/\',\…' to contain '\'/msp\''[39m
[31m   [31m×[31m first-run onboarding banner on the dashboard[2m > [22mis gated strictly on the real clients list being empty, not a separate persisted onboarding flag[39m[32m 3[2mms[22m[39m
[31m     → expected 'import { useEffect, useMemo, useState…' to contain '{clients.length === 0 && ('[39m
[31m   [31m×[31m first-run onboarding banner on the dashboard[2m > [22mis actionable through the existing onOpenQuickAction/onNavigateTab handlers, not a dead button[39m[32m 1[2mms[22m[39m
[31m     → expected '' to contain 'onOpenQuickAction(\'add-client\')'[39m
[31m   [31m×[31m MSP Command Center is the primary nav entry point, with every other nav item preserved[2m > [22mmsp is the first item in CORE, not in EXECUTIVE[39m[32m 1[2mms[22m[39m
[31m     → expected -1 to be greater than -1[39m
[31m   [31m×[31m MSP Command Center is the primary nav entry point, with every other nav item preserved[2m > [22mpreserves every other existing nav entry across all groups[39m[32m 16[2mms[22m[39m
[31m     → expected 'import { useState, type Key, type Rea…' to contain 'id: \'questionnaires\''[39m
[90mstderr[2m | tests/founder-operations-contract.test.ts
[22m[39m[Database] SQL configuration is incomplete. DB readiness will report DB_MISCONFIGURED until DATABASE_URL or SQL_HOST, SQL_USER, SQL_PASSWORD and SQL_DB_NAME are configured.

 [32m✓[39m tests/founder-operations-contract.test.ts [2m([22m[2m7 tests[22m[2m)[22m[32m 6[2mms[22m[39m
 [32m✓[39m tests/integration-adapters.test.ts [2m([22m[2m8 tests[22m[2m)[22m[32m 152[2mms[22m[39m
 [31m❯[39m tests/trust-field-contract.test.ts [2m([22m[2m10 tests[22m[2m | [22m[31m1 failed[39m[2m)[22m[32m 35[2mms[22m[39m
   [32m✓[39m TrustStateBadge maps only the real backend verificationStatus values[2m > [22mhas exactly one mapping function, with no invented intermediate states[32m 1[2mms[22m[39m
   [32m✓[39m TrustStateBadge maps only the real backend verificationStatus values[2m > [22mnever equates missing evidence with an unsafe/negative claim in the displayed label or description text[32m 1[2mms[22m[39m
   [32m✓[39m TrustField never fabricates a dimension value[2m > [22mrenders "N/A" for any dimension whose value is null, never a placeholder number[32m 0[2mms[22m[39m
   [32m✓[39m TrustField never fabricates a dimension value[2m > [22mthe dashed/neutral line and node styling is driven by the same null check, not a separate guess[32m 0[2mms[22m[39m
   [32m✓[39m TrustField never fabricates a dimension value[2m > [22mcarries a demo flag that visibly labels illustrative data as example data[32m 0[2mms[22m[39m
   [32m✓[39m TrustField never fabricates a dimension value[2m > [22mevery value has a plain-text fallback for accessibility, not just the SVG[32m 0[2mms[22m[39m
   [32m✓[39m TrustField never fabricates a dimension value[2m > [22mthe pulse animation is gated on prefers-reduced-motion[32m 0[2mms[22m[39m
   [32m✓[39m HomePage only shows the real 4 scoring-engine dimensions, not a fabricated 12[2m > [22mpasses demo to TrustField, since no authenticated Passport data exists on a public page[32m 0[2mms[22m[39m
   [32m✓[39m HomePage only shows the real 4 scoring-engine dimensions, not a fabricated 12[2m > [22mlists exactly security, compliance, vendor reputation, and confidence -- the fields scoring-engine.ts actually computes[32m 1[2mms[22m[39m
[31m   [31m×[31m HomePage only shows the real 4 scoring-engine dimensions, not a fabricated 12[2m > [22mCTAs route to real, existing paths only[39m[32m 28[2mms[22m[39m
[31m     → expected 'import { useEffect, useMemo, useState…' to contain 'onCreatePassport={() => navigate(\'/l…'[39m
 [31m❯[39m tests/msp-command-center-and-pricing-contract.test.ts [2m([22m[2m9 tests[22m[2m | [22m[31m5 failed[39m[2m)[22m[32m 63[2mms[22m[39m
[31m   [31m×[31m SPR MSP Command Center — software verification metrics[2m > [22mreceives real passport records as a prop instead of deriving software counts from clients/alerts alone[39m[32m 13[2mms[22m[39m
[31m     → expected 'import React, { useEffect, useMemo, u…' to contain 'passports: SoftwarePassport[]'[39m
   [32m✓[39m SPR MSP Command Center — software verification metrics[2m > [22mcounts verified vs unknown software from the real verificationStatus field, not a fabricated default[32m 1[2mms[22m[39m
[31m   [31m×[31m SPR MSP Command Center — software verification metrics[2m > [22mnever coerces an empty portfolio into a 0% coverage or freshness figure[39m[32m 2[2mms[22m[39m
[31m     → expected 'import React, { useEffect, useMemo, u…' to contain 'const coveragePct = total > 0 ? Math.…'[39m
[31m   [31m×[31m SPR MSP Command Center — software verification metrics[2m > [22mderives evidence freshness from real evidence timestamps, not a hardcoded window[39m[32m 1[2mms[22m[39m
[31m     → expected 'import React, { useEffect, useMemo, u…' to contain 'EVIDENCE_FRESHNESS_WINDOW_DAYS'[39m
[31m   [31m×[31m SPR MSP Command Center — software verification metrics[2m > [22mprovides a real client switcher wired to the existing onSelectClient/onNavigate handlers, not a decorative dropdown[39m[32m 4[2mms[22m[39m
[31m     → expected 'import React, { useEffect, useMemo, u…' to contain 'Switch client'[39m
   [32m✓[39m SPR MSP pricing — packaging separated from live billing[2m > [22mis honest that checkout runs through Stripe, not a fabricated in-page flow[32m 0[2mms[22m[39m
   [32m✓[39m SPR MSP pricing — packaging separated from live billing[2m > [22mshows the real, specified prices for each tier, matching PLAN_CONFIG[32m 0[2mms[22m[39m
   [32m✓[39m SPR MSP pricing — packaging separated from live billing[2m > [22mdoes not fabricate a live Stripe price or plan id[32m 0[2mms[22m[39m
[31m   [31m×[31m SPR MSP pricing — packaging separated from live billing[2m > [22mroutes both authenticated and unauthenticated /pricing to the same real MSP pricing view[39m[32m 40[2mms[22m[39m
[31m     → expected 'import { useEffect, useMemo, useState…' to contain 'if (!user && path === \'/pricing\') r…'[39m
[90mstdout[2m | tests/security/route-authz.test.ts
[22m[39m◇ injected env (0) from .env // tip: ⌘ suppress logs { quiet: true }

 [32m✓[39m tests/design-system-contract.test.ts [2m([22m[2m11 tests[22m[2m)[22m[32m 6[2mms[22m[39m
 [31m❯[39m tests/plain-english-report-routes-contract.test.ts [2m([22m[2m6 tests[22m[2m | [22m[31m6 failed[39m[2m)[22m[32m 27[2mms[22m[39m
[31m   [31m×[31m GET /trust-loop/reports/:passportId/plain-english[2m > [22mcalls the same buildAndPersistReport the technical report route uses, never a second scoring path[39m[32m 7[2mms[22m[39m
[31m     → expected '' to contain 'const report = await buildAndPersistR…'[39m
[31m   [31m×[31m GET /trust-loop/reports/:passportId/plain-english[2m > [22mthe detailed level includes the full technical report alongside the plain-English explanation, from the same call[39m[32m 3[2mms[22m[39m
[31m     → expected 'import { Router } from \'express\';\n…' to contain 'level === \'detailed\' ? { ...plainEn…'[39m
[31m   [31m×[31m GET /trust-loop/reports/:passportId/plain-english[2m > [22mscopes a Client-role reader to their own client's passport, matching the technical report route[39m[32m 1[2mms[22m[39m
[31m     → expected '' to contain 'const clientScope = req.user!.role ==…'[39m
[31m   [31m×[31m GET /trust-loop/reports/:passportId (technical) now enforces client scoping too[2m > [22mwas missing a Client-role scope check before this pass; both report routes now agree[39m[32m 13[2mms[22m[39m
[31m     → expected 'router.get(\'/reports/:passportId\', …' to contain 'const clientScope = req.user!.role ==…'[39m
[31m   [31m×[31m GET /trust-loop/reports/:passportId/changes/plain-english[2m > [22mreuses compareCanonicalObservations and explainChange, never a separate diff calculation[39m[32m 1[2mms[22m[39m
[31m     → expected '' to contain 'compareCanonicalObservations(comparab…'[39m
[31m   [31m×[31m GET /trust-loop/reports/:passportId/changes/plain-english[2m > [22mreports insufficientData honestly instead of fabricating a diff when fewer than two snapshots exist[39m[32m 1[2mms[22m[39m
[31m     → expected '' to contain 'if (!current || !previous) return res…'[39m
[90mstderr[2m | tests/security/route-authz.test.ts
[22m[39m[Database] SQL configuration is incomplete. DB readiness will report DB_MISCONFIGURED until DATABASE_URL or SQL_HOST, SQL_USER, SQL_PASSWORD and SQL_DB_NAME are configured.

 [31m❯[39m tests/privacy-ui-contract.test.ts [2m([22m[2m7 tests[22m[2m | [22m[31m1 failed[39m[2m)[22m[32m 57[2mms[22m[39m
   [32m✓[39m Privacy UI: zero dead controls[2m > [22mcontains no empty click handlers, TODO/FIXME placeholders, or mock data[32m 3[2mms[22m[39m
   [32m✓[39m Privacy UI: zero dead controls[2m > [22mevery button that performs a mutation calls a real /api/privacy endpoint[32m 1[2mms[22m[39m
[31m   [31m×[31m Privacy UI: zero dead controls[2m > [22mPrivacyView is actually mounted in App.tsx and CommandCenter.tsx -- the nav item is not a dead route[39m[32m 47[2mms[22m[39m
[31m     → expected 'import { useEffect, useMemo, useState…' to contain 'import PrivacyView from \'./component…'[39m
   [32m✓[39m Privacy UI: PIA decision requires a named reviewer before it can be submitted[2m > [22mthe decision buttons are disabled until a reviewer name is entered[32m 3[2mms[22m[39m
   [32m✓[39m Privacy UI never claims legal compliance or certification[2m > [22mno privacy component contains a "compliant" or "certified" claim[32m 1[2mms[22m[39m
   [32m✓[39m Privacy UI never claims legal compliance or certification[2m > [22mPrivacyView explicitly states it does not determine legal compliance[32m 0[2mms[22m[39m
   [32m✓[39m Privacy UI: loading, error, and empty states are honest[2m > [22mevery tab shows a real loading indicator and an explicit empty-state message[32m 0[2mms[22m[39m
[90mstdout[2m | src/trust/trust-loop-adversarial.test.ts
[22m[39m◇ injected env (0) from .env // tip: ◈ secrets for agents [www.dotenvx.com]

[90mstderr[2m | src/trust/trust-loop-adversarial.test.ts
[22m[39m[Database] SQL configuration is incomplete. DB readiness will report DB_MISCONFIGURED until DATABASE_URL or SQL_HOST, SQL_USER, SQL_PASSWORD and SQL_DB_NAME are configured.

 [31m❯[39m tests/savings-routes-contract.test.ts [2m([22m[2m9 tests[22m[2m | [22m[31m1 failed[39m[2m)[22m[32m 37[2mms[22m[39m
   [32m✓[39m savings router RBAC: MSP-internal financial data must never be Client-readable[2m > [22mdefines the shared non-Client role list and applies it to both read routes[32m 2[2mms[22m[39m
   [32m✓[39m savings router RBAC: MSP-internal financial data must never be Client-readable[2m > [22mrestricts writing the baseline to Owner/Admin only, not Technician or Viewer[32m 0[2mms[22m[39m
[31m   [31m×[31m savings router is mounted in server.ts[2m > [22mmounts createSavingsRouter at /api/savings[39m[32m 31[2mms[22m[39m
[31m     → expected 'import express, { type NextFunction, …' to contain 'import { createSavingsRouter } from \…'[39m
   [32m✓[39m GET /savings/report validates windowDays against a fixed allowlist[2m > [22monly accepts 30, 60, or 90 -- never an arbitrary attacker-supplied window[32m 0[2mms[22m[39m
   [32m✓[39m GET /savings/report validates windowDays against a fixed allowlist[2m > [22mscopes every activity query by tenantId, relying on RLS as defense in depth[32m 1[2mms[22m[39m
   [32m✓[39m GET /savings/report validates windowDays against a fixed allowlist[2m > [22mcalls the same buildSavingsReport pure function the unit tests cover, never a second inline calculation[32m 0[2mms[22m[39m
   [32m✓[39m PUT /savings/baseline persists via a real upsert, never silently dropping an existing row[2m > [22muses ON CONFLICT (tenant_id) DO UPDATE, keyed off the primary key[32m 0[2mms[22m[39m
   [32m✓[39m PUT /savings/baseline persists via a real upsert, never silently dropping an existing row[2m > [22mvalidates baseline input with a strict zod schema rejecting unknown fields[32m 0[2mms[22m[39m
   [32m✓[39m migration 0040 creates msp_savings_baseline with tenant RLS[2m > [22menables RLS and a spr_tenant_isolation policy, matching every other tenant-scoped table[32m 0[2mms[22m[39m
 [32m✓[39m src/trust/trust-loop-adversarial.test.ts [2m([22m[2m6 tests[22m[2m)[22m[32m 7[2mms[22m[39m
 [32m✓[39m tests/drizzle-array-in-clause-contract.test.ts [2m([22m[2m3 tests[22m[2m)[22m[32m 18[2mms[22m[39m
 [31m❯[39m tests/integrations-view-contract.test.ts [2m([22m[2m4 tests[22m[2m | [22m[31m2 failed[39m[2m)[22m[32m 14[2mms[22m[39m
[31m   [31m×[31m SPR integrations UI contracts[2m > [22mdrives Connect/Sync from the real live-integration endpoints instead of the removed dead /toggle and /sync routes[39m[32m 10[2mms[22m[39m
[31m     → expected '/**\n * @license\n * SPDX-License-Ide…' to contain 'apiFetch(\'/api/integrations-live\')'[39m
[31m   [31m×[31m SPR integrations UI contracts[2m > [22mgives GitHub its own credential/test/discovery/scan flow instead of the generic credential adapter that explicitly rejects it[39m[32m 2[2mms[22m[39m
[31m     → expected '/**\n * @license\n * SPDX-License-Ide…' to contain 'apiFetch(\'/api/integrations-live/git…'[39m
   [32m✓[39m SPR integrations UI contracts[2m > [22madds first-party webhook management gated the same way as the rest of tenant administration[32m 1[2mms[22m[39m
   [32m✓[39m SPR integrations UI contracts[2m > [22mkeeps credential fields for each provider in the same set the real collector actually reads[32m 0[2mms[22m[39m
 [2m[90m↓[39m[22m tests/security/route-authz.test.ts [2m([22m[2m7 tests[22m[2m | [22m[33m7 skipped[39m[2m)[22m
[90mstderr[2m | startServer (/home/runner/work/software-passport-registry/software-passport-registry/server.ts:151:70)
[22m[39m[SPR] Initial self-passport bootstrap failed; continuing startup. /ready will report the database as unavailable. DrizzleQueryError: Failed query: SELECT tenant_id AS "tenantId" FROM users WHERE role = 'Owner' ORDER BY created_at ASC LIMIT 1
params: 
    at NodePgPreparedQuery.queryWithCache [90m(file:///home/runner/work/software-passport-registry/software-passport-registry/[39mnode_modules/[4msrc[24m/pg-core/session.ts:73:11[90m)[39m
[90m    at processTicksAndRejections (node:internal/process/task_queues:103:5)[39m
    at ensureInitialSelfPassport [90m(/home/runner/work/software-passport-registry/software-passport-registry/[39mserver.ts:36:18[90m)[39m
    at startServer [90m(/home/runner/work/software-passport-registry/software-passport-registry/[39mserver.ts:151:9[90m)[39m {
  query: [32m`SELECT tenant_id AS "tenantId" FROM users WHERE role = 'Owner' ORDER BY created_at ASC LIMIT 1`[39m,
  params: [],
  cause: AggregateError: 
      at [90m/home/runner/work/software-passport-registry/software-passport-registry/[39mnode_modules/[4mpg-pool[24m/index.js:45:11
  [90m    at processTicksAndRejections (node:internal/process/task_queues:103:5)[39m
      at [90mfile:///home/runner/work/software-passport-registry/software-passport-registry/[39mnode_modules/[4msrc[24m/node-postgres/session.ts:149:14
      at NodePgPreparedQuery.queryWithCache [90m(file:///home/runner/work/software-passport-registry/software-passport-registry/[39mnode_modules/[4msrc[24m/pg-core/session.ts:71:12[90m)[39m
      at ensureInitialSelfPassport [90m(/home/runner/work/software-passport-registry/software-passport-registry/[39mserver.ts:36:18[90m)[39m
      at startServer [90m(/home/runner/work/software-passport-registry/software-passport-registry/[39mserver.ts:151:9[90m)[39m {
    code: [32m'ECONNREFUSED'[39m,
    [errors]: [ [36m[Error][39m, [36m[Error][39m ]
  }
}

[90mstdout[2m | Server.<anonymous> (/home/runner/work/software-passport-registry/software-passport-registry/server.ts:152:100)
[22m[39m[SPR] listening on http://0.0.0.0:3000

[90mstdout[2m | shutdown (/home/runner/work/software-passport-registry/software-passport-registry/server.ts:148:98)
[22m[39m[SPR] SIGTERM received; shutting down gracefully.

 [31m❯[39m tests/auth-notice-contract.test.ts [2m([22m[2m7 tests[22m[2m | [22m[31m2 failed[39m[2m)[22m[32m 38[2mms[22m[39m
   [32m✓[39m auth notice survives the sign-out + navigate-to-login remount[2m > [22mround-trips a message[32m 2[2mms[22m[39m
   [32m✓[39m auth notice survives the sign-out + navigate-to-login remount[2m > [22mis one-time: a second read after consumption returns null[32m 0[2mms[22m[39m
   [32m✓[39m auth notice survives the sign-out + navigate-to-login remount[2m > [22mreturns null when nothing was ever set[32m 0[2mms[22m[39m
   [32m✓[39m auth notice survives the sign-out + navigate-to-login remount[2m > [22mnever throws when storage is unavailable (private browsing, disabled site data)[32m 1[2mms[22m[39m
[31m   [31m×[31m the notice is actually wired into both failure paths[2m > [22mApp.tsx's batch-load 401 branch sets a notice before signing out and navigating away[39m[32m 5[2mms[22m[39m
[31m     → expected -1 to be greater than -1[39m
   [32m✓[39m the notice is actually wired into both failure paths[2m > [22mapiClient.ts's provisioning-failure 403 branch sets a notice before signing out[32m 1[2mms[22m[39m
[31m   [31m×[31m the notice is actually wired into both failure paths[2m > [22mLoginView consumes the pending notice on mount[39m[32m 26[2mms[22m[39m
[31m     → expected 'import React, { useEffect, useState }…' to contain 'consumeAuthNotice()'[39m
 [32m✓[39m tests/auth-rbac-contract.test.ts [2m([22m[2m6 tests[22m[2m)[22m[32m 5[2mms[22m[39m
 [32m✓[39m src/integrations/adapters.test.ts [2m([22m[2m5 tests[22m[2m)[22m[32m 67[2mms[22m[39m
 [32m✓[39m tests/evidence-lookup-indexes.test.ts [2m([22m[2m5 tests[22m[2m)[22m[32m 5[2mms[22m[39m
 [32m✓[39m tests/msp-ai-trust-contract.test.ts [2m([22m[2m7 tests[22m[2m)[22m[32m 9[2mms[22m[39m
 [32m✓[39m tests/public-passport-authoritative-decision-contract.test.ts [2m([22m[2m4 tests[22m[2m)[22m[32m 5[2mms[22m[39m
[90mstdout[2m | tests/security/http-hardening.test.ts
[22m[39m◇ injected env (0) from .env // tip: ⌘ suppress logs { quiet: true }

 [31m❯[39m tests/credibility-cleanup-contract.test.ts [2m([22m[2m5 tests[22m[2m | [22m[31m1 failed[39m[2m)[22m[32m 57[2mms[22m[39m
   [32m✓[39m dead components with fabricated certification claims are removed, not patched[2m > [22mSidebar.tsx, PassportD3Graph.tsx, and PaywallOverlay.tsx no longer exist[32m 1[2mms[22m[39m
   [32m✓[39m dead components with fabricated certification claims are removed, not patched[2m > [22mno source file references any of the three deleted components[32m 33[2mms[22m[39m
   [32m✓[39m no remaining live UI/data claims present SLSA Level 4 (or any specific level) as an established fact[2m > [22mextensionsData.ts no longer asserts a specific SLSA level as a plain fact[32m 0[2mms[22m[39m
[31m   [31m×[31m no remaining live UI/data claims present SLSA Level 4 (or any specific level) as an established fact[2m > [22mthe only remaining "SLSA Level" reference in the app is contextual reference data about an external regulatory framework applicable to a software category, not a claim about specific software[39m[32m 11[2mms[22m[39m
[31m     → expected '/**\n * @license\n * SPDX-License-Ide…' to contain 'Sector Compliance Target'[39m
   [32m✓[39m no remaining live UI/data claims present SLSA Level 4 (or any specific level) as an established fact[2m > [22mthere is no remaining "SPR Protocol Certified" claim anywhere in source[32m 9[2mms[22m[39m
 [32m✓[39m tests/ai-explanation-boundary.test.ts [2m([22m[2m7 tests[22m[2m)[22m[32m 6[2mms[22m[39m
[90mstdout[2m | tests/trust-loop-report.test.ts
[22m[39m◇ injected env (0) from .env // tip: ◈ encrypted .env [www.dotenvx.com]

[90mstderr[2m | tests/trust-loop-report.test.ts
[22m[39m[Database] SQL configuration is incomplete. DB readiness will report DB_MISCONFIGURED until DATABASE_URL or SQL_HOST, SQL_USER, SQL_PASSWORD and SQL_DB_NAME are configured.

 [32m✓[39m tests/trust-loop-report.test.ts [2m([22m[2m5 tests[22m[2m)[22m[32m 4[2mms[22m[39m
[90mstderr[2m | tests/security/http-hardening.test.ts
[22m[39m[Database] SQL configuration is incomplete. DB readiness will report DB_MISCONFIGURED until DATABASE_URL or SQL_HOST, SQL_USER, SQL_PASSWORD and SQL_DB_NAME are configured.

 [32m✓[39m tests/reports-contract.test.ts [2m([22m[2m5 tests[22m[2m)[22m[32m 9[2mms[22m[39m
 [32m✓[39m tests/ux-audit-fixes-contract.test.ts [2m([22m[2m5 tests[22m[2m)[22m[32m 6[2mms[22m[39m
 [31m❯[39m tests/report-changes-contract.test.ts [2m([22m[2m5 tests[22m[2m | [22m[31m5 failed[39m[2m)[22m[32m 22[2mms[22m[39m
[31m   [31m×[31m GET /trust-loop/reports/:passportId/changes[2m > [22mreuses the real change-detection functions instead of a new formula[39m[32m 11[2mms[22m[39m
[31m     → expected 'import { Router } from \'express\';\n…' to contain 'import { classifyCanonicalChange, com…'[39m
[31m   [31m×[31m GET /trust-loop/reports/:passportId/changes[2m > [22mnever claims a change when fewer than two snapshots exist -- flags insufficientData instead of fabricating a diff[39m[32m 2[2mms[22m[39m
[31m     → expected 'import { Router } from \'express\';\n…' to contain 'if (!current) return res.json({ insuf…'[39m
[31m   [31m×[31m GET /trust-loop/reports/:passportId/changes[2m > [22mis scoped to the caller's tenant and, for the Client role, their own client's passport[39m[32m 1[2mms[22m[39m
[31m     → expected '' to contain 'const clientScope = req.user!.role ==…'[39m
[31m   [31m×[31m ReportsView surfaces changes since last report[2m > [22mloads changes automatically when a passport/report type is selected, not only after generating a report[39m[32m 3[2mms[22m[39m
[31m     → expected 'import { useEffect, useMemo, useState…' to contain 'if (selectedPassportId) { void loadHi…'[39m
[31m   [31m×[31m ReportsView surfaces changes since last report[2m > [22mdistinguishes "no change" from "not enough data yet" instead of collapsing them into one empty state[39m[32m 4[2mms[22m[39m
[31m     → expected 'import { useEffect, useMemo, useState…' to contain 'changes?.insufficientData'[39m
 [32m✓[39m tests/type-safety-guard.test.ts [2m([22m[2m4 tests[22m[2m)[22m[32m 6[2mms[22m[39m
[90mstderr[2m | tests/security/http-hardening.test.ts[2m > [22m[2mHTTP hardening[2m > [22m[2mdisables Express fingerprinting
[22m[39m[SPR] Initial self-passport bootstrap failed; continuing startup. /ready will report the database as unavailable. DrizzleQueryError: Failed query: SELECT tenant_id AS "tenantId" FROM users WHERE role = 'Owner' ORDER BY created_at ASC LIMIT 1
params: 
    at NodePgPreparedQuery.queryWithCache [90m(file:///home/runner/work/software-passport-registry/software-passport-registry/[39mnode_modules/[4msrc[24m/pg-core/session.ts:73:11[90m)[39m
[90m    at processTicksAndRejections (node:internal/process/task_queues:103:5)[39m
    at ensureInitialSelfPassport [90m(/home/runner/work/software-passport-registry/software-passport-registry/[39mserver.ts:36:18[90m)[39m
    at startServer [90m(/home/runner/work/software-passport-registry/software-passport-registry/[39mserver.ts:151:9[90m)[39m {
  query: [32m`SELECT tenant_id AS "tenantId" FROM users WHERE role = 'Owner' ORDER BY created_at ASC LIMIT 1`[39m,
  params: [],
  cause: AggregateError: 
      at [90m/home/runner/work/software-passport-registry/software-passport-registry/[39mnode_modules/[4mpg-pool[24m/index.js:45:11
  [90m    at processTicksAndRejections (node:internal/process/task_queues:103:5)[39m
      at [90mfile:///home/runner/work/software-passport-registry/software-passport-registry/[39mnode_modules/[4msrc[24m/node-postgres/session.ts:149:14
      at NodePgPreparedQuery.queryWithCache [90m(file:///home/runner/work/software-passport-registry/software-passport-registry/[39mnode_modules/[4msrc[24m/pg-core/session.ts:71:12[90m)[39m
      at ensureInitialSelfPassport [90m(/home/runner/work/software-passport-registry/software-passport-registry/[39mserver.ts:36:18[90m)[39m
      at startServer [90m(/home/runner/work/software-passport-registry/software-passport-registry/[39mserver.ts:151:9[90m)[39m {
    code: [32m'ECONNREFUSED'[39m,
    [errors]: [ [36m[Error][39m, [36m[Error][39m ]
  }
}

[90mstdout[2m | tests/security/http-hardening.test.ts[2m > [22m[2mHTTP hardening[2m > [22m[2mdisables Express fingerprinting
[22m[39m[SPR] listening on http://0.0.0.0:3000

 [32m✓[39m tests/security/http-hardening.test.ts [2m([22m[2m5 tests[22m[2m)[22m[32m 78[2mms[22m[39m
[90mstdout[2m | shutdown (/home/runner/work/software-passport-registry/software-passport-registry/server.ts:148:98)
[22m[39m[SPR] SIGTERM received; shutting down gracefully.

 [32m✓[39m tests/login-history-survives-removal-contract.test.ts [2m([22m[2m5 tests[22m[2m)[22m[32m 7[2mms[22m[39m
 [32m✓[39m tests/webhook-delivery-contract.test.ts [2m([22m[2m6 tests[22m[2m)[22m[32m 5[2mms[22m[39m
 [31m❯[39m tests/remediation-and-report-snapshot-fixes-contract.test.ts [2m([22m[2m5 tests[22m[2m | [22m[31m2 failed[39m[2m)[22m[32m 35[2mms[22m[39m
[31m   [31m×[31m POST /trust-loop/remediations no longer writes to the dead remediation_tasks table[2m > [22mdoes not insert into remediation_tasks (its integrity trigger requires alert_id to reference the never-populated `alerts` table, so this insert unconditionally failed every time)[39m[32m 30[2mms[22m[39m
[31m     → expected 'router.post(\'/remediations\', async …' not to contain 'INSERT INTO remediation_tasks'[39m
   [32m✓[39m POST /trust-loop/remediations no longer writes to the dead remediation_tasks table[2m > [22mstill writes the real, actively-read trust_remediation_work_items row[32m 0[2mms[22m[39m
[31m   [31m×[31m PATCH /trust-loop/remediations/:id status-only update no longer 500s[2m > [22mbinds null instead of undefined for the unreachable ELSE branch when slaDueAt is omitted[39m[32m 2[2mms[22m[39m
[31m     → expected 'import { Router } from \'express\';\n…' to contain 'ELSE ${p.slaDueAt ?? null} END'[39m
   [32m✓[39m trust_report_snapshots allows a legitimately null score/confidence[2m > [22mdrops the NOT NULL constraint on score and confidence_basis_points, matching trust_observations[32m 0[2mms[22m[39m
   [32m✓[39m trust_report_snapshots allows a legitimately null score/confidence[2m > [22mleaves completeness_basis_points NOT NULL (it is always a real, computable number, never legitimately absent)[32m 0[2mms[22m[39m
 [32m✓[39m tests/team-audit-contract.test.ts [2m([22m[2m5 tests[22m[2m)[22m[32m 8[2mms[22m[39m
 [32m✓[39m src/security/abuse-controls.test.ts [2m([22m[2m5 tests[22m[2m)[22m[32m 7[2mms[22m[39m
 [31m❯[39m tests/tenant-branding-contract.test.ts [2m([22m[2m5 tests[22m[2m | [22m[31m4 failed[39m[2m)[22m[32m 36[2mms[22m[39m
[31m   [31m×[31m persistent white-label branding[2m > [22mexposes real, tenant-scoped, role-gated read/write routes[39m[32m 10[2mms[22m[39m
[31m     → expected '/**\n * @license\n * SPDX-License-Ide…' to contain 'router.get(\'/organization/branding\'…'[39m
[31m   [31m×[31m persistent white-label branding[2m > [22mvalidates brand color and logo shape server-side, not just in the UI[39m[32m 2[2mms[22m[39m
[31m     → expected '/**\n * @license\n * SPDX-License-Ide…' to contain 'brandColor must be a #rrggbb hex color'[39m
   [32m✓[39m persistent white-label branding[2m > [22mpersists via a real migration with row-level security, matching every other tenant-scoped table[32m 0[2mms[22m[39m
[31m   [31m×[31m persistent white-label branding[2m > [22mReportsView pre-fills the white-label export from saved branding instead of leaving it blank every time[39m[32m 4[2mms[22m[39m
[31m     → expected 'import { useEffect, useMemo, useState…' to contain 'apiFetch(\'/api/organization/branding…'[39m
[31m   [31m×[31m persistent white-label branding[2m > [22mSettingsView lets only Owner/Admin edit branding, matching the same canManageTeam gate as team management[39m[32m 17[2mms[22m[39m
[31m     → expected '/**\r\n * @license\r\n * SPDX-License…' to contain 'apiFetch(\'/api/organization/branding…'[39m
 [31m❯[39m tests/csp-inline-theme-script.test.ts [2m([22m[2m4 tests[22m[2m | [22m[31m1 failed[39m[2m)[22m[32m 13[2mms[22m[39m
   [32m✓[39m inline theme script is allowed by hash, not by unsafe-inline[2m > [22mthe Vercel CSP carries the hash and never unsafe-inline for scripts[32m 2[2mms[22m[39m
[31m   [31m×[31m inline theme script is allowed by hash, not by unsafe-inline[2m > [22mthe helmet CSP carries the same quoted hash and never unsafe-inline[39m[32m 8[2mms[22m[39m
[31m     → expected 'scriptSrc: ["\'self\'"]' to contain '\'sha256-kWQT+628v4D1A4MJk9hTD6a0W1Ad…'[39m
   [32m✓[39m inline theme script is allowed by hash, not by unsafe-inline[2m > [22man inline script still exists to be allowed[32m 0[2mms[22m[39m
   [32m✓[39m inline theme script is allowed by hash, not by unsafe-inline[2m > [22mdocuments that the hash is bound to the exact served bytes[32m 1[2mms[22m[39m
 [32m✓[39m tests/real-repository-scanners.test.ts [2m([22m[2m4 tests[22m[2m)[22m[32m 20[2mms[22m[39m
 [32m✓[39m tests/trust-observation-delete-ordering-contract.test.ts [2m([22m[2m3 tests[22m[2m)[22m[32m 7[2mms[22m[39m
[90mstdout[2m | src/trust/trust-loop.test.ts
[22m[39m◇ injected env (0) from .env // tip: ⌘ custom filepath { path: '/custom/path/.env' }

[90mstderr[2m | src/trust/trust-loop.test.ts
[22m[39m[Database] SQL configuration is incomplete. DB readiness will report DB_MISCONFIGURED until DATABASE_URL or SQL_HOST, SQL_USER, SQL_PASSWORD and SQL_DB_NAME are configured.

 [32m✓[39m src/trust/trust-loop.test.ts [2m([22m[2m5 tests[22m[2m)[22m[32m 13[2mms[22m[39m
 [32m✓[39m src/integrations/customer-discovery.test.ts [2m([22m[2m7 tests[22m[2m)[22m[32m 6[2mms[22m[39m
 [31m❯[39m tests/drizzle-unique-constraint-error-contract.test.ts [2m([22m[2m4 tests[22m[2m | [22m[31m1 failed[39m[2m)[22m[32m 11[2mms[22m[39m
   [32m✓[39m unique-constraint (23505) handling checks both error.code and error.cause.code[2m > [22mvendor creation duplicate name (src/routes/vendors.ts)[32m 1[2mms[22m[39m
[31m   [31m×[31m unique-constraint (23505) handling checks both error.code and error.cause.code[2m > [22mclient creation duplicate domain (src/routes/auth.ts)[39m[32m 8[2mms[22m[39m
[31m     → expected '/**\n * @license\n * SPDX-License-Ide…' to contain 'error?.code === \'23505\' || error?.c…'[39m
   [32m✓[39m unique-constraint (23505) handling checks both error.code and error.cause.code[2m > [22mmonitoring configuration creation duplicate (src/routes/monitoring.ts)[32m 0[2mms[22m[39m
   [32m✓[39m unique-constraint (23505) handling checks both error.code and error.cause.code[2m > [22mcollector-job idempotency retry no longer always rethrows (src/routes/monitoring.ts)[32m 0[2mms[22m[39m
 [32m✓[39m tests/trust-graph-contract.test.ts [2m([22m[2m4 tests[22m[2m)[22m[32m 5[2mms[22m[39m
 [32m✓[39m tests/cors-vercel-preview-origin.test.ts [2m([22m[2m5 tests[22m[2m)[22m[32m 4[2mms[22m[39m
 [32m✓[39m tests/evidence-explorer-contract.test.ts [2m([22m[2m4 tests[22m[2m)[22m[32m 4[2mms[22m[39m
 [31m❯[39m tests/alert-lifecycle-contract.test.ts [2m([22m[2m4 tests[22m[2m | [22m[31m1 failed[39m[2m)[22m[32m 39[2mms[22m[39m
   [32m✓[39m SPR alert lifecycle contracts[2m > [22mjoins each finding to its own most recent remediation work item instead of an unrelated id[32m 2[2mms[22m[39m
[31m   [31m×[31m SPR alert lifecycle contracts[2m > [22mcreates a remediation work item on demand before patching one that might not exist yet[39m[32m 35[2mms[22m[39m
[31m     → expected 'import { useEffect, useMemo, useState…' to contain 'if (!remediationId)'[39m
   [32m✓[39m SPR alert lifecycle contracts[2m > [22mderives alert status from the joined remediation status, not the finding status alone[32m 0[2mms[22m[39m
   [32m✓[39m SPR alert lifecycle contracts[2m > [22mexposes acknowledge, assign, escalate, snooze, and resolve as distinct actions in the UI, not one status field[32m 1[2mms[22m[39m
 [32m✓[39m src/security/input-hardening.test.ts [2m([22m[2m5 tests[22m[2m)[22m[32m 15[2mms[22m[39m
 [32m✓[39m src/security/scan-finding-identity.test.ts [2m([22m[2m3 tests[22m[2m)[22m[32m 3[2mms[22m[39m
 [31m❯[39m tests/client-trust-environment-contract.test.ts [2m([22m[2m4 tests[22m[2m | [22m[31m4 failed[39m[2m)[22m[32m 78[2mms[22m[39m
[31m   [31m×[31m Add Client modal reframed as a client trust environment, without changing the underlying create logic[2m > [22muses the trust-environment framing copy[39m[32m 12[2mms[22m[39m
[31m     → expected '/**\r\n * @license\r\n * SPDX-License…' to contain 'Establish a client trust environment'[39m
[31m   [31m×[31m Add Client modal reframed as a client trust environment, without changing the underlying create logic[2m > [22mpreviews the real post-creation capabilities, matching what the client workspace actually offers[39m[32m 10[2mms[22m[39m
[31m     → expected '/**\r\n * @license\r\n * SPDX-License…' to contain 'Software</div>'[39m
[31m   [31m×[31m Add Client modal reframed as a client trust environment, without changing the underlying create logic[2m > [22mstill submits exactly the same 3 required fields to the same real endpoint, unchanged[39m[32m 6[2mms[22m[39m
[31m     → expected '/**\r\n * @license\r\n * SPDX-License…' to contain 'onSubmit={handleCreateClient}'[39m
[31m   [31m×[31m Add Client modal reframed as a client trust environment, without changing the underlying create logic[2m > [22mcreation still lands the user directly in that client's own workspace, not a generic list[39m[32m 48[2mms[22m[39m
[31m     → expected 'import { useEffect, useMemo, useState…' to contain 'onClientCreated={(client) => { setCli…'[39m
 [32m✓[39m src/security/supply-chain-hardening.test.ts [2m([22m[2m4 tests[22m[2m)[22m[32m 4[2mms[22m[39m
 [32m✓[39m src/security/webhook-url.test.ts [2m([22m[2m14 tests[22m[2m)[22m[32m 18[2mms[22m[39m
 [31m❯[39m tests/trust-loop-client-id-integrity.test.ts [2m([22m[2m2 tests[22m[2m | [22m[31m1 failed[39m[2m)[22m[32m 16[2mms[22m[39m
[31m   [31m×[31m trust-loop /collect never fabricates a client id for a client-less passport[2m > [22mdoes not substitute passport.id for a missing client_id[39m[32m 11[2mms[22m[39m
[31m     → expected 'import { Router } from \'express\';\n…' not to contain 'clientId: passport.client_id || passp…'[39m
   [32m✓[39m trust-loop /collect never fabricates a client id for a client-less passport[2m > [22mpersistTrustLoop no longer requires a truthy clientId[32m 2[2mms[22m[39m
 [32m✓[39m src/security/hardening.test.ts [2m([22m[2m4 tests[22m[2m)[22m[32m 11[2mms[22m[39m
 [32m✓[39m tests/mcp-hardening.test.ts [2m([22m[2m4 tests[22m[2m)[22m[32m 6[2mms[22m[39m
 [32m✓[39m src/security/credential-vault.test.ts [2m([22m[2m3 tests[22m[2m)[22m[32m 8[2mms[22m[39m
 [31m❯[39m tests/api-fetch-trailing-slash.test.ts [2m([22m[2m57 tests[22m[2m | [22m[31m1 failed[39m[2m)[22m[32m 32[2mms[22m[39m
   [32m✓[39m apiFetch calls never use a bare trailing-slash path[2m > [22mfound component files to check[32m 1[2mms[22m[39m
   [32m✓[39m apiFetch calls never use a bare trailing-slash path[2m > [22mAITrustCenterView.tsx does not call apiFetch with a trailing-slash literal path[32m 1[2mms[22m[39m
   [32m✓[39m apiFetch calls never use a bare trailing-slash path[2m > [22mAgentTrustView.tsx does not call apiFetch with a trailing-slash literal path[32m 0[2mms[22m[39m
   [32m✓[39m apiFetch calls never use a bare trailing-slash path[2m > [22mAlertsView.tsx does not call apiFetch with a trailing-slash literal path[32m 0[2mms[22m[39m
   [32m✓[39m apiFetch calls never use a bare trailing-slash path[2m > [22mAssetsView.tsx does not call apiFetch with a trailing-slash literal path[32m 0[2mms[22m[39m
   [32m✓[39m apiFetch calls never use a bare trailing-slash path[2m > [22mAuditLogView.tsx does not call apiFetch with a trailing-slash literal path[32m 0[2mms[22m[39m
   [32m✓[39m apiFetch calls never use a bare trailing-slash path[2m > [22mAuthGate.tsx does not call apiFetch with a trailing-slash literal path[32m 0[2mms[22m[39m
   [32m✓[39m apiFetch calls never use a bare trailing-slash path[2m > [22mBillingView.tsx does not call apiFetch with a trailing-slash literal path[32m 0[2mms[22m[39m
   [32m✓[39m apiFetch calls never use a bare trailing-slash path[2m > [22mClientsView.tsx does not call apiFetch with a trailing-slash literal path[32m 0[2mms[22m[39m
   [32m✓[39m apiFetch calls never use a bare trailing-slash path[2m > [22mCommandCenter.tsx does not call apiFetch with a trailing-slash literal path[32m 0[2mms[22m[39m
   [32m✓[39m apiFetch calls never use a bare trailing-slash path[2m > [22mComplianceView.tsx does not call apiFetch with a trailing-slash literal path[32m 0[2mms[22m[39m
   [32m✓[39m apiFetch calls never use a bare trailing-slash path[2m > [22mCoverageView.tsx does not call apiFetch with a trailing-slash literal path[32m 0[2mms[22m[39m
   [32m✓[39m apiFetch calls never use a bare trailing-slash path[2m > [22mDemoPassport.tsx does not call apiFetch with a trailing-slash literal path[32m 0[2mms[22m[39m
   [32m✓[39m apiFetch calls never use a bare trailing-slash path[2m > [22mEnterpriseReadinessView.tsx does not call apiFetch with a trailing-slash literal path[32m 0[2mms[22m[39m
   [32m✓[39m apiFetch calls never use a bare trailing-slash path[2m > [22mEvidenceDashboardView.tsx does not call apiFetch with a trailing-slash literal path[32m 0[2mms[22m[39m
   [32m✓[39m apiFetch calls never use a bare trailing-slash path[2m > [22mEvidenceExplorerView.tsx does not call apiFetch with a trailing-slash literal path[32m 0[2mms[22m[39m
   [32m✓[39m apiFetch calls never use a bare trailing-slash path[2m > [22mExtensionMarketplace.tsx does not call apiFetch with a trailing-slash literal path[32m 0[2mms[22m[39m
   [32m✓[39m apiFetch calls never use a bare trailing-slash path[2m > [22mExtensionWorkflow.tsx does not call apiFetch with a trailing-slash literal path[32m 0[2mms[22m[39m
   [32m✓[39m apiFetch calls never use a bare trailing-slash path[2m > [22mFounderDashboardView.tsx does not call apiFetch with a trailing-slash literal path[32m 0[2mms[22m[39m
   [32m✓[39m apiFetch calls never use a bare trailing-slash path[2m > [22mFreeReviewView.tsx does not call apiFetch with a trailing-slash literal path[32m 0[2mms[22m[39m
   [32m✓[39m apiFetch calls never use a bare trailing-slash path[2m > [22mGovernanceView.tsx does not call apiFetch with a trailing-slash literal path[32m 0[2mms[22m[39m
   [32m✓[39m apiFetch calls never use a bare trailing-slash path[2m > [22mHeader.tsx does not call apiFetch with a trailing-slash literal path[32m 0[2mms[22m[39m
   [32m✓[39m apiFetch calls never use a bare trailing-slash path[2m > [22mHomePage.tsx does not call apiFetch with a trailing-slash literal path[32m 0[2mms[22m[39m
   [32m✓[39m apiFetch calls never use a bare trailing-slash path[2m > [22mInfrastructureHomeView.tsx does not call apiFetch with a trailing-slash literal path[32m 0[2mms[22m[39m
[31m   [31m×[31m apiFetch calls never use a bare trailing-slash path[2m > [22mIntegrationsView.tsx does not call apiFetch with a trailing-slash literal path[39m[32m 14[2mms[22m[39m
[31m     → expected [ Array(1) ] to deeply equal [][39m
   [32m✓[39m apiFetch calls never use a bare trailing-slash path[2m > [22mInvestorHomeView.tsx does not call apiFetch with a trailing-slash literal path[32m 6[2mms[22m[39m
   [32m✓[39m apiFetch calls never use a bare trailing-slash path[2m > [22mLoginView.tsx does not call apiFetch with a trailing-slash literal path[32m 0[2mms[22m[39m
   [32m✓[39m apiFetch calls never use a bare trailing-slash path[2m > [22mMSPCommandCenter.tsx does not call apiFetch with a trailing-slash literal path[32m 0[2mms[22m[39m
   [32m✓[39m apiFetch calls never use a bare trailing-slash path[2m > [22mMonitoringView.tsx does not call apiFetch with a trailing-slash literal path[32m 0[2mms[22m[39m
   [32m✓[39m apiFetch calls never use a bare trailing-slash path[2m > [22mMspLandingView.tsx does not call apiFetch with a trailing-slash literal path[32m 0[2mms[22m[39m
   [32m✓[39m apiFetch calls never use a bare trailing-slash path[2m > [22mMspPricingView.tsx does not call apiFetch with a trailing-slash literal path[32m 0[2mms[22m[39m
   [32m✓[39m apiFetch calls never use a bare trailing-slash path[2m > [22mOnboardingWizard.tsx does not call apiFetch with a trailing-slash literal path[32m 0[2mms[22m[39m
   [32m✓[39m apiFetch calls never use a bare trailing-slash path[2m > [22mPartnerProgramView.tsx does not call apiFetch with a trailing-slash literal path[32m 0[2mms[22m[39m
   [32m✓[39m apiFetch calls never use a bare trailing-slash path[2m > [22mPassportSwarmView.tsx does not call apiFetch with a trailing-slash literal path[32m 0[2mms[22m[39m
   [32m✓[39m apiFetch calls never use a bare trailing-slash path[2m > [22mPassportsView.tsx does not call apiFetch with a trailing-slash literal path[32m 0[2mms[22m[39m
   [32m✓[39m apiFetch calls never use a bare trailing-slash path[2m > [22mPilotOnboardingChecklist.tsx does not call apiFetch with a trailing-slash literal path[32m 0[2mms[22m[39m
   [32m✓[39m apiFetch calls never use a bare trailing-slash path[2m > [22mPlainEnglishReport.tsx does not call apiFetch with a trailing-slash literal path[32m 0[2mms[22m[39m
   [32m✓[39m apiFetch calls never use a bare trailing-slash path[2m > [22mPrivacyView.tsx does not call apiFetch with a trailing-slash literal path[32m 0[2mms[22m[39m
   [32m✓[39m apiFetch calls never use a bare trailing-slash path[2m > [22mQuestionnairesView.tsx does not call apiFetch with a trailing-slash literal path[32m 0[2mms[22m[39m
   [32m✓[39m apiFetch calls never use a bare trailing-slash path[2m > [22mQuickActionsSpeedDial.tsx does not call apiFetch with a trailing-slash literal path[32m 0[2mms[22m[39m
   [32m✓[39m apiFetch calls never use a bare trailing-slash path[2m > [22mReportsView.tsx does not call apiFetch with a trailing-slash literal path[32m 0[2mms[22m[39m
   [32m✓[39m apiFetch calls never use a bare trailing-slash path[2m > [22mRiskMitigation.tsx does not call apiFetch with a trailing-slash literal path[32m 0[2mms[22m[39m
   [32m✓[39m apiFetch calls never use a bare trailing-slash path[2m > [22mSPRLogo.tsx does not call apiFetch with a trailing-slash literal path[32m 0[2mms[22m[39m
   [32m✓[39m apiFetch calls never use a bare trailing-slash path[2m > [22mSavingsView.tsx does not call apiFetch with a trailing-slash literal path[32m 0[2mms[22m[39m
   [32m✓[39m apiFetch calls never use a bare trailing-slash path[2m > [22mScansView.tsx does not call apiFetch with a trailing-slash literal path[32m 0[2mms[22m[39m
   [32m✓[39m apiFetch calls never use a bare trailing-slash path[2m > [22mSecurityCenterView.tsx does not call apiFetch with a trailing-slash literal path[32m 0[2mms[22m[39m
   [32m✓[39m apiFetch calls never use a bare trailing-slash path[2m > [22mSettingsView.tsx does not call apiFetch with a trailing-slash literal path[32m 1[2mms[22m[39m
   [32m✓[39m apiFetch calls never use a bare trailing-slash path[2m > [22mSoftwareLineageTracker.tsx does not call apiFetch with a trailing-slash literal path[32m 0[2mms[22m[39m
   [32m✓[39m apiFetch calls never use a bare trailing-slash path[2m > [22mSoftwareSectorsPanel.tsx does not call apiFetch with a trailing-slash literal path[32m 0[2mms[22m[39m
   [32m✓[39m apiFetch calls never use a bare trailing-slash path[2m > [22mTeamView.tsx does not call apiFetch with a trailing-slash literal path[32m 0[2mms[22m[39m
   [32m✓[39m apiFetch calls never use a bare trailing-slash path[2m > [22mTrustBadge.tsx does not call apiFetch with a trailing-slash literal path[32m 0[2mms[22m[39m
   [32m✓[39m apiFetch calls never use a bare trailing-slash path[2m > [22mTrustBrainView.tsx does not call apiFetch with a trailing-slash literal path[32m 0[2mms[22m[39m
   [32m✓[39m apiFetch calls never use a bare trailing-slash path[2m > [22mTrustGraphView.tsx does not call apiFetch with a trailing-slash literal path[32m 0[2mms[22m[39m
   [32m✓[39m apiFetch calls never use a bare trailing-slash path[2m > [22mTrustOSTutorial.tsx does not call apiFetch with a trailing-slash literal path[32m 0[2mms[22m[39m
   [32m✓[39m apiFetch calls never use a bare trailing-slash path[2m > [22mTrustOSView.tsx does not call apiFetch with a trailing-slash literal path[32m 0[2mms[22m[39m
   [32m✓[39m apiFetch calls never use a bare trailing-slash path[2m > [22mVendorsView.tsx does not call apiFetch with a trailing-slash literal path[32m 0[2mms[22m[39m
   [32m✓[39m apiFetch calls never use a bare trailing-slash path[2m > [22mViewErrorBoundary.tsx does not call apiFetch with a trailing-slash literal path[32m 0[2mms[22m[39m
 [32m✓[39m src/security/webhook-signing.test.ts [2m([22m[2m4 tests[22m[2m)[22m[32m 4[2mms[22m[39m
 [31m❯[39m tests/settings-guide-contract.test.ts [2m([22m[2m4 tests[22m[2m | [22m[31m4 failed[39m[2m)[22m[32m 61[2mms[22m[39m
[31m   [31m×[31m Settings "Getting Started" guide stays honest about real gaps[2m > [22mis wired as a real tab, not dead markup[39m[32m 26[2mms[22m[39m
[31m     → expected '/**\r\n * @license\r\n * SPDX-License…' to contain 'setActiveSubTab(\'guide\')'[39m
[31m   [31m×[31m Settings "Getting Started" guide stays honest about real gaps[2m > [22mstill discloses billing has no backend[39m[32m 18[2mms[22m[39m
[31m     → expected '/**\r\n * @license\r\n * SPDX-License…' to contain 'no backend exists yet'[39m
[31m   [31m×[31m Settings "Getting Started" guide stays honest about real gaps[2m > [22mstill discloses custom domains are not implemented[39m[32m 11[2mms[22m[39m
[31m     → expected '/**\r\n * @license\r\n * SPDX-License…' to contain 'Custom domains</strong> — not impleme…'[39m
[31m   [31m×[31m Settings "Getting Started" guide stays honest about real gaps[2m > [22mstill discloses branding does not yet reach the public passport/emails[39m[32m 4[2mms[22m[39m
[31m     → expected '/**\r\n * @license\r\n * SPDX-License…' to contain 'only feeds the Reports PDF export, no…'[39m
 [2m[90m↓[39m[22m tests/security/fixture-contract.test.ts [2m([22m[2m2 tests[22m[2m | [22m[33m2 skipped[39m[2m)[22m
[90mstdout[2m | tests/integrations-live-provider-gate.test.ts
[22m[39m◇ injected env (0) from .env // tip: ⌘ enable debugging { debug: true }

 [32m✓[39m src/security/tenant-authorization.test.ts [2m([22m[2m8 tests[22m[2m)[22m[32m 4[2mms[22m[39m
 [31m❯[39m tests/plain-english-report-ui-contract.test.ts [2m([22m[2m3 tests[22m[2m | [22m[31m1 failed[39m[2m)[22m[32m 11[2mms[22m[39m
[31m   [31m×[31m PlainEnglishReport is wired into ReportsView from the same loaded passport/type[2m > [22mReportsView renders it only once a report has actually been loaded, using the same passport and report type[39m[32m 9[2mms[22m[39m
[31m     → expected 'import { useEffect, useMemo, useState…' to contain '{report && selectedPassport && ('[39m
   [32m✓[39m PlainEnglishReport is wired into ReportsView from the same loaded passport/type[2m > [22mfetches the real plain-english endpoint, not a mocked or hardcoded payload[32m 0[2mms[22m[39m
   [32m✓[39m PlainEnglishReport is wired into ReportsView from the same loaded passport/type[2m > [22mnever claims a numeric score when none exists[32m 0[2mms[22m[39m
[90mstderr[2m | tests/integrations-live-provider-gate.test.ts
[22m[39m[Database] SQL configuration is incomplete. DB readiness will report DB_MISCONFIGURED until DATABASE_URL or SQL_HOST, SQL_USER, SQL_PASSWORD and SQL_DB_NAME are configured.

 [32m✓[39m tests/integrations-live-provider-gate.test.ts [2m([22m[2m5 tests[22m[2m)[22m[32m 5[2mms[22m[39m
 [32m✓[39m tests/osv-severity.test.ts [2m([22m[2m8 tests[22m[2m)[22m[32m 7[2mms[22m[39m
 [2m[90m↓[39m[22m tests/security/firebase-emulator-authz.test.ts [2m([22m[2m1 test[22m[2m | [22m[33m1 skipped[39m[2m)[22m
 [32m✓[39m tests/osv-identity.test.ts [2m([22m[2m3 tests[22m[2m)[22m[32m 5[2mms[22m[39m
[90mstdout[2m | src/security/authorization-guards.test.ts
[22m[39m◇ injected env (0) from .env // tip: ⌘ suppress logs { quiet: true }

 [32m✓[39m src/integrations/universal-fabric.test.ts [2m([22m[2m3 tests[22m[2m)[22m[32m 9[2mms[22m[39m
 [32m✓[39m tests/worker-db-contract.test.ts [2m([22m[2m2 tests[22m[2m)[22m[32m 4[2mms[22m[39m
 [32m✓[39m src/security/audit-chain.test.ts [2m([22m[2m5 tests[22m[2m)[22m[32m 15[2mms[22m[39m
 [32m✓[39m tests/white-label-export-contract.test.ts [2m([22m[2m2 tests[22m[2m)[22m[32m 4[2mms[22m[39m
[90mstderr[2m | src/security/authorization-guards.test.ts
[22m[39m[Database] SQL configuration is incomplete. DB readiness will report DB_MISCONFIGURED until DATABASE_URL or SQL_HOST, SQL_USER, SQL_PASSWORD and SQL_DB_NAME are configured.

 [32m✓[39m src/security/authorization-guards.test.ts [2m([22m[2m9 tests[22m[2m)[22m[32m 4[2mms[22m[39m
 [32m✓[39m src/security/infrastructure-hardening.test.ts [2m([22m[2m5 tests[22m[2m)[22m[32m 14[2mms[22m[39m
[90mstderr[2m | tests/firebase-config.test.ts
[22m[39m[Firebase Config] Missing required VITE_FIREBASE_* environment variables; using safe demo config in the browser.

 [32m✓[39m tests/firebase-config.test.ts [2m([22m[2m1 test[22m[2m)[22m[32m 3[2mms[22m[39m
 [32m✓[39m src/security/public-passport-security.test.ts [2m([22m[2m2 tests[22m[2m)[22m[32m 7[2mms[22m[39m
 [32m✓[39m src/security/api-fuzz-contract.test.ts [2m([22m[2m9 tests[22m[2m)[22m[32m 5[2mms[22m[39m
 [32m✓[39m src/security/health-contract.test.ts [2m([22m[2m2 tests[22m[2m)[22m[32m 5[2mms[22m[39m
[90mstdout[2m | tests/smoke.test.ts[2m > [22m[2mSPR configuration smoke test[2m > [22m[2mloads the configuration in test mode without production credentials
[22m[39m◇ injected env (0) from .env // tip: ⌘ override existing { override: true }

 [32m✓[39m tests/smoke.test.ts [2m([22m[2m1 test[22m[2m)[22m[32m 65[2mms[22m[39m
[90mstdout[2m | tests/backend-hardening.test.ts
[22m[39m◇ injected env (0) from .env // tip: ◈ encrypted .env [www.dotenvx.com]

[90mstderr[2m | tests/backend-hardening.test.ts
[22m[39m[Database] SQL configuration is incomplete. DB readiness will report DB_MISCONFIGURED until DATABASE_URL or SQL_HOST, SQL_USER, SQL_PASSWORD and SQL_DB_NAME are configured.

 [32m✓[39m tests/backend-hardening.test.ts [2m([22m[2m2 tests[22m[2m)[22m[32m 3[2mms[22m[39m

[31m⎯⎯⎯⎯⎯⎯[39m[1m[41m Failed Tests 141 [49m[22m[31m⎯⎯⎯⎯⎯⎯[39m

[41m[1m FAIL [22m[49m tests/alert-lifecycle-contract.test.ts[2m > [22mSPR alert lifecycle contracts[2m > [22mcreates a remediation work item on demand before patching one that might not exist yet
[31m[1mAssertionError[22m: expected 'import { useEffect, useMemo, useState…' to contain 'if (!remediationId)'[39m

[32m- Expected[39m
[31m+ Received[39m

[32m- i[7mf (!remediationId)[27m[39m
[31m+ i[7mmport { useEffect, useMemo, useState, type ReactNode } from 'react';[27m[39m
[31m+ import { getRedirectResult, onAuthStateChanged, signOut, type User } from 'firebase/auth';[39m
[31m+ import type { Alert, Client, Integration, Scan, SoftwarePassport, Vendor } from './types';[39m
[31m+ import type { VerificationDecision } from './lib/verification/evaluateVerification.ts';[39m
[31m+ import { apiFetch } from './utils/apiClient';[39m
[31m+ import { auth } from './lib/firebase';[39m
[31m+ import CommandCenter from './components/CommandCenter';[39m
[31m+ import ExtensionWorkflow from './components/ExtensionWorkflow';[39m
[31m+ import ExtensionMarketplace from './components/ExtensionMarketplace';[39m
[31m+ import LoginView from './components/LoginView';[39m
[31m+ import EvidenceDashboardView from './components/EvidenceDashboardView';[39m
[31m+ import EvidenceExplorerView from './components/EvidenceExplorerView';[39m
[31m+ import AITrustCenterView from './components/AITrustCenterView';[39m
[31m+ import CoverageView from './components/CoverageView';[39m
[31m+ import AssetsView from './components/AssetsView';[39m
[31m+ import PassportsView from './components/PassportsView';[39m
[31m+ import ScansView from './components/ScansView';[39m
[31m+ import AlertsView from './components/AlertsView';[39m
[31m+ import ClientsView from './components/ClientsView';[39m
[31m+ import VendorsView from './components/VendorsView';[39m
[31m+ import IntegrationsView from './components/IntegrationsView';[39m
[31m+ import BillingView from './components/BillingView';[39m
[31m+ import ComplianceView from './components/ComplianceView';[39m
[31m+ import AgentTrustView from './components/AgentTrustView';[39m
[31m+ import EnterpriseReadinessView from './components/EnterpriseReadinessView';[39m
[31m+ import FounderDashboardView from './components/FounderDashboardView';[39m
[31m+ import InvestorHomeView from './components/InvestorHomeView';[39m
[31m+ import SettingsView from './components/SettingsView';[39m
[31m+ import TeamView from './components/TeamView';[39m
[31m+ import AuditLogView from './components/AuditLogView';[39m
[31m+ import MonitoringView from './components/MonitoringView';[39m
[31m+ import SecurityCenterView from './components/SecurityCenterView';[39m
[31m+ import MSPCommandCenter from './components/MSPCommandCenter';[39m
[31m+ import ReportsView from './components/ReportsView';[39m
[31m+ import TrustGraphView from './components/TrustGraphView';[39m
[31m+ import { EXTENSIONS } from './workflows/extensionRegistry';[39m
[31m+ const PUBLIC_PATHS = new Set(['/','/login','/free-review','/pricing']);[39m
[31m+ const EMPTY_CLIENTS: Client[] = []; const EMPTY_PASSPORTS: SoftwarePassport[] = []; const EMPTY_VENDORS: Vendor[] = []; const EMPTY_INTEGRATIONS: Integration[] = []; const EMPTY_SCANS: Scan[] = []; const EMPTY_ALERTS: Alert[] = [];[39m
[31m+ function deriveAlertStatus(remediationStatus: string | null | undefined, findingStatus: string | null | undefined): Alert['status'] { switch (remediationStatus) { case 'IN_PROGRESS': case 'READY_FOR_VERIFICATION': return 'Acknowledged'; case 'BLOCKED': return 'Snoozed'; case 'VERIFIED': case 'CLOSED': return 'Resolved'; case 'CANCELLED': return 'Cancelled'; case 'OPEN': return 'Active'; default: return String(findingStatus || '').toLowerCase() === 'resolved' ? 'Resolved' : 'Active'; } }[39m
[31m+ function navigate(path: string) { window.history.pushState({}, '', path); window.dispatchEvent(new PopStateEvent('popstate')); }[39m
[31m+ function usePath() { const [path, setPath] = useState(() => window.location.pathname || '/'); useEffect(() => { const update = () => setPath(window.location.pathname || '/'); window.addEventListener('popstate', update); return () => window.removeEventListener('popstate', update); }, []); return path; }[39m
[31m+ function AuthLoading() { return <div className="grid min-h-screen place-items-center bg-[#faf9f8] text-[#201f1e]"><div className="text-center"><div className="mx-auto grid h-10 w-10 place-items-center rounded bg-[#0f6cbd] text-xs font-bold text-white">S</div><div className="mt-4 text-[11px] font-semibold uppercase tracking-wide text-[#605e5c]">Securing workspace</div><div className="mt-1 text-[12px] text-[#8a8886]">Checking authenticated session…</div></div></div>; }[39m
[31m+ function CoverPage() { return <div className="min-h-screen bg-[#faf9f8] text-[#201f1e]"><div className="mx-auto flex min-h-screen max-w-5xl items-center px-6 py-16"><div className="max-w-3xl"><div className="mb-5 inline-flex items-center gap-1.5 rounded border border-[#e1dfdd] bg-white px-2.5 py-1 text-[11px] font-semibold uppercase tracking-wide text-[#605e5c]">Evidence-first software trust</div><h1 className="text-[28px] font-semibold tracking-tight md:text-[34px]">Software trust, operated as a system.</h1><p className="mt-4 max-w-2xl text-[14px] leading-6 text-[#605e5c]">Software Passport Registry turns software identity, security, provenance, reliability, compliance, and evidence into repeatable workflows for teams, buyers, and managed service providers.</p><div className="mt-6 flex flex-wrap gap-2"><button onClick={() => navigate('/login')} className="h-9 rounded bg-[#0f6cbd] px-4 text-[13px] font-semibold text-white hover:bg-[#004578]">Enter SPR</button><button onClick={() => navigate('/free-review')} className="h-9 rounded border border-[#c8c6c4] bg-white px-4 text-[13px] font-medium text-[#323130] hover:bg-black/[.03]">Free review</button></div></div></div></div>; }[39m
[31m+ function PublicPage({ title, description, action, onAction }: { title: string; description: string; action: string; onAction: () => void }) { return <div className="grid min-h-screen place-items-center bg-[#faf9f8] px-6 text-[#201f1e]"><div className="max-w-md rounded-md border border-[#e1dfdd] bg-white p-6 text-center"><div className="text-[11px] font-semibold uppercase tracking-wide text-[#605e5c]">Software Passport Registry</div><h1 className="mt-2 text-[20px] font-semibold">{title}</h1><p className="mt-2 text-[13px] leading-5 text-[#605e5c]">{description}</p><button onClick={onAction} className="mt-5 h-9 rounded bg-[#0f6cbd] px-4 text-[13px] font-semibold text-white hover:bg-[#004578]">{action}</button></div></div>; }[39m
[31m+ function WorkflowBoundary({ title, description, extensionId, onNavigate }: { title: string; description: string; extensionId?: string; onNavigate: (path: string) => void }) { const extension = extensionId ? EXTENSIONS.find((item) => item.id === extensionId) : undefined; return <section><div className="rounded-md border border-[#e1dfdd] bg-white p-5"><div className="text-[11px] font-semibold uppercase tracking-wide text-[#605e5c]">Workflow boundary</div><h1 className="mt-1.5 text-[20px] font-semibold tracking-tight">{title}</h1><p className="mt-2 max-w-2xl text-[13px] leading-5 text-[#605e5c]">{description}</p>{extension && <button onClick={() => onNavigate(extension.entryPath)} className="mt-4 h-8 rounded bg-[#0f6cbd] px-3 text-[12px] font-semibold text-white hover:bg-[#004578]">Open {extension.name} →</button>}</div></section>; }[39m
[31m+ export default function App() {[39m
[31m+  const path=usePath(); const [authReady,setAuthReady]=useState(false); const [user,setUser]=useState<User|null>(null); const [role,setRole]=useState('Viewer'); const [selectedClientId,setSelectedClientId]=useState(''); const [selectedPassportId,setSelectedPassportId]=useState<string|null>(null); const [assets,setAssets]=useState<any[]>([]); const [clients,setClients]=useState<Client[]>(EMPTY_CLIENTS); const [passports,setPassports]=useState<SoftwarePassport[]>(EMPTY_PASSPORTS); const [vendors,setVendors]=useState<Vendor[]>(EMPTY_VENDORS); const [alerts,setAlerts]=useState<Alert[]>(EMPTY_ALERTS); const [findings,setFindings]=useState<unknown[]>([]); const [scans,setScans]=useState<Scan[]>(EMPTY_SCANS); const [integrations,setIntegrations]=useState<Integration[]>(EMPTY_INTEGRATIONS); const [theme,setTheme]=useState<'light'|'dark'>('dark'); const [verificationDecisions,setVerificationDecisions]=useState<Record<string,VerificationDecision>>({}); const [verificationDetails,setVerificationDetails]=useState<Record<string,unknown>>({});[39m
[31m+  useEffect(()=>{let mounted=true;let redirectSettled=false;let observedUser:User|null=null;const timeoutId=window.setTimeout(()=>{if(mounted)setAuthReady(true)},10000);const unsubscribe=onAuthStateChanged(auth,(currentUser)=>{if(!mounted)return;observedUser=currentUser;if(!redirectSettled)return;setUser(currentUser);setAuthReady(true);window.clearTimeout(timeoutId)},()=>{if(mounted){setAuthReady(true);window.clearTimeout(timeoutId)}});void getRedirectResult(auth).then(result=>{redirectSettled=true;if(mounted)setUser(result?.user||observedUser);if(mounted)setAuthReady(true);window.clearTimeout(timeoutId)}).catch(error=>{redirectSettled=true;console.error('[Firebase redirect sign-in error]',error);if(mounted)setUser(observedUser);if(mounted)setAuthReady(true);window.clearTimeout(timeoutId)});return()=>{mounted=false;window.clearTimeout(timeoutId);unsubscribe()}},[]);[39m
[31m+  useEffect(()=>{if(authReady&&!user&&!PUBLIC_PATHS.has(path))navigate('/login')},[authReady,user,path]);[39m
[31m+  useEffect(()=>{if(!user)return;let cancelled=false;const load=async()=>{const responses=await Promise.all([apiFetch('/api/user/me'),apiFetch('/api/scans'),apiFetch('/api/trust-loop/findings'),apiFetch('/api/user/passports'),apiFetch('/api/user/clients'),apiFetch('/api/integrations'),apiFetch('/api/user/verification')]);if(responses.some(r=>r.status===401)){await signOut(auth);navigate('/login');return}const [me,scansResponse,findingsResponse,passportsResponse,clientsResponse,integrationsResponse,verificationResponse]=responses;if(verificationResponse.ok){const data=await verificationResponse.json().catch(()=>null);if(!cancelled){setVerificationDecisions(data?.verificationDecisions&&typeof data.verificationDecisions==='object'?data.verificationDecisions:{});setVerificationDetails(data?.verificationDetails&&typeof data.verificationDetails==='object'?data.verificationDetails:{})}}else if(!cancelled){setVerificationDecisions({});setVerificationDetails({})}if(me.ok){const data=await me.json().catch(()=>null);if(!cancelled)setRole(String(data?.role||'Viewer'))}if(scansResponse.ok){const data=await scansResponse.json().catch(()=>[]);if(!cancelled&&Array.isArray(data))setScans(data)}if(findingsResponse.ok){const data=await findingsResponse.json().catch(()=>[]);const rows=Array.isArray(data)?data:data?.findings;if(!cancelled&&Array.isArray(rows)){setFindings(rows);setAlerts(rows.map((row:any)=>({id:String(row.id),title:String(row.title||row.control_id||'Trust finding'),severity:String(row.severity||'Low').replace(/^./,(s:string)=>s.toUpperCase()),category:'Trust finding',clientName:String(row.client_id||'Tenant'),description:String(row.description||'Evidence-backed finding'),timestamp:String(row.updated_at||''),status:deriveAlertStatus(row.remediation_status,row.status),remediationId:row.remediation_id?String(row.remediation_id):null,ownerDisplay:row.remediation_owner_display||null,slaDueAt:row.remediation_sla_due_at||null})) as Alert[])}}if(passportsResponse.ok){const data=await passportsResponse.json().catch(()=>[]);const rows=Array.isArray(data)?data:data?.passports;if(!cancelled&&Array.isArray(rows)){const normalized=rows.map((row:any)=>({...row,id:String(row.id),name:String(row.name||'Unnamed software'),version:String(row.version||'unknown'),publisher:String(row.publisher||'unknown'),clientId:row.clientId?String(row.clientId):undefined,evidence:Array.isArray(row.evidence)?row.evidence:[],vulnerabilities:Array.isArray(row.vulnerabilities)?row.vulnerabilities:[],timeline:Array.isArray(row.timeline)?row.timeline:[],sbom:Array.isArray(row.sbom)?row.sbom:[],scores:null,scoreStatus:row.scoreStatus||'not_authoritatively_scored'})) as SoftwarePassport[];setPassports(normalized);setAssets(normalized.map((passport:any)=>({id:passport.id,name:passport.name,hostName:passport.name,type:passport.category||'software',clientId:passport.clientId,clientName:String(passport.clientId||'Unobserved'),environment:String(passport.environment||'Unobserved'),version:passport.version})));setVendors(EMPTY_VENDORS)}}if(clientsResponse.ok){const data=await clientsResponse.json().catch(()=>[]);const rows=Array.isArray(data)?data:data?.clients;if(!cancelled&&Array.isArray(rows))setClients(rows.map((row:any)=>({...row,id:String(row.id),name:String(row.name||row.company_name||'Unnamed client')})) as Client[])}if(integrationsResponse.ok){const data=await integrationsResponse.json().catch(()=>[]);if(!cancelled&&Array.isArray(data))setIntegrations(data)}};void load().catch(error=>console.warn('[SPR command center load]',error));return()=>{cancelled=true}},[user]);[39m
[31m+  useEffect(()=>{const refresh=()=>{if(user)window.location.reload()};window.addEventListener('refresh-data',refresh);return()=>window.removeEventListener('refresh-data',refresh)},[user]);[39m
[31m+  const onNavigateTab=(target:string,itemId?:string)=>navigate(itemId?`${target.startsWith('/')?target:`/${target}`}/${encodeURIComponent(itemId)}`:target.startsWith('/')?target:`/${target}`); const quickAction=(action:'add-client'|'register-passport'|'scan-sbom')=>navigate(action==='add-client'?'/clients':action==='register-passport'?'/passports':'/scans');[39m
[31m+  const performAlertAction=async(alert:Alert,action:'acknowledge'|'assign'|'resolve'|'escalate'|'snooze'|'reopen',assigneeDisplay?:string)=>{let remediationId=alert.remediationId;if(!remediationId){const created=await apiFetch('/api/trust-loop/remediations',{method:'POST',headers:{'Content-Type':'application/json'},body:JSON.stringify({findingId:alert.id,title:alert.title,description:alert.description,priority:alert.severity.toUpperCase()})});if(!created.ok)return;const createdBody=await created.json().catch(()=>null);remediationId=createdBody?.id?String(createdBody.id):undefined;if(!remediationId)return}const patchBody:Record<string,unknown>={acknowledge:{status:'IN_PROGRESS'},resolve:{status:'CLOSED'},snooze:{status:'BLOCKED'},reopen:{status:'OPEN'},escalate:{status:'IN_PROGRESS',slaDueAt:new Date(Date.now()+4*3600*1000).toISOString()},assign:{status:'IN_PROGRESS',ownerDisplay:assigneeDisplay||''}}[action];const response=await apiFetch(`/api/trust-loop/remediations/${encodeURIComponent(remediationId)}`,{method:'PATCH',headers:{'Content-Type':'application/json'},body:JSON.stringify(patchBody)});if(!response.ok)return;const updated=await response.json().catch(()=>null);setAlerts(current=>current.map(item=>item.id===alert.id?{...item,remediationId,status:deriveAlertStatus(updated?.status??String(patchBody.status),null),ownerDisplay:updated?.owner_display??(patchBody.ownerDisplay as string|undefined)??item.ownerDisplay,slaDueAt:updated?.sla_due_at??(patchBody.slaDueAt as string|undefined)??item.slaDueAt}:item))};[39m
[31m+  const selectedExtension=useMemo(()=>{const match=path.match(/^\/extensions\/([^/]+)/);return match?decodeURIComponent(match[1]):null},[path]);const signOutUser=async()=>{await signOut(auth);navigate('/login')};[39m
[31m+  if(!authReady)return <AuthLoading/>;if(path==='/')return <CoverPage/>;if(path==='/login')return user?<AuthLoading/>:<LoginView onLoginSuccess={()=>navigate('/dashboard')}/>;if(!user&&path==='/free-review')return <PublicPage title="Free software review" description="Start an evidence-first review from the public entry point." action="Sign in to continue" onAction={()=>navigate('/login')}/>;if(!user&&path==='/pricing')return <PublicPage title="SPR plans" description="Account and billing capabilities are available inside the authenticated workspace." action="Enter SPR" onAction={()=>navigate('/login')}/>;if(!user)return <AuthLoading/>;[39m
[31m+  let view:ReactNode;if(selectedExtension)view=<ExtensionWorkflow id={selectedExtension} onNavigate={navigate}/>;else switch(path){case '/dashboard':view=<EvidenceDashboardView clients={clients} alerts={alerts} scans={scans} passports={passports} findings={findings} onNavigateTab={onNavigateTab} onOpenQuickAction={quickAction}/>;break;case '/coverage':view=<CoverageView clients={clients} scans={scans} passports={passports} onNavigateTab={onNavigateTab}/>;break;case '/evidence-explorer':view=<EvidenceExplorerView passports={passports}/>;break;case '/assets':view=<AssetsView clients={clients} searchQuery="" assets={assets}/>;break;case '/passports':case '/registry':view=<PassportsView verificationDecisions={verificationDecisions} verificationDetails={verificationDetails} passports={passports} selectedPassportId={selectedPassportId} setSelectedPassportId={setSelectedPassportId} searchQuery="" clients={clients} assets={assets} role={role} onNavigateTab={onNavigateTab} onUpdatePassport={passport=>setPassports(current=>current.map(item=>item.id===passport.id?passport:item))}/>;break;case '/scans':view=<ScansView scans={scans} clients={clients} assets={assets} passports={passports} role={role} onTriggerNewScan={scan=>setScans(current=>[scan,...current.filter(item=>item.id!==scan.id)].slice(0,100))}/>;break;case '/alerts':view=<AlertsView alerts={alerts} onAlertAction={performAlertAction}/>;break;case '/reports':view=<ReportsView clients={clients} passports={passports} scans={scans} alerts={alerts} findings={findings} role={role}/>;break;case '/trust-graph':view=<TrustGraphView clients={clients} passports={passports} assets={assets} findings={findings}/>;/* onSelectPassport={setSelectedPassportId} */break;case '/clients':view=<ClientsView clients={clients} selectedClientId={selectedClientId} setSelectedClientId={setSelectedClientId} passports={passports} onNavigateTab={onNavigateTab} searchQuery=""/>;break;case '/vendors':view=<VendorsView vendors={vendors} searchQuery=""/>;break;case '/integrations':view=<IntegrationsView passports={passports} onNavigateTab={onNavigateTab}/>;break;case '/monitoring':view=<MonitoringView role={role}/>;break;case '/security':view=<SecurityCenterView clients={clients} passports={passports}/>;break;case '/compliance':view=<ComplianceView clients={clients} role={role}/>;break;case '/msp':view=<MSPCommandCenter verificationDecisions={verificationDecisions} verificationDetails={verificationDetails} clients={clients} alerts={alerts} findings={findings} role={role} onSelectClient={setSelectedClientId} onNavigate={navigate}/>;break;case '/agent-trust':view=<AgentTrustView/>;break;case '/ai-trust-center':view=<AITrustCenterView role={role}/>;break;case '/enterprise-readiness':view=<EnterpriseReadinessView clients={clients}/>;break;case '/investor':view=<InvestorHomeView passports={passports} clients={clients} alerts={alerts} onShowTelemetry={()=>navigate('/scans')} onNavigateTab={onNavigateTab}/>;break;case '/founder':view=<FounderDashboardView userRole={role}/>;break;case '/billing':view=<BillingView/>;break;case '/settings':view=<SettingsView theme={theme} onToggleTheme={()=>setTheme(current=>current==='dark'?'light':'dark')}/>;break;case '/team':view=<TeamView role={role}/>;break;case '/audit-log':view=<AuditLogView/>;break;case '/extensions':view=<ExtensionMarketplace onNavigateTab={onNavigateTab} role={role}/>;break;default:view=<WorkflowBoundary title="Workflow" description="This authenticated capability is explicitly routed through the Command Center. Choose its owning workflow from the left rail." onNavigate={navigate}/>}[39m
[31m+  return <CommandCenter path={path} userEmail={user.email} role={role} onNavigate={navigate} onSignOut={()=>void signOutUser()}>{view}</CommandCenter>;[39m
[31m+ }[39m
[31m+[39m

[36m [2m❯[22m tests/alert-lifecycle-contract.test.ts:[2m21:17[22m[39m
    [90m 19| [39m    [34mexpect[39m(app)[33m.[39m[34mtoContain[39m([32m'const performAlertAction'[39m)[33m;[39m
    [90m 20| [39m    [34mexpect[39m(app)[33m.[39m[34mtoContain[39m([32m"apiFetch('/api/trust-loop/remediations'"[39m)[33m;[39m
    [90m 21| [39m    [34mexpect[39m(app)[33m.[39m[34mtoContain[39m([32m'if (!remediationId)'[39m)[33m;[39m
    [90m   | [39m                [31m^[39m
    [90m 22| [39m  })[33m;[39m
    [90m 23| [39m

[31m[2m⎯⎯⎯⎯⎯⎯⎯⎯⎯⎯⎯⎯⎯⎯⎯⎯⎯⎯⎯⎯⎯⎯[1/141]⎯[22m[39m

[41m[1m FAIL [22m[49m tests/api-fetch-trailing-slash.test.ts[2m > [22mapiFetch calls never use a bare trailing-slash path[2m > [22mIntegrationsView.tsx does not call apiFetch with a trailing-slash literal path
[31m[1mAssertionError[22m: expected [ Array(1) ] to deeply equal [][39m

[32m- Expected[39m
[31m+ Received[39m

[32m- [][39m
[31m+ [[39m
[31m+   "apiFetch('/api/integrations-live/')",[39m
[31m+ ][39m

[36m [2m❯[22m tests/api-fetch-trailing-slash.test.ts:[2m28:25[22m[39m
    [90m 26| [39m      const content = fs.readFileSync(path.join(componentsDir, file), …
    [90m 27| [39m      const offenders = content.match(/apiFetch\(['"`]\/api\/[^'"`]*\/…
    [90m 28| [39m      [34mexpect[39m(offenders)[33m.[39m[34mtoEqual[39m([])[33m;[39m
    [90m   | [39m                        [31m^[39m
    [90m 29| [39m    })[33m;[39m
    [90m 30| [39m  }

[31m[2m⎯⎯⎯⎯⎯⎯⎯⎯⎯⎯⎯⎯⎯⎯⎯⎯⎯⎯⎯⎯⎯⎯[2/141]⎯[22m[39m

[41m[1m FAIL [22m[49m tests/auth-notice-contract.test.ts[2m > [22mthe notice is actually wired into both failure paths[2m > [22mApp.tsx's batch-load 401 branch sets a notice before signing out and navigating away
[31m[1mAssertionError[22m: expected -1 to be greater than -1[39m
[36m [2m❯[22m tests/auth-notice-contract.test.ts:[2m56:25[22m[39m
    [90m 54| [39m    [35mconst[39m source [33m=[39m [34mread[39m([32m'src/App.tsx'[39m)[33m;[39m
    [90m 55| [39m    [35mconst[39m branchStart [33m=[39m source[33m.[39m[34mindexOf[39m([32m'response.status === 401'[39m)[33m;[39m
    [90m 56| [39m    [34mexpect[39m(branchStart)[33m.[39m[34mtoBeGreaterThan[39m([33m-[39m[34m1[39m)[33m;[39m
    [90m   | [39m                        [31m^[39m
    [90m 57| [39m    [35mconst[39m branch [33m=[39m source[33m.[39m[34mslice[39m(branchStart[33m,[39m branchStart [33m+[39m [34m400[39m)[33m;[39m
    [90m 58| [39m    [34mexpect[39m(branch)[33m.[39m[34mtoContain[39m([32m'setAuthNotice('[39m)[33m;[39m

[31m[2m⎯⎯⎯⎯⎯⎯⎯⎯⎯⎯⎯⎯⎯⎯⎯⎯⎯⎯⎯⎯⎯⎯[3/141]⎯[22m[39m

[41m[1m FAIL [22m[49m tests/auth-notice-contract.test.ts[2m > [22mthe notice is actually wired into both failure paths[2m > [22mLoginView consumes the pending notice on mount
[31m[1mAssertionError[22m: expected 'import React, { useEffect, useState }…' to contain 'consumeAuthNotice()'[39m

[32m- Expected[39m
[31m+ Received[39m

[32m- consumeAuthNotice()[39m
[31m+ import React, { useEffect, useState } from 'react';[39m
[31m+ import {[39m
[31m+   createUserWithEmailAndPassword,[39m
[31m+   onAuthStateChanged,[39m
[31m+   reload,[39m
[31m+   sendEmailVerification,[39m
[31m+   sendPasswordResetEmail,[39m
[31m+   signInWithEmailAndPassword,[39m
[31m+   signInWithPopup,[39m
[31m+   signInWithRedirect,[39m
[31m+   signOut,[39m
[31m+   type User,[39m
[31m+ } from 'firebase/auth';[39m
[31m+ import { AlertCircle, ArrowRight, CheckCircle2, Eye, EyeOff, Loader, ShieldCheck } from 'lucide-react';[39m
[31m+ import { auth, googleAuthProvider, firebaseConfigured } from '../lib/firebase';[39m
[31m+[39m
[31m+ interface LoginViewProps {[39m
[31m+   onLoginSuccess: (user: { uid: string; email: string | null; displayName: string; token: string; emailVerified: boolean; onboarded: 0 }) => void;[39m
[31m+ }[39m
[31m+[39m
[31m+ const authMessage = (error: any, fallback: string) => {[39m
[31m+   switch (error?.code) {[39m
[31m+     case 'auth/invalid-credential':[39m
[31m+     case 'auth/user-not-found':[39m
[31m+     case 'auth/wrong-password': return 'The email or password is incorrect.';[39m
[31m+     case 'auth/email-already-in-use': return 'An account already exists for this email. Sign in instead.';[39m
[31m+     case 'auth/invalid-email': return 'Enter a valid email address.';[39m
[31m+     case 'auth/weak-password': return 'Choose a stronger password with at least 6 characters.';[39m
[31m+     case 'auth/too-many-requests': return 'Too many attempts. Please wait a few minutes and try again.';[39m
[31m+     case 'auth/unauthorized-domain': return `This site is not authorized for Firebase sign-in (${window.location.hostname}). Add this domain in Firebase Authentication → Settings → Authorized domains.`;[39m
[31m+     case 'auth/operation-not-allowed': return 'Google sign-in is not enabled in Firebase Authentication.';[39m
[31m+     case 'auth/popup-blocked': return 'Your browser blocked the Google sign-in window. We will retry with a redirect.';[39m
[31m+     case 'auth/popup-closed-by-user': return '';[39m
[31m+     case 'auth/cancelled-popup-request': return '';[39m
[31m+     case 'auth/account-exists-with-different-credential': return 'This email already uses a different sign-in method.';[39m
[31m+     case 'auth/network-request-failed': return 'Authentication could not reach Firebase. Check your connection and try again.';[39m
[31m+     case 'auth/web-storage-unsupported': return 'Browser storage is unavailable. Enable cookies/site data for this site and try again.';[39m
[31m+     case 'auth/argument-error': return 'Firebase authentication is not initialized correctly for this deployment. Check the Vercel VITE_FIREBASE_* production variables and redeploy.';[39m
[31m+     default: return error?.message ? `${fallback} (${error.code || 'unknown-error'})` : fallback;[39m
[31m+   }[39m
[31m+ };[39m
[31m+[39m
[31m+ export default function LoginView({ onLoginSuccess }: LoginViewProps) {[39m
[31m+   const [email, setEmail] = useState('');[39m
[31m+   const [password, setPassword] = useState('');[39m
[31m+   const [showPassword, setShowPassword] = useState(false);[39m
[31m+   const [loading, setLoading] = useState(false);[39m
[31m+   const [googleLoading, setGoogleLoading] = useState(false);[39m
[31m+   const [error, setError] = useState('');[39m
[31m+   const [notice, setNotice] = useState('');[39m
[31m+[39m
[31m+   const complete = async (user: User) => {[39m
[31m+     if (!auth) throw new Error('Firebase authentication is not initialized.');[39m
[31m+     await reload(user);[39m
[31m+     if (!user.emailVerified) {[39m
[31m+       try { await sendEmailVerification(user); } catch { /* Firebase may rate-limit repeated verification emails. */ }[39m
[31m+       await signOut(auth);[39m
[31m+       setNotice('Verify your email before entering SPR. We sent a fresh verification email. Then sign in again.');[39m
[31m+       return;[39m
[31m+     }[39m
[31m+     const token = await user.getIdToken(true);[39m
[31m+     onLoginSuccess({ uid: user.uid, email: user.email, displayName: user.displayName || user.email?.split('@')[0] || 'User', token, emailVerified: true, onboarded: 0 });[39m
[31m+   };[39m
[31m+[39m
[31m+   useEffect(() => {[39m
[31m+     if (!auth) {[39m
[31m+       setNotice('Authentication is temporarily unavailable. The frontend loaded, but Firebase browser configuration is missing from this deployment.');[39m
[31m+       return;[39m
[31m+     }[39m
[31m+     const unsubscribe = onAuthStateChanged(auth, (currentUser) => {[39m
[31m+       if (!currentUser || currentUser.emailVerified) return;[39m
[31m+       setNotice('Verify your email before entering the protected workspace.');[39m
[31m+     });[39m
[31m+     const onProvisioningFailure = () => {[39m
[31m+       setError('Your Firebase account is valid, but SPR has not provisioned this account in its workspace yet.');[39m
[31m+       setNotice('Authentication succeeded; workspace authorization is still required.');[39m
[31m+     };[39m
[31m+     window.addEventListener('auth-provisioning-failed', onProvisioningFailure);[39m
[31m+     return () => { unsubscribe(); window.removeEventListener('auth-provisioning-failed', onProvisioningFailure); };[39m
[31m+   }, []);[39m
[31m+[39m
[31m+   const submit = async (event: React.FormEvent) => {[39m
[31m+     event.preventDefault();[39m
[31m+     if (loading || googleLoading) return;[39m
[31m+     if (!auth || !firebaseConfigured) { setError('Firebase browser configuration is missing. Add the VITE_FIREBASE_* Production variables in Vercel and redeploy.'); return; }[39m
[31m+     setLoading(true); setError(''); setNotice('');[39m
[31m+     try { const result = await signInWithEmailAndPassword(auth, email.trim().toLowerCase(), password); await complete(result.user); }[39m
[31m+     catch (err: any) { const message = authMessage(err, 'Sign-in failed.'); if (message) setError(message); }[39m
[31m+     finally { setLoading(false); }[39m
[31m+   };[39m
[31m+[39m
[31m+   const register = async () => {[39m
[31m+     if (loading || googleLoading) return;[39m
[31m+     if (!auth || !firebaseConfigured) { setError('Firebase browser configuration is missing. Add the VITE_FIREBASE_* Production variables in Vercel and redeploy.'); return; }[39m
[31m+     setLoading(true); setError(''); setNotice('');[39m
[31m+     try { const result = await createUserWithEmailAndPassword(auth, email.trim().toLowerCase(), password); await sendEmailVerification(result.user); await signOut(auth); setNotice('Account created. Check your email, verify it, then sign in.'); }[39m
[31m+     catch (err: any) { setError(authMessage(err, 'Account creation failed.')); }[39m
[31m+     finally { setLoading(false); }[39m
[31m+   };[39m
[31m+[39m
[31m+   const google = async () => {[39m
[31m+     if (loading || googleLoading) return;[39m
[31m+     if (!auth || !firebaseConfigured) { setError('Firebase browser configuration is missing. Add the VITE_FIREBASE_* Production variables in Vercel and redeploy.'); return; }[39m
[31m+     setGoogleLoading(true); setError(''); setNotice('Opening secure Google sign-in…');[39m
[31m+     try {[39m
[31m+       try {[39m
[31m+         const result = await signInWithPopup(auth, googleAuthProvider);[39m
[31m+         await complete(result.user);[39m
[31m+       } catch (err: any) {[39m
[31m+         if (['auth/popup-blocked', 'auth/operation-not-supported-in-this-environment'].includes(err?.code)) {[39m
[31m+           await signInWithRedirect(auth, googleAuthProvider);[39m
[31m+           return;[39m
[31m+         }[39m
[31m+         throw err;[39m
[31m+       }[39m
[31m+     } catch (err: any) {[39m
[31m+       const message = authMessage(err, 'Google sign-in failed.');[39m
[31m+       if (message) setError(message); else setNotice('');[39m
[31m+     } finally { setGoogleLoading(false); }[39m
[31m+   };[39m
[31m+[39m
[31m+   const reset = async () => {[39m
[31m+     if (!email.trim()) { setError('Enter your email first.'); return; }[39m
[31m+     if (!auth || !firebaseConfigured) { setError('Firebase browser configuration is missing.'); return; }[39m
[31m+     setLoading(true); setError(''); setNotice('');[39m
[31m+     try { await sendPasswordResetEmail(auth, email.trim().toLowerCase()); setNotice('Password reset email sent.'); }[39m
[31m+     catch (err: any) { setError(authMessage(err, 'Could not send the reset email.')); }[39m
[31m+     finally { setLoading(false); }[39m
[31m+   };[39m
[31m+[39m
[31m+   const resendVerification = async () => {[39m
[31m+     const currentUser = auth?.currentUser;[39m
[31m+     if (!currentUser || currentUser.emailVerified) return;[39m
[31m+     setLoading(true); setError(''); setNotice('');[39m
[31m+     try { await sendEmailVerification(currentUser); setNotice('A fresh verification email has been sent.'); }[39m
[31m+     catch (err: any) { setError(authMessage(err, 'Could not resend the verification email.')); }[39m
[31m+     finally { setLoading(false); }[39m
[31m+   };[39m
[31m+[39m
[31m+   const busy = loading || googleLoading;[39m
[31m+[39m
[31m+   return ([39m
[31m+     <div className="flex min-h-screen items-center justify-center bg-[#faf9f8] p-6 text-[#201f1e]">[39m
[31m+       <form onSubmit={submit} className="w-full max-w-[360px] space-y-4 rounded-md border border-[#e1dfdd] bg-white p-6" noValidate>[39m
[31m+         <div className="mb-1 text-center">[39m
[31m+           <div className="mx-auto mb-2 grid h-8 w-8 place-items-center rounded bg-[#0f6cbd] text-xs font-bold text-white">S</div>[39m
[31m+           <div className="text-[13px] font-semibold">SPR</div>[39m
[31m+           <p className="mt-0.5 text-[12px] text-[#605e5c]">Software Trust Infrastructure</p>[39m
[31m+         </div>[39m
[31m+         {error && <div role="alert" className="flex items-start gap-2 rounded border border-[#a4262c]/20 bg-[#fdf2f2] p-2.5 text-[12px] text-[#a4262c]"><AlertCircle className="mt-0.5 h-3.5 w-3.5 shrink-0" />{error}</div>}[39m
[31m+         {notice && <div role="status" className="flex items-start gap-2 rounded border border-[#0f6cbd]/20 bg-[#eff6fc] p-2.5 text-[12px] text-[#004578]"><CheckCircle2 className="mt-0.5 h-3.5 w-3.5 shrink-0" />{notice}</div>}[39m
[31m+         <label className="block text-[12px] font-semibold text-[#323130]">Email[39m
[31m+           <input className="mt-1 h-9 w-full rounded border border-[#c8c6c4] bg-white px-3 text-[13px] text-[#201f1e] outline-none focus:border-[#0f6cbd] focus:ring-1 focus:ring-[#0f6cbd]" type="email" autoComplete="email" value={email} onChange={(e) => setEmail(e.target.value)} required />[39m
[31m+         </label>[39m
[31m+         <label className="block text-[12px] font-semibold text-[#323130]">Password[39m
[31m+           <span className="relative mt-1 block">[39m
[31m+             <input className="h-9 w-full rounded border border-[#c8c6c4] bg-white px-3 pr-10 text-[13px] text-[#201f1e] outline-none focus:border-[#0f6cbd] focus:ring-1 focus:ring-[#0f6cbd]" type={showPassword ? 'text' : 'password'} autoComplete="current-password" value={password} onChange={(e) => setPassword(e.target.value)} minLength={6} required />[39m
[31m+             <button type="button" onClick={() => setShowPassword((v) => !v)} aria-label={showPassword ? 'Hide password' : 'Show password'} className="absolute inset-y-0 right-0 px-3 text-[#605e5c]">{showPassword ? <EyeOff className="h-3.5 w-3.5" /> : <Eye className="h-3.5 w-3.5" />}</button>[39m
[31m+           </span>[39m
[31m+         </label>[39m
[31m+         <button type="submit" disabled={busy} className="flex h-9 w-full items-center justify-center gap-1.5 rounded bg-[#0f6cbd] text-[13px] font-semibold text-white hover:bg-[#004578] disabled:opacity-50">{loading ? <Loader className="h-4 w-4 animate-spin" /> : <>Sign in <ArrowRight className="h-3.5 w-3.5" /></>}</button>[39m
[31m+         <button type="button" disabled={busy} onClick={register} className="flex h-9 w-full items-center justify-center gap-1.5 rounded border border-[#c8c6c4] text-[13px] font-medium text-[#323130] hover:bg-black/[.03] disabled:opacity-50"><ShieldCheck className="h-3.5 w-3.5" />Create account</button>[39m
[31m+         <div className="flex items-center gap-2 py-1 text-[11px] text-[#8a8886]"><span className="h-px flex-1 bg-[#e1dfdd]" />or<span className="h-px flex-1 bg-[#e1dfdd]" /></div>[39m
[31m+         <button type="button" disabled={busy} onClick={google} className="flex h-9 w-full items-center justify-center gap-1.5 rounded border border-[#c8c6c4] bg-white text-[13px] font-medium text-[#323130] hover:bg-black/[.03] disabled:opacity-50">{googleLoading ? <Loader className="h-4 w-4 animate-spin" /> : 'Continue with Google'}</button>[39m
[31m+         <div className="flex justify-between pt-1 text-[11px]"><button type="button" disabled={busy} onClick={reset} className="text-[#0f6cbd] hover:text-[#004578]">Forgot password?</button><button type="button" disabled={busy} onClick={resendVerification} className="text-[#605e5c] hover:text-[#323130]">Resend verification</button></div>[39m
[31m+       </form>[39m
[31m+     </div>[39m
[31m+   );[39m
[31m+ }[39m
[31m+[39m

[36m [2m❯[22m tests/auth-notice-contract.test.ts:[2m72:50[22m[39m
    [90m 70| [39m
    [90m 71| [39m  [34mit[39m([32m'LoginView consumes the pending notice on mount'[39m[33m,[39m () [33m=>[39m {
    [90m 72| [39m    expect(read('src/components/LoginView.tsx')).toContain('consumeAut…
    [90m   | [39m                                                 [31m^[39m
    [90m 73| [39m  })[33m;[39m
    [90m 74| [39m})[33m;[39m

[31m[2m⎯⎯⎯⎯⎯⎯⎯⎯⎯⎯⎯⎯⎯⎯⎯⎯⎯⎯⎯⎯⎯⎯[4/141]⎯[22m[39m

[41m[1m FAIL [22m[49m tests/billing-contract.test.ts[2m > [22mStripe webhook handling[2m > [22mis mounted with the raw body before the global JSON parser, not after
[31m[1mAssertionError[22m: expected -1 to be greater than -1[39m
[36m [2m❯[22m tests/billing-contract.test.ts:[2m82:26[22m[39m
    [90m 80| [39m    const webhookIndex = serverSource.indexOf("app.post('/api/billing/…
    [90m 81| [39m    const jsonParserIndex = serverSource.indexOf('app.use(express.json…
    [90m 82| [39m    [34mexpect[39m(webhookIndex)[33m.[39m[34mtoBeGreaterThan[39m([33m-[39m[34m1[39m)[33m;[39m
    [90m   | [39m                         [31m^[39m
    [90m 83| [39m    [34mexpect[39m(jsonParserIndex)[33m.[39m[34mtoBeGreaterThan[39m([33m-[39m[34m1[39m)[33m;[39m
    [90m 84| [39m    [34mexpect[39m(webhookIndex)[33m.[39m[34mtoBeLessThan[39m(jsonParserIndex)[33m;[39m

[31m[2m⎯⎯⎯⎯⎯⎯⎯⎯⎯⎯⎯⎯⎯⎯⎯⎯⎯⎯⎯⎯⎯⎯[5/141]⎯[22m[39m

[41m[1m FAIL [22m[49m tests/billing-contract.test.ts[2m > [22mentitlement enforcement is real, wired into the actual client-creation route, not just displayed[2m > [22mPOST /api/user/clients actually calls canCreateClient before inserting, and returns a structured 402 with usage/upgrade info when blocked
[31m[1mAssertionError[22m: expected '' to contain 'await canCreateClient(tenantId, db)'[39m

[32m- Expected[39m
[31m+ Received[39m

[32m- await canCreateClient(tenantId, db)[39m

[36m [2m❯[22m tests/billing-contract.test.ts:[2m101:23[22m[39m
    [90m 99| [39m    [35mconst[39m routeEnd [33m=[39m s[33m.[39m[34mindexOf[39m([32m"router.get('/user/passports'"[39m)[33m;[39m
    [90m100| [39m    [35mconst[39m routeBody [33m=[39m s[33m.[39m[34mslice[39m(routeStart[33m,[39m routeEnd)[33m;[39m
    [90m101| [39m    [34mexpect[39m(routeBody)[33m.[39m[34mtoContain[39m([32m'await canCreateClient(tenantId, db)'[39m)[33m;[39m
    [90m   | [39m                      [31m^[39m
    [90m102| [39m    [34mexpect[39m(routeBody)[33m.[39m[34mtoContain[39m([32m"res.status(402).json({"[39m)[33m;[39m
    [90m103| [39m    expect(routeBody).toContain('currentUsage: entitlement.clientCount…

[31m[2m⎯⎯⎯⎯⎯⎯⎯⎯⎯⎯⎯⎯⎯⎯⎯⎯⎯⎯⎯⎯⎯⎯[6/141]⎯[22m[39m

[41m[1m FAIL [22m[49m tests/billing-contract.test.ts[2m > [22mentitlement enforcement is real, wired into the actual client-creation route, not just displayed[2m > [22ma limit-reached attempt is recorded to the audit trail
[31m[1mAssertionError[22m: expected '' to contain 'action: \'billing.limit.reached\''[39m

[32m- Expected[39m
[31m+ Received[39m

[32m- action: 'billing.limit.reached'[39m

[36m [2m❯[22m tests/billing-contract.test.ts:[2m113:23[22m[39m
    [90m111| [39m    [35mconst[39m routeStart [33m=[39m s[33m.[39m[34mindexOf[39m([32m"router.post('/user/clients'"[39m)[33m;[39m
    [90m112| [39m    [35mconst[39m routeBody [33m=[39m s[33m.[39m[34mslice[39m(routeStart[33m,[39m routeStart [33m+[39m [34m2500[39m)[33m;[39m
    [90m113| [39m    [34mexpect[39m(routeBody)[33m.[39m[34mtoContain[39m([32m"action: 'billing.limit.reached'"[39m)[33m;[39m
    [90m   | [39m                      [31m^[39m
    [90m114| [39m  })[33m;[39m
    [90m115| [39m

[31m[2m⎯⎯⎯⎯⎯⎯⎯⎯⎯⎯⎯⎯⎯⎯⎯⎯⎯⎯⎯⎯⎯⎯[7/141]⎯[22m[39m

[41m[1m FAIL [22m[49m tests/billing-contract.test.ts[2m > [22mentitlement enforcement is real, wired into the actual client-creation route, not just displayed[2m > [22ma race that slips past the app-level check is still rejected by the DB trigger, not silently allowed
[31m[1mAssertionError[22m: expected '' to contain 'CLIENT_LIMIT_REACHED'[39m

[32m- Expected[39m
[31m+ Received[39m

[32m- CLIENT_LIMIT_REACHED[39m

[36m [2m❯[22m tests/billing-contract.test.ts:[2m120:23[22m[39m
    [90m118| [39m    [35mconst[39m routeStart [33m=[39m s[33m.[39m[34mindexOf[39m([32m"router.post('/user/clients'"[39m)[33m;[39m
    [90m119| [39m    [35mconst[39m routeBody [33m=[39m s[33m.[39m[34mslice[39m(routeStart[33m,[39m routeStart [33m+[39m [34m3500[39m)[33m;[39m
    [90m120| [39m    [34mexpect[39m(routeBody)[33m.[39m[34mtoContain[39m([32m'CLIENT_LIMIT_REACHED'[39m)[33m;[39m
    [90m   | [39m                      [31m^[39m
    [90m121| [39m    [34mexpect[39m(routeBody)[33m.[39m[34mtoContain[39m([32m'res.status(402)'[39m)[33m;[39m
    [90m122| [39m  })[33m;[39m

[31m[2m⎯⎯⎯⎯⎯⎯⎯⎯⎯⎯⎯⎯⎯⎯⎯⎯⎯⎯⎯⎯⎯⎯[8/141]⎯[22m[39m

[41m[1m FAIL [22m[49m tests/client-creation-contract.test.ts[2m > [22mPOST /api/user/clients[2m > [22mrequires Owner/Admin, not any authenticated user
[31m[1mAssertionError[22m: expected '/**\n * @license\n * SPDX-License-Ide…' to contain 'router.post(\'/user/clients\', requir…'[39m

[32m- Expected[39m
[31m+ Received[39m

[32m- router.post('/user/clients', requireAuth, requireRole(['Owner', 'Admin'])[39m
[31m+ /**[39m
[31m+  * @license[39m
[31m+  * SPDX-License-Identifier: Apache-2.0[39m
[31m+  */[39m
[31m+[39m
[31m+ import { Router } from 'express';[39m
[31m+ import { eq } from 'drizzle-orm';[39m
[31m+ import { sql } from 'drizzle-orm';[39m
[31m+ import { z } from 'zod';[39m
[31m+ import { users } from '../db/schema.ts';[39m
[31m+ import { AuthenticatedRequest, requireAuth, requireRole } from '../middleware/security.ts';[39m
[31m+ import { adminAuth, setUserCustomClaims } from '../lib/firebase-admin.ts';[39m
[31m+ import { appendAuditEntry, verifyAuditChain } from '../security/audit-log.ts';[39m
[31m+ import { describeUserAgent, sessionFingerprint } from '../security/session-tracking.ts';[39m
[31m+ import { offboardTenantData } from '../db/sync.ts';[39m
[31m+ import { INTEGRATION_CATALOG } from '../integrations/catalog.ts';[39m
[31m+ import { adaptEvidenceForEvaluation } from '../lib/verification/evidenceAdapter.ts';[39m
[31m+ import { evaluateVerification, type VerificationDecision } from '../lib/verification/evaluateVerification.ts';[39m
[31m+[39m
[31m+ const INVITABLE_ROLES = ['Admin', 'Technician', 'Viewer', 'Client'] as const;[39m
[31m+ const inviteSchema = z.object({ email: z.string().trim().email().max(255), role: z.enum(INVITABLE_ROLES) }).strict();[39m
[31m+ const roleUpdateSchema = z.object({ role: z.enum(INVITABLE_ROLES) }).strict();[39m
[31m+ const profileUpdateSchema = z.object({[39m
[31m+   displayName: z.string().trim().max(200).optional(),[39m
[31m+   roleTitle: z.string().trim().max(200).optional(),[39m
[31m+   companyName: z.string().trim().max(200).optional(),[39m
[31m+ }).strict();[39m
[31m+ const revokeSessionSchema = z.object({ sessionId: z.string().trim().min(1).max(200) }).strict();[39m
[31m+[39m
[31m+ export function createAuthRouter() {[39m
[31m+   const router = Router();[39m
[31m+[39m
[31m+   // The Firebase ID token is the sole authentication authority. The database[39m
[31m+   // record supplies the tenant/RBAC projection after token verification.[39m
[31m+   router.get('/user/me', requireAuth, async (req: AuthenticatedRequest, res, next) => {[39m
[31m+     try {[39m
[31m+       const db = req.db!;[39m
[31m+       const user = await db.select({[39m
[31m+         id: users.id,[39m
[31m+         uid: users.uid,[39m
[31m+         email: users.email,[39m
[31m+         tenantId: users.tenantId,[39m
[31m+         role: users.role,[39m
[31m+         companyName: users.companyName,[39m
[31m+         roleTitle: users.roleTitle,[39m
[31m+         displayName: users.displayName,[39m
[31m+         numTechnicians: users.numTechnicians,[39m
[31m+         clientCount: users.clientCount,[39m
[31m+         primaryUseCase: users.primaryUseCase,[39m
[31m+         onboarded: users.onboarded,[39m
[31m+         mfaEnabled: users.mfaEnabled,[39m
[31m+         createdAt: users.createdAt,[39m
[31m+       }).from(users).where(eq(users.uid, req.user!.uid)).then(rows => rows[0]);[39m
[31m+[39m
[31m+       if (!user) return res.status(403).json({ error: 'User account is not provisioned' });[39m
[31m+       return res.json({ ...user, emailVerified: req.user!.emailVerified });[39m
[31m+     } catch (error) {[39m
[31m+       return next(error);[39m
[31m+     }[39m
[31m+   });[39m
[31m+[39m
[31m+   router.put('/user/profile', requireAuth, async (req: AuthenticatedRequest, res, next) => {[39m
[31m+     try {[39m
[31m+       const db = req.db!;[39m
[31m+       const parsed = profileUpdateSchema.safeParse(req.body);[39m
[31m+       if (!parsed.success) return res.status(400).json({ error: 'Invalid request', details: parsed.error.flatten() });[39m
[31m+       const result = await db.execute(sql`[39m
[31m+         UPDATE users SET[39m
[31m+           display_name = COALESCE(${parsed.data.displayName ?? null}, display_name),[39m
[31m+           role_title = COALESCE(${parsed.data.roleTitle ?? null}, role_title),[39m
[31m+           company_name = COALESCE(${parsed.data.companyName ?? null}, company_name)[39m
[31m+         WHERE uid = ${req.user!.uid} AND tenant_id = ${req.user!.tenantId}[39m
[31m+         RETURNING id, email, display_name AS "displayName", role_title AS "roleTitle", company_name AS "companyName"[39m
[31m+       `);[39m
[31m+       const row = (result as any).rows?.[0];[39m
[31m+       if (!row) return res.status(404).json({ error: 'User account not found' });[39m
[31m+       await appendAuditEntry(db, { tenantId: req.user!.tenantId, action: 'profile.updated', actor: req.user!.email, payload: { userId: req.user!.id } });[39m
[31m+       return res.json(row);[39m
[31m+     } catch (error) {[39m
[31m+       return next(error);[39m
[31m+     }[39m
[31m+   });[39m
[31m+[39m
[31m+   router.get('/organization/team', requireAuth, async (req: AuthenticatedRequest, res, next) => {[39m
[31m+     try {[39m
[31m+       const db = req.db!;[39m
[31m+       const result = await db.execute(sql`[39m
[31m+         SELECT id, email, display_name AS "displayName", role, onboarded, created_at AS "createdAt"[39m
[31m+         FROM users WHERE tenant_id = ${req.user!.tenantId} ORDER BY created_at ASC[39m
[31m+       `);[39m
[31m+       return res.json((result as any).rows ?? []);[39m
[31m+     } catch (error) {[39m
[31m+       return next(error);[39m
[31m+     }[39m
[31m+   });[39m
[31m+[39m
[31m+   router.post('/organization/invite', requireAuth, requireRole(['Owner', 'Admin']), async (req: AuthenticatedRequest, res, next) => {[39m
[31m+     try {[39m
[31m+       const db = req.db!;[39m
[31m+       const parsed = inviteSchema.safeParse(req.body);[39m
[31m+       if (!parsed.success) return res.status(400).json({ error: 'Invalid request', details: parsed.error.flatten() });[39m
[31m+       const email = parsed.data.email.toLowerCase();[39m
[31m+[39m
[31m+       const existing = await db.execute(sql`SELECT id FROM users WHERE tenant_id = ${req.user!.tenantId} AND lower(btrim(email)) = ${email} LIMIT 1`);[39m
[31m+       if ((existing as any).rows?.length) return res.status(409).json({ error: 'This email is already a member of your workspace.' });[39m
[31m+[39m
[31m+       let firebaseUser;[39m
[31m+       try {[39m
[31m+         firebaseUser = await adminAuth.getUserByEmail(email);[39m
[31m+       } catch {[39m
[31m+         firebaseUser = await adminAuth.createUser({ email, emailVerified: false });[39m
[31m+       }[39m
[31m+[39m
[31m+       const inserted = await db.execute(sql`[39m
[31m+         INSERT INTO users (uid, email, tenant_id, role, invited_by, onboarded)[39m
[31m+         VALUES (${firebaseUser.uid}, ${email}, ${req.user!.tenantId}, ${parsed.data.role}, ${req.user!.email}, 0)[39m
[31m+         RETURNING id, email, role[39m
[31m+       `);[39m
[31m+       await setUserCustomClaims(firebaseUser.uid, { workspaceId: req.user!.tenantId, role: parsed.data.role });[39m
[31m+[39m
[31m+       let inviteLink: string | null = null;[39m
[31m+       try { inviteLink = await adminAuth.generatePasswordResetLink(email); } catch { inviteLink = null; }[39m
[31m+[39m
[31m+       await appendAuditEntry(db, { tenantId: req.user!.tenantId, action: 'team.invited', actor: req.user!.email, payload: { invitedEmail: email, role: parsed.data.role } });[39m
[31m+       return res.status(201).json({ ...(inserted as any).rows?.[0], inviteLink });[39m
[31m+     } catch (error) {[39m
[31m+       return next(error);[39m
[31m+     }[39m
[31m+   });[39m
[31m+[39m
[31m+   router.put('/organization/team/:userId/role', requireAuth, requireRole(['Owner', 'Admin']), async (req: AuthenticatedRequest, res, next) => {[39m
[31m+     try {[39m
[31m+       const db = req.db!;[39m
[31m+       const parsed = roleUpdateSchema.safeParse(req.body);[39m
[31m+       if (!parsed.success) return res.status(400).json({ error: 'Invalid request', details: parsed.error.flatten() });[39m
[31m+       const targetId = Number(req.params.userId);[39m
[31m+       if (!Number.isInteger(targetId)) return res.status(400).json({ error: 'Invalid user id' });[39m
[31m+[39m
[31m+       const result = await db.execute(sql`[39m
[31m+         UPDATE users SET role = ${parsed.data.role}[39m
[31m+         WHERE id = ${targetId} AND tenant_id = ${req.user!.tenantId} AND role <> 'Owner'[39m
[31m+         RETURNING id, uid, email, role[39m
[31m+       `);[39m
[31m+       const row = (result as any).rows?.[0];[39m
[31m+       if (!row) return res.status(404).json({ error: 'Team member not found, or the Owner role cannot be changed here.' });[39m
[31m+       await setUserCustomClaims(row.uid, { workspaceId: req.user!.tenantId, role: parsed.data.role });[39m
[31m+       await appendAuditEntry(db, { tenantId: req.user!.tenantId, action: 'team.role_changed', actor: req.user!.email, payload: { targetUserId: targetId, newRole: parsed.data.role } });[39m
[31m+       return res.json({ id: row.id, email: row.email, role: row.role });[39m
[31m+     } catch (error) {[39m
[31m+       return next(error);[39m
[31m+     }[39m
[31m+   });[39m
[31m+[39m
[31m+   router.delete('/organization/team/:userId', requireAuth, requireRole(['Owner', 'Admin']), async (req: AuthenticatedRequest, res, next) => {[39m
[31m+     try {[39m
[31m+       const db = req.db!;[39m
[31m+       const targetId = Number(req.params.userId);[39m
[31m+       if (!Number.isInteger(targetId)) return res.status(400).json({ error: 'Invalid user id' });[39m
[31m+[39m
[31m+       const result = await db.execute(sql`[39m
[31m+         DELETE FROM users WHERE id = ${targetId} AND tenant_id = ${req.user!.tenantId} AND role <> 'Owner'[39m
[31m+         RETURNING id, uid, email[39m
[31m+       `);[39m
[31m+       const row = (result as any).rows?.[0];[39m
[31m+       if (!row) return res.status(404).json({ error: 'Team member not found, or the Owner cannot be removed.' });[39m
[31m+[39m
[31m+       try { await adminAuth.updateUser(row.uid, { disabled: true }); await adminAuth.revokeRefreshTokens(row.uid); } catch { /* Firebase account may already be gone; DB removal already took effect. */ }[39m
[31m+       await appendAuditEntry(db, { tenantId: req.user!.tenantId, action: 'team.removed', actor: req.user!.email, payload: { targetUserId: targetId, targetEmail: row.email } });[39m
[31m+       return res.status(204).send();[39m
[31m+     } catch (error) {[39m
[31m+       return next(error);[39m
[31m+     }[39m
[31m+   });[39m
[31m+[39m
[31m+   router.get('/auth/sessions', requireAuth, async (req: AuthenticatedRequest, res, next) => {[39m
[31m+     try {[39m
[31m+       const db = req.db!;[39m
[31m+       const currentIp = req.ip || req.socket.remoteAddress || 'unknown';[39m
[31m+       const currentUserAgent = typeof req.headers['user-agent'] === 'string' ? req.headers['user-agent'].slice(0, 512) : '';[39m
[31m+       const currentFingerprint = sessionFingerprint(req.user!.uid, currentIp, currentUserAgent);[39m
[31m+[39m
[31m+       const result = await db.execute(sql`[39m
[31m+         SELECT id, session_fingerprint AS "sessionFingerprint", ip, user_agent AS "userAgent", last_seen_at AS "lastSeenAt"[39m
[31m+         FROM user_sessions[39m
[31m+         WHERE tenant_id = ${req.user!.tenantId} AND user_id = ${req.user!.id} AND revoked_at IS NULL[39m
[31m+         ORDER BY last_seen_at DESC[39m
[31m+       `);[39m
[31m+       const rows = ((result as any).rows ?? []) as Array<{ id: string; sessionFingerprint: string; ip: string; userAgent: string; lastSeenAt: string }>;[39m
[31m+       return res.json(rows.map(row => ({[39m
[31m+         id: row.id,[39m
[31m+         email: req.user!.email,[39m
[31m+         current: row.sessionFingerprint === currentFingerprint,[39m
[31m+         ip: row.ip,[39m
[31m+         device: describeUserAgent(row.userAgent),[39m
[31m+         location: 'Not geolocated',[39m
[31m+         lastSeenAt: row.lastSeenAt,[39m
[31m+       })));[39m
[31m+     } catch (error) {[39m
[31m+       return next(error);[39m
[31m+     }[39m
[31m+   });[39m
[31m+[39m
[31m+   router.post('/auth/sessions/revoke', requireAuth, async (req: AuthenticatedRequest, res, next) => {[39m
[31m+     try {[39m
[31m+       const db = req.db!;[39m
[31m+       const parsed = revokeSessionSchema.safeParse(req.body);[39m
[31m+       if (!parsed.success) return res.status(400).json({ error: 'Invalid request', details: parsed.error.flatten() });[39m
[31m+       const currentIp = req.ip || req.socket.remoteAddress || 'unknown';[39m
[31m+       const currentUserAgent = typeof req.headers['user-agent'] === 'string' ? req.headers['user-agent'].slice(0, 512) : '';[39m
[31m+       const currentFingerprint = sessionFingerprint(req.user!.uid, currentIp, currentUserAgent);[39m
[31m+       if (parsed.data.sessionId === `sess_${currentFingerprint}`) return res.status(400).json({ error: 'Cannot revoke the session you are currently using. Sign out instead.' });[39m
[31m+[39m
[31m+       const result = await db.execute(sql`[39m
[31m+         UPDATE user_sessions SET revoked_at = NOW()[39m
[31m+         WHERE id = ${parsed.data.sessionId} AND tenant_id = ${req.user!.tenantId} AND user_id = ${req.user!.id} AND revoked_at IS NULL[39m
[31m+         RETURNING id[39m
[31m+       `);[39m
[31m+       if (!((result as any).rows?.length)) return res.status(404).json({ error: 'Session not found' });[39m
[31m+       await appendAuditEntry(db, { tenantId: req.user!.tenantId, action: 'session.revoked', actor: req.user!.email, payload: { sessionId: parsed.data.sessionId } });[39m
[31m+       return res.status(204).send();[39m
[31m+     } catch (error) {[39m
[31m+       return next(error);[39m
[31m+     }[39m
[31m+   });[39m
[31m+[39m
[31m+   router.get('/auth/login-history', requireAuth, async (req: AuthenticatedRequest, res, next) => {[39m
[31m+     try {[39m
[31m+       const db = req.db!;[39m
[31m+       const result = await db.execute(sql`[39m
[31m+         SELECT id, ip, user_agent AS "userAgent", status, occurred_at AS "occurredAt"[39m
[31m+         FROM login_history WHERE tenant_id = ${req.user!.tenantId} AND user_id = ${req.user!.id}[39m
[31m+         ORDER BY occurred_at DESC LIMIT 50[39m
[31m+       `);[39m
[31m+       const rows = ((result as any).rows ?? []) as Array<{ id: string; ip: string; userAgent: string; status: string; occurredAt: string }>;[39m
[31m+       return res.json(rows.map(row => ({[39m
[31m+         id: row.id,[39m
[31m+         email: req.user!.email,[39m
[31m+         status: row.status,[39m
[31m+         action: 'Sign-in',[39m
[31m+         timestamp: row.occurredAt,[39m
[31m+         ip: row.ip,[39m
[31m+         location: 'Not geolocated',[39m
[31m+       })));[39m
[31m+     } catch (error) {[39m
[31m+       return next(error);[39m
[31m+     }[39m
[31m+   });[39m
[31m+[39m
[31m+   router.get('/auth/audit-chain', requireAuth, async (req: AuthenticatedRequest, res, next) => {[39m
[31m+     try {[39m
[31m+       const db = req.db!;[39m
[31m+       const beforeRaw = typeof req.query.before === 'string' ? Number(req.query.before) : null;[39m
[31m+       const before = Number.isInteger(beforeRaw) && beforeRaw! > 0 ? beforeRaw : null;[39m
[31m+       const result = before[39m
[31m+         ? await db.execute(sql`[39m
[31m+             SELECT id, action, timestamp, actor, payload, current_hash AS "currentHash", previous_hash AS "previousHash"[39m
[31m+             FROM audit_trail WHERE tenant_id = ${req.user!.tenantId} AND id < ${before} ORDER BY id DESC LIMIT 50[39m
[31m+           `)[39m
[31m+         : await db.execute(sql`[39m
[31m+         SELECT id, action, timestamp, actor, payload, current_hash AS "currentHash", previous_hash AS "previousHash"[39m
[31m+         FROM audit_trail WHERE tenant_id = ${req.user!.tenantId} ORDER BY id DESC LIMIT 50[39m
[31m+       `);[39m
[31m+       const rows = ((result as any).rows ?? []) as Array<{ id: number; action: string; timestamp: string; actor: string; payload: string; currentHash: string; previousHash: string }>;[39m
[31m+       return res.json(rows.map(row => ({[39m
[31m+         id: row.id,[39m
[31m+         action: row.action,[39m
[31m+         timestamp: row.timestamp,[39m
[31m+         actor: row.actor,[39m
[31m+         payload: row.payload,[39m
[31m+         hash: row.currentHash,[39m
[31m+         currentHash: row.currentHash,[39m
[31m+         previousHash: row.previousHash,[39m
[31m+         block: { action: row.action, userEmail: row.actor.includes('@') ? row.actor : null },[39m
[31m+       })));[39m
[31m+     } catch (error) {[39m
[31m+       return next(error);[39m
[31m+     }[39m
[31m+   });[39m
[31m+[39m
[31m+   router.get('/auth/audit-chain/verify', requireAuth, async (req: AuthenticatedRequest, res, next) => {[39m
[31m+     try {[39m
[31m+       const db = req.db!;[39m
[31m+       return res.json(await verifyAuditChain(db, req.user!.tenantId));[39m
[31m+     } catch (error) {[39m
[31m+       return next(error);[39m
[31m+     }[39m
[31m+   });[39m
[31m+[39m
[31m+   router.post('/tenant/offboard', requireAuth, requireRole('Owner'), async (req: AuthenticatedRequest, res, next) => {[39m
[31m+     try {[39m
[31m+       // Purges via the owner-role connection (not req.db): offboarding must be[39m
[31m+       // able to see every table it enumerates from information_schema, and it[39m
[31m+       // already scopes every DELETE to exactly this caller's own tenant_id.[39m
[31m+       await offboardTenantData(req.user!.tenantId);[39m
[31m+       return res.status(200).json({ message: 'Tenant data purged.' });[39m
[31m+     } catch (error) {[39m
[31m+       return next(error);[39m
[31m+     }[39m
[31m+   });[39m
[31m+[39m
[31m+   // Owner-only founder metrics. Every value is either observed from tenant[39m
[31m+   // data or explicitly reported as not verified; this endpoint never invents[39m
[31m+   // production health, security, financial, or performance telemetry.[39m
[31m+   router.get('/founder/metrics', requireAuth, requireRole('Owner'), async (req: AuthenticatedRequest, res, next) => {[39m
[31m+     try {[39m
[31m+       const db = req.db!;[39m
[31m+       const counts = await db.execute(sql`[39m
[31m+         SELECT[39m
[31m+           (SELECT COUNT(*)::int FROM clients WHERE tenant_id = ${req.user!.tenantId}) AS "clientCount",[39m
[31m+           (SELECT COUNT(*)::int FROM passports WHERE tenant_id = ${req.user!.tenantId}) AS "passportCount",[39m
[31m+           (SELECT COUNT(*)::int FROM scans WHERE tenant_id = ${req.user!.tenantId}) AS "scanCount"[39m
[31m+       `);[39m
[31m+       const row = (counts as any).rows?.[0] || {};[39m
[31m+       return res.json({[39m
[31m+         latency: 'Not verified',[39m
[31m+         capitalProtected: 'Not verified',[39m
[31m+         throughput: 'Not verified',[39m
[31m+         mitigations: 'Not verified',[39m
[31m+         overallScore: null,[39m
[31m+         auditEvents: null,[39m
[31m+         activeThreats: null,[39m
[31m+         systemIntegrity: 'Not verified',[39m
[31m+         observed: {[39m
[31m+           clientCount: Number(row.clientCount || 0),[39m
[31m+           passportCount: Number(row.passportCount || 0),[39m
[31m+           scanCount: Number(row.scanCount || 0),[39m
[31m+         },[39m
[31m+       });[39m
[31m+     } catch (error) {[39m
[31m+       return next(error);[39m
[31m+     }[39m
[31m+   });[39m
[31m+[39m
[31m+   // Owner-only operational health for the command center. Every section reads[39m
[31m+   // from the real tables the corresponding subsystem already writes -- no[39m
[31m+   // second heartbeat, delivery ledger, integration status, or audit verifier[39m
[31m+   // is created here. Sections with no real backing data are omitted rather[39m
[31m+   // than populated with placeholder values; see the `notes` field.[39m
[31m+   router.get('/founder/operations', requireAuth, requireRole('Owner'), async (req: AuthenticatedRequest, res, next) => {[39m
[31m+     try {[39m
[31m+       const db = req.db!;[39m
[31m+       const tenantId = req.user!.tenantId;[39m
[31m+       const notes: string[] = [];[39m
[31m+[39m
[31m+       // --- A. Worker/job health ---------------------------------------------[39m
[31m+       // osv-worker.ts claims agent_jobs rows (job_type osv_manifest_scan /[39m
[31m+       // repository_scan). It has no separate heartbeat row; the queue state[39m
[31m+       // itself (locked_at/locked_by, the same 10-minute staleness window the[39m
[31m+       // worker uses to reclaim stuck jobs) is the real signal.[39m
[31m+       const [osvCounts, osvStale, osvFailures, osvActivity] = await Promise.all([[39m
[31m+         db.execute(sql`SELECT job_type AS "jobType", status, COUNT(*)::int AS count FROM agent_jobs WHERE tenant_id=${tenantId} AND job_type IN ('osv_manifest_scan','repository_scan') GROUP BY job_type, status`),[39m
[31m+         db.execute(sql`SELECT COUNT(*)::int AS count FROM agent_jobs WHERE tenant_id=${tenantId} AND job_type IN ('osv_manifest_scan','repository_scan') AND status='Running' AND locked_at < NOW() - INTERVAL '10 minutes'`),[39m
[31m+         db.execute(sql`SELECT id, job_type AS "jobType", error, attempt_count AS "attemptCount", max_attempts AS "maxAttempts", updated_at AS "updatedAt" FROM agent_jobs WHERE tenant_id=${tenantId} AND job_type IN ('osv_manifest_scan','repository_scan') AND status='Failed' ORDER BY updated_at DESC LIMIT 5`),[39m
[31m+         db.execute(sql`SELECT MAX(updated_at) AS "lastActivityAt" FROM agent_jobs WHERE tenant_id=${tenantId} AND job_type IN ('osv_manifest_scan','repository_scan')`),[39m
[31m+       ]);[39m
[31m+[39m
[31m+       // monitoring-worker.ts (the file name this dashboard's spec named) is not[39m
[31m+       // imported by worker.ts and never runs in production -- confirmed dead[39m
[31m+       // code, not a running system. trust-monitoring-worker.ts is the real,[39m
[31m+       // currently-running system that plays the equivalent role (collector_jobs[39m
[31m+       // has an actual heartbeat_at column, unlike agent_jobs).[39m
[31m+       const [monitoringCounts, monitoringHeartbeat, monitoringFailures] = await Promise.all([[39m
[31m+         db.execute(sql`SELECT state, COUNT(*)::int AS count FROM collector_jobs WHERE tenant_id=${tenantId} GROUP BY state`),[39m
[31m+         db.execute(sql`SELECT MAX(heartbeat_at) AS "lastHeartbeatAt" FROM collector_jobs WHERE tenant_id=${tenantId} AND state='running'`),[39m
[31m+         db.execute(sql`SELECT id, collector_id AS "collectorId", safe_error_code AS "errorCode", safe_error_message AS "errorMessage", completed_at AS "completedAt" FROM collector_jobs WHERE tenant_id=${tenantId} AND state IN ('failed','dead_lettered') ORDER BY completed_at DESC NULLS LAST LIMIT 5`),[39m
[31m+       ]);[39m
[31m+       notes.push('monitoring-worker.ts is dead code (never imported by worker.ts); "monitoringWorker" below reflects trust-monitoring-worker.ts, the real running system for the same role.');[39m
[31m+[39m
[31m+       // --- B. Webhook delivery health ----------------------------------------[39m
[31m+       const [webhookCounts, webhookEndpoints, webhookFailures] = await Promise.all([[39m
[31m+         db.execute(sql`SELECT status, COUNT(*)::int AS count FROM spr_webhook_deliveries WHERE tenant_id=${tenantId} AND created_at::timestamptz > NOW() - INTERVAL '7 days' GROUP BY status`),[39m
[31m+         db.execute(sql`SELECT COUNT(*) FILTER (WHERE active)::int AS "activeCount", COUNT(*) FILTER (WHERE NOT active)::int AS "disabledCount" FROM spr_webhooks WHERE tenant_id=${tenantId}`),[39m
[31m+         db.execute(sql`SELECT d.id, d.webhook_id AS "webhookId", w.url, d.event_type AS "eventType", d.safe_error_code AS "errorCode", d.safe_error_message AS "errorMessage", d.completed_at AS "completedAt" FROM spr_webhook_deliveries d JOIN spr_webhooks w ON w.id=d.webhook_id AND w.tenant_id=d.tenant_id WHERE d.tenant_id=${tenantId} AND d.status IN ('failed','dead_lettered') ORDER BY d.completed_at DESC NULLS LAST LIMIT 10`),[39m
[31m+       ]);[39m
[31m+       notes.push('Webhook failures are grouped by destination endpoint (webhookId/url), not "provider" -- SPR webhooks are user-configured destination URLs, not third-party provider connectors; there is no per-provider concept for outbound deliveries.');[39m
[31m+[39m
[31m+       // --- C. Integration health ----------------------------------------------[39m
[31m+       const [credentialRows, integrationRows] = await Promise.all([[39m
[31m+         db.execute(sql`SELECT provider, status, last_tested_at AS "lastTestedAt" FROM integration_credentials WHERE tenant_id=${tenantId}`),[39m
[31m+         db.execute(sql`SELECT name, connected, last_sync_date AS "lastSyncDate" FROM integrations WHERE tenant_id=${tenantId}`),[39m
[31m+       ]);[39m
[31m+       const credentialByProvider = new Map<string, any>((credentialRows as any).rows?.map((r: any) => [r.provider, r]) ?? []);[39m
[31m+       const integrationByName = new Map<string, any>((integrationRows as any).rows?.map((r: any) => [r.name, r]) ?? []);[39m
[31m+       const integrations = INTEGRATION_CATALOG.map((item) => ({[39m
[31m+         provider: item.provider,[39m
[31m+         name: item.name,[39m
[31m+         connected: Boolean(integrationByName.get(item.name)?.connected),[39m
[31m+         lastSyncDate: integrationByName.get(item.name)?.lastSyncDate ?? null,[39m
[31m+         credentialStatus: credentialByProvider.get(item.provider)?.status ?? 'NOT_CONFIGURED',[39m
[31m+         lastTestedAt: credentialByProvider.get(item.provider)?.lastTestedAt ?? null,[39m
[31m+       }));[39m
[31m+[39m
[31m+       // --- D. Audit chain integrity --------------------------------------------[39m
[31m+       // Reuses the exact function GET /api/auth/audit-chain/verify calls --[39m
[31m+       // no second verifier.[39m
[31m+       const auditChain = await verifyAuditChain(db, tenantId);[39m
[31m+[39m
[31m+       // --- E. Scan / job queue --------------------------------------------------[39m
[31m+       const [runningRepoScans, complianceSchedules] = await Promise.all([[39m
[31m+         db.execute(sql`SELECT id, passport_id AS "passportId", status, progress, updated_at AS "updatedAt" FROM agent_jobs WHERE tenant_id=${tenantId} AND job_type='repository_scan' AND status='Running' ORDER BY updated_at DESC LIMIT 10`),[39m
[31m+         db.execute(sql`SELECT id, client_id AS "clientId", frequency, status, last_audit_at AS "lastAuditAt", next_audit_at AS "nextAuditAt" FROM compliance_schedules WHERE tenant_id=${tenantId} ORDER BY COALESCE(last_audit_at, created_at) DESC LIMIT 10`),[39m
[31m+       ]);[39m
[31m+[39m
[31m+       return res.json({[39m
[31m+         generatedAt: new Date().toISOString(),[39m
[31m+         workers: {[39m
[31m+           osv: {[39m
[31m+             countsByStatus: (osvCounts as any).rows ?? [],[39m
[31m+             staleRunningCount: Number((osvStale as any).rows?.[0]?.count ?? 0),[39m
[31m+             recentFailures: (osvFailures as any).rows ?? [],[39m
[31m+             lastActivityAt: (osvActivity as any).rows?.[0]?.lastActivityAt ?? null,[39m
[31m+           },[39m
[31m+           monitoringWorker: {[39m
[31m+             realSource: 'trust-monitoring-worker.ts (collector_jobs)',[39m
[31m+             countsByState: (monitoringCounts as any).rows ?? [],[39m
[31m+             lastHeartbeatAt: (monitoringHeartbeat as any).rows?.[0]?.lastHeartbeatAt ?? null,[39m
[31m+             recentFailures: (monitoringFailures as any).rows ?? [],[39m
[31m+           },[39m
[31m+         },[39m
[31m+         webhooks: {[39m
[31m+           countsByStatusLast7Days: (webhookCounts as any).rows ?? [],[39m
[31m+           activeEndpoints: Number((webhookEndpoints as any).rows?.[0]?.activeCount ?? 0),[39m
[31m+           disabledEndpoints: Number((webhookEndpoints as any).rows?.[0]?.disabledCount ?? 0),[39m
[31m+           recentFailures: (webhookFailures as any).rows ?? [],[39m
[31m+         },[39m
[31m+         integrations,[39m
[31m+         auditChain,[39m
[31m+         queue: {[39m
[31m+           runningRepositoryScans: (runningRepoScans as any).rows ?? [],[39m
[31m+           recentlyFailedJobs: (osvFailures as any).rows ?? [],[39m
[31m+           complianceSchedules: (complianceSchedules as any).rows ?? [],[39m
[31m+         },[39m
[31m+         notes,[39m
[31m+       });[39m
[31m+     } catch (error) {[39m
[31m+       return next(error);[39m
[31m+     }[39m
[31m+   });[39m
[31m+[39m
[31m+   // Owner-only self-passport retrieval. Absence of evidence is represented as[39m
[31m+   // a 404 instead of a fabricated passport or trust score.[39m
[31m+   router.get('/passports/self-passport', requireAuth, requireRole('Owner'), async (req: AuthenticatedRequest, res, next) => {[39m
[31m+     try {[39m
[31m+       const db = req.db!;[39m
[31m+       const result = await db.execute(sql`[39m
[31m+         SELECT[39m
[31m+           id,[39m
[31m+           name,[39m
[31m+           version,[39m
[31m+           publisher,[39m
[31m+           release_date AS "releaseDate",[39m
[31m+           evidence[39m
[31m+         FROM passports[39m
[31m+         WHERE tenant_id = ${req.user!.tenantId}[39m
[31m+         ORDER BY release_date DESC NULLS LAST, id DESC[39m
[31m+         LIMIT 1[39m
[31m+       `);[39m
[31m+       const row = (result as any).rows?.[0];[39m
[31m+       if (!row) return res.status(404).json({ error: 'Self passport evidence not found', code: 'SELF_PASSPORT_NOT_FOUND' });[39m
[31m+       return res.json({[39m
[31m+         ...row,[39m
[31m+         overallScore: null,[39m
[31m+         healthStatus: 'Not verified',[39m
[31m+         evidence: Array.isArray(row.evidence) ? row.evidence : [],[39m
[31m+       });[39m
[31m+     } catch (error) {[39m
[31m+       return next(error);[39m
[31m+     }[39m
[31m+   });[39m
[31m+[39m
[31m+   // Firebase-authenticated, tenant-scoped reads for the first-party SPA.[39m
[31m+   // These are deliberately separate from /connect/v1, which is API-key based.[39m
[31m+   router.get('/user/clients', requireAuth, async (req: AuthenticatedRequest, res, next) => {[39m
[31m+     try {[39m
[31m+       const db = req.db!;[39m
[31m+       const result = await db.execute(sql`SELECT id, name, domain, industry, trust_score AS "trustScore", risk_level AS "riskLevel", avatar_color AS "avatarColor", subscription_tier AS "subscriptionTier", joined_date AS "joinedDate", team_count AS "teamCount", passport_count AS "passportCount", critical_risks_count AS "criticalRisksCount", compliance_progress AS "complianceProgress", software_inventory AS "softwareInventory", compliance_status AS "complianceStatus", team_members AS "teamMembers", activity_timeline AS "activityTimeline" FROM clients WHERE tenant_id=${req.user!.tenantId} ORDER BY joined_date DESC`);[39m
[31m+       return res.json((result as any).rows || []);[39m
[31m+     } catch (error) {[39m
[31m+       return next(error);[39m
[31m+     }[39m
[31m+   });[39m
[31m+[39m
[31m+   router.get('/user/passports', requireAuth, async (req: AuthenticatedRequest, res, next) => {[39m
[31m+     try {[39m
[31m+       const db = req.db!;[39m
[31m+       const result = await db.execute(sql`SELECT p.id, p.client_id AS "clientId", p.name, p.version, p.publisher, p.category, p.release_date AS "releaseDate", p.license_type AS "licenseType", p.sbom, COALESCE((SELECT json_agg(json_build_object('id', e.id, 'name', e.name, 'type', e.type, 'verified', e.verified, 'status', e.status, 'signer', e.signer, 'timestamp', e.timestamp, 'hash', e.hash, 'engineId', e.engine_id, 'verificationFailureReason', e.verification_failure_reason) ORDER BY e.timestamp DESC) FROM evidence_items e WHERE e.tenant_id=p.tenant_id AND e.asset_id=p.id), '[]'::json) AS evidence, COALESCE((SELECT json_agg(json_build_object('id', f.id, 'findingId', f.id, 'severity', f.severity, 'category', f.category, 'title', f.title, 'description', f.description, 'component', f.component, 'fixedVersion', f.fixed_version, 'status', f.status, 'detectedAt', f.detected_at, 'engineId', f.engine_id) ORDER BY f.detected_at DESC) FROM scan_findings f WHERE f.tenant_id=p.tenant_id AND f.asset_id=p.id), '[]'::json) AS vulnerabilities, p.timeline, NULL AS scores, 'not_authoritatively_scored' AS "scoreStatus" FROM passports p WHERE p.tenant_id=${req.user!.tenantId} ORDER BY p.name ASC`);[39m
[31m+       return res.json((result as any).rows || []);[39m
[31m+     } catch (error) {[39m
[31m+       return next(error);[39m
[31m+     }[39m
[31m+   });[39m
[31m+[39m
[31m+   router.get('/user/extensions', requireAuth, async (req: AuthenticatedRequest, res, next) => {[39m
[31m+     try {[39m
[31m+       const db = req.db!;[39m
[31m+       const result = await db.execute(sql`SELECT extension_id AS "extensionId", installed_at AS "installedAt" FROM extension_installations WHERE tenant_id=${req.user!.tenantId} ORDER BY installed_at DESC`);[39m
[31m+       return res.json((result as any).rows || []);[39m
[31m+     } catch (error) {[39m
[31m+       return next(error);[39m
[31m+     }[39m
[31m+   });[39m
[31m+[39m
[31m+   router.post('/user/extensions/:extensionId', requireAuth, requireRole(['Owner', 'Admin', 'Operator']), async (req: AuthenticatedRequest, res, next) => {[39m
[31m+     try {[39m
[31m+       const extensionId = String(req.params.extensionId || '').trim();[39m
[31m+       if (!/^[A-Za-z0-9_.-]{1,120}$/.test(extensionId)) return res.status(400).json({ error: 'Invalid extension id' });[39m
[31m+       const db = req.db!;[39m
[31m+       const result = await db.execute(sql`INSERT INTO extension_installations (tenant_id, extension_id, installed_at) VALUES (${req.user!.tenantId}, ${extensionId}, NOW()) ON CONFLICT (tenant_id, extension_id) DO UPDATE SET installed_at=NOW() RETURNING extension_id AS "extensionId", installed_at AS "installedAt"`);[39m
[31m+       return res.status(201).json((result as any).rows?.[0]);[39m
[31m+     } catch (error) {[39m
[31m+       return next(error);[39m
[31m+     }[39m
[31m+   });[39m
[31m+[39m
[31m+   router.delete('/user/extensions/:extensionId', requireAuth, requireRole(['Owner', 'Admin', 'Operator']), async (req: AuthenticatedRequest, res, next) => {[39m
[31m+     try {[39m
[31m+       const db = req.db!;[39m
[31m+       const extensionId = String(req.params.extensionId || '').trim();[39m
[31m+       const result = await db.execute(sql`DELETE FROM extension_installations WHERE tenant_id=${req.user!.tenantId} AND extension_id=${extensionId} RETURNING extension_id`);[39m
[31m+       if (!((result as any).rows?.length)) return res.status(404).json({ error: 'Extension installation not found' });[39m
[31m+       return res.status(204).send();[39m
[31m+     } catch (error) {[39m
[31m+       return next(error);[39m
[31m+     }[39m
[31m+   });[39m
[31m+[39m
[31m+   router.get('/auth/verify-status', requireAuth, async (req: AuthenticatedRequest, res) => {[39m
[31m+     return res.json({ verified: req.user!.emailVerified, emailVerified: req.user!.emailVerified });[39m
[31m+   });[39m
[31m+[39m
[31m+[39m
[31m+[39m
[31m+   router.get('/user/passports/:id/verification', requireAuth, async (req: AuthenticatedRequest, res, next) => {[39m
[31m+     try {[39m
[31m+       const db = req.db!;[39m
[31m+       const tenantId = req.user!.tenantId;[39m
[31m+       const clientScope = req.user!.role === 'Client' ? (req.user as any).clientId : null;[39m
[31m+       const passportResult = await db.execute(sql`SELECT id, version, evidence, client_id AS "clientId" FROM passports WHERE id=${req.params.id} AND tenant_id=${tenantId} AND (${clientScope} IS NULL OR client_id=${clientScope}) LIMIT 1`) as any;[39m
[31m+       const passport = passportResult.rows?.[0];[39m
[31m+       if (!passport) return res.status(404).json({ error: 'Passport not found' });[39m
[31m+       const findingResult = await db.execute(sql`SELECT id, passport_id AS "passportId", evidence_ids, status FROM trust_findings WHERE tenant_id=${tenantId} AND passport_id=${passport.id}`) as any;[39m
[31m+       const parseJson = (value: unknown): unknown[] => { try { const parsed = JSON.parse(String(value ?? '')); return Array.isArray(parsed) ? parsed : []; } catch { return []; } };[39m
[31m+       const openFindingEvidenceIds = (findingResult.rows ?? []).filter((row: any) => !['resolved','closed','verified'].includes(String(row.status || '').toLowerCase())).flatMap((row: any) => parseJson(row.evidence_ids)).filter((id: any): id is string => typeof id === 'string');[39m
[31m+       const adapted = adaptEvidenceForEvaluation({ evidence: parseJson(passport.evidence) as any[], passportVersion: passport.version, openFindingEvidenceIds });[39m
[31m+       const evaluatedAt = Date.now();[39m
[31m+       const decision = evaluateVerification({ evidence: adapted.evidence, evaluatedAt, targetIdentity: adapted.targetIdentity });[39m
[31m+       res.setHeader('Cache-Control', 'private, max-age=0, no-store');[39m
[31m+       return res.json({ decision, observations: decision.observationCount, independentSources: decision.independentSourceCount });[39m
[31m+     } catch (error) { return next(error); }[39m
[31m+   });[39m
[31m+[39m
[31m+   router.get('/user/verification', requireAuth, async (req: AuthenticatedRequest, res, next) => {[39m
[31m+     try {[39m
[31m+       const db = req.db!;[39m
[31m+       const tenantId = req.user!.tenantId;[39m
[31m+       const clientScope = req.user!.role === 'Client' ? (req.user as any).clientId : null;[39m
[31m+       const passportRows = (await db.execute(sql`SELECT id, version, evidence, client_id AS "clientId" FROM passports WHERE tenant_id=${tenantId} AND (${clientScope} IS NULL OR client_id=${clientScope}) ORDER BY id`) as any).rows ?? [];[39m
[31m+       const passportIds = passportRows.map((row: any) => String(row.id));[39m
[31m+       const parseJson = (value: unknown): unknown[] => { try { const parsed = JSON.parse(String(value ?? '')); return Array.isArray(parsed) ? parsed : []; } catch { return []; } };[39m
[31m+       // Drizzle's proven one-query binding shape for the passport findings is[39m
[31m+       // `asset_id IN ${passportIds}`; do not replace this with ANY(array).[39m
[31m+       const findingRows = passportIds.length ? ((await db.execute(sql`SELECT id, passport_id AS "passportId", evidence_ids, status FROM trust_findings WHERE tenant_id=${tenantId} AND passport_id IN ${passportIds}`) as any).rows ?? []) : [];[39m
[31m+       const evidenceByPassport = new Map<string, any[]>();[39m
[31m+       for (const passport of passportRows) evidenceByPassport.set(String(passport.id), parseJson(passport.evidence) as any[]);[39m
[31m+       const evaluatedAt = Date.now();[39m
[31m+       const verificationDecisions: Record<string, VerificationDecision> = {};[39m
[31m+       const verificationDetails: Record<string, unknown> = {};[39m
[31m+       for (const passport of passportRows) {[39m
[31m+         const findings = findingRows.filter((row: any) => String(row.passportId) === String(passport.id));[39m
[31m+         const openFindingEvidenceIds = findings.filter((row: any) => !['resolved','closed','verified'].includes(String(row.status || '').toLowerCase())).flatMap((row: any) => parseJson(row.evidence_ids)).filter((id: any): id is string => typeof id === 'string');[39m
[31m+         const adapted = adaptEvidenceForEvaluation({ evidence: evidenceByPassport.get(String(passport.id)) ?? [], passportVersion: passport.version, openFindingEvidenceIds });[39m
[31m+         const decision = evaluateVerification({ evidence: adapted.evidence, evaluatedAt, targetIdentity: adapted.targetIdentity });[39m
[31m+         verificationDecisions[String(passport.id)] = decision;[39m
[31m+         verificationDetails[String(passport.id)] = { unmappedCount: adapted.unmappedCount, undatedCount: adapted.undatedCount, observations: decision.observationCount, independentSources: decision.independentSourceCount };[39m
[31m+       }[39m
[31m+       res.setHeader('Cache-Control', 'private, max-age=0, no-store');[39m
[31m+       return res.json({ verificationDecisions, verificationDetails });[39m
[31m+     } catch (error) { return next(error); }[39m
[31m+   });[39m
[31m+[39m
[31m+   return router;[39m
[31m+ }[39m
[31m+[39m

[36m [2m❯[22m tests/client-creation-contract.test.ts:[2m20:22[22m[39m
    [90m 18| [39m
    [90m 19| [39m  [34mit[39m([32m'requires Owner/Admin, not any authenticated user'[39m[33m,[39m () [33m=>[39m {
    [90m 20| [39m    expect(source()).toContain("router.post('/user/clients', requireAu…
    [90m   | [39m                     [31m^[39m
    [90m 21| [39m  })[33m;[39m
    [90m 22| [39m

[31m[2m⎯⎯⎯⎯⎯⎯⎯⎯⎯⎯⎯⎯⎯⎯⎯⎯⎯⎯⎯⎯⎯⎯[9/141]⎯[22m[39m

[41m[1m FAIL [22m[49m tests/client-creation-contract.test.ts[2m > [22mPOST /api/user/clients[2m > [22mnever accepts a tenant id from the request body -- it is always the caller's own tenant
[31m[1mAssertionError[22m: expected null not to be null[39m
[36m [2m❯[22m tests/client-creation-contract.test.ts:[2m28:29[22m[39m
    [90m 26| [39m    [90m// reject one if the client tried to smuggle it in).[39m
    [90m 27| [39m    const schemaMatch = s.match(/const createClientSchema = z\.object\…
    [90m 28| [39m    [34mexpect[39m(schemaMatch)[33m.[39mnot[33m.[39m[34mtoBeNull[39m()[33m;[39m
    [90m   | [39m                            [31m^[39m
    [90m 29| [39m    [34mexpect[39m(schemaMatch[33m![39m[[34m0[39m])[33m.[39mnot[33m.[39m[34mtoContain[39m([32m'tenantId'[39m)[33m;[39m
    [90m 30| [39m    expect(s).toContain('VALUES (${newId}, ${tenantId}, ${parsed.data.…

[31m[2m⎯⎯⎯⎯⎯⎯⎯⎯⎯⎯⎯⎯⎯⎯⎯⎯⎯⎯⎯⎯⎯[10/141]⎯[22m[39m

[41m[1m FAIL [22m[49m tests/client-creation-contract.test.ts[2m > [22mPOST /api/user/clients[2m > [22mhandles duplicate domains with a real database constraint, not just an app-level check
[31m[1mAssertionError[22m: expected '/**\n * @license\n * SPDX-License-Ide…' to contain 'if (error?.code === \'23505\' || erro…'[39m

[32m- Expected[39m
[31m+ Received[39m

[32m- if (error?.code === '23505' || error?.cause?.code === '23505') return res.status(409)[39m
[31m+ /**[39m
[31m+  * @license[39m
[31m+  * SPDX-License-Identifier: Apache-2.0[39m
[31m+  */[39m
[31m+[39m
[31m+ import { Router } from 'express';[39m
[31m+ import { eq } from 'drizzle-orm';[39m
[31m+ import { sql } from 'drizzle-orm';[39m
[31m+ import { z } from 'zod';[39m
[31m+ import { users } from '../db/schema.ts';[39m
[31m+ import { AuthenticatedRequest, requireAuth, requireRole } from '../middleware/security.ts';[39m
[31m+ import { adminAuth, setUserCustomClaims } from '../lib/firebase-admin.ts';[39m
[31m+ import { appendAuditEntry, verifyAuditChain } from '../security/audit-log.ts';[39m
[31m+ import { describeUserAgent, sessionFingerprint } from '../security/session-tracking.ts';[39m
[31m+ import { offboardTenantData } from '../db/sync.ts';[39m
[31m+ import { INTEGRATION_CATALOG } from '../integrations/catalog.ts';[39m
[31m+ import { adaptEvidenceForEvaluation } from '../lib/verification/evidenceAdapter.ts';[39m
[31m+ import { evaluateVerification, type VerificationDecision } from '../lib/verification/evaluateVerification.ts';[39m
[31m+[39m
[31m+ const INVITABLE_ROLES = ['Admin', 'Technician', 'Viewer', 'Client'] as const;[39m
[31m+ const inviteSchema = z.object({ email: z.string().trim().email().max(255), role: z.enum(INVITABLE_ROLES) }).strict();[39m
[31m+ const roleUpdateSchema = z.object({ role: z.enum(INVITABLE_ROLES) }).strict();[39m
[31m+ const profileUpdateSchema = z.object({[39m
[31m+   displayName: z.string().trim().max(200).optional(),[39m
[31m+   roleTitle: z.string().trim().max(200).optional(),[39m
[31m+   companyName: z.string().trim().max(200).optional(),[39m
[31m+ }).strict();[39m
[31m+ const revokeSessionSchema = z.object({ sessionId: z.string().trim().min(1).max(200) }).strict();[39m
[31m+[39m
[31m+ export function createAuthRouter() {[39m
[31m+   const router = Router();[39m
[31m+[39m
[31m+   // The Firebase ID token is the sole authentication authority. The database[39m
[31m+   // record supplies the tenant/RBAC projection after token verification.[39m
[31m+   router.get('/user/me', requireAuth, async (req: AuthenticatedRequest, res, next) => {[39m
[31m+     try {[39m
[31m+       const db = req.db!;[39m
[31m+       const user = await db.select({[39m
[31m+         id: users.id,[39m
[31m+         uid: users.uid,[39m
[31m+         email: users.email,[39m
[31m+         tenantId: users.tenantId,[39m
[31m+         role: users.role,[39m
[31m+         companyName: users.companyName,[39m
[31m+         roleTitle: users.roleTitle,[39m
[31m+         displayName: users.displayName,[39m
[31m+         numTechnicians: users.numTechnicians,[39m
[31m+         clientCount: users.clientCount,[39m
[31m+         primaryUseCase: users.primaryUseCase,[39m
[31m+         onboarded: users.onboarded,[39m
[31m+         mfaEnabled: users.mfaEnabled,[39m
[31m+         createdAt: users.createdAt,[39m
[31m+       }).from(users).where(eq(users.uid, req.user!.uid)).then(rows => rows[0]);[39m
[31m+[39m
[31m+       if (!user) return res.status(403).json({ error: 'User account is not provisioned' });[39m
[31m+       return res.json({ ...user, emailVerified: req.user!.emailVerified });[39m
[31m+     } catch (error) {[39m
[31m+       return next(error);[39m
[31m+     }[39m
[31m+   });[39m
[31m+[39m
[31m+   router.put('/user/profile', requireAuth, async (req: AuthenticatedRequest, res, next) => {[39m
[31m+     try {[39m
[31m+       const db = req.db!;[39m
[31m+       const parsed = profileUpdateSchema.safeParse(req.body);[39m
[31m+       if (!parsed.success) return res.status(400).json({ error: 'Invalid request', details: parsed.error.flatten() });[39m
[31m+       const result = await db.execute(sql`[39m
[31m+         UPDATE users SET[39m
[31m+           display_name = COALESCE(${parsed.data.displayName ?? null}, display_name),[39m
[31m+           role_title = COALESCE(${parsed.data.roleTitle ?? null}, role_title),[39m
[31m+           company_name = COALESCE(${parsed.data.companyName ?? null}, company_name)[39m
[31m+         WHERE uid = ${req.user!.uid} AND tenant_id = ${req.user!.tenantId}[39m
[31m+         RETURNING id, email, display_name AS "displayName", role_title AS "roleTitle", company_name AS "companyName"[39m
[31m+       `);[39m
[31m+       const row = (result as any).rows?.[0];[39m
[31m+       if (!row) return res.status(404).json({ error: 'User account not found' });[39m
[31m+       await appendAuditEntry(db, { tenantId: req.user!.tenantId, action: 'profile.updated', actor: req.user!.email, payload: { userId: req.user!.id } });[39m
[31m+       return res.json(row);[39m
[31m+     } catch (error) {[39m
[31m+       return next(error);[39m
[31m+     }[39m
[31m+   });[39m
[31m+[39m
[31m+   router.get('/organization/team', requireAuth, async (req: AuthenticatedRequest, res, next) => {[39m
[31m+     try {[39m
[31m+       const db = req.db!;[39m
[31m+       const result = await db.execute(sql`[39m
[31m+         SELECT id, email, display_name AS "displayName", role, onboarded, created_at AS "createdAt"[39m
[31m+         FROM users WHERE tenant_id = ${req.user!.tenantId} ORDER BY created_at ASC[39m
[31m+       `);[39m
[31m+       return res.json((result as any).rows ?? []);[39m
[31m+     } catch (error) {[39m
[31m+       return next(error);[39m
[31m+     }[39m
[31m+   });[39m
[31m+[39m
[31m+   router.post('/organization/invite', requireAuth, requireRole(['Owner', 'Admin']), async (req: AuthenticatedRequest, res, next) => {[39m
[31m+     try {[39m
[31m+       const db = req.db!;[39m
[31m+       const parsed = inviteSchema.safeParse(req.body);[39m
[31m+       if (!parsed.success) return res.status(400).json({ error: 'Invalid request', details: parsed.error.flatten() });[39m
[31m+       const email = parsed.data.email.toLowerCase();[39m
[31m+[39m
[31m+       const existing = await db.execute(sql`SELECT id FROM users WHERE tenant_id = ${req.user!.tenantId} AND lower(btrim(email)) = ${email} LIMIT 1`);[39m
[31m+       if ((existing as any).rows?.length) return res.status(409).json({ error: 'This email is already a member of your workspace.' });[39m
[31m+[39m
[31m+       let firebaseUser;[39m
[31m+       try {[39m
[31m+         firebaseUser = await adminAuth.getUserByEmail(email);[39m
[31m+       } catch {[39m
[31m+         firebaseUser = await adminAuth.createUser({ email, emailVerified: false });[39m
[31m+       }[39m
[31m+[39m
[31m+       const inserted = await db.execute(sql`[39m
[31m+         INSERT INTO users (uid, email, tenant_id, role, invited_by, onboarded)[39m
[31m+         VALUES (${firebaseUser.uid}, ${email}, ${req.user!.tenantId}, ${parsed.data.role}, ${req.user!.email}, 0)[39m
[31m+         RETURNING id, email, role[39m
[31m+       `);[39m
[31m+       await setUserCustomClaims(firebaseUser.uid, { workspaceId: req.user!.tenantId, role: parsed.data.role });[39m
[31m+[39m
[31m+       let inviteLink: string | null = null;[39m
[31m+       try { inviteLink = await adminAuth.generatePasswordResetLink(email); } catch { inviteLink = null; }[39m
[31m+[39m
[31m+       await appendAuditEntry(db, { tenantId: req.user!.tenantId, action: 'team.invited', actor: req.user!.email, payload: { invitedEmail: email, role: parsed.data.role } });[39m
[31m+       return res.status(201).json({ ...(inserted as any).rows?.[0], inviteLink });[39m
[31m+     } catch (error) {[39m
[31m+       return next(error);[39m
[31m+     }[39m
[31m+   });[39m
[31m+[39m
[31m+   router.put('/organization/team/:userId/role', requireAuth, requireRole(['Owner', 'Admin']), async (req: AuthenticatedRequest, res, next) => {[39m
[31m+     try {[39m
[31m+       const db = req.db!;[39m
[31m+       const parsed = roleUpdateSchema.safeParse(req.body);[39m
[31m+       if (!parsed.success) return res.status(400).json({ error: 'Invalid request', details: parsed.error.flatten() });[39m
[31m+       const targetId = Number(req.params.userId);[39m
[31m+       if (!Number.isInteger(targetId)) return res.status(400).json({ error: 'Invalid user id' });[39m
[31m+[39m
[31m+       const result = await db.execute(sql`[39m
[31m+         UPDATE users SET role = ${parsed.data.role}[39m
[31m+         WHERE id = ${targetId} AND tenant_id = ${req.user!.tenantId} AND role <> 'Owner'[39m
[31m+         RETURNING id, uid, email, role[39m
[31m+       `);[39m
[31m+       const row = (result as any).rows?.[0];[39m
[31m+       if (!row) return res.status(404).json({ error: 'Team member not found, or the Owner role cannot be changed here.' });[39m
[31m+       await setUserCustomClaims(row.uid, { workspaceId: req.user!.tenantId, role: parsed.data.role });[39m
[31m+       await appendAuditEntry(db, { tenantId: req.user!.tenantId, action: 'team.role_changed', actor: req.user!.email, payload: { targetUserId: targetId, newRole: parsed.data.role } });[39m
[31m+       return res.json({ id: row.id, email: row.email, role: row.role });[39m
[31m+     } catch (error) {[39m
[31m+       return next(error);[39m
[31m+     }[39m
[31m+   });[39m
[31m+[39m
[31m+   router.delete('/organization/team/:userId', requireAuth, requireRole(['Owner', 'Admin']), async (req: AuthenticatedRequest, res, next) => {[39m
[31m+     try {[39m
[31m+       const db = req.db!;[39m
[31m+       const targetId = Number(req.params.userId);[39m
[31m+       if (!Number.isInteger(targetId)) return res.status(400).json({ error: 'Invalid user id' });[39m
[31m+[39m
[31m+       const result = await db.execute(sql`[39m
[31m+         DELETE FROM users WHERE id = ${targetId} AND tenant_id = ${req.user!.tenantId} AND role <> 'Owner'[39m
[31m+         RETURNING id, uid, email[39m
[31m+       `);[39m
[31m+       const row = (result as any).rows?.[0];[39m
[31m+       if (!row) return res.status(404).json({ error: 'Team member not found, or the Owner cannot be removed.' });[39m
[31m+[39m
[31m+       try { await adminAuth.updateUser(row.uid, { disabled: true }); await adminAuth.revokeRefreshTokens(row.uid); } catch { /* Firebase account may already be gone; DB removal already took effect. */ }[39m
[31m+       await appendAuditEntry(db, { tenantId: req.user!.tenantId, action: 'team.removed', actor: req.user!.email, payload: { targetUserId: targetId, targetEmail: row.email } });[39m
[31m+       return res.status(204).send();[39m
[31m+     } catch (error) {[39m
[31m+       return next(error);[39m
[31m+     }[39m
[31m+   });[39m
[31m+[39m
[31m+   router.get('/auth/sessions', requireAuth, async (req: AuthenticatedRequest, res, next) => {[39m
[31m+     try {[39m
[31m+       const db = req.db!;[39m
[31m+       const currentIp = req.ip || req.socket.remoteAddress || 'unknown';[39m
[31m+       const currentUserAgent = typeof req.headers['user-agent'] === 'string' ? req.headers['user-agent'].slice(0, 512) : '';[39m
[31m+       const currentFingerprint = sessionFingerprint(req.user!.uid, currentIp, currentUserAgent);[39m
[31m+[39m
[31m+       const result = await db.execute(sql`[39m
[31m+         SELECT id, session_fingerprint AS "sessionFingerprint", ip, user_agent AS "userAgent", last_seen_at AS "lastSeenAt"[39m
[31m+         FROM user_sessions[39m
[31m+         WHERE tenant_id = ${req.user!.tenantId} AND user_id = ${req.user!.id} AND revoked_at IS NULL[39m
[31m+         ORDER BY last_seen_at DESC[39m
[31m+       `);[39m
[31m+       const rows = ((result as any).rows ?? []) as Array<{ id: string; sessionFingerprint: string; ip: string; userAgent: string; lastSeenAt: string }>;[39m
[31m+       return res.json(rows.map(row => ({[39m
[31m+         id: row.id,[39m
[31m+         email: req.user!.email,[39m
[31m+         current: row.sessionFingerprint === currentFingerprint,[39m
[31m+         ip: row.ip,[39m
[31m+         device: describeUserAgent(row.userAgent),[39m
[31m+         location: 'Not geolocated',[39m
[31m+         lastSeenAt: row.lastSeenAt,[39m
[31m+       })));[39m
[31m+     } catch (error) {[39m
[31m+       return next(error);[39m
[31m+     }[39m
[31m+   });[39m
[31m+[39m
[31m+   router.post('/auth/sessions/revoke', requireAuth, async (req: AuthenticatedRequest, res, next) => {[39m
[31m+     try {[39m
[31m+       const db = req.db!;[39m
[31m+       const parsed = revokeSessionSchema.safeParse(req.body);[39m
[31m+       if (!parsed.success) return res.status(400).json({ error: 'Invalid request', details: parsed.error.flatten() });[39m
[31m+       const currentIp = req.ip || req.socket.remoteAddress || 'unknown';[39m
[31m+       const currentUserAgent = typeof req.headers['user-agent'] === 'string' ? req.headers['user-agent'].slice(0, 512) : '';[39m
[31m+       const currentFingerprint = sessionFingerprint(req.user!.uid, currentIp, currentUserAgent);[39m
[31m+       if (parsed.data.sessionId === `sess_${currentFingerprint}`) return res.status(400).json({ error: 'Cannot revoke the session you are currently using. Sign out instead.' });[39m
[31m+[39m
[31m+       const result = await db.execute(sql`[39m
[31m+         UPDATE user_sessions SET revoked_at = NOW()[39m
[31m+         WHERE id = ${parsed.data.sessionId} AND tenant_id = ${req.user!.tenantId} AND user_id = ${req.user!.id} AND revoked_at IS NULL[39m
[31m+         RETURNING id[39m
[31m+       `);[39m
[31m+       if (!((result as any).rows?.length)) return res.status(404).json({ error: 'Session not found' });[39m
[31m+       await appendAuditEntry(db, { tenantId: req.user!.tenantId, action: 'session.revoked', actor: req.user!.email, payload: { sessionId: parsed.data.sessionId } });[39m
[31m+       return res.status(204).send();[39m
[31m+     } catch (error) {[39m
[31m+       return next(error);[39m
[31m+     }[39m
[31m+   });[39m
[31m+[39m
[31m+   router.get('/auth/login-history', requireAuth, async (req: AuthenticatedRequest, res, next) => {[39m
[31m+     try {[39m
[31m+       const db = req.db!;[39m
[31m+       const result = await db.execute(sql`[39m
[31m+         SELECT id, ip, user_agent AS "userAgent", status, occurred_at AS "occurredAt"[39m
[31m+         FROM login_history WHERE tenant_id = ${req.user!.tenantId} AND user_id = ${req.user!.id}[39m
[31m+         ORDER BY occurred_at DESC LIMIT 50[39m
[31m+       `);[39m
[31m+       const rows = ((result as any).rows ?? []) as Array<{ id: string; ip: string; userAgent: string; status: string; occurredAt: string }>;[39m
[31m+       return res.json(rows.map(row => ({[39m
[31m+         id: row.id,[39m
[31m+         email: req.user!.email,[39m
[31m+         status: row.status,[39m
[31m+         action: 'Sign-in',[39m
[31m+         timestamp: row.occurredAt,[39m
[31m+         ip: row.ip,[39m
[31m+         location: 'Not geolocated',[39m
[31m+       })));[39m
[31m+     } catch (error) {[39m
[31m+       return next(error);[39m
[31m+     }[39m
[31m+   });[39m
[31m+[39m
[31m+   router.get('/auth/audit-chain', requireAuth, async (req: AuthenticatedRequest, res, next) => {[39m
[31m+     try {[39m
[31m+       const db = req.db!;[39m
[31m+       const beforeRaw = typeof req.query.before === 'string' ? Number(req.query.before) : null;[39m
[31m+       const before = Number.isInteger(beforeRaw) && beforeRaw! > 0 ? beforeRaw : null;[39m
[31m+       const result = before[39m
[31m+         ? await db.execute(sql`[39m
[31m+             SELECT id, action, timestamp, actor, payload, current_hash AS "currentHash", previous_hash AS "previousHash"[39m
[31m+             FROM audit_trail WHERE tenant_id = ${req.user!.tenantId} AND id < ${before} ORDER BY id DESC LIMIT 50[39m
[31m+           `)[39m
[31m+         : await db.execute(sql`[39m
[31m+         SELECT id, action, timestamp, actor, payload, current_hash AS "currentHash", previous_hash AS "previousHash"[39m
[31m+         FROM audit_trail WHERE tenant_id = ${req.user!.tenantId} ORDER BY id DESC LIMIT 50[39m
[31m+       `);[39m
[31m+       const rows = ((result as any).rows ?? []) as Array<{ id: number; action: string; timestamp: string; actor: string; payload: string; currentHash: string; previousHash: string }>;[39m
[31m+       return res.json(rows.map(row => ({[39m
[31m+         id: row.id,[39m
[31m+         action: row.action,[39m
[31m+         timestamp: row.timestamp,[39m
[31m+         actor: row.actor,[39m
[31m+         payload: row.payload,[39m
[31m+         hash: row.currentHash,[39m
[31m+         currentHash: row.currentHash,[39m
[31m+         previousHash: row.previousHash,[39m
[31m+         block: { action: row.action, userEmail: row.actor.includes('@') ? row.actor : null },[39m
[31m+       })));[39m
[31m+     } catch (error) {[39m
[31m+       return next(error);[39m
[31m+     }[39m
[31m+   });[39m
[31m+[39m
[31m+   router.get('/auth/audit-chain/verify', requireAuth, async (req: AuthenticatedRequest, res, next) => {[39m
[31m+     try {[39m
[31m+       const db = req.db!;[39m
[31m+       return res.json(await verifyAuditChain(db, req.user!.tenantId));[39m
[31m+     } catch (error) {[39m
[31m+       return next(error);[39m
[31m+     }[39m
[31m+   });[39m
[31m+[39m
[31m+   router.post('/tenant/offboard', requireAuth, requireRole('Owner'), async (req: AuthenticatedRequest, res, next) => {[39m
[31m+     try {[39m
[31m+       // Purges via the owner-role connection (not req.db): offboarding must be[39m
[31m+       // able to see every table it enumerates from information_schema, and it[39m
[31m+       // already scopes every DELETE to exactly this caller's own tenant_id.[39m
[31m+       await offboardTenantData(req.user!.tenantId);[39m
[31m+       return res.status(200).json({ message: 'Tenant data purged.' });[39m
[31m+     } catch (error) {[39m
[31m+       return next(error);[39m
[31m+     }[39m
[31m+   });[39m
[31m+[39m
[31m+   // Owner-only founder metrics. Every value is either observed from tenant[39m
[31m+   // data or explicitly reported as not verified; this endpoint never invents[39m
[31m+   // production health, security, financial, or performance telemetry.[39m
[31m+   router.get('/founder/metrics', requireAuth, requireRole('Owner'), async (req: AuthenticatedRequest, res, next) => {[39m
[31m+     try {[39m
[31m+       const db = req.db!;[39m
[31m+       const counts = await db.execute(sql`[39m
[31m+         SELECT[39m
[31m+           (SELECT COUNT(*)::int FROM clients WHERE tenant_id = ${req.user!.tenantId}) AS "clientCount",[39m
[31m+           (SELECT COUNT(*)::int FROM passports WHERE tenant_id = ${req.user!.tenantId}) AS "passportCount",[39m
[31m+           (SELECT COUNT(*)::int FROM scans WHERE tenant_id = ${req.user!.tenantId}) AS "scanCount"[39m
[31m+       `);[39m
[31m+       const row = (counts as any).rows?.[0] || {};[39m
[31m+       return res.json({[39m
[31m+         latency: 'Not verified',[39m
[31m+         capitalProtected: 'Not verified',[39m
[31m+         throughput: 'Not verified',[39m
[31m+         mitigations: 'Not verified',[39m
[31m+         overallScore: null,[39m
[31m+         auditEvents: null,[39m
[31m+         activeThreats: null,[39m
[31m+         systemIntegrity: 'Not verified',[39m
[31m+         observed: {[39m
[31m+           clientCount: Number(row.clientCount || 0),[39m
[31m+           passportCount: Number(row.passportCount || 0),[39m
[31m+           scanCount: Number(row.scanCount || 0),[39m
[31m+         },[39m
[31m+       });[39m
[31m+     } catch (error) {[39m
[31m+       return next(error);[39m
[31m+     }[39m
[31m+   });[39m
[31m+[39m
[31m+   // Owner-only operational health for the command center. Every section reads[39m
[31m+   // from the real tables the corresponding subsystem already writes -- no[39m
[31m+   // second heartbeat, delivery ledger, integration status, or audit verifier[39m
[31m+   // is created here. Sections with no real backing data are omitted rather[39m
[31m+   // than populated with placeholder values; see the `notes` field.[39m
[31m+   router.get('/founder/operations', requireAuth, requireRole('Owner'), async (req: AuthenticatedRequest, res, next) => {[39m
[31m+     try {[39m
[31m+       const db = req.db!;[39m
[31m+       const tenantId = req.user!.tenantId;[39m
[31m+       const notes: string[] = [];[39m
[31m+[39m
[31m+       // --- A. Worker/job health ---------------------------------------------[39m
[31m+       // osv-worker.ts claims agent_jobs rows (job_type osv_manifest_scan /[39m
[31m+       // repository_scan). It has no separate heartbeat row; the queue state[39m
[31m+       // itself (locked_at/locked_by, the same 10-minute staleness window the[39m
[31m+       // worker uses to reclaim stuck jobs) is the real signal.[39m
[31m+       const [osvCounts, osvStale, osvFailures, osvActivity] = await Promise.all([[39m
[31m+         db.execute(sql`SELECT job_type AS "jobType", status, COUNT(*)::int AS count FROM agent_jobs WHERE tenant_id=${tenantId} AND job_type IN ('osv_manifest_scan','repository_scan') GROUP BY job_type, status`),[39m
[31m+         db.execute(sql`SELECT COUNT(*)::int AS count FROM agent_jobs WHERE tenant_id=${tenantId} AND job_type IN ('osv_manifest_scan','repository_scan') AND status='Running' AND locked_at < NOW() - INTERVAL '10 minutes'`),[39m
[31m+         db.execute(sql`SELECT id, job_type AS "jobType", error, attempt_count AS "attemptCount", max_attempts AS "maxAttempts", updated_at AS "updatedAt" FROM agent_jobs WHERE tenant_id=${tenantId} AND job_type IN ('osv_manifest_scan','repository_scan') AND status='Failed' ORDER BY updated_at DESC LIMIT 5`),[39m
[31m+         db.execute(sql`SELECT MAX(updated_at) AS "lastActivityAt" FROM agent_jobs WHERE tenant_id=${tenantId} AND job_type IN ('osv_manifest_scan','repository_scan')`),[39m
[31m+       ]);[39m
[31m+[39m
[31m+       // monitoring-worker.ts (the file name this dashboard's spec named) is not[39m
[31m+       // imported by worker.ts and never runs in production -- confirmed dead[39m
[31m+       // code, not a running system. trust-monitoring-worker.ts is the real,[39m
[31m+       // currently-running system that plays the equivalent role (collector_jobs[39m
[31m+       // has an actual heartbeat_at column, unlike agent_jobs).[39m
[31m+       const [monitoringCounts, monitoringHeartbeat, monitoringFailures] = await Promise.all([[39m
[31m+         db.execute(sql`SELECT state, COUNT(*)::int AS count FROM collector_jobs WHERE tenant_id=${tenantId} GROUP BY state`),[39m
[31m+         db.execute(sql`SELECT MAX(heartbeat_at) AS "lastHeartbeatAt" FROM collector_jobs WHERE tenant_id=${tenantId} AND state='running'`),[39m
[31m+         db.execute(sql`SELECT id, collector_id AS "collectorId", safe_error_code AS "errorCode", safe_error_message AS "errorMessage", completed_at AS "completedAt" FROM collector_jobs WHERE tenant_id=${tenantId} AND state IN ('failed','dead_lettered') ORDER BY completed_at DESC NULLS LAST LIMIT 5`),[39m
[31m+       ]);[39m
[31m+       notes.push('monitoring-worker.ts is dead code (never imported by worker.ts); "monitoringWorker" below reflects trust-monitoring-worker.ts, the real running system for the same role.');[39m
[31m+[39m
[31m+       // --- B. Webhook delivery health ----------------------------------------[39m
[31m+       const [webhookCounts, webhookEndpoints, webhookFailures] = await Promise.all([[39m
[31m+         db.execute(sql`SELECT status, COUNT(*)::int AS count FROM spr_webhook_deliveries WHERE tenant_id=${tenantId} AND created_at::timestamptz > NOW() - INTERVAL '7 days' GROUP BY status`),[39m
[31m+         db.execute(sql`SELECT COUNT(*) FILTER (WHERE active)::int AS "activeCount", COUNT(*) FILTER (WHERE NOT active)::int AS "disabledCount" FROM spr_webhooks WHERE tenant_id=${tenantId}`),[39m
[31m+         db.execute(sql`SELECT d.id, d.webhook_id AS "webhookId", w.url, d.event_type AS "eventType", d.safe_error_code AS "errorCode", d.safe_error_message AS "errorMessage", d.completed_at AS "completedAt" FROM spr_webhook_deliveries d JOIN spr_webhooks w ON w.id=d.webhook_id AND w.tenant_id=d.tenant_id WHERE d.tenant_id=${tenantId} AND d.status IN ('failed','dead_lettered') ORDER BY d.completed_at DESC NULLS LAST LIMIT 10`),[39m
[31m+       ]);[39m
[31m+       notes.push('Webhook failures are grouped by destination endpoint (webhookId/url), not "provider" -- SPR webhooks are user-configured destination URLs, not third-party provider connectors; there is no per-provider concept for outbound deliveries.');[39m
[31m+[39m
[31m+       // --- C. Integration health ----------------------------------------------[39m
[31m+       const [credentialRows, integrationRows] = await Promise.all([[39m
[31m+         db.execute(sql`SELECT provider, status, last_tested_at AS "lastTestedAt" FROM integration_credentials WHERE tenant_id=${tenantId}`),[39m
[31m+         db.execute(sql`SELECT name, connected, last_sync_date AS "lastSyncDate" FROM integrations WHERE tenant_id=${tenantId}`),[39m
[31m+       ]);[39m
[31m+       const credentialByProvider = new Map<string, any>((credentialRows as any).rows?.map((r: any) => [r.provider, r]) ?? []);[39m
[31m+       const integrationByName = new Map<string, any>((integrationRows as any).rows?.map((r: any) => [r.name, r]) ?? []);[39m
[31m+       const integrations = INTEGRATION_CATALOG.map((item) => ({[39m
[31m+         provider: item.provider,[39m
[31m+         name: item.name,[39m
[31m+         connected: Boolean(integrationByName.get(item.name)?.connected),[39m
[31m+         lastSyncDate: integrationByName.get(item.name)?.lastSyncDate ?? null,[39m
[31m+         credentialStatus: credentialByProvider.get(item.provider)?.status ?? 'NOT_CONFIGURED',[39m
[31m+         lastTestedAt: credentialByProvider.get(item.provider)?.lastTestedAt ?? null,[39m
[31m+       }));[39m
[31m+[39m
[31m+       // --- D. Audit chain integrity --------------------------------------------[39m
[31m+       // Reuses the exact function GET /api/auth/audit-chain/verify calls --[39m
[31m+       // no second verifier.[39m
[31m+       const auditChain = await verifyAuditChain(db, tenantId);[39m
[31m+[39m
[31m+       // --- E. Scan / job queue --------------------------------------------------[39m
[31m+       const [runningRepoScans, complianceSchedules] = await Promise.all([[39m
[31m+         db.execute(sql`SELECT id, passport_id AS "passportId", status, progress, updated_at AS "updatedAt" FROM agent_jobs WHERE tenant_id=${tenantId} AND job_type='repository_scan' AND status='Running' ORDER BY updated_at DESC LIMIT 10`),[39m
[31m+         db.execute(sql`SELECT id, client_id AS "clientId", frequency, status, last_audit_at AS "lastAuditAt", next_audit_at AS "nextAuditAt" FROM compliance_schedules WHERE tenant_id=${tenantId} ORDER BY COALESCE(last_audit_at, created_at) DESC LIMIT 10`),[39m
[31m+       ]);[39m
[31m+[39m
[31m+       return res.json({[39m
[31m+         generatedAt: new Date().toISOString(),[39m
[31m+         workers: {[39m
[31m+           osv: {[39m
[31m+             countsByStatus: (osvCounts as any).rows ?? [],[39m
[31m+             staleRunningCount: Number((osvStale as any).rows?.[0]?.count ?? 0),[39m
[31m+             recentFailures: (osvFailures as any).rows ?? [],[39m
[31m+             lastActivityAt: (osvActivity as any).rows?.[0]?.lastActivityAt ?? null,[39m
[31m+           },[39m
[31m+           monitoringWorker: {[39m
[31m+             realSource: 'trust-monitoring-worker.ts (collector_jobs)',[39m
[31m+             countsByState: (monitoringCounts as any).rows ?? [],[39m
[31m+             lastHeartbeatAt: (monitoringHeartbeat as any).rows?.[0]?.lastHeartbeatAt ?? null,[39m
[31m+             recentFailures: (monitoringFailures as any).rows ?? [],[39m
[31m+           },[39m
[31m+         },[39m
[31m+         webhooks: {[39m
[31m+           countsByStatusLast7Days: (webhookCounts as any).rows ?? [],[39m
[31m+           activeEndpoints: Number((webhookEndpoints as any).rows?.[0]?.activeCount ?? 0),[39m
[31m+           disabledEndpoints: Number((webhookEndpoints as any).rows?.[0]?.disabledCount ?? 0),[39m
[31m+           recentFailures: (webhookFailures as any).rows ?? [],[39m
[31m+         },[39m
[31m+         integrations,[39m
[31m+         auditChain,[39m
[31m+         queue: {[39m
[31m+           runningRepositoryScans: (runningRepoScans as any).rows ?? [],[39m
[31m+           recentlyFailedJobs: (osvFailures as any).rows ?? [],[39m
[31m+           complianceSchedules: (complianceSchedules as any).rows ?? [],[39m
[31m+         },[39m
[31m+         notes,[39m
[31m+       });[39m
[31m+     } catch (error) {[39m
[31m+       return next(error);[39m
[31m+     }[39m
[31m+   });[39m
[31m+[39m
[31m+   // Owner-only self-passport retrieval. Absence of evidence is represented as[39m
[31m+   // a 404 instead of a fabricated passport or trust score.[39m
[31m+   router.get('/passports/self-passport', requireAuth, requireRole('Owner'), async (req: AuthenticatedRequest, res, next) => {[39m
[31m+     try {[39m
[31m+       const db = req.db!;[39m
[31m+       const result = await db.execute(sql`[39m
[31m+         SELECT[39m
[31m+           id,[39m
[31m+           name,[39m
[31m+           version,[39m
[31m+           publisher,[39m
[31m+           release_date AS "releaseDate",[39m
[31m+           evidence[39m
[31m+         FROM passports[39m
[31m+         WHERE tenant_id = ${req.user!.tenantId}[39m
[31m+         ORDER BY release_date DESC NULLS LAST, id DESC[39m
[31m+         LIMIT 1[39m
[31m+       `);[39m
[31m+       const row = (result as any).rows?.[0];[39m
[31m+       if (!row) return res.status(404).json({ error: 'Self passport evidence not found', code: 'SELF_PASSPORT_NOT_FOUND' });[39m
[31m+       return res.json({[39m
[31m+         ...row,[39m
[31m+         overallScore: null,[39m
[31m+         healthStatus: 'Not verified',[39m
[31m+         evidence: Array.isArray(row.evidence) ? row.evidence : [],[39m
[31m+       });[39m
[31m+     } catch (error) {[39m
[31m+       return next(error);[39m
[31m+     }[39m
[31m+   });[39m
[31m+[39m
[31m+   // Firebase-authenticated, tenant-scoped reads for the first-party SPA.[39m
[31m+   // These are deliberately separate from /connect/v1, which is API-key based.[39m
[31m+   router.get('/user/clients', requireAuth, async (req: AuthenticatedRequest, res, next) => {[39m
[31m+     try {[39m
[31m+       const db = req.db!;[39m
[31m+       const result = await db.execute(sql`SELECT id, name, domain, industry, trust_score AS "trustScore", risk_level AS "riskLevel", avatar_color AS "avatarColor", subscription_tier AS "subscriptionTier", joined_date AS "joinedDate", team_count AS "teamCount", passport_count AS "passportCount", critical_risks_count AS "criticalRisksCount", compliance_progress AS "complianceProgress", software_inventory AS "softwareInventory", compliance_status AS "complianceStatus", team_members AS "teamMembers", activity_timeline AS "activityTimeline" FROM clients WHERE tenant_id=${req.user!.tenantId} ORDER BY joined_date DESC`);[39m
[31m+       return res.json((result as any).rows || []);[39m
[31m+     } catch (error) {[39m
[31m+       return next(error);[39m
[31m+     }[39m
[31m+   });[39m
[31m+[39m
[31m+   router.get('/user/passports', requireAuth, async (req: AuthenticatedRequest, res, next) => {[39m
[31m+     try {[39m
[31m+       const db = req.db!;[39m
[31m+       const result = await db.execute(sql`SELECT p.id, p.client_id AS "clientId", p.name, p.version, p.publisher, p.category, p.release_date AS "releaseDate", p.license_type AS "licenseType", p.sbom, COALESCE((SELECT json_agg(json_build_object('id', e.id, 'name', e.name, 'type', e.type, 'verified', e.verified, 'status', e.status, 'signer', e.signer, 'timestamp', e.timestamp, 'hash', e.hash, 'engineId', e.engine_id, 'verificationFailureReason', e.verification_failure_reason) ORDER BY e.timestamp DESC) FROM evidence_items e WHERE e.tenant_id=p.tenant_id AND e.asset_id=p.id), '[]'::json) AS evidence, COALESCE((SELECT json_agg(json_build_object('id', f.id, 'findingId', f.id, 'severity', f.severity, 'category', f.category, 'title', f.title, 'description', f.description, 'component', f.component, 'fixedVersion', f.fixed_version, 'status', f.status, 'detectedAt', f.detected_at, 'engineId', f.engine_id) ORDER BY f.detected_at DESC) FROM scan_findings f WHERE f.tenant_id=p.tenant_id AND f.asset_id=p.id), '[]'::json) AS vulnerabilities, p.timeline, NULL AS scores, 'not_authoritatively_scored' AS "scoreStatus" FROM passports p WHERE p.tenant_id=${req.user!.tenantId} ORDER BY p.name ASC`);[39m
[31m+       return res.json((result as any).rows || []);[39m
[31m+     } catch (error) {[39m
[31m+       return next(error);[39m
[31m+     }[39m
[31m+   });[39m
[31m+[39m
[31m+   router.get('/user/extensions', requireAuth, async (req: AuthenticatedRequest, res, next) => {[39m
[31m+     try {[39m
[31m+       const db = req.db!;[39m
[31m+       const result = await db.execute(sql`SELECT extension_id AS "extensionId", installed_at AS "installedAt" FROM extension_installations WHERE tenant_id=${req.user!.tenantId} ORDER BY installed_at DESC`);[39m
[31m+       return res.json((result as any).rows || []);[39m
[31m+     } catch (error) {[39m
[31m+       return next(error);[39m
[31m+     }[39m
[31m+   });[39m
[31m+[39m
[31m+   router.post('/user/extensions/:extensionId', requireAuth, requireRole(['Owner', 'Admin', 'Operator']), async (req: AuthenticatedRequest, res, next) => {[39m
[31m+     try {[39m
[31m+       const extensionId = String(req.params.extensionId || '').trim();[39m
[31m+       if (!/^[A-Za-z0-9_.-]{1,120}$/.test(extensionId)) return res.status(400).json({ error: 'Invalid extension id' });[39m
[31m+       const db = req.db!;[39m
[31m+       const result = await db.execute(sql`INSERT INTO extension_installations (tenant_id, extension_id, installed_at) VALUES (${req.user!.tenantId}, ${extensionId}, NOW()) ON CONFLICT (tenant_id, extension_id) DO UPDATE SET installed_at=NOW() RETURNING extension_id AS "extensionId", installed_at AS "installedAt"`);[39m
[31m+       return res.status(201).json((result as any).rows?.[0]);[39m
[31m+     } catch (error) {[39m
[31m+       return next(error);[39m
[31m+     }[39m
[31m+   });[39m
[31m+[39m
[31m+   router.delete('/user/extensions/:extensionId', requireAuth, requireRole(['Owner', 'Admin', 'Operator']), async (req: AuthenticatedRequest, res, next) => {[39m
[31m+     try {[39m
[31m+       const db = req.db!;[39m
[31m+       const extensionId = String(req.params.extensionId || '').trim();[39m
[31m+       const result = await db.execute(sql`DELETE FROM extension_installations WHERE tenant_id=${req.user!.tenantId} AND extension_id=${extensionId} RETURNING extension_id`);[39m
[31m+       if (!((result as any).rows?.length)) return res.status(404).json({ error: 'Extension installation not found' });[39m
[31m+       return res.status(204).send();[39m
[31m+     } catch (error) {[39m
[31m+       return next(error);[39m
[31m+     }[39m
[31m+   });[39m
[31m+[39m
[31m+   router.get('/auth/verify-status', requireAuth, async (req: AuthenticatedRequest, res) => {[39m
[31m+     return res.json({ verified: req.user!.emailVerified, emailVerified: req.user!.emailVerified });[39m
[31m+   });[39m
[31m+[39m
[31m+[39m
[31m+[39m
[31m+   router.get('/user/passports/:id/verification', requireAuth, async (req: AuthenticatedRequest, res, next) => {[39m
[31m+     try {[39m
[31m+       const db = req.db!;[39m
[31m+       const tenantId = req.user!.tenantId;[39m
[31m+       const clientScope = req.user!.role === 'Client' ? (req.user as any).clientId : null;[39m
[31m+       const passportResult = await db.execute(sql`SELECT id, version, evidence, client_id AS "clientId" FROM passports WHERE id=${req.params.id} AND tenant_id=${tenantId} AND (${clientScope} IS NULL OR client_id=${clientScope}) LIMIT 1`) as any;[39m
[31m+       const passport = passportResult.rows?.[0];[39m
[31m+       if (!passport) return res.status(404).json({ error: 'Passport not found' });[39m
[31m+       const findingResult = await db.execute(sql`SELECT id, passport_id AS "passportId", evidence_ids, status FROM trust_findings WHERE tenant_id=${tenantId} AND passport_id=${passport.id}`) as any;[39m
[31m+       const parseJson = (value: unknown): unknown[] => { try { const parsed = JSON.parse(String(value ?? '')); return Array.isArray(parsed) ? parsed : []; } catch { return []; } };[39m
[31m+       const openFindingEvidenceIds = (findingResult.rows ?? []).filter((row: any) => !['resolved','closed','verified'].includes(String(row.status || '').toLowerCase())).flatMap((row: any) => parseJson(row.evidence_ids)).filter((id: any): id is string => typeof id === 'string');[39m
[31m+       const adapted = adaptEvidenceForEvaluation({ evidence: parseJson(passport.evidence) as any[], passportVersion: passport.version, openFindingEvidenceIds });[39m
[31m+       const evaluatedAt = Date.now();[39m
[31m+       const decision = evaluateVerification({ evidence: adapted.evidence, evaluatedAt, targetIdentity: adapted.targetIdentity });[39m
[31m+       res.setHeader('Cache-Control', 'private, max-age=0, no-store');[39m
[31m+       return res.json({ decision, observations: decision.observationCount, independentSources: decision.independentSourceCount });[39m
[31m+     } catch (error) { return next(error); }[39m
[31m+   });[39m
[31m+[39m
[31m+   router.get('/user/verification', requireAuth, async (req: AuthenticatedRequest, res, next) => {[39m
[31m+     try {[39m
[31m+       const db = req.db!;[39m
[31m+       const tenantId = req.user!.tenantId;[39m
[31m+       const clientScope = req.user!.role === 'Client' ? (req.user as any).clientId : null;[39m
[31m+       const passportRows = (await db.execute(sql`SELECT id, version, evidence, client_id AS "clientId" FROM passports WHERE tenant_id=${tenantId} AND (${clientScope} IS NULL OR client_id=${clientScope}) ORDER BY id`) as any).rows ?? [];[39m
[31m+       const passportIds = passportRows.map((row: any) => String(row.id));[39m
[31m+       const parseJson = (value: unknown): unknown[] => { try { const parsed = JSON.parse(String(value ?? '')); return Array.isArray(parsed) ? parsed : []; } catch { return []; } };[39m
[31m+       // Drizzle's proven one-query binding shape for the passport findings is[39m
[31m+       // `asset_id IN ${passportIds}`; do not replace this with ANY(array).[39m
[31m+       const findingRows = passportIds.length ? ((await db.execute(sql`SELECT id, passport_id AS "passportId", evidence_ids, status FROM trust_findings WHERE tenant_id=${tenantId} AND passport_id IN ${passportIds}`) as any).rows ?? []) : [];[39m
[31m+       const evidenceByPassport = new Map<string, any[]>();[39m
[31m+       for (const passport of passportRows) evidenceByPassport.set(String(passport.id), parseJson(passport.evidence) as any[]);[39m
[31m+       const evaluatedAt = Date.now();[39m
[31m+       const verificationDecisions: Record<string, VerificationDecision> = {};[39m
[31m+       const verificationDetails: Record<string, unknown> = {};[39m
[31m+       for (const passport of passportRows) {[39m
[31m+         const findings = findingRows.filter((row: any) => String(row.passportId) === String(passport.id));[39m
[31m+         const openFindingEvidenceIds = findings.filter((row: any) => !['resolved','closed','verified'].includes(String(row.status || '').toLowerCase())).flatMap((row: any) => parseJson(row.evidence_ids)).filter((id: any): id is string => typeof id === 'string');[39m
[31m+         const adapted = adaptEvidenceForEvaluation({ evidence: evidenceByPassport.get(String(passport.id)) ?? [], passportVersion: passport.version, openFindingEvidenceIds });[39m
[31m+         const decision = evaluateVerification({ evidence: adapted.evidence, evaluatedAt, targetIdentity: adapted.targetIdentity });[39m
[31m+         verificationDecisions[String(passport.id)] = decision;[39m
[31m+         verificationDetails[String(passport.id)] = { unmappedCount: adapted.unmappedCount, undatedCount: adapted.undatedCount, observations: decision.observationCount, independentSources: decision.independentSourceCount };[39m
[31m+       }[39m
[31m+       res.setHeader('Cache-Control', 'private, max-age=0, no-store');[39m
[31m+       return res.json({ verificationDecisions, verificationDetails });[39m
[31m+     } catch (error) { return next(error); }[39m
[31m+   });[39m
[31m+[39m
[31m+   return router;[39m
[31m+ }[39m
[31m+[39m

[36m [2m❯[22m tests/client-creation-contract.test.ts:[2m36:15[22m[39m
    [90m 34| [39m  it('handles duplicate domains with a real database constraint, not j…
    [90m 35| [39m    [35mconst[39m s [33m=[39m [34msource[39m()[33m;[39m
    [90m 36| [39m    expect(s).toContain("if (error?.code === '23505' || error?.cause?.…
    [90m   | [39m              [31m^[39m
    [90m 37| [39m    const migration = read('migrations/0032_client_creation_and_scopin…
    [90m 38| [39m    expect(migration).toContain('ADD CONSTRAINT clients_tenant_domain_…

[31m[2m⎯⎯⎯⎯⎯⎯⎯⎯⎯⎯⎯⎯⎯⎯⎯⎯⎯⎯⎯⎯⎯[11/141]⎯[22m[39m

[41m[1m FAIL [22m[49m tests/client-creation-contract.test.ts[2m > [22mPOST /api/user/clients[2m > [22maudits the creation event
[31m[1mAssertionError[22m: expected '/**\n * @license\n * SPDX-License-Ide…' to contain 'action: \'client.created\''[39m

[32m- Expected[39m
[31m+ Received[39m

[32m- action: 'client.created'[39m
[31m+ /**[39m
[31m+  * @license[39m
[31m+  * SPDX-License-Identifier: Apache-2.0[39m
[31m+  */[39m
[31m+[39m
[31m+ import { Router } from 'express';[39m
[31m+ import { eq } from 'drizzle-orm';[39m
[31m+ import { sql } from 'drizzle-orm';[39m
[31m+ import { z } from 'zod';[39m
[31m+ import { users } from '../db/schema.ts';[39m
[31m+ import { AuthenticatedRequest, requireAuth, requireRole } from '../middleware/security.ts';[39m
[31m+ import { adminAuth, setUserCustomClaims } from '../lib/firebase-admin.ts';[39m
[31m+ import { appendAuditEntry, verifyAuditChain } from '../security/audit-log.ts';[39m
[31m+ import { describeUserAgent, sessionFingerprint } from '../security/session-tracking.ts';[39m
[31m+ import { offboardTenantData } from '../db/sync.ts';[39m
[31m+ import { INTEGRATION_CATALOG } from '../integrations/catalog.ts';[39m
[31m+ import { adaptEvidenceForEvaluation } from '../lib/verification/evidenceAdapter.ts';[39m
[31m+ import { evaluateVerification, type VerificationDecision } from '../lib/verification/evaluateVerification.ts';[39m
[31m+[39m
[31m+ const INVITABLE_ROLES = ['Admin', 'Technician', 'Viewer', 'Client'] as const;[39m
[31m+ const inviteSchema = z.object({ email: z.string().trim().email().max(255), role: z.enum(INVITABLE_ROLES) }).strict();[39m
[31m+ const roleUpdateSchema = z.object({ role: z.enum(INVITABLE_ROLES) }).strict();[39m
[31m+ const profileUpdateSchema = z.object({[39m
[31m+   displayName: z.string().trim().max(200).optional(),[39m
[31m+   roleTitle: z.string().trim().max(200).optional(),[39m
[31m+   companyName: z.string().trim().max(200).optional(),[39m
[31m+ }).strict();[39m
[31m+ const revokeSessionSchema = z.object({ sessionId: z.string().trim().min(1).max(200) }).strict();[39m
[31m+[39m
[31m+ export function createAuthRouter() {[39m
[31m+   const router = Router();[39m
[31m+[39m
[31m+   // The Firebase ID token is the sole authentication authority. The database[39m
[31m+   // record supplies the tenant/RBAC projection after token verification.[39m
[31m+   router.get('/user/me', requireAuth, async (req: AuthenticatedRequest, res, next) => {[39m
[31m+     try {[39m
[31m+       const db = req.db!;[39m
[31m+       const user = await db.select({[39m
[31m+         id: users.id,[39m
[31m+         uid: users.uid,[39m
[31m+         email: users.email,[39m
[31m+         tenantId: users.tenantId,[39m
[31m+         role: users.role,[39m
[31m+         companyName: users.companyName,[39m
[31m+         roleTitle: users.roleTitle,[39m
[31m+         displayName: users.displayName,[39m
[31m+         numTechnicians: users.numTechnicians,[39m
[31m+         clientCount: users.clientCount,[39m
[31m+         primaryUseCase: users.primaryUseCase,[39m
[31m+         onboarded: users.onboarded,[39m
[31m+         mfaEnabled: users.mfaEnabled,[39m
[31m+         createdAt: users.createdAt,[39m
[31m+       }).from(users).where(eq(users.uid, req.user!.uid)).then(rows => rows[0]);[39m
[31m+[39m
[31m+       if (!user) return res.status(403).json({ error: 'User account is not provisioned' });[39m
[31m+       return res.json({ ...user, emailVerified: req.user!.emailVerified });[39m
[31m+     } catch (error) {[39m
[31m+       return next(error);[39m
[31m+     }[39m
[31m+   });[39m
[31m+[39m
[31m+   router.put('/user/profile', requireAuth, async (req: AuthenticatedRequest, res, next) => {[39m
[31m+     try {[39m
[31m+       const db = req.db!;[39m
[31m+       const parsed = profileUpdateSchema.safeParse(req.body);[39m
[31m+       if (!parsed.success) return res.status(400).json({ error: 'Invalid request', details: parsed.error.flatten() });[39m
[31m+       const result = await db.execute(sql`[39m
[31m+         UPDATE users SET[39m
[31m+           display_name = COALESCE(${parsed.data.displayName ?? null}, display_name),[39m
[31m+           role_title = COALESCE(${parsed.data.roleTitle ?? null}, role_title),[39m
[31m+           company_name = COALESCE(${parsed.data.companyName ?? null}, company_name)[39m
[31m+         WHERE uid = ${req.user!.uid} AND tenant_id = ${req.user!.tenantId}[39m
[31m+         RETURNING id, email, display_name AS "displayName", role_title AS "roleTitle", company_name AS "companyName"[39m
[31m+       `);[39m
[31m+       const row = (result as any).rows?.[0];[39m
[31m+       if (!row) return res.status(404).json({ error: 'User account not found' });[39m
[31m+       await appendAuditEntry(db, { tenantId: req.user!.tenantId, action: 'profile.updated', actor: req.user!.email, payload: { userId: req.user!.id } });[39m
[31m+       return res.json(row);[39m
[31m+     } catch (error) {[39m
[31m+       return next(error);[39m
[31m+     }[39m
[31m+   });[39m
[31m+[39m
[31m+   router.get('/organization/team', requireAuth, async (req: AuthenticatedRequest, res, next) => {[39m
[31m+     try {[39m
[31m+       const db = req.db!;[39m
[31m+       const result = await db.execute(sql`[39m
[31m+         SELECT id, email, display_name AS "displayName", role, onboarded, created_at AS "createdAt"[39m
[31m+         FROM users WHERE tenant_id = ${req.user!.tenantId} ORDER BY created_at ASC[39m
[31m+       `);[39m
[31m+       return res.json((result as any).rows ?? []);[39m
[31m+     } catch (error) {[39m
[31m+       return next(error);[39m
[31m+     }[39m
[31m+   });[39m
[31m+[39m
[31m+   router.post('/organization/invite', requireAuth, requireRole(['Owner', 'Admin']), async (req: AuthenticatedRequest, res, next) => {[39m
[31m+     try {[39m
[31m+       const db = req.db!;[39m
[31m+       const parsed = inviteSchema.safeParse(req.body);[39m
[31m+       if (!parsed.success) return res.status(400).json({ error: 'Invalid request', details: parsed.error.flatten() });[39m
[31m+       const email = parsed.data.email.toLowerCase();[39m
[31m+[39m
[31m+       const existing = await db.execute(sql`SELECT id FROM users WHERE tenant_id = ${req.user!.tenantId} AND lower(btrim(email)) = ${email} LIMIT 1`);[39m
[31m+       if ((existing as any).rows?.length) return res.status(409).json({ error: 'This email is already a member of your workspace.' });[39m
[31m+[39m
[31m+       let firebaseUser;[39m
[31m+       try {[39m
[31m+         firebaseUser = await adminAuth.getUserByEmail(email);[39m
[31m+       } catch {[39m
[31m+         firebaseUser = await adminAuth.createUser({ email, emailVerified: false });[39m
[31m+       }[39m
[31m+[39m
[31m+       const inserted = await db.execute(sql`[39m
[31m+         INSERT INTO users (uid, email, tenant_id, role, invited_by, onboarded)[39m
[31m+         VALUES (${firebaseUser.uid}, ${email}, ${req.user!.tenantId}, ${parsed.data.role}, ${req.user!.email}, 0)[39m
[31m+         RETURNING id, email, role[39m
[31m+       `);[39m
[31m+       await setUserCustomClaims(firebaseUser.uid, { workspaceId: req.user!.tenantId, role: parsed.data.role });[39m
[31m+[39m
[31m+       let inviteLink: string | null = null;[39m
[31m+       try { inviteLink = await adminAuth.generatePasswordResetLink(email); } catch { inviteLink = null; }[39m
[31m+[39m
[31m+       await appendAuditEntry(db, { tenantId: req.user!.tenantId, action: 'team.invited', actor: req.user!.email, payload: { invitedEmail: email, role: parsed.data.role } });[39m
[31m+       return res.status(201).json({ ...(inserted as any).rows?.[0], inviteLink });[39m
[31m+     } catch (error) {[39m
[31m+       return next(error);[39m
[31m+     }[39m
[31m+   });[39m
[31m+[39m
[31m+   router.put('/organization/team/:userId/role', requireAuth, requireRole(['Owner', 'Admin']), async (req: AuthenticatedRequest, res, next) => {[39m
[31m+     try {[39m
[31m+       const db = req.db!;[39m
[31m+       const parsed = roleUpdateSchema.safeParse(req.body);[39m
[31m+       if (!parsed.success) return res.status(400).json({ error: 'Invalid request', details: parsed.error.flatten() });[39m
[31m+       const targetId = Number(req.params.userId);[39m
[31m+       if (!Number.isInteger(targetId)) return res.status(400).json({ error: 'Invalid user id' });[39m
[31m+[39m
[31m+       const result = await db.execute(sql`[39m
[31m+         UPDATE users SET role = ${parsed.data.role}[39m
[31m+         WHERE id = ${targetId} AND tenant_id = ${req.user!.tenantId} AND role <> 'Owner'[39m
[31m+         RETURNING id, uid, email, role[39m
[31m+       `);[39m
[31m+       const row = (result as any).rows?.[0];[39m
[31m+       if (!row) return res.status(404).json({ error: 'Team member not found, or the Owner role cannot be changed here.' });[39m
[31m+       await setUserCustomClaims(row.uid, { workspaceId: req.user!.tenantId, role: parsed.data.role });[39m
[31m+       await appendAuditEntry(db, { tenantId: req.user!.tenantId, action: 'team.role_changed', actor: req.user!.email, payload: { targetUserId: targetId, newRole: parsed.data.role } });[39m
[31m+       return res.json({ id: row.id, email: row.email, role: row.role });[39m
[31m+     } catch (error) {[39m
[31m+       return next(error);[39m
[31m+     }[39m
[31m+   });[39m
[31m+[39m
[31m+   router.delete('/organization/team/:userId', requireAuth, requireRole(['Owner', 'Admin']), async (req: AuthenticatedRequest, res, next) => {[39m
[31m+     try {[39m
[31m+       const db = req.db!;[39m
[31m+       const targetId = Number(req.params.userId);[39m
[31m+       if (!Number.isInteger(targetId)) return res.status(400).json({ error: 'Invalid user id' });[39m
[31m+[39m
[31m+       const result = await db.execute(sql`[39m
[31m+         DELETE FROM users WHERE id = ${targetId} AND tenant_id = ${req.user!.tenantId} AND role <> 'Owner'[39m
[31m+         RETURNING id, uid, email[39m
[31m+       `);[39m
[31m+       const row = (result as any).rows?.[0];[39m
[31m+       if (!row) return res.status(404).json({ error: 'Team member not found, or the Owner cannot be removed.' });[39m
[31m+[39m
[31m+       try { await adminAuth.updateUser(row.uid, { disabled: true }); await adminAuth.revokeRefreshTokens(row.uid); } catch { /* Firebase account may already be gone; DB removal already took effect. */ }[39m
[31m+       await appendAuditEntry(db, { tenantId: req.user!.tenantId, action: 'team.removed', actor: req.user!.email, payload: { targetUserId: targetId, targetEmail: row.email } });[39m
[31m+       return res.status(204).send();[39m
[31m+     } catch (error) {[39m
[31m+       return next(error);[39m
[31m+     }[39m
[31m+   });[39m
[31m+[39m
[31m+   router.get('/auth/sessions', requireAuth, async (req: AuthenticatedRequest, res, next) => {[39m
[31m+     try {[39m
[31m+       const db = req.db!;[39m
[31m+       const currentIp = req.ip || req.socket.remoteAddress || 'unknown';[39m
[31m+       const currentUserAgent = typeof req.headers['user-agent'] === 'string' ? req.headers['user-agent'].slice(0, 512) : '';[39m
[31m+       const currentFingerprint = sessionFingerprint(req.user!.uid, currentIp, currentUserAgent);[39m
[31m+[39m
[31m+       const result = await db.execute(sql`[39m
[31m+         SELECT id, session_fingerprint AS "sessionFingerprint", ip, user_agent AS "userAgent", last_seen_at AS "lastSeenAt"[39m
[31m+         FROM user_sessions[39m
[31m+         WHERE tenant_id = ${req.user!.tenantId} AND user_id = ${req.user!.id} AND revoked_at IS NULL[39m
[31m+         ORDER BY last_seen_at DESC[39m
[31m+       `);[39m
[31m+       const rows = ((result as any).rows ?? []) as Array<{ id: string; sessionFingerprint: string; ip: string; userAgent: string; lastSeenAt: string }>;[39m
[31m+       return res.json(rows.map(row => ({[39m
[31m+         id: row.id,[39m
[31m+         email: req.user!.email,[39m
[31m+         current: row.sessionFingerprint === currentFingerprint,[39m
[31m+         ip: row.ip,[39m
[31m+         device: describeUserAgent(row.userAgent),[39m
[31m+         location: 'Not geolocated',[39m
[31m+         lastSeenAt: row.lastSeenAt,[39m
[31m+       })));[39m
[31m+     } catch (error) {[39m
[31m+       return next(error);[39m
[31m+     }[39m
[31m+   });[39m
[31m+[39m
[31m+   router.post('/auth/sessions/revoke', requireAuth, async (req: AuthenticatedRequest, res, next) => {[39m
[31m+     try {[39m
[31m+       const db = req.db!;[39m
[31m+       const parsed = revokeSessionSchema.safeParse(req.body);[39m
[31m+       if (!parsed.success) return res.status(400).json({ error: 'Invalid request', details: parsed.error.flatten() });[39m
[31m+       const currentIp = req.ip || req.socket.remoteAddress || 'unknown';[39m
[31m+       const currentUserAgent = typeof req.headers['user-agent'] === 'string' ? req.headers['user-agent'].slice(0, 512) : '';[39m
[31m+       const currentFingerprint = sessionFingerprint(req.user!.uid, currentIp, currentUserAgent);[39m
[31m+       if (parsed.data.sessionId === `sess_${currentFingerprint}`) return res.status(400).json({ error: 'Cannot revoke the session you are currently using. Sign out instead.' });[39m
[31m+[39m
[31m+       const result = await db.execute(sql`[39m
[31m+         UPDATE user_sessions SET revoked_at = NOW()[39m
[31m+         WHERE id = ${parsed.data.sessionId} AND tenant_id = ${req.user!.tenantId} AND user_id = ${req.user!.id} AND revoked_at IS NULL[39m
[31m+         RETURNING id[39m
[31m+       `);[39m
[31m+       if (!((result as any).rows?.length)) return res.status(404).json({ error: 'Session not found' });[39m
[31m+       await appendAuditEntry(db, { tenantId: req.user!.tenantId, action: 'session.revoked', actor: req.user!.email, payload: { sessionId: parsed.data.sessionId } });[39m
[31m+       return res.status(204).send();[39m
[31m+     } catch (error) {[39m
[31m+       return next(error);[39m
[31m+     }[39m
[31m+   });[39m
[31m+[39m
[31m+   router.get('/auth/login-history', requireAuth, async (req: AuthenticatedRequest, res, next) => {[39m
[31m+     try {[39m
[31m+       const db = req.db!;[39m
[31m+       const result = await db.execute(sql`[39m
[31m+         SELECT id, ip, user_agent AS "userAgent", status, occurred_at AS "occurredAt"[39m
[31m+         FROM login_history WHERE tenant_id = ${req.user!.tenantId} AND user_id = ${req.user!.id}[39m
[31m+         ORDER BY occurred_at DESC LIMIT 50[39m
[31m+       `);[39m
[31m+       const rows = ((result as any).rows ?? []) as Array<{ id: string; ip: string; userAgent: string; status: string; occurredAt: string }>;[39m
[31m+       return res.json(rows.map(row => ({[39m
[31m+         id: row.id,[39m
[31m+         email: req.user!.email,[39m
[31m+         status: row.status,[39m
[31m+         action: 'Sign-in',[39m
[31m+         timestamp: row.occurredAt,[39m
[31m+         ip: row.ip,[39m
[31m+         location: 'Not geolocated',[39m
[31m+       })));[39m
[31m+     } catch (error) {[39m
[31m+       return next(error);[39m
[31m+     }[39m
[31m+   });[39m
[31m+[39m
[31m+   router.get('/auth/audit-chain', requireAuth, async (req: AuthenticatedRequest, res, next) => {[39m
[31m+     try {[39m
[31m+       const db = req.db!;[39m
[31m+       const beforeRaw = typeof req.query.before === 'string' ? Number(req.query.before) : null;[39m
[31m+       const before = Number.isInteger(beforeRaw) && beforeRaw! > 0 ? beforeRaw : null;[39m
[31m+       const result = before[39m
[31m+         ? await db.execute(sql`[39m
[31m+             SELECT id, action, timestamp, actor, payload, current_hash AS "currentHash", previous_hash AS "previousHash"[39m
[31m+             FROM audit_trail WHERE tenant_id = ${req.user!.tenantId} AND id < ${before} ORDER BY id DESC LIMIT 50[39m
[31m+           `)[39m
[31m+         : await db.execute(sql`[39m
[31m+         SELECT id, action, timestamp, actor, payload, current_hash AS "currentHash", previous_hash AS "previousHash"[39m
[31m+         FROM audit_trail WHERE tenant_id = ${req.user!.tenantId} ORDER BY id DESC LIMIT 50[39m
[31m+       `);[39m
[31m+       const rows = ((result as any).rows ?? []) as Array<{ id: number; action: string; timestamp: string; actor: string; payload: string; currentHash: string; previousHash: string }>;[39m
[31m+       return res.json(rows.map(row => ({[39m
[31m+         id: row.id,[39m
[31m+         action: row.action,[39m
[31m+         timestamp: row.timestamp,[39m
[31m+         actor: row.actor,[39m
[31m+         payload: row.payload,[39m
[31m+         hash: row.currentHash,[39m
[31m+         currentHash: row.currentHash,[39m
[31m+         previousHash: row.previousHash,[39m
[31m+         block: { action: row.action, userEmail: row.actor.includes('@') ? row.actor : null },[39m
[31m+       })));[39m
[31m+     } catch (error) {[39m
[31m+       return next(error);[39m
[31m+     }[39m
[31m+   });[39m
[31m+[39m
[31m+   router.get('/auth/audit-chain/verify', requireAuth, async (req: AuthenticatedRequest, res, next) => {[39m
[31m+     try {[39m
[31m+       const db = req.db!;[39m
[31m+       return res.json(await verifyAuditChain(db, req.user!.tenantId));[39m
[31m+     } catch (error) {[39m
[31m+       return next(error);[39m
[31m+     }[39m
[31m+   });[39m
[31m+[39m
[31m+   router.post('/tenant/offboard', requireAuth, requireRole('Owner'), async (req: AuthenticatedRequest, res, next) => {[39m
[31m+     try {[39m
[31m+       // Purges via the owner-role connection (not req.db): offboarding must be[39m
[31m+       // able to see every table it enumerates from information_schema, and it[39m
[31m+       // already scopes every DELETE to exactly this caller's own tenant_id.[39m
[31m+       await offboardTenantData(req.user!.tenantId);[39m
[31m+       return res.status(200).json({ message: 'Tenant data purged.' });[39m
[31m+     } catch (error) {[39m
[31m+       return next(error);[39m
[31m+     }[39m
[31m+   });[39m
[31m+[39m
[31m+   // Owner-only founder metrics. Every value is either observed from tenant[39m
[31m+   // data or explicitly reported as not verified; this endpoint never invents[39m
[31m+   // production health, security, financial, or performance telemetry.[39m
[31m+   router.get('/founder/metrics', requireAuth, requireRole('Owner'), async (req: AuthenticatedRequest, res, next) => {[39m
[31m+     try {[39m
[31m+       const db = req.db!;[39m
[31m+       const counts = await db.execute(sql`[39m
[31m+         SELECT[39m
[31m+           (SELECT COUNT(*)::int FROM clients WHERE tenant_id = ${req.user!.tenantId}) AS "clientCount",[39m
[31m+           (SELECT COUNT(*)::int FROM passports WHERE tenant_id = ${req.user!.tenantId}) AS "passportCount",[39m
[31m+           (SELECT COUNT(*)::int FROM scans WHERE tenant_id = ${req.user!.tenantId}) AS "scanCount"[39m
[31m+       `);[39m
[31m+       const row = (counts as any).rows?.[0] || {};[39m
[31m+       return res.json({[39m
[31m+         latency: 'Not verified',[39m
[31m+         capitalProtected: 'Not verified',[39m
[31m+         throughput: 'Not verified',[39m
[31m+         mitigations: 'Not verified',[39m
[31m+         overallScore: null,[39m
[31m+         auditEvents: null,[39m
[31m+         activeThreats: null,[39m
[31m+         systemIntegrity: 'Not verified',[39m
[31m+         observed: {[39m
[31m+           clientCount: Number(row.clientCount || 0),[39m
[31m+           passportCount: Number(row.passportCount || 0),[39m
[31m+           scanCount: Number(row.scanCount || 0),[39m
[31m+         },[39m
[31m+       });[39m
[31m+     } catch (error) {[39m
[31m+       return next(error);[39m
[31m+     }[39m
[31m+   });[39m
[31m+[39m
[31m+   // Owner-only operational health for the command center. Every section reads[39m
[31m+   // from the real tables the corresponding subsystem already writes -- no[39m
[31m+   // second heartbeat, delivery ledger, integration status, or audit verifier[39m
[31m+   // is created here. Sections with no real backing data are omitted rather[39m
[31m+   // than populated with placeholder values; see the `notes` field.[39m
[31m+   router.get('/founder/operations', requireAuth, requireRole('Owner'), async (req: AuthenticatedRequest, res, next) => {[39m
[31m+     try {[39m
[31m+       const db = req.db!;[39m
[31m+       const tenantId = req.user!.tenantId;[39m
[31m+       const notes: string[] = [];[39m
[31m+[39m
[31m+       // --- A. Worker/job health ---------------------------------------------[39m
[31m+       // osv-worker.ts claims agent_jobs rows (job_type osv_manifest_scan /[39m
[31m+       // repository_scan). It has no separate heartbeat row; the queue state[39m
[31m+       // itself (locked_at/locked_by, the same 10-minute staleness window the[39m
[31m+       // worker uses to reclaim stuck jobs) is the real signal.[39m
[31m+       const [osvCounts, osvStale, osvFailures, osvActivity] = await Promise.all([[39m
[31m+         db.execute(sql`SELECT job_type AS "jobType", status, COUNT(*)::int AS count FROM agent_jobs WHERE tenant_id=${tenantId} AND job_type IN ('osv_manifest_scan','repository_scan') GROUP BY job_type, status`),[39m
[31m+         db.execute(sql`SELECT COUNT(*)::int AS count FROM agent_jobs WHERE tenant_id=${tenantId} AND job_type IN ('osv_manifest_scan','repository_scan') AND status='Running' AND locked_at < NOW() - INTERVAL '10 minutes'`),[39m
[31m+         db.execute(sql`SELECT id, job_type AS "jobType", error, attempt_count AS "attemptCount", max_attempts AS "maxAttempts", updated_at AS "updatedAt" FROM agent_jobs WHERE tenant_id=${tenantId} AND job_type IN ('osv_manifest_scan','repository_scan') AND status='Failed' ORDER BY updated_at DESC LIMIT 5`),[39m
[31m+         db.execute(sql`SELECT MAX(updated_at) AS "lastActivityAt" FROM agent_jobs WHERE tenant_id=${tenantId} AND job_type IN ('osv_manifest_scan','repository_scan')`),[39m
[31m+       ]);[39m
[31m+[39m
[31m+       // monitoring-worker.ts (the file name this dashboard's spec named) is not[39m
[31m+       // imported by worker.ts and never runs in production -- confirmed dead[39m
[31m+       // code, not a running system. trust-monitoring-worker.ts is the real,[39m
[31m+       // currently-running system that plays the equivalent role (collector_jobs[39m
[31m+       // has an actual heartbeat_at column, unlike agent_jobs).[39m
[31m+       const [monitoringCounts, monitoringHeartbeat, monitoringFailures] = await Promise.all([[39m
[31m+         db.execute(sql`SELECT state, COUNT(*)::int AS count FROM collector_jobs WHERE tenant_id=${tenantId} GROUP BY state`),[39m
[31m+         db.execute(sql`SELECT MAX(heartbeat_at) AS "lastHeartbeatAt" FROM collector_jobs WHERE tenant_id=${tenantId} AND state='running'`),[39m
[31m+         db.execute(sql`SELECT id, collector_id AS "collectorId", safe_error_code AS "errorCode", safe_error_message AS "errorMessage", completed_at AS "completedAt" FROM collector_jobs WHERE tenant_id=${tenantId} AND state IN ('failed','dead_lettered') ORDER BY completed_at DESC NULLS LAST LIMIT 5`),[39m
[31m+       ]);[39m
[31m+       notes.push('monitoring-worker.ts is dead code (never imported by worker.ts); "monitoringWorker" below reflects trust-monitoring-worker.ts, the real running system for the same role.');[39m
[31m+[39m
[31m+       // --- B. Webhook delivery health ----------------------------------------[39m
[31m+       const [webhookCounts, webhookEndpoints, webhookFailures] = await Promise.all([[39m
[31m+         db.execute(sql`SELECT status, COUNT(*)::int AS count FROM spr_webhook_deliveries WHERE tenant_id=${tenantId} AND created_at::timestamptz > NOW() - INTERVAL '7 days' GROUP BY status`),[39m
[31m+         db.execute(sql`SELECT COUNT(*) FILTER (WHERE active)::int AS "activeCount", COUNT(*) FILTER (WHERE NOT active)::int AS "disabledCount" FROM spr_webhooks WHERE tenant_id=${tenantId}`),[39m
[31m+         db.execute(sql`SELECT d.id, d.webhook_id AS "webhookId", w.url, d.event_type AS "eventType", d.safe_error_code AS "errorCode", d.safe_error_message AS "errorMessage", d.completed_at AS "completedAt" FROM spr_webhook_deliveries d JOIN spr_webhooks w ON w.id=d.webhook_id AND w.tenant_id=d.tenant_id WHERE d.tenant_id=${tenantId} AND d.status IN ('failed','dead_lettered') ORDER BY d.completed_at DESC NULLS LAST LIMIT 10`),[39m
[31m+       ]);[39m
[31m+       notes.push('Webhook failures are grouped by destination endpoint (webhookId/url), not "provider" -- SPR webhooks are user-configured destination URLs, not third-party provider connectors; there is no per-provider concept for outbound deliveries.');[39m
[31m+[39m
[31m+       // --- C. Integration health ----------------------------------------------[39m
[31m+       const [credentialRows, integrationRows] = await Promise.all([[39m
[31m+         db.execute(sql`SELECT provider, status, last_tested_at AS "lastTestedAt" FROM integration_credentials WHERE tenant_id=${tenantId}`),[39m
[31m+         db.execute(sql`SELECT name, connected, last_sync_date AS "lastSyncDate" FROM integrations WHERE tenant_id=${tenantId}`),[39m
[31m+       ]);[39m
[31m+       const credentialByProvider = new Map<string, any>((credentialRows as any).rows?.map((r: any) => [r.provider, r]) ?? []);[39m
[31m+       const integrationByName = new Map<string, any>((integrationRows as any).rows?.map((r: any) => [r.name, r]) ?? []);[39m
[31m+       const integrations = INTEGRATION_CATALOG.map((item) => ({[39m
[31m+         provider: item.provider,[39m
[31m+         name: item.name,[39m
[31m+         connected: Boolean(integrationByName.get(item.name)?.connected),[39m
[31m+         lastSyncDate: integrationByName.get(item.name)?.lastSyncDate ?? null,[39m
[31m+         credentialStatus: credentialByProvider.get(item.provider)?.status ?? 'NOT_CONFIGURED',[39m
[31m+         lastTestedAt: credentialByProvider.get(item.provider)?.lastTestedAt ?? null,[39m
[31m+       }));[39m
[31m+[39m
[31m+       // --- D. Audit chain integrity --------------------------------------------[39m
[31m+       // Reuses the exact function GET /api/auth/audit-chain/verify calls --[39m
[31m+       // no second verifier.[39m
[31m+       const auditChain = await verifyAuditChain(db, tenantId);[39m
[31m+[39m
[31m+       // --- E. Scan / job queue --------------------------------------------------[39m
[31m+       const [runningRepoScans, complianceSchedules] = await Promise.all([[39m
[31m+         db.execute(sql`SELECT id, passport_id AS "passportId", status, progress, updated_at AS "updatedAt" FROM agent_jobs WHERE tenant_id=${tenantId} AND job_type='repository_scan' AND status='Running' ORDER BY updated_at DESC LIMIT 10`),[39m
[31m+         db.execute(sql`SELECT id, client_id AS "clientId", frequency, status, last_audit_at AS "lastAuditAt", next_audit_at AS "nextAuditAt" FROM compliance_schedules WHERE tenant_id=${tenantId} ORDER BY COALESCE(last_audit_at, created_at) DESC LIMIT 10`),[39m
[31m+       ]);[39m
[31m+[39m
[31m+       return res.json({[39m
[31m+         generatedAt: new Date().toISOString(),[39m
[31m+         workers: {[39m
[31m+           osv: {[39m
[31m+             countsByStatus: (osvCounts as any).rows ?? [],[39m
[31m+             staleRunningCount: Number((osvStale as any).rows?.[0]?.count ?? 0),[39m
[31m+             recentFailures: (osvFailures as any).rows ?? [],[39m
[31m+             lastActivityAt: (osvActivity as any).rows?.[0]?.lastActivityAt ?? null,[39m
[31m+           },[39m
[31m+           monitoringWorker: {[39m
[31m+             realSource: 'trust-monitoring-worker.ts (collector_jobs)',[39m
[31m+             countsByState: (monitoringCounts as any).rows ?? [],[39m
[31m+             lastHeartbeatAt: (monitoringHeartbeat as any).rows?.[0]?.lastHeartbeatAt ?? null,[39m
[31m+             recentFailures: (monitoringFailures as any).rows ?? [],[39m
[31m+           },[39m
[31m+         },[39m
[31m+         webhooks: {[39m
[31m+           countsByStatusLast7Days: (webhookCounts as any).rows ?? [],[39m
[31m+           activeEndpoints: Number((webhookEndpoints as any).rows?.[0]?.activeCount ?? 0),[39m
[31m+           disabledEndpoints: Number((webhookEndpoints as any).rows?.[0]?.disabledCount ?? 0),[39m
[31m+           recentFailures: (webhookFailures as any).rows ?? [],[39m
[31m+         },[39m
[31m+         integrations,[39m
[31m+         auditChain,[39m
[31m+         queue: {[39m
[31m+           runningRepositoryScans: (runningRepoScans as any).rows ?? [],[39m
[31m+           recentlyFailedJobs: (osvFailures as any).rows ?? [],[39m
[31m+           complianceSchedules: (complianceSchedules as any).rows ?? [],[39m
[31m+         },[39m
[31m+         notes,[39m
[31m+       });[39m
[31m+     } catch (error) {[39m
[31m+       return next(error);[39m
[31m+     }[39m
[31m+   });[39m
[31m+[39m
[31m+   // Owner-only self-passport retrieval. Absence of evidence is represented as[39m
[31m+   // a 404 instead of a fabricated passport or trust score.[39m
[31m+   router.get('/passports/self-passport', requireAuth, requireRole('Owner'), async (req: AuthenticatedRequest, res, next) => {[39m
[31m+     try {[39m
[31m+       const db = req.db!;[39m
[31m+       const result = await db.execute(sql`[39m
[31m+         SELECT[39m
[31m+           id,[39m
[31m+           name,[39m
[31m+           version,[39m
[31m+           publisher,[39m
[31m+           release_date AS "releaseDate",[39m
[31m+           evidence[39m
[31m+         FROM passports[39m
[31m+         WHERE tenant_id = ${req.user!.tenantId}[39m
[31m+         ORDER BY release_date DESC NULLS LAST, id DESC[39m
[31m+         LIMIT 1[39m
[31m+       `);[39m
[31m+       const row = (result as any).rows?.[0];[39m
[31m+       if (!row) return res.status(404).json({ error: 'Self passport evidence not found', code: 'SELF_PASSPORT_NOT_FOUND' });[39m
[31m+       return res.json({[39m
[31m+         ...row,[39m
[31m+         overallScore: null,[39m
[31m+         healthStatus: 'Not verified',[39m
[31m+         evidence: Array.isArray(row.evidence) ? row.evidence : [],[39m
[31m+       });[39m
[31m+     } catch (error) {[39m
[31m+       return next(error);[39m
[31m+     }[39m
[31m+   });[39m
[31m+[39m
[31m+   // Firebase-authenticated, tenant-scoped reads for the first-party SPA.[39m
[31m+   // These are deliberately separate from /connect/v1, which is API-key based.[39m
[31m+   router.get('/user/clients', requireAuth, async (req: AuthenticatedRequest, res, next) => {[39m
[31m+     try {[39m
[31m+       const db = req.db!;[39m
[31m+       const result = await db.execute(sql`SELECT id, name, domain, industry, trust_score AS "trustScore", risk_level AS "riskLevel", avatar_color AS "avatarColor", subscription_tier AS "subscriptionTier", joined_date AS "joinedDate", team_count AS "teamCount", passport_count AS "passportCount", critical_risks_count AS "criticalRisksCount", compliance_progress AS "complianceProgress", software_inventory AS "softwareInventory", compliance_status AS "complianceStatus", team_members AS "teamMembers", activity_timeline AS "activityTimeline" FROM clients WHERE tenant_id=${req.user!.tenantId} ORDER BY joined_date DESC`);[39m
[31m+       return res.json((result as any).rows || []);[39m
[31m+     } catch (error) {[39m
[31m+       return next(error);[39m
[31m+     }[39m
[31m+   });[39m
[31m+[39m
[31m+   router.get('/user/passports', requireAuth, async (req: AuthenticatedRequest, res, next) => {[39m
[31m+     try {[39m
[31m+       const db = req.db!;[39m
[31m+       const result = await db.execute(sql`SELECT p.id, p.client_id AS "clientId", p.name, p.version, p.publisher, p.category, p.release_date AS "releaseDate", p.license_type AS "licenseType", p.sbom, COALESCE((SELECT json_agg(json_build_object('id', e.id, 'name', e.name, 'type', e.type, 'verified', e.verified, 'status', e.status, 'signer', e.signer, 'timestamp', e.timestamp, 'hash', e.hash, 'engineId', e.engine_id, 'verificationFailureReason', e.verification_failure_reason) ORDER BY e.timestamp DESC) FROM evidence_items e WHERE e.tenant_id=p.tenant_id AND e.asset_id=p.id), '[]'::json) AS evidence, COALESCE((SELECT json_agg(json_build_object('id', f.id, 'findingId', f.id, 'severity', f.severity, 'category', f.category, 'title', f.title, 'description', f.description, 'component', f.component, 'fixedVersion', f.fixed_version, 'status', f.status, 'detectedAt', f.detected_at, 'engineId', f.engine_id) ORDER BY f.detected_at DESC) FROM scan_findings f WHERE f.tenant_id=p.tenant_id AND f.asset_id=p.id), '[]'::json) AS vulnerabilities, p.timeline, NULL AS scores, 'not_authoritatively_scored' AS "scoreStatus" FROM passports p WHERE p.tenant_id=${req.user!.tenantId} ORDER BY p.name ASC`);[39m
[31m+       return res.json((result as any).rows || []);[39m
[31m+     } catch (error) {[39m
[31m+       return next(error);[39m
[31m+     }[39m
[31m+   });[39m
[31m+[39m
[31m+   router.get('/user/extensions', requireAuth, async (req: AuthenticatedRequest, res, next) => {[39m
[31m+     try {[39m
[31m+       const db = req.db!;[39m
[31m+       const result = await db.execute(sql`SELECT extension_id AS "extensionId", installed_at AS "installedAt" FROM extension_installations WHERE tenant_id=${req.user!.tenantId} ORDER BY installed_at DESC`);[39m
[31m+       return res.json((result as any).rows || []);[39m
[31m+     } catch (error) {[39m
[31m+       return next(error);[39m
[31m+     }[39m
[31m+   });[39m
[31m+[39m
[31m+   router.post('/user/extensions/:extensionId', requireAuth, requireRole(['Owner', 'Admin', 'Operator']), async (req: AuthenticatedRequest, res, next) => {[39m
[31m+     try {[39m
[31m+       const extensionId = String(req.params.extensionId || '').trim();[39m
[31m+       if (!/^[A-Za-z0-9_.-]{1,120}$/.test(extensionId)) return res.status(400).json({ error: 'Invalid extension id' });[39m
[31m+       const db = req.db!;[39m
[31m+       const result = await db.execute(sql`INSERT INTO extension_installations (tenant_id, extension_id, installed_at) VALUES (${req.user!.tenantId}, ${extensionId}, NOW()) ON CONFLICT (tenant_id, extension_id) DO UPDATE SET installed_at=NOW() RETURNING extension_id AS "extensionId", installed_at AS "installedAt"`);[39m
[31m+       return res.status(201).json((result as any).rows?.[0]);[39m
[31m+     } catch (error) {[39m
[31m+       return next(error);[39m
[31m+     }[39m
[31m+   });[39m
[31m+[39m
[31m+   router.delete('/user/extensions/:extensionId', requireAuth, requireRole(['Owner', 'Admin', 'Operator']), async (req: AuthenticatedRequest, res, next) => {[39m
[31m+     try {[39m
[31m+       const db = req.db!;[39m
[31m+       const extensionId = String(req.params.extensionId || '').trim();[39m
[31m+       const result = await db.execute(sql`DELETE FROM extension_installations WHERE tenant_id=${req.user!.tenantId} AND extension_id=${extensionId} RETURNING extension_id`);[39m
[31m+       if (!((result as any).rows?.length)) return res.status(404).json({ error: 'Extension installation not found' });[39m
[31m+       return res.status(204).send();[39m
[31m+     } catch (error) {[39m
[31m+       return next(error);[39m
[31m+     }[39m
[31m+   });[39m
[31m+[39m
[31m+   router.get('/auth/verify-status', requireAuth, async (req: AuthenticatedRequest, res) => {[39m
[31m+     return res.json({ verified: req.user!.emailVerified, emailVerified: req.user!.emailVerified });[39m
[31m+   });[39m
[31m+[39m
[31m+[39m
[31m+[39m
[31m+   router.get('/user/passports/:id/verification', requireAuth, async (req: AuthenticatedRequest, res, next) => {[39m
[31m+     try {[39m
[31m+       const db = req.db!;[39m
[31m+       const tenantId = req.user!.tenantId;[39m
[31m+       const clientScope = req.user!.role === 'Client' ? (req.user as any).clientId : null;[39m
[31m+       const passportResult = await db.execute(sql`SELECT id, version, evidence, client_id AS "clientId" FROM passports WHERE id=${req.params.id} AND tenant_id=${tenantId} AND (${clientScope} IS NULL OR client_id=${clientScope}) LIMIT 1`) as any;[39m
[31m+       const passport = passportResult.rows?.[0];[39m
[31m+       if (!passport) return res.status(404).json({ error: 'Passport not found' });[39m
[31m+       const findingResult = await db.execute(sql`SELECT id, passport_id AS "passportId", evidence_ids, status FROM trust_findings WHERE tenant_id=${tenantId} AND passport_id=${passport.id}`) as any;[39m
[31m+       const parseJson = (value: unknown): unknown[] => { try { const parsed = JSON.parse(String(value ?? '')); return Array.isArray(parsed) ? parsed : []; } catch { return []; } };[39m
[31m+       const openFindingEvidenceIds = (findingResult.rows ?? []).filter((row: any) => !['resolved','closed','verified'].includes(String(row.status || '').toLowerCase())).flatMap((row: any) => parseJson(row.evidence_ids)).filter((id: any): id is string => typeof id === 'string');[39m
[31m+       const adapted = adaptEvidenceForEvaluation({ evidence: parseJson(passport.evidence) as any[], passportVersion: passport.version, openFindingEvidenceIds });[39m
[31m+       const evaluatedAt = Date.now();[39m
[31m+       const decision = evaluateVerification({ evidence: adapted.evidence, evaluatedAt, targetIdentity: adapted.targetIdentity });[39m
[31m+       res.setHeader('Cache-Control', 'private, max-age=0, no-store');[39m
[31m+       return res.json({ decision, observations: decision.observationCount, independentSources: decision.independentSourceCount });[39m
[31m+     } catch (error) { return next(error); }[39m
[31m+   });[39m
[31m+[39m
[31m+   router.get('/user/verification', requireAuth, async (req: AuthenticatedRequest, res, next) => {[39m
[31m+     try {[39m
[31m+       const db = req.db!;[39m
[31m+       const tenantId = req.user!.tenantId;[39m
[31m+       const clientScope = req.user!.role === 'Client' ? (req.user as any).clientId : null;[39m
[31m+       const passportRows = (await db.execute(sql`SELECT id, version, evidence, client_id AS "clientId" FROM passports WHERE tenant_id=${tenantId} AND (${clientScope} IS NULL OR client_id=${clientScope}) ORDER BY id`) as any).rows ?? [];[39m
[31m+       const passportIds = passportRows.map((row: any) => String(row.id));[39m
[31m+       const parseJson = (value: unknown): unknown[] => { try { const parsed = JSON.parse(String(value ?? '')); return Array.isArray(parsed) ? parsed : []; } catch { return []; } };[39m
[31m+       // Drizzle's proven one-query binding shape for the passport findings is[39m
[31m+       // `asset_id IN ${passportIds}`; do not replace this with ANY(array).[39m
[31m+       const findingRows = passportIds.length ? ((await db.execute(sql`SELECT id, passport_id AS "passportId", evidence_ids, status FROM trust_findings WHERE tenant_id=${tenantId} AND passport_id IN ${passportIds}`) as any).rows ?? []) : [];[39m
[31m+       const evidenceByPassport = new Map<string, any[]>();[39m
[31m+       for (const passport of passportRows) evidenceByPassport.set(String(passport.id), parseJson(passport.evidence) as any[]);[39m
[31m+       const evaluatedAt = Date.now();[39m
[31m+       const verificationDecisions: Record<string, VerificationDecision> = {};[39m
[31m+       const verificationDetails: Record<string, unknown> = {};[39m
[31m+       for (const passport of passportRows) {[39m
[31m+         const findings = findingRows.filter((row: any) => String(row.passportId) === String(passport.id));[39m
[31m+         const openFindingEvidenceIds = findings.filter((row: any) => !['resolved','closed','verified'].includes(String(row.status || '').toLowerCase())).flatMap((row: any) => parseJson(row.evidence_ids)).filter((id: any): id is string => typeof id === 'string');[39m
[31m+         const adapted = adaptEvidenceForEvaluation({ evidence: evidenceByPassport.get(String(passport.id)) ?? [], passportVersion: passport.version, openFindingEvidenceIds });[39m
[31m+         const decision = evaluateVerification({ evidence: adapted.evidence, evaluatedAt, targetIdentity: adapted.targetIdentity });[39m
[31m+         verificationDecisions[String(passport.id)] = decision;[39m
[31m+         verificationDetails[String(passport.id)] = { unmappedCount: adapted.unmappedCount, undatedCount: adapted.undatedCount, observations: decision.observationCount, independentSources: decision.independentSourceCount };[39m
[31m+       }[39m
[31m+       res.setHeader('Cache-Control', 'private, max-age=0, no-store');[39m
[31m+       return res.json({ verificationDecisions, verificationDetails });[39m
[31m+     } catch (error) { return next(error); }[39m
[31m+   });[39m
[31m+[39m
[31m+   return router;[39m
[31m+ }[39m
[31m+[39m

[36m [2m❯[22m tests/client-creation-contract.test.ts:[2m42:22[22m[39m
    [90m 40| [39m
    [90m 41| [39m  [34mit[39m([32m'audits the creation event'[39m[33m,[39m () [33m=>[39m {
    [90m 42| [39m    [34mexpect[39m([34msource[39m())[33m.[39m[34mtoContain[39m([32m"action: 'client.created'"[39m)[33m;[39m
    [90m   | [39m                     [31m^[39m
    [90m 43| [39m  })[33m;[39m
    [90m 44| [39m})[33m;[39m

[31m[2m⎯⎯⎯⎯⎯⎯⎯⎯⎯⎯⎯⎯⎯⎯⎯⎯⎯⎯⎯⎯⎯[12/141]⎯[22m[39m

[41m[1m FAIL [22m[49m tests/client-creation-contract.test.ts[2m > [22mclient-level data isolation for the Client role[2m > [22mGET /user/clients scopes to a single client only when role is Client
[31m[1mAssertionError[22m: expected '/**\n * @license\n * SPDX-License-Ide…' to contain 'const clientScope = req.user!.role ==…'[39m

[32m- Expected[39m
[31m+ Received[39m

[32m- const clientScope = req.user!.role === 'Client' ? req.user!.clientId : null;[39m
[31m+ /**[39m
[31m+  * @license[39m
[31m+  * SPDX-License-Identifier: Apache-2.0[39m
[31m+  */[39m
[31m+[39m
[31m+ import { Router } from 'express';[39m
[31m+ import { eq } from 'drizzle-orm';[39m
[31m+ import { sql } from 'drizzle-orm';[39m
[31m+ import { z } from 'zod';[39m
[31m+ import { users } from '../db/schema.ts';[39m
[31m+ import { AuthenticatedRequest, requireAuth, requireRole } from '../middleware/security.ts';[39m
[31m+ import { adminAuth, setUserCustomClaims } from '../lib/firebase-admin.ts';[39m
[31m+ import { appendAuditEntry, verifyAuditChain } from '../security/audit-log.ts';[39m
[31m+ import { describeUserAgent, sessionFingerprint } from '../security/session-tracking.ts';[39m
[31m+ import { offboardTenantData } from '../db/sync.ts';[39m
[31m+ import { INTEGRATION_CATALOG } from '../integrations/catalog.ts';[39m
[31m+ import { adaptEvidenceForEvaluation } from '../lib/verification/evidenceAdapter.ts';[39m
[31m+ import { evaluateVerification, type VerificationDecision } from '../lib/verification/evaluateVerification.ts';[39m
[31m+[39m
[31m+ const INVITABLE_ROLES = ['Admin', 'Technician', 'Viewer', 'Client'] as const;[39m
[31m+ const inviteSchema = z.object({ email: z.string().trim().email().max(255), role: z.enum(INVITABLE_ROLES) }).strict();[39m
[31m+ const roleUpdateSchema = z.object({ role: z.enum(INVITABLE_ROLES) }).strict();[39m
[31m+ const profileUpdateSchema = z.object({[39m
[31m+   displayName: z.string().trim().max(200).optional(),[39m
[31m+   roleTitle: z.string().trim().max(200).optional(),[39m
[31m+   companyName: z.string().trim().max(200).optional(),[39m
[31m+ }).strict();[39m
[31m+ const revokeSessionSchema = z.object({ sessionId: z.string().trim().min(1).max(200) }).strict();[39m
[31m+[39m
[31m+ export function createAuthRouter() {[39m
[31m+   const router = Router();[39m
[31m+[39m
[31m+   // The Firebase ID token is the sole authentication authority. The database[39m
[31m+   // record supplies the tenant/RBAC projection after token verification.[39m
[31m+   router.get('/user/me', requireAuth, async (req: AuthenticatedRequest, res, next) => {[39m
[31m+     try {[39m
[31m+       const db = req.db!;[39m
[31m+       const user = await db.select({[39m
[31m+         id: users.id,[39m
[31m+         uid: users.uid,[39m
[31m+         email: users.email,[39m
[31m+         tenantId: users.tenantId,[39m
[31m+         role: users.role,[39m
[31m+         companyName: users.companyName,[39m
[31m+         roleTitle: users.roleTitle,[39m
[31m+         displayName: users.displayName,[39m
[31m+         numTechnicians: users.numTechnicians,[39m
[31m+         clientCount: users.clientCount,[39m
[31m+         primaryUseCase: users.primaryUseCase,[39m
[31m+         onboarded: users.onboarded,[39m
[31m+         mfaEnabled: users.mfaEnabled,[39m
[31m+         createdAt: users.createdAt,[39m
[31m+       }).from(users).where(eq(users.uid, req.user!.uid)).then(rows => rows[0]);[39m
[31m+[39m
[31m+       if (!user) return res.status(403).json({ error: 'User account is not provisioned' });[39m
[31m+       return res.json({ ...user, emailVerified: req.user!.emailVerified });[39m
[31m+     } catch (error) {[39m
[31m+       return next(error);[39m
[31m+     }[39m
[31m+   });[39m
[31m+[39m
[31m+   router.put('/user/profile', requireAuth, async (req: AuthenticatedRequest, res, next) => {[39m
[31m+     try {[39m
[31m+       const db = req.db!;[39m
[31m+       const parsed = profileUpdateSchema.safeParse(req.body);[39m
[31m+       if (!parsed.success) return res.status(400).json({ error: 'Invalid request', details: parsed.error.flatten() });[39m
[31m+       const result = await db.execute(sql`[39m
[31m+         UPDATE users SET[39m
[31m+           display_name = COALESCE(${parsed.data.displayName ?? null}, display_name),[39m
[31m+           role_title = COALESCE(${parsed.data.roleTitle ?? null}, role_title),[39m
[31m+           company_name = COALESCE(${parsed.data.companyName ?? null}, company_name)[39m
[31m+         WHERE uid = ${req.user!.uid} AND tenant_id = ${req.user!.tenantId}[39m
[31m+         RETURNING id, email, display_name AS "displayName", role_title AS "roleTitle", company_name AS "companyName"[39m
[31m+       `);[39m
[31m+       const row = (result as any).rows?.[0];[39m
[31m+       if (!row) return res.status(404).json({ error: 'User account not found' });[39m
[31m+       await appendAuditEntry(db, { tenantId: req.user!.tenantId, action: 'profile.updated', actor: req.user!.email, payload: { userId: req.user!.id } });[39m
[31m+       return res.json(row);[39m
[31m+     } catch (error) {[39m
[31m+       return next(error);[39m
[31m+     }[39m
[31m+   });[39m
[31m+[39m
[31m+   router.get('/organization/team', requireAuth, async (req: AuthenticatedRequest, res, next) => {[39m
[31m+     try {[39m
[31m+       const db = req.db!;[39m
[31m+       const result = await db.execute(sql`[39m
[31m+         SELECT id, email, display_name AS "displayName", role, onboarded, created_at AS "createdAt"[39m
[31m+         FROM users WHERE tenant_id = ${req.user!.tenantId} ORDER BY created_at ASC[39m
[31m+       `);[39m
[31m+       return res.json((result as any).rows ?? []);[39m
[31m+     } catch (error) {[39m
[31m+       return next(error);[39m
[31m+     }[39m
[31m+   });[39m
[31m+[39m
[31m+   router.post('/organization/invite', requireAuth, requireRole(['Owner', 'Admin']), async (req: AuthenticatedRequest, res, next) => {[39m
[31m+     try {[39m
[31m+       const db = req.db!;[39m
[31m+       const parsed = inviteSchema.safeParse(req.body);[39m
[31m+       if (!parsed.success) return res.status(400).json({ error: 'Invalid request', details: parsed.error.flatten() });[39m
[31m+       const email = parsed.data.email.toLowerCase();[39m
[31m+[39m
[31m+       const existing = await db.execute(sql`SELECT id FROM users WHERE tenant_id = ${req.user!.tenantId} AND lower(btrim(email)) = ${email} LIMIT 1`);[39m
[31m+       if ((existing as any).rows?.length) return res.status(409).json({ error: 'This email is already a member of your workspace.' });[39m
[31m+[39m
[31m+       let firebaseUser;[39m
[31m+       try {[39m
[31m+         firebaseUser = await adminAuth.getUserByEmail(email);[39m
[31m+       } catch {[39m
[31m+         firebaseUser = await adminAuth.createUser({ email, emailVerified: false });[39m
[31m+       }[39m
[31m+[39m
[31m+       const inserted = await db.execute(sql`[39m
[31m+         INSERT INTO users (uid, email, tenant_id, role, invited_by, onboarded)[39m
[31m+         VALUES (${firebaseUser.uid}, ${email}, ${req.user!.tenantId}, ${parsed.data.role}, ${req.user!.email}, 0)[39m
[31m+         RETURNING id, email, role[39m
[31m+       `);[39m
[31m+       await setUserCustomClaims(firebaseUser.uid, { workspaceId: req.user!.tenantId, role: parsed.data.role });[39m
[31m+[39m
[31m+       let inviteLink: string | null = null;[39m
[31m+       try { inviteLink = await adminAuth.generatePasswordResetLink(email); } catch { inviteLink = null; }[39m
[31m+[39m
[31m+       await appendAuditEntry(db, { tenantId: req.user!.tenantId, action: 'team.invited', actor: req.user!.email, payload: { invitedEmail: email, role: parsed.data.role } });[39m
[31m+       return res.status(201).json({ ...(inserted as any).rows?.[0], inviteLink });[39m
[31m+     } catch (error) {[39m
[31m+       return next(error);[39m
[31m+     }[39m
[31m+   });[39m
[31m+[39m
[31m+   router.put('/organization/team/:userId/role', requireAuth, requireRole(['Owner', 'Admin']), async (req: AuthenticatedRequest, res, next) => {[39m
[31m+     try {[39m
[31m+       const db = req.db!;[39m
[31m+       const parsed = roleUpdateSchema.safeParse(req.body);[39m
[31m+       if (!parsed.success) return res.status(400).json({ error: 'Invalid request', details: parsed.error.flatten() });[39m
[31m+       const targetId = Number(req.params.userId);[39m
[31m+       if (!Number.isInteger(targetId)) return res.status(400).json({ error: 'Invalid user id' });[39m
[31m+[39m
[31m+       const result = await db.execute(sql`[39m
[31m+         UPDATE users SET role = ${parsed.data.role}[39m
[31m+         WHERE id = ${targetId} AND tenant_id = ${req.user!.tenantId} AND role <> 'Owner'[39m
[31m+         RETURNING id, uid, email, role[39m
[31m+       `);[39m
[31m+       const row = (result as any).rows?.[0];[39m
[31m+       if (!row) return res.status(404).json({ error: 'Team member not found, or the Owner role cannot be changed here.' });[39m
[31m+       await setUserCustomClaims(row.uid, { workspaceId: req.user!.tenantId, role: parsed.data.role });[39m
[31m+       await appendAuditEntry(db, { tenantId: req.user!.tenantId, action: 'team.role_changed', actor: req.user!.email, payload: { targetUserId: targetId, newRole: parsed.data.role } });[39m
[31m+       return res.json({ id: row.id, email: row.email, role: row.role });[39m
[31m+     } catch (error) {[39m
[31m+       return next(error);[39m
[31m+     }[39m
[31m+   });[39m
[31m+[39m
[31m+   router.delete('/organization/team/:userId', requireAuth, requireRole(['Owner', 'Admin']), async (req: AuthenticatedRequest, res, next) => {[39m
[31m+     try {[39m
[31m+       const db = req.db!;[39m
[31m+       const targetId = Number(req.params.userId);[39m
[31m+       if (!Number.isInteger(targetId)) return res.status(400).json({ error: 'Invalid user id' });[39m
[31m+[39m
[31m+       const result = await db.execute(sql`[39m
[31m+         DELETE FROM users WHERE id = ${targetId} AND tenant_id = ${req.user!.tenantId} AND role <> 'Owner'[39m
[31m+         RETURNING id, uid, email[39m
[31m+       `);[39m
[31m+       const row = (result as any).rows?.[0];[39m
[31m+       if (!row) return res.status(404).json({ error: 'Team member not found, or the Owner cannot be removed.' });[39m
[31m+[39m
[31m+       try { await adminAuth.updateUser(row.uid, { disabled: true }); await adminAuth.revokeRefreshTokens(row.uid); } catch { /* Firebase account may already be gone; DB removal already took effect. */ }[39m
[31m+       await appendAuditEntry(db, { tenantId: req.user!.tenantId, action: 'team.removed', actor: req.user!.email, payload: { targetUserId: targetId, targetEmail: row.email } });[39m
[31m+       return res.status(204).send();[39m
[31m+     } catch (error) {[39m
[31m+       return next(error);[39m
[31m+     }[39m
[31m+   });[39m
[31m+[39m
[31m+   router.get('/auth/sessions', requireAuth, async (req: AuthenticatedRequest, res, next) => {[39m
[31m+     try {[39m
[31m+       const db = req.db!;[39m
[31m+       const currentIp = req.ip || req.socket.remoteAddress || 'unknown';[39m
[31m+       const currentUserAgent = typeof req.headers['user-agent'] === 'string' ? req.headers['user-agent'].slice(0, 512) : '';[39m
[31m+       const currentFingerprint = sessionFingerprint(req.user!.uid, currentIp, currentUserAgent);[39m
[31m+[39m
[31m+       const result = await db.execute(sql`[39m
[31m+         SELECT id, session_fingerprint AS "sessionFingerprint", ip, user_agent AS "userAgent", last_seen_at AS "lastSeenAt"[39m
[31m+         FROM user_sessions[39m
[31m+         WHERE tenant_id = ${req.user!.tenantId} AND user_id = ${req.user!.id} AND revoked_at IS NULL[39m
[31m+         ORDER BY last_seen_at DESC[39m
[31m+       `);[39m
[31m+       const rows = ((result as any).rows ?? []) as Array<{ id: string; sessionFingerprint: string; ip: string; userAgent: string; lastSeenAt: string }>;[39m
[31m+       return res.json(rows.map(row => ({[39m
[31m+         id: row.id,[39m
[31m+         email: req.user!.email,[39m
[31m+         current: row.sessionFingerprint === currentFingerprint,[39m
[31m+         ip: row.ip,[39m
[31m+         device: describeUserAgent(row.userAgent),[39m
[31m+         location: 'Not geolocated',[39m
[31m+         lastSeenAt: row.lastSeenAt,[39m
[31m+       })));[39m
[31m+     } catch (error) {[39m
[31m+       return next(error);[39m
[31m+     }[39m
[31m+   });[39m
[31m+[39m
[31m+   router.post('/auth/sessions/revoke', requireAuth, async (req: AuthenticatedRequest, res, next) => {[39m
[31m+     try {[39m
[31m+       const db = req.db!;[39m
[31m+       const parsed = revokeSessionSchema.safeParse(req.body);[39m
[31m+       if (!parsed.success) return res.status(400).json({ error: 'Invalid request', details: parsed.error.flatten() });[39m
[31m+       const currentIp = req.ip || req.socket.remoteAddress || 'unknown';[39m
[31m+       const currentUserAgent = typeof req.headers['user-agent'] === 'string' ? req.headers['user-agent'].slice(0, 512) : '';[39m
[31m+       const currentFingerprint = sessionFingerprint(req.user!.uid, currentIp, currentUserAgent);[39m
[31m+       if (parsed.data.sessionId === `sess_${currentFingerprint}`) return res.status(400).json({ error: 'Cannot revoke the session you are currently using. Sign out instead.' });[39m
[31m+[39m
[31m+       const result = await db.execute(sql`[39m
[31m+         UPDATE user_sessions SET revoked_at = NOW()[39m
[31m+         WHERE id = ${parsed.data.sessionId} AND tenant_id = ${req.user!.tenantId} AND user_id = ${req.user!.id} AND revoked_at IS NULL[39m
[31m+         RETURNING id[39m
[31m+       `);[39m
[31m+       if (!((result as any).rows?.length)) return res.status(404).json({ error: 'Session not found' });[39m
[31m+       await appendAuditEntry(db, { tenantId: req.user!.tenantId, action: 'session.revoked', actor: req.user!.email, payload: { sessionId: parsed.data.sessionId } });[39m
[31m+       return res.status(204).send();[39m
[31m+     } catch (error) {[39m
[31m+       return next(error);[39m
[31m+     }[39m
[31m+   });[39m
[31m+[39m
[31m+   router.get('/auth/login-history', requireAuth, async (req: AuthenticatedRequest, res, next) => {[39m
[31m+     try {[39m
[31m+       const db = req.db!;[39m
[31m+       const result = await db.execute(sql`[39m
[31m+         SELECT id, ip, user_agent AS "userAgent", status, occurred_at AS "occurredAt"[39m
[31m+         FROM login_history WHERE tenant_id = ${req.user!.tenantId} AND user_id = ${req.user!.id}[39m
[31m+         ORDER BY occurred_at DESC LIMIT 50[39m
[31m+       `);[39m
[31m+       const rows = ((result as any).rows ?? []) as Array<{ id: string; ip: string; userAgent: string; status: string; occurredAt: string }>;[39m
[31m+       return res.json(rows.map(row => ({[39m
[31m+         id: row.id,[39m
[31m+         email: req.user!.email,[39m
[31m+         status: row.status,[39m
[31m+         action: 'Sign-in',[39m
[31m+         timestamp: row.occurredAt,[39m
[31m+         ip: row.ip,[39m
[31m+         location: 'Not geolocated',[39m
[31m+       })));[39m
[31m+     } catch (error) {[39m
[31m+       return next(error);[39m
[31m+     }[39m
[31m+   });[39m
[31m+[39m
[31m+   router.get('/auth/audit-chain', requireAuth, async (req: AuthenticatedRequest, res, next) => {[39m
[31m+     try {[39m
[31m+       const db = req.db!;[39m
[31m+       const beforeRaw = typeof req.query.before === 'string' ? Number(req.query.before) : null;[39m
[31m+       const before = Number.isInteger(beforeRaw) && beforeRaw! > 0 ? beforeRaw : null;[39m
[31m+       const result = before[39m
[31m+         ? await db.execute(sql`[39m
[31m+             SELECT id, action, timestamp, actor, payload, current_hash AS "currentHash", previous_hash AS "previousHash"[39m
[31m+             FROM audit_trail WHERE tenant_id = ${req.user!.tenantId} AND id < ${before} ORDER BY id DESC LIMIT 50[39m
[31m+           `)[39m
[31m+         : await db.execute(sql`[39m
[31m+         SELECT id, action, timestamp, actor, payload, current_hash AS "currentHash", previous_hash AS "previousHash"[39m
[31m+         FROM audit_trail WHERE tenant_id = ${req.user!.tenantId} ORDER BY id DESC LIMIT 50[39m
[31m+       `);[39m
[31m+       const rows = ((result as any).rows ?? []) as Array<{ id: number; action: string; timestamp: string; actor: string; payload: string; currentHash: string; previousHash: string }>;[39m
[31m+       return res.json(rows.map(row => ({[39m
[31m+         id: row.id,[39m
[31m+         action: row.action,[39m
[31m+         timestamp: row.timestamp,[39m
[31m+         actor: row.actor,[39m
[31m+         payload: row.payload,[39m
[31m+         hash: row.currentHash,[39m
[31m+         currentHash: row.currentHash,[39m
[31m+         previousHash: row.previousHash,[39m
[31m+         block: { action: row.action, userEmail: row.actor.includes('@') ? row.actor : null },[39m
[31m+       })));[39m
[31m+     } catch (error) {[39m
[31m+       return next(error);[39m
[31m+     }[39m
[31m+   });[39m
[31m+[39m
[31m+   router.get('/auth/audit-chain/verify', requireAuth, async (req: AuthenticatedRequest, res, next) => {[39m
[31m+     try {[39m
[31m+       const db = req.db!;[39m
[31m+       return res.json(await verifyAuditChain(db, req.user!.tenantId));[39m
[31m+     } catch (error) {[39m
[31m+       return next(error);[39m
[31m+     }[39m
[31m+   });[39m
[31m+[39m
[31m+   router.post('/tenant/offboard', requireAuth, requireRole('Owner'), async (req: AuthenticatedRequest, res, next) => {[39m
[31m+     try {[39m
[31m+       // Purges via the owner-role connection (not req.db): offboarding must be[39m
[31m+       // able to see every table it enumerates from information_schema, and it[39m
[31m+       // already scopes every DELETE to exactly this caller's own tenant_id.[39m
[31m+       await offboardTenantData(req.user!.tenantId);[39m
[31m+       return res.status(200).json({ message: 'Tenant data purged.' });[39m
[31m+     } catch (error) {[39m
[31m+       return next(error);[39m
[31m+     }[39m
[31m+   });[39m
[31m+[39m
[31m+   // Owner-only founder metrics. Every value is either observed from tenant[39m
[31m+   // data or explicitly reported as not verified; this endpoint never invents[39m
[31m+   // production health, security, financial, or performance telemetry.[39m
[31m+   router.get('/founder/metrics', requireAuth, requireRole('Owner'), async (req: AuthenticatedRequest, res, next) => {[39m
[31m+     try {[39m
[31m+       const db = req.db!;[39m
[31m+       const counts = await db.execute(sql`[39m
[31m+         SELECT[39m
[31m+           (SELECT COUNT(*)::int FROM clients WHERE tenant_id = ${req.user!.tenantId}) AS "clientCount",[39m
[31m+           (SELECT COUNT(*)::int FROM passports WHERE tenant_id = ${req.user!.tenantId}) AS "passportCount",[39m
[31m+           (SELECT COUNT(*)::int FROM scans WHERE tenant_id = ${req.user!.tenantId}) AS "scanCount"[39m
[31m+       `);[39m
[31m+       const row = (counts as any).rows?.[0] || {};[39m
[31m+       return res.json({[39m
[31m+         latency: 'Not verified',[39m
[31m+         capitalProtected: 'Not verified',[39m
[31m+         throughput: 'Not verified',[39m
[31m+         mitigations: 'Not verified',[39m
[31m+         overallScore: null,[39m
[31m+         auditEvents: null,[39m
[31m+         activeThreats: null,[39m
[31m+         systemIntegrity: 'Not verified',[39m
[31m+         observed: {[39m
[31m+           clientCount: Number(row.clientCount || 0),[39m
[31m+           passportCount: Number(row.passportCount || 0),[39m
[31m+           scanCount: Number(row.scanCount || 0),[39m
[31m+         },[39m
[31m+       });[39m
[31m+     } catch (error) {[39m
[31m+       return next(error);[39m
[31m+     }[39m
[31m+   });[39m
[31m+[39m
[31m+   // Owner-only operational health for the command center. Every section reads[39m
[31m+   // from the real tables the corresponding subsystem already writes -- no[39m
[31m+   // second heartbeat, delivery ledger, integration status, or audit verifier[39m
[31m+   // is created here. Sections with no real backing data are omitted rather[39m
[31m+   // than populated with placeholder values; see the `notes` field.[39m
[31m+   router.get('/founder/operations', requireAuth, requireRole('Owner'), async (req: AuthenticatedRequest, res, next) => {[39m
[31m+     try {[39m
[31m+       const db = req.db!;[39m
[31m+       const tenantId = req.user!.tenantId;[39m
[31m+       const notes: string[] = [];[39m
[31m+[39m
[31m+       // --- A. Worker/job health ---------------------------------------------[39m
[31m+       // osv-worker.ts claims agent_jobs rows (job_type osv_manifest_scan /[39m
[31m+       // repository_scan). It has no separate heartbeat row; the queue state[39m
[31m+       // itself (locked_at/locked_by, the same 10-minute staleness window the[39m
[31m+       // worker uses to reclaim stuck jobs) is the real signal.[39m
[31m+       const [osvCounts, osvStale, osvFailures, osvActivity] = await Promise.all([[39m
[31m+         db.execute(sql`SELECT job_type AS "jobType", status, COUNT(*)::int AS count FROM agent_jobs WHERE tenant_id=${tenantId} AND job_type IN ('osv_manifest_scan','repository_scan') GROUP BY job_type, status`),[39m
[31m+         db.execute(sql`SELECT COUNT(*)::int AS count FROM agent_jobs WHERE tenant_id=${tenantId} AND job_type IN ('osv_manifest_scan','repository_scan') AND status='Running' AND locked_at < NOW() - INTERVAL '10 minutes'`),[39m
[31m+         db.execute(sql`SELECT id, job_type AS "jobType", error, attempt_count AS "attemptCount", max_attempts AS "maxAttempts", updated_at AS "updatedAt" FROM agent_jobs WHERE tenant_id=${tenantId} AND job_type IN ('osv_manifest_scan','repository_scan') AND status='Failed' ORDER BY updated_at DESC LIMIT 5`),[39m
[31m+         db.execute(sql`SELECT MAX(updated_at) AS "lastActivityAt" FROM agent_jobs WHERE tenant_id=${tenantId} AND job_type IN ('osv_manifest_scan','repository_scan')`),[39m
[31m+       ]);[39m
[31m+[39m
[31m+       // monitoring-worker.ts (the file name this dashboard's spec named) is not[39m
[31m+       // imported by worker.ts and never runs in production -- confirmed dead[39m
[31m+       // code, not a running system. trust-monitoring-worker.ts is the real,[39m
[31m+       // currently-running system that plays the equivalent role (collector_jobs[39m
[31m+       // has an actual heartbeat_at column, unlike agent_jobs).[39m
[31m+       const [monitoringCounts, monitoringHeartbeat, monitoringFailures] = await Promise.all([[39m
[31m+         db.execute(sql`SELECT state, COUNT(*)::int AS count FROM collector_jobs WHERE tenant_id=${tenantId} GROUP BY state`),[39m
[31m+         db.execute(sql`SELECT MAX(heartbeat_at) AS "lastHeartbeatAt" FROM collector_jobs WHERE tenant_id=${tenantId} AND state='running'`),[39m
[31m+         db.execute(sql`SELECT id, collector_id AS "collectorId", safe_error_code AS "errorCode", safe_error_message AS "errorMessage", completed_at AS "completedAt" FROM collector_jobs WHERE tenant_id=${tenantId} AND state IN ('failed','dead_lettered') ORDER BY completed_at DESC NULLS LAST LIMIT 5`),[39m
[31m+       ]);[39m
[31m+       notes.push('monitoring-worker.ts is dead code (never imported by worker.ts); "monitoringWorker" below reflects trust-monitoring-worker.ts, the real running system for the same role.');[39m
[31m+[39m
[31m+       // --- B. Webhook delivery health ----------------------------------------[39m
[31m+       const [webhookCounts, webhookEndpoints, webhookFailures] = await Promise.all([[39m
[31m+         db.execute(sql`SELECT status, COUNT(*)::int AS count FROM spr_webhook_deliveries WHERE tenant_id=${tenantId} AND created_at::timestamptz > NOW() - INTERVAL '7 days' GROUP BY status`),[39m
[31m+         db.execute(sql`SELECT COUNT(*) FILTER (WHERE active)::int AS "activeCount", COUNT(*) FILTER (WHERE NOT active)::int AS "disabledCount" FROM spr_webhooks WHERE tenant_id=${tenantId}`),[39m
[31m+         db.execute(sql`SELECT d.id, d.webhook_id AS "webhookId", w.url, d.event_type AS "eventType", d.safe_error_code AS "errorCode", d.safe_error_message AS "errorMessage", d.completed_at AS "completedAt" FROM spr_webhook_deliveries d JOIN spr_webhooks w ON w.id=d.webhook_id AND w.tenant_id=d.tenant_id WHERE d.tenant_id=${tenantId} AND d.status IN ('failed','dead_lettered') ORDER BY d.completed_at DESC NULLS LAST LIMIT 10`),[39m
[31m+       ]);[39m
[31m+       notes.push('Webhook failures are grouped by destination endpoint (webhookId/url), not "provider" -- SPR webhooks are user-configured destination URLs, not third-party provider connectors; there is no per-provider concept for outbound deliveries.');[39m
[31m+[39m
[31m+       // --- C. Integration health ----------------------------------------------[39m
[31m+       const [credentialRows, integrationRows] = await Promise.all([[39m
[31m+         db.execute(sql`SELECT provider, status, last_tested_at AS "lastTestedAt" FROM integration_credentials WHERE tenant_id=${tenantId}`),[39m
[31m+         db.execute(sql`SELECT name, connected, last_sync_date AS "lastSyncDate" FROM integrations WHERE tenant_id=${tenantId}`),[39m
[31m+       ]);[39m
[31m+       const credentialByProvider = new Map<string, any>((credentialRows as any).rows?.map((r: any) => [r.provider, r]) ?? []);[39m
[31m+       const integrationByName = new Map<string, any>((integrationRows as any).rows?.map((r: any) => [r.name, r]) ?? []);[39m
[31m+       const integrations = INTEGRATION_CATALOG.map((item) => ({[39m
[31m+         provider: item.provider,[39m
[31m+         name: item.name,[39m
[31m+         connected: Boolean(integrationByName.get(item.name)?.connected),[39m
[31m+         lastSyncDate: integrationByName.get(item.name)?.lastSyncDate ?? null,[39m
[31m+         credentialStatus: credentialByProvider.get(item.provider)?.status ?? 'NOT_CONFIGURED',[39m
[31m+         lastTestedAt: credentialByProvider.get(item.provider)?.lastTestedAt ?? null,[39m
[31m+       }));[39m
[31m+[39m
[31m+       // --- D. Audit chain integrity --------------------------------------------[39m
[31m+       // Reuses the exact function GET /api/auth/audit-chain/verify calls --[39m
[31m+       // no second verifier.[39m
[31m+       const auditChain = await verifyAuditChain(db, tenantId);[39m
[31m+[39m
[31m+       // --- E. Scan / job queue --------------------------------------------------[39m
[31m+       const [runningRepoScans, complianceSchedules] = await Promise.all([[39m
[31m+         db.execute(sql`SELECT id, passport_id AS "passportId", status, progress, updated_at AS "updatedAt" FROM agent_jobs WHERE tenant_id=${tenantId} AND job_type='repository_scan' AND status='Running' ORDER BY updated_at DESC LIMIT 10`),[39m
[31m+         db.execute(sql`SELECT id, client_id AS "clientId", frequency, status, last_audit_at AS "lastAuditAt", next_audit_at AS "nextAuditAt" FROM compliance_schedules WHERE tenant_id=${tenantId} ORDER BY COALESCE(last_audit_at, created_at) DESC LIMIT 10`),[39m
[31m+       ]);[39m
[31m+[39m
[31m+       return res.json({[39m
[31m+         generatedAt: new Date().toISOString(),[39m
[31m+         workers: {[39m
[31m+           osv: {[39m
[31m+             countsByStatus: (osvCounts as any).rows ?? [],[39m
[31m+             staleRunningCount: Number((osvStale as any).rows?.[0]?.count ?? 0),[39m
[31m+             recentFailures: (osvFailures as any).rows ?? [],[39m
[31m+             lastActivityAt: (osvActivity as any).rows?.[0]?.lastActivityAt ?? null,[39m
[31m+           },[39m
[31m+           monitoringWorker: {[39m
[31m+             realSource: 'trust-monitoring-worker.ts (collector_jobs)',[39m
[31m+             countsByState: (monitoringCounts as any).rows ?? [],[39m
[31m+             lastHeartbeatAt: (monitoringHeartbeat as any).rows?.[0]?.lastHeartbeatAt ?? null,[39m
[31m+             recentFailures: (monitoringFailures as any).rows ?? [],[39m
[31m+           },[39m
[31m+         },[39m
[31m+         webhooks: {[39m
[31m+           countsByStatusLast7Days: (webhookCounts as any).rows ?? [],[39m
[31m+           activeEndpoints: Number((webhookEndpoints as any).rows?.[0]?.activeCount ?? 0),[39m
[31m+           disabledEndpoints: Number((webhookEndpoints as any).rows?.[0]?.disabledCount ?? 0),[39m
[31m+           recentFailures: (webhookFailures as any).rows ?? [],[39m
[31m+         },[39m
[31m+         integrations,[39m
[31m+         auditChain,[39m
[31m+         queue: {[39m
[31m+           runningRepositoryScans: (runningRepoScans as any).rows ?? [],[39m
[31m+           recentlyFailedJobs: (osvFailures as any).rows ?? [],[39m
[31m+           complianceSchedules: (complianceSchedules as any).rows ?? [],[39m
[31m+         },[39m
[31m+         notes,[39m
[31m+       });[39m
[31m+     } catch (error) {[39m
[31m+       return next(error);[39m
[31m+     }[39m
[31m+   });[39m
[31m+[39m
[31m+   // Owner-only self-passport retrieval. Absence of evidence is represented as[39m
[31m+   // a 404 instead of a fabricated passport or trust score.[39m
[31m+   router.get('/passports/self-passport', requireAuth, requireRole('Owner'), async (req: AuthenticatedRequest, res, next) => {[39m
[31m+     try {[39m
[31m+       const db = req.db!;[39m
[31m+       const result = await db.execute(sql`[39m
[31m+         SELECT[39m
[31m+           id,[39m
[31m+           name,[39m
[31m+           version,[39m
[31m+           publisher,[39m
[31m+           release_date AS "releaseDate",[39m
[31m+           evidence[39m
[31m+         FROM passports[39m
[31m+         WHERE tenant_id = ${req.user!.tenantId}[39m
[31m+         ORDER BY release_date DESC NULLS LAST, id DESC[39m
[31m+         LIMIT 1[39m
[31m+       `);[39m
[31m+       const row = (result as any).rows?.[0];[39m
[31m+       if (!row) return res.status(404).json({ error: 'Self passport evidence not found', code: 'SELF_PASSPORT_NOT_FOUND' });[39m
[31m+       return res.json({[39m
[31m+         ...row,[39m
[31m+         overallScore: null,[39m
[31m+         healthStatus: 'Not verified',[39m
[31m+         evidence: Array.isArray(row.evidence) ? row.evidence : [],[39m
[31m+       });[39m
[31m+     } catch (error) {[39m
[31m+       return next(error);[39m
[31m+     }[39m
[31m+   });[39m
[31m+[39m
[31m+   // Firebase-authenticated, tenant-scoped reads for the first-party SPA.[39m
[31m+   // These are deliberately separate from /connect/v1, which is API-key based.[39m
[31m+   router.get('/user/clients', requireAuth, async (req: AuthenticatedRequest, res, next) => {[39m
[31m+     try {[39m
[31m+       const db = req.db!;[39m
[31m+       const result = await db.execute(sql`SELECT id, name, domain, industry, trust_score AS "trustScore", risk_level AS "riskLevel", avatar_color AS "avatarColor", subscription_tier AS "subscriptionTier", joined_date AS "joinedDate", team_count AS "teamCount", passport_count AS "passportCount", critical_risks_count AS "criticalRisksCount", compliance_progress AS "complianceProgress", software_inventory AS "softwareInventory", compliance_status AS "complianceStatus", team_members AS "teamMembers", activity_timeline AS "activityTimeline" FROM clients WHERE tenant_id=${req.user!.tenantId} ORDER BY joined_date DESC`);[39m
[31m+       return res.json((result as any).rows || []);[39m
[31m+     } catch (error) {[39m
[31m+       return next(error);[39m
[31m+     }[39m
[31m+   });[39m
[31m+[39m
[31m+   router.get('/user/passports', requireAuth, async (req: AuthenticatedRequest, res, next) => {[39m
[31m+     try {[39m
[31m+       const db = req.db!;[39m
[31m+       const result = await db.execute(sql`SELECT p.id, p.client_id AS "clientId", p.name, p.version, p.publisher, p.category, p.release_date AS "releaseDate", p.license_type AS "licenseType", p.sbom, COALESCE((SELECT json_agg(json_build_object('id', e.id, 'name', e.name, 'type', e.type, 'verified', e.verified, 'status', e.status, 'signer', e.signer, 'timestamp', e.timestamp, 'hash', e.hash, 'engineId', e.engine_id, 'verificationFailureReason', e.verification_failure_reason) ORDER BY e.timestamp DESC) FROM evidence_items e WHERE e.tenant_id=p.tenant_id AND e.asset_id=p.id), '[]'::json) AS evidence, COALESCE((SELECT json_agg(json_build_object('id', f.id, 'findingId', f.id, 'severity', f.severity, 'category', f.category, 'title', f.title, 'description', f.description, 'component', f.component, 'fixedVersion', f.fixed_version, 'status', f.status, 'detectedAt', f.detected_at, 'engineId', f.engine_id) ORDER BY f.detected_at DESC) FROM scan_findings f WHERE f.tenant_id=p.tenant_id AND f.asset_id=p.id), '[]'::json) AS vulnerabilities, p.timeline, NULL AS scores, 'not_authoritatively_scored' AS "scoreStatus" FROM passports p WHERE p.tenant_id=${req.user!.tenantId} ORDER BY p.name ASC`);[39m
[31m+       return res.json((result as any).rows || []);[39m
[31m+     } catch (error) {[39m
[31m+       return next(error);[39m
[31m+     }[39m
[31m+   });[39m
[31m+[39m
[31m+   router.get('/user/extensions', requireAuth, async (req: AuthenticatedRequest, res, next) => {[39m
[31m+     try {[39m
[31m+       const db = req.db!;[39m
[31m+       const result = await db.execute(sql`SELECT extension_id AS "extensionId", installed_at AS "installedAt" FROM extension_installations WHERE tenant_id=${req.user!.tenantId} ORDER BY installed_at DESC`);[39m
[31m+       return res.json((result as any).rows || []);[39m
[31m+     } catch (error) {[39m
[31m+       return next(error);[39m
[31m+     }[39m
[31m+   });[39m
[31m+[39m
[31m+   router.post('/user/extensions/:extensionId', requireAuth, requireRole(['Owner', 'Admin', 'Operator']), async (req: AuthenticatedRequest, res, next) => {[39m
[31m+     try {[39m
[31m+       const extensionId = String(req.params.extensionId || '').trim();[39m
[31m+       if (!/^[A-Za-z0-9_.-]{1,120}$/.test(extensionId)) return res.status(400).json({ error: 'Invalid extension id' });[39m
[31m+       const db = req.db!;[39m
[31m+       const result = await db.execute(sql`INSERT INTO extension_installations (tenant_id, extension_id, installed_at) VALUES (${req.user!.tenantId}, ${extensionId}, NOW()) ON CONFLICT (tenant_id, extension_id) DO UPDATE SET installed_at=NOW() RETURNING extension_id AS "extensionId", installed_at AS "installedAt"`);[39m
[31m+       return res.status(201).json((result as any).rows?.[0]);[39m
[31m+     } catch (error) {[39m
[31m+       return next(error);[39m
[31m+     }[39m
[31m+   });[39m
[31m+[39m
[31m+   router.delete('/user/extensions/:extensionId', requireAuth, requireRole(['Owner', 'Admin', 'Operator']), async (req: AuthenticatedRequest, res, next) => {[39m
[31m+     try {[39m
[31m+       const db = req.db!;[39m
[31m+       const extensionId = String(req.params.extensionId || '').trim();[39m
[31m+       const result = await db.execute(sql`DELETE FROM extension_installations WHERE tenant_id=${req.user!.tenantId} AND extension_id=${extensionId} RETURNING extension_id`);[39m
[31m+       if (!((result as any).rows?.length)) return res.status(404).json({ error: 'Extension installation not found' });[39m
[31m+       return res.status(204).send();[39m
[31m+     } catch (error) {[39m
[31m+       return next(error);[39m
[31m+     }[39m
[31m+   });[39m
[31m+[39m
[31m+   router.get('/auth/verify-status', requireAuth, async (req: AuthenticatedRequest, res) => {[39m
[31m+     return res.json({ verified: req.user!.emailVerified, emailVerified: req.user!.emailVerified });[39m
[31m+   });[39m
[31m+[39m
[31m+[39m
[31m+[39m
[31m+   router.get('/user/passports/:id/verification', requireAuth, async (req: AuthenticatedRequest, res, next) => {[39m
[31m+     try {[39m
[31m+       const db = req.db!;[39m
[31m+       const tenantId = req.user!.tenantId;[39m
[31m+       const clientScope = req.user!.role === 'Client' ? (req.user as any).clientId : null;[39m
[31m+       const passportResult = await db.execute(sql`SELECT id, version, evidence, client_id AS "clientId" FROM passports WHERE id=${req.params.id} AND tenant_id=${tenantId} AND (${clientScope} IS NULL OR client_id=${clientScope}) LIMIT 1`) as any;[39m
[31m+       const passport = passportResult.rows?.[0];[39m
[31m+       if (!passport) return res.status(404).json({ error: 'Passport not found' });[39m
[31m+       const findingResult = await db.execute(sql`SELECT id, passport_id AS "passportId", evidence_ids, status FROM trust_findings WHERE tenant_id=${tenantId} AND passport_id=${passport.id}`) as any;[39m
[31m+       const parseJson = (value: unknown): unknown[] => { try { const parsed = JSON.parse(String(value ?? '')); return Array.isArray(parsed) ? parsed : []; } catch { return []; } };[39m
[31m+       const openFindingEvidenceIds = (findingResult.rows ?? []).filter((row: any) => !['resolved','closed','verified'].includes(String(row.status || '').toLowerCase())).flatMap((row: any) => parseJson(row.evidence_ids)).filter((id: any): id is string => typeof id === 'string');[39m
[31m+       const adapted = adaptEvidenceForEvaluation({ evidence: parseJson(passport.evidence) as any[], passportVersion: passport.version, openFindingEvidenceIds });[39m
[31m+       const evaluatedAt = Date.now();[39m
[31m+       const decision = evaluateVerification({ evidence: adapted.evidence, evaluatedAt, targetIdentity: adapted.targetIdentity });[39m
[31m+       res.setHeader('Cache-Control', 'private, max-age=0, no-store');[39m
[31m+       return res.json({ decision, observations: decision.observationCount, independentSources: decision.independentSourceCount });[39m
[31m+     } catch (error) { return next(error); }[39m
[31m+   });[39m
[31m+[39m
[31m+   router.get('/user/verification', requireAuth, async (req: AuthenticatedRequest, res, next) => {[39m
[31m+     try {[39m
[31m+       const db = req.db!;[39m
[31m+       const tenantId = req.user!.tenantId;[39m
[31m+       const clientScope = req.user!.role === 'Client' ? (req.user as any).clientId : null;[39m
[31m+       const passportRows = (await db.execute(sql`SELECT id, version, evidence, client_id AS "clientId" FROM passports WHERE tenant_id=${tenantId} AND (${clientScope} IS NULL OR client_id=${clientScope}) ORDER BY id`) as any).rows ?? [];[39m
[31m+       const passportIds = passportRows.map((row: any) => String(row.id));[39m
[31m+       const parseJson = (value: unknown): unknown[] => { try { const parsed = JSON.parse(String(value ?? '')); return Array.isArray(parsed) ? parsed : []; } catch { return []; } };[39m
[31m+       // Drizzle's proven one-query binding shape for the passport findings is[39m
[31m+       // `asset_id IN ${passportIds}`; do not replace this with ANY(array).[39m
[31m+       const findingRows = passportIds.length ? ((await db.execute(sql`SELECT id, passport_id AS "passportId", evidence_ids, status FROM trust_findings WHERE tenant_id=${tenantId} AND passport_id IN ${passportIds}`) as any).rows ?? []) : [];[39m
[31m+       const evidenceByPassport = new Map<string, any[]>();[39m
[31m+       for (const passport of passportRows) evidenceByPassport.set(String(passport.id), parseJson(passport.evidence) as any[]);[39m
[31m+       const evaluatedAt = Date.now();[39m
[31m+       const verificationDecisions: Record<string, VerificationDecision> = {};[39m
[31m+       const verificationDetails: Record<string, unknown> = {};[39m
[31m+       for (const passport of passportRows) {[39m
[31m+         const findings = findingRows.filter((row: any) => String(row.passportId) === String(passport.id));[39m
[31m+         const openFindingEvidenceIds = findings.filter((row: any) => !['resolved','closed','verified'].includes(String(row.status || '').toLowerCase())).flatMap((row: any) => parseJson(row.evidence_ids)).filter((id: any): id is string => typeof id === 'string');[39m
[31m+         const adapted = adaptEvidenceForEvaluation({ evidence: evidenceByPassport.get(String(passport.id)) ?? [], passportVersion: passport.version, openFindingEvidenceIds });[39m
[31m+         const decision = evaluateVerification({ evidence: adapted.evidence, evaluatedAt, targetIdentity: adapted.targetIdentity });[39m
[31m+         verificationDecisions[String(passport.id)] = decision;[39m
[31m+         verificationDetails[String(passport.id)] = { unmappedCount: adapted.unmappedCount, undatedCount: adapted.undatedCount, observations: decision.observationCount, independentSources: decision.independentSourceCount };[39m
[31m+       }[39m
[31m+       res.setHeader('Cache-Control', 'private, max-age=0, no-store');[39m
[31m+       return res.json({ verificationDecisions, verificationDetails });[39m
[31m+     } catch (error) { return next(error); }[39m
[31m+   });[39m
[31m+[39m
[31m+   return router;[39m
[31m+ }[39m
[31m+[39m

[36m [2m❯[22m tests/client-creation-contract.test.ts:[2m59:15[22m[39m
    [90m 57| [39m  it('GET /user/clients scopes to a single client only when role is Cl…
    [90m 58| [39m    [35mconst[39m s [33m=[39m [34mauthSource[39m()[33m;[39m
    [90m 59| [39m    expect(s).toContain("const clientScope = req.user!.role === 'Clien…
    [90m   | [39m              [31m^[39m
    [90m 60| [39m    expect(s).toContain('AND (${clientScope}::text IS NULL OR id = ${c…
    [90m 61| [39m  })[33m;[39m

[31m[2m⎯⎯⎯⎯⎯⎯⎯⎯⎯⎯⎯⎯⎯⎯⎯⎯⎯⎯⎯⎯⎯[13/141]⎯[22m[39m

[41m[1m FAIL [22m[49m tests/client-creation-contract.test.ts[2m > [22mclient-level data isolation for the Client role[2m > [22mGET /user/passports applies the same client scoping
[31m[1mAssertionError[22m: expected '/**\n * @license\n * SPDX-License-Ide…' to contain 'AND (${clientScope}::text IS NULL OR …'[39m

[32m- Expected[39m
[31m+ Received[39m

[32m- AND (${clientScope}::text IS NULL OR p.client_id = ${clientScope})[39m
[31m+ /**[39m
[31m+  * @license[39m
[31m+  * SPDX-License-Identifier: Apache-2.0[39m
[31m+  */[39m
[31m+[39m
[31m+ import { Router } from 'express';[39m
[31m+ import { eq } from 'drizzle-orm';[39m
[31m+ import { sql } from 'drizzle-orm';[39m
[31m+ import { z } from 'zod';[39m
[31m+ import { users } from '../db/schema.ts';[39m
[31m+ import { AuthenticatedRequest, requireAuth, requireRole } from '../middleware/security.ts';[39m
[31m+ import { adminAuth, setUserCustomClaims } from '../lib/firebase-admin.ts';[39m
[31m+ import { appendAuditEntry, verifyAuditChain } from '../security/audit-log.ts';[39m
[31m+ import { describeUserAgent, sessionFingerprint } from '../security/session-tracking.ts';[39m
[31m+ import { offboardTenantData } from '../db/sync.ts';[39m
[31m+ import { INTEGRATION_CATALOG } from '../integrations/catalog.ts';[39m
[31m+ import { adaptEvidenceForEvaluation } from '../lib/verification/evidenceAdapter.ts';[39m
[31m+ import { evaluateVerification, type VerificationDecision } from '../lib/verification/evaluateVerification.ts';[39m
[31m+[39m
[31m+ const INVITABLE_ROLES = ['Admin', 'Technician', 'Viewer', 'Client'] as const;[39m
[31m+ const inviteSchema = z.object({ email: z.string().trim().email().max(255), role: z.enum(INVITABLE_ROLES) }).strict();[39m
[31m+ const roleUpdateSchema = z.object({ role: z.enum(INVITABLE_ROLES) }).strict();[39m
[31m+ const profileUpdateSchema = z.object({[39m
[31m+   displayName: z.string().trim().max(200).optional(),[39m
[31m+   roleTitle: z.string().trim().max(200).optional(),[39m
[31m+   companyName: z.string().trim().max(200).optional(),[39m
[31m+ }).strict();[39m
[31m+ const revokeSessionSchema = z.object({ sessionId: z.string().trim().min(1).max(200) }).strict();[39m
[31m+[39m
[31m+ export function createAuthRouter() {[39m
[31m+   const router = Router();[39m
[31m+[39m
[31m+   // The Firebase ID token is the sole authentication authority. The database[39m
[31m+   // record supplies the tenant/RBAC projection after token verification.[39m
[31m+   router.get('/user/me', requireAuth, async (req: AuthenticatedRequest, res, next) => {[39m
[31m+     try {[39m
[31m+       const db = req.db!;[39m
[31m+       const user = await db.select({[39m
[31m+         id: users.id,[39m
[31m+         uid: users.uid,[39m
[31m+         email: users.email,[39m
[31m+         tenantId: users.tenantId,[39m
[31m+         role: users.role,[39m
[31m+         companyName: users.companyName,[39m
[31m+         roleTitle: users.roleTitle,[39m
[31m+         displayName: users.displayName,[39m
[31m+         numTechnicians: users.numTechnicians,[39m
[31m+         clientCount: users.clientCount,[39m
[31m+         primaryUseCase: users.primaryUseCase,[39m
[31m+         onboarded: users.onboarded,[39m
[31m+         mfaEnabled: users.mfaEnabled,[39m
[31m+         createdAt: users.createdAt,[39m
[31m+       }).from(users).where(eq(users.uid, req.user!.uid)).then(rows => rows[0]);[39m
[31m+[39m
[31m+       if (!user) return res.status(403).json({ error: 'User account is not provisioned' });[39m
[31m+       return res.json({ ...user, emailVerified: req.user!.emailVerified });[39m
[31m+     } catch (error) {[39m
[31m+       return next(error);[39m
[31m+     }[39m
[31m+   });[39m
[31m+[39m
[31m+   router.put('/user/profile', requireAuth, async (req: AuthenticatedRequest, res, next) => {[39m
[31m+     try {[39m
[31m+       const db = req.db!;[39m
[31m+       const parsed = profileUpdateSchema.safeParse(req.body);[39m
[31m+       if (!parsed.success) return res.status(400).json({ error: 'Invalid request', details: parsed.error.flatten() });[39m
[31m+       const result = await db.execute(sql`[39m
[31m+         UPDATE users SET[39m
[31m+           display_name = COALESCE(${parsed.data.displayName ?? null}, display_name),[39m
[31m+           role_title = COALESCE(${parsed.data.roleTitle ?? null}, role_title),[39m
[31m+           company_name = COALESCE(${parsed.data.companyName ?? null}, company_name)[39m
[31m+         WHERE uid = ${req.user!.uid} AND tenant_id = ${req.user!.tenantId}[39m
[31m+         RETURNING id, email, display_name AS "displayName", role_title AS "roleTitle", company_name AS "companyName"[39m
[31m+       `);[39m
[31m+       const row = (result as any).rows?.[0];[39m
[31m+       if (!row) return res.status(404).json({ error: 'User account not found' });[39m
[31m+       await appendAuditEntry(db, { tenantId: req.user!.tenantId, action: 'profile.updated', actor: req.user!.email, payload: { userId: req.user!.id } });[39m
[31m+       return res.json(row);[39m
[31m+     } catch (error) {[39m
[31m+       return next(error);[39m
[31m+     }[39m
[31m+   });[39m
[31m+[39m
[31m+   router.get('/organization/team', requireAuth, async (req: AuthenticatedRequest, res, next) => {[39m
[31m+     try {[39m
[31m+       const db = req.db!;[39m
[31m+       const result = await db.execute(sql`[39m
[31m+         SELECT id, email, display_name AS "displayName", role, onboarded, created_at AS "createdAt"[39m
[31m+         FROM users WHERE tenant_id = ${req.user!.tenantId} ORDER BY created_at ASC[39m
[31m+       `);[39m
[31m+       return res.json((result as any).rows ?? []);[39m
[31m+     } catch (error) {[39m
[31m+       return next(error);[39m
[31m+     }[39m
[31m+   });[39m
[31m+[39m
[31m+   router.post('/organization/invite', requireAuth, requireRole(['Owner', 'Admin']), async (req: AuthenticatedRequest, res, next) => {[39m
[31m+     try {[39m
[31m+       const db = req.db!;[39m
[31m+       const parsed = inviteSchema.safeParse(req.body);[39m
[31m+       if (!parsed.success) return res.status(400).json({ error: 'Invalid request', details: parsed.error.flatten() });[39m
[31m+       const email = parsed.data.email.toLowerCase();[39m
[31m+[39m
[31m+       const existing = await db.execute(sql`SELECT id FROM users WHERE tenant_id = ${req.user!.tenantId} AND lower(btrim(email)) = ${email} LIMIT 1`);[39m
[31m+       if ((existing as any).rows?.length) return res.status(409).json({ error: 'This email is already a member of your workspace.' });[39m
[31m+[39m
[31m+       let firebaseUser;[39m
[31m+       try {[39m
[31m+         firebaseUser = await adminAuth.getUserByEmail(email);[39m
[31m+       } catch {[39m
[31m+         firebaseUser = await adminAuth.createUser({ email, emailVerified: false });[39m
[31m+       }[39m
[31m+[39m
[31m+       const inserted = await db.execute(sql`[39m
[31m+         INSERT INTO users (uid, email, tenant_id, role, invited_by, onboarded)[39m
[31m+         VALUES (${firebaseUser.uid}, ${email}, ${req.user!.tenantId}, ${parsed.data.role}, ${req.user!.email}, 0)[39m
[31m+         RETURNING id, email, role[39m
[31m+       `);[39m
[31m+       await setUserCustomClaims(firebaseUser.uid, { workspaceId: req.user!.tenantId, role: parsed.data.role });[39m
[31m+[39m
[31m+       let inviteLink: string | null = null;[39m
[31m+       try { inviteLink = await adminAuth.generatePasswordResetLink(email); } catch { inviteLink = null; }[39m
[31m+[39m
[31m+       await appendAuditEntry(db, { tenantId: req.user!.tenantId, action: 'team.invited', actor: req.user!.email, payload: { invitedEmail: email, role: parsed.data.role } });[39m
[31m+       return res.status(201).json({ ...(inserted as any).rows?.[0], inviteLink });[39m
[31m+     } catch (error) {[39m
[31m+       return next(error);[39m
[31m+     }[39m
[31m+   });[39m
[31m+[39m
[31m+   router.put('/organization/team/:userId/role', requireAuth, requireRole(['Owner', 'Admin']), async (req: AuthenticatedRequest, res, next) => {[39m
[31m+     try {[39m
[31m+       const db = req.db!;[39m
[31m+       const parsed = roleUpdateSchema.safeParse(req.body);[39m
[31m+       if (!parsed.success) return res.status(400).json({ error: 'Invalid request', details: parsed.error.flatten() });[39m
[31m+       const targetId = Number(req.params.userId);[39m
[31m+       if (!Number.isInteger(targetId)) return res.status(400).json({ error: 'Invalid user id' });[39m
[31m+[39m
[31m+       const result = await db.execute(sql`[39m
[31m+         UPDATE users SET role = ${parsed.data.role}[39m
[31m+         WHERE id = ${targetId} AND tenant_id = ${req.user!.tenantId} AND role <> 'Owner'[39m
[31m+         RETURNING id, uid, email, role[39m
[31m+       `);[39m
[31m+       const row = (result as any).rows?.[0];[39m
[31m+       if (!row) return res.status(404).json({ error: 'Team member not found, or the Owner role cannot be changed here.' });[39m
[31m+       await setUserCustomClaims(row.uid, { workspaceId: req.user!.tenantId, role: parsed.data.role });[39m
[31m+       await appendAuditEntry(db, { tenantId: req.user!.tenantId, action: 'team.role_changed', actor: req.user!.email, payload: { targetUserId: targetId, newRole: parsed.data.role } });[39m
[31m+       return res.json({ id: row.id, email: row.email, role: row.role });[39m
[31m+     } catch (error) {[39m
[31m+       return next(error);[39m
[31m+     }[39m
[31m+   });[39m
[31m+[39m
[31m+   router.delete('/organization/team/:userId', requireAuth, requireRole(['Owner', 'Admin']), async (req: AuthenticatedRequest, res, next) => {[39m
[31m+     try {[39m
[31m+       const db = req.db!;[39m
[31m+       const targetId = Number(req.params.userId);[39m
[31m+       if (!Number.isInteger(targetId)) return res.status(400).json({ error: 'Invalid user id' });[39m
[31m+[39m
[31m+       const result = await db.execute(sql`[39m
[31m+         DELETE FROM users WHERE id = ${targetId} AND tenant_id = ${req.user!.tenantId} AND role <> 'Owner'[39m
[31m+         RETURNING id, uid, email[39m
[31m+       `);[39m
[31m+       const row = (result as any).rows?.[0];[39m
[31m+       if (!row) return res.status(404).json({ error: 'Team member not found, or the Owner cannot be removed.' });[39m
[31m+[39m
[31m+       try { await adminAuth.updateUser(row.uid, { disabled: true }); await adminAuth.revokeRefreshTokens(row.uid); } catch { /* Firebase account may already be gone; DB removal already took effect. */ }[39m
[31m+       await appendAuditEntry(db, { tenantId: req.user!.tenantId, action: 'team.removed', actor: req.user!.email, payload: { targetUserId: targetId, targetEmail: row.email } });[39m
[31m+       return res.status(204).send();[39m
[31m+     } catch (error) {[39m
[31m+       return next(error);[39m
[31m+     }[39m
[31m+   });[39m
[31m+[39m
[31m+   router.get('/auth/sessions', requireAuth, async (req: AuthenticatedRequest, res, next) => {[39m
[31m+     try {[39m
[31m+       const db = req.db!;[39m
[31m+       const currentIp = req.ip || req.socket.remoteAddress || 'unknown';[39m
[31m+       const currentUserAgent = typeof req.headers['user-agent'] === 'string' ? req.headers['user-agent'].slice(0, 512) : '';[39m
[31m+       const currentFingerprint = sessionFingerprint(req.user!.uid, currentIp, currentUserAgent);[39m
[31m+[39m
[31m+       const result = await db.execute(sql`[39m
[31m+         SELECT id, session_fingerprint AS "sessionFingerprint", ip, user_agent AS "userAgent", last_seen_at AS "lastSeenAt"[39m
[31m+         FROM user_sessions[39m
[31m+         WHERE tenant_id = ${req.user!.tenantId} AND user_id = ${req.user!.id} AND revoked_at IS NULL[39m
[31m+         ORDER BY last_seen_at DESC[39m
[31m+       `);[39m
[31m+       const rows = ((result as any).rows ?? []) as Array<{ id: string; sessionFingerprint: string; ip: string; userAgent: string; lastSeenAt: string }>;[39m
[31m+       return res.json(rows.map(row => ({[39m
[31m+         id: row.id,[39m
[31m+         email: req.user!.email,[39m
[31m+         current: row.sessionFingerprint === currentFingerprint,[39m
[31m+         ip: row.ip,[39m
[31m+         device: describeUserAgent(row.userAgent),[39m
[31m+         location: 'Not geolocated',[39m
[31m+         lastSeenAt: row.lastSeenAt,[39m
[31m+       })));[39m
[31m+     } catch (error) {[39m
[31m+       return next(error);[39m
[31m+     }[39m
[31m+   });[39m
[31m+[39m
[31m+   router.post('/auth/sessions/revoke', requireAuth, async (req: AuthenticatedRequest, res, next) => {[39m
[31m+     try {[39m
[31m+       const db = req.db!;[39m
[31m+       const parsed = revokeSessionSchema.safeParse(req.body);[39m
[31m+       if (!parsed.success) return res.status(400).json({ error: 'Invalid request', details: parsed.error.flatten() });[39m
[31m+       const currentIp = req.ip || req.socket.remoteAddress || 'unknown';[39m
[31m+       const currentUserAgent = typeof req.headers['user-agent'] === 'string' ? req.headers['user-agent'].slice(0, 512) : '';[39m
[31m+       const currentFingerprint = sessionFingerprint(req.user!.uid, currentIp, currentUserAgent);[39m
[31m+       if (parsed.data.sessionId === `sess_${currentFingerprint}`) return res.status(400).json({ error: 'Cannot revoke the session you are currently using. Sign out instead.' });[39m
[31m+[39m
[31m+       const result = await db.execute(sql`[39m
[31m+         UPDATE user_sessions SET revoked_at = NOW()[39m
[31m+         WHERE id = ${parsed.data.sessionId} AND tenant_id = ${req.user!.tenantId} AND user_id = ${req.user!.id} AND revoked_at IS NULL[39m
[31m+         RETURNING id[39m
[31m+       `);[39m
[31m+       if (!((result as any).rows?.length)) return res.status(404).json({ error: 'Session not found' });[39m
[31m+       await appendAuditEntry(db, { tenantId: req.user!.tenantId, action: 'session.revoked', actor: req.user!.email, payload: { sessionId: parsed.data.sessionId } });[39m
[31m+       return res.status(204).send();[39m
[31m+     } catch (error) {[39m
[31m+       return next(error);[39m
[31m+     }[39m
[31m+   });[39m
[31m+[39m
[31m+   router.get('/auth/login-history', requireAuth, async (req: AuthenticatedRequest, res, next) => {[39m
[31m+     try {[39m
[31m+       const db = req.db!;[39m
[31m+       const result = await db.execute(sql`[39m
[31m+         SELECT id, ip, user_agent AS "userAgent", status, occurred_at AS "occurredAt"[39m
[31m+         FROM login_history WHERE tenant_id = ${req.user!.tenantId} AND user_id = ${req.user!.id}[39m
[31m+         ORDER BY occurred_at DESC LIMIT 50[39m
[31m+       `);[39m
[31m+       const rows = ((result as any).rows ?? []) as Array<{ id: string; ip: string; userAgent: string; status: string; occurredAt: string }>;[39m
[31m+       return res.json(rows.map(row => ({[39m
[31m+         id: row.id,[39m
[31m+         email: req.user!.email,[39m
[31m+         status: row.status,[39m
[31m+         action: 'Sign-in',[39m
[31m+         timestamp: row.occurredAt,[39m
[31m+         ip: row.ip,[39m
[31m+         location: 'Not geolocated',[39m
[31m+       })));[39m
[31m+     } catch (error) {[39m
[31m+       return next(error);[39m
[31m+     }[39m
[31m+   });[39m
[31m+[39m
[31m+   router.get('/auth/audit-chain', requireAuth, async (req: AuthenticatedRequest, res, next) => {[39m
[31m+     try {[39m
[31m+       const db = req.db!;[39m
[31m+       const beforeRaw = typeof req.query.before === 'string' ? Number(req.query.before) : null;[39m
[31m+       const before = Number.isInteger(beforeRaw) && beforeRaw! > 0 ? beforeRaw : null;[39m
[31m+       const result = before[39m
[31m+         ? await db.execute(sql`[39m
[31m+             SELECT id, action, timestamp, actor, payload, current_hash AS "currentHash", previous_hash AS "previousHash"[39m
[31m+             FROM audit_trail WHERE tenant_id = ${req.user!.tenantId} AND id < ${before} ORDER BY id DESC LIMIT 50[39m
[31m+           `)[39m
[31m+         : await db.execute(sql`[39m
[31m+         SELECT id, action, timestamp, actor, payload, current_hash AS "currentHash", previous_hash AS "previousHash"[39m
[31m+         FROM audit_trail WHERE tenant_id = ${req.user!.tenantId} ORDER BY id DESC LIMIT 50[39m
[31m+       `);[39m
[31m+       const rows = ((result as any).rows ?? []) as Array<{ id: number; action: string; timestamp: string; actor: string; payload: string; currentHash: string; previousHash: string }>;[39m
[31m+       return res.json(rows.map(row => ({[39m
[31m+         id: row.id,[39m
[31m+         action: row.action,[39m
[31m+         timestamp: row.timestamp,[39m
[31m+         actor: row.actor,[39m
[31m+         payload: row.payload,[39m
[31m+         hash: row.currentHash,[39m
[31m+         currentHash: row.currentHash,[39m
[31m+         previousHash: row.previousHash,[39m
[31m+         block: { action: row.action, userEmail: row.actor.includes('@') ? row.actor : null },[39m
[31m+       })));[39m
[31m+     } catch (error) {[39m
[31m+       return next(error);[39m
[31m+     }[39m
[31m+   });[39m
[31m+[39m
[31m+   router.get('/auth/audit-chain/verify', requireAuth, async (req: AuthenticatedRequest, res, next) => {[39m
[31m+     try {[39m
[31m+       const db = req.db!;[39m
[31m+       return res.json(await verifyAuditChain(db, req.user!.tenantId));[39m
[31m+     } catch (error) {[39m
[31m+       return next(error);[39m
[31m+     }[39m
[31m+   });[39m
[31m+[39m
[31m+   router.post('/tenant/offboard', requireAuth, requireRole('Owner'), async (req: AuthenticatedRequest, res, next) => {[39m
[31m+     try {[39m
[31m+       // Purges via the owner-role connection (not req.db): offboarding must be[39m
[31m+       // able to see every table it enumerates from information_schema, and it[39m
[31m+       // already scopes every DELETE to exactly this caller's own tenant_id.[39m
[31m+       await offboardTenantData(req.user!.tenantId);[39m
[31m+       return res.status(200).json({ message: 'Tenant data purged.' });[39m
[31m+     } catch (error) {[39m
[31m+       return next(error);[39m
[31m+     }[39m
[31m+   });[39m
[31m+[39m
[31m+   // Owner-only founder metrics. Every value is either observed from tenant[39m
[31m+   // data or explicitly reported as not verified; this endpoint never invents[39m
[31m+   // production health, security, financial, or performance telemetry.[39m
[31m+   router.get('/founder/metrics', requireAuth, requireRole('Owner'), async (req: AuthenticatedRequest, res, next) => {[39m
[31m+     try {[39m
[31m+       const db = req.db!;[39m
[31m+       const counts = await db.execute(sql`[39m
[31m+         SELECT[39m
[31m+           (SELECT COUNT(*)::int FROM clients WHERE tenant_id = ${req.user!.tenantId}) AS "clientCount",[39m
[31m+           (SELECT COUNT(*)::int FROM passports WHERE tenant_id = ${req.user!.tenantId}) AS "passportCount",[39m
[31m+           (SELECT COUNT(*)::int FROM scans WHERE tenant_id = ${req.user!.tenantId}) AS "scanCount"[39m
[31m+       `);[39m
[31m+       const row = (counts as any).rows?.[0] || {};[39m
[31m+       return res.json({[39m
[31m+         latency: 'Not verified',[39m
[31m+         capitalProtected: 'Not verified',[39m
[31m+         throughput: 'Not verified',[39m
[31m+         mitigations: 'Not verified',[39m
[31m+         overallScore: null,[39m
[31m+         auditEvents: null,[39m
[31m+         activeThreats: null,[39m
[31m+         systemIntegrity: 'Not verified',[39m
[31m+         observed: {[39m
[31m+           clientCount: Number(row.clientCount || 0),[39m
[31m+           passportCount: Number(row.passportCount || 0),[39m
[31m+           scanCount: Number(row.scanCount || 0),[39m
[31m+         },[39m
[31m+       });[39m
[31m+     } catch (error) {[39m
[31m+       return next(error);[39m
[31m+     }[39m
[31m+   });[39m
[31m+[39m
[31m+   // Owner-only operational health for the command center. Every section reads[39m
[31m+   // from the real tables the corresponding subsystem already writes -- no[39m
[31m+   // second heartbeat, delivery ledger, integration status, or audit verifier[39m
[31m+   // is created here. Sections with no real backing data are omitted rather[39m
[31m+   // than populated with placeholder values; see the `notes` field.[39m
[31m+   router.get('/founder/operations', requireAuth, requireRole('Owner'), async (req: AuthenticatedRequest, res, next) => {[39m
[31m+     try {[39m
[31m+       const db = req.db!;[39m
[31m+       const tenantId = req.user!.tenantId;[39m
[31m+       const notes: string[] = [];[39m
[31m+[39m
[31m+       // --- A. Worker/job health ---------------------------------------------[39m
[31m+       // osv-worker.ts claims agent_jobs rows (job_type osv_manifest_scan /[39m
[31m+       // repository_scan). It has no separate heartbeat row; the queue state[39m
[31m+       // itself (locked_at/locked_by, the same 10-minute staleness window the[39m
[31m+       // worker uses to reclaim stuck jobs) is the real signal.[39m
[31m+       const [osvCounts, osvStale, osvFailures, osvActivity] = await Promise.all([[39m
[31m+         db.execute(sql`SELECT job_type AS "jobType", status, COUNT(*)::int AS count FROM agent_jobs WHERE tenant_id=${tenantId} AND job_type IN ('osv_manifest_scan','repository_scan') GROUP BY job_type, status`),[39m
[31m+         db.execute(sql`SELECT COUNT(*)::int AS count FROM agent_jobs WHERE tenant_id=${tenantId} AND job_type IN ('osv_manifest_scan','repository_scan') AND status='Running' AND locked_at < NOW() - INTERVAL '10 minutes'`),[39m
[31m+         db.execute(sql`SELECT id, job_type AS "jobType", error, attempt_count AS "attemptCount", max_attempts AS "maxAttempts", updated_at AS "updatedAt" FROM agent_jobs WHERE tenant_id=${tenantId} AND job_type IN ('osv_manifest_scan','repository_scan') AND status='Failed' ORDER BY updated_at DESC LIMIT 5`),[39m
[31m+         db.execute(sql`SELECT MAX(updated_at) AS "lastActivityAt" FROM agent_jobs WHERE tenant_id=${tenantId} AND job_type IN ('osv_manifest_scan','repository_scan')`),[39m
[31m+       ]);[39m
[31m+[39m
[31m+       // monitoring-worker.ts (the file name this dashboard's spec named) is not[39m
[31m+       // imported by worker.ts and never runs in production -- confirmed dead[39m
[31m+       // code, not a running system. trust-monitoring-worker.ts is the real,[39m
[31m+       // currently-running system that plays the equivalent role (collector_jobs[39m
[31m+       // has an actual heartbeat_at column, unlike agent_jobs).[39m
[31m+       const [monitoringCounts, monitoringHeartbeat, monitoringFailures] = await Promise.all([[39m
[31m+         db.execute(sql`SELECT state, COUNT(*)::int AS count FROM collector_jobs WHERE tenant_id=${tenantId} GROUP BY state`),[39m
[31m+         db.execute(sql`SELECT MAX(heartbeat_at) AS "lastHeartbeatAt" FROM collector_jobs WHERE tenant_id=${tenantId} AND state='running'`),[39m
[31m+         db.execute(sql`SELECT id, collector_id AS "collectorId", safe_error_code AS "errorCode", safe_error_message AS "errorMessage", completed_at AS "completedAt" FROM collector_jobs WHERE tenant_id=${tenantId} AND state IN ('failed','dead_lettered') ORDER BY completed_at DESC NULLS LAST LIMIT 5`),[39m
[31m+       ]);[39m
[31m+       notes.push('monitoring-worker.ts is dead code (never imported by worker.ts); "monitoringWorker" below reflects trust-monitoring-worker.ts, the real running system for the same role.');[39m
[31m+[39m
[31m+       // --- B. Webhook delivery health ----------------------------------------[39m
[31m+       const [webhookCounts, webhookEndpoints, webhookFailures] = await Promise.all([[39m
[31m+         db.execute(sql`SELECT status, COUNT(*)::int AS count FROM spr_webhook_deliveries WHERE tenant_id=${tenantId} AND created_at::timestamptz > NOW() - INTERVAL '7 days' GROUP BY status`),[39m
[31m+         db.execute(sql`SELECT COUNT(*) FILTER (WHERE active)::int AS "activeCount", COUNT(*) FILTER (WHERE NOT active)::int AS "disabledCount" FROM spr_webhooks WHERE tenant_id=${tenantId}`),[39m
[31m+         db.execute(sql`SELECT d.id, d.webhook_id AS "webhookId", w.url, d.event_type AS "eventType", d.safe_error_code AS "errorCode", d.safe_error_message AS "errorMessage", d.completed_at AS "completedAt" FROM spr_webhook_deliveries d JOIN spr_webhooks w ON w.id=d.webhook_id AND w.tenant_id=d.tenant_id WHERE d.tenant_id=${tenantId} AND d.status IN ('failed','dead_lettered') ORDER BY d.completed_at DESC NULLS LAST LIMIT 10`),[39m
[31m+       ]);[39m
[31m+       notes.push('Webhook failures are grouped by destination endpoint (webhookId/url), not "provider" -- SPR webhooks are user-configured destination URLs, not third-party provider connectors; there is no per-provider concept for outbound deliveries.');[39m
[31m+[39m
[31m+       // --- C. Integration health ----------------------------------------------[39m
[31m+       const [credentialRows, integrationRows] = await Promise.all([[39m
[31m+         db.execute(sql`SELECT provider, status, last_tested_at AS "lastTestedAt" FROM integration_credentials WHERE tenant_id=${tenantId}`),[39m
[31m+         db.execute(sql`SELECT name, connected, last_sync_date AS "lastSyncDate" FROM integrations WHERE tenant_id=${tenantId}`),[39m
[31m+       ]);[39m
[31m+       const credentialByProvider = new Map<string, any>((credentialRows as any).rows?.map((r: any) => [r.provider, r]) ?? []);[39m
[31m+       const integrationByName = new Map<string, any>((integrationRows as any).rows?.map((r: any) => [r.name, r]) ?? []);[39m
[31m+       const integrations = INTEGRATION_CATALOG.map((item) => ({[39m
[31m+         provider: item.provider,[39m
[31m+         name: item.name,[39m
[31m+         connected: Boolean(integrationByName.get(item.name)?.connected),[39m
[31m+         lastSyncDate: integrationByName.get(item.name)?.lastSyncDate ?? null,[39m
[31m+         credentialStatus: credentialByProvider.get(item.provider)?.status ?? 'NOT_CONFIGURED',[39m
[31m+         lastTestedAt: credentialByProvider.get(item.provider)?.lastTestedAt ?? null,[39m
[31m+       }));[39m
[31m+[39m
[31m+       // --- D. Audit chain integrity --------------------------------------------[39m
[31m+       // Reuses the exact function GET /api/auth/audit-chain/verify calls --[39m
[31m+       // no second verifier.[39m
[31m+       const auditChain = await verifyAuditChain(db, tenantId);[39m
[31m+[39m
[31m+       // --- E. Scan / job queue --------------------------------------------------[39m
[31m+       const [runningRepoScans, complianceSchedules] = await Promise.all([[39m
[31m+         db.execute(sql`SELECT id, passport_id AS "passportId", status, progress, updated_at AS "updatedAt" FROM agent_jobs WHERE tenant_id=${tenantId} AND job_type='repository_scan' AND status='Running' ORDER BY updated_at DESC LIMIT 10`),[39m
[31m+         db.execute(sql`SELECT id, client_id AS "clientId", frequency, status, last_audit_at AS "lastAuditAt", next_audit_at AS "nextAuditAt" FROM compliance_schedules WHERE tenant_id=${tenantId} ORDER BY COALESCE(last_audit_at, created_at) DESC LIMIT 10`),[39m
[31m+       ]);[39m
[31m+[39m
[31m+       return res.json({[39m
[31m+         generatedAt: new Date().toISOString(),[39m
[31m+         workers: {[39m
[31m+           osv: {[39m
[31m+             countsByStatus: (osvCounts as any).rows ?? [],[39m
[31m+             staleRunningCount: Number((osvStale as any).rows?.[0]?.count ?? 0),[39m
[31m+             recentFailures: (osvFailures as any).rows ?? [],[39m
[31m+             lastActivityAt: (osvActivity as any).rows?.[0]?.lastActivityAt ?? null,[39m
[31m+           },[39m
[31m+           monitoringWorker: {[39m
[31m+             realSource: 'trust-monitoring-worker.ts (collector_jobs)',[39m
[31m+             countsByState: (monitoringCounts as any).rows ?? [],[39m
[31m+             lastHeartbeatAt: (monitoringHeartbeat as any).rows?.[0]?.lastHeartbeatAt ?? null,[39m
[31m+             recentFailures: (monitoringFailures as any).rows ?? [],[39m
[31m+           },[39m
[31m+         },[39m
[31m+         webhooks: {[39m
[31m+           countsByStatusLast7Days: (webhookCounts as any).rows ?? [],[39m
[31m+           activeEndpoints: Number((webhookEndpoints as any).rows?.[0]?.activeCount ?? 0),[39m
[31m+           disabledEndpoints: Number((webhookEndpoints as any).rows?.[0]?.disabledCount ?? 0),[39m
[31m+           recentFailures: (webhookFailures as any).rows ?? [],[39m
[31m+         },[39m
[31m+         integrations,[39m
[31m+         auditChain,[39m
[31m+         queue: {[39m
[31m+           runningRepositoryScans: (runningRepoScans as any).rows ?? [],[39m
[31m+           recentlyFailedJobs: (osvFailures as any).rows ?? [],[39m
[31m+           complianceSchedules: (complianceSchedules as any).rows ?? [],[39m
[31m+         },[39m
[31m+         notes,[39m
[31m+       });[39m
[31m+     } catch (error) {[39m
[31m+       return next(error);[39m
[31m+     }[39m
[31m+   });[39m
[31m+[39m
[31m+   // Owner-only self-passport retrieval. Absence of evidence is represented as[39m
[31m+   // a 404 instead of a fabricated passport or trust score.[39m
[31m+   router.get('/passports/self-passport', requireAuth, requireRole('Owner'), async (req: AuthenticatedRequest, res, next) => {[39m
[31m+     try {[39m
[31m+       const db = req.db!;[39m
[31m+       const result = await db.execute(sql`[39m
[31m+         SELECT[39m
[31m+           id,[39m
[31m+           name,[39m
[31m+           version,[39m
[31m+           publisher,[39m
[31m+           release_date AS "releaseDate",[39m
[31m+           evidence[39m
[31m+         FROM passports[39m
[31m+         WHERE tenant_id = ${req.user!.tenantId}[39m
[31m+         ORDER BY release_date DESC NULLS LAST, id DESC[39m
[31m+         LIMIT 1[39m
[31m+       `);[39m
[31m+       const row = (result as any).rows?.[0];[39m
[31m+       if (!row) return res.status(404).json({ error: 'Self passport evidence not found', code: 'SELF_PASSPORT_NOT_FOUND' });[39m
[31m+       return res.json({[39m
[31m+         ...row,[39m
[31m+         overallScore: null,[39m
[31m+         healthStatus: 'Not verified',[39m
[31m+         evidence: Array.isArray(row.evidence) ? row.evidence : [],[39m
[31m+       });[39m
[31m+     } catch (error) {[39m
[31m+       return next(error);[39m
[31m+     }[39m
[31m+   });[39m
[31m+[39m
[31m+   // Firebase-authenticated, tenant-scoped reads for the first-party SPA.[39m
[31m+   // These are deliberately separate from /connect/v1, which is API-key based.[39m
[31m+   router.get('/user/clients', requireAuth, async (req: AuthenticatedRequest, res, next) => {[39m
[31m+     try {[39m
[31m+       const db = req.db!;[39m
[31m+       const result = await db.execute(sql`SELECT id, name, domain, industry, trust_score AS "trustScore", risk_level AS "riskLevel", avatar_color AS "avatarColor", subscription_tier AS "subscriptionTier", joined_date AS "joinedDate", team_count AS "teamCount", passport_count AS "passportCount", critical_risks_count AS "criticalRisksCount", compliance_progress AS "complianceProgress", software_inventory AS "softwareInventory", compliance_status AS "complianceStatus", team_members AS "teamMembers", activity_timeline AS "activityTimeline" FROM clients WHERE tenant_id=${req.user!.tenantId} ORDER BY joined_date DESC`);[39m
[31m+       return res.json((result as any).rows || []);[39m
[31m+     } catch (error) {[39m
[31m+       return next(error);[39m
[31m+     }[39m
[31m+   });[39m
[31m+[39m
[31m+   router.get('/user/passports', requireAuth, async (req: AuthenticatedRequest, res, next) => {[39m
[31m+     try {[39m
[31m+       const db = req.db!;[39m
[31m+       const result = await db.execute(sql`SELECT p.id, p.client_id AS "clientId", p.name, p.version, p.publisher, p.category, p.release_date AS "releaseDate", p.license_type AS "licenseType", p.sbom, COALESCE((SELECT json_agg(json_build_object('id', e.id, 'name', e.name, 'type', e.type, 'verified', e.verified, 'status', e.status, 'signer', e.signer, 'timestamp', e.timestamp, 'hash', e.hash, 'engineId', e.engine_id, 'verificationFailureReason', e.verification_failure_reason) ORDER BY e.timestamp DESC) FROM evidence_items e WHERE e.tenant_id=p.tenant_id AND e.asset_id=p.id), '[]'::json) AS evidence, COALESCE((SELECT json_agg(json_build_object('id', f.id, 'findingId', f.id, 'severity', f.severity, 'category', f.category, 'title', f.title, 'description', f.description, 'component', f.component, 'fixedVersion', f.fixed_version, 'status', f.status, 'detectedAt', f.detected_at, 'engineId', f.engine_id) ORDER BY f.detected_at DESC) FROM scan_findings f WHERE f.tenant_id=p.tenant_id AND f.asset_id=p.id), '[]'::json) AS vulnerabilities, p.timeline, NULL AS scores, 'not_authoritatively_scored' AS "scoreStatus" FROM passports p WHERE p.tenant_id=${req.user!.tenantId} ORDER BY p.name ASC`);[39m
[31m+       return res.json((result as any).rows || []);[39m
[31m+     } catch (error) {[39m
[31m+       return next(error);[39m
[31m+     }[39m
[31m+   });[39m
[31m+[39m
[31m+   router.get('/user/extensions', requireAuth, async (req: AuthenticatedRequest, res, next) => {[39m
[31m+     try {[39m
[31m+       const db = req.db!;[39m
[31m+       const result = await db.execute(sql`SELECT extension_id AS "extensionId", installed_at AS "installedAt" FROM extension_installations WHERE tenant_id=${req.user!.tenantId} ORDER BY installed_at DESC`);[39m
[31m+       return res.json((result as any).rows || []);[39m
[31m+     } catch (error) {[39m
[31m+       return next(error);[39m
[31m+     }[39m
[31m+   });[39m
[31m+[39m
[31m+   router.post('/user/extensions/:extensionId', requireAuth, requireRole(['Owner', 'Admin', 'Operator']), async (req: AuthenticatedRequest, res, next) => {[39m
[31m+     try {[39m
[31m+       const extensionId = String(req.params.extensionId || '').trim();[39m
[31m+       if (!/^[A-Za-z0-9_.-]{1,120}$/.test(extensionId)) return res.status(400).json({ error: 'Invalid extension id' });[39m
[31m+       const db = req.db!;[39m
[31m+       const result = await db.execute(sql`INSERT INTO extension_installations (tenant_id, extension_id, installed_at) VALUES (${req.user!.tenantId}, ${extensionId}, NOW()) ON CONFLICT (tenant_id, extension_id) DO UPDATE SET installed_at=NOW() RETURNING extension_id AS "extensionId", installed_at AS "installedAt"`);[39m
[31m+       return res.status(201).json((result as any).rows?.[0]);[39m
[31m+     } catch (error) {[39m
[31m+       return next(error);[39m
[31m+     }[39m
[31m+   });[39m
[31m+[39m
[31m+   router.delete('/user/extensions/:extensionId', requireAuth, requireRole(['Owner', 'Admin', 'Operator']), async (req: AuthenticatedRequest, res, next) => {[39m
[31m+     try {[39m
[31m+       const db = req.db!;[39m
[31m+       const extensionId = String(req.params.extensionId || '').trim();[39m
[31m+       const result = await db.execute(sql`DELETE FROM extension_installations WHERE tenant_id=${req.user!.tenantId} AND extension_id=${extensionId} RETURNING extension_id`);[39m
[31m+       if (!((result as any).rows?.length)) return res.status(404).json({ error: 'Extension installation not found' });[39m
[31m+       return res.status(204).send();[39m
[31m+     } catch (error) {[39m
[31m+       return next(error);[39m
[31m+     }[39m
[31m+   });[39m
[31m+[39m
[31m+   router.get('/auth/verify-status', requireAuth, async (req: AuthenticatedRequest, res) => {[39m
[31m+     return res.json({ verified: req.user!.emailVerified, emailVerified: req.user!.emailVerified });[39m
[31m+   });[39m
[31m+[39m
[31m+[39m
[31m+[39m
[31m+   router.get('/user/passports/:id/verification', requireAuth, async (req: AuthenticatedRequest, res, next) => {[39m
[31m+     try {[39m
[31m+       const db = req.db!;[39m
[31m+       const tenantId = req.user!.tenantId;[39m
[31m+       const clientScope = req.user!.role === 'Client' ? (req.user as any).clientId : null;[39m
[31m+       const passportResult = await db.execute(sql`SELECT id, version, evidence, client_id AS "clientId" FROM passports WHERE id=${req.params.id} AND tenant_id=${tenantId} AND (${clientScope} IS NULL OR client_id=${clientScope}) LIMIT 1`) as any;[39m
[31m+       const passport = passportResult.rows?.[0];[39m
[31m+       if (!passport) return res.status(404).json({ error: 'Passport not found' });[39m
[31m+       const findingResult = await db.execute(sql`SELECT id, passport_id AS "passportId", evidence_ids, status FROM trust_findings WHERE tenant_id=${tenantId} AND passport_id=${passport.id}`) as any;[39m
[31m+       const parseJson = (value: unknown): unknown[] => { try { const parsed = JSON.parse(String(value ?? '')); return Array.isArray(parsed) ? parsed : []; } catch { return []; } };[39m
[31m+       const openFindingEvidenceIds = (findingResult.rows ?? []).filter((row: any) => !['resolved','closed','verified'].includes(String(row.status || '').toLowerCase())).flatMap((row: any) => parseJson(row.evidence_ids)).filter((id: any): id is string => typeof id === 'string');[39m
[31m+       const adapted = adaptEvidenceForEvaluation({ evidence: parseJson(passport.evidence) as any[], passportVersion: passport.version, openFindingEvidenceIds });[39m
[31m+       const evaluatedAt = Date.now();[39m
[31m+       const decision = evaluateVerification({ evidence: adapted.evidence, evaluatedAt, targetIdentity: adapted.targetIdentity });[39m
[31m+       res.setHeader('Cache-Control', 'private, max-age=0, no-store');[39m
[31m+       return res.json({ decision, observations: decision.observationCount, independentSources: decision.independentSourceCount });[39m
[31m+     } catch (error) { return next(error); }[39m
[31m+   });[39m
[31m+[39m
[31m+   router.get('/user/verification', requireAuth, async (req: AuthenticatedRequest, res, next) => {[39m
[31m+     try {[39m
[31m+       const db = req.db!;[39m
[31m+       const tenantId = req.user!.tenantId;[39m
[31m+       const clientScope = req.user!.role === 'Client' ? (req.user as any).clientId : null;[39m
[31m+       const passportRows = (await db.execute(sql`SELECT id, version, evidence, client_id AS "clientId" FROM passports WHERE tenant_id=${tenantId} AND (${clientScope} IS NULL OR client_id=${clientScope}) ORDER BY id`) as any).rows ?? [];[39m
[31m+       const passportIds = passportRows.map((row: any) => String(row.id));[39m
[31m+       const parseJson = (value: unknown): unknown[] => { try { const parsed = JSON.parse(String(value ?? '')); return Array.isArray(parsed) ? parsed : []; } catch { return []; } };[39m
[31m+       // Drizzle's proven one-query binding shape for the passport findings is[39m
[31m+       // `asset_id IN ${passportIds}`; do not replace this with ANY(array).[39m
[31m+       const findingRows = passportIds.length ? ((await db.execute(sql`SELECT id, passport_id AS "passportId", evidence_ids, status FROM trust_findings WHERE tenant_id=${tenantId} AND passport_id IN ${passportIds}`) as any).rows ?? []) : [];[39m
[31m+       const evidenceByPassport = new Map<string, any[]>();[39m
[31m+       for (const passport of passportRows) evidenceByPassport.set(String(passport.id), parseJson(passport.evidence) as any[]);[39m
[31m+       const evaluatedAt = Date.now();[39m
[31m+       const verificationDecisions: Record<string, VerificationDecision> = {};[39m
[31m+       const verificationDetails: Record<string, unknown> = {};[39m
[31m+       for (const passport of passportRows) {[39m
[31m+         const findings = findingRows.filter((row: any) => String(row.passportId) === String(passport.id));[39m
[31m+         const openFindingEvidenceIds = findings.filter((row: any) => !['resolved','closed','verified'].includes(String(row.status || '').toLowerCase())).flatMap((row: any) => parseJson(row.evidence_ids)).filter((id: any): id is string => typeof id === 'string');[39m
[31m+         const adapted = adaptEvidenceForEvaluation({ evidence: evidenceByPassport.get(String(passport.id)) ?? [], passportVersion: passport.version, openFindingEvidenceIds });[39m
[31m+         const decision = evaluateVerification({ evidence: adapted.evidence, evaluatedAt, targetIdentity: adapted.targetIdentity });[39m
[31m+         verificationDecisions[String(passport.id)] = decision;[39m
[31m+         verificationDetails[String(passport.id)] = { unmappedCount: adapted.unmappedCount, undatedCount: adapted.undatedCount, observations: decision.observationCount, independentSources: decision.independentSourceCount };[39m
[31m+       }[39m
[31m+       res.setHeader('Cache-Control', 'private, max-age=0, no-store');[39m
[31m+       return res.json({ verificationDecisions, verificationDetails });[39m
[31m+     } catch (error) { return next(error); }[39m
[31m+   });[39m
[31m+[39m
[31m+   return router;[39m
[31m+ }[39m
[31m+[39m

[36m [2m❯[22m tests/client-creation-contract.test.ts:[2m64:26[22m[39m
    [90m 62| [39m
    [90m 63| [39m  [34mit[39m([32m'GET /user/passports applies the same client scoping'[39m[33m,[39m () [33m=>[39m {
    [90m 64| [39m    expect(authSource()).toContain('AND (${clientScope}::text IS NULL …
    [90m   | [39m                         [31m^[39m
    [90m 65| [39m  })[33m;[39m
    [90m 66| [39m

[31m[2m⎯⎯⎯⎯⎯⎯⎯⎯⎯⎯⎯⎯⎯⎯⎯⎯⎯⎯⎯⎯⎯[14/141]⎯[22m[39m

[41m[1m FAIL [22m[49m tests/client-creation-contract.test.ts[2m > [22mclient-level data isolation for the Client role[2m > [22mGET /trust-loop/findings applies the same client scoping
[31m[1mAssertionError[22m: expected 'import { Router } from \'express\';\n…' to contain 'AND (${clientScope}::text IS NULL OR …'[39m

[32m- Expected[39m
[31m+ Received[39m

[32m- AND (${clientScope}::text IS NULL OR f.client_id = ${clientScope})[39m
[31m+ import { Router } from 'express';[39m
[31m+ import { sql } from 'drizzle-orm';[39m
[31m+ import crypto from 'node:crypto';[39m
[31m+ import { z } from 'zod';[39m
[31m+ import { AuthenticatedRequest } from '../middleware/security.ts';[39m
[31m+ import { decryptCredentials } from '../integrations/credential-vault.ts';[39m
[31m+ import { collectDeepProviderEvidence } from '../integrations/deep-collectors.ts';[39m
[31m+ import { collectGitHubDeepEvidence } from '../integrations/github-deep.ts';[39m
[31m+ import { persistTrustLoop, verifyRemediation } from '../trust/trust-loop.ts';[39m
[31m+[39m
[31m+ const collectSchema = z.object({ passportId: z.string().trim().min(1).max(255), provider: z.string().trim().min(1).max(64) }).strict();[39m
[31m+ const remediationSchema = z.object({[39m
[31m+   findingId: z.string().trim().min(1),[39m
[31m+   title: z.string().trim().min(1).max(255),[39m
[31m+   description: z.string().max(4000).optional(),[39m
[31m+   assigneeId: z.string().max(255).optional(),[39m
[31m+   assigneeDisplay: z.string().max(255).optional(),[39m
[31m+   externalSystem: z.string().trim().min(1).max(64).default('SPR'),[39m
[31m+   externalTicketId: z.string().max(255).optional(),[39m
[31m+   slaDueAt: z.string().datetime().optional(),[39m
[31m+   priority: z.enum(['LOW', 'MEDIUM', 'HIGH', 'CRITICAL']).default('HIGH'),[39m
[31m+ }).strict();[39m
[31m+ const remediationUpdateSchema = z.object({ status: z.enum(['OPEN', 'IN_PROGRESS', 'BLOCKED', 'READY_FOR_VERIFICATION', 'VERIFIED', 'CLOSED', 'CANCELLED']), ownerId: z.string().max(255).optional(), ownerDisplay: z.string().max(255).optional(), slaDueAt: z.string().datetime().nullable().optional() }).strict();[39m
[31m+ const verifySchema = z.object({ findingId: z.string().trim().min(1), observationIds: z.array(z.string().min(1)).max(50), evidenceIds: z.array(z.string().min(1)).max(200) }).strict();[39m
[31m+ const reportTypes = z.enum(['executive', 'technical', 'msp', 'customer', 'compliance', 'vendor', 'auditor', 'evidence-ledger']);[39m
[31m+ function id(prefix: string) { return `${prefix}_${crypto.randomUUID().replaceAll('-', '')}`; }[39m
[31m+ function parseJson(value: unknown, fallback: unknown = []) { try { return value ? JSON.parse(String(value)) : fallback; } catch { return fallback; } }[39m
[31m+[39m
[31m+ const SEVERITY_ORDER = ['critical', 'high', 'medium', 'low'];[39m
[31m+[39m
[31m+ export type ReportPassportRow = {[39m
[31m+   overall_score: number | null;[39m
[31m+   security_score: number | null;[39m
[31m+   compliance_score: number | null;[39m
[31m+   verification_status: string | null;[39m
[31m+   confidence_score: number | null;[39m
[31m+   evidence_completeness: number | null;[39m
[31m+ };[39m
[31m+[39m
[31m+ export function deriveReportRiskFields(passport: ReportPassportRow) {[39m
[31m+   const verificationStatus = passport.verification_status || 'unverified';[39m
[31m+   const isMeasured = verificationStatus !== 'unverified';[39m
[31m+   return {[39m
[31m+     canonicalScore: isMeasured ? passport.overall_score : null,[39m
[31m+     verificationStatus,[39m
[31m+     confidenceBasisPoints: isMeasured && passport.confidence_score != null ? Math.round(passport.confidence_score * 100) : null,[39m
[31m+     completenessBasisPoints: isMeasured && passport.evidence_completeness != null ? Math.round(passport.evidence_completeness * 100) : null,[39m
[31m+   };[39m
[31m+ }[39m
[31m+[39m
[31m+ function buildReportTypeExtras(reportType: string, passport: any, findings: any[]) {[39m
[31m+   if (reportType === 'sbom') {[39m
[31m+     const components = parseJson(passport.sbom, []) as any[];[39m
[31m+     const vulnerabilities = parseJson(passport.vulnerabilities, []) as any[];[39m
[31m+     const sbom = components.map((component) => {[39m
[31m+       const name = component?.name || component?.packageName || component?.component;[39m
[31m+       const matched = vulnerabilities.filter((vuln) => (vuln?.component || vuln?.packageName || vuln?.package) === name);[39m
[31m+       return { ...component, vulnerabilityCount: matched.length, criticalOrHighCount: matched.filter((vuln) => SEVERITY_ORDER.slice(0, 2).includes(String(vuln?.severity || '').toLowerCase())).length };[39m
[31m+     });[39m
[31m+     return { sbom };[39m
[31m+   }[39m
[31m+   if (reportType === 'compliance') {[39m
[31m+     const byControl = new Map<string, { controlId: string; findingCount: number; openCount: number; worstSeverity: string; findingIds: string[] }>();[39m
[31m+     for (const finding of findings) {[39m
[31m+       const controlId = finding.control_id || 'unmapped';[39m
[31m+       const entry = byControl.get(controlId) || { controlId, findingCount: 0, openCount: 0, worstSeverity: 'low', findingIds: [] as string[] };[39m
[31m+       entry.findingCount += 1;[39m
[31m+       entry.findingIds.push(finding.id);[39m
[31m+       if (!['resolved', 'closed', 'verified'].includes(String(finding.status || '').toLowerCase())) entry.openCount += 1;[39m
[31m+       const severity = String(finding.severity || '').toLowerCase();[39m
[31m+       if (SEVERITY_ORDER.includes(severity) && SEVERITY_ORDER.indexOf(severity) < SEVERITY_ORDER.indexOf(entry.worstSeverity)) entry.worstSeverity = severity;[39m
[31m+       byControl.set(controlId, entry);[39m
[31m+     }[39m
[31m+     return { controls: [...byControl.values()] };[39m
[31m+   }[39m
[31m+   return {};[39m
[31m+ }[39m
[31m+[39m
[31m+ export function createTrustLoopRouter() {[39m
[31m+   const router = Router();[39m
[31m+[39m
[31m+   router.post('/collect', async (req: AuthenticatedRequest, res, next) => {[39m
[31m+     const parsed = collectSchema.safeParse(req.body);[39m
[31m+     if (!parsed.success) return res.status(400).json({ error: 'INVALID_PAYLOAD', details: parsed.error.flatten() });[39m
[31m+     const { passportId, provider } = parsed.data;[39m
[31m+     const tenantId = req.user!.tenantId;[39m
[31m+     const runId = id('collect');[39m
[31m+     const startedAt = new Date().toISOString();[39m
[31m+     const db = req.db!;[39m
[31m+     try {[39m
[31m+       const passport = (await db.execute(sql`SELECT id,client_id FROM passports WHERE id=${passportId} AND tenant_id=${tenantId} LIMIT 1`) as any).rows?.[0];[39m
[31m+       if (!passport) return res.status(404).json({ error: 'PASSPORT_NOT_FOUND' });[39m
[31m+       const stored = (await db.execute(sql`SELECT encrypted_payload FROM integration_credentials WHERE tenant_id=${tenantId} AND provider=${provider} LIMIT 1`) as any).rows?.[0];[39m
[31m+       if (!stored?.encrypted_payload) return res.status(409).json({ error: 'CREDENTIAL_NOT_CONFIGURED' });[39m
[31m+[39m
[31m+       await db.execute(sql`INSERT INTO trust_collection_runs (id,tenant_id,passport_id,provider,started_at,status,idempotency_key,created_at) VALUES (${runId},${tenantId},${passportId},${provider},${startedAt},'RUNNING',${`${tenantId}:${passportId}:${provider}:${startedAt}`},${startedAt})`);[39m
[31m+       const credentials = decryptCredentials(stored.encrypted_payload) as Record<string, string>;[39m
[31m+       const observations = provider === 'github' ? await collectGitHubDeepEvidence(credentials) : await collectDeepProviderEvidence(provider as any, credentials);[39m
[31m+       const result = await persistTrustLoop({ tenantId, passportId, clientId: passport.client_id || passport.id, assetId: passport.id, observations, generationReason: 'provider_collection', actorType: 'worker', collectorVersionMap: { [provider]: 'deep-v2' } });[39m
[31m+       const completedAt = new Date().toISOString();[39m
[31m+       await db.execute(sql`UPDATE trust_collection_runs SET completed_at=${completedAt},status='SUCCEEDED',observation_count=${observations.length},evidence_count=${result.evidenceIds.length},failure_count=${observations.filter((o) => o.status === 'FAIL').length},collector_version='deep-v2' WHERE id=${runId} AND tenant_id=${tenantId}`);[39m
[31m+       await db.execute(sql`INSERT INTO trust_monitoring_state (id,tenant_id,passport_id,provider,next_run_at,last_run_at,last_success_at,last_evidence_hash,consecutive_failures,status,updated_at) VALUES (${id('monitor')},${tenantId},${passportId},${provider},${new Date(Date.now()+3600000).toISOString()},${completedAt},${completedAt},${result.payloadHash},0,'HEALTHY',${completedAt}) ON CONFLICT (tenant_id,passport_id,provider) DO UPDATE SET next_run_at=EXCLUDED.next_run_at,last_run_at=EXCLUDED.last_run_at,last_success_at=EXCLUDED.last_success_at,last_evidence_hash=EXCLUDED.last_evidence_hash,consecutive_failures=0,status='HEALTHY',updated_at=EXCLUDED.updated_at`);[39m
[31m+       return res.json({ runId, provider, observationCount: observations.length, ...result });[39m
[31m+     } catch (error) {[39m
[31m+       const completedAt = new Date().toISOString();[39m
[31m+       await db.execute(sql`UPDATE trust_collection_runs SET completed_at=${completedAt},status='FAILED',error_code='COLLECTION_FAILED',error_message=${error instanceof Error ? error.message.slice(0,1000) : 'COLLECTION_FAILED'} WHERE id=${runId} AND tenant_id=${tenantId}`).catch(() => undefined);[39m
[31m+       await db.execute(sql`UPDATE trust_monitoring_state SET last_run_at=${completedAt},last_failure_at=${completedAt},consecutive_failures=consecutive_failures+1,status=CASE WHEN consecutive_failures+1 >= 5 THEN 'FAILED' ELSE 'DEGRADED' END,updated_at=${completedAt} WHERE tenant_id=${tenantId} AND passport_id=${passportId} AND provider=${provider}`).catch(() => undefined);[39m
[31m+       return next(error);[39m
[31m+     }[39m
[31m+   });[39m
[31m+[39m
[31m+   const findingsWithRemediationSelect = sql`[39m
[31m+     SELECT f.*, r.id AS remediation_id, r.status AS remediation_status, r.owner_id AS remediation_owner_id,[39m
[31m+            r.owner_display AS remediation_owner_display, r.sla_due_at AS remediation_sla_due_at, r.updated_at AS remediation_updated_at[39m
[31m+     FROM trust_findings f[39m
[31m+     LEFT JOIN LATERAL ([39m
[31m+       SELECT * FROM trust_remediation_work_items w[39m
[31m+       WHERE w.tenant_id = f.tenant_id AND w.finding_id = f.id[39m
[31m+       ORDER BY w.created_at DESC LIMIT 1[39m
[31m+     ) r ON true[39m
[31m+   `;[39m
[31m+   router.get('/findings', async (req: AuthenticatedRequest, res, next) => {[39m
[31m+     try {[39m
[31m+       const db = req.db!;[39m
[31m+       const tenantId = req.user!.tenantId;[39m
[31m+       const passportId = typeof req.query.passportId === 'string' ? req.query.passportId : null;[39m
[31m+       const rows = passportId[39m
[31m+         ? await db.execute(sql`${findingsWithRemediationSelect} WHERE f.tenant_id=${tenantId} AND f.passport_id=${passportId} ORDER BY CASE f.severity WHEN 'critical' THEN 1 WHEN 'high' THEN 2 WHEN 'medium' THEN 3 WHEN 'low' THEN 4 ELSE 5 END,f.updated_at DESC`)[39m
[31m+         : await db.execute(sql`${findingsWithRemediationSelect} WHERE f.tenant_id=${tenantId} ORDER BY f.updated_at DESC`);[39m
[31m+       return res.json({ findings: (rows as any).rows || [] });[39m
[31m+     } catch (error) { return next(error); }[39m
[31m+   });[39m
[31m+[39m
[31m+   router.post('/remediations', async (req: AuthenticatedRequest, res, next) => {[39m
[31m+     const parsed = remediationSchema.safeParse(req.body);[39m
[31m+     if (!parsed.success) return res.status(400).json({ error: 'INVALID_PAYLOAD', details: parsed.error.flatten() });[39m
[31m+     try {[39m
[31m+       const db = req.db!;[39m
[31m+       const p = parsed.data;[39m
[31m+       const tenantId = req.user!.tenantId;[39m
[31m+       const finding = (await db.execute(sql`SELECT id,client_id,passport_id,title,description FROM trust_findings WHERE id=${p.findingId} AND tenant_id=${tenantId} LIMIT 1`) as any).rows?.[0];[39m
[31m+       if (!finding) return res.status(404).json({ error: 'FINDING_NOT_FOUND' });[39m
[31m+       const now = new Date().toISOString();[39m
[31m+       const workId = id('remed');[39m
[31m+       await db.execute(sql`INSERT INTO trust_remediation_work_items (id,tenant_id,passport_id,finding_id,external_system,external_ticket_id,owner_id,owner_display,sla_due_at,status,remediation_plan,created_at,updated_at) VALUES (${workId},${tenantId},${finding.passport_id},${finding.id},${p.externalSystem},${p.externalTicketId ?? null},${p.assigneeId ?? null},${p.assigneeDisplay ?? null},${p.slaDueAt ?? null},'OPEN',${p.description || finding.description},${now},${now})`);[39m
[31m+       await db.execute(sql`INSERT INTO remediation_tasks (id,tenant_id,client_id,alert_id,title,description,priority,status,assignee_id,created_by,created_at,updated_at) VALUES (${workId},${tenantId},${finding.client_id},${finding.id},${p.title},${p.description || finding.description},${p.priority},'OPEN',${p.assigneeId ?? null},${req.user!.uid},${now},${now})`);[39m
[31m+       const created = (await db.execute(sql`SELECT * FROM trust_remediation_work_items WHERE id=${workId} AND tenant_id=${tenantId} LIMIT 1`) as any).rows?.[0];[39m
[31m+       return res.status(201).json({ ...created, title: p.title });[39m
[31m+     } catch (error) { return next(error); }[39m
[31m+   });[39m
[31m+[39m
[31m+   router.get('/remediations/:id', async (req: AuthenticatedRequest, res, next) => {[39m
[31m+     try {[39m
[31m+       const db = req.db!;[39m
[31m+       const tenantId = req.user!.tenantId;[39m
[31m+       const row = (await db.execute(sql`SELECT w.*, f.title AS finding_title FROM trust_remediation_work_items w JOIN trust_findings f ON f.id = w.finding_id AND f.tenant_id = w.tenant_id WHERE w.id=${req.params.id} AND w.tenant_id=${tenantId} LIMIT 1`) as any).rows?.[0];[39m
[31m+       if (!row) return res.status(404).json({ error: 'REMEDIATION_NOT_FOUND' });[39m
[31m+       return res.json({ ...row, title: row.finding_title });[39m
[31m+     } catch (error) { return next(error); }[39m
[31m+   });[39m
[31m+[39m
[31m+   router.post('/remediations/:id/verify-latest', async (req: AuthenticatedRequest, res, next) => {[39m
[31m+     try {[39m
[31m+       const db = req.db!;[39m
[31m+       const tenantId = req.user!.tenantId;[39m
[31m+       const work = (await db.execute(sql`SELECT id,finding_id,passport_id FROM trust_remediation_work_items WHERE id=${req.params.id} AND tenant_id=${tenantId} LIMIT 1`) as any).rows?.[0];[39m
[31m+       if (!work) return res.status(404).json({ error: 'REMEDIATION_NOT_FOUND' });[39m
[31m+       const latestObservation = (await db.execute(sql`SELECT id,evidence_ids FROM trust_observations WHERE tenant_id=${tenantId} AND passport_id=${work.passport_id} ORDER BY observation_version DESC LIMIT 1`) as any).rows?.[0];[39m
[31m+       if (!latestObservation) return res.status(409).json({ error: 'NO_OBSERVATION_ON_FILE', message: 'SPR has no recorded observation for this software yet. Collect evidence before verifying.' });[39m
[31m+       const evidenceIds: string[] = parseJson(latestObservation.evidence_ids, []) as string[];[39m
[31m+       const result = await verifyRemediation({ tenantId, findingId: work.finding_id, observationIds: [latestObservation.id], evidenceIds, actorId: req.user!.uid });[39m
[31m+       const now = new Date().toISOString();[39m
[31m+       await db.execute(sql`UPDATE trust_remediation_work_items SET status='VERIFIED',updated_at=${now},closed_at=${now} WHERE id=${work.id} AND tenant_id=${tenantId}`);[39m
[31m+       const row = (await db.execute(sql`SELECT * FROM trust_remediation_work_items WHERE id=${work.id} AND tenant_id=${tenantId} LIMIT 1`) as any).rows?.[0];[39m
[31m+       return res.json({ ...row, verification: result });[39m
[31m+     } catch (error: any) {[39m
[31m+       const message = error instanceof Error ? error.message : String(error);[39m
[31m+       if (/^VERIFICATION_|^FINDING_NOT_FOUND$/.test(message)) return res.status(409).json({ error: message });[39m
[31m+       return next(error);[39m
[31m+     }[39m
[31m+   });[39m
[31m+[39m
[31m+   router.patch('/remediations/:id', async (req: AuthenticatedRequest, res, next) => {[39m
[31m+     const parsed = remediationUpdateSchema.safeParse(req.body);[39m
[31m+     if (!parsed.success) return res.status(400).json({ error: 'INVALID_PAYLOAD', details: parsed.error.flatten() });[39m
[31m+     try {[39m
[31m+       const db = req.db!;[39m
[31m+       const tenantId = req.user!.tenantId;[39m
[31m+       const p = parsed.data;[39m
[31m+       const now = new Date().toISOString();[39m
[31m+       const rows = await db.execute(sql`UPDATE trust_remediation_work_items SET status=${p.status},owner_id=COALESCE(${p.ownerId ?? null},owner_id),owner_display=COALESCE(${p.ownerDisplay ?? null},owner_display),sla_due_at=CASE WHEN ${p.slaDueAt === undefined} THEN sla_due_at ELSE ${p.slaDueAt} END,updated_at=${now},closed_at=CASE WHEN ${p.status} IN ('CLOSED','VERIFIED') THEN ${now} ELSE closed_at END WHERE id=${req.params.id} AND tenant_id=${tenantId} RETURNING *`);[39m
[31m+       const row = (rows as any).rows?.[0];[39m
[31m+       if (!row) return res.status(404).json({ error: 'REMEDIATION_NOT_FOUND' });[39m
[31m+       return res.json(row);[39m
[31m+     } catch (error) { return next(error); }[39m
[31m+   });[39m
[31m+[39m
[31m+   router.post('/verify', async (req: AuthenticatedRequest, res, next) => {[39m
[31m+     const parsed = verifySchema.safeParse(req.body);[39m
[31m+     if (!parsed.success) return res.status(400).json({ error: 'INVALID_PAYLOAD', details: parsed.error.flatten() });[39m
[31m+     try {[39m
[31m+       const db = req.db!;[39m
[31m+       const result = await verifyRemediation({ ...parsed.data, tenantId: req.user!.tenantId, actorId: req.user!.uid });[39m
[31m+       await db.execute(sql`UPDATE trust_remediation_work_items SET status='VERIFIED',updated_at=${new Date().toISOString()},closed_at=${new Date().toISOString()} WHERE tenant_id=${req.user!.tenantId} AND finding_id=${parsed.data.findingId}`);[39m
[31m+       return res.json(result);[39m
[31m+     } catch (error) { return next(error); }[39m
[31m+   });[39m
[31m+[39m
[31m+   router.get('/monitoring', async (req: AuthenticatedRequest, res, next) => {[39m
[31m+     try {[39m
[31m+       const db = req.db!;[39m
[31m+       const tenantId = req.user!.tenantId;[39m
[31m+       const passportId = typeof req.query.passportId === 'string' ? req.query.passportId : null;[39m
[31m+       const rows = passportId ? await db.execute(sql`SELECT * FROM trust_monitoring_state WHERE tenant_id=${tenantId} AND passport_id=${passportId} ORDER BY provider`) : await db.execute(sql`SELECT * FROM trust_monitoring_state WHERE tenant_id=${tenantId} ORDER BY passport_id,provider`);[39m
[31m+       const alerts = passportId ? await db.execute(sql`SELECT * FROM trust_alerts WHERE tenant_id=${tenantId} AND passport_id=${passportId} ORDER BY created_at DESC`) : await db.execute(sql`SELECT * FROM trust_alerts WHERE tenant_id=${tenantId} ORDER BY created_at DESC`);[39m
[31m+       return res.json({ monitoring: (rows as any).rows || [], alerts: (alerts as any).rows || [] });[39m
[31m+     } catch (error) { return next(error); }[39m
[31m+   });[39m
[31m+[39m
[31m+   router.get('/ledger/:passportId', async (req: AuthenticatedRequest, res, next) => {[39m
[31m+     try {[39m
[31m+       const db = req.db!;[39m
[31m+       const tenantId = req.user!.tenantId;[39m
[31m+       const passportId = req.params.passportId;[39m
[31m+       const scope = await db.execute(sql`SELECT id FROM passports WHERE id=${passportId} AND tenant_id=${tenantId} LIMIT 1`);[39m
[31m+       if (!(scope as any).rows?.length) return res.status(404).json({ error: 'PASSPORT_NOT_FOUND' });[39m
[31m+       const observations = await db.execute(sql`SELECT id,observation_version,generated_at,previous_observation_id,evidence_ids,finding_ids,canonical_payload_hash,completeness_basis_points,open_finding_count,unknown_dimension_count FROM trust_observations WHERE tenant_id=${tenantId} AND passport_id=${passportId} ORDER BY observation_version DESC`);[39m
[31m+       const evidence = await db.execute(sql`SELECT id,provider,control_id,subject,source_url,observed_at,verification_method,status,severity,evidence_hash,limitation FROM evidence_ledger WHERE tenant_id=${tenantId} AND passport_id=${passportId} ORDER BY observed_at DESC`);[39m
[31m+       const findings = await db.execute(sql`SELECT id,control_id,title,severity,status,evidence_ids,fingerprint,updated_at,resolved_at FROM trust_findings WHERE tenant_id=${tenantId} AND passport_id=${passportId} ORDER BY updated_at DESC`);[39m
[31m+       const remediation = await db.execute(sql`SELECT * FROM trust_remediation_work_items WHERE tenant_id=${tenantId} AND passport_id=${passportId} ORDER BY updated_at DESC`);[39m
[31m+       const verification = await db.execute(sql`SELECT * FROM remediation_verification_ledger WHERE tenant_id=${tenantId} AND finding_id IN (SELECT id FROM trust_findings WHERE tenant_id=${tenantId} AND passport_id=${passportId}) ORDER BY created_at DESC`);[39m
[31m+       return res.json({ observations: (observations as any).rows || [], findings: (findings as any).rows || [], evidence: (evidence as any).rows || [], remediation: (remediation as any).rows || [], verification: (verification as any).rows || [], trace: 'Report -> Passport -> Risk -> Finding -> Observation -> Provider -> Source -> Timestamp -> Hash' });[39m
[31m+     } catch (error) { return next(error); }[39m
[31m+   });[39m
[31m+[39m
[31m+   router.get('/reports/:passportId/history', async (req: AuthenticatedRequest, res, next) => {[39m
[31m+     try {[39m
[31m+       const db = req.db!;[39m
[31m+       const tenantId = req.user!.tenantId;[39m
[31m+       const passportId = req.params.passportId;[39m
[31m+       const typeFilter = typeof req.query.type === 'string' ? reportTypes.safeParse(req.query.type) : null;[39m
[31m+       if (typeFilter && !typeFilter.success) return res.status(400).json({ error: 'INVALID_REPORT_TYPE' });[39m
[31m+       const rows = typeFilter?.success[39m
[31m+         ? await db.execute(sql`SELECT id,report_type,generated_at,score,confidence_basis_points,completeness_basis_points,canonical_payload_hash FROM trust_report_snapshots WHERE tenant_id=${tenantId} AND passport_id=${passportId} AND report_type=${typeFilter.data} ORDER BY generated_at DESC LIMIT 50`)[39m
[31m+         : await db.execute(sql`SELECT id,report_type,generated_at,score,confidence_basis_points,completeness_basis_points,canonical_payload_hash FROM trust_report_snapshots WHERE tenant_id=${tenantId} AND passport_id=${passportId} ORDER BY generated_at DESC LIMIT 50`);[39m
[31m+       return res.json({ snapshots: (rows as any).rows || [] });[39m
[31m+     } catch (error) { return next(error); }[39m
[31m+   });[39m
[31m+[39m
[31m+   router.get('/reports/:passportId/history/:snapshotId', async (req: AuthenticatedRequest, res, next) => {[39m
[31m+     try {[39m
[31m+       const db = req.db!;[39m
[31m+       const tenantId = req.user!.tenantId;[39m
[31m+       const row = (await db.execute(sql`SELECT payload,canonical_payload_hash,generated_at,report_type FROM trust_report_snapshots WHERE id=${req.params.snapshotId} AND tenant_id=${tenantId} AND passport_id=${req.params.passportId} LIMIT 1`) as any).rows?.[0];[39m
[31m+       if (!row) return res.status(404).json({ error: 'REPORT_SNAPSHOT_NOT_FOUND' });[39m
[31m+       const payload = parseJson(row.payload, {});[39m
[31m+       return res.json({ ...(payload as object), reportHash: row.canonical_payload_hash });[39m
[31m+     } catch (error) { return next(error); }[39m
[31m+   });[39m
[31m+[39m
[31m+   router.get('/reports/:passportId', async (req: AuthenticatedRequest, res, next) => {[39m
[31m+     try {[39m
[31m+       const parsed = reportTypes.safeParse(req.query.type || 'executive');[39m
[31m+       if (!parsed.success) return res.status(400).json({ error: 'INVALID_REPORT_TYPE' });[39m
[31m+       const report = await buildAndPersistReport(req.db!, req.user!.tenantId, String(req.params.passportId), parsed.data);[39m
[31m+       if (!report) return res.status(404).json({ error: 'PASSPORT_NOT_FOUND' });[39m
[31m+       return res.json(report);[39m
[31m+     } catch (error) { return next(error); }[39m
[31m+   });[39m
[31m+[39m
[31m+   return router;[39m
[31m+ }[39m
[31m+[39m
[31m+ export async function buildAndPersistReport(db: any, tenantId: string, passportId: string, reportType: string) {[39m
[31m+   const passport = (await db.execute(sql`SELECT id,name,overall_score,security_score,compliance_score,verification_status,confidence_score,evidence_completeness,sbom,evidence,vulnerabilities,timeline FROM passports WHERE id=${passportId} AND tenant_id=${tenantId} LIMIT 1`) as any).rows?.[0];[39m
[31m+   if (!passport) return null;[39m
[31m+   const findings = (await db.execute(sql`SELECT id,control_id,title,severity,status,description,remediation,evidence_ids,updated_at,resolved_at FROM trust_findings WHERE tenant_id=${tenantId} AND passport_id=${passportId} ORDER BY CASE severity WHEN 'critical' THEN 1 WHEN 'high' THEN 2 WHEN 'medium' THEN 3 WHEN 'low' THEN 4 ELSE 5 END,updated_at DESC`) as any).rows || [];[39m
[31m+   const evidence = (await db.execute(sql`SELECT id,provider,control_id,subject,source_url,observed_at,verification_method,status,severity,evidence_hash,limitation FROM evidence_ledger WHERE tenant_id=${tenantId} AND passport_id=${passportId} ORDER BY observed_at DESC`) as any).rows || [];[39m
[31m+   const observations = (await db.execute(sql`SELECT id,observation_version,generated_at,previous_observation_id,evidence_ids,finding_ids,canonical_payload_hash,completeness_basis_points,confidence_basis_points,open_finding_count,unknown_dimension_count FROM trust_observations WHERE tenant_id=${tenantId} AND passport_id=${passportId} ORDER BY observation_version DESC`) as any).rows || [];[39m
[31m+   const remediation = (await db.execute(sql`SELECT * FROM trust_remediation_work_items WHERE tenant_id=${tenantId} AND passport_id=${passportId} ORDER BY updated_at DESC`) as any).rows || [];[39m
[31m+   const verification = (await db.execute(sql`SELECT * FROM remediation_verification_ledger WHERE tenant_id=${tenantId} AND finding_id IN (SELECT id FROM trust_findings WHERE tenant_id=${tenantId} AND passport_id=${passportId}) ORDER BY created_at DESC`) as any).rows || [];[39m
[31m+   const latest = observations[0];[39m
[31m+   const risk = deriveReportRiskFields(passport as ReportPassportRow);[39m
[31m+   const report = {[39m
[31m+     schemaVersion: 'spr.report.v2', reportType, generatedAt: new Date().toISOString(), passport: { id: passport.id, name: passport.name },[39m
[31m+     risk: { overall: risk.canonicalScore, security: passport.security_score, compliance: passport.compliance_score, verificationStatus: risk.verificationStatus },[39m
[31m+     evidenceQuality: { completenessBasisPoints: risk.completenessBasisPoints, confidenceBasisPoints: risk.confidenceBasisPoints, unknownDimensions: latest?.unknown_dimension_count ?? 0, latestObservationAt: latest?.generated_at ?? null },[39m
[31m+     findings, evidence, observations, remediation, verification,[39m
[31m+     traceability: 'Report -> Passport -> Risk -> Finding -> Observation -> Provider -> Source -> Timestamp -> Hash',[39m
[31m+     resolutionTraceability: 'Finding -> remediation -> new observation -> independent verification',[39m
[31m+     limitations: evidence.filter((item: any) => item.limitation).map((item: any) => ({ evidenceId: item.id, limitation: item.limitation })),[39m
[31m+     ...buildReportTypeExtras(reportType, passport, findings),[39m
[31m+   };[39m
[31m+   const canonicalPayload = JSON.stringify(report);[39m
[31m+   const reportHash = crypto.createHash('sha256').update(canonicalPayload).digest('hex');[39m
[31m+   await db.execute(sql`INSERT INTO trust_report_snapshots (id,tenant_id,passport_id,report_type,generated_at,score,confidence_basis_points,completeness_basis_points,evidence_ids,finding_ids,observation_id,canonical_payload_hash,payload,created_at) VALUES (${id('report')},${tenantId},${passportId},${reportType},${report.generatedAt},${risk.canonicalScore},${risk.confidenceBasisPoints},${risk.completenessBasisPoints},${JSON.stringify(evidence.map((item: any) => item.id))},${JSON.stringify(findings.map((item: any) => item.id))},${latest?.id ?? null},${reportHash},${canonicalPayload},${report.generatedAt}) ON CONFLICT (tenant_id,passport_id,report_type,canonical_payload_hash) DO NOTHING`);[39m
[31m+   return { ...report, reportHash };[39m
[31m+ }[39m
[31m+[39m

[36m [2m❯[22m tests/client-creation-contract.test.ts:[2m68:31[22m[39m
    [90m 66| [39m
    [90m 67| [39m  it('GET /trust-loop/findings applies the same client scoping', () =>…
    [90m 68| [39m    expect(trustLoopSource()).toContain('AND (${clientScope}::text IS …
    [90m   | [39m                              [31m^[39m
    [90m 69| [39m  })[33m;[39m
    [90m 70| [39m})[33m;[39m

[31m[2m⎯⎯⎯⎯⎯⎯⎯⎯⎯⎯⎯⎯⎯⎯⎯⎯⎯⎯⎯⎯⎯[15/141]⎯[22m[39m

[41m[1m FAIL [22m[49m tests/client-creation-contract.test.ts[2m > [22mclient-scoped invitation[2m > [22mrequires a clientId exactly when role is Client, and forbids it otherwise
[31m[1mAssertionError[22m: expected '/**\n * @license\n * SPDX-License-Ide…' to contain '(body.role === \'Client\') === Boolea…'[39m

[32m- Expected[39m
[31m+ Received[39m

[32m- (body.role === 'Client') === Boolean(body.clientId)[39m
[31m+ /**[39m
[31m+  * @license[39m
[31m+  * SPDX-License-Identifier: Apache-2.0[39m
[31m+  */[39m
[31m+[39m
[31m+ import { Router } from 'express';[39m
[31m+ import { eq } from 'drizzle-orm';[39m
[31m+ import { sql } from 'drizzle-orm';[39m
[31m+ import { z } from 'zod';[39m
[31m+ import { users } from '../db/schema.ts';[39m
[31m+ import { AuthenticatedRequest, requireAuth, requireRole } from '../middleware/security.ts';[39m
[31m+ import { adminAuth, setUserCustomClaims } from '../lib/firebase-admin.ts';[39m
[31m+ import { appendAuditEntry, verifyAuditChain } from '../security/audit-log.ts';[39m
[31m+ import { describeUserAgent, sessionFingerprint } from '../security/session-tracking.ts';[39m
[31m+ import { offboardTenantData } from '../db/sync.ts';[39m
[31m+ import { INTEGRATION_CATALOG } from '../integrations/catalog.ts';[39m
[31m+ import { adaptEvidenceForEvaluation } from '../lib/verification/evidenceAdapter.ts';[39m
[31m+ import { evaluateVerification, type VerificationDecision } from '../lib/verification/evaluateVerification.ts';[39m
[31m+[39m
[31m+ const INVITABLE_ROLES = ['Admin', 'Technician', 'Viewer', 'Client'] as const;[39m
[31m+ const inviteSchema = z.object({ email: z.string().trim().email().max(255), role: z.enum(INVITABLE_ROLES) }).strict();[39m
[31m+ const roleUpdateSchema = z.object({ role: z.enum(INVITABLE_ROLES) }).strict();[39m
[31m+ const profileUpdateSchema = z.object({[39m
[31m+   displayName: z.string().trim().max(200).optional(),[39m
[31m+   roleTitle: z.string().trim().max(200).optional(),[39m
[31m+   companyName: z.string().trim().max(200).optional(),[39m
[31m+ }).strict();[39m
[31m+ const revokeSessionSchema = z.object({ sessionId: z.string().trim().min(1).max(200) }).strict();[39m
[31m+[39m
[31m+ export function createAuthRouter() {[39m
[31m+   const router = Router();[39m
[31m+[39m
[31m+   // The Firebase ID token is the sole authentication authority. The database[39m
[31m+   // record supplies the tenant/RBAC projection after token verification.[39m
[31m+   router.get('/user/me', requireAuth, async (req: AuthenticatedRequest, res, next) => {[39m
[31m+     try {[39m
[31m+       const db = req.db!;[39m
[31m+       const user = await db.select({[39m
[31m+         id: users.id,[39m
[31m+         uid: users.uid,[39m
[31m+         email: users.email,[39m
[31m+         tenantId: users.tenantId,[39m
[31m+         role: users.role,[39m
[31m+         companyName: users.companyName,[39m
[31m+         roleTitle: users.roleTitle,[39m
[31m+         displayName: users.displayName,[39m
[31m+         numTechnicians: users.numTechnicians,[39m
[31m+         clientCount: users.clientCount,[39m
[31m+         primaryUseCase: users.primaryUseCase,[39m
[31m+         onboarded: users.onboarded,[39m
[31m+         mfaEnabled: users.mfaEnabled,[39m
[31m+         createdAt: users.createdAt,[39m
[31m+       }).from(users).where(eq(users.uid, req.user!.uid)).then(rows => rows[0]);[39m
[31m+[39m
[31m+       if (!user) return res.status(403).json({ error: 'User account is not provisioned' });[39m
[31m+       return res.json({ ...user, emailVerified: req.user!.emailVerified });[39m
[31m+     } catch (error) {[39m
[31m+       return next(error);[39m
[31m+     }[39m
[31m+   });[39m
[31m+[39m
[31m+   router.put('/user/profile', requireAuth, async (req: AuthenticatedRequest, res, next) => {[39m
[31m+     try {[39m
[31m+       const db = req.db!;[39m
[31m+       const parsed = profileUpdateSchema.safeParse(req.body);[39m
[31m+       if (!parsed.success) return res.status(400).json({ error: 'Invalid request', details: parsed.error.flatten() });[39m
[31m+       const result = await db.execute(sql`[39m
[31m+         UPDATE users SET[39m
[31m+           display_name = COALESCE(${parsed.data.displayName ?? null}, display_name),[39m
[31m+           role_title = COALESCE(${parsed.data.roleTitle ?? null}, role_title),[39m
[31m+           company_name = COALESCE(${parsed.data.companyName ?? null}, company_name)[39m
[31m+         WHERE uid = ${req.user!.uid} AND tenant_id = ${req.user!.tenantId}[39m
[31m+         RETURNING id, email, display_name AS "displayName", role_title AS "roleTitle", company_name AS "companyName"[39m
[31m+       `);[39m
[31m+       const row = (result as any).rows?.[0];[39m
[31m+       if (!row) return res.status(404).json({ error: 'User account not found' });[39m
[31m+       await appendAuditEntry(db, { tenantId: req.user!.tenantId, action: 'profile.updated', actor: req.user!.email, payload: { userId: req.user!.id } });[39m
[31m+       return res.json(row);[39m
[31m+     } catch (error) {[39m
[31m+       return next(error);[39m
[31m+     }[39m
[31m+   });[39m
[31m+[39m
[31m+   router.get('/organization/team', requireAuth, async (req: AuthenticatedRequest, res, next) => {[39m
[31m+     try {[39m
[31m+       const db = req.db!;[39m
[31m+       const result = await db.execute(sql`[39m
[31m+         SELECT id, email, display_name AS "displayName", role, onboarded, created_at AS "createdAt"[39m
[31m+         FROM users WHERE tenant_id = ${req.user!.tenantId} ORDER BY created_at ASC[39m
[31m+       `);[39m
[31m+       return res.json((result as any).rows ?? []);[39m
[31m+     } catch (error) {[39m
[31m+       return next(error);[39m
[31m+     }[39m
[31m+   });[39m
[31m+[39m
[31m+   router.post('/organization/invite', requireAuth, requireRole(['Owner', 'Admin']), async (req: AuthenticatedRequest, res, next) => {[39m
[31m+     try {[39m
[31m+       const db = req.db!;[39m
[31m+       const parsed = inviteSchema.safeParse(req.body);[39m
[31m+       if (!parsed.success) return res.status(400).json({ error: 'Invalid request', details: parsed.error.flatten() });[39m
[31m+       const email = parsed.data.email.toLowerCase();[39m
[31m+[39m
[31m+       const existing = await db.execute(sql`SELECT id FROM users WHERE tenant_id = ${req.user!.tenantId} AND lower(btrim(email)) = ${email} LIMIT 1`);[39m
[31m+       if ((existing as any).rows?.length) return res.status(409).json({ error: 'This email is already a member of your workspace.' });[39m
[31m+[39m
[31m+       let firebaseUser;[39m
[31m+       try {[39m
[31m+         firebaseUser = await adminAuth.getUserByEmail(email);[39m
[31m+       } catch {[39m
[31m+         firebaseUser = await adminAuth.createUser({ email, emailVerified: false });[39m
[31m+       }[39m
[31m+[39m
[31m+       const inserted = await db.execute(sql`[39m
[31m+         INSERT INTO users (uid, email, tenant_id, role, invited_by, onboarded)[39m
[31m+         VALUES (${firebaseUser.uid}, ${email}, ${req.user!.tenantId}, ${parsed.data.role}, ${req.user!.email}, 0)[39m
[31m+         RETURNING id, email, role[39m
[31m+       `);[39m
[31m+       await setUserCustomClaims(firebaseUser.uid, { workspaceId: req.user!.tenantId, role: parsed.data.role });[39m
[31m+[39m
[31m+       let inviteLink: string | null = null;[39m
[31m+       try { inviteLink = await adminAuth.generatePasswordResetLink(email); } catch { inviteLink = null; }[39m
[31m+[39m
[31m+       await appendAuditEntry(db, { tenantId: req.user!.tenantId, action: 'team.invited', actor: req.user!.email, payload: { invitedEmail: email, role: parsed.data.role } });[39m
[31m+       return res.status(201).json({ ...(inserted as any).rows?.[0], inviteLink });[39m
[31m+     } catch (error) {[39m
[31m+       return next(error);[39m
[31m+     }[39m
[31m+   });[39m
[31m+[39m
[31m+   router.put('/organization/team/:userId/role', requireAuth, requireRole(['Owner', 'Admin']), async (req: AuthenticatedRequest, res, next) => {[39m
[31m+     try {[39m
[31m+       const db = req.db!;[39m
[31m+       const parsed = roleUpdateSchema.safeParse(req.body);[39m
[31m+       if (!parsed.success) return res.status(400).json({ error: 'Invalid request', details: parsed.error.flatten() });[39m
[31m+       const targetId = Number(req.params.userId);[39m
[31m+       if (!Number.isInteger(targetId)) return res.status(400).json({ error: 'Invalid user id' });[39m
[31m+[39m
[31m+       const result = await db.execute(sql`[39m
[31m+         UPDATE users SET role = ${parsed.data.role}[39m
[31m+         WHERE id = ${targetId} AND tenant_id = ${req.user!.tenantId} AND role <> 'Owner'[39m
[31m+         RETURNING id, uid, email, role[39m
[31m+       `);[39m
[31m+       const row = (result as any).rows?.[0];[39m
[31m+       if (!row) return res.status(404).json({ error: 'Team member not found, or the Owner role cannot be changed here.' });[39m
[31m+       await setUserCustomClaims(row.uid, { workspaceId: req.user!.tenantId, role: parsed.data.role });[39m
[31m+       await appendAuditEntry(db, { tenantId: req.user!.tenantId, action: 'team.role_changed', actor: req.user!.email, payload: { targetUserId: targetId, newRole: parsed.data.role } });[39m
[31m+       return res.json({ id: row.id, email: row.email, role: row.role });[39m
[31m+     } catch (error) {[39m
[31m+       return next(error);[39m
[31m+     }[39m
[31m+   });[39m
[31m+[39m
[31m+   router.delete('/organization/team/:userId', requireAuth, requireRole(['Owner', 'Admin']), async (req: AuthenticatedRequest, res, next) => {[39m
[31m+     try {[39m
[31m+       const db = req.db!;[39m
[31m+       const targetId = Number(req.params.userId);[39m
[31m+       if (!Number.isInteger(targetId)) return res.status(400).json({ error: 'Invalid user id' });[39m
[31m+[39m
[31m+       const result = await db.execute(sql`[39m
[31m+         DELETE FROM users WHERE id = ${targetId} AND tenant_id = ${req.user!.tenantId} AND role <> 'Owner'[39m
[31m+         RETURNING id, uid, email[39m
[31m+       `);[39m
[31m+       const row = (result as any).rows?.[0];[39m
[31m+       if (!row) return res.status(404).json({ error: 'Team member not found, or the Owner cannot be removed.' });[39m
[31m+[39m
[31m+       try { await adminAuth.updateUser(row.uid, { disabled: true }); await adminAuth.revokeRefreshTokens(row.uid); } catch { /* Firebase account may already be gone; DB removal already took effect. */ }[39m
[31m+       await appendAuditEntry(db, { tenantId: req.user!.tenantId, action: 'team.removed', actor: req.user!.email, payload: { targetUserId: targetId, targetEmail: row.email } });[39m
[31m+       return res.status(204).send();[39m
[31m+     } catch (error) {[39m
[31m+       return next(error);[39m
[31m+     }[39m
[31m+   });[39m
[31m+[39m
[31m+   router.get('/auth/sessions', requireAuth, async (req: AuthenticatedRequest, res, next) => {[39m
[31m+     try {[39m
[31m+       const db = req.db!;[39m
[31m+       const currentIp = req.ip || req.socket.remoteAddress || 'unknown';[39m
[31m+       const currentUserAgent = typeof req.headers['user-agent'] === 'string' ? req.headers['user-agent'].slice(0, 512) : '';[39m
[31m+       const currentFingerprint = sessionFingerprint(req.user!.uid, currentIp, currentUserAgent);[39m
[31m+[39m
[31m+       const result = await db.execute(sql`[39m
[31m+         SELECT id, session_fingerprint AS "sessionFingerprint", ip, user_agent AS "userAgent", last_seen_at AS "lastSeenAt"[39m
[31m+         FROM user_sessions[39m
[31m+         WHERE tenant_id = ${req.user!.tenantId} AND user_id = ${req.user!.id} AND revoked_at IS NULL[39m
[31m+         ORDER BY last_seen_at DESC[39m
[31m+       `);[39m
[31m+       const rows = ((result as any).rows ?? []) as Array<{ id: string; sessionFingerprint: string; ip: string; userAgent: string; lastSeenAt: string }>;[39m
[31m+       return res.json(rows.map(row => ({[39m
[31m+         id: row.id,[39m
[31m+         email: req.user!.email,[39m
[31m+         current: row.sessionFingerprint === currentFingerprint,[39m
[31m+         ip: row.ip,[39m
[31m+         device: describeUserAgent(row.userAgent),[39m
[31m+         location: 'Not geolocated',[39m
[31m+         lastSeenAt: row.lastSeenAt,[39m
[31m+       })));[39m
[31m+     } catch (error) {[39m
[31m+       return next(error);[39m
[31m+     }[39m
[31m+   });[39m
[31m+[39m
[31m+   router.post('/auth/sessions/revoke', requireAuth, async (req: AuthenticatedRequest, res, next) => {[39m
[31m+     try {[39m
[31m+       const db = req.db!;[39m
[31m+       const parsed = revokeSessionSchema.safeParse(req.body);[39m
[31m+       if (!parsed.success) return res.status(400).json({ error: 'Invalid request', details: parsed.error.flatten() });[39m
[31m+       const currentIp = req.ip || req.socket.remoteAddress || 'unknown';[39m
[31m+       const currentUserAgent = typeof req.headers['user-agent'] === 'string' ? req.headers['user-agent'].slice(0, 512) : '';[39m
[31m+       const currentFingerprint = sessionFingerprint(req.user!.uid, currentIp, currentUserAgent);[39m
[31m+       if (parsed.data.sessionId === `sess_${currentFingerprint}`) return res.status(400).json({ error: 'Cannot revoke the session you are currently using. Sign out instead.' });[39m
[31m+[39m
[31m+       const result = await db.execute(sql`[39m
[31m+         UPDATE user_sessions SET revoked_at = NOW()[39m
[31m+         WHERE id = ${parsed.data.sessionId} AND tenant_id = ${req.user!.tenantId} AND user_id = ${req.user!.id} AND revoked_at IS NULL[39m
[31m+         RETURNING id[39m
[31m+       `);[39m
[31m+       if (!((result as any).rows?.length)) return res.status(404).json({ error: 'Session not found' });[39m
[31m+       await appendAuditEntry(db, { tenantId: req.user!.tenantId, action: 'session.revoked', actor: req.user!.email, payload: { sessionId: parsed.data.sessionId } });[39m
[31m+       return res.status(204).send();[39m
[31m+     } catch (error) {[39m
[31m+       return next(error);[39m
[31m+     }[39m
[31m+   });[39m
[31m+[39m
[31m+   router.get('/auth/login-history', requireAuth, async (req: AuthenticatedRequest, res, next) => {[39m
[31m+     try {[39m
[31m+       const db = req.db!;[39m
[31m+       const result = await db.execute(sql`[39m
[31m+         SELECT id, ip, user_agent AS "userAgent", status, occurred_at AS "occurredAt"[39m
[31m+         FROM login_history WHERE tenant_id = ${req.user!.tenantId} AND user_id = ${req.user!.id}[39m
[31m+         ORDER BY occurred_at DESC LIMIT 50[39m
[31m+       `);[39m
[31m+       const rows = ((result as any).rows ?? []) as Array<{ id: string; ip: string; userAgent: string; status: string; occurredAt: string }>;[39m
[31m+       return res.json(rows.map(row => ({[39m
[31m+         id: row.id,[39m
[31m+         email: req.user!.email,[39m
[31m+         status: row.status,[39m
[31m+         action: 'Sign-in',[39m
[31m+         timestamp: row.occurredAt,[39m
[31m+         ip: row.ip,[39m
[31m+         location: 'Not geolocated',[39m
[31m+       })));[39m
[31m+     } catch (error) {[39m
[31m+       return next(error);[39m
[31m+     }[39m
[31m+   });[39m
[31m+[39m
[31m+   router.get('/auth/audit-chain', requireAuth, async (req: AuthenticatedRequest, res, next) => {[39m
[31m+     try {[39m
[31m+       const db = req.db!;[39m
[31m+       const beforeRaw = typeof req.query.before === 'string' ? Number(req.query.before) : null;[39m
[31m+       const before = Number.isInteger(beforeRaw) && beforeRaw! > 0 ? beforeRaw : null;[39m
[31m+       const result = before[39m
[31m+         ? await db.execute(sql`[39m
[31m+             SELECT id, action, timestamp, actor, payload, current_hash AS "currentHash", previous_hash AS "previousHash"[39m
[31m+             FROM audit_trail WHERE tenant_id = ${req.user!.tenantId} AND id < ${before} ORDER BY id DESC LIMIT 50[39m
[31m+           `)[39m
[31m+         : await db.execute(sql`[39m
[31m+         SELECT id, action, timestamp, actor, payload, current_hash AS "currentHash", previous_hash AS "previousHash"[39m
[31m+         FROM audit_trail WHERE tenant_id = ${req.user!.tenantId} ORDER BY id DESC LIMIT 50[39m
[31m+       `);[39m
[31m+       const rows = ((result as any).rows ?? []) as Array<{ id: number; action: string; timestamp: string; actor: string; payload: string; currentHash: string; previousHash: string }>;[39m
[31m+       return res.json(rows.map(row => ({[39m
[31m+         id: row.id,[39m
[31m+         action: row.action,[39m
[31m+         timestamp: row.timestamp,[39m
[31m+         actor: row.actor,[39m
[31m+         payload: row.payload,[39m
[31m+         hash: row.currentHash,[39m
[31m+         currentHash: row.currentHash,[39m
[31m+         previousHash: row.previousHash,[39m
[31m+         block: { action: row.action, userEmail: row.actor.includes('@') ? row.actor : null },[39m
[31m+       })));[39m
[31m+     } catch (error) {[39m
[31m+       return next(error);[39m
[31m+     }[39m
[31m+   });[39m
[31m+[39m
[31m+   router.get('/auth/audit-chain/verify', requireAuth, async (req: AuthenticatedRequest, res, next) => {[39m
[31m+     try {[39m
[31m+       const db = req.db!;[39m
[31m+       return res.json(await verifyAuditChain(db, req.user!.tenantId));[39m
[31m+     } catch (error) {[39m
[31m+       return next(error);[39m
[31m+     }[39m
[31m+   });[39m
[31m+[39m
[31m+   router.post('/tenant/offboard', requireAuth, requireRole('Owner'), async (req: AuthenticatedRequest, res, next) => {[39m
[31m+     try {[39m
[31m+       // Purges via the owner-role connection (not req.db): offboarding must be[39m
[31m+       // able to see every table it enumerates from information_schema, and it[39m
[31m+       // already scopes every DELETE to exactly this caller's own tenant_id.[39m
[31m+       await offboardTenantData(req.user!.tenantId);[39m
[31m+       return res.status(200).json({ message: 'Tenant data purged.' });[39m
[31m+     } catch (error) {[39m
[31m+       return next(error);[39m
[31m+     }[39m
[31m+   });[39m
[31m+[39m
[31m+   // Owner-only founder metrics. Every value is either observed from tenant[39m
[31m+   // data or explicitly reported as not verified; this endpoint never invents[39m
[31m+   // production health, security, financial, or performance telemetry.[39m
[31m+   router.get('/founder/metrics', requireAuth, requireRole('Owner'), async (req: AuthenticatedRequest, res, next) => {[39m
[31m+     try {[39m
[31m+       const db = req.db!;[39m
[31m+       const counts = await db.execute(sql`[39m
[31m+         SELECT[39m
[31m+           (SELECT COUNT(*)::int FROM clients WHERE tenant_id = ${req.user!.tenantId}) AS "clientCount",[39m
[31m+           (SELECT COUNT(*)::int FROM passports WHERE tenant_id = ${req.user!.tenantId}) AS "passportCount",[39m
[31m+           (SELECT COUNT(*)::int FROM scans WHERE tenant_id = ${req.user!.tenantId}) AS "scanCount"[39m
[31m+       `);[39m
[31m+       const row = (counts as any).rows?.[0] || {};[39m
[31m+       return res.json({[39m
[31m+         latency: 'Not verified',[39m
[31m+         capitalProtected: 'Not verified',[39m
[31m+         throughput: 'Not verified',[39m
[31m+         mitigations: 'Not verified',[39m
[31m+         overallScore: null,[39m
[31m+         auditEvents: null,[39m
[31m+         activeThreats: null,[39m
[31m+         systemIntegrity: 'Not verified',[39m
[31m+         observed: {[39m
[31m+           clientCount: Number(row.clientCount || 0),[39m
[31m+           passportCount: Number(row.passportCount || 0),[39m
[31m+           scanCount: Number(row.scanCount || 0),[39m
[31m+         },[39m
[31m+       });[39m
[31m+     } catch (error) {[39m
[31m+       return next(error);[39m
[31m+     }[39m
[31m+   });[39m
[31m+[39m
[31m+   // Owner-only operational health for the command center. Every section reads[39m
[31m+   // from the real tables the corresponding subsystem already writes -- no[39m
[31m+   // second heartbeat, delivery ledger, integration status, or audit verifier[39m
[31m+   // is created here. Sections with no real backing data are omitted rather[39m
[31m+   // than populated with placeholder values; see the `notes` field.[39m
[31m+   router.get('/founder/operations', requireAuth, requireRole('Owner'), async (req: AuthenticatedRequest, res, next) => {[39m
[31m+     try {[39m
[31m+       const db = req.db!;[39m
[31m+       const tenantId = req.user!.tenantId;[39m
[31m+       const notes: string[] = [];[39m
[31m+[39m
[31m+       // --- A. Worker/job health ---------------------------------------------[39m
[31m+       // osv-worker.ts claims agent_jobs rows (job_type osv_manifest_scan /[39m
[31m+       // repository_scan). It has no separate heartbeat row; the queue state[39m
[31m+       // itself (locked_at/locked_by, the same 10-minute staleness window the[39m
[31m+       // worker uses to reclaim stuck jobs) is the real signal.[39m
[31m+       const [osvCounts, osvStale, osvFailures, osvActivity] = await Promise.all([[39m
[31m+         db.execute(sql`SELECT job_type AS "jobType", status, COUNT(*)::int AS count FROM agent_jobs WHERE tenant_id=${tenantId} AND job_type IN ('osv_manifest_scan','repository_scan') GROUP BY job_type, status`),[39m
[31m+         db.execute(sql`SELECT COUNT(*)::int AS count FROM agent_jobs WHERE tenant_id=${tenantId} AND job_type IN ('osv_manifest_scan','repository_scan') AND status='Running' AND locked_at < NOW() - INTERVAL '10 minutes'`),[39m
[31m+         db.execute(sql`SELECT id, job_type AS "jobType", error, attempt_count AS "attemptCount", max_attempts AS "maxAttempts", updated_at AS "updatedAt" FROM agent_jobs WHERE tenant_id=${tenantId} AND job_type IN ('osv_manifest_scan','repository_scan') AND status='Failed' ORDER BY updated_at DESC LIMIT 5`),[39m
[31m+         db.execute(sql`SELECT MAX(updated_at) AS "lastActivityAt" FROM agent_jobs WHERE tenant_id=${tenantId} AND job_type IN ('osv_manifest_scan','repository_scan')`),[39m
[31m+       ]);[39m
[31m+[39m
[31m+       // monitoring-worker.ts (the file name this dashboard's spec named) is not[39m
[31m+       // imported by worker.ts and never runs in production -- confirmed dead[39m
[31m+       // code, not a running system. trust-monitoring-worker.ts is the real,[39m
[31m+       // currently-running system that plays the equivalent role (collector_jobs[39m
[31m+       // has an actual heartbeat_at column, unlike agent_jobs).[39m
[31m+       const [monitoringCounts, monitoringHeartbeat, monitoringFailures] = await Promise.all([[39m
[31m+         db.execute(sql`SELECT state, COUNT(*)::int AS count FROM collector_jobs WHERE tenant_id=${tenantId} GROUP BY state`),[39m
[31m+         db.execute(sql`SELECT MAX(heartbeat_at) AS "lastHeartbeatAt" FROM collector_jobs WHERE tenant_id=${tenantId} AND state='running'`),[39m
[31m+         db.execute(sql`SELECT id, collector_id AS "collectorId", safe_error_code AS "errorCode", safe_error_message AS "errorMessage", completed_at AS "completedAt" FROM collector_jobs WHERE tenant_id=${tenantId} AND state IN ('failed','dead_lettered') ORDER BY completed_at DESC NULLS LAST LIMIT 5`),[39m
[31m+       ]);[39m
[31m+       notes.push('monitoring-worker.ts is dead code (never imported by worker.ts); "monitoringWorker" below reflects trust-monitoring-worker.ts, the real running system for the same role.');[39m
[31m+[39m
[31m+       // --- B. Webhook delivery health ----------------------------------------[39m
[31m+       const [webhookCounts, webhookEndpoints, webhookFailures] = await Promise.all([[39m
[31m+         db.execute(sql`SELECT status, COUNT(*)::int AS count FROM spr_webhook_deliveries WHERE tenant_id=${tenantId} AND created_at::timestamptz > NOW() - INTERVAL '7 days' GROUP BY status`),[39m
[31m+         db.execute(sql`SELECT COUNT(*) FILTER (WHERE active)::int AS "activeCount", COUNT(*) FILTER (WHERE NOT active)::int AS "disabledCount" FROM spr_webhooks WHERE tenant_id=${tenantId}`),[39m
[31m+         db.execute(sql`SELECT d.id, d.webhook_id AS "webhookId", w.url, d.event_type AS "eventType", d.safe_error_code AS "errorCode", d.safe_error_message AS "errorMessage", d.completed_at AS "completedAt" FROM spr_webhook_deliveries d JOIN spr_webhooks w ON w.id=d.webhook_id AND w.tenant_id=d.tenant_id WHERE d.tenant_id=${tenantId} AND d.status IN ('failed','dead_lettered') ORDER BY d.completed_at DESC NULLS LAST LIMIT 10`),[39m
[31m+       ]);[39m
[31m+       notes.push('Webhook failures are grouped by destination endpoint (webhookId/url), not "provider" -- SPR webhooks are user-configured destination URLs, not third-party provider connectors; there is no per-provider concept for outbound deliveries.');[39m
[31m+[39m
[31m+       // --- C. Integration health ----------------------------------------------[39m
[31m+       const [credentialRows, integrationRows] = await Promise.all([[39m
[31m+         db.execute(sql`SELECT provider, status, last_tested_at AS "lastTestedAt" FROM integration_credentials WHERE tenant_id=${tenantId}`),[39m
[31m+         db.execute(sql`SELECT name, connected, last_sync_date AS "lastSyncDate" FROM integrations WHERE tenant_id=${tenantId}`),[39m
[31m+       ]);[39m
[31m+       const credentialByProvider = new Map<string, any>((credentialRows as any).rows?.map((r: any) => [r.provider, r]) ?? []);[39m
[31m+       const integrationByName = new Map<string, any>((integrationRows as any).rows?.map((r: any) => [r.name, r]) ?? []);[39m
[31m+       const integrations = INTEGRATION_CATALOG.map((item) => ({[39m
[31m+         provider: item.provider,[39m
[31m+         name: item.name,[39m
[31m+         connected: Boolean(integrationByName.get(item.name)?.connected),[39m
[31m+         lastSyncDate: integrationByName.get(item.name)?.lastSyncDate ?? null,[39m
[31m+         credentialStatus: credentialByProvider.get(item.provider)?.status ?? 'NOT_CONFIGURED',[39m
[31m+         lastTestedAt: credentialByProvider.get(item.provider)?.lastTestedAt ?? null,[39m
[31m+       }));[39m
[31m+[39m
[31m+       // --- D. Audit chain integrity --------------------------------------------[39m
[31m+       // Reuses the exact function GET /api/auth/audit-chain/verify calls --[39m
[31m+       // no second verifier.[39m
[31m+       const auditChain = await verifyAuditChain(db, tenantId);[39m
[31m+[39m
[31m+       // --- E. Scan / job queue --------------------------------------------------[39m
[31m+       const [runningRepoScans, complianceSchedules] = await Promise.all([[39m
[31m+         db.execute(sql`SELECT id, passport_id AS "passportId", status, progress, updated_at AS "updatedAt" FROM agent_jobs WHERE tenant_id=${tenantId} AND job_type='repository_scan' AND status='Running' ORDER BY updated_at DESC LIMIT 10`),[39m
[31m+         db.execute(sql`SELECT id, client_id AS "clientId", frequency, status, last_audit_at AS "lastAuditAt", next_audit_at AS "nextAuditAt" FROM compliance_schedules WHERE tenant_id=${tenantId} ORDER BY COALESCE(last_audit_at, created_at) DESC LIMIT 10`),[39m
[31m+       ]);[39m
[31m+[39m
[31m+       return res.json({[39m
[31m+         generatedAt: new Date().toISOString(),[39m
[31m+         workers: {[39m
[31m+           osv: {[39m
[31m+             countsByStatus: (osvCounts as any).rows ?? [],[39m
[31m+             staleRunningCount: Number((osvStale as any).rows?.[0]?.count ?? 0),[39m
[31m+             recentFailures: (osvFailures as any).rows ?? [],[39m
[31m+             lastActivityAt: (osvActivity as any).rows?.[0]?.lastActivityAt ?? null,[39m
[31m+           },[39m
[31m+           monitoringWorker: {[39m
[31m+             realSource: 'trust-monitoring-worker.ts (collector_jobs)',[39m
[31m+             countsByState: (monitoringCounts as any).rows ?? [],[39m
[31m+             lastHeartbeatAt: (monitoringHeartbeat as any).rows?.[0]?.lastHeartbeatAt ?? null,[39m
[31m+             recentFailures: (monitoringFailures as any).rows ?? [],[39m
[31m+           },[39m
[31m+         },[39m
[31m+         webhooks: {[39m
[31m+           countsByStatusLast7Days: (webhookCounts as any).rows ?? [],[39m
[31m+           activeEndpoints: Number((webhookEndpoints as any).rows?.[0]?.activeCount ?? 0),[39m
[31m+           disabledEndpoints: Number((webhookEndpoints as any).rows?.[0]?.disabledCount ?? 0),[39m
[31m+           recentFailures: (webhookFailures as any).rows ?? [],[39m
[31m+         },[39m
[31m+         integrations,[39m
[31m+         auditChain,[39m
[31m+         queue: {[39m
[31m+           runningRepositoryScans: (runningRepoScans as any).rows ?? [],[39m
[31m+           recentlyFailedJobs: (osvFailures as any).rows ?? [],[39m
[31m+           complianceSchedules: (complianceSchedules as any).rows ?? [],[39m
[31m+         },[39m
[31m+         notes,[39m
[31m+       });[39m
[31m+     } catch (error) {[39m
[31m+       return next(error);[39m
[31m+     }[39m
[31m+   });[39m
[31m+[39m
[31m+   // Owner-only self-passport retrieval. Absence of evidence is represented as[39m
[31m+   // a 404 instead of a fabricated passport or trust score.[39m
[31m+   router.get('/passports/self-passport', requireAuth, requireRole('Owner'), async (req: AuthenticatedRequest, res, next) => {[39m
[31m+     try {[39m
[31m+       const db = req.db!;[39m
[31m+       const result = await db.execute(sql`[39m
[31m+         SELECT[39m
[31m+           id,[39m
[31m+           name,[39m
[31m+           version,[39m
[31m+           publisher,[39m
[31m+           release_date AS "releaseDate",[39m
[31m+           evidence[39m
[31m+         FROM passports[39m
[31m+         WHERE tenant_id = ${req.user!.tenantId}[39m
[31m+         ORDER BY release_date DESC NULLS LAST, id DESC[39m
[31m+         LIMIT 1[39m
[31m+       `);[39m
[31m+       const row = (result as any).rows?.[0];[39m
[31m+       if (!row) return res.status(404).json({ error: 'Self passport evidence not found', code: 'SELF_PASSPORT_NOT_FOUND' });[39m
[31m+       return res.json({[39m
[31m+         ...row,[39m
[31m+         overallScore: null,[39m
[31m+         healthStatus: 'Not verified',[39m
[31m+         evidence: Array.isArray(row.evidence) ? row.evidence : [],[39m
[31m+       });[39m
[31m+     } catch (error) {[39m
[31m+       return next(error);[39m
[31m+     }[39m
[31m+   });[39m
[31m+[39m
[31m+   // Firebase-authenticated, tenant-scoped reads for the first-party SPA.[39m
[31m+   // These are deliberately separate from /connect/v1, which is API-key based.[39m
[31m+   router.get('/user/clients', requireAuth, async (req: AuthenticatedRequest, res, next) => {[39m
[31m+     try {[39m
[31m+       const db = req.db!;[39m
[31m+       const result = await db.execute(sql`SELECT id, name, domain, industry, trust_score AS "trustScore", risk_level AS "riskLevel", avatar_color AS "avatarColor", subscription_tier AS "subscriptionTier", joined_date AS "joinedDate", team_count AS "teamCount", passport_count AS "passportCount", critical_risks_count AS "criticalRisksCount", compliance_progress AS "complianceProgress", software_inventory AS "softwareInventory", compliance_status AS "complianceStatus", team_members AS "teamMembers", activity_timeline AS "activityTimeline" FROM clients WHERE tenant_id=${req.user!.tenantId} ORDER BY joined_date DESC`);[39m
[31m+       return res.json((result as any).rows || []);[39m
[31m+     } catch (error) {[39m
[31m+       return next(error);[39m
[31m+     }[39m
[31m+   });[39m
[31m+[39m
[31m+   router.get('/user/passports', requireAuth, async (req: AuthenticatedRequest, res, next) => {[39m
[31m+     try {[39m
[31m+       const db = req.db!;[39m
[31m+       const result = await db.execute(sql`SELECT p.id, p.client_id AS "clientId", p.name, p.version, p.publisher, p.category, p.release_date AS "releaseDate", p.license_type AS "licenseType", p.sbom, COALESCE((SELECT json_agg(json_build_object('id', e.id, 'name', e.name, 'type', e.type, 'verified', e.verified, 'status', e.status, 'signer', e.signer, 'timestamp', e.timestamp, 'hash', e.hash, 'engineId', e.engine_id, 'verificationFailureReason', e.verification_failure_reason) ORDER BY e.timestamp DESC) FROM evidence_items e WHERE e.tenant_id=p.tenant_id AND e.asset_id=p.id), '[]'::json) AS evidence, COALESCE((SELECT json_agg(json_build_object('id', f.id, 'findingId', f.id, 'severity', f.severity, 'category', f.category, 'title', f.title, 'description', f.description, 'component', f.component, 'fixedVersion', f.fixed_version, 'status', f.status, 'detectedAt', f.detected_at, 'engineId', f.engine_id) ORDER BY f.detected_at DESC) FROM scan_findings f WHERE f.tenant_id=p.tenant_id AND f.asset_id=p.id), '[]'::json) AS vulnerabilities, p.timeline, NULL AS scores, 'not_authoritatively_scored' AS "scoreStatus" FROM passports p WHERE p.tenant_id=${req.user!.tenantId} ORDER BY p.name ASC`);[39m
[31m+       return res.json((result as any).rows || []);[39m
[31m+     } catch (error) {[39m
[31m+       return next(error);[39m
[31m+     }[39m
[31m+   });[39m
[31m+[39m
[31m+   router.get('/user/extensions', requireAuth, async (req: AuthenticatedRequest, res, next) => {[39m
[31m+     try {[39m
[31m+       const db = req.db!;[39m
[31m+       const result = await db.execute(sql`SELECT extension_id AS "extensionId", installed_at AS "installedAt" FROM extension_installations WHERE tenant_id=${req.user!.tenantId} ORDER BY installed_at DESC`);[39m
[31m+       return res.json((result as any).rows || []);[39m
[31m+     } catch (error) {[39m
[31m+       return next(error);[39m
[31m+     }[39m
[31m+   });[39m
[31m+[39m
[31m+   router.post('/user/extensions/:extensionId', requireAuth, requireRole(['Owner', 'Admin', 'Operator']), async (req: AuthenticatedRequest, res, next) => {[39m
[31m+     try {[39m
[31m+       const extensionId = String(req.params.extensionId || '').trim();[39m
[31m+       if (!/^[A-Za-z0-9_.-]{1,120}$/.test(extensionId)) return res.status(400).json({ error: 'Invalid extension id' });[39m
[31m+       const db = req.db!;[39m
[31m+       const result = await db.execute(sql`INSERT INTO extension_installations (tenant_id, extension_id, installed_at) VALUES (${req.user!.tenantId}, ${extensionId}, NOW()) ON CONFLICT (tenant_id, extension_id) DO UPDATE SET installed_at=NOW() RETURNING extension_id AS "extensionId", installed_at AS "installedAt"`);[39m
[31m+       return res.status(201).json((result as any).rows?.[0]);[39m
[31m+     } catch (error) {[39m
[31m+       return next(error);[39m
[31m+     }[39m
[31m+   });[39m
[31m+[39m
[31m+   router.delete('/user/extensions/:extensionId', requireAuth, requireRole(['Owner', 'Admin', 'Operator']), async (req: AuthenticatedRequest, res, next) => {[39m
[31m+     try {[39m
[31m+       const db = req.db!;[39m
[31m+       const extensionId = String(req.params.extensionId || '').trim();[39m
[31m+       const result = await db.execute(sql`DELETE FROM extension_installations WHERE tenant_id=${req.user!.tenantId} AND extension_id=${extensionId} RETURNING extension_id`);[39m
[31m+       if (!((result as any).rows?.length)) return res.status(404).json({ error: 'Extension installation not found' });[39m
[31m+       return res.status(204).send();[39m
[31m+     } catch (error) {[39m
[31m+       return next(error);[39m
[31m+     }[39m
[31m+   });[39m
[31m+[39m
[31m+   router.get('/auth/verify-status', requireAuth, async (req: AuthenticatedRequest, res) => {[39m
[31m+     return res.json({ verified: req.user!.emailVerified, emailVerified: req.user!.emailVerified });[39m
[31m+   });[39m
[31m+[39m
[31m+[39m
[31m+[39m
[31m+   router.get('/user/passports/:id/verification', requireAuth, async (req: AuthenticatedRequest, res, next) => {[39m
[31m+     try {[39m
[31m+       const db = req.db!;[39m
[31m+       const tenantId = req.user!.tenantId;[39m
[31m+       const clientScope = req.user!.role === 'Client' ? (req.user as any).clientId : null;[39m
[31m+       const passportResult = await db.execute(sql`SELECT id, version, evidence, client_id AS "clientId" FROM passports WHERE id=${req.params.id} AND tenant_id=${tenantId} AND (${clientScope} IS NULL OR client_id=${clientScope}) LIMIT 1`) as any;[39m
[31m+       const passport = passportResult.rows?.[0];[39m
[31m+       if (!passport) return res.status(404).json({ error: 'Passport not found' });[39m
[31m+       const findingResult = await db.execute(sql`SELECT id, passport_id AS "passportId", evidence_ids, status FROM trust_findings WHERE tenant_id=${tenantId} AND passport_id=${passport.id}`) as any;[39m
[31m+       const parseJson = (value: unknown): unknown[] => { try { const parsed = JSON.parse(String(value ?? '')); return Array.isArray(parsed) ? parsed : []; } catch { return []; } };[39m
[31m+       const openFindingEvidenceIds = (findingResult.rows ?? []).filter((row: any) => !['resolved','closed','verified'].includes(String(row.status || '').toLowerCase())).flatMap((row: any) => parseJson(row.evidence_ids)).filter((id: any): id is string => typeof id === 'string');[39m
[31m+       const adapted = adaptEvidenceForEvaluation({ evidence: parseJson(passport.evidence) as any[], passportVersion: passport.version, openFindingEvidenceIds });[39m
[31m+       const evaluatedAt = Date.now();[39m
[31m+       const decision = evaluateVerification({ evidence: adapted.evidence, evaluatedAt, targetIdentity: adapted.targetIdentity });[39m
[31m+       res.setHeader('Cache-Control', 'private, max-age=0, no-store');[39m
[31m+       return res.json({ decision, observations: decision.observationCount, independentSources: decision.independentSourceCount });[39m
[31m+     } catch (error) { return next(error); }[39m
[31m+   });[39m
[31m+[39m
[31m+   router.get('/user/verification', requireAuth, async (req: AuthenticatedRequest, res, next) => {[39m
[31m+     try {[39m
[31m+       const db = req.db!;[39m
[31m+       const tenantId = req.user!.tenantId;[39m
[31m+       const clientScope = req.user!.role === 'Client' ? (req.user as any).clientId : null;[39m
[31m+       const passportRows = (await db.execute(sql`SELECT id, version, evidence, client_id AS "clientId" FROM passports WHERE tenant_id=${tenantId} AND (${clientScope} IS NULL OR client_id=${clientScope}) ORDER BY id`) as any).rows ?? [];[39m
[31m+       const passportIds = passportRows.map((row: any) => String(row.id));[39m
[31m+       const parseJson = (value: unknown): unknown[] => { try { const parsed = JSON.parse(String(value ?? '')); return Array.isArray(parsed) ? parsed : []; } catch { return []; } };[39m
[31m+       // Drizzle's proven one-query binding shape for the passport findings is[39m
[31m+       // `asset_id IN ${passportIds}`; do not replace this with ANY(array).[39m
[31m+       const findingRows = passportIds.length ? ((await db.execute(sql`SELECT id, passport_id AS "passportId", evidence_ids, status FROM trust_findings WHERE tenant_id=${tenantId} AND passport_id IN ${passportIds}`) as any).rows ?? []) : [];[39m
[31m+       const evidenceByPassport = new Map<string, any[]>();[39m
[31m+       for (const passport of passportRows) evidenceByPassport.set(String(passport.id), parseJson(passport.evidence) as any[]);[39m
[31m+       const evaluatedAt = Date.now();[39m
[31m+       const verificationDecisions: Record<string, VerificationDecision> = {};[39m
[31m+       const verificationDetails: Record<string, unknown> = {};[39m
[31m+       for (const passport of passportRows) {[39m
[31m+         const findings = findingRows.filter((row: any) => String(row.passportId) === String(passport.id));[39m
[31m+         const openFindingEvidenceIds = findings.filter((row: any) => !['resolved','closed','verified'].includes(String(row.status || '').toLowerCase())).flatMap((row: any) => parseJson(row.evidence_ids)).filter((id: any): id is string => typeof id === 'string');[39m
[31m+         const adapted = adaptEvidenceForEvaluation({ evidence: evidenceByPassport.get(String(passport.id)) ?? [], passportVersion: passport.version, openFindingEvidenceIds });[39m
[31m+         const decision = evaluateVerification({ evidence: adapted.evidence, evaluatedAt, targetIdentity: adapted.targetIdentity });[39m
[31m+         verificationDecisions[String(passport.id)] = decision;[39m
[31m+         verificationDetails[String(passport.id)] = { unmappedCount: adapted.unmappedCount, undatedCount: adapted.undatedCount, observations: decision.observationCount, independentSources: decision.independentSourceCount };[39m
[31m+       }[39m
[31m+       res.setHeader('Cache-Control', 'private, max-age=0, no-store');[39m
[31m+       return res.json({ verificationDecisions, verificationDetails });[39m
[31m+     } catch (error) { return next(error); }[39m
[31m+   });[39m
[31m+[39m
[31m+   return router;[39m
[31m+ }[39m
[31m+[39m

[36m [2m❯[22m tests/client-creation-contract.test.ts:[2m77:15[22m[39m
    [90m 75| [39m  it('requires a clientId exactly when role is Client, and forbids it …
    [90m 76| [39m    [35mconst[39m s [33m=[39m [34msource[39m()[33m;[39m
    [90m 77| [39m    expect(s).toContain("(body.role === 'Client') === Boolean(body.cli…
    [90m   | [39m              [31m^[39m
    [90m 78| [39m  })[33m;[39m
    [90m 79| [39m

[31m[2m⎯⎯⎯⎯⎯⎯⎯⎯⎯⎯⎯⎯⎯⎯⎯⎯⎯⎯⎯⎯⎯[16/141]⎯[22m[39m

[41m[1m FAIL [22m[49m tests/client-creation-contract.test.ts[2m > [22mclient-scoped invitation[2m > [22mverifies the invited client actually belongs to the inviter's own tenant before using it
[31m[1mAssertionError[22m: expected '/**\n * @license\n * SPDX-License-Ide…' to contain 'SELECT id FROM clients WHERE id = ${p…'[39m

[32m- Expected[39m
[31m+ Received[39m

[32m- SELECT id FROM clients WHERE id = ${parsed.data.clientId} AND tenant_id = ${req.user!.tenantId}[39m
[31m+ /**[39m
[31m+  * @license[39m
[31m+  * SPDX-License-Identifier: Apache-2.0[39m
[31m+  */[39m
[31m+[39m
[31m+ import { Router } from 'express';[39m
[31m+ import { eq } from 'drizzle-orm';[39m
[31m+ import { sql } from 'drizzle-orm';[39m
[31m+ import { z } from 'zod';[39m
[31m+ import { users } from '../db/schema.ts';[39m
[31m+ import { AuthenticatedRequest, requireAuth, requireRole } from '../middleware/security.ts';[39m
[31m+ import { adminAuth, setUserCustomClaims } from '../lib/firebase-admin.ts';[39m
[31m+ import { appendAuditEntry, verifyAuditChain } from '../security/audit-log.ts';[39m
[31m+ import { describeUserAgent, sessionFingerprint } from '../security/session-tracking.ts';[39m
[31m+ import { offboardTenantData } from '../db/sync.ts';[39m
[31m+ import { INTEGRATION_CATALOG } from '../integrations/catalog.ts';[39m
[31m+ import { adaptEvidenceForEvaluation } from '../lib/verification/evidenceAdapter.ts';[39m
[31m+ import { evaluateVerification, type VerificationDecision } from '../lib/verification/evaluateVerification.ts';[39m
[31m+[39m
[31m+ const INVITABLE_ROLES = ['Admin', 'Technician', 'Viewer', 'Client'] as const;[39m
[31m+ const inviteSchema = z.object({ email: z.string().trim().email().max(255), role: z.enum(INVITABLE_ROLES) }).strict();[39m
[31m+ const roleUpdateSchema = z.object({ role: z.enum(INVITABLE_ROLES) }).strict();[39m
[31m+ const profileUpdateSchema = z.object({[39m
[31m+   displayName: z.string().trim().max(200).optional(),[39m
[31m+   roleTitle: z.string().trim().max(200).optional(),[39m
[31m+   companyName: z.string().trim().max(200).optional(),[39m
[31m+ }).strict();[39m
[31m+ const revokeSessionSchema = z.object({ sessionId: z.string().trim().min(1).max(200) }).strict();[39m
[31m+[39m
[31m+ export function createAuthRouter() {[39m
[31m+   const router = Router();[39m
[31m+[39m
[31m+   // The Firebase ID token is the sole authentication authority. The database[39m
[31m+   // record supplies the tenant/RBAC projection after token verification.[39m
[31m+   router.get('/user/me', requireAuth, async (req: AuthenticatedRequest, res, next) => {[39m
[31m+     try {[39m
[31m+       const db = req.db!;[39m
[31m+       const user = await db.select({[39m
[31m+         id: users.id,[39m
[31m+         uid: users.uid,[39m
[31m+         email: users.email,[39m
[31m+         tenantId: users.tenantId,[39m
[31m+         role: users.role,[39m
[31m+         companyName: users.companyName,[39m
[31m+         roleTitle: users.roleTitle,[39m
[31m+         displayName: users.displayName,[39m
[31m+         numTechnicians: users.numTechnicians,[39m
[31m+         clientCount: users.clientCount,[39m
[31m+         primaryUseCase: users.primaryUseCase,[39m
[31m+         onboarded: users.onboarded,[39m
[31m+         mfaEnabled: users.mfaEnabled,[39m
[31m+         createdAt: users.createdAt,[39m
[31m+       }).from(users).where(eq(users.uid, req.user!.uid)).then(rows => rows[0]);[39m
[31m+[39m
[31m+       if (!user) return res.status(403).json({ error: 'User account is not provisioned' });[39m
[31m+       return res.json({ ...user, emailVerified: req.user!.emailVerified });[39m
[31m+     } catch (error) {[39m
[31m+       return next(error);[39m
[31m+     }[39m
[31m+   });[39m
[31m+[39m
[31m+   router.put('/user/profile', requireAuth, async (req: AuthenticatedRequest, res, next) => {[39m
[31m+     try {[39m
[31m+       const db = req.db!;[39m
[31m+       const parsed = profileUpdateSchema.safeParse(req.body);[39m
[31m+       if (!parsed.success) return res.status(400).json({ error: 'Invalid request', details: parsed.error.flatten() });[39m
[31m+       const result = await db.execute(sql`[39m
[31m+         UPDATE users SET[39m
[31m+           display_name = COALESCE(${parsed.data.displayName ?? null}, display_name),[39m
[31m+           role_title = COALESCE(${parsed.data.roleTitle ?? null}, role_title),[39m
[31m+           company_name = COALESCE(${parsed.data.companyName ?? null}, company_name)[39m
[31m+         WHERE uid = ${req.user!.uid} AND tenant_id = ${req.user!.tenantId}[39m
[31m+         RETURNING id, email, display_name AS "displayName", role_title AS "roleTitle", company_name AS "companyName"[39m
[31m+       `);[39m
[31m+       const row = (result as any).rows?.[0];[39m
[31m+       if (!row) return res.status(404).json({ error: 'User account not found' });[39m
[31m+       await appendAuditEntry(db, { tenantId: req.user!.tenantId, action: 'profile.updated', actor: req.user!.email, payload: { userId: req.user!.id } });[39m
[31m+       return res.json(row);[39m
[31m+     } catch (error) {[39m
[31m+       return next(error);[39m
[31m+     }[39m
[31m+   });[39m
[31m+[39m
[31m+   router.get('/organization/team', requireAuth, async (req: AuthenticatedRequest, res, next) => {[39m
[31m+     try {[39m
[31m+       const db = req.db!;[39m
[31m+       const result = await db.execute(sql`[39m
[31m+         SELECT id, email, display_name AS "displayName", role, onboarded, created_at AS "createdAt"[39m
[31m+         FROM users WHERE tenant_id = ${req.user!.tenantId} ORDER BY created_at ASC[39m
[31m+       `);[39m
[31m+       return res.json((result as any).rows ?? []);[39m
[31m+     } catch (error) {[39m
[31m+       return next(error);[39m
[31m+     }[39m
[31m+   });[39m
[31m+[39m
[31m+   router.post('/organization/invite', requireAuth, requireRole(['Owner', 'Admin']), async (req: AuthenticatedRequest, res, next) => {[39m
[31m+     try {[39m
[31m+       const db = req.db!;[39m
[31m+       const parsed = inviteSchema.safeParse(req.body);[39m
[31m+       if (!parsed.success) return res.status(400).json({ error: 'Invalid request', details: parsed.error.flatten() });[39m
[31m+       const email = parsed.data.email.toLowerCase();[39m
[31m+[39m
[31m+       const existing = await db.execute(sql`SELECT id FROM users WHERE tenant_id = ${req.user!.tenantId} AND lower(btrim(email)) = ${email} LIMIT 1`);[39m
[31m+       if ((existing as any).rows?.length) return res.status(409).json({ error: 'This email is already a member of your workspace.' });[39m
[31m+[39m
[31m+       let firebaseUser;[39m
[31m+       try {[39m
[31m+         firebaseUser = await adminAuth.getUserByEmail(email);[39m
[31m+       } catch {[39m
[31m+         firebaseUser = await adminAuth.createUser({ email, emailVerified: false });[39m
[31m+       }[39m
[31m+[39m
[31m+       const inserted = await db.execute(sql`[39m
[31m+         INSERT INTO users (uid, email, tenant_id, role, invited_by, onboarded)[39m
[31m+         VALUES (${firebaseUser.uid}, ${email}, ${req.user!.tenantId}, ${parsed.data.role}, ${req.user!.email}, 0)[39m
[31m+         RETURNING id, email, role[39m
[31m+       `);[39m
[31m+       await setUserCustomClaims(firebaseUser.uid, { workspaceId: req.user!.tenantId, role: parsed.data.role });[39m
[31m+[39m
[31m+       let inviteLink: string | null = null;[39m
[31m+       try { inviteLink = await adminAuth.generatePasswordResetLink(email); } catch { inviteLink = null; }[39m
[31m+[39m
[31m+       await appendAuditEntry(db, { tenantId: req.user!.tenantId, action: 'team.invited', actor: req.user!.email, payload: { invitedEmail: email, role: parsed.data.role } });[39m
[31m+       return res.status(201).json({ ...(inserted as any).rows?.[0], inviteLink });[39m
[31m+     } catch (error) {[39m
[31m+       return next(error);[39m
[31m+     }[39m
[31m+   });[39m
[31m+[39m
[31m+   router.put('/organization/team/:userId/role', requireAuth, requireRole(['Owner', 'Admin']), async (req: AuthenticatedRequest, res, next) => {[39m
[31m+     try {[39m
[31m+       const db = req.db!;[39m
[31m+       const parsed = roleUpdateSchema.safeParse(req.body);[39m
[31m+       if (!parsed.success) return res.status(400).json({ error: 'Invalid request', details: parsed.error.flatten() });[39m
[31m+       const targetId = Number(req.params.userId);[39m
[31m+       if (!Number.isInteger(targetId)) return res.status(400).json({ error: 'Invalid user id' });[39m
[31m+[39m
[31m+       const result = await db.execute(sql`[39m
[31m+         UPDATE users SET role = ${parsed.data.role}[39m
[31m+         WHERE id = ${targetId} AND tenant_id = ${req.user!.tenantId} AND role <> 'Owner'[39m
[31m+         RETURNING id, uid, email, role[39m
[31m+       `);[39m
[31m+       const row = (result as any).rows?.[0];[39m
[31m+       if (!row) return res.status(404).json({ error: 'Team member not found, or the Owner role cannot be changed here.' });[39m
[31m+       await setUserCustomClaims(row.uid, { workspaceId: req.user!.tenantId, role: parsed.data.role });[39m
[31m+       await appendAuditEntry(db, { tenantId: req.user!.tenantId, action: 'team.role_changed', actor: req.user!.email, payload: { targetUserId: targetId, newRole: parsed.data.role } });[39m
[31m+       return res.json({ id: row.id, email: row.email, role: row.role });[39m
[31m+     } catch (error) {[39m
[31m+       return next(error);[39m
[31m+     }[39m
[31m+   });[39m
[31m+[39m
[31m+   router.delete('/organization/team/:userId', requireAuth, requireRole(['Owner', 'Admin']), async (req: AuthenticatedRequest, res, next) => {[39m
[31m+     try {[39m
[31m+       const db = req.db!;[39m
[31m+       const targetId = Number(req.params.userId);[39m
[31m+       if (!Number.isInteger(targetId)) return res.status(400).json({ error: 'Invalid user id' });[39m
[31m+[39m
[31m+       const result = await db.execute(sql`[39m
[31m+         DELETE FROM users WHERE id = ${targetId} AND tenant_id = ${req.user!.tenantId} AND role <> 'Owner'[39m
[31m+         RETURNING id, uid, email[39m
[31m+       `);[39m
[31m+       const row = (result as any).rows?.[0];[39m
[31m+       if (!row) return res.status(404).json({ error: 'Team member not found, or the Owner cannot be removed.' });[39m
[31m+[39m
[31m+       try { await adminAuth.updateUser(row.uid, { disabled: true }); await adminAuth.revokeRefreshTokens(row.uid); } catch { /* Firebase account may already be gone; DB removal already took effect. */ }[39m
[31m+       await appendAuditEntry(db, { tenantId: req.user!.tenantId, action: 'team.removed', actor: req.user!.email, payload: { targetUserId: targetId, targetEmail: row.email } });[39m
[31m+       return res.status(204).send();[39m
[31m+     } catch (error) {[39m
[31m+       return next(error);[39m
[31m+     }[39m
[31m+   });[39m
[31m+[39m
[31m+   router.get('/auth/sessions', requireAuth, async (req: AuthenticatedRequest, res, next) => {[39m
[31m+     try {[39m
[31m+       const db = req.db!;[39m
[31m+       const currentIp = req.ip || req.socket.remoteAddress || 'unknown';[39m
[31m+       const currentUserAgent = typeof req.headers['user-agent'] === 'string' ? req.headers['user-agent'].slice(0, 512) : '';[39m
[31m+       const currentFingerprint = sessionFingerprint(req.user!.uid, currentIp, currentUserAgent);[39m
[31m+[39m
[31m+       const result = await db.execute(sql`[39m
[31m+         SELECT id, session_fingerprint AS "sessionFingerprint", ip, user_agent AS "userAgent", last_seen_at AS "lastSeenAt"[39m
[31m+         FROM user_sessions[39m
[31m+         WHERE tenant_id = ${req.user!.tenantId} AND user_id = ${req.user!.id} AND revoked_at IS NULL[39m
[31m+         ORDER BY last_seen_at DESC[39m
[31m+       `);[39m
[31m+       const rows = ((result as any).rows ?? []) as Array<{ id: string; sessionFingerprint: string; ip: string; userAgent: string; lastSeenAt: string }>;[39m
[31m+       return res.json(rows.map(row => ({[39m
[31m+         id: row.id,[39m
[31m+         email: req.user!.email,[39m
[31m+         current: row.sessionFingerprint === currentFingerprint,[39m
[31m+         ip: row.ip,[39m
[31m+         device: describeUserAgent(row.userAgent),[39m
[31m+         location: 'Not geolocated',[39m
[31m+         lastSeenAt: row.lastSeenAt,[39m
[31m+       })));[39m
[31m+     } catch (error) {[39m
[31m+       return next(error);[39m
[31m+     }[39m
[31m+   });[39m
[31m+[39m
[31m+   router.post('/auth/sessions/revoke', requireAuth, async (req: AuthenticatedRequest, res, next) => {[39m
[31m+     try {[39m
[31m+       const db = req.db!;[39m
[31m+       const parsed = revokeSessionSchema.safeParse(req.body);[39m
[31m+       if (!parsed.success) return res.status(400).json({ error: 'Invalid request', details: parsed.error.flatten() });[39m
[31m+       const currentIp = req.ip || req.socket.remoteAddress || 'unknown';[39m
[31m+       const currentUserAgent = typeof req.headers['user-agent'] === 'string' ? req.headers['user-agent'].slice(0, 512) : '';[39m
[31m+       const currentFingerprint = sessionFingerprint(req.user!.uid, currentIp, currentUserAgent);[39m
[31m+       if (parsed.data.sessionId === `sess_${currentFingerprint}`) return res.status(400).json({ error: 'Cannot revoke the session you are currently using. Sign out instead.' });[39m
[31m+[39m
[31m+       const result = await db.execute(sql`[39m
[31m+         UPDATE user_sessions SET revoked_at = NOW()[39m
[31m+         WHERE id = ${parsed.data.sessionId} AND tenant_id = ${req.user!.tenantId} AND user_id = ${req.user!.id} AND revoked_at IS NULL[39m
[31m+         RETURNING id[39m
[31m+       `);[39m
[31m+       if (!((result as any).rows?.length)) return res.status(404).json({ error: 'Session not found' });[39m
[31m+       await appendAuditEntry(db, { tenantId: req.user!.tenantId, action: 'session.revoked', actor: req.user!.email, payload: { sessionId: parsed.data.sessionId } });[39m
[31m+       return res.status(204).send();[39m
[31m+     } catch (error) {[39m
[31m+       return next(error);[39m
[31m+     }[39m
[31m+   });[39m
[31m+[39m
[31m+   router.get('/auth/login-history', requireAuth, async (req: AuthenticatedRequest, res, next) => {[39m
[31m+     try {[39m
[31m+       const db = req.db!;[39m
[31m+       const result = await db.execute(sql`[39m
[31m+         SELECT id, ip, user_agent AS "userAgent", status, occurred_at AS "occurredAt"[39m
[31m+         FROM login_history WHERE tenant_id = ${req.user!.tenantId} AND user_id = ${req.user!.id}[39m
[31m+         ORDER BY occurred_at DESC LIMIT 50[39m
[31m+       `);[39m
[31m+       const rows = ((result as any).rows ?? []) as Array<{ id: string; ip: string; userAgent: string; status: string; occurredAt: string }>;[39m
[31m+       return res.json(rows.map(row => ({[39m
[31m+         id: row.id,[39m
[31m+         email: req.user!.email,[39m
[31m+         status: row.status,[39m
[31m+         action: 'Sign-in',[39m
[31m+         timestamp: row.occurredAt,[39m
[31m+         ip: row.ip,[39m
[31m+         location: 'Not geolocated',[39m
[31m+       })));[39m
[31m+     } catch (error) {[39m
[31m+       return next(error);[39m
[31m+     }[39m
[31m+   });[39m
[31m+[39m
[31m+   router.get('/auth/audit-chain', requireAuth, async (req: AuthenticatedRequest, res, next) => {[39m
[31m+     try {[39m
[31m+       const db = req.db!;[39m
[31m+       const beforeRaw = typeof req.query.before === 'string' ? Number(req.query.before) : null;[39m
[31m+       const before = Number.isInteger(beforeRaw) && beforeRaw! > 0 ? beforeRaw : null;[39m
[31m+       const result = before[39m
[31m+         ? await db.execute(sql`[39m
[31m+             SELECT id, action, timestamp, actor, payload, current_hash AS "currentHash", previous_hash AS "previousHash"[39m
[31m+             FROM audit_trail WHERE tenant_id = ${req.user!.tenantId} AND id < ${before} ORDER BY id DESC LIMIT 50[39m
[31m+           `)[39m
[31m+         : await db.execute(sql`[39m
[31m+         SELECT id, action, timestamp, actor, payload, current_hash AS "currentHash", previous_hash AS "previousHash"[39m
[31m+         FROM audit_trail WHERE tenant_id = ${req.user!.tenantId} ORDER BY id DESC LIMIT 50[39m
[31m+       `);[39m
[31m+       const rows = ((result as any).rows ?? []) as Array<{ id: number; action: string; timestamp: string; actor: string; payload: string; currentHash: string; previousHash: string }>;[39m
[31m+       return res.json(rows.map(row => ({[39m
[31m+         id: row.id,[39m
[31m+         action: row.action,[39m
[31m+         timestamp: row.timestamp,[39m
[31m+         actor: row.actor,[39m
[31m+         payload: row.payload,[39m
[31m+         hash: row.currentHash,[39m
[31m+         currentHash: row.currentHash,[39m
[31m+         previousHash: row.previousHash,[39m
[31m+         block: { action: row.action, userEmail: row.actor.includes('@') ? row.actor : null },[39m
[31m+       })));[39m
[31m+     } catch (error) {[39m
[31m+       return next(error);[39m
[31m+     }[39m
[31m+   });[39m
[31m+[39m
[31m+   router.get('/auth/audit-chain/verify', requireAuth, async (req: AuthenticatedRequest, res, next) => {[39m
[31m+     try {[39m
[31m+       const db = req.db!;[39m
[31m+       return res.json(await verifyAuditChain(db, req.user!.tenantId));[39m
[31m+     } catch (error) {[39m
[31m+       return next(error);[39m
[31m+     }[39m
[31m+   });[39m
[31m+[39m
[31m+   router.post('/tenant/offboard', requireAuth, requireRole('Owner'), async (req: AuthenticatedRequest, res, next) => {[39m
[31m+     try {[39m
[31m+       // Purges via the owner-role connection (not req.db): offboarding must be[39m
[31m+       // able to see every table it enumerates from information_schema, and it[39m
[31m+       // already scopes every DELETE to exactly this caller's own tenant_id.[39m
[31m+       await offboardTenantData(req.user!.tenantId);[39m
[31m+       return res.status(200).json({ message: 'Tenant data purged.' });[39m
[31m+     } catch (error) {[39m
[31m+       return next(error);[39m
[31m+     }[39m
[31m+   });[39m
[31m+[39m
[31m+   // Owner-only founder metrics. Every value is either observed from tenant[39m
[31m+   // data or explicitly reported as not verified; this endpoint never invents[39m
[31m+   // production health, security, financial, or performance telemetry.[39m
[31m+   router.get('/founder/metrics', requireAuth, requireRole('Owner'), async (req: AuthenticatedRequest, res, next) => {[39m
[31m+     try {[39m
[31m+       const db = req.db!;[39m
[31m+       const counts = await db.execute(sql`[39m
[31m+         SELECT[39m
[31m+           (SELECT COUNT(*)::int FROM clients WHERE tenant_id = ${req.user!.tenantId}) AS "clientCount",[39m
[31m+           (SELECT COUNT(*)::int FROM passports WHERE tenant_id = ${req.user!.tenantId}) AS "passportCount",[39m
[31m+           (SELECT COUNT(*)::int FROM scans WHERE tenant_id = ${req.user!.tenantId}) AS "scanCount"[39m
[31m+       `);[39m
[31m+       const row = (counts as any).rows?.[0] || {};[39m
[31m+       return res.json({[39m
[31m+         latency: 'Not verified',[39m
[31m+         capitalProtected: 'Not verified',[39m
[31m+         throughput: 'Not verified',[39m
[31m+         mitigations: 'Not verified',[39m
[31m+         overallScore: null,[39m
[31m+         auditEvents: null,[39m
[31m+         activeThreats: null,[39m
[31m+         systemIntegrity: 'Not verified',[39m
[31m+         observed: {[39m
[31m+           clientCount: Number(row.clientCount || 0),[39m
[31m+           passportCount: Number(row.passportCount || 0),[39m
[31m+           scanCount: Number(row.scanCount || 0),[39m
[31m+         },[39m
[31m+       });[39m
[31m+     } catch (error) {[39m
[31m+       return next(error);[39m
[31m+     }[39m
[31m+   });[39m
[31m+[39m
[31m+   // Owner-only operational health for the command center. Every section reads[39m
[31m+   // from the real tables the corresponding subsystem already writes -- no[39m
[31m+   // second heartbeat, delivery ledger, integration status, or audit verifier[39m
[31m+   // is created here. Sections with no real backing data are omitted rather[39m
[31m+   // than populated with placeholder values; see the `notes` field.[39m
[31m+   router.get('/founder/operations', requireAuth, requireRole('Owner'), async (req: AuthenticatedRequest, res, next) => {[39m
[31m+     try {[39m
[31m+       const db = req.db!;[39m
[31m+       const tenantId = req.user!.tenantId;[39m
[31m+       const notes: string[] = [];[39m
[31m+[39m
[31m+       // --- A. Worker/job health ---------------------------------------------[39m
[31m+       // osv-worker.ts claims agent_jobs rows (job_type osv_manifest_scan /[39m
[31m+       // repository_scan). It has no separate heartbeat row; the queue state[39m
[31m+       // itself (locked_at/locked_by, the same 10-minute staleness window the[39m
[31m+       // worker uses to reclaim stuck jobs) is the real signal.[39m
[31m+       const [osvCounts, osvStale, osvFailures, osvActivity] = await Promise.all([[39m
[31m+         db.execute(sql`SELECT job_type AS "jobType", status, COUNT(*)::int AS count FROM agent_jobs WHERE tenant_id=${tenantId} AND job_type IN ('osv_manifest_scan','repository_scan') GROUP BY job_type, status`),[39m
[31m+         db.execute(sql`SELECT COUNT(*)::int AS count FROM agent_jobs WHERE tenant_id=${tenantId} AND job_type IN ('osv_manifest_scan','repository_scan') AND status='Running' AND locked_at < NOW() - INTERVAL '10 minutes'`),[39m
[31m+         db.execute(sql`SELECT id, job_type AS "jobType", error, attempt_count AS "attemptCount", max_attempts AS "maxAttempts", updated_at AS "updatedAt" FROM agent_jobs WHERE tenant_id=${tenantId} AND job_type IN ('osv_manifest_scan','repository_scan') AND status='Failed' ORDER BY updated_at DESC LIMIT 5`),[39m
[31m+         db.execute(sql`SELECT MAX(updated_at) AS "lastActivityAt" FROM agent_jobs WHERE tenant_id=${tenantId} AND job_type IN ('osv_manifest_scan','repository_scan')`),[39m
[31m+       ]);[39m
[31m+[39m
[31m+       // monitoring-worker.ts (the file name this dashboard's spec named) is not[39m
[31m+       // imported by worker.ts and never runs in production -- confirmed dead[39m
[31m+       // code, not a running system. trust-monitoring-worker.ts is the real,[39m
[31m+       // currently-running system that plays the equivalent role (collector_jobs[39m
[31m+       // has an actual heartbeat_at column, unlike agent_jobs).[39m
[31m+       const [monitoringCounts, monitoringHeartbeat, monitoringFailures] = await Promise.all([[39m
[31m+         db.execute(sql`SELECT state, COUNT(*)::int AS count FROM collector_jobs WHERE tenant_id=${tenantId} GROUP BY state`),[39m
[31m+         db.execute(sql`SELECT MAX(heartbeat_at) AS "lastHeartbeatAt" FROM collector_jobs WHERE tenant_id=${tenantId} AND state='running'`),[39m
[31m+         db.execute(sql`SELECT id, collector_id AS "collectorId", safe_error_code AS "errorCode", safe_error_message AS "errorMessage", completed_at AS "completedAt" FROM collector_jobs WHERE tenant_id=${tenantId} AND state IN ('failed','dead_lettered') ORDER BY completed_at DESC NULLS LAST LIMIT 5`),[39m
[31m+       ]);[39m
[31m+       notes.push('monitoring-worker.ts is dead code (never imported by worker.ts); "monitoringWorker" below reflects trust-monitoring-worker.ts, the real running system for the same role.');[39m
[31m+[39m
[31m+       // --- B. Webhook delivery health ----------------------------------------[39m
[31m+       const [webhookCounts, webhookEndpoints, webhookFailures] = await Promise.all([[39m
[31m+         db.execute(sql`SELECT status, COUNT(*)::int AS count FROM spr_webhook_deliveries WHERE tenant_id=${tenantId} AND created_at::timestamptz > NOW() - INTERVAL '7 days' GROUP BY status`),[39m
[31m+         db.execute(sql`SELECT COUNT(*) FILTER (WHERE active)::int AS "activeCount", COUNT(*) FILTER (WHERE NOT active)::int AS "disabledCount" FROM spr_webhooks WHERE tenant_id=${tenantId}`),[39m
[31m+         db.execute(sql`SELECT d.id, d.webhook_id AS "webhookId", w.url, d.event_type AS "eventType", d.safe_error_code AS "errorCode", d.safe_error_message AS "errorMessage", d.completed_at AS "completedAt" FROM spr_webhook_deliveries d JOIN spr_webhooks w ON w.id=d.webhook_id AND w.tenant_id=d.tenant_id WHERE d.tenant_id=${tenantId} AND d.status IN ('failed','dead_lettered') ORDER BY d.completed_at DESC NULLS LAST LIMIT 10`),[39m
[31m+       ]);[39m
[31m+       notes.push('Webhook failures are grouped by destination endpoint (webhookId/url), not "provider" -- SPR webhooks are user-configured destination URLs, not third-party provider connectors; there is no per-provider concept for outbound deliveries.');[39m
[31m+[39m
[31m+       // --- C. Integration health ----------------------------------------------[39m
[31m+       const [credentialRows, integrationRows] = await Promise.all([[39m
[31m+         db.execute(sql`SELECT provider, status, last_tested_at AS "lastTestedAt" FROM integration_credentials WHERE tenant_id=${tenantId}`),[39m
[31m+         db.execute(sql`SELECT name, connected, last_sync_date AS "lastSyncDate" FROM integrations WHERE tenant_id=${tenantId}`),[39m
[31m+       ]);[39m
[31m+       const credentialByProvider = new Map<string, any>((credentialRows as any).rows?.map((r: any) => [r.provider, r]) ?? []);[39m
[31m+       const integrationByName = new Map<string, any>((integrationRows as any).rows?.map((r: any) => [r.name, r]) ?? []);[39m
[31m+       const integrations = INTEGRATION_CATALOG.map((item) => ({[39m
[31m+         provider: item.provider,[39m
[31m+         name: item.name,[39m
[31m+         connected: Boolean(integrationByName.get(item.name)?.connected),[39m
[31m+         lastSyncDate: integrationByName.get(item.name)?.lastSyncDate ?? null,[39m
[31m+         credentialStatus: credentialByProvider.get(item.provider)?.status ?? 'NOT_CONFIGURED',[39m
[31m+         lastTestedAt: credentialByProvider.get(item.provider)?.lastTestedAt ?? null,[39m
[31m+       }));[39m
[31m+[39m
[31m+       // --- D. Audit chain integrity --------------------------------------------[39m
[31m+       // Reuses the exact function GET /api/auth/audit-chain/verify calls --[39m
[31m+       // no second verifier.[39m
[31m+       const auditChain = await verifyAuditChain(db, tenantId);[39m
[31m+[39m
[31m+       // --- E. Scan / job queue --------------------------------------------------[39m
[31m+       const [runningRepoScans, complianceSchedules] = await Promise.all([[39m
[31m+         db.execute(sql`SELECT id, passport_id AS "passportId", status, progress, updated_at AS "updatedAt" FROM agent_jobs WHERE tenant_id=${tenantId} AND job_type='repository_scan' AND status='Running' ORDER BY updated_at DESC LIMIT 10`),[39m
[31m+         db.execute(sql`SELECT id, client_id AS "clientId", frequency, status, last_audit_at AS "lastAuditAt", next_audit_at AS "nextAuditAt" FROM compliance_schedules WHERE tenant_id=${tenantId} ORDER BY COALESCE(last_audit_at, created_at) DESC LIMIT 10`),[39m
[31m+       ]);[39m
[31m+[39m
[31m+       return res.json({[39m
[31m+         generatedAt: new Date().toISOString(),[39m
[31m+         workers: {[39m
[31m+           osv: {[39m
[31m+             countsByStatus: (osvCounts as any).rows ?? [],[39m
[31m+             staleRunningCount: Number((osvStale as any).rows?.[0]?.count ?? 0),[39m
[31m+             recentFailures: (osvFailures as any).rows ?? [],[39m
[31m+             lastActivityAt: (osvActivity as any).rows?.[0]?.lastActivityAt ?? null,[39m
[31m+           },[39m
[31m+           monitoringWorker: {[39m
[31m+             realSource: 'trust-monitoring-worker.ts (collector_jobs)',[39m
[31m+             countsByState: (monitoringCounts as any).rows ?? [],[39m
[31m+             lastHeartbeatAt: (monitoringHeartbeat as any).rows?.[0]?.lastHeartbeatAt ?? null,[39m
[31m+             recentFailures: (monitoringFailures as any).rows ?? [],[39m
[31m+           },[39m
[31m+         },[39m
[31m+         webhooks: {[39m
[31m+           countsByStatusLast7Days: (webhookCounts as any).rows ?? [],[39m
[31m+           activeEndpoints: Number((webhookEndpoints as any).rows?.[0]?.activeCount ?? 0),[39m
[31m+           disabledEndpoints: Number((webhookEndpoints as any).rows?.[0]?.disabledCount ?? 0),[39m
[31m+           recentFailures: (webhookFailures as any).rows ?? [],[39m
[31m+         },[39m
[31m+         integrations,[39m
[31m+         auditChain,[39m
[31m+         queue: {[39m
[31m+           runningRepositoryScans: (runningRepoScans as any).rows ?? [],[39m
[31m+           recentlyFailedJobs: (osvFailures as any).rows ?? [],[39m
[31m+           complianceSchedules: (complianceSchedules as any).rows ?? [],[39m
[31m+         },[39m
[31m+         notes,[39m
[31m+       });[39m
[31m+     } catch (error) {[39m
[31m+       return next(error);[39m
[31m+     }[39m
[31m+   });[39m
[31m+[39m
[31m+   // Owner-only self-passport retrieval. Absence of evidence is represented as[39m
[31m+   // a 404 instead of a fabricated passport or trust score.[39m
[31m+   router.get('/passports/self-passport', requireAuth, requireRole('Owner'), async (req: AuthenticatedRequest, res, next) => {[39m
[31m+     try {[39m
[31m+       const db = req.db!;[39m
[31m+       const result = await db.execute(sql`[39m
[31m+         SELECT[39m
[31m+           id,[39m
[31m+           name,[39m
[31m+           version,[39m
[31m+           publisher,[39m
[31m+           release_date AS "releaseDate",[39m
[31m+           evidence[39m
[31m+         FROM passports[39m
[31m+         WHERE tenant_id = ${req.user!.tenantId}[39m
[31m+         ORDER BY release_date DESC NULLS LAST, id DESC[39m
[31m+         LIMIT 1[39m
[31m+       `);[39m
[31m+       const row = (result as any).rows?.[0];[39m
[31m+       if (!row) return res.status(404).json({ error: 'Self passport evidence not found', code: 'SELF_PASSPORT_NOT_FOUND' });[39m
[31m+       return res.json({[39m
[31m+         ...row,[39m
[31m+         overallScore: null,[39m
[31m+         healthStatus: 'Not verified',[39m
[31m+         evidence: Array.isArray(row.evidence) ? row.evidence : [],[39m
[31m+       });[39m
[31m+     } catch (error) {[39m
[31m+       return next(error);[39m
[31m+     }[39m
[31m+   });[39m
[31m+[39m
[31m+   // Firebase-authenticated, tenant-scoped reads for the first-party SPA.[39m
[31m+   // These are deliberately separate from /connect/v1, which is API-key based.[39m
[31m+   router.get('/user/clients', requireAuth, async (req: AuthenticatedRequest, res, next) => {[39m
[31m+     try {[39m
[31m+       const db = req.db!;[39m
[31m+       const result = await db.execute(sql`SELECT id, name, domain, industry, trust_score AS "trustScore", risk_level AS "riskLevel", avatar_color AS "avatarColor", subscription_tier AS "subscriptionTier", joined_date AS "joinedDate", team_count AS "teamCount", passport_count AS "passportCount", critical_risks_count AS "criticalRisksCount", compliance_progress AS "complianceProgress", software_inventory AS "softwareInventory", compliance_status AS "complianceStatus", team_members AS "teamMembers", activity_timeline AS "activityTimeline" FROM clients WHERE tenant_id=${req.user!.tenantId} ORDER BY joined_date DESC`);[39m
[31m+       return res.json((result as any).rows || []);[39m
[31m+     } catch (error) {[39m
[31m+       return next(error);[39m
[31m+     }[39m
[31m+   });[39m
[31m+[39m
[31m+   router.get('/user/passports', requireAuth, async (req: AuthenticatedRequest, res, next) => {[39m
[31m+     try {[39m
[31m+       const db = req.db!;[39m
[31m+       const result = await db.execute(sql`SELECT p.id, p.client_id AS "clientId", p.name, p.version, p.publisher, p.category, p.release_date AS "releaseDate", p.license_type AS "licenseType", p.sbom, COALESCE((SELECT json_agg(json_build_object('id', e.id, 'name', e.name, 'type', e.type, 'verified', e.verified, 'status', e.status, 'signer', e.signer, 'timestamp', e.timestamp, 'hash', e.hash, 'engineId', e.engine_id, 'verificationFailureReason', e.verification_failure_reason) ORDER BY e.timestamp DESC) FROM evidence_items e WHERE e.tenant_id=p.tenant_id AND e.asset_id=p.id), '[]'::json) AS evidence, COALESCE((SELECT json_agg(json_build_object('id', f.id, 'findingId', f.id, 'severity', f.severity, 'category', f.category, 'title', f.title, 'description', f.description, 'component', f.component, 'fixedVersion', f.fixed_version, 'status', f.status, 'detectedAt', f.detected_at, 'engineId', f.engine_id) ORDER BY f.detected_at DESC) FROM scan_findings f WHERE f.tenant_id=p.tenant_id AND f.asset_id=p.id), '[]'::json) AS vulnerabilities, p.timeline, NULL AS scores, 'not_authoritatively_scored' AS "scoreStatus" FROM passports p WHERE p.tenant_id=${req.user!.tenantId} ORDER BY p.name ASC`);[39m
[31m+       return res.json((result as any).rows || []);[39m
[31m+     } catch (error) {[39m
[31m+       return next(error);[39m
[31m+     }[39m
[31m+   });[39m
[31m+[39m
[31m+   router.get('/user/extensions', requireAuth, async (req: AuthenticatedRequest, res, next) => {[39m
[31m+     try {[39m
[31m+       const db = req.db!;[39m
[31m+       const result = await db.execute(sql`SELECT extension_id AS "extensionId", installed_at AS "installedAt" FROM extension_installations WHERE tenant_id=${req.user!.tenantId} ORDER BY installed_at DESC`);[39m
[31m+       return res.json((result as any).rows || []);[39m
[31m+     } catch (error) {[39m
[31m+       return next(error);[39m
[31m+     }[39m
[31m+   });[39m
[31m+[39m
[31m+   router.post('/user/extensions/:extensionId', requireAuth, requireRole(['Owner', 'Admin', 'Operator']), async (req: AuthenticatedRequest, res, next) => {[39m
[31m+     try {[39m
[31m+       const extensionId = String(req.params.extensionId || '').trim();[39m
[31m+       if (!/^[A-Za-z0-9_.-]{1,120}$/.test(extensionId)) return res.status(400).json({ error: 'Invalid extension id' });[39m
[31m+       const db = req.db!;[39m
[31m+       const result = await db.execute(sql`INSERT INTO extension_installations (tenant_id, extension_id, installed_at) VALUES (${req.user!.tenantId}, ${extensionId}, NOW()) ON CONFLICT (tenant_id, extension_id) DO UPDATE SET installed_at=NOW() RETURNING extension_id AS "extensionId", installed_at AS "installedAt"`);[39m
[31m+       return res.status(201).json((result as any).rows?.[0]);[39m
[31m+     } catch (error) {[39m
[31m+       return next(error);[39m
[31m+     }[39m
[31m+   });[39m
[31m+[39m
[31m+   router.delete('/user/extensions/:extensionId', requireAuth, requireRole(['Owner', 'Admin', 'Operator']), async (req: AuthenticatedRequest, res, next) => {[39m
[31m+     try {[39m
[31m+       const db = req.db!;[39m
[31m+       const extensionId = String(req.params.extensionId || '').trim();[39m
[31m+       const result = await db.execute(sql`DELETE FROM extension_installations WHERE tenant_id=${req.user!.tenantId} AND extension_id=${extensionId} RETURNING extension_id`);[39m
[31m+       if (!((result as any).rows?.length)) return res.status(404).json({ error: 'Extension installation not found' });[39m
[31m+       return res.status(204).send();[39m
[31m+     } catch (error) {[39m
[31m+       return next(error);[39m
[31m+     }[39m
[31m+   });[39m
[31m+[39m
[31m+   router.get('/auth/verify-status', requireAuth, async (req: AuthenticatedRequest, res) => {[39m
[31m+     return res.json({ verified: req.user!.emailVerified, emailVerified: req.user!.emailVerified });[39m
[31m+   });[39m
[31m+[39m
[31m+[39m
[31m+[39m
[31m+   router.get('/user/passports/:id/verification', requireAuth, async (req: AuthenticatedRequest, res, next) => {[39m
[31m+     try {[39m
[31m+       const db = req.db!;[39m
[31m+       const tenantId = req.user!.tenantId;[39m
[31m+       const clientScope = req.user!.role === 'Client' ? (req.user as any).clientId : null;[39m
[31m+       const passportResult = await db.execute(sql`SELECT id, version, evidence, client_id AS "clientId" FROM passports WHERE id=${req.params.id} AND tenant_id=${tenantId} AND (${clientScope} IS NULL OR client_id=${clientScope}) LIMIT 1`) as any;[39m
[31m+       const passport = passportResult.rows?.[0];[39m
[31m+       if (!passport) return res.status(404).json({ error: 'Passport not found' });[39m
[31m+       const findingResult = await db.execute(sql`SELECT id, passport_id AS "passportId", evidence_ids, status FROM trust_findings WHERE tenant_id=${tenantId} AND passport_id=${passport.id}`) as any;[39m
[31m+       const parseJson = (value: unknown): unknown[] => { try { const parsed = JSON.parse(String(value ?? '')); return Array.isArray(parsed) ? parsed : []; } catch { return []; } };[39m
[31m+       const openFindingEvidenceIds = (findingResult.rows ?? []).filter((row: any) => !['resolved','closed','verified'].includes(String(row.status || '').toLowerCase())).flatMap((row: any) => parseJson(row.evidence_ids)).filter((id: any): id is string => typeof id === 'string');[39m
[31m+       const adapted = adaptEvidenceForEvaluation({ evidence: parseJson(passport.evidence) as any[], passportVersion: passport.version, openFindingEvidenceIds });[39m
[31m+       const evaluatedAt = Date.now();[39m
[31m+       const decision = evaluateVerification({ evidence: adapted.evidence, evaluatedAt, targetIdentity: adapted.targetIdentity });[39m
[31m+       res.setHeader('Cache-Control', 'private, max-age=0, no-store');[39m
[31m+       return res.json({ decision, observations: decision.observationCount, independentSources: decision.independentSourceCount });[39m
[31m+     } catch (error) { return next(error); }[39m
[31m+   });[39m
[31m+[39m
[31m+   router.get('/user/verification', requireAuth, async (req: AuthenticatedRequest, res, next) => {[39m
[31m+     try {[39m
[31m+       const db = req.db!;[39m
[31m+       const tenantId = req.user!.tenantId;[39m
[31m+       const clientScope = req.user!.role === 'Client' ? (req.user as any).clientId : null;[39m
[31m+       const passportRows = (await db.execute(sql`SELECT id, version, evidence, client_id AS "clientId" FROM passports WHERE tenant_id=${tenantId} AND (${clientScope} IS NULL OR client_id=${clientScope}) ORDER BY id`) as any).rows ?? [];[39m
[31m+       const passportIds = passportRows.map((row: any) => String(row.id));[39m
[31m+       const parseJson = (value: unknown): unknown[] => { try { const parsed = JSON.parse(String(value ?? '')); return Array.isArray(parsed) ? parsed : []; } catch { return []; } };[39m
[31m+       // Drizzle's proven one-query binding shape for the passport findings is[39m
[31m+       // `asset_id IN ${passportIds}`; do not replace this with ANY(array).[39m
[31m+       const findingRows = passportIds.length ? ((await db.execute(sql`SELECT id, passport_id AS "passportId", evidence_ids, status FROM trust_findings WHERE tenant_id=${tenantId} AND passport_id IN ${passportIds}`) as any).rows ?? []) : [];[39m
[31m+       const evidenceByPassport = new Map<string, any[]>();[39m
[31m+       for (const passport of passportRows) evidenceByPassport.set(String(passport.id), parseJson(passport.evidence) as any[]);[39m
[31m+       const evaluatedAt = Date.now();[39m
[31m+       const verificationDecisions: Record<string, VerificationDecision> = {};[39m
[31m+       const verificationDetails: Record<string, unknown> = {};[39m
[31m+       for (const passport of passportRows) {[39m
[31m+         const findings = findingRows.filter((row: any) => String(row.passportId) === String(passport.id));[39m
[31m+         const openFindingEvidenceIds = findings.filter((row: any) => !['resolved','closed','verified'].includes(String(row.status || '').toLowerCase())).flatMap((row: any) => parseJson(row.evidence_ids)).filter((id: any): id is string => typeof id === 'string');[39m
[31m+         const adapted = adaptEvidenceForEvaluation({ evidence: evidenceByPassport.get(String(passport.id)) ?? [], passportVersion: passport.version, openFindingEvidenceIds });[39m
[31m+         const decision = evaluateVerification({ evidence: adapted.evidence, evaluatedAt, targetIdentity: adapted.targetIdentity });[39m
[31m+         verificationDecisions[String(passport.id)] = decision;[39m
[31m+         verificationDetails[String(passport.id)] = { unmappedCount: adapted.unmappedCount, undatedCount: adapted.undatedCount, observations: decision.observationCount, independentSources: decision.independentSourceCount };[39m
[31m+       }[39m
[31m+       res.setHeader('Cache-Control', 'private, max-age=0, no-store');[39m
[31m+       return res.json({ verificationDecisions, verificationDetails });[39m
[31m+     } catch (error) { return next(error); }[39m
[31m+   });[39m
[31m+[39m
[31m+   return router;[39m
[31m+ }[39m
[31m+[39m

[36m [2m❯[22m tests/client-creation-contract.test.ts:[2m82:15[22m[39m
    [90m 80| [39m  it('verifies the invited client actually belongs to the inviter\'s o…
    [90m 81| [39m    [35mconst[39m s [33m=[39m [34msource[39m()[33m;[39m
    [90m 82| [39m    expect(s).toContain('SELECT id FROM clients WHERE id = ${parsed.da…
    [90m   | [39m              [31m^[39m
    [90m 83| [39m    expect(s).toContain("return res.status(404).json({ error: 'Client …
    [90m 84| [39m  })[33m;[39m

[31m[2m⎯⎯⎯⎯⎯⎯⎯⎯⎯⎯⎯⎯⎯⎯⎯⎯⎯⎯⎯⎯⎯[17/141]⎯[22m[39m

[41m[1m FAIL [22m[49m tests/client-creation-contract.test.ts[2m > [22mclient-scoped invitation[2m > [22mpersists client_id on the invited user record
[31m[1mAssertionError[22m: expected '/**\n * @license\n * SPDX-License-Ide…' to contain 'INSERT INTO users (uid, email, tenant…'[39m

[32m- Expected[39m
[31m+ Received[39m

[32m- INSERT INTO users (uid, email, tenant_id, role, client_id, invited_by, onboarded)[39m
[31m+ /**[39m
[31m+  * @license[39m
[31m+  * SPDX-License-Identifier: Apache-2.0[39m
[31m+  */[39m
[31m+[39m
[31m+ import { Router } from 'express';[39m
[31m+ import { eq } from 'drizzle-orm';[39m
[31m+ import { sql } from 'drizzle-orm';[39m
[31m+ import { z } from 'zod';[39m
[31m+ import { users } from '../db/schema.ts';[39m
[31m+ import { AuthenticatedRequest, requireAuth, requireRole } from '../middleware/security.ts';[39m
[31m+ import { adminAuth, setUserCustomClaims } from '../lib/firebase-admin.ts';[39m
[31m+ import { appendAuditEntry, verifyAuditChain } from '../security/audit-log.ts';[39m
[31m+ import { describeUserAgent, sessionFingerprint } from '../security/session-tracking.ts';[39m
[31m+ import { offboardTenantData } from '../db/sync.ts';[39m
[31m+ import { INTEGRATION_CATALOG } from '../integrations/catalog.ts';[39m
[31m+ import { adaptEvidenceForEvaluation } from '../lib/verification/evidenceAdapter.ts';[39m
[31m+ import { evaluateVerification, type VerificationDecision } from '../lib/verification/evaluateVerification.ts';[39m
[31m+[39m
[31m+ const INVITABLE_ROLES = ['Admin', 'Technician', 'Viewer', 'Client'] as const;[39m
[31m+ const inviteSchema = z.object({ email: z.string().trim().email().max(255), role: z.enum(INVITABLE_ROLES) }).strict();[39m
[31m+ const roleUpdateSchema = z.object({ role: z.enum(INVITABLE_ROLES) }).strict();[39m
[31m+ const profileUpdateSchema = z.object({[39m
[31m+   displayName: z.string().trim().max(200).optional(),[39m
[31m+   roleTitle: z.string().trim().max(200).optional(),[39m
[31m+   companyName: z.string().trim().max(200).optional(),[39m
[31m+ }).strict();[39m
[31m+ const revokeSessionSchema = z.object({ sessionId: z.string().trim().min(1).max(200) }).strict();[39m
[31m+[39m
[31m+ export function createAuthRouter() {[39m
[31m+   const router = Router();[39m
[31m+[39m
[31m+   // The Firebase ID token is the sole authentication authority. The database[39m
[31m+   // record supplies the tenant/RBAC projection after token verification.[39m
[31m+   router.get('/user/me', requireAuth, async (req: AuthenticatedRequest, res, next) => {[39m
[31m+     try {[39m
[31m+       const db = req.db!;[39m
[31m+       const user = await db.select({[39m
[31m+         id: users.id,[39m
[31m+         uid: users.uid,[39m
[31m+         email: users.email,[39m
[31m+         tenantId: users.tenantId,[39m
[31m+         role: users.role,[39m
[31m+         companyName: users.companyName,[39m
[31m+         roleTitle: users.roleTitle,[39m
[31m+         displayName: users.displayName,[39m
[31m+         numTechnicians: users.numTechnicians,[39m
[31m+         clientCount: users.clientCount,[39m
[31m+         primaryUseCase: users.primaryUseCase,[39m
[31m+         onboarded: users.onboarded,[39m
[31m+         mfaEnabled: users.mfaEnabled,[39m
[31m+         createdAt: users.createdAt,[39m
[31m+       }).from(users).where(eq(users.uid, req.user!.uid)).then(rows => rows[0]);[39m
[31m+[39m
[31m+       if (!user) return res.status(403).json({ error: 'User account is not provisioned' });[39m
[31m+       return res.json({ ...user, emailVerified: req.user!.emailVerified });[39m
[31m+     } catch (error) {[39m
[31m+       return next(error);[39m
[31m+     }[39m
[31m+   });[39m
[31m+[39m
[31m+   router.put('/user/profile', requireAuth, async (req: AuthenticatedRequest, res, next) => {[39m
[31m+     try {[39m
[31m+       const db = req.db!;[39m
[31m+       const parsed = profileUpdateSchema.safeParse(req.body);[39m
[31m+       if (!parsed.success) return res.status(400).json({ error: 'Invalid request', details: parsed.error.flatten() });[39m
[31m+       const result = await db.execute(sql`[39m
[31m+         UPDATE users SET[39m
[31m+           display_name = COALESCE(${parsed.data.displayName ?? null}, display_name),[39m
[31m+           role_title = COALESCE(${parsed.data.roleTitle ?? null}, role_title),[39m
[31m+           company_name = COALESCE(${parsed.data.companyName ?? null}, company_name)[39m
[31m+         WHERE uid = ${req.user!.uid} AND tenant_id = ${req.user!.tenantId}[39m
[31m+         RETURNING id, email, display_name AS "displayName", role_title AS "roleTitle", company_name AS "companyName"[39m
[31m+       `);[39m
[31m+       const row = (result as any).rows?.[0];[39m
[31m+       if (!row) return res.status(404).json({ error: 'User account not found' });[39m
[31m+       await appendAuditEntry(db, { tenantId: req.user!.tenantId, action: 'profile.updated', actor: req.user!.email, payload: { userId: req.user!.id } });[39m
[31m+       return res.json(row);[39m
[31m+     } catch (error) {[39m
[31m+       return next(error);[39m
[31m+     }[39m
[31m+   });[39m
[31m+[39m
[31m+   router.get('/organization/team', requireAuth, async (req: AuthenticatedRequest, res, next) => {[39m
[31m+     try {[39m
[31m+       const db = req.db!;[39m
[31m+       const result = await db.execute(sql`[39m
[31m+         SELECT id, email, display_name AS "displayName", role, onboarded, created_at AS "createdAt"[39m
[31m+         FROM users WHERE tenant_id = ${req.user!.tenantId} ORDER BY created_at ASC[39m
[31m+       `);[39m
[31m+       return res.json((result as any).rows ?? []);[39m
[31m+     } catch (error) {[39m
[31m+       return next(error);[39m
[31m+     }[39m
[31m+   });[39m
[31m+[39m
[31m+   router.post('/organization/invite', requireAuth, requireRole(['Owner', 'Admin']), async (req: AuthenticatedRequest, res, next) => {[39m
[31m+     try {[39m
[31m+       const db = req.db!;[39m
[31m+       const parsed = inviteSchema.safeParse(req.body);[39m
[31m+       if (!parsed.success) return res.status(400).json({ error: 'Invalid request', details: parsed.error.flatten() });[39m
[31m+       const email = parsed.data.email.toLowerCase();[39m
[31m+[39m
[31m+       const existing = await db.execute(sql`SELECT id FROM users WHERE tenant_id = ${req.user!.tenantId} AND lower(btrim(email)) = ${email} LIMIT 1`);[39m
[31m+       if ((existing as any).rows?.length) return res.status(409).json({ error: 'This email is already a member of your workspace.' });[39m
[31m+[39m
[31m+       let firebaseUser;[39m
[31m+       try {[39m
[31m+         firebaseUser = await adminAuth.getUserByEmail(email);[39m
[31m+       } catch {[39m
[31m+         firebaseUser = await adminAuth.createUser({ email, emailVerified: false });[39m
[31m+       }[39m
[31m+[39m
[31m+       const inserted = await db.execute(sql`[39m
[31m+         INSERT INTO users (uid, email, tenant_id, role, invited_by, onboarded)[39m
[31m+         VALUES (${firebaseUser.uid}, ${email}, ${req.user!.tenantId}, ${parsed.data.role}, ${req.user!.email}, 0)[39m
[31m+         RETURNING id, email, role[39m
[31m+       `);[39m
[31m+       await setUserCustomClaims(firebaseUser.uid, { workspaceId: req.user!.tenantId, role: parsed.data.role });[39m
[31m+[39m
[31m+       let inviteLink: string | null = null;[39m
[31m+       try { inviteLink = await adminAuth.generatePasswordResetLink(email); } catch { inviteLink = null; }[39m
[31m+[39m
[31m+       await appendAuditEntry(db, { tenantId: req.user!.tenantId, action: 'team.invited', actor: req.user!.email, payload: { invitedEmail: email, role: parsed.data.role } });[39m
[31m+       return res.status(201).json({ ...(inserted as any).rows?.[0], inviteLink });[39m
[31m+     } catch (error) {[39m
[31m+       return next(error);[39m
[31m+     }[39m
[31m+   });[39m
[31m+[39m
[31m+   router.put('/organization/team/:userId/role', requireAuth, requireRole(['Owner', 'Admin']), async (req: AuthenticatedRequest, res, next) => {[39m
[31m+     try {[39m
[31m+       const db = req.db!;[39m
[31m+       const parsed = roleUpdateSchema.safeParse(req.body);[39m
[31m+       if (!parsed.success) return res.status(400).json({ error: 'Invalid request', details: parsed.error.flatten() });[39m
[31m+       const targetId = Number(req.params.userId);[39m
[31m+       if (!Number.isInteger(targetId)) return res.status(400).json({ error: 'Invalid user id' });[39m
[31m+[39m
[31m+       const result = await db.execute(sql`[39m
[31m+         UPDATE users SET role = ${parsed.data.role}[39m
[31m+         WHERE id = ${targetId} AND tenant_id = ${req.user!.tenantId} AND role <> 'Owner'[39m
[31m+         RETURNING id, uid, email, role[39m
[31m+       `);[39m
[31m+       const row = (result as any).rows?.[0];[39m
[31m+       if (!row) return res.status(404).json({ error: 'Team member not found, or the Owner role cannot be changed here.' });[39m
[31m+       await setUserCustomClaims(row.uid, { workspaceId: req.user!.tenantId, role: parsed.data.role });[39m
[31m+       await appendAuditEntry(db, { tenantId: req.user!.tenantId, action: 'team.role_changed', actor: req.user!.email, payload: { targetUserId: targetId, newRole: parsed.data.role } });[39m
[31m+       return res.json({ id: row.id, email: row.email, role: row.role });[39m
[31m+     } catch (error) {[39m
[31m+       return next(error);[39m
[31m+     }[39m
[31m+   });[39m
[31m+[39m
[31m+   router.delete('/organization/team/:userId', requireAuth, requireRole(['Owner', 'Admin']), async (req: AuthenticatedRequest, res, next) => {[39m
[31m+     try {[39m
[31m+       const db = req.db!;[39m
[31m+       const targetId = Number(req.params.userId);[39m
[31m+       if (!Number.isInteger(targetId)) return res.status(400).json({ error: 'Invalid user id' });[39m
[31m+[39m
[31m+       const result = await db.execute(sql`[39m
[31m+         DELETE FROM users WHERE id = ${targetId} AND tenant_id = ${req.user!.tenantId} AND role <> 'Owner'[39m
[31m+         RETURNING id, uid, email[39m
[31m+       `);[39m
[31m+       const row = (result as any).rows?.[0];[39m
[31m+       if (!row) return res.status(404).json({ error: 'Team member not found, or the Owner cannot be removed.' });[39m
[31m+[39m
[31m+       try { await adminAuth.updateUser(row.uid, { disabled: true }); await adminAuth.revokeRefreshTokens(row.uid); } catch { /* Firebase account may already be gone; DB removal already took effect. */ }[39m
[31m+       await appendAuditEntry(db, { tenantId: req.user!.tenantId, action: 'team.removed', actor: req.user!.email, payload: { targetUserId: targetId, targetEmail: row.email } });[39m
[31m+       return res.status(204).send();[39m
[31m+     } catch (error) {[39m
[31m+       return next(error);[39m
[31m+     }[39m
[31m+   });[39m
[31m+[39m
[31m+   router.get('/auth/sessions', requireAuth, async (req: AuthenticatedRequest, res, next) => {[39m
[31m+     try {[39m
[31m+       const db = req.db!;[39m
[31m+       const currentIp = req.ip || req.socket.remoteAddress || 'unknown';[39m
[31m+       const currentUserAgent = typeof req.headers['user-agent'] === 'string' ? req.headers['user-agent'].slice(0, 512) : '';[39m
[31m+       const currentFingerprint = sessionFingerprint(req.user!.uid, currentIp, currentUserAgent);[39m
[31m+[39m
[31m+       const result = await db.execute(sql`[39m
[31m+         SELECT id, session_fingerprint AS "sessionFingerprint", ip, user_agent AS "userAgent", last_seen_at AS "lastSeenAt"[39m
[31m+         FROM user_sessions[39m
[31m+         WHERE tenant_id = ${req.user!.tenantId} AND user_id = ${req.user!.id} AND revoked_at IS NULL[39m
[31m+         ORDER BY last_seen_at DESC[39m
[31m+       `);[39m
[31m+       const rows = ((result as any).rows ?? []) as Array<{ id: string; sessionFingerprint: string; ip: string; userAgent: string; lastSeenAt: string }>;[39m
[31m+       return res.json(rows.map(row => ({[39m
[31m+         id: row.id,[39m
[31m+         email: req.user!.email,[39m
[31m+         current: row.sessionFingerprint === currentFingerprint,[39m
[31m+         ip: row.ip,[39m
[31m+         device: describeUserAgent(row.userAgent),[39m
[31m+         location: 'Not geolocated',[39m
[31m+         lastSeenAt: row.lastSeenAt,[39m
[31m+       })));[39m
[31m+     } catch (error) {[39m
[31m+       return next(error);[39m
[31m+     }[39m
[31m+   });[39m
[31m+[39m
[31m+   router.post('/auth/sessions/revoke', requireAuth, async (req: AuthenticatedRequest, res, next) => {[39m
[31m+     try {[39m
[31m+       const db = req.db!;[39m
[31m+       const parsed = revokeSessionSchema.safeParse(req.body);[39m
[31m+       if (!parsed.success) return res.status(400).json({ error: 'Invalid request', details: parsed.error.flatten() });[39m
[31m+       const currentIp = req.ip || req.socket.remoteAddress || 'unknown';[39m
[31m+       const currentUserAgent = typeof req.headers['user-agent'] === 'string' ? req.headers['user-agent'].slice(0, 512) : '';[39m
[31m+       const currentFingerprint = sessionFingerprint(req.user!.uid, currentIp, currentUserAgent);[39m
[31m+       if (parsed.data.sessionId === `sess_${currentFingerprint}`) return res.status(400).json({ error: 'Cannot revoke the session you are currently using. Sign out instead.' });[39m
[31m+[39m
[31m+       const result = await db.execute(sql`[39m
[31m+         UPDATE user_sessions SET revoked_at = NOW()[39m
[31m+         WHERE id = ${parsed.data.sessionId} AND tenant_id = ${req.user!.tenantId} AND user_id = ${req.user!.id} AND revoked_at IS NULL[39m
[31m+         RETURNING id[39m
[31m+       `);[39m
[31m+       if (!((result as any).rows?.length)) return res.status(404).json({ error: 'Session not found' });[39m
[31m+       await appendAuditEntry(db, { tenantId: req.user!.tenantId, action: 'session.revoked', actor: req.user!.email, payload: { sessionId: parsed.data.sessionId } });[39m
[31m+       return res.status(204).send();[39m
[31m+     } catch (error) {[39m
[31m+       return next(error);[39m
[31m+     }[39m
[31m+   });[39m
[31m+[39m
[31m+   router.get('/auth/login-history', requireAuth, async (req: AuthenticatedRequest, res, next) => {[39m
[31m+     try {[39m
[31m+       const db = req.db!;[39m
[31m+       const result = await db.execute(sql`[39m
[31m+         SELECT id, ip, user_agent AS "userAgent", status, occurred_at AS "occurredAt"[39m
[31m+         FROM login_history WHERE tenant_id = ${req.user!.tenantId} AND user_id = ${req.user!.id}[39m
[31m+         ORDER BY occurred_at DESC LIMIT 50[39m
[31m+       `);[39m
[31m+       const rows = ((result as any).rows ?? []) as Array<{ id: string; ip: string; userAgent: string; status: string; occurredAt: string }>;[39m
[31m+       return res.json(rows.map(row => ({[39m
[31m+         id: row.id,[39m
[31m+         email: req.user!.email,[39m
[31m+         status: row.status,[39m
[31m+         action: 'Sign-in',[39m
[31m+         timestamp: row.occurredAt,[39m
[31m+         ip: row.ip,[39m
[31m+         location: 'Not geolocated',[39m
[31m+       })));[39m
[31m+     } catch (error) {[39m
[31m+       return next(error);[39m
[31m+     }[39m
[31m+   });[39m
[31m+[39m
[31m+   router.get('/auth/audit-chain', requireAuth, async (req: AuthenticatedRequest, res, next) => {[39m
[31m+     try {[39m
[31m+       const db = req.db!;[39m
[31m+       const beforeRaw = typeof req.query.before === 'string' ? Number(req.query.before) : null;[39m
[31m+       const before = Number.isInteger(beforeRaw) && beforeRaw! > 0 ? beforeRaw : null;[39m
[31m+       const result = before[39m
[31m+         ? await db.execute(sql`[39m
[31m+             SELECT id, action, timestamp, actor, payload, current_hash AS "currentHash", previous_hash AS "previousHash"[39m
[31m+             FROM audit_trail WHERE tenant_id = ${req.user!.tenantId} AND id < ${before} ORDER BY id DESC LIMIT 50[39m
[31m+           `)[39m
[31m+         : await db.execute(sql`[39m
[31m+         SELECT id, action, timestamp, actor, payload, current_hash AS "currentHash", previous_hash AS "previousHash"[39m
[31m+         FROM audit_trail WHERE tenant_id = ${req.user!.tenantId} ORDER BY id DESC LIMIT 50[39m
[31m+       `);[39m
[31m+       const rows = ((result as any).rows ?? []) as Array<{ id: number; action: string; timestamp: string; actor: string; payload: string; currentHash: string; previousHash: string }>;[39m
[31m+       return res.json(rows.map(row => ({[39m
[31m+         id: row.id,[39m
[31m+         action: row.action,[39m
[31m+         timestamp: row.timestamp,[39m
[31m+         actor: row.actor,[39m
[31m+         payload: row.payload,[39m
[31m+         hash: row.currentHash,[39m
[31m+         currentHash: row.currentHash,[39m
[31m+         previousHash: row.previousHash,[39m
[31m+         block: { action: row.action, userEmail: row.actor.includes('@') ? row.actor : null },[39m
[31m+       })));[39m
[31m+     } catch (error) {[39m
[31m+       return next(error);[39m
[31m+     }[39m
[31m+   });[39m
[31m+[39m
[31m+   router.get('/auth/audit-chain/verify', requireAuth, async (req: AuthenticatedRequest, res, next) => {[39m
[31m+     try {[39m
[31m+       const db = req.db!;[39m
[31m+       return res.json(await verifyAuditChain(db, req.user!.tenantId));[39m
[31m+     } catch (error) {[39m
[31m+       return next(error);[39m
[31m+     }[39m
[31m+   });[39m
[31m+[39m
[31m+   router.post('/tenant/offboard', requireAuth, requireRole('Owner'), async (req: AuthenticatedRequest, res, next) => {[39m
[31m+     try {[39m
[31m+       // Purges via the owner-role connection (not req.db): offboarding must be[39m
[31m+       // able to see every table it enumerates from information_schema, and it[39m
[31m+       // already scopes every DELETE to exactly this caller's own tenant_id.[39m
[31m+       await offboardTenantData(req.user!.tenantId);[39m
[31m+       return res.status(200).json({ message: 'Tenant data purged.' });[39m
[31m+     } catch (error) {[39m
[31m+       return next(error);[39m
[31m+     }[39m
[31m+   });[39m
[31m+[39m
[31m+   // Owner-only founder metrics. Every value is either observed from tenant[39m
[31m+   // data or explicitly reported as not verified; this endpoint never invents[39m
[31m+   // production health, security, financial, or performance telemetry.[39m
[31m+   router.get('/founder/metrics', requireAuth, requireRole('Owner'), async (req: AuthenticatedRequest, res, next) => {[39m
[31m+     try {[39m
[31m+       const db = req.db!;[39m
[31m+       const counts = await db.execute(sql`[39m
[31m+         SELECT[39m
[31m+           (SELECT COUNT(*)::int FROM clients WHERE tenant_id = ${req.user!.tenantId}) AS "clientCount",[39m
[31m+           (SELECT COUNT(*)::int FROM passports WHERE tenant_id = ${req.user!.tenantId}) AS "passportCount",[39m
[31m+           (SELECT COUNT(*)::int FROM scans WHERE tenant_id = ${req.user!.tenantId}) AS "scanCount"[39m
[31m+       `);[39m
[31m+       const row = (counts as any).rows?.[0] || {};[39m
[31m+       return res.json({[39m
[31m+         latency: 'Not verified',[39m
[31m+         capitalProtected: 'Not verified',[39m
[31m+         throughput: 'Not verified',[39m
[31m+         mitigations: 'Not verified',[39m
[31m+         overallScore: null,[39m
[31m+         auditEvents: null,[39m
[31m+         activeThreats: null,[39m
[31m+         systemIntegrity: 'Not verified',[39m
[31m+         observed: {[39m
[31m+           clientCount: Number(row.clientCount || 0),[39m
[31m+           passportCount: Number(row.passportCount || 0),[39m
[31m+           scanCount: Number(row.scanCount || 0),[39m
[31m+         },[39m
[31m+       });[39m
[31m+     } catch (error) {[39m
[31m+       return next(error);[39m
[31m+     }[39m
[31m+   });[39m
[31m+[39m
[31m+   // Owner-only operational health for the command center. Every section reads[39m
[31m+   // from the real tables the corresponding subsystem already writes -- no[39m
[31m+   // second heartbeat, delivery ledger, integration status, or audit verifier[39m
[31m+   // is created here. Sections with no real backing data are omitted rather[39m
[31m+   // than populated with placeholder values; see the `notes` field.[39m
[31m+   router.get('/founder/operations', requireAuth, requireRole('Owner'), async (req: AuthenticatedRequest, res, next) => {[39m
[31m+     try {[39m
[31m+       const db = req.db!;[39m
[31m+       const tenantId = req.user!.tenantId;[39m
[31m+       const notes: string[] = [];[39m
[31m+[39m
[31m+       // --- A. Worker/job health ---------------------------------------------[39m
[31m+       // osv-worker.ts claims agent_jobs rows (job_type osv_manifest_scan /[39m
[31m+       // repository_scan). It has no separate heartbeat row; the queue state[39m
[31m+       // itself (locked_at/locked_by, the same 10-minute staleness window the[39m
[31m+       // worker uses to reclaim stuck jobs) is the real signal.[39m
[31m+       const [osvCounts, osvStale, osvFailures, osvActivity] = await Promise.all([[39m
[31m+         db.execute(sql`SELECT job_type AS "jobType", status, COUNT(*)::int AS count FROM agent_jobs WHERE tenant_id=${tenantId} AND job_type IN ('osv_manifest_scan','repository_scan') GROUP BY job_type, status`),[39m
[31m+         db.execute(sql`SELECT COUNT(*)::int AS count FROM agent_jobs WHERE tenant_id=${tenantId} AND job_type IN ('osv_manifest_scan','repository_scan') AND status='Running' AND locked_at < NOW() - INTERVAL '10 minutes'`),[39m
[31m+         db.execute(sql`SELECT id, job_type AS "jobType", error, attempt_count AS "attemptCount", max_attempts AS "maxAttempts", updated_at AS "updatedAt" FROM agent_jobs WHERE tenant_id=${tenantId} AND job_type IN ('osv_manifest_scan','repository_scan') AND status='Failed' ORDER BY updated_at DESC LIMIT 5`),[39m
[31m+         db.execute(sql`SELECT MAX(updated_at) AS "lastActivityAt" FROM agent_jobs WHERE tenant_id=${tenantId} AND job_type IN ('osv_manifest_scan','repository_scan')`),[39m
[31m+       ]);[39m
[31m+[39m
[31m+       // monitoring-worker.ts (the file name this dashboard's spec named) is not[39m
[31m+       // imported by worker.ts and never runs in production -- confirmed dead[39m
[31m+       // code, not a running system. trust-monitoring-worker.ts is the real,[39m
[31m+       // currently-running system that plays the equivalent role (collector_jobs[39m
[31m+       // has an actual heartbeat_at column, unlike agent_jobs).[39m
[31m+       const [monitoringCounts, monitoringHeartbeat, monitoringFailures] = await Promise.all([[39m
[31m+         db.execute(sql`SELECT state, COUNT(*)::int AS count FROM collector_jobs WHERE tenant_id=${tenantId} GROUP BY state`),[39m
[31m+         db.execute(sql`SELECT MAX(heartbeat_at) AS "lastHeartbeatAt" FROM collector_jobs WHERE tenant_id=${tenantId} AND state='running'`),[39m
[31m+         db.execute(sql`SELECT id, collector_id AS "collectorId", safe_error_code AS "errorCode", safe_error_message AS "errorMessage", completed_at AS "completedAt" FROM collector_jobs WHERE tenant_id=${tenantId} AND state IN ('failed','dead_lettered') ORDER BY completed_at DESC NULLS LAST LIMIT 5`),[39m
[31m+       ]);[39m
[31m+       notes.push('monitoring-worker.ts is dead code (never imported by worker.ts); "monitoringWorker" below reflects trust-monitoring-worker.ts, the real running system for the same role.');[39m
[31m+[39m
[31m+       // --- B. Webhook delivery health ----------------------------------------[39m
[31m+       const [webhookCounts, webhookEndpoints, webhookFailures] = await Promise.all([[39m
[31m+         db.execute(sql`SELECT status, COUNT(*)::int AS count FROM spr_webhook_deliveries WHERE tenant_id=${tenantId} AND created_at::timestamptz > NOW() - INTERVAL '7 days' GROUP BY status`),[39m
[31m+         db.execute(sql`SELECT COUNT(*) FILTER (WHERE active)::int AS "activeCount", COUNT(*) FILTER (WHERE NOT active)::int AS "disabledCount" FROM spr_webhooks WHERE tenant_id=${tenantId}`),[39m
[31m+         db.execute(sql`SELECT d.id, d.webhook_id AS "webhookId", w.url, d.event_type AS "eventType", d.safe_error_code AS "errorCode", d.safe_error_message AS "errorMessage", d.completed_at AS "completedAt" FROM spr_webhook_deliveries d JOIN spr_webhooks w ON w.id=d.webhook_id AND w.tenant_id=d.tenant_id WHERE d.tenant_id=${tenantId} AND d.status IN ('failed','dead_lettered') ORDER BY d.completed_at DESC NULLS LAST LIMIT 10`),[39m
[31m+       ]);[39m
[31m+       notes.push('Webhook failures are grouped by destination endpoint (webhookId/url), not "provider" -- SPR webhooks are user-configured destination URLs, not third-party provider connectors; there is no per-provider concept for outbound deliveries.');[39m
[31m+[39m
[31m+       // --- C. Integration health ----------------------------------------------[39m
[31m+       const [credentialRows, integrationRows] = await Promise.all([[39m
[31m+         db.execute(sql`SELECT provider, status, last_tested_at AS "lastTestedAt" FROM integration_credentials WHERE tenant_id=${tenantId}`),[39m
[31m+         db.execute(sql`SELECT name, connected, last_sync_date AS "lastSyncDate" FROM integrations WHERE tenant_id=${tenantId}`),[39m
[31m+       ]);[39m
[31m+       const credentialByProvider = new Map<string, any>((credentialRows as any).rows?.map((r: any) => [r.provider, r]) ?? []);[39m
[31m+       const integrationByName = new Map<string, any>((integrationRows as any).rows?.map((r: any) => [r.name, r]) ?? []);[39m
[31m+       const integrations = INTEGRATION_CATALOG.map((item) => ({[39m
[31m+         provider: item.provider,[39m
[31m+         name: item.name,[39m
[31m+         connected: Boolean(integrationByName.get(item.name)?.connected),[39m
[31m+         lastSyncDate: integrationByName.get(item.name)?.lastSyncDate ?? null,[39m
[31m+         credentialStatus: credentialByProvider.get(item.provider)?.status ?? 'NOT_CONFIGURED',[39m
[31m+         lastTestedAt: credentialByProvider.get(item.provider)?.lastTestedAt ?? null,[39m
[31m+       }));[39m
[31m+[39m
[31m+       // --- D. Audit chain integrity --------------------------------------------[39m
[31m+       // Reuses the exact function GET /api/auth/audit-chain/verify calls --[39m
[31m+       // no second verifier.[39m
[31m+       const auditChain = await verifyAuditChain(db, tenantId);[39m
[31m+[39m
[31m+       // --- E. Scan / job queue --------------------------------------------------[39m
[31m+       const [runningRepoScans, complianceSchedules] = await Promise.all([[39m
[31m+         db.execute(sql`SELECT id, passport_id AS "passportId", status, progress, updated_at AS "updatedAt" FROM agent_jobs WHERE tenant_id=${tenantId} AND job_type='repository_scan' AND status='Running' ORDER BY updated_at DESC LIMIT 10`),[39m
[31m+         db.execute(sql`SELECT id, client_id AS "clientId", frequency, status, last_audit_at AS "lastAuditAt", next_audit_at AS "nextAuditAt" FROM compliance_schedules WHERE tenant_id=${tenantId} ORDER BY COALESCE(last_audit_at, created_at) DESC LIMIT 10`),[39m
[31m+       ]);[39m
[31m+[39m
[31m+       return res.json({[39m
[31m+         generatedAt: new Date().toISOString(),[39m
[31m+         workers: {[39m
[31m+           osv: {[39m
[31m+             countsByStatus: (osvCounts as any).rows ?? [],[39m
[31m+             staleRunningCount: Number((osvStale as any).rows?.[0]?.count ?? 0),[39m
[31m+             recentFailures: (osvFailures as any).rows ?? [],[39m
[31m+             lastActivityAt: (osvActivity as any).rows?.[0]?.lastActivityAt ?? null,[39m
[31m+           },[39m
[31m+           monitoringWorker: {[39m
[31m+             realSource: 'trust-monitoring-worker.ts (collector_jobs)',[39m
[31m+             countsByState: (monitoringCounts as any).rows ?? [],[39m
[31m+             lastHeartbeatAt: (monitoringHeartbeat as any).rows?.[0]?.lastHeartbeatAt ?? null,[39m
[31m+             recentFailures: (monitoringFailures as any).rows ?? [],[39m
[31m+           },[39m
[31m+         },[39m
[31m+         webhooks: {[39m
[31m+           countsByStatusLast7Days: (webhookCounts as any).rows ?? [],[39m
[31m+           activeEndpoints: Number((webhookEndpoints as any).rows?.[0]?.activeCount ?? 0),[39m
[31m+           disabledEndpoints: Number((webhookEndpoints as any).rows?.[0]?.disabledCount ?? 0),[39m
[31m+           recentFailures: (webhookFailures as any).rows ?? [],[39m
[31m+         },[39m
[31m+         integrations,[39m
[31m+         auditChain,[39m
[31m+         queue: {[39m
[31m+           runningRepositoryScans: (runningRepoScans as any).rows ?? [],[39m
[31m+           recentlyFailedJobs: (osvFailures as any).rows ?? [],[39m
[31m+           complianceSchedules: (complianceSchedules as any).rows ?? [],[39m
[31m+         },[39m
[31m+         notes,[39m
[31m+       });[39m
[31m+     } catch (error) {[39m
[31m+       return next(error);[39m
[31m+     }[39m
[31m+   });[39m
[31m+[39m
[31m+   // Owner-only self-passport retrieval. Absence of evidence is represented as[39m
[31m+   // a 404 instead of a fabricated passport or trust score.[39m
[31m+   router.get('/passports/self-passport', requireAuth, requireRole('Owner'), async (req: AuthenticatedRequest, res, next) => {[39m
[31m+     try {[39m
[31m+       const db = req.db!;[39m
[31m+       const result = await db.execute(sql`[39m
[31m+         SELECT[39m
[31m+           id,[39m
[31m+           name,[39m
[31m+           version,[39m
[31m+           publisher,[39m
[31m+           release_date AS "releaseDate",[39m
[31m+           evidence[39m
[31m+         FROM passports[39m
[31m+         WHERE tenant_id = ${req.user!.tenantId}[39m
[31m+         ORDER BY release_date DESC NULLS LAST, id DESC[39m
[31m+         LIMIT 1[39m
[31m+       `);[39m
[31m+       const row = (result as any).rows?.[0];[39m
[31m+       if (!row) return res.status(404).json({ error: 'Self passport evidence not found', code: 'SELF_PASSPORT_NOT_FOUND' });[39m
[31m+       return res.json({[39m
[31m+         ...row,[39m
[31m+         overallScore: null,[39m
[31m+         healthStatus: 'Not verified',[39m
[31m+         evidence: Array.isArray(row.evidence) ? row.evidence : [],[39m
[31m+       });[39m
[31m+     } catch (error) {[39m
[31m+       return next(error);[39m
[31m+     }[39m
[31m+   });[39m
[31m+[39m
[31m+   // Firebase-authenticated, tenant-scoped reads for the first-party SPA.[39m
[31m+   // These are deliberately separate from /connect/v1, which is API-key based.[39m
[31m+   router.get('/user/clients', requireAuth, async (req: AuthenticatedRequest, res, next) => {[39m
[31m+     try {[39m
[31m+       const db = req.db!;[39m
[31m+       const result = await db.execute(sql`SELECT id, name, domain, industry, trust_score AS "trustScore", risk_level AS "riskLevel", avatar_color AS "avatarColor", subscription_tier AS "subscriptionTier", joined_date AS "joinedDate", team_count AS "teamCount", passport_count AS "passportCount", critical_risks_count AS "criticalRisksCount", compliance_progress AS "complianceProgress", software_inventory AS "softwareInventory", compliance_status AS "complianceStatus", team_members AS "teamMembers", activity_timeline AS "activityTimeline" FROM clients WHERE tenant_id=${req.user!.tenantId} ORDER BY joined_date DESC`);[39m
[31m+       return res.json((result as any).rows || []);[39m
[31m+     } catch (error) {[39m
[31m+       return next(error);[39m
[31m+     }[39m
[31m+   });[39m
[31m+[39m
[31m+   router.get('/user/passports', requireAuth, async (req: AuthenticatedRequest, res, next) => {[39m
[31m+     try {[39m
[31m+       const db = req.db!;[39m
[31m+       const result = await db.execute(sql`SELECT p.id, p.client_id AS "clientId", p.name, p.version, p.publisher, p.category, p.release_date AS "releaseDate", p.license_type AS "licenseType", p.sbom, COALESCE((SELECT json_agg(json_build_object('id', e.id, 'name', e.name, 'type', e.type, 'verified', e.verified, 'status', e.status, 'signer', e.signer, 'timestamp', e.timestamp, 'hash', e.hash, 'engineId', e.engine_id, 'verificationFailureReason', e.verification_failure_reason) ORDER BY e.timestamp DESC) FROM evidence_items e WHERE e.tenant_id=p.tenant_id AND e.asset_id=p.id), '[]'::json) AS evidence, COALESCE((SELECT json_agg(json_build_object('id', f.id, 'findingId', f.id, 'severity', f.severity, 'category', f.category, 'title', f.title, 'description', f.description, 'component', f.component, 'fixedVersion', f.fixed_version, 'status', f.status, 'detectedAt', f.detected_at, 'engineId', f.engine_id) ORDER BY f.detected_at DESC) FROM scan_findings f WHERE f.tenant_id=p.tenant_id AND f.asset_id=p.id), '[]'::json) AS vulnerabilities, p.timeline, NULL AS scores, 'not_authoritatively_scored' AS "scoreStatus" FROM passports p WHERE p.tenant_id=${req.user!.tenantId} ORDER BY p.name ASC`);[39m
[31m+       return res.json((result as any).rows || []);[39m
[31m+     } catch (error) {[39m
[31m+       return next(error);[39m
[31m+     }[39m
[31m+   });[39m
[31m+[39m
[31m+   router.get('/user/extensions', requireAuth, async (req: AuthenticatedRequest, res, next) => {[39m
[31m+     try {[39m
[31m+       const db = req.db!;[39m
[31m+       const result = await db.execute(sql`SELECT extension_id AS "extensionId", installed_at AS "installedAt" FROM extension_installations WHERE tenant_id=${req.user!.tenantId} ORDER BY installed_at DESC`);[39m
[31m+       return res.json((result as any).rows || []);[39m
[31m+     } catch (error) {[39m
[31m+       return next(error);[39m
[31m+     }[39m
[31m+   });[39m
[31m+[39m
[31m+   router.post('/user/extensions/:extensionId', requireAuth, requireRole(['Owner', 'Admin', 'Operator']), async (req: AuthenticatedRequest, res, next) => {[39m
[31m+     try {[39m
[31m+       const extensionId = String(req.params.extensionId || '').trim();[39m
[31m+       if (!/^[A-Za-z0-9_.-]{1,120}$/.test(extensionId)) return res.status(400).json({ error: 'Invalid extension id' });[39m
[31m+       const db = req.db!;[39m
[31m+       const result = await db.execute(sql`INSERT INTO extension_installations (tenant_id, extension_id, installed_at) VALUES (${req.user!.tenantId}, ${extensionId}, NOW()) ON CONFLICT (tenant_id, extension_id) DO UPDATE SET installed_at=NOW() RETURNING extension_id AS "extensionId", installed_at AS "installedAt"`);[39m
[31m+       return res.status(201).json((result as any).rows?.[0]);[39m
[31m+     } catch (error) {[39m
[31m+       return next(error);[39m
[31m+     }[39m
[31m+   });[39m
[31m+[39m
[31m+   router.delete('/user/extensions/:extensionId', requireAuth, requireRole(['Owner', 'Admin', 'Operator']), async (req: AuthenticatedRequest, res, next) => {[39m
[31m+     try {[39m
[31m+       const db = req.db!;[39m
[31m+       const extensionId = String(req.params.extensionId || '').trim();[39m
[31m+       const result = await db.execute(sql`DELETE FROM extension_installations WHERE tenant_id=${req.user!.tenantId} AND extension_id=${extensionId} RETURNING extension_id`);[39m
[31m+       if (!((result as any).rows?.length)) return res.status(404).json({ error: 'Extension installation not found' });[39m
[31m+       return res.status(204).send();[39m
[31m+     } catch (error) {[39m
[31m+       return next(error);[39m
[31m+     }[39m
[31m+   });[39m
[31m+[39m
[31m+   router.get('/auth/verify-status', requireAuth, async (req: AuthenticatedRequest, res) => {[39m
[31m+     return res.json({ verified: req.user!.emailVerified, emailVerified: req.user!.emailVerified });[39m
[31m+   });[39m
[31m+[39m
[31m+[39m
[31m+[39m
[31m+   router.get('/user/passports/:id/verification', requireAuth, async (req: AuthenticatedRequest, res, next) => {[39m
[31m+     try {[39m
[31m+       const db = req.db!;[39m
[31m+       const tenantId = req.user!.tenantId;[39m
[31m+       const clientScope = req.user!.role === 'Client' ? (req.user as any).clientId : null;[39m
[31m+       const passportResult = await db.execute(sql`SELECT id, version, evidence, client_id AS "clientId" FROM passports WHERE id=${req.params.id} AND tenant_id=${tenantId} AND (${clientScope} IS NULL OR client_id=${clientScope}) LIMIT 1`) as any;[39m
[31m+       const passport = passportResult.rows?.[0];[39m
[31m+       if (!passport) return res.status(404).json({ error: 'Passport not found' });[39m
[31m+       const findingResult = await db.execute(sql`SELECT id, passport_id AS "passportId", evidence_ids, status FROM trust_findings WHERE tenant_id=${tenantId} AND passport_id=${passport.id}`) as any;[39m
[31m+       const parseJson = (value: unknown): unknown[] => { try { const parsed = JSON.parse(String(value ?? '')); return Array.isArray(parsed) ? parsed : []; } catch { return []; } };[39m
[31m+       const openFindingEvidenceIds = (findingResult.rows ?? []).filter((row: any) => !['resolved','closed','verified'].includes(String(row.status || '').toLowerCase())).flatMap((row: any) => parseJson(row.evidence_ids)).filter((id: any): id is string => typeof id === 'string');[39m
[31m+       const adapted = adaptEvidenceForEvaluation({ evidence: parseJson(passport.evidence) as any[], passportVersion: passport.version, openFindingEvidenceIds });[39m
[31m+       const evaluatedAt = Date.now();[39m
[31m+       const decision = evaluateVerification({ evidence: adapted.evidence, evaluatedAt, targetIdentity: adapted.targetIdentity });[39m
[31m+       res.setHeader('Cache-Control', 'private, max-age=0, no-store');[39m
[31m+       return res.json({ decision, observations: decision.observationCount, independentSources: decision.independentSourceCount });[39m
[31m+     } catch (error) { return next(error); }[39m
[31m+   });[39m
[31m+[39m
[31m+   router.get('/user/verification', requireAuth, async (req: AuthenticatedRequest, res, next) => {[39m
[31m+     try {[39m
[31m+       const db = req.db!;[39m
[31m+       const tenantId = req.user!.tenantId;[39m
[31m+       const clientScope = req.user!.role === 'Client' ? (req.user as any).clientId : null;[39m
[31m+       const passportRows = (await db.execute(sql`SELECT id, version, evidence, client_id AS "clientId" FROM passports WHERE tenant_id=${tenantId} AND (${clientScope} IS NULL OR client_id=${clientScope}) ORDER BY id`) as any).rows ?? [];[39m
[31m+       const passportIds = passportRows.map((row: any) => String(row.id));[39m
[31m+       const parseJson = (value: unknown): unknown[] => { try { const parsed = JSON.parse(String(value ?? '')); return Array.isArray(parsed) ? parsed : []; } catch { return []; } };[39m
[31m+       // Drizzle's proven one-query binding shape for the passport findings is[39m
[31m+       // `asset_id IN ${passportIds}`; do not replace this with ANY(array).[39m
[31m+       const findingRows = passportIds.length ? ((await db.execute(sql`SELECT id, passport_id AS "passportId", evidence_ids, status FROM trust_findings WHERE tenant_id=${tenantId} AND passport_id IN ${passportIds}`) as any).rows ?? []) : [];[39m
[31m+       const evidenceByPassport = new Map<string, any[]>();[39m
[31m+       for (const passport of passportRows) evidenceByPassport.set(String(passport.id), parseJson(passport.evidence) as any[]);[39m
[31m+       const evaluatedAt = Date.now();[39m
[31m+       const verificationDecisions: Record<string, VerificationDecision> = {};[39m
[31m+       const verificationDetails: Record<string, unknown> = {};[39m
[31m+       for (const passport of passportRows) {[39m
[31m+         const findings = findingRows.filter((row: any) => String(row.passportId) === String(passport.id));[39m
[31m+         const openFindingEvidenceIds = findings.filter((row: any) => !['resolved','closed','verified'].includes(String(row.status || '').toLowerCase())).flatMap((row: any) => parseJson(row.evidence_ids)).filter((id: any): id is string => typeof id === 'string');[39m
[31m+         const adapted = adaptEvidenceForEvaluation({ evidence: evidenceByPassport.get(String(passport.id)) ?? [], passportVersion: passport.version, openFindingEvidenceIds });[39m
[31m+         const decision = evaluateVerification({ evidence: adapted.evidence, evaluatedAt, targetIdentity: adapted.targetIdentity });[39m
[31m+         verificationDecisions[String(passport.id)] = decision;[39m
[31m+         verificationDetails[String(passport.id)] = { unmappedCount: adapted.unmappedCount, undatedCount: adapted.undatedCount, observations: decision.observationCount, independentSources: decision.independentSourceCount };[39m
[31m+       }[39m
[31m+       res.setHeader('Cache-Control', 'private, max-age=0, no-store');[39m
[31m+       return res.json({ verificationDecisions, verificationDetails });[39m
[31m+     } catch (error) { return next(error); }[39m
[31m+   });[39m
[31m+[39m
[31m+   return router;[39m
[31m+ }[39m
[31m+[39m

[36m [2m❯[22m tests/client-creation-contract.test.ts:[2m88:15[22m[39m
    [90m 86| [39m  [34mit[39m([32m'persists client_id on the invited user record'[39m[33m,[39m () [33m=>[39m {
    [90m 87| [39m    [35mconst[39m s [33m=[39m [34msource[39m()[33m;[39m
    [90m 88| [39m    expect(s).toContain('INSERT INTO users (uid, email, tenant_id, rol…
    [90m   | [39m              [31m^[39m
    [90m 89| [39m  })[33m;[39m
    [90m 90| [39m})[33m;[39m

[31m[2m⎯⎯⎯⎯⎯⎯⎯⎯⎯⎯⎯⎯⎯⎯⎯⎯⎯⎯⎯⎯⎯[18/141]⎯[22m[39m

[41m[1m FAIL [22m[49m tests/client-creation-contract.test.ts[2m > [22mclient-creation error messages are readable, not "[object Object]"[2m > [22mthe global 404/error handlers return error as a plain string, matching every route's own JSON shape
[31m[1mAssertionError[22m: expected 'import express, { type NextFunction, …' to contain 'error: status === 500 ? \'An unexpect…'[39m

[32m- Expected[39m
[31m+ Received[39m

[32m- error: status === 500 ? 'An unexpected server error occurred.' : err?.message || 'Request failed.', code: status === 500 ? 'INTERNAL_SERVER_ERROR' : 'REQUEST_FAILED'[39m
[31m+ import express, { type NextFunction, type Request, type Response } from 'express';[39m
[31m+ import cors from 'cors';[39m
[31m+ import helmet from 'helmet';[39m
[31m+ import * as Sentry from '@sentry/node';[39m
[31m+ import path from 'node:path';[39m
[31m+ import { fileURLToPath } from 'node:url';[39m
[31m+ import { randomUUID } from 'node:crypto';[39m
[31m+ import { config, validateConfiguration } from './src/config.ts';[39m
[31m+ import { checkDatabaseHealth, closeDatabase, db } from './src/db/index.ts';[39m
[31m+ import { sql } from 'drizzle-orm';[39m
[31m+ import { AuthenticatedRequest, rateLimiter, requireAuth, requireRole } from './src/middleware/security.ts';[39m
[31m+ import { createAuthRouter } from './src/routes/auth.ts';[39m
[31m+ import { createConnectRouter } from './src/routes/connect.ts';[39m
[31m+ import { createIntegrationsRouter } from './src/routes/integrations.ts';[39m
[31m+ import { createLiveIntegrationsRouter } from './src/routes/integrations-live.ts';[39m
[31m+ import { createMonitoringRouter } from './src/routes/monitoring.ts';[39m
[31m+ import { createPublicConnectRouter } from './src/routes/public-connect.ts';[39m
[31m+ import { createScansRouter } from './src/routes/scans.ts';[39m
[31m+ import { createComplianceRouter } from './src/routes/compliance.ts';[39m
[31m+ import { createTrustLoopRouter } from './src/routes/trust-loop.ts';[39m
[31m+ import { createIntegrationMonitoringRouter } from './src/routes/integration-monitoring.ts';[39m
[31m+ import { createAgentApiRouter } from './src/routes/agent-api.ts';[39m
[31m+ import { createMspRouter } from './src/routes/msp.ts';[39m
[31m+ import { createAiTrustRouter } from './src/routes/ai-trust.ts';[39m
[31m+ import { createMcpTransport } from './src/mcp/transport.ts';[39m
[31m+ import { executePublicMcpTool } from './src/mcp/execute.ts';[39m
[31m+[39m
[31m+ const app = express();[39m
[31m+ const startedAt = Date.now();[39m
[31m+ const requestBodyLimit = process.env.REQUEST_BODY_LIMIT || '2mb';[39m
[31m+ const requestHeaderTimeoutMs = Number(process.env.REQUEST_HEADER_TIMEOUT_MS || 15_000);[39m
[31m+ const requestTimeoutMs = Number(process.env.REQUEST_TIMEOUT_MS || 120_000);[39m
[31m+ const keepAliveTimeoutMs = Number(process.env.KEEP_ALIVE_TIMEOUT_MS || 65_000);[39m
[31m+[39m
[31m+ async function ensureInitialSelfPassport() {[39m
[31m+   const owner = (await db.execute(sql`SELECT tenant_id AS "tenantId" FROM users WHERE role = 'Owner' ORDER BY created_at ASC LIMIT 1`)).rows?.[0] as { tenantId?: string } | undefined;[39m
[31m+   if (!owner?.tenantId) {[39m
[31m+     console.warn('[SPR] Initial self-passport skipped: no Owner tenant exists yet.');[39m
[31m+     return;[39m
[31m+   }[39m
[31m+   await db.execute(sql`[39m
[31m+     INSERT INTO passports ([39m
[31m+       id, tenant_id, name, version, publisher, category, overall_score,[39m
[31m+       security_score, compliance_score, vendor_reputation_score, release_date,[39m
[31m+       file_hash, license_type, ai_summary, sbom, evidence, vulnerabilities, timeline[39m
[31m+     ) VALUES ([39m
[31m+       'passport_spr_self', ${owner.tenantId}, 'Software Passport Registry', '1.0.0',[39m
[31m+       'SPR', 'Platform', 0, 0, 0, 0, CURRENT_DATE::text, 'not-observed',[39m
[31m+       'Unknown', 'Initial SPR self-passport. Evidence collection is pending.',[39m
[31m+       '[]', '[]', '[]', '[]'[39m
[31m+     )[39m
[31m+     ON CONFLICT (id) DO NOTHING[39m
[31m+   `);[39m
[31m+   console.info('[SPR] Initial self-passport ready.');[39m
[31m+ }[39m
[31m+[39m
[31m+ export function normalizeAllowedOrigins(origins: string[]): string[] {[39m
[31m+   return [...new Set(origins.map((origin) => new URL(origin).origin))].sort();[39m
[31m+ }[39m
[31m+[39m
[31m+ if (config.trustProxy) app.set('trust proxy', 1);[39m
[31m+ app.disable('x-powered-by');[39m
[31m+ if (config.sentry.dsn) Sentry.init({ dsn: config.sentry.dsn, environment: config.nodeEnv, tracesSampleRate: config.isProduction ? 0.1 : 1.0 });[39m
[31m+ const allowedOrigins = new Set(normalizeAllowedOrigins(config.allowedOrigins));[39m
[31m+ const appOrigin = config.appUrl ? new URL(config.appUrl).origin : undefined;[39m
[31m+ const corsOrigin = (origin: string | undefined, callback: (error: Error | null, allow?: boolean) => void) => {[39m
[31m+   if (!origin) return callback(null, true);[39m
[31m+   try {[39m
[31m+     const normalizedOrigin = new URL(origin).origin;[39m
[31m+     if (allowedOrigins.has(normalizedOrigin)) return callback(null, true);[39m
[31m+   } catch (_) {}[39m
[31m+   return callback(new Error('CORS origin denied'));[39m
[31m+ };[39m
[31m+ app.use(helmet({ contentSecurityPolicy: { useDefaults: false, directives: { defaultSrc: ["'self'"], baseUri: ["'self'"], objectSrc: ["'none'"], frameAncestors: ["'none'"], formAction: ["'self'"], scriptSrc: ["'self'"], styleSrc: ["'self'", "'unsafe-inline'"], imgSrc: ["'self'", 'data:', 'blob:', 'https:'], fontSrc: ["'self'", 'data:', 'https:'], connectSrc: ["'self'", ...(appOrigin ? [appOrigin] : [])], frameSrc: ["'self'", 'https:'], workerSrc: ["'self'", 'blob:'], manifestSrc: ["'self'"], upgradeInsecureRequests: [] } }, crossOriginEmbedderPolicy: false, frameguard: { action: 'deny' }, referrerPolicy: { policy: 'no-referrer' } }));[39m
[31m+ app.use(cors({ origin: corsOrigin, credentials: true, methods: ['GET', 'HEAD', 'POST', 'PUT', 'PATCH', 'DELETE', 'OPTIONS'], allowedHeaders: ['Authorization', 'Content-Type', 'X-Request-ID', 'X-API-Key'] }));[39m
[31m+ app.use((req, res, next) => { if (req.method === 'TRACE' || req.method === 'CONNECT') return res.status(405).json({ error: { code: 'METHOD_NOT_ALLOWED', message: 'HTTP method is not allowed.' } }); if (req.headers['content-length'] && !/^\d+$/.test(String(req.headers['content-length']))) return res.status(400).json({ error: { code: 'INVALID_CONTENT_LENGTH', message: 'Invalid Content-Length header.' } }); return next(); });[39m
[31m+ app.use(express.json({ limit: requestBodyLimit, strict: true, type: ['application/json', 'application/*+json'] }));[39m
[31m+ app.use(express.urlencoded({ extended: false, limit: requestBodyLimit }));[39m
[31m+ app.use((req, res, next) => { const supplied = req.headers['x-request-id']; const requestId = typeof supplied === 'string' && /^[A-Za-z0-9._:-]{1,100}$/.test(supplied) ? supplied : `req_${randomUUID()}`; res.setHeader('X-Request-ID', requestId); res.setHeader('Cache-Control', req.path.startsWith('/api/') ? 'no-store, max-age=0' : 'public, max-age=0, must-revalidate'); res.locals.requestId = requestId; next(); });[39m
[31m+ app.use((req, res, next) => { if (config.isProduction && config.enforceHttps && !req.secure && req.path !== '/health' && req.path !== '/ready' && req.path !== '/api/health' && req.path !== '/api/ready') { if (!appOrigin) return res.status(503).json({ error: { code: 'HTTPS_CONFIGURATION_ERROR', message: 'HTTPS redirect target is not configured.' } }); return res.redirect(308, `${appOrigin}${req.originalUrl}`); } return next(); });[39m
[31m+ app.get('/health', (_req, res) => res.status(200).json({ status: 'ok', service: 'spr-app', uptimeSeconds: Math.floor((Date.now() - startedAt) / 1000) }));[39m
[31m+ const readinessHandler = async (_req: Request, res: Response) => { const database = await checkDatabaseHealth(); const ready = database.ok; res.status(ready ? 200 : 503).json({ status: ready ? 'ready' : 'not_ready', checks: { database: database.ok ? database : { ok: false, latencyMs: database.latencyMs, error: 'DATABASE_UNAVAILABLE' } }, uptimeSeconds: Math.floor((Date.now() - startedAt) / 1000) }); };[39m
[31m+ app.get('/ready', readinessHandler);[39m
[31m+ app.get('/api/ready', readinessHandler);[39m
[31m+ app.get('/api/health', async (_req, res) => { const database = await checkDatabaseHealth(); res.status(database.ok ? 200 : 503).json({ status: database.ok ? 'ok' : 'degraded', database: database.ok ? database : { ok: false, latencyMs: database.latencyMs, error: 'DATABASE_UNAVAILABLE' } }); });[39m
[31m+ app.use('/api', rateLimiter);[39m
[31m+ app.use('/api', createAuthRouter());[39m
[31m+ app.use('/api', createPublicConnectRouter());[39m
[31m+ const connectRouter = createConnectRouter();[39m
[31m+ app.use('/api', connectRouter);[39m
[31m+ app.use('/api/connect', connectRouter);[39m
[31m+ app.use('/api/integrations/connect', connectRouter);[39m
[31m+ app.post('/api/ai/analyze-passport', requireAuth, async (req: AuthenticatedRequest, res, next) => {[39m
[31m+   try {[39m
[31m+     const passportId = typeof req.body?.passportId === 'string' ? req.body.passportId.trim() : '';[39m
[31m+     if (!passportId) return res.status(400).json({ error: { code: 'PASSPORT_ID_REQUIRED', message: 'passportId is required.' } });[39m
[31m+     const db = req.db!;[39m
[31m+     const result = await db.execute(sql`[39m
[31m+       SELECT name, version, publisher, overall_score AS "overallScore",[39m
[31m+              jsonb_array_length(COALESCE(NULLIF(evidence, '')::jsonb, '[]'::jsonb)) AS "evidenceCount",[39m
[31m+              jsonb_array_length(COALESCE(NULLIF(vulnerabilities, '')::jsonb, '[]'::jsonb)) AS "findingCount"[39m
[31m+       FROM passports[39m
[31m+       WHERE id = ${passportId} AND tenant_id = ${req.user!.tenantId}[39m
[31m+       LIMIT 1[39m
[31m+     `);[39m
[31m+     const passport = (result.rows?.[0] ?? null) as {[39m
[31m+       name?: string; version?: string; publisher?: string; overallScore?: number | null;[39m
[31m+       evidenceCount?: number; findingCount?: number;[39m
[31m+     } | null;[39m
[31m+     if (!passport) return res.status(404).json({ error: { code: 'PASSPORT_NOT_FOUND', message: 'Passport not found.' } });[39m
[31m+     const status = passport.overallScore == null ? 'not verified' : `score ${passport.overallScore}`;[39m
[31m+     return res.json({ passportId, analysis: `${passport.name ?? 'Passport'} ${passport.version ?? ''} by ${passport.publisher ?? 'unknown publisher'} is ${status}. Evidence records: ${passport.evidenceCount ?? 0}. Findings: ${passport.findingCount ?? 0}. Authoritative verification requires durable backend evidence.` });[39m
[31m+   } catch (error) { return next(error); }[39m
[31m+ });[39m
[31m+ app.use('/api/integrations', createIntegrationsRouter());[39m
[31m+ app.use('/api/integrations-live', createLiveIntegrationsRouter());[39m
[31m+ const requireTrustMutationRole = (req: Request, res: Response, next: NextFunction) => { if (['GET', 'HEAD', 'OPTIONS'].includes(req.method)) return next(); return requireRole(['Owner', 'Admin', 'Operator', 'Technician'])(req as AuthenticatedRequest, res, next); };[39m
[31m+ app.use('/api/trust-loop', requireAuth, requireTrustMutationRole);[39m
[31m+ app.use('/api/trust-loop', createTrustLoopRouter());[39m
[31m+ app.use('/api/integration-monitoring', createIntegrationMonitoringRouter());[39m
[31m+ app.use('/api/monitoring', createMonitoringRouter());[39m
[31m+ app.use('/api/agent/v1', createAgentApiRouter());[39m
[31m+ app.use('/api/msp', requireAuth, createMspRouter());[39m
[31m+ app.use('/api/ai-trust', requireAuth, createAiTrustRouter());[39m
[31m+[39m
[31m+ const mcpBearer = process.env.SPR_MCP_BEARER_TOKEN;[39m
[31m+ if (mcpBearer) {[39m
[31m+   const mcpTransport = createMcpTransport({ expectedBearer: mcpBearer, executeTool: async (tool, args) => executePublicMcpTool(tool, args) });[39m
[31m+   app.post('/mcp', async (req, res) => { const response = await mcpTransport(new Request(`${config.appUrl || 'https://localhost'}/mcp`, { method: 'POST', headers: req.headers as Record<string, string>, body: JSON.stringify(req.body) })); res.status(response.status); response.headers.forEach((value, key) => res.setHeader(key, value)); res.send(Buffer.from(await response.arrayBuffer())); });[39m
[31m+ }[39m
[31m+[39m
[31m+ app.use('/api', createScansRouter());[39m
[31m+ app.use('/api/compliance', createComplianceRouter());[39m
[31m+ const publicDir = __dirname;[39m
[31m+ app.use(express.static(publicDir, { index: false, maxAge: config.isProduction ? '1y' : 0 }));[39m
[31m+ app.get('/*splat', (req, res, next) => { if (req.path.startsWith('/api/') || req.path === '/mcp') return next(); return res.sendFile(path.join(publicDir, 'index.html'), error => error ? next(error) : undefined); });[39m
[31m+ app.use((req, res, next) => { if (req.path.startsWith('/api/') || req.path === '/mcp') return res.status(404).json({ error: 'Route not found.', code: 'NOT_FOUND', requestId: res.locals.requestId }); return next(); });[39m
[31m+ app.use((err: any, req: Request, res: Response, next: NextFunction) => { if (res.headersSent) return next(err); const requestId = res.locals.requestId || `req_${randomUUID()}`; const status = Number.isInteger(err?.status) && err.status >= 400 && err.status < 600 ? err.status : 500; console.error('[HTTP_ERROR]', { requestId, status, method: req.method, path: req.path, message: err?.message || String(err) }); if (config.sentry.dsn) Sentry.captureException(err, { tags: { requestId } }); return res.status(status).json({ error: { code: status === 500 ? 'INTERNAL_SERVER_ERROR' : 'REQUEST_FAILED', message: status === 500 ? 'An unexpected server error occurred.' : err?.message || 'Request failed.', requestId } }); });[39m
[31m+ let server: ReturnType<typeof app.listen> | undefined; let shuttingDown = false;[39m
[31m+[39m
[31m+ export function rejectConnectTunnels<T extends ReturnType<typeof app.listen>>(httpServer: T): T {[39m
[31m+   httpServer.on('connect', (_request, socket) => {[39m
[31m+     socket.end('HTTP/1.1 405 Method Not Allowed\r\nConnection: close\r\nContent-Length: 0\r\n\r\n');[39m
[31m+   });[39m
[31m+   return httpServer;[39m
[31m+ }[39m
[31m+[39m
[31m+ async function shutdown(signal: string) { if (shuttingDown) return; shuttingDown = true; console.info(`[SPR] ${signal} received; shutting down gracefully.`); const forceTimer = setTimeout(() => process.exit(1), 15_000); forceTimer.unref(); if (server) await new Promise<void>(resolve => server!.close(() => resolve())); await closeDatabase().catch(error => console.error('[SPR] Database shutdown error:', error)); if (config.sentry.dsn) await Sentry.close(2_000).catch(() => undefined); clearTimeout(forceTimer); process.exit(0); }[39m
[31m+ export async function startServer() {[39m
[31m+   validateConfiguration();[39m
[31m+   try { await ensureInitialSelfPassport(); } catch (error) { console.error('[SPR] Initial self-passport bootstrap failed; continuing startup. /ready will report the database as unavailable.', error); }[39m
[31m+   const host = process.env.HOST || '0.0.0.0'; server = app.listen(config.port, host, () => console.info(`[SPR] listening on http://${host}:${config.port}`)); server.requestTimeout = Number.isFinite(requestTimeoutMs) && requestTimeoutMs > 0 ? requestTimeoutMs : 120_000; server.headersTimeout = Number.isFinite(requestHeaderTimeoutMs) && requestHeaderTimeoutMs > 0 ? requestHeaderTimeoutMs : 15_000; server.keepAliveTimeout = Number.isFinite(keepAliveTimeoutMs) && keepAliveTimeoutMs > 0 ? keepAliveTimeoutMs : 65_000; rejectConnectTunnels(server); return server; }[39m
[31m+ process.once('SIGTERM', () => void shutdown('SIGTERM')); process.once('SIGINT', () => void shutdown('SIGINT')); process.on('unhandledRejection', reason => console.error('[SPR] Unhandled rejection:', reason)); process.on('uncaughtException', error => { console.error('[SPR] Uncaught exception:', error); void shutdown('uncaughtException'); });[39m
[31m+ if (process.env.SPR_SKIP_AUTOSTART !== 'true') void startServer().catch(error => { console.error('[SPR] Startup failed:', error); process.exit(1); });[39m
[31m+ export { app };[39m
[31m+[39m

[36m [2m❯[22m tests/client-creation-contract.test.ts:[2m96:15[22m[39m
    [90m 94| [39m    [35mconst[39m s [33m=[39m [34mread[39m([32m'server.ts'[39m)[33m;[39m
    [90m 95| [39m    expect(s).toContain("res.status(404).json({ error: 'Route not foun…
    [90m 96| [39m    expect(s).toContain("error: status === 500 ? 'An unexpected server…
    [90m   | [39m              [31m^[39m
    [90m 97| [39m  })[33m;[39m
    [90m 98| [39m

[31m[2m⎯⎯⎯⎯⎯⎯⎯⎯⎯⎯⎯⎯⎯⎯⎯⎯⎯⎯⎯⎯⎯[19/141]⎯[22m[39m

[41m[1m FAIL [22m[49m tests/client-creation-contract.test.ts[2m > [22mclient-creation error messages are readable, not "[object Object]"[2m > [22mClientsView surfaces the real per-field validation message instead of the generic "Invalid request"
[31m[1mAssertionError[22m: expected '/**\r\n * @license\r\n * SPDX-License…' to contain 'data?.details?.fieldErrors'[39m

[32m- Expected[39m
[31m+ Received[39m

[32m- data?.details?.fieldErrors[39m
[31m+ /**[39m
[31m+  * @license[39m
[31m+  * SPDX-License-Identifier: Apache-2.0[39m
[31m+  */[39m
[31m+ [39m
[31m+ import React, { useState, useMemo } from 'react';[39m
[31m+ import { motion, AnimatePresence } from 'motion/react';[39m
[31m+ import { fuzzyMatch, filterData } from '../utils/filter';[39m
[31m+ import {[39m
[31m+   Building2,[39m
[31m+   ShieldCheck,[39m
[31m+   ShieldAlert,[39m
[31m+   Users,[39m
[31m+   Award,[39m
[31m+   Lock,[39m
[31m+   Globe,[39m
[31m+   FileCheck,[39m
[31m+   AlertTriangle,[39m
[31m+   ExternalLink,[39m
[31m+   ChevronRight,[39m
[31m+   Download,[39m
[31m+   X[39m
[31m+ } from 'lucide-react';[39m
[31m+ import { Client, SoftwarePassport } from '../types';[39m
[31m+ import { generateClientCompliancePDF } from '../utils/pdfGenerator';[39m
[31m+ [39m
[31m+ // Compact risk-tier presentation tokens, shared across the row list, drawer[39m
[31m+ // badge, and status dot so the mapping only lives in one place.[39m
[31m+ const RISK_STYLES: Record<string, { dot: string; text: string }> = {[39m
[31m+   Safe: { dot: 'bg-[#0e700e]', text: 'text-[#0e700e]' },[39m
[31m+   Medium: { dot: 'bg-[#8a5700]', text: 'text-[#8a5700]' },[39m
[31m+   High: { dot: 'bg-[#a4262c]', text: 'text-[#a4262c]' }[39m
[31m+ };[39m
[31m+ function riskStyle(level: string) {[39m
[31m+   return RISK_STYLES[level] || { dot: 'bg-[#605e5c]', text: 'text-[#605e5c]' };[39m
[31m+ }[39m
[31m+ [39m
[31m+ const COMPLIANCE_STYLES: Record<string, { dot: string; text: string }> = {[39m
[31m+   Compliant: { dot: 'bg-[#0e700e]', text: 'text-[#0e700e]' },[39m
[31m+   'In Progress': { dot: 'bg-[#8a5700]', text: 'text-[#8a5700]' }[39m
[31m+ };[39m
[31m+ function complianceStyle(status: string) {[39m
[31m+   return COMPLIANCE_STYLES[status] || { dot: 'bg-[#a4262c]', text: 'text-[#a4262c]' };[39m
[31m+ }[39m
[31m+ [39m
[31m+ interface ClientsViewProps {[39m
[31m+   clients: Client[];[39m
[31m+   selectedClientId: string;[39m
[31m+   setSelectedClientId: (id: string) => void;[39m
[31m+   passports: SoftwarePassport[];[39m
[31m+   onNavigateTab: (tab: string, itemId?: string) => void;[39m
[31m+   searchQuery: string;[39m
[31m+ }[39m
[31m+ [39m
[31m+ export default function ClientsView({[39m
[31m+   clients,[39m
[31m+   selectedClientId,[39m
[31m+   setSelectedClientId,[39m
[31m+   passports,[39m
[31m+   onNavigateTab,[39m
[31m+   searchQuery[39m
[31m+ }: ClientsViewProps) {[39m
[31m+   const [industryFilter, setIndustryFilter] = useState<string>('all');[39m
[31m+   const [riskFilter, setRiskFilter] = useState<string>('all');[39m
[31m+   const [workspaceTab, setWorkspaceTab] = useState<'overview' | 'inventory' | 'security' | 'compliance' | 'team'>('overview');[39m
[31m+ [39m
[31m+   // Identify all unique client industries for dynamic filters[39m
[31m+   const industries = useMemo(() => {[39m
[31m+     const list = clients.map(c => c.industry);[39m
[31m+     return Array.from(new Set(list));[39m
[31m+   }, [clients]);[39m
[31m+ [39m
[31m+   // Extract the current selected client[39m
[31m+   const client = useMemo(() => {[39m
[31m+     return clients.find(c => c.id === selectedClientId) || null;[39m
[31m+   }, [clients, selectedClientId]);[39m
[31m+ [39m
[31m+   const clientPassports = useMemo(() => {[39m
[31m+     if (!client) return [];[39m
[31m+     const passportIds = new Set(client.softwareInventory.map(item => item.passportId));[39m
[31m+     return passports.filter(passport => passportIds.has(passport.id));[39m
[31m+   }, [client, passports]);[39m
[31m+ [39m
[31m+   const securityScores = clientPassports[39m
[31m+     .map(passport => passport.securityScore)[39m
[31m+     .filter((score): score is number => typeof score === 'number' && Number.isFinite(score));[39m
[31m+ [39m
[31m+   // Filter clients list based on search and industry/risk selectors[39m
[31m+   const filteredClients = useMemo(() => {[39m
[31m+     return clients.filter(c => {[39m
[31m+       const matchesSearch = searchQuery[39m
[31m+         ? fuzzyMatch(searchQuery, c.name) ||[39m
[31m+           fuzzyMatch(searchQuery, c.domain) ||[39m
[31m+           fuzzyMatch(searchQuery, c.industry)[39m
[31m+         : true;[39m
[31m+       const matchesIndustry = industryFilter === 'all' || c.industry === industryFilter;[39m
[31m+       const matchesRisk = riskFilter === 'all' || c.riskLevel === riskFilter;[39m
[31m+ [39m
[31m+       return matchesSearch && matchesIndustry && matchesRisk;[39m
[31m+     });[39m
[31m+   }, [clients, searchQuery, industryFilter, riskFilter]);[39m
[31m+ [39m
[31m+   // Handle client compliance data CSV export[39m
[31m+   const handleExportCSV = () => {[39m
[31m+     const headers = ['Client Name', 'Industry', 'Trust Score', 'Passports Active', 'Compliance Progress', 'Risk Level', 'Joined Date'];[39m
[31m+     const rows = filteredClients.map(c => [[39m
[31m+       c.name,[39m
[31m+       c.industry,[39m
[31m+       c.trustScore,[39m
[31m+       c.passportCount,[39m
[31m+       c.complianceProgress,[39m
[31m+       c.riskLevel,[39m
[31m+       c.joinedDate[39m
[31m+     ]);[39m
[31m+ [39m
[31m+     const csvContent = 'data:text/csv;charset=utf-8,'[39m
[31m+       + [headers.join(','), ...rows.map(e => e.join(','))].join('\n');[39m
[31m+ [39m
[31m+     const encodedUri = encodeURI(csvContent);[39m
[31m+     const link = document.createElement('a');[39m
[31m+     link.setAttribute('href', encodedUri);[39m
[31m+     link.setAttribute('download', `tenant_compliance_audit_${new Date().toISOString().split('T')[0]}.csv`);[39m
[31m+     link.style.visibility = 'hidden';[39m
[31m+     document.body.appendChild(link);[39m
[31m+     link.click();[39m
[31m+     document.body.removeChild(link);[39m
[31m+   };[39m
[31m+ [39m
[31m+   const safeCount = clients.filter(c => c.riskLevel === 'Safe').length;[39m
[31m+   const mediumCount = clients.filter(c => c.riskLevel === 'Medium').length;[39m
[31m+   const highCount = clients.filter(c => c.riskLevel === 'High').length;[39m
[31m+   const criticalAlertsTotal = clients.reduce((sum, c) => sum + (c.criticalRisksCount || 0), 0);[39m
[31m+ [39m
[31m+   return ([39m
[31m+     <div id="msp-clients-index">[39m
[31m+       {/* Page Header */}[39m
[31m+       <div className="mb-4 flex items-center justify-between gap-4">[39m
[31m+         <div>[39m
[31m+           <h1 className="text-[22px] font-semibold text-[#201f1e]">Client Tenant Directory</h1>[39m
[31m+           <p className="mt-1 text-[13px] text-[#605e5c]">[39m
[31m+             Browse and manage software trust state across {clients.length} active workspace tenants.[39m
[31m+           </p>[39m
[31m+         </div>[39m
[31m+         <button[39m
[31m+           onClick={handleExportCSV}[39m
[31m+           className="flex h-9 shrink-0 items-center gap-1.5 rounded bg-[#0f6cbd] px-3 text-[13px] font-medium text-white hover:bg-[#004578]"[39m
[31m+           id="export-tenants-csv-btn"[39m
[31m+         >[39m
[31m+           <Download className="h-3.5 w-3.5" />[39m
[31m+           <span>Export Directory</span>[39m
[31m+         </button>[39m
[31m+       </div>[39m
[31m+ [39m
[31m+       {/* About this page */}[39m
[31m+       <details className="mb-4 rounded-md border border-[#e1dfdd] bg-[#faf9f8] text-[13px]">[39m
[31m+         <summary className="cursor-pointer select-none px-3 py-2 font-medium text-[#323130]">ⓘ What is this? · How it works</summary>[39m
[31m+         <div className="px-3 pb-3 text-[#605e5c]">[39m
[31m+           <p>Every workspace tenant registered under this MSP, with its trust score, passport inventory, and compliance state.</p>[39m
[31m+           <ol className="mt-1.5 list-decimal space-y-0.5 pl-4">[39m
[31m+             <li>Filter or search the directory below.</li>[39m
[31m+             <li>Click a row to open the tenant workspace drawer.</li>[39m
[31m+             <li>Use Export Directory to download the filtered list as CSV.</li>[39m
[31m+           </ol>[39m
[31m+         </div>[39m
[31m+       </details>[39m
[31m+ [39m
[31m+       {/* Summary strip */}[39m
[31m+       <div className="mb-4 flex flex-wrap gap-6 rounded-md border border-[#e1dfdd] bg-white p-3">[39m
[31m+         <div>[39m
[31m+           <div className="text-[11px] text-[#605e5c]">Total Tenants</div>[39m
[31m+           <div className="text-lg font-semibold text-[#201f1e]">{clients.length}</div>[39m
[31m+         </div>[39m
[31m+         <div>[39m
[31m+           <div className="text-[11px] text-[#605e5c]">Safe</div>[39m
[31m+           <div className="text-lg font-semibold text-[#0e700e]">{safeCount}</div>[39m
[31m+         </div>[39m
[31m+         <div>[39m
[31m+           <div className="text-[11px] text-[#605e5c]">Medium Risk</div>[39m
[31m+           <div className="text-lg font-semibold text-[#8a5700]">{mediumCount}</div>[39m
[31m+         </div>[39m
[31m+         <div>[39m
[31m+           <div className="text-[11px] text-[#605e5c]">High Risk</div>[39m
[31m+           <div className="text-lg font-semibold text-[#a4262c]">{highCount}</div>[39m
[31m+         </div>[39m
[31m+         <div>[39m
[31m+           <div className="text-[11px] text-[#605e5c]">Critical Alerts</div>[39m
[31m+           <div className="text-lg font-semibold text-[#201f1e]">{criticalAlertsTotal}</div>[39m
[31m+         </div>[39m
[31m+       </div>[39m
[31m+ [39m
[31m+       {/* Filters */}[39m
[31m+       <div className="mb-4 flex flex-wrap items-center gap-2">[39m
[31m+         <div className="flex items-center gap-1.5">[39m
[31m+           <label className="text-[13px] text-[#605e5c]">Industry</label>[39m
[31m+           <select[39m
[31m+             value={industryFilter}[39m
[31m+             onChange={(e) => setIndustryFilter(e.target.value)}[39m
[31m+             className="h-9 rounded border border-[#c8c6c4] bg-white px-2 text-[13px] text-[#323130] focus:border-[#0f6cbd] focus:outline-none focus:ring-1 focus:ring-[#0f6cbd]"[39m
[31m+           >[39m
[31m+             <option value="all">All Industries</option>[39m
[31m+             {industries.map(ind => ([39m
[31m+               <option key={ind} value={ind}>{ind}</option>[39m
[31m+             ))}[39m
[31m+           </select>[39m
[31m+         </div>[39m
[31m+ [39m
[31m+         <div className="flex items-center gap-1.5">[39m
[31m+           <label className="text-[13px] text-[#605e5c]">Risk Level</label>[39m
[31m+           <select[39m
[31m+             value={riskFilter}[39m
[31m+             onChange={(e) => setRiskFilter(e.target.value)}[39m
[31m+             className="h-9 rounded border border-[#c8c6c4] bg-white px-2 text-[13px] text-[#323130] focus:border-[#0f6cbd] focus:outline-none focus:ring-1 focus:ring-[#0f6cbd]"[39m
[31m+           >[39m
[31m+             <option value="all">All Tiers</option>[39m
[31m+             <option value="Safe">Safe</option>[39m
[31m+             <option value="Medium">Medium</option>[39m
[31m+             <option value="High">High</option>[39m
[31m+           </select>[39m
[31m+         </div>[39m
[31m+       </div>[39m
[31m+ [39m
[31m+       {/* Client Directory Table */}[39m
[31m+       <div className="overflow-hidden rounded-md border border-[#e1dfdd] bg-white">[39m
[31m+         <div className="overflow-x-auto">[39m
[31m+           <table className="w-full text-left">[39m
[31m+             <thead>[39m
[31m+               <tr className="border-b border-[#e1dfdd] text-[11px] uppercase tracking-wide text-[#605e5c]">[39m
[31m+                 <th className="px-3 py-2.5 font-medium">Client</th>[39m
[31m+                 <th className="px-3 py-2.5 font-medium">Industry</th>[39m
[31m+                 <th className="px-3 py-2.5 font-medium">Risk</th>[39m
[31m+                 <th className="px-3 py-2.5 font-medium">Trust Score</th>[39m
[31m+                 <th className="px-3 py-2.5 font-medium">Passports</th>[39m
[31m+                 <th className="px-3 py-2.5 font-medium">Compliance</th>[39m
[31m+                 <th className="px-3 py-2.5 font-medium">Joined</th>[39m
[31m+                 <th className="px-3 py-2.5 font-medium">Alerts</th>[39m
[31m+               </tr>[39m
[31m+             </thead>[39m
[31m+             <tbody>[39m
[31m+               {filteredClients.map(c => {[39m
[31m+                 const hasCriticalRisks = c.criticalRisksCount > 0;[39m
[31m+                 const isDrawerActive = selectedClientId === c.id;[39m
[31m+                 const rs = riskStyle(c.riskLevel);[39m
[31m+                 return ([39m
[31m+                   <tr[39m
[31m+                     key={c.id}[39m
[31m+                     onClick={() => setSelectedClientId(c.id)}[39m
[31m+                     className={`cursor-pointer border-b border-[#f3f2f1] text-[13px] hover:bg-black/[.02] ${isDrawerActive ? 'bg-[#eff6fc]' : ''}`}[39m
[31m+                   >[39m
[31m+                     <td className="px-3 py-2.5">[39m
[31m+                       <div className="flex items-center gap-2.5">[39m
[31m+                         <div className={`flex h-7 w-7 shrink-0 items-center justify-center rounded text-[11px] font-semibold ${c.avatarColor}`}>[39m
[31m+                           {c.name.charAt(0)}[39m
[31m+                         </div>[39m
[31m+                         <div className="min-w-0">[39m
[31m+                           <div className="font-medium text-[#201f1e]">{c.name}</div>[39m
[31m+                           <div className="flex items-center gap-1 truncate text-[11px] text-[#8a8886]">[39m
[31m+                             <Globe className="h-3 w-3 shrink-0" />[39m
[31m+                             <span className="truncate">{c.domain}</span>[39m
[31m+                           </div>[39m
[31m+                         </div>[39m
[31m+                       </div>[39m
[31m+                     </td>[39m
[31m+                     <td className="px-3 py-2.5 text-[#605e5c]">{c.industry}</td>[39m
[31m+                     <td className="px-3 py-2.5">[39m
[31m+                       <span className="inline-flex items-center gap-1.5">[39m
[31m+                         <span className={`h-1.5 w-1.5 rounded-full ${rs.dot}`} />[39m
[31m+                         <span className={rs.text}>{c.riskLevel}</span>[39m
[31m+                       </span>[39m
[31m+                     </td>[39m
[31m+                     <td className="px-3 py-2.5 text-[#201f1e]">{c.trustScore}<span className="text-[#8a8886]">/100</span></td>[39m
[31m+                     <td className="px-3 py-2.5 text-[#201f1e]">{c.passportCount}</td>[39m
[31m+                     <td className="px-3 py-2.5 text-[#201f1e]">{c.complianceProgress}%</td>[39m
[31m+                     <td className="px-3 py-2.5 text-[#605e5c]">{c.joinedDate}</td>[39m
[31m+                     <td className="px-3 py-2.5">[39m
[31m+                       {hasCriticalRisks ? ([39m
[31m+                         <span className="inline-flex items-center gap-1 font-medium text-[#a4262c]">[39m
[31m+                           <AlertTriangle className="h-3.5 w-3.5" />[39m
[31m+                           {c.criticalRisksCount}[39m
[31m+                         </span>[39m
[31m+                       ) : ([39m
[31m+                         <span className="inline-flex items-center gap-1 text-[#8a8886]">[39m
[31m+                           <ShieldCheck className="h-3.5 w-3.5" />[39m
[31m+                           None[39m
[31m+                         </span>[39m
[31m+                       )}[39m
[31m+                     </td>[39m
[31m+                   </tr>[39m
[31m+                 );[39m
[31m+               })}[39m
[31m+             </tbody>[39m
[31m+           </table>[39m
[31m+         </div>[39m
[31m+ [39m
[31m+         {filteredClients.length === 0 && ([39m
[31m+           <div className="p-12 text-center">[39m
[31m+             <Building2 className="mx-auto mb-3 h-8 w-8 text-[#c8c6c4]" />[39m
[31m+             <h3 className="text-[13px] font-medium text-[#323130]">No client workspaces found</h3>[39m
[31m+             <p className="mx-auto mt-1 max-w-sm text-[13px] text-[#8a8886]">[39m
[31m+               Adjust your search keywords or industry filters and try again.[39m
[31m+             </p>[39m
[31m+           </div>[39m
[31m+         )}[39m
[31m+       </div>[39m
[31m+ [39m
[31m+       {/* Slide-out Drawer Panel */}[39m
[31m+       <AnimatePresence>[39m
[31m+         {selectedClientId !== 'global' && client && ([39m
[31m+           <>[39m
[31m+             {/* Backdrop Overlay */}[39m
[31m+             <motion.div[39m
[31m+               key="clients-drawer-backdrop"[39m
[31m+               initial={{ opacity: 0 }}[39m
[31m+               animate={{ opacity: 0.4 }}[39m
[31m+               exit={{ opacity: 0 }}[39m
[31m+               onClick={() => setSelectedClientId('global')}[39m
[31m+               className="fixed inset-0 z-40 cursor-pointer bg-black"[39m
[31m+             />[39m
[31m+ [39m
[31m+             {/* Sliding Drawer Container */}[39m
[31m+             <motion.div[39m
[31m+               key="clients-drawer-panel"[39m
[31m+               initial={{ x: '100%' }}[39m
[31m+               animate={{ x: 0 }}[39m
[31m+               exit={{ x: '100%' }}[39m
[31m+               transition={{ type: 'spring', damping: 26, stiffness: 170 }}[39m
[31m+               className="fixed right-0 top-0 bottom-0 z-50 flex w-full max-w-3xl flex-col overflow-y-auto border-l border-[#e1dfdd] bg-white p-5"[39m
[31m+             >[39m
[31m+               {/* Drawer Top Navigation & Actions */}[39m
[31m+               <div className="flex shrink-0 items-center justify-between border-b border-[#e1dfdd] pb-3">[39m
[31m+                 <div className="flex items-center gap-2.5">[39m
[31m+                   <div className={`flex h-9 w-9 items-center justify-center rounded text-[13px] font-semibold ${client.avatarColor}`}>[39m
[31m+                     {client.name.charAt(0)}[39m
[31m+                   </div>[39m
[31m+                   <div>[39m
[31m+                     <span className="text-[11px] uppercase tracking-wide text-[#8a8886]">[39m
[31m+                       Active tenant[39m
[31m+                     </span>[39m
[31m+                     <h2 className="text-[16px] font-semibold leading-tight text-[#201f1e]">[39m
[31m+                       {client.name}[39m
[31m+                     </h2>[39m
[31m+                   </div>[39m
[31m+                 </div>[39m
[31m+ [39m
[31m+                 <div className="flex items-center gap-2">[39m
[31m+                   <button[39m
[31m+                     onClick={() => generateClientCompliancePDF(client)}[39m
[31m+                     className="flex h-8 items-center gap-1.5 rounded border border-[#c8c6c4] px-3 text-[13px] text-[#323130] hover:bg-black/[.03]"[39m
[31m+                   >[39m
[31m+                     <Download className="h-3.5 w-3.5" />[39m
[31m+                     <span>Compliance PDF</span>[39m
[31m+                   </button>[39m
[31m+                   <button[39m
[31m+                     onClick={() => setSelectedClientId('global')}[39m
[31m+                     className="flex h-8 w-8 items-center justify-center rounded border border-[#c8c6c4] text-[#605e5c] hover:bg-black/[.03]"[39m
[31m+                     title="Close Drawer"[39m
[31m+                   >[39m
[31m+                     <X className="h-4 w-4" />[39m
[31m+                   </button>[39m
[31m+                 </div>[39m
[31m+               </div>[39m
[31m+ [39m
[31m+               {/* Badges and summary bar */}[39m
[31m+               <div className="mt-3 flex shrink-0 flex-wrap gap-2 text-[11px]">[39m
[31m+                 <span className="rounded-md border border-[#e1dfdd] bg-[#f3f2f1] px-2.5 py-1 font-medium text-[#323130]">[39m
[31m+                   Tier: {client.subscriptionTier}[39m
[31m+                 </span>[39m
[31m+                 <span className="rounded-md border border-[#e1dfdd] bg-[#f3f2f1] px-2.5 py-1 font-medium text-[#323130]">[39m
[31m+                   Domain: {client.domain}[39m
[31m+                 </span>[39m
[31m+                 <span className={`inline-flex items-center gap-1.5 rounded-md border border-[#e1dfdd] bg-[#f3f2f1] px-2.5 py-1 font-medium ${riskStyle(client.riskLevel).text}`}>[39m
[31m+                   <span className={`h-1.5 w-1.5 rounded-full ${riskStyle(client.riskLevel).dot}`} />[39m
[31m+                   Risk: {client.riskLevel}[39m
[31m+                 </span>[39m
[31m+               </div>[39m
[31m+ [39m
[31m+               {/* Drawer Tabs Header */}[39m
[31m+               <div className="mt-3 flex shrink-0 gap-1 overflow-x-auto border-b border-[#e1dfdd] text-[13px] select-none">[39m
[31m+                 {[[39m
[31m+                   { id: 'overview', label: 'Trust Coordinates', icon: Award },[39m
[31m+                   { id: 'inventory', label: 'SBOM Inventory', icon: FileCheck },[39m
[31m+                   { id: 'security', label: 'Security Center', icon: ShieldAlert },[39m
[31m+                   { id: 'compliance', label: 'Framework Matrices', icon: Lock },[39m
[31m+                   { id: 'team', label: 'Stakeholders', icon: Users }[39m
[31m+                 ].map(tb => {[39m
[31m+                   const Icon = tb.icon;[39m
[31m+                   const isSel = workspaceTab === tb.id;[39m
[31m+                   return ([39m
[31m+                     <button[39m
[31m+                       key={tb.id}[39m
[31m+                       type="button"[39m
[31m+                       onClick={() => setWorkspaceTab(tb.id as any)}[39m
[31m+                       className={`flex items-center gap-1.5 whitespace-nowrap border-b-2 px-3 py-2 font-medium transition-colors ${[39m
[31m+                         isSel[39m
[31m+                           ? 'border-[#0f6cbd] text-[#0f6cbd]'[39m
[31m+                           : 'border-transparent text-[#605e5c] hover:text-[#201f1e]'[39m
[31m+                       }`}[39m
[31m+                     >[39m
[31m+                       <Icon className="h-3.5 w-3.5" />[39m
[31m+                       <span>{tb.label}</span>[39m
[31m+                     </button>[39m
[31m+                   );[39m
[31m+                 })}[39m
[31m+               </div>[39m
[31m+ [39m
[31m+               {/* Drawer Tabs Body content */}[39m
[31m+               <div className="flex-1 space-y-4 overflow-y-auto pt-4 pb-2">[39m
[31m+ [39m
[31m+                 {/* 1. Trust Coordinates Tab */}[39m
[31m+                 {workspaceTab === 'overview' && ([39m
[31m+                   <div className="space-y-4">[39m
[31m+                     {/* Trust Scores strip */}[39m
[31m+                     <div className="rounded-md border border-[#e1dfdd] bg-white p-4">[39m
[31m+                       <h3 className="mb-3 text-[13px] font-semibold text-[#323130]">Core Trust Coordinates</h3>[39m
[31m+                       <div className="flex flex-wrap gap-6">[39m
[31m+                         <div>[39m
[31m+                           <p className="text-[11px] text-[#605e5c]">Overall score</p>[39m
[31m+                           <p className="mt-0.5 text-lg font-semibold text-[#201f1e]">{client.trustScore}</p>[39m
[31m+                           <span className="text-[11px] text-[#8a8886]">Observed client record</span>[39m
[31m+                         </div>[39m
[31m+                         <div>[39m
[31m+                           <p className="text-[11px] text-[#605e5c]">Security score</p>[39m
[31m+                           <p className="mt-0.5 text-lg font-semibold text-[#201f1e]">[39m
[31m+                             {securityScores.length > 0 ? Math.round(securityScores.reduce((sum, score) => sum + score, 0) / securityScores.length) : 'Not verified'}[39m
[31m+                           </p>[39m
[31m+                           <span className="text-[11px] text-[#8a8886]">Passport-derived</span>[39m
[31m+                         </div>[39m
[31m+                         <div>[39m
[31m+                           <p className="text-[11px] text-[#605e5c]">Compliance score</p>[39m
[31m+                           <p className="mt-0.5 text-lg font-semibold text-[#201f1e]">{client.complianceProgress}%</p>[39m
[31m+                           <span className="text-[11px] text-[#8a8886]">Client record</span>[39m
[31m+                         </div>[39m
[31m+                         <div>[39m
[31m+                           <p className="text-[11px] text-[#605e5c]">Supplier reputation</p>[39m
[31m+                           <p className="mt-0.5 text-lg font-semibold text-[#201f1e]">Not verified</p>[39m
[31m+                           <span className="text-[11px] text-[#8a8886]">No vendor score observed</span>[39m
[31m+                         </div>[39m
[31m+                       </div>[39m
[31m+                     </div>[39m
[31m+ [39m
[31m+                     {/* Company Overview Details Card */}[39m
[31m+                     <div className="grid grid-cols-1 gap-4 rounded-md border border-[#e1dfdd] bg-white p-4 sm:grid-cols-2">[39m
[31m+                       <div className="space-y-2">[39m
[31m+                         <h3 className="text-[13px] font-semibold text-[#323130]">Tenant Profile Overview</h3>[39m
[31m+                         <div className="space-y-1.5 text-[13px]">[39m
[31m+                           <div className="flex justify-between border-b border-[#f3f2f1] pb-1.5">[39m
[31m+                             <span className="text-[11px] text-[#8a8886]">Organization Name</span>[39m
[31m+                             <span className="font-medium text-[#323130]">{client.name}</span>[39m
[31m+                           </div>[39m
[31m+                           <div className="flex justify-between border-b border-[#f3f2f1] pb-1.5">[39m
[31m+                             <span className="text-[11px] text-[#8a8886]">Domain</span>[39m
[31m+                             <span className="font-medium text-[#323130]">{client.domain}</span>[39m
[31m+                           </div>[39m
[31m+                           <div className="flex justify-between border-b border-[#f3f2f1] pb-1.5">[39m
[31m+                             <span className="text-[11px] text-[#8a8886]">Industry</span>[39m
[31m+                             <span className="font-medium text-[#323130]">{client.industry}</span>[39m
[31m+                           </div>[39m
[31m+                         </div>[39m
[31m+                       </div>[39m
[31m+ [39m
[31m+                       <div className="space-y-2">[39m
[31m+                         <h3 className="text-[13px] font-semibold text-[#323130]">SLA & Scope Details</h3>[39m
[31m+                         <div className="space-y-1.5 text-[13px]">[39m
[31m+                           <div className="flex justify-between border-b border-[#f3f2f1] pb-1.5">[39m
[31m+                             <span className="text-[11px] text-[#8a8886]">Verified Registry</span>[39m
[31m+                             <span className="font-medium text-[#323130]">tenant-{client.id}</span>[39m
[31m+                           </div>[39m
[31m+                           <div className="flex justify-between border-b border-[#f3f2f1] pb-1.5">[39m
[31m+                             <span className="text-[11px] text-[#8a8886]">Joined Date</span>[39m
[31m+                             <span className="font-medium text-[#323130]">{client.joinedDate}</span>[39m
[31m+                           </div>[39m
[31m+                           <div className="flex justify-between border-b border-[#f3f2f1] pb-1.5">[39m
[31m+                             <span className="text-[11px] text-[#8a8886]">Compliance Target</span>[39m
[31m+                             <span className="font-medium text-[#0f6cbd]">{client.complianceStatus.length ? client.complianceStatus.map((item) => item.code).join(', ') : 'Not observed'}</span>[39m
[31m+                           </div>[39m
[31m+                         </div>[39m
[31m+                       </div>[39m
[31m+                     </div>[39m
[31m+                   </div>[39m
[31m+                 )}[39m
[31m+ [39m
[31m+                 {/* 2. SBOM Inventory Tab */}[39m
[31m+                 {workspaceTab === 'inventory' && ([39m
[31m+                   <div className="space-y-3">[39m
[31m+                     <div className="flex items-center justify-between">[39m
[31m+                       <h3 className="text-[13px] font-semibold text-[#323130]">Registered Client Software Passports</h3>[39m
[31m+                       <span className="text-[11px] text-[#8a8886]">Count: {client.passportCount}</span>[39m
[31m+                     </div>[39m
[31m+ [39m
[31m+                     {client.softwareInventory.length === 0 && ([39m
[31m+                       <div className="rounded-md border border-dashed border-[#e1dfdd] px-5 py-10 text-center text-[13px] text-[#8a8886]">No software passports registered for this client yet.</div>[39m
[31m+                     )}[39m
[31m+                     <div className="grid grid-cols-1 gap-3 sm:grid-cols-2">[39m
[31m+                       {passports.filter(p => {[39m
[31m+                         const clientPassportIds = new Set(client.softwareInventory.map(item => item.passportId));[39m
[31m+                         return clientPassportIds.has(p.id);[39m
[31m+                       }).map(p => ([39m
[31m+                         <div[39m
[31m+                           key={p.id}[39m
[31m+                           onClick={() => onNavigateTab('passports', p.id)}[39m
[31m+                           className="cursor-pointer space-y-2 rounded-md border border-[#e1dfdd] bg-white p-3 hover:border-[#0f6cbd]"[39m
[31m+                         >[39m
[31m+                           <div className="flex items-start justify-between">[39m
[31m+                             <div>[39m
[31m+                               <h4 className="text-[13px] font-medium text-[#201f1e]">{p.name}</h4>[39m
[31m+                               <p className="text-[11px] text-[#8a8886]">Version: {p.version || 'Not observed'}</p>[39m
[31m+                             </div>[39m
[31m+                             <span className="rounded border border-[#e1dfdd] bg-[#eff6fc] px-2 py-0.5 text-[11px] font-medium text-[#0f6cbd]">[39m
[31m+                               {p.sbom.length} Dependencies[39m
[31m+                             </span>[39m
[31m+                           </div>[39m
[31m+ [39m
[31m+                           <div className="flex items-center justify-between border-t border-[#f3f2f1] pt-2 text-[11px] text-[#605e5c]">[39m
[31m+                             <span>Compliance: {p.complianceScore}%</span>[39m
[31m+                             <span className="flex items-center gap-0.5 font-medium text-[#0f6cbd]">[39m
[31m+                               Open Passport <ChevronRight className="h-3 w-3" />[39m
[31m+                             </span>[39m
[31m+                           </div>[39m
[31m+                         </div>[39m
[31m+                       ))}[39m
[31m+                     </div>[39m
[31m+                   </div>[39m
[31m+                 )}[39m
[31m+ [39m
[31m+                 {/* 3. Security Center Tab */}[39m
[31m+                 {workspaceTab === 'security' && ([39m
[31m+                   <div className="space-y-3">[39m
[31m+                     <div className="flex items-center justify-between">[39m
[31m+                       <h3 className="text-[13px] font-semibold text-[#323130]">Active Vulnerability Footprint</h3>[39m
[31m+                       <button[39m
[31m+                         onClick={() => onNavigateTab('alerts')}[39m
[31m+                         className="text-[13px] font-medium text-[#0f6cbd] hover:underline"[39m
[31m+                       >[39m
[31m+                         Launch Threat Mitigator[39m
[31m+                       </button>[39m
[31m+                     </div>[39m
[31m+ [39m
[31m+                     <div className="overflow-hidden rounded-md border border-[#e1dfdd] bg-white">[39m
[31m+                       <div className="overflow-x-auto">[39m
[31m+                         <table className="w-full text-left">[39m
[31m+                           <thead>[39m
[31m+                             <tr className="border-b border-[#e1dfdd] text-[11px] uppercase tracking-wide text-[#605e5c]">[39m
[31m+                               <th className="px-3 py-2.5 font-medium">CVE ID</th>[39m
[31m+                               <th className="px-3 py-2.5 font-medium">Component</th>[39m
[31m+                               <th className="px-3 py-2.5 font-medium">Severity</th>[39m
[31m+                               <th className="px-3 py-2.5 font-medium">CVSS</th>[39m
[31m+                               <th className="px-3 py-2.5 font-medium">Status</th>[39m
[31m+                               <th className="px-3 py-2.5 font-medium">Threat Summary</th>[39m
[31m+                             </tr>[39m
[31m+                           </thead>[39m
[31m+                           <tbody className="text-[13px] text-[#323130]">[39m
[31m+                             {clientPassports.flatMap(passport => (passport.vulnerabilities || []).map(vulnerability => ({ passport, vulnerability }))).map(({ passport, vulnerability }, index) => ([39m
[31m+                               <tr key={`${passport.id}-${vulnerability.id}-${index}`} className="border-b border-[#f3f2f1] hover:bg-black/[.02]">[39m
[31m+                                 <td className="px-3 py-2.5 font-medium text-[#0f6cbd]">{vulnerability.id}</td>[39m
[31m+                                 <td className="px-3 py-2.5">{vulnerability.component}</td>[39m
[31m+                                 <td className="px-3 py-2.5"><span className="rounded-full border border-[#e1dfdd] bg-[#f3f2f1] px-2 py-0.5 text-[11px] uppercase text-[#605e5c]">{vulnerability.severity}</span></td>[39m
[31m+                                 <td className="px-3 py-2.5">{vulnerability.cvss ?? 'Not observed'}</td>[39m
[31m+                                 <td className="px-3 py-2.5"><span className="rounded border border-[#e1dfdd] bg-[#faf9f8] px-2 py-0.5 text-[11px] text-[#605e5c]">{vulnerability.status}</span></td>[39m
[31m+                                 <td className="max-w-sm truncate px-3 py-2.5 text-[#605e5c]" title={vulnerability.description}>{vulnerability.description || 'No description observed.'}</td>[39m
[31m+                               </tr>[39m
[31m+                             ))}[39m
[31m+                             {clientPassports.every(passport => !passport.vulnerabilities?.length) && <tr><td colSpan={6} className="px-3 py-6 text-center text-[#8a8886]">No vulnerability observations are recorded for this client.</td></tr>}[39m
[31m+                           </tbody>[39m
[31m+                         </table>[39m
[31m+                       </div>[39m
[31m+                     </div>[39m
[31m+                   </div>[39m
[31m+                 )}[39m
[31m+ [39m
[31m+                 {/* 4. Compliance Framework Matrices Tab */}[39m
[31m+                 {workspaceTab === 'compliance' && ([39m
[31m+                   <div className="grid grid-cols-1 gap-3 sm:grid-cols-2">[39m
[31m+                     {client.complianceStatus.length === 0 && ([39m
[31m+                       <div className="col-span-full rounded-md border border-dashed border-[#e1dfdd] px-5 py-10 text-center text-[13px] text-[#8a8886]">No compliance frameworks recorded for this client yet.</div>[39m
[31m+                     )}[39m
[31m+                     {client.complianceStatus.map((comp) => {[39m
[31m+                       const cs = complianceStyle(comp.status);[39m
[31m+                       return ([39m
[31m+                         <div key={comp.id} className="flex flex-col justify-between gap-3 rounded-md border border-[#e1dfdd] bg-white p-4">[39m
[31m+                           <div className="flex items-start justify-between">[39m
[31m+                             <div>[39m
[31m+                               <span className="rounded border border-[#e1dfdd] bg-[#eff6fc] px-2 py-0.5 text-[11px] font-medium text-[#0f6cbd]">[39m
[31m+                                 {comp.code} Framework[39m
[31m+                               </span>[39m
[31m+                               <h3 className="mt-2 text-[13px] font-semibold text-[#201f1e]">{comp.name}</h3>[39m
[31m+                             </div>[39m
[31m+                             <span className={`inline-flex items-center gap-1.5 text-[13px] ${cs.text}`}>[39m
[31m+                               <span className={`h-1.5 w-1.5 rounded-full ${cs.dot}`} />[39m
[31m+                               {comp.status}[39m
[31m+                             </span>[39m
[31m+                           </div>[39m
[31m+ [39m
[31m+                           {/* Progress Bar */}[39m
[31m+                           <div className="space-y-1.5">[39m
[31m+                             <div className="flex justify-between text-[11px] text-[#605e5c]">[39m
[31m+                               <span>Controls verification progress</span>[39m
[31m+                               <span className="font-medium text-[#323130]">{comp.progress}%</span>[39m
[31m+                             </div>[39m
[31m+                             <div className="h-1.5 w-full overflow-hidden rounded-full bg-[#f3f2f1]">[39m
[31m+                               <div className="h-full bg-[#0f6cbd]" style={{ width: `${comp.progress}%` }}></div>[39m
[31m+                             </div>[39m
[31m+                             <div className="flex justify-between text-[11px] text-[#8a8886]">[39m
[31m+                               <span>{comp.compliantControls} of {comp.totalControls} Controls Certified</span>[39m
[31m+                               <span>SLA Audit Ready</span>[39m
[31m+                             </div>[39m
[31m+                           </div>[39m
[31m+ [39m
[31m+                           <button[39m
[31m+                             onClick={() => onNavigateTab('compliance')}[39m
[31m+                             className="w-full rounded border border-[#c8c6c4] py-1.5 text-center text-[13px] text-[#323130] hover:bg-black/[.03]"[39m
[31m+                           >[39m
[31m+                             Launch Verification Portal[39m
[31m+                           </button>[39m
[31m+                         </div>[39m
[31m+                       );[39m
[31m+                     })}[39m
[31m+                   </div>[39m
[31m+                 )}[39m
[31m+ [39m
[31m+                 {/* 5. Team Directory Tab */}[39m
[31m+                 {workspaceTab === 'team' && ([39m
[31m+                   <div className="overflow-hidden rounded-md border border-[#e1dfdd] bg-white">[39m
[31m+                     <div className="border-b border-[#e1dfdd] px-4 py-3">[39m
[31m+                       <h3 className="text-[13px] font-semibold text-[#323130]">Client Stakeholders & Key Operators</h3>[39m
[31m+                       <p className="mt-0.5 text-[11px] text-[#8a8886]">Authorizing authorities registered with access privileges inside this workspace.</p>[39m
[31m+                     </div>[39m
[31m+                     <div className="divide-y divide-[#f3f2f1]">[39m
[31m+                       {client.teamMembers.length === 0 && ([39m
[31m+                         <div className="px-4 py-10 text-center text-[13px] text-[#8a8886]">No stakeholders recorded for this client yet.</div>[39m
[31m+                       )}[39m
[31m+                       {client.teamMembers.map((member, i) => ([39m
[31m+                         <div key={i} className="flex items-center justify-between px-4 py-3 hover:bg-black/[.02]">[39m
[31m+                           <div className="flex items-center gap-2.5">[39m
[31m+                             <div className="flex h-8 w-8 items-center justify-center rounded-full border border-[#e1dfdd] bg-[#eff6fc] text-[11px] font-semibold text-[#0f6cbd]">[39m
[31m+                               {member.avatar}[39m
[31m+                             </div>[39m
[31m+                             <div>[39m
[31m+                               <h4 className="text-[13px] font-medium text-[#201f1e]">{member.name}</h4>[39m
[31m+                               <p className="text-[11px] text-[#8a8886]">{member.role}</p>[39m
[31m+                             </div>[39m
[31m+                           </div>[39m
[31m+                           <div className="text-right">[39m
[31m+                             <a[39m
[31m+                               href={`mailto:${member.email}`}[39m
[31m+                               className="flex items-center gap-1 text-[13px] font-medium text-[#0f6cbd] hover:underline"[39m
[31m+                             >[39m
[31m+                               <span>{member.email}</span>[39m
[31m+                               <ExternalLink className="h-3.5 w-3.5" />[39m
[31m+                             </a>[39m
[31m+                             <span className="mt-1 block text-[11px] text-[#8a8886]">Privileges: Authorized Auditor</span>[39m
[31m+                           </div>[39m
[31m+                         </div>[39m
[31m+                       ))}[39m
[31m+                     </div>[39m
[31m+                   </div>[39m
[31m+                 )}[39m
[31m+ [39m
[31m+               </div>[39m
[31m+             </motion.div>[39m
[31m+           </>[39m
[31m+         )}[39m
[31m+       </AnimatePresence>[39m
[31m+     </div>[39m
[31m+   );[39m
[31m+ }[39m
[31m+[39m

[36m [2m❯[22m tests/client-creation-contract.test.ts:[2m101:15[22m[39m
    [90m 99| [39m  it('ClientsView surfaces the real per-field validation message inste…
    [90m100| [39m    [35mconst[39m s [33m=[39m [34mread[39m([32m'src/components/ClientsView.tsx'[39m)[33m;[39m
    [90m101| [39m    [34mexpect[39m(s)[33m.[39m[34mtoContain[39m([32m'data?.details?.fieldErrors'[39m)[33m;[39m
    [90m   | [39m              [31m^[39m
    [90m102| [39m    [34mexpect[39m(s)[33m.[39m[34mtoContain[39m([32m'data?.details?.formErrors?.[0]'[39m)[33m;[39m
    [90m103| [39m  })[33m;[39m

[31m[2m⎯⎯⎯⎯⎯⎯⎯⎯⎯⎯⎯⎯⎯⎯⎯⎯⎯⎯⎯⎯⎯[20/141]⎯[22m[39m

[41m[1m FAIL [22m[49m tests/client-json-columns.test.ts[2m > [22mthe normalization is wired into every production path[2m > [22mthe clients list and create endpoints both normalize before responding
[31m[1mAssertionError[22m: expected '/**\n * @license\n * SPDX-License-Ide…' to contain 'from \'../lib/clientJsonColumns.ts\''[39m

[32m- Expected[39m
[31m+ Received[39m

[32m- from '../lib/clientJsonColumns.ts'[39m
[31m+ /**[39m
[31m+  * @license[39m
[31m+  * SPDX-License-Identifier: Apache-2.0[39m
[31m+  */[39m
[31m+[39m
[31m+ import { Router } from 'express';[39m
[31m+ import { eq } from 'drizzle-orm';[39m
[31m+ import { sql } from 'drizzle-orm';[39m
[31m+ import { z } from 'zod';[39m
[31m+ import { users } from '../db/schema.ts';[39m
[31m+ import { AuthenticatedRequest, requireAuth, requireRole } from '../middleware/security.ts';[39m
[31m+ import { adminAuth, setUserCustomClaims } from '../lib/firebase-admin.ts';[39m
[31m+ import { appendAuditEntry, verifyAuditChain } from '../security/audit-log.ts';[39m
[31m+ import { describeUserAgent, sessionFingerprint } from '../security/session-tracking.ts';[39m
[31m+ import { offboardTenantData } from '../db/sync.ts';[39m
[31m+ import { INTEGRATION_CATALOG } from '../integrations/catalog.ts';[39m
[31m+ import { adaptEvidenceForEvaluation } from '../lib/verification/evidenceAdapter.ts';[39m
[31m+ import { evaluateVerification, type VerificationDecision } from '../lib/verification/evaluateVerification.ts';[39m
[31m+[39m
[31m+ const INVITABLE_ROLES = ['Admin', 'Technician', 'Viewer', 'Client'] as const;[39m
[31m+ const inviteSchema = z.object({ email: z.string().trim().email().max(255), role: z.enum(INVITABLE_ROLES) }).strict();[39m
[31m+ const roleUpdateSchema = z.object({ role: z.enum(INVITABLE_ROLES) }).strict();[39m
[31m+ const profileUpdateSchema = z.object({[39m
[31m+   displayName: z.string().trim().max(200).optional(),[39m
[31m+   roleTitle: z.string().trim().max(200).optional(),[39m
[31m+   companyName: z.string().trim().max(200).optional(),[39m
[31m+ }).strict();[39m
[31m+ const revokeSessionSchema = z.object({ sessionId: z.string().trim().min(1).max(200) }).strict();[39m
[31m+[39m
[31m+ export function createAuthRouter() {[39m
[31m+   const router = Router();[39m
[31m+[39m
[31m+   // The Firebase ID token is the sole authentication authority. The database[39m
[31m+   // record supplies the tenant/RBAC projection after token verification.[39m
[31m+   router.get('/user/me', requireAuth, async (req: AuthenticatedRequest, res, next) => {[39m
[31m+     try {[39m
[31m+       const db = req.db!;[39m
[31m+       const user = await db.select({[39m
[31m+         id: users.id,[39m
[31m+         uid: users.uid,[39m
[31m+         email: users.email,[39m
[31m+         tenantId: users.tenantId,[39m
[31m+         role: users.role,[39m
[31m+         companyName: users.companyName,[39m
[31m+         roleTitle: users.roleTitle,[39m
[31m+         displayName: users.displayName,[39m
[31m+         numTechnicians: users.numTechnicians,[39m
[31m+         clientCount: users.clientCount,[39m
[31m+         primaryUseCase: users.primaryUseCase,[39m
[31m+         onboarded: users.onboarded,[39m
[31m+         mfaEnabled: users.mfaEnabled,[39m
[31m+         createdAt: users.createdAt,[39m
[31m+       }).from(users).where(eq(users.uid, req.user!.uid)).then(rows => rows[0]);[39m
[31m+[39m
[31m+       if (!user) return res.status(403).json({ error: 'User account is not provisioned' });[39m
[31m+       return res.json({ ...user, emailVerified: req.user!.emailVerified });[39m
[31m+     } catch (error) {[39m
[31m+       return next(error);[39m
[31m+     }[39m
[31m+   });[39m
[31m+[39m
[31m+   router.put('/user/profile', requireAuth, async (req: AuthenticatedRequest, res, next) => {[39m
[31m+     try {[39m
[31m+       const db = req.db!;[39m
[31m+       const parsed = profileUpdateSchema.safeParse(req.body);[39m
[31m+       if (!parsed.success) return res.status(400).json({ error: 'Invalid request', details: parsed.error.flatten() });[39m
[31m+       const result = await db.execute(sql`[39m
[31m+         UPDATE users SET[39m
[31m+           display_name = COALESCE(${parsed.data.displayName ?? null}, display_name),[39m
[31m+           role_title = COALESCE(${parsed.data.roleTitle ?? null}, role_title),[39m
[31m+           company_name = COALESCE(${parsed.data.companyName ?? null}, company_name)[39m
[31m+         WHERE uid = ${req.user!.uid} AND tenant_id = ${req.user!.tenantId}[39m
[31m+         RETURNING id, email, display_name AS "displayName", role_title AS "roleTitle", company_name AS "companyName"[39m
[31m+       `);[39m
[31m+       const row = (result as any).rows?.[0];[39m
[31m+       if (!row) return res.status(404).json({ error: 'User account not found' });[39m
[31m+       await appendAuditEntry(db, { tenantId: req.user!.tenantId, action: 'profile.updated', actor: req.user!.email, payload: { userId: req.user!.id } });[39m
[31m+       return res.json(row);[39m
[31m+     } catch (error) {[39m
[31m+       return next(error);[39m
[31m+     }[39m
[31m+   });[39m
[31m+[39m
[31m+   router.get('/organization/team', requireAuth, async (req: AuthenticatedRequest, res, next) => {[39m
[31m+     try {[39m
[31m+       const db = req.db!;[39m
[31m+       const result = await db.execute(sql`[39m
[31m+         SELECT id, email, display_name AS "displayName", role, onboarded, created_at AS "createdAt"[39m
[31m+         FROM users WHERE tenant_id = ${req.user!.tenantId} ORDER BY created_at ASC[39m
[31m+       `);[39m
[31m+       return res.json((result as any).rows ?? []);[39m
[31m+     } catch (error) {[39m
[31m+       return next(error);[39m
[31m+     }[39m
[31m+   });[39m
[31m+[39m
[31m+   router.post('/organization/invite', requireAuth, requireRole(['Owner', 'Admin']), async (req: AuthenticatedRequest, res, next) => {[39m
[31m+     try {[39m
[31m+       const db = req.db!;[39m
[31m+       const parsed = inviteSchema.safeParse(req.body);[39m
[31m+       if (!parsed.success) return res.status(400).json({ error: 'Invalid request', details: parsed.error.flatten() });[39m
[31m+       const email = parsed.data.email.toLowerCase();[39m
[31m+[39m
[31m+       const existing = await db.execute(sql`SELECT id FROM users WHERE tenant_id = ${req.user!.tenantId} AND lower(btrim(email)) = ${email} LIMIT 1`);[39m
[31m+       if ((existing as any).rows?.length) return res.status(409).json({ error: 'This email is already a member of your workspace.' });[39m
[31m+[39m
[31m+       let firebaseUser;[39m
[31m+       try {[39m
[31m+         firebaseUser = await adminAuth.getUserByEmail(email);[39m
[31m+       } catch {[39m
[31m+         firebaseUser = await adminAuth.createUser({ email, emailVerified: false });[39m
[31m+       }[39m
[31m+[39m
[31m+       const inserted = await db.execute(sql`[39m
[31m+         INSERT INTO users (uid, email, tenant_id, role, invited_by, onboarded)[39m
[31m+         VALUES (${firebaseUser.uid}, ${email}, ${req.user!.tenantId}, ${parsed.data.role}, ${req.user!.email}, 0)[39m
[31m+         RETURNING id, email, role[39m
[31m+       `);[39m
[31m+       await setUserCustomClaims(firebaseUser.uid, { workspaceId: req.user!.tenantId, role: parsed.data.role });[39m
[31m+[39m
[31m+       let inviteLink: string | null = null;[39m
[31m+       try { inviteLink = await adminAuth.generatePasswordResetLink(email); } catch { inviteLink = null; }[39m
[31m+[39m
[31m+       await appendAuditEntry(db, { tenantId: req.user!.tenantId, action: 'team.invited', actor: req.user!.email, payload: { invitedEmail: email, role: parsed.data.role } });[39m
[31m+       return res.status(201).json({ ...(inserted as any).rows?.[0], inviteLink });[39m
[31m+     } catch (error) {[39m
[31m+       return next(error);[39m
[31m+     }[39m
[31m+   });[39m
[31m+[39m
[31m+   router.put('/organization/team/:userId/role', requireAuth, requireRole(['Owner', 'Admin']), async (req: AuthenticatedRequest, res, next) => {[39m
[31m+     try {[39m
[31m+       const db = req.db!;[39m
[31m+       const parsed = roleUpdateSchema.safeParse(req.body);[39m
[31m+       if (!parsed.success) return res.status(400).json({ error: 'Invalid request', details: parsed.error.flatten() });[39m
[31m+       const targetId = Number(req.params.userId);[39m
[31m+       if (!Number.isInteger(targetId)) return res.status(400).json({ error: 'Invalid user id' });[39m
[31m+[39m
[31m+       const result = await db.execute(sql`[39m
[31m+         UPDATE users SET role = ${parsed.data.role}[39m
[31m+         WHERE id = ${targetId} AND tenant_id = ${req.user!.tenantId} AND role <> 'Owner'[39m
[31m+         RETURNING id, uid, email, role[39m
[31m+       `);[39m
[31m+       const row = (result as any).rows?.[0];[39m
[31m+       if (!row) return res.status(404).json({ error: 'Team member not found, or the Owner role cannot be changed here.' });[39m
[31m+       await setUserCustomClaims(row.uid, { workspaceId: req.user!.tenantId, role: parsed.data.role });[39m
[31m+       await appendAuditEntry(db, { tenantId: req.user!.tenantId, action: 'team.role_changed', actor: req.user!.email, payload: { targetUserId: targetId, newRole: parsed.data.role } });[39m
[31m+       return res.json({ id: row.id, email: row.email, role: row.role });[39m
[31m+     } catch (error) {[39m
[31m+       return next(error);[39m
[31m+     }[39m
[31m+   });[39m
[31m+[39m
[31m+   router.delete('/organization/team/:userId', requireAuth, requireRole(['Owner', 'Admin']), async (req: AuthenticatedRequest, res, next) => {[39m
[31m+     try {[39m
[31m+       const db = req.db!;[39m
[31m+       const targetId = Number(req.params.userId);[39m
[31m+       if (!Number.isInteger(targetId)) return res.status(400).json({ error: 'Invalid user id' });[39m
[31m+[39m
[31m+       const result = await db.execute(sql`[39m
[31m+         DELETE FROM users WHERE id = ${targetId} AND tenant_id = ${req.user!.tenantId} AND role <> 'Owner'[39m
[31m+         RETURNING id, uid, email[39m
[31m+       `);[39m
[31m+       const row = (result as any).rows?.[0];[39m
[31m+       if (!row) return res.status(404).json({ error: 'Team member not found, or the Owner cannot be removed.' });[39m
[31m+[39m
[31m+       try { await adminAuth.updateUser(row.uid, { disabled: true }); await adminAuth.revokeRefreshTokens(row.uid); } catch { /* Firebase account may already be gone; DB removal already took effect. */ }[39m
[31m+       await appendAuditEntry(db, { tenantId: req.user!.tenantId, action: 'team.removed', actor: req.user!.email, payload: { targetUserId: targetId, targetEmail: row.email } });[39m
[31m+       return res.status(204).send();[39m
[31m+     } catch (error) {[39m
[31m+       return next(error);[39m
[31m+     }[39m
[31m+   });[39m
[31m+[39m
[31m+   router.get('/auth/sessions', requireAuth, async (req: AuthenticatedRequest, res, next) => {[39m
[31m+     try {[39m
[31m+       const db = req.db!;[39m
[31m+       const currentIp = req.ip || req.socket.remoteAddress || 'unknown';[39m
[31m+       const currentUserAgent = typeof req.headers['user-agent'] === 'string' ? req.headers['user-agent'].slice(0, 512) : '';[39m
[31m+       const currentFingerprint = sessionFingerprint(req.user!.uid, currentIp, currentUserAgent);[39m
[31m+[39m
[31m+       const result = await db.execute(sql`[39m
[31m+         SELECT id, session_fingerprint AS "sessionFingerprint", ip, user_agent AS "userAgent", last_seen_at AS "lastSeenAt"[39m
[31m+         FROM user_sessions[39m
[31m+         WHERE tenant_id = ${req.user!.tenantId} AND user_id = ${req.user!.id} AND revoked_at IS NULL[39m
[31m+         ORDER BY last_seen_at DESC[39m
[31m+       `);[39m
[31m+       const rows = ((result as any).rows ?? []) as Array<{ id: string; sessionFingerprint: string; ip: string; userAgent: string; lastSeenAt: string }>;[39m
[31m+       return res.json(rows.map(row => ({[39m
[31m+         id: row.id,[39m
[31m+         email: req.user!.email,[39m
[31m+         current: row.sessionFingerprint === currentFingerprint,[39m
[31m+         ip: row.ip,[39m
[31m+         device: describeUserAgent(row.userAgent),[39m
[31m+         location: 'Not geolocated',[39m
[31m+         lastSeenAt: row.lastSeenAt,[39m
[31m+       })));[39m
[31m+     } catch (error) {[39m
[31m+       return next(error);[39m
[31m+     }[39m
[31m+   });[39m
[31m+[39m
[31m+   router.post('/auth/sessions/revoke', requireAuth, async (req: AuthenticatedRequest, res, next) => {[39m
[31m+     try {[39m
[31m+       const db = req.db!;[39m
[31m+       const parsed = revokeSessionSchema.safeParse(req.body);[39m
[31m+       if (!parsed.success) return res.status(400).json({ error: 'Invalid request', details: parsed.error.flatten() });[39m
[31m+       const currentIp = req.ip || req.socket.remoteAddress || 'unknown';[39m
[31m+       const currentUserAgent = typeof req.headers['user-agent'] === 'string' ? req.headers['user-agent'].slice(0, 512) : '';[39m
[31m+       const currentFingerprint = sessionFingerprint(req.user!.uid, currentIp, currentUserAgent);[39m
[31m+       if (parsed.data.sessionId === `sess_${currentFingerprint}`) return res.status(400).json({ error: 'Cannot revoke the session you are currently using. Sign out instead.' });[39m
[31m+[39m
[31m+       const result = await db.execute(sql`[39m
[31m+         UPDATE user_sessions SET revoked_at = NOW()[39m
[31m+         WHERE id = ${parsed.data.sessionId} AND tenant_id = ${req.user!.tenantId} AND user_id = ${req.user!.id} AND revoked_at IS NULL[39m
[31m+         RETURNING id[39m
[31m+       `);[39m
[31m+       if (!((result as any).rows?.length)) return res.status(404).json({ error: 'Session not found' });[39m
[31m+       await appendAuditEntry(db, { tenantId: req.user!.tenantId, action: 'session.revoked', actor: req.user!.email, payload: { sessionId: parsed.data.sessionId } });[39m
[31m+       return res.status(204).send();[39m
[31m+     } catch (error) {[39m
[31m+       return next(error);[39m
[31m+     }[39m
[31m+   });[39m
[31m+[39m
[31m+   router.get('/auth/login-history', requireAuth, async (req: AuthenticatedRequest, res, next) => {[39m
[31m+     try {[39m
[31m+       const db = req.db!;[39m
[31m+       const result = await db.execute(sql`[39m
[31m+         SELECT id, ip, user_agent AS "userAgent", status, occurred_at AS "occurredAt"[39m
[31m+         FROM login_history WHERE tenant_id = ${req.user!.tenantId} AND user_id = ${req.user!.id}[39m
[31m+         ORDER BY occurred_at DESC LIMIT 50[39m
[31m+       `);[39m
[31m+       const rows = ((result as any).rows ?? []) as Array<{ id: string; ip: string; userAgent: string; status: string; occurredAt: string }>;[39m
[31m+       return res.json(rows.map(row => ({[39m
[31m+         id: row.id,[39m
[31m+         email: req.user!.email,[39m
[31m+         status: row.status,[39m
[31m+         action: 'Sign-in',[39m
[31m+         timestamp: row.occurredAt,[39m
[31m+         ip: row.ip,[39m
[31m+         location: 'Not geolocated',[39m
[31m+       })));[39m
[31m+     } catch (error) {[39m
[31m+       return next(error);[39m
[31m+     }[39m
[31m+   });[39m
[31m+[39m
[31m+   router.get('/auth/audit-chain', requireAuth, async (req: AuthenticatedRequest, res, next) => {[39m
[31m+     try {[39m
[31m+       const db = req.db!;[39m
[31m+       const beforeRaw = typeof req.query.before === 'string' ? Number(req.query.before) : null;[39m
[31m+       const before = Number.isInteger(beforeRaw) && beforeRaw! > 0 ? beforeRaw : null;[39m
[31m+       const result = before[39m
[31m+         ? await db.execute(sql`[39m
[31m+             SELECT id, action, timestamp, actor, payload, current_hash AS "currentHash", previous_hash AS "previousHash"[39m
[31m+             FROM audit_trail WHERE tenant_id = ${req.user!.tenantId} AND id < ${before} ORDER BY id DESC LIMIT 50[39m
[31m+           `)[39m
[31m+         : await db.execute(sql`[39m
[31m+         SELECT id, action, timestamp, actor, payload, current_hash AS "currentHash", previous_hash AS "previousHash"[39m
[31m+         FROM audit_trail WHERE tenant_id = ${req.user!.tenantId} ORDER BY id DESC LIMIT 50[39m
[31m+       `);[39m
[31m+       const rows = ((result as any).rows ?? []) as Array<{ id: number; action: string; timestamp: string; actor: string; payload: string; currentHash: string; previousHash: string }>;[39m
[31m+       return res.json(rows.map(row => ({[39m
[31m+         id: row.id,[39m
[31m+         action: row.action,[39m
[31m+         timestamp: row.timestamp,[39m
[31m+         actor: row.actor,[39m
[31m+         payload: row.payload,[39m
[31m+         hash: row.currentHash,[39m
[31m+         currentHash: row.currentHash,[39m
[31m+         previousHash: row.previousHash,[39m
[31m+         block: { action: row.action, userEmail: row.actor.includes('@') ? row.actor : null },[39m
[31m+       })));[39m
[31m+     } catch (error) {[39m
[31m+       return next(error);[39m
[31m+     }[39m
[31m+   });[39m
[31m+[39m
[31m+   router.get('/auth/audit-chain/verify', requireAuth, async (req: AuthenticatedRequest, res, next) => {[39m
[31m+     try {[39m
[31m+       const db = req.db!;[39m
[31m+       return res.json(await verifyAuditChain(db, req.user!.tenantId));[39m
[31m+     } catch (error) {[39m
[31m+       return next(error);[39m
[31m+     }[39m
[31m+   });[39m
[31m+[39m
[31m+   router.post('/tenant/offboard', requireAuth, requireRole('Owner'), async (req: AuthenticatedRequest, res, next) => {[39m
[31m+     try {[39m
[31m+       // Purges via the owner-role connection (not req.db): offboarding must be[39m
[31m+       // able to see every table it enumerates from information_schema, and it[39m
[31m+       // already scopes every DELETE to exactly this caller's own tenant_id.[39m
[31m+       await offboardTenantData(req.user!.tenantId);[39m
[31m+       return res.status(200).json({ message: 'Tenant data purged.' });[39m
[31m+     } catch (error) {[39m
[31m+       return next(error);[39m
[31m+     }[39m
[31m+   });[39m
[31m+[39m
[31m+   // Owner-only founder metrics. Every value is either observed from tenant[39m
[31m+   // data or explicitly reported as not verified; this endpoint never invents[39m
[31m+   // production health, security, financial, or performance telemetry.[39m
[31m+   router.get('/founder/metrics', requireAuth, requireRole('Owner'), async (req: AuthenticatedRequest, res, next) => {[39m
[31m+     try {[39m
[31m+       const db = req.db!;[39m
[31m+       const counts = await db.execute(sql`[39m
[31m+         SELECT[39m
[31m+           (SELECT COUNT(*)::int FROM clients WHERE tenant_id = ${req.user!.tenantId}) AS "clientCount",[39m
[31m+           (SELECT COUNT(*)::int FROM passports WHERE tenant_id = ${req.user!.tenantId}) AS "passportCount",[39m
[31m+           (SELECT COUNT(*)::int FROM scans WHERE tenant_id = ${req.user!.tenantId}) AS "scanCount"[39m
[31m+       `);[39m
[31m+       const row = (counts as any).rows?.[0] || {};[39m
[31m+       return res.json({[39m
[31m+         latency: 'Not verified',[39m
[31m+         capitalProtected: 'Not verified',[39m
[31m+         throughput: 'Not verified',[39m
[31m+         mitigations: 'Not verified',[39m
[31m+         overallScore: null,[39m
[31m+         auditEvents: null,[39m
[31m+         activeThreats: null,[39m
[31m+         systemIntegrity: 'Not verified',[39m
[31m+         observed: {[39m
[31m+           clientCount: Number(row.clientCount || 0),[39m
[31m+           passportCount: Number(row.passportCount || 0),[39m
[31m+           scanCount: Number(row.scanCount || 0),[39m
[31m+         },[39m
[31m+       });[39m
[31m+     } catch (error) {[39m
[31m+       return next(error);[39m
[31m+     }[39m
[31m+   });[39m
[31m+[39m
[31m+   // Owner-only operational health for the command center. Every section reads[39m
[31m+   // from the real tables the corresponding subsystem already writes -- no[39m
[31m+   // second heartbeat, delivery ledger, integration status, or audit verifier[39m
[31m+   // is created here. Sections with no real backing data are omitted rather[39m
[31m+   // than populated with placeholder values; see the `notes` field.[39m
[31m+   router.get('/founder/operations', requireAuth, requireRole('Owner'), async (req: AuthenticatedRequest, res, next) => {[39m
[31m+     try {[39m
[31m+       const db = req.db!;[39m
[31m+       const tenantId = req.user!.tenantId;[39m
[31m+       const notes: string[] = [];[39m
[31m+[39m
[31m+       // --- A. Worker/job health ---------------------------------------------[39m
[31m+       // osv-worker.ts claims agent_jobs rows (job_type osv_manifest_scan /[39m
[31m+       // repository_scan). It has no separate heartbeat row; the queue state[39m
[31m+       // itself (locked_at/locked_by, the same 10-minute staleness window the[39m
[31m+       // worker uses to reclaim stuck jobs) is the real signal.[39m
[31m+       const [osvCounts, osvStale, osvFailures, osvActivity] = await Promise.all([[39m
[31m+         db.execute(sql`SELECT job_type AS "jobType", status, COUNT(*)::int AS count FROM agent_jobs WHERE tenant_id=${tenantId} AND job_type IN ('osv_manifest_scan','repository_scan') GROUP BY job_type, status`),[39m
[31m+         db.execute(sql`SELECT COUNT(*)::int AS count FROM agent_jobs WHERE tenant_id=${tenantId} AND job_type IN ('osv_manifest_scan','repository_scan') AND status='Running' AND locked_at < NOW() - INTERVAL '10 minutes'`),[39m
[31m+         db.execute(sql`SELECT id, job_type AS "jobType", error, attempt_count AS "attemptCount", max_attempts AS "maxAttempts", updated_at AS "updatedAt" FROM agent_jobs WHERE tenant_id=${tenantId} AND job_type IN ('osv_manifest_scan','repository_scan') AND status='Failed' ORDER BY updated_at DESC LIMIT 5`),[39m
[31m+         db.execute(sql`SELECT MAX(updated_at) AS "lastActivityAt" FROM agent_jobs WHERE tenant_id=${tenantId} AND job_type IN ('osv_manifest_scan','repository_scan')`),[39m
[31m+       ]);[39m
[31m+[39m
[31m+       // monitoring-worker.ts (the file name this dashboard's spec named) is not[39m
[31m+       // imported by worker.ts and never runs in production -- confirmed dead[39m
[31m+       // code, not a running system. trust-monitoring-worker.ts is the real,[39m
[31m+       // currently-running system that plays the equivalent role (collector_jobs[39m
[31m+       // has an actual heartbeat_at column, unlike agent_jobs).[39m
[31m+       const [monitoringCounts, monitoringHeartbeat, monitoringFailures] = await Promise.all([[39m
[31m+         db.execute(sql`SELECT state, COUNT(*)::int AS count FROM collector_jobs WHERE tenant_id=${tenantId} GROUP BY state`),[39m
[31m+         db.execute(sql`SELECT MAX(heartbeat_at) AS "lastHeartbeatAt" FROM collector_jobs WHERE tenant_id=${tenantId} AND state='running'`),[39m
[31m+         db.execute(sql`SELECT id, collector_id AS "collectorId", safe_error_code AS "errorCode", safe_error_message AS "errorMessage", completed_at AS "completedAt" FROM collector_jobs WHERE tenant_id=${tenantId} AND state IN ('failed','dead_lettered') ORDER BY completed_at DESC NULLS LAST LIMIT 5`),[39m
[31m+       ]);[39m
[31m+       notes.push('monitoring-worker.ts is dead code (never imported by worker.ts); "monitoringWorker" below reflects trust-monitoring-worker.ts, the real running system for the same role.');[39m
[31m+[39m
[31m+       // --- B. Webhook delivery health ----------------------------------------[39m
[31m+       const [webhookCounts, webhookEndpoints, webhookFailures] = await Promise.all([[39m
[31m+         db.execute(sql`SELECT status, COUNT(*)::int AS count FROM spr_webhook_deliveries WHERE tenant_id=${tenantId} AND created_at::timestamptz > NOW() - INTERVAL '7 days' GROUP BY status`),[39m
[31m+         db.execute(sql`SELECT COUNT(*) FILTER (WHERE active)::int AS "activeCount", COUNT(*) FILTER (WHERE NOT active)::int AS "disabledCount" FROM spr_webhooks WHERE tenant_id=${tenantId}`),[39m
[31m+         db.execute(sql`SELECT d.id, d.webhook_id AS "webhookId", w.url, d.event_type AS "eventType", d.safe_error_code AS "errorCode", d.safe_error_message AS "errorMessage", d.completed_at AS "completedAt" FROM spr_webhook_deliveries d JOIN spr_webhooks w ON w.id=d.webhook_id AND w.tenant_id=d.tenant_id WHERE d.tenant_id=${tenantId} AND d.status IN ('failed','dead_lettered') ORDER BY d.completed_at DESC NULLS LAST LIMIT 10`),[39m
[31m+       ]);[39m
[31m+       notes.push('Webhook failures are grouped by destination endpoint (webhookId/url), not "provider" -- SPR webhooks are user-configured destination URLs, not third-party provider connectors; there is no per-provider concept for outbound deliveries.');[39m
[31m+[39m
[31m+       // --- C. Integration health ----------------------------------------------[39m
[31m+       const [credentialRows, integrationRows] = await Promise.all([[39m
[31m+         db.execute(sql`SELECT provider, status, last_tested_at AS "lastTestedAt" FROM integration_credentials WHERE tenant_id=${tenantId}`),[39m
[31m+         db.execute(sql`SELECT name, connected, last_sync_date AS "lastSyncDate" FROM integrations WHERE tenant_id=${tenantId}`),[39m
[31m+       ]);[39m
[31m+       const credentialByProvider = new Map<string, any>((credentialRows as any).rows?.map((r: any) => [r.provider, r]) ?? []);[39m
[31m+       const integrationByName = new Map<string, any>((integrationRows as any).rows?.map((r: any) => [r.name, r]) ?? []);[39m
[31m+       const integrations = INTEGRATION_CATALOG.map((item) => ({[39m
[31m+         provider: item.provider,[39m
[31m+         name: item.name,[39m
[31m+         connected: Boolean(integrationByName.get(item.name)?.connected),[39m
[31m+         lastSyncDate: integrationByName.get(item.name)?.lastSyncDate ?? null,[39m
[31m+         credentialStatus: credentialByProvider.get(item.provider)?.status ?? 'NOT_CONFIGURED',[39m
[31m+         lastTestedAt: credentialByProvider.get(item.provider)?.lastTestedAt ?? null,[39m
[31m+       }));[39m
[31m+[39m
[31m+       // --- D. Audit chain integrity --------------------------------------------[39m
[31m+       // Reuses the exact function GET /api/auth/audit-chain/verify calls --[39m
[31m+       // no second verifier.[39m
[31m+       const auditChain = await verifyAuditChain(db, tenantId);[39m
[31m+[39m
[31m+       // --- E. Scan / job queue --------------------------------------------------[39m
[31m+       const [runningRepoScans, complianceSchedules] = await Promise.all([[39m
[31m+         db.execute(sql`SELECT id, passport_id AS "passportId", status, progress, updated_at AS "updatedAt" FROM agent_jobs WHERE tenant_id=${tenantId} AND job_type='repository_scan' AND status='Running' ORDER BY updated_at DESC LIMIT 10`),[39m
[31m+         db.execute(sql`SELECT id, client_id AS "clientId", frequency, status, last_audit_at AS "lastAuditAt", next_audit_at AS "nextAuditAt" FROM compliance_schedules WHERE tenant_id=${tenantId} ORDER BY COALESCE(last_audit_at, created_at) DESC LIMIT 10`),[39m
[31m+       ]);[39m
[31m+[39m
[31m+       return res.json({[39m
[31m+         generatedAt: new Date().toISOString(),[39m
[31m+         workers: {[39m
[31m+           osv: {[39m
[31m+             countsByStatus: (osvCounts as any).rows ?? [],[39m
[31m+             staleRunningCount: Number((osvStale as any).rows?.[0]?.count ?? 0),[39m
[31m+             recentFailures: (osvFailures as any).rows ?? [],[39m
[31m+             lastActivityAt: (osvActivity as any).rows?.[0]?.lastActivityAt ?? null,[39m
[31m+           },[39m
[31m+           monitoringWorker: {[39m
[31m+             realSource: 'trust-monitoring-worker.ts (collector_jobs)',[39m
[31m+             countsByState: (monitoringCounts as any).rows ?? [],[39m
[31m+             lastHeartbeatAt: (monitoringHeartbeat as any).rows?.[0]?.lastHeartbeatAt ?? null,[39m
[31m+             recentFailures: (monitoringFailures as any).rows ?? [],[39m
[31m+           },[39m
[31m+         },[39m
[31m+         webhooks: {[39m
[31m+           countsByStatusLast7Days: (webhookCounts as any).rows ?? [],[39m
[31m+           activeEndpoints: Number((webhookEndpoints as any).rows?.[0]?.activeCount ?? 0),[39m
[31m+           disabledEndpoints: Number((webhookEndpoints as any).rows?.[0]?.disabledCount ?? 0),[39m
[31m+           recentFailures: (webhookFailures as any).rows ?? [],[39m
[31m+         },[39m
[31m+         integrations,[39m
[31m+         auditChain,[39m
[31m+         queue: {[39m
[31m+           runningRepositoryScans: (runningRepoScans as any).rows ?? [],[39m
[31m+           recentlyFailedJobs: (osvFailures as any).rows ?? [],[39m
[31m+           complianceSchedules: (complianceSchedules as any).rows ?? [],[39m
[31m+         },[39m
[31m+         notes,[39m
[31m+       });[39m
[31m+     } catch (error) {[39m
[31m+       return next(error);[39m
[31m+     }[39m
[31m+   });[39m
[31m+[39m
[31m+   // Owner-only self-passport retrieval. Absence of evidence is represented as[39m
[31m+   // a 404 instead of a fabricated passport or trust score.[39m
[31m+   router.get('/passports/self-passport', requireAuth, requireRole('Owner'), async (req: AuthenticatedRequest, res, next) => {[39m
[31m+     try {[39m
[31m+       const db = req.db!;[39m
[31m+       const result = await db.execute(sql`[39m
[31m+         SELECT[39m
[31m+           id,[39m
[31m+           name,[39m
[31m+           version,[39m
[31m+           publisher,[39m
[31m+           release_date AS "releaseDate",[39m
[31m+           evidence[39m
[31m+         FROM passports[39m
[31m+         WHERE tenant_id = ${req.user!.tenantId}[39m
[31m+         ORDER BY release_date DESC NULLS LAST, id DESC[39m
[31m+         LIMIT 1[39m
[31m+       `);[39m
[31m+       const row = (result as any).rows?.[0];[39m
[31m+       if (!row) return res.status(404).json({ error: 'Self passport evidence not found', code: 'SELF_PASSPORT_NOT_FOUND' });[39m
[31m+       return res.json({[39m
[31m+         ...row,[39m
[31m+         overallScore: null,[39m
[31m+         healthStatus: 'Not verified',[39m
[31m+         evidence: Array.isArray(row.evidence) ? row.evidence : [],[39m
[31m+       });[39m
[31m+     } catch (error) {[39m
[31m+       return next(error);[39m
[31m+     }[39m
[31m+   });[39m
[31m+[39m
[31m+   // Firebase-authenticated, tenant-scoped reads for the first-party SPA.[39m
[31m+   // These are deliberately separate from /connect/v1, which is API-key based.[39m
[31m+   router.get('/user/clients', requireAuth, async (req: AuthenticatedRequest, res, next) => {[39m
[31m+     try {[39m
[31m+       const db = req.db!;[39m
[31m+       const result = await db.execute(sql`SELECT id, name, domain, industry, trust_score AS "trustScore", risk_level AS "riskLevel", avatar_color AS "avatarColor", subscription_tier AS "subscriptionTier", joined_date AS "joinedDate", team_count AS "teamCount", passport_count AS "passportCount", critical_risks_count AS "criticalRisksCount", compliance_progress AS "complianceProgress", software_inventory AS "softwareInventory", compliance_status AS "complianceStatus", team_members AS "teamMembers", activity_timeline AS "activityTimeline" FROM clients WHERE tenant_id=${req.user!.tenantId} ORDER BY joined_date DESC`);[39m
[31m+       return res.json((result as any).rows || []);[39m
[31m+     } catch (error) {[39m
[31m+       return next(error);[39m
[31m+     }[39m
[31m+   });[39m
[31m+[39m
[31m+   router.get('/user/passports', requireAuth, async (req: AuthenticatedRequest, res, next) => {[39m
[31m+     try {[39m
[31m+       const db = req.db!;[39m
[31m+       const result = await db.execute(sql`SELECT p.id, p.client_id AS "clientId", p.name, p.version, p.publisher, p.category, p.release_date AS "releaseDate", p.license_type AS "licenseType", p.sbom, COALESCE((SELECT json_agg(json_build_object('id', e.id, 'name', e.name, 'type', e.type, 'verified', e.verified, 'status', e.status, 'signer', e.signer, 'timestamp', e.timestamp, 'hash', e.hash, 'engineId', e.engine_id, 'verificationFailureReason', e.verification_failure_reason) ORDER BY e.timestamp DESC) FROM evidence_items e WHERE e.tenant_id=p.tenant_id AND e.asset_id=p.id), '[]'::json) AS evidence, COALESCE((SELECT json_agg(json_build_object('id', f.id, 'findingId', f.id, 'severity', f.severity, 'category', f.category, 'title', f.title, 'description', f.description, 'component', f.component, 'fixedVersion', f.fixed_version, 'status', f.status, 'detectedAt', f.detected_at, 'engineId', f.engine_id) ORDER BY f.detected_at DESC) FROM scan_findings f WHERE f.tenant_id=p.tenant_id AND f.asset_id=p.id), '[]'::json) AS vulnerabilities, p.timeline, NULL AS scores, 'not_authoritatively_scored' AS "scoreStatus" FROM passports p WHERE p.tenant_id=${req.user!.tenantId} ORDER BY p.name ASC`);[39m
[31m+       return res.json((result as any).rows || []);[39m
[31m+     } catch (error) {[39m
[31m+       return next(error);[39m
[31m+     }[39m
[31m+   });[39m
[31m+[39m
[31m+   router.get('/user/extensions', requireAuth, async (req: AuthenticatedRequest, res, next) => {[39m
[31m+     try {[39m
[31m+       const db = req.db!;[39m
[31m+       const result = await db.execute(sql`SELECT extension_id AS "extensionId", installed_at AS "installedAt" FROM extension_installations WHERE tenant_id=${req.user!.tenantId} ORDER BY installed_at DESC`);[39m
[31m+       return res.json((result as any).rows || []);[39m
[31m+     } catch (error) {[39m
[31m+       return next(error);[39m
[31m+     }[39m
[31m+   });[39m
[31m+[39m
[31m+   router.post('/user/extensions/:extensionId', requireAuth, requireRole(['Owner', 'Admin', 'Operator']), async (req: AuthenticatedRequest, res, next) => {[39m
[31m+     try {[39m
[31m+       const extensionId = String(req.params.extensionId || '').trim();[39m
[31m+       if (!/^[A-Za-z0-9_.-]{1,120}$/.test(extensionId)) return res.status(400).json({ error: 'Invalid extension id' });[39m
[31m+       const db = req.db!;[39m
[31m+       const result = await db.execute(sql`INSERT INTO extension_installations (tenant_id, extension_id, installed_at) VALUES (${req.user!.tenantId}, ${extensionId}, NOW()) ON CONFLICT (tenant_id, extension_id) DO UPDATE SET installed_at=NOW() RETURNING extension_id AS "extensionId", installed_at AS "installedAt"`);[39m
[31m+       return res.status(201).json((result as any).rows?.[0]);[39m
[31m+     } catch (error) {[39m
[31m+       return next(error);[39m
[31m+     }[39m
[31m+   });[39m
[31m+[39m
[31m+   router.delete('/user/extensions/:extensionId', requireAuth, requireRole(['Owner', 'Admin', 'Operator']), async (req: AuthenticatedRequest, res, next) => {[39m
[31m+     try {[39m
[31m+       const db = req.db!;[39m
[31m+       const extensionId = String(req.params.extensionId || '').trim();[39m
[31m+       const result = await db.execute(sql`DELETE FROM extension_installations WHERE tenant_id=${req.user!.tenantId} AND extension_id=${extensionId} RETURNING extension_id`);[39m
[31m+       if (!((result as any).rows?.length)) return res.status(404).json({ error: 'Extension installation not found' });[39m
[31m+       return res.status(204).send();[39m
[31m+     } catch (error) {[39m
[31m+       return next(error);[39m
[31m+     }[39m
[31m+   });[39m
[31m+[39m
[31m+   router.get('/auth/verify-status', requireAuth, async (req: AuthenticatedRequest, res) => {[39m
[31m+     return res.json({ verified: req.user!.emailVerified, emailVerified: req.user!.emailVerified });[39m
[31m+   });[39m
[31m+[39m
[31m+[39m
[31m+[39m
[31m+   router.get('/user/passports/:id/verification', requireAuth, async (req: AuthenticatedRequest, res, next) => {[39m
[31m+     try {[39m
[31m+       const db = req.db!;[39m
[31m+       const tenantId = req.user!.tenantId;[39m
[31m+       const clientScope = req.user!.role === 'Client' ? (req.user as any).clientId : null;[39m
[31m+       const passportResult = await db.execute(sql`SELECT id, version, evidence, client_id AS "clientId" FROM passports WHERE id=${req.params.id} AND tenant_id=${tenantId} AND (${clientScope} IS NULL OR client_id=${clientScope}) LIMIT 1`) as any;[39m
[31m+       const passport = passportResult.rows?.[0];[39m
[31m+       if (!passport) return res.status(404).json({ error: 'Passport not found' });[39m
[31m+       const findingResult = await db.execute(sql`SELECT id, passport_id AS "passportId", evidence_ids, status FROM trust_findings WHERE tenant_id=${tenantId} AND passport_id=${passport.id}`) as any;[39m
[31m+       const parseJson = (value: unknown): unknown[] => { try { const parsed = JSON.parse(String(value ?? '')); return Array.isArray(parsed) ? parsed : []; } catch { return []; } };[39m
[31m+       const openFindingEvidenceIds = (findingResult.rows ?? []).filter((row: any) => !['resolved','closed','verified'].includes(String(row.status || '').toLowerCase())).flatMap((row: any) => parseJson(row.evidence_ids)).filter((id: any): id is string => typeof id === 'string');[39m
[31m+       const adapted = adaptEvidenceForEvaluation({ evidence: parseJson(passport.evidence) as any[], passportVersion: passport.version, openFindingEvidenceIds });[39m
[31m+       const evaluatedAt = Date.now();[39m
[31m+       const decision = evaluateVerification({ evidence: adapted.evidence, evaluatedAt, targetIdentity: adapted.targetIdentity });[39m
[31m+       res.setHeader('Cache-Control', 'private, max-age=0, no-store');[39m
[31m+       return res.json({ decision, observations: decision.observationCount, independentSources: decision.independentSourceCount });[39m
[31m+     } catch (error) { return next(error); }[39m
[31m+   });[39m
[31m+[39m
[31m+   router.get('/user/verification', requireAuth, async (req: AuthenticatedRequest, res, next) => {[39m
[31m+     try {[39m
[31m+       const db = req.db!;[39m
[31m+       const tenantId = req.user!.tenantId;[39m
[31m+       const clientScope = req.user!.role === 'Client' ? (req.user as any).clientId : null;[39m
[31m+       const passportRows = (await db.execute(sql`SELECT id, version, evidence, client_id AS "clientId" FROM passports WHERE tenant_id=${tenantId} AND (${clientScope} IS NULL OR client_id=${clientScope}) ORDER BY id`) as any).rows ?? [];[39m
[31m+       const passportIds = passportRows.map((row: any) => String(row.id));[39m
[31m+       const parseJson = (value: unknown): unknown[] => { try { const parsed = JSON.parse(String(value ?? '')); return Array.isArray(parsed) ? parsed : []; } catch { return []; } };[39m
[31m+       // Drizzle's proven one-query binding shape for the passport findings is[39m
[31m+       // `asset_id IN ${passportIds}`; do not replace this with ANY(array).[39m
[31m+       const findingRows = passportIds.length ? ((await db.execute(sql`SELECT id, passport_id AS "passportId", evidence_ids, status FROM trust_findings WHERE tenant_id=${tenantId} AND passport_id IN ${passportIds}`) as any).rows ?? []) : [];[39m
[31m+       const evidenceByPassport = new Map<string, any[]>();[39m
[31m+       for (const passport of passportRows) evidenceByPassport.set(String(passport.id), parseJson(passport.evidence) as any[]);[39m
[31m+       const evaluatedAt = Date.now();[39m
[31m+       const verificationDecisions: Record<string, VerificationDecision> = {};[39m
[31m+       const verificationDetails: Record<string, unknown> = {};[39m
[31m+       for (const passport of passportRows) {[39m
[31m+         const findings = findingRows.filter((row: any) => String(row.passportId) === String(passport.id));[39m
[31m+         const openFindingEvidenceIds = findings.filter((row: any) => !['resolved','closed','verified'].includes(String(row.status || '').toLowerCase())).flatMap((row: any) => parseJson(row.evidence_ids)).filter((id: any): id is string => typeof id === 'string');[39m
[31m+         const adapted = adaptEvidenceForEvaluation({ evidence: evidenceByPassport.get(String(passport.id)) ?? [], passportVersion: passport.version, openFindingEvidenceIds });[39m
[31m+         const decision = evaluateVerification({ evidence: adapted.evidence, evaluatedAt, targetIdentity: adapted.targetIdentity });[39m
[31m+         verificationDecisions[String(passport.id)] = decision;[39m
[31m+         verificationDetails[String(passport.id)] = { unmappedCount: adapted.unmappedCount, undatedCount: adapted.undatedCount, observations: decision.observationCount, independentSources: decision.independentSourceCount };[39m
[31m+       }[39m
[31m+       res.setHeader('Cache-Control', 'private, max-age=0, no-store');[39m
[31m+       return res.json({ verificationDecisions, verificationDetails });[39m
[31m+     } catch (error) { return next(error); }[39m
[31m+   });[39m
[31m+[39m
[31m+   return router;[39m
[31m+ }[39m
[31m+[39m

[36m [2m❯[22m tests/client-json-columns.test.ts:[2m140:20[22m[39m
    [90m138| [39m  it('the clients list and create endpoints both normalize before resp…
    [90m139| [39m    [35mconst[39m source [33m=[39m [34mread[39m([32m'src/routes/auth.ts'[39m)[33m;[39m
    [90m140| [39m    [34mexpect[39m(source)[33m.[39m[34mtoContain[39m([32m"from '../lib/clientJsonColumns.ts'"[39m)[33m;[39m
    [90m   | [39m                   [31m^[39m
    [90m141| [39m    expect(source).toContain('normalizeClientRecords((result as any).r…
    [90m142| [39m    [34mexpect[39m(source)[33m.[39m[34mtoContain[39m([32m'normalizeClientRecord(row)'[39m)[33m;[39m

[31m[2m⎯⎯⎯⎯⎯⎯⎯⎯⎯⎯⎯⎯⎯⎯⎯⎯⎯⎯⎯⎯⎯[21/141]⎯[22m[39m

[41m[1m FAIL [22m[49m tests/client-json-columns.test.ts[2m > [22mthe normalization is wired into every production path[2m > [22mthe browser normalizes clients on receipt as defence in depth
[31m[1mAssertionError[22m: expected 'import { useEffect, useMemo, useState…' to contain 'normalizeClientRecord({ ...row'[39m

[32m- Expected[39m
[31m+ Received[39m

[32m- normalizeClientRecord({ ...row[39m
[31m+ import { useEffect, useMemo, useState, type ReactNode } from 'react';[39m
[31m+ import { getRedirectResult, onAuthStateChanged, signOut, type User } from 'firebase/auth';[39m
[31m+ import type { Alert, Client, Integration, Scan, SoftwarePassport, Vendor } from './types';[39m
[31m+ import type { VerificationDecision } from './lib/verification/evaluateVerification.ts';[39m
[31m+ import { apiFetch } from './utils/apiClient';[39m
[31m+ import { auth } from './lib/firebase';[39m
[31m+ import CommandCenter from './components/CommandCenter';[39m
[31m+ import ExtensionWorkflow from './components/ExtensionWorkflow';[39m
[31m+ import ExtensionMarketplace from './components/ExtensionMarketplace';[39m
[31m+ import LoginView from './components/LoginView';[39m
[31m+ import EvidenceDashboardView from './components/EvidenceDashboardView';[39m
[31m+ import EvidenceExplorerView from './components/EvidenceExplorerView';[39m
[31m+ import AITrustCenterView from './components/AITrustCenterView';[39m
[31m+ import CoverageView from './components/CoverageView';[39m
[31m+ import AssetsView from './components/AssetsView';[39m
[31m+ import PassportsView from './components/PassportsView';[39m
[31m+ import ScansView from './components/ScansView';[39m
[31m+ import AlertsView from './components/AlertsView';[39m
[31m+ import ClientsView from './components/ClientsView';[39m
[31m+ import VendorsView from './components/VendorsView';[39m
[31m+ import IntegrationsView from './components/IntegrationsView';[39m
[31m+ import BillingView from './components/BillingView';[39m
[31m+ import ComplianceView from './components/ComplianceView';[39m
[31m+ import AgentTrustView from './components/AgentTrustView';[39m
[31m+ import EnterpriseReadinessView from './components/EnterpriseReadinessView';[39m
[31m+ import FounderDashboardView from './components/FounderDashboardView';[39m
[31m+ import InvestorHomeView from './components/InvestorHomeView';[39m
[31m+ import SettingsView from './components/SettingsView';[39m
[31m+ import TeamView from './components/TeamView';[39m
[31m+ import AuditLogView from './components/AuditLogView';[39m
[31m+ import MonitoringView from './components/MonitoringView';[39m
[31m+ import SecurityCenterView from './components/SecurityCenterView';[39m
[31m+ import MSPCommandCenter from './components/MSPCommandCenter';[39m
[31m+ import ReportsView from './components/ReportsView';[39m
[31m+ import TrustGraphView from './components/TrustGraphView';[39m
[31m+ import { EXTENSIONS } from './workflows/extensionRegistry';[39m
[31m+ const PUBLIC_PATHS = new Set(['/','/login','/free-review','/pricing']);[39m
[31m+ const EMPTY_CLIENTS: Client[] = []; const EMPTY_PASSPORTS: SoftwarePassport[] = []; const EMPTY_VENDORS: Vendor[] = []; const EMPTY_INTEGRATIONS: Integration[] = []; const EMPTY_SCANS: Scan[] = []; const EMPTY_ALERTS: Alert[] = [];[39m
[31m+ function deriveAlertStatus(remediationStatus: string | null | undefined, findingStatus: string | null | undefined): Alert['status'] { switch (remediationStatus) { case 'IN_PROGRESS': case 'READY_FOR_VERIFICATION': return 'Acknowledged'; case 'BLOCKED': return 'Snoozed'; case 'VERIFIED': case 'CLOSED': return 'Resolved'; case 'CANCELLED': return 'Cancelled'; case 'OPEN': return 'Active'; default: return String(findingStatus || '').toLowerCase() === 'resolved' ? 'Resolved' : 'Active'; } }[39m
[31m+ function navigate(path: string) { window.history.pushState({}, '', path); window.dispatchEvent(new PopStateEvent('popstate')); }[39m
[31m+ function usePath() { const [path, setPath] = useState(() => window.location.pathname || '/'); useEffect(() => { const update = () => setPath(window.location.pathname || '/'); window.addEventListener('popstate', update); return () => window.removeEventListener('popstate', update); }, []); return path; }[39m
[31m+ function AuthLoading() { return <div className="grid min-h-screen place-items-center bg-[#faf9f8] text-[#201f1e]"><div className="text-center"><div className="mx-auto grid h-10 w-10 place-items-center rounded bg-[#0f6cbd] text-xs font-bold text-white">S</div><div className="mt-4 text-[11px] font-semibold uppercase tracking-wide text-[#605e5c]">Securing workspace</div><div className="mt-1 text-[12px] text-[#8a8886]">Checking authenticated session…</div></div></div>; }[39m
[31m+ function CoverPage() { return <div className="min-h-screen bg-[#faf9f8] text-[#201f1e]"><div className="mx-auto flex min-h-screen max-w-5xl items-center px-6 py-16"><div className="max-w-3xl"><div className="mb-5 inline-flex items-center gap-1.5 rounded border border-[#e1dfdd] bg-white px-2.5 py-1 text-[11px] font-semibold uppercase tracking-wide text-[#605e5c]">Evidence-first software trust</div><h1 className="text-[28px] font-semibold tracking-tight md:text-[34px]">Software trust, operated as a system.</h1><p className="mt-4 max-w-2xl text-[14px] leading-6 text-[#605e5c]">Software Passport Registry turns software identity, security, provenance, reliability, compliance, and evidence into repeatable workflows for teams, buyers, and managed service providers.</p><div className="mt-6 flex flex-wrap gap-2"><button onClick={() => navigate('/login')} className="h-9 rounded bg-[#0f6cbd] px-4 text-[13px] font-semibold text-white hover:bg-[#004578]">Enter SPR</button><button onClick={() => navigate('/free-review')} className="h-9 rounded border border-[#c8c6c4] bg-white px-4 text-[13px] font-medium text-[#323130] hover:bg-black/[.03]">Free review</button></div></div></div></div>; }[39m
[31m+ function PublicPage({ title, description, action, onAction }: { title: string; description: string; action: string; onAction: () => void }) { return <div className="grid min-h-screen place-items-center bg-[#faf9f8] px-6 text-[#201f1e]"><div className="max-w-md rounded-md border border-[#e1dfdd] bg-white p-6 text-center"><div className="text-[11px] font-semibold uppercase tracking-wide text-[#605e5c]">Software Passport Registry</div><h1 className="mt-2 text-[20px] font-semibold">{title}</h1><p className="mt-2 text-[13px] leading-5 text-[#605e5c]">{description}</p><button onClick={onAction} className="mt-5 h-9 rounded bg-[#0f6cbd] px-4 text-[13px] font-semibold text-white hover:bg-[#004578]">{action}</button></div></div>; }[39m
[31m+ function WorkflowBoundary({ title, description, extensionId, onNavigate }: { title: string; description: string; extensionId?: string; onNavigate: (path: string) => void }) { const extension = extensionId ? EXTENSIONS.find((item) => item.id === extensionId) : undefined; return <section><div className="rounded-md border border-[#e1dfdd] bg-white p-5"><div className="text-[11px] font-semibold uppercase tracking-wide text-[#605e5c]">Workflow boundary</div><h1 className="mt-1.5 text-[20px] font-semibold tracking-tight">{title}</h1><p className="mt-2 max-w-2xl text-[13px] leading-5 text-[#605e5c]">{description}</p>{extension && <button onClick={() => onNavigate(extension.entryPath)} className="mt-4 h-8 rounded bg-[#0f6cbd] px-3 text-[12px] font-semibold text-white hover:bg-[#004578]">Open {extension.name} →</button>}</div></section>; }[39m
[31m+ export default function App() {[39m
[31m+  const path=usePath(); const [authReady,setAuthReady]=useState(false); const [user,setUser]=useState<User|null>(null); const [role,setRole]=useState('Viewer'); const [selectedClientId,setSelectedClientId]=useState(''); const [selectedPassportId,setSelectedPassportId]=useState<string|null>(null); const [assets,setAssets]=useState<any[]>([]); const [clients,setClients]=useState<Client[]>(EMPTY_CLIENTS); const [passports,setPassports]=useState<SoftwarePassport[]>(EMPTY_PASSPORTS); const [vendors,setVendors]=useState<Vendor[]>(EMPTY_VENDORS); const [alerts,setAlerts]=useState<Alert[]>(EMPTY_ALERTS); const [findings,setFindings]=useState<unknown[]>([]); const [scans,setScans]=useState<Scan[]>(EMPTY_SCANS); const [integrations,setIntegrations]=useState<Integration[]>(EMPTY_INTEGRATIONS); const [theme,setTheme]=useState<'light'|'dark'>('dark'); const [verificationDecisions,setVerificationDecisions]=useState<Record<string,VerificationDecision>>({}); const [verificationDetails,setVerificationDetails]=useState<Record<string,unknown>>({});[39m
[31m+  useEffect(()=>{let mounted=true;let redirectSettled=false;let observedUser:User|null=null;const timeoutId=window.setTimeout(()=>{if(mounted)setAuthReady(true)},10000);const unsubscribe=onAuthStateChanged(auth,(currentUser)=>{if(!mounted)return;observedUser=currentUser;if(!redirectSettled)return;setUser(currentUser);setAuthReady(true);window.clearTimeout(timeoutId)},()=>{if(mounted){setAuthReady(true);window.clearTimeout(timeoutId)}});void getRedirectResult(auth).then(result=>{redirectSettled=true;if(mounted)setUser(result?.user||observedUser);if(mounted)setAuthReady(true);window.clearTimeout(timeoutId)}).catch(error=>{redirectSettled=true;console.error('[Firebase redirect sign-in error]',error);if(mounted)setUser(observedUser);if(mounted)setAuthReady(true);window.clearTimeout(timeoutId)});return()=>{mounted=false;window.clearTimeout(timeoutId);unsubscribe()}},[]);[39m
[31m+  useEffect(()=>{if(authReady&&!user&&!PUBLIC_PATHS.has(path))navigate('/login')},[authReady,user,path]);[39m
[31m+  useEffect(()=>{if(!user)return;let cancelled=false;const load=async()=>{const responses=await Promise.all([apiFetch('/api/user/me'),apiFetch('/api/scans'),apiFetch('/api/trust-loop/findings'),apiFetch('/api/user/passports'),apiFetch('/api/user/clients'),apiFetch('/api/integrations'),apiFetch('/api/user/verification')]);if(responses.some(r=>r.status===401)){await signOut(auth);navigate('/login');return}const [me,scansResponse,findingsResponse,passportsResponse,clientsResponse,integrationsResponse,verificationResponse]=responses;if(verificationResponse.ok){const data=await verificationResponse.json().catch(()=>null);if(!cancelled){setVerificationDecisions(data?.verificationDecisions&&typeof data.verificationDecisions==='object'?data.verificationDecisions:{});setVerificationDetails(data?.verificationDetails&&typeof data.verificationDetails==='object'?data.verificationDetails:{})}}else if(!cancelled){setVerificationDecisions({});setVerificationDetails({})}if(me.ok){const data=await me.json().catch(()=>null);if(!cancelled)setRole(String(data?.role||'Viewer'))}if(scansResponse.ok){const data=await scansResponse.json().catch(()=>[]);if(!cancelled&&Array.isArray(data))setScans(data)}if(findingsResponse.ok){const data=await findingsResponse.json().catch(()=>[]);const rows=Array.isArray(data)?data:data?.findings;if(!cancelled&&Array.isArray(rows)){setFindings(rows);setAlerts(rows.map((row:any)=>({id:String(row.id),title:String(row.title||row.control_id||'Trust finding'),severity:String(row.severity||'Low').replace(/^./,(s:string)=>s.toUpperCase()),category:'Trust finding',clientName:String(row.client_id||'Tenant'),description:String(row.description||'Evidence-backed finding'),timestamp:String(row.updated_at||''),status:deriveAlertStatus(row.remediation_status,row.status),remediationId:row.remediation_id?String(row.remediation_id):null,ownerDisplay:row.remediation_owner_display||null,slaDueAt:row.remediation_sla_due_at||null})) as Alert[])}}if(passportsResponse.ok){const data=await passportsResponse.json().catch(()=>[]);const rows=Array.isArray(data)?data:data?.passports;if(!cancelled&&Array.isArray(rows)){const normalized=rows.map((row:any)=>({...row,id:String(row.id),name:String(row.name||'Unnamed software'),version:String(row.version||'unknown'),publisher:String(row.publisher||'unknown'),clientId:row.clientId?String(row.clientId):undefined,evidence:Array.isArray(row.evidence)?row.evidence:[],vulnerabilities:Array.isArray(row.vulnerabilities)?row.vulnerabilities:[],timeline:Array.isArray(row.timeline)?row.timeline:[],sbom:Array.isArray(row.sbom)?row.sbom:[],scores:null,scoreStatus:row.scoreStatus||'not_authoritatively_scored'})) as SoftwarePassport[];setPassports(normalized);setAssets(normalized.map((passport:any)=>({id:passport.id,name:passport.name,hostName:passport.name,type:passport.category||'software',clientId:passport.clientId,clientName:String(passport.clientId||'Unobserved'),environment:String(passport.environment||'Unobserved'),version:passport.version})));setVendors(EMPTY_VENDORS)}}if(clientsResponse.ok){const data=await clientsResponse.json().catch(()=>[]);const rows=Array.isArray(data)?data:data?.clients;if(!cancelled&&Array.isArray(rows))setClients(rows.map((row:any)=>({...row,id:String(row.id),name:String(row.name||row.company_name||'Unnamed client')})) as Client[])}if(integrationsResponse.ok){const data=await integrationsResponse.json().catch(()=>[]);if(!cancelled&&Array.isArray(data))setIntegrations(data)}};void load().catch(error=>console.warn('[SPR command center load]',error));return()=>{cancelled=true}},[user]);[39m
[31m+  useEffect(()=>{const refresh=()=>{if(user)window.location.reload()};window.addEventListener('refresh-data',refresh);return()=>window.removeEventListener('refresh-data',refresh)},[user]);[39m
[31m+  const onNavigateTab=(target:string,itemId?:string)=>navigate(itemId?`${target.startsWith('/')?target:`/${target}`}/${encodeURIComponent(itemId)}`:target.startsWith('/')?target:`/${target}`); const quickAction=(action:'add-client'|'register-passport'|'scan-sbom')=>navigate(action==='add-client'?'/clients':action==='register-passport'?'/passports':'/scans');[39m
[31m+  const performAlertAction=async(alert:Alert,action:'acknowledge'|'assign'|'resolve'|'escalate'|'snooze'|'reopen',assigneeDisplay?:string)=>{let remediationId=alert.remediationId;if(!remediationId){const created=await apiFetch('/api/trust-loop/remediations',{method:'POST',headers:{'Content-Type':'application/json'},body:JSON.stringify({findingId:alert.id,title:alert.title,description:alert.description,priority:alert.severity.toUpperCase()})});if(!created.ok)return;const createdBody=await created.json().catch(()=>null);remediationId=createdBody?.id?String(createdBody.id):undefined;if(!remediationId)return}const patchBody:Record<string,unknown>={acknowledge:{status:'IN_PROGRESS'},resolve:{status:'CLOSED'},snooze:{status:'BLOCKED'},reopen:{status:'OPEN'},escalate:{status:'IN_PROGRESS',slaDueAt:new Date(Date.now()+4*3600*1000).toISOString()},assign:{status:'IN_PROGRESS',ownerDisplay:assigneeDisplay||''}}[action];const response=await apiFetch(`/api/trust-loop/remediations/${encodeURIComponent(remediationId)}`,{method:'PATCH',headers:{'Content-Type':'application/json'},body:JSON.stringify(patchBody)});if(!response.ok)return;const updated=await response.json().catch(()=>null);setAlerts(current=>current.map(item=>item.id===alert.id?{...item,remediationId,status:deriveAlertStatus(updated?.status??String(patchBody.status),null),ownerDisplay:updated?.owner_display??(patchBody.ownerDisplay as string|undefined)??item.ownerDisplay,slaDueAt:updated?.sla_due_at??(patchBody.slaDueAt as string|undefined)??item.slaDueAt}:item))};[39m
[31m+  const selectedExtension=useMemo(()=>{const match=path.match(/^\/extensions\/([^/]+)/);return match?decodeURIComponent(match[1]):null},[path]);const signOutUser=async()=>{await signOut(auth);navigate('/login')};[39m
[31m+  if(!authReady)return <AuthLoading/>;if(path==='/')return <CoverPage/>;if(path==='/login')return user?<AuthLoading/>:<LoginView onLoginSuccess={()=>navigate('/dashboard')}/>;if(!user&&path==='/free-review')return <PublicPage title="Free software review" description="Start an evidence-first review from the public entry point." action="Sign in to continue" onAction={()=>navigate('/login')}/>;if(!user&&path==='/pricing')return <PublicPage title="SPR plans" description="Account and billing capabilities are available inside the authenticated workspace." action="Enter SPR" onAction={()=>navigate('/login')}/>;if(!user)return <AuthLoading/>;[39m
[31m+  let view:ReactNode;if(selectedExtension)view=<ExtensionWorkflow id={selectedExtension} onNavigate={navigate}/>;else switch(path){case '/dashboard':view=<EvidenceDashboardView clients={clients} alerts={alerts} scans={scans} passports={passports} findings={findings} onNavigateTab={onNavigateTab} onOpenQuickAction={quickAction}/>;break;case '/coverage':view=<CoverageView clients={clients} scans={scans} passports={passports} onNavigateTab={onNavigateTab}/>;break;case '/evidence-explorer':view=<EvidenceExplorerView passports={passports}/>;break;case '/assets':view=<AssetsView clients={clients} searchQuery="" assets={assets}/>;break;case '/passports':case '/registry':view=<PassportsView verificationDecisions={verificationDecisions} verificationDetails={verificationDetails} passports={passports} selectedPassportId={selectedPassportId} setSelectedPassportId={setSelectedPassportId} searchQuery="" clients={clients} assets={assets} role={role} onNavigateTab={onNavigateTab} onUpdatePassport={passport=>setPassports(current=>current.map(item=>item.id===passport.id?passport:item))}/>;break;case '/scans':view=<ScansView scans={scans} clients={clients} assets={assets} passports={passports} role={role} onTriggerNewScan={scan=>setScans(current=>[scan,...current.filter(item=>item.id!==scan.id)].slice(0,100))}/>;break;case '/alerts':view=<AlertsView alerts={alerts} onAlertAction={performAlertAction}/>;break;case '/reports':view=<ReportsView clients={clients} passports={passports} scans={scans} alerts={alerts} findings={findings} role={role}/>;break;case '/trust-graph':view=<TrustGraphView clients={clients} passports={passports} assets={assets} findings={findings}/>;/* onSelectPassport={setSelectedPassportId} */break;case '/clients':view=<ClientsView clients={clients} selectedClientId={selectedClientId} setSelectedClientId={setSelectedClientId} passports={passports} onNavigateTab={onNavigateTab} searchQuery=""/>;break;case '/vendors':view=<VendorsView vendors={vendors} searchQuery=""/>;break;case '/integrations':view=<IntegrationsView passports={passports} onNavigateTab={onNavigateTab}/>;break;case '/monitoring':view=<MonitoringView role={role}/>;break;case '/security':view=<SecurityCenterView clients={clients} passports={passports}/>;break;case '/compliance':view=<ComplianceView clients={clients} role={role}/>;break;case '/msp':view=<MSPCommandCenter verificationDecisions={verificationDecisions} verificationDetails={verificationDetails} clients={clients} alerts={alerts} findings={findings} role={role} onSelectClient={setSelectedClientId} onNavigate={navigate}/>;break;case '/agent-trust':view=<AgentTrustView/>;break;case '/ai-trust-center':view=<AITrustCenterView role={role}/>;break;case '/enterprise-readiness':view=<EnterpriseReadinessView clients={clients}/>;break;case '/investor':view=<InvestorHomeView passports={passports} clients={clients} alerts={alerts} onShowTelemetry={()=>navigate('/scans')} onNavigateTab={onNavigateTab}/>;break;case '/founder':view=<FounderDashboardView userRole={role}/>;break;case '/billing':view=<BillingView/>;break;case '/settings':view=<SettingsView theme={theme} onToggleTheme={()=>setTheme(current=>current==='dark'?'light':'dark')}/>;break;case '/team':view=<TeamView role={role}/>;break;case '/audit-log':view=<AuditLogView/>;break;case '/extensions':view=<ExtensionMarketplace onNavigateTab={onNavigateTab} role={role}/>;break;default:view=<WorkflowBoundary title="Workflow" description="This authenticated capability is explicitly routed through the Command Center. Choose its owning workflow from the left rail." onNavigate={navigate}/>}[39m
[31m+  return <CommandCenter path={path} userEmail={user.email} role={role} onNavigate={navigate} onSignOut={()=>void signOutUser()}>{view}</CommandCenter>;[39m
[31m+ }[39m
[31m+[39m

[36m [2m❯[22m tests/client-json-columns.test.ts:[2m147:20[22m[39m
    [90m145| [39m  it('the browser normalizes clients on receipt as defence in depth', …
    [90m146| [39m    [35mconst[39m source [33m=[39m [34mread[39m([32m'src/App.tsx'[39m)[33m;[39m
    [90m147| [39m    [34mexpect[39m(source)[33m.[39m[34mtoContain[39m([32m'normalizeClientRecord({ ...row'[39m)[33m;[39m
    [90m   | [39m                   [31m^[39m
    [90m148| [39m  })[33m;[39m
    [90m149| [39m

[31m[2m⎯⎯⎯⎯⎯⎯⎯⎯⎯⎯⎯⎯⎯⎯⎯⎯⎯⎯⎯⎯⎯[22/141]⎯[22m[39m

[41m[1m FAIL [22m[49m tests/client-json-columns.test.ts[2m > [22mthe normalization is wired into every production path[2m > [22ma locally constructed client is normalized too
[31m[1mAssertionError[22m: expected '/**\r\n * @license\r\n * SPDX-License…' to contain 'softwareInventory: toJsonArrayColumn(…'[39m

[32m- Expected[39m
[31m+ Received[39m

[32m- softwareInventory: toJsonArrayColumn(data.softwareInventory)[39m
[31m+ /**[39m
[31m+  * @license[39m
[31m+  * SPDX-License-Identifier: Apache-2.0[39m
[31m+  */[39m
[31m+ [39m
[31m+ import React, { useState, useMemo } from 'react';[39m
[31m+ import { motion, AnimatePresence } from 'motion/react';[39m
[31m+ import { fuzzyMatch, filterData } from '../utils/filter';[39m
[31m+ import {[39m
[31m+   Building2,[39m
[31m+   ShieldCheck,[39m
[31m+   ShieldAlert,[39m
[31m+   Users,[39m
[31m+   Award,[39m
[31m+   Lock,[39m
[31m+   Globe,[39m
[31m+   FileCheck,[39m
[31m+   AlertTriangle,[39m
[31m+   ExternalLink,[39m
[31m+   ChevronRight,[39m
[31m+   Download,[39m
[31m+   X[39m
[31m+ } from 'lucide-react';[39m
[31m+ import { Client, SoftwarePassport } from '../types';[39m
[31m+ import { generateClientCompliancePDF } from '../utils/pdfGenerator';[39m
[31m+ [39m
[31m+ // Compact risk-tier presentation tokens, shared across the row list, drawer[39m
[31m+ // badge, and status dot so the mapping only lives in one place.[39m
[31m+ const RISK_STYLES: Record<string, { dot: string; text: string }> = {[39m
[31m+   Safe: { dot: 'bg-[#0e700e]', text: 'text-[#0e700e]' },[39m
[31m+   Medium: { dot: 'bg-[#8a5700]', text: 'text-[#8a5700]' },[39m
[31m+   High: { dot: 'bg-[#a4262c]', text: 'text-[#a4262c]' }[39m
[31m+ };[39m
[31m+ function riskStyle(level: string) {[39m
[31m+   return RISK_STYLES[level] || { dot: 'bg-[#605e5c]', text: 'text-[#605e5c]' };[39m
[31m+ }[39m
[31m+ [39m
[31m+ const COMPLIANCE_STYLES: Record<string, { dot: string; text: string }> = {[39m
[31m+   Compliant: { dot: 'bg-[#0e700e]', text: 'text-[#0e700e]' },[39m
[31m+   'In Progress': { dot: 'bg-[#8a5700]', text: 'text-[#8a5700]' }[39m
[31m+ };[39m
[31m+ function complianceStyle(status: string) {[39m
[31m+   return COMPLIANCE_STYLES[status] || { dot: 'bg-[#a4262c]', text: 'text-[#a4262c]' };[39m
[31m+ }[39m
[31m+ [39m
[31m+ interface ClientsViewProps {[39m
[31m+   clients: Client[];[39m
[31m+   selectedClientId: string;[39m
[31m+   setSelectedClientId: (id: string) => void;[39m
[31m+   passports: SoftwarePassport[];[39m
[31m+   onNavigateTab: (tab: string, itemId?: string) => void;[39m
[31m+   searchQuery: string;[39m
[31m+ }[39m
[31m+ [39m
[31m+ export default function ClientsView({[39m
[31m+   clients,[39m
[31m+   selectedClientId,[39m
[31m+   setSelectedClientId,[39m
[31m+   passports,[39m
[31m+   onNavigateTab,[39m
[31m+   searchQuery[39m
[31m+ }: ClientsViewProps) {[39m
[31m+   const [industryFilter, setIndustryFilter] = useState<string>('all');[39m
[31m+   const [riskFilter, setRiskFilter] = useState<string>('all');[39m
[31m+   const [workspaceTab, setWorkspaceTab] = useState<'overview' | 'inventory' | 'security' | 'compliance' | 'team'>('overview');[39m
[31m+ [39m
[31m+   // Identify all unique client industries for dynamic filters[39m
[31m+   const industries = useMemo(() => {[39m
[31m+     const list = clients.map(c => c.industry);[39m
[31m+     return Array.from(new Set(list));[39m
[31m+   }, [clients]);[39m
[31m+ [39m
[31m+   // Extract the current selected client[39m
[31m+   const client = useMemo(() => {[39m
[31m+     return clients.find(c => c.id === selectedClientId) || null;[39m
[31m+   }, [clients, selectedClientId]);[39m
[31m+ [39m
[31m+   const clientPassports = useMemo(() => {[39m
[31m+     if (!client) return [];[39m
[31m+     const passportIds = new Set(client.softwareInventory.map(item => item.passportId));[39m
[31m+     return passports.filter(passport => passportIds.has(passport.id));[39m
[31m+   }, [client, passports]);[39m
[31m+ [39m
[31m+   const securityScores = clientPassports[39m
[31m+     .map(passport => passport.securityScore)[39m
[31m+     .filter((score): score is number => typeof score === 'number' && Number.isFinite(score));[39m
[31m+ [39m
[31m+   // Filter clients list based on search and industry/risk selectors[39m
[31m+   const filteredClients = useMemo(() => {[39m
[31m+     return clients.filter(c => {[39m
[31m+       const matchesSearch = searchQuery[39m
[31m+         ? fuzzyMatch(searchQuery, c.name) ||[39m
[31m+           fuzzyMatch(searchQuery, c.domain) ||[39m
[31m+           fuzzyMatch(searchQuery, c.industry)[39m
[31m+         : true;[39m
[31m+       const matchesIndustry = industryFilter === 'all' || c.industry === industryFilter;[39m
[31m+       const matchesRisk = riskFilter === 'all' || c.riskLevel === riskFilter;[39m
[31m+ [39m
[31m+       return matchesSearch && matchesIndustry && matchesRisk;[39m
[31m+     });[39m
[31m+   }, [clients, searchQuery, industryFilter, riskFilter]);[39m
[31m+ [39m
[31m+   // Handle client compliance data CSV export[39m
[31m+   const handleExportCSV = () => {[39m
[31m+     const headers = ['Client Name', 'Industry', 'Trust Score', 'Passports Active', 'Compliance Progress', 'Risk Level', 'Joined Date'];[39m
[31m+     const rows = filteredClients.map(c => [[39m
[31m+       c.name,[39m
[31m+       c.industry,[39m
[31m+       c.trustScore,[39m
[31m+       c.passportCount,[39m
[31m+       c.complianceProgress,[39m
[31m+       c.riskLevel,[39m
[31m+       c.joinedDate[39m
[31m+     ]);[39m
[31m+ [39m
[31m+     const csvContent = 'data:text/csv;charset=utf-8,'[39m
[31m+       + [headers.join(','), ...rows.map(e => e.join(','))].join('\n');[39m
[31m+ [39m
[31m+     const encodedUri = encodeURI(csvContent);[39m
[31m+     const link = document.createElement('a');[39m
[31m+     link.setAttribute('href', encodedUri);[39m
[31m+     link.setAttribute('download', `tenant_compliance_audit_${new Date().toISOString().split('T')[0]}.csv`);[39m
[31m+     link.style.visibility = 'hidden';[39m
[31m+     document.body.appendChild(link);[39m
[31m+     link.click();[39m
[31m+     document.body.removeChild(link);[39m
[31m+   };[39m
[31m+ [39m
[31m+   const safeCount = clients.filter(c => c.riskLevel === 'Safe').length;[39m
[31m+   const mediumCount = clients.filter(c => c.riskLevel === 'Medium').length;[39m
[31m+   const highCount = clients.filter(c => c.riskLevel === 'High').length;[39m
[31m+   const criticalAlertsTotal = clients.reduce((sum, c) => sum + (c.criticalRisksCount || 0), 0);[39m
[31m+ [39m
[31m+   return ([39m
[31m+     <div id="msp-clients-index">[39m
[31m+       {/* Page Header */}[39m
[31m+       <div className="mb-4 flex items-center justify-between gap-4">[39m
[31m+         <div>[39m
[31m+           <h1 className="text-[22px] font-semibold text-[#201f1e]">Client Tenant Directory</h1>[39m
[31m+           <p className="mt-1 text-[13px] text-[#605e5c]">[39m
[31m+             Browse and manage software trust state across {clients.length} active workspace tenants.[39m
[31m+           </p>[39m
[31m+         </div>[39m
[31m+         <button[39m
[31m+           onClick={handleExportCSV}[39m
[31m+           className="flex h-9 shrink-0 items-center gap-1.5 rounded bg-[#0f6cbd] px-3 text-[13px] font-medium text-white hover:bg-[#004578]"[39m
[31m+           id="export-tenants-csv-btn"[39m
[31m+         >[39m
[31m+           <Download className="h-3.5 w-3.5" />[39m
[31m+           <span>Export Directory</span>[39m
[31m+         </button>[39m
[31m+       </div>[39m
[31m+ [39m
[31m+       {/* About this page */}[39m
[31m+       <details className="mb-4 rounded-md border border-[#e1dfdd] bg-[#faf9f8] text-[13px]">[39m
[31m+         <summary className="cursor-pointer select-none px-3 py-2 font-medium text-[#323130]">ⓘ What is this? · How it works</summary>[39m
[31m+         <div className="px-3 pb-3 text-[#605e5c]">[39m
[31m+           <p>Every workspace tenant registered under this MSP, with its trust score, passport inventory, and compliance state.</p>[39m
[31m+           <ol className="mt-1.5 list-decimal space-y-0.5 pl-4">[39m
[31m+             <li>Filter or search the directory below.</li>[39m
[31m+             <li>Click a row to open the tenant workspace drawer.</li>[39m
[31m+             <li>Use Export Directory to download the filtered list as CSV.</li>[39m
[31m+           </ol>[39m
[31m+         </div>[39m
[31m+       </details>[39m
[31m+ [39m
[31m+       {/* Summary strip */}[39m
[31m+       <div className="mb-4 flex flex-wrap gap-6 rounded-md border border-[#e1dfdd] bg-white p-3">[39m
[31m+         <div>[39m
[31m+           <div className="text-[11px] text-[#605e5c]">Total Tenants</div>[39m
[31m+           <div className="text-lg font-semibold text-[#201f1e]">{clients.length}</div>[39m
[31m+         </div>[39m
[31m+         <div>[39m
[31m+           <div className="text-[11px] text-[#605e5c]">Safe</div>[39m
[31m+           <div className="text-lg font-semibold text-[#0e700e]">{safeCount}</div>[39m
[31m+         </div>[39m
[31m+         <div>[39m
[31m+           <div className="text-[11px] text-[#605e5c]">Medium Risk</div>[39m
[31m+           <div className="text-lg font-semibold text-[#8a5700]">{mediumCount}</div>[39m
[31m+         </div>[39m
[31m+         <div>[39m
[31m+           <div className="text-[11px] text-[#605e5c]">High Risk</div>[39m
[31m+           <div className="text-lg font-semibold text-[#a4262c]">{highCount}</div>[39m
[31m+         </div>[39m
[31m+         <div>[39m
[31m+           <div className="text-[11px] text-[#605e5c]">Critical Alerts</div>[39m
[31m+           <div className="text-lg font-semibold text-[#201f1e]">{criticalAlertsTotal}</div>[39m
[31m+         </div>[39m
[31m+       </div>[39m
[31m+ [39m
[31m+       {/* Filters */}[39m
[31m+       <div className="mb-4 flex flex-wrap items-center gap-2">[39m
[31m+         <div className="flex items-center gap-1.5">[39m
[31m+           <label className="text-[13px] text-[#605e5c]">Industry</label>[39m
[31m+           <select[39m
[31m+             value={industryFilter}[39m
[31m+             onChange={(e) => setIndustryFilter(e.target.value)}[39m
[31m+             className="h-9 rounded border border-[#c8c6c4] bg-white px-2 text-[13px] text-[#323130] focus:border-[#0f6cbd] focus:outline-none focus:ring-1 focus:ring-[#0f6cbd]"[39m
[31m+           >[39m
[31m+             <option value="all">All Industries</option>[39m
[31m+             {industries.map(ind => ([39m
[31m+               <option key={ind} value={ind}>{ind}</option>[39m
[31m+             ))}[39m
[31m+           </select>[39m
[31m+         </div>[39m
[31m+ [39m
[31m+         <div className="flex items-center gap-1.5">[39m
[31m+           <label className="text-[13px] text-[#605e5c]">Risk Level</label>[39m
[31m+           <select[39m
[31m+             value={riskFilter}[39m
[31m+             onChange={(e) => setRiskFilter(e.target.value)}[39m
[31m+             className="h-9 rounded border border-[#c8c6c4] bg-white px-2 text-[13px] text-[#323130] focus:border-[#0f6cbd] focus:outline-none focus:ring-1 focus:ring-[#0f6cbd]"[39m
[31m+           >[39m
[31m+             <option value="all">All Tiers</option>[39m
[31m+             <option value="Safe">Safe</option>[39m
[31m+             <option value="Medium">Medium</option>[39m
[31m+             <option value="High">High</option>[39m
[31m+           </select>[39m
[31m+         </div>[39m
[31m+       </div>[39m
[31m+ [39m
[31m+       {/* Client Directory Table */}[39m
[31m+       <div className="overflow-hidden rounded-md border border-[#e1dfdd] bg-white">[39m
[31m+         <div className="overflow-x-auto">[39m
[31m+           <table className="w-full text-left">[39m
[31m+             <thead>[39m
[31m+               <tr className="border-b border-[#e1dfdd] text-[11px] uppercase tracking-wide text-[#605e5c]">[39m
[31m+                 <th className="px-3 py-2.5 font-medium">Client</th>[39m
[31m+                 <th className="px-3 py-2.5 font-medium">Industry</th>[39m
[31m+                 <th className="px-3 py-2.5 font-medium">Risk</th>[39m
[31m+                 <th className="px-3 py-2.5 font-medium">Trust Score</th>[39m
[31m+                 <th className="px-3 py-2.5 font-medium">Passports</th>[39m
[31m+                 <th className="px-3 py-2.5 font-medium">Compliance</th>[39m
[31m+                 <th className="px-3 py-2.5 font-medium">Joined</th>[39m
[31m+                 <th className="px-3 py-2.5 font-medium">Alerts</th>[39m
[31m+               </tr>[39m
[31m+             </thead>[39m
[31m+             <tbody>[39m
[31m+               {filteredClients.map(c => {[39m
[31m+                 const hasCriticalRisks = c.criticalRisksCount > 0;[39m
[31m+                 const isDrawerActive = selectedClientId === c.id;[39m
[31m+                 const rs = riskStyle(c.riskLevel);[39m
[31m+                 return ([39m
[31m+                   <tr[39m
[31m+                     key={c.id}[39m
[31m+                     onClick={() => setSelectedClientId(c.id)}[39m
[31m+                     className={`cursor-pointer border-b border-[#f3f2f1] text-[13px] hover:bg-black/[.02] ${isDrawerActive ? 'bg-[#eff6fc]' : ''}`}[39m
[31m+                   >[39m
[31m+                     <td className="px-3 py-2.5">[39m
[31m+                       <div className="flex items-center gap-2.5">[39m
[31m+                         <div className={`flex h-7 w-7 shrink-0 items-center justify-center rounded text-[11px] font-semibold ${c.avatarColor}`}>[39m
[31m+                           {c.name.charAt(0)}[39m
[31m+                         </div>[39m
[31m+                         <div className="min-w-0">[39m
[31m+                           <div className="font-medium text-[#201f1e]">{c.name}</div>[39m
[31m+                           <div className="flex items-center gap-1 truncate text-[11px] text-[#8a8886]">[39m
[31m+                             <Globe className="h-3 w-3 shrink-0" />[39m
[31m+                             <span className="truncate">{c.domain}</span>[39m
[31m+                           </div>[39m
[31m+                         </div>[39m
[31m+                       </div>[39m
[31m+                     </td>[39m
[31m+                     <td className="px-3 py-2.5 text-[#605e5c]">{c.industry}</td>[39m
[31m+                     <td className="px-3 py-2.5">[39m
[31m+                       <span className="inline-flex items-center gap-1.5">[39m
[31m+                         <span className={`h-1.5 w-1.5 rounded-full ${rs.dot}`} />[39m
[31m+                         <span className={rs.text}>{c.riskLevel}</span>[39m
[31m+                       </span>[39m
[31m+                     </td>[39m
[31m+                     <td className="px-3 py-2.5 text-[#201f1e]">{c.trustScore}<span className="text-[#8a8886]">/100</span></td>[39m
[31m+                     <td className="px-3 py-2.5 text-[#201f1e]">{c.passportCount}</td>[39m
[31m+                     <td className="px-3 py-2.5 text-[#201f1e]">{c.complianceProgress}%</td>[39m
[31m+                     <td className="px-3 py-2.5 text-[#605e5c]">{c.joinedDate}</td>[39m
[31m+                     <td className="px-3 py-2.5">[39m
[31m+                       {hasCriticalRisks ? ([39m
[31m+                         <span className="inline-flex items-center gap-1 font-medium text-[#a4262c]">[39m
[31m+                           <AlertTriangle className="h-3.5 w-3.5" />[39m
[31m+                           {c.criticalRisksCount}[39m
[31m+                         </span>[39m
[31m+                       ) : ([39m
[31m+                         <span className="inline-flex items-center gap-1 text-[#8a8886]">[39m
[31m+                           <ShieldCheck className="h-3.5 w-3.5" />[39m
[31m+                           None[39m
[31m+                         </span>[39m
[31m+                       )}[39m
[31m+                     </td>[39m
[31m+                   </tr>[39m
[31m+                 );[39m
[31m+               })}[39m
[31m+             </tbody>[39m
[31m+           </table>[39m
[31m+         </div>[39m
[31m+ [39m
[31m+         {filteredClients.length === 0 && ([39m
[31m+           <div className="p-12 text-center">[39m
[31m+             <Building2 className="mx-auto mb-3 h-8 w-8 text-[#c8c6c4]" />[39m
[31m+             <h3 className="text-[13px] font-medium text-[#323130]">No client workspaces found</h3>[39m
[31m+             <p className="mx-auto mt-1 max-w-sm text-[13px] text-[#8a8886]">[39m
[31m+               Adjust your search keywords or industry filters and try again.[39m
[31m+             </p>[39m
[31m+           </div>[39m
[31m+         )}[39m
[31m+       </div>[39m
[31m+ [39m
[31m+       {/* Slide-out Drawer Panel */}[39m
[31m+       <AnimatePresence>[39m
[31m+         {selectedClientId !== 'global' && client && ([39m
[31m+           <>[39m
[31m+             {/* Backdrop Overlay */}[39m
[31m+             <motion.div[39m
[31m+               key="clients-drawer-backdrop"[39m
[31m+               initial={{ opacity: 0 }}[39m
[31m+               animate={{ opacity: 0.4 }}[39m
[31m+               exit={{ opacity: 0 }}[39m
[31m+               onClick={() => setSelectedClientId('global')}[39m
[31m+               className="fixed inset-0 z-40 cursor-pointer bg-black"[39m
[31m+             />[39m
[31m+ [39m
[31m+             {/* Sliding Drawer Container */}[39m
[31m+             <motion.div[39m
[31m+               key="clients-drawer-panel"[39m
[31m+               initial={{ x: '100%' }}[39m
[31m+               animate={{ x: 0 }}[39m
[31m+               exit={{ x: '100%' }}[39m
[31m+               transition={{ type: 'spring', damping: 26, stiffness: 170 }}[39m
[31m+               className="fixed right-0 top-0 bottom-0 z-50 flex w-full max-w-3xl flex-col overflow-y-auto border-l border-[#e1dfdd] bg-white p-5"[39m
[31m+             >[39m
[31m+               {/* Drawer Top Navigation & Actions */}[39m
[31m+               <div className="flex shrink-0 items-center justify-between border-b border-[#e1dfdd] pb-3">[39m
[31m+                 <div className="flex items-center gap-2.5">[39m
[31m+                   <div className={`flex h-9 w-9 items-center justify-center rounded text-[13px] font-semibold ${client.avatarColor}`}>[39m
[31m+                     {client.name.charAt(0)}[39m
[31m+                   </div>[39m
[31m+                   <div>[39m
[31m+                     <span className="text-[11px] uppercase tracking-wide text-[#8a8886]">[39m
[31m+                       Active tenant[39m
[31m+                     </span>[39m
[31m+                     <h2 className="text-[16px] font-semibold leading-tight text-[#201f1e]">[39m
[31m+                       {client.name}[39m
[31m+                     </h2>[39m
[31m+                   </div>[39m
[31m+                 </div>[39m
[31m+ [39m
[31m+                 <div className="flex items-center gap-2">[39m
[31m+                   <button[39m
[31m+                     onClick={() => generateClientCompliancePDF(client)}[39m
[31m+                     className="flex h-8 items-center gap-1.5 rounded border border-[#c8c6c4] px-3 text-[13px] text-[#323130] hover:bg-black/[.03]"[39m
[31m+                   >[39m
[31m+                     <Download className="h-3.5 w-3.5" />[39m
[31m+                     <span>Compliance PDF</span>[39m
[31m+                   </button>[39m
[31m+                   <button[39m
[31m+                     onClick={() => setSelectedClientId('global')}[39m
[31m+                     className="flex h-8 w-8 items-center justify-center rounded border border-[#c8c6c4] text-[#605e5c] hover:bg-black/[.03]"[39m
[31m+                     title="Close Drawer"[39m
[31m+                   >[39m
[31m+                     <X className="h-4 w-4" />[39m
[31m+                   </button>[39m
[31m+                 </div>[39m
[31m+               </div>[39m
[31m+ [39m
[31m+               {/* Badges and summary bar */}[39m
[31m+               <div className="mt-3 flex shrink-0 flex-wrap gap-2 text-[11px]">[39m
[31m+                 <span className="rounded-md border border-[#e1dfdd] bg-[#f3f2f1] px-2.5 py-1 font-medium text-[#323130]">[39m
[31m+                   Tier: {client.subscriptionTier}[39m
[31m+                 </span>[39m
[31m+                 <span className="rounded-md border border-[#e1dfdd] bg-[#f3f2f1] px-2.5 py-1 font-medium text-[#323130]">[39m
[31m+                   Domain: {client.domain}[39m
[31m+                 </span>[39m
[31m+                 <span className={`inline-flex items-center gap-1.5 rounded-md border border-[#e1dfdd] bg-[#f3f2f1] px-2.5 py-1 font-medium ${riskStyle(client.riskLevel).text}`}>[39m
[31m+                   <span className={`h-1.5 w-1.5 rounded-full ${riskStyle(client.riskLevel).dot}`} />[39m
[31m+                   Risk: {client.riskLevel}[39m
[31m+                 </span>[39m
[31m+               </div>[39m
[31m+ [39m
[31m+               {/* Drawer Tabs Header */}[39m
[31m+               <div className="mt-3 flex shrink-0 gap-1 overflow-x-auto border-b border-[#e1dfdd] text-[13px] select-none">[39m
[31m+                 {[[39m
[31m+                   { id: 'overview', label: 'Trust Coordinates', icon: Award },[39m
[31m+                   { id: 'inventory', label: 'SBOM Inventory', icon: FileCheck },[39m
[31m+                   { id: 'security', label: 'Security Center', icon: ShieldAlert },[39m
[31m+                   { id: 'compliance', label: 'Framework Matrices', icon: Lock },[39m
[31m+                   { id: 'team', label: 'Stakeholders', icon: Users }[39m
[31m+                 ].map(tb => {[39m
[31m+                   const Icon = tb.icon;[39m
[31m+                   const isSel = workspaceTab === tb.id;[39m
[31m+                   return ([39m
[31m+                     <button[39m
[31m+                       key={tb.id}[39m
[31m+                       type="button"[39m
[31m+                       onClick={() => setWorkspaceTab(tb.id as any)}[39m
[31m+                       className={`flex items-center gap-1.5 whitespace-nowrap border-b-2 px-3 py-2 font-medium transition-colors ${[39m
[31m+                         isSel[39m
[31m+                           ? 'border-[#0f6cbd] text-[#0f6cbd]'[39m
[31m+                           : 'border-transparent text-[#605e5c] hover:text-[#201f1e]'[39m
[31m+                       }`}[39m
[31m+                     >[39m
[31m+                       <Icon className="h-3.5 w-3.5" />[39m
[31m+                       <span>{tb.label}</span>[39m
[31m+                     </button>[39m
[31m+                   );[39m
[31m+                 })}[39m
[31m+               </div>[39m
[31m+ [39m
[31m+               {/* Drawer Tabs Body content */}[39m
[31m+               <div className="flex-1 space-y-4 overflow-y-auto pt-4 pb-2">[39m
[31m+ [39m
[31m+                 {/* 1. Trust Coordinates Tab */}[39m
[31m+                 {workspaceTab === 'overview' && ([39m
[31m+                   <div className="space-y-4">[39m
[31m+                     {/* Trust Scores strip */}[39m
[31m+                     <div className="rounded-md border border-[#e1dfdd] bg-white p-4">[39m
[31m+                       <h3 className="mb-3 text-[13px] font-semibold text-[#323130]">Core Trust Coordinates</h3>[39m
[31m+                       <div className="flex flex-wrap gap-6">[39m
[31m+                         <div>[39m
[31m+                           <p className="text-[11px] text-[#605e5c]">Overall score</p>[39m
[31m+                           <p className="mt-0.5 text-lg font-semibold text-[#201f1e]">{client.trustScore}</p>[39m
[31m+                           <span className="text-[11px] text-[#8a8886]">Observed client record</span>[39m
[31m+                         </div>[39m
[31m+                         <div>[39m
[31m+                           <p className="text-[11px] text-[#605e5c]">Security score</p>[39m
[31m+                           <p className="mt-0.5 text-lg font-semibold text-[#201f1e]">[39m
[31m+                             {securityScores.length > 0 ? Math.round(securityScores.reduce((sum, score) => sum + score, 0) / securityScores.length) : 'Not verified'}[39m
[31m+                           </p>[39m
[31m+                           <span className="text-[11px] text-[#8a8886]">Passport-derived</span>[39m
[31m+                         </div>[39m
[31m+                         <div>[39m
[31m+                           <p className="text-[11px] text-[#605e5c]">Compliance score</p>[39m
[31m+                           <p className="mt-0.5 text-lg font-semibold text-[#201f1e]">{client.complianceProgress}%</p>[39m
[31m+                           <span className="text-[11px] text-[#8a8886]">Client record</span>[39m
[31m+                         </div>[39m
[31m+                         <div>[39m
[31m+                           <p className="text-[11px] text-[#605e5c]">Supplier reputation</p>[39m
[31m+                           <p className="mt-0.5 text-lg font-semibold text-[#201f1e]">Not verified</p>[39m
[31m+                           <span className="text-[11px] text-[#8a8886]">No vendor score observed</span>[39m
[31m+                         </div>[39m
[31m+                       </div>[39m
[31m+                     </div>[39m
[31m+ [39m
[31m+                     {/* Company Overview Details Card */}[39m
[31m+                     <div className="grid grid-cols-1 gap-4 rounded-md border border-[#e1dfdd] bg-white p-4 sm:grid-cols-2">[39m
[31m+                       <div className="space-y-2">[39m
[31m+                         <h3 className="text-[13px] font-semibold text-[#323130]">Tenant Profile Overview</h3>[39m
[31m+                         <div className="space-y-1.5 text-[13px]">[39m
[31m+                           <div className="flex justify-between border-b border-[#f3f2f1] pb-1.5">[39m
[31m+                             <span className="text-[11px] text-[#8a8886]">Organization Name</span>[39m
[31m+                             <span className="font-medium text-[#323130]">{client.name}</span>[39m
[31m+                           </div>[39m
[31m+                           <div className="flex justify-between border-b border-[#f3f2f1] pb-1.5">[39m
[31m+                             <span className="text-[11px] text-[#8a8886]">Domain</span>[39m
[31m+                             <span className="font-medium text-[#323130]">{client.domain}</span>[39m
[31m+                           </div>[39m
[31m+                           <div className="flex justify-between border-b border-[#f3f2f1] pb-1.5">[39m
[31m+                             <span className="text-[11px] text-[#8a8886]">Industry</span>[39m
[31m+                             <span className="font-medium text-[#323130]">{client.industry}</span>[39m
[31m+                           </div>[39m
[31m+                         </div>[39m
[31m+                       </div>[39m
[31m+ [39m
[31m+                       <div className="space-y-2">[39m
[31m+                         <h3 className="text-[13px] font-semibold text-[#323130]">SLA & Scope Details</h3>[39m
[31m+                         <div className="space-y-1.5 text-[13px]">[39m
[31m+                           <div className="flex justify-between border-b border-[#f3f2f1] pb-1.5">[39m
[31m+                             <span className="text-[11px] text-[#8a8886]">Verified Registry</span>[39m
[31m+                             <span className="font-medium text-[#323130]">tenant-{client.id}</span>[39m
[31m+                           </div>[39m
[31m+                           <div className="flex justify-between border-b border-[#f3f2f1] pb-1.5">[39m
[31m+                             <span className="text-[11px] text-[#8a8886]">Joined Date</span>[39m
[31m+                             <span className="font-medium text-[#323130]">{client.joinedDate}</span>[39m
[31m+                           </div>[39m
[31m+                           <div className="flex justify-between border-b border-[#f3f2f1] pb-1.5">[39m
[31m+                             <span className="text-[11px] text-[#8a8886]">Compliance Target</span>[39m
[31m+                             <span className="font-medium text-[#0f6cbd]">{client.complianceStatus.length ? client.complianceStatus.map((item) => item.code).join(', ') : 'Not observed'}</span>[39m
[31m+                           </div>[39m
[31m+                         </div>[39m
[31m+                       </div>[39m
[31m+                     </div>[39m
[31m+                   </div>[39m
[31m+                 )}[39m
[31m+ [39m
[31m+                 {/* 2. SBOM Inventory Tab */}[39m
[31m+                 {workspaceTab === 'inventory' && ([39m
[31m+                   <div className="space-y-3">[39m
[31m+                     <div className="flex items-center justify-between">[39m
[31m+                       <h3 className="text-[13px] font-semibold text-[#323130]">Registered Client Software Passports</h3>[39m
[31m+                       <span className="text-[11px] text-[#8a8886]">Count: {client.passportCount}</span>[39m
[31m+                     </div>[39m
[31m+ [39m
[31m+                     {client.softwareInventory.length === 0 && ([39m
[31m+                       <div className="rounded-md border border-dashed border-[#e1dfdd] px-5 py-10 text-center text-[13px] text-[#8a8886]">No software passports registered for this client yet.</div>[39m
[31m+                     )}[39m
[31m+                     <div className="grid grid-cols-1 gap-3 sm:grid-cols-2">[39m
[31m+                       {passports.filter(p => {[39m
[31m+                         const clientPassportIds = new Set(client.softwareInventory.map(item => item.passportId));[39m
[31m+                         return clientPassportIds.has(p.id);[39m
[31m+                       }).map(p => ([39m
[31m+                         <div[39m
[31m+                           key={p.id}[39m
[31m+                           onClick={() => onNavigateTab('passports', p.id)}[39m
[31m+                           className="cursor-pointer space-y-2 rounded-md border border-[#e1dfdd] bg-white p-3 hover:border-[#0f6cbd]"[39m
[31m+                         >[39m
[31m+                           <div className="flex items-start justify-between">[39m
[31m+                             <div>[39m
[31m+                               <h4 className="text-[13px] font-medium text-[#201f1e]">{p.name}</h4>[39m
[31m+                               <p className="text-[11px] text-[#8a8886]">Version: {p.version || 'Not observed'}</p>[39m
[31m+                             </div>[39m
[31m+                             <span className="rounded border border-[#e1dfdd] bg-[#eff6fc] px-2 py-0.5 text-[11px] font-medium text-[#0f6cbd]">[39m
[31m+                               {p.sbom.length} Dependencies[39m
[31m+                             </span>[39m
[31m+                           </div>[39m
[31m+ [39m
[31m+                           <div className="flex items-center justify-between border-t border-[#f3f2f1] pt-2 text-[11px] text-[#605e5c]">[39m
[31m+                             <span>Compliance: {p.complianceScore}%</span>[39m
[31m+                             <span className="flex items-center gap-0.5 font-medium text-[#0f6cbd]">[39m
[31m+                               Open Passport <ChevronRight className="h-3 w-3" />[39m
[31m+                             </span>[39m
[31m+                           </div>[39m
[31m+                         </div>[39m
[31m+                       ))}[39m
[31m+                     </div>[39m
[31m+                   </div>[39m
[31m+                 )}[39m
[31m+ [39m
[31m+                 {/* 3. Security Center Tab */}[39m
[31m+                 {workspaceTab === 'security' && ([39m
[31m+                   <div className="space-y-3">[39m
[31m+                     <div className="flex items-center justify-between">[39m
[31m+                       <h3 className="text-[13px] font-semibold text-[#323130]">Active Vulnerability Footprint</h3>[39m
[31m+                       <button[39m
[31m+                         onClick={() => onNavigateTab('alerts')}[39m
[31m+                         className="text-[13px] font-medium text-[#0f6cbd] hover:underline"[39m
[31m+                       >[39m
[31m+                         Launch Threat Mitigator[39m
[31m+                       </button>[39m
[31m+                     </div>[39m
[31m+ [39m
[31m+                     <div className="overflow-hidden rounded-md border border-[#e1dfdd] bg-white">[39m
[31m+                       <div className="overflow-x-auto">[39m
[31m+                         <table className="w-full text-left">[39m
[31m+                           <thead>[39m
[31m+                             <tr className="border-b border-[#e1dfdd] text-[11px] uppercase tracking-wide text-[#605e5c]">[39m
[31m+                               <th className="px-3 py-2.5 font-medium">CVE ID</th>[39m
[31m+                               <th className="px-3 py-2.5 font-medium">Component</th>[39m
[31m+                               <th className="px-3 py-2.5 font-medium">Severity</th>[39m
[31m+                               <th className="px-3 py-2.5 font-medium">CVSS</th>[39m
[31m+                               <th className="px-3 py-2.5 font-medium">Status</th>[39m
[31m+                               <th className="px-3 py-2.5 font-medium">Threat Summary</th>[39m
[31m+                             </tr>[39m
[31m+                           </thead>[39m
[31m+                           <tbody className="text-[13px] text-[#323130]">[39m
[31m+                             {clientPassports.flatMap(passport => (passport.vulnerabilities || []).map(vulnerability => ({ passport, vulnerability }))).map(({ passport, vulnerability }, index) => ([39m
[31m+                               <tr key={`${passport.id}-${vulnerability.id}-${index}`} className="border-b border-[#f3f2f1] hover:bg-black/[.02]">[39m
[31m+                                 <td className="px-3 py-2.5 font-medium text-[#0f6cbd]">{vulnerability.id}</td>[39m
[31m+                                 <td className="px-3 py-2.5">{vulnerability.component}</td>[39m
[31m+                                 <td className="px-3 py-2.5"><span className="rounded-full border border-[#e1dfdd] bg-[#f3f2f1] px-2 py-0.5 text-[11px] uppercase text-[#605e5c]">{vulnerability.severity}</span></td>[39m
[31m+                                 <td className="px-3 py-2.5">{vulnerability.cvss ?? 'Not observed'}</td>[39m
[31m+                                 <td className="px-3 py-2.5"><span className="rounded border border-[#e1dfdd] bg-[#faf9f8] px-2 py-0.5 text-[11px] text-[#605e5c]">{vulnerability.status}</span></td>[39m
[31m+                                 <td className="max-w-sm truncate px-3 py-2.5 text-[#605e5c]" title={vulnerability.description}>{vulnerability.description || 'No description observed.'}</td>[39m
[31m+                               </tr>[39m
[31m+                             ))}[39m
[31m+                             {clientPassports.every(passport => !passport.vulnerabilities?.length) && <tr><td colSpan={6} className="px-3 py-6 text-center text-[#8a8886]">No vulnerability observations are recorded for this client.</td></tr>}[39m
[31m+                           </tbody>[39m
[31m+                         </table>[39m
[31m+                       </div>[39m
[31m+                     </div>[39m
[31m+                   </div>[39m
[31m+                 )}[39m
[31m+ [39m
[31m+                 {/* 4. Compliance Framework Matrices Tab */}[39m
[31m+                 {workspaceTab === 'compliance' && ([39m
[31m+                   <div className="grid grid-cols-1 gap-3 sm:grid-cols-2">[39m
[31m+                     {client.complianceStatus.length === 0 && ([39m
[31m+                       <div className="col-span-full rounded-md border border-dashed border-[#e1dfdd] px-5 py-10 text-center text-[13px] text-[#8a8886]">No compliance frameworks recorded for this client yet.</div>[39m
[31m+                     )}[39m
[31m+                     {client.complianceStatus.map((comp) => {[39m
[31m+                       const cs = complianceStyle(comp.status);[39m
[31m+                       return ([39m
[31m+                         <div key={comp.id} className="flex flex-col justify-between gap-3 rounded-md border border-[#e1dfdd] bg-white p-4">[39m
[31m+                           <div className="flex items-start justify-between">[39m
[31m+                             <div>[39m
[31m+                               <span className="rounded border border-[#e1dfdd] bg-[#eff6fc] px-2 py-0.5 text-[11px] font-medium text-[#0f6cbd]">[39m
[31m+                                 {comp.code} Framework[39m
[31m+                               </span>[39m
[31m+                               <h3 className="mt-2 text-[13px] font-semibold text-[#201f1e]">{comp.name}</h3>[39m
[31m+                             </div>[39m
[31m+                             <span className={`inline-flex items-center gap-1.5 text-[13px] ${cs.text}`}>[39m
[31m+                               <span className={`h-1.5 w-1.5 rounded-full ${cs.dot}`} />[39m
[31m+                               {comp.status}[39m
[31m+                             </span>[39m
[31m+                           </div>[39m
[31m+ [39m
[31m+                           {/* Progress Bar */}[39m
[31m+                           <div className="space-y-1.5">[39m
[31m+                             <div className="flex justify-between text-[11px] text-[#605e5c]">[39m
[31m+                               <span>Controls verification progress</span>[39m
[31m+                               <span className="font-medium text-[#323130]">{comp.progress}%</span>[39m
[31m+                             </div>[39m
[31m+                             <div className="h-1.5 w-full overflow-hidden rounded-full bg-[#f3f2f1]">[39m
[31m+                               <div className="h-full bg-[#0f6cbd]" style={{ width: `${comp.progress}%` }}></div>[39m
[31m+                             </div>[39m
[31m+                             <div className="flex justify-between text-[11px] text-[#8a8886]">[39m
[31m+                               <span>{comp.compliantControls} of {comp.totalControls} Controls Certified</span>[39m
[31m+                               <span>SLA Audit Ready</span>[39m
[31m+                             </div>[39m
[31m+                           </div>[39m
[31m+ [39m
[31m+                           <button[39m
[31m+                             onClick={() => onNavigateTab('compliance')}[39m
[31m+                             className="w-full rounded border border-[#c8c6c4] py-1.5 text-center text-[13px] text-[#323130] hover:bg-black/[.03]"[39m
[31m+                           >[39m
[31m+                             Launch Verification Portal[39m
[31m+                           </button>[39m
[31m+                         </div>[39m
[31m+                       );[39m
[31m+                     })}[39m
[31m+                   </div>[39m
[31m+                 )}[39m
[31m+ [39m
[31m+                 {/* 5. Team Directory Tab */}[39m
[31m+                 {workspaceTab === 'team' && ([39m
[31m+                   <div className="overflow-hidden rounded-md border border-[#e1dfdd] bg-white">[39m
[31m+                     <div className="border-b border-[#e1dfdd] px-4 py-3">[39m
[31m+                       <h3 className="text-[13px] font-semibold text-[#323130]">Client Stakeholders & Key Operators</h3>[39m
[31m+                       <p className="mt-0.5 text-[11px] text-[#8a8886]">Authorizing authorities registered with access privileges inside this workspace.</p>[39m
[31m+                     </div>[39m
[31m+                     <div className="divide-y divide-[#f3f2f1]">[39m
[31m+                       {client.teamMembers.length === 0 && ([39m
[31m+                         <div className="px-4 py-10 text-center text-[13px] text-[#8a8886]">No stakeholders recorded for this client yet.</div>[39m
[31m+                       )}[39m
[31m+                       {client.teamMembers.map((member, i) => ([39m
[31m+                         <div key={i} className="flex items-center justify-between px-4 py-3 hover:bg-black/[.02]">[39m
[31m+                           <div className="flex items-center gap-2.5">[39m
[31m+                             <div className="flex h-8 w-8 items-center justify-center rounded-full border border-[#e1dfdd] bg-[#eff6fc] text-[11px] font-semibold text-[#0f6cbd]">[39m
[31m+                               {member.avatar}[39m
[31m+                             </div>[39m
[31m+                             <div>[39m
[31m+                               <h4 className="text-[13px] font-medium text-[#201f1e]">{member.name}</h4>[39m
[31m+                               <p className="text-[11px] text-[#8a8886]">{member.role}</p>[39m
[31m+                             </div>[39m
[31m+                           </div>[39m
[31m+                           <div className="text-right">[39m
[31m+                             <a[39m
[31m+                               href={`mailto:${member.email}`}[39m
[31m+                               className="flex items-center gap-1 text-[13px] font-medium text-[#0f6cbd] hover:underline"[39m
[31m+                             >[39m
[31m+                               <span>{member.email}</span>[39m
[31m+                               <ExternalLink className="h-3.5 w-3.5" />[39m
[31m+                             </a>[39m
[31m+                             <span className="mt-1 block text-[11px] text-[#8a8886]">Privileges: Authorized Auditor</span>[39m
[31m+                           </div>[39m
[31m+                         </div>[39m
[31m+                       ))}[39m
[31m+                     </div>[39m
[31m+                   </div>[39m
[31m+                 )}[39m
[31m+ [39m
[31m+               </div>[39m
[31m+             </motion.div>[39m
[31m+           </>[39m
[31m+         )}[39m
[31m+       </AnimatePresence>[39m
[31m+     </div>[39m
[31m+   );[39m
[31m+ }[39m
[31m+[39m

[36m [2m❯[22m tests/client-json-columns.test.ts:[2m152:20[22m[39m
    [90m150| [39m  [34mit[39m([32m'a locally constructed client is normalized too'[39m[33m,[39m () [33m=>[39m {
    [90m151| [39m    [35mconst[39m source [33m=[39m [34mread[39m([32m'src/components/ClientsView.tsx'[39m)[33m;[39m
    [90m152| [39m    expect(source).toContain('softwareInventory: toJsonArrayColumn(dat…
    [90m   | [39m                   [31m^[39m
    [90m153| [39m    expect(source).toContain('complianceStatus: toJsonArrayColumn(data…
    [90m154| [39m    expect(source).toContain('teamMembers: toJsonArrayColumn(data.team…

[31m[2m⎯⎯⎯⎯⎯⎯⎯⎯⎯⎯⎯⎯⎯⎯⎯⎯⎯⎯⎯⎯⎯[23/141]⎯[22m[39m

[41m[1m FAIL [22m[49m tests/client-json-columns.test.ts[2m > [22mthe normalization is wired into every production path[2m > [22mthe view error boundary is retained as the final safety net
[31m[1mAssertionError[22m: expected 'import { useEffect, useMemo, useState…' to contain '<ViewErrorBoundary routeKey={path}>'[39m

[32m- Expected[39m
[31m+ Received[39m

[32m- <ViewErrorBoundary routeKey={path}>[39m
[31m+ import { useEffect, useMemo, useState, type ReactNode } from 'react';[39m
[31m+ import { getRedirectResult, onAuthStateChanged, signOut, type User } from 'firebase/auth';[39m
[31m+ import type { Alert, Client, Integration, Scan, SoftwarePassport, Vendor } from './types';[39m
[31m+ import type { VerificationDecision } from './lib/verification/evaluateVerification.ts';[39m
[31m+ import { apiFetch } from './utils/apiClient';[39m
[31m+ import { auth } from './lib/firebase';[39m
[31m+ import CommandCenter from './components/CommandCenter';[39m
[31m+ import ExtensionWorkflow from './components/ExtensionWorkflow';[39m
[31m+ import ExtensionMarketplace from './components/ExtensionMarketplace';[39m
[31m+ import LoginView from './components/LoginView';[39m
[31m+ import EvidenceDashboardView from './components/EvidenceDashboardView';[39m
[31m+ import EvidenceExplorerView from './components/EvidenceExplorerView';[39m
[31m+ import AITrustCenterView from './components/AITrustCenterView';[39m
[31m+ import CoverageView from './components/CoverageView';[39m
[31m+ import AssetsView from './components/AssetsView';[39m
[31m+ import PassportsView from './components/PassportsView';[39m
[31m+ import ScansView from './components/ScansView';[39m
[31m+ import AlertsView from './components/AlertsView';[39m
[31m+ import ClientsView from './components/ClientsView';[39m
[31m+ import VendorsView from './components/VendorsView';[39m
[31m+ import IntegrationsView from './components/IntegrationsView';[39m
[31m+ import BillingView from './components/BillingView';[39m
[31m+ import ComplianceView from './components/ComplianceView';[39m
[31m+ import AgentTrustView from './components/AgentTrustView';[39m
[31m+ import EnterpriseReadinessView from './components/EnterpriseReadinessView';[39m
[31m+ import FounderDashboardView from './components/FounderDashboardView';[39m
[31m+ import InvestorHomeView from './components/InvestorHomeView';[39m
[31m+ import SettingsView from './components/SettingsView';[39m
[31m+ import TeamView from './components/TeamView';[39m
[31m+ import AuditLogView from './components/AuditLogView';[39m
[31m+ import MonitoringView from './components/MonitoringView';[39m
[31m+ import SecurityCenterView from './components/SecurityCenterView';[39m
[31m+ import MSPCommandCenter from './components/MSPCommandCenter';[39m
[31m+ import ReportsView from './components/ReportsView';[39m
[31m+ import TrustGraphView from './components/TrustGraphView';[39m
[31m+ import { EXTENSIONS } from './workflows/extensionRegistry';[39m
[31m+ const PUBLIC_PATHS = new Set(['/','/login','/free-review','/pricing']);[39m
[31m+ const EMPTY_CLIENTS: Client[] = []; const EMPTY_PASSPORTS: SoftwarePassport[] = []; const EMPTY_VENDORS: Vendor[] = []; const EMPTY_INTEGRATIONS: Integration[] = []; const EMPTY_SCANS: Scan[] = []; const EMPTY_ALERTS: Alert[] = [];[39m
[31m+ function deriveAlertStatus(remediationStatus: string | null | undefined, findingStatus: string | null | undefined): Alert['status'] { switch (remediationStatus) { case 'IN_PROGRESS': case 'READY_FOR_VERIFICATION': return 'Acknowledged'; case 'BLOCKED': return 'Snoozed'; case 'VERIFIED': case 'CLOSED': return 'Resolved'; case 'CANCELLED': return 'Cancelled'; case 'OPEN': return 'Active'; default: return String(findingStatus || '').toLowerCase() === 'resolved' ? 'Resolved' : 'Active'; } }[39m
[31m+ function navigate(path: string) { window.history.pushState({}, '', path); window.dispatchEvent(new PopStateEvent('popstate')); }[39m
[31m+ function usePath() { const [path, setPath] = useState(() => window.location.pathname || '/'); useEffect(() => { const update = () => setPath(window.location.pathname || '/'); window.addEventListener('popstate', update); return () => window.removeEventListener('popstate', update); }, []); return path; }[39m
[31m+ function AuthLoading() { return <div className="grid min-h-screen place-items-center bg-[#faf9f8] text-[#201f1e]"><div className="text-center"><div className="mx-auto grid h-10 w-10 place-items-center rounded bg-[#0f6cbd] text-xs font-bold text-white">S</div><div className="mt-4 text-[11px] font-semibold uppercase tracking-wide text-[#605e5c]">Securing workspace</div><div className="mt-1 text-[12px] text-[#8a8886]">Checking authenticated session…</div></div></div>; }[39m
[31m+ function CoverPage() { return <div className="min-h-screen bg-[#faf9f8] text-[#201f1e]"><div className="mx-auto flex min-h-screen max-w-5xl items-center px-6 py-16"><div className="max-w-3xl"><div className="mb-5 inline-flex items-center gap-1.5 rounded border border-[#e1dfdd] bg-white px-2.5 py-1 text-[11px] font-semibold uppercase tracking-wide text-[#605e5c]">Evidence-first software trust</div><h1 className="text-[28px] font-semibold tracking-tight md:text-[34px]">Software trust, operated as a system.</h1><p className="mt-4 max-w-2xl text-[14px] leading-6 text-[#605e5c]">Software Passport Registry turns software identity, security, provenance, reliability, compliance, and evidence into repeatable workflows for teams, buyers, and managed service providers.</p><div className="mt-6 flex flex-wrap gap-2"><button onClick={() => navigate('/login')} className="h-9 rounded bg-[#0f6cbd] px-4 text-[13px] font-semibold text-white hover:bg-[#004578]">Enter SPR</button><button onClick={() => navigate('/free-review')} className="h-9 rounded border border-[#c8c6c4] bg-white px-4 text-[13px] font-medium text-[#323130] hover:bg-black/[.03]">Free review</button></div></div></div></div>; }[39m
[31m+ function PublicPage({ title, description, action, onAction }: { title: string; description: string; action: string; onAction: () => void }) { return <div className="grid min-h-screen place-items-center bg-[#faf9f8] px-6 text-[#201f1e]"><div className="max-w-md rounded-md border border-[#e1dfdd] bg-white p-6 text-center"><div className="text-[11px] font-semibold uppercase tracking-wide text-[#605e5c]">Software Passport Registry</div><h1 className="mt-2 text-[20px] font-semibold">{title}</h1><p className="mt-2 text-[13px] leading-5 text-[#605e5c]">{description}</p><button onClick={onAction} className="mt-5 h-9 rounded bg-[#0f6cbd] px-4 text-[13px] font-semibold text-white hover:bg-[#004578]">{action}</button></div></div>; }[39m
[31m+ function WorkflowBoundary({ title, description, extensionId, onNavigate }: { title: string; description: string; extensionId?: string; onNavigate: (path: string) => void }) { const extension = extensionId ? EXTENSIONS.find((item) => item.id === extensionId) : undefined; return <section><div className="rounded-md border border-[#e1dfdd] bg-white p-5"><div className="text-[11px] font-semibold uppercase tracking-wide text-[#605e5c]">Workflow boundary</div><h1 className="mt-1.5 text-[20px] font-semibold tracking-tight">{title}</h1><p className="mt-2 max-w-2xl text-[13px] leading-5 text-[#605e5c]">{description}</p>{extension && <button onClick={() => onNavigate(extension.entryPath)} className="mt-4 h-8 rounded bg-[#0f6cbd] px-3 text-[12px] font-semibold text-white hover:bg-[#004578]">Open {extension.name} →</button>}</div></section>; }[39m
[31m+ export default function App() {[39m
[31m+  const path=usePath(); const [authReady,setAuthReady]=useState(false); const [user,setUser]=useState<User|null>(null); const [role,setRole]=useState('Viewer'); const [selectedClientId,setSelectedClientId]=useState(''); const [selectedPassportId,setSelectedPassportId]=useState<string|null>(null); const [assets,setAssets]=useState<any[]>([]); const [clients,setClients]=useState<Client[]>(EMPTY_CLIENTS); const [passports,setPassports]=useState<SoftwarePassport[]>(EMPTY_PASSPORTS); const [vendors,setVendors]=useState<Vendor[]>(EMPTY_VENDORS); const [alerts,setAlerts]=useState<Alert[]>(EMPTY_ALERTS); const [findings,setFindings]=useState<unknown[]>([]); const [scans,setScans]=useState<Scan[]>(EMPTY_SCANS); const [integrations,setIntegrations]=useState<Integration[]>(EMPTY_INTEGRATIONS); const [theme,setTheme]=useState<'light'|'dark'>('dark'); const [verificationDecisions,setVerificationDecisions]=useState<Record<string,VerificationDecision>>({}); const [verificationDetails,setVerificationDetails]=useState<Record<string,unknown>>({});[39m
[31m+  useEffect(()=>{let mounted=true;let redirectSettled=false;let observedUser:User|null=null;const timeoutId=window.setTimeout(()=>{if(mounted)setAuthReady(true)},10000);const unsubscribe=onAuthStateChanged(auth,(currentUser)=>{if(!mounted)return;observedUser=currentUser;if(!redirectSettled)return;setUser(currentUser);setAuthReady(true);window.clearTimeout(timeoutId)},()=>{if(mounted){setAuthReady(true);window.clearTimeout(timeoutId)}});void getRedirectResult(auth).then(result=>{redirectSettled=true;if(mounted)setUser(result?.user||observedUser);if(mounted)setAuthReady(true);window.clearTimeout(timeoutId)}).catch(error=>{redirectSettled=true;console.error('[Firebase redirect sign-in error]',error);if(mounted)setUser(observedUser);if(mounted)setAuthReady(true);window.clearTimeout(timeoutId)});return()=>{mounted=false;window.clearTimeout(timeoutId);unsubscribe()}},[]);[39m
[31m+  useEffect(()=>{if(authReady&&!user&&!PUBLIC_PATHS.has(path))navigate('/login')},[authReady,user,path]);[39m
[31m+  useEffect(()=>{if(!user)return;let cancelled=false;const load=async()=>{const responses=await Promise.all([apiFetch('/api/user/me'),apiFetch('/api/scans'),apiFetch('/api/trust-loop/findings'),apiFetch('/api/user/passports'),apiFetch('/api/user/clients'),apiFetch('/api/integrations'),apiFetch('/api/user/verification')]);if(responses.some(r=>r.status===401)){await signOut(auth);navigate('/login');return}const [me,scansResponse,findingsResponse,passportsResponse,clientsResponse,integrationsResponse,verificationResponse]=responses;if(verificationResponse.ok){const data=await verificationResponse.json().catch(()=>null);if(!cancelled){setVerificationDecisions(data?.verificationDecisions&&typeof data.verificationDecisions==='object'?data.verificationDecisions:{});setVerificationDetails(data?.verificationDetails&&typeof data.verificationDetails==='object'?data.verificationDetails:{})}}else if(!cancelled){setVerificationDecisions({});setVerificationDetails({})}if(me.ok){const data=await me.json().catch(()=>null);if(!cancelled)setRole(String(data?.role||'Viewer'))}if(scansResponse.ok){const data=await scansResponse.json().catch(()=>[]);if(!cancelled&&Array.isArray(data))setScans(data)}if(findingsResponse.ok){const data=await findingsResponse.json().catch(()=>[]);const rows=Array.isArray(data)?data:data?.findings;if(!cancelled&&Array.isArray(rows)){setFindings(rows);setAlerts(rows.map((row:any)=>({id:String(row.id),title:String(row.title||row.control_id||'Trust finding'),severity:String(row.severity||'Low').replace(/^./,(s:string)=>s.toUpperCase()),category:'Trust finding',clientName:String(row.client_id||'Tenant'),description:String(row.description||'Evidence-backed finding'),timestamp:String(row.updated_at||''),status:deriveAlertStatus(row.remediation_status,row.status),remediationId:row.remediation_id?String(row.remediation_id):null,ownerDisplay:row.remediation_owner_display||null,slaDueAt:row.remediation_sla_due_at||null})) as Alert[])}}if(passportsResponse.ok){const data=await passportsResponse.json().catch(()=>[]);const rows=Array.isArray(data)?data:data?.passports;if(!cancelled&&Array.isArray(rows)){const normalized=rows.map((row:any)=>({...row,id:String(row.id),name:String(row.name||'Unnamed software'),version:String(row.version||'unknown'),publisher:String(row.publisher||'unknown'),clientId:row.clientId?String(row.clientId):undefined,evidence:Array.isArray(row.evidence)?row.evidence:[],vulnerabilities:Array.isArray(row.vulnerabilities)?row.vulnerabilities:[],timeline:Array.isArray(row.timeline)?row.timeline:[],sbom:Array.isArray(row.sbom)?row.sbom:[],scores:null,scoreStatus:row.scoreStatus||'not_authoritatively_scored'})) as SoftwarePassport[];setPassports(normalized);setAssets(normalized.map((passport:any)=>({id:passport.id,name:passport.name,hostName:passport.name,type:passport.category||'software',clientId:passport.clientId,clientName:String(passport.clientId||'Unobserved'),environment:String(passport.environment||'Unobserved'),version:passport.version})));setVendors(EMPTY_VENDORS)}}if(clientsResponse.ok){const data=await clientsResponse.json().catch(()=>[]);const rows=Array.isArray(data)?data:data?.clients;if(!cancelled&&Array.isArray(rows))setClients(rows.map((row:any)=>({...row,id:String(row.id),name:String(row.name||row.company_name||'Unnamed client')})) as Client[])}if(integrationsResponse.ok){const data=await integrationsResponse.json().catch(()=>[]);if(!cancelled&&Array.isArray(data))setIntegrations(data)}};void load().catch(error=>console.warn('[SPR command center load]',error));return()=>{cancelled=true}},[user]);[39m
[31m+  useEffect(()=>{const refresh=()=>{if(user)window.location.reload()};window.addEventListener('refresh-data',refresh);return()=>window.removeEventListener('refresh-data',refresh)},[user]);[39m
[31m+  const onNavigateTab=(target:string,itemId?:string)=>navigate(itemId?`${target.startsWith('/')?target:`/${target}`}/${encodeURIComponent(itemId)}`:target.startsWith('/')?target:`/${target}`); const quickAction=(action:'add-client'|'register-passport'|'scan-sbom')=>navigate(action==='add-client'?'/clients':action==='register-passport'?'/passports':'/scans');[39m
[31m+  const performAlertAction=async(alert:Alert,action:'acknowledge'|'assign'|'resolve'|'escalate'|'snooze'|'reopen',assigneeDisplay?:string)=>{let remediationId=alert.remediationId;if(!remediationId){const created=await apiFetch('/api/trust-loop/remediations',{method:'POST',headers:{'Content-Type':'application/json'},body:JSON.stringify({findingId:alert.id,title:alert.title,description:alert.description,priority:alert.severity.toUpperCase()})});if(!created.ok)return;const createdBody=await created.json().catch(()=>null);remediationId=createdBody?.id?String(createdBody.id):undefined;if(!remediationId)return}const patchBody:Record<string,unknown>={acknowledge:{status:'IN_PROGRESS'},resolve:{status:'CLOSED'},snooze:{status:'BLOCKED'},reopen:{status:'OPEN'},escalate:{status:'IN_PROGRESS',slaDueAt:new Date(Date.now()+4*3600*1000).toISOString()},assign:{status:'IN_PROGRESS',ownerDisplay:assigneeDisplay||''}}[action];const response=await apiFetch(`/api/trust-loop/remediations/${encodeURIComponent(remediationId)}`,{method:'PATCH',headers:{'Content-Type':'application/json'},body:JSON.stringify(patchBody)});if(!response.ok)return;const updated=await response.json().catch(()=>null);setAlerts(current=>current.map(item=>item.id===alert.id?{...item,remediationId,status:deriveAlertStatus(updated?.status??String(patchBody.status),null),ownerDisplay:updated?.owner_display??(patchBody.ownerDisplay as string|undefined)??item.ownerDisplay,slaDueAt:updated?.sla_due_at??(patchBody.slaDueAt as string|undefined)??item.slaDueAt}:item))};[39m
[31m+  const selectedExtension=useMemo(()=>{const match=path.match(/^\/extensions\/([^/]+)/);return match?decodeURIComponent(match[1]):null},[path]);const signOutUser=async()=>{await signOut(auth);navigate('/login')};[39m
[31m+  if(!authReady)return <AuthLoading/>;if(path==='/')return <CoverPage/>;if(path==='/login')return user?<AuthLoading/>:<LoginView onLoginSuccess={()=>navigate('/dashboard')}/>;if(!user&&path==='/free-review')return <PublicPage title="Free software review" description="Start an evidence-first review from the public entry point." action="Sign in to continue" onAction={()=>navigate('/login')}/>;if(!user&&path==='/pricing')return <PublicPage title="SPR plans" description="Account and billing capabilities are available inside the authenticated workspace." action="Enter SPR" onAction={()=>navigate('/login')}/>;if(!user)return <AuthLoading/>;[39m
[31m+  let view:ReactNode;if(selectedExtension)view=<ExtensionWorkflow id={selectedExtension} onNavigate={navigate}/>;else switch(path){case '/dashboard':view=<EvidenceDashboardView clients={clients} alerts={alerts} scans={scans} passports={passports} findings={findings} onNavigateTab={onNavigateTab} onOpenQuickAction={quickAction}/>;break;case '/coverage':view=<CoverageView clients={clients} scans={scans} passports={passports} onNavigateTab={onNavigateTab}/>;break;case '/evidence-explorer':view=<EvidenceExplorerView passports={passports}/>;break;case '/assets':view=<AssetsView clients={clients} searchQuery="" assets={assets}/>;break;case '/passports':case '/registry':view=<PassportsView verificationDecisions={verificationDecisions} verificationDetails={verificationDetails} passports={passports} selectedPassportId={selectedPassportId} setSelectedPassportId={setSelectedPassportId} searchQuery="" clients={clients} assets={assets} role={role} onNavigateTab={onNavigateTab} onUpdatePassport={passport=>setPassports(current=>current.map(item=>item.id===passport.id?passport:item))}/>;break;case '/scans':view=<ScansView scans={scans} clients={clients} assets={assets} passports={passports} role={role} onTriggerNewScan={scan=>setScans(current=>[scan,...current.filter(item=>item.id!==scan.id)].slice(0,100))}/>;break;case '/alerts':view=<AlertsView alerts={alerts} onAlertAction={performAlertAction}/>;break;case '/reports':view=<ReportsView clients={clients} passports={passports} scans={scans} alerts={alerts} findings={findings} role={role}/>;break;case '/trust-graph':view=<TrustGraphView clients={clients} passports={passports} assets={assets} findings={findings}/>;/* onSelectPassport={setSelectedPassportId} */break;case '/clients':view=<ClientsView clients={clients} selectedClientId={selectedClientId} setSelectedClientId={setSelectedClientId} passports={passports} onNavigateTab={onNavigateTab} searchQuery=""/>;break;case '/vendors':view=<VendorsView vendors={vendors} searchQuery=""/>;break;case '/integrations':view=<IntegrationsView passports={passports} onNavigateTab={onNavigateTab}/>;break;case '/monitoring':view=<MonitoringView role={role}/>;break;case '/security':view=<SecurityCenterView clients={clients} passports={passports}/>;break;case '/compliance':view=<ComplianceView clients={clients} role={role}/>;break;case '/msp':view=<MSPCommandCenter verificationDecisions={verificationDecisions} verificationDetails={verificationDetails} clients={clients} alerts={alerts} findings={findings} role={role} onSelectClient={setSelectedClientId} onNavigate={navigate}/>;break;case '/agent-trust':view=<AgentTrustView/>;break;case '/ai-trust-center':view=<AITrustCenterView role={role}/>;break;case '/enterprise-readiness':view=<EnterpriseReadinessView clients={clients}/>;break;case '/investor':view=<InvestorHomeView passports={passports} clients={clients} alerts={alerts} onShowTelemetry={()=>navigate('/scans')} onNavigateTab={onNavigateTab}/>;break;case '/founder':view=<FounderDashboardView userRole={role}/>;break;case '/billing':view=<BillingView/>;break;case '/settings':view=<SettingsView theme={theme} onToggleTheme={()=>setTheme(current=>current==='dark'?'light':'dark')}/>;break;case '/team':view=<TeamView role={role}/>;break;case '/audit-log':view=<AuditLogView/>;break;case '/extensions':view=<ExtensionMarketplace onNavigateTab={onNavigateTab} role={role}/>;break;default:view=<WorkflowBoundary title="Workflow" description="This authenticated capability is explicitly routed through the Command Center. Choose its owning workflow from the left rail." onNavigate={navigate}/>}[39m
[31m+  return <CommandCenter path={path} userEmail={user.email} role={role} onNavigate={navigate} onSignOut={()=>void signOutUser()}>{view}</CommandCenter>;[39m
[31m+ }[39m
[31m+[39m

[36m [2m❯[22m tests/client-json-columns.test.ts:[2m159:33[22m[39m
    [90m157| [39m
    [90m158| [39m  it('the view error boundary is retained as the final safety net', ()…
    [90m159| [39m    expect(read('src/App.tsx')).toContain('<ViewErrorBoundary routeKey…
    [90m   | [39m                                [31m^[39m
    [90m160| [39m    expect(fs.existsSync(path.join(root, 'src/components/ViewErrorBoun…
    [90m161| [39m  })[33m;[39m

[31m[2m⎯⎯⎯⎯⎯⎯⎯⎯⎯⎯⎯⎯⎯⎯⎯⎯⎯⎯⎯⎯⎯[24/141]⎯[22m[39m

[41m[1m FAIL [22m[49m tests/client-json-columns.test.ts[2m > [22mpassport JSON columns (sbom / timeline)[2m > [22mthe passports endpoint and the browser both normalize
[31m[1mAssertionError[22m: expected '/**\n * @license\n * SPDX-License-Ide…' to contain 'normalizePassportRecords((result as a…'[39m

[32m- Expected[39m
[31m+ Received[39m

[32m- normalizePassportRecords((result as any).rows || [])[39m
[31m+ /**[39m
[31m+  * @license[39m
[31m+  * SPDX-License-Identifier: Apache-2.0[39m
[31m+  */[39m
[31m+[39m
[31m+ import { Router } from 'express';[39m
[31m+ import { eq } from 'drizzle-orm';[39m
[31m+ import { sql } from 'drizzle-orm';[39m
[31m+ import { z } from 'zod';[39m
[31m+ import { users } from '../db/schema.ts';[39m
[31m+ import { AuthenticatedRequest, requireAuth, requireRole } from '../middleware/security.ts';[39m
[31m+ import { adminAuth, setUserCustomClaims } from '../lib/firebase-admin.ts';[39m
[31m+ import { appendAuditEntry, verifyAuditChain } from '../security/audit-log.ts';[39m
[31m+ import { describeUserAgent, sessionFingerprint } from '../security/session-tracking.ts';[39m
[31m+ import { offboardTenantData } from '../db/sync.ts';[39m
[31m+ import { INTEGRATION_CATALOG } from '../integrations/catalog.ts';[39m
[31m+ import { adaptEvidenceForEvaluation } from '../lib/verification/evidenceAdapter.ts';[39m
[31m+ import { evaluateVerification, type VerificationDecision } from '../lib/verification/evaluateVerification.ts';[39m
[31m+[39m
[31m+ const INVITABLE_ROLES = ['Admin', 'Technician', 'Viewer', 'Client'] as const;[39m
[31m+ const inviteSchema = z.object({ email: z.string().trim().email().max(255), role: z.enum(INVITABLE_ROLES) }).strict();[39m
[31m+ const roleUpdateSchema = z.object({ role: z.enum(INVITABLE_ROLES) }).strict();[39m
[31m+ const profileUpdateSchema = z.object({[39m
[31m+   displayName: z.string().trim().max(200).optional(),[39m
[31m+   roleTitle: z.string().trim().max(200).optional(),[39m
[31m+   companyName: z.string().trim().max(200).optional(),[39m
[31m+ }).strict();[39m
[31m+ const revokeSessionSchema = z.object({ sessionId: z.string().trim().min(1).max(200) }).strict();[39m
[31m+[39m
[31m+ export function createAuthRouter() {[39m
[31m+   const router = Router();[39m
[31m+[39m
[31m+   // The Firebase ID token is the sole authentication authority. The database[39m
[31m+   // record supplies the tenant/RBAC projection after token verification.[39m
[31m+   router.get('/user/me', requireAuth, async (req: AuthenticatedRequest, res, next) => {[39m
[31m+     try {[39m
[31m+       const db = req.db!;[39m
[31m+       const user = await db.select({[39m
[31m+         id: users.id,[39m
[31m+         uid: users.uid,[39m
[31m+         email: users.email,[39m
[31m+         tenantId: users.tenantId,[39m
[31m+         role: users.role,[39m
[31m+         companyName: users.companyName,[39m
[31m+         roleTitle: users.roleTitle,[39m
[31m+         displayName: users.displayName,[39m
[31m+         numTechnicians: users.numTechnicians,[39m
[31m+         clientCount: users.clientCount,[39m
[31m+         primaryUseCase: users.primaryUseCase,[39m
[31m+         onboarded: users.onboarded,[39m
[31m+         mfaEnabled: users.mfaEnabled,[39m
[31m+         createdAt: users.createdAt,[39m
[31m+       }).from(users).where(eq(users.uid, req.user!.uid)).then(rows => rows[0]);[39m
[31m+[39m
[31m+       if (!user) return res.status(403).json({ error: 'User account is not provisioned' });[39m
[31m+       return res.json({ ...user, emailVerified: req.user!.emailVerified });[39m
[31m+     } catch (error) {[39m
[31m+       return next(error);[39m
[31m+     }[39m
[31m+   });[39m
[31m+[39m
[31m+   router.put('/user/profile', requireAuth, async (req: AuthenticatedRequest, res, next) => {[39m
[31m+     try {[39m
[31m+       const db = req.db!;[39m
[31m+       const parsed = profileUpdateSchema.safeParse(req.body);[39m
[31m+       if (!parsed.success) return res.status(400).json({ error: 'Invalid request', details: parsed.error.flatten() });[39m
[31m+       const result = await db.execute(sql`[39m
[31m+         UPDATE users SET[39m
[31m+           display_name = COALESCE(${parsed.data.displayName ?? null}, display_name),[39m
[31m+           role_title = COALESCE(${parsed.data.roleTitle ?? null}, role_title),[39m
[31m+           company_name = COALESCE(${parsed.data.companyName ?? null}, company_name)[39m
[31m+         WHERE uid = ${req.user!.uid} AND tenant_id = ${req.user!.tenantId}[39m
[31m+         RETURNING id, email, display_name AS "displayName", role_title AS "roleTitle", company_name AS "companyName"[39m
[31m+       `);[39m
[31m+       const row = (result as any).rows?.[0];[39m
[31m+       if (!row) return res.status(404).json({ error: 'User account not found' });[39m
[31m+       await appendAuditEntry(db, { tenantId: req.user!.tenantId, action: 'profile.updated', actor: req.user!.email, payload: { userId: req.user!.id } });[39m
[31m+       return res.json(row);[39m
[31m+     } catch (error) {[39m
[31m+       return next(error);[39m
[31m+     }[39m
[31m+   });[39m
[31m+[39m
[31m+   router.get('/organization/team', requireAuth, async (req: AuthenticatedRequest, res, next) => {[39m
[31m+     try {[39m
[31m+       const db = req.db!;[39m
[31m+       const result = await db.execute(sql`[39m
[31m+         SELECT id, email, display_name AS "displayName", role, onboarded, created_at AS "createdAt"[39m
[31m+         FROM users WHERE tenant_id = ${req.user!.tenantId} ORDER BY created_at ASC[39m
[31m+       `);[39m
[31m+       return res.json((result as any).rows ?? []);[39m
[31m+     } catch (error) {[39m
[31m+       return next(error);[39m
[31m+     }[39m
[31m+   });[39m
[31m+[39m
[31m+   router.post('/organization/invite', requireAuth, requireRole(['Owner', 'Admin']), async (req: AuthenticatedRequest, res, next) => {[39m
[31m+     try {[39m
[31m+       const db = req.db!;[39m
[31m+       const parsed = inviteSchema.safeParse(req.body);[39m
[31m+       if (!parsed.success) return res.status(400).json({ error: 'Invalid request', details: parsed.error.flatten() });[39m
[31m+       const email = parsed.data.email.toLowerCase();[39m
[31m+[39m
[31m+       const existing = await db.execute(sql`SELECT id FROM users WHERE tenant_id = ${req.user!.tenantId} AND lower(btrim(email)) = ${email} LIMIT 1`);[39m
[31m+       if ((existing as any).rows?.length) return res.status(409).json({ error: 'This email is already a member of your workspace.' });[39m
[31m+[39m
[31m+       let firebaseUser;[39m
[31m+       try {[39m
[31m+         firebaseUser = await adminAuth.getUserByEmail(email);[39m
[31m+       } catch {[39m
[31m+         firebaseUser = await adminAuth.createUser({ email, emailVerified: false });[39m
[31m+       }[39m
[31m+[39m
[31m+       const inserted = await db.execute(sql`[39m
[31m+         INSERT INTO users (uid, email, tenant_id, role, invited_by, onboarded)[39m
[31m+         VALUES (${firebaseUser.uid}, ${email}, ${req.user!.tenantId}, ${parsed.data.role}, ${req.user!.email}, 0)[39m
[31m+         RETURNING id, email, role[39m
[31m+       `);[39m
[31m+       await setUserCustomClaims(firebaseUser.uid, { workspaceId: req.user!.tenantId, role: parsed.data.role });[39m
[31m+[39m
[31m+       let inviteLink: string | null = null;[39m
[31m+       try { inviteLink = await adminAuth.generatePasswordResetLink(email); } catch { inviteLink = null; }[39m
[31m+[39m
[31m+       await appendAuditEntry(db, { tenantId: req.user!.tenantId, action: 'team.invited', actor: req.user!.email, payload: { invitedEmail: email, role: parsed.data.role } });[39m
[31m+       return res.status(201).json({ ...(inserted as any).rows?.[0], inviteLink });[39m
[31m+     } catch (error) {[39m
[31m+       return next(error);[39m
[31m+     }[39m
[31m+   });[39m
[31m+[39m
[31m+   router.put('/organization/team/:userId/role', requireAuth, requireRole(['Owner', 'Admin']), async (req: AuthenticatedRequest, res, next) => {[39m
[31m+     try {[39m
[31m+       const db = req.db!;[39m
[31m+       const parsed = roleUpdateSchema.safeParse(req.body);[39m
[31m+       if (!parsed.success) return res.status(400).json({ error: 'Invalid request', details: parsed.error.flatten() });[39m
[31m+       const targetId = Number(req.params.userId);[39m
[31m+       if (!Number.isInteger(targetId)) return res.status(400).json({ error: 'Invalid user id' });[39m
[31m+[39m
[31m+       const result = await db.execute(sql`[39m
[31m+         UPDATE users SET role = ${parsed.data.role}[39m
[31m+         WHERE id = ${targetId} AND tenant_id = ${req.user!.tenantId} AND role <> 'Owner'[39m
[31m+         RETURNING id, uid, email, role[39m
[31m+       `);[39m
[31m+       const row = (result as any).rows?.[0];[39m
[31m+       if (!row) return res.status(404).json({ error: 'Team member not found, or the Owner role cannot be changed here.' });[39m
[31m+       await setUserCustomClaims(row.uid, { workspaceId: req.user!.tenantId, role: parsed.data.role });[39m
[31m+       await appendAuditEntry(db, { tenantId: req.user!.tenantId, action: 'team.role_changed', actor: req.user!.email, payload: { targetUserId: targetId, newRole: parsed.data.role } });[39m
[31m+       return res.json({ id: row.id, email: row.email, role: row.role });[39m
[31m+     } catch (error) {[39m
[31m+       return next(error);[39m
[31m+     }[39m
[31m+   });[39m
[31m+[39m
[31m+   router.delete('/organization/team/:userId', requireAuth, requireRole(['Owner', 'Admin']), async (req: AuthenticatedRequest, res, next) => {[39m
[31m+     try {[39m
[31m+       const db = req.db!;[39m
[31m+       const targetId = Number(req.params.userId);[39m
[31m+       if (!Number.isInteger(targetId)) return res.status(400).json({ error: 'Invalid user id' });[39m
[31m+[39m
[31m+       const result = await db.execute(sql`[39m
[31m+         DELETE FROM users WHERE id = ${targetId} AND tenant_id = ${req.user!.tenantId} AND role <> 'Owner'[39m
[31m+         RETURNING id, uid, email[39m
[31m+       `);[39m
[31m+       const row = (result as any).rows?.[0];[39m
[31m+       if (!row) return res.status(404).json({ error: 'Team member not found, or the Owner cannot be removed.' });[39m
[31m+[39m
[31m+       try { await adminAuth.updateUser(row.uid, { disabled: true }); await adminAuth.revokeRefreshTokens(row.uid); } catch { /* Firebase account may already be gone; DB removal already took effect. */ }[39m
[31m+       await appendAuditEntry(db, { tenantId: req.user!.tenantId, action: 'team.removed', actor: req.user!.email, payload: { targetUserId: targetId, targetEmail: row.email } });[39m
[31m+       return res.status(204).send();[39m
[31m+     } catch (error) {[39m
[31m+       return next(error);[39m
[31m+     }[39m
[31m+   });[39m
[31m+[39m
[31m+   router.get('/auth/sessions', requireAuth, async (req: AuthenticatedRequest, res, next) => {[39m
[31m+     try {[39m
[31m+       const db = req.db!;[39m
[31m+       const currentIp = req.ip || req.socket.remoteAddress || 'unknown';[39m
[31m+       const currentUserAgent = typeof req.headers['user-agent'] === 'string' ? req.headers['user-agent'].slice(0, 512) : '';[39m
[31m+       const currentFingerprint = sessionFingerprint(req.user!.uid, currentIp, currentUserAgent);[39m
[31m+[39m
[31m+       const result = await db.execute(sql`[39m
[31m+         SELECT id, session_fingerprint AS "sessionFingerprint", ip, user_agent AS "userAgent", last_seen_at AS "lastSeenAt"[39m
[31m+         FROM user_sessions[39m
[31m+         WHERE tenant_id = ${req.user!.tenantId} AND user_id = ${req.user!.id} AND revoked_at IS NULL[39m
[31m+         ORDER BY last_seen_at DESC[39m
[31m+       `);[39m
[31m+       const rows = ((result as any).rows ?? []) as Array<{ id: string; sessionFingerprint: string; ip: string; userAgent: string; lastSeenAt: string }>;[39m
[31m+       return res.json(rows.map(row => ({[39m
[31m+         id: row.id,[39m
[31m+         email: req.user!.email,[39m
[31m+         current: row.sessionFingerprint === currentFingerprint,[39m
[31m+         ip: row.ip,[39m
[31m+         device: describeUserAgent(row.userAgent),[39m
[31m+         location: 'Not geolocated',[39m
[31m+         lastSeenAt: row.lastSeenAt,[39m
[31m+       })));[39m
[31m+     } catch (error) {[39m
[31m+       return next(error);[39m
[31m+     }[39m
[31m+   });[39m
[31m+[39m
[31m+   router.post('/auth/sessions/revoke', requireAuth, async (req: AuthenticatedRequest, res, next) => {[39m
[31m+     try {[39m
[31m+       const db = req.db!;[39m
[31m+       const parsed = revokeSessionSchema.safeParse(req.body);[39m
[31m+       if (!parsed.success) return res.status(400).json({ error: 'Invalid request', details: parsed.error.flatten() });[39m
[31m+       const currentIp = req.ip || req.socket.remoteAddress || 'unknown';[39m
[31m+       const currentUserAgent = typeof req.headers['user-agent'] === 'string' ? req.headers['user-agent'].slice(0, 512) : '';[39m
[31m+       const currentFingerprint = sessionFingerprint(req.user!.uid, currentIp, currentUserAgent);[39m
[31m+       if (parsed.data.sessionId === `sess_${currentFingerprint}`) return res.status(400).json({ error: 'Cannot revoke the session you are currently using. Sign out instead.' });[39m
[31m+[39m
[31m+       const result = await db.execute(sql`[39m
[31m+         UPDATE user_sessions SET revoked_at = NOW()[39m
[31m+         WHERE id = ${parsed.data.sessionId} AND tenant_id = ${req.user!.tenantId} AND user_id = ${req.user!.id} AND revoked_at IS NULL[39m
[31m+         RETURNING id[39m
[31m+       `);[39m
[31m+       if (!((result as any).rows?.length)) return res.status(404).json({ error: 'Session not found' });[39m
[31m+       await appendAuditEntry(db, { tenantId: req.user!.tenantId, action: 'session.revoked', actor: req.user!.email, payload: { sessionId: parsed.data.sessionId } });[39m
[31m+       return res.status(204).send();[39m
[31m+     } catch (error) {[39m
[31m+       return next(error);[39m
[31m+     }[39m
[31m+   });[39m
[31m+[39m
[31m+   router.get('/auth/login-history', requireAuth, async (req: AuthenticatedRequest, res, next) => {[39m
[31m+     try {[39m
[31m+       const db = req.db!;[39m
[31m+       const result = await db.execute(sql`[39m
[31m+         SELECT id, ip, user_agent AS "userAgent", status, occurred_at AS "occurredAt"[39m
[31m+         FROM login_history WHERE tenant_id = ${req.user!.tenantId} AND user_id = ${req.user!.id}[39m
[31m+         ORDER BY occurred_at DESC LIMIT 50[39m
[31m+       `);[39m
[31m+       const rows = ((result as any).rows ?? []) as Array<{ id: string; ip: string; userAgent: string; status: string; occurredAt: string }>;[39m
[31m+       return res.json(rows.map(row => ({[39m
[31m+         id: row.id,[39m
[31m+         email: req.user!.email,[39m
[31m+         status: row.status,[39m
[31m+         action: 'Sign-in',[39m
[31m+         timestamp: row.occurredAt,[39m
[31m+         ip: row.ip,[39m
[31m+         location: 'Not geolocated',[39m
[31m+       })));[39m
[31m+     } catch (error) {[39m
[31m+       return next(error);[39m
[31m+     }[39m
[31m+   });[39m
[31m+[39m
[31m+   router.get('/auth/audit-chain', requireAuth, async (req: AuthenticatedRequest, res, next) => {[39m
[31m+     try {[39m
[31m+       const db = req.db!;[39m
[31m+       const beforeRaw = typeof req.query.before === 'string' ? Number(req.query.before) : null;[39m
[31m+       const before = Number.isInteger(beforeRaw) && beforeRaw! > 0 ? beforeRaw : null;[39m
[31m+       const result = before[39m
[31m+         ? await db.execute(sql`[39m
[31m+             SELECT id, action, timestamp, actor, payload, current_hash AS "currentHash", previous_hash AS "previousHash"[39m
[31m+             FROM audit_trail WHERE tenant_id = ${req.user!.tenantId} AND id < ${before} ORDER BY id DESC LIMIT 50[39m
[31m+           `)[39m
[31m+         : await db.execute(sql`[39m
[31m+         SELECT id, action, timestamp, actor, payload, current_hash AS "currentHash", previous_hash AS "previousHash"[39m
[31m+         FROM audit_trail WHERE tenant_id = ${req.user!.tenantId} ORDER BY id DESC LIMIT 50[39m
[31m+       `);[39m
[31m+       const rows = ((result as any).rows ?? []) as Array<{ id: number; action: string; timestamp: string; actor: string; payload: string; currentHash: string; previousHash: string }>;[39m
[31m+       return res.json(rows.map(row => ({[39m
[31m+         id: row.id,[39m
[31m+         action: row.action,[39m
[31m+         timestamp: row.timestamp,[39m
[31m+         actor: row.actor,[39m
[31m+         payload: row.payload,[39m
[31m+         hash: row.currentHash,[39m
[31m+         currentHash: row.currentHash,[39m
[31m+         previousHash: row.previousHash,[39m
[31m+         block: { action: row.action, userEmail: row.actor.includes('@') ? row.actor : null },[39m
[31m+       })));[39m
[31m+     } catch (error) {[39m
[31m+       return next(error);[39m
[31m+     }[39m
[31m+   });[39m
[31m+[39m
[31m+   router.get('/auth/audit-chain/verify', requireAuth, async (req: AuthenticatedRequest, res, next) => {[39m
[31m+     try {[39m
[31m+       const db = req.db!;[39m
[31m+       return res.json(await verifyAuditChain(db, req.user!.tenantId));[39m
[31m+     } catch (error) {[39m
[31m+       return next(error);[39m
[31m+     }[39m
[31m+   });[39m
[31m+[39m
[31m+   router.post('/tenant/offboard', requireAuth, requireRole('Owner'), async (req: AuthenticatedRequest, res, next) => {[39m
[31m+     try {[39m
[31m+       // Purges via the owner-role connection (not req.db): offboarding must be[39m
[31m+       // able to see every table it enumerates from information_schema, and it[39m
[31m+       // already scopes every DELETE to exactly this caller's own tenant_id.[39m
[31m+       await offboardTenantData(req.user!.tenantId);[39m
[31m+       return res.status(200).json({ message: 'Tenant data purged.' });[39m
[31m+     } catch (error) {[39m
[31m+       return next(error);[39m
[31m+     }[39m
[31m+   });[39m
[31m+[39m
[31m+   // Owner-only founder metrics. Every value is either observed from tenant[39m
[31m+   // data or explicitly reported as not verified; this endpoint never invents[39m
[31m+   // production health, security, financial, or performance telemetry.[39m
[31m+   router.get('/founder/metrics', requireAuth, requireRole('Owner'), async (req: AuthenticatedRequest, res, next) => {[39m
[31m+     try {[39m
[31m+       const db = req.db!;[39m
[31m+       const counts = await db.execute(sql`[39m
[31m+         SELECT[39m
[31m+           (SELECT COUNT(*)::int FROM clients WHERE tenant_id = ${req.user!.tenantId}) AS "clientCount",[39m
[31m+           (SELECT COUNT(*)::int FROM passports WHERE tenant_id = ${req.user!.tenantId}) AS "passportCount",[39m
[31m+           (SELECT COUNT(*)::int FROM scans WHERE tenant_id = ${req.user!.tenantId}) AS "scanCount"[39m
[31m+       `);[39m
[31m+       const row = (counts as any).rows?.[0] || {};[39m
[31m+       return res.json({[39m
[31m+         latency: 'Not verified',[39m
[31m+         capitalProtected: 'Not verified',[39m
[31m+         throughput: 'Not verified',[39m
[31m+         mitigations: 'Not verified',[39m
[31m+         overallScore: null,[39m
[31m+         auditEvents: null,[39m
[31m+         activeThreats: null,[39m
[31m+         systemIntegrity: 'Not verified',[39m
[31m+         observed: {[39m
[31m+           clientCount: Number(row.clientCount || 0),[39m
[31m+           passportCount: Number(row.passportCount || 0),[39m
[31m+           scanCount: Number(row.scanCount || 0),[39m
[31m+         },[39m
[31m+       });[39m
[31m+     } catch (error) {[39m
[31m+       return next(error);[39m
[31m+     }[39m
[31m+   });[39m
[31m+[39m
[31m+   // Owner-only operational health for the command center. Every section reads[39m
[31m+   // from the real tables the corresponding subsystem already writes -- no[39m
[31m+   // second heartbeat, delivery ledger, integration status, or audit verifier[39m
[31m+   // is created here. Sections with no real backing data are omitted rather[39m
[31m+   // than populated with placeholder values; see the `notes` field.[39m
[31m+   router.get('/founder/operations', requireAuth, requireRole('Owner'), async (req: AuthenticatedRequest, res, next) => {[39m
[31m+     try {[39m
[31m+       const db = req.db!;[39m
[31m+       const tenantId = req.user!.tenantId;[39m
[31m+       const notes: string[] = [];[39m
[31m+[39m
[31m+       // --- A. Worker/job health ---------------------------------------------[39m
[31m+       // osv-worker.ts claims agent_jobs rows (job_type osv_manifest_scan /[39m
[31m+       // repository_scan). It has no separate heartbeat row; the queue state[39m
[31m+       // itself (locked_at/locked_by, the same 10-minute staleness window the[39m
[31m+       // worker uses to reclaim stuck jobs) is the real signal.[39m
[31m+       const [osvCounts, osvStale, osvFailures, osvActivity] = await Promise.all([[39m
[31m+         db.execute(sql`SELECT job_type AS "jobType", status, COUNT(*)::int AS count FROM agent_jobs WHERE tenant_id=${tenantId} AND job_type IN ('osv_manifest_scan','repository_scan') GROUP BY job_type, status`),[39m
[31m+         db.execute(sql`SELECT COUNT(*)::int AS count FROM agent_jobs WHERE tenant_id=${tenantId} AND job_type IN ('osv_manifest_scan','repository_scan') AND status='Running' AND locked_at < NOW() - INTERVAL '10 minutes'`),[39m
[31m+         db.execute(sql`SELECT id, job_type AS "jobType", error, attempt_count AS "attemptCount", max_attempts AS "maxAttempts", updated_at AS "updatedAt" FROM agent_jobs WHERE tenant_id=${tenantId} AND job_type IN ('osv_manifest_scan','repository_scan') AND status='Failed' ORDER BY updated_at DESC LIMIT 5`),[39m
[31m+         db.execute(sql`SELECT MAX(updated_at) AS "lastActivityAt" FROM agent_jobs WHERE tenant_id=${tenantId} AND job_type IN ('osv_manifest_scan','repository_scan')`),[39m
[31m+       ]);[39m
[31m+[39m
[31m+       // monitoring-worker.ts (the file name this dashboard's spec named) is not[39m
[31m+       // imported by worker.ts and never runs in production -- confirmed dead[39m
[31m+       // code, not a running system. trust-monitoring-worker.ts is the real,[39m
[31m+       // currently-running system that plays the equivalent role (collector_jobs[39m
[31m+       // has an actual heartbeat_at column, unlike agent_jobs).[39m
[31m+       const [monitoringCounts, monitoringHeartbeat, monitoringFailures] = await Promise.all([[39m
[31m+         db.execute(sql`SELECT state, COUNT(*)::int AS count FROM collector_jobs WHERE tenant_id=${tenantId} GROUP BY state`),[39m
[31m+         db.execute(sql`SELECT MAX(heartbeat_at) AS "lastHeartbeatAt" FROM collector_jobs WHERE tenant_id=${tenantId} AND state='running'`),[39m
[31m+         db.execute(sql`SELECT id, collector_id AS "collectorId", safe_error_code AS "errorCode", safe_error_message AS "errorMessage", completed_at AS "completedAt" FROM collector_jobs WHERE tenant_id=${tenantId} AND state IN ('failed','dead_lettered') ORDER BY completed_at DESC NULLS LAST LIMIT 5`),[39m
[31m+       ]);[39m
[31m+       notes.push('monitoring-worker.ts is dead code (never imported by worker.ts); "monitoringWorker" below reflects trust-monitoring-worker.ts, the real running system for the same role.');[39m
[31m+[39m
[31m+       // --- B. Webhook delivery health ----------------------------------------[39m
[31m+       const [webhookCounts, webhookEndpoints, webhookFailures] = await Promise.all([[39m
[31m+         db.execute(sql`SELECT status, COUNT(*)::int AS count FROM spr_webhook_deliveries WHERE tenant_id=${tenantId} AND created_at::timestamptz > NOW() - INTERVAL '7 days' GROUP BY status`),[39m
[31m+         db.execute(sql`SELECT COUNT(*) FILTER (WHERE active)::int AS "activeCount", COUNT(*) FILTER (WHERE NOT active)::int AS "disabledCount" FROM spr_webhooks WHERE tenant_id=${tenantId}`),[39m
[31m+         db.execute(sql`SELECT d.id, d.webhook_id AS "webhookId", w.url, d.event_type AS "eventType", d.safe_error_code AS "errorCode", d.safe_error_message AS "errorMessage", d.completed_at AS "completedAt" FROM spr_webhook_deliveries d JOIN spr_webhooks w ON w.id=d.webhook_id AND w.tenant_id=d.tenant_id WHERE d.tenant_id=${tenantId} AND d.status IN ('failed','dead_lettered') ORDER BY d.completed_at DESC NULLS LAST LIMIT 10`),[39m
[31m+       ]);[39m
[31m+       notes.push('Webhook failures are grouped by destination endpoint (webhookId/url), not "provider" -- SPR webhooks are user-configured destination URLs, not third-party provider connectors; there is no per-provider concept for outbound deliveries.');[39m
[31m+[39m
[31m+       // --- C. Integration health ----------------------------------------------[39m
[31m+       const [credentialRows, integrationRows] = await Promise.all([[39m
[31m+         db.execute(sql`SELECT provider, status, last_tested_at AS "lastTestedAt" FROM integration_credentials WHERE tenant_id=${tenantId}`),[39m
[31m+         db.execute(sql`SELECT name, connected, last_sync_date AS "lastSyncDate" FROM integrations WHERE tenant_id=${tenantId}`),[39m
[31m+       ]);[39m
[31m+       const credentialByProvider = new Map<string, any>((credentialRows as any).rows?.map((r: any) => [r.provider, r]) ?? []);[39m
[31m+       const integrationByName = new Map<string, any>((integrationRows as any).rows?.map((r: any) => [r.name, r]) ?? []);[39m
[31m+       const integrations = INTEGRATION_CATALOG.map((item) => ({[39m
[31m+         provider: item.provider,[39m
[31m+         name: item.name,[39m
[31m+         connected: Boolean(integrationByName.get(item.name)?.connected),[39m
[31m+         lastSyncDate: integrationByName.get(item.name)?.lastSyncDate ?? null,[39m
[31m+         credentialStatus: credentialByProvider.get(item.provider)?.status ?? 'NOT_CONFIGURED',[39m
[31m+         lastTestedAt: credentialByProvider.get(item.provider)?.lastTestedAt ?? null,[39m
[31m+       }));[39m
[31m+[39m
[31m+       // --- D. Audit chain integrity --------------------------------------------[39m
[31m+       // Reuses the exact function GET /api/auth/audit-chain/verify calls --[39m
[31m+       // no second verifier.[39m
[31m+       const auditChain = await verifyAuditChain(db, tenantId);[39m
[31m+[39m
[31m+       // --- E. Scan / job queue --------------------------------------------------[39m
[31m+       const [runningRepoScans, complianceSchedules] = await Promise.all([[39m
[31m+         db.execute(sql`SELECT id, passport_id AS "passportId", status, progress, updated_at AS "updatedAt" FROM agent_jobs WHERE tenant_id=${tenantId} AND job_type='repository_scan' AND status='Running' ORDER BY updated_at DESC LIMIT 10`),[39m
[31m+         db.execute(sql`SELECT id, client_id AS "clientId", frequency, status, last_audit_at AS "lastAuditAt", next_audit_at AS "nextAuditAt" FROM compliance_schedules WHERE tenant_id=${tenantId} ORDER BY COALESCE(last_audit_at, created_at) DESC LIMIT 10`),[39m
[31m+       ]);[39m
[31m+[39m
[31m+       return res.json({[39m
[31m+         generatedAt: new Date().toISOString(),[39m
[31m+         workers: {[39m
[31m+           osv: {[39m
[31m+             countsByStatus: (osvCounts as any).rows ?? [],[39m
[31m+             staleRunningCount: Number((osvStale as any).rows?.[0]?.count ?? 0),[39m
[31m+             recentFailures: (osvFailures as any).rows ?? [],[39m
[31m+             lastActivityAt: (osvActivity as any).rows?.[0]?.lastActivityAt ?? null,[39m
[31m+           },[39m
[31m+           monitoringWorker: {[39m
[31m+             realSource: 'trust-monitoring-worker.ts (collector_jobs)',[39m
[31m+             countsByState: (monitoringCounts as any).rows ?? [],[39m
[31m+             lastHeartbeatAt: (monitoringHeartbeat as any).rows?.[0]?.lastHeartbeatAt ?? null,[39m
[31m+             recentFailures: (monitoringFailures as any).rows ?? [],[39m
[31m+           },[39m
[31m+         },[39m
[31m+         webhooks: {[39m
[31m+           countsByStatusLast7Days: (webhookCounts as any).rows ?? [],[39m
[31m+           activeEndpoints: Number((webhookEndpoints as any).rows?.[0]?.activeCount ?? 0),[39m
[31m+           disabledEndpoints: Number((webhookEndpoints as any).rows?.[0]?.disabledCount ?? 0),[39m
[31m+           recentFailures: (webhookFailures as any).rows ?? [],[39m
[31m+         },[39m
[31m+         integrations,[39m
[31m+         auditChain,[39m
[31m+         queue: {[39m
[31m+           runningRepositoryScans: (runningRepoScans as any).rows ?? [],[39m
[31m+           recentlyFailedJobs: (osvFailures as any).rows ?? [],[39m
[31m+           complianceSchedules: (complianceSchedules as any).rows ?? [],[39m
[31m+         },[39m
[31m+         notes,[39m
[31m+       });[39m
[31m+     } catch (error) {[39m
[31m+       return next(error);[39m
[31m+     }[39m
[31m+   });[39m
[31m+[39m
[31m+   // Owner-only self-passport retrieval. Absence of evidence is represented as[39m
[31m+   // a 404 instead of a fabricated passport or trust score.[39m
[31m+   router.get('/passports/self-passport', requireAuth, requireRole('Owner'), async (req: AuthenticatedRequest, res, next) => {[39m
[31m+     try {[39m
[31m+       const db = req.db!;[39m
[31m+       const result = await db.execute(sql`[39m
[31m+         SELECT[39m
[31m+           id,[39m
[31m+           name,[39m
[31m+           version,[39m
[31m+           publisher,[39m
[31m+           release_date AS "releaseDate",[39m
[31m+           evidence[39m
[31m+         FROM passports[39m
[31m+         WHERE tenant_id = ${req.user!.tenantId}[39m
[31m+         ORDER BY release_date DESC NULLS LAST, id DESC[39m
[31m+         LIMIT 1[39m
[31m+       `);[39m
[31m+       const row = (result as any).rows?.[0];[39m
[31m+       if (!row) return res.status(404).json({ error: 'Self passport evidence not found', code: 'SELF_PASSPORT_NOT_FOUND' });[39m
[31m+       return res.json({[39m
[31m+         ...row,[39m
[31m+         overallScore: null,[39m
[31m+         healthStatus: 'Not verified',[39m
[31m+         evidence: Array.isArray(row.evidence) ? row.evidence : [],[39m
[31m+       });[39m
[31m+     } catch (error) {[39m
[31m+       return next(error);[39m
[31m+     }[39m
[31m+   });[39m
[31m+[39m
[31m+   // Firebase-authenticated, tenant-scoped reads for the first-party SPA.[39m
[31m+   // These are deliberately separate from /connect/v1, which is API-key based.[39m
[31m+   router.get('/user/clients', requireAuth, async (req: AuthenticatedRequest, res, next) => {[39m
[31m+     try {[39m
[31m+       const db = req.db!;[39m
[31m+       const result = await db.execute(sql`SELECT id, name, domain, industry, trust_score AS "trustScore", risk_level AS "riskLevel", avatar_color AS "avatarColor", subscription_tier AS "subscriptionTier", joined_date AS "joinedDate", team_count AS "teamCount", passport_count AS "passportCount", critical_risks_count AS "criticalRisksCount", compliance_progress AS "complianceProgress", software_inventory AS "softwareInventory", compliance_status AS "complianceStatus", team_members AS "teamMembers", activity_timeline AS "activityTimeline" FROM clients WHERE tenant_id=${req.user!.tenantId} ORDER BY joined_date DESC`);[39m
[31m+       return res.json((result as any).rows || []);[39m
[31m+     } catch (error) {[39m
[31m+       return next(error);[39m
[31m+     }[39m
[31m+   });[39m
[31m+[39m
[31m+   router.get('/user/passports', requireAuth, async (req: AuthenticatedRequest, res, next) => {[39m
[31m+     try {[39m
[31m+       const db = req.db!;[39m
[31m+       const result = await db.execute(sql`SELECT p.id, p.client_id AS "clientId", p.name, p.version, p.publisher, p.category, p.release_date AS "releaseDate", p.license_type AS "licenseType", p.sbom, COALESCE((SELECT json_agg(json_build_object('id', e.id, 'name', e.name, 'type', e.type, 'verified', e.verified, 'status', e.status, 'signer', e.signer, 'timestamp', e.timestamp, 'hash', e.hash, 'engineId', e.engine_id, 'verificationFailureReason', e.verification_failure_reason) ORDER BY e.timestamp DESC) FROM evidence_items e WHERE e.tenant_id=p.tenant_id AND e.asset_id=p.id), '[]'::json) AS evidence, COALESCE((SELECT json_agg(json_build_object('id', f.id, 'findingId', f.id, 'severity', f.severity, 'category', f.category, 'title', f.title, 'description', f.description, 'component', f.component, 'fixedVersion', f.fixed_version, 'status', f.status, 'detectedAt', f.detected_at, 'engineId', f.engine_id) ORDER BY f.detected_at DESC) FROM scan_findings f WHERE f.tenant_id=p.tenant_id AND f.asset_id=p.id), '[]'::json) AS vulnerabilities, p.timeline, NULL AS scores, 'not_authoritatively_scored' AS "scoreStatus" FROM passports p WHERE p.tenant_id=${req.user!.tenantId} ORDER BY p.name ASC`);[39m
[31m+       return res.json((result as any).rows || []);[39m
[31m+     } catch (error) {[39m
[31m+       return next(error);[39m
[31m+     }[39m
[31m+   });[39m
[31m+[39m
[31m+   router.get('/user/extensions', requireAuth, async (req: AuthenticatedRequest, res, next) => {[39m
[31m+     try {[39m
[31m+       const db = req.db!;[39m
[31m+       const result = await db.execute(sql`SELECT extension_id AS "extensionId", installed_at AS "installedAt" FROM extension_installations WHERE tenant_id=${req.user!.tenantId} ORDER BY installed_at DESC`);[39m
[31m+       return res.json((result as any).rows || []);[39m
[31m+     } catch (error) {[39m
[31m+       return next(error);[39m
[31m+     }[39m
[31m+   });[39m
[31m+[39m
[31m+   router.post('/user/extensions/:extensionId', requireAuth, requireRole(['Owner', 'Admin', 'Operator']), async (req: AuthenticatedRequest, res, next) => {[39m
[31m+     try {[39m
[31m+       const extensionId = String(req.params.extensionId || '').trim();[39m
[31m+       if (!/^[A-Za-z0-9_.-]{1,120}$/.test(extensionId)) return res.status(400).json({ error: 'Invalid extension id' });[39m
[31m+       const db = req.db!;[39m
[31m+       const result = await db.execute(sql`INSERT INTO extension_installations (tenant_id, extension_id, installed_at) VALUES (${req.user!.tenantId}, ${extensionId}, NOW()) ON CONFLICT (tenant_id, extension_id) DO UPDATE SET installed_at=NOW() RETURNING extension_id AS "extensionId", installed_at AS "installedAt"`);[39m
[31m+       return res.status(201).json((result as any).rows?.[0]);[39m
[31m+     } catch (error) {[39m
[31m+       return next(error);[39m
[31m+     }[39m
[31m+   });[39m
[31m+[39m
[31m+   router.delete('/user/extensions/:extensionId', requireAuth, requireRole(['Owner', 'Admin', 'Operator']), async (req: AuthenticatedRequest, res, next) => {[39m
[31m+     try {[39m
[31m+       const db = req.db!;[39m
[31m+       const extensionId = String(req.params.extensionId || '').trim();[39m
[31m+       const result = await db.execute(sql`DELETE FROM extension_installations WHERE tenant_id=${req.user!.tenantId} AND extension_id=${extensionId} RETURNING extension_id`);[39m
[31m+       if (!((result as any).rows?.length)) return res.status(404).json({ error: 'Extension installation not found' });[39m
[31m+       return res.status(204).send();[39m
[31m+     } catch (error) {[39m
[31m+       return next(error);[39m
[31m+     }[39m
[31m+   });[39m
[31m+[39m
[31m+   router.get('/auth/verify-status', requireAuth, async (req: AuthenticatedRequest, res) => {[39m
[31m+     return res.json({ verified: req.user!.emailVerified, emailVerified: req.user!.emailVerified });[39m
[31m+   });[39m
[31m+[39m
[31m+[39m
[31m+[39m
[31m+   router.get('/user/passports/:id/verification', requireAuth, async (req: AuthenticatedRequest, res, next) => {[39m
[31m+     try {[39m
[31m+       const db = req.db!;[39m
[31m+       const tenantId = req.user!.tenantId;[39m
[31m+       const clientScope = req.user!.role === 'Client' ? (req.user as any).clientId : null;[39m
[31m+       const passportResult = await db.execute(sql`SELECT id, version, evidence, client_id AS "clientId" FROM passports WHERE id=${req.params.id} AND tenant_id=${tenantId} AND (${clientScope} IS NULL OR client_id=${clientScope}) LIMIT 1`) as any;[39m
[31m+       const passport = passportResult.rows?.[0];[39m
[31m+       if (!passport) return res.status(404).json({ error: 'Passport not found' });[39m
[31m+       const findingResult = await db.execute(sql`SELECT id, passport_id AS "passportId", evidence_ids, status FROM trust_findings WHERE tenant_id=${tenantId} AND passport_id=${passport.id}`) as any;[39m
[31m+       const parseJson = (value: unknown): unknown[] => { try { const parsed = JSON.parse(String(value ?? '')); return Array.isArray(parsed) ? parsed : []; } catch { return []; } };[39m
[31m+       const openFindingEvidenceIds = (findingResult.rows ?? []).filter((row: any) => !['resolved','closed','verified'].includes(String(row.status || '').toLowerCase())).flatMap((row: any) => parseJson(row.evidence_ids)).filter((id: any): id is string => typeof id === 'string');[39m
[31m+       const adapted = adaptEvidenceForEvaluation({ evidence: parseJson(passport.evidence) as any[], passportVersion: passport.version, openFindingEvidenceIds });[39m
[31m+       const evaluatedAt = Date.now();[39m
[31m+       const decision = evaluateVerification({ evidence: adapted.evidence, evaluatedAt, targetIdentity: adapted.targetIdentity });[39m
[31m+       res.setHeader('Cache-Control', 'private, max-age=0, no-store');[39m
[31m+       return res.json({ decision, observations: decision.observationCount, independentSources: decision.independentSourceCount });[39m
[31m+     } catch (error) { return next(error); }[39m
[31m+   });[39m
[31m+[39m
[31m+   router.get('/user/verification', requireAuth, async (req: AuthenticatedRequest, res, next) => {[39m
[31m+     try {[39m
[31m+       const db = req.db!;[39m
[31m+       const tenantId = req.user!.tenantId;[39m
[31m+       const clientScope = req.user!.role === 'Client' ? (req.user as any).clientId : null;[39m
[31m+       const passportRows = (await db.execute(sql`SELECT id, version, evidence, client_id AS "clientId" FROM passports WHERE tenant_id=${tenantId} AND (${clientScope} IS NULL OR client_id=${clientScope}) ORDER BY id`) as any).rows ?? [];[39m
[31m+       const passportIds = passportRows.map((row: any) => String(row.id));[39m
[31m+       const parseJson = (value: unknown): unknown[] => { try { const parsed = JSON.parse(String(value ?? '')); return Array.isArray(parsed) ? parsed : []; } catch { return []; } };[39m
[31m+       // Drizzle's proven one-query binding shape for the passport findings is[39m
[31m+       // `asset_id IN ${passportIds}`; do not replace this with ANY(array).[39m
[31m+       const findingRows = passportIds.length ? ((await db.execute(sql`SELECT id, passport_id AS "passportId", evidence_ids, status FROM trust_findings WHERE tenant_id=${tenantId} AND passport_id IN ${passportIds}`) as any).rows ?? []) : [];[39m
[31m+       const evidenceByPassport = new Map<string, any[]>();[39m
[31m+       for (const passport of passportRows) evidenceByPassport.set(String(passport.id), parseJson(passport.evidence) as any[]);[39m
[31m+       const evaluatedAt = Date.now();[39m
[31m+       const verificationDecisions: Record<string, VerificationDecision> = {};[39m
[31m+       const verificationDetails: Record<string, unknown> = {};[39m
[31m+       for (const passport of passportRows) {[39m
[31m+         const findings = findingRows.filter((row: any) => String(row.passportId) === String(passport.id));[39m
[31m+         const openFindingEvidenceIds = findings.filter((row: any) => !['resolved','closed','verified'].includes(String(row.status || '').toLowerCase())).flatMap((row: any) => parseJson(row.evidence_ids)).filter((id: any): id is string => typeof id === 'string');[39m
[31m+         const adapted = adaptEvidenceForEvaluation({ evidence: evidenceByPassport.get(String(passport.id)) ?? [], passportVersion: passport.version, openFindingEvidenceIds });[39m
[31m+         const decision = evaluateVerification({ evidence: adapted.evidence, evaluatedAt, targetIdentity: adapted.targetIdentity });[39m
[31m+         verificationDecisions[String(passport.id)] = decision;[39m
[31m+         verificationDetails[String(passport.id)] = { unmappedCount: adapted.unmappedCount, undatedCount: adapted.undatedCount, observations: decision.observationCount, independentSources: decision.independentSourceCount };[39m
[31m+       }[39m
[31m+       res.setHeader('Cache-Control', 'private, max-age=0, no-store');[39m
[31m+       return res.json({ verificationDecisions, verificationDetails });[39m
[31m+     } catch (error) { return next(error); }[39m
[31m+   });[39m
[31m+[39m
[31m+   return router;[39m
[31m+ }[39m
[31m+[39m

[36m [2m❯[22m tests/client-json-columns.test.ts:[2m185:40[22m[39m
    [90m183| [39m
    [90m184| [39m  [34mit[39m([32m'the passports endpoint and the browser both normalize'[39m[33m,[39m () [33m=>[39m {
    [90m185| [39m    expect(read('src/routes/auth.ts')).toContain('normalizePassportRec…
    [90m   | [39m                                       [31m^[39m
    [90m186| [39m    [35mconst[39m app [33m=[39m [34mread[39m([32m'src/App.tsx'[39m)[33m;[39m
    [90m187| [39m    [34mexpect[39m(app)[33m.[39m[34mtoContain[39m([32m'sbom: toJsonArrayColumn(row.sbom)'[39m)[33m;[39m

[31m[2m⎯⎯⎯⎯⎯⎯⎯⎯⎯⎯⎯⎯⎯⎯⎯⎯⎯⎯⎯⎯⎯[25/141]⎯[22m[39m

[41m[1m FAIL [22m[49m tests/client-trust-environment-contract.test.ts[2m > [22mAdd Client modal reframed as a client trust environment, without changing the underlying create logic[2m > [22muses the trust-environment framing copy
[31m[1mAssertionError[22m: expected '/**\r\n * @license\r\n * SPDX-License…' to contain 'Establish a client trust environment'[39m

[32m- Expected[39m
[31m+ Received[39m

[32m- Establish a client trust environment[39m
[31m+ /**[39m
[31m+  * @license[39m
[31m+  * SPDX-License-Identifier: Apache-2.0[39m
[31m+  */[39m
[31m+ [39m
[31m+ import React, { useState, useMemo } from 'react';[39m
[31m+ import { motion, AnimatePresence } from 'motion/react';[39m
[31m+ import { fuzzyMatch, filterData } from '../utils/filter';[39m
[31m+ import {[39m
[31m+   Building2,[39m
[31m+   ShieldCheck,[39m
[31m+   ShieldAlert,[39m
[31m+   Users,[39m
[31m+   Award,[39m
[31m+   Lock,[39m
[31m+   Globe,[39m
[31m+   FileCheck,[39m
[31m+   AlertTriangle,[39m
[31m+   ExternalLink,[39m
[31m+   ChevronRight,[39m
[31m+   Download,[39m
[31m+   X[39m
[31m+ } from 'lucide-react';[39m
[31m+ import { Client, SoftwarePassport } from '../types';[39m
[31m+ import { generateClientCompliancePDF } from '../utils/pdfGenerator';[39m
[31m+ [39m
[31m+ // Compact risk-tier presentation tokens, shared across the row list, drawer[39m
[31m+ // badge, and status dot so the mapping only lives in one place.[39m
[31m+ const RISK_STYLES: Record<string, { dot: string; text: string }> = {[39m
[31m+   Safe: { dot: 'bg-[#0e700e]', text: 'text-[#0e700e]' },[39m
[31m+   Medium: { dot: 'bg-[#8a5700]', text: 'text-[#8a5700]' },[39m
[31m+   High: { dot: 'bg-[#a4262c]', text: 'text-[#a4262c]' }[39m
[31m+ };[39m
[31m+ function riskStyle(level: string) {[39m
[31m+   return RISK_STYLES[level] || { dot: 'bg-[#605e5c]', text: 'text-[#605e5c]' };[39m
[31m+ }[39m
[31m+ [39m
[31m+ const COMPLIANCE_STYLES: Record<string, { dot: string; text: string }> = {[39m
[31m+   Compliant: { dot: 'bg-[#0e700e]', text: 'text-[#0e700e]' },[39m
[31m+   'In Progress': { dot: 'bg-[#8a5700]', text: 'text-[#8a5700]' }[39m
[31m+ };[39m
[31m+ function complianceStyle(status: string) {[39m
[31m+   return COMPLIANCE_STYLES[status] || { dot: 'bg-[#a4262c]', text: 'text-[#a4262c]' };[39m
[31m+ }[39m
[31m+ [39m
[31m+ interface ClientsViewProps {[39m
[31m+   clients: Client[];[39m
[31m+   selectedClientId: string;[39m
[31m+   setSelectedClientId: (id: string) => void;[39m
[31m+   passports: SoftwarePassport[];[39m
[31m+   onNavigateTab: (tab: string, itemId?: string) => void;[39m
[31m+   searchQuery: string;[39m
[31m+ }[39m
[31m+ [39m
[31m+ export default function ClientsView({[39m
[31m+   clients,[39m
[31m+   selectedClientId,[39m
[31m+   setSelectedClientId,[39m
[31m+   passports,[39m
[31m+   onNavigateTab,[39m
[31m+   searchQuery[39m
[31m+ }: ClientsViewProps) {[39m
[31m+   const [industryFilter, setIndustryFilter] = useState<string>('all');[39m
[31m+   const [riskFilter, setRiskFilter] = useState<string>('all');[39m
[31m+   const [workspaceTab, setWorkspaceTab] = useState<'overview' | 'inventory' | 'security' | 'compliance' | 'team'>('overview');[39m
[31m+ [39m
[31m+   // Identify all unique client industries for dynamic filters[39m
[31m+   const industries = useMemo(() => {[39m
[31m+     const list = clients.map(c => c.industry);[39m
[31m+     return Array.from(new Set(list));[39m
[31m+   }, [clients]);[39m
[31m+ [39m
[31m+   // Extract the current selected client[39m
[31m+   const client = useMemo(() => {[39m
[31m+     return clients.find(c => c.id === selectedClientId) || null;[39m
[31m+   }, [clients, selectedClientId]);[39m
[31m+ [39m
[31m+   const clientPassports = useMemo(() => {[39m
[31m+     if (!client) return [];[39m
[31m+     const passportIds = new Set(client.softwareInventory.map(item => item.passportId));[39m
[31m+     return passports.filter(passport => passportIds.has(passport.id));[39m
[31m+   }, [client, passports]);[39m
[31m+ [39m
[31m+   const securityScores = clientPassports[39m
[31m+     .map(passport => passport.securityScore)[39m
[31m+     .filter((score): score is number => typeof score === 'number' && Number.isFinite(score));[39m
[31m+ [39m
[31m+   // Filter clients list based on search and industry/risk selectors[39m
[31m+   const filteredClients = useMemo(() => {[39m
[31m+     return clients.filter(c => {[39m
[31m+       const matchesSearch = searchQuery[39m
[31m+         ? fuzzyMatch(searchQuery, c.name) ||[39m
[31m+           fuzzyMatch(searchQuery, c.domain) ||[39m
[31m+           fuzzyMatch(searchQuery, c.industry)[39m
[31m+         : true;[39m
[31m+       const matchesIndustry = industryFilter === 'all' || c.industry === industryFilter;[39m
[31m+       const matchesRisk = riskFilter === 'all' || c.riskLevel === riskFilter;[39m
[31m+ [39m
[31m+       return matchesSearch && matchesIndustry && matchesRisk;[39m
[31m+     });[39m
[31m+   }, [clients, searchQuery, industryFilter, riskFilter]);[39m
[31m+ [39m
[31m+   // Handle client compliance data CSV export[39m
[31m+   const handleExportCSV = () => {[39m
[31m+     const headers = ['Client Name', 'Industry', 'Trust Score', 'Passports Active', 'Compliance Progress', 'Risk Level', 'Joined Date'];[39m
[31m+     const rows = filteredClients.map(c => [[39m
[31m+       c.name,[39m
[31m+       c.industry,[39m
[31m+       c.trustScore,[39m
[31m+       c.passportCount,[39m
[31m+       c.complianceProgress,[39m
[31m+       c.riskLevel,[39m
[31m+       c.joinedDate[39m
[31m+     ]);[39m
[31m+ [39m
[31m+     const csvContent = 'data:text/csv;charset=utf-8,'[39m
[31m+       + [headers.join(','), ...rows.map(e => e.join(','))].join('\n');[39m
[31m+ [39m
[31m+     const encodedUri = encodeURI(csvContent);[39m
[31m+     const link = document.createElement('a');[39m
[31m+     link.setAttribute('href', encodedUri);[39m
[31m+     link.setAttribute('download', `tenant_compliance_audit_${new Date().toISOString().split('T')[0]}.csv`);[39m
[31m+     link.style.visibility = 'hidden';[39m
[31m+     document.body.appendChild(link);[39m
[31m+     link.click();[39m
[31m+     document.body.removeChild(link);[39m
[31m+   };[39m
[31m+ [39m
[31m+   const safeCount = clients.filter(c => c.riskLevel === 'Safe').length;[39m
[31m+   const mediumCount = clients.filter(c => c.riskLevel === 'Medium').length;[39m
[31m+   const highCount = clients.filter(c => c.riskLevel === 'High').length;[39m
[31m+   const criticalAlertsTotal = clients.reduce((sum, c) => sum + (c.criticalRisksCount || 0), 0);[39m
[31m+ [39m
[31m+   return ([39m
[31m+     <div id="msp-clients-index">[39m
[31m+       {/* Page Header */}[39m
[31m+       <div className="mb-4 flex items-center justify-between gap-4">[39m
[31m+         <div>[39m
[31m+           <h1 className="text-[22px] font-semibold text-[#201f1e]">Client Tenant Directory</h1>[39m
[31m+           <p className="mt-1 text-[13px] text-[#605e5c]">[39m
[31m+             Browse and manage software trust state across {clients.length} active workspace tenants.[39m
[31m+           </p>[39m
[31m+         </div>[39m
[31m+         <button[39m
[31m+           onClick={handleExportCSV}[39m
[31m+           className="flex h-9 shrink-0 items-center gap-1.5 rounded bg-[#0f6cbd] px-3 text-[13px] font-medium text-white hover:bg-[#004578]"[39m
[31m+           id="export-tenants-csv-btn"[39m
[31m+         >[39m
[31m+           <Download className="h-3.5 w-3.5" />[39m
[31m+           <span>Export Directory</span>[39m
[31m+         </button>[39m
[31m+       </div>[39m
[31m+ [39m
[31m+       {/* About this page */}[39m
[31m+       <details className="mb-4 rounded-md border border-[#e1dfdd] bg-[#faf9f8] text-[13px]">[39m
[31m+         <summary className="cursor-pointer select-none px-3 py-2 font-medium text-[#323130]">ⓘ What is this? · How it works</summary>[39m
[31m+         <div className="px-3 pb-3 text-[#605e5c]">[39m
[31m+           <p>Every workspace tenant registered under this MSP, with its trust score, passport inventory, and compliance state.</p>[39m
[31m+           <ol className="mt-1.5 list-decimal space-y-0.5 pl-4">[39m
[31m+             <li>Filter or search the directory below.</li>[39m
[31m+             <li>Click a row to open the tenant workspace drawer.</li>[39m
[31m+             <li>Use Export Directory to download the filtered list as CSV.</li>[39m
[31m+           </ol>[39m
[31m+         </div>[39m
[31m+       </details>[39m
[31m+ [39m
[31m+       {/* Summary strip */}[39m
[31m+       <div className="mb-4 flex flex-wrap gap-6 rounded-md border border-[#e1dfdd] bg-white p-3">[39m
[31m+         <div>[39m
[31m+           <div className="text-[11px] text-[#605e5c]">Total Tenants</div>[39m
[31m+           <div className="text-lg font-semibold text-[#201f1e]">{clients.length}</div>[39m
[31m+         </div>[39m
[31m+         <div>[39m
[31m+           <div className="text-[11px] text-[#605e5c]">Safe</div>[39m
[31m+           <div className="text-lg font-semibold text-[#0e700e]">{safeCount}</div>[39m
[31m+         </div>[39m
[31m+         <div>[39m
[31m+           <div className="text-[11px] text-[#605e5c]">Medium Risk</div>[39m
[31m+           <div className="text-lg font-semibold text-[#8a5700]">{mediumCount}</div>[39m
[31m+         </div>[39m
[31m+         <div>[39m
[31m+           <div className="text-[11px] text-[#605e5c]">High Risk</div>[39m
[31m+           <div className="text-lg font-semibold text-[#a4262c]">{highCount}</div>[39m
[31m+         </div>[39m
[31m+         <div>[39m
[31m+           <div className="text-[11px] text-[#605e5c]">Critical Alerts</div>[39m
[31m+           <div className="text-lg font-semibold text-[#201f1e]">{criticalAlertsTotal}</div>[39m
[31m+         </div>[39m
[31m+       </div>[39m
[31m+ [39m
[31m+       {/* Filters */}[39m
[31m+       <div className="mb-4 flex flex-wrap items-center gap-2">[39m
[31m+         <div className="flex items-center gap-1.5">[39m
[31m+           <label className="text-[13px] text-[#605e5c]">Industry</label>[39m
[31m+           <select[39m
[31m+             value={industryFilter}[39m
[31m+             onChange={(e) => setIndustryFilter(e.target.value)}[39m
[31m+             className="h-9 rounded border border-[#c8c6c4] bg-white px-2 text-[13px] text-[#323130] focus:border-[#0f6cbd] focus:outline-none focus:ring-1 focus:ring-[#0f6cbd]"[39m
[31m+           >[39m
[31m+             <option value="all">All Industries</option>[39m
[31m+             {industries.map(ind => ([39m
[31m+               <option key={ind} value={ind}>{ind}</option>[39m
[31m+             ))}[39m
[31m+           </select>[39m
[31m+         </div>[39m
[31m+ [39m
[31m+         <div className="flex items-center gap-1.5">[39m
[31m+           <label className="text-[13px] text-[#605e5c]">Risk Level</label>[39m
[31m+           <select[39m
[31m+             value={riskFilter}[39m
[31m+             onChange={(e) => setRiskFilter(e.target.value)}[39m
[31m+             className="h-9 rounded border border-[#c8c6c4] bg-white px-2 text-[13px] text-[#323130] focus:border-[#0f6cbd] focus:outline-none focus:ring-1 focus:ring-[#0f6cbd]"[39m
[31m+           >[39m
[31m+             <option value="all">All Tiers</option>[39m
[31m+             <option value="Safe">Safe</option>[39m
[31m+             <option value="Medium">Medium</option>[39m
[31m+             <option value="High">High</option>[39m
[31m+           </select>[39m
[31m+         </div>[39m
[31m+       </div>[39m
[31m+ [39m
[31m+       {/* Client Directory Table */}[39m
[31m+       <div className="overflow-hidden rounded-md border border-[#e1dfdd] bg-white">[39m
[31m+         <div className="overflow-x-auto">[39m
[31m+           <table className="w-full text-left">[39m
[31m+             <thead>[39m
[31m+               <tr className="border-b border-[#e1dfdd] text-[11px] uppercase tracking-wide text-[#605e5c]">[39m
[31m+                 <th className="px-3 py-2.5 font-medium">Client</th>[39m
[31m+                 <th className="px-3 py-2.5 font-medium">Industry</th>[39m
[31m+                 <th className="px-3 py-2.5 font-medium">Risk</th>[39m
[31m+                 <th className="px-3 py-2.5 font-medium">Trust Score</th>[39m
[31m+                 <th className="px-3 py-2.5 font-medium">Passports</th>[39m
[31m+                 <th className="px-3 py-2.5 font-medium">Compliance</th>[39m
[31m+                 <th className="px-3 py-2.5 font-medium">Joined</th>[39m
[31m+                 <th className="px-3 py-2.5 font-medium">Alerts</th>[39m
[31m+               </tr>[39m
[31m+             </thead>[39m
[31m+             <tbody>[39m
[31m+               {filteredClients.map(c => {[39m
[31m+                 const hasCriticalRisks = c.criticalRisksCount > 0;[39m
[31m+                 const isDrawerActive = selectedClientId === c.id;[39m
[31m+                 const rs = riskStyle(c.riskLevel);[39m
[31m+                 return ([39m
[31m+                   <tr[39m
[31m+                     key={c.id}[39m
[31m+                     onClick={() => setSelectedClientId(c.id)}[39m
[31m+                     className={`cursor-pointer border-b border-[#f3f2f1] text-[13px] hover:bg-black/[.02] ${isDrawerActive ? 'bg-[#eff6fc]' : ''}`}[39m
[31m+                   >[39m
[31m+                     <td className="px-3 py-2.5">[39m
[31m+                       <div className="flex items-center gap-2.5">[39m
[31m+                         <div className={`flex h-7 w-7 shrink-0 items-center justify-center rounded text-[11px] font-semibold ${c.avatarColor}`}>[39m
[31m+                           {c.name.charAt(0)}[39m
[31m+                         </div>[39m
[31m+                         <div className="min-w-0">[39m
[31m+                           <div className="font-medium text-[#201f1e]">{c.name}</div>[39m
[31m+                           <div className="flex items-center gap-1 truncate text-[11px] text-[#8a8886]">[39m
[31m+                             <Globe className="h-3 w-3 shrink-0" />[39m
[31m+                             <span className="truncate">{c.domain}</span>[39m
[31m+                           </div>[39m
[31m+                         </div>[39m
[31m+                       </div>[39m
[31m+                     </td>[39m
[31m+                     <td className="px-3 py-2.5 text-[#605e5c]">{c.industry}</td>[39m
[31m+                     <td className="px-3 py-2.5">[39m
[31m+                       <span className="inline-flex items-center gap-1.5">[39m
[31m+                         <span className={`h-1.5 w-1.5 rounded-full ${rs.dot}`} />[39m
[31m+                         <span className={rs.text}>{c.riskLevel}</span>[39m
[31m+                       </span>[39m
[31m+                     </td>[39m
[31m+                     <td className="px-3 py-2.5 text-[#201f1e]">{c.trustScore}<span className="text-[#8a8886]">/100</span></td>[39m
[31m+                     <td className="px-3 py-2.5 text-[#201f1e]">{c.passportCount}</td>[39m
[31m+                     <td className="px-3 py-2.5 text-[#201f1e]">{c.complianceProgress}%</td>[39m
[31m+                     <td className="px-3 py-2.5 text-[#605e5c]">{c.joinedDate}</td>[39m
[31m+                     <td className="px-3 py-2.5">[39m
[31m+                       {hasCriticalRisks ? ([39m
[31m+                         <span className="inline-flex items-center gap-1 font-medium text-[#a4262c]">[39m
[31m+                           <AlertTriangle className="h-3.5 w-3.5" />[39m
[31m+                           {c.criticalRisksCount}[39m
[31m+                         </span>[39m
[31m+                       ) : ([39m
[31m+                         <span className="inline-flex items-center gap-1 text-[#8a8886]">[39m
[31m+                           <ShieldCheck className="h-3.5 w-3.5" />[39m
[31m+                           None[39m
[31m+                         </span>[39m
[31m+                       )}[39m
[31m+                     </td>[39m
[31m+                   </tr>[39m
[31m+                 );[39m
[31m+               })}[39m
[31m+             </tbody>[39m
[31m+           </table>[39m
[31m+         </div>[39m
[31m+ [39m
[31m+         {filteredClients.length === 0 && ([39m
[31m+           <div className="p-12 text-center">[39m
[31m+             <Building2 className="mx-auto mb-3 h-8 w-8 text-[#c8c6c4]" />[39m
[31m+             <h3 className="text-[13px] font-medium text-[#323130]">No client workspaces found</h3>[39m
[31m+             <p className="mx-auto mt-1 max-w-sm text-[13px] text-[#8a8886]">[39m
[31m+               Adjust your search keywords or industry filters and try again.[39m
[31m+             </p>[39m
[31m+           </div>[39m
[31m+         )}[39m
[31m+       </div>[39m
[31m+ [39m
[31m+       {/* Slide-out Drawer Panel */}[39m
[31m+       <AnimatePresence>[39m
[31m+         {selectedClientId !== 'global' && client && ([39m
[31m+           <>[39m
[31m+             {/* Backdrop Overlay */}[39m
[31m+             <motion.div[39m
[31m+               key="clients-drawer-backdrop"[39m
[31m+               initial={{ opacity: 0 }}[39m
[31m+               animate={{ opacity: 0.4 }}[39m
[31m+               exit={{ opacity: 0 }}[39m
[31m+               onClick={() => setSelectedClientId('global')}[39m
[31m+               className="fixed inset-0 z-40 cursor-pointer bg-black"[39m
[31m+             />[39m
[31m+ [39m
[31m+             {/* Sliding Drawer Container */}[39m
[31m+             <motion.div[39m
[31m+               key="clients-drawer-panel"[39m
[31m+               initial={{ x: '100%' }}[39m
[31m+               animate={{ x: 0 }}[39m
[31m+               exit={{ x: '100%' }}[39m
[31m+               transition={{ type: 'spring', damping: 26, stiffness: 170 }}[39m
[31m+               className="fixed right-0 top-0 bottom-0 z-50 flex w-full max-w-3xl flex-col overflow-y-auto border-l border-[#e1dfdd] bg-white p-5"[39m
[31m+             >[39m
[31m+               {/* Drawer Top Navigation & Actions */}[39m
[31m+               <div className="flex shrink-0 items-center justify-between border-b border-[#e1dfdd] pb-3">[39m
[31m+                 <div className="flex items-center gap-2.5">[39m
[31m+                   <div className={`flex h-9 w-9 items-center justify-center rounded text-[13px] font-semibold ${client.avatarColor}`}>[39m
[31m+                     {client.name.charAt(0)}[39m
[31m+                   </div>[39m
[31m+                   <div>[39m
[31m+                     <span className="text-[11px] uppercase tracking-wide text-[#8a8886]">[39m
[31m+                       Active tenant[39m
[31m+                     </span>[39m
[31m+                     <h2 className="text-[16px] font-semibold leading-tight text-[#201f1e]">[39m
[31m+                       {client.name}[39m
[31m+                     </h2>[39m
[31m+                   </div>[39m
[31m+                 </div>[39m
[31m+ [39m
[31m+                 <div className="flex items-center gap-2">[39m
[31m+                   <button[39m
[31m+                     onClick={() => generateClientCompliancePDF(client)}[39m
[31m+                     className="flex h-8 items-center gap-1.5 rounded border border-[#c8c6c4] px-3 text-[13px] text-[#323130] hover:bg-black/[.03]"[39m
[31m+                   >[39m
[31m+                     <Download className="h-3.5 w-3.5" />[39m
[31m+                     <span>Compliance PDF</span>[39m
[31m+                   </button>[39m
[31m+                   <button[39m
[31m+                     onClick={() => setSelectedClientId('global')}[39m
[31m+                     className="flex h-8 w-8 items-center justify-center rounded border border-[#c8c6c4] text-[#605e5c] hover:bg-black/[.03]"[39m
[31m+                     title="Close Drawer"[39m
[31m+                   >[39m
[31m+                     <X className="h-4 w-4" />[39m
[31m+                   </button>[39m
[31m+                 </div>[39m
[31m+               </div>[39m
[31m+ [39m
[31m+               {/* Badges and summary bar */}[39m
[31m+               <div className="mt-3 flex shrink-0 flex-wrap gap-2 text-[11px]">[39m
[31m+                 <span className="rounded-md border border-[#e1dfdd] bg-[#f3f2f1] px-2.5 py-1 font-medium text-[#323130]">[39m
[31m+                   Tier: {client.subscriptionTier}[39m
[31m+                 </span>[39m
[31m+                 <span className="rounded-md border border-[#e1dfdd] bg-[#f3f2f1] px-2.5 py-1 font-medium text-[#323130]">[39m
[31m+                   Domain: {client.domain}[39m
[31m+                 </span>[39m
[31m+                 <span className={`inline-flex items-center gap-1.5 rounded-md border border-[#e1dfdd] bg-[#f3f2f1] px-2.5 py-1 font-medium ${riskStyle(client.riskLevel).text}`}>[39m
[31m+                   <span className={`h-1.5 w-1.5 rounded-full ${riskStyle(client.riskLevel).dot}`} />[39m
[31m+                   Risk: {client.riskLevel}[39m
[31m+                 </span>[39m
[31m+               </div>[39m
[31m+ [39m
[31m+               {/* Drawer Tabs Header */}[39m
[31m+               <div className="mt-3 flex shrink-0 gap-1 overflow-x-auto border-b border-[#e1dfdd] text-[13px] select-none">[39m
[31m+                 {[[39m
[31m+                   { id: 'overview', label: 'Trust Coordinates', icon: Award },[39m
[31m+                   { id: 'inventory', label: 'SBOM Inventory', icon: FileCheck },[39m
[31m+                   { id: 'security', label: 'Security Center', icon: ShieldAlert },[39m
[31m+                   { id: 'compliance', label: 'Framework Matrices', icon: Lock },[39m
[31m+                   { id: 'team', label: 'Stakeholders', icon: Users }[39m
[31m+                 ].map(tb => {[39m
[31m+                   const Icon = tb.icon;[39m
[31m+                   const isSel = workspaceTab === tb.id;[39m
[31m+                   return ([39m
[31m+                     <button[39m
[31m+                       key={tb.id}[39m
[31m+                       type="button"[39m
[31m+                       onClick={() => setWorkspaceTab(tb.id as any)}[39m
[31m+                       className={`flex items-center gap-1.5 whitespace-nowrap border-b-2 px-3 py-2 font-medium transition-colors ${[39m
[31m+                         isSel[39m
[31m+                           ? 'border-[#0f6cbd] text-[#0f6cbd]'[39m
[31m+                           : 'border-transparent text-[#605e5c] hover:text-[#201f1e]'[39m
[31m+                       }`}[39m
[31m+                     >[39m
[31m+                       <Icon className="h-3.5 w-3.5" />[39m
[31m+                       <span>{tb.label}</span>[39m
[31m+                     </button>[39m
[31m+                   );[39m
[31m+                 })}[39m
[31m+               </div>[39m
[31m+ [39m
[31m+               {/* Drawer Tabs Body content */}[39m
[31m+               <div className="flex-1 space-y-4 overflow-y-auto pt-4 pb-2">[39m
[31m+ [39m
[31m+                 {/* 1. Trust Coordinates Tab */}[39m
[31m+                 {workspaceTab === 'overview' && ([39m
[31m+                   <div className="space-y-4">[39m
[31m+                     {/* Trust Scores strip */}[39m
[31m+                     <div className="rounded-md border border-[#e1dfdd] bg-white p-4">[39m
[31m+                       <h3 className="mb-3 text-[13px] font-semibold text-[#323130]">Core Trust Coordinates</h3>[39m
[31m+                       <div className="flex flex-wrap gap-6">[39m
[31m+                         <div>[39m
[31m+                           <p className="text-[11px] text-[#605e5c]">Overall score</p>[39m
[31m+                           <p className="mt-0.5 text-lg font-semibold text-[#201f1e]">{client.trustScore}</p>[39m
[31m+                           <span className="text-[11px] text-[#8a8886]">Observed client record</span>[39m
[31m+                         </div>[39m
[31m+                         <div>[39m
[31m+                           <p className="text-[11px] text-[#605e5c]">Security score</p>[39m
[31m+                           <p className="mt-0.5 text-lg font-semibold text-[#201f1e]">[39m
[31m+                             {securityScores.length > 0 ? Math.round(securityScores.reduce((sum, score) => sum + score, 0) / securityScores.length) : 'Not verified'}[39m
[31m+                           </p>[39m
[31m+                           <span className="text-[11px] text-[#8a8886]">Passport-derived</span>[39m
[31m+                         </div>[39m
[31m+                         <div>[39m
[31m+                           <p className="text-[11px] text-[#605e5c]">Compliance score</p>[39m
[31m+                           <p className="mt-0.5 text-lg font-semibold text-[#201f1e]">{client.complianceProgress}%</p>[39m
[31m+                           <span className="text-[11px] text-[#8a8886]">Client record</span>[39m
[31m+                         </div>[39m
[31m+                         <div>[39m
[31m+                           <p className="text-[11px] text-[#605e5c]">Supplier reputation</p>[39m
[31m+                           <p className="mt-0.5 text-lg font-semibold text-[#201f1e]">Not verified</p>[39m
[31m+                           <span className="text-[11px] text-[#8a8886]">No vendor score observed</span>[39m
[31m+                         </div>[39m
[31m+                       </div>[39m
[31m+                     </div>[39m
[31m+ [39m
[31m+                     {/* Company Overview Details Card */}[39m
[31m+                     <div className="grid grid-cols-1 gap-4 rounded-md border border-[#e1dfdd] bg-white p-4 sm:grid-cols-2">[39m
[31m+                       <div className="space-y-2">[39m
[31m+                         <h3 className="text-[13px] font-semibold text-[#323130]">Tenant Profile Overview</h3>[39m
[31m+                         <div className="space-y-1.5 text-[13px]">[39m
[31m+                           <div className="flex justify-between border-b border-[#f3f2f1] pb-1.5">[39m
[31m+                             <span className="text-[11px] text-[#8a8886]">Organization Name</span>[39m
[31m+                             <span className="font-medium text-[#323130]">{client.name}</span>[39m
[31m+                           </div>[39m
[31m+                           <div className="flex justify-between border-b border-[#f3f2f1] pb-1.5">[39m
[31m+                             <span className="text-[11px] text-[#8a8886]">Domain</span>[39m
[31m+                             <span className="font-medium text-[#323130]">{client.domain}</span>[39m
[31m+                           </div>[39m
[31m+                           <div className="flex justify-between border-b border-[#f3f2f1] pb-1.5">[39m
[31m+                             <span className="text-[11px] text-[#8a8886]">Industry</span>[39m
[31m+                             <span className="font-medium text-[#323130]">{client.industry}</span>[39m
[31m+                           </div>[39m
[31m+                         </div>[39m
[31m+                       </div>[39m
[31m+ [39m
[31m+                       <div className="space-y-2">[39m
[31m+                         <h3 className="text-[13px] font-semibold text-[#323130]">SLA & Scope Details</h3>[39m
[31m+                         <div className="space-y-1.5 text-[13px]">[39m
[31m+                           <div className="flex justify-between border-b border-[#f3f2f1] pb-1.5">[39m
[31m+                             <span className="text-[11px] text-[#8a8886]">Verified Registry</span>[39m
[31m+                             <span className="font-medium text-[#323130]">tenant-{client.id}</span>[39m
[31m+                           </div>[39m
[31m+                           <div className="flex justify-between border-b border-[#f3f2f1] pb-1.5">[39m
[31m+                             <span className="text-[11px] text-[#8a8886]">Joined Date</span>[39m
[31m+                             <span className="font-medium text-[#323130]">{client.joinedDate}</span>[39m
[31m+                           </div>[39m
[31m+                           <div className="flex justify-between border-b border-[#f3f2f1] pb-1.5">[39m
[31m+                             <span className="text-[11px] text-[#8a8886]">Compliance Target</span>[39m
[31m+                             <span className="font-medium text-[#0f6cbd]">{client.complianceStatus.length ? client.complianceStatus.map((item) => item.code).join(', ') : 'Not observed'}</span>[39m
[31m+                           </div>[39m
[31m+                         </div>[39m
[31m+                       </div>[39m
[31m+                     </div>[39m
[31m+                   </div>[39m
[31m+                 )}[39m
[31m+ [39m
[31m+                 {/* 2. SBOM Inventory Tab */}[39m
[31m+                 {workspaceTab === 'inventory' && ([39m
[31m+                   <div className="space-y-3">[39m
[31m+                     <div className="flex items-center justify-between">[39m
[31m+                       <h3 className="text-[13px] font-semibold text-[#323130]">Registered Client Software Passports</h3>[39m
[31m+                       <span className="text-[11px] text-[#8a8886]">Count: {client.passportCount}</span>[39m
[31m+                     </div>[39m
[31m+ [39m
[31m+                     {client.softwareInventory.length === 0 && ([39m
[31m+                       <div className="rounded-md border border-dashed border-[#e1dfdd] px-5 py-10 text-center text-[13px] text-[#8a8886]">No software passports registered for this client yet.</div>[39m
[31m+                     )}[39m
[31m+                     <div className="grid grid-cols-1 gap-3 sm:grid-cols-2">[39m
[31m+                       {passports.filter(p => {[39m
[31m+                         const clientPassportIds = new Set(client.softwareInventory.map(item => item.passportId));[39m
[31m+                         return clientPassportIds.has(p.id);[39m
[31m+                       }).map(p => ([39m
[31m+                         <div[39m
[31m+                           key={p.id}[39m
[31m+                           onClick={() => onNavigateTab('passports', p.id)}[39m
[31m+                           className="cursor-pointer space-y-2 rounded-md border border-[#e1dfdd] bg-white p-3 hover:border-[#0f6cbd]"[39m
[31m+                         >[39m
[31m+                           <div className="flex items-start justify-between">[39m
[31m+                             <div>[39m
[31m+                               <h4 className="text-[13px] font-medium text-[#201f1e]">{p.name}</h4>[39m
[31m+                               <p className="text-[11px] text-[#8a8886]">Version: {p.version || 'Not observed'}</p>[39m
[31m+                             </div>[39m
[31m+                             <span className="rounded border border-[#e1dfdd] bg-[#eff6fc] px-2 py-0.5 text-[11px] font-medium text-[#0f6cbd]">[39m
[31m+                               {p.sbom.length} Dependencies[39m
[31m+                             </span>[39m
[31m+                           </div>[39m
[31m+ [39m
[31m+                           <div className="flex items-center justify-between border-t border-[#f3f2f1] pt-2 text-[11px] text-[#605e5c]">[39m
[31m+                             <span>Compliance: {p.complianceScore}%</span>[39m
[31m+                             <span className="flex items-center gap-0.5 font-medium text-[#0f6cbd]">[39m
[31m+                               Open Passport <ChevronRight className="h-3 w-3" />[39m
[31m+                             </span>[39m
[31m+                           </div>[39m
[31m+                         </div>[39m
[31m+                       ))}[39m
[31m+                     </div>[39m
[31m+                   </div>[39m
[31m+                 )}[39m
[31m+ [39m
[31m+                 {/* 3. Security Center Tab */}[39m
[31m+                 {workspaceTab === 'security' && ([39m
[31m+                   <div className="space-y-3">[39m
[31m+                     <div className="flex items-center justify-between">[39m
[31m+                       <h3 className="text-[13px] font-semibold text-[#323130]">Active Vulnerability Footprint</h3>[39m
[31m+                       <button[39m
[31m+                         onClick={() => onNavigateTab('alerts')}[39m
[31m+                         className="text-[13px] font-medium text-[#0f6cbd] hover:underline"[39m
[31m+                       >[39m
[31m+                         Launch Threat Mitigator[39m
[31m+                       </button>[39m
[31m+                     </div>[39m
[31m+ [39m
[31m+                     <div className="overflow-hidden rounded-md border border-[#e1dfdd] bg-white">[39m
[31m+                       <div className="overflow-x-auto">[39m
[31m+                         <table className="w-full text-left">[39m
[31m+                           <thead>[39m
[31m+                             <tr className="border-b border-[#e1dfdd] text-[11px] uppercase tracking-wide text-[#605e5c]">[39m
[31m+                               <th className="px-3 py-2.5 font-medium">CVE ID</th>[39m
[31m+                               <th className="px-3 py-2.5 font-medium">Component</th>[39m
[31m+                               <th className="px-3 py-2.5 font-medium">Severity</th>[39m
[31m+                               <th className="px-3 py-2.5 font-medium">CVSS</th>[39m
[31m+                               <th className="px-3 py-2.5 font-medium">Status</th>[39m
[31m+                               <th className="px-3 py-2.5 font-medium">Threat Summary</th>[39m
[31m+                             </tr>[39m
[31m+                           </thead>[39m
[31m+                           <tbody className="text-[13px] text-[#323130]">[39m
[31m+                             {clientPassports.flatMap(passport => (passport.vulnerabilities || []).map(vulnerability => ({ passport, vulnerability }))).map(({ passport, vulnerability }, index) => ([39m
[31m+                               <tr key={`${passport.id}-${vulnerability.id}-${index}`} className="border-b border-[#f3f2f1] hover:bg-black/[.02]">[39m
[31m+                                 <td className="px-3 py-2.5 font-medium text-[#0f6cbd]">{vulnerability.id}</td>[39m
[31m+                                 <td className="px-3 py-2.5">{vulnerability.component}</td>[39m
[31m+                                 <td className="px-3 py-2.5"><span className="rounded-full border border-[#e1dfdd] bg-[#f3f2f1] px-2 py-0.5 text-[11px] uppercase text-[#605e5c]">{vulnerability.severity}</span></td>[39m
[31m+                                 <td className="px-3 py-2.5">{vulnerability.cvss ?? 'Not observed'}</td>[39m
[31m+                                 <td className="px-3 py-2.5"><span className="rounded border border-[#e1dfdd] bg-[#faf9f8] px-2 py-0.5 text-[11px] text-[#605e5c]">{vulnerability.status}</span></td>[39m
[31m+                                 <td className="max-w-sm truncate px-3 py-2.5 text-[#605e5c]" title={vulnerability.description}>{vulnerability.description || 'No description observed.'}</td>[39m
[31m+                               </tr>[39m
[31m+                             ))}[39m
[31m+                             {clientPassports.every(passport => !passport.vulnerabilities?.length) && <tr><td colSpan={6} className="px-3 py-6 text-center text-[#8a8886]">No vulnerability observations are recorded for this client.</td></tr>}[39m
[31m+                           </tbody>[39m
[31m+                         </table>[39m
[31m+                       </div>[39m
[31m+                     </div>[39m
[31m+                   </div>[39m
[31m+                 )}[39m
[31m+ [39m
[31m+                 {/* 4. Compliance Framework Matrices Tab */}[39m
[31m+                 {workspaceTab === 'compliance' && ([39m
[31m+                   <div className="grid grid-cols-1 gap-3 sm:grid-cols-2">[39m
[31m+                     {client.complianceStatus.length === 0 && ([39m
[31m+                       <div className="col-span-full rounded-md border border-dashed border-[#e1dfdd] px-5 py-10 text-center text-[13px] text-[#8a8886]">No compliance frameworks recorded for this client yet.</div>[39m
[31m+                     )}[39m
[31m+                     {client.complianceStatus.map((comp) => {[39m
[31m+                       const cs = complianceStyle(comp.status);[39m
[31m+                       return ([39m
[31m+                         <div key={comp.id} className="flex flex-col justify-between gap-3 rounded-md border border-[#e1dfdd] bg-white p-4">[39m
[31m+                           <div className="flex items-start justify-between">[39m
[31m+                             <div>[39m
[31m+                               <span className="rounded border border-[#e1dfdd] bg-[#eff6fc] px-2 py-0.5 text-[11px] font-medium text-[#0f6cbd]">[39m
[31m+                                 {comp.code} Framework[39m
[31m+                               </span>[39m
[31m+                               <h3 className="mt-2 text-[13px] font-semibold text-[#201f1e]">{comp.name}</h3>[39m
[31m+                             </div>[39m
[31m+                             <span className={`inline-flex items-center gap-1.5 text-[13px] ${cs.text}`}>[39m
[31m+                               <span className={`h-1.5 w-1.5 rounded-full ${cs.dot}`} />[39m
[31m+                               {comp.status}[39m
[31m+                             </span>[39m
[31m+                           </div>[39m
[31m+ [39m
[31m+                           {/* Progress Bar */}[39m
[31m+                           <div className="space-y-1.5">[39m
[31m+                             <div className="flex justify-between text-[11px] text-[#605e5c]">[39m
[31m+                               <span>Controls verification progress</span>[39m
[31m+                               <span className="font-medium text-[#323130]">{comp.progress}%</span>[39m
[31m+                             </div>[39m
[31m+                             <div className="h-1.5 w-full overflow-hidden rounded-full bg-[#f3f2f1]">[39m
[31m+                               <div className="h-full bg-[#0f6cbd]" style={{ width: `${comp.progress}%` }}></div>[39m
[31m+                             </div>[39m
[31m+                             <div className="flex justify-between text-[11px] text-[#8a8886]">[39m
[31m+                               <span>{comp.compliantControls} of {comp.totalControls} Controls Certified</span>[39m
[31m+                               <span>SLA Audit Ready</span>[39m
[31m+                             </div>[39m
[31m+                           </div>[39m
[31m+ [39m
[31m+                           <button[39m
[31m+                             onClick={() => onNavigateTab('compliance')}[39m
[31m+                             className="w-full rounded border border-[#c8c6c4] py-1.5 text-center text-[13px] text-[#323130] hover:bg-black/[.03]"[39m
[31m+                           >[39m
[31m+                             Launch Verification Portal[39m
[31m+                           </button>[39m
[31m+                         </div>[39m
[31m+                       );[39m
[31m+                     })}[39m
[31m+                   </div>[39m
[31m+                 )}[39m
[31m+ [39m
[31m+                 {/* 5. Team Directory Tab */}[39m
[31m+                 {workspaceTab === 'team' && ([39m
[31m+                   <div className="overflow-hidden rounded-md border border-[#e1dfdd] bg-white">[39m
[31m+                     <div className="border-b border-[#e1dfdd] px-4 py-3">[39m
[31m+                       <h3 className="text-[13px] font-semibold text-[#323130]">Client Stakeholders & Key Operators</h3>[39m
[31m+                       <p className="mt-0.5 text-[11px] text-[#8a8886]">Authorizing authorities registered with access privileges inside this workspace.</p>[39m
[31m+                     </div>[39m
[31m+                     <div className="divide-y divide-[#f3f2f1]">[39m
[31m+                       {client.teamMembers.length === 0 && ([39m
[31m+                         <div className="px-4 py-10 text-center text-[13px] text-[#8a8886]">No stakeholders recorded for this client yet.</div>[39m
[31m+                       )}[39m
[31m+                       {client.teamMembers.map((member, i) => ([39m
[31m+                         <div key={i} className="flex items-center justify-between px-4 py-3 hover:bg-black/[.02]">[39m
[31m+                           <div className="flex items-center gap-2.5">[39m
[31m+                             <div className="flex h-8 w-8 items-center justify-center rounded-full border border-[#e1dfdd] bg-[#eff6fc] text-[11px] font-semibold text-[#0f6cbd]">[39m
[31m+                               {member.avatar}[39m
[31m+                             </div>[39m
[31m+                             <div>[39m
[31m+                               <h4 className="text-[13px] font-medium text-[#201f1e]">{member.name}</h4>[39m
[31m+                               <p className="text-[11px] text-[#8a8886]">{member.role}</p>[39m
[31m+                             </div>[39m
[31m+                           </div>[39m
[31m+                           <div className="text-right">[39m
[31m+                             <a[39m
[31m+                               href={`mailto:${member.email}`}[39m
[31m+                               className="flex items-center gap-1 text-[13px] font-medium text-[#0f6cbd] hover:underline"[39m
[31m+                             >[39m
[31m+                               <span>{member.email}</span>[39m
[31m+                               <ExternalLink className="h-3.5 w-3.5" />[39m
[31m+                             </a>[39m
[31m+                             <span className="mt-1 block text-[11px] text-[#8a8886]">Privileges: Authorized Auditor</span>[39m
[31m+                           </div>[39m
[31m+                         </div>[39m
[31m+                       ))}[39m
[31m+                     </div>[39m
[31m+                   </div>[39m
[31m+                 )}[39m
[31m+ [39m
[31m+               </div>[39m
[31m+             </motion.div>[39m
[31m+           </>[39m
[31m+         )}[39m
[31m+       </AnimatePresence>[39m
[31m+     </div>[39m
[31m+   );[39m
[31m+ }[39m
[31m+[39m

[36m [2m❯[22m tests/client-trust-environment-contract.test.ts:[2m14:15[22m[39m
    [90m 12| [39m  [34mit[39m([32m'uses the trust-environment framing copy'[39m[33m,[39m () [33m=>[39m {
    [90m 13| [39m    [35mconst[39m s [33m=[39m [34msource[39m()[33m;[39m
    [90m 14| [39m    [34mexpect[39m(s)[33m.[39m[34mtoContain[39m([32m'Establish a client trust environment'[39m)[33m;[39m
    [90m   | [39m              [31m^[39m
    [90m 15| [39m    expect(s).toContain('Create the foundation for monitoring the soft…
    [90m 16| [39m    [34mexpect[39m(s)[33m.[39m[34mtoContain[39m([32m'Establish Trust Environment'[39m)[33m;[39m

[31m[2m⎯⎯⎯⎯⎯⎯⎯⎯⎯⎯⎯⎯⎯⎯⎯⎯⎯⎯⎯⎯⎯[26/141]⎯[22m[39m

[41m[1m FAIL [22m[49m tests/client-trust-environment-contract.test.ts[2m > [22mAdd Client modal reframed as a client trust environment, without changing the underlying create logic[2m > [22mpreviews the real post-creation capabilities, matching what the client workspace actually offers
[31m[1mAssertionError[22m: expected '/**\r\n * @license\r\n * SPDX-License…' to contain 'Software</div>'[39m

[32m- Expected[39m
[31m+ Received[39m

[32m- Software</div>[39m
[31m+ /**[39m
[31m+  * @license[39m
[31m+  * SPDX-License-Identifier: Apache-2.0[39m
[31m+  */[39m
[31m+ [39m
[31m+ import React, { useState, useMemo } from 'react';[39m
[31m+ import { motion, AnimatePresence } from 'motion/react';[39m
[31m+ import { fuzzyMatch, filterData } from '../utils/filter';[39m
[31m+ import {[39m
[31m+   Building2,[39m
[31m+   ShieldCheck,[39m
[31m+   ShieldAlert,[39m
[31m+   Users,[39m
[31m+   Award,[39m
[31m+   Lock,[39m
[31m+   Globe,[39m
[31m+   FileCheck,[39m
[31m+   AlertTriangle,[39m
[31m+   ExternalLink,[39m
[31m+   ChevronRight,[39m
[31m+   Download,[39m
[31m+   X[39m
[31m+ } from 'lucide-react';[39m
[31m+ import { Client, SoftwarePassport } from '../types';[39m
[31m+ import { generateClientCompliancePDF } from '../utils/pdfGenerator';[39m
[31m+ [39m
[31m+ // Compact risk-tier presentation tokens, shared across the row list, drawer[39m
[31m+ // badge, and status dot so the mapping only lives in one place.[39m
[31m+ const RISK_STYLES: Record<string, { dot: string; text: string }> = {[39m
[31m+   Safe: { dot: 'bg-[#0e700e]', text: 'text-[#0e700e]' },[39m
[31m+   Medium: { dot: 'bg-[#8a5700]', text: 'text-[#8a5700]' },[39m
[31m+   High: { dot: 'bg-[#a4262c]', text: 'text-[#a4262c]' }[39m
[31m+ };[39m
[31m+ function riskStyle(level: string) {[39m
[31m+   return RISK_STYLES[level] || { dot: 'bg-[#605e5c]', text: 'text-[#605e5c]' };[39m
[31m+ }[39m
[31m+ [39m
[31m+ const COMPLIANCE_STYLES: Record<string, { dot: string; text: string }> = {[39m
[31m+   Compliant: { dot: 'bg-[#0e700e]', text: 'text-[#0e700e]' },[39m
[31m+   'In Progress': { dot: 'bg-[#8a5700]', text: 'text-[#8a5700]' }[39m
[31m+ };[39m
[31m+ function complianceStyle(status: string) {[39m
[31m+   return COMPLIANCE_STYLES[status] || { dot: 'bg-[#a4262c]', text: 'text-[#a4262c]' };[39m
[31m+ }[39m
[31m+ [39m
[31m+ interface ClientsViewProps {[39m
[31m+   clients: Client[];[39m
[31m+   selectedClientId: string;[39m
[31m+   setSelectedClientId: (id: string) => void;[39m
[31m+   passports: SoftwarePassport[];[39m
[31m+   onNavigateTab: (tab: string, itemId?: string) => void;[39m
[31m+   searchQuery: string;[39m
[31m+ }[39m
[31m+ [39m
[31m+ export default function ClientsView({[39m
[31m+   clients,[39m
[31m+   selectedClientId,[39m
[31m+   setSelectedClientId,[39m
[31m+   passports,[39m
[31m+   onNavigateTab,[39m
[31m+   searchQuery[39m
[31m+ }: ClientsViewProps) {[39m
[31m+   const [industryFilter, setIndustryFilter] = useState<string>('all');[39m
[31m+   const [riskFilter, setRiskFilter] = useState<string>('all');[39m
[31m+   const [workspaceTab, setWorkspaceTab] = useState<'overview' | 'inventory' | 'security' | 'compliance' | 'team'>('overview');[39m
[31m+ [39m
[31m+   // Identify all unique client industries for dynamic filters[39m
[31m+   const industries = useMemo(() => {[39m
[31m+     const list = clients.map(c => c.industry);[39m
[31m+     return Array.from(new Set(list));[39m
[31m+   }, [clients]);[39m
[31m+ [39m
[31m+   // Extract the current selected client[39m
[31m+   const client = useMemo(() => {[39m
[31m+     return clients.find(c => c.id === selectedClientId) || null;[39m
[31m+   }, [clients, selectedClientId]);[39m
[31m+ [39m
[31m+   const clientPassports = useMemo(() => {[39m
[31m+     if (!client) return [];[39m
[31m+     const passportIds = new Set(client.softwareInventory.map(item => item.passportId));[39m
[31m+     return passports.filter(passport => passportIds.has(passport.id));[39m
[31m+   }, [client, passports]);[39m
[31m+ [39m
[31m+   const securityScores = clientPassports[39m
[31m+     .map(passport => passport.securityScore)[39m
[31m+     .filter((score): score is number => typeof score === 'number' && Number.isFinite(score));[39m
[31m+ [39m
[31m+   // Filter clients list based on search and industry/risk selectors[39m
[31m+   const filteredClients = useMemo(() => {[39m
[31m+     return clients.filter(c => {[39m
[31m+       const matchesSearch = searchQuery[39m
[31m+         ? fuzzyMatch(searchQuery, c.name) ||[39m
[31m+           fuzzyMatch(searchQuery, c.domain) ||[39m
[31m+           fuzzyMatch(searchQuery, c.industry)[39m
[31m+         : true;[39m
[31m+       const matchesIndustry = industryFilter === 'all' || c.industry === industryFilter;[39m
[31m+       const matchesRisk = riskFilter === 'all' || c.riskLevel === riskFilter;[39m
[31m+ [39m
[31m+       return matchesSearch && matchesIndustry && matchesRisk;[39m
[31m+     });[39m
[31m+   }, [clients, searchQuery, industryFilter, riskFilter]);[39m
[31m+ [39m
[31m+   // Handle client compliance data CSV export[39m
[31m+   const handleExportCSV = () => {[39m
[31m+     const headers = ['Client Name', 'Industry', 'Trust Score', 'Passports Active', 'Compliance Progress', 'Risk Level', 'Joined Date'];[39m
[31m+     const rows = filteredClients.map(c => [[39m
[31m+       c.name,[39m
[31m+       c.industry,[39m
[31m+       c.trustScore,[39m
[31m+       c.passportCount,[39m
[31m+       c.complianceProgress,[39m
[31m+       c.riskLevel,[39m
[31m+       c.joinedDate[39m
[31m+     ]);[39m
[31m+ [39m
[31m+     const csvContent = 'data:text/csv;charset=utf-8,'[39m
[31m+       + [headers.join(','), ...rows.map(e => e.join(','))].join('\n');[39m
[31m+ [39m
[31m+     const encodedUri = encodeURI(csvContent);[39m
[31m+     const link = document.createElement('a');[39m
[31m+     link.setAttribute('href', encodedUri);[39m
[31m+     link.setAttribute('download', `tenant_compliance_audit_${new Date().toISOString().split('T')[0]}.csv`);[39m
[31m+     link.style.visibility = 'hidden';[39m
[31m+     document.body.appendChild(link);[39m
[31m+     link.click();[39m
[31m+     document.body.removeChild(link);[39m
[31m+   };[39m
[31m+ [39m
[31m+   const safeCount = clients.filter(c => c.riskLevel === 'Safe').length;[39m
[31m+   const mediumCount = clients.filter(c => c.riskLevel === 'Medium').length;[39m
[31m+   const highCount = clients.filter(c => c.riskLevel === 'High').length;[39m
[31m+   const criticalAlertsTotal = clients.reduce((sum, c) => sum + (c.criticalRisksCount || 0), 0);[39m
[31m+ [39m
[31m+   return ([39m
[31m+     <div id="msp-clients-index">[39m
[31m+       {/* Page Header */}[39m
[31m+       <div className="mb-4 flex items-center justify-between gap-4">[39m
[31m+         <div>[39m
[31m+           <h1 className="text-[22px] font-semibold text-[#201f1e]">Client Tenant Directory</h1>[39m
[31m+           <p className="mt-1 text-[13px] text-[#605e5c]">[39m
[31m+             Browse and manage software trust state across {clients.length} active workspace tenants.[39m
[31m+           </p>[39m
[31m+         </div>[39m
[31m+         <button[39m
[31m+           onClick={handleExportCSV}[39m
[31m+           className="flex h-9 shrink-0 items-center gap-1.5 rounded bg-[#0f6cbd] px-3 text-[13px] font-medium text-white hover:bg-[#004578]"[39m
[31m+           id="export-tenants-csv-btn"[39m
[31m+         >[39m
[31m+           <Download className="h-3.5 w-3.5" />[39m
[31m+           <span>Export Directory</span>[39m
[31m+         </button>[39m
[31m+       </div>[39m
[31m+ [39m
[31m+       {/* About this page */}[39m
[31m+       <details className="mb-4 rounded-md border border-[#e1dfdd] bg-[#faf9f8] text-[13px]">[39m
[31m+         <summary className="cursor-pointer select-none px-3 py-2 font-medium text-[#323130]">ⓘ What is this? · How it works</summary>[39m
[31m+         <div className="px-3 pb-3 text-[#605e5c]">[39m
[31m+           <p>Every workspace tenant registered under this MSP, with its trust score, passport inventory, and compliance state.</p>[39m
[31m+           <ol className="mt-1.5 list-decimal space-y-0.5 pl-4">[39m
[31m+             <li>Filter or search the directory below.</li>[39m
[31m+             <li>Click a row to open the tenant workspace drawer.</li>[39m
[31m+             <li>Use Export Directory to download the filtered list as CSV.</li>[39m
[31m+           </ol>[39m
[31m+         </div>[39m
[31m+       </details>[39m
[31m+ [39m
[31m+       {/* Summary strip */}[39m
[31m+       <div className="mb-4 flex flex-wrap gap-6 rounded-md border border-[#e1dfdd] bg-white p-3">[39m
[31m+         <div>[39m
[31m+           <div className="text-[11px] text-[#605e5c]">Total Tenants</div>[39m
[31m+           <div className="text-lg font-semibold text-[#201f1e]">{clients.length}</div>[39m
[31m+         </div>[39m
[31m+         <div>[39m
[31m+           <div className="text-[11px] text-[#605e5c]">Safe</div>[39m
[31m+           <div className="text-lg font-semibold text-[#0e700e]">{safeCount}</div>[39m
[31m+         </div>[39m
[31m+         <div>[39m
[31m+           <div className="text-[11px] text-[#605e5c]">Medium Risk</div>[39m
[31m+           <div className="text-lg font-semibold text-[#8a5700]">{mediumCount}</div>[39m
[31m+         </div>[39m
[31m+         <div>[39m
[31m+           <div className="text-[11px] text-[#605e5c]">High Risk</div>[39m
[31m+           <div className="text-lg font-semibold text-[#a4262c]">{highCount}</div>[39m
[31m+         </div>[39m
[31m+         <div>[39m
[31m+           <div className="text-[11px] text-[#605e5c]">Critical Alerts</div>[39m
[31m+           <div className="text-lg font-semibold text-[#201f1e]">{criticalAlertsTotal}</div>[39m
[31m+         </div>[39m
[31m+       </div>[39m
[31m+ [39m
[31m+       {/* Filters */}[39m
[31m+       <div className="mb-4 flex flex-wrap items-center gap-2">[39m
[31m+         <div className="flex items-center gap-1.5">[39m
[31m+           <label className="text-[13px] text-[#605e5c]">Industry</label>[39m
[31m+           <select[39m
[31m+             value={industryFilter}[39m
[31m+             onChange={(e) => setIndustryFilter(e.target.value)}[39m
[31m+             className="h-9 rounded border border-[#c8c6c4] bg-white px-2 text-[13px] text-[#323130] focus:border-[#0f6cbd] focus:outline-none focus:ring-1 focus:ring-[#0f6cbd]"[39m
[31m+           >[39m
[31m+             <option value="all">All Industries</option>[39m
[31m+             {industries.map(ind => ([39m
[31m+               <option key={ind} value={ind}>{ind}</option>[39m
[31m+             ))}[39m
[31m+           </select>[39m
[31m+         </div>[39m
[31m+ [39m
[31m+         <div className="flex items-center gap-1.5">[39m
[31m+           <label className="text-[13px] text-[#605e5c]">Risk Level</label>[39m
[31m+           <select[39m
[31m+             value={riskFilter}[39m
[31m+             onChange={(e) => setRiskFilter(e.target.value)}[39m
[31m+             className="h-9 rounded border border-[#c8c6c4] bg-white px-2 text-[13px] text-[#323130] focus:border-[#0f6cbd] focus:outline-none focus:ring-1 focus:ring-[#0f6cbd]"[39m
[31m+           >[39m
[31m+             <option value="all">All Tiers</option>[39m
[31m+             <option value="Safe">Safe</option>[39m
[31m+             <option value="Medium">Medium</option>[39m
[31m+             <option value="High">High</option>[39m
[31m+           </select>[39m
[31m+         </div>[39m
[31m+       </div>[39m
[31m+ [39m
[31m+       {/* Client Directory Table */}[39m
[31m+       <div className="overflow-hidden rounded-md border border-[#e1dfdd] bg-white">[39m
[31m+         <div className="overflow-x-auto">[39m
[31m+           <table className="w-full text-left">[39m
[31m+             <thead>[39m
[31m+               <tr className="border-b border-[#e1dfdd] text-[11px] uppercase tracking-wide text-[#605e5c]">[39m
[31m+                 <th className="px-3 py-2.5 font-medium">Client</th>[39m
[31m+                 <th className="px-3 py-2.5 font-medium">Industry</th>[39m
[31m+                 <th className="px-3 py-2.5 font-medium">Risk</th>[39m
[31m+                 <th className="px-3 py-2.5 font-medium">Trust Score</th>[39m
[31m+                 <th className="px-3 py-2.5 font-medium">Passports</th>[39m
[31m+                 <th className="px-3 py-2.5 font-medium">Compliance</th>[39m
[31m+                 <th className="px-3 py-2.5 font-medium">Joined</th>[39m
[31m+                 <th className="px-3 py-2.5 font-medium">Alerts</th>[39m
[31m+               </tr>[39m
[31m+             </thead>[39m
[31m+             <tbody>[39m
[31m+               {filteredClients.map(c => {[39m
[31m+                 const hasCriticalRisks = c.criticalRisksCount > 0;[39m
[31m+                 const isDrawerActive = selectedClientId === c.id;[39m
[31m+                 const rs = riskStyle(c.riskLevel);[39m
[31m+                 return ([39m
[31m+                   <tr[39m
[31m+                     key={c.id}[39m
[31m+                     onClick={() => setSelectedClientId(c.id)}[39m
[31m+                     className={`cursor-pointer border-b border-[#f3f2f1] text-[13px] hover:bg-black/[.02] ${isDrawerActive ? 'bg-[#eff6fc]' : ''}`}[39m
[31m+                   >[39m
[31m+                     <td className="px-3 py-2.5">[39m
[31m+                       <div className="flex items-center gap-2.5">[39m
[31m+                         <div className={`flex h-7 w-7 shrink-0 items-center justify-center rounded text-[11px] font-semibold ${c.avatarColor}`}>[39m
[31m+                           {c.name.charAt(0)}[39m
[31m+                         </div>[39m
[31m+                         <div className="min-w-0">[39m
[31m+                           <div className="font-medium text-[#201f1e]">{c.name}</div>[39m
[31m+                           <div className="flex items-center gap-1 truncate text-[11px] text-[#8a8886]">[39m
[31m+                             <Globe className="h-3 w-3 shrink-0" />[39m
[31m+                             <span className="truncate">{c.domain}</span>[39m
[31m+                           </div>[39m
[31m+                         </div>[39m
[31m+                       </div>[39m
[31m+                     </td>[39m
[31m+                     <td className="px-3 py-2.5 text-[#605e5c]">{c.industry}</td>[39m
[31m+                     <td className="px-3 py-2.5">[39m
[31m+                       <span className="inline-flex items-center gap-1.5">[39m
[31m+                         <span className={`h-1.5 w-1.5 rounded-full ${rs.dot}`} />[39m
[31m+                         <span className={rs.text}>{c.riskLevel}</span>[39m
[31m+                       </span>[39m
[31m+                     </td>[39m
[31m+                     <td className="px-3 py-2.5 text-[#201f1e]">{c.trustScore}<span className="text-[#8a8886]">/100</span></td>[39m
[31m+                     <td className="px-3 py-2.5 text-[#201f1e]">{c.passportCount}</td>[39m
[31m+                     <td className="px-3 py-2.5 text-[#201f1e]">{c.complianceProgress}%</td>[39m
[31m+                     <td className="px-3 py-2.5 text-[#605e5c]">{c.joinedDate}</td>[39m
[31m+                     <td className="px-3 py-2.5">[39m
[31m+                       {hasCriticalRisks ? ([39m
[31m+                         <span className="inline-flex items-center gap-1 font-medium text-[#a4262c]">[39m
[31m+                           <AlertTriangle className="h-3.5 w-3.5" />[39m
[31m+                           {c.criticalRisksCount}[39m
[31m+                         </span>[39m
[31m+                       ) : ([39m
[31m+                         <span className="inline-flex items-center gap-1 text-[#8a8886]">[39m
[31m+                           <ShieldCheck className="h-3.5 w-3.5" />[39m
[31m+                           None[39m
[31m+                         </span>[39m
[31m+                       )}[39m
[31m+                     </td>[39m
[31m+                   </tr>[39m
[31m+                 );[39m
[31m+               })}[39m
[31m+             </tbody>[39m
[31m+           </table>[39m
[31m+         </div>[39m
[31m+ [39m
[31m+         {filteredClients.length === 0 && ([39m
[31m+           <div className="p-12 text-center">[39m
[31m+             <Building2 className="mx-auto mb-3 h-8 w-8 text-[#c8c6c4]" />[39m
[31m+             <h3 className="text-[13px] font-medium text-[#323130]">No client workspaces found</h3>[39m
[31m+             <p className="mx-auto mt-1 max-w-sm text-[13px] text-[#8a8886]">[39m
[31m+               Adjust your search keywords or industry filters and try again.[39m
[31m+             </p>[39m
[31m+           </div>[39m
[31m+         )}[39m
[31m+       </div>[39m
[31m+ [39m
[31m+       {/* Slide-out Drawer Panel */}[39m
[31m+       <AnimatePresence>[39m
[31m+         {selectedClientId !== 'global' && client && ([39m
[31m+           <>[39m
[31m+             {/* Backdrop Overlay */}[39m
[31m+             <motion.div[39m
[31m+               key="clients-drawer-backdrop"[39m
[31m+               initial={{ opacity: 0 }}[39m
[31m+               animate={{ opacity: 0.4 }}[39m
[31m+               exit={{ opacity: 0 }}[39m
[31m+               onClick={() => setSelectedClientId('global')}[39m
[31m+               className="fixed inset-0 z-40 cursor-pointer bg-black"[39m
[31m+             />[39m
[31m+ [39m
[31m+             {/* Sliding Drawer Container */}[39m
[31m+             <motion.div[39m
[31m+               key="clients-drawer-panel"[39m
[31m+               initial={{ x: '100%' }}[39m
[31m+               animate={{ x: 0 }}[39m
[31m+               exit={{ x: '100%' }}[39m
[31m+               transition={{ type: 'spring', damping: 26, stiffness: 170 }}[39m
[31m+               className="fixed right-0 top-0 bottom-0 z-50 flex w-full max-w-3xl flex-col overflow-y-auto border-l border-[#e1dfdd] bg-white p-5"[39m
[31m+             >[39m
[31m+               {/* Drawer Top Navigation & Actions */}[39m
[31m+               <div className="flex shrink-0 items-center justify-between border-b border-[#e1dfdd] pb-3">[39m
[31m+                 <div className="flex items-center gap-2.5">[39m
[31m+                   <div className={`flex h-9 w-9 items-center justify-center rounded text-[13px] font-semibold ${client.avatarColor}`}>[39m
[31m+                     {client.name.charAt(0)}[39m
[31m+                   </div>[39m
[31m+                   <div>[39m
[31m+                     <span className="text-[11px] uppercase tracking-wide text-[#8a8886]">[39m
[31m+                       Active tenant[39m
[31m+                     </span>[39m
[31m+                     <h2 className="text-[16px] font-semibold leading-tight text-[#201f1e]">[39m
[31m+                       {client.name}[39m
[31m+                     </h2>[39m
[31m+                   </div>[39m
[31m+                 </div>[39m
[31m+ [39m
[31m+                 <div className="flex items-center gap-2">[39m
[31m+                   <button[39m
[31m+                     onClick={() => generateClientCompliancePDF(client)}[39m
[31m+                     className="flex h-8 items-center gap-1.5 rounded border border-[#c8c6c4] px-3 text-[13px] text-[#323130] hover:bg-black/[.03]"[39m
[31m+                   >[39m
[31m+                     <Download className="h-3.5 w-3.5" />[39m
[31m+                     <span>Compliance PDF</span>[39m
[31m+                   </button>[39m
[31m+                   <button[39m
[31m+                     onClick={() => setSelectedClientId('global')}[39m
[31m+                     className="flex h-8 w-8 items-center justify-center rounded border border-[#c8c6c4] text-[#605e5c] hover:bg-black/[.03]"[39m
[31m+                     title="Close Drawer"[39m
[31m+                   >[39m
[31m+                     <X className="h-4 w-4" />[39m
[31m+                   </button>[39m
[31m+                 </div>[39m
[31m+               </div>[39m
[31m+ [39m
[31m+               {/* Badges and summary bar */}[39m
[31m+               <div className="mt-3 flex shrink-0 flex-wrap gap-2 text-[11px]">[39m
[31m+                 <span className="rounded-md border border-[#e1dfdd] bg-[#f3f2f1] px-2.5 py-1 font-medium text-[#323130]">[39m
[31m+                   Tier: {client.subscriptionTier}[39m
[31m+                 </span>[39m
[31m+                 <span className="rounded-md border border-[#e1dfdd] bg-[#f3f2f1] px-2.5 py-1 font-medium text-[#323130]">[39m
[31m+                   Domain: {client.domain}[39m
[31m+                 </span>[39m
[31m+                 <span className={`inline-flex items-center gap-1.5 rounded-md border border-[#e1dfdd] bg-[#f3f2f1] px-2.5 py-1 font-medium ${riskStyle(client.riskLevel).text}`}>[39m
[31m+                   <span className={`h-1.5 w-1.5 rounded-full ${riskStyle(client.riskLevel).dot}`} />[39m
[31m+                   Risk: {client.riskLevel}[39m
[31m+                 </span>[39m
[31m+               </div>[39m
[31m+ [39m
[31m+               {/* Drawer Tabs Header */}[39m
[31m+               <div className="mt-3 flex shrink-0 gap-1 overflow-x-auto border-b border-[#e1dfdd] text-[13px] select-none">[39m
[31m+                 {[[39m
[31m+                   { id: 'overview', label: 'Trust Coordinates', icon: Award },[39m
[31m+                   { id: 'inventory', label: 'SBOM Inventory', icon: FileCheck },[39m
[31m+                   { id: 'security', label: 'Security Center', icon: ShieldAlert },[39m
[31m+                   { id: 'compliance', label: 'Framework Matrices', icon: Lock },[39m
[31m+                   { id: 'team', label: 'Stakeholders', icon: Users }[39m
[31m+                 ].map(tb => {[39m
[31m+                   const Icon = tb.icon;[39m
[31m+                   const isSel = workspaceTab === tb.id;[39m
[31m+                   return ([39m
[31m+                     <button[39m
[31m+                       key={tb.id}[39m
[31m+                       type="button"[39m
[31m+                       onClick={() => setWorkspaceTab(tb.id as any)}[39m
[31m+                       className={`flex items-center gap-1.5 whitespace-nowrap border-b-2 px-3 py-2 font-medium transition-colors ${[39m
[31m+                         isSel[39m
[31m+                           ? 'border-[#0f6cbd] text-[#0f6cbd]'[39m
[31m+                           : 'border-transparent text-[#605e5c] hover:text-[#201f1e]'[39m
[31m+                       }`}[39m
[31m+                     >[39m
[31m+                       <Icon className="h-3.5 w-3.5" />[39m
[31m+                       <span>{tb.label}</span>[39m
[31m+                     </button>[39m
[31m+                   );[39m
[31m+                 })}[39m
[31m+               </div>[39m
[31m+ [39m
[31m+               {/* Drawer Tabs Body content */}[39m
[31m+               <div className="flex-1 space-y-4 overflow-y-auto pt-4 pb-2">[39m
[31m+ [39m
[31m+                 {/* 1. Trust Coordinates Tab */}[39m
[31m+                 {workspaceTab === 'overview' && ([39m
[31m+                   <div className="space-y-4">[39m
[31m+                     {/* Trust Scores strip */}[39m
[31m+                     <div className="rounded-md border border-[#e1dfdd] bg-white p-4">[39m
[31m+                       <h3 className="mb-3 text-[13px] font-semibold text-[#323130]">Core Trust Coordinates</h3>[39m
[31m+                       <div className="flex flex-wrap gap-6">[39m
[31m+                         <div>[39m
[31m+                           <p className="text-[11px] text-[#605e5c]">Overall score</p>[39m
[31m+                           <p className="mt-0.5 text-lg font-semibold text-[#201f1e]">{client.trustScore}</p>[39m
[31m+                           <span className="text-[11px] text-[#8a8886]">Observed client record</span>[39m
[31m+                         </div>[39m
[31m+                         <div>[39m
[31m+                           <p className="text-[11px] text-[#605e5c]">Security score</p>[39m
[31m+                           <p className="mt-0.5 text-lg font-semibold text-[#201f1e]">[39m
[31m+                             {securityScores.length > 0 ? Math.round(securityScores.reduce((sum, score) => sum + score, 0) / securityScores.length) : 'Not verified'}[39m
[31m+                           </p>[39m
[31m+                           <span className="text-[11px] text-[#8a8886]">Passport-derived</span>[39m
[31m+                         </div>[39m
[31m+                         <div>[39m
[31m+                           <p className="text-[11px] text-[#605e5c]">Compliance score</p>[39m
[31m+                           <p className="mt-0.5 text-lg font-semibold text-[#201f1e]">{client.complianceProgress}%</p>[39m
[31m+                           <span className="text-[11px] text-[#8a8886]">Client record</span>[39m
[31m+                         </div>[39m
[31m+                         <div>[39m
[31m+                           <p className="text-[11px] text-[#605e5c]">Supplier reputation</p>[39m
[31m+                           <p className="mt-0.5 text-lg font-semibold text-[#201f1e]">Not verified</p>[39m
[31m+                           <span className="text-[11px] text-[#8a8886]">No vendor score observed</span>[39m
[31m+                         </div>[39m
[31m+                       </div>[39m
[31m+                     </div>[39m
[31m+ [39m
[31m+                     {/* Company Overview Details Card */}[39m
[31m+                     <div className="grid grid-cols-1 gap-4 rounded-md border border-[#e1dfdd] bg-white p-4 sm:grid-cols-2">[39m
[31m+                       <div className="space-y-2">[39m
[31m+                         <h3 className="text-[13px] font-semibold text-[#323130]">Tenant Profile Overview</h3>[39m
[31m+                         <div className="space-y-1.5 text-[13px]">[39m
[31m+                           <div className="flex justify-between border-b border-[#f3f2f1] pb-1.5">[39m
[31m+                             <span className="text-[11px] text-[#8a8886]">Organization Name</span>[39m
[31m+                             <span className="font-medium text-[#323130]">{client.name}</span>[39m
[31m+                           </div>[39m
[31m+                           <div className="flex justify-between border-b border-[#f3f2f1] pb-1.5">[39m
[31m+                             <span className="text-[11px] text-[#8a8886]">Domain</span>[39m
[31m+                             <span className="font-medium text-[#323130]">{client.domain}</span>[39m
[31m+                           </div>[39m
[31m+                           <div className="flex justify-between border-b border-[#f3f2f1] pb-1.5">[39m
[31m+                             <span className="text-[11px] text-[#8a8886]">Industry</span>[39m
[31m+                             <span className="font-medium text-[#323130]">{client.industry}</span>[39m
[31m+                           </div>[39m
[31m+                         </div>[39m
[31m+                       </div>[39m
[31m+ [39m
[31m+                       <div className="space-y-2">[39m
[31m+                         <h3 className="text-[13px] font-semibold text-[#323130]">SLA & Scope Details</h3>[39m
[31m+                         <div className="space-y-1.5 text-[13px]">[39m
[31m+                           <div className="flex justify-between border-b border-[#f3f2f1] pb-1.5">[39m
[31m+                             <span className="text-[11px] text-[#8a8886]">Verified Registry</span>[39m
[31m+                             <span className="font-medium text-[#323130]">tenant-{client.id}</span>[39m
[31m+                           </div>[39m
[31m+                           <div className="flex justify-between border-b border-[#f3f2f1] pb-1.5">[39m
[31m+                             <span className="text-[11px] text-[#8a8886]">Joined Date</span>[39m
[31m+                             <span className="font-medium text-[#323130]">{client.joinedDate}</span>[39m
[31m+                           </div>[39m
[31m+                           <div className="flex justify-between border-b border-[#f3f2f1] pb-1.5">[39m
[31m+                             <span className="text-[11px] text-[#8a8886]">Compliance Target</span>[39m
[31m+                             <span className="font-medium text-[#0f6cbd]">{client.complianceStatus.length ? client.complianceStatus.map((item) => item.code).join(', ') : 'Not observed'}</span>[39m
[31m+                           </div>[39m
[31m+                         </div>[39m
[31m+                       </div>[39m
[31m+                     </div>[39m
[31m+                   </div>[39m
[31m+                 )}[39m
[31m+ [39m
[31m+                 {/* 2. SBOM Inventory Tab */}[39m
[31m+                 {workspaceTab === 'inventory' && ([39m
[31m+                   <div className="space-y-3">[39m
[31m+                     <div className="flex items-center justify-between">[39m
[31m+                       <h3 className="text-[13px] font-semibold text-[#323130]">Registered Client Software Passports</h3>[39m
[31m+                       <span className="text-[11px] text-[#8a8886]">Count: {client.passportCount}</span>[39m
[31m+                     </div>[39m
[31m+ [39m
[31m+                     {client.softwareInventory.length === 0 && ([39m
[31m+                       <div className="rounded-md border border-dashed border-[#e1dfdd] px-5 py-10 text-center text-[13px] text-[#8a8886]">No software passports registered for this client yet.</div>[39m
[31m+                     )}[39m
[31m+                     <div className="grid grid-cols-1 gap-3 sm:grid-cols-2">[39m
[31m+                       {passports.filter(p => {[39m
[31m+                         const clientPassportIds = new Set(client.softwareInventory.map(item => item.passportId));[39m
[31m+                         return clientPassportIds.has(p.id);[39m
[31m+                       }).map(p => ([39m
[31m+                         <div[39m
[31m+                           key={p.id}[39m
[31m+                           onClick={() => onNavigateTab('passports', p.id)}[39m
[31m+                           className="cursor-pointer space-y-2 rounded-md border border-[#e1dfdd] bg-white p-3 hover:border-[#0f6cbd]"[39m
[31m+                         >[39m
[31m+                           <div className="flex items-start justify-between">[39m
[31m+                             <div>[39m
[31m+                               <h4 className="text-[13px] font-medium text-[#201f1e]">{p.name}</h4>[39m
[31m+                               <p className="text-[11px] text-[#8a8886]">Version: {p.version || 'Not observed'}</p>[39m
[31m+                             </div>[39m
[31m+                             <span className="rounded border border-[#e1dfdd] bg-[#eff6fc] px-2 py-0.5 text-[11px] font-medium text-[#0f6cbd]">[39m
[31m+                               {p.sbom.length} Dependencies[39m
[31m+                             </span>[39m
[31m+                           </div>[39m
[31m+ [39m
[31m+                           <div className="flex items-center justify-between border-t border-[#f3f2f1] pt-2 text-[11px] text-[#605e5c]">[39m
[31m+                             <span>Compliance: {p.complianceScore}%</span>[39m
[31m+                             <span className="flex items-center gap-0.5 font-medium text-[#0f6cbd]">[39m
[31m+                               Open Passport <ChevronRight className="h-3 w-3" />[39m
[31m+                             </span>[39m
[31m+                           </div>[39m
[31m+                         </div>[39m
[31m+                       ))}[39m
[31m+                     </div>[39m
[31m+                   </div>[39m
[31m+                 )}[39m
[31m+ [39m
[31m+                 {/* 3. Security Center Tab */}[39m
[31m+                 {workspaceTab === 'security' && ([39m
[31m+                   <div className="space-y-3">[39m
[31m+                     <div className="flex items-center justify-between">[39m
[31m+                       <h3 className="text-[13px] font-semibold text-[#323130]">Active Vulnerability Footprint</h3>[39m
[31m+                       <button[39m
[31m+                         onClick={() => onNavigateTab('alerts')}[39m
[31m+                         className="text-[13px] font-medium text-[#0f6cbd] hover:underline"[39m
[31m+                       >[39m
[31m+                         Launch Threat Mitigator[39m
[31m+                       </button>[39m
[31m+                     </div>[39m
[31m+ [39m
[31m+                     <div className="overflow-hidden rounded-md border border-[#e1dfdd] bg-white">[39m
[31m+                       <div className="overflow-x-auto">[39m
[31m+                         <table className="w-full text-left">[39m
[31m+                           <thead>[39m
[31m+                             <tr className="border-b border-[#e1dfdd] text-[11px] uppercase tracking-wide text-[#605e5c]">[39m
[31m+                               <th className="px-3 py-2.5 font-medium">CVE ID</th>[39m
[31m+                               <th className="px-3 py-2.5 font-medium">Component</th>[39m
[31m+                               <th className="px-3 py-2.5 font-medium">Severity</th>[39m
[31m+                               <th className="px-3 py-2.5 font-medium">CVSS</th>[39m
[31m+                               <th className="px-3 py-2.5 font-medium">Status</th>[39m
[31m+                               <th className="px-3 py-2.5 font-medium">Threat Summary</th>[39m
[31m+                             </tr>[39m
[31m+                           </thead>[39m
[31m+                           <tbody className="text-[13px] text-[#323130]">[39m
[31m+                             {clientPassports.flatMap(passport => (passport.vulnerabilities || []).map(vulnerability => ({ passport, vulnerability }))).map(({ passport, vulnerability }, index) => ([39m
[31m+                               <tr key={`${passport.id}-${vulnerability.id}-${index}`} className="border-b border-[#f3f2f1] hover:bg-black/[.02]">[39m
[31m+                                 <td className="px-3 py-2.5 font-medium text-[#0f6cbd]">{vulnerability.id}</td>[39m
[31m+                                 <td className="px-3 py-2.5">{vulnerability.component}</td>[39m
[31m+                                 <td className="px-3 py-2.5"><span className="rounded-full border border-[#e1dfdd] bg-[#f3f2f1] px-2 py-0.5 text-[11px] uppercase text-[#605e5c]">{vulnerability.severity}</span></td>[39m
[31m+                                 <td className="px-3 py-2.5">{vulnerability.cvss ?? 'Not observed'}</td>[39m
[31m+                                 <td className="px-3 py-2.5"><span className="rounded border border-[#e1dfdd] bg-[#faf9f8] px-2 py-0.5 text-[11px] text-[#605e5c]">{vulnerability.status}</span></td>[39m
[31m+                                 <td className="max-w-sm truncate px-3 py-2.5 text-[#605e5c]" title={vulnerability.description}>{vulnerability.description || 'No description observed.'}</td>[39m
[31m+                               </tr>[39m
[31m+                             ))}[39m
[31m+                             {clientPassports.every(passport => !passport.vulnerabilities?.length) && <tr><td colSpan={6} className="px-3 py-6 text-center text-[#8a8886]">No vulnerability observations are recorded for this client.</td></tr>}[39m
[31m+                           </tbody>[39m
[31m+                         </table>[39m
[31m+                       </div>[39m
[31m+                     </div>[39m
[31m+                   </div>[39m
[31m+                 )}[39m
[31m+ [39m
[31m+                 {/* 4. Compliance Framework Matrices Tab */}[39m
[31m+                 {workspaceTab === 'compliance' && ([39m
[31m+                   <div className="grid grid-cols-1 gap-3 sm:grid-cols-2">[39m
[31m+                     {client.complianceStatus.length === 0 && ([39m
[31m+                       <div className="col-span-full rounded-md border border-dashed border-[#e1dfdd] px-5 py-10 text-center text-[13px] text-[#8a8886]">No compliance frameworks recorded for this client yet.</div>[39m
[31m+                     )}[39m
[31m+                     {client.complianceStatus.map((comp) => {[39m
[31m+                       const cs = complianceStyle(comp.status);[39m
[31m+                       return ([39m
[31m+                         <div key={comp.id} className="flex flex-col justify-between gap-3 rounded-md border border-[#e1dfdd] bg-white p-4">[39m
[31m+                           <div className="flex items-start justify-between">[39m
[31m+                             <div>[39m
[31m+                               <span className="rounded border border-[#e1dfdd] bg-[#eff6fc] px-2 py-0.5 text-[11px] font-medium text-[#0f6cbd]">[39m
[31m+                                 {comp.code} Framework[39m
[31m+                               </span>[39m
[31m+                               <h3 className="mt-2 text-[13px] font-semibold text-[#201f1e]">{comp.name}</h3>[39m
[31m+                             </div>[39m
[31m+                             <span className={`inline-flex items-center gap-1.5 text-[13px] ${cs.text}`}>[39m
[31m+                               <span className={`h-1.5 w-1.5 rounded-full ${cs.dot}`} />[39m
[31m+                               {comp.status}[39m
[31m+                             </span>[39m
[31m+                           </div>[39m
[31m+ [39m
[31m+                           {/* Progress Bar */}[39m
[31m+                           <div className="space-y-1.5">[39m
[31m+                             <div className="flex justify-between text-[11px] text-[#605e5c]">[39m
[31m+                               <span>Controls verification progress</span>[39m
[31m+                               <span className="font-medium text-[#323130]">{comp.progress}%</span>[39m
[31m+                             </div>[39m
[31m+                             <div className="h-1.5 w-full overflow-hidden rounded-full bg-[#f3f2f1]">[39m
[31m+                               <div className="h-full bg-[#0f6cbd]" style={{ width: `${comp.progress}%` }}></div>[39m
[31m+                             </div>[39m
[31m+                             <div className="flex justify-between text-[11px] text-[#8a8886]">[39m
[31m+                               <span>{comp.compliantControls} of {comp.totalControls} Controls Certified</span>[39m
[31m+                               <span>SLA Audit Ready</span>[39m
[31m+                             </div>[39m
[31m+                           </div>[39m
[31m+ [39m
[31m+                           <button[39m
[31m+                             onClick={() => onNavigateTab('compliance')}[39m
[31m+                             className="w-full rounded border border-[#c8c6c4] py-1.5 text-center text-[13px] text-[#323130] hover:bg-black/[.03]"[39m
[31m+                           >[39m
[31m+                             Launch Verification Portal[39m
[31m+                           </button>[39m
[31m+                         </div>[39m
[31m+                       );[39m
[31m+                     })}[39m
[31m+                   </div>[39m
[31m+                 )}[39m
[31m+ [39m
[31m+                 {/* 5. Team Directory Tab */}[39m
[31m+                 {workspaceTab === 'team' && ([39m
[31m+                   <div className="overflow-hidden rounded-md border border-[#e1dfdd] bg-white">[39m
[31m+                     <div className="border-b border-[#e1dfdd] px-4 py-3">[39m
[31m+                       <h3 className="text-[13px] font-semibold text-[#323130]">Client Stakeholders & Key Operators</h3>[39m
[31m+                       <p className="mt-0.5 text-[11px] text-[#8a8886]">Authorizing authorities registered with access privileges inside this workspace.</p>[39m
[31m+                     </div>[39m
[31m+                     <div className="divide-y divide-[#f3f2f1]">[39m
[31m+                       {client.teamMembers.length === 0 && ([39m
[31m+                         <div className="px-4 py-10 text-center text-[13px] text-[#8a8886]">No stakeholders recorded for this client yet.</div>[39m
[31m+                       )}[39m
[31m+                       {client.teamMembers.map((member, i) => ([39m
[31m+                         <div key={i} className="flex items-center justify-between px-4 py-3 hover:bg-black/[.02]">[39m
[31m+                           <div className="flex items-center gap-2.5">[39m
[31m+                             <div className="flex h-8 w-8 items-center justify-center rounded-full border border-[#e1dfdd] bg-[#eff6fc] text-[11px] font-semibold text-[#0f6cbd]">[39m
[31m+                               {member.avatar}[39m
[31m+                             </div>[39m
[31m+                             <div>[39m
[31m+                               <h4 className="text-[13px] font-medium text-[#201f1e]">{member.name}</h4>[39m
[31m+                               <p className="text-[11px] text-[#8a8886]">{member.role}</p>[39m
[31m+                             </div>[39m
[31m+                           </div>[39m
[31m+                           <div className="text-right">[39m
[31m+                             <a[39m
[31m+                               href={`mailto:${member.email}`}[39m
[31m+                               className="flex items-center gap-1 text-[13px] font-medium text-[#0f6cbd] hover:underline"[39m
[31m+                             >[39m
[31m+                               <span>{member.email}</span>[39m
[31m+                               <ExternalLink className="h-3.5 w-3.5" />[39m
[31m+                             </a>[39m
[31m+                             <span className="mt-1 block text-[11px] text-[#8a8886]">Privileges: Authorized Auditor</span>[39m
[31m+                           </div>[39m
[31m+                         </div>[39m
[31m+                       ))}[39m
[31m+                     </div>[39m
[31m+                   </div>[39m
[31m+                 )}[39m
[31m+ [39m
[31m+               </div>[39m
[31m+             </motion.div>[39m
[31m+           </>[39m
[31m+         )}[39m
[31m+       </AnimatePresence>[39m
[31m+     </div>[39m
[31m+   );[39m
[31m+ }[39m
[31m+[39m

[36m [2m❯[22m tests/client-trust-environment-contract.test.ts:[2m22:17[22m[39m
    [90m 20| [39m    [35mconst[39m s [33m=[39m [34msource[39m()[33m;[39m
    [90m 21| [39m    for (const capability of ['Software', 'Vendors', 'Passports', 'Evi…
    [90m 22| [39m      [34mexpect[39m(s)[33m.[39m[34mtoContain[39m([32m`[39m[36m${[39mcapability[36m}[39m[32m</div>`[39m)[33m;[39m
    [90m   | [39m                [31m^[39m
    [90m 23| [39m    }
    [90m 24| [39m  })[33m;[39m

[31m[2m⎯⎯⎯⎯⎯⎯⎯⎯⎯⎯⎯⎯⎯⎯⎯⎯⎯⎯⎯⎯⎯[27/141]⎯[22m[39m

[41m[1m FAIL [22m[49m tests/client-trust-environment-contract.test.ts[2m > [22mAdd Client modal reframed as a client trust environment, without changing the underlying create logic[2m > [22mstill submits exactly the same 3 required fields to the same real endpoint, unchanged
[31m[1mAssertionError[22m: expected '/**\r\n * @license\r\n * SPDX-License…' to contain 'onSubmit={handleCreateClient}'[39m

[32m- Expected[39m
[31m+ Received[39m

[32m- onSubmit={handleCreateClient}[39m
[31m+ /**[39m
[31m+  * @license[39m
[31m+  * SPDX-License-Identifier: Apache-2.0[39m
[31m+  */[39m
[31m+ [39m
[31m+ import React, { useState, useMemo } from 'react';[39m
[31m+ import { motion, AnimatePresence } from 'motion/react';[39m
[31m+ import { fuzzyMatch, filterData } from '../utils/filter';[39m
[31m+ import {[39m
[31m+   Building2,[39m
[31m+   ShieldCheck,[39m
[31m+   ShieldAlert,[39m
[31m+   Users,[39m
[31m+   Award,[39m
[31m+   Lock,[39m
[31m+   Globe,[39m
[31m+   FileCheck,[39m
[31m+   AlertTriangle,[39m
[31m+   ExternalLink,[39m
[31m+   ChevronRight,[39m
[31m+   Download,[39m
[31m+   X[39m
[31m+ } from 'lucide-react';[39m
[31m+ import { Client, SoftwarePassport } from '../types';[39m
[31m+ import { generateClientCompliancePDF } from '../utils/pdfGenerator';[39m
[31m+ [39m
[31m+ // Compact risk-tier presentation tokens, shared across the row list, drawer[39m
[31m+ // badge, and status dot so the mapping only lives in one place.[39m
[31m+ const RISK_STYLES: Record<string, { dot: string; text: string }> = {[39m
[31m+   Safe: { dot: 'bg-[#0e700e]', text: 'text-[#0e700e]' },[39m
[31m+   Medium: { dot: 'bg-[#8a5700]', text: 'text-[#8a5700]' },[39m
[31m+   High: { dot: 'bg-[#a4262c]', text: 'text-[#a4262c]' }[39m
[31m+ };[39m
[31m+ function riskStyle(level: string) {[39m
[31m+   return RISK_STYLES[level] || { dot: 'bg-[#605e5c]', text: 'text-[#605e5c]' };[39m
[31m+ }[39m
[31m+ [39m
[31m+ const COMPLIANCE_STYLES: Record<string, { dot: string; text: string }> = {[39m
[31m+   Compliant: { dot: 'bg-[#0e700e]', text: 'text-[#0e700e]' },[39m
[31m+   'In Progress': { dot: 'bg-[#8a5700]', text: 'text-[#8a5700]' }[39m
[31m+ };[39m
[31m+ function complianceStyle(status: string) {[39m
[31m+   return COMPLIANCE_STYLES[status] || { dot: 'bg-[#a4262c]', text: 'text-[#a4262c]' };[39m
[31m+ }[39m
[31m+ [39m
[31m+ interface ClientsViewProps {[39m
[31m+   clients: Client[];[39m
[31m+   selectedClientId: string;[39m
[31m+   setSelectedClientId: (id: string) => void;[39m
[31m+   passports: SoftwarePassport[];[39m
[31m+   onNavigateTab: (tab: string, itemId?: string) => void;[39m
[31m+   searchQuery: string;[39m
[31m+ }[39m
[31m+ [39m
[31m+ export default function ClientsView({[39m
[31m+   clients,[39m
[31m+   selectedClientId,[39m
[31m+   setSelectedClientId,[39m
[31m+   passports,[39m
[31m+   onNavigateTab,[39m
[31m+   searchQuery[39m
[31m+ }: ClientsViewProps) {[39m
[31m+   const [industryFilter, setIndustryFilter] = useState<string>('all');[39m
[31m+   const [riskFilter, setRiskFilter] = useState<string>('all');[39m
[31m+   const [workspaceTab, setWorkspaceTab] = useState<'overview' | 'inventory' | 'security' | 'compliance' | 'team'>('overview');[39m
[31m+ [39m
[31m+   // Identify all unique client industries for dynamic filters[39m
[31m+   const industries = useMemo(() => {[39m
[31m+     const list = clients.map(c => c.industry);[39m
[31m+     return Array.from(new Set(list));[39m
[31m+   }, [clients]);[39m
[31m+ [39m
[31m+   // Extract the current selected client[39m
[31m+   const client = useMemo(() => {[39m
[31m+     return clients.find(c => c.id === selectedClientId) || null;[39m
[31m+   }, [clients, selectedClientId]);[39m
[31m+ [39m
[31m+   const clientPassports = useMemo(() => {[39m
[31m+     if (!client) return [];[39m
[31m+     const passportIds = new Set(client.softwareInventory.map(item => item.passportId));[39m
[31m+     return passports.filter(passport => passportIds.has(passport.id));[39m
[31m+   }, [client, passports]);[39m
[31m+ [39m
[31m+   const securityScores = clientPassports[39m
[31m+     .map(passport => passport.securityScore)[39m
[31m+     .filter((score): score is number => typeof score === 'number' && Number.isFinite(score));[39m
[31m+ [39m
[31m+   // Filter clients list based on search and industry/risk selectors[39m
[31m+   const filteredClients = useMemo(() => {[39m
[31m+     return clients.filter(c => {[39m
[31m+       const matchesSearch = searchQuery[39m
[31m+         ? fuzzyMatch(searchQuery, c.name) ||[39m
[31m+           fuzzyMatch(searchQuery, c.domain) ||[39m
[31m+           fuzzyMatch(searchQuery, c.industry)[39m
[31m+         : true;[39m
[31m+       const matchesIndustry = industryFilter === 'all' || c.industry === industryFilter;[39m
[31m+       const matchesRisk = riskFilter === 'all' || c.riskLevel === riskFilter;[39m
[31m+ [39m
[31m+       return matchesSearch && matchesIndustry && matchesRisk;[39m
[31m+     });[39m
[31m+   }, [clients, searchQuery, industryFilter, riskFilter]);[39m
[31m+ [39m
[31m+   // Handle client compliance data CSV export[39m
[31m+   const handleExportCSV = () => {[39m
[31m+     const headers = ['Client Name', 'Industry', 'Trust Score', 'Passports Active', 'Compliance Progress', 'Risk Level', 'Joined Date'];[39m
[31m+     const rows = filteredClients.map(c => [[39m
[31m+       c.name,[39m
[31m+       c.industry,[39m
[31m+       c.trustScore,[39m
[31m+       c.passportCount,[39m
[31m+       c.complianceProgress,[39m
[31m+       c.riskLevel,[39m
[31m+       c.joinedDate[39m
[31m+     ]);[39m
[31m+ [39m
[31m+     const csvContent = 'data:text/csv;charset=utf-8,'[39m
[31m+       + [headers.join(','), ...rows.map(e => e.join(','))].join('\n');[39m
[31m+ [39m
[31m+     const encodedUri = encodeURI(csvContent);[39m
[31m+     const link = document.createElement('a');[39m
[31m+     link.setAttribute('href', encodedUri);[39m
[31m+     link.setAttribute('download', `tenant_compliance_audit_${new Date().toISOString().split('T')[0]}.csv`);[39m
[31m+     link.style.visibility = 'hidden';[39m
[31m+     document.body.appendChild(link);[39m
[31m+     link.click();[39m
[31m+     document.body.removeChild(link);[39m
[31m+   };[39m
[31m+ [39m
[31m+   const safeCount = clients.filter(c => c.riskLevel === 'Safe').length;[39m
[31m+   const mediumCount = clients.filter(c => c.riskLevel === 'Medium').length;[39m
[31m+   const highCount = clients.filter(c => c.riskLevel === 'High').length;[39m
[31m+   const criticalAlertsTotal = clients.reduce((sum, c) => sum + (c.criticalRisksCount || 0), 0);[39m
[31m+ [39m
[31m+   return ([39m
[31m+     <div id="msp-clients-index">[39m
[31m+       {/* Page Header */}[39m
[31m+       <div className="mb-4 flex items-center justify-between gap-4">[39m
[31m+         <div>[39m
[31m+           <h1 className="text-[22px] font-semibold text-[#201f1e]">Client Tenant Directory</h1>[39m
[31m+           <p className="mt-1 text-[13px] text-[#605e5c]">[39m
[31m+             Browse and manage software trust state across {clients.length} active workspace tenants.[39m
[31m+           </p>[39m
[31m+         </div>[39m
[31m+         <button[39m
[31m+           onClick={handleExportCSV}[39m
[31m+           className="flex h-9 shrink-0 items-center gap-1.5 rounded bg-[#0f6cbd] px-3 text-[13px] font-medium text-white hover:bg-[#004578]"[39m
[31m+           id="export-tenants-csv-btn"[39m
[31m+         >[39m
[31m+           <Download className="h-3.5 w-3.5" />[39m
[31m+           <span>Export Directory</span>[39m
[31m+         </button>[39m
[31m+       </div>[39m
[31m+ [39m
[31m+       {/* About this page */}[39m
[31m+       <details className="mb-4 rounded-md border border-[#e1dfdd] bg-[#faf9f8] text-[13px]">[39m
[31m+         <summary className="cursor-pointer select-none px-3 py-2 font-medium text-[#323130]">ⓘ What is this? · How it works</summary>[39m
[31m+         <div className="px-3 pb-3 text-[#605e5c]">[39m
[31m+           <p>Every workspace tenant registered under this MSP, with its trust score, passport inventory, and compliance state.</p>[39m
[31m+           <ol className="mt-1.5 list-decimal space-y-0.5 pl-4">[39m
[31m+             <li>Filter or search the directory below.</li>[39m
[31m+             <li>Click a row to open the tenant workspace drawer.</li>[39m
[31m+             <li>Use Export Directory to download the filtered list as CSV.</li>[39m
[31m+           </ol>[39m
[31m+         </div>[39m
[31m+       </details>[39m
[31m+ [39m
[31m+       {/* Summary strip */}[39m
[31m+       <div className="mb-4 flex flex-wrap gap-6 rounded-md border border-[#e1dfdd] bg-white p-3">[39m
[31m+         <div>[39m
[31m+           <div className="text-[11px] text-[#605e5c]">Total Tenants</div>[39m
[31m+           <div className="text-lg font-semibold text-[#201f1e]">{clients.length}</div>[39m
[31m+         </div>[39m
[31m+         <div>[39m
[31m+           <div className="text-[11px] text-[#605e5c]">Safe</div>[39m
[31m+           <div className="text-lg font-semibold text-[#0e700e]">{safeCount}</div>[39m
[31m+         </div>[39m
[31m+         <div>[39m
[31m+           <div className="text-[11px] text-[#605e5c]">Medium Risk</div>[39m
[31m+           <div className="text-lg font-semibold text-[#8a5700]">{mediumCount}</div>[39m
[31m+         </div>[39m
[31m+         <div>[39m
[31m+           <div className="text-[11px] text-[#605e5c]">High Risk</div>[39m
[31m+           <div className="text-lg font-semibold text-[#a4262c]">{highCount}</div>[39m
[31m+         </div>[39m
[31m+         <div>[39m
[31m+           <div className="text-[11px] text-[#605e5c]">Critical Alerts</div>[39m
[31m+           <div className="text-lg font-semibold text-[#201f1e]">{criticalAlertsTotal}</div>[39m
[31m+         </div>[39m
[31m+       </div>[39m
[31m+ [39m
[31m+       {/* Filters */}[39m
[31m+       <div className="mb-4 flex flex-wrap items-center gap-2">[39m
[31m+         <div className="flex items-center gap-1.5">[39m
[31m+           <label className="text-[13px] text-[#605e5c]">Industry</label>[39m
[31m+           <select[39m
[31m+             value={industryFilter}[39m
[31m+             onChange={(e) => setIndustryFilter(e.target.value)}[39m
[31m+             className="h-9 rounded border border-[#c8c6c4] bg-white px-2 text-[13px] text-[#323130] focus:border-[#0f6cbd] focus:outline-none focus:ring-1 focus:ring-[#0f6cbd]"[39m
[31m+           >[39m
[31m+             <option value="all">All Industries</option>[39m
[31m+             {industries.map(ind => ([39m
[31m+               <option key={ind} value={ind}>{ind}</option>[39m
[31m+             ))}[39m
[31m+           </select>[39m
[31m+         </div>[39m
[31m+ [39m
[31m+         <div className="flex items-center gap-1.5">[39m
[31m+           <label className="text-[13px] text-[#605e5c]">Risk Level</label>[39m
[31m+           <select[39m
[31m+             value={riskFilter}[39m
[31m+             onChange={(e) => setRiskFilter(e.target.value)}[39m
[31m+             className="h-9 rounded border border-[#c8c6c4] bg-white px-2 text-[13px] text-[#323130] focus:border-[#0f6cbd] focus:outline-none focus:ring-1 focus:ring-[#0f6cbd]"[39m
[31m+           >[39m
[31m+             <option value="all">All Tiers</option>[39m
[31m+             <option value="Safe">Safe</option>[39m
[31m+             <option value="Medium">Medium</option>[39m
[31m+             <option value="High">High</option>[39m
[31m+           </select>[39m
[31m+         </div>[39m
[31m+       </div>[39m
[31m+ [39m
[31m+       {/* Client Directory Table */}[39m
[31m+       <div className="overflow-hidden rounded-md border border-[#e1dfdd] bg-white">[39m
[31m+         <div className="overflow-x-auto">[39m
[31m+           <table className="w-full text-left">[39m
[31m+             <thead>[39m
[31m+               <tr className="border-b border-[#e1dfdd] text-[11px] uppercase tracking-wide text-[#605e5c]">[39m
[31m+                 <th className="px-3 py-2.5 font-medium">Client</th>[39m
[31m+                 <th className="px-3 py-2.5 font-medium">Industry</th>[39m
[31m+                 <th className="px-3 py-2.5 font-medium">Risk</th>[39m
[31m+                 <th className="px-3 py-2.5 font-medium">Trust Score</th>[39m
[31m+                 <th className="px-3 py-2.5 font-medium">Passports</th>[39m
[31m+                 <th className="px-3 py-2.5 font-medium">Compliance</th>[39m
[31m+                 <th className="px-3 py-2.5 font-medium">Joined</th>[39m
[31m+                 <th className="px-3 py-2.5 font-medium">Alerts</th>[39m
[31m+               </tr>[39m
[31m+             </thead>[39m
[31m+             <tbody>[39m
[31m+               {filteredClients.map(c => {[39m
[31m+                 const hasCriticalRisks = c.criticalRisksCount > 0;[39m
[31m+                 const isDrawerActive = selectedClientId === c.id;[39m
[31m+                 const rs = riskStyle(c.riskLevel);[39m
[31m+                 return ([39m
[31m+                   <tr[39m
[31m+                     key={c.id}[39m
[31m+                     onClick={() => setSelectedClientId(c.id)}[39m
[31m+                     className={`cursor-pointer border-b border-[#f3f2f1] text-[13px] hover:bg-black/[.02] ${isDrawerActive ? 'bg-[#eff6fc]' : ''}`}[39m
[31m+                   >[39m
[31m+                     <td className="px-3 py-2.5">[39m
[31m+                       <div className="flex items-center gap-2.5">[39m
[31m+                         <div className={`flex h-7 w-7 shrink-0 items-center justify-center rounded text-[11px] font-semibold ${c.avatarColor}`}>[39m
[31m+                           {c.name.charAt(0)}[39m
[31m+                         </div>[39m
[31m+                         <div className="min-w-0">[39m
[31m+                           <div className="font-medium text-[#201f1e]">{c.name}</div>[39m
[31m+                           <div className="flex items-center gap-1 truncate text-[11px] text-[#8a8886]">[39m
[31m+                             <Globe className="h-3 w-3 shrink-0" />[39m
[31m+                             <span className="truncate">{c.domain}</span>[39m
[31m+                           </div>[39m
[31m+                         </div>[39m
[31m+                       </div>[39m
[31m+                     </td>[39m
[31m+                     <td className="px-3 py-2.5 text-[#605e5c]">{c.industry}</td>[39m
[31m+                     <td className="px-3 py-2.5">[39m
[31m+                       <span className="inline-flex items-center gap-1.5">[39m
[31m+                         <span className={`h-1.5 w-1.5 rounded-full ${rs.dot}`} />[39m
[31m+                         <span className={rs.text}>{c.riskLevel}</span>[39m
[31m+                       </span>[39m
[31m+                     </td>[39m
[31m+                     <td className="px-3 py-2.5 text-[#201f1e]">{c.trustScore}<span className="text-[#8a8886]">/100</span></td>[39m
[31m+                     <td className="px-3 py-2.5 text-[#201f1e]">{c.passportCount}</td>[39m
[31m+                     <td className="px-3 py-2.5 text-[#201f1e]">{c.complianceProgress}%</td>[39m
[31m+                     <td className="px-3 py-2.5 text-[#605e5c]">{c.joinedDate}</td>[39m
[31m+                     <td className="px-3 py-2.5">[39m
[31m+                       {hasCriticalRisks ? ([39m
[31m+                         <span className="inline-flex items-center gap-1 font-medium text-[#a4262c]">[39m
[31m+                           <AlertTriangle className="h-3.5 w-3.5" />[39m
[31m+                           {c.criticalRisksCount}[39m
[31m+                         </span>[39m
[31m+                       ) : ([39m
[31m+                         <span className="inline-flex items-center gap-1 text-[#8a8886]">[39m
[31m+                           <ShieldCheck className="h-3.5 w-3.5" />[39m
[31m+                           None[39m
[31m+                         </span>[39m
[31m+                       )}[39m
[31m+                     </td>[39m
[31m+                   </tr>[39m
[31m+                 );[39m
[31m+               })}[39m
[31m+             </tbody>[39m
[31m+           </table>[39m
[31m+         </div>[39m
[31m+ [39m
[31m+         {filteredClients.length === 0 && ([39m
[31m+           <div className="p-12 text-center">[39m
[31m+             <Building2 className="mx-auto mb-3 h-8 w-8 text-[#c8c6c4]" />[39m
[31m+             <h3 className="text-[13px] font-medium text-[#323130]">No client workspaces found</h3>[39m
[31m+             <p className="mx-auto mt-1 max-w-sm text-[13px] text-[#8a8886]">[39m
[31m+               Adjust your search keywords or industry filters and try again.[39m
[31m+             </p>[39m
[31m+           </div>[39m
[31m+         )}[39m
[31m+       </div>[39m
[31m+ [39m
[31m+       {/* Slide-out Drawer Panel */}[39m
[31m+       <AnimatePresence>[39m
[31m+         {selectedClientId !== 'global' && client && ([39m
[31m+           <>[39m
[31m+             {/* Backdrop Overlay */}[39m
[31m+             <motion.div[39m
[31m+               key="clients-drawer-backdrop"[39m
[31m+               initial={{ opacity: 0 }}[39m
[31m+               animate={{ opacity: 0.4 }}[39m
[31m+               exit={{ opacity: 0 }}[39m
[31m+               onClick={() => setSelectedClientId('global')}[39m
[31m+               className="fixed inset-0 z-40 cursor-pointer bg-black"[39m
[31m+             />[39m
[31m+ [39m
[31m+             {/* Sliding Drawer Container */}[39m
[31m+             <motion.div[39m
[31m+               key="clients-drawer-panel"[39m
[31m+               initial={{ x: '100%' }}[39m
[31m+               animate={{ x: 0 }}[39m
[31m+               exit={{ x: '100%' }}[39m
[31m+               transition={{ type: 'spring', damping: 26, stiffness: 170 }}[39m
[31m+               className="fixed right-0 top-0 bottom-0 z-50 flex w-full max-w-3xl flex-col overflow-y-auto border-l border-[#e1dfdd] bg-white p-5"[39m
[31m+             >[39m
[31m+               {/* Drawer Top Navigation & Actions */}[39m
[31m+               <div className="flex shrink-0 items-center justify-between border-b border-[#e1dfdd] pb-3">[39m
[31m+                 <div className="flex items-center gap-2.5">[39m
[31m+                   <div className={`flex h-9 w-9 items-center justify-center rounded text-[13px] font-semibold ${client.avatarColor}`}>[39m
[31m+                     {client.name.charAt(0)}[39m
[31m+                   </div>[39m
[31m+                   <div>[39m
[31m+                     <span className="text-[11px] uppercase tracking-wide text-[#8a8886]">[39m
[31m+                       Active tenant[39m
[31m+                     </span>[39m
[31m+                     <h2 className="text-[16px] font-semibold leading-tight text-[#201f1e]">[39m
[31m+                       {client.name}[39m
[31m+                     </h2>[39m
[31m+                   </div>[39m
[31m+                 </div>[39m
[31m+ [39m
[31m+                 <div className="flex items-center gap-2">[39m
[31m+                   <button[39m
[31m+                     onClick={() => generateClientCompliancePDF(client)}[39m
[31m+                     className="flex h-8 items-center gap-1.5 rounded border border-[#c8c6c4] px-3 text-[13px] text-[#323130] hover:bg-black/[.03]"[39m
[31m+                   >[39m
[31m+                     <Download className="h-3.5 w-3.5" />[39m
[31m+                     <span>Compliance PDF</span>[39m
[31m+                   </button>[39m
[31m+                   <button[39m
[31m+                     onClick={() => setSelectedClientId('global')}[39m
[31m+                     className="flex h-8 w-8 items-center justify-center rounded border border-[#c8c6c4] text-[#605e5c] hover:bg-black/[.03]"[39m
[31m+                     title="Close Drawer"[39m
[31m+                   >[39m
[31m+                     <X className="h-4 w-4" />[39m
[31m+                   </button>[39m
[31m+                 </div>[39m
[31m+               </div>[39m
[31m+ [39m
[31m+               {/* Badges and summary bar */}[39m
[31m+               <div className="mt-3 flex shrink-0 flex-wrap gap-2 text-[11px]">[39m
[31m+                 <span className="rounded-md border border-[#e1dfdd] bg-[#f3f2f1] px-2.5 py-1 font-medium text-[#323130]">[39m
[31m+                   Tier: {client.subscriptionTier}[39m
[31m+                 </span>[39m
[31m+                 <span className="rounded-md border border-[#e1dfdd] bg-[#f3f2f1] px-2.5 py-1 font-medium text-[#323130]">[39m
[31m+                   Domain: {client.domain}[39m
[31m+                 </span>[39m
[31m+                 <span className={`inline-flex items-center gap-1.5 rounded-md border border-[#e1dfdd] bg-[#f3f2f1] px-2.5 py-1 font-medium ${riskStyle(client.riskLevel).text}`}>[39m
[31m+                   <span className={`h-1.5 w-1.5 rounded-full ${riskStyle(client.riskLevel).dot}`} />[39m
[31m+                   Risk: {client.riskLevel}[39m
[31m+                 </span>[39m
[31m+               </div>[39m
[31m+ [39m
[31m+               {/* Drawer Tabs Header */}[39m
[31m+               <div className="mt-3 flex shrink-0 gap-1 overflow-x-auto border-b border-[#e1dfdd] text-[13px] select-none">[39m
[31m+                 {[[39m
[31m+                   { id: 'overview', label: 'Trust Coordinates', icon: Award },[39m
[31m+                   { id: 'inventory', label: 'SBOM Inventory', icon: FileCheck },[39m
[31m+                   { id: 'security', label: 'Security Center', icon: ShieldAlert },[39m
[31m+                   { id: 'compliance', label: 'Framework Matrices', icon: Lock },[39m
[31m+                   { id: 'team', label: 'Stakeholders', icon: Users }[39m
[31m+                 ].map(tb => {[39m
[31m+                   const Icon = tb.icon;[39m
[31m+                   const isSel = workspaceTab === tb.id;[39m
[31m+                   return ([39m
[31m+                     <button[39m
[31m+                       key={tb.id}[39m
[31m+                       type="button"[39m
[31m+                       onClick={() => setWorkspaceTab(tb.id as any)}[39m
[31m+                       className={`flex items-center gap-1.5 whitespace-nowrap border-b-2 px-3 py-2 font-medium transition-colors ${[39m
[31m+                         isSel[39m
[31m+                           ? 'border-[#0f6cbd] text-[#0f6cbd]'[39m
[31m+                           : 'border-transparent text-[#605e5c] hover:text-[#201f1e]'[39m
[31m+                       }`}[39m
[31m+                     >[39m
[31m+                       <Icon className="h-3.5 w-3.5" />[39m
[31m+                       <span>{tb.label}</span>[39m
[31m+                     </button>[39m
[31m+                   );[39m
[31m+                 })}[39m
[31m+               </div>[39m
[31m+ [39m
[31m+               {/* Drawer Tabs Body content */}[39m
[31m+               <div className="flex-1 space-y-4 overflow-y-auto pt-4 pb-2">[39m
[31m+ [39m
[31m+                 {/* 1. Trust Coordinates Tab */}[39m
[31m+                 {workspaceTab === 'overview' && ([39m
[31m+                   <div className="space-y-4">[39m
[31m+                     {/* Trust Scores strip */}[39m
[31m+                     <div className="rounded-md border border-[#e1dfdd] bg-white p-4">[39m
[31m+                       <h3 className="mb-3 text-[13px] font-semibold text-[#323130]">Core Trust Coordinates</h3>[39m
[31m+                       <div className="flex flex-wrap gap-6">[39m
[31m+                         <div>[39m
[31m+                           <p className="text-[11px] text-[#605e5c]">Overall score</p>[39m
[31m+                           <p className="mt-0.5 text-lg font-semibold text-[#201f1e]">{client.trustScore}</p>[39m
[31m+                           <span className="text-[11px] text-[#8a8886]">Observed client record</span>[39m
[31m+                         </div>[39m
[31m+                         <div>[39m
[31m+                           <p className="text-[11px] text-[#605e5c]">Security score</p>[39m
[31m+                           <p className="mt-0.5 text-lg font-semibold text-[#201f1e]">[39m
[31m+                             {securityScores.length > 0 ? Math.round(securityScores.reduce((sum, score) => sum + score, 0) / securityScores.length) : 'Not verified'}[39m
[31m+                           </p>[39m
[31m+                           <span className="text-[11px] text-[#8a8886]">Passport-derived</span>[39m
[31m+                         </div>[39m
[31m+                         <div>[39m
[31m+                           <p className="text-[11px] text-[#605e5c]">Compliance score</p>[39m
[31m+                           <p className="mt-0.5 text-lg font-semibold text-[#201f1e]">{client.complianceProgress}%</p>[39m
[31m+                           <span className="text-[11px] text-[#8a8886]">Client record</span>[39m
[31m+                         </div>[39m
[31m+                         <div>[39m
[31m+                           <p className="text-[11px] text-[#605e5c]">Supplier reputation</p>[39m
[31m+                           <p className="mt-0.5 text-lg font-semibold text-[#201f1e]">Not verified</p>[39m
[31m+                           <span className="text-[11px] text-[#8a8886]">No vendor score observed</span>[39m
[31m+                         </div>[39m
[31m+                       </div>[39m
[31m+                     </div>[39m
[31m+ [39m
[31m+                     {/* Company Overview Details Card */}[39m
[31m+                     <div className="grid grid-cols-1 gap-4 rounded-md border border-[#e1dfdd] bg-white p-4 sm:grid-cols-2">[39m
[31m+                       <div className="space-y-2">[39m
[31m+                         <h3 className="text-[13px] font-semibold text-[#323130]">Tenant Profile Overview</h3>[39m
[31m+                         <div className="space-y-1.5 text-[13px]">[39m
[31m+                           <div className="flex justify-between border-b border-[#f3f2f1] pb-1.5">[39m
[31m+                             <span className="text-[11px] text-[#8a8886]">Organization Name</span>[39m
[31m+                             <span className="font-medium text-[#323130]">{client.name}</span>[39m
[31m+                           </div>[39m
[31m+                           <div className="flex justify-between border-b border-[#f3f2f1] pb-1.5">[39m
[31m+                             <span className="text-[11px] text-[#8a8886]">Domain</span>[39m
[31m+                             <span className="font-medium text-[#323130]">{client.domain}</span>[39m
[31m+                           </div>[39m
[31m+                           <div className="flex justify-between border-b border-[#f3f2f1] pb-1.5">[39m
[31m+                             <span className="text-[11px] text-[#8a8886]">Industry</span>[39m
[31m+                             <span className="font-medium text-[#323130]">{client.industry}</span>[39m
[31m+                           </div>[39m
[31m+                         </div>[39m
[31m+                       </div>[39m
[31m+ [39m
[31m+                       <div className="space-y-2">[39m
[31m+                         <h3 className="text-[13px] font-semibold text-[#323130]">SLA & Scope Details</h3>[39m
[31m+                         <div className="space-y-1.5 text-[13px]">[39m
[31m+                           <div className="flex justify-between border-b border-[#f3f2f1] pb-1.5">[39m
[31m+                             <span className="text-[11px] text-[#8a8886]">Verified Registry</span>[39m
[31m+                             <span className="font-medium text-[#323130]">tenant-{client.id}</span>[39m
[31m+                           </div>[39m
[31m+                           <div className="flex justify-between border-b border-[#f3f2f1] pb-1.5">[39m
[31m+                             <span className="text-[11px] text-[#8a8886]">Joined Date</span>[39m
[31m+                             <span className="font-medium text-[#323130]">{client.joinedDate}</span>[39m
[31m+                           </div>[39m
[31m+                           <div className="flex justify-between border-b border-[#f3f2f1] pb-1.5">[39m
[31m+                             <span className="text-[11px] text-[#8a8886]">Compliance Target</span>[39m
[31m+                             <span className="font-medium text-[#0f6cbd]">{client.complianceStatus.length ? client.complianceStatus.map((item) => item.code).join(', ') : 'Not observed'}</span>[39m
[31m+                           </div>[39m
[31m+                         </div>[39m
[31m+                       </div>[39m
[31m+                     </div>[39m
[31m+                   </div>[39m
[31m+                 )}[39m
[31m+ [39m
[31m+                 {/* 2. SBOM Inventory Tab */}[39m
[31m+                 {workspaceTab === 'inventory' && ([39m
[31m+                   <div className="space-y-3">[39m
[31m+                     <div className="flex items-center justify-between">[39m
[31m+                       <h3 className="text-[13px] font-semibold text-[#323130]">Registered Client Software Passports</h3>[39m
[31m+                       <span className="text-[11px] text-[#8a8886]">Count: {client.passportCount}</span>[39m
[31m+                     </div>[39m
[31m+ [39m
[31m+                     {client.softwareInventory.length === 0 && ([39m
[31m+                       <div className="rounded-md border border-dashed border-[#e1dfdd] px-5 py-10 text-center text-[13px] text-[#8a8886]">No software passports registered for this client yet.</div>[39m
[31m+                     )}[39m
[31m+                     <div className="grid grid-cols-1 gap-3 sm:grid-cols-2">[39m
[31m+                       {passports.filter(p => {[39m
[31m+                         const clientPassportIds = new Set(client.softwareInventory.map(item => item.passportId));[39m
[31m+                         return clientPassportIds.has(p.id);[39m
[31m+                       }).map(p => ([39m
[31m+                         <div[39m
[31m+                           key={p.id}[39m
[31m+                           onClick={() => onNavigateTab('passports', p.id)}[39m
[31m+                           className="cursor-pointer space-y-2 rounded-md border border-[#e1dfdd] bg-white p-3 hover:border-[#0f6cbd]"[39m
[31m+                         >[39m
[31m+                           <div className="flex items-start justify-between">[39m
[31m+                             <div>[39m
[31m+                               <h4 className="text-[13px] font-medium text-[#201f1e]">{p.name}</h4>[39m
[31m+                               <p className="text-[11px] text-[#8a8886]">Version: {p.version || 'Not observed'}</p>[39m
[31m+                             </div>[39m
[31m+                             <span className="rounded border border-[#e1dfdd] bg-[#eff6fc] px-2 py-0.5 text-[11px] font-medium text-[#0f6cbd]">[39m
[31m+                               {p.sbom.length} Dependencies[39m
[31m+                             </span>[39m
[31m+                           </div>[39m
[31m+ [39m
[31m+                           <div className="flex items-center justify-between border-t border-[#f3f2f1] pt-2 text-[11px] text-[#605e5c]">[39m
[31m+                             <span>Compliance: {p.complianceScore}%</span>[39m
[31m+                             <span className="flex items-center gap-0.5 font-medium text-[#0f6cbd]">[39m
[31m+                               Open Passport <ChevronRight className="h-3 w-3" />[39m
[31m+                             </span>[39m
[31m+                           </div>[39m
[31m+                         </div>[39m
[31m+                       ))}[39m
[31m+                     </div>[39m
[31m+                   </div>[39m
[31m+                 )}[39m
[31m+ [39m
[31m+                 {/* 3. Security Center Tab */}[39m
[31m+                 {workspaceTab === 'security' && ([39m
[31m+                   <div className="space-y-3">[39m
[31m+                     <div className="flex items-center justify-between">[39m
[31m+                       <h3 className="text-[13px] font-semibold text-[#323130]">Active Vulnerability Footprint</h3>[39m
[31m+                       <button[39m
[31m+                         onClick={() => onNavigateTab('alerts')}[39m
[31m+                         className="text-[13px] font-medium text-[#0f6cbd] hover:underline"[39m
[31m+                       >[39m
[31m+                         Launch Threat Mitigator[39m
[31m+                       </button>[39m
[31m+                     </div>[39m
[31m+ [39m
[31m+                     <div className="overflow-hidden rounded-md border border-[#e1dfdd] bg-white">[39m
[31m+                       <div className="overflow-x-auto">[39m
[31m+                         <table className="w-full text-left">[39m
[31m+                           <thead>[39m
[31m+                             <tr className="border-b border-[#e1dfdd] text-[11px] uppercase tracking-wide text-[#605e5c]">[39m
[31m+                               <th className="px-3 py-2.5 font-medium">CVE ID</th>[39m
[31m+                               <th className="px-3 py-2.5 font-medium">Component</th>[39m
[31m+                               <th className="px-3 py-2.5 font-medium">Severity</th>[39m
[31m+                               <th className="px-3 py-2.5 font-medium">CVSS</th>[39m
[31m+                               <th className="px-3 py-2.5 font-medium">Status</th>[39m
[31m+                               <th className="px-3 py-2.5 font-medium">Threat Summary</th>[39m
[31m+                             </tr>[39m
[31m+                           </thead>[39m
[31m+                           <tbody className="text-[13px] text-[#323130]">[39m
[31m+                             {clientPassports.flatMap(passport => (passport.vulnerabilities || []).map(vulnerability => ({ passport, vulnerability }))).map(({ passport, vulnerability }, index) => ([39m
[31m+                               <tr key={`${passport.id}-${vulnerability.id}-${index}`} className="border-b border-[#f3f2f1] hover:bg-black/[.02]">[39m
[31m+                                 <td className="px-3 py-2.5 font-medium text-[#0f6cbd]">{vulnerability.id}</td>[39m
[31m+                                 <td className="px-3 py-2.5">{vulnerability.component}</td>[39m
[31m+                                 <td className="px-3 py-2.5"><span className="rounded-full border border-[#e1dfdd] bg-[#f3f2f1] px-2 py-0.5 text-[11px] uppercase text-[#605e5c]">{vulnerability.severity}</span></td>[39m
[31m+                                 <td className="px-3 py-2.5">{vulnerability.cvss ?? 'Not observed'}</td>[39m
[31m+                                 <td className="px-3 py-2.5"><span className="rounded border border-[#e1dfdd] bg-[#faf9f8] px-2 py-0.5 text-[11px] text-[#605e5c]">{vulnerability.status}</span></td>[39m
[31m+                                 <td className="max-w-sm truncate px-3 py-2.5 text-[#605e5c]" title={vulnerability.description}>{vulnerability.description || 'No description observed.'}</td>[39m
[31m+                               </tr>[39m
[31m+                             ))}[39m
[31m+                             {clientPassports.every(passport => !passport.vulnerabilities?.length) && <tr><td colSpan={6} className="px-3 py-6 text-center text-[#8a8886]">No vulnerability observations are recorded for this client.</td></tr>}[39m
[31m+                           </tbody>[39m
[31m+                         </table>[39m
[31m+                       </div>[39m
[31m+                     </div>[39m
[31m+                   </div>[39m
[31m+                 )}[39m
[31m+ [39m
[31m+                 {/* 4. Compliance Framework Matrices Tab */}[39m
[31m+                 {workspaceTab === 'compliance' && ([39m
[31m+                   <div className="grid grid-cols-1 gap-3 sm:grid-cols-2">[39m
[31m+                     {client.complianceStatus.length === 0 && ([39m
[31m+                       <div className="col-span-full rounded-md border border-dashed border-[#e1dfdd] px-5 py-10 text-center text-[13px] text-[#8a8886]">No compliance frameworks recorded for this client yet.</div>[39m
[31m+                     )}[39m
[31m+                     {client.complianceStatus.map((comp) => {[39m
[31m+                       const cs = complianceStyle(comp.status);[39m
[31m+                       return ([39m
[31m+                         <div key={comp.id} className="flex flex-col justify-between gap-3 rounded-md border border-[#e1dfdd] bg-white p-4">[39m
[31m+                           <div className="flex items-start justify-between">[39m
[31m+                             <div>[39m
[31m+                               <span className="rounded border border-[#e1dfdd] bg-[#eff6fc] px-2 py-0.5 text-[11px] font-medium text-[#0f6cbd]">[39m
[31m+                                 {comp.code} Framework[39m
[31m+                               </span>[39m
[31m+                               <h3 className="mt-2 text-[13px] font-semibold text-[#201f1e]">{comp.name}</h3>[39m
[31m+                             </div>[39m
[31m+                             <span className={`inline-flex items-center gap-1.5 text-[13px] ${cs.text}`}>[39m
[31m+                               <span className={`h-1.5 w-1.5 rounded-full ${cs.dot}`} />[39m
[31m+                               {comp.status}[39m
[31m+                             </span>[39m
[31m+                           </div>[39m
[31m+ [39m
[31m+                           {/* Progress Bar */}[39m
[31m+                           <div className="space-y-1.5">[39m
[31m+                             <div className="flex justify-between text-[11px] text-[#605e5c]">[39m
[31m+                               <span>Controls verification progress</span>[39m
[31m+                               <span className="font-medium text-[#323130]">{comp.progress}%</span>[39m
[31m+                             </div>[39m
[31m+                             <div className="h-1.5 w-full overflow-hidden rounded-full bg-[#f3f2f1]">[39m
[31m+                               <div className="h-full bg-[#0f6cbd]" style={{ width: `${comp.progress}%` }}></div>[39m
[31m+                             </div>[39m
[31m+                             <div className="flex justify-between text-[11px] text-[#8a8886]">[39m
[31m+                               <span>{comp.compliantControls} of {comp.totalControls} Controls Certified</span>[39m
[31m+                               <span>SLA Audit Ready</span>[39m
[31m+                             </div>[39m
[31m+                           </div>[39m
[31m+ [39m
[31m+                           <button[39m
[31m+                             onClick={() => onNavigateTab('compliance')}[39m
[31m+                             className="w-full rounded border border-[#c8c6c4] py-1.5 text-center text-[13px] text-[#323130] hover:bg-black/[.03]"[39m
[31m+                           >[39m
[31m+                             Launch Verification Portal[39m
[31m+                           </button>[39m
[31m+                         </div>[39m
[31m+                       );[39m
[31m+                     })}[39m
[31m+                   </div>[39m
[31m+                 )}[39m
[31m+ [39m
[31m+                 {/* 5. Team Directory Tab */}[39m
[31m+                 {workspaceTab === 'team' && ([39m
[31m+                   <div className="overflow-hidden rounded-md border border-[#e1dfdd] bg-white">[39m
[31m+                     <div className="border-b border-[#e1dfdd] px-4 py-3">[39m
[31m+                       <h3 className="text-[13px] font-semibold text-[#323130]">Client Stakeholders & Key Operators</h3>[39m
[31m+                       <p className="mt-0.5 text-[11px] text-[#8a8886]">Authorizing authorities registered with access privileges inside this workspace.</p>[39m
[31m+                     </div>[39m
[31m+                     <div className="divide-y divide-[#f3f2f1]">[39m
[31m+                       {client.teamMembers.length === 0 && ([39m
[31m+                         <div className="px-4 py-10 text-center text-[13px] text-[#8a8886]">No stakeholders recorded for this client yet.</div>[39m
[31m+                       )}[39m
[31m+                       {client.teamMembers.map((member, i) => ([39m
[31m+                         <div key={i} className="flex items-center justify-between px-4 py-3 hover:bg-black/[.02]">[39m
[31m+                           <div className="flex items-center gap-2.5">[39m
[31m+                             <div className="flex h-8 w-8 items-center justify-center rounded-full border border-[#e1dfdd] bg-[#eff6fc] text-[11px] font-semibold text-[#0f6cbd]">[39m
[31m+                               {member.avatar}[39m
[31m+                             </div>[39m
[31m+                             <div>[39m
[31m+                               <h4 className="text-[13px] font-medium text-[#201f1e]">{member.name}</h4>[39m
[31m+                               <p className="text-[11px] text-[#8a8886]">{member.role}</p>[39m
[31m+                             </div>[39m
[31m+                           </div>[39m
[31m+                           <div className="text-right">[39m
[31m+                             <a[39m
[31m+                               href={`mailto:${member.email}`}[39m
[31m+                               className="flex items-center gap-1 text-[13px] font-medium text-[#0f6cbd] hover:underline"[39m
[31m+                             >[39m
[31m+                               <span>{member.email}</span>[39m
[31m+                               <ExternalLink className="h-3.5 w-3.5" />[39m
[31m+                             </a>[39m
[31m+                             <span className="mt-1 block text-[11px] text-[#8a8886]">Privileges: Authorized Auditor</span>[39m
[31m+                           </div>[39m
[31m+                         </div>[39m
[31m+                       ))}[39m
[31m+                     </div>[39m
[31m+                   </div>[39m
[31m+                 )}[39m
[31m+ [39m
[31m+               </div>[39m
[31m+             </motion.div>[39m
[31m+           </>[39m
[31m+         )}[39m
[31m+       </AnimatePresence>[39m
[31m+     </div>[39m
[31m+   );[39m
[31m+ }[39m
[31m+[39m

[36m [2m❯[22m tests/client-trust-environment-contract.test.ts:[2m28:15[22m[39m
    [90m 26| [39m  it('still submits exactly the same 3 required fields to the same rea…
    [90m 27| [39m    [35mconst[39m s [33m=[39m [34msource[39m()[33m;[39m
    [90m 28| [39m    [34mexpect[39m(s)[33m.[39m[34mtoContain[39m([32m"onSubmit={handleCreateClient}"[39m)[33m;[39m
    [90m   | [39m              [31m^[39m
    [90m 29| [39m    [34mexpect[39m(s)[33m.[39m[34mtoContain[39m([32m"apiFetch('/api/user/clients'"[39m)[33m;[39m
    [90m 30| [39m    [34mexpect[39m(s)[33m.[39m[34mtoContain[39m([32m'newClientName'[39m)[33m;[39m

[31m[2m⎯⎯⎯⎯⎯⎯⎯⎯⎯⎯⎯⎯⎯⎯⎯⎯⎯⎯⎯⎯⎯[28/141]⎯[22m[39m

[41m[1m FAIL [22m[49m tests/client-trust-environment-contract.test.ts[2m > [22mAdd Client modal reframed as a client trust environment, without changing the underlying create logic[2m > [22mcreation still lands the user directly in that client's own workspace, not a generic list
[31m[1mAssertionError[22m: expected 'import { useEffect, useMemo, useState…' to contain 'onClientCreated={(client) => { setCli…'[39m

[32m- Expected[39m
[31m+ Received[39m

[32m- onClientCreated={(client) => { setClients((current) => [client, ...current]); setSelectedClientId(client.id); }}[39m
[31m+ import { useEffect, useMemo, useState, type ReactNode } from 'react';[39m
[31m+ import { getRedirectResult, onAuthStateChanged, signOut, type User } from 'firebase/auth';[39m
[31m+ import type { Alert, Client, Integration, Scan, SoftwarePassport, Vendor } from './types';[39m
[31m+ import type { VerificationDecision } from './lib/verification/evaluateVerification.ts';[39m
[31m+ import { apiFetch } from './utils/apiClient';[39m
[31m+ import { auth } from './lib/firebase';[39m
[31m+ import CommandCenter from './components/CommandCenter';[39m
[31m+ import ExtensionWorkflow from './components/ExtensionWorkflow';[39m
[31m+ import ExtensionMarketplace from './components/ExtensionMarketplace';[39m
[31m+ import LoginView from './components/LoginView';[39m
[31m+ import EvidenceDashboardView from './components/EvidenceDashboardView';[39m
[31m+ import EvidenceExplorerView from './components/EvidenceExplorerView';[39m
[31m+ import AITrustCenterView from './components/AITrustCenterView';[39m
[31m+ import CoverageView from './components/CoverageView';[39m
[31m+ import AssetsView from './components/AssetsView';[39m
[31m+ import PassportsView from './components/PassportsView';[39m
[31m+ import ScansView from './components/ScansView';[39m
[31m+ import AlertsView from './components/AlertsView';[39m
[31m+ import ClientsView from './components/ClientsView';[39m
[31m+ import VendorsView from './components/VendorsView';[39m
[31m+ import IntegrationsView from './components/IntegrationsView';[39m
[31m+ import BillingView from './components/BillingView';[39m
[31m+ import ComplianceView from './components/ComplianceView';[39m
[31m+ import AgentTrustView from './components/AgentTrustView';[39m
[31m+ import EnterpriseReadinessView from './components/EnterpriseReadinessView';[39m
[31m+ import FounderDashboardView from './components/FounderDashboardView';[39m
[31m+ import InvestorHomeView from './components/InvestorHomeView';[39m
[31m+ import SettingsView from './components/SettingsView';[39m
[31m+ import TeamView from './components/TeamView';[39m
[31m+ import AuditLogView from './components/AuditLogView';[39m
[31m+ import MonitoringView from './components/MonitoringView';[39m
[31m+ import SecurityCenterView from './components/SecurityCenterView';[39m
[31m+ import MSPCommandCenter from './components/MSPCommandCenter';[39m
[31m+ import ReportsView from './components/ReportsView';[39m
[31m+ import TrustGraphView from './components/TrustGraphView';[39m
[31m+ import { EXTENSIONS } from './workflows/extensionRegistry';[39m
[31m+ const PUBLIC_PATHS = new Set(['/','/login','/free-review','/pricing']);[39m
[31m+ const EMPTY_CLIENTS: Client[] = []; const EMPTY_PASSPORTS: SoftwarePassport[] = []; const EMPTY_VENDORS: Vendor[] = []; const EMPTY_INTEGRATIONS: Integration[] = []; const EMPTY_SCANS: Scan[] = []; const EMPTY_ALERTS: Alert[] = [];[39m
[31m+ function deriveAlertStatus(remediationStatus: string | null | undefined, findingStatus: string | null | undefined): Alert['status'] { switch (remediationStatus) { case 'IN_PROGRESS': case 'READY_FOR_VERIFICATION': return 'Acknowledged'; case 'BLOCKED': return 'Snoozed'; case 'VERIFIED': case 'CLOSED': return 'Resolved'; case 'CANCELLED': return 'Cancelled'; case 'OPEN': return 'Active'; default: return String(findingStatus || '').toLowerCase() === 'resolved' ? 'Resolved' : 'Active'; } }[39m
[31m+ function navigate(path: string) { window.history.pushState({}, '', path); window.dispatchEvent(new PopStateEvent('popstate')); }[39m
[31m+ function usePath() { const [path, setPath] = useState(() => window.location.pathname || '/'); useEffect(() => { const update = () => setPath(window.location.pathname || '/'); window.addEventListener('popstate', update); return () => window.removeEventListener('popstate', update); }, []); return path; }[39m
[31m+ function AuthLoading() { return <div className="grid min-h-screen place-items-center bg-[#faf9f8] text-[#201f1e]"><div className="text-center"><div className="mx-auto grid h-10 w-10 place-items-center rounded bg-[#0f6cbd] text-xs font-bold text-white">S</div><div className="mt-4 text-[11px] font-semibold uppercase tracking-wide text-[#605e5c]">Securing workspace</div><div className="mt-1 text-[12px] text-[#8a8886]">Checking authenticated session…</div></div></div>; }[39m
[31m+ function CoverPage() { return <div className="min-h-screen bg-[#faf9f8] text-[#201f1e]"><div className="mx-auto flex min-h-screen max-w-5xl items-center px-6 py-16"><div className="max-w-3xl"><div className="mb-5 inline-flex items-center gap-1.5 rounded border border-[#e1dfdd] bg-white px-2.5 py-1 text-[11px] font-semibold uppercase tracking-wide text-[#605e5c]">Evidence-first software trust</div><h1 className="text-[28px] font-semibold tracking-tight md:text-[34px]">Software trust, operated as a system.</h1><p className="mt-4 max-w-2xl text-[14px] leading-6 text-[#605e5c]">Software Passport Registry turns software identity, security, provenance, reliability, compliance, and evidence into repeatable workflows for teams, buyers, and managed service providers.</p><div className="mt-6 flex flex-wrap gap-2"><button onClick={() => navigate('/login')} className="h-9 rounded bg-[#0f6cbd] px-4 text-[13px] font-semibold text-white hover:bg-[#004578]">Enter SPR</button><button onClick={() => navigate('/free-review')} className="h-9 rounded border border-[#c8c6c4] bg-white px-4 text-[13px] font-medium text-[#323130] hover:bg-black/[.03]">Free review</button></div></div></div></div>; }[39m
[31m+ function PublicPage({ title, description, action, onAction }: { title: string; description: string; action: string; onAction: () => void }) { return <div className="grid min-h-screen place-items-center bg-[#faf9f8] px-6 text-[#201f1e]"><div className="max-w-md rounded-md border border-[#e1dfdd] bg-white p-6 text-center"><div className="text-[11px] font-semibold uppercase tracking-wide text-[#605e5c]">Software Passport Registry</div><h1 className="mt-2 text-[20px] font-semibold">{title}</h1><p className="mt-2 text-[13px] leading-5 text-[#605e5c]">{description}</p><button onClick={onAction} className="mt-5 h-9 rounded bg-[#0f6cbd] px-4 text-[13px] font-semibold text-white hover:bg-[#004578]">{action}</button></div></div>; }[39m
[31m+ function WorkflowBoundary({ title, description, extensionId, onNavigate }: { title: string; description: string; extensionId?: string; onNavigate: (path: string) => void }) { const extension = extensionId ? EXTENSIONS.find((item) => item.id === extensionId) : undefined; return <section><div className="rounded-md border border-[#e1dfdd] bg-white p-5"><div className="text-[11px] font-semibold uppercase tracking-wide text-[#605e5c]">Workflow boundary</div><h1 className="mt-1.5 text-[20px] font-semibold tracking-tight">{title}</h1><p className="mt-2 max-w-2xl text-[13px] leading-5 text-[#605e5c]">{description}</p>{extension && <button onClick={() => onNavigate(extension.entryPath)} className="mt-4 h-8 rounded bg-[#0f6cbd] px-3 text-[12px] font-semibold text-white hover:bg-[#004578]">Open {extension.name} →</button>}</div></section>; }[39m
[31m+ export default function App() {[39m
[31m+  const path=usePath(); const [authReady,setAuthReady]=useState(false); const [user,setUser]=useState<User|null>(null); const [role,setRole]=useState('Viewer'); const [selectedClientId,setSelectedClientId]=useState(''); const [selectedPassportId,setSelectedPassportId]=useState<string|null>(null); const [assets,setAssets]=useState<any[]>([]); const [clients,setClients]=useState<Client[]>(EMPTY_CLIENTS); const [passports,setPassports]=useState<SoftwarePassport[]>(EMPTY_PASSPORTS); const [vendors,setVendors]=useState<Vendor[]>(EMPTY_VENDORS); const [alerts,setAlerts]=useState<Alert[]>(EMPTY_ALERTS); const [findings,setFindings]=useState<unknown[]>([]); const [scans,setScans]=useState<Scan[]>(EMPTY_SCANS); const [integrations,setIntegrations]=useState<Integration[]>(EMPTY_INTEGRATIONS); const [theme,setTheme]=useState<'light'|'dark'>('dark'); const [verificationDecisions,setVerificationDecisions]=useState<Record<string,VerificationDecision>>({}); const [verificationDetails,setVerificationDetails]=useState<Record<string,unknown>>({});[39m
[31m+  useEffect(()=>{let mounted=true;let redirectSettled=false;let observedUser:User|null=null;const timeoutId=window.setTimeout(()=>{if(mounted)setAuthReady(true)},10000);const unsubscribe=onAuthStateChanged(auth,(currentUser)=>{if(!mounted)return;observedUser=currentUser;if(!redirectSettled)return;setUser(currentUser);setAuthReady(true);window.clearTimeout(timeoutId)},()=>{if(mounted){setAuthReady(true);window.clearTimeout(timeoutId)}});void getRedirectResult(auth).then(result=>{redirectSettled=true;if(mounted)setUser(result?.user||observedUser);if(mounted)setAuthReady(true);window.clearTimeout(timeoutId)}).catch(error=>{redirectSettled=true;console.error('[Firebase redirect sign-in error]',error);if(mounted)setUser(observedUser);if(mounted)setAuthReady(true);window.clearTimeout(timeoutId)});return()=>{mounted=false;window.clearTimeout(timeoutId);unsubscribe()}},[]);[39m
[31m+  useEffect(()=>{if(authReady&&!user&&!PUBLIC_PATHS.has(path))navigate('/login')},[authReady,user,path]);[39m
[31m+  useEffect(()=>{if(!user)return;let cancelled=false;const load=async()=>{const responses=await Promise.all([apiFetch('/api/user/me'),apiFetch('/api/scans'),apiFetch('/api/trust-loop/findings'),apiFetch('/api/user/passports'),apiFetch('/api/user/clients'),apiFetch('/api/integrations'),apiFetch('/api/user/verification')]);if(responses.some(r=>r.status===401)){await signOut(auth);navigate('/login');return}const [me,scansResponse,findingsResponse,passportsResponse,clientsResponse,integrationsResponse,verificationResponse]=responses;if(verificationResponse.ok){const data=await verificationResponse.json().catch(()=>null);if(!cancelled){setVerificationDecisions(data?.verificationDecisions&&typeof data.verificationDecisions==='object'?data.verificationDecisions:{});setVerificationDetails(data?.verificationDetails&&typeof data.verificationDetails==='object'?data.verificationDetails:{})}}else if(!cancelled){setVerificationDecisions({});setVerificationDetails({})}if(me.ok){const data=await me.json().catch(()=>null);if(!cancelled)setRole(String(data?.role||'Viewer'))}if(scansResponse.ok){const data=await scansResponse.json().catch(()=>[]);if(!cancelled&&Array.isArray(data))setScans(data)}if(findingsResponse.ok){const data=await findingsResponse.json().catch(()=>[]);const rows=Array.isArray(data)?data:data?.findings;if(!cancelled&&Array.isArray(rows)){setFindings(rows);setAlerts(rows.map((row:any)=>({id:String(row.id),title:String(row.title||row.control_id||'Trust finding'),severity:String(row.severity||'Low').replace(/^./,(s:string)=>s.toUpperCase()),category:'Trust finding',clientName:String(row.client_id||'Tenant'),description:String(row.description||'Evidence-backed finding'),timestamp:String(row.updated_at||''),status:deriveAlertStatus(row.remediation_status,row.status),remediationId:row.remediation_id?String(row.remediation_id):null,ownerDisplay:row.remediation_owner_display||null,slaDueAt:row.remediation_sla_due_at||null})) as Alert[])}}if(passportsResponse.ok){const data=await passportsResponse.json().catch(()=>[]);const rows=Array.isArray(data)?data:data?.passports;if(!cancelled&&Array.isArray(rows)){const normalized=rows.map((row:any)=>({...row,id:String(row.id),name:String(row.name||'Unnamed software'),version:String(row.version||'unknown'),publisher:String(row.publisher||'unknown'),clientId:row.clientId?String(row.clientId):undefined,evidence:Array.isArray(row.evidence)?row.evidence:[],vulnerabilities:Array.isArray(row.vulnerabilities)?row.vulnerabilities:[],timeline:Array.isArray(row.timeline)?row.timeline:[],sbom:Array.isArray(row.sbom)?row.sbom:[],scores:null,scoreStatus:row.scoreStatus||'not_authoritatively_scored'})) as SoftwarePassport[];setPassports(normalized);setAssets(normalized.map((passport:any)=>({id:passport.id,name:passport.name,hostName:passport.name,type:passport.category||'software',clientId:passport.clientId,clientName:String(passport.clientId||'Unobserved'),environment:String(passport.environment||'Unobserved'),version:passport.version})));setVendors(EMPTY_VENDORS)}}if(clientsResponse.ok){const data=await clientsResponse.json().catch(()=>[]);const rows=Array.isArray(data)?data:data?.clients;if(!cancelled&&Array.isArray(rows))setClients(rows.map((row:any)=>({...row,id:String(row.id),name:String(row.name||row.company_name||'Unnamed client')})) as Client[])}if(integrationsResponse.ok){const data=await integrationsResponse.json().catch(()=>[]);if(!cancelled&&Array.isArray(data))setIntegrations(data)}};void load().catch(error=>console.warn('[SPR command center load]',error));return()=>{cancelled=true}},[user]);[39m
[31m+  useEffect(()=>{const refresh=()=>{if(user)window.location.reload()};window.addEventListener('refresh-data',refresh);return()=>window.removeEventListener('refresh-data',refresh)},[user]);[39m
[31m+  const onNavigateTab=(target:string,itemId?:string)=>navigate(itemId?`${target.startsWith('/')?target:`/${target}`}/${encodeURIComponent(itemId)}`:target.startsWith('/')?target:`/${target}`); const quickAction=(action:'add-client'|'register-passport'|'scan-sbom')=>navigate(action==='add-client'?'/clients':action==='register-passport'?'/passports':'/scans');[39m
[31m+  const performAlertAction=async(alert:Alert,action:'acknowledge'|'assign'|'resolve'|'escalate'|'snooze'|'reopen',assigneeDisplay?:string)=>{let remediationId=alert.remediationId;if(!remediationId){const created=await apiFetch('/api/trust-loop/remediations',{method:'POST',headers:{'Content-Type':'application/json'},body:JSON.stringify({findingId:alert.id,title:alert.title,description:alert.description,priority:alert.severity.toUpperCase()})});if(!created.ok)return;const createdBody=await created.json().catch(()=>null);remediationId=createdBody?.id?String(createdBody.id):undefined;if(!remediationId)return}const patchBody:Record<string,unknown>={acknowledge:{status:'IN_PROGRESS'},resolve:{status:'CLOSED'},snooze:{status:'BLOCKED'},reopen:{status:'OPEN'},escalate:{status:'IN_PROGRESS',slaDueAt:new Date(Date.now()+4*3600*1000).toISOString()},assign:{status:'IN_PROGRESS',ownerDisplay:assigneeDisplay||''}}[action];const response=await apiFetch(`/api/trust-loop/remediations/${encodeURIComponent(remediationId)}`,{method:'PATCH',headers:{'Content-Type':'application/json'},body:JSON.stringify(patchBody)});if(!response.ok)return;const updated=await response.json().catch(()=>null);setAlerts(current=>current.map(item=>item.id===alert.id?{...item,remediationId,status:deriveAlertStatus(updated?.status??String(patchBody.status),null),ownerDisplay:updated?.owner_display??(patchBody.ownerDisplay as string|undefined)??item.ownerDisplay,slaDueAt:updated?.sla_due_at??(patchBody.slaDueAt as string|undefined)??item.slaDueAt}:item))};[39m
[31m+  const selectedExtension=useMemo(()=>{const match=path.match(/^\/extensions\/([^/]+)/);return match?decodeURIComponent(match[1]):null},[path]);const signOutUser=async()=>{await signOut(auth);navigate('/login')};[39m
[31m+  if(!authReady)return <AuthLoading/>;if(path==='/')return <CoverPage/>;if(path==='/login')return user?<AuthLoading/>:<LoginView onLoginSuccess={()=>navigate('/dashboard')}/>;if(!user&&path==='/free-review')return <PublicPage title="Free software review" description="Start an evidence-first review from the public entry point." action="Sign in to continue" onAction={()=>navigate('/login')}/>;if(!user&&path==='/pricing')return <PublicPage title="SPR plans" description="Account and billing capabilities are available inside the authenticated workspace." action="Enter SPR" onAction={()=>navigate('/login')}/>;if(!user)return <AuthLoading/>;[39m
[31m+  let view:ReactNode;if(selectedExtension)view=<ExtensionWorkflow id={selectedExtension} onNavigate={navigate}/>;else switch(path){case '/dashboard':view=<EvidenceDashboardView clients={clients} alerts={alerts} scans={scans} passports={passports} findings={findings} onNavigateTab={onNavigateTab} onOpenQuickAction={quickAction}/>;break;case '/coverage':view=<CoverageView clients={clients} scans={scans} passports={passports} onNavigateTab={onNavigateTab}/>;break;case '/evidence-explorer':view=<EvidenceExplorerView passports={passports}/>;break;case '/assets':view=<AssetsView clients={clients} searchQuery="" assets={assets}/>;break;case '/passports':case '/registry':view=<PassportsView verificationDecisions={verificationDecisions} verificationDetails={verificationDetails} passports={passports} selectedPassportId={selectedPassportId} setSelectedPassportId={setSelectedPassportId} searchQuery="" clients={clients} assets={assets} role={role} onNavigateTab={onNavigateTab} onUpdatePassport={passport=>setPassports(current=>current.map(item=>item.id===passport.id?passport:item))}/>;break;case '/scans':view=<ScansView scans={scans} clients={clients} assets={assets} passports={passports} role={role} onTriggerNewScan={scan=>setScans(current=>[scan,...current.filter(item=>item.id!==scan.id)].slice(0,100))}/>;break;case '/alerts':view=<AlertsView alerts={alerts} onAlertAction={performAlertAction}/>;break;case '/reports':view=<ReportsView clients={clients} passports={passports} scans={scans} alerts={alerts} findings={findings} role={role}/>;break;case '/trust-graph':view=<TrustGraphView clients={clients} passports={passports} assets={assets} findings={findings}/>;/* onSelectPassport={setSelectedPassportId} */break;case '/clients':view=<ClientsView clients={clients} selectedClientId={selectedClientId} setSelectedClientId={setSelectedClientId} passports={passports} onNavigateTab={onNavigateTab} searchQuery=""/>;break;case '/vendors':view=<VendorsView vendors={vendors} searchQuery=""/>;break;case '/integrations':view=<IntegrationsView passports={passports} onNavigateTab={onNavigateTab}/>;break;case '/monitoring':view=<MonitoringView role={role}/>;break;case '/security':view=<SecurityCenterView clients={clients} passports={passports}/>;break;case '/compliance':view=<ComplianceView clients={clients} role={role}/>;break;case '/msp':view=<MSPCommandCenter verificationDecisions={verificationDecisions} verificationDetails={verificationDetails} clients={clients} alerts={alerts} findings={findings} role={role} onSelectClient={setSelectedClientId} onNavigate={navigate}/>;break;case '/agent-trust':view=<AgentTrustView/>;break;case '/ai-trust-center':view=<AITrustCenterView role={role}/>;break;case '/enterprise-readiness':view=<EnterpriseReadinessView clients={clients}/>;break;case '/investor':view=<InvestorHomeView passports={passports} clients={clients} alerts={alerts} onShowTelemetry={()=>navigate('/scans')} onNavigateTab={onNavigateTab}/>;break;case '/founder':view=<FounderDashboardView userRole={role}/>;break;case '/billing':view=<BillingView/>;break;case '/settings':view=<SettingsView theme={theme} onToggleTheme={()=>setTheme(current=>current==='dark'?'light':'dark')}/>;break;case '/team':view=<TeamView role={role}/>;break;case '/audit-log':view=<AuditLogView/>;break;case '/extensions':view=<ExtensionMarketplace onNavigateTab={onNavigateTab} role={role}/>;break;default:view=<WorkflowBoundary title="Workflow" description="This authenticated capability is explicitly routed through the Command Center. Choose its owning workflow from the left rail." onNavigate={navigate}/>}[39m
[31m+  return <CommandCenter path={path} userEmail={user.email} role={role} onNavigate={navigate} onSignOut={()=>void signOutUser()}>{view}</CommandCenter>;[39m
[31m+ }[39m
[31m+[39m

[36m [2m❯[22m tests/client-trust-environment-contract.test.ts:[2m37:17[22m[39m
    [90m 35| [39m  it('creation still lands the user directly in that client\'s own wor…
    [90m 36| [39m    [35mconst[39m app [33m=[39m [34mread[39m([32m'src/App.tsx'[39m)[33m;[39m
    [90m 37| [39m    expect(app).toContain('onClientCreated={(client) => { setClients((…
    [90m   | [39m                [31m^[39m
    [90m 38| [39m  })[33m;[39m
    [90m 39| [39m})[33m;[39m

[31m[2m⎯⎯⎯⎯⎯⎯⎯⎯⎯⎯⎯⎯⎯⎯⎯⎯⎯⎯⎯⎯⎯[29/141]⎯[22m[39m

[41m[1m FAIL [22m[49m tests/clientops-remediation-queue-contract.test.ts[2m > [22mGET /trust-loop/remediations (list) and client scoping[2m > [22mexists and scopes to a single client for the Client role, same pattern as /findings
[31m[1mAssertionError[22m: expected 'import { Router } from \'express\';\n…' to contain 'router.get(\'/remediations\', async (…'[39m

[32m- Expected[39m
[31m+ Received[39m

[32m- router.get('/remediations', async (req: AuthenticatedRequest, res, next) => {[39m
[31m+ import { Router } from 'express';[39m
[31m+ import { sql } from 'drizzle-orm';[39m
[31m+ import crypto from 'node:crypto';[39m
[31m+ import { z } from 'zod';[39m
[31m+ import { AuthenticatedRequest } from '../middleware/security.ts';[39m
[31m+ import { decryptCredentials } from '../integrations/credential-vault.ts';[39m
[31m+ import { collectDeepProviderEvidence } from '../integrations/deep-collectors.ts';[39m
[31m+ import { collectGitHubDeepEvidence } from '../integrations/github-deep.ts';[39m
[31m+ import { persistTrustLoop, verifyRemediation } from '../trust/trust-loop.ts';[39m
[31m+[39m
[31m+ const collectSchema = z.object({ passportId: z.string().trim().min(1).max(255), provider: z.string().trim().min(1).max(64) }).strict();[39m
[31m+ const remediationSchema = z.object({[39m
[31m+   findingId: z.string().trim().min(1),[39m
[31m+   title: z.string().trim().min(1).max(255),[39m
[31m+   description: z.string().max(4000).optional(),[39m
[31m+   assigneeId: z.string().max(255).optional(),[39m
[31m+   assigneeDisplay: z.string().max(255).optional(),[39m
[31m+   externalSystem: z.string().trim().min(1).max(64).default('SPR'),[39m
[31m+   externalTicketId: z.string().max(255).optional(),[39m
[31m+   slaDueAt: z.string().datetime().optional(),[39m
[31m+   priority: z.enum(['LOW', 'MEDIUM', 'HIGH', 'CRITICAL']).default('HIGH'),[39m
[31m+ }).strict();[39m
[31m+ const remediationUpdateSchema = z.object({ status: z.enum(['OPEN', 'IN_PROGRESS', 'BLOCKED', 'READY_FOR_VERIFICATION', 'VERIFIED', 'CLOSED', 'CANCELLED']), ownerId: z.string().max(255).optional(), ownerDisplay: z.string().max(255).optional(), slaDueAt: z.string().datetime().nullable().optional() }).strict();[39m
[31m+ const verifySchema = z.object({ findingId: z.string().trim().min(1), observationIds: z.array(z.string().min(1)).max(50), evidenceIds: z.array(z.string().min(1)).max(200) }).strict();[39m
[31m+ const reportTypes = z.enum(['executive', 'technical', 'msp', 'customer', 'compliance', 'vendor', 'auditor', 'evidence-ledger']);[39m
[31m+ function id(prefix: string) { return `${prefix}_${crypto.randomUUID().replaceAll('-', '')}`; }[39m
[31m+ function parseJson(value: unknown, fallback: unknown = []) { try { return value ? JSON.parse(String(value)) : fallback; } catch { return fallback; } }[39m
[31m+[39m
[31m+ const SEVERITY_ORDER = ['critical', 'high', 'medium', 'low'];[39m
[31m+[39m
[31m+ export type ReportPassportRow = {[39m
[31m+   overall_score: number | null;[39m
[31m+   security_score: number | null;[39m
[31m+   compliance_score: number | null;[39m
[31m+   verification_status: string | null;[39m
[31m+   confidence_score: number | null;[39m
[31m+   evidence_completeness: number | null;[39m
[31m+ };[39m
[31m+[39m
[31m+ export function deriveReportRiskFields(passport: ReportPassportRow) {[39m
[31m+   const verificationStatus = passport.verification_status || 'unverified';[39m
[31m+   const isMeasured = verificationStatus !== 'unverified';[39m
[31m+   return {[39m
[31m+     canonicalScore: isMeasured ? passport.overall_score : null,[39m
[31m+     verificationStatus,[39m
[31m+     confidenceBasisPoints: isMeasured && passport.confidence_score != null ? Math.round(passport.confidence_score * 100) : null,[39m
[31m+     completenessBasisPoints: isMeasured && passport.evidence_completeness != null ? Math.round(passport.evidence_completeness * 100) : null,[39m
[31m+   };[39m
[31m+ }[39m
[31m+[39m
[31m+ function buildReportTypeExtras(reportType: string, passport: any, findings: any[]) {[39m
[31m+   if (reportType === 'sbom') {[39m
[31m+     const components = parseJson(passport.sbom, []) as any[];[39m
[31m+     const vulnerabilities = parseJson(passport.vulnerabilities, []) as any[];[39m
[31m+     const sbom = components.map((component) => {[39m
[31m+       const name = component?.name || component?.packageName || component?.component;[39m
[31m+       const matched = vulnerabilities.filter((vuln) => (vuln?.component || vuln?.packageName || vuln?.package) === name);[39m
[31m+       return { ...component, vulnerabilityCount: matched.length, criticalOrHighCount: matched.filter((vuln) => SEVERITY_ORDER.slice(0, 2).includes(String(vuln?.severity || '').toLowerCase())).length };[39m
[31m+     });[39m
[31m+     return { sbom };[39m
[31m+   }[39m
[31m+   if (reportType === 'compliance') {[39m
[31m+     const byControl = new Map<string, { controlId: string; findingCount: number; openCount: number; worstSeverity: string; findingIds: string[] }>();[39m
[31m+     for (const finding of findings) {[39m
[31m+       const controlId = finding.control_id || 'unmapped';[39m
[31m+       const entry = byControl.get(controlId) || { controlId, findingCount: 0, openCount: 0, worstSeverity: 'low', findingIds: [] as string[] };[39m
[31m+       entry.findingCount += 1;[39m
[31m+       entry.findingIds.push(finding.id);[39m
[31m+       if (!['resolved', 'closed', 'verified'].includes(String(finding.status || '').toLowerCase())) entry.openCount += 1;[39m
[31m+       const severity = String(finding.severity || '').toLowerCase();[39m
[31m+       if (SEVERITY_ORDER.includes(severity) && SEVERITY_ORDER.indexOf(severity) < SEVERITY_ORDER.indexOf(entry.worstSeverity)) entry.worstSeverity = severity;[39m
[31m+       byControl.set(controlId, entry);[39m
[31m+     }[39m
[31m+     return { controls: [...byControl.values()] };[39m
[31m+   }[39m
[31m+   return {};[39m
[31m+ }[39m
[31m+[39m
[31m+ export function createTrustLoopRouter() {[39m
[31m+   const router = Router();[39m
[31m+[39m
[31m+   router.post('/collect', async (req: AuthenticatedRequest, res, next) => {[39m
[31m+     const parsed = collectSchema.safeParse(req.body);[39m
[31m+     if (!parsed.success) return res.status(400).json({ error: 'INVALID_PAYLOAD', details: parsed.error.flatten() });[39m
[31m+     const { passportId, provider } = parsed.data;[39m
[31m+     const tenantId = req.user!.tenantId;[39m
[31m+     const runId = id('collect');[39m
[31m+     const startedAt = new Date().toISOString();[39m
[31m+     const db = req.db!;[39m
[31m+     try {[39m
[31m+       const passport = (await db.execute(sql`SELECT id,client_id FROM passports WHERE id=${passportId} AND tenant_id=${tenantId} LIMIT 1`) as any).rows?.[0];[39m
[31m+       if (!passport) return res.status(404).json({ error: 'PASSPORT_NOT_FOUND' });[39m
[31m+       const stored = (await db.execute(sql`SELECT encrypted_payload FROM integration_credentials WHERE tenant_id=${tenantId} AND provider=${provider} LIMIT 1`) as any).rows?.[0];[39m
[31m+       if (!stored?.encrypted_payload) return res.status(409).json({ error: 'CREDENTIAL_NOT_CONFIGURED' });[39m
[31m+[39m
[31m+       await db.execute(sql`INSERT INTO trust_collection_runs (id,tenant_id,passport_id,provider,started_at,status,idempotency_key,created_at) VALUES (${runId},${tenantId},${passportId},${provider},${startedAt},'RUNNING',${`${tenantId}:${passportId}:${provider}:${startedAt}`},${startedAt})`);[39m
[31m+       const credentials = decryptCredentials(stored.encrypted_payload) as Record<string, string>;[39m
[31m+       const observations = provider === 'github' ? await collectGitHubDeepEvidence(credentials) : await collectDeepProviderEvidence(provider as any, credentials);[39m
[31m+       const result = await persistTrustLoop({ tenantId, passportId, clientId: passport.client_id || passport.id, assetId: passport.id, observations, generationReason: 'provider_collection', actorType: 'worker', collectorVersionMap: { [provider]: 'deep-v2' } });[39m
[31m+       const completedAt = new Date().toISOString();[39m
[31m+       await db.execute(sql`UPDATE trust_collection_runs SET completed_at=${completedAt},status='SUCCEEDED',observation_count=${observations.length},evidence_count=${result.evidenceIds.length},failure_count=${observations.filter((o) => o.status === 'FAIL').length},collector_version='deep-v2' WHERE id=${runId} AND tenant_id=${tenantId}`);[39m
[31m+       await db.execute(sql`INSERT INTO trust_monitoring_state (id,tenant_id,passport_id,provider,next_run_at,last_run_at,last_success_at,last_evidence_hash,consecutive_failures,status,updated_at) VALUES (${id('monitor')},${tenantId},${passportId},${provider},${new Date(Date.now()+3600000).toISOString()},${completedAt},${completedAt},${result.payloadHash},0,'HEALTHY',${completedAt}) ON CONFLICT (tenant_id,passport_id,provider) DO UPDATE SET next_run_at=EXCLUDED.next_run_at,last_run_at=EXCLUDED.last_run_at,last_success_at=EXCLUDED.last_success_at,last_evidence_hash=EXCLUDED.last_evidence_hash,consecutive_failures=0,status='HEALTHY',updated_at=EXCLUDED.updated_at`);[39m
[31m+       return res.json({ runId, provider, observationCount: observations.length, ...result });[39m
[31m+     } catch (error) {[39m
[31m+       const completedAt = new Date().toISOString();[39m
[31m+       await db.execute(sql`UPDATE trust_collection_runs SET completed_at=${completedAt},status='FAILED',error_code='COLLECTION_FAILED',error_message=${error instanceof Error ? error.message.slice(0,1000) : 'COLLECTION_FAILED'} WHERE id=${runId} AND tenant_id=${tenantId}`).catch(() => undefined);[39m
[31m+       await db.execute(sql`UPDATE trust_monitoring_state SET last_run_at=${completedAt},last_failure_at=${completedAt},consecutive_failures=consecutive_failures+1,status=CASE WHEN consecutive_failures+1 >= 5 THEN 'FAILED' ELSE 'DEGRADED' END,updated_at=${completedAt} WHERE tenant_id=${tenantId} AND passport_id=${passportId} AND provider=${provider}`).catch(() => undefined);[39m
[31m+       return next(error);[39m
[31m+     }[39m
[31m+   });[39m
[31m+[39m
[31m+   const findingsWithRemediationSelect = sql`[39m
[31m+     SELECT f.*, r.id AS remediation_id, r.status AS remediation_status, r.owner_id AS remediation_owner_id,[39m
[31m+            r.owner_display AS remediation_owner_display, r.sla_due_at AS remediation_sla_due_at, r.updated_at AS remediation_updated_at[39m
[31m+     FROM trust_findings f[39m
[31m+     LEFT JOIN LATERAL ([39m
[31m+       SELECT * FROM trust_remediation_work_items w[39m
[31m+       WHERE w.tenant_id = f.tenant_id AND w.finding_id = f.id[39m
[31m+       ORDER BY w.created_at DESC LIMIT 1[39m
[31m+     ) r ON true[39m
[31m+   `;[39m
[31m+   router.get('/findings', async (req: AuthenticatedRequest, res, next) => {[39m
[31m+     try {[39m
[31m+       const db = req.db!;[39m
[31m+       const tenantId = req.user!.tenantId;[39m
[31m+       const passportId = typeof req.query.passportId === 'string' ? req.query.passportId : null;[39m
[31m+       const rows = passportId[39m
[31m+         ? await db.execute(sql`${findingsWithRemediationSelect} WHERE f.tenant_id=${tenantId} AND f.passport_id=${passportId} ORDER BY CASE f.severity WHEN 'critical' THEN 1 WHEN 'high' THEN 2 WHEN 'medium' THEN 3 WHEN 'low' THEN 4 ELSE 5 END,f.updated_at DESC`)[39m
[31m+         : await db.execute(sql`${findingsWithRemediationSelect} WHERE f.tenant_id=${tenantId} ORDER BY f.updated_at DESC`);[39m
[31m+       return res.json({ findings: (rows as any).rows || [] });[39m
[31m+     } catch (error) { return next(error); }[39m
[31m+   });[39m
[31m+[39m
[31m+   router.post('/remediations', async (req: AuthenticatedRequest, res, next) => {[39m
[31m+     const parsed = remediationSchema.safeParse(req.body);[39m
[31m+     if (!parsed.success) return res.status(400).json({ error: 'INVALID_PAYLOAD', details: parsed.error.flatten() });[39m
[31m+     try {[39m
[31m+       const db = req.db!;[39m
[31m+       const p = parsed.data;[39m
[31m+       const tenantId = req.user!.tenantId;[39m
[31m+       const finding = (await db.execute(sql`SELECT id,client_id,passport_id,title,description FROM trust_findings WHERE id=${p.findingId} AND tenant_id=${tenantId} LIMIT 1`) as any).rows?.[0];[39m
[31m+       if (!finding) return res.status(404).json({ error: 'FINDING_NOT_FOUND' });[39m
[31m+       const now = new Date().toISOString();[39m
[31m+       const workId = id('remed');[39m
[31m+       await db.execute(sql`INSERT INTO trust_remediation_work_items (id,tenant_id,passport_id,finding_id,external_system,external_ticket_id,owner_id,owner_display,sla_due_at,status,remediation_plan,created_at,updated_at) VALUES (${workId},${tenantId},${finding.passport_id},${finding.id},${p.externalSystem},${p.externalTicketId ?? null},${p.assigneeId ?? null},${p.assigneeDisplay ?? null},${p.slaDueAt ?? null},'OPEN',${p.description || finding.description},${now},${now})`);[39m
[31m+       await db.execute(sql`INSERT INTO remediation_tasks (id,tenant_id,client_id,alert_id,title,description,priority,status,assignee_id,created_by,created_at,updated_at) VALUES (${workId},${tenantId},${finding.client_id},${finding.id},${p.title},${p.description || finding.description},${p.priority},'OPEN',${p.assigneeId ?? null},${req.user!.uid},${now},${now})`);[39m
[31m+       const created = (await db.execute(sql`SELECT * FROM trust_remediation_work_items WHERE id=${workId} AND tenant_id=${tenantId} LIMIT 1`) as any).rows?.[0];[39m
[31m+       return res.status(201).json({ ...created, title: p.title });[39m
[31m+     } catch (error) { return next(error); }[39m
[31m+   });[39m
[31m+[39m
[31m+   router.get('/remediations/:id', async (req: AuthenticatedRequest, res, next) => {[39m
[31m+     try {[39m
[31m+       const db = req.db!;[39m
[31m+       const tenantId = req.user!.tenantId;[39m
[31m+       const row = (await db.execute(sql`SELECT w.*, f.title AS finding_title FROM trust_remediation_work_items w JOIN trust_findings f ON f.id = w.finding_id AND f.tenant_id = w.tenant_id WHERE w.id=${req.params.id} AND w.tenant_id=${tenantId} LIMIT 1`) as any).rows?.[0];[39m
[31m+       if (!row) return res.status(404).json({ error: 'REMEDIATION_NOT_FOUND' });[39m
[31m+       return res.json({ ...row, title: row.finding_title });[39m
[31m+     } catch (error) { return next(error); }[39m
[31m+   });[39m
[31m+[39m
[31m+   router.post('/remediations/:id/verify-latest', async (req: AuthenticatedRequest, res, next) => {[39m
[31m+     try {[39m
[31m+       const db = req.db!;[39m
[31m+       const tenantId = req.user!.tenantId;[39m
[31m+       const work = (await db.execute(sql`SELECT id,finding_id,passport_id FROM trust_remediation_work_items WHERE id=${req.params.id} AND tenant_id=${tenantId} LIMIT 1`) as any).rows?.[0];[39m
[31m+       if (!work) return res.status(404).json({ error: 'REMEDIATION_NOT_FOUND' });[39m
[31m+       const latestObservation = (await db.execute(sql`SELECT id,evidence_ids FROM trust_observations WHERE tenant_id=${tenantId} AND passport_id=${work.passport_id} ORDER BY observation_version DESC LIMIT 1`) as any).rows?.[0];[39m
[31m+       if (!latestObservation) return res.status(409).json({ error: 'NO_OBSERVATION_ON_FILE', message: 'SPR has no recorded observation for this software yet. Collect evidence before verifying.' });[39m
[31m+       const evidenceIds: string[] = parseJson(latestObservation.evidence_ids, []) as string[];[39m
[31m+       const result = await verifyRemediation({ tenantId, findingId: work.finding_id, observationIds: [latestObservation.id], evidenceIds, actorId: req.user!.uid });[39m
[31m+       const now = new Date().toISOString();[39m
[31m+       await db.execute(sql`UPDATE trust_remediation_work_items SET status='VERIFIED',updated_at=${now},closed_at=${now} WHERE id=${work.id} AND tenant_id=${tenantId}`);[39m
[31m+       const row = (await db.execute(sql`SELECT * FROM trust_remediation_work_items WHERE id=${work.id} AND tenant_id=${tenantId} LIMIT 1`) as any).rows?.[0];[39m
[31m+       return res.json({ ...row, verification: result });[39m
[31m+     } catch (error: any) {[39m
[31m+       const message = error instanceof Error ? error.message : String(error);[39m
[31m+       if (/^VERIFICATION_|^FINDING_NOT_FOUND$/.test(message)) return res.status(409).json({ error: message });[39m
[31m+       return next(error);[39m
[31m+     }[39m
[31m+   });[39m
[31m+[39m
[31m+   router.patch('/remediations/:id', async (req: AuthenticatedRequest, res, next) => {[39m
[31m+     const parsed = remediationUpdateSchema.safeParse(req.body);[39m
[31m+     if (!parsed.success) return res.status(400).json({ error: 'INVALID_PAYLOAD', details: parsed.error.flatten() });[39m
[31m+     try {[39m
[31m+       const db = req.db!;[39m
[31m+       const tenantId = req.user!.tenantId;[39m
[31m+       const p = parsed.data;[39m
[31m+       const now = new Date().toISOString();[39m
[31m+       const rows = await db.execute(sql`UPDATE trust_remediation_work_items SET status=${p.status},owner_id=COALESCE(${p.ownerId ?? null},owner_id),owner_display=COALESCE(${p.ownerDisplay ?? null},owner_display),sla_due_at=CASE WHEN ${p.slaDueAt === undefined} THEN sla_due_at ELSE ${p.slaDueAt} END,updated_at=${now},closed_at=CASE WHEN ${p.status} IN ('CLOSED','VERIFIED') THEN ${now} ELSE closed_at END WHERE id=${req.params.id} AND tenant_id=${tenantId} RETURNING *`);[39m
[31m+       const row = (rows as any).rows?.[0];[39m
[31m+       if (!row) return res.status(404).json({ error: 'REMEDIATION_NOT_FOUND' });[39m
[31m+       return res.json(row);[39m
[31m+     } catch (error) { return next(error); }[39m
[31m+   });[39m
[31m+[39m
[31m+   router.post('/verify', async (req: AuthenticatedRequest, res, next) => {[39m
[31m+     const parsed = verifySchema.safeParse(req.body);[39m
[31m+     if (!parsed.success) return res.status(400).json({ error: 'INVALID_PAYLOAD', details: parsed.error.flatten() });[39m
[31m+     try {[39m
[31m+       const db = req.db!;[39m
[31m+       const result = await verifyRemediation({ ...parsed.data, tenantId: req.user!.tenantId, actorId: req.user!.uid });[39m
[31m+       await db.execute(sql`UPDATE trust_remediation_work_items SET status='VERIFIED',updated_at=${new Date().toISOString()},closed_at=${new Date().toISOString()} WHERE tenant_id=${req.user!.tenantId} AND finding_id=${parsed.data.findingId}`);[39m
[31m+       return res.json(result);[39m
[31m+     } catch (error) { return next(error); }[39m
[31m+   });[39m
[31m+[39m
[31m+   router.get('/monitoring', async (req: AuthenticatedRequest, res, next) => {[39m
[31m+     try {[39m
[31m+       const db = req.db!;[39m
[31m+       const tenantId = req.user!.tenantId;[39m
[31m+       const passportId = typeof req.query.passportId === 'string' ? req.query.passportId : null;[39m
[31m+       const rows = passportId ? await db.execute(sql`SELECT * FROM trust_monitoring_state WHERE tenant_id=${tenantId} AND passport_id=${passportId} ORDER BY provider`) : await db.execute(sql`SELECT * FROM trust_monitoring_state WHERE tenant_id=${tenantId} ORDER BY passport_id,provider`);[39m
[31m+       const alerts = passportId ? await db.execute(sql`SELECT * FROM trust_alerts WHERE tenant_id=${tenantId} AND passport_id=${passportId} ORDER BY created_at DESC`) : await db.execute(sql`SELECT * FROM trust_alerts WHERE tenant_id=${tenantId} ORDER BY created_at DESC`);[39m
[31m+       return res.json({ monitoring: (rows as any).rows || [], alerts: (alerts as any).rows || [] });[39m
[31m+     } catch (error) { return next(error); }[39m
[31m+   });[39m
[31m+[39m
[31m+   router.get('/ledger/:passportId', async (req: AuthenticatedRequest, res, next) => {[39m
[31m+     try {[39m
[31m+       const db = req.db!;[39m
[31m+       const tenantId = req.user!.tenantId;[39m
[31m+       const passportId = req.params.passportId;[39m
[31m+       const scope = await db.execute(sql`SELECT id FROM passports WHERE id=${passportId} AND tenant_id=${tenantId} LIMIT 1`);[39m
[31m+       if (!(scope as any).rows?.length) return res.status(404).json({ error: 'PASSPORT_NOT_FOUND' });[39m
[31m+       const observations = await db.execute(sql`SELECT id,observation_version,generated_at,previous_observation_id,evidence_ids,finding_ids,canonical_payload_hash,completeness_basis_points,open_finding_count,unknown_dimension_count FROM trust_observations WHERE tenant_id=${tenantId} AND passport_id=${passportId} ORDER BY observation_version DESC`);[39m
[31m+       const evidence = await db.execute(sql`SELECT id,provider,control_id,subject,source_url,observed_at,verification_method,status,severity,evidence_hash,limitation FROM evidence_ledger WHERE tenant_id=${tenantId} AND passport_id=${passportId} ORDER BY observed_at DESC`);[39m
[31m+       const findings = await db.execute(sql`SELECT id,control_id,title,severity,status,evidence_ids,fingerprint,updated_at,resolved_at FROM trust_findings WHERE tenant_id=${tenantId} AND passport_id=${passportId} ORDER BY updated_at DESC`);[39m
[31m+       const remediation = await db.execute(sql`SELECT * FROM trust_remediation_work_items WHERE tenant_id=${tenantId} AND passport_id=${passportId} ORDER BY updated_at DESC`);[39m
[31m+       const verification = await db.execute(sql`SELECT * FROM remediation_verification_ledger WHERE tenant_id=${tenantId} AND finding_id IN (SELECT id FROM trust_findings WHERE tenant_id=${tenantId} AND passport_id=${passportId}) ORDER BY created_at DESC`);[39m
[31m+       return res.json({ observations: (observations as any).rows || [], findings: (findings as any).rows || [], evidence: (evidence as any).rows || [], remediation: (remediation as any).rows || [], verification: (verification as any).rows || [], trace: 'Report -> Passport -> Risk -> Finding -> Observation -> Provider -> Source -> Timestamp -> Hash' });[39m
[31m+     } catch (error) { return next(error); }[39m
[31m+   });[39m
[31m+[39m
[31m+   router.get('/reports/:passportId/history', async (req: AuthenticatedRequest, res, next) => {[39m
[31m+     try {[39m
[31m+       const db = req.db!;[39m
[31m+       const tenantId = req.user!.tenantId;[39m
[31m+       const passportId = req.params.passportId;[39m
[31m+       const typeFilter = typeof req.query.type === 'string' ? reportTypes.safeParse(req.query.type) : null;[39m
[31m+       if (typeFilter && !typeFilter.success) return res.status(400).json({ error: 'INVALID_REPORT_TYPE' });[39m
[31m+       const rows = typeFilter?.success[39m
[31m+         ? await db.execute(sql`SELECT id,report_type,generated_at,score,confidence_basis_points,completeness_basis_points,canonical_payload_hash FROM trust_report_snapshots WHERE tenant_id=${tenantId} AND passport_id=${passportId} AND report_type=${typeFilter.data} ORDER BY generated_at DESC LIMIT 50`)[39m
[31m+         : await db.execute(sql`SELECT id,report_type,generated_at,score,confidence_basis_points,completeness_basis_points,canonical_payload_hash FROM trust_report_snapshots WHERE tenant_id=${tenantId} AND passport_id=${passportId} ORDER BY generated_at DESC LIMIT 50`);[39m
[31m+       return res.json({ snapshots: (rows as any).rows || [] });[39m
[31m+     } catch (error) { return next(error); }[39m
[31m+   });[39m
[31m+[39m
[31m+   router.get('/reports/:passportId/history/:snapshotId', async (req: AuthenticatedRequest, res, next) => {[39m
[31m+     try {[39m
[31m+       const db = req.db!;[39m
[31m+       const tenantId = req.user!.tenantId;[39m
[31m+       const row = (await db.execute(sql`SELECT payload,canonical_payload_hash,generated_at,report_type FROM trust_report_snapshots WHERE id=${req.params.snapshotId} AND tenant_id=${tenantId} AND passport_id=${req.params.passportId} LIMIT 1`) as any).rows?.[0];[39m
[31m+       if (!row) return res.status(404).json({ error: 'REPORT_SNAPSHOT_NOT_FOUND' });[39m
[31m+       const payload = parseJson(row.payload, {});[39m
[31m+       return res.json({ ...(payload as object), reportHash: row.canonical_payload_hash });[39m
[31m+     } catch (error) { return next(error); }[39m
[31m+   });[39m
[31m+[39m
[31m+   router.get('/reports/:passportId', async (req: AuthenticatedRequest, res, next) => {[39m
[31m+     try {[39m
[31m+       const parsed = reportTypes.safeParse(req.query.type || 'executive');[39m
[31m+       if (!parsed.success) return res.status(400).json({ error: 'INVALID_REPORT_TYPE' });[39m
[31m+       const report = await buildAndPersistReport(req.db!, req.user!.tenantId, String(req.params.passportId), parsed.data);[39m
[31m+       if (!report) return res.status(404).json({ error: 'PASSPORT_NOT_FOUND' });[39m
[31m+       return res.json(report);[39m
[31m+     } catch (error) { return next(error); }[39m
[31m+   });[39m
[31m+[39m
[31m+   return router;[39m
[31m+ }[39m
[31m+[39m
[31m+ export async function buildAndPersistReport(db: any, tenantId: string, passportId: string, reportType: string) {[39m
[31m+   const passport = (await db.execute(sql`SELECT id,name,overall_score,security_score,compliance_score,verification_status,confidence_score,evidence_completeness,sbom,evidence,vulnerabilities,timeline FROM passports WHERE id=${passportId} AND tenant_id=${tenantId} LIMIT 1`) as any).rows?.[0];[39m
[31m+   if (!passport) return null;[39m
[31m+   const findings = (await db.execute(sql`SELECT id,control_id,title,severity,status,description,remediation,evidence_ids,updated_at,resolved_at FROM trust_findings WHERE tenant_id=${tenantId} AND passport_id=${passportId} ORDER BY CASE severity WHEN 'critical' THEN 1 WHEN 'high' THEN 2 WHEN 'medium' THEN 3 WHEN 'low' THEN 4 ELSE 5 END,updated_at DESC`) as any).rows || [];[39m
[31m+   const evidence = (await db.execute(sql`SELECT id,provider,control_id,subject,source_url,observed_at,verification_method,status,severity,evidence_hash,limitation FROM evidence_ledger WHERE tenant_id=${tenantId} AND passport_id=${passportId} ORDER BY observed_at DESC`) as any).rows || [];[39m
[31m+   const observations = (await db.execute(sql`SELECT id,observation_version,generated_at,previous_observation_id,evidence_ids,finding_ids,canonical_payload_hash,completeness_basis_points,confidence_basis_points,open_finding_count,unknown_dimension_count FROM trust_observations WHERE tenant_id=${tenantId} AND passport_id=${passportId} ORDER BY observation_version DESC`) as any).rows || [];[39m
[31m+   const remediation = (await db.execute(sql`SELECT * FROM trust_remediation_work_items WHERE tenant_id=${tenantId} AND passport_id=${passportId} ORDER BY updated_at DESC`) as any).rows || [];[39m
[31m+   const verification = (await db.execute(sql`SELECT * FROM remediation_verification_ledger WHERE tenant_id=${tenantId} AND finding_id IN (SELECT id FROM trust_findings WHERE tenant_id=${tenantId} AND passport_id=${passportId}) ORDER BY created_at DESC`) as any).rows || [];[39m
[31m+   const latest = observations[0];[39m
[31m+   const risk = deriveReportRiskFields(passport as ReportPassportRow);[39m
[31m+   const report = {[39m
[31m+     schemaVersion: 'spr.report.v2', reportType, generatedAt: new Date().toISOString(), passport: { id: passport.id, name: passport.name },[39m
[31m+     risk: { overall: risk.canonicalScore, security: passport.security_score, compliance: passport.compliance_score, verificationStatus: risk.verificationStatus },[39m
[31m+     evidenceQuality: { completenessBasisPoints: risk.completenessBasisPoints, confidenceBasisPoints: risk.confidenceBasisPoints, unknownDimensions: latest?.unknown_dimension_count ?? 0, latestObservationAt: latest?.generated_at ?? null },[39m
[31m+     findings, evidence, observations, remediation, verification,[39m
[31m+     traceability: 'Report -> Passport -> Risk -> Finding -> Observation -> Provider -> Source -> Timestamp -> Hash',[39m
[31m+     resolutionTraceability: 'Finding -> remediation -> new observation -> independent verification',[39m
[31m+     limitations: evidence.filter((item: any) => item.limitation).map((item: any) => ({ evidenceId: item.id, limitation: item.limitation })),[39m
[31m+     ...buildReportTypeExtras(reportType, passport, findings),[39m
[31m+   };[39m
[31m+   const canonicalPayload = JSON.stringify(report);[39m
[31m+   const reportHash = crypto.createHash('sha256').update(canonicalPayload).digest('hex');[39m
[31m+   await db.execute(sql`INSERT INTO trust_report_snapshots (id,tenant_id,passport_id,report_type,generated_at,score,confidence_basis_points,completeness_basis_points,evidence_ids,finding_ids,observation_id,canonical_payload_hash,payload,created_at) VALUES (${id('report')},${tenantId},${passportId},${reportType},${report.generatedAt},${risk.canonicalScore},${risk.confidenceBasisPoints},${risk.completenessBasisPoints},${JSON.stringify(evidence.map((item: any) => item.id))},${JSON.stringify(findings.map((item: any) => item.id))},${latest?.id ?? null},${reportHash},${canonicalPayload},${report.generatedAt}) ON CONFLICT (tenant_id,passport_id,report_type,canonical_payload_hash) DO NOTHING`);[39m
[31m+   return { ...report, reportHash };[39m
[31m+ }[39m
[31m+[39m

[36m [2m❯[22m tests/clientops-remediation-queue-contract.test.ts:[2m28:15[22m[39m
    [90m 26| [39m  it('exists and scopes to a single client for the Client role, same p…
    [90m 27| [39m    [35mconst[39m s [33m=[39m [34msource[39m()[33m;[39m
    [90m 28| [39m    expect(s).toContain("router.get('/remediations', async (req: Authe…
    [90m   | [39m              [31m^[39m
    [90m 29| [39m    expect(s).toContain('AND (${clientScope}::text IS NULL OR client_i…
    [90m 30| [39m  })[33m;[39m

[31m[2m⎯⎯⎯⎯⎯⎯⎯⎯⎯⎯⎯⎯⎯⎯⎯⎯⎯⎯⎯⎯⎯[30/141]⎯[22m[39m

[41m[1m FAIL [22m[49m tests/clientops-remediation-queue-contract.test.ts[2m > [22mGET /trust-loop/remediations (list) and client scoping[2m > [22mpopulates client_id from the finding at creation time
[31m[1mAssertionError[22m: expected 'import { Router } from \'express\';\n…' to contain '${finding.client_id},${p.externalSyst…'[39m

[32m- Expected[39m
[31m+ Received[39m

[32m- ${finding.client_id},${p.externalSystem}[39m
[31m+ import { Router } from 'express';[39m
[31m+ import { sql } from 'drizzle-orm';[39m
[31m+ import crypto from 'node:crypto';[39m
[31m+ import { z } from 'zod';[39m
[31m+ import { AuthenticatedRequest } from '../middleware/security.ts';[39m
[31m+ import { decryptCredentials } from '../integrations/credential-vault.ts';[39m
[31m+ import { collectDeepProviderEvidence } from '../integrations/deep-collectors.ts';[39m
[31m+ import { collectGitHubDeepEvidence } from '../integrations/github-deep.ts';[39m
[31m+ import { persistTrustLoop, verifyRemediation } from '../trust/trust-loop.ts';[39m
[31m+[39m
[31m+ const collectSchema = z.object({ passportId: z.string().trim().min(1).max(255), provider: z.string().trim().min(1).max(64) }).strict();[39m
[31m+ const remediationSchema = z.object({[39m
[31m+   findingId: z.string().trim().min(1),[39m
[31m+   title: z.string().trim().min(1).max(255),[39m
[31m+   description: z.string().max(4000).optional(),[39m
[31m+   assigneeId: z.string().max(255).optional(),[39m
[31m+   assigneeDisplay: z.string().max(255).optional(),[39m
[31m+   externalSystem: z.string().trim().min(1).max(64).default('SPR'),[39m
[31m+   externalTicketId: z.string().max(255).optional(),[39m
[31m+   slaDueAt: z.string().datetime().optional(),[39m
[31m+   priority: z.enum(['LOW', 'MEDIUM', 'HIGH', 'CRITICAL']).default('HIGH'),[39m
[31m+ }).strict();[39m
[31m+ const remediationUpdateSchema = z.object({ status: z.enum(['OPEN', 'IN_PROGRESS', 'BLOCKED', 'READY_FOR_VERIFICATION', 'VERIFIED', 'CLOSED', 'CANCELLED']), ownerId: z.string().max(255).optional(), ownerDisplay: z.string().max(255).optional(), slaDueAt: z.string().datetime().nullable().optional() }).strict();[39m
[31m+ const verifySchema = z.object({ findingId: z.string().trim().min(1), observationIds: z.array(z.string().min(1)).max(50), evidenceIds: z.array(z.string().min(1)).max(200) }).strict();[39m
[31m+ const reportTypes = z.enum(['executive', 'technical', 'msp', 'customer', 'compliance', 'vendor', 'auditor', 'evidence-ledger']);[39m
[31m+ function id(prefix: string) { return `${prefix}_${crypto.randomUUID().replaceAll('-', '')}`; }[39m
[31m+ function parseJson(value: unknown, fallback: unknown = []) { try { return value ? JSON.parse(String(value)) : fallback; } catch { return fallback; } }[39m
[31m+[39m
[31m+ const SEVERITY_ORDER = ['critical', 'high', 'medium', 'low'];[39m
[31m+[39m
[31m+ export type ReportPassportRow = {[39m
[31m+   overall_score: number | null;[39m
[31m+   security_score: number | null;[39m
[31m+   compliance_score: number | null;[39m
[31m+   verification_status: string | null;[39m
[31m+   confidence_score: number | null;[39m
[31m+   evidence_completeness: number | null;[39m
[31m+ };[39m
[31m+[39m
[31m+ export function deriveReportRiskFields(passport: ReportPassportRow) {[39m
[31m+   const verificationStatus = passport.verification_status || 'unverified';[39m
[31m+   const isMeasured = verificationStatus !== 'unverified';[39m
[31m+   return {[39m
[31m+     canonicalScore: isMeasured ? passport.overall_score : null,[39m
[31m+     verificationStatus,[39m
[31m+     confidenceBasisPoints: isMeasured && passport.confidence_score != null ? Math.round(passport.confidence_score * 100) : null,[39m
[31m+     completenessBasisPoints: isMeasured && passport.evidence_completeness != null ? Math.round(passport.evidence_completeness * 100) : null,[39m
[31m+   };[39m
[31m+ }[39m
[31m+[39m
[31m+ function buildReportTypeExtras(reportType: string, passport: any, findings: any[]) {[39m
[31m+   if (reportType === 'sbom') {[39m
[31m+     const components = parseJson(passport.sbom, []) as any[];[39m
[31m+     const vulnerabilities = parseJson(passport.vulnerabilities, []) as any[];[39m
[31m+     const sbom = components.map((component) => {[39m
[31m+       const name = component?.name || component?.packageName || component?.component;[39m
[31m+       const matched = vulnerabilities.filter((vuln) => (vuln?.component || vuln?.packageName || vuln?.package) === name);[39m
[31m+       return { ...component, vulnerabilityCount: matched.length, criticalOrHighCount: matched.filter((vuln) => SEVERITY_ORDER.slice(0, 2).includes(String(vuln?.severity || '').toLowerCase())).length };[39m
[31m+     });[39m
[31m+     return { sbom };[39m
[31m+   }[39m
[31m+   if (reportType === 'compliance') {[39m
[31m+     const byControl = new Map<string, { controlId: string; findingCount: number; openCount: number; worstSeverity: string; findingIds: string[] }>();[39m
[31m+     for (const finding of findings) {[39m
[31m+       const controlId = finding.control_id || 'unmapped';[39m
[31m+       const entry = byControl.get(controlId) || { controlId, findingCount: 0, openCount: 0, worstSeverity: 'low', findingIds: [] as string[] };[39m
[31m+       entry.findingCount += 1;[39m
[31m+       entry.findingIds.push(finding.id);[39m
[31m+       if (!['resolved', 'closed', 'verified'].includes(String(finding.status || '').toLowerCase())) entry.openCount += 1;[39m
[31m+       const severity = String(finding.severity || '').toLowerCase();[39m
[31m+       if (SEVERITY_ORDER.includes(severity) && SEVERITY_ORDER.indexOf(severity) < SEVERITY_ORDER.indexOf(entry.worstSeverity)) entry.worstSeverity = severity;[39m
[31m+       byControl.set(controlId, entry);[39m
[31m+     }[39m
[31m+     return { controls: [...byControl.values()] };[39m
[31m+   }[39m
[31m+   return {};[39m
[31m+ }[39m
[31m+[39m
[31m+ export function createTrustLoopRouter() {[39m
[31m+   const router = Router();[39m
[31m+[39m
[31m+   router.post('/collect', async (req: AuthenticatedRequest, res, next) => {[39m
[31m+     const parsed = collectSchema.safeParse(req.body);[39m
[31m+     if (!parsed.success) return res.status(400).json({ error: 'INVALID_PAYLOAD', details: parsed.error.flatten() });[39m
[31m+     const { passportId, provider } = parsed.data;[39m
[31m+     const tenantId = req.user!.tenantId;[39m
[31m+     const runId = id('collect');[39m
[31m+     const startedAt = new Date().toISOString();[39m
[31m+     const db = req.db!;[39m
[31m+     try {[39m
[31m+       const passport = (await db.execute(sql`SELECT id,client_id FROM passports WHERE id=${passportId} AND tenant_id=${tenantId} LIMIT 1`) as any).rows?.[0];[39m
[31m+       if (!passport) return res.status(404).json({ error: 'PASSPORT_NOT_FOUND' });[39m
[31m+       const stored = (await db.execute(sql`SELECT encrypted_payload FROM integration_credentials WHERE tenant_id=${tenantId} AND provider=${provider} LIMIT 1`) as any).rows?.[0];[39m
[31m+       if (!stored?.encrypted_payload) return res.status(409).json({ error: 'CREDENTIAL_NOT_CONFIGURED' });[39m
[31m+[39m
[31m+       await db.execute(sql`INSERT INTO trust_collection_runs (id,tenant_id,passport_id,provider,started_at,status,idempotency_key,created_at) VALUES (${runId},${tenantId},${passportId},${provider},${startedAt},'RUNNING',${`${tenantId}:${passportId}:${provider}:${startedAt}`},${startedAt})`);[39m
[31m+       const credentials = decryptCredentials(stored.encrypted_payload) as Record<string, string>;[39m
[31m+       const observations = provider === 'github' ? await collectGitHubDeepEvidence(credentials) : await collectDeepProviderEvidence(provider as any, credentials);[39m
[31m+       const result = await persistTrustLoop({ tenantId, passportId, clientId: passport.client_id || passport.id, assetId: passport.id, observations, generationReason: 'provider_collection', actorType: 'worker', collectorVersionMap: { [provider]: 'deep-v2' } });[39m
[31m+       const completedAt = new Date().toISOString();[39m
[31m+       await db.execute(sql`UPDATE trust_collection_runs SET completed_at=${completedAt},status='SUCCEEDED',observation_count=${observations.length},evidence_count=${result.evidenceIds.length},failure_count=${observations.filter((o) => o.status === 'FAIL').length},collector_version='deep-v2' WHERE id=${runId} AND tenant_id=${tenantId}`);[39m
[31m+       await db.execute(sql`INSERT INTO trust_monitoring_state (id,tenant_id,passport_id,provider,next_run_at,last_run_at,last_success_at,last_evidence_hash,consecutive_failures,status,updated_at) VALUES (${id('monitor')},${tenantId},${passportId},${provider},${new Date(Date.now()+3600000).toISOString()},${completedAt},${completedAt},${result.payloadHash},0,'HEALTHY',${completedAt}) ON CONFLICT (tenant_id,passport_id,provider) DO UPDATE SET next_run_at=EXCLUDED.next_run_at,last_run_at=EXCLUDED.last_run_at,last_success_at=EXCLUDED.last_success_at,last_evidence_hash=EXCLUDED.last_evidence_hash,consecutive_failures=0,status='HEALTHY',updated_at=EXCLUDED.updated_at`);[39m
[31m+       return res.json({ runId, provider, observationCount: observations.length, ...result });[39m
[31m+     } catch (error) {[39m
[31m+       const completedAt = new Date().toISOString();[39m
[31m+       await db.execute(sql`UPDATE trust_collection_runs SET completed_at=${completedAt},status='FAILED',error_code='COLLECTION_FAILED',error_message=${error instanceof Error ? error.message.slice(0,1000) : 'COLLECTION_FAILED'} WHERE id=${runId} AND tenant_id=${tenantId}`).catch(() => undefined);[39m
[31m+       await db.execute(sql`UPDATE trust_monitoring_state SET last_run_at=${completedAt},last_failure_at=${completedAt},consecutive_failures=consecutive_failures+1,status=CASE WHEN consecutive_failures+1 >= 5 THEN 'FAILED' ELSE 'DEGRADED' END,updated_at=${completedAt} WHERE tenant_id=${tenantId} AND passport_id=${passportId} AND provider=${provider}`).catch(() => undefined);[39m
[31m+       return next(error);[39m
[31m+     }[39m
[31m+   });[39m
[31m+[39m
[31m+   const findingsWithRemediationSelect = sql`[39m
[31m+     SELECT f.*, r.id AS remediation_id, r.status AS remediation_status, r.owner_id AS remediation_owner_id,[39m
[31m+            r.owner_display AS remediation_owner_display, r.sla_due_at AS remediation_sla_due_at, r.updated_at AS remediation_updated_at[39m
[31m+     FROM trust_findings f[39m
[31m+     LEFT JOIN LATERAL ([39m
[31m+       SELECT * FROM trust_remediation_work_items w[39m
[31m+       WHERE w.tenant_id = f.tenant_id AND w.finding_id = f.id[39m
[31m+       ORDER BY w.created_at DESC LIMIT 1[39m
[31m+     ) r ON true[39m
[31m+   `;[39m
[31m+   router.get('/findings', async (req: AuthenticatedRequest, res, next) => {[39m
[31m+     try {[39m
[31m+       const db = req.db!;[39m
[31m+       const tenantId = req.user!.tenantId;[39m
[31m+       const passportId = typeof req.query.passportId === 'string' ? req.query.passportId : null;[39m
[31m+       const rows = passportId[39m
[31m+         ? await db.execute(sql`${findingsWithRemediationSelect} WHERE f.tenant_id=${tenantId} AND f.passport_id=${passportId} ORDER BY CASE f.severity WHEN 'critical' THEN 1 WHEN 'high' THEN 2 WHEN 'medium' THEN 3 WHEN 'low' THEN 4 ELSE 5 END,f.updated_at DESC`)[39m
[31m+         : await db.execute(sql`${findingsWithRemediationSelect} WHERE f.tenant_id=${tenantId} ORDER BY f.updated_at DESC`);[39m
[31m+       return res.json({ findings: (rows as any).rows || [] });[39m
[31m+     } catch (error) { return next(error); }[39m
[31m+   });[39m
[31m+[39m
[31m+   router.post('/remediations', async (req: AuthenticatedRequest, res, next) => {[39m
[31m+     const parsed = remediationSchema.safeParse(req.body);[39m
[31m+     if (!parsed.success) return res.status(400).json({ error: 'INVALID_PAYLOAD', details: parsed.error.flatten() });[39m
[31m+     try {[39m
[31m+       const db = req.db!;[39m
[31m+       const p = parsed.data;[39m
[31m+       const tenantId = req.user!.tenantId;[39m
[31m+       const finding = (await db.execute(sql`SELECT id,client_id,passport_id,title,description FROM trust_findings WHERE id=${p.findingId} AND tenant_id=${tenantId} LIMIT 1`) as any).rows?.[0];[39m
[31m+       if (!finding) return res.status(404).json({ error: 'FINDING_NOT_FOUND' });[39m
[31m+       const now = new Date().toISOString();[39m
[31m+       const workId = id('remed');[39m
[31m+       await db.execute(sql`INSERT INTO trust_remediation_work_items (id,tenant_id,passport_id,finding_id,external_system,external_ticket_id,owner_id,owner_display,sla_due_at,status,remediation_plan,created_at,updated_at) VALUES (${workId},${tenantId},${finding.passport_id},${finding.id},${p.externalSystem},${p.externalTicketId ?? null},${p.assigneeId ?? null},${p.assigneeDisplay ?? null},${p.slaDueAt ?? null},'OPEN',${p.description || finding.description},${now},${now})`);[39m
[31m+       await db.execute(sql`INSERT INTO remediation_tasks (id,tenant_id,client_id,alert_id,title,description,priority,status,assignee_id,created_by,created_at,updated_at) VALUES (${workId},${tenantId},${finding.client_id},${finding.id},${p.title},${p.description || finding.description},${p.priority},'OPEN',${p.assigneeId ?? null},${req.user!.uid},${now},${now})`);[39m
[31m+       const created = (await db.execute(sql`SELECT * FROM trust_remediation_work_items WHERE id=${workId} AND tenant_id=${tenantId} LIMIT 1`) as any).rows?.[0];[39m
[31m+       return res.status(201).json({ ...created, title: p.title });[39m
[31m+     } catch (error) { return next(error); }[39m
[31m+   });[39m
[31m+[39m
[31m+   router.get('/remediations/:id', async (req: AuthenticatedRequest, res, next) => {[39m
[31m+     try {[39m
[31m+       const db = req.db!;[39m
[31m+       const tenantId = req.user!.tenantId;[39m
[31m+       const row = (await db.execute(sql`SELECT w.*, f.title AS finding_title FROM trust_remediation_work_items w JOIN trust_findings f ON f.id = w.finding_id AND f.tenant_id = w.tenant_id WHERE w.id=${req.params.id} AND w.tenant_id=${tenantId} LIMIT 1`) as any).rows?.[0];[39m
[31m+       if (!row) return res.status(404).json({ error: 'REMEDIATION_NOT_FOUND' });[39m
[31m+       return res.json({ ...row, title: row.finding_title });[39m
[31m+     } catch (error) { return next(error); }[39m
[31m+   });[39m
[31m+[39m
[31m+   router.post('/remediations/:id/verify-latest', async (req: AuthenticatedRequest, res, next) => {[39m
[31m+     try {[39m
[31m+       const db = req.db!;[39m
[31m+       const tenantId = req.user!.tenantId;[39m
[31m+       const work = (await db.execute(sql`SELECT id,finding_id,passport_id FROM trust_remediation_work_items WHERE id=${req.params.id} AND tenant_id=${tenantId} LIMIT 1`) as any).rows?.[0];[39m
[31m+       if (!work) return res.status(404).json({ error: 'REMEDIATION_NOT_FOUND' });[39m
[31m+       const latestObservation = (await db.execute(sql`SELECT id,evidence_ids FROM trust_observations WHERE tenant_id=${tenantId} AND passport_id=${work.passport_id} ORDER BY observation_version DESC LIMIT 1`) as any).rows?.[0];[39m
[31m+       if (!latestObservation) return res.status(409).json({ error: 'NO_OBSERVATION_ON_FILE', message: 'SPR has no recorded observation for this software yet. Collect evidence before verifying.' });[39m
[31m+       const evidenceIds: string[] = parseJson(latestObservation.evidence_ids, []) as string[];[39m
[31m+       const result = await verifyRemediation({ tenantId, findingId: work.finding_id, observationIds: [latestObservation.id], evidenceIds, actorId: req.user!.uid });[39m
[31m+       const now = new Date().toISOString();[39m
[31m+       await db.execute(sql`UPDATE trust_remediation_work_items SET status='VERIFIED',updated_at=${now},closed_at=${now} WHERE id=${work.id} AND tenant_id=${tenantId}`);[39m
[31m+       const row = (await db.execute(sql`SELECT * FROM trust_remediation_work_items WHERE id=${work.id} AND tenant_id=${tenantId} LIMIT 1`) as any).rows?.[0];[39m
[31m+       return res.json({ ...row, verification: result });[39m
[31m+     } catch (error: any) {[39m
[31m+       const message = error instanceof Error ? error.message : String(error);[39m
[31m+       if (/^VERIFICATION_|^FINDING_NOT_FOUND$/.test(message)) return res.status(409).json({ error: message });[39m
[31m+       return next(error);[39m
[31m+     }[39m
[31m+   });[39m
[31m+[39m
[31m+   router.patch('/remediations/:id', async (req: AuthenticatedRequest, res, next) => {[39m
[31m+     const parsed = remediationUpdateSchema.safeParse(req.body);[39m
[31m+     if (!parsed.success) return res.status(400).json({ error: 'INVALID_PAYLOAD', details: parsed.error.flatten() });[39m
[31m+     try {[39m
[31m+       const db = req.db!;[39m
[31m+       const tenantId = req.user!.tenantId;[39m
[31m+       const p = parsed.data;[39m
[31m+       const now = new Date().toISOString();[39m
[31m+       const rows = await db.execute(sql`UPDATE trust_remediation_work_items SET status=${p.status},owner_id=COALESCE(${p.ownerId ?? null},owner_id),owner_display=COALESCE(${p.ownerDisplay ?? null},owner_display),sla_due_at=CASE WHEN ${p.slaDueAt === undefined} THEN sla_due_at ELSE ${p.slaDueAt} END,updated_at=${now},closed_at=CASE WHEN ${p.status} IN ('CLOSED','VERIFIED') THEN ${now} ELSE closed_at END WHERE id=${req.params.id} AND tenant_id=${tenantId} RETURNING *`);[39m
[31m+       const row = (rows as any).rows?.[0];[39m
[31m+       if (!row) return res.status(404).json({ error: 'REMEDIATION_NOT_FOUND' });[39m
[31m+       return res.json(row);[39m
[31m+     } catch (error) { return next(error); }[39m
[31m+   });[39m
[31m+[39m
[31m+   router.post('/verify', async (req: AuthenticatedRequest, res, next) => {[39m
[31m+     const parsed = verifySchema.safeParse(req.body);[39m
[31m+     if (!parsed.success) return res.status(400).json({ error: 'INVALID_PAYLOAD', details: parsed.error.flatten() });[39m
[31m+     try {[39m
[31m+       const db = req.db!;[39m
[31m+       const result = await verifyRemediation({ ...parsed.data, tenantId: req.user!.tenantId, actorId: req.user!.uid });[39m
[31m+       await db.execute(sql`UPDATE trust_remediation_work_items SET status='VERIFIED',updated_at=${new Date().toISOString()},closed_at=${new Date().toISOString()} WHERE tenant_id=${req.user!.tenantId} AND finding_id=${parsed.data.findingId}`);[39m
[31m+       return res.json(result);[39m
[31m+     } catch (error) { return next(error); }[39m
[31m+   });[39m
[31m+[39m
[31m+   router.get('/monitoring', async (req: AuthenticatedRequest, res, next) => {[39m
[31m+     try {[39m
[31m+       const db = req.db!;[39m
[31m+       const tenantId = req.user!.tenantId;[39m
[31m+       const passportId = typeof req.query.passportId === 'string' ? req.query.passportId : null;[39m
[31m+       const rows = passportId ? await db.execute(sql`SELECT * FROM trust_monitoring_state WHERE tenant_id=${tenantId} AND passport_id=${passportId} ORDER BY provider`) : await db.execute(sql`SELECT * FROM trust_monitoring_state WHERE tenant_id=${tenantId} ORDER BY passport_id,provider`);[39m
[31m+       const alerts = passportId ? await db.execute(sql`SELECT * FROM trust_alerts WHERE tenant_id=${tenantId} AND passport_id=${passportId} ORDER BY created_at DESC`) : await db.execute(sql`SELECT * FROM trust_alerts WHERE tenant_id=${tenantId} ORDER BY created_at DESC`);[39m
[31m+       return res.json({ monitoring: (rows as any).rows || [], alerts: (alerts as any).rows || [] });[39m
[31m+     } catch (error) { return next(error); }[39m
[31m+   });[39m
[31m+[39m
[31m+   router.get('/ledger/:passportId', async (req: AuthenticatedRequest, res, next) => {[39m
[31m+     try {[39m
[31m+       const db = req.db!;[39m
[31m+       const tenantId = req.user!.tenantId;[39m
[31m+       const passportId = req.params.passportId;[39m
[31m+       const scope = await db.execute(sql`SELECT id FROM passports WHERE id=${passportId} AND tenant_id=${tenantId} LIMIT 1`);[39m
[31m+       if (!(scope as any).rows?.length) return res.status(404).json({ error: 'PASSPORT_NOT_FOUND' });[39m
[31m+       const observations = await db.execute(sql`SELECT id,observation_version,generated_at,previous_observation_id,evidence_ids,finding_ids,canonical_payload_hash,completeness_basis_points,open_finding_count,unknown_dimension_count FROM trust_observations WHERE tenant_id=${tenantId} AND passport_id=${passportId} ORDER BY observation_version DESC`);[39m
[31m+       const evidence = await db.execute(sql`SELECT id,provider,control_id,subject,source_url,observed_at,verification_method,status,severity,evidence_hash,limitation FROM evidence_ledger WHERE tenant_id=${tenantId} AND passport_id=${passportId} ORDER BY observed_at DESC`);[39m
[31m+       const findings = await db.execute(sql`SELECT id,control_id,title,severity,status,evidence_ids,fingerprint,updated_at,resolved_at FROM trust_findings WHERE tenant_id=${tenantId} AND passport_id=${passportId} ORDER BY updated_at DESC`);[39m
[31m+       const remediation = await db.execute(sql`SELECT * FROM trust_remediation_work_items WHERE tenant_id=${tenantId} AND passport_id=${passportId} ORDER BY updated_at DESC`);[39m
[31m+       const verification = await db.execute(sql`SELECT * FROM remediation_verification_ledger WHERE tenant_id=${tenantId} AND finding_id IN (SELECT id FROM trust_findings WHERE tenant_id=${tenantId} AND passport_id=${passportId}) ORDER BY created_at DESC`);[39m
[31m+       return res.json({ observations: (observations as any).rows || [], findings: (findings as any).rows || [], evidence: (evidence as any).rows || [], remediation: (remediation as any).rows || [], verification: (verification as any).rows || [], trace: 'Report -> Passport -> Risk -> Finding -> Observation -> Provider -> Source -> Timestamp -> Hash' });[39m
[31m+     } catch (error) { return next(error); }[39m
[31m+   });[39m
[31m+[39m
[31m+   router.get('/reports/:passportId/history', async (req: AuthenticatedRequest, res, next) => {[39m
[31m+     try {[39m
[31m+       const db = req.db!;[39m
[31m+       const tenantId = req.user!.tenantId;[39m
[31m+       const passportId = req.params.passportId;[39m
[31m+       const typeFilter = typeof req.query.type === 'string' ? reportTypes.safeParse(req.query.type) : null;[39m
[31m+       if (typeFilter && !typeFilter.success) return res.status(400).json({ error: 'INVALID_REPORT_TYPE' });[39m
[31m+       const rows = typeFilter?.success[39m
[31m+         ? await db.execute(sql`SELECT id,report_type,generated_at,score,confidence_basis_points,completeness_basis_points,canonical_payload_hash FROM trust_report_snapshots WHERE tenant_id=${tenantId} AND passport_id=${passportId} AND report_type=${typeFilter.data} ORDER BY generated_at DESC LIMIT 50`)[39m
[31m+         : await db.execute(sql`SELECT id,report_type,generated_at,score,confidence_basis_points,completeness_basis_points,canonical_payload_hash FROM trust_report_snapshots WHERE tenant_id=${tenantId} AND passport_id=${passportId} ORDER BY generated_at DESC LIMIT 50`);[39m
[31m+       return res.json({ snapshots: (rows as any).rows || [] });[39m
[31m+     } catch (error) { return next(error); }[39m
[31m+   });[39m
[31m+[39m
[31m+   router.get('/reports/:passportId/history/:snapshotId', async (req: AuthenticatedRequest, res, next) => {[39m
[31m+     try {[39m
[31m+       const db = req.db!;[39m
[31m+       const tenantId = req.user!.tenantId;[39m
[31m+       const row = (await db.execute(sql`SELECT payload,canonical_payload_hash,generated_at,report_type FROM trust_report_snapshots WHERE id=${req.params.snapshotId} AND tenant_id=${tenantId} AND passport_id=${req.params.passportId} LIMIT 1`) as any).rows?.[0];[39m
[31m+       if (!row) return res.status(404).json({ error: 'REPORT_SNAPSHOT_NOT_FOUND' });[39m
[31m+       const payload = parseJson(row.payload, {});[39m
[31m+       return res.json({ ...(payload as object), reportHash: row.canonical_payload_hash });[39m
[31m+     } catch (error) { return next(error); }[39m
[31m+   });[39m
[31m+[39m
[31m+   router.get('/reports/:passportId', async (req: AuthenticatedRequest, res, next) => {[39m
[31m+     try {[39m
[31m+       const parsed = reportTypes.safeParse(req.query.type || 'executive');[39m
[31m+       if (!parsed.success) return res.status(400).json({ error: 'INVALID_REPORT_TYPE' });[39m
[31m+       const report = await buildAndPersistReport(req.db!, req.user!.tenantId, String(req.params.passportId), parsed.data);[39m
[31m+       if (!report) return res.status(404).json({ error: 'PASSPORT_NOT_FOUND' });[39m
[31m+       return res.json(report);[39m
[31m+     } catch (error) { return next(error); }[39m
[31m+   });[39m
[31m+[39m
[31m+   return router;[39m
[31m+ }[39m
[31m+[39m
[31m+ export async function buildAndPersistReport(db: any, tenantId: string, passportId: string, reportType: string) {[39m
[31m+   const passport = (await db.execute(sql`SELECT id,name,overall_score,security_score,compliance_score,verification_status,confidence_score,evidence_completeness,sbom,evidence,vulnerabilities,timeline FROM passports WHERE id=${passportId} AND tenant_id=${tenantId} LIMIT 1`) as any).rows?.[0];[39m
[31m+   if (!passport) return null;[39m
[31m+   const findings = (await db.execute(sql`SELECT id,control_id,title,severity,status,description,remediation,evidence_ids,updated_at,resolved_at FROM trust_findings WHERE tenant_id=${tenantId} AND passport_id=${passportId} ORDER BY CASE severity WHEN 'critical' THEN 1 WHEN 'high' THEN 2 WHEN 'medium' THEN 3 WHEN 'low' THEN 4 ELSE 5 END,updated_at DESC`) as any).rows || [];[39m
[31m+   const evidence = (await db.execute(sql`SELECT id,provider,control_id,subject,source_url,observed_at,verification_method,status,severity,evidence_hash,limitation FROM evidence_ledger WHERE tenant_id=${tenantId} AND passport_id=${passportId} ORDER BY observed_at DESC`) as any).rows || [];[39m
[31m+   const observations = (await db.execute(sql`SELECT id,observation_version,generated_at,previous_observation_id,evidence_ids,finding_ids,canonical_payload_hash,completeness_basis_points,confidence_basis_points,open_finding_count,unknown_dimension_count FROM trust_observations WHERE tenant_id=${tenantId} AND passport_id=${passportId} ORDER BY observation_version DESC`) as any).rows || [];[39m
[31m+   const remediation = (await db.execute(sql`SELECT * FROM trust_remediation_work_items WHERE tenant_id=${tenantId} AND passport_id=${passportId} ORDER BY updated_at DESC`) as any).rows || [];[39m
[31m+   const verification = (await db.execute(sql`SELECT * FROM remediation_verification_ledger WHERE tenant_id=${tenantId} AND finding_id IN (SELECT id FROM trust_findings WHERE tenant_id=${tenantId} AND passport_id=${passportId}) ORDER BY created_at DESC`) as any).rows || [];[39m
[31m+   const latest = observations[0];[39m
[31m+   const risk = deriveReportRiskFields(passport as ReportPassportRow);[39m
[31m+   const report = {[39m
[31m+     schemaVersion: 'spr.report.v2', reportType, generatedAt: new Date().toISOString(), passport: { id: passport.id, name: passport.name },[39m
[31m+     risk: { overall: risk.canonicalScore, security: passport.security_score, compliance: passport.compliance_score, verificationStatus: risk.verificationStatus },[39m
[31m+     evidenceQuality: { completenessBasisPoints: risk.completenessBasisPoints, confidenceBasisPoints: risk.confidenceBasisPoints, unknownDimensions: latest?.unknown_dimension_count ?? 0, latestObservationAt: latest?.generated_at ?? null },[39m
[31m+     findings, evidence, observations, remediation, verification,[39m
[31m+     traceability: 'Report -> Passport -> Risk -> Finding -> Observation -> Provider -> Source -> Timestamp -> Hash',[39m
[31m+     resolutionTraceability: 'Finding -> remediation -> new observation -> independent verification',[39m
[31m+     limitations: evidence.filter((item: any) => item.limitation).map((item: any) => ({ evidenceId: item.id, limitation: item.limitation })),[39m
[31m+     ...buildReportTypeExtras(reportType, passport, findings),[39m
[31m+   };[39m
[31m+   const canonicalPayload = JSON.stringify(report);[39m
[31m+   const reportHash = crypto.createHash('sha256').update(canonicalPayload).digest('hex');[39m
[31m+   await db.execute(sql`INSERT INTO trust_report_snapshots (id,tenant_id,passport_id,report_type,generated_at,score,confidence_basis_points,completeness_basis_points,evidence_ids,finding_ids,observation_id,canonical_payload_hash,payload,created_at) VALUES (${id('report')},${tenantId},${passportId},${reportType},${report.generatedAt},${risk.canonicalScore},${risk.confidenceBasisPoints},${risk.completenessBasisPoints},${JSON.stringify(evidence.map((item: any) => item.id))},${JSON.stringify(findings.map((item: any) => item.id))},${latest?.id ?? null},${reportHash},${canonicalPayload},${report.generatedAt}) ON CONFLICT (tenant_id,passport_id,report_type,canonical_payload_hash) DO NOTHING`);[39m
[31m+   return { ...report, reportHash };[39m
[31m+ }[39m
[31m+[39m

[36m [2m❯[22m tests/clientops-remediation-queue-contract.test.ts:[2m32:22[22m[39m
    [90m 30| [39m  })[33m;[39m
    [90m 31| [39m  [34mit[39m([32m'populates client_id from the finding at creation time'[39m[33m,[39m () [33m=>[39m {
    [90m 32| [39m    expect(source()).toContain('${finding.client_id},${p.externalSyste…
    [90m   | [39m                     [31m^[39m
    [90m 33| [39m  })[33m;[39m
    [90m 34| [39m  it('notes require the caller to already have access to the remediati…

[31m[2m⎯⎯⎯⎯⎯⎯⎯⎯⎯⎯⎯⎯⎯⎯⎯⎯⎯⎯⎯⎯⎯[31/141]⎯[22m[39m

[41m[1m FAIL [22m[49m tests/clientops-remediation-queue-contract.test.ts[2m > [22mGET /trust-loop/remediations (list) and client scoping[2m > [22mnotes require the caller to already have access to the remediation (tenant + client scope), before insert
[31m[1mAssertionError[22m: expected 'import { Router } from \'express\';\n…' to contain 'router.post(\'/remediations/:id/notes…'[39m

[32m- Expected[39m
[31m+ Received[39m

[32m- router.post('/remediations/:id/notes'[39m
[31m+ import { Router } from 'express';[39m
[31m+ import { sql } from 'drizzle-orm';[39m
[31m+ import crypto from 'node:crypto';[39m
[31m+ import { z } from 'zod';[39m
[31m+ import { AuthenticatedRequest } from '../middleware/security.ts';[39m
[31m+ import { decryptCredentials } from '../integrations/credential-vault.ts';[39m
[31m+ import { collectDeepProviderEvidence } from '../integrations/deep-collectors.ts';[39m
[31m+ import { collectGitHubDeepEvidence } from '../integrations/github-deep.ts';[39m
[31m+ import { persistTrustLoop, verifyRemediation } from '../trust/trust-loop.ts';[39m
[31m+[39m
[31m+ const collectSchema = z.object({ passportId: z.string().trim().min(1).max(255), provider: z.string().trim().min(1).max(64) }).strict();[39m
[31m+ const remediationSchema = z.object({[39m
[31m+   findingId: z.string().trim().min(1),[39m
[31m+   title: z.string().trim().min(1).max(255),[39m
[31m+   description: z.string().max(4000).optional(),[39m
[31m+   assigneeId: z.string().max(255).optional(),[39m
[31m+   assigneeDisplay: z.string().max(255).optional(),[39m
[31m+   externalSystem: z.string().trim().min(1).max(64).default('SPR'),[39m
[31m+   externalTicketId: z.string().max(255).optional(),[39m
[31m+   slaDueAt: z.string().datetime().optional(),[39m
[31m+   priority: z.enum(['LOW', 'MEDIUM', 'HIGH', 'CRITICAL']).default('HIGH'),[39m
[31m+ }).strict();[39m
[31m+ const remediationUpdateSchema = z.object({ status: z.enum(['OPEN', 'IN_PROGRESS', 'BLOCKED', 'READY_FOR_VERIFICATION', 'VERIFIED', 'CLOSED', 'CANCELLED']), ownerId: z.string().max(255).optional(), ownerDisplay: z.string().max(255).optional(), slaDueAt: z.string().datetime().nullable().optional() }).strict();[39m
[31m+ const verifySchema = z.object({ findingId: z.string().trim().min(1), observationIds: z.array(z.string().min(1)).max(50), evidenceIds: z.array(z.string().min(1)).max(200) }).strict();[39m
[31m+ const reportTypes = z.enum(['executive', 'technical', 'msp', 'customer', 'compliance', 'vendor', 'auditor', 'evidence-ledger']);[39m
[31m+ function id(prefix: string) { return `${prefix}_${crypto.randomUUID().replaceAll('-', '')}`; }[39m
[31m+ function parseJson(value: unknown, fallback: unknown = []) { try { return value ? JSON.parse(String(value)) : fallback; } catch { return fallback; } }[39m
[31m+[39m
[31m+ const SEVERITY_ORDER = ['critical', 'high', 'medium', 'low'];[39m
[31m+[39m
[31m+ export type ReportPassportRow = {[39m
[31m+   overall_score: number | null;[39m
[31m+   security_score: number | null;[39m
[31m+   compliance_score: number | null;[39m
[31m+   verification_status: string | null;[39m
[31m+   confidence_score: number | null;[39m
[31m+   evidence_completeness: number | null;[39m
[31m+ };[39m
[31m+[39m
[31m+ export function deriveReportRiskFields(passport: ReportPassportRow) {[39m
[31m+   const verificationStatus = passport.verification_status || 'unverified';[39m
[31m+   const isMeasured = verificationStatus !== 'unverified';[39m
[31m+   return {[39m
[31m+     canonicalScore: isMeasured ? passport.overall_score : null,[39m
[31m+     verificationStatus,[39m
[31m+     confidenceBasisPoints: isMeasured && passport.confidence_score != null ? Math.round(passport.confidence_score * 100) : null,[39m
[31m+     completenessBasisPoints: isMeasured && passport.evidence_completeness != null ? Math.round(passport.evidence_completeness * 100) : null,[39m
[31m+   };[39m
[31m+ }[39m
[31m+[39m
[31m+ function buildReportTypeExtras(reportType: string, passport: any, findings: any[]) {[39m
[31m+   if (reportType === 'sbom') {[39m
[31m+     const components = parseJson(passport.sbom, []) as any[];[39m
[31m+     const vulnerabilities = parseJson(passport.vulnerabilities, []) as any[];[39m
[31m+     const sbom = components.map((component) => {[39m
[31m+       const name = component?.name || component?.packageName || component?.component;[39m
[31m+       const matched = vulnerabilities.filter((vuln) => (vuln?.component || vuln?.packageName || vuln?.package) === name);[39m
[31m+       return { ...component, vulnerabilityCount: matched.length, criticalOrHighCount: matched.filter((vuln) => SEVERITY_ORDER.slice(0, 2).includes(String(vuln?.severity || '').toLowerCase())).length };[39m
[31m+     });[39m
[31m+     return { sbom };[39m
[31m+   }[39m
[31m+   if (reportType === 'compliance') {[39m
[31m+     const byControl = new Map<string, { controlId: string; findingCount: number; openCount: number; worstSeverity: string; findingIds: string[] }>();[39m
[31m+     for (const finding of findings) {[39m
[31m+       const controlId = finding.control_id || 'unmapped';[39m
[31m+       const entry = byControl.get(controlId) || { controlId, findingCount: 0, openCount: 0, worstSeverity: 'low', findingIds: [] as string[] };[39m
[31m+       entry.findingCount += 1;[39m
[31m+       entry.findingIds.push(finding.id);[39m
[31m+       if (!['resolved', 'closed', 'verified'].includes(String(finding.status || '').toLowerCase())) entry.openCount += 1;[39m
[31m+       const severity = String(finding.severity || '').toLowerCase();[39m
[31m+       if (SEVERITY_ORDER.includes(severity) && SEVERITY_ORDER.indexOf(severity) < SEVERITY_ORDER.indexOf(entry.worstSeverity)) entry.worstSeverity = severity;[39m
[31m+       byControl.set(controlId, entry);[39m
[31m+     }[39m
[31m+     return { controls: [...byControl.values()] };[39m
[31m+   }[39m
[31m+   return {};[39m
[31m+ }[39m
[31m+[39m
[31m+ export function createTrustLoopRouter() {[39m
[31m+   const router = Router();[39m
[31m+[39m
[31m+   router.post('/collect', async (req: AuthenticatedRequest, res, next) => {[39m
[31m+     const parsed = collectSchema.safeParse(req.body);[39m
[31m+     if (!parsed.success) return res.status(400).json({ error: 'INVALID_PAYLOAD', details: parsed.error.flatten() });[39m
[31m+     const { passportId, provider } = parsed.data;[39m
[31m+     const tenantId = req.user!.tenantId;[39m
[31m+     const runId = id('collect');[39m
[31m+     const startedAt = new Date().toISOString();[39m
[31m+     const db = req.db!;[39m
[31m+     try {[39m
[31m+       const passport = (await db.execute(sql`SELECT id,client_id FROM passports WHERE id=${passportId} AND tenant_id=${tenantId} LIMIT 1`) as any).rows?.[0];[39m
[31m+       if (!passport) return res.status(404).json({ error: 'PASSPORT_NOT_FOUND' });[39m
[31m+       const stored = (await db.execute(sql`SELECT encrypted_payload FROM integration_credentials WHERE tenant_id=${tenantId} AND provider=${provider} LIMIT 1`) as any).rows?.[0];[39m
[31m+       if (!stored?.encrypted_payload) return res.status(409).json({ error: 'CREDENTIAL_NOT_CONFIGURED' });[39m
[31m+[39m
[31m+       await db.execute(sql`INSERT INTO trust_collection_runs (id,tenant_id,passport_id,provider,started_at,status,idempotency_key,created_at) VALUES (${runId},${tenantId},${passportId},${provider},${startedAt},'RUNNING',${`${tenantId}:${passportId}:${provider}:${startedAt}`},${startedAt})`);[39m
[31m+       const credentials = decryptCredentials(stored.encrypted_payload) as Record<string, string>;[39m
[31m+       const observations = provider === 'github' ? await collectGitHubDeepEvidence(credentials) : await collectDeepProviderEvidence(provider as any, credentials);[39m
[31m+       const result = await persistTrustLoop({ tenantId, passportId, clientId: passport.client_id || passport.id, assetId: passport.id, observations, generationReason: 'provider_collection', actorType: 'worker', collectorVersionMap: { [provider]: 'deep-v2' } });[39m
[31m+       const completedAt = new Date().toISOString();[39m
[31m+       await db.execute(sql`UPDATE trust_collection_runs SET completed_at=${completedAt},status='SUCCEEDED',observation_count=${observations.length},evidence_count=${result.evidenceIds.length},failure_count=${observations.filter((o) => o.status === 'FAIL').length},collector_version='deep-v2' WHERE id=${runId} AND tenant_id=${tenantId}`);[39m
[31m+       await db.execute(sql`INSERT INTO trust_monitoring_state (id,tenant_id,passport_id,provider,next_run_at,last_run_at,last_success_at,last_evidence_hash,consecutive_failures,status,updated_at) VALUES (${id('monitor')},${tenantId},${passportId},${provider},${new Date(Date.now()+3600000).toISOString()},${completedAt},${completedAt},${result.payloadHash},0,'HEALTHY',${completedAt}) ON CONFLICT (tenant_id,passport_id,provider) DO UPDATE SET next_run_at=EXCLUDED.next_run_at,last_run_at=EXCLUDED.last_run_at,last_success_at=EXCLUDED.last_success_at,last_evidence_hash=EXCLUDED.last_evidence_hash,consecutive_failures=0,status='HEALTHY',updated_at=EXCLUDED.updated_at`);[39m
[31m+       return res.json({ runId, provider, observationCount: observations.length, ...result });[39m
[31m+     } catch (error) {[39m
[31m+       const completedAt = new Date().toISOString();[39m
[31m+       await db.execute(sql`UPDATE trust_collection_runs SET completed_at=${completedAt},status='FAILED',error_code='COLLECTION_FAILED',error_message=${error instanceof Error ? error.message.slice(0,1000) : 'COLLECTION_FAILED'} WHERE id=${runId} AND tenant_id=${tenantId}`).catch(() => undefined);[39m
[31m+       await db.execute(sql`UPDATE trust_monitoring_state SET last_run_at=${completedAt},last_failure_at=${completedAt},consecutive_failures=consecutive_failures+1,status=CASE WHEN consecutive_failures+1 >= 5 THEN 'FAILED' ELSE 'DEGRADED' END,updated_at=${completedAt} WHERE tenant_id=${tenantId} AND passport_id=${passportId} AND provider=${provider}`).catch(() => undefined);[39m
[31m+       return next(error);[39m
[31m+     }[39m
[31m+   });[39m
[31m+[39m
[31m+   const findingsWithRemediationSelect = sql`[39m
[31m+     SELECT f.*, r.id AS remediation_id, r.status AS remediation_status, r.owner_id AS remediation_owner_id,[39m
[31m+            r.owner_display AS remediation_owner_display, r.sla_due_at AS remediation_sla_due_at, r.updated_at AS remediation_updated_at[39m
[31m+     FROM trust_findings f[39m
[31m+     LEFT JOIN LATERAL ([39m
[31m+       SELECT * FROM trust_remediation_work_items w[39m
[31m+       WHERE w.tenant_id = f.tenant_id AND w.finding_id = f.id[39m
[31m+       ORDER BY w.created_at DESC LIMIT 1[39m
[31m+     ) r ON true[39m
[31m+   `;[39m
[31m+   router.get('/findings', async (req: AuthenticatedRequest, res, next) => {[39m
[31m+     try {[39m
[31m+       const db = req.db!;[39m
[31m+       const tenantId = req.user!.tenantId;[39m
[31m+       const passportId = typeof req.query.passportId === 'string' ? req.query.passportId : null;[39m
[31m+       const rows = passportId[39m
[31m+         ? await db.execute(sql`${findingsWithRemediationSelect} WHERE f.tenant_id=${tenantId} AND f.passport_id=${passportId} ORDER BY CASE f.severity WHEN 'critical' THEN 1 WHEN 'high' THEN 2 WHEN 'medium' THEN 3 WHEN 'low' THEN 4 ELSE 5 END,f.updated_at DESC`)[39m
[31m+         : await db.execute(sql`${findingsWithRemediationSelect} WHERE f.tenant_id=${tenantId} ORDER BY f.updated_at DESC`);[39m
[31m+       return res.json({ findings: (rows as any).rows || [] });[39m
[31m+     } catch (error) { return next(error); }[39m
[31m+   });[39m
[31m+[39m
[31m+   router.post('/remediations', async (req: AuthenticatedRequest, res, next) => {[39m
[31m+     const parsed = remediationSchema.safeParse(req.body);[39m
[31m+     if (!parsed.success) return res.status(400).json({ error: 'INVALID_PAYLOAD', details: parsed.error.flatten() });[39m
[31m+     try {[39m
[31m+       const db = req.db!;[39m
[31m+       const p = parsed.data;[39m
[31m+       const tenantId = req.user!.tenantId;[39m
[31m+       const finding = (await db.execute(sql`SELECT id,client_id,passport_id,title,description FROM trust_findings WHERE id=${p.findingId} AND tenant_id=${tenantId} LIMIT 1`) as any).rows?.[0];[39m
[31m+       if (!finding) return res.status(404).json({ error: 'FINDING_NOT_FOUND' });[39m
[31m+       const now = new Date().toISOString();[39m
[31m+       const workId = id('remed');[39m
[31m+       await db.execute(sql`INSERT INTO trust_remediation_work_items (id,tenant_id,passport_id,finding_id,external_system,external_ticket_id,owner_id,owner_display,sla_due_at,status,remediation_plan,created_at,updated_at) VALUES (${workId},${tenantId},${finding.passport_id},${finding.id},${p.externalSystem},${p.externalTicketId ?? null},${p.assigneeId ?? null},${p.assigneeDisplay ?? null},${p.slaDueAt ?? null},'OPEN',${p.description || finding.description},${now},${now})`);[39m
[31m+       await db.execute(sql`INSERT INTO remediation_tasks (id,tenant_id,client_id,alert_id,title,description,priority,status,assignee_id,created_by,created_at,updated_at) VALUES (${workId},${tenantId},${finding.client_id},${finding.id},${p.title},${p.description || finding.description},${p.priority},'OPEN',${p.assigneeId ?? null},${req.user!.uid},${now},${now})`);[39m
[31m+       const created = (await db.execute(sql`SELECT * FROM trust_remediation_work_items WHERE id=${workId} AND tenant_id=${tenantId} LIMIT 1`) as any).rows?.[0];[39m
[31m+       return res.status(201).json({ ...created, title: p.title });[39m
[31m+     } catch (error) { return next(error); }[39m
[31m+   });[39m
[31m+[39m
[31m+   router.get('/remediations/:id', async (req: AuthenticatedRequest, res, next) => {[39m
[31m+     try {[39m
[31m+       const db = req.db!;[39m
[31m+       const tenantId = req.user!.tenantId;[39m
[31m+       const row = (await db.execute(sql`SELECT w.*, f.title AS finding_title FROM trust_remediation_work_items w JOIN trust_findings f ON f.id = w.finding_id AND f.tenant_id = w.tenant_id WHERE w.id=${req.params.id} AND w.tenant_id=${tenantId} LIMIT 1`) as any).rows?.[0];[39m
[31m+       if (!row) return res.status(404).json({ error: 'REMEDIATION_NOT_FOUND' });[39m
[31m+       return res.json({ ...row, title: row.finding_title });[39m
[31m+     } catch (error) { return next(error); }[39m
[31m+   });[39m
[31m+[39m
[31m+   router.post('/remediations/:id/verify-latest', async (req: AuthenticatedRequest, res, next) => {[39m
[31m+     try {[39m
[31m+       const db = req.db!;[39m
[31m+       const tenantId = req.user!.tenantId;[39m
[31m+       const work = (await db.execute(sql`SELECT id,finding_id,passport_id FROM trust_remediation_work_items WHERE id=${req.params.id} AND tenant_id=${tenantId} LIMIT 1`) as any).rows?.[0];[39m
[31m+       if (!work) return res.status(404).json({ error: 'REMEDIATION_NOT_FOUND' });[39m
[31m+       const latestObservation = (await db.execute(sql`SELECT id,evidence_ids FROM trust_observations WHERE tenant_id=${tenantId} AND passport_id=${work.passport_id} ORDER BY observation_version DESC LIMIT 1`) as any).rows?.[0];[39m
[31m+       if (!latestObservation) return res.status(409).json({ error: 'NO_OBSERVATION_ON_FILE', message: 'SPR has no recorded observation for this software yet. Collect evidence before verifying.' });[39m
[31m+       const evidenceIds: string[] = parseJson(latestObservation.evidence_ids, []) as string[];[39m
[31m+       const result = await verifyRemediation({ tenantId, findingId: work.finding_id, observationIds: [latestObservation.id], evidenceIds, actorId: req.user!.uid });[39m
[31m+       const now = new Date().toISOString();[39m
[31m+       await db.execute(sql`UPDATE trust_remediation_work_items SET status='VERIFIED',updated_at=${now},closed_at=${now} WHERE id=${work.id} AND tenant_id=${tenantId}`);[39m
[31m+       const row = (await db.execute(sql`SELECT * FROM trust_remediation_work_items WHERE id=${work.id} AND tenant_id=${tenantId} LIMIT 1`) as any).rows?.[0];[39m
[31m+       return res.json({ ...row, verification: result });[39m
[31m+     } catch (error: any) {[39m
[31m+       const message = error instanceof Error ? error.message : String(error);[39m
[31m+       if (/^VERIFICATION_|^FINDING_NOT_FOUND$/.test(message)) return res.status(409).json({ error: message });[39m
[31m+       return next(error);[39m
[31m+     }[39m
[31m+   });[39m
[31m+[39m
[31m+   router.patch('/remediations/:id', async (req: AuthenticatedRequest, res, next) => {[39m
[31m+     const parsed = remediationUpdateSchema.safeParse(req.body);[39m
[31m+     if (!parsed.success) return res.status(400).json({ error: 'INVALID_PAYLOAD', details: parsed.error.flatten() });[39m
[31m+     try {[39m
[31m+       const db = req.db!;[39m
[31m+       const tenantId = req.user!.tenantId;[39m
[31m+       const p = parsed.data;[39m
[31m+       const now = new Date().toISOString();[39m
[31m+       const rows = await db.execute(sql`UPDATE trust_remediation_work_items SET status=${p.status},owner_id=COALESCE(${p.ownerId ?? null},owner_id),owner_display=COALESCE(${p.ownerDisplay ?? null},owner_display),sla_due_at=CASE WHEN ${p.slaDueAt === undefined} THEN sla_due_at ELSE ${p.slaDueAt} END,updated_at=${now},closed_at=CASE WHEN ${p.status} IN ('CLOSED','VERIFIED') THEN ${now} ELSE closed_at END WHERE id=${req.params.id} AND tenant_id=${tenantId} RETURNING *`);[39m
[31m+       const row = (rows as any).rows?.[0];[39m
[31m+       if (!row) return res.status(404).json({ error: 'REMEDIATION_NOT_FOUND' });[39m
[31m+       return res.json(row);[39m
[31m+     } catch (error) { return next(error); }[39m
[31m+   });[39m
[31m+[39m
[31m+   router.post('/verify', async (req: AuthenticatedRequest, res, next) => {[39m
[31m+     const parsed = verifySchema.safeParse(req.body);[39m
[31m+     if (!parsed.success) return res.status(400).json({ error: 'INVALID_PAYLOAD', details: parsed.error.flatten() });[39m
[31m+     try {[39m
[31m+       const db = req.db!;[39m
[31m+       const result = await verifyRemediation({ ...parsed.data, tenantId: req.user!.tenantId, actorId: req.user!.uid });[39m
[31m+       await db.execute(sql`UPDATE trust_remediation_work_items SET status='VERIFIED',updated_at=${new Date().toISOString()},closed_at=${new Date().toISOString()} WHERE tenant_id=${req.user!.tenantId} AND finding_id=${parsed.data.findingId}`);[39m
[31m+       return res.json(result);[39m
[31m+     } catch (error) { return next(error); }[39m
[31m+   });[39m
[31m+[39m
[31m+   router.get('/monitoring', async (req: AuthenticatedRequest, res, next) => {[39m
[31m+     try {[39m
[31m+       const db = req.db!;[39m
[31m+       const tenantId = req.user!.tenantId;[39m
[31m+       const passportId = typeof req.query.passportId === 'string' ? req.query.passportId : null;[39m
[31m+       const rows = passportId ? await db.execute(sql`SELECT * FROM trust_monitoring_state WHERE tenant_id=${tenantId} AND passport_id=${passportId} ORDER BY provider`) : await db.execute(sql`SELECT * FROM trust_monitoring_state WHERE tenant_id=${tenantId} ORDER BY passport_id,provider`);[39m
[31m+       const alerts = passportId ? await db.execute(sql`SELECT * FROM trust_alerts WHERE tenant_id=${tenantId} AND passport_id=${passportId} ORDER BY created_at DESC`) : await db.execute(sql`SELECT * FROM trust_alerts WHERE tenant_id=${tenantId} ORDER BY created_at DESC`);[39m
[31m+       return res.json({ monitoring: (rows as any).rows || [], alerts: (alerts as any).rows || [] });[39m
[31m+     } catch (error) { return next(error); }[39m
[31m+   });[39m
[31m+[39m
[31m+   router.get('/ledger/:passportId', async (req: AuthenticatedRequest, res, next) => {[39m
[31m+     try {[39m
[31m+       const db = req.db!;[39m
[31m+       const tenantId = req.user!.tenantId;[39m
[31m+       const passportId = req.params.passportId;[39m
[31m+       const scope = await db.execute(sql`SELECT id FROM passports WHERE id=${passportId} AND tenant_id=${tenantId} LIMIT 1`);[39m
[31m+       if (!(scope as any).rows?.length) return res.status(404).json({ error: 'PASSPORT_NOT_FOUND' });[39m
[31m+       const observations = await db.execute(sql`SELECT id,observation_version,generated_at,previous_observation_id,evidence_ids,finding_ids,canonical_payload_hash,completeness_basis_points,open_finding_count,unknown_dimension_count FROM trust_observations WHERE tenant_id=${tenantId} AND passport_id=${passportId} ORDER BY observation_version DESC`);[39m
[31m+       const evidence = await db.execute(sql`SELECT id,provider,control_id,subject,source_url,observed_at,verification_method,status,severity,evidence_hash,limitation FROM evidence_ledger WHERE tenant_id=${tenantId} AND passport_id=${passportId} ORDER BY observed_at DESC`);[39m
[31m+       const findings = await db.execute(sql`SELECT id,control_id,title,severity,status,evidence_ids,fingerprint,updated_at,resolved_at FROM trust_findings WHERE tenant_id=${tenantId} AND passport_id=${passportId} ORDER BY updated_at DESC`);[39m
[31m+       const remediation = await db.execute(sql`SELECT * FROM trust_remediation_work_items WHERE tenant_id=${tenantId} AND passport_id=${passportId} ORDER BY updated_at DESC`);[39m
[31m+       const verification = await db.execute(sql`SELECT * FROM remediation_verification_ledger WHERE tenant_id=${tenantId} AND finding_id IN (SELECT id FROM trust_findings WHERE tenant_id=${tenantId} AND passport_id=${passportId}) ORDER BY created_at DESC`);[39m
[31m+       return res.json({ observations: (observations as any).rows || [], findings: (findings as any).rows || [], evidence: (evidence as any).rows || [], remediation: (remediation as any).rows || [], verification: (verification as any).rows || [], trace: 'Report -> Passport -> Risk -> Finding -> Observation -> Provider -> Source -> Timestamp -> Hash' });[39m
[31m+     } catch (error) { return next(error); }[39m
[31m+   });[39m
[31m+[39m
[31m+   router.get('/reports/:passportId/history', async (req: AuthenticatedRequest, res, next) => {[39m
[31m+     try {[39m
[31m+       const db = req.db!;[39m
[31m+       const tenantId = req.user!.tenantId;[39m
[31m+       const passportId = req.params.passportId;[39m
[31m+       const typeFilter = typeof req.query.type === 'string' ? reportTypes.safeParse(req.query.type) : null;[39m
[31m+       if (typeFilter && !typeFilter.success) return res.status(400).json({ error: 'INVALID_REPORT_TYPE' });[39m
[31m+       const rows = typeFilter?.success[39m
[31m+         ? await db.execute(sql`SELECT id,report_type,generated_at,score,confidence_basis_points,completeness_basis_points,canonical_payload_hash FROM trust_report_snapshots WHERE tenant_id=${tenantId} AND passport_id=${passportId} AND report_type=${typeFilter.data} ORDER BY generated_at DESC LIMIT 50`)[39m
[31m+         : await db.execute(sql`SELECT id,report_type,generated_at,score,confidence_basis_points,completeness_basis_points,canonical_payload_hash FROM trust_report_snapshots WHERE tenant_id=${tenantId} AND passport_id=${passportId} ORDER BY generated_at DESC LIMIT 50`);[39m
[31m+       return res.json({ snapshots: (rows as any).rows || [] });[39m
[31m+     } catch (error) { return next(error); }[39m
[31m+   });[39m
[31m+[39m
[31m+   router.get('/reports/:passportId/history/:snapshotId', async (req: AuthenticatedRequest, res, next) => {[39m
[31m+     try {[39m
[31m+       const db = req.db!;[39m
[31m+       const tenantId = req.user!.tenantId;[39m
[31m+       const row = (await db.execute(sql`SELECT payload,canonical_payload_hash,generated_at,report_type FROM trust_report_snapshots WHERE id=${req.params.snapshotId} AND tenant_id=${tenantId} AND passport_id=${req.params.passportId} LIMIT 1`) as any).rows?.[0];[39m
[31m+       if (!row) return res.status(404).json({ error: 'REPORT_SNAPSHOT_NOT_FOUND' });[39m
[31m+       const payload = parseJson(row.payload, {});[39m
[31m+       return res.json({ ...(payload as object), reportHash: row.canonical_payload_hash });[39m
[31m+     } catch (error) { return next(error); }[39m
[31m+   });[39m
[31m+[39m
[31m+   router.get('/reports/:passportId', async (req: AuthenticatedRequest, res, next) => {[39m
[31m+     try {[39m
[31m+       const parsed = reportTypes.safeParse(req.query.type || 'executive');[39m
[31m+       if (!parsed.success) return res.status(400).json({ error: 'INVALID_REPORT_TYPE' });[39m
[31m+       const report = await buildAndPersistReport(req.db!, req.user!.tenantId, String(req.params.passportId), parsed.data);[39m
[31m+       if (!report) return res.status(404).json({ error: 'PASSPORT_NOT_FOUND' });[39m
[31m+       return res.json(report);[39m
[31m+     } catch (error) { return next(error); }[39m
[31m+   });[39m
[31m+[39m
[31m+   return router;[39m
[31m+ }[39m
[31m+[39m
[31m+ export async function buildAndPersistReport(db: any, tenantId: string, passportId: string, reportType: string) {[39m
[31m+   const passport = (await db.execute(sql`SELECT id,name,overall_score,security_score,compliance_score,verification_status,confidence_score,evidence_completeness,sbom,evidence,vulnerabilities,timeline FROM passports WHERE id=${passportId} AND tenant_id=${tenantId} LIMIT 1`) as any).rows?.[0];[39m
[31m+   if (!passport) return null;[39m
[31m+   const findings = (await db.execute(sql`SELECT id,control_id,title,severity,status,description,remediation,evidence_ids,updated_at,resolved_at FROM trust_findings WHERE tenant_id=${tenantId} AND passport_id=${passportId} ORDER BY CASE severity WHEN 'critical' THEN 1 WHEN 'high' THEN 2 WHEN 'medium' THEN 3 WHEN 'low' THEN 4 ELSE 5 END,updated_at DESC`) as any).rows || [];[39m
[31m+   const evidence = (await db.execute(sql`SELECT id,provider,control_id,subject,source_url,observed_at,verification_method,status,severity,evidence_hash,limitation FROM evidence_ledger WHERE tenant_id=${tenantId} AND passport_id=${passportId} ORDER BY observed_at DESC`) as any).rows || [];[39m
[31m+   const observations = (await db.execute(sql`SELECT id,observation_version,generated_at,previous_observation_id,evidence_ids,finding_ids,canonical_payload_hash,completeness_basis_points,confidence_basis_points,open_finding_count,unknown_dimension_count FROM trust_observations WHERE tenant_id=${tenantId} AND passport_id=${passportId} ORDER BY observation_version DESC`) as any).rows || [];[39m
[31m+   const remediation = (await db.execute(sql`SELECT * FROM trust_remediation_work_items WHERE tenant_id=${tenantId} AND passport_id=${passportId} ORDER BY updated_at DESC`) as any).rows || [];[39m
[31m+   const verification = (await db.execute(sql`SELECT * FROM remediation_verification_ledger WHERE tenant_id=${tenantId} AND finding_id IN (SELECT id FROM trust_findings WHERE tenant_id=${tenantId} AND passport_id=${passportId}) ORDER BY created_at DESC`) as any).rows || [];[39m
[31m+   const latest = observations[0];[39m
[31m+   const risk = deriveReportRiskFields(passport as ReportPassportRow);[39m
[31m+   const report = {[39m
[31m+     schemaVersion: 'spr.report.v2', reportType, generatedAt: new Date().toISOString(), passport: { id: passport.id, name: passport.name },[39m
[31m+     risk: { overall: risk.canonicalScore, security: passport.security_score, compliance: passport.compliance_score, verificationStatus: risk.verificationStatus },[39m
[31m+     evidenceQuality: { completenessBasisPoints: risk.completenessBasisPoints, confidenceBasisPoints: risk.confidenceBasisPoints, unknownDimensions: latest?.unknown_dimension_count ?? 0, latestObservationAt: latest?.generated_at ?? null },[39m
[31m+     findings, evidence, observations, remediation, verification,[39m
[31m+     traceability: 'Report -> Passport -> Risk -> Finding -> Observation -> Provider -> Source -> Timestamp -> Hash',[39m
[31m+     resolutionTraceability: 'Finding -> remediation -> new observation -> independent verification',[39m
[31m+     limitations: evidence.filter((item: any) => item.limitation).map((item: any) => ({ evidenceId: item.id, limitation: item.limitation })),[39m
[31m+     ...buildReportTypeExtras(reportType, passport, findings),[39m
[31m+   };[39m
[31m+   const canonicalPayload = JSON.stringify(report);[39m
[31m+   const reportHash = crypto.createHash('sha256').update(canonicalPayload).digest('hex');[39m
[31m+   await db.execute(sql`INSERT INTO trust_report_snapshots (id,tenant_id,passport_id,report_type,generated_at,score,confidence_basis_points,completeness_basis_points,evidence_ids,finding_ids,observation_id,canonical_payload_hash,payload,created_at) VALUES (${id('report')},${tenantId},${passportId},${reportType},${report.generatedAt},${risk.canonicalScore},${risk.confidenceBasisPoints},${risk.completenessBasisPoints},${JSON.stringify(evidence.map((item: any) => item.id))},${JSON.stringify(findings.map((item: any) => item.id))},${latest?.id ?? null},${reportHash},${canonicalPayload},${report.generatedAt}) ON CONFLICT (tenant_id,passport_id,report_type,canonical_payload_hash) DO NOTHING`);[39m
[31m+   return { ...report, reportHash };[39m
[31m+ }[39m
[31m+[39m

[36m [2m❯[22m tests/clientops-remediation-queue-contract.test.ts:[2m36:15[22m[39m
    [90m 34| [39m  it('notes require the caller to already have access to the remediati…
    [90m 35| [39m    [35mconst[39m s [33m=[39m [34msource[39m()[33m;[39m
    [90m 36| [39m    [34mexpect[39m(s)[33m.[39m[34mtoContain[39m([32m"router.post('/remediations/:id/notes'"[39m)[33m;[39m
    [90m   | [39m              [31m^[39m
    [90m 37| [39m    expect(s).toContain("if (!remediation) return res.status(404).json…
    [90m 38| [39m  })[33m;[39m

[31m[2m⎯⎯⎯⎯⎯⎯⎯⎯⎯⎯⎯⎯⎯⎯⎯⎯⎯⎯⎯⎯⎯[32/141]⎯[22m[39m

[41m[1m FAIL [22m[49m tests/clientops-remediation-queue-contract.test.ts[2m > [22mclient approval endpoint[2m > [22mis restricted to the Client role and only affects work already ready for verification or verified
[31m[1mAssertionError[22m: expected 'import { Router } from \'express\';\n…' to contain 'router.post(\'/remediations/:id/appro…'[39m

[32m- Expected[39m
[31m+ Received[39m

[32m- router.post('/remediations/:id/approve', requireRole(['Client'])[39m
[31m+ import { Router } from 'express';[39m
[31m+ import { sql } from 'drizzle-orm';[39m
[31m+ import crypto from 'node:crypto';[39m
[31m+ import { z } from 'zod';[39m
[31m+ import { AuthenticatedRequest } from '../middleware/security.ts';[39m
[31m+ import { decryptCredentials } from '../integrations/credential-vault.ts';[39m
[31m+ import { collectDeepProviderEvidence } from '../integrations/deep-collectors.ts';[39m
[31m+ import { collectGitHubDeepEvidence } from '../integrations/github-deep.ts';[39m
[31m+ import { persistTrustLoop, verifyRemediation } from '../trust/trust-loop.ts';[39m
[31m+[39m
[31m+ const collectSchema = z.object({ passportId: z.string().trim().min(1).max(255), provider: z.string().trim().min(1).max(64) }).strict();[39m
[31m+ const remediationSchema = z.object({[39m
[31m+   findingId: z.string().trim().min(1),[39m
[31m+   title: z.string().trim().min(1).max(255),[39m
[31m+   description: z.string().max(4000).optional(),[39m
[31m+   assigneeId: z.string().max(255).optional(),[39m
[31m+   assigneeDisplay: z.string().max(255).optional(),[39m
[31m+   externalSystem: z.string().trim().min(1).max(64).default('SPR'),[39m
[31m+   externalTicketId: z.string().max(255).optional(),[39m
[31m+   slaDueAt: z.string().datetime().optional(),[39m
[31m+   priority: z.enum(['LOW', 'MEDIUM', 'HIGH', 'CRITICAL']).default('HIGH'),[39m
[31m+ }).strict();[39m
[31m+ const remediationUpdateSchema = z.object({ status: z.enum(['OPEN', 'IN_PROGRESS', 'BLOCKED', 'READY_FOR_VERIFICATION', 'VERIFIED', 'CLOSED', 'CANCELLED']), ownerId: z.string().max(255).optional(), ownerDisplay: z.string().max(255).optional(), slaDueAt: z.string().datetime().nullable().optional() }).strict();[39m
[31m+ const verifySchema = z.object({ findingId: z.string().trim().min(1), observationIds: z.array(z.string().min(1)).max(50), evidenceIds: z.array(z.string().min(1)).max(200) }).strict();[39m
[31m+ const reportTypes = z.enum(['executive', 'technical', 'msp', 'customer', 'compliance', 'vendor', 'auditor', 'evidence-ledger']);[39m
[31m+ function id(prefix: string) { return `${prefix}_${crypto.randomUUID().replaceAll('-', '')}`; }[39m
[31m+ function parseJson(value: unknown, fallback: unknown = []) { try { return value ? JSON.parse(String(value)) : fallback; } catch { return fallback; } }[39m
[31m+[39m
[31m+ const SEVERITY_ORDER = ['critical', 'high', 'medium', 'low'];[39m
[31m+[39m
[31m+ export type ReportPassportRow = {[39m
[31m+   overall_score: number | null;[39m
[31m+   security_score: number | null;[39m
[31m+   compliance_score: number | null;[39m
[31m+   verification_status: string | null;[39m
[31m+   confidence_score: number | null;[39m
[31m+   evidence_completeness: number | null;[39m
[31m+ };[39m
[31m+[39m
[31m+ export function deriveReportRiskFields(passport: ReportPassportRow) {[39m
[31m+   const verificationStatus = passport.verification_status || 'unverified';[39m
[31m+   const isMeasured = verificationStatus !== 'unverified';[39m
[31m+   return {[39m
[31m+     canonicalScore: isMeasured ? passport.overall_score : null,[39m
[31m+     verificationStatus,[39m
[31m+     confidenceBasisPoints: isMeasured && passport.confidence_score != null ? Math.round(passport.confidence_score * 100) : null,[39m
[31m+     completenessBasisPoints: isMeasured && passport.evidence_completeness != null ? Math.round(passport.evidence_completeness * 100) : null,[39m
[31m+   };[39m
[31m+ }[39m
[31m+[39m
[31m+ function buildReportTypeExtras(reportType: string, passport: any, findings: any[]) {[39m
[31m+   if (reportType === 'sbom') {[39m
[31m+     const components = parseJson(passport.sbom, []) as any[];[39m
[31m+     const vulnerabilities = parseJson(passport.vulnerabilities, []) as any[];[39m
[31m+     const sbom = components.map((component) => {[39m
[31m+       const name = component?.name || component?.packageName || component?.component;[39m
[31m+       const matched = vulnerabilities.filter((vuln) => (vuln?.component || vuln?.packageName || vuln?.package) === name);[39m
[31m+       return { ...component, vulnerabilityCount: matched.length, criticalOrHighCount: matched.filter((vuln) => SEVERITY_ORDER.slice(0, 2).includes(String(vuln?.severity || '').toLowerCase())).length };[39m
[31m+     });[39m
[31m+     return { sbom };[39m
[31m+   }[39m
[31m+   if (reportType === 'compliance') {[39m
[31m+     const byControl = new Map<string, { controlId: string; findingCount: number; openCount: number; worstSeverity: string; findingIds: string[] }>();[39m
[31m+     for (const finding of findings) {[39m
[31m+       const controlId = finding.control_id || 'unmapped';[39m
[31m+       const entry = byControl.get(controlId) || { controlId, findingCount: 0, openCount: 0, worstSeverity: 'low', findingIds: [] as string[] };[39m
[31m+       entry.findingCount += 1;[39m
[31m+       entry.findingIds.push(finding.id);[39m
[31m+       if (!['resolved', 'closed', 'verified'].includes(String(finding.status || '').toLowerCase())) entry.openCount += 1;[39m
[31m+       const severity = String(finding.severity || '').toLowerCase();[39m
[31m+       if (SEVERITY_ORDER.includes(severity) && SEVERITY_ORDER.indexOf(severity) < SEVERITY_ORDER.indexOf(entry.worstSeverity)) entry.worstSeverity = severity;[39m
[31m+       byControl.set(controlId, entry);[39m
[31m+     }[39m
[31m+     return { controls: [...byControl.values()] };[39m
[31m+   }[39m
[31m+   return {};[39m
[31m+ }[39m
[31m+[39m
[31m+ export function createTrustLoopRouter() {[39m
[31m+   const router = Router();[39m
[31m+[39m
[31m+   router.post('/collect', async (req: AuthenticatedRequest, res, next) => {[39m
[31m+     const parsed = collectSchema.safeParse(req.body);[39m
[31m+     if (!parsed.success) return res.status(400).json({ error: 'INVALID_PAYLOAD', details: parsed.error.flatten() });[39m
[31m+     const { passportId, provider } = parsed.data;[39m
[31m+     const tenantId = req.user!.tenantId;[39m
[31m+     const runId = id('collect');[39m
[31m+     const startedAt = new Date().toISOString();[39m
[31m+     const db = req.db!;[39m
[31m+     try {[39m
[31m+       const passport = (await db.execute(sql`SELECT id,client_id FROM passports WHERE id=${passportId} AND tenant_id=${tenantId} LIMIT 1`) as any).rows?.[0];[39m
[31m+       if (!passport) return res.status(404).json({ error: 'PASSPORT_NOT_FOUND' });[39m
[31m+       const stored = (await db.execute(sql`SELECT encrypted_payload FROM integration_credentials WHERE tenant_id=${tenantId} AND provider=${provider} LIMIT 1`) as any).rows?.[0];[39m
[31m+       if (!stored?.encrypted_payload) return res.status(409).json({ error: 'CREDENTIAL_NOT_CONFIGURED' });[39m
[31m+[39m
[31m+       await db.execute(sql`INSERT INTO trust_collection_runs (id,tenant_id,passport_id,provider,started_at,status,idempotency_key,created_at) VALUES (${runId},${tenantId},${passportId},${provider},${startedAt},'RUNNING',${`${tenantId}:${passportId}:${provider}:${startedAt}`},${startedAt})`);[39m
[31m+       const credentials = decryptCredentials(stored.encrypted_payload) as Record<string, string>;[39m
[31m+       const observations = provider === 'github' ? await collectGitHubDeepEvidence(credentials) : await collectDeepProviderEvidence(provider as any, credentials);[39m
[31m+       const result = await persistTrustLoop({ tenantId, passportId, clientId: passport.client_id || passport.id, assetId: passport.id, observations, generationReason: 'provider_collection', actorType: 'worker', collectorVersionMap: { [provider]: 'deep-v2' } });[39m
[31m+       const completedAt = new Date().toISOString();[39m
[31m+       await db.execute(sql`UPDATE trust_collection_runs SET completed_at=${completedAt},status='SUCCEEDED',observation_count=${observations.length},evidence_count=${result.evidenceIds.length},failure_count=${observations.filter((o) => o.status === 'FAIL').length},collector_version='deep-v2' WHERE id=${runId} AND tenant_id=${tenantId}`);[39m
[31m+       await db.execute(sql`INSERT INTO trust_monitoring_state (id,tenant_id,passport_id,provider,next_run_at,last_run_at,last_success_at,last_evidence_hash,consecutive_failures,status,updated_at) VALUES (${id('monitor')},${tenantId},${passportId},${provider},${new Date(Date.now()+3600000).toISOString()},${completedAt},${completedAt},${result.payloadHash},0,'HEALTHY',${completedAt}) ON CONFLICT (tenant_id,passport_id,provider) DO UPDATE SET next_run_at=EXCLUDED.next_run_at,last_run_at=EXCLUDED.last_run_at,last_success_at=EXCLUDED.last_success_at,last_evidence_hash=EXCLUDED.last_evidence_hash,consecutive_failures=0,status='HEALTHY',updated_at=EXCLUDED.updated_at`);[39m
[31m+       return res.json({ runId, provider, observationCount: observations.length, ...result });[39m
[31m+     } catch (error) {[39m
[31m+       const completedAt = new Date().toISOString();[39m
[31m+       await db.execute(sql`UPDATE trust_collection_runs SET completed_at=${completedAt},status='FAILED',error_code='COLLECTION_FAILED',error_message=${error instanceof Error ? error.message.slice(0,1000) : 'COLLECTION_FAILED'} WHERE id=${runId} AND tenant_id=${tenantId}`).catch(() => undefined);[39m
[31m+       await db.execute(sql`UPDATE trust_monitoring_state SET last_run_at=${completedAt},last_failure_at=${completedAt},consecutive_failures=consecutive_failures+1,status=CASE WHEN consecutive_failures+1 >= 5 THEN 'FAILED' ELSE 'DEGRADED' END,updated_at=${completedAt} WHERE tenant_id=${tenantId} AND passport_id=${passportId} AND provider=${provider}`).catch(() => undefined);[39m
[31m+       return next(error);[39m
[31m+     }[39m
[31m+   });[39m
[31m+[39m
[31m+   const findingsWithRemediationSelect = sql`[39m
[31m+     SELECT f.*, r.id AS remediation_id, r.status AS remediation_status, r.owner_id AS remediation_owner_id,[39m
[31m+            r.owner_display AS remediation_owner_display, r.sla_due_at AS remediation_sla_due_at, r.updated_at AS remediation_updated_at[39m
[31m+     FROM trust_findings f[39m
[31m+     LEFT JOIN LATERAL ([39m
[31m+       SELECT * FROM trust_remediation_work_items w[39m
[31m+       WHERE w.tenant_id = f.tenant_id AND w.finding_id = f.id[39m
[31m+       ORDER BY w.created_at DESC LIMIT 1[39m
[31m+     ) r ON true[39m
[31m+   `;[39m
[31m+   router.get('/findings', async (req: AuthenticatedRequest, res, next) => {[39m
[31m+     try {[39m
[31m+       const db = req.db!;[39m
[31m+       const tenantId = req.user!.tenantId;[39m
[31m+       const passportId = typeof req.query.passportId === 'string' ? req.query.passportId : null;[39m
[31m+       const rows = passportId[39m
[31m+         ? await db.execute(sql`${findingsWithRemediationSelect} WHERE f.tenant_id=${tenantId} AND f.passport_id=${passportId} ORDER BY CASE f.severity WHEN 'critical' THEN 1 WHEN 'high' THEN 2 WHEN 'medium' THEN 3 WHEN 'low' THEN 4 ELSE 5 END,f.updated_at DESC`)[39m
[31m+         : await db.execute(sql`${findingsWithRemediationSelect} WHERE f.tenant_id=${tenantId} ORDER BY f.updated_at DESC`);[39m
[31m+       return res.json({ findings: (rows as any).rows || [] });[39m
[31m+     } catch (error) { return next(error); }[39m
[31m+   });[39m
[31m+[39m
[31m+   router.post('/remediations', async (req: AuthenticatedRequest, res, next) => {[39m
[31m+     const parsed = remediationSchema.safeParse(req.body);[39m
[31m+     if (!parsed.success) return res.status(400).json({ error: 'INVALID_PAYLOAD', details: parsed.error.flatten() });[39m
[31m+     try {[39m
[31m+       const db = req.db!;[39m
[31m+       const p = parsed.data;[39m
[31m+       const tenantId = req.user!.tenantId;[39m
[31m+       const finding = (await db.execute(sql`SELECT id,client_id,passport_id,title,description FROM trust_findings WHERE id=${p.findingId} AND tenant_id=${tenantId} LIMIT 1`) as any).rows?.[0];[39m
[31m+       if (!finding) return res.status(404).json({ error: 'FINDING_NOT_FOUND' });[39m
[31m+       const now = new Date().toISOString();[39m
[31m+       const workId = id('remed');[39m
[31m+       await db.execute(sql`INSERT INTO trust_remediation_work_items (id,tenant_id,passport_id,finding_id,external_system,external_ticket_id,owner_id,owner_display,sla_due_at,status,remediation_plan,created_at,updated_at) VALUES (${workId},${tenantId},${finding.passport_id},${finding.id},${p.externalSystem},${p.externalTicketId ?? null},${p.assigneeId ?? null},${p.assigneeDisplay ?? null},${p.slaDueAt ?? null},'OPEN',${p.description || finding.description},${now},${now})`);[39m
[31m+       await db.execute(sql`INSERT INTO remediation_tasks (id,tenant_id,client_id,alert_id,title,description,priority,status,assignee_id,created_by,created_at,updated_at) VALUES (${workId},${tenantId},${finding.client_id},${finding.id},${p.title},${p.description || finding.description},${p.priority},'OPEN',${p.assigneeId ?? null},${req.user!.uid},${now},${now})`);[39m
[31m+       const created = (await db.execute(sql`SELECT * FROM trust_remediation_work_items WHERE id=${workId} AND tenant_id=${tenantId} LIMIT 1`) as any).rows?.[0];[39m
[31m+       return res.status(201).json({ ...created, title: p.title });[39m
[31m+     } catch (error) { return next(error); }[39m
[31m+   });[39m
[31m+[39m
[31m+   router.get('/remediations/:id', async (req: AuthenticatedRequest, res, next) => {[39m
[31m+     try {[39m
[31m+       const db = req.db!;[39m
[31m+       const tenantId = req.user!.tenantId;[39m
[31m+       const row = (await db.execute(sql`SELECT w.*, f.title AS finding_title FROM trust_remediation_work_items w JOIN trust_findings f ON f.id = w.finding_id AND f.tenant_id = w.tenant_id WHERE w.id=${req.params.id} AND w.tenant_id=${tenantId} LIMIT 1`) as any).rows?.[0];[39m
[31m+       if (!row) return res.status(404).json({ error: 'REMEDIATION_NOT_FOUND' });[39m
[31m+       return res.json({ ...row, title: row.finding_title });[39m
[31m+     } catch (error) { return next(error); }[39m
[31m+   });[39m
[31m+[39m
[31m+   router.post('/remediations/:id/verify-latest', async (req: AuthenticatedRequest, res, next) => {[39m
[31m+     try {[39m
[31m+       const db = req.db!;[39m
[31m+       const tenantId = req.user!.tenantId;[39m
[31m+       const work = (await db.execute(sql`SELECT id,finding_id,passport_id FROM trust_remediation_work_items WHERE id=${req.params.id} AND tenant_id=${tenantId} LIMIT 1`) as any).rows?.[0];[39m
[31m+       if (!work) return res.status(404).json({ error: 'REMEDIATION_NOT_FOUND' });[39m
[31m+       const latestObservation = (await db.execute(sql`SELECT id,evidence_ids FROM trust_observations WHERE tenant_id=${tenantId} AND passport_id=${work.passport_id} ORDER BY observation_version DESC LIMIT 1`) as any).rows?.[0];[39m
[31m+       if (!latestObservation) return res.status(409).json({ error: 'NO_OBSERVATION_ON_FILE', message: 'SPR has no recorded observation for this software yet. Collect evidence before verifying.' });[39m
[31m+       const evidenceIds: string[] = parseJson(latestObservation.evidence_ids, []) as string[];[39m
[31m+       const result = await verifyRemediation({ tenantId, findingId: work.finding_id, observationIds: [latestObservation.id], evidenceIds, actorId: req.user!.uid });[39m
[31m+       const now = new Date().toISOString();[39m
[31m+       await db.execute(sql`UPDATE trust_remediation_work_items SET status='VERIFIED',updated_at=${now},closed_at=${now} WHERE id=${work.id} AND tenant_id=${tenantId}`);[39m
[31m+       const row = (await db.execute(sql`SELECT * FROM trust_remediation_work_items WHERE id=${work.id} AND tenant_id=${tenantId} LIMIT 1`) as any).rows?.[0];[39m
[31m+       return res.json({ ...row, verification: result });[39m
[31m+     } catch (error: any) {[39m
[31m+       const message = error instanceof Error ? error.message : String(error);[39m
[31m+       if (/^VERIFICATION_|^FINDING_NOT_FOUND$/.test(message)) return res.status(409).json({ error: message });[39m
[31m+       return next(error);[39m
[31m+     }[39m
[31m+   });[39m
[31m+[39m
[31m+   router.patch('/remediations/:id', async (req: AuthenticatedRequest, res, next) => {[39m
[31m+     const parsed = remediationUpdateSchema.safeParse(req.body);[39m
[31m+     if (!parsed.success) return res.status(400).json({ error: 'INVALID_PAYLOAD', details: parsed.error.flatten() });[39m
[31m+     try {[39m
[31m+       const db = req.db!;[39m
[31m+       const tenantId = req.user!.tenantId;[39m
[31m+       const p = parsed.data;[39m
[31m+       const now = new Date().toISOString();[39m
[31m+       const rows = await db.execute(sql`UPDATE trust_remediation_work_items SET status=${p.status},owner_id=COALESCE(${p.ownerId ?? null},owner_id),owner_display=COALESCE(${p.ownerDisplay ?? null},owner_display),sla_due_at=CASE WHEN ${p.slaDueAt === undefined} THEN sla_due_at ELSE ${p.slaDueAt} END,updated_at=${now},closed_at=CASE WHEN ${p.status} IN ('CLOSED','VERIFIED') THEN ${now} ELSE closed_at END WHERE id=${req.params.id} AND tenant_id=${tenantId} RETURNING *`);[39m
[31m+       const row = (rows as any).rows?.[0];[39m
[31m+       if (!row) return res.status(404).json({ error: 'REMEDIATION_NOT_FOUND' });[39m
[31m+       return res.json(row);[39m
[31m+     } catch (error) { return next(error); }[39m
[31m+   });[39m
[31m+[39m
[31m+   router.post('/verify', async (req: AuthenticatedRequest, res, next) => {[39m
[31m+     const parsed = verifySchema.safeParse(req.body);[39m
[31m+     if (!parsed.success) return res.status(400).json({ error: 'INVALID_PAYLOAD', details: parsed.error.flatten() });[39m
[31m+     try {[39m
[31m+       const db = req.db!;[39m
[31m+       const result = await verifyRemediation({ ...parsed.data, tenantId: req.user!.tenantId, actorId: req.user!.uid });[39m
[31m+       await db.execute(sql`UPDATE trust_remediation_work_items SET status='VERIFIED',updated_at=${new Date().toISOString()},closed_at=${new Date().toISOString()} WHERE tenant_id=${req.user!.tenantId} AND finding_id=${parsed.data.findingId}`);[39m
[31m+       return res.json(result);[39m
[31m+     } catch (error) { return next(error); }[39m
[31m+   });[39m
[31m+[39m
[31m+   router.get('/monitoring', async (req: AuthenticatedRequest, res, next) => {[39m
[31m+     try {[39m
[31m+       const db = req.db!;[39m
[31m+       const tenantId = req.user!.tenantId;[39m
[31m+       const passportId = typeof req.query.passportId === 'string' ? req.query.passportId : null;[39m
[31m+       const rows = passportId ? await db.execute(sql`SELECT * FROM trust_monitoring_state WHERE tenant_id=${tenantId} AND passport_id=${passportId} ORDER BY provider`) : await db.execute(sql`SELECT * FROM trust_monitoring_state WHERE tenant_id=${tenantId} ORDER BY passport_id,provider`);[39m
[31m+       const alerts = passportId ? await db.execute(sql`SELECT * FROM trust_alerts WHERE tenant_id=${tenantId} AND passport_id=${passportId} ORDER BY created_at DESC`) : await db.execute(sql`SELECT * FROM trust_alerts WHERE tenant_id=${tenantId} ORDER BY created_at DESC`);[39m
[31m+       return res.json({ monitoring: (rows as any).rows || [], alerts: (alerts as any).rows || [] });[39m
[31m+     } catch (error) { return next(error); }[39m
[31m+   });[39m
[31m+[39m
[31m+   router.get('/ledger/:passportId', async (req: AuthenticatedRequest, res, next) => {[39m
[31m+     try {[39m
[31m+       const db = req.db!;[39m
[31m+       const tenantId = req.user!.tenantId;[39m
[31m+       const passportId = req.params.passportId;[39m
[31m+       const scope = await db.execute(sql`SELECT id FROM passports WHERE id=${passportId} AND tenant_id=${tenantId} LIMIT 1`);[39m
[31m+       if (!(scope as any).rows?.length) return res.status(404).json({ error: 'PASSPORT_NOT_FOUND' });[39m
[31m+       const observations = await db.execute(sql`SELECT id,observation_version,generated_at,previous_observation_id,evidence_ids,finding_ids,canonical_payload_hash,completeness_basis_points,open_finding_count,unknown_dimension_count FROM trust_observations WHERE tenant_id=${tenantId} AND passport_id=${passportId} ORDER BY observation_version DESC`);[39m
[31m+       const evidence = await db.execute(sql`SELECT id,provider,control_id,subject,source_url,observed_at,verification_method,status,severity,evidence_hash,limitation FROM evidence_ledger WHERE tenant_id=${tenantId} AND passport_id=${passportId} ORDER BY observed_at DESC`);[39m
[31m+       const findings = await db.execute(sql`SELECT id,control_id,title,severity,status,evidence_ids,fingerprint,updated_at,resolved_at FROM trust_findings WHERE tenant_id=${tenantId} AND passport_id=${passportId} ORDER BY updated_at DESC`);[39m
[31m+       const remediation = await db.execute(sql`SELECT * FROM trust_remediation_work_items WHERE tenant_id=${tenantId} AND passport_id=${passportId} ORDER BY updated_at DESC`);[39m
[31m+       const verification = await db.execute(sql`SELECT * FROM remediation_verification_ledger WHERE tenant_id=${tenantId} AND finding_id IN (SELECT id FROM trust_findings WHERE tenant_id=${tenantId} AND passport_id=${passportId}) ORDER BY created_at DESC`);[39m
[31m+       return res.json({ observations: (observations as any).rows || [], findings: (findings as any).rows || [], evidence: (evidence as any).rows || [], remediation: (remediation as any).rows || [], verification: (verification as any).rows || [], trace: 'Report -> Passport -> Risk -> Finding -> Observation -> Provider -> Source -> Timestamp -> Hash' });[39m
[31m+     } catch (error) { return next(error); }[39m
[31m+   });[39m
[31m+[39m
[31m+   router.get('/reports/:passportId/history', async (req: AuthenticatedRequest, res, next) => {[39m
[31m+     try {[39m
[31m+       const db = req.db!;[39m
[31m+       const tenantId = req.user!.tenantId;[39m
[31m+       const passportId = req.params.passportId;[39m
[31m+       const typeFilter = typeof req.query.type === 'string' ? reportTypes.safeParse(req.query.type) : null;[39m
[31m+       if (typeFilter && !typeFilter.success) return res.status(400).json({ error: 'INVALID_REPORT_TYPE' });[39m
[31m+       const rows = typeFilter?.success[39m
[31m+         ? await db.execute(sql`SELECT id,report_type,generated_at,score,confidence_basis_points,completeness_basis_points,canonical_payload_hash FROM trust_report_snapshots WHERE tenant_id=${tenantId} AND passport_id=${passportId} AND report_type=${typeFilter.data} ORDER BY generated_at DESC LIMIT 50`)[39m
[31m+         : await db.execute(sql`SELECT id,report_type,generated_at,score,confidence_basis_points,completeness_basis_points,canonical_payload_hash FROM trust_report_snapshots WHERE tenant_id=${tenantId} AND passport_id=${passportId} ORDER BY generated_at DESC LIMIT 50`);[39m
[31m+       return res.json({ snapshots: (rows as any).rows || [] });[39m
[31m+     } catch (error) { return next(error); }[39m
[31m+   });[39m
[31m+[39m
[31m+   router.get('/reports/:passportId/history/:snapshotId', async (req: AuthenticatedRequest, res, next) => {[39m
[31m+     try {[39m
[31m+       const db = req.db!;[39m
[31m+       const tenantId = req.user!.tenantId;[39m
[31m+       const row = (await db.execute(sql`SELECT payload,canonical_payload_hash,generated_at,report_type FROM trust_report_snapshots WHERE id=${req.params.snapshotId} AND tenant_id=${tenantId} AND passport_id=${req.params.passportId} LIMIT 1`) as any).rows?.[0];[39m
[31m+       if (!row) return res.status(404).json({ error: 'REPORT_SNAPSHOT_NOT_FOUND' });[39m
[31m+       const payload = parseJson(row.payload, {});[39m
[31m+       return res.json({ ...(payload as object), reportHash: row.canonical_payload_hash });[39m
[31m+     } catch (error) { return next(error); }[39m
[31m+   });[39m
[31m+[39m
[31m+   router.get('/reports/:passportId', async (req: AuthenticatedRequest, res, next) => {[39m
[31m+     try {[39m
[31m+       const parsed = reportTypes.safeParse(req.query.type || 'executive');[39m
[31m+       if (!parsed.success) return res.status(400).json({ error: 'INVALID_REPORT_TYPE' });[39m
[31m+       const report = await buildAndPersistReport(req.db!, req.user!.tenantId, String(req.params.passportId), parsed.data);[39m
[31m+       if (!report) return res.status(404).json({ error: 'PASSPORT_NOT_FOUND' });[39m
[31m+       return res.json(report);[39m
[31m+     } catch (error) { return next(error); }[39m
[31m+   });[39m
[31m+[39m
[31m+   return router;[39m
[31m+ }[39m
[31m+[39m
[31m+ export async function buildAndPersistReport(db: any, tenantId: string, passportId: string, reportType: string) {[39m
[31m+   const passport = (await db.execute(sql`SELECT id,name,overall_score,security_score,compliance_score,verification_status,confidence_score,evidence_completeness,sbom,evidence,vulnerabilities,timeline FROM passports WHERE id=${passportId} AND tenant_id=${tenantId} LIMIT 1`) as any).rows?.[0];[39m
[31m+   if (!passport) return null;[39m
[31m+   const findings = (await db.execute(sql`SELECT id,control_id,title,severity,status,description,remediation,evidence_ids,updated_at,resolved_at FROM trust_findings WHERE tenant_id=${tenantId} AND passport_id=${passportId} ORDER BY CASE severity WHEN 'critical' THEN 1 WHEN 'high' THEN 2 WHEN 'medium' THEN 3 WHEN 'low' THEN 4 ELSE 5 END,updated_at DESC`) as any).rows || [];[39m
[31m+   const evidence = (await db.execute(sql`SELECT id,provider,control_id,subject,source_url,observed_at,verification_method,status,severity,evidence_hash,limitation FROM evidence_ledger WHERE tenant_id=${tenantId} AND passport_id=${passportId} ORDER BY observed_at DESC`) as any).rows || [];[39m
[31m+   const observations = (await db.execute(sql`SELECT id,observation_version,generated_at,previous_observation_id,evidence_ids,finding_ids,canonical_payload_hash,completeness_basis_points,confidence_basis_points,open_finding_count,unknown_dimension_count FROM trust_observations WHERE tenant_id=${tenantId} AND passport_id=${passportId} ORDER BY observation_version DESC`) as any).rows || [];[39m
[31m+   const remediation = (await db.execute(sql`SELECT * FROM trust_remediation_work_items WHERE tenant_id=${tenantId} AND passport_id=${passportId} ORDER BY updated_at DESC`) as any).rows || [];[39m
[31m+   const verification = (await db.execute(sql`SELECT * FROM remediation_verification_ledger WHERE tenant_id=${tenantId} AND finding_id IN (SELECT id FROM trust_findings WHERE tenant_id=${tenantId} AND passport_id=${passportId}) ORDER BY created_at DESC`) as any).rows || [];[39m
[31m+   const latest = observations[0];[39m
[31m+   const risk = deriveReportRiskFields(passport as ReportPassportRow);[39m
[31m+   const report = {[39m
[31m+     schemaVersion: 'spr.report.v2', reportType, generatedAt: new Date().toISOString(), passport: { id: passport.id, name: passport.name },[39m
[31m+     risk: { overall: risk.canonicalScore, security: passport.security_score, compliance: passport.compliance_score, verificationStatus: risk.verificationStatus },[39m
[31m+     evidenceQuality: { completenessBasisPoints: risk.completenessBasisPoints, confidenceBasisPoints: risk.confidenceBasisPoints, unknownDimensions: latest?.unknown_dimension_count ?? 0, latestObservationAt: latest?.generated_at ?? null },[39m
[31m+     findings, evidence, observations, remediation, verification,[39m
[31m+     traceability: 'Report -> Passport -> Risk -> Finding -> Observation -> Provider -> Source -> Timestamp -> Hash',[39m
[31m+     resolutionTraceability: 'Finding -> remediation -> new observation -> independent verification',[39m
[31m+     limitations: evidence.filter((item: any) => item.limitation).map((item: any) => ({ evidenceId: item.id, limitation: item.limitation })),[39m
[31m+     ...buildReportTypeExtras(reportType, passport, findings),[39m
[31m+   };[39m
[31m+   const canonicalPayload = JSON.stringify(report);[39m
[31m+   const reportHash = crypto.createHash('sha256').update(canonicalPayload).digest('hex');[39m
[31m+   await db.execute(sql`INSERT INTO trust_report_snapshots (id,tenant_id,passport_id,report_type,generated_at,score,confidence_basis_points,completeness_basis_points,evidence_ids,finding_ids,observation_id,canonical_payload_hash,payload,created_at) VALUES (${id('report')},${tenantId},${passportId},${reportType},${report.generatedAt},${risk.canonicalScore},${risk.confidenceBasisPoints},${risk.completenessBasisPoints},${JSON.stringify(evidence.map((item: any) => item.id))},${JSON.stringify(findings.map((item: any) => item.id))},${latest?.id ?? null},${reportHash},${canonicalPayload},${report.generatedAt}) ON CONFLICT (tenant_id,passport_id,report_type,canonical_payload_hash) DO NOTHING`);[39m
[31m+   return { ...report, reportHash };[39m
[31m+ }[39m
[31m+[39m

[36m [2m❯[22m tests/clientops-remediation-queue-contract.test.ts:[2m46:15[22m[39m
    [90m 44| [39m  it('is restricted to the Client role and only affects work already r…
    [90m 45| [39m    [35mconst[39m s [33m=[39m [34msource[39m()[33m;[39m
    [90m 46| [39m    expect(s).toContain("router.post('/remediations/:id/approve', requ…
    [90m   | [39m              [31m^[39m
    [90m 47| [39m    expect(s).toContain("AND status IN ('READY_FOR_VERIFICATION','VERI…
    [90m 48| [39m  })[33m;[39m

[31m[2m⎯⎯⎯⎯⎯⎯⎯⎯⎯⎯⎯⎯⎯⎯⎯⎯⎯⎯⎯⎯⎯[33/141]⎯[22m[39m

[41m[1m FAIL [22m[49m tests/clientops-remediation-queue-contract.test.ts[2m > [22mclient approval endpoint[2m > [22mnever lets a Client approve another client's remediation (scoped by client_id, not just tenant)
[31m[1mAssertionError[22m: expected 'import { Router } from \'express\';\n…' to contain 'WHERE id=${req.params.id} AND tenant_…'[39m

[32m- Expected[39m
[31m+ Received[39m

[32m- WHERE id=${req.params.id} AND tenant_id=${tenantId} AND client_id=${clientScope}[39m
[31m+ import { Router } from 'express';[39m
[31m+ import { sql } from 'drizzle-orm';[39m
[31m+ import crypto from 'node:crypto';[39m
[31m+ import { z } from 'zod';[39m
[31m+ import { AuthenticatedRequest } from '../middleware/security.ts';[39m
[31m+ import { decryptCredentials } from '../integrations/credential-vault.ts';[39m
[31m+ import { collectDeepProviderEvidence } from '../integrations/deep-collectors.ts';[39m
[31m+ import { collectGitHubDeepEvidence } from '../integrations/github-deep.ts';[39m
[31m+ import { persistTrustLoop, verifyRemediation } from '../trust/trust-loop.ts';[39m
[31m+[39m
[31m+ const collectSchema = z.object({ passportId: z.string().trim().min(1).max(255), provider: z.string().trim().min(1).max(64) }).strict();[39m
[31m+ const remediationSchema = z.object({[39m
[31m+   findingId: z.string().trim().min(1),[39m
[31m+   title: z.string().trim().min(1).max(255),[39m
[31m+   description: z.string().max(4000).optional(),[39m
[31m+   assigneeId: z.string().max(255).optional(),[39m
[31m+   assigneeDisplay: z.string().max(255).optional(),[39m
[31m+   externalSystem: z.string().trim().min(1).max(64).default('SPR'),[39m
[31m+   externalTicketId: z.string().max(255).optional(),[39m
[31m+   slaDueAt: z.string().datetime().optional(),[39m
[31m+   priority: z.enum(['LOW', 'MEDIUM', 'HIGH', 'CRITICAL']).default('HIGH'),[39m
[31m+ }).strict();[39m
[31m+ const remediationUpdateSchema = z.object({ status: z.enum(['OPEN', 'IN_PROGRESS', 'BLOCKED', 'READY_FOR_VERIFICATION', 'VERIFIED', 'CLOSED', 'CANCELLED']), ownerId: z.string().max(255).optional(), ownerDisplay: z.string().max(255).optional(), slaDueAt: z.string().datetime().nullable().optional() }).strict();[39m
[31m+ const verifySchema = z.object({ findingId: z.string().trim().min(1), observationIds: z.array(z.string().min(1)).max(50), evidenceIds: z.array(z.string().min(1)).max(200) }).strict();[39m
[31m+ const reportTypes = z.enum(['executive', 'technical', 'msp', 'customer', 'compliance', 'vendor', 'auditor', 'evidence-ledger']);[39m
[31m+ function id(prefix: string) { return `${prefix}_${crypto.randomUUID().replaceAll('-', '')}`; }[39m
[31m+ function parseJson(value: unknown, fallback: unknown = []) { try { return value ? JSON.parse(String(value)) : fallback; } catch { return fallback; } }[39m
[31m+[39m
[31m+ const SEVERITY_ORDER = ['critical', 'high', 'medium', 'low'];[39m
[31m+[39m
[31m+ export type ReportPassportRow = {[39m
[31m+   overall_score: number | null;[39m
[31m+   security_score: number | null;[39m
[31m+   compliance_score: number | null;[39m
[31m+   verification_status: string | null;[39m
[31m+   confidence_score: number | null;[39m
[31m+   evidence_completeness: number | null;[39m
[31m+ };[39m
[31m+[39m
[31m+ export function deriveReportRiskFields(passport: ReportPassportRow) {[39m
[31m+   const verificationStatus = passport.verification_status || 'unverified';[39m
[31m+   const isMeasured = verificationStatus !== 'unverified';[39m
[31m+   return {[39m
[31m+     canonicalScore: isMeasured ? passport.overall_score : null,[39m
[31m+     verificationStatus,[39m
[31m+     confidenceBasisPoints: isMeasured && passport.confidence_score != null ? Math.round(passport.confidence_score * 100) : null,[39m
[31m+     completenessBasisPoints: isMeasured && passport.evidence_completeness != null ? Math.round(passport.evidence_completeness * 100) : null,[39m
[31m+   };[39m
[31m+ }[39m
[31m+[39m
[31m+ function buildReportTypeExtras(reportType: string, passport: any, findings: any[]) {[39m
[31m+   if (reportType === 'sbom') {[39m
[31m+     const components = parseJson(passport.sbom, []) as any[];[39m
[31m+     const vulnerabilities = parseJson(passport.vulnerabilities, []) as any[];[39m
[31m+     const sbom = components.map((component) => {[39m
[31m+       const name = component?.name || component?.packageName || component?.component;[39m
[31m+       const matched = vulnerabilities.filter((vuln) => (vuln?.component || vuln?.packageName || vuln?.package) === name);[39m
[31m+       return { ...component, vulnerabilityCount: matched.length, criticalOrHighCount: matched.filter((vuln) => SEVERITY_ORDER.slice(0, 2).includes(String(vuln?.severity || '').toLowerCase())).length };[39m
[31m+     });[39m
[31m+     return { sbom };[39m
[31m+   }[39m
[31m+   if (reportType === 'compliance') {[39m
[31m+     const byControl = new Map<string, { controlId: string; findingCount: number; openCount: number; worstSeverity: string; findingIds: string[] }>();[39m
[31m+     for (const finding of findings) {[39m
[31m+       const controlId = finding.control_id || 'unmapped';[39m
[31m+       const entry = byControl.get(controlId) || { controlId, findingCount: 0, openCount: 0, worstSeverity: 'low', findingIds: [] as string[] };[39m
[31m+       entry.findingCount += 1;[39m
[31m+       entry.findingIds.push(finding.id);[39m
[31m+       if (!['resolved', 'closed', 'verified'].includes(String(finding.status || '').toLowerCase())) entry.openCount += 1;[39m
[31m+       const severity = String(finding.severity || '').toLowerCase();[39m
[31m+       if (SEVERITY_ORDER.includes(severity) && SEVERITY_ORDER.indexOf(severity) < SEVERITY_ORDER.indexOf(entry.worstSeverity)) entry.worstSeverity = severity;[39m
[31m+       byControl.set(controlId, entry);[39m
[31m+     }[39m
[31m+     return { controls: [...byControl.values()] };[39m
[31m+   }[39m
[31m+   return {};[39m
[31m+ }[39m
[31m+[39m
[31m+ export function createTrustLoopRouter() {[39m
[31m+   const router = Router();[39m
[31m+[39m
[31m+   router.post('/collect', async (req: AuthenticatedRequest, res, next) => {[39m
[31m+     const parsed = collectSchema.safeParse(req.body);[39m
[31m+     if (!parsed.success) return res.status(400).json({ error: 'INVALID_PAYLOAD', details: parsed.error.flatten() });[39m
[31m+     const { passportId, provider } = parsed.data;[39m
[31m+     const tenantId = req.user!.tenantId;[39m
[31m+     const runId = id('collect');[39m
[31m+     const startedAt = new Date().toISOString();[39m
[31m+     const db = req.db!;[39m
[31m+     try {[39m
[31m+       const passport = (await db.execute(sql`SELECT id,client_id FROM passports WHERE id=${passportId} AND tenant_id=${tenantId} LIMIT 1`) as any).rows?.[0];[39m
[31m+       if (!passport) return res.status(404).json({ error: 'PASSPORT_NOT_FOUND' });[39m
[31m+       const stored = (await db.execute(sql`SELECT encrypted_payload FROM integration_credentials WHERE tenant_id=${tenantId} AND provider=${provider} LIMIT 1`) as any).rows?.[0];[39m
[31m+       if (!stored?.encrypted_payload) return res.status(409).json({ error: 'CREDENTIAL_NOT_CONFIGURED' });[39m
[31m+[39m
[31m+       await db.execute(sql`INSERT INTO trust_collection_runs (id,tenant_id,passport_id,provider,started_at,status,idempotency_key,created_at) VALUES (${runId},${tenantId},${passportId},${provider},${startedAt},'RUNNING',${`${tenantId}:${passportId}:${provider}:${startedAt}`},${startedAt})`);[39m
[31m+       const credentials = decryptCredentials(stored.encrypted_payload) as Record<string, string>;[39m
[31m+       const observations = provider === 'github' ? await collectGitHubDeepEvidence(credentials) : await collectDeepProviderEvidence(provider as any, credentials);[39m
[31m+       const result = await persistTrustLoop({ tenantId, passportId, clientId: passport.client_id || passport.id, assetId: passport.id, observations, generationReason: 'provider_collection', actorType: 'worker', collectorVersionMap: { [provider]: 'deep-v2' } });[39m
[31m+       const completedAt = new Date().toISOString();[39m
[31m+       await db.execute(sql`UPDATE trust_collection_runs SET completed_at=${completedAt},status='SUCCEEDED',observation_count=${observations.length},evidence_count=${result.evidenceIds.length},failure_count=${observations.filter((o) => o.status === 'FAIL').length},collector_version='deep-v2' WHERE id=${runId} AND tenant_id=${tenantId}`);[39m
[31m+       await db.execute(sql`INSERT INTO trust_monitoring_state (id,tenant_id,passport_id,provider,next_run_at,last_run_at,last_success_at,last_evidence_hash,consecutive_failures,status,updated_at) VALUES (${id('monitor')},${tenantId},${passportId},${provider},${new Date(Date.now()+3600000).toISOString()},${completedAt},${completedAt},${result.payloadHash},0,'HEALTHY',${completedAt}) ON CONFLICT (tenant_id,passport_id,provider) DO UPDATE SET next_run_at=EXCLUDED.next_run_at,last_run_at=EXCLUDED.last_run_at,last_success_at=EXCLUDED.last_success_at,last_evidence_hash=EXCLUDED.last_evidence_hash,consecutive_failures=0,status='HEALTHY',updated_at=EXCLUDED.updated_at`);[39m
[31m+       return res.json({ runId, provider, observationCount: observations.length, ...result });[39m
[31m+     } catch (error) {[39m
[31m+       const completedAt = new Date().toISOString();[39m
[31m+       await db.execute(sql`UPDATE trust_collection_runs SET completed_at=${completedAt},status='FAILED',error_code='COLLECTION_FAILED',error_message=${error instanceof Error ? error.message.slice(0,1000) : 'COLLECTION_FAILED'} WHERE id=${runId} AND tenant_id=${tenantId}`).catch(() => undefined);[39m
[31m+       await db.execute(sql`UPDATE trust_monitoring_state SET last_run_at=${completedAt},last_failure_at=${completedAt},consecutive_failures=consecutive_failures+1,status=CASE WHEN consecutive_failures+1 >= 5 THEN 'FAILED' ELSE 'DEGRADED' END,updated_at=${completedAt} WHERE tenant_id=${tenantId} AND passport_id=${passportId} AND provider=${provider}`).catch(() => undefined);[39m
[31m+       return next(error);[39m
[31m+     }[39m
[31m+   });[39m
[31m+[39m
[31m+   const findingsWithRemediationSelect = sql`[39m
[31m+     SELECT f.*, r.id AS remediation_id, r.status AS remediation_status, r.owner_id AS remediation_owner_id,[39m
[31m+            r.owner_display AS remediation_owner_display, r.sla_due_at AS remediation_sla_due_at, r.updated_at AS remediation_updated_at[39m
[31m+     FROM trust_findings f[39m
[31m+     LEFT JOIN LATERAL ([39m
[31m+       SELECT * FROM trust_remediation_work_items w[39m
[31m+       WHERE w.tenant_id = f.tenant_id AND w.finding_id = f.id[39m
[31m+       ORDER BY w.created_at DESC LIMIT 1[39m
[31m+     ) r ON true[39m
[31m+   `;[39m
[31m+   router.get('/findings', async (req: AuthenticatedRequest, res, next) => {[39m
[31m+     try {[39m
[31m+       const db = req.db!;[39m
[31m+       const tenantId = req.user!.tenantId;[39m
[31m+       const passportId = typeof req.query.passportId === 'string' ? req.query.passportId : null;[39m
[31m+       const rows = passportId[39m
[31m+         ? await db.execute(sql`${findingsWithRemediationSelect} WHERE f.tenant_id=${tenantId} AND f.passport_id=${passportId} ORDER BY CASE f.severity WHEN 'critical' THEN 1 WHEN 'high' THEN 2 WHEN 'medium' THEN 3 WHEN 'low' THEN 4 ELSE 5 END,f.updated_at DESC`)[39m
[31m+         : await db.execute(sql`${findingsWithRemediationSelect} WHERE f.tenant_id=${tenantId} ORDER BY f.updated_at DESC`);[39m
[31m+       return res.json({ findings: (rows as any).rows || [] });[39m
[31m+     } catch (error) { return next(error); }[39m
[31m+   });[39m
[31m+[39m
[31m+   router.post('/remediations', async (req: AuthenticatedRequest, res, next) => {[39m
[31m+     const parsed = remediationSchema.safeParse(req.body);[39m
[31m+     if (!parsed.success) return res.status(400).json({ error: 'INVALID_PAYLOAD', details: parsed.error.flatten() });[39m
[31m+     try {[39m
[31m+       const db = req.db!;[39m
[31m+       const p = parsed.data;[39m
[31m+       const tenantId = req.user!.tenantId;[39m
[31m+       const finding = (await db.execute(sql`SELECT id,client_id,passport_id,title,description FROM trust_findings WHERE id=${p.findingId} AND tenant_id=${tenantId} LIMIT 1`) as any).rows?.[0];[39m
[31m+       if (!finding) return res.status(404).json({ error: 'FINDING_NOT_FOUND' });[39m
[31m+       const now = new Date().toISOString();[39m
[31m+       const workId = id('remed');[39m
[31m+       await db.execute(sql`INSERT INTO trust_remediation_work_items (id,tenant_id,passport_id,finding_id,external_system,external_ticket_id,owner_id,owner_display,sla_due_at,status,remediation_plan,created_at,updated_at) VALUES (${workId},${tenantId},${finding.passport_id},${finding.id},${p.externalSystem},${p.externalTicketId ?? null},${p.assigneeId ?? null},${p.assigneeDisplay ?? null},${p.slaDueAt ?? null},'OPEN',${p.description || finding.description},${now},${now})`);[39m
[31m+       await db.execute(sql`INSERT INTO remediation_tasks (id,tenant_id,client_id,alert_id,title,description,priority,status,assignee_id,created_by,created_at,updated_at) VALUES (${workId},${tenantId},${finding.client_id},${finding.id},${p.title},${p.description || finding.description},${p.priority},'OPEN',${p.assigneeId ?? null},${req.user!.uid},${now},${now})`);[39m
[31m+       const created = (await db.execute(sql`SELECT * FROM trust_remediation_work_items WHERE id=${workId} AND tenant_id=${tenantId} LIMIT 1`) as any).rows?.[0];[39m
[31m+       return res.status(201).json({ ...created, title: p.title });[39m
[31m+     } catch (error) { return next(error); }[39m
[31m+   });[39m
[31m+[39m
[31m+   router.get('/remediations/:id', async (req: AuthenticatedRequest, res, next) => {[39m
[31m+     try {[39m
[31m+       const db = req.db!;[39m
[31m+       const tenantId = req.user!.tenantId;[39m
[31m+       const row = (await db.execute(sql`SELECT w.*, f.title AS finding_title FROM trust_remediation_work_items w JOIN trust_findings f ON f.id = w.finding_id AND f.tenant_id = w.tenant_id WHERE w.id=${req.params.id} AND w.tenant_id=${tenantId} LIMIT 1`) as any).rows?.[0];[39m
[31m+       if (!row) return res.status(404).json({ error: 'REMEDIATION_NOT_FOUND' });[39m
[31m+       return res.json({ ...row, title: row.finding_title });[39m
[31m+     } catch (error) { return next(error); }[39m
[31m+   });[39m
[31m+[39m
[31m+   router.post('/remediations/:id/verify-latest', async (req: AuthenticatedRequest, res, next) => {[39m
[31m+     try {[39m
[31m+       const db = req.db!;[39m
[31m+       const tenantId = req.user!.tenantId;[39m
[31m+       const work = (await db.execute(sql`SELECT id,finding_id,passport_id FROM trust_remediation_work_items WHERE id=${req.params.id} AND tenant_id=${tenantId} LIMIT 1`) as any).rows?.[0];[39m
[31m+       if (!work) return res.status(404).json({ error: 'REMEDIATION_NOT_FOUND' });[39m
[31m+       const latestObservation = (await db.execute(sql`SELECT id,evidence_ids FROM trust_observations WHERE tenant_id=${tenantId} AND passport_id=${work.passport_id} ORDER BY observation_version DESC LIMIT 1`) as any).rows?.[0];[39m
[31m+       if (!latestObservation) return res.status(409).json({ error: 'NO_OBSERVATION_ON_FILE', message: 'SPR has no recorded observation for this software yet. Collect evidence before verifying.' });[39m
[31m+       const evidenceIds: string[] = parseJson(latestObservation.evidence_ids, []) as string[];[39m
[31m+       const result = await verifyRemediation({ tenantId, findingId: work.finding_id, observationIds: [latestObservation.id], evidenceIds, actorId: req.user!.uid });[39m
[31m+       const now = new Date().toISOString();[39m
[31m+       await db.execute(sql`UPDATE trust_remediation_work_items SET status='VERIFIED',updated_at=${now},closed_at=${now} WHERE id=${work.id} AND tenant_id=${tenantId}`);[39m
[31m+       const row = (await db.execute(sql`SELECT * FROM trust_remediation_work_items WHERE id=${work.id} AND tenant_id=${tenantId} LIMIT 1`) as any).rows?.[0];[39m
[31m+       return res.json({ ...row, verification: result });[39m
[31m+     } catch (error: any) {[39m
[31m+       const message = error instanceof Error ? error.message : String(error);[39m
[31m+       if (/^VERIFICATION_|^FINDING_NOT_FOUND$/.test(message)) return res.status(409).json({ error: message });[39m
[31m+       return next(error);[39m
[31m+     }[39m
[31m+   });[39m
[31m+[39m
[31m+   router.patch('/remediations/:id', async (req: AuthenticatedRequest, res, next) => {[39m
[31m+     const parsed = remediationUpdateSchema.safeParse(req.body);[39m
[31m+     if (!parsed.success) return res.status(400).json({ error: 'INVALID_PAYLOAD', details: parsed.error.flatten() });[39m
[31m+     try {[39m
[31m+       const db = req.db!;[39m
[31m+       const tenantId = req.user!.tenantId;[39m
[31m+       const p = parsed.data;[39m
[31m+       const now = new Date().toISOString();[39m
[31m+       const rows = await db.execute(sql`UPDATE trust_remediation_work_items SET status=${p.status},owner_id=COALESCE(${p.ownerId ?? null},owner_id),owner_display=COALESCE(${p.ownerDisplay ?? null},owner_display),sla_due_at=CASE WHEN ${p.slaDueAt === undefined} THEN sla_due_at ELSE ${p.slaDueAt} END,updated_at=${now},closed_at=CASE WHEN ${p.status} IN ('CLOSED','VERIFIED') THEN ${now} ELSE closed_at END WHERE id=${req.params.id} AND tenant_id=${tenantId} RETURNING *`);[39m
[31m+       const row = (rows as any).rows?.[0];[39m
[31m+       if (!row) return res.status(404).json({ error: 'REMEDIATION_NOT_FOUND' });[39m
[31m+       return res.json(row);[39m
[31m+     } catch (error) { return next(error); }[39m
[31m+   });[39m
[31m+[39m
[31m+   router.post('/verify', async (req: AuthenticatedRequest, res, next) => {[39m
[31m+     const parsed = verifySchema.safeParse(req.body);[39m
[31m+     if (!parsed.success) return res.status(400).json({ error: 'INVALID_PAYLOAD', details: parsed.error.flatten() });[39m
[31m+     try {[39m
[31m+       const db = req.db!;[39m
[31m+       const result = await verifyRemediation({ ...parsed.data, tenantId: req.user!.tenantId, actorId: req.user!.uid });[39m
[31m+       await db.execute(sql`UPDATE trust_remediation_work_items SET status='VERIFIED',updated_at=${new Date().toISOString()},closed_at=${new Date().toISOString()} WHERE tenant_id=${req.user!.tenantId} AND finding_id=${parsed.data.findingId}`);[39m
[31m+       return res.json(result);[39m
[31m+     } catch (error) { return next(error); }[39m
[31m+   });[39m
[31m+[39m
[31m+   router.get('/monitoring', async (req: AuthenticatedRequest, res, next) => {[39m
[31m+     try {[39m
[31m+       const db = req.db!;[39m
[31m+       const tenantId = req.user!.tenantId;[39m
[31m+       const passportId = typeof req.query.passportId === 'string' ? req.query.passportId : null;[39m
[31m+       const rows = passportId ? await db.execute(sql`SELECT * FROM trust_monitoring_state WHERE tenant_id=${tenantId} AND passport_id=${passportId} ORDER BY provider`) : await db.execute(sql`SELECT * FROM trust_monitoring_state WHERE tenant_id=${tenantId} ORDER BY passport_id,provider`);[39m
[31m+       const alerts = passportId ? await db.execute(sql`SELECT * FROM trust_alerts WHERE tenant_id=${tenantId} AND passport_id=${passportId} ORDER BY created_at DESC`) : await db.execute(sql`SELECT * FROM trust_alerts WHERE tenant_id=${tenantId} ORDER BY created_at DESC`);[39m
[31m+       return res.json({ monitoring: (rows as any).rows || [], alerts: (alerts as any).rows || [] });[39m
[31m+     } catch (error) { return next(error); }[39m
[31m+   });[39m
[31m+[39m
[31m+   router.get('/ledger/:passportId', async (req: AuthenticatedRequest, res, next) => {[39m
[31m+     try {[39m
[31m+       const db = req.db!;[39m
[31m+       const tenantId = req.user!.tenantId;[39m
[31m+       const passportId = req.params.passportId;[39m
[31m+       const scope = await db.execute(sql`SELECT id FROM passports WHERE id=${passportId} AND tenant_id=${tenantId} LIMIT 1`);[39m
[31m+       if (!(scope as any).rows?.length) return res.status(404).json({ error: 'PASSPORT_NOT_FOUND' });[39m
[31m+       const observations = await db.execute(sql`SELECT id,observation_version,generated_at,previous_observation_id,evidence_ids,finding_ids,canonical_payload_hash,completeness_basis_points,open_finding_count,unknown_dimension_count FROM trust_observations WHERE tenant_id=${tenantId} AND passport_id=${passportId} ORDER BY observation_version DESC`);[39m
[31m+       const evidence = await db.execute(sql`SELECT id,provider,control_id,subject,source_url,observed_at,verification_method,status,severity,evidence_hash,limitation FROM evidence_ledger WHERE tenant_id=${tenantId} AND passport_id=${passportId} ORDER BY observed_at DESC`);[39m
[31m+       const findings = await db.execute(sql`SELECT id,control_id,title,severity,status,evidence_ids,fingerprint,updated_at,resolved_at FROM trust_findings WHERE tenant_id=${tenantId} AND passport_id=${passportId} ORDER BY updated_at DESC`);[39m
[31m+       const remediation = await db.execute(sql`SELECT * FROM trust_remediation_work_items WHERE tenant_id=${tenantId} AND passport_id=${passportId} ORDER BY updated_at DESC`);[39m
[31m+       const verification = await db.execute(sql`SELECT * FROM remediation_verification_ledger WHERE tenant_id=${tenantId} AND finding_id IN (SELECT id FROM trust_findings WHERE tenant_id=${tenantId} AND passport_id=${passportId}) ORDER BY created_at DESC`);[39m
[31m+       return res.json({ observations: (observations as any).rows || [], findings: (findings as any).rows || [], evidence: (evidence as any).rows || [], remediation: (remediation as any).rows || [], verification: (verification as any).rows || [], trace: 'Report -> Passport -> Risk -> Finding -> Observation -> Provider -> Source -> Timestamp -> Hash' });[39m
[31m+     } catch (error) { return next(error); }[39m
[31m+   });[39m
[31m+[39m
[31m+   router.get('/reports/:passportId/history', async (req: AuthenticatedRequest, res, next) => {[39m
[31m+     try {[39m
[31m+       const db = req.db!;[39m
[31m+       const tenantId = req.user!.tenantId;[39m
[31m+       const passportId = req.params.passportId;[39m
[31m+       const typeFilter = typeof req.query.type === 'string' ? reportTypes.safeParse(req.query.type) : null;[39m
[31m+       if (typeFilter && !typeFilter.success) return res.status(400).json({ error: 'INVALID_REPORT_TYPE' });[39m
[31m+       const rows = typeFilter?.success[39m
[31m+         ? await db.execute(sql`SELECT id,report_type,generated_at,score,confidence_basis_points,completeness_basis_points,canonical_payload_hash FROM trust_report_snapshots WHERE tenant_id=${tenantId} AND passport_id=${passportId} AND report_type=${typeFilter.data} ORDER BY generated_at DESC LIMIT 50`)[39m
[31m+         : await db.execute(sql`SELECT id,report_type,generated_at,score,confidence_basis_points,completeness_basis_points,canonical_payload_hash FROM trust_report_snapshots WHERE tenant_id=${tenantId} AND passport_id=${passportId} ORDER BY generated_at DESC LIMIT 50`);[39m
[31m+       return res.json({ snapshots: (rows as any).rows || [] });[39m
[31m+     } catch (error) { return next(error); }[39m
[31m+   });[39m
[31m+[39m
[31m+   router.get('/reports/:passportId/history/:snapshotId', async (req: AuthenticatedRequest, res, next) => {[39m
[31m+     try {[39m
[31m+       const db = req.db!;[39m
[31m+       const tenantId = req.user!.tenantId;[39m
[31m+       const row = (await db.execute(sql`SELECT payload,canonical_payload_hash,generated_at,report_type FROM trust_report_snapshots WHERE id=${req.params.snapshotId} AND tenant_id=${tenantId} AND passport_id=${req.params.passportId} LIMIT 1`) as any).rows?.[0];[39m
[31m+       if (!row) return res.status(404).json({ error: 'REPORT_SNAPSHOT_NOT_FOUND' });[39m
[31m+       const payload = parseJson(row.payload, {});[39m
[31m+       return res.json({ ...(payload as object), reportHash: row.canonical_payload_hash });[39m
[31m+     } catch (error) { return next(error); }[39m
[31m+   });[39m
[31m+[39m
[31m+   router.get('/reports/:passportId', async (req: AuthenticatedRequest, res, next) => {[39m
[31m+     try {[39m
[31m+       const parsed = reportTypes.safeParse(req.query.type || 'executive');[39m
[31m+       if (!parsed.success) return res.status(400).json({ error: 'INVALID_REPORT_TYPE' });[39m
[31m+       const report = await buildAndPersistReport(req.db!, req.user!.tenantId, String(req.params.passportId), parsed.data);[39m
[31m+       if (!report) return res.status(404).json({ error: 'PASSPORT_NOT_FOUND' });[39m
[31m+       return res.json(report);[39m
[31m+     } catch (error) { return next(error); }[39m
[31m+   });[39m
[31m+[39m
[31m+   return router;[39m
[31m+ }[39m
[31m+[39m
[31m+ export async function buildAndPersistReport(db: any, tenantId: string, passportId: string, reportType: string) {[39m
[31m+   const passport = (await db.execute(sql`SELECT id,name,overall_score,security_score,compliance_score,verification_status,confidence_score,evidence_completeness,sbom,evidence,vulnerabilities,timeline FROM passports WHERE id=${passportId} AND tenant_id=${tenantId} LIMIT 1`) as any).rows?.[0];[39m
[31m+   if (!passport) return null;[39m
[31m+   const findings = (await db.execute(sql`SELECT id,control_id,title,severity,status,description,remediation,evidence_ids,updated_at,resolved_at FROM trust_findings WHERE tenant_id=${tenantId} AND passport_id=${passportId} ORDER BY CASE severity WHEN 'critical' THEN 1 WHEN 'high' THEN 2 WHEN 'medium' THEN 3 WHEN 'low' THEN 4 ELSE 5 END,updated_at DESC`) as any).rows || [];[39m
[31m+   const evidence = (await db.execute(sql`SELECT id,provider,control_id,subject,source_url,observed_at,verification_method,status,severity,evidence_hash,limitation FROM evidence_ledger WHERE tenant_id=${tenantId} AND passport_id=${passportId} ORDER BY observed_at DESC`) as any).rows || [];[39m
[31m+   const observations = (await db.execute(sql`SELECT id,observation_version,generated_at,previous_observation_id,evidence_ids,finding_ids,canonical_payload_hash,completeness_basis_points,confidence_basis_points,open_finding_count,unknown_dimension_count FROM trust_observations WHERE tenant_id=${tenantId} AND passport_id=${passportId} ORDER BY observation_version DESC`) as any).rows || [];[39m
[31m+   const remediation = (await db.execute(sql`SELECT * FROM trust_remediation_work_items WHERE tenant_id=${tenantId} AND passport_id=${passportId} ORDER BY updated_at DESC`) as any).rows || [];[39m
[31m+   const verification = (await db.execute(sql`SELECT * FROM remediation_verification_ledger WHERE tenant_id=${tenantId} AND finding_id IN (SELECT id FROM trust_findings WHERE tenant_id=${tenantId} AND passport_id=${passportId}) ORDER BY created_at DESC`) as any).rows || [];[39m
[31m+   const latest = observations[0];[39m
[31m+   const risk = deriveReportRiskFields(passport as ReportPassportRow);[39m
[31m+   const report = {[39m
[31m+     schemaVersion: 'spr.report.v2', reportType, generatedAt: new Date().toISOString(), passport: { id: passport.id, name: passport.name },[39m
[31m+     risk: { overall: risk.canonicalScore, security: passport.security_score, compliance: passport.compliance_score, verificationStatus: risk.verificationStatus },[39m
[31m+     evidenceQuality: { completenessBasisPoints: risk.completenessBasisPoints, confidenceBasisPoints: risk.confidenceBasisPoints, unknownDimensions: latest?.unknown_dimension_count ?? 0, latestObservationAt: latest?.generated_at ?? null },[39m
[31m+     findings, evidence, observations, remediation, verification,[39m
[31m+     traceability: 'Report -> Passport -> Risk -> Finding -> Observation -> Provider -> Source -> Timestamp -> Hash',[39m
[31m+     resolutionTraceability: 'Finding -> remediation -> new observation -> independent verification',[39m
[31m+     limitations: evidence.filter((item: any) => item.limitation).map((item: any) => ({ evidenceId: item.id, limitation: item.limitation })),[39m
[31m+     ...buildReportTypeExtras(reportType, passport, findings),[39m
[31m+   };[39m
[31m+   const canonicalPayload = JSON.stringify(report);[39m
[31m+   const reportHash = crypto.createHash('sha256').update(canonicalPayload).digest('hex');[39m
[31m+   await db.execute(sql`INSERT INTO trust_report_snapshots (id,tenant_id,passport_id,report_type,generated_at,score,confidence_basis_points,completeness_basis_points,evidence_ids,finding_ids,observation_id,canonical_payload_hash,payload,created_at) VALUES (${id('report')},${tenantId},${passportId},${reportType},${report.generatedAt},${risk.canonicalScore},${risk.confidenceBasisPoints},${risk.completenessBasisPoints},${JSON.stringify(evidence.map((item: any) => item.id))},${JSON.stringify(findings.map((item: any) => item.id))},${latest?.id ?? null},${reportHash},${canonicalPayload},${report.generatedAt}) ON CONFLICT (tenant_id,passport_id,report_type,canonical_payload_hash) DO NOTHING`);[39m
[31m+   return { ...report, reportHash };[39m
[31m+ }[39m
[31m+[39m

[36m [2m❯[22m tests/clientops-remediation-queue-contract.test.ts:[2m50:22[22m[39m
    [90m 48| [39m  })[33m;[39m
    [90m 49| [39m  it('never lets a Client approve another client\'s remediation (scope…
    [90m 50| [39m    expect(source()).toContain('WHERE id=${req.params.id} AND tenant_i…
    [90m   | [39m                     [31m^[39m
    [90m 51| [39m  })[33m;[39m
    [90m 52| [39m  it('is carved out of the router-wide staff-only mutation gate, which…

[31m[2m⎯⎯⎯⎯⎯⎯⎯⎯⎯⎯⎯⎯⎯⎯⎯⎯⎯⎯⎯⎯⎯[34/141]⎯[22m[39m

[41m[1m FAIL [22m[49m tests/clientops-remediation-queue-contract.test.ts[2m > [22mclient approval endpoint[2m > [22mis carved out of the router-wide staff-only mutation gate, which otherwise blocks every Client-role POST under /api/trust-loop
[31m[1mAssertionError[22m: expected 'import express, { type NextFunction, …' to contain '/\/remediations\/[^/]+\/approve$/.tes…'[39m

[32m- Expected[39m
[31m+ Received[39m

[32m- /\/remediations\/[^/]+\/approve$/.test(req.path)[39m
[31m+ import express, { type NextFunction, type Request, type Response } from 'express';[39m
[31m+ import cors from 'cors';[39m
[31m+ import helmet from 'helmet';[39m
[31m+ import * as Sentry from '@sentry/node';[39m
[31m+ import path from 'node:path';[39m
[31m+ import { fileURLToPath } from 'node:url';[39m
[31m+ import { randomUUID } from 'node:crypto';[39m
[31m+ import { config, validateConfiguration } from './src/config.ts';[39m
[31m+ import { checkDatabaseHealth, closeDatabase, db } from './src/db/index.ts';[39m
[31m+ import { sql } from 'drizzle-orm';[39m
[31m+ import { AuthenticatedRequest, rateLimiter, requireAuth, requireRole } from './src/middleware/security.ts';[39m
[31m+ import { createAuthRouter } from './src/routes/auth.ts';[39m
[31m+ import { createConnectRouter } from './src/routes/connect.ts';[39m
[31m+ import { createIntegrationsRouter } from './src/routes/integrations.ts';[39m
[31m+ import { createLiveIntegrationsRouter } from './src/routes/integrations-live.ts';[39m
[31m+ import { createMonitoringRouter } from './src/routes/monitoring.ts';[39m
[31m+ import { createPublicConnectRouter } from './src/routes/public-connect.ts';[39m
[31m+ import { createScansRouter } from './src/routes/scans.ts';[39m
[31m+ import { createComplianceRouter } from './src/routes/compliance.ts';[39m
[31m+ import { createTrustLoopRouter } from './src/routes/trust-loop.ts';[39m
[31m+ import { createIntegrationMonitoringRouter } from './src/routes/integration-monitoring.ts';[39m
[31m+ import { createAgentApiRouter } from './src/routes/agent-api.ts';[39m
[31m+ import { createMspRouter } from './src/routes/msp.ts';[39m
[31m+ import { createAiTrustRouter } from './src/routes/ai-trust.ts';[39m
[31m+ import { createMcpTransport } from './src/mcp/transport.ts';[39m
[31m+ import { executePublicMcpTool } from './src/mcp/execute.ts';[39m
[31m+[39m
[31m+ const app = express();[39m
[31m+ const startedAt = Date.now();[39m
[31m+ const requestBodyLimit = process.env.REQUEST_BODY_LIMIT || '2mb';[39m
[31m+ const requestHeaderTimeoutMs = Number(process.env.REQUEST_HEADER_TIMEOUT_MS || 15_000);[39m
[31m+ const requestTimeoutMs = Number(process.env.REQUEST_TIMEOUT_MS || 120_000);[39m
[31m+ const keepAliveTimeoutMs = Number(process.env.KEEP_ALIVE_TIMEOUT_MS || 65_000);[39m
[31m+[39m
[31m+ async function ensureInitialSelfPassport() {[39m
[31m+   const owner = (await db.execute(sql`SELECT tenant_id AS "tenantId" FROM users WHERE role = 'Owner' ORDER BY created_at ASC LIMIT 1`)).rows?.[0] as { tenantId?: string } | undefined;[39m
[31m+   if (!owner?.tenantId) {[39m
[31m+     console.warn('[SPR] Initial self-passport skipped: no Owner tenant exists yet.');[39m
[31m+     return;[39m
[31m+   }[39m
[31m+   await db.execute(sql`[39m
[31m+     INSERT INTO passports ([39m
[31m+       id, tenant_id, name, version, publisher, category, overall_score,[39m
[31m+       security_score, compliance_score, vendor_reputation_score, release_date,[39m
[31m+       file_hash, license_type, ai_summary, sbom, evidence, vulnerabilities, timeline[39m
[31m+     ) VALUES ([39m
[31m+       'passport_spr_self', ${owner.tenantId}, 'Software Passport Registry', '1.0.0',[39m
[31m+       'SPR', 'Platform', 0, 0, 0, 0, CURRENT_DATE::text, 'not-observed',[39m
[31m+       'Unknown', 'Initial SPR self-passport. Evidence collection is pending.',[39m
[31m+       '[]', '[]', '[]', '[]'[39m
[31m+     )[39m
[31m+     ON CONFLICT (id) DO NOTHING[39m
[31m+   `);[39m
[31m+   console.info('[SPR] Initial self-passport ready.');[39m
[31m+ }[39m
[31m+[39m
[31m+ export function normalizeAllowedOrigins(origins: string[]): string[] {[39m
[31m+   return [...new Set(origins.map((origin) => new URL(origin).origin))].sort();[39m
[31m+ }[39m
[31m+[39m
[31m+ if (config.trustProxy) app.set('trust proxy', 1);[39m
[31m+ app.disable('x-powered-by');[39m
[31m+ if (config.sentry.dsn) Sentry.init({ dsn: config.sentry.dsn, environment: config.nodeEnv, tracesSampleRate: config.isProduction ? 0.1 : 1.0 });[39m
[31m+ const allowedOrigins = new Set(normalizeAllowedOrigins(config.allowedOrigins));[39m
[31m+ const appOrigin = config.appUrl ? new URL(config.appUrl).origin : undefined;[39m
[31m+ const corsOrigin = (origin: string | undefined, callback: (error: Error | null, allow?: boolean) => void) => {[39m
[31m+   if (!origin) return callback(null, true);[39m
[31m+   try {[39m
[31m+     const normalizedOrigin = new URL(origin).origin;[39m
[31m+     if (allowedOrigins.has(normalizedOrigin)) return callback(null, true);[39m
[31m+   } catch (_) {}[39m
[31m+   return callback(new Error('CORS origin denied'));[39m
[31m+ };[39m
[31m+ app.use(helmet({ contentSecurityPolicy: { useDefaults: false, directives: { defaultSrc: ["'self'"], baseUri: ["'self'"], objectSrc: ["'none'"], frameAncestors: ["'none'"], formAction: ["'self'"], scriptSrc: ["'self'"], styleSrc: ["'self'", "'unsafe-inline'"], imgSrc: ["'self'", 'data:', 'blob:', 'https:'], fontSrc: ["'self'", 'data:', 'https:'], connectSrc: ["'self'", ...(appOrigin ? [appOrigin] : [])], frameSrc: ["'self'", 'https:'], workerSrc: ["'self'", 'blob:'], manifestSrc: ["'self'"], upgradeInsecureRequests: [] } }, crossOriginEmbedderPolicy: false, frameguard: { action: 'deny' }, referrerPolicy: { policy: 'no-referrer' } }));[39m
[31m+ app.use(cors({ origin: corsOrigin, credentials: true, methods: ['GET', 'HEAD', 'POST', 'PUT', 'PATCH', 'DELETE', 'OPTIONS'], allowedHeaders: ['Authorization', 'Content-Type', 'X-Request-ID', 'X-API-Key'] }));[39m
[31m+ app.use((req, res, next) => { if (req.method === 'TRACE' || req.method === 'CONNECT') return res.status(405).json({ error: { code: 'METHOD_NOT_ALLOWED', message: 'HTTP method is not allowed.' } }); if (req.headers['content-length'] && !/^\d+$/.test(String(req.headers['content-length']))) return res.status(400).json({ error: { code: 'INVALID_CONTENT_LENGTH', message: 'Invalid Content-Length header.' } }); return next(); });[39m
[31m+ app.use(express.json({ limit: requestBodyLimit, strict: true, type: ['application/json', 'application/*+json'] }));[39m
[31m+ app.use(express.urlencoded({ extended: false, limit: requestBodyLimit }));[39m
[31m+ app.use((req, res, next) => { const supplied = req.headers['x-request-id']; const requestId = typeof supplied === 'string' && /^[A-Za-z0-9._:-]{1,100}$/.test(supplied) ? supplied : `req_${randomUUID()}`; res.setHeader('X-Request-ID', requestId); res.setHeader('Cache-Control', req.path.startsWith('/api/') ? 'no-store, max-age=0' : 'public, max-age=0, must-revalidate'); res.locals.requestId = requestId; next(); });[39m
[31m+ app.use((req, res, next) => { if (config.isProduction && config.enforceHttps && !req.secure && req.path !== '/health' && req.path !== '/ready' && req.path !== '/api/health' && req.path !== '/api/ready') { if (!appOrigin) return res.status(503).json({ error: { code: 'HTTPS_CONFIGURATION_ERROR', message: 'HTTPS redirect target is not configured.' } }); return res.redirect(308, `${appOrigin}${req.originalUrl}`); } return next(); });[39m
[31m+ app.get('/health', (_req, res) => res.status(200).json({ status: 'ok', service: 'spr-app', uptimeSeconds: Math.floor((Date.now() - startedAt) / 1000) }));[39m
[31m+ const readinessHandler = async (_req: Request, res: Response) => { const database = await checkDatabaseHealth(); const ready = database.ok; res.status(ready ? 200 : 503).json({ status: ready ? 'ready' : 'not_ready', checks: { database: database.ok ? database : { ok: false, latencyMs: database.latencyMs, error: 'DATABASE_UNAVAILABLE' } }, uptimeSeconds: Math.floor((Date.now() - startedAt) / 1000) }); };[39m
[31m+ app.get('/ready', readinessHandler);[39m
[31m+ app.get('/api/ready', readinessHandler);[39m
[31m+ app.get('/api/health', async (_req, res) => { const database = await checkDatabaseHealth(); res.status(database.ok ? 200 : 503).json({ status: database.ok ? 'ok' : 'degraded', database: database.ok ? database : { ok: false, latencyMs: database.latencyMs, error: 'DATABASE_UNAVAILABLE' } }); });[39m
[31m+ app.use('/api', rateLimiter);[39m
[31m+ app.use('/api', createAuthRouter());[39m
[31m+ app.use('/api', createPublicConnectRouter());[39m
[31m+ const connectRouter = createConnectRouter();[39m
[31m+ app.use('/api', connectRouter);[39m
[31m+ app.use('/api/connect', connectRouter);[39m
[31m+ app.use('/api/integrations/connect', connectRouter);[39m
[31m+ app.post('/api/ai/analyze-passport', requireAuth, async (req: AuthenticatedRequest, res, next) => {[39m
[31m+   try {[39m
[31m+     const passportId = typeof req.body?.passportId === 'string' ? req.body.passportId.trim() : '';[39m
[31m+     if (!passportId) return res.status(400).json({ error: { code: 'PASSPORT_ID_REQUIRED', message: 'passportId is required.' } });[39m
[31m+     const db = req.db!;[39m
[31m+     const result = await db.execute(sql`[39m
[31m+       SELECT name, version, publisher, overall_score AS "overallScore",[39m
[31m+              jsonb_array_length(COALESCE(NULLIF(evidence, '')::jsonb, '[]'::jsonb)) AS "evidenceCount",[39m
[31m+              jsonb_array_length(COALESCE(NULLIF(vulnerabilities, '')::jsonb, '[]'::jsonb)) AS "findingCount"[39m
[31m+       FROM passports[39m
[31m+       WHERE id = ${passportId} AND tenant_id = ${req.user!.tenantId}[39m
[31m+       LIMIT 1[39m
[31m+     `);[39m
[31m+     const passport = (result.rows?.[0] ?? null) as {[39m
[31m+       name?: string; version?: string; publisher?: string; overallScore?: number | null;[39m
[31m+       evidenceCount?: number; findingCount?: number;[39m
[31m+     } | null;[39m
[31m+     if (!passport) return res.status(404).json({ error: { code: 'PASSPORT_NOT_FOUND', message: 'Passport not found.' } });[39m
[31m+     const status = passport.overallScore == null ? 'not verified' : `score ${passport.overallScore}`;[39m
[31m+     return res.json({ passportId, analysis: `${passport.name ?? 'Passport'} ${passport.version ?? ''} by ${passport.publisher ?? 'unknown publisher'} is ${status}. Evidence records: ${passport.evidenceCount ?? 0}. Findings: ${passport.findingCount ?? 0}. Authoritative verification requires durable backend evidence.` });[39m
[31m+   } catch (error) { return next(error); }[39m
[31m+ });[39m
[31m+ app.use('/api/integrations', createIntegrationsRouter());[39m
[31m+ app.use('/api/integrations-live', createLiveIntegrationsRouter());[39m
[31m+ const requireTrustMutationRole = (req: Request, res: Response, next: NextFunction) => { if (['GET', 'HEAD', 'OPTIONS'].includes(req.method)) return next(); return requireRole(['Owner', 'Admin', 'Operator', 'Technician'])(req as AuthenticatedRequest, res, next); };[39m
[31m+ app.use('/api/trust-loop', requireAuth, requireTrustMutationRole);[39m
[31m+ app.use('/api/trust-loop', createTrustLoopRouter());[39m
[31m+ app.use('/api/integration-monitoring', createIntegrationMonitoringRouter());[39m
[31m+ app.use('/api/monitoring', createMonitoringRouter());[39m
[31m+ app.use('/api/agent/v1', createAgentApiRouter());[39m
[31m+ app.use('/api/msp', requireAuth, createMspRouter());[39m
[31m+ app.use('/api/ai-trust', requireAuth, createAiTrustRouter());[39m
[31m+[39m
[31m+ const mcpBearer = process.env.SPR_MCP_BEARER_TOKEN;[39m
[31m+ if (mcpBearer) {[39m
[31m+   const mcpTransport = createMcpTransport({ expectedBearer: mcpBearer, executeTool: async (tool, args) => executePublicMcpTool(tool, args) });[39m
[31m+   app.post('/mcp', async (req, res) => { const response = await mcpTransport(new Request(`${config.appUrl || 'https://localhost'}/mcp`, { method: 'POST', headers: req.headers as Record<string, string>, body: JSON.stringify(req.body) })); res.status(response.status); response.headers.forEach((value, key) => res.setHeader(key, value)); res.send(Buffer.from(await response.arrayBuffer())); });[39m
[31m+ }[39m
[31m+[39m
[31m+ app.use('/api', createScansRouter());[39m
[31m+ app.use('/api/compliance', createComplianceRouter());[39m
[31m+ const publicDir = __dirname;[39m
[31m+ app.use(express.static(publicDir, { index: false, maxAge: config.isProduction ? '1y' : 0 }));[39m
[31m+ app.get('/*splat', (req, res, next) => { if (req.path.startsWith('/api/') || req.path === '/mcp') return next(); return res.sendFile(path.join(publicDir, 'index.html'), error => error ? next(error) : undefined); });[39m
[31m+ app.use((req, res, next) => { if (req.path.startsWith('/api/') || req.path === '/mcp') return res.status(404).json({ error: 'Route not found.', code: 'NOT_FOUND', requestId: res.locals.requestId }); return next(); });[39m
[31m+ app.use((err: any, req: Request, res: Response, next: NextFunction) => { if (res.headersSent) return next(err); const requestId = res.locals.requestId || `req_${randomUUID()}`; const status = Number.isInteger(err?.status) && err.status >= 400 && err.status < 600 ? err.status : 500; console.error('[HTTP_ERROR]', { requestId, status, method: req.method, path: req.path, message: err?.message || String(err) }); if (config.sentry.dsn) Sentry.captureException(err, { tags: { requestId } }); return res.status(status).json({ error: { code: status === 500 ? 'INTERNAL_SERVER_ERROR' : 'REQUEST_FAILED', message: status === 500 ? 'An unexpected server error occurred.' : err?.message || 'Request failed.', requestId } }); });[39m
[31m+ let server: ReturnType<typeof app.listen> | undefined; let shuttingDown = false;[39m
[31m+[39m
[31m+ export function rejectConnectTunnels<T extends ReturnType<typeof app.listen>>(httpServer: T): T {[39m
[31m+   httpServer.on('connect', (_request, socket) => {[39m
[31m+     socket.end('HTTP/1.1 405 Method Not Allowed\r\nConnection: close\r\nContent-Length: 0\r\n\r\n');[39m
[31m+   });[39m
[31m+   return httpServer;[39m
[31m+ }[39m
[31m+[39m
[31m+ async function shutdown(signal: string) { if (shuttingDown) return; shuttingDown = true; console.info(`[SPR] ${signal} received; shutting down gracefully.`); const forceTimer = setTimeout(() => process.exit(1), 15_000); forceTimer.unref(); if (server) await new Promise<void>(resolve => server!.close(() => resolve())); await closeDatabase().catch(error => console.error('[SPR] Database shutdown error:', error)); if (config.sentry.dsn) await Sentry.close(2_000).catch(() => undefined); clearTimeout(forceTimer); process.exit(0); }[39m
[31m+ export async function startServer() {[39m
[31m+   validateConfiguration();[39m
[31m+   try { await ensureInitialSelfPassport(); } catch (error) { console.error('[SPR] Initial self-passport bootstrap failed; continuing startup. /ready will report the database as unavailable.', error); }[39m
[31m+   const host = process.env.HOST || '0.0.0.0'; server = app.listen(config.port, host, () => console.info(`[SPR] listening on http://${host}:${config.port}`)); server.requestTimeout = Number.isFinite(requestTimeoutMs) && requestTimeoutMs > 0 ? requestTimeoutMs : 120_000; server.headersTimeout = Number.isFinite(requestHeaderTimeoutMs) && requestHeaderTimeoutMs > 0 ? requestHeaderTimeoutMs : 15_000; server.keepAliveTimeout = Number.isFinite(keepAliveTimeoutMs) && keepAliveTimeoutMs > 0 ? keepAliveTimeoutMs : 65_000; rejectConnectTunnels(server); return server; }[39m
[31m+ process.once('SIGTERM', () => void shutdown('SIGTERM')); process.once('SIGINT', () => void shutdown('SIGINT')); process.on('unhandledRejection', reason => console.error('[SPR] Unhandled rejection:', reason)); process.on('uncaughtException', error => { console.error('[SPR] Uncaught exception:', error); void shutdown('uncaughtException'); });[39m
[31m+ if (process.env.SPR_SKIP_AUTOSTART !== 'true') void startServer().catch(error => { console.error('[SPR] Startup failed:', error); process.exit(1); });[39m
[31m+ export { app };[39m
[31m+[39m

[36m [2m❯[22m tests/clientops-remediation-queue-contract.test.ts:[2m54:15[22m[39m
    [90m 52| [39m  it('is carved out of the router-wide staff-only mutation gate, which…
    [90m 53| [39m    [35mconst[39m s [33m=[39m [34mserverSource[39m()[33m;[39m
    [90m 54| [39m    expect(s).toContain("/\\/remediations\\/[^/]+\\/approve$/.test(req…
    [90m   | [39m              [31m^[39m
    [90m 55| [39m    expect(s).toContain("requireRole(['Owner','Admin','Operator','Tech…
    [90m 56| [39m  })[33m;[39m

[31m[2m⎯⎯⎯⎯⎯⎯⎯⎯⎯⎯⎯⎯⎯⎯⎯⎯⎯⎯⎯⎯⎯[35/141]⎯[22m[39m

[41m[1m FAIL [22m[49m tests/clientops-remediation-queue-contract.test.ts[2m > [22mAlertsView surfaces notes and client approval[2m > [22mloads the real remediation record (notes + approval) lazily when a remediation exists
[31m[1mAssertionError[22m: expected 'import { useMemo, useState, type Reac…' to contain 'apiFetch(`/api/trust-loop/remediation…'[39m

[32m- Expected[39m
[31m+ Received[39m

[32m- apiFetch(`/api/trust-loop/remediations/${encodeURIComponent(alert.remediationId)}`)[39m
[31m+ import { useMemo, useState, type ReactNode } from 'react';[39m
[31m+ import { ArrowUpCircle, Bell, Filter, Search, ShieldAlert, ShieldCheck, X } from 'lucide-react';[39m
[31m+ import type { Alert, AlertStatus } from '../types';[39m
[31m+[39m
[31m+ type AlertAction = 'acknowledge' | 'assign' | 'resolve' | 'escalate' | 'snooze' | 'reopen';[39m
[31m+[39m
[31m+ interface AlertsViewProps {[39m
[31m+   alerts: Alert[];[39m
[31m+   onAlertAction: (alert: Alert, action: AlertAction, assigneeDisplay?: string) => Promise<void>;[39m
[31m+ }[39m
[31m+[39m
[31m+ const severityDot: Record<string, string> = {[39m
[31m+   Critical: 'bg-[#a4262c]',[39m
[31m+   High: 'bg-[#8a5700]',[39m
[31m+   Medium: 'bg-[#8a5700]',[39m
[31m+   Low: 'bg-[#0f6cbd]',[39m
[31m+ };[39m
[31m+[39m
[31m+ const severityText: Record<string, string> = {[39m
[31m+   Critical: 'text-[#a4262c]',[39m
[31m+   High: 'text-[#8a5700]',[39m
[31m+   Medium: 'text-[#8a5700]',[39m
[31m+   Low: 'text-[#0f6cbd]',[39m
[31m+ };[39m
[31m+[39m
[31m+ const statusDot: Record<AlertStatus, string> = {[39m
[31m+   Active: 'bg-[#a4262c]',[39m
[31m+   Acknowledged: 'bg-[#0f6cbd]',[39m
[31m+   Snoozed: 'bg-[#8a8886]',[39m
[31m+   Resolved: 'bg-[#0e700e]',[39m
[31m+   Cancelled: 'bg-[#8a8886]',[39m
[31m+ };[39m
[31m+[39m
[31m+ function isEscalated(alert: Alert) {[39m
[31m+   if (!alert.slaDueAt || alert.status === 'Resolved' || alert.status === 'Cancelled') return false;[39m
[31m+   return new Date(alert.slaDueAt).getTime() - Date.now() < 4 * 3600 * 1000;[39m
[31m+ }[39m
[31m+[39m
[31m+ export default function AlertsView({ alerts, onAlertAction }: AlertsViewProps) {[39m
[31m+   const [severityFilter, setSeverityFilter] = useState('all');[39m
[31m+   const [categoryFilter, setCategoryFilter] = useState('all');[39m
[31m+   const [statusFilter, setStatusFilter] = useState('all');[39m
[31m+   const [query, setQuery] = useState('');[39m
[31m+   const [selectedAlertId, setSelectedAlertId] = useState<string | null>(null);[39m
[31m+[39m
[31m+   const categories = useMemo(() => Array.from(new Set(alerts.map((alert) => alert.category))), [alerts]);[39m
[31m+   const filteredAlerts = useMemo(() => {[39m
[31m+     const normalizedQuery = query.trim().toLowerCase();[39m
[31m+     return alerts.filter((alert) => {[39m
[31m+       const haystack = `${alert.title} ${alert.description} ${alert.clientName} ${alert.category}`.toLowerCase();[39m
[31m+       return (!normalizedQuery || haystack.includes(normalizedQuery))[39m
[31m+         && (severityFilter === 'all' || alert.severity === severityFilter)[39m
[31m+         && (categoryFilter === 'all' || alert.category === categoryFilter)[39m
[31m+         && (statusFilter === 'all' || alert.status === statusFilter);[39m
[31m+     });[39m
[31m+   }, [alerts, query, severityFilter, categoryFilter, statusFilter]);[39m
[31m+   const activeCount = alerts.filter((alert) => alert.status === 'Active').length;[39m
[31m+   const criticalCount = alerts.filter((alert) => alert.status !== 'Resolved' && alert.status !== 'Cancelled' && alert.severity === 'Critical').length;[39m
[31m+   const resolvedCount = alerts.filter((alert) => alert.status === 'Resolved').length;[39m
[31m+   const selectedAlert = alerts.find((alert) => alert.id === selectedAlertId);[39m
[31m+[39m
[31m+   return ([39m
[31m+     <section className="space-y-4" id="msp-alerts-hub">[39m
[31m+       <div>[39m
[31m+         <h1 className="text-[22px] font-semibold text-[#201f1e]">Alerts</h1>[39m
[31m+         <p className="mt-1 text-[13px] text-[#605e5c]">Acknowledge, assign, escalate or resolve server-backed trust findings that need a decision.</p>[39m
[31m+       </div>[39m
[31m+[39m
[31m+       <details className="rounded-md border border-[#e1dfdd] bg-[#faf9f8] text-[13px]">[39m
[31m+         <summary className="cursor-pointer select-none px-3 py-2 font-medium text-[#323130]">ⓘ What is this? · How it works</summary>[39m
[31m+         <div className="px-3 pb-3 text-[#605e5c]">[39m
[31m+           <p>This queue lists trust findings that require a workflow decision. Every action here updates the same remediation work item shown elsewhere in SPR.</p>[39m
[31m+           <ol className="mt-1.5 list-decimal space-y-0.5 pl-4">[39m
[31m+             <li>Search or filter the queue, then open an alert to see full detail.</li>[39m
[31m+             <li>Acknowledge, assign, escalate, snooze or resolve — each action calls the authenticated Trust Loop route.</li>[39m
[31m+             <li>Resolved does not mean verified: new evidence is still required to confirm a finding is fixed.</li>[39m
[31m+           </ol>[39m
[31m+         </div>[39m
[31m+       </details>[39m
[31m+[39m
[31m+       <div className="flex flex-wrap gap-6 rounded-md border border-[#e1dfdd] bg-white p-3">[39m
[31m+         <div><div className="text-[11px] text-[#605e5c]">Active attention</div><div className="text-lg font-semibold text-[#201f1e]">{activeCount}</div></div>[39m
[31m+         <div><div className="text-[11px] text-[#605e5c]">Critical open</div><div className="text-lg font-semibold text-[#201f1e]">{criticalCount}</div></div>[39m
[31m+         <div><div className="text-[11px] text-[#605e5c]">Resolved records</div><div className="text-lg font-semibold text-[#201f1e]">{resolvedCount}</div></div>[39m
[31m+       </div>[39m
[31m+[39m
[31m+       <div className="flex flex-wrap items-center gap-2">[39m
[31m+         <label className="flex h-9 min-w-56 items-center gap-2 rounded border border-[#c8c6c4] bg-white px-3 focus-within:border-[#0f6cbd] focus-within:ring-1 focus-within:ring-[#0f6cbd]">[39m
[31m+           <Search className="h-3.5 w-3.5 text-[#8a8886]" />[39m
[31m+           <input value={query} onChange={(event) => setQuery(event.target.value)} placeholder="Search alerts" aria-label="Search alerts" className="min-w-0 flex-1 bg-transparent text-[13px] text-[#201f1e] outline-none placeholder:text-[#8a8886]" />[39m
[31m+         </label>[39m
[31m+         <SelectFilter icon={<Filter className="h-3.5 w-3.5 text-[#8a8886]" />} label="Severity" value={severityFilter} onChange={setSeverityFilter} options={['all', 'Critical', 'High', 'Medium', 'Low']} />[39m
[31m+         <SelectFilter icon={<Filter className="h-3.5 w-3.5 text-[#8a8886]" />} label="Status" value={statusFilter} onChange={setStatusFilter} options={['all', 'Active', 'Acknowledged', 'Snoozed', 'Resolved', 'Cancelled']} />[39m
[31m+         <SelectFilter icon={<Filter className="h-3.5 w-3.5 text-[#8a8886]" />} label="Category" value={categoryFilter} onChange={setCategoryFilter} options={['all', ...categories]} />[39m
[31m+       </div>[39m
[31m+[39m
[31m+       <div className="overflow-hidden rounded-md border border-[#e1dfdd] bg-white">[39m
[31m+         <div className="flex flex-wrap items-center justify-between gap-2 border-b border-[#e1dfdd] px-4 py-2.5">[39m
[31m+           <h2 className="text-[13px] font-semibold text-[#201f1e]">Trust finding queue</h2>[39m
[31m+           <p className="text-[12px] text-[#8a8886]">{filteredAlerts.length} of {alerts.length} alert records shown</p>[39m
[31m+         </div>[39m
[31m+         <div className="overflow-x-auto">[39m
[31m+           <table className="w-full min-w-[820px] border-collapse text-left">[39m
[31m+             <thead>[39m
[31m+               <tr className="border-b border-[#e1dfdd] text-[11px] uppercase tracking-wide text-[#605e5c]">[39m
[31m+                 <th className="px-4 py-2.5 font-medium">Alert</th>[39m
[31m+                 <th className="px-4 py-2.5 font-medium">Client</th>[39m
[31m+                 <th className="px-4 py-2.5 font-medium">Severity</th>[39m
[31m+                 <th className="px-4 py-2.5 font-medium">Status</th>[39m
[31m+                 <th className="px-4 py-2.5 font-medium">Owner</th>[39m
[31m+                 <th className="px-4 py-2.5 font-medium">Observed</th>[39m
[31m+               </tr>[39m
[31m+             </thead>[39m
[31m+             <tbody>[39m
[31m+               {filteredAlerts.map((alert) => ([39m
[31m+                 <tr[39m
[31m+                   key={alert.id}[39m
[31m+                   onClick={() => setSelectedAlertId(alert.id)}[39m
[31m+                   className={`cursor-pointer border-b border-[#f3f2f1] text-[13px] hover:bg-black/[.02] ${alert.status === 'Resolved' || alert.status === 'Cancelled' ? 'opacity-60' : ''}`}[39m
[31m+                 >[39m
[31m+                   <td className="max-w-xs px-4 py-2.5">[39m
[31m+                     <div className="flex items-center gap-1.5">[39m
[31m+                       <span className="truncate font-medium text-[#201f1e]">{alert.title}</span>[39m
[31m+                       {isEscalated(alert) && <span className="inline-flex shrink-0 items-center gap-1 text-[11px] font-medium text-[#8a5700]"><ArrowUpCircle className="h-3 w-3" />Escalated</span>}[39m
[31m+                     </div>[39m
[31m+                     <div className="mt-0.5 truncate text-[11px] text-[#8a8886]">{alert.description}</div>[39m
[31m+                   </td>[39m
[31m+                   <td className="px-4 py-2.5 text-[#605e5c]">{alert.clientName}</td>[39m
[31m+                   <td className="px-4 py-2.5">[39m
[31m+                     <span className={`inline-flex items-center gap-1.5 text-[13px] ${severityText[alert.severity] || 'text-[#605e5c]'}`}>[39m
[31m+                       <span className={`h-1.5 w-1.5 rounded-full ${severityDot[alert.severity] || 'bg-[#8a8886]'}`} />[39m
[31m+                       {alert.severity}[39m
[31m+                     </span>[39m
[31m+                   </td>[39m
[31m+                   <td className="px-4 py-2.5">[39m
[31m+                     <span className="inline-flex items-center gap-1.5 text-[13px] text-[#605e5c]">[39m
[31m+                       <span className={`h-1.5 w-1.5 rounded-full ${statusDot[alert.status]}`} />[39m
[31m+                       {alert.status}[39m
[31m+                     </span>[39m
[31m+                   </td>[39m
[31m+                   <td className="px-4 py-2.5 text-[#605e5c]">{alert.ownerDisplay || 'Unassigned'}</td>[39m
[31m+                   <td className="px-4 py-2.5 text-[#8a8886]">{alert.timestamp || 'Not observed'}</td>[39m
[31m+                 </tr>[39m
[31m+               ))}[39m
[31m+               {filteredAlerts.length === 0 && ([39m
[31m+                 <tr>[39m
[31m+                   <td colSpan={6} className="px-4 py-10 text-center">[39m
[31m+                     <Bell className="mx-auto h-6 w-6 text-[#c8c6c4]" />[39m
[31m+                     <p className="mt-2 text-[13px] font-medium text-[#323130]">No alert records match these filters.</p>[39m
[31m+                     <p className="mt-1 text-[12px] text-[#8a8886]">Try another search or reset the queue filters.</p>[39m
[31m+                   </td>[39m
[31m+                 </tr>[39m
[31m+               )}[39m
[31m+             </tbody>[39m
[31m+           </table>[39m
[31m+         </div>[39m
[31m+       </div>[39m
[31m+[39m
[31m+       {selectedAlert && <AlertDrawer alert={selectedAlert} onClose={() => setSelectedAlertId(null)} onAlertAction={onAlertAction} />}[39m
[31m+     </section>[39m
[31m+   );[39m
[31m+ }[39m
[31m+[39m
[31m+ function SelectFilter({ icon, label, value, onChange, options }: { icon: ReactNode; label: string; value: string; onChange: (value: string) => void; options: string[] }) {[39m
[31m+   return ([39m
[31m+     <label className="flex h-9 items-center gap-2 rounded border border-[#c8c6c4] bg-white px-3">[39m
[31m+       {icon}[39m
[31m+       <span className="sr-only">{label}</span>[39m
[31m+       <select aria-label={label} value={value} onChange={(event) => onChange(event.target.value)} className="bg-transparent text-[13px] text-[#323130] outline-none">[39m
[31m+         {options.map((option) => <option key={option} value={option}>{option === 'all' ? `All ${label.toLowerCase()}` : option}</option>)}[39m
[31m+       </select>[39m
[31m+     </label>[39m
[31m+   );[39m
[31m+ }[39m
[31m+[39m
[31m+ function AlertDrawer({ alert, onClose, onAlertAction }: { alert: Alert; onClose: () => void; onAlertAction: (alert: Alert, action: AlertAction, assigneeDisplay?: string) => Promise<void> }) {[39m
[31m+   const [working, setWorking] = useState(false);[39m
[31m+   const [assignee, setAssignee] = useState(alert.ownerDisplay || '');[39m
[31m+   const [showAssign, setShowAssign] = useState(false);[39m
[31m+[39m
[31m+   const run = async (action: AlertAction, extra?: string) => {[39m
[31m+     setWorking(true);[39m
[31m+     try { await onAlertAction(alert, action, extra); setShowAssign(false); } finally { setWorking(false); }[39m
[31m+   };[39m
[31m+[39m
[31m+   return <div className="fixed inset-0 z-[70] flex justify-end bg-black/20" onMouseDown={onClose}>[39m
[31m+     <aside role="dialog" aria-modal="true" aria-label={`Alert details for ${alert.title}`} onMouseDown={(event) => event.stopPropagation()} className="h-full w-full max-w-xl overflow-y-auto border-l border-[#e1dfdd] bg-white p-6">[39m
[31m+       <div className="flex items-start justify-between gap-4 border-b border-[#e1dfdd] pb-4">[39m
[31m+         <div>[39m
[31m+           <div className="flex items-center gap-1.5 text-[11px] font-semibold uppercase tracking-wide text-[#0f6cbd]"><ShieldAlert className="h-3.5 w-3.5" /> Finding detail</div>[39m
[31m+           <h2 className="mt-2 text-[18px] font-semibold text-[#201f1e]">{alert.title}</h2>[39m
[31m+           <p className="mt-1 font-mono text-[11px] text-[#8a8886]">{alert.id}</p>[39m
[31m+         </div>[39m
[31m+         <button onClick={onClose} aria-label="Close alert details" className="rounded border border-[#c8c6c4] p-1.5 text-[#605e5c] hover:bg-black/[.03]"><X className="h-3.5 w-3.5" /></button>[39m
[31m+       </div>[39m
[31m+[39m
[31m+       <div className="mt-4 flex flex-wrap items-center gap-3 text-[13px]">[39m
[31m+         <span className={`inline-flex items-center gap-1.5 ${severityText[alert.severity] || 'text-[#605e5c]'}`}><span className={`h-1.5 w-1.5 rounded-full ${severityDot[alert.severity] || 'bg-[#8a8886]'}`} />{alert.severity}</span>[39m
[31m+         <span className="text-[#8a8886]">{alert.category}</span>[39m
[31m+         <span className="text-[#605e5c]">{alert.clientName}</span>[39m
[31m+       </div>[39m
[31m+[39m
[31m+       <div className="mt-4 space-y-4">[39m
[31m+         <div className="rounded-md border border-[#e1dfdd] p-3">[39m
[31m+           <div className="text-[11px] uppercase tracking-wide text-[#605e5c]">Description</div>[39m
[31m+           <p className="mt-2 text-[13px] leading-6 text-[#323130]">{alert.description || 'No description observed.'}</p>[39m
[31m+         </div>[39m
[31m+         <div className="grid gap-2 sm:grid-cols-2">[39m
[31m+           <Detail label="Observed timestamp" value={alert.timestamp || 'Not observed'} />[39m
[31m+           <Detail label="Current workflow state" value={alert.status} />[39m
[31m+           <Detail label="Assigned to" value={alert.ownerDisplay || 'Unassigned'} />[39m
[31m+           <Detail label="SLA due" value={alert.slaDueAt ? new Date(alert.slaDueAt).toLocaleString() : 'No SLA set'} />[39m
[31m+         </div>[39m
[31m+       </div>[39m
[31m+[39m
[31m+       <div className="mt-4 rounded-md border border-[#e1dfdd] bg-[#faf9f8] p-3">[39m
[31m+         <div className="text-[13px] font-semibold text-[#201f1e]">Record a workflow decision</div>[39m
[31m+         <p className="mt-1 text-[12px] leading-5 text-[#605e5c]">Actions create or update the remediation work item tied to this finding, through the authenticated Trust Loop route.</p>[39m
[31m+         <div className="mt-3 flex flex-wrap gap-2">[39m
[31m+           {(alert.status === 'Active') && <button disabled={working} onClick={() => void run('acknowledge')} className="h-8 rounded bg-[#0f6cbd] px-3 text-[12px] font-medium text-white hover:bg-[#004578] disabled:opacity-40">Acknowledge</button>}[39m
[31m+           {(alert.status === 'Active' || alert.status === 'Acknowledged') && <button disabled={working} onClick={() => setShowAssign((open) => !open)} className="h-8 rounded border border-[#c8c6c4] px-3 text-[12px] font-medium text-[#323130] hover:bg-black/[.03] disabled:opacity-40">Assign…</button>}[39m
[31m+           {(alert.status === 'Active' || alert.status === 'Acknowledged') && <button disabled={working} onClick={() => void run('escalate')} className="h-8 rounded border border-[#c8c6c4] px-3 text-[12px] font-medium text-[#8a5700] hover:bg-black/[.03] disabled:opacity-40">Escalate</button>}[39m
[31m+           {(alert.status === 'Active' || alert.status === 'Acknowledged') && <button disabled={working} onClick={() => void run('snooze')} className="h-8 rounded border border-[#c8c6c4] px-3 text-[12px] font-medium text-[#323130] hover:bg-black/[.03] disabled:opacity-40">Snooze</button>}[39m
[31m+           {(alert.status !== 'Resolved') && <button disabled={working} onClick={() => void run('resolve')} className="h-8 rounded bg-[#0e700e] px-3 text-[12px] font-medium text-white hover:bg-[#0e700e]/90 disabled:opacity-40">Mark resolved</button>}[39m
[31m+           {alert.status === 'Snoozed' && <button disabled={working} onClick={() => void run('reopen')} className="h-8 rounded border border-[#c8c6c4] px-3 text-[12px] font-medium text-[#0f6cbd] hover:bg-black/[.03] disabled:opacity-40">Restore active</button>}[39m
[31m+           {alert.status === 'Resolved' && <div className="flex items-center gap-1.5 text-[12px] text-[#0e700e]"><ShieldCheck className="h-3.5 w-3.5" />Resolved state recorded; new evidence is still required to verify the finding.</div>}[39m
[31m+         </div>[39m
[31m+         {showAssign && ([39m
[31m+           <div className="mt-3 flex flex-wrap items-center gap-2 rounded border border-[#e1dfdd] bg-white p-2">[39m
[31m+             <input value={assignee} onChange={(event) => setAssignee(event.target.value)} placeholder="Name or email" className="h-9 min-w-0 flex-1 rounded border border-[#c8c6c4] bg-white px-3 text-[13px] text-[#201f1e] outline-none placeholder:text-[#8a8886] focus:border-[#0f6cbd] focus:ring-1 focus:ring-[#0f6cbd]" />[39m
[31m+             <button disabled={working || !assignee.trim()} onClick={() => void run('assign', assignee.trim())} className="h-9 rounded bg-[#0f6cbd] px-3 text-[12px] font-medium text-white hover:bg-[#004578] disabled:opacity-40">Assign</button>[39m
[31m+           </div>[39m
[31m+         )}[39m
[31m+       </div>[39m
[31m+     </aside>[39m
[31m+   </div>;[39m
[31m+ }[39m
[31m+[39m
[31m+ function Detail({ label, value }: { label: string; value: string }) {[39m
[31m+   return <div className="rounded-md border border-[#e1dfdd] p-3"><div className="text-[11px] uppercase tracking-wide text-[#605e5c]">{label}</div><div className="mt-1 text-[13px] font-medium text-[#201f1e]">{value}</div></div>;[39m
[31m+ }[39m
[31m+[39m

[36m [2m❯[22m tests/clientops-remediation-queue-contract.test.ts:[2m63:15[22m[39m
    [90m 61| [39m  it('loads the real remediation record (notes + approval) lazily when…
    [90m 62| [39m    [35mconst[39m s [33m=[39m [34msource[39m()[33m;[39m
    [90m 63| [39m    expect(s).toContain('apiFetch(`/api/trust-loop/remediations/${enco…
    [90m   | [39m              [31m^[39m
    [90m 64| [39m  })[33m;[39m
    [90m 65| [39m  [34mit[39m([32m'posts new notes through the real endpoint'[39m[33m,[39m () [33m=>[39m {

[31m[2m⎯⎯⎯⎯⎯⎯⎯⎯⎯⎯⎯⎯⎯⎯⎯⎯⎯⎯⎯⎯⎯[36/141]⎯[22m[39m

[41m[1m FAIL [22m[49m tests/clientops-remediation-queue-contract.test.ts[2m > [22mAlertsView surfaces notes and client approval[2m > [22mposts new notes through the real endpoint
[31m[1mAssertionError[22m: expected 'import { useMemo, useState, type Reac…' to contain '/notes`, {'[39m

[32m- Expected[39m
[31m+ Received[39m

[32m- /notes`, {[39m
[31m+ import { useMemo, useState, type ReactNode } from 'react';[39m
[31m+ import { ArrowUpCircle, Bell, Filter, Search, ShieldAlert, ShieldCheck, X } from 'lucide-react';[39m
[31m+ import type { Alert, AlertStatus } from '../types';[39m
[31m+[39m
[31m+ type AlertAction = 'acknowledge' | 'assign' | 'resolve' | 'escalate' | 'snooze' | 'reopen';[39m
[31m+[39m
[31m+ interface AlertsViewProps {[39m
[31m+   alerts: Alert[];[39m
[31m+   onAlertAction: (alert: Alert, action: AlertAction, assigneeDisplay?: string) => Promise<void>;[39m
[31m+ }[39m
[31m+[39m
[31m+ const severityDot: Record<string, string> = {[39m
[31m+   Critical: 'bg-[#a4262c]',[39m
[31m+   High: 'bg-[#8a5700]',[39m
[31m+   Medium: 'bg-[#8a5700]',[39m
[31m+   Low: 'bg-[#0f6cbd]',[39m
[31m+ };[39m
[31m+[39m
[31m+ const severityText: Record<string, string> = {[39m
[31m+   Critical: 'text-[#a4262c]',[39m
[31m+   High: 'text-[#8a5700]',[39m
[31m+   Medium: 'text-[#8a5700]',[39m
[31m+   Low: 'text-[#0f6cbd]',[39m
[31m+ };[39m
[31m+[39m
[31m+ const statusDot: Record<AlertStatus, string> = {[39m
[31m+   Active: 'bg-[#a4262c]',[39m
[31m+   Acknowledged: 'bg-[#0f6cbd]',[39m
[31m+   Snoozed: 'bg-[#8a8886]',[39m
[31m+   Resolved: 'bg-[#0e700e]',[39m
[31m+   Cancelled: 'bg-[#8a8886]',[39m
[31m+ };[39m
[31m+[39m
[31m+ function isEscalated(alert: Alert) {[39m
[31m+   if (!alert.slaDueAt || alert.status === 'Resolved' || alert.status === 'Cancelled') return false;[39m
[31m+   return new Date(alert.slaDueAt).getTime() - Date.now() < 4 * 3600 * 1000;[39m
[31m+ }[39m
[31m+[39m
[31m+ export default function AlertsView({ alerts, onAlertAction }: AlertsViewProps) {[39m
[31m+   const [severityFilter, setSeverityFilter] = useState('all');[39m
[31m+   const [categoryFilter, setCategoryFilter] = useState('all');[39m
[31m+   const [statusFilter, setStatusFilter] = useState('all');[39m
[31m+   const [query, setQuery] = useState('');[39m
[31m+   const [selectedAlertId, setSelectedAlertId] = useState<string | null>(null);[39m
[31m+[39m
[31m+   const categories = useMemo(() => Array.from(new Set(alerts.map((alert) => alert.category))), [alerts]);[39m
[31m+   const filteredAlerts = useMemo(() => {[39m
[31m+     const normalizedQuery = query.trim().toLowerCase();[39m
[31m+     return alerts.filter((alert) => {[39m
[31m+       const haystack = `${alert.title} ${alert.description} ${alert.clientName} ${alert.category}`.toLowerCase();[39m
[31m+       return (!normalizedQuery || haystack.includes(normalizedQuery))[39m
[31m+         && (severityFilter === 'all' || alert.severity === severityFilter)[39m
[31m+         && (categoryFilter === 'all' || alert.category === categoryFilter)[39m
[31m+         && (statusFilter === 'all' || alert.status === statusFilter);[39m
[31m+     });[39m
[31m+   }, [alerts, query, severityFilter, categoryFilter, statusFilter]);[39m
[31m+   const activeCount = alerts.filter((alert) => alert.status === 'Active').length;[39m
[31m+   const criticalCount = alerts.filter((alert) => alert.status !== 'Resolved' && alert.status !== 'Cancelled' && alert.severity === 'Critical').length;[39m
[31m+   const resolvedCount = alerts.filter((alert) => alert.status === 'Resolved').length;[39m
[31m+   const selectedAlert = alerts.find((alert) => alert.id === selectedAlertId);[39m
[31m+[39m
[31m+   return ([39m
[31m+     <section className="space-y-4" id="msp-alerts-hub">[39m
[31m+       <div>[39m
[31m+         <h1 className="text-[22px] font-semibold text-[#201f1e]">Alerts</h1>[39m
[31m+         <p className="mt-1 text-[13px] text-[#605e5c]">Acknowledge, assign, escalate or resolve server-backed trust findings that need a decision.</p>[39m
[31m+       </div>[39m
[31m+[39m
[31m+       <details className="rounded-md border border-[#e1dfdd] bg-[#faf9f8] text-[13px]">[39m
[31m+         <summary className="cursor-pointer select-none px-3 py-2 font-medium text-[#323130]">ⓘ What is this? · How it works</summary>[39m
[31m+         <div className="px-3 pb-3 text-[#605e5c]">[39m
[31m+           <p>This queue lists trust findings that require a workflow decision. Every action here updates the same remediation work item shown elsewhere in SPR.</p>[39m
[31m+           <ol className="mt-1.5 list-decimal space-y-0.5 pl-4">[39m
[31m+             <li>Search or filter the queue, then open an alert to see full detail.</li>[39m
[31m+             <li>Acknowledge, assign, escalate, snooze or resolve — each action calls the authenticated Trust Loop route.</li>[39m
[31m+             <li>Resolved does not mean verified: new evidence is still required to confirm a finding is fixed.</li>[39m
[31m+           </ol>[39m
[31m+         </div>[39m
[31m+       </details>[39m
[31m+[39m
[31m+       <div className="flex flex-wrap gap-6 rounded-md border border-[#e1dfdd] bg-white p-3">[39m
[31m+         <div><div className="text-[11px] text-[#605e5c]">Active attention</div><div className="text-lg font-semibold text-[#201f1e]">{activeCount}</div></div>[39m
[31m+         <div><div className="text-[11px] text-[#605e5c]">Critical open</div><div className="text-lg font-semibold text-[#201f1e]">{criticalCount}</div></div>[39m
[31m+         <div><div className="text-[11px] text-[#605e5c]">Resolved records</div><div className="text-lg font-semibold text-[#201f1e]">{resolvedCount}</div></div>[39m
[31m+       </div>[39m
[31m+[39m
[31m+       <div className="flex flex-wrap items-center gap-2">[39m
[31m+         <label className="flex h-9 min-w-56 items-center gap-2 rounded border border-[#c8c6c4] bg-white px-3 focus-within:border-[#0f6cbd] focus-within:ring-1 focus-within:ring-[#0f6cbd]">[39m
[31m+           <Search className="h-3.5 w-3.5 text-[#8a8886]" />[39m
[31m+           <input value={query} onChange={(event) => setQuery(event.target.value)} placeholder="Search alerts" aria-label="Search alerts" className="min-w-0 flex-1 bg-transparent text-[13px] text-[#201f1e] outline-none placeholder:text-[#8a8886]" />[39m
[31m+         </label>[39m
[31m+         <SelectFilter icon={<Filter className="h-3.5 w-3.5 text-[#8a8886]" />} label="Severity" value={severityFilter} onChange={setSeverityFilter} options={['all', 'Critical', 'High', 'Medium', 'Low']} />[39m
[31m+         <SelectFilter icon={<Filter className="h-3.5 w-3.5 text-[#8a8886]" />} label="Status" value={statusFilter} onChange={setStatusFilter} options={['all', 'Active', 'Acknowledged', 'Snoozed', 'Resolved', 'Cancelled']} />[39m
[31m+         <SelectFilter icon={<Filter className="h-3.5 w-3.5 text-[#8a8886]" />} label="Category" value={categoryFilter} onChange={setCategoryFilter} options={['all', ...categories]} />[39m
[31m+       </div>[39m
[31m+[39m
[31m+       <div className="overflow-hidden rounded-md border border-[#e1dfdd] bg-white">[39m
[31m+         <div className="flex flex-wrap items-center justify-between gap-2 border-b border-[#e1dfdd] px-4 py-2.5">[39m
[31m+           <h2 className="text-[13px] font-semibold text-[#201f1e]">Trust finding queue</h2>[39m
[31m+           <p className="text-[12px] text-[#8a8886]">{filteredAlerts.length} of {alerts.length} alert records shown</p>[39m
[31m+         </div>[39m
[31m+         <div className="overflow-x-auto">[39m
[31m+           <table className="w-full min-w-[820px] border-collapse text-left">[39m
[31m+             <thead>[39m
[31m+               <tr className="border-b border-[#e1dfdd] text-[11px] uppercase tracking-wide text-[#605e5c]">[39m
[31m+                 <th className="px-4 py-2.5 font-medium">Alert</th>[39m
[31m+                 <th className="px-4 py-2.5 font-medium">Client</th>[39m
[31m+                 <th className="px-4 py-2.5 font-medium">Severity</th>[39m
[31m+                 <th className="px-4 py-2.5 font-medium">Status</th>[39m
[31m+                 <th className="px-4 py-2.5 font-medium">Owner</th>[39m
[31m+                 <th className="px-4 py-2.5 font-medium">Observed</th>[39m
[31m+               </tr>[39m
[31m+             </thead>[39m
[31m+             <tbody>[39m
[31m+               {filteredAlerts.map((alert) => ([39m
[31m+                 <tr[39m
[31m+                   key={alert.id}[39m
[31m+                   onClick={() => setSelectedAlertId(alert.id)}[39m
[31m+                   className={`cursor-pointer border-b border-[#f3f2f1] text-[13px] hover:bg-black/[.02] ${alert.status === 'Resolved' || alert.status === 'Cancelled' ? 'opacity-60' : ''}`}[39m
[31m+                 >[39m
[31m+                   <td className="max-w-xs px-4 py-2.5">[39m
[31m+                     <div className="flex items-center gap-1.5">[39m
[31m+                       <span className="truncate font-medium text-[#201f1e]">{alert.title}</span>[39m
[31m+                       {isEscalated(alert) && <span className="inline-flex shrink-0 items-center gap-1 text-[11px] font-medium text-[#8a5700]"><ArrowUpCircle className="h-3 w-3" />Escalated</span>}[39m
[31m+                     </div>[39m
[31m+                     <div className="mt-0.5 truncate text-[11px] text-[#8a8886]">{alert.description}</div>[39m
[31m+                   </td>[39m
[31m+                   <td className="px-4 py-2.5 text-[#605e5c]">{alert.clientName}</td>[39m
[31m+                   <td className="px-4 py-2.5">[39m
[31m+                     <span className={`inline-flex items-center gap-1.5 text-[13px] ${severityText[alert.severity] || 'text-[#605e5c]'}`}>[39m
[31m+                       <span className={`h-1.5 w-1.5 rounded-full ${severityDot[alert.severity] || 'bg-[#8a8886]'}`} />[39m
[31m+                       {alert.severity}[39m
[31m+                     </span>[39m
[31m+                   </td>[39m
[31m+                   <td className="px-4 py-2.5">[39m
[31m+                     <span className="inline-flex items-center gap-1.5 text-[13px] text-[#605e5c]">[39m
[31m+                       <span className={`h-1.5 w-1.5 rounded-full ${statusDot[alert.status]}`} />[39m
[31m+                       {alert.status}[39m
[31m+                     </span>[39m
[31m+                   </td>[39m
[31m+                   <td className="px-4 py-2.5 text-[#605e5c]">{alert.ownerDisplay || 'Unassigned'}</td>[39m
[31m+                   <td className="px-4 py-2.5 text-[#8a8886]">{alert.timestamp || 'Not observed'}</td>[39m
[31m+                 </tr>[39m
[31m+               ))}[39m
[31m+               {filteredAlerts.length === 0 && ([39m
[31m+                 <tr>[39m
[31m+                   <td colSpan={6} className="px-4 py-10 text-center">[39m
[31m+                     <Bell className="mx-auto h-6 w-6 text-[#c8c6c4]" />[39m
[31m+                     <p className="mt-2 text-[13px] font-medium text-[#323130]">No alert records match these filters.</p>[39m
[31m+                     <p className="mt-1 text-[12px] text-[#8a8886]">Try another search or reset the queue filters.</p>[39m
[31m+                   </td>[39m
[31m+                 </tr>[39m
[31m+               )}[39m
[31m+             </tbody>[39m
[31m+           </table>[39m
[31m+         </div>[39m
[31m+       </div>[39m
[31m+[39m
[31m+       {selectedAlert && <AlertDrawer alert={selectedAlert} onClose={() => setSelectedAlertId(null)} onAlertAction={onAlertAction} />}[39m
[31m+     </section>[39m
[31m+   );[39m
[31m+ }[39m
[31m+[39m
[31m+ function SelectFilter({ icon, label, value, onChange, options }: { icon: ReactNode; label: string; value: string; onChange: (value: string) => void; options: string[] }) {[39m
[31m+   return ([39m
[31m+     <label className="flex h-9 items-center gap-2 rounded border border-[#c8c6c4] bg-white px-3">[39m
[31m+       {icon}[39m
[31m+       <span className="sr-only">{label}</span>[39m
[31m+       <select aria-label={label} value={value} onChange={(event) => onChange(event.target.value)} className="bg-transparent text-[13px] text-[#323130] outline-none">[39m
[31m+         {options.map((option) => <option key={option} value={option}>{option === 'all' ? `All ${label.toLowerCase()}` : option}</option>)}[39m
[31m+       </select>[39m
[31m+     </label>[39m
[31m+   );[39m
[31m+ }[39m
[31m+[39m
[31m+ function AlertDrawer({ alert, onClose, onAlertAction }: { alert: Alert; onClose: () => void; onAlertAction: (alert: Alert, action: AlertAction, assigneeDisplay?: string) => Promise<void> }) {[39m
[31m+   const [working, setWorking] = useState(false);[39m
[31m+   const [assignee, setAssignee] = useState(alert.ownerDisplay || '');[39m
[31m+   const [showAssign, setShowAssign] = useState(false);[39m
[31m+[39m
[31m+   const run = async (action: AlertAction, extra?: string) => {[39m
[31m+     setWorking(true);[39m
[31m+     try { await onAlertAction(alert, action, extra); setShowAssign(false); } finally { setWorking(false); }[39m
[31m+   };[39m
[31m+[39m
[31m+   return <div className="fixed inset-0 z-[70] flex justify-end bg-black/20" onMouseDown={onClose}>[39m
[31m+     <aside role="dialog" aria-modal="true" aria-label={`Alert details for ${alert.title}`} onMouseDown={(event) => event.stopPropagation()} className="h-full w-full max-w-xl overflow-y-auto border-l border-[#e1dfdd] bg-white p-6">[39m
[31m+       <div className="flex items-start justify-between gap-4 border-b border-[#e1dfdd] pb-4">[39m
[31m+         <div>[39m
[31m+           <div className="flex items-center gap-1.5 text-[11px] font-semibold uppercase tracking-wide text-[#0f6cbd]"><ShieldAlert className="h-3.5 w-3.5" /> Finding detail</div>[39m
[31m+           <h2 className="mt-2 text-[18px] font-semibold text-[#201f1e]">{alert.title}</h2>[39m
[31m+           <p className="mt-1 font-mono text-[11px] text-[#8a8886]">{alert.id}</p>[39m
[31m+         </div>[39m
[31m+         <button onClick={onClose} aria-label="Close alert details" className="rounded border border-[#c8c6c4] p-1.5 text-[#605e5c] hover:bg-black/[.03]"><X className="h-3.5 w-3.5" /></button>[39m
[31m+       </div>[39m
[31m+[39m
[31m+       <div className="mt-4 flex flex-wrap items-center gap-3 text-[13px]">[39m
[31m+         <span className={`inline-flex items-center gap-1.5 ${severityText[alert.severity] || 'text-[#605e5c]'}`}><span className={`h-1.5 w-1.5 rounded-full ${severityDot[alert.severity] || 'bg-[#8a8886]'}`} />{alert.severity}</span>[39m
[31m+         <span className="text-[#8a8886]">{alert.category}</span>[39m
[31m+         <span className="text-[#605e5c]">{alert.clientName}</span>[39m
[31m+       </div>[39m
[31m+[39m
[31m+       <div className="mt-4 space-y-4">[39m
[31m+         <div className="rounded-md border border-[#e1dfdd] p-3">[39m
[31m+           <div className="text-[11px] uppercase tracking-wide text-[#605e5c]">Description</div>[39m
[31m+           <p className="mt-2 text-[13px] leading-6 text-[#323130]">{alert.description || 'No description observed.'}</p>[39m
[31m+         </div>[39m
[31m+         <div className="grid gap-2 sm:grid-cols-2">[39m
[31m+           <Detail label="Observed timestamp" value={alert.timestamp || 'Not observed'} />[39m
[31m+           <Detail label="Current workflow state" value={alert.status} />[39m
[31m+           <Detail label="Assigned to" value={alert.ownerDisplay || 'Unassigned'} />[39m
[31m+           <Detail label="SLA due" value={alert.slaDueAt ? new Date(alert.slaDueAt).toLocaleString() : 'No SLA set'} />[39m
[31m+         </div>[39m
[31m+       </div>[39m
[31m+[39m
[31m+       <div className="mt-4 rounded-md border border-[#e1dfdd] bg-[#faf9f8] p-3">[39m
[31m+         <div className="text-[13px] font-semibold text-[#201f1e]">Record a workflow decision</div>[39m
[31m+         <p className="mt-1 text-[12px] leading-5 text-[#605e5c]">Actions create or update the remediation work item tied to this finding, through the authenticated Trust Loop route.</p>[39m
[31m+         <div className="mt-3 flex flex-wrap gap-2">[39m
[31m+           {(alert.status === 'Active') && <button disabled={working} onClick={() => void run('acknowledge')} className="h-8 rounded bg-[#0f6cbd] px-3 text-[12px] font-medium text-white hover:bg-[#004578] disabled:opacity-40">Acknowledge</button>}[39m
[31m+           {(alert.status === 'Active' || alert.status === 'Acknowledged') && <button disabled={working} onClick={() => setShowAssign((open) => !open)} className="h-8 rounded border border-[#c8c6c4] px-3 text-[12px] font-medium text-[#323130] hover:bg-black/[.03] disabled:opacity-40">Assign…</button>}[39m
[31m+           {(alert.status === 'Active' || alert.status === 'Acknowledged') && <button disabled={working} onClick={() => void run('escalate')} className="h-8 rounded border border-[#c8c6c4] px-3 text-[12px] font-medium text-[#8a5700] hover:bg-black/[.03] disabled:opacity-40">Escalate</button>}[39m
[31m+           {(alert.status === 'Active' || alert.status === 'Acknowledged') && <button disabled={working} onClick={() => void run('snooze')} className="h-8 rounded border border-[#c8c6c4] px-3 text-[12px] font-medium text-[#323130] hover:bg-black/[.03] disabled:opacity-40">Snooze</button>}[39m
[31m+           {(alert.status !== 'Resolved') && <button disabled={working} onClick={() => void run('resolve')} className="h-8 rounded bg-[#0e700e] px-3 text-[12px] font-medium text-white hover:bg-[#0e700e]/90 disabled:opacity-40">Mark resolved</button>}[39m
[31m+           {alert.status === 'Snoozed' && <button disabled={working} onClick={() => void run('reopen')} className="h-8 rounded border border-[#c8c6c4] px-3 text-[12px] font-medium text-[#0f6cbd] hover:bg-black/[.03] disabled:opacity-40">Restore active</button>}[39m
[31m+           {alert.status === 'Resolved' && <div className="flex items-center gap-1.5 text-[12px] text-[#0e700e]"><ShieldCheck className="h-3.5 w-3.5" />Resolved state recorded; new evidence is still required to verify the finding.</div>}[39m
[31m+         </div>[39m
[31m+         {showAssign && ([39m
[31m+           <div className="mt-3 flex flex-wrap items-center gap-2 rounded border border-[#e1dfdd] bg-white p-2">[39m
[31m+             <input value={assignee} onChange={(event) => setAssignee(event.target.value)} placeholder="Name or email" className="h-9 min-w-0 flex-1 rounded border border-[#c8c6c4] bg-white px-3 text-[13px] text-[#201f1e] outline-none placeholder:text-[#8a8886] focus:border-[#0f6cbd] focus:ring-1 focus:ring-[#0f6cbd]" />[39m
[31m+             <button disabled={working || !assignee.trim()} onClick={() => void run('assign', assignee.trim())} className="h-9 rounded bg-[#0f6cbd] px-3 text-[12px] font-medium text-white hover:bg-[#004578] disabled:opacity-40">Assign</button>[39m
[31m+           </div>[39m
[31m+         )}[39m
[31m+       </div>[39m
[31m+     </aside>[39m
[31m+   </div>;[39m
[31m+ }[39m
[31m+[39m
[31m+ function Detail({ label, value }: { label: string; value: string }) {[39m
[31m+   return <div className="rounded-md border border-[#e1dfdd] p-3"><div className="text-[11px] uppercase tracking-wide text-[#605e5c]">{label}</div><div className="mt-1 text-[13px] font-medium text-[#201f1e]">{value}</div></div>;[39m
[31m+ }[39m
[31m+[39m

[36m [2m❯[22m tests/clientops-remediation-queue-contract.test.ts:[2m66:22[22m[39m
    [90m 64| [39m  })[33m;[39m
    [90m 65| [39m  [34mit[39m([32m'posts new notes through the real endpoint'[39m[33m,[39m () [33m=>[39m {
    [90m 66| [39m    [34mexpect[39m([34msource[39m())[33m.[39m[34mtoContain[39m([32m'/notes`, {'[39m)[33m;[39m
    [90m   | [39m                     [31m^[39m
    [90m 67| [39m  })[33m;[39m
    [90m 68| [39m  it('only offers the approve action to the Client role, and only once…

[31m[2m⎯⎯⎯⎯⎯⎯⎯⎯⎯⎯⎯⎯⎯⎯⎯⎯⎯⎯⎯⎯⎯[37/141]⎯[22m[39m

[41m[1m FAIL [22m[49m tests/clientops-remediation-queue-contract.test.ts[2m > [22mAlertsView surfaces notes and client approval[2m > [22monly offers the approve action to the Client role, and only once the remediation is actually ready
[31m[1mAssertionError[22m: expected 'import { useMemo, useState, type Reac…' to contain 'role === \'Client\' && !remediation?.…'[39m

[32m- Expected[39m
[31m+ Received[39m

[32m- role === 'Client' && !remediation?.clientApprovedAt[39m
[31m+ import { useMemo, useState, type ReactNode } from 'react';[39m
[31m+ import { ArrowUpCircle, Bell, Filter, Search, ShieldAlert, ShieldCheck, X } from 'lucide-react';[39m
[31m+ import type { Alert, AlertStatus } from '../types';[39m
[31m+[39m
[31m+ type AlertAction = 'acknowledge' | 'assign' | 'resolve' | 'escalate' | 'snooze' | 'reopen';[39m
[31m+[39m
[31m+ interface AlertsViewProps {[39m
[31m+   alerts: Alert[];[39m
[31m+   onAlertAction: (alert: Alert, action: AlertAction, assigneeDisplay?: string) => Promise<void>;[39m
[31m+ }[39m
[31m+[39m
[31m+ const severityDot: Record<string, string> = {[39m
[31m+   Critical: 'bg-[#a4262c]',[39m
[31m+   High: 'bg-[#8a5700]',[39m
[31m+   Medium: 'bg-[#8a5700]',[39m
[31m+   Low: 'bg-[#0f6cbd]',[39m
[31m+ };[39m
[31m+[39m
[31m+ const severityText: Record<string, string> = {[39m
[31m+   Critical: 'text-[#a4262c]',[39m
[31m+   High: 'text-[#8a5700]',[39m
[31m+   Medium: 'text-[#8a5700]',[39m
[31m+   Low: 'text-[#0f6cbd]',[39m
[31m+ };[39m
[31m+[39m
[31m+ const statusDot: Record<AlertStatus, string> = {[39m
[31m+   Active: 'bg-[#a4262c]',[39m
[31m+   Acknowledged: 'bg-[#0f6cbd]',[39m
[31m+   Snoozed: 'bg-[#8a8886]',[39m
[31m+   Resolved: 'bg-[#0e700e]',[39m
[31m+   Cancelled: 'bg-[#8a8886]',[39m
[31m+ };[39m
[31m+[39m
[31m+ function isEscalated(alert: Alert) {[39m
[31m+   if (!alert.slaDueAt || alert.status === 'Resolved' || alert.status === 'Cancelled') return false;[39m
[31m+   return new Date(alert.slaDueAt).getTime() - Date.now() < 4 * 3600 * 1000;[39m
[31m+ }[39m
[31m+[39m
[31m+ export default function AlertsView({ alerts, onAlertAction }: AlertsViewProps) {[39m
[31m+   const [severityFilter, setSeverityFilter] = useState('all');[39m
[31m+   const [categoryFilter, setCategoryFilter] = useState('all');[39m
[31m+   const [statusFilter, setStatusFilter] = useState('all');[39m
[31m+   const [query, setQuery] = useState('');[39m
[31m+   const [selectedAlertId, setSelectedAlertId] = useState<string | null>(null);[39m
[31m+[39m
[31m+   const categories = useMemo(() => Array.from(new Set(alerts.map((alert) => alert.category))), [alerts]);[39m
[31m+   const filteredAlerts = useMemo(() => {[39m
[31m+     const normalizedQuery = query.trim().toLowerCase();[39m
[31m+     return alerts.filter((alert) => {[39m
[31m+       const haystack = `${alert.title} ${alert.description} ${alert.clientName} ${alert.category}`.toLowerCase();[39m
[31m+       return (!normalizedQuery || haystack.includes(normalizedQuery))[39m
[31m+         && (severityFilter === 'all' || alert.severity === severityFilter)[39m
[31m+         && (categoryFilter === 'all' || alert.category === categoryFilter)[39m
[31m+         && (statusFilter === 'all' || alert.status === statusFilter);[39m
[31m+     });[39m
[31m+   }, [alerts, query, severityFilter, categoryFilter, statusFilter]);[39m
[31m+   const activeCount = alerts.filter((alert) => alert.status === 'Active').length;[39m
[31m+   const criticalCount = alerts.filter((alert) => alert.status !== 'Resolved' && alert.status !== 'Cancelled' && alert.severity === 'Critical').length;[39m
[31m+   const resolvedCount = alerts.filter((alert) => alert.status === 'Resolved').length;[39m
[31m+   const selectedAlert = alerts.find((alert) => alert.id === selectedAlertId);[39m
[31m+[39m
[31m+   return ([39m
[31m+     <section className="space-y-4" id="msp-alerts-hub">[39m
[31m+       <div>[39m
[31m+         <h1 className="text-[22px] font-semibold text-[#201f1e]">Alerts</h1>[39m
[31m+         <p className="mt-1 text-[13px] text-[#605e5c]">Acknowledge, assign, escalate or resolve server-backed trust findings that need a decision.</p>[39m
[31m+       </div>[39m
[31m+[39m
[31m+       <details className="rounded-md border border-[#e1dfdd] bg-[#faf9f8] text-[13px]">[39m
[31m+         <summary className="cursor-pointer select-none px-3 py-2 font-medium text-[#323130]">ⓘ What is this? · How it works</summary>[39m
[31m+         <div className="px-3 pb-3 text-[#605e5c]">[39m
[31m+           <p>This queue lists trust findings that require a workflow decision. Every action here updates the same remediation work item shown elsewhere in SPR.</p>[39m
[31m+           <ol className="mt-1.5 list-decimal space-y-0.5 pl-4">[39m
[31m+             <li>Search or filter the queue, then open an alert to see full detail.</li>[39m
[31m+             <li>Acknowledge, assign, escalate, snooze or resolve — each action calls the authenticated Trust Loop route.</li>[39m
[31m+             <li>Resolved does not mean verified: new evidence is still required to confirm a finding is fixed.</li>[39m
[31m+           </ol>[39m
[31m+         </div>[39m
[31m+       </details>[39m
[31m+[39m
[31m+       <div className="flex flex-wrap gap-6 rounded-md border border-[#e1dfdd] bg-white p-3">[39m
[31m+         <div><div className="text-[11px] text-[#605e5c]">Active attention</div><div className="text-lg font-semibold text-[#201f1e]">{activeCount}</div></div>[39m
[31m+         <div><div className="text-[11px] text-[#605e5c]">Critical open</div><div className="text-lg font-semibold text-[#201f1e]">{criticalCount}</div></div>[39m
[31m+         <div><div className="text-[11px] text-[#605e5c]">Resolved records</div><div className="text-lg font-semibold text-[#201f1e]">{resolvedCount}</div></div>[39m
[31m+       </div>[39m
[31m+[39m
[31m+       <div className="flex flex-wrap items-center gap-2">[39m
[31m+         <label className="flex h-9 min-w-56 items-center gap-2 rounded border border-[#c8c6c4] bg-white px-3 focus-within:border-[#0f6cbd] focus-within:ring-1 focus-within:ring-[#0f6cbd]">[39m
[31m+           <Search className="h-3.5 w-3.5 text-[#8a8886]" />[39m
[31m+           <input value={query} onChange={(event) => setQuery(event.target.value)} placeholder="Search alerts" aria-label="Search alerts" className="min-w-0 flex-1 bg-transparent text-[13px] text-[#201f1e] outline-none placeholder:text-[#8a8886]" />[39m
[31m+         </label>[39m
[31m+         <SelectFilter icon={<Filter className="h-3.5 w-3.5 text-[#8a8886]" />} label="Severity" value={severityFilter} onChange={setSeverityFilter} options={['all', 'Critical', 'High', 'Medium', 'Low']} />[39m
[31m+         <SelectFilter icon={<Filter className="h-3.5 w-3.5 text-[#8a8886]" />} label="Status" value={statusFilter} onChange={setStatusFilter} options={['all', 'Active', 'Acknowledged', 'Snoozed', 'Resolved', 'Cancelled']} />[39m
[31m+         <SelectFilter icon={<Filter className="h-3.5 w-3.5 text-[#8a8886]" />} label="Category" value={categoryFilter} onChange={setCategoryFilter} options={['all', ...categories]} />[39m
[31m+       </div>[39m
[31m+[39m
[31m+       <div className="overflow-hidden rounded-md border border-[#e1dfdd] bg-white">[39m
[31m+         <div className="flex flex-wrap items-center justify-between gap-2 border-b border-[#e1dfdd] px-4 py-2.5">[39m
[31m+           <h2 className="text-[13px] font-semibold text-[#201f1e]">Trust finding queue</h2>[39m
[31m+           <p className="text-[12px] text-[#8a8886]">{filteredAlerts.length} of {alerts.length} alert records shown</p>[39m
[31m+         </div>[39m
[31m+         <div className="overflow-x-auto">[39m
[31m+           <table className="w-full min-w-[820px] border-collapse text-left">[39m
[31m+             <thead>[39m
[31m+               <tr className="border-b border-[#e1dfdd] text-[11px] uppercase tracking-wide text-[#605e5c]">[39m
[31m+                 <th className="px-4 py-2.5 font-medium">Alert</th>[39m
[31m+                 <th className="px-4 py-2.5 font-medium">Client</th>[39m
[31m+                 <th className="px-4 py-2.5 font-medium">Severity</th>[39m
[31m+                 <th className="px-4 py-2.5 font-medium">Status</th>[39m
[31m+                 <th className="px-4 py-2.5 font-medium">Owner</th>[39m
[31m+                 <th className="px-4 py-2.5 font-medium">Observed</th>[39m
[31m+               </tr>[39m
[31m+             </thead>[39m
[31m+             <tbody>[39m
[31m+               {filteredAlerts.map((alert) => ([39m
[31m+                 <tr[39m
[31m+                   key={alert.id}[39m
[31m+                   onClick={() => setSelectedAlertId(alert.id)}[39m
[31m+                   className={`cursor-pointer border-b border-[#f3f2f1] text-[13px] hover:bg-black/[.02] ${alert.status === 'Resolved' || alert.status === 'Cancelled' ? 'opacity-60' : ''}`}[39m
[31m+                 >[39m
[31m+                   <td className="max-w-xs px-4 py-2.5">[39m
[31m+                     <div className="flex items-center gap-1.5">[39m
[31m+                       <span className="truncate font-medium text-[#201f1e]">{alert.title}</span>[39m
[31m+                       {isEscalated(alert) && <span className="inline-flex shrink-0 items-center gap-1 text-[11px] font-medium text-[#8a5700]"><ArrowUpCircle className="h-3 w-3" />Escalated</span>}[39m
[31m+                     </div>[39m
[31m+                     <div className="mt-0.5 truncate text-[11px] text-[#8a8886]">{alert.description}</div>[39m
[31m+                   </td>[39m
[31m+                   <td className="px-4 py-2.5 text-[#605e5c]">{alert.clientName}</td>[39m
[31m+                   <td className="px-4 py-2.5">[39m
[31m+                     <span className={`inline-flex items-center gap-1.5 text-[13px] ${severityText[alert.severity] || 'text-[#605e5c]'}`}>[39m
[31m+                       <span className={`h-1.5 w-1.5 rounded-full ${severityDot[alert.severity] || 'bg-[#8a8886]'}`} />[39m
[31m+                       {alert.severity}[39m
[31m+                     </span>[39m
[31m+                   </td>[39m
[31m+                   <td className="px-4 py-2.5">[39m
[31m+                     <span className="inline-flex items-center gap-1.5 text-[13px] text-[#605e5c]">[39m
[31m+                       <span className={`h-1.5 w-1.5 rounded-full ${statusDot[alert.status]}`} />[39m
[31m+                       {alert.status}[39m
[31m+                     </span>[39m
[31m+                   </td>[39m
[31m+                   <td className="px-4 py-2.5 text-[#605e5c]">{alert.ownerDisplay || 'Unassigned'}</td>[39m
[31m+                   <td className="px-4 py-2.5 text-[#8a8886]">{alert.timestamp || 'Not observed'}</td>[39m
[31m+                 </tr>[39m
[31m+               ))}[39m
[31m+               {filteredAlerts.length === 0 && ([39m
[31m+                 <tr>[39m
[31m+                   <td colSpan={6} className="px-4 py-10 text-center">[39m
[31m+                     <Bell className="mx-auto h-6 w-6 text-[#c8c6c4]" />[39m
[31m+                     <p className="mt-2 text-[13px] font-medium text-[#323130]">No alert records match these filters.</p>[39m
[31m+                     <p className="mt-1 text-[12px] text-[#8a8886]">Try another search or reset the queue filters.</p>[39m
[31m+                   </td>[39m
[31m+                 </tr>[39m
[31m+               )}[39m
[31m+             </tbody>[39m
[31m+           </table>[39m
[31m+         </div>[39m
[31m+       </div>[39m
[31m+[39m
[31m+       {selectedAlert && <AlertDrawer alert={selectedAlert} onClose={() => setSelectedAlertId(null)} onAlertAction={onAlertAction} />}[39m
[31m+     </section>[39m
[31m+   );[39m
[31m+ }[39m
[31m+[39m
[31m+ function SelectFilter({ icon, label, value, onChange, options }: { icon: ReactNode; label: string; value: string; onChange: (value: string) => void; options: string[] }) {[39m
[31m+   return ([39m
[31m+     <label className="flex h-9 items-center gap-2 rounded border border-[#c8c6c4] bg-white px-3">[39m
[31m+       {icon}[39m
[31m+       <span className="sr-only">{label}</span>[39m
[31m+       <select aria-label={label} value={value} onChange={(event) => onChange(event.target.value)} className="bg-transparent text-[13px] text-[#323130] outline-none">[39m
[31m+         {options.map((option) => <option key={option} value={option}>{option === 'all' ? `All ${label.toLowerCase()}` : option}</option>)}[39m
[31m+       </select>[39m
[31m+     </label>[39m
[31m+   );[39m
[31m+ }[39m
[31m+[39m
[31m+ function AlertDrawer({ alert, onClose, onAlertAction }: { alert: Alert; onClose: () => void; onAlertAction: (alert: Alert, action: AlertAction, assigneeDisplay?: string) => Promise<void> }) {[39m
[31m+   const [working, setWorking] = useState(false);[39m
[31m+   const [assignee, setAssignee] = useState(alert.ownerDisplay || '');[39m
[31m+   const [showAssign, setShowAssign] = useState(false);[39m
[31m+[39m
[31m+   const run = async (action: AlertAction, extra?: string) => {[39m
[31m+     setWorking(true);[39m
[31m+     try { await onAlertAction(alert, action, extra); setShowAssign(false); } finally { setWorking(false); }[39m
[31m+   };[39m
[31m+[39m
[31m+   return <div className="fixed inset-0 z-[70] flex justify-end bg-black/20" onMouseDown={onClose}>[39m
[31m+     <aside role="dialog" aria-modal="true" aria-label={`Alert details for ${alert.title}`} onMouseDown={(event) => event.stopPropagation()} className="h-full w-full max-w-xl overflow-y-auto border-l border-[#e1dfdd] bg-white p-6">[39m
[31m+       <div className="flex items-start justify-between gap-4 border-b border-[#e1dfdd] pb-4">[39m
[31m+         <div>[39m
[31m+           <div className="flex items-center gap-1.5 text-[11px] font-semibold uppercase tracking-wide text-[#0f6cbd]"><ShieldAlert className="h-3.5 w-3.5" /> Finding detail</div>[39m
[31m+           <h2 className="mt-2 text-[18px] font-semibold text-[#201f1e]">{alert.title}</h2>[39m
[31m+           <p className="mt-1 font-mono text-[11px] text-[#8a8886]">{alert.id}</p>[39m
[31m+         </div>[39m
[31m+         <button onClick={onClose} aria-label="Close alert details" className="rounded border border-[#c8c6c4] p-1.5 text-[#605e5c] hover:bg-black/[.03]"><X className="h-3.5 w-3.5" /></button>[39m
[31m+       </div>[39m
[31m+[39m
[31m+       <div className="mt-4 flex flex-wrap items-center gap-3 text-[13px]">[39m
[31m+         <span className={`inline-flex items-center gap-1.5 ${severityText[alert.severity] || 'text-[#605e5c]'}`}><span className={`h-1.5 w-1.5 rounded-full ${severityDot[alert.severity] || 'bg-[#8a8886]'}`} />{alert.severity}</span>[39m
[31m+         <span className="text-[#8a8886]">{alert.category}</span>[39m
[31m+         <span className="text-[#605e5c]">{alert.clientName}</span>[39m
[31m+       </div>[39m
[31m+[39m
[31m+       <div className="mt-4 space-y-4">[39m
[31m+         <div className="rounded-md border border-[#e1dfdd] p-3">[39m
[31m+           <div className="text-[11px] uppercase tracking-wide text-[#605e5c]">Description</div>[39m
[31m+           <p className="mt-2 text-[13px] leading-6 text-[#323130]">{alert.description || 'No description observed.'}</p>[39m
[31m+         </div>[39m
[31m+         <div className="grid gap-2 sm:grid-cols-2">[39m
[31m+           <Detail label="Observed timestamp" value={alert.timestamp || 'Not observed'} />[39m
[31m+           <Detail label="Current workflow state" value={alert.status} />[39m
[31m+           <Detail label="Assigned to" value={alert.ownerDisplay || 'Unassigned'} />[39m
[31m+           <Detail label="SLA due" value={alert.slaDueAt ? new Date(alert.slaDueAt).toLocaleString() : 'No SLA set'} />[39m
[31m+         </div>[39m
[31m+       </div>[39m
[31m+[39m
[31m+       <div className="mt-4 rounded-md border border-[#e1dfdd] bg-[#faf9f8] p-3">[39m
[31m+         <div className="text-[13px] font-semibold text-[#201f1e]">Record a workflow decision</div>[39m
[31m+         <p className="mt-1 text-[12px] leading-5 text-[#605e5c]">Actions create or update the remediation work item tied to this finding, through the authenticated Trust Loop route.</p>[39m
[31m+         <div className="mt-3 flex flex-wrap gap-2">[39m
[31m+           {(alert.status === 'Active') && <button disabled={working} onClick={() => void run('acknowledge')} className="h-8 rounded bg-[#0f6cbd] px-3 text-[12px] font-medium text-white hover:bg-[#004578] disabled:opacity-40">Acknowledge</button>}[39m
[31m+           {(alert.status === 'Active' || alert.status === 'Acknowledged') && <button disabled={working} onClick={() => setShowAssign((open) => !open)} className="h-8 rounded border border-[#c8c6c4] px-3 text-[12px] font-medium text-[#323130] hover:bg-black/[.03] disabled:opacity-40">Assign…</button>}[39m
[31m+           {(alert.status === 'Active' || alert.status === 'Acknowledged') && <button disabled={working} onClick={() => void run('escalate')} className="h-8 rounded border border-[#c8c6c4] px-3 text-[12px] font-medium text-[#8a5700] hover:bg-black/[.03] disabled:opacity-40">Escalate</button>}[39m
[31m+           {(alert.status === 'Active' || alert.status === 'Acknowledged') && <button disabled={working} onClick={() => void run('snooze')} className="h-8 rounded border border-[#c8c6c4] px-3 text-[12px] font-medium text-[#323130] hover:bg-black/[.03] disabled:opacity-40">Snooze</button>}[39m
[31m+           {(alert.status !== 'Resolved') && <button disabled={working} onClick={() => void run('resolve')} className="h-8 rounded bg-[#0e700e] px-3 text-[12px] font-medium text-white hover:bg-[#0e700e]/90 disabled:opacity-40">Mark resolved</button>}[39m
[31m+           {alert.status === 'Snoozed' && <button disabled={working} onClick={() => void run('reopen')} className="h-8 rounded border border-[#c8c6c4] px-3 text-[12px] font-medium text-[#0f6cbd] hover:bg-black/[.03] disabled:opacity-40">Restore active</button>}[39m
[31m+           {alert.status === 'Resolved' && <div className="flex items-center gap-1.5 text-[12px] text-[#0e700e]"><ShieldCheck className="h-3.5 w-3.5" />Resolved state recorded; new evidence is still required to verify the finding.</div>}[39m
[31m+         </div>[39m
[31m+         {showAssign && ([39m
[31m+           <div className="mt-3 flex flex-wrap items-center gap-2 rounded border border-[#e1dfdd] bg-white p-2">[39m
[31m+             <input value={assignee} onChange={(event) => setAssignee(event.target.value)} placeholder="Name or email" className="h-9 min-w-0 flex-1 rounded border border-[#c8c6c4] bg-white px-3 text-[13px] text-[#201f1e] outline-none placeholder:text-[#8a8886] focus:border-[#0f6cbd] focus:ring-1 focus:ring-[#0f6cbd]" />[39m
[31m+             <button disabled={working || !assignee.trim()} onClick={() => void run('assign', assignee.trim())} className="h-9 rounded bg-[#0f6cbd] px-3 text-[12px] font-medium text-white hover:bg-[#004578] disabled:opacity-40">Assign</button>[39m
[31m+           </div>[39m
[31m+         )}[39m
[31m+       </div>[39m
[31m+     </aside>[39m
[31m+   </div>;[39m
[31m+ }[39m
[31m+[39m
[31m+ function Detail({ label, value }: { label: string; value: string }) {[39m
[31m+   return <div className="rounded-md border border-[#e1dfdd] p-3"><div className="text-[11px] uppercase tracking-wide text-[#605e5c]">{label}</div><div className="mt-1 text-[13px] font-medium text-[#201f1e]">{value}</div></div>;[39m
[31m+ }[39m
[31m+[39m

[36m [2m❯[22m tests/clientops-remediation-queue-contract.test.ts:[2m70:15[22m[39m
    [90m 68| [39m  it('only offers the approve action to the Client role, and only once…
    [90m 69| [39m    [35mconst[39m s [33m=[39m [34msource[39m()[33m;[39m
    [90m 70| [39m    expect(s).toContain("role === 'Client' && !remediation?.clientAppr…
    [90m   | [39m              [31m^[39m
    [90m 71| [39m    expect(s).toContain("remediation?.status === 'READY_FOR_VERIFICATI…
    [90m 72| [39m  })[33m;[39m

[31m[2m⎯⎯⎯⎯⎯⎯⎯⎯⎯⎯⎯⎯⎯⎯⎯⎯⎯⎯⎯⎯⎯[38/141]⎯[22m[39m

[41m[1m FAIL [22m[49m tests/compliance-schedules-contract.test.ts[2m > [22mSPR compliance schedule contracts[2m > [22mshows compliance schedule actions as disabled for roles the backend will reject, matching the session-wide role-gating fix
[31m[1mAssertionError[22m: expected 'import { useEffect, useMemo, useState…' to contain '<ComplianceView clients={clients} rol…'[39m

[32m- Expected[39m
[31m+ Received[39m

[32m- <ComplianceView clients={clients} role={role} />[39m
[31m+ import { useEffect, useMemo, useState, type ReactNode } from 'react';[39m
[31m+ import { getRedirectResult, onAuthStateChanged, signOut, type User } from 'firebase/auth';[39m
[31m+ import type { Alert, Client, Integration, Scan, SoftwarePassport, Vendor } from './types';[39m
[31m+ import type { VerificationDecision } from './lib/verification/evaluateVerification.ts';[39m
[31m+ import { apiFetch } from './utils/apiClient';[39m
[31m+ import { auth } from './lib/firebase';[39m
[31m+ import CommandCenter from './components/CommandCenter';[39m
[31m+ import ExtensionWorkflow from './components/ExtensionWorkflow';[39m
[31m+ import ExtensionMarketplace from './components/ExtensionMarketplace';[39m
[31m+ import LoginView from './components/LoginView';[39m
[31m+ import EvidenceDashboardView from './components/EvidenceDashboardView';[39m
[31m+ import EvidenceExplorerView from './components/EvidenceExplorerView';[39m
[31m+ import AITrustCenterView from './components/AITrustCenterView';[39m
[31m+ import CoverageView from './components/CoverageView';[39m
[31m+ import AssetsView from './components/AssetsView';[39m
[31m+ import PassportsView from './components/PassportsView';[39m
[31m+ import ScansView from './components/ScansView';[39m
[31m+ import AlertsView from './components/AlertsView';[39m
[31m+ import ClientsView from './components/ClientsView';[39m
[31m+ import VendorsView from './components/VendorsView';[39m
[31m+ import IntegrationsView from './components/IntegrationsView';[39m
[31m+ import BillingView from './components/BillingView';[39m
[31m+ import ComplianceView from './components/ComplianceView';[39m
[31m+ import AgentTrustView from './components/AgentTrustView';[39m
[31m+ import EnterpriseReadinessView from './components/EnterpriseReadinessView';[39m
[31m+ import FounderDashboardView from './components/FounderDashboardView';[39m
[31m+ import InvestorHomeView from './components/InvestorHomeView';[39m
[31m+ import SettingsView from './components/SettingsView';[39m
[31m+ import TeamView from './components/TeamView';[39m
[31m+ import AuditLogView from './components/AuditLogView';[39m
[31m+ import MonitoringView from './components/MonitoringView';[39m
[31m+ import SecurityCenterView from './components/SecurityCenterView';[39m
[31m+ import MSPCommandCenter from './components/MSPCommandCenter';[39m
[31m+ import ReportsView from './components/ReportsView';[39m
[31m+ import TrustGraphView from './components/TrustGraphView';[39m
[31m+ import { EXTENSIONS } from './workflows/extensionRegistry';[39m
[31m+ const PUBLIC_PATHS = new Set(['/','/login','/free-review','/pricing']);[39m
[31m+ const EMPTY_CLIENTS: Client[] = []; const EMPTY_PASSPORTS: SoftwarePassport[] = []; const EMPTY_VENDORS: Vendor[] = []; const EMPTY_INTEGRATIONS: Integration[] = []; const EMPTY_SCANS: Scan[] = []; const EMPTY_ALERTS: Alert[] = [];[39m
[31m+ function deriveAlertStatus(remediationStatus: string | null | undefined, findingStatus: string | null | undefined): Alert['status'] { switch (remediationStatus) { case 'IN_PROGRESS': case 'READY_FOR_VERIFICATION': return 'Acknowledged'; case 'BLOCKED': return 'Snoozed'; case 'VERIFIED': case 'CLOSED': return 'Resolved'; case 'CANCELLED': return 'Cancelled'; case 'OPEN': return 'Active'; default: return String(findingStatus || '').toLowerCase() === 'resolved' ? 'Resolved' : 'Active'; } }[39m
[31m+ function navigate(path: string) { window.history.pushState({}, '', path); window.dispatchEvent(new PopStateEvent('popstate')); }[39m
[31m+ function usePath() { const [path, setPath] = useState(() => window.location.pathname || '/'); useEffect(() => { const update = () => setPath(window.location.pathname || '/'); window.addEventListener('popstate', update); return () => window.removeEventListener('popstate', update); }, []); return path; }[39m
[31m+ function AuthLoading() { return <div className="grid min-h-screen place-items-center bg-[#faf9f8] text-[#201f1e]"><div className="text-center"><div className="mx-auto grid h-10 w-10 place-items-center rounded bg-[#0f6cbd] text-xs font-bold text-white">S</div><div className="mt-4 text-[11px] font-semibold uppercase tracking-wide text-[#605e5c]">Securing workspace</div><div className="mt-1 text-[12px] text-[#8a8886]">Checking authenticated session…</div></div></div>; }[39m
[31m+ function CoverPage() { return <div className="min-h-screen bg-[#faf9f8] text-[#201f1e]"><div className="mx-auto flex min-h-screen max-w-5xl items-center px-6 py-16"><div className="max-w-3xl"><div className="mb-5 inline-flex items-center gap-1.5 rounded border border-[#e1dfdd] bg-white px-2.5 py-1 text-[11px] font-semibold uppercase tracking-wide text-[#605e5c]">Evidence-first software trust</div><h1 className="text-[28px] font-semibold tracking-tight md:text-[34px]">Software trust, operated as a system.</h1><p className="mt-4 max-w-2xl text-[14px] leading-6 text-[#605e5c]">Software Passport Registry turns software identity, security, provenance, reliability, compliance, and evidence into repeatable workflows for teams, buyers, and managed service providers.</p><div className="mt-6 flex flex-wrap gap-2"><button onClick={() => navigate('/login')} className="h-9 rounded bg-[#0f6cbd] px-4 text-[13px] font-semibold text-white hover:bg-[#004578]">Enter SPR</button><button onClick={() => navigate('/free-review')} className="h-9 rounded border border-[#c8c6c4] bg-white px-4 text-[13px] font-medium text-[#323130] hover:bg-black/[.03]">Free review</button></div></div></div></div>; }[39m
[31m+ function PublicPage({ title, description, action, onAction }: { title: string; description: string; action: string; onAction: () => void }) { return <div className="grid min-h-screen place-items-center bg-[#faf9f8] px-6 text-[#201f1e]"><div className="max-w-md rounded-md border border-[#e1dfdd] bg-white p-6 text-center"><div className="text-[11px] font-semibold uppercase tracking-wide text-[#605e5c]">Software Passport Registry</div><h1 className="mt-2 text-[20px] font-semibold">{title}</h1><p className="mt-2 text-[13px] leading-5 text-[#605e5c]">{description}</p><button onClick={onAction} className="mt-5 h-9 rounded bg-[#0f6cbd] px-4 text-[13px] font-semibold text-white hover:bg-[#004578]">{action}</button></div></div>; }[39m
[31m+ function WorkflowBoundary({ title, description, extensionId, onNavigate }: { title: string; description: string; extensionId?: string; onNavigate: (path: string) => void }) { const extension = extensionId ? EXTENSIONS.find((item) => item.id === extensionId) : undefined; return <section><div className="rounded-md border border-[#e1dfdd] bg-white p-5"><div className="text-[11px] font-semibold uppercase tracking-wide text-[#605e5c]">Workflow boundary</div><h1 className="mt-1.5 text-[20px] font-semibold tracking-tight">{title}</h1><p className="mt-2 max-w-2xl text-[13px] leading-5 text-[#605e5c]">{description}</p>{extension && <button onClick={() => onNavigate(extension.entryPath)} className="mt-4 h-8 rounded bg-[#0f6cbd] px-3 text-[12px] font-semibold text-white hover:bg-[#004578]">Open {extension.name} →</button>}</div></section>; }[39m
[31m+ export default function App() {[39m
[31m+  const path=usePath(); const [authReady,setAuthReady]=useState(false); const [user,setUser]=useState<User|null>(null); const [role,setRole]=useState('Viewer'); const [selectedClientId,setSelectedClientId]=useState(''); const [selectedPassportId,setSelectedPassportId]=useState<string|null>(null); const [assets,setAssets]=useState<any[]>([]); const [clients,setClients]=useState<Client[]>(EMPTY_CLIENTS); const [passports,setPassports]=useState<SoftwarePassport[]>(EMPTY_PASSPORTS); const [vendors,setVendors]=useState<Vendor[]>(EMPTY_VENDORS); const [alerts,setAlerts]=useState<Alert[]>(EMPTY_ALERTS); const [findings,setFindings]=useState<unknown[]>([]); const [scans,setScans]=useState<Scan[]>(EMPTY_SCANS); const [integrations,setIntegrations]=useState<Integration[]>(EMPTY_INTEGRATIONS); const [theme,setTheme]=useState<'light'|'dark'>('dark'); const [verificationDecisions,setVerificationDecisions]=useState<Record<string,VerificationDecision>>({}); const [verificationDetails,setVerificationDetails]=useState<Record<string,unknown>>({});[39m
[31m+  useEffect(()=>{let mounted=true;let redirectSettled=false;let observedUser:User|null=null;const timeoutId=window.setTimeout(()=>{if(mounted)setAuthReady(true)},10000);const unsubscribe=onAuthStateChanged(auth,(currentUser)=>{if(!mounted)return;observedUser=currentUser;if(!redirectSettled)return;setUser(currentUser);setAuthReady(true);window.clearTimeout(timeoutId)},()=>{if(mounted){setAuthReady(true);window.clearTimeout(timeoutId)}});void getRedirectResult(auth).then(result=>{redirectSettled=true;if(mounted)setUser(result?.user||observedUser);if(mounted)setAuthReady(true);window.clearTimeout(timeoutId)}).catch(error=>{redirectSettled=true;console.error('[Firebase redirect sign-in error]',error);if(mounted)setUser(observedUser);if(mounted)setAuthReady(true);window.clearTimeout(timeoutId)});return()=>{mounted=false;window.clearTimeout(timeoutId);unsubscribe()}},[]);[39m
[31m+  useEffect(()=>{if(authReady&&!user&&!PUBLIC_PATHS.has(path))navigate('/login')},[authReady,user,path]);[39m
[31m+  useEffect(()=>{if(!user)return;let cancelled=false;const load=async()=>{const responses=await Promise.all([apiFetch('/api/user/me'),apiFetch('/api/scans'),apiFetch('/api/trust-loop/findings'),apiFetch('/api/user/passports'),apiFetch('/api/user/clients'),apiFetch('/api/integrations'),apiFetch('/api/user/verification')]);if(responses.some(r=>r.status===401)){await signOut(auth);navigate('/login');return}const [me,scansResponse,findingsResponse,passportsResponse,clientsResponse,integrationsResponse,verificationResponse]=responses;if(verificationResponse.ok){const data=await verificationResponse.json().catch(()=>null);if(!cancelled){setVerificationDecisions(data?.verificationDecisions&&typeof data.verificationDecisions==='object'?data.verificationDecisions:{});setVerificationDetails(data?.verificationDetails&&typeof data.verificationDetails==='object'?data.verificationDetails:{})}}else if(!cancelled){setVerificationDecisions({});setVerificationDetails({})}if(me.ok){const data=await me.json().catch(()=>null);if(!cancelled)setRole(String(data?.role||'Viewer'))}if(scansResponse.ok){const data=await scansResponse.json().catch(()=>[]);if(!cancelled&&Array.isArray(data))setScans(data)}if(findingsResponse.ok){const data=await findingsResponse.json().catch(()=>[]);const rows=Array.isArray(data)?data:data?.findings;if(!cancelled&&Array.isArray(rows)){setFindings(rows);setAlerts(rows.map((row:any)=>({id:String(row.id),title:String(row.title||row.control_id||'Trust finding'),severity:String(row.severity||'Low').replace(/^./,(s:string)=>s.toUpperCase()),category:'Trust finding',clientName:String(row.client_id||'Tenant'),description:String(row.description||'Evidence-backed finding'),timestamp:String(row.updated_at||''),status:deriveAlertStatus(row.remediation_status,row.status),remediationId:row.remediation_id?String(row.remediation_id):null,ownerDisplay:row.remediation_owner_display||null,slaDueAt:row.remediation_sla_due_at||null})) as Alert[])}}if(passportsResponse.ok){const data=await passportsResponse.json().catch(()=>[]);const rows=Array.isArray(data)?data:data?.passports;if(!cancelled&&Array.isArray(rows)){const normalized=rows.map((row:any)=>({...row,id:String(row.id),name:String(row.name||'Unnamed software'),version:String(row.version||'unknown'),publisher:String(row.publisher||'unknown'),clientId:row.clientId?String(row.clientId):undefined,evidence:Array.isArray(row.evidence)?row.evidence:[],vulnerabilities:Array.isArray(row.vulnerabilities)?row.vulnerabilities:[],timeline:Array.isArray(row.timeline)?row.timeline:[],sbom:Array.isArray(row.sbom)?row.sbom:[],scores:null,scoreStatus:row.scoreStatus||'not_authoritatively_scored'})) as SoftwarePassport[];setPassports(normalized);setAssets(normalized.map((passport:any)=>({id:passport.id,name:passport.name,hostName:passport.name,type:passport.category||'software',clientId:passport.clientId,clientName:String(passport.clientId||'Unobserved'),environment:String(passport.environment||'Unobserved'),version:passport.version})));setVendors(EMPTY_VENDORS)}}if(clientsResponse.ok){const data=await clientsResponse.json().catch(()=>[]);const rows=Array.isArray(data)?data:data?.clients;if(!cancelled&&Array.isArray(rows))setClients(rows.map((row:any)=>({...row,id:String(row.id),name:String(row.name||row.company_name||'Unnamed client')})) as Client[])}if(integrationsResponse.ok){const data=await integrationsResponse.json().catch(()=>[]);if(!cancelled&&Array.isArray(data))setIntegrations(data)}};void load().catch(error=>console.warn('[SPR command center load]',error));return()=>{cancelled=true}},[user]);[39m
[31m+  useEffect(()=>{const refresh=()=>{if(user)window.location.reload()};window.addEventListener('refresh-data',refresh);return()=>window.removeEventListener('refresh-data',refresh)},[user]);[39m
[31m+  const onNavigateTab=(target:string,itemId?:string)=>navigate(itemId?`${target.startsWith('/')?target:`/${target}`}/${encodeURIComponent(itemId)}`:target.startsWith('/')?target:`/${target}`); const quickAction=(action:'add-client'|'register-passport'|'scan-sbom')=>navigate(action==='add-client'?'/clients':action==='register-passport'?'/passports':'/scans');[39m
[31m+  const performAlertAction=async(alert:Alert,action:'acknowledge'|'assign'|'resolve'|'escalate'|'snooze'|'reopen',assigneeDisplay?:string)=>{let remediationId=alert.remediationId;if(!remediationId){const created=await apiFetch('/api/trust-loop/remediations',{method:'POST',headers:{'Content-Type':'application/json'},body:JSON.stringify({findingId:alert.id,title:alert.title,description:alert.description,priority:alert.severity.toUpperCase()})});if(!created.ok)return;const createdBody=await created.json().catch(()=>null);remediationId=createdBody?.id?String(createdBody.id):undefined;if(!remediationId)return}const patchBody:Record<string,unknown>={acknowledge:{status:'IN_PROGRESS'},resolve:{status:'CLOSED'},snooze:{status:'BLOCKED'},reopen:{status:'OPEN'},escalate:{status:'IN_PROGRESS',slaDueAt:new Date(Date.now()+4*3600*1000).toISOString()},assign:{status:'IN_PROGRESS',ownerDisplay:assigneeDisplay||''}}[action];const response=await apiFetch(`/api/trust-loop/remediations/${encodeURIComponent(remediationId)}`,{method:'PATCH',headers:{'Content-Type':'application/json'},body:JSON.stringify(patchBody)});if(!response.ok)return;const updated=await response.json().catch(()=>null);setAlerts(current=>current.map(item=>item.id===alert.id?{...item,remediationId,status:deriveAlertStatus(updated?.status??String(patchBody.status),null),ownerDisplay:updated?.owner_display??(patchBody.ownerDisplay as string|undefined)??item.ownerDisplay,slaDueAt:updated?.sla_due_at??(patchBody.slaDueAt as string|undefined)??item.slaDueAt}:item))};[39m
[31m+  const selectedExtension=useMemo(()=>{const match=path.match(/^\/extensions\/([^/]+)/);return match?decodeURIComponent(match[1]):null},[path]);const signOutUser=async()=>{await signOut(auth);navigate('/login')};[39m
[31m+  if(!authReady)return <AuthLoading/>;if(path==='/')return <CoverPage/>;if(path==='/login')return user?<AuthLoading/>:<LoginView onLoginSuccess={()=>navigate('/dashboard')}/>;if(!user&&path==='/free-review')return <PublicPage title="Free software review" description="Start an evidence-first review from the public entry point." action="Sign in to continue" onAction={()=>navigate('/login')}/>;if(!user&&path==='/pricing')return <PublicPage title="SPR plans" description="Account and billing capabilities are available inside the authenticated workspace." action="Enter SPR" onAction={()=>navigate('/login')}/>;if(!user)return <AuthLoading/>;[39m
[31m+  let view:ReactNode;if(selectedExtension)view=<ExtensionWorkflow id={selectedExtension} onNavigate={navigate}/>;else switch(path){case '/dashboard':view=<EvidenceDashboardView clients={clients} alerts={alerts} scans={scans} passports={passports} findings={findings} onNavigateTab={onNavigateTab} onOpenQuickAction={quickAction}/>;break;case '/coverage':view=<CoverageView clients={clients} scans={scans} passports={passports} onNavigateTab={onNavigateTab}/>;break;case '/evidence-explorer':view=<EvidenceExplorerView passports={passports}/>;break;case '/assets':view=<AssetsView clients={clients} searchQuery="" assets={assets}/>;break;case '/passports':case '/registry':view=<PassportsView verificationDecisions={verificationDecisions} verificationDetails={verificationDetails} passports={passports} selectedPassportId={selectedPassportId} setSelectedPassportId={setSelectedPassportId} searchQuery="" clients={clients} assets={assets} role={role} onNavigateTab={onNavigateTab} onUpdatePassport={passport=>setPassports(current=>current.map(item=>item.id===passport.id?passport:item))}/>;break;case '/scans':view=<ScansView scans={scans} clients={clients} assets={assets} passports={passports} role={role} onTriggerNewScan={scan=>setScans(current=>[scan,...current.filter(item=>item.id!==scan.id)].slice(0,100))}/>;break;case '/alerts':view=<AlertsView alerts={alerts} onAlertAction={performAlertAction}/>;break;case '/reports':view=<ReportsView clients={clients} passports={passports} scans={scans} alerts={alerts} findings={findings} role={role}/>;break;case '/trust-graph':view=<TrustGraphView clients={clients} passports={passports} assets={assets} findings={findings}/>;/* onSelectPassport={setSelectedPassportId} */break;case '/clients':view=<ClientsView clients={clients} selectedClientId={selectedClientId} setSelectedClientId={setSelectedClientId} passports={passports} onNavigateTab={onNavigateTab} searchQuery=""/>;break;case '/vendors':view=<VendorsView vendors={vendors} searchQuery=""/>;break;case '/integrations':view=<IntegrationsView passports={passports} onNavigateTab={onNavigateTab}/>;break;case '/monitoring':view=<MonitoringView role={role}/>;break;case '/security':view=<SecurityCenterView clients={clients} passports={passports}/>;break;case '/compliance':view=<ComplianceView clients={clients} role={role}/>;break;case '/msp':view=<MSPCommandCenter verificationDecisions={verificationDecisions} verificationDetails={verificationDetails} clients={clients} alerts={alerts} findings={findings} role={role} onSelectClient={setSelectedClientId} onNavigate={navigate}/>;break;case '/agent-trust':view=<AgentTrustView/>;break;case '/ai-trust-center':view=<AITrustCenterView role={role}/>;break;case '/enterprise-readiness':view=<EnterpriseReadinessView clients={clients}/>;break;case '/investor':view=<InvestorHomeView passports={passports} clients={clients} alerts={alerts} onShowTelemetry={()=>navigate('/scans')} onNavigateTab={onNavigateTab}/>;break;case '/founder':view=<FounderDashboardView userRole={role}/>;break;case '/billing':view=<BillingView/>;break;case '/settings':view=<SettingsView theme={theme} onToggleTheme={()=>setTheme(current=>current==='dark'?'light':'dark')}/>;break;case '/team':view=<TeamView role={role}/>;break;case '/audit-log':view=<AuditLogView/>;break;case '/extensions':view=<ExtensionMarketplace onNavigateTab={onNavigateTab} role={role}/>;break;default:view=<WorkflowBoundary title="Workflow" description="This authenticated capability is explicitly routed through the Command Center. Choose its owning workflow from the left rail." onNavigate={navigate}/>}[39m
[31m+  return <CommandCenter path={path} userEmail={user.email} role={role} onNavigate={navigate} onSignOut={()=>void signOutUser()}>{view}</CommandCenter>;[39m
[31m+ }[39m
[31m+[39m

[36m [2m❯[22m tests/compliance-schedules-contract.test.ts:[2m78:17[22m[39m
    [90m 76| [39m    expect(view).toContain("['Owner', 'Admin', 'Operator'].includes(ro…
    [90m 77| [39m    [35mconst[39m app [33m=[39m [34mread[39m([32m'src/App.tsx'[39m)[33m;[39m
    [90m 78| [39m    expect(app).toContain('<ComplianceView clients={clients} role={rol…
    [90m   | [39m                [31m^[39m
    [90m 79| [39m  })[33m;[39m
    [90m 80| [39m})[33m;[39m

[31m[2m⎯⎯⎯⎯⎯⎯⎯⎯⎯⎯⎯⎯⎯⎯⎯⎯⎯⎯⎯⎯⎯[39/141]⎯[22m[39m

[41m[1m FAIL [22m[49m tests/credibility-cleanup-contract.test.ts[2m > [22mno remaining live UI/data claims present SLSA Level 4 (or any specific level) as an established fact[2m > [22mthe only remaining "SLSA Level" reference in the app is contextual reference data about an external regulatory framework applicable to a software category, not a claim about specific software
[31m[1mAssertionError[22m: expected '/**\n * @license\n * SPDX-License-Ide…' to contain 'Sector Compliance Target'[39m

[32m- Expected[39m
[31m+ Received[39m

[32m- Sector Compliance Target[39m
[31m+ /**[39m
[31m+  * @license[39m
[31m+  * SPDX-License-Identifier: Apache-2.0[39m
[31m+  */[39m
[31m+[39m
[31m+ import React, { useState, useMemo } from 'react';[39m
[31m+ import {[39m
[31m+   Globe, Database, Code, Layers, Cpu, GitBranch, Lock, Activity, Server,[39m
[31m+   Sparkles, Plug, ShieldCheck, Search, Plus, ShieldAlert, Award,[39m
[31m+   ChevronRight, FileText, X, Eye, Settings[39m
[31m+ } from 'lucide-react';[39m
[31m+ import { SoftwarePassport } from '../types';[39m
[31m+[39m
[31m+ export interface SectorProfile {[39m
[31m+   id: string; name: string; iconName: string; description: string;[39m
[31m+   threatProfile: string; hardeningBlueprint: string; complianceMandate: string; vulnerabilityClass: string;[39m
[31m+ }[39m
[31m+[39m
[31m+ const DEFAULT_SECTORS: SectorProfile[] = [[39m
[31m+   { id: 'networking', name: 'Networking & Web Servers', iconName: 'Globe', description: 'Edge proxies, reverse proxies, web servers, and software-defined load balancers that manage external ingress and TLS termination.', threatProfile: 'Denial of Service (DoS/DDoS), TLS renegotiation attacks, request smuggling, and HTTP parsing vulnerabilities.', hardeningBlueprint: 'Enable rate-limiting, isolate using unprivileged container users (e.g. alpine non-root), and configure strict TLS 1.3-only cipher suites.', complianceMandate: 'NIST SP 800-52 (TLS Guidelines), SOC 2 CC6.1 (Boundary Protections).', vulnerabilityClass: 'Infiltration, DDoS, Traffic interception' },[39m
[31m+   { id: 'databases', name: 'Databases & Storage', iconName: 'Database', description: 'Relational databases, key-value stores, document databases, and persistence layers holding critical multi-tenant data logs.', threatProfile: 'SQL Injections, unauthorized read replicas, data-at-rest exfiltration, and privilege escalation on system catalogs.', hardeningBlueprint: 'Enforce AES-256 transparent data encryption (TDE), pin internal service communication to encrypted TLS, and run on dedicated private subnets.', complianceMandate: 'HIPAA Security Rule (Encryption), ISO 27001 Control A.18 (Data Protection).', vulnerabilityClass: 'Data Leaks, Catalog Privilege Escalation' },[39m
[31m+   { id: 'libraries', name: 'Software Libraries & SDKs', iconName: 'Code', description: 'Third-party open-source packages, runtime packages, SDK dependencies, and shared binary utility libraries compiled into applications.', threatProfile: 'Dependency confusion, malicious transit injections, remote code execution (RCE) via insecure deserialization, and prototype pollution.', hardeningBlueprint: 'Integrate automated SBOM audits in CI/CD, lock all transit versions with cryptographic hashes, and verify official GPG/Cosign signatures.', complianceMandate: 'SLSA Level 3/4 (Build Provenance), Executive Order 14028 (Software Supply Chain Security).', vulnerabilityClass: 'Prototype Pollution, RCE Deserialization' },[39m
[31m+   { id: 'infrastructure', name: 'Infrastructure & Containerization', iconName: 'Layers', description: 'Orchestrators, runtime engines, container daemons, hypervisors, and serverless compute planes controlling physical resources.', threatProfile: 'Container breakout, file descriptor leaks, kernel-level privilege escalation, and side-channel host execution.', hardeningBlueprint: 'Run containers using gVisor or Firecracker runtimes, enforce read-only host root filesystems, and apply strict Seccomp & AppArmor profiles.', complianceMandate: 'CIS Kubernetes Benchmarks, SOC 2 CC7.1 (System Operations Security).', vulnerabilityClass: 'Container Escape, Host Privilege Escalation' },[39m
[31m+   { id: 'operating-systems', name: 'Operating Systems & Kernels', iconName: 'Cpu', description: 'Base distribution images, OS-level binaries, package managers, and kernel packages providing the underlying runtime execution environments.', threatProfile: 'Local privilege escalation (LPE), backdoored upstream system libraries, and memory safety exploits in kernel subsystems.', hardeningBlueprint: 'Use minimal distroless or Alpine images, run daily automated base-image rebuilds, and apply live kernel security patching.', complianceMandate: 'NIST SP 800-123 (Server Security Guidelines), CIS Benchmarks for Linux.', vulnerabilityClass: 'Local Privilege Escalation, Kernel Exploits' },[39m
[31m+   { id: 'devops', name: 'CI/CD & DevOps Tooling', iconName: 'GitBranch', description: 'Build servers, runners, pipeline automation scripts, deployment agents, and artifact registries.', threatProfile: 'Pipeline poisoning, raw API/OAuth secret exposure in logs, supply chain injection of compiler backdoors (e.g. Ken Thompson Hack).', hardeningBlueprint: 'Use ephemeral build environments, enforce multi-party approval for pull request mergers, and use OIDC tokens for secretless authentication.', complianceMandate: 'ISO 27001 Control A.14 (Secure Development), CIS Software Supply Chain Guidelines.', vulnerabilityClass: 'Secret Leaks, Pipeline Poisoning' },[39m
[31m+   { id: 'security-identity', name: 'Security & Identity Management', iconName: 'Lock', description: 'Key vaults, OAuth2/OIDC servers, single-sign-on controllers, directory systems, and role-based access gateways.', threatProfile: 'MFA bypass, cryptographic key leakage, token replay attacks, and offline password database brute-forcing.', hardeningBlueprint: 'Rotate keys automatically using hardware security modules (HSM), enforce Phishing-Resistant MFA, and isolate credentials behind zero-trust vaults.', complianceMandate: 'NIST SP 800-63 (Digital Identity Guidelines), HIPAA Access Controls.', vulnerabilityClass: 'Credential Theft, Auth Bypass' },[39m
[31m+   { id: 'observability', name: 'Monitoring & Observability', iconName: 'Activity', description: 'Log aggregators, metrics scraping daemons, tracing libraries, APM clients, and performance dashboard routers.', threatProfile: 'Sensitive data log pollution (e.g. leaking PII, passwords, or API keys), remote command injection on telemetry endpoints.', hardeningBlueprint: 'Implement pre-ingest log redaction filters, encrypt metrics transit via Mutual TLS, and strictly restrict dashboard view permissions.', complianceMandate: 'GDPR (PII Redaction in Logs), SOC 2 CC6.5 (Logging & Monitoring).', vulnerabilityClass: 'PII Leakage, Telemetry Exploits' },[39m
[31m+   { id: 'cloud-serverless', name: 'Cloud & Serverless Runtimes', iconName: 'Server', description: 'Function-as-a-Service executors, cloud API gateways, storage buckets, and dynamic cloud resource schedulers.', threatProfile: 'Denial of Wallet, cloud account takeovers, storage bucket misconfigurations, and function injection attacks.', hardeningBlueprint: 'Apply strict Principle of Least Privilege to IAM execution roles, enforce storage bucket private-by-default access, and set execution timeout caps.', complianceMandate: 'NIST SP 800-210 (General Cloud Security), CIS Cloud Provider Foundation Benchmarks.', vulnerabilityClass: 'IAM Privilege Abuse, Public S3 Buckets' },[39m
[31m+   { id: 'ai-ml', name: 'AI & Machine Learning Frameworks', iconName: 'Sparkles', description: 'Neural network training libraries, model serving pipelines, vector databases, and LLM orchestration wrappers.', threatProfile: 'Prompt injection, training data poisoning, model extraction, and arbitrary code execution via compromised model weights (e.g. Pickle files).', hardeningBlueprint: 'Strictly use safe weight serialization formats (e.g. Safetensors), sanitize all incoming context window inputs, and audit vector indexes.', complianceMandate: 'NIST AI Risk Management Framework, OWASP Top 10 for LLM Applications.', vulnerabilityClass: 'Arbitrary Code Execution, Prompt Injection' },[39m
[31m+   { id: 'apis-middleware', name: 'APIs & Integration Middleware', iconName: 'Plug', description: 'Message brokers, GraphQL servers, enterprise service buses, and third-party integration gateways.', threatProfile: 'Message queue poisoning, excessive data exposure (GraphQL query depth limits exceeded), and authentication bypass on proxy layers.', hardeningBlueprint: 'Define strict GraphQL query depth and complexity limits, sign all message payloads, and restrict broker ports from public egress.', complianceMandate: 'OWASP API Security Top 10, SOC 2 CC6.6 (Safe Web App Protection).', vulnerabilityClass: 'GraphQL Denial of Service, Queue Poisoning' },[39m
[31m+   { id: 'virtualization', name: 'Virtualization & Hypervisors', iconName: 'Layers', description: 'Bare-metal hypervisors, virtualization managers, and cloud-native MicroVM runtimes.', threatProfile: 'Hypervisor breakout, guest-to-host execution side channels (e.g. Spectre/Meltdown), CPU caching leaks.', hardeningBlueprint: 'Apply core pinning, enable microarchitectural hardware mitigations in boot configs, and restrict physical host administration channels.', complianceMandate: 'NIST SP 800-125 (Virtualization Security), PCI DSS Section 2 (System Hardening).', vulnerabilityClass: 'Hypervisor Breakout, Side Channel Leaks' }[39m
[31m+ ];[39m
[31m+[39m
[31m+ const getIconComponent = (iconName: string) => {[39m
[31m+   const map: Record<string, React.ComponentType<any>> = { Globe, Database, Code, Layers, Cpu, GitBranch, Lock, Activity, Server, Sparkles, Plug, ShieldCheck, FileText };[39m
[31m+   return map[iconName] || Code;[39m
[31m+ };[39m
[31m+[39m
[31m+ interface SoftwareSectorsPanelProps {[39m
[31m+   passports: SoftwarePassport[];[39m
[31m+   onFilterCategory: (category: string) => void;[39m
[31m+   onNavigateTab?: (tab: string, itemId?: string) => void;[39m
[31m+   setSelectedPassportId: (id: string | null) => void;[39m
[31m+ }[39m
[31m+[39m
[31m+ export default function SoftwareSectorsPanel({ passports, onFilterCategory, onNavigateTab, setSelectedPassportId }: SoftwareSectorsPanelProps) {[39m
[31m+   const [searchQuery, setSearchQuery] = useState('');[39m
[31m+   const [selectedSectorId, setSelectedSectorId] = useState<string | null>(null);[39m
[31m+   const [showAddForm, setShowAddForm] = useState(false);[39m
[31m+   const [customSectors, setCustomSectors] = useState<SectorProfile[]>(() => {[39m
[31m+     try { const saved = localStorage.getItem('msp_custom_sectors'); return saved ? JSON.parse(saved) : []; } catch { return []; }[39m
[31m+   });[39m
[31m+   const [newName, setNewName] = useState('');[39m
[31m+   const [newIcon, setNewIcon] = useState('Cpu');[39m
[31m+   const [newDescription, setNewDescription] = useState('');[39m
[31m+   const [newThreat, setNewThreat] = useState('');[39m
[31m+   const [newHardening, setNewHardening] = useState('');[39m
[31m+   const [newCompliance, setNewCompliance] = useState('');[39m
[31m+   const [newVulClass, setNewVulClass] = useState('');[39m
[31m+[39m
[31m+   const allSectors = useMemo(() => [...DEFAULT_SECTORS, ...customSectors], [customSectors]);[39m
[31m+[39m
[31m+   const sectorMetrics = useMemo(() => {[39m
[31m+     const metrics: Record<string, { count: number; avgTrust: number; totalCves: number; totalSboms: number; matchedPassports: SoftwarePassport[] }> = {};[39m
[31m+     allSectors.forEach(sector => {[39m
[31m+       const matched = passports.filter(p => p.category.toLowerCase().trim() === sector.name.toLowerCase().trim());[39m
[31m+       const scored = matched.filter((p): p is SoftwarePassport & { overallScore: number } => p.overallScore != null);[39m
[31m+       const count = matched.length;[39m
[31m+       const avgTrust = scored.length > 0 ? Math.round(scored.reduce((acc, p) => acc + p.overallScore, 0) / scored.length) : 0;[39m
[31m+       const totalCves = matched.reduce((acc, p) => acc + p.vulnerabilities.length, 0);[39m
[31m+       const totalSboms = matched.reduce((acc, p) => acc + p.sbom.length, 0);[39m
[31m+       metrics[sector.id] = { count, avgTrust, totalCves, totalSboms, matchedPassports: matched };[39m
[31m+     });[39m
[31m+     return metrics;[39m
[31m+   }, [allSectors, passports]);[39m
[31m+[39m
[31m+   const filteredSectors = useMemo(() => {[39m
[31m+     if (!searchQuery.trim()) return allSectors;[39m
[31m+     return allSectors.filter(s => s.name.toLowerCase().includes(searchQuery.toLowerCase()) || s.description.toLowerCase().includes(searchQuery.toLowerCase()) || s.vulnerabilityClass.toLowerCase().includes(searchQuery.toLowerCase()));[39m
[31m+   }, [allSectors, searchQuery]);[39m
[31m+[39m
[31m+   const aggregateStats = useMemo(() => {[39m
[31m+     const totalTrackedPassports = passports.length;[39m
[31m+     const sectorsWithActivePassports = (Object.values(sectorMetrics) as { count: number }[]).filter(m => m.count > 0).length;[39m
[31m+     const totalCvesAcrossSectors = passports.reduce((acc, p) => acc + p.vulnerabilities.length, 0);[39m
[31m+     const scored = passports.filter((p): p is SoftwarePassport & { overallScore: number } => p.overallScore != null);[39m
[31m+     const overallEcosystemTrust = scored.length > 0 ? Math.round(scored.reduce((acc, p) => acc + p.overallScore, 0) / scored.length) : 90;[39m
[31m+     return { totalTrackedPassports, sectorsWithActivePassports, totalCvesAcrossSectors, overallEcosystemTrust };[39m
[31m+   }, [passports, sectorMetrics]);[39m
[31m+[39m
[31m+   const handleAddSector = (e: React.FormEvent) => {[39m
[31m+     e.preventDefault();[39m
[31m+     if (!newName.trim() || !newDescription.trim()) return;[39m
[31m+     const sectorId = 'sect-' + Date.now();[39m
[31m+     const newSector: SectorProfile = { id: sectorId, name: newName.trim(), iconName: newIcon, description: newDescription.trim(), threatProfile: newThreat.trim() || 'General access breach and package substitution in pipeline.', hardeningBlueprint: newHardening.trim() || 'Enforce multi-tenant access restriction and strict verification of digital cryptographic hashes.', complianceMandate: newCompliance.trim() || 'SOC 2 Core Controls.', vulnerabilityClass: newVulClass.trim() || 'General Software Security Vulnerability' };[39m
[31m+     const updated = [...customSectors, newSector];[39m
[31m+     setCustomSectors(updated);[39m
[31m+     localStorage.setItem('msp_custom_sectors', JSON.stringify(updated));[39m
[31m+     setNewName(''); setNewDescription(''); setNewThreat(''); setNewHardening(''); setNewCompliance(''); setNewVulClass(''); setNewIcon('Cpu'); setShowAddForm(false); setSelectedSectorId(sectorId);[39m
[31m+   };[39m
[31m+[39m
[31m+   const selectedSector = allSectors.find(s => s.id === selectedSectorId);[39m
[31m+   const selectedMetrics = selectedSectorId ? sectorMetrics[selectedSectorId] : null;[39m
[31m+[39m
[31m+   return ([39m
[31m+     <div className="space-y-4" id="software-sectors-explorer">[39m
[31m+       <div className="flex flex-col gap-3 sm:flex-row sm:items-center sm:justify-between"><div><h2 className="text-[15px] font-semibold text-[#201f1e]">Software sectors</h2><p className="mt-0.5 text-[13px] text-[#605e5c]">Technology sector classifications, threat profiles and hardening guidance mapped to your catalog.</p></div></div>[39m
[31m+       <div className="flex flex-wrap gap-6 rounded-md border border-[#e1dfdd] bg-white p-3">[39m
[31m+         <div><div className="text-[11px] text-[#605e5c]">Tracked sectors</div><div className="text-lg font-semibold text-[#201f1e]">{allSectors.length}</div></div>[39m
[31m+         <div><div className="text-[11px] text-[#605e5c]">Ecosystem trust</div><div className="text-lg font-semibold text-[#0e700e]">{aggregateStats.overallEcosystemTrust}/100</div></div>[39m
[31m+         <div><div className="text-[11px] text-[#605e5c]">Covered footprint</div><div className="text-lg font-semibold text-[#201f1e]">{aggregateStats.sectorsWithActivePassports} / {allSectors.length}</div></div>[39m
[31m+         <div><div className="text-[11px] text-[#605e5c]">Active sector findings</div><div className={`text-lg font-semibold ${aggregateStats.totalCvesAcrossSectors > 0 ? 'text-[#a4262c]' : 'text-[#0e700e]'}`}>{aggregateStats.totalCvesAcrossSectors}</div></div>[39m
[31m+       </div>[39m
[31m+       <div className="flex flex-col gap-3 sm:flex-row sm:items-center sm:justify-between">[39m
[31m+         <label className="flex h-9 w-full items-center gap-2 rounded border border-[#c8c6c4] bg-white px-3 focus-within:border-[#0f6cbd] focus-within:ring-1 focus-within:ring-[#0f6cbd] sm:max-w-md"><Search className="h-3.5 w-3.5 text-[#8a8886]" /><input type="text" placeholder="Search sectors, vulnerability classes, compliance standards..." value={searchQuery} onChange={(e) => setSearchQuery(e.target.value)} className="w-full bg-transparent text-[13px] text-[#323130] outline-none placeholder:text-[#8a8886]" /></label>[39m
[31m+         <button onClick={() => setShowAddForm(true)} className="flex h-9 shrink-0 items-center justify-center gap-1.5 rounded bg-[#0f6cbd] px-3 text-[13px] font-medium text-white hover:bg-[#004578]"><Plus className="h-3.5 w-3.5" /><span>Register software sector</span></button>[39m
[31m+       </div>[39m
[31m+       <div className="grid grid-cols-1 items-start gap-4 lg:grid-cols-12">[39m
[31m+         <div className={`${selectedSectorId ? 'lg:col-span-7' : 'lg:col-span-12'} grid grid-cols-1 gap-3 md:grid-cols-2`}>[39m
[31m+           {filteredSectors.map(sector => {[39m
[31m+             const Icon = getIconComponent(sector.iconName); const metrics = sectorMetrics[sector.id]; const isSelected = sector.id === selectedSectorId;[39m
[31m+             return <div key={sector.id} onClick={() => setSelectedSectorId(sector.id === selectedSectorId ? null : sector.id)} className={`flex h-44 cursor-pointer flex-col justify-between rounded-md border bg-white p-3 text-left transition-colors ${isSelected ? 'border-[#0f6cbd] bg-[#eff6fc]' : 'border-[#e1dfdd] hover:border-[#c8c6c4]'}`}>[39m
[31m+               <div><div className="flex items-start justify-between"><div className="rounded bg-[#f3f2f1] p-1.5 text-[#605e5c]"><Icon className="h-4 w-4" /></div>{metrics.count > 0 ? <span className={`inline-flex items-center gap-1 text-[11px] font-medium ${metrics.avgTrust >= 90 ? 'text-[#0e700e]' : metrics.avgTrust >= 80 ? 'text-[#8a5700]' : 'text-[#a4262c]'}`}><span className={`h-1.5 w-1.5 rounded-full ${metrics.avgTrust >= 90 ? 'bg-[#0e700e]' : metrics.avgTrust >= 80 ? 'bg-[#8a5700]' : 'bg-[#a4262c]'}`} />{metrics.avgTrust}% avg trust</span> : <span className="text-[11px] text-[#8a8886]">Empty sector</span>}</div><h3 className="mt-2.5 text-[13px] font-semibold text-[#201f1e]">{sector.name}</h3><p className="mt-1 line-clamp-2 text-[11px] leading-relaxed text-[#8a8886]">{sector.description}</p></div>[39m
[31m+               <div className="mt-2.5 flex items-center justify-between border-t border-[#f3f2f1] pt-2 text-[11px] text-[#605e5c]"><div className="flex gap-3"><span>Passports <strong className="font-semibold text-[#323130]">{metrics.count}</strong></span>{metrics.count > 0 && <span>Findings <strong className={`font-semibold ${metrics.totalCves > 0 ? 'text-[#a4262c]' : 'text-[#0e700e]'}`}>{metrics.totalCves}</strong></span>}</div><span className="flex items-center gap-0.5 font-medium text-[#0f6cbd]"><span>Analyze</span><ChevronRight className="h-3.5 w-3.5" /></span></div>[39m
[31m+             </div>;[39m
[31m+           })}[39m
[31m+         </div>[39m
[31m+         {selectedSector && selectedMetrics && <div className="sticky top-4 space-y-4 rounded-md border border-[#e1dfdd] bg-white p-4 text-left lg:col-span-5">[39m
[31m+           <div className="flex items-start justify-between"><div className="flex items-center gap-2.5"><div className="rounded bg-[#eff6fc] p-2 text-[#0f6cbd]">{React.createElement(getIconComponent(selectedSector.iconName), { className: 'w-4 h-4' })}</div><div><h3 className="text-[14px] font-semibold text-[#201f1e]">{selectedSector.name}</h3><span className="text-[11px] text-[#8a8886]">Sector ID: {selectedSector.id}</span></div></div><button onClick={() => setSelectedSectorId(null)} className="rounded p-1 text-[#8a8886] hover:bg-black/[.03] hover:text-[#605e5c]" title="Close analysis"><X className="h-3.5 w-3.5" /></button></div>[39m
[31m+           <p className="rounded-md border border-[#e1dfdd] bg-[#faf9f8] p-3 text-[12px] leading-relaxed text-[#605e5c]">{selectedSector.description}</p>[39m
[31m+           <div className="grid grid-cols-2 gap-2"><div className="rounded border border-[#e1dfdd] bg-[#faf9f8] p-2"><span className="block text-[11px] text-[#8a8886]">Active passports</span><span className="text-[13px] font-semibold text-[#323130]">{selectedMetrics.count} monitored</span></div><div className="rounded border border-[#e1dfdd] bg-[#faf9f8] p-2"><span className="block text-[11px] text-[#8a8886]">Total dependencies</span><span className="text-[13px] font-semibold text-[#323130]">{selectedMetrics.totalSboms} SBOM nodes</span></div></div>[39m
[31m+           <div className="space-y-3"><div><h4 className="flex items-center gap-1.5 border-b border-[#f3f2f1] pb-1.5 text-[11px] font-semibold uppercase tracking-wide text-[#605e5c]"><ShieldAlert className="h-3.5 w-3.5 text-[#0f6cbd]" /> Major threat vector</h4><p className="mt-1 text-[12px] leading-relaxed text-[#605e5c]">{selectedSector.threatProfile}</p></div><div><h4 className="flex items-center gap-1.5 border-b border-[#f3f2f1] pb-1.5 text-[11px] font-semibold uppercase tracking-wide text-[#605e5c]"><Award className="h-3.5 w-3.5 text-[#0f6cbd]" /> Sector compliance target</h4><p className="mt-1 text-[12px] font-medium leading-relaxed text-[#0f6cbd]">{selectedSector.complianceMandate}</p></div><div><h4 className="flex items-center gap-1.5 border-b border-[#f3f2f1] pb-1.5 text-[11px] font-semibold uppercase tracking-wide text-[#605e5c]"><Settings className="h-3.5 w-3.5 text-[#0f6cbd]" /> Security hardening blueprint</h4><p className="mt-1 rounded border border-[#e1dfdd] bg-[#eff6fc] p-2 text-[12px] leading-relaxed text-[#201f1e]">{selectedSector.hardeningBlueprint}</p></div></div>[39m
[31m+           <div className="space-y-2 border-t border-[#f3f2f1] pt-3"><span className="block text-[11px] font-semibold uppercase tracking-wide text-[#8a8886]">Verified passports in sector</span>{selectedMetrics.count === 0 ? <div className="space-y-2 rounded-md border border-dashed border-[#e1dfdd] bg-[#faf9f8] py-5 text-center"><p className="text-[12px] italic text-[#8a8886]">No software passports registered in this category.</p><button onClick={() => onFilterCategory(selectedSector.name)} className="h-8 rounded border border-[#c8c6c4] px-3 text-[12px] font-medium text-[#323130] hover:bg-black/[.03]">View empty catalog filter</button></div> : <div className="space-y-1.5">{selectedMetrics.matchedPassports.map(p => <div key={p.id} onClick={() => setSelectedPassportId(p.id)} className="flex cursor-pointer items-center justify-between rounded border border-[#e1dfdd] bg-[#faf9f8] p-2.5 hover:border-[#c8c6c4]"><div className="min-w-0"><h4 className="truncate text-[13px] font-medium text-[#201f1e]">{p.name}</h4><span className="mt-0.5 block text-[11px] text-[#8a8886]">Version {p.version} · {p.publisher}</span></div><div className="flex shrink-0 items-center gap-2"><span className={`flex h-7 w-7 items-center justify-center rounded-full border text-[11px] font-semibold ${p.overallScore == null ? 'border-[#c8c6c4] bg-[#f3f2f1] text-[#8a8886]' : p.overallScore >= 90 ? 'border-[#0e700e]/30 bg-[#dff6dd] text-[#0e700e]' : 'border-[#8a5700]/30 bg-[#fff4ce] text-[#8a5700]'}`}>{p.overallScore == null ? '—' : p.overallScore}</span><ChevronRight className="h-3.5 w-3.5 text-[#8a8886]" /></div></div>)}</div>}</div>[39m
[31m+           <div className="border-t border-[#f3f2f1] pt-3"><button onClick={() => onFilterCategory(selectedSector.name)} className="flex h-9 w-full items-center justify-center gap-1.5 rounded bg-[#0f6cbd] px-3 text-[13px] font-medium text-white hover:bg-[#004578]"><Eye className="h-3.5 w-3.5" /><span>Filter catalog grid</span></button></div>[39m
[31m+         </div>}[39m
[31m+       </div>[39m
[31m+       {showAddForm && <div className="fixed inset-0 z-50 flex items-center justify-center bg-black/40 p-4"><div className="w-full max-w-lg rounded-md border border-[#e1dfdd] bg-white p-5"><div className="flex items-start justify-between border-b border-[#f3f2f1] pb-3"><h3 className="flex items-center gap-1.5 text-[15px] font-semibold text-[#201f1e]"><Cpu className="h-4 w-4 shrink-0 text-[#0f6cbd]" /><span>Register custom software sector</span></h3><button onClick={() => setShowAddForm(false)} className="rounded p-1 text-[#8a8886] hover:bg-black/[.03] hover:text-[#605e5c]"><X className="h-3.5 w-3.5" /></button></div><form onSubmit={handleAddSector} className="mt-4 space-y-3 text-left"><div className="grid grid-cols-1 gap-3 sm:grid-cols-2"><div className="space-y-1"><label className="block text-[11px] font-medium text-[#605e5c]">Sector / category name</label><input type="text" required placeholder="e.g. Identity Providers & IAM" value={newName} onChange={(e) => setNewName(e.target.value)} className="h-9 w-full rounded border border-[#c8c6c4] bg-white px-3 text-[13px] text-[#323130] placeholder:text-[#8a8886] focus:border-[#0f6cbd] focus:outline-none focus:ring-1 focus:ring-[#0f6cbd]" /></div><div className="space-y-1"><label className="block text-[11px] font-medium text-[#605e5c]">Assigned sector icon</label><select value={newIcon} onChange={(e) => setNewIcon(e.target.value)} className="h-9 w-full rounded border border-[#c8c6c4] bg-white px-3 text-[13px] text-[#323130] focus:border-[#0f6cbd] focus:outline-none focus:ring-1 focus:ring-[#0f6cbd]"><option value="Cpu">Processor (CPU)</option><option value="Globe">Web / Networking (Globe)</option><option value="Database">Data Storage (Database)</option><option value="Code">Library / SDK (Code)</option><option value="Layers">Hypervisor / Base (Layers)</option><option value="Lock">Security / SSO (Lock)</option><option value="Activity">Monitoring (Activity)</option><option value="Server">Cloud Computing (Server)</option><option value="Sparkles">AI / ML Model (Sparkles)</option><option value="Plug">API Gateway (Plug)</option><option value="ShieldCheck">Digital Attestation (ShieldCheck)</option><option value="FileText">Document Registry (FileText)</option></select></div></div><div className="space-y-1"><label className="block text-[11px] font-medium text-[#605e5c]">Sector description</label><textarea required rows={2} placeholder="Summarize the technological boundaries and function of this software sector..." value={newDescription} onChange={(e) => setNewDescription(e.target.value)} className="w-full resize-none rounded border border-[#c8c6c4] bg-white px-3 py-2 text-[13px] text-[#323130] placeholder:text-[#8a8886] focus:border-[#0f6cbd] focus:outline-none focus:ring-1 focus:ring-[#0f6cbd]" /></div><div className="grid grid-cols-1 gap-3 sm:grid-cols-2"><div className="space-y-1"><label className="block text-[11px] font-medium text-[#605e5c]">Primary threat vector</label><input type="text" placeholder="e.g. Session hijacking, side-channel leakage" value={newThreat} onChange={(e) => setNewThreat(e.target.value)} className="h-9 w-full rounded border border-[#c8c6c4] bg-white px-3 text-[13px] text-[#323130] placeholder:text-[#8a8886] focus:border-[#0f6cbd] focus:outline-none focus:ring-1 focus:ring-[#0f6cbd]" /></div><div className="space-y-1"><label className="block text-[11px] font-medium text-[#605e5c]">Core vulnerability class</label><input type="text" placeholder="e.g. Memory Corruption, Injection" value={newVulClass} onChange={(e) => setNewVulClass(e.target.value)} className="h-9 w-full rounded border border-[#c8c6c4] bg-white px-3 py-2 text-[13px] text-[#323130] placeholder:text-[#8a8886] focus:border-[#0f6cbd] focus:outline-none focus:ring-1 focus:ring-[#0f6cbd]" /></div></div><div className="grid grid-cols-1 gap-3 sm:grid-cols-2"><div className="space-y-1"><label className="block text-[11px] font-medium text-[#605e5c]">Compliance mandate target</label><input type="text" placeholder="e.g. NIST CSF Access Control 3.1" value={newCompliance} onChange={(e) => setNewCompliance(e.target.value)} className="h-9 w-full rounded border border-[#c8c6c4] bg-white px-3 py-2 text-[13px] text-[#323130] placeholder:text-[#8a8886] focus:border-[#0f6cbd] focus:outline-none focus:ring-1 focus:ring-[#0f6cbd]" /></div><div className="space-y-1"><label className="block text-[11px] font-medium text-[#605e5c]">Hardening blueprint</label><input type="text" placeholder="e.g. Mandatory MFA, short-lived tokens" value={newHardening} onChange={(e) => setNewHardening(e.target.value)} className="h-9 w-full rounded border border-[#c8c6c4] bg-white px-3 py-2 text-[13px] text-[#323130] placeholder:text-[#8a8886] focus:border-[#0f6cbd] focus:outline-none focus:ring-1 focus:ring-[#0f6cbd]" /></div></div><div className="mt-4 flex justify-end gap-2 border-t border-[#f3f2f1] pt-3"><button type="button" onClick={() => setShowAddForm(false)} className="h-9 rounded border border-[#c8c6c4] px-3 text-[13px] font-medium text-[#323130] hover:bg-black/[.03]">Cancel</button><button type="submit" className="h-9 rounded bg-[#0f6cbd] px-3 text-[13px] font-medium text-white hover:bg-[#004578]">Confirm registration</button></div></form></div></div>}[39m
[31m+     </div>[39m
[31m+   );[39m
[31m+ }[39m
[31m+[39m

[36m [2m❯[22m tests/credibility-cleanup-contract.test.ts:[2m44:15[22m[39m


[31m[2m⎯⎯⎯⎯⎯⎯⎯⎯⎯⎯⎯⎯⎯⎯⎯⎯⎯⎯⎯⎯⎯[40/141]⎯[22m[39m

[41m[1m FAIL [22m[49m tests/csp-inline-theme-script.test.ts[2m > [22minline theme script is allowed by hash, not by unsafe-inline[2m > [22mthe helmet CSP carries the same quoted hash and never unsafe-inline
[31m[1mAssertionError[22m: expected 'scriptSrc: ["\'self\'"]' to contain '\'sha256-kWQT+628v4D1A4MJk9hTD6a0W1Ad…'[39m

Expected: [32m"'sha256-kWQT+628v4D1A4MJk9hTD6a0W1AdPlPKtzhPlYKIpZc='"[39m
Received: [31m"scriptSrc: ["'self'"]"[39m

[36m [2m❯[22m tests/csp-inline-theme-script.test.ts:[2m26:23[22m[39m
    [90m 24| [39m    [35mconst[39m server [33m=[39m [34mread[39m([32m'server.ts'[39m)[33m;[39m
    [90m 25| [39m    [35mconst[39m scriptSrc [33m=[39m server[33m.[39m[34mmatch[39m([36m/scriptSrc: \[[^\]]*\]/[39m)[33m?.[39m[[34m0[39m] [33m??[39m [32m''[39m[33m;[39m
    [90m 26| [39m    [34mexpect[39m(scriptSrc)[33m.[39m[34mtoContain[39m([33mHASH[39m)[33m;[39m
    [90m   | [39m                      [31m^[39m
    [90m 27| [39m    [34mexpect[39m(scriptSrc)[33m.[39mnot[33m.[39m[34mtoContain[39m([32m"'unsafe-inline'"[39m)[33m;[39m
    [90m 28| [39m    // CSP hash sources are only valid when quoted; helmet joins value…

[31m[2m⎯⎯⎯⎯⎯⎯⎯⎯⎯⎯⎯⎯⎯⎯⎯⎯⎯⎯⎯⎯⎯[41/141]⎯[22m[39m

[41m[1m FAIL [22m[49m tests/drizzle-unique-constraint-error-contract.test.ts[2m > [22munique-constraint (23505) handling checks both error.code and error.cause.code[2m > [22mclient creation duplicate domain (src/routes/auth.ts)
[31m[1mAssertionError[22m: expected '/**\n * @license\n * SPDX-License-Ide…' to contain 'error?.code === \'23505\' || error?.c…'[39m

[32m- Expected[39m
[31m+ Received[39m

[32m- error?.code === '23505' || error?.cause?.code === '23505'[39m
[31m+ /**[39m
[31m+  * @license[39m
[31m+  * SPDX-License-Identifier: Apache-2.0[39m
[31m+  */[39m
[31m+[39m
[31m+ import { Router } from 'express';[39m
[31m+ import { eq } from 'drizzle-orm';[39m
[31m+ import { sql } from 'drizzle-orm';[39m
[31m+ import { z } from 'zod';[39m
[31m+ import { users } from '../db/schema.ts';[39m
[31m+ import { AuthenticatedRequest, requireAuth, requireRole } from '../middleware/security.ts';[39m
[31m+ import { adminAuth, setUserCustomClaims } from '../lib/firebase-admin.ts';[39m
[31m+ import { appendAuditEntry, verifyAuditChain } from '../security/audit-log.ts';[39m
[31m+ import { describeUserAgent, sessionFingerprint } from '../security/session-tracking.ts';[39m
[31m+ import { offboardTenantData } from '../db/sync.ts';[39m
[31m+ import { INTEGRATION_CATALOG } from '../integrations/catalog.ts';[39m
[31m+ import { adaptEvidenceForEvaluation } from '../lib/verification/evidenceAdapter.ts';[39m
[31m+ import { evaluateVerification, type VerificationDecision } from '../lib/verification/evaluateVerification.ts';[39m
[31m+[39m
[31m+ const INVITABLE_ROLES = ['Admin', 'Technician', 'Viewer', 'Client'] as const;[39m
[31m+ const inviteSchema = z.object({ email: z.string().trim().email().max(255), role: z.enum(INVITABLE_ROLES) }).strict();[39m
[31m+ const roleUpdateSchema = z.object({ role: z.enum(INVITABLE_ROLES) }).strict();[39m
[31m+ const profileUpdateSchema = z.object({[39m
[31m+   displayName: z.string().trim().max(200).optional(),[39m
[31m+   roleTitle: z.string().trim().max(200).optional(),[39m
[31m+   companyName: z.string().trim().max(200).optional(),[39m
[31m+ }).strict();[39m
[31m+ const revokeSessionSchema = z.object({ sessionId: z.string().trim().min(1).max(200) }).strict();[39m
[31m+[39m
[31m+ export function createAuthRouter() {[39m
[31m+   const router = Router();[39m
[31m+[39m
[31m+   // The Firebase ID token is the sole authentication authority. The database[39m
[31m+   // record supplies the tenant/RBAC projection after token verification.[39m
[31m+   router.get('/user/me', requireAuth, async (req: AuthenticatedRequest, res, next) => {[39m
[31m+     try {[39m
[31m+       const db = req.db!;[39m
[31m+       const user = await db.select({[39m
[31m+         id: users.id,[39m
[31m+         uid: users.uid,[39m
[31m+         email: users.email,[39m
[31m+         tenantId: users.tenantId,[39m
[31m+         role: users.role,[39m
[31m+         companyName: users.companyName,[39m
[31m+         roleTitle: users.roleTitle,[39m
[31m+         displayName: users.displayName,[39m
[31m+         numTechnicians: users.numTechnicians,[39m
[31m+         clientCount: users.clientCount,[39m
[31m+         primaryUseCase: users.primaryUseCase,[39m
[31m+         onboarded: users.onboarded,[39m
[31m+         mfaEnabled: users.mfaEnabled,[39m
[31m+         createdAt: users.createdAt,[39m
[31m+       }).from(users).where(eq(users.uid, req.user!.uid)).then(rows => rows[0]);[39m
[31m+[39m
[31m+       if (!user) return res.status(403).json({ error: 'User account is not provisioned' });[39m
[31m+       return res.json({ ...user, emailVerified: req.user!.emailVerified });[39m
[31m+     } catch (error) {[39m
[31m+       return next(error);[39m
[31m+     }[39m
[31m+   });[39m
[31m+[39m
[31m+   router.put('/user/profile', requireAuth, async (req: AuthenticatedRequest, res, next) => {[39m
[31m+     try {[39m
[31m+       const db = req.db!;[39m
[31m+       const parsed = profileUpdateSchema.safeParse(req.body);[39m
[31m+       if (!parsed.success) return res.status(400).json({ error: 'Invalid request', details: parsed.error.flatten() });[39m
[31m+       const result = await db.execute(sql`[39m
[31m+         UPDATE users SET[39m
[31m+           display_name = COALESCE(${parsed.data.displayName ?? null}, display_name),[39m
[31m+           role_title = COALESCE(${parsed.data.roleTitle ?? null}, role_title),[39m
[31m+           company_name = COALESCE(${parsed.data.companyName ?? null}, company_name)[39m
[31m+         WHERE uid = ${req.user!.uid} AND tenant_id = ${req.user!.tenantId}[39m
[31m+         RETURNING id, email, display_name AS "displayName", role_title AS "roleTitle", company_name AS "companyName"[39m
[31m+       `);[39m
[31m+       const row = (result as any).rows?.[0];[39m
[31m+       if (!row) return res.status(404).json({ error: 'User account not found' });[39m
[31m+       await appendAuditEntry(db, { tenantId: req.user!.tenantId, action: 'profile.updated', actor: req.user!.email, payload: { userId: req.user!.id } });[39m
[31m+       return res.json(row);[39m
[31m+     } catch (error) {[39m
[31m+       return next(error);[39m
[31m+     }[39m
[31m+   });[39m
[31m+[39m
[31m+   router.get('/organization/team', requireAuth, async (req: AuthenticatedRequest, res, next) => {[39m
[31m+     try {[39m
[31m+       const db = req.db!;[39m
[31m+       const result = await db.execute(sql`[39m
[31m+         SELECT id, email, display_name AS "displayName", role, onboarded, created_at AS "createdAt"[39m
[31m+         FROM users WHERE tenant_id = ${req.user!.tenantId} ORDER BY created_at ASC[39m
[31m+       `);[39m
[31m+       return res.json((result as any).rows ?? []);[39m
[31m+     } catch (error) {[39m
[31m+       return next(error);[39m
[31m+     }[39m
[31m+   });[39m
[31m+[39m
[31m+   router.post('/organization/invite', requireAuth, requireRole(['Owner', 'Admin']), async (req: AuthenticatedRequest, res, next) => {[39m
[31m+     try {[39m
[31m+       const db = req.db!;[39m
[31m+       const parsed = inviteSchema.safeParse(req.body);[39m
[31m+       if (!parsed.success) return res.status(400).json({ error: 'Invalid request', details: parsed.error.flatten() });[39m
[31m+       const email = parsed.data.email.toLowerCase();[39m
[31m+[39m
[31m+       const existing = await db.execute(sql`SELECT id FROM users WHERE tenant_id = ${req.user!.tenantId} AND lower(btrim(email)) = ${email} LIMIT 1`);[39m
[31m+       if ((existing as any).rows?.length) return res.status(409).json({ error: 'This email is already a member of your workspace.' });[39m
[31m+[39m
[31m+       let firebaseUser;[39m
[31m+       try {[39m
[31m+         firebaseUser = await adminAuth.getUserByEmail(email);[39m
[31m+       } catch {[39m
[31m+         firebaseUser = await adminAuth.createUser({ email, emailVerified: false });[39m
[31m+       }[39m
[31m+[39m
[31m+       const inserted = await db.execute(sql`[39m
[31m+         INSERT INTO users (uid, email, tenant_id, role, invited_by, onboarded)[39m
[31m+         VALUES (${firebaseUser.uid}, ${email}, ${req.user!.tenantId}, ${parsed.data.role}, ${req.user!.email}, 0)[39m
[31m+         RETURNING id, email, role[39m
[31m+       `);[39m
[31m+       await setUserCustomClaims(firebaseUser.uid, { workspaceId: req.user!.tenantId, role: parsed.data.role });[39m
[31m+[39m
[31m+       let inviteLink: string | null = null;[39m
[31m+       try { inviteLink = await adminAuth.generatePasswordResetLink(email); } catch { inviteLink = null; }[39m
[31m+[39m
[31m+       await appendAuditEntry(db, { tenantId: req.user!.tenantId, action: 'team.invited', actor: req.user!.email, payload: { invitedEmail: email, role: parsed.data.role } });[39m
[31m+       return res.status(201).json({ ...(inserted as any).rows?.[0], inviteLink });[39m
[31m+     } catch (error) {[39m
[31m+       return next(error);[39m
[31m+     }[39m
[31m+   });[39m
[31m+[39m
[31m+   router.put('/organization/team/:userId/role', requireAuth, requireRole(['Owner', 'Admin']), async (req: AuthenticatedRequest, res, next) => {[39m
[31m+     try {[39m
[31m+       const db = req.db!;[39m
[31m+       const parsed = roleUpdateSchema.safeParse(req.body);[39m
[31m+       if (!parsed.success) return res.status(400).json({ error: 'Invalid request', details: parsed.error.flatten() });[39m
[31m+       const targetId = Number(req.params.userId);[39m
[31m+       if (!Number.isInteger(targetId)) return res.status(400).json({ error: 'Invalid user id' });[39m
[31m+[39m
[31m+       const result = await db.execute(sql`[39m
[31m+         UPDATE users SET role = ${parsed.data.role}[39m
[31m+         WHERE id = ${targetId} AND tenant_id = ${req.user!.tenantId} AND role <> 'Owner'[39m
[31m+         RETURNING id, uid, email, role[39m
[31m+       `);[39m
[31m+       const row = (result as any).rows?.[0];[39m
[31m+       if (!row) return res.status(404).json({ error: 'Team member not found, or the Owner role cannot be changed here.' });[39m
[31m+       await setUserCustomClaims(row.uid, { workspaceId: req.user!.tenantId, role: parsed.data.role });[39m
[31m+       await appendAuditEntry(db, { tenantId: req.user!.tenantId, action: 'team.role_changed', actor: req.user!.email, payload: { targetUserId: targetId, newRole: parsed.data.role } });[39m
[31m+       return res.json({ id: row.id, email: row.email, role: row.role });[39m
[31m+     } catch (error) {[39m
[31m+       return next(error);[39m
[31m+     }[39m
[31m+   });[39m
[31m+[39m
[31m+   router.delete('/organization/team/:userId', requireAuth, requireRole(['Owner', 'Admin']), async (req: AuthenticatedRequest, res, next) => {[39m
[31m+     try {[39m
[31m+       const db = req.db!;[39m
[31m+       const targetId = Number(req.params.userId);[39m
[31m+       if (!Number.isInteger(targetId)) return res.status(400).json({ error: 'Invalid user id' });[39m
[31m+[39m
[31m+       const result = await db.execute(sql`[39m
[31m+         DELETE FROM users WHERE id = ${targetId} AND tenant_id = ${req.user!.tenantId} AND role <> 'Owner'[39m
[31m+         RETURNING id, uid, email[39m
[31m+       `);[39m
[31m+       const row = (result as any).rows?.[0];[39m
[31m+       if (!row) return res.status(404).json({ error: 'Team member not found, or the Owner cannot be removed.' });[39m
[31m+[39m
[31m+       try { await adminAuth.updateUser(row.uid, { disabled: true }); await adminAuth.revokeRefreshTokens(row.uid); } catch { /* Firebase account may already be gone; DB removal already took effect. */ }[39m
[31m+       await appendAuditEntry(db, { tenantId: req.user!.tenantId, action: 'team.removed', actor: req.user!.email, payload: { targetUserId: targetId, targetEmail: row.email } });[39m
[31m+       return res.status(204).send();[39m
[31m+     } catch (error) {[39m
[31m+       return next(error);[39m
[31m+     }[39m
[31m+   });[39m
[31m+[39m
[31m+   router.get('/auth/sessions', requireAuth, async (req: AuthenticatedRequest, res, next) => {[39m
[31m+     try {[39m
[31m+       const db = req.db!;[39m
[31m+       const currentIp = req.ip || req.socket.remoteAddress || 'unknown';[39m
[31m+       const currentUserAgent = typeof req.headers['user-agent'] === 'string' ? req.headers['user-agent'].slice(0, 512) : '';[39m
[31m+       const currentFingerprint = sessionFingerprint(req.user!.uid, currentIp, currentUserAgent);[39m
[31m+[39m
[31m+       const result = await db.execute(sql`[39m
[31m+         SELECT id, session_fingerprint AS "sessionFingerprint", ip, user_agent AS "userAgent", last_seen_at AS "lastSeenAt"[39m
[31m+         FROM user_sessions[39m
[31m+         WHERE tenant_id = ${req.user!.tenantId} AND user_id = ${req.user!.id} AND revoked_at IS NULL[39m
[31m+         ORDER BY last_seen_at DESC[39m
[31m+       `);[39m
[31m+       const rows = ((result as any).rows ?? []) as Array<{ id: string; sessionFingerprint: string; ip: string; userAgent: string; lastSeenAt: string }>;[39m
[31m+       return res.json(rows.map(row => ({[39m
[31m+         id: row.id,[39m
[31m+         email: req.user!.email,[39m
[31m+         current: row.sessionFingerprint === currentFingerprint,[39m
[31m+         ip: row.ip,[39m
[31m+         device: describeUserAgent(row.userAgent),[39m
[31m+         location: 'Not geolocated',[39m
[31m+         lastSeenAt: row.lastSeenAt,[39m
[31m+       })));[39m
[31m+     } catch (error) {[39m
[31m+       return next(error);[39m
[31m+     }[39m
[31m+   });[39m
[31m+[39m
[31m+   router.post('/auth/sessions/revoke', requireAuth, async (req: AuthenticatedRequest, res, next) => {[39m
[31m+     try {[39m
[31m+       const db = req.db!;[39m
[31m+       const parsed = revokeSessionSchema.safeParse(req.body);[39m
[31m+       if (!parsed.success) return res.status(400).json({ error: 'Invalid request', details: parsed.error.flatten() });[39m
[31m+       const currentIp = req.ip || req.socket.remoteAddress || 'unknown';[39m
[31m+       const currentUserAgent = typeof req.headers['user-agent'] === 'string' ? req.headers['user-agent'].slice(0, 512) : '';[39m
[31m+       const currentFingerprint = sessionFingerprint(req.user!.uid, currentIp, currentUserAgent);[39m
[31m+       if (parsed.data.sessionId === `sess_${currentFingerprint}`) return res.status(400).json({ error: 'Cannot revoke the session you are currently using. Sign out instead.' });[39m
[31m+[39m
[31m+       const result = await db.execute(sql`[39m
[31m+         UPDATE user_sessions SET revoked_at = NOW()[39m
[31m+         WHERE id = ${parsed.data.sessionId} AND tenant_id = ${req.user!.tenantId} AND user_id = ${req.user!.id} AND revoked_at IS NULL[39m
[31m+         RETURNING id[39m
[31m+       `);[39m
[31m+       if (!((result as any).rows?.length)) return res.status(404).json({ error: 'Session not found' });[39m
[31m+       await appendAuditEntry(db, { tenantId: req.user!.tenantId, action: 'session.revoked', actor: req.user!.email, payload: { sessionId: parsed.data.sessionId } });[39m
[31m+       return res.status(204).send();[39m
[31m+     } catch (error) {[39m
[31m+       return next(error);[39m
[31m+     }[39m
[31m+   });[39m
[31m+[39m
[31m+   router.get('/auth/login-history', requireAuth, async (req: AuthenticatedRequest, res, next) => {[39m
[31m+     try {[39m
[31m+       const db = req.db!;[39m
[31m+       const result = await db.execute(sql`[39m
[31m+         SELECT id, ip, user_agent AS "userAgent", status, occurred_at AS "occurredAt"[39m
[31m+         FROM login_history WHERE tenant_id = ${req.user!.tenantId} AND user_id = ${req.user!.id}[39m
[31m+         ORDER BY occurred_at DESC LIMIT 50[39m
[31m+       `);[39m
[31m+       const rows = ((result as any).rows ?? []) as Array<{ id: string; ip: string; userAgent: string; status: string; occurredAt: string }>;[39m
[31m+       return res.json(rows.map(row => ({[39m
[31m+         id: row.id,[39m
[31m+         email: req.user!.email,[39m
[31m+         status: row.status,[39m
[31m+         action: 'Sign-in',[39m
[31m+         timestamp: row.occurredAt,[39m
[31m+         ip: row.ip,[39m
[31m+         location: 'Not geolocated',[39m
[31m+       })));[39m
[31m+     } catch (error) {[39m
[31m+       return next(error);[39m
[31m+     }[39m
[31m+   });[39m
[31m+[39m
[31m+   router.get('/auth/audit-chain', requireAuth, async (req: AuthenticatedRequest, res, next) => {[39m
[31m+     try {[39m
[31m+       const db = req.db!;[39m
[31m+       const beforeRaw = typeof req.query.before === 'string' ? Number(req.query.before) : null;[39m
[31m+       const before = Number.isInteger(beforeRaw) && beforeRaw! > 0 ? beforeRaw : null;[39m
[31m+       const result = before[39m
[31m+         ? await db.execute(sql`[39m
[31m+             SELECT id, action, timestamp, actor, payload, current_hash AS "currentHash", previous_hash AS "previousHash"[39m
[31m+             FROM audit_trail WHERE tenant_id = ${req.user!.tenantId} AND id < ${before} ORDER BY id DESC LIMIT 50[39m
[31m+           `)[39m
[31m+         : await db.execute(sql`[39m
[31m+         SELECT id, action, timestamp, actor, payload, current_hash AS "currentHash", previous_hash AS "previousHash"[39m
[31m+         FROM audit_trail WHERE tenant_id = ${req.user!.tenantId} ORDER BY id DESC LIMIT 50[39m
[31m+       `);[39m
[31m+       const rows = ((result as any).rows ?? []) as Array<{ id: number; action: string; timestamp: string; actor: string; payload: string; currentHash: string; previousHash: string }>;[39m
[31m+       return res.json(rows.map(row => ({[39m
[31m+         id: row.id,[39m
[31m+         action: row.action,[39m
[31m+         timestamp: row.timestamp,[39m
[31m+         actor: row.actor,[39m
[31m+         payload: row.payload,[39m
[31m+         hash: row.currentHash,[39m
[31m+         currentHash: row.currentHash,[39m
[31m+         previousHash: row.previousHash,[39m
[31m+         block: { action: row.action, userEmail: row.actor.includes('@') ? row.actor : null },[39m
[31m+       })));[39m
[31m+     } catch (error) {[39m
[31m+       return next(error);[39m
[31m+     }[39m
[31m+   });[39m
[31m+[39m
[31m+   router.get('/auth/audit-chain/verify', requireAuth, async (req: AuthenticatedRequest, res, next) => {[39m
[31m+     try {[39m
[31m+       const db = req.db!;[39m
[31m+       return res.json(await verifyAuditChain(db, req.user!.tenantId));[39m
[31m+     } catch (error) {[39m
[31m+       return next(error);[39m
[31m+     }[39m
[31m+   });[39m
[31m+[39m
[31m+   router.post('/tenant/offboard', requireAuth, requireRole('Owner'), async (req: AuthenticatedRequest, res, next) => {[39m
[31m+     try {[39m
[31m+       // Purges via the owner-role connection (not req.db): offboarding must be[39m
[31m+       // able to see every table it enumerates from information_schema, and it[39m
[31m+       // already scopes every DELETE to exactly this caller's own tenant_id.[39m
[31m+       await offboardTenantData(req.user!.tenantId);[39m
[31m+       return res.status(200).json({ message: 'Tenant data purged.' });[39m
[31m+     } catch (error) {[39m
[31m+       return next(error);[39m
[31m+     }[39m
[31m+   });[39m
[31m+[39m
[31m+   // Owner-only founder metrics. Every value is either observed from tenant[39m
[31m+   // data or explicitly reported as not verified; this endpoint never invents[39m
[31m+   // production health, security, financial, or performance telemetry.[39m
[31m+   router.get('/founder/metrics', requireAuth, requireRole('Owner'), async (req: AuthenticatedRequest, res, next) => {[39m
[31m+     try {[39m
[31m+       const db = req.db!;[39m
[31m+       const counts = await db.execute(sql`[39m
[31m+         SELECT[39m
[31m+           (SELECT COUNT(*)::int FROM clients WHERE tenant_id = ${req.user!.tenantId}) AS "clientCount",[39m
[31m+           (SELECT COUNT(*)::int FROM passports WHERE tenant_id = ${req.user!.tenantId}) AS "passportCount",[39m
[31m+           (SELECT COUNT(*)::int FROM scans WHERE tenant_id = ${req.user!.tenantId}) AS "scanCount"[39m
[31m+       `);[39m
[31m+       const row = (counts as any).rows?.[0] || {};[39m
[31m+       return res.json({[39m
[31m+         latency: 'Not verified',[39m
[31m+         capitalProtected: 'Not verified',[39m
[31m+         throughput: 'Not verified',[39m
[31m+         mitigations: 'Not verified',[39m
[31m+         overallScore: null,[39m
[31m+         auditEvents: null,[39m
[31m+         activeThreats: null,[39m
[31m+         systemIntegrity: 'Not verified',[39m
[31m+         observed: {[39m
[31m+           clientCount: Number(row.clientCount || 0),[39m
[31m+           passportCount: Number(row.passportCount || 0),[39m
[31m+           scanCount: Number(row.scanCount || 0),[39m
[31m+         },[39m
[31m+       });[39m
[31m+     } catch (error) {[39m
[31m+       return next(error);[39m
[31m+     }[39m
[31m+   });[39m
[31m+[39m
[31m+   // Owner-only operational health for the command center. Every section reads[39m
[31m+   // from the real tables the corresponding subsystem already writes -- no[39m
[31m+   // second heartbeat, delivery ledger, integration status, or audit verifier[39m
[31m+   // is created here. Sections with no real backing data are omitted rather[39m
[31m+   // than populated with placeholder values; see the `notes` field.[39m
[31m+   router.get('/founder/operations', requireAuth, requireRole('Owner'), async (req: AuthenticatedRequest, res, next) => {[39m
[31m+     try {[39m
[31m+       const db = req.db!;[39m
[31m+       const tenantId = req.user!.tenantId;[39m
[31m+       const notes: string[] = [];[39m
[31m+[39m
[31m+       // --- A. Worker/job health ---------------------------------------------[39m
[31m+       // osv-worker.ts claims agent_jobs rows (job_type osv_manifest_scan /[39m
[31m+       // repository_scan). It has no separate heartbeat row; the queue state[39m
[31m+       // itself (locked_at/locked_by, the same 10-minute staleness window the[39m
[31m+       // worker uses to reclaim stuck jobs) is the real signal.[39m
[31m+       const [osvCounts, osvStale, osvFailures, osvActivity] = await Promise.all([[39m
[31m+         db.execute(sql`SELECT job_type AS "jobType", status, COUNT(*)::int AS count FROM agent_jobs WHERE tenant_id=${tenantId} AND job_type IN ('osv_manifest_scan','repository_scan') GROUP BY job_type, status`),[39m
[31m+         db.execute(sql`SELECT COUNT(*)::int AS count FROM agent_jobs WHERE tenant_id=${tenantId} AND job_type IN ('osv_manifest_scan','repository_scan') AND status='Running' AND locked_at < NOW() - INTERVAL '10 minutes'`),[39m
[31m+         db.execute(sql`SELECT id, job_type AS "jobType", error, attempt_count AS "attemptCount", max_attempts AS "maxAttempts", updated_at AS "updatedAt" FROM agent_jobs WHERE tenant_id=${tenantId} AND job_type IN ('osv_manifest_scan','repository_scan') AND status='Failed' ORDER BY updated_at DESC LIMIT 5`),[39m
[31m+         db.execute(sql`SELECT MAX(updated_at) AS "lastActivityAt" FROM agent_jobs WHERE tenant_id=${tenantId} AND job_type IN ('osv_manifest_scan','repository_scan')`),[39m
[31m+       ]);[39m
[31m+[39m
[31m+       // monitoring-worker.ts (the file name this dashboard's spec named) is not[39m
[31m+       // imported by worker.ts and never runs in production -- confirmed dead[39m
[31m+       // code, not a running system. trust-monitoring-worker.ts is the real,[39m
[31m+       // currently-running system that plays the equivalent role (collector_jobs[39m
[31m+       // has an actual heartbeat_at column, unlike agent_jobs).[39m
[31m+       const [monitoringCounts, monitoringHeartbeat, monitoringFailures] = await Promise.all([[39m
[31m+         db.execute(sql`SELECT state, COUNT(*)::int AS count FROM collector_jobs WHERE tenant_id=${tenantId} GROUP BY state`),[39m
[31m+         db.execute(sql`SELECT MAX(heartbeat_at) AS "lastHeartbeatAt" FROM collector_jobs WHERE tenant_id=${tenantId} AND state='running'`),[39m
[31m+         db.execute(sql`SELECT id, collector_id AS "collectorId", safe_error_code AS "errorCode", safe_error_message AS "errorMessage", completed_at AS "completedAt" FROM collector_jobs WHERE tenant_id=${tenantId} AND state IN ('failed','dead_lettered') ORDER BY completed_at DESC NULLS LAST LIMIT 5`),[39m
[31m+       ]);[39m
[31m+       notes.push('monitoring-worker.ts is dead code (never imported by worker.ts); "monitoringWorker" below reflects trust-monitoring-worker.ts, the real running system for the same role.');[39m
[31m+[39m
[31m+       // --- B. Webhook delivery health ----------------------------------------[39m
[31m+       const [webhookCounts, webhookEndpoints, webhookFailures] = await Promise.all([[39m
[31m+         db.execute(sql`SELECT status, COUNT(*)::int AS count FROM spr_webhook_deliveries WHERE tenant_id=${tenantId} AND created_at::timestamptz > NOW() - INTERVAL '7 days' GROUP BY status`),[39m
[31m+         db.execute(sql`SELECT COUNT(*) FILTER (WHERE active)::int AS "activeCount", COUNT(*) FILTER (WHERE NOT active)::int AS "disabledCount" FROM spr_webhooks WHERE tenant_id=${tenantId}`),[39m
[31m+         db.execute(sql`SELECT d.id, d.webhook_id AS "webhookId", w.url, d.event_type AS "eventType", d.safe_error_code AS "errorCode", d.safe_error_message AS "errorMessage", d.completed_at AS "completedAt" FROM spr_webhook_deliveries d JOIN spr_webhooks w ON w.id=d.webhook_id AND w.tenant_id=d.tenant_id WHERE d.tenant_id=${tenantId} AND d.status IN ('failed','dead_lettered') ORDER BY d.completed_at DESC NULLS LAST LIMIT 10`),[39m
[31m+       ]);[39m
[31m+       notes.push('Webhook failures are grouped by destination endpoint (webhookId/url), not "provider" -- SPR webhooks are user-configured destination URLs, not third-party provider connectors; there is no per-provider concept for outbound deliveries.');[39m
[31m+[39m
[31m+       // --- C. Integration health ----------------------------------------------[39m
[31m+       const [credentialRows, integrationRows] = await Promise.all([[39m
[31m+         db.execute(sql`SELECT provider, status, last_tested_at AS "lastTestedAt" FROM integration_credentials WHERE tenant_id=${tenantId}`),[39m
[31m+         db.execute(sql`SELECT name, connected, last_sync_date AS "lastSyncDate" FROM integrations WHERE tenant_id=${tenantId}`),[39m
[31m+       ]);[39m
[31m+       const credentialByProvider = new Map<string, any>((credentialRows as any).rows?.map((r: any) => [r.provider, r]) ?? []);[39m
[31m+       const integrationByName = new Map<string, any>((integrationRows as any).rows?.map((r: any) => [r.name, r]) ?? []);[39m
[31m+       const integrations = INTEGRATION_CATALOG.map((item) => ({[39m
[31m+         provider: item.provider,[39m
[31m+         name: item.name,[39m
[31m+         connected: Boolean(integrationByName.get(item.name)?.connected),[39m
[31m+         lastSyncDate: integrationByName.get(item.name)?.lastSyncDate ?? null,[39m
[31m+         credentialStatus: credentialByProvider.get(item.provider)?.status ?? 'NOT_CONFIGURED',[39m
[31m+         lastTestedAt: credentialByProvider.get(item.provider)?.lastTestedAt ?? null,[39m
[31m+       }));[39m
[31m+[39m
[31m+       // --- D. Audit chain integrity --------------------------------------------[39m
[31m+       // Reuses the exact function GET /api/auth/audit-chain/verify calls --[39m
[31m+       // no second verifier.[39m
[31m+       const auditChain = await verifyAuditChain(db, tenantId);[39m
[31m+[39m
[31m+       // --- E. Scan / job queue --------------------------------------------------[39m
[31m+       const [runningRepoScans, complianceSchedules] = await Promise.all([[39m
[31m+         db.execute(sql`SELECT id, passport_id AS "passportId", status, progress, updated_at AS "updatedAt" FROM agent_jobs WHERE tenant_id=${tenantId} AND job_type='repository_scan' AND status='Running' ORDER BY updated_at DESC LIMIT 10`),[39m
[31m+         db.execute(sql`SELECT id, client_id AS "clientId", frequency, status, last_audit_at AS "lastAuditAt", next_audit_at AS "nextAuditAt" FROM compliance_schedules WHERE tenant_id=${tenantId} ORDER BY COALESCE(last_audit_at, created_at) DESC LIMIT 10`),[39m
[31m+       ]);[39m
[31m+[39m
[31m+       return res.json({[39m
[31m+         generatedAt: new Date().toISOString(),[39m
[31m+         workers: {[39m
[31m+           osv: {[39m
[31m+             countsByStatus: (osvCounts as any).rows ?? [],[39m
[31m+             staleRunningCount: Number((osvStale as any).rows?.[0]?.count ?? 0),[39m
[31m+             recentFailures: (osvFailures as any).rows ?? [],[39m
[31m+             lastActivityAt: (osvActivity as any).rows?.[0]?.lastActivityAt ?? null,[39m
[31m+           },[39m
[31m+           monitoringWorker: {[39m
[31m+             realSource: 'trust-monitoring-worker.ts (collector_jobs)',[39m
[31m+             countsByState: (monitoringCounts as any).rows ?? [],[39m
[31m+             lastHeartbeatAt: (monitoringHeartbeat as any).rows?.[0]?.lastHeartbeatAt ?? null,[39m
[31m+             recentFailures: (monitoringFailures as any).rows ?? [],[39m
[31m+           },[39m
[31m+         },[39m
[31m+         webhooks: {[39m
[31m+           countsByStatusLast7Days: (webhookCounts as any).rows ?? [],[39m
[31m+           activeEndpoints: Number((webhookEndpoints as any).rows?.[0]?.activeCount ?? 0),[39m
[31m+           disabledEndpoints: Number((webhookEndpoints as any).rows?.[0]?.disabledCount ?? 0),[39m
[31m+           recentFailures: (webhookFailures as any).rows ?? [],[39m
[31m+         },[39m
[31m+         integrations,[39m
[31m+         auditChain,[39m
[31m+         queue: {[39m
[31m+           runningRepositoryScans: (runningRepoScans as any).rows ?? [],[39m
[31m+           recentlyFailedJobs: (osvFailures as any).rows ?? [],[39m
[31m+           complianceSchedules: (complianceSchedules as any).rows ?? [],[39m
[31m+         },[39m
[31m+         notes,[39m
[31m+       });[39m
[31m+     } catch (error) {[39m
[31m+       return next(error);[39m
[31m+     }[39m
[31m+   });[39m
[31m+[39m
[31m+   // Owner-only self-passport retrieval. Absence of evidence is represented as[39m
[31m+   // a 404 instead of a fabricated passport or trust score.[39m
[31m+   router.get('/passports/self-passport', requireAuth, requireRole('Owner'), async (req: AuthenticatedRequest, res, next) => {[39m
[31m+     try {[39m
[31m+       const db = req.db!;[39m
[31m+       const result = await db.execute(sql`[39m
[31m+         SELECT[39m
[31m+           id,[39m
[31m+           name,[39m
[31m+           version,[39m
[31m+           publisher,[39m
[31m+           release_date AS "releaseDate",[39m
[31m+           evidence[39m
[31m+         FROM passports[39m
[31m+         WHERE tenant_id = ${req.user!.tenantId}[39m
[31m+         ORDER BY release_date DESC NULLS LAST, id DESC[39m
[31m+         LIMIT 1[39m
[31m+       `);[39m
[31m+       const row = (result as any).rows?.[0];[39m
[31m+       if (!row) return res.status(404).json({ error: 'Self passport evidence not found', code: 'SELF_PASSPORT_NOT_FOUND' });[39m
[31m+       return res.json({[39m
[31m+         ...row,[39m
[31m+         overallScore: null,[39m
[31m+         healthStatus: 'Not verified',[39m
[31m+         evidence: Array.isArray(row.evidence) ? row.evidence : [],[39m
[31m+       });[39m
[31m+     } catch (error) {[39m
[31m+       return next(error);[39m
[31m+     }[39m
[31m+   });[39m
[31m+[39m
[31m+   // Firebase-authenticated, tenant-scoped reads for the first-party SPA.[39m
[31m+   // These are deliberately separate from /connect/v1, which is API-key based.[39m
[31m+   router.get('/user/clients', requireAuth, async (req: AuthenticatedRequest, res, next) => {[39m
[31m+     try {[39m
[31m+       const db = req.db!;[39m
[31m+       const result = await db.execute(sql`SELECT id, name, domain, industry, trust_score AS "trustScore", risk_level AS "riskLevel", avatar_color AS "avatarColor", subscription_tier AS "subscriptionTier", joined_date AS "joinedDate", team_count AS "teamCount", passport_count AS "passportCount", critical_risks_count AS "criticalRisksCount", compliance_progress AS "complianceProgress", software_inventory AS "softwareInventory", compliance_status AS "complianceStatus", team_members AS "teamMembers", activity_timeline AS "activityTimeline" FROM clients WHERE tenant_id=${req.user!.tenantId} ORDER BY joined_date DESC`);[39m
[31m+       return res.json((result as any).rows || []);[39m
[31m+     } catch (error) {[39m
[31m+       return next(error);[39m
[31m+     }[39m
[31m+   });[39m
[31m+[39m
[31m+   router.get('/user/passports', requireAuth, async (req: AuthenticatedRequest, res, next) => {[39m
[31m+     try {[39m
[31m+       const db = req.db!;[39m
[31m+       const result = await db.execute(sql`SELECT p.id, p.client_id AS "clientId", p.name, p.version, p.publisher, p.category, p.release_date AS "releaseDate", p.license_type AS "licenseType", p.sbom, COALESCE((SELECT json_agg(json_build_object('id', e.id, 'name', e.name, 'type', e.type, 'verified', e.verified, 'status', e.status, 'signer', e.signer, 'timestamp', e.timestamp, 'hash', e.hash, 'engineId', e.engine_id, 'verificationFailureReason', e.verification_failure_reason) ORDER BY e.timestamp DESC) FROM evidence_items e WHERE e.tenant_id=p.tenant_id AND e.asset_id=p.id), '[]'::json) AS evidence, COALESCE((SELECT json_agg(json_build_object('id', f.id, 'findingId', f.id, 'severity', f.severity, 'category', f.category, 'title', f.title, 'description', f.description, 'component', f.component, 'fixedVersion', f.fixed_version, 'status', f.status, 'detectedAt', f.detected_at, 'engineId', f.engine_id) ORDER BY f.detected_at DESC) FROM scan_findings f WHERE f.tenant_id=p.tenant_id AND f.asset_id=p.id), '[]'::json) AS vulnerabilities, p.timeline, NULL AS scores, 'not_authoritatively_scored' AS "scoreStatus" FROM passports p WHERE p.tenant_id=${req.user!.tenantId} ORDER BY p.name ASC`);[39m
[31m+       return res.json((result as any).rows || []);[39m
[31m+     } catch (error) {[39m
[31m+       return next(error);[39m
[31m+     }[39m
[31m+   });[39m
[31m+[39m
[31m+   router.get('/user/extensions', requireAuth, async (req: AuthenticatedRequest, res, next) => {[39m
[31m+     try {[39m
[31m+       const db = req.db!;[39m
[31m+       const result = await db.execute(sql`SELECT extension_id AS "extensionId", installed_at AS "installedAt" FROM extension_installations WHERE tenant_id=${req.user!.tenantId} ORDER BY installed_at DESC`);[39m
[31m+       return res.json((result as any).rows || []);[39m
[31m+     } catch (error) {[39m
[31m+       return next(error);[39m
[31m+     }[39m
[31m+   });[39m
[31m+[39m
[31m+   router.post('/user/extensions/:extensionId', requireAuth, requireRole(['Owner', 'Admin', 'Operator']), async (req: AuthenticatedRequest, res, next) => {[39m
[31m+     try {[39m
[31m+       const extensionId = String(req.params.extensionId || '').trim();[39m
[31m+       if (!/^[A-Za-z0-9_.-]{1,120}$/.test(extensionId)) return res.status(400).json({ error: 'Invalid extension id' });[39m
[31m+       const db = req.db!;[39m
[31m+       const result = await db.execute(sql`INSERT INTO extension_installations (tenant_id, extension_id, installed_at) VALUES (${req.user!.tenantId}, ${extensionId}, NOW()) ON CONFLICT (tenant_id, extension_id) DO UPDATE SET installed_at=NOW() RETURNING extension_id AS "extensionId", installed_at AS "installedAt"`);[39m
[31m+       return res.status(201).json((result as any).rows?.[0]);[39m
[31m+     } catch (error) {[39m
[31m+       return next(error);[39m
[31m+     }[39m
[31m+   });[39m
[31m+[39m
[31m+   router.delete('/user/extensions/:extensionId', requireAuth, requireRole(['Owner', 'Admin', 'Operator']), async (req: AuthenticatedRequest, res, next) => {[39m
[31m+     try {[39m
[31m+       const db = req.db!;[39m
[31m+       const extensionId = String(req.params.extensionId || '').trim();[39m
[31m+       const result = await db.execute(sql`DELETE FROM extension_installations WHERE tenant_id=${req.user!.tenantId} AND extension_id=${extensionId} RETURNING extension_id`);[39m
[31m+       if (!((result as any).rows?.length)) return res.status(404).json({ error: 'Extension installation not found' });[39m
[31m+       return res.status(204).send();[39m
[31m+     } catch (error) {[39m
[31m+       return next(error);[39m
[31m+     }[39m
[31m+   });[39m
[31m+[39m
[31m+   router.get('/auth/verify-status', requireAuth, async (req: AuthenticatedRequest, res) => {[39m
[31m+     return res.json({ verified: req.user!.emailVerified, emailVerified: req.user!.emailVerified });[39m
[31m+   });[39m
[31m+[39m
[31m+[39m
[31m+[39m
[31m+   router.get('/user/passports/:id/verification', requireAuth, async (req: AuthenticatedRequest, res, next) => {[39m
[31m+     try {[39m
[31m+       const db = req.db!;[39m
[31m+       const tenantId = req.user!.tenantId;[39m
[31m+       const clientScope = req.user!.role === 'Client' ? (req.user as any).clientId : null;[39m
[31m+       const passportResult = await db.execute(sql`SELECT id, version, evidence, client_id AS "clientId" FROM passports WHERE id=${req.params.id} AND tenant_id=${tenantId} AND (${clientScope} IS NULL OR client_id=${clientScope}) LIMIT 1`) as any;[39m
[31m+       const passport = passportResult.rows?.[0];[39m
[31m+       if (!passport) return res.status(404).json({ error: 'Passport not found' });[39m
[31m+       const findingResult = await db.execute(sql`SELECT id, passport_id AS "passportId", evidence_ids, status FROM trust_findings WHERE tenant_id=${tenantId} AND passport_id=${passport.id}`) as any;[39m
[31m+       const parseJson = (value: unknown): unknown[] => { try { const parsed = JSON.parse(String(value ?? '')); return Array.isArray(parsed) ? parsed : []; } catch { return []; } };[39m
[31m+       const openFindingEvidenceIds = (findingResult.rows ?? []).filter((row: any) => !['resolved','closed','verified'].includes(String(row.status || '').toLowerCase())).flatMap((row: any) => parseJson(row.evidence_ids)).filter((id: any): id is string => typeof id === 'string');[39m
[31m+       const adapted = adaptEvidenceForEvaluation({ evidence: parseJson(passport.evidence) as any[], passportVersion: passport.version, openFindingEvidenceIds });[39m
[31m+       const evaluatedAt = Date.now();[39m
[31m+       const decision = evaluateVerification({ evidence: adapted.evidence, evaluatedAt, targetIdentity: adapted.targetIdentity });[39m
[31m+       res.setHeader('Cache-Control', 'private, max-age=0, no-store');[39m
[31m+       return res.json({ decision, observations: decision.observationCount, independentSources: decision.independentSourceCount });[39m
[31m+     } catch (error) { return next(error); }[39m
[31m+   });[39m
[31m+[39m
[31m+   router.get('/user/verification', requireAuth, async (req: AuthenticatedRequest, res, next) => {[39m
[31m+     try {[39m
[31m+       const db = req.db!;[39m
[31m+       const tenantId = req.user!.tenantId;[39m
[31m+       const clientScope = req.user!.role === 'Client' ? (req.user as any).clientId : null;[39m
[31m+       const passportRows = (await db.execute(sql`SELECT id, version, evidence, client_id AS "clientId" FROM passports WHERE tenant_id=${tenantId} AND (${clientScope} IS NULL OR client_id=${clientScope}) ORDER BY id`) as any).rows ?? [];[39m
[31m+       const passportIds = passportRows.map((row: any) => String(row.id));[39m
[31m+       const parseJson = (value: unknown): unknown[] => { try { const parsed = JSON.parse(String(value ?? '')); return Array.isArray(parsed) ? parsed : []; } catch { return []; } };[39m
[31m+       // Drizzle's proven one-query binding shape for the passport findings is[39m
[31m+       // `asset_id IN ${passportIds}`; do not replace this with ANY(array).[39m
[31m+       const findingRows = passportIds.length ? ((await db.execute(sql`SELECT id, passport_id AS "passportId", evidence_ids, status FROM trust_findings WHERE tenant_id=${tenantId} AND passport_id IN ${passportIds}`) as any).rows ?? []) : [];[39m
[31m+       const evidenceByPassport = new Map<string, any[]>();[39m
[31m+       for (const passport of passportRows) evidenceByPassport.set(String(passport.id), parseJson(passport.evidence) as any[]);[39m
[31m+       const evaluatedAt = Date.now();[39m
[31m+       const verificationDecisions: Record<string, VerificationDecision> = {};[39m
[31m+       const verificationDetails: Record<string, unknown> = {};[39m
[31m+       for (const passport of passportRows) {[39m
[31m+         const findings = findingRows.filter((row: any) => String(row.passportId) === String(passport.id));[39m
[31m+         const openFindingEvidenceIds = findings.filter((row: any) => !['resolved','closed','verified'].includes(String(row.status || '').toLowerCase())).flatMap((row: any) => parseJson(row.evidence_ids)).filter((id: any): id is string => typeof id === 'string');[39m
[31m+         const adapted = adaptEvidenceForEvaluation({ evidence: evidenceByPassport.get(String(passport.id)) ?? [], passportVersion: passport.version, openFindingEvidenceIds });[39m
[31m+         const decision = evaluateVerification({ evidence: adapted.evidence, evaluatedAt, targetIdentity: adapted.targetIdentity });[39m
[31m+         verificationDecisions[String(passport.id)] = decision;[39m
[31m+         verificationDetails[String(passport.id)] = { unmappedCount: adapted.unmappedCount, undatedCount: adapted.undatedCount, observations: decision.observationCount, independentSources: decision.independentSourceCount };[39m
[31m+       }[39m
[31m+       res.setHeader('Cache-Control', 'private, max-age=0, no-store');[39m
[31m+       return res.json({ verificationDecisions, verificationDetails });[39m
[31m+     } catch (error) { return next(error); }[39m
[31m+   });[39m
[31m+[39m
[31m+   return router;[39m
[31m+ }[39m
[31m+[39m

[36m [2m❯[22m tests/drizzle-unique-constraint-error-contract.test.ts:[2m27:17[22m[39m
    [90m 25| [39m    [34mit[39m([32m`[39m[36m${[39mlabel[36m}[39m[32m ([39m[36m${[39mfile[36m}[39m[32m)`[39m[33m,[39m () [33m=>[39m {
    [90m 26| [39m      [35mconst[39m s [33m=[39m [34mread[39m(file)[33m;[39m
    [90m 27| [39m      expect(s).toContain("error?.code === '23505' || error?.cause?.co…
    [90m   | [39m                [31m^[39m
    [90m 28| [39m    })[33m;[39m
    [90m 29| [39m  }

[31m[2m⎯⎯⎯⎯⎯⎯⎯⎯⎯⎯⎯⎯⎯⎯⎯⎯⎯⎯⎯⎯⎯[42/141]⎯[22m[39m

[41m[1m FAIL [22m[49m tests/free-review-contract.test.ts[2m > [22mFree Review contracts[2m > [22mis mounted without requireAuth in front of it, unlike the authenticated routers
[31m[1mAssertionError[22m: expected 'import express, { type NextFunction, …' to contain 'app.use(\'/api\', createFreeReviewRou…'[39m

[32m- Expected[39m
[31m+ Received[39m

[32m- app.use('/api', createFreeReviewRouter());[39m
[31m+ import express, { type NextFunction, type Request, type Response } from 'express';[39m
[31m+ import cors from 'cors';[39m
[31m+ import helmet from 'helmet';[39m
[31m+ import * as Sentry from '@sentry/node';[39m
[31m+ import path from 'node:path';[39m
[31m+ import { fileURLToPath } from 'node:url';[39m
[31m+ import { randomUUID } from 'node:crypto';[39m
[31m+ import { config, validateConfiguration } from './src/config.ts';[39m
[31m+ import { checkDatabaseHealth, closeDatabase, db } from './src/db/index.ts';[39m
[31m+ import { sql } from 'drizzle-orm';[39m
[31m+ import { AuthenticatedRequest, rateLimiter, requireAuth, requireRole } from './src/middleware/security.ts';[39m
[31m+ import { createAuthRouter } from './src/routes/auth.ts';[39m
[31m+ import { createConnectRouter } from './src/routes/connect.ts';[39m
[31m+ import { createIntegrationsRouter } from './src/routes/integrations.ts';[39m
[31m+ import { createLiveIntegrationsRouter } from './src/routes/integrations-live.ts';[39m
[31m+ import { createMonitoringRouter } from './src/routes/monitoring.ts';[39m
[31m+ import { createPublicConnectRouter } from './src/routes/public-connect.ts';[39m
[31m+ import { createScansRouter } from './src/routes/scans.ts';[39m
[31m+ import { createComplianceRouter } from './src/routes/compliance.ts';[39m
[31m+ import { createTrustLoopRouter } from './src/routes/trust-loop.ts';[39m
[31m+ import { createIntegrationMonitoringRouter } from './src/routes/integration-monitoring.ts';[39m
[31m+ import { createAgentApiRouter } from './src/routes/agent-api.ts';[39m
[31m+ import { createMspRouter } from './src/routes/msp.ts';[39m
[31m+ import { createAiTrustRouter } from './src/routes/ai-trust.ts';[39m
[31m+ import { createMcpTransport } from './src/mcp/transport.ts';[39m
[31m+ import { executePublicMcpTool } from './src/mcp/execute.ts';[39m
[31m+[39m
[31m+ const app = express();[39m
[31m+ const startedAt = Date.now();[39m
[31m+ const requestBodyLimit = process.env.REQUEST_BODY_LIMIT || '2mb';[39m
[31m+ const requestHeaderTimeoutMs = Number(process.env.REQUEST_HEADER_TIMEOUT_MS || 15_000);[39m
[31m+ const requestTimeoutMs = Number(process.env.REQUEST_TIMEOUT_MS || 120_000);[39m
[31m+ const keepAliveTimeoutMs = Number(process.env.KEEP_ALIVE_TIMEOUT_MS || 65_000);[39m
[31m+[39m
[31m+ async function ensureInitialSelfPassport() {[39m
[31m+   const owner = (await db.execute(sql`SELECT tenant_id AS "tenantId" FROM users WHERE role = 'Owner' ORDER BY created_at ASC LIMIT 1`)).rows?.[0] as { tenantId?: string } | undefined;[39m
[31m+   if (!owner?.tenantId) {[39m
[31m+     console.warn('[SPR] Initial self-passport skipped: no Owner tenant exists yet.');[39m
[31m+     return;[39m
[31m+   }[39m
[31m+   await db.execute(sql`[39m
[31m+     INSERT INTO passports ([39m
[31m+       id, tenant_id, name, version, publisher, category, overall_score,[39m
[31m+       security_score, compliance_score, vendor_reputation_score, release_date,[39m
[31m+       file_hash, license_type, ai_summary, sbom, evidence, vulnerabilities, timeline[39m
[31m+     ) VALUES ([39m
[31m+       'passport_spr_self', ${owner.tenantId}, 'Software Passport Registry', '1.0.0',[39m
[31m+       'SPR', 'Platform', 0, 0, 0, 0, CURRENT_DATE::text, 'not-observed',[39m
[31m+       'Unknown', 'Initial SPR self-passport. Evidence collection is pending.',[39m
[31m+       '[]', '[]', '[]', '[]'[39m
[31m+     )[39m
[31m+     ON CONFLICT (id) DO NOTHING[39m
[31m+   `);[39m
[31m+   console.info('[SPR] Initial self-passport ready.');[39m
[31m+ }[39m
[31m+[39m
[31m+ export function normalizeAllowedOrigins(origins: string[]): string[] {[39m
[31m+   return [...new Set(origins.map((origin) => new URL(origin).origin))].sort();[39m
[31m+ }[39m
[31m+[39m
[31m+ if (config.trustProxy) app.set('trust proxy', 1);[39m
[31m+ app.disable('x-powered-by');[39m
[31m+ if (config.sentry.dsn) Sentry.init({ dsn: config.sentry.dsn, environment: config.nodeEnv, tracesSampleRate: config.isProduction ? 0.1 : 1.0 });[39m
[31m+ const allowedOrigins = new Set(normalizeAllowedOrigins(config.allowedOrigins));[39m
[31m+ const appOrigin = config.appUrl ? new URL(config.appUrl).origin : undefined;[39m
[31m+ const corsOrigin = (origin: string | undefined, callback: (error: Error | null, allow?: boolean) => void) => {[39m
[31m+   if (!origin) return callback(null, true);[39m
[31m+   try {[39m
[31m+     const normalizedOrigin = new URL(origin).origin;[39m
[31m+     if (allowedOrigins.has(normalizedOrigin)) return callback(null, true);[39m
[31m+   } catch (_) {}[39m
[31m+   return callback(new Error('CORS origin denied'));[39m
[31m+ };[39m
[31m+ app.use(helmet({ contentSecurityPolicy: { useDefaults: false, directives: { defaultSrc: ["'self'"], baseUri: ["'self'"], objectSrc: ["'none'"], frameAncestors: ["'none'"], formAction: ["'self'"], scriptSrc: ["'self'"], styleSrc: ["'self'", "'unsafe-inline'"], imgSrc: ["'self'", 'data:', 'blob:', 'https:'], fontSrc: ["'self'", 'data:', 'https:'], connectSrc: ["'self'", ...(appOrigin ? [appOrigin] : [])], frameSrc: ["'self'", 'https:'], workerSrc: ["'self'", 'blob:'], manifestSrc: ["'self'"], upgradeInsecureRequests: [] } }, crossOriginEmbedderPolicy: false, frameguard: { action: 'deny' }, referrerPolicy: { policy: 'no-referrer' } }));[39m
[31m+ app.use(cors({ origin: corsOrigin, credentials: true, methods: ['GET', 'HEAD', 'POST', 'PUT', 'PATCH', 'DELETE', 'OPTIONS'], allowedHeaders: ['Authorization', 'Content-Type', 'X-Request-ID', 'X-API-Key'] }));[39m
[31m+ app.use((req, res, next) => { if (req.method === 'TRACE' || req.method === 'CONNECT') return res.status(405).json({ error: { code: 'METHOD_NOT_ALLOWED', message: 'HTTP method is not allowed.' } }); if (req.headers['content-length'] && !/^\d+$/.test(String(req.headers['content-length']))) return res.status(400).json({ error: { code: 'INVALID_CONTENT_LENGTH', message: 'Invalid Content-Length header.' } }); return next(); });[39m
[31m+ app.use(express.json({ limit: requestBodyLimit, strict: true, type: ['application/json', 'application/*+json'] }));[39m
[31m+ app.use(express.urlencoded({ extended: false, limit: requestBodyLimit }));[39m
[31m+ app.use((req, res, next) => { const supplied = req.headers['x-request-id']; const requestId = typeof supplied === 'string' && /^[A-Za-z0-9._:-]{1,100}$/.test(supplied) ? supplied : `req_${randomUUID()}`; res.setHeader('X-Request-ID', requestId); res.setHeader('Cache-Control', req.path.startsWith('/api/') ? 'no-store, max-age=0' : 'public, max-age=0, must-revalidate'); res.locals.requestId = requestId; next(); });[39m
[31m+ app.use((req, res, next) => { if (config.isProduction && config.enforceHttps && !req.secure && req.path !== '/health' && req.path !== '/ready' && req.path !== '/api/health' && req.path !== '/api/ready') { if (!appOrigin) return res.status(503).json({ error: { code: 'HTTPS_CONFIGURATION_ERROR', message: 'HTTPS redirect target is not configured.' } }); return res.redirect(308, `${appOrigin}${req.originalUrl}`); } return next(); });[39m
[31m+ app.get('/health', (_req, res) => res.status(200).json({ status: 'ok', service: 'spr-app', uptimeSeconds: Math.floor((Date.now() - startedAt) / 1000) }));[39m
[31m+ const readinessHandler = async (_req: Request, res: Response) => { const database = await checkDatabaseHealth(); const ready = database.ok; res.status(ready ? 200 : 503).json({ status: ready ? 'ready' : 'not_ready', checks: { database: database.ok ? database : { ok: false, latencyMs: database.latencyMs, error: 'DATABASE_UNAVAILABLE' } }, uptimeSeconds: Math.floor((Date.now() - startedAt) / 1000) }); };[39m
[31m+ app.get('/ready', readinessHandler);[39m
[31m+ app.get('/api/ready', readinessHandler);[39m
[31m+ app.get('/api/health', async (_req, res) => { const database = await checkDatabaseHealth(); res.status(database.ok ? 200 : 503).json({ status: database.ok ? 'ok' : 'degraded', database: database.ok ? database : { ok: false, latencyMs: database.latencyMs, error: 'DATABASE_UNAVAILABLE' } }); });[39m
[31m+ app.use('/api', rateLimiter);[39m
[31m+ app.use('/api', createAuthRouter());[39m
[31m+ app.use('/api', createPublicConnectRouter());[39m
[31m+ const connectRouter = createConnectRouter();[39m
[31m+ app.use('/api', connectRouter);[39m
[31m+ app.use('/api/connect', connectRouter);[39m
[31m+ app.use('/api/integrations/connect', connectRouter);[39m
[31m+ app.post('/api/ai/analyze-passport', requireAuth, async (req: AuthenticatedRequest, res, next) => {[39m
[31m+   try {[39m
[31m+     const passportId = typeof req.body?.passportId === 'string' ? req.body.passportId.trim() : '';[39m
[31m+     if (!passportId) return res.status(400).json({ error: { code: 'PASSPORT_ID_REQUIRED', message: 'passportId is required.' } });[39m
[31m+     const db = req.db!;[39m
[31m+     const result = await db.execute(sql`[39m
[31m+       SELECT name, version, publisher, overall_score AS "overallScore",[39m
[31m+              jsonb_array_length(COALESCE(NULLIF(evidence, '')::jsonb, '[]'::jsonb)) AS "evidenceCount",[39m
[31m+              jsonb_array_length(COALESCE(NULLIF(vulnerabilities, '')::jsonb, '[]'::jsonb)) AS "findingCount"[39m
[31m+       FROM passports[39m
[31m+       WHERE id = ${passportId} AND tenant_id = ${req.user!.tenantId}[39m
[31m+       LIMIT 1[39m
[31m+     `);[39m
[31m+     const passport = (result.rows?.[0] ?? null) as {[39m
[31m+       name?: string; version?: string; publisher?: string; overallScore?: number | null;[39m
[31m+       evidenceCount?: number; findingCount?: number;[39m
[31m+     } | null;[39m
[31m+     if (!passport) return res.status(404).json({ error: { code: 'PASSPORT_NOT_FOUND', message: 'Passport not found.' } });[39m
[31m+     const status = passport.overallScore == null ? 'not verified' : `score ${passport.overallScore}`;[39m
[31m+     return res.json({ passportId, analysis: `${passport.name ?? 'Passport'} ${passport.version ?? ''} by ${passport.publisher ?? 'unknown publisher'} is ${status}. Evidence records: ${passport.evidenceCount ?? 0}. Findings: ${passport.findingCount ?? 0}. Authoritative verification requires durable backend evidence.` });[39m
[31m+   } catch (error) { return next(error); }[39m
[31m+ });[39m
[31m+ app.use('/api/integrations', createIntegrationsRouter());[39m
[31m+ app.use('/api/integrations-live', createLiveIntegrationsRouter());[39m
[31m+ const requireTrustMutationRole = (req: Request, res: Response, next: NextFunction) => { if (['GET', 'HEAD', 'OPTIONS'].includes(req.method)) return next(); return requireRole(['Owner', 'Admin', 'Operator', 'Technician'])(req as AuthenticatedRequest, res, next); };[39m
[31m+ app.use('/api/trust-loop', requireAuth, requireTrustMutationRole);[39m
[31m+ app.use('/api/trust-loop', createTrustLoopRouter());[39m
[31m+ app.use('/api/integration-monitoring', createIntegrationMonitoringRouter());[39m
[31m+ app.use('/api/monitoring', createMonitoringRouter());[39m
[31m+ app.use('/api/agent/v1', createAgentApiRouter());[39m
[31m+ app.use('/api/msp', requireAuth, createMspRouter());[39m
[31m+ app.use('/api/ai-trust', requireAuth, createAiTrustRouter());[39m
[31m+[39m
[31m+ const mcpBearer = process.env.SPR_MCP_BEARER_TOKEN;[39m
[31m+ if (mcpBearer) {[39m
[31m+   const mcpTransport = createMcpTransport({ expectedBearer: mcpBearer, executeTool: async (tool, args) => executePublicMcpTool(tool, args) });[39m
[31m+   app.post('/mcp', async (req, res) => { const response = await mcpTransport(new Request(`${config.appUrl || 'https://localhost'}/mcp`, { method: 'POST', headers: req.headers as Record<string, string>, body: JSON.stringify(req.body) })); res.status(response.status); response.headers.forEach((value, key) => res.setHeader(key, value)); res.send(Buffer.from(await response.arrayBuffer())); });[39m
[31m+ }[39m
[31m+[39m
[31m+ app.use('/api', createScansRouter());[39m
[31m+ app.use('/api/compliance', createComplianceRouter());[39m
[31m+ const publicDir = __dirname;[39m
[31m+ app.use(express.static(publicDir, { index: false, maxAge: config.isProduction ? '1y' : 0 }));[39m
[31m+ app.get('/*splat', (req, res, next) => { if (req.path.startsWith('/api/') || req.path === '/mcp') return next(); return res.sendFile(path.join(publicDir, 'index.html'), error => error ? next(error) : undefined); });[39m
[31m+ app.use((req, res, next) => { if (req.path.startsWith('/api/') || req.path === '/mcp') return res.status(404).json({ error: 'Route not found.', code: 'NOT_FOUND', requestId: res.locals.requestId }); return next(); });[39m
[31m+ app.use((err: any, req: Request, res: Response, next: NextFunction) => { if (res.headersSent) return next(err); const requestId = res.locals.requestId || `req_${randomUUID()}`; const status = Number.isInteger(err?.status) && err.status >= 400 && err.status < 600 ? err.status : 500; console.error('[HTTP_ERROR]', { requestId, status, method: req.method, path: req.path, message: err?.message || String(err) }); if (config.sentry.dsn) Sentry.captureException(err, { tags: { requestId } }); return res.status(status).json({ error: { code: status === 500 ? 'INTERNAL_SERVER_ERROR' : 'REQUEST_FAILED', message: status === 500 ? 'An unexpected server error occurred.' : err?.message || 'Request failed.', requestId } }); });[39m
[31m+ let server: ReturnType<typeof app.listen> | undefined; let shuttingDown = false;[39m
[31m+[39m
[31m+ export function rejectConnectTunnels<T extends ReturnType<typeof app.listen>>(httpServer: T): T {[39m
[31m+   httpServer.on('connect', (_request, socket) => {[39m
[31m+     socket.end('HTTP/1.1 405 Method Not Allowed\r\nConnection: close\r\nContent-Length: 0\r\n\r\n');[39m
[31m+   });[39m
[31m+   return httpServer;[39m
[31m+ }[39m
[31m+[39m
[31m+ async function shutdown(signal: string) { if (shuttingDown) return; shuttingDown = true; console.info(`[SPR] ${signal} received; shutting down gracefully.`); const forceTimer = setTimeout(() => process.exit(1), 15_000); forceTimer.unref(); if (server) await new Promise<void>(resolve => server!.close(() => resolve())); await closeDatabase().catch(error => console.error('[SPR] Database shutdown error:', error)); if (config.sentry.dsn) await Sentry.close(2_000).catch(() => undefined); clearTimeout(forceTimer); process.exit(0); }[39m
[31m+ export async function startServer() {[39m
[31m+   validateConfiguration();[39m
[31m+   try { await ensureInitialSelfPassport(); } catch (error) { console.error('[SPR] Initial self-passport bootstrap failed; continuing startup. /ready will report the database as unavailable.', error); }[39m
[31m+   const host = process.env.HOST || '0.0.0.0'; server = app.listen(config.port, host, () => console.info(`[SPR] listening on http://${host}:${config.port}`)); server.requestTimeout = Number.isFinite(requestTimeoutMs) && requestTimeoutMs > 0 ? requestTimeoutMs : 120_000; server.headersTimeout = Number.isFinite(requestHeaderTimeoutMs) && requestHeaderTimeoutMs > 0 ? requestHeaderTimeoutMs : 15_000; server.keepAliveTimeout = Number.isFinite(keepAliveTimeoutMs) && keepAliveTimeoutMs > 0 ? keepAliveTimeoutMs : 65_000; rejectConnectTunnels(server); return server; }[39m
[31m+ process.once('SIGTERM', () => void shutdown('SIGTERM')); process.once('SIGINT', () => void shutdown('SIGINT')); process.on('unhandledRejection', reason => console.error('[SPR] Unhandled rejection:', reason)); process.on('uncaughtException', error => { console.error('[SPR] Uncaught exception:', error); void shutdown('uncaughtException'); });[39m
[31m+ if (process.env.SPR_SKIP_AUTOSTART !== 'true') void startServer().catch(error => { console.error('[SPR] Startup failed:', error); process.exit(1); });[39m
[31m+ export { app };[39m
[31m+[39m

[36m [2m❯[22m tests/free-review-contract.test.ts:[2m22:20[22m[39m
    [90m 20| [39m  it('is mounted without requireAuth in front of it, unlike the authen…
    [90m 21| [39m    [35mconst[39m server [33m=[39m [34mread[39m([32m'server.ts'[39m)[33m;[39m
    [90m 22| [39m    expect(server).toContain("app.use('/api', createFreeReviewRouter()…
    [90m   | [39m                   [31m^[39m
    [90m 23| [39m    [35mconst[39m freeReviewLine [33m=[39m server[33m.[39m[34mindexOf[39m([32m"createFreeReviewRouter()"[39m)[33m;[39m
    [90m 24| [39m    const surrounding = server.slice(Math.max(0, freeReviewLine - 120)…

[31m[2m⎯⎯⎯⎯⎯⎯⎯⎯⎯⎯⎯⎯⎯⎯⎯⎯⎯⎯⎯⎯⎯[43/141]⎯[22m[39m

[41m[1m FAIL [22m[49m tests/free-review-result-route.test.ts[2m > [22m1-4. the result is URL-addressable and survives navigation[2m > [22mthe result path resolves as a public route
[31m[1mAssertionError[22m: expected 'import { useEffect, useMemo, useState…' to contain 'const FREE_REVIEW_RESULT_PATH'[39m

[32m- Expected[39m
[31m+ Received[39m

[32m- const FREE_REVIEW_RESULT_PATH[39m
[31m+ import { useEffect, useMemo, useState, type ReactNode } from 'react';[39m
[31m+ import { getRedirectResult, onAuthStateChanged, signOut, type User } from 'firebase/auth';[39m
[31m+ import type { Alert, Client, Integration, Scan, SoftwarePassport, Vendor } from './types';[39m
[31m+ import type { VerificationDecision } from './lib/verification/evaluateVerification.ts';[39m
[31m+ import { apiFetch } from './utils/apiClient';[39m
[31m+ import { auth } from './lib/firebase';[39m
[31m+ import CommandCenter from './components/CommandCenter';[39m
[31m+ import ExtensionWorkflow from './components/ExtensionWorkflow';[39m
[31m+ import ExtensionMarketplace from './components/ExtensionMarketplace';[39m
[31m+ import LoginView from './components/LoginView';[39m
[31m+ import EvidenceDashboardView from './components/EvidenceDashboardView';[39m
[31m+ import EvidenceExplorerView from './components/EvidenceExplorerView';[39m
[31m+ import AITrustCenterView from './components/AITrustCenterView';[39m
[31m+ import CoverageView from './components/CoverageView';[39m
[31m+ import AssetsView from './components/AssetsView';[39m
[31m+ import PassportsView from './components/PassportsView';[39m
[31m+ import ScansView from './components/ScansView';[39m
[31m+ import AlertsView from './components/AlertsView';[39m
[31m+ import ClientsView from './components/ClientsView';[39m
[31m+ import VendorsView from './components/VendorsView';[39m
[31m+ import IntegrationsView from './components/IntegrationsView';[39m
[31m+ import BillingView from './components/BillingView';[39m
[31m+ import ComplianceView from './components/ComplianceView';[39m
[31m+ import AgentTrustView from './components/AgentTrustView';[39m
[31m+ import EnterpriseReadinessView from './components/EnterpriseReadinessView';[39m
[31m+ import FounderDashboardView from './components/FounderDashboardView';[39m
[31m+ import InvestorHomeView from './components/InvestorHomeView';[39m
[31m+ import SettingsView from './components/SettingsView';[39m
[31m+ import TeamView from './components/TeamView';[39m
[31m+ import AuditLogView from './components/AuditLogView';[39m
[31m+ import MonitoringView from './components/MonitoringView';[39m
[31m+ import SecurityCenterView from './components/SecurityCenterView';[39m
[31m+ import MSPCommandCenter from './components/MSPCommandCenter';[39m
[31m+ import ReportsView from './components/ReportsView';[39m
[31m+ import TrustGraphView from './components/TrustGraphView';[39m
[31m+ import { EXTENSIONS } from './workflows/extensionRegistry';[39m
[31m+ const PUBLIC_PATHS = new Set(['/','/login','/free-review','/pricing']);[39m
[31m+ const EMPTY_CLIENTS: Client[] = []; const EMPTY_PASSPORTS: SoftwarePassport[] = []; const EMPTY_VENDORS: Vendor[] = []; const EMPTY_INTEGRATIONS: Integration[] = []; const EMPTY_SCANS: Scan[] = []; const EMPTY_ALERTS: Alert[] = [];[39m
[31m+ function deriveAlertStatus(remediationStatus: string | null | undefined, findingStatus: string | null | undefined): Alert['status'] { switch (remediationStatus) { case 'IN_PROGRESS': case 'READY_FOR_VERIFICATION': return 'Acknowledged'; case 'BLOCKED': return 'Snoozed'; case 'VERIFIED': case 'CLOSED': return 'Resolved'; case 'CANCELLED': return 'Cancelled'; case 'OPEN': return 'Active'; default: return String(findingStatus || '').toLowerCase() === 'resolved' ? 'Resolved' : 'Active'; } }[39m
[31m+ function navigate(path: string) { window.history.pushState({}, '', path); window.dispatchEvent(new PopStateEvent('popstate')); }[39m
[31m+ function usePath() { const [path, setPath] = useState(() => window.location.pathname || '/'); useEffect(() => { const update = () => setPath(window.location.pathname || '/'); window.addEventListener('popstate', update); return () => window.removeEventListener('popstate', update); }, []); return path; }[39m
[31m+ function AuthLoading() { return <div className="grid min-h-screen place-items-center bg-[#faf9f8] text-[#201f1e]"><div className="text-center"><div className="mx-auto grid h-10 w-10 place-items-center rounded bg-[#0f6cbd] text-xs font-bold text-white">S</div><div className="mt-4 text-[11px] font-semibold uppercase tracking-wide text-[#605e5c]">Securing workspace</div><div className="mt-1 text-[12px] text-[#8a8886]">Checking authenticated session…</div></div></div>; }[39m
[31m+ function CoverPage() { return <div className="min-h-screen bg-[#faf9f8] text-[#201f1e]"><div className="mx-auto flex min-h-screen max-w-5xl items-center px-6 py-16"><div className="max-w-3xl"><div className="mb-5 inline-flex items-center gap-1.5 rounded border border-[#e1dfdd] bg-white px-2.5 py-1 text-[11px] font-semibold uppercase tracking-wide text-[#605e5c]">Evidence-first software trust</div><h1 className="text-[28px] font-semibold tracking-tight md:text-[34px]">Software trust, operated as a system.</h1><p className="mt-4 max-w-2xl text-[14px] leading-6 text-[#605e5c]">Software Passport Registry turns software identity, security, provenance, reliability, compliance, and evidence into repeatable workflows for teams, buyers, and managed service providers.</p><div className="mt-6 flex flex-wrap gap-2"><button onClick={() => navigate('/login')} className="h-9 rounded bg-[#0f6cbd] px-4 text-[13px] font-semibold text-white hover:bg-[#004578]">Enter SPR</button><button onClick={() => navigate('/free-review')} className="h-9 rounded border border-[#c8c6c4] bg-white px-4 text-[13px] font-medium text-[#323130] hover:bg-black/[.03]">Free review</button></div></div></div></div>; }[39m
[31m+ function PublicPage({ title, description, action, onAction }: { title: string; description: string; action: string; onAction: () => void }) { return <div className="grid min-h-screen place-items-center bg-[#faf9f8] px-6 text-[#201f1e]"><div className="max-w-md rounded-md border border-[#e1dfdd] bg-white p-6 text-center"><div className="text-[11px] font-semibold uppercase tracking-wide text-[#605e5c]">Software Passport Registry</div><h1 className="mt-2 text-[20px] font-semibold">{title}</h1><p className="mt-2 text-[13px] leading-5 text-[#605e5c]">{description}</p><button onClick={onAction} className="mt-5 h-9 rounded bg-[#0f6cbd] px-4 text-[13px] font-semibold text-white hover:bg-[#004578]">{action}</button></div></div>; }[39m
[31m+ function WorkflowBoundary({ title, description, extensionId, onNavigate }: { title: string; description: string; extensionId?: string; onNavigate: (path: string) => void }) { const extension = extensionId ? EXTENSIONS.find((item) => item.id === extensionId) : undefined; return <section><div className="rounded-md border border-[#e1dfdd] bg-white p-5"><div className="text-[11px] font-semibold uppercase tracking-wide text-[#605e5c]">Workflow boundary</div><h1 className="mt-1.5 text-[20px] font-semibold tracking-tight">{title}</h1><p className="mt-2 max-w-2xl text-[13px] leading-5 text-[#605e5c]">{description}</p>{extension && <button onClick={() => onNavigate(extension.entryPath)} className="mt-4 h-8 rounded bg-[#0f6cbd] px-3 text-[12px] font-semibold text-white hover:bg-[#004578]">Open {extension.name} →</button>}</div></section>; }[39m
[31m+ export default function App() {[39m
[31m+  const path=usePath(); const [authReady,setAuthReady]=useState(false); const [user,setUser]=useState<User|null>(null); const [role,setRole]=useState('Viewer'); const [selectedClientId,setSelectedClientId]=useState(''); const [selectedPassportId,setSelectedPassportId]=useState<string|null>(null); const [assets,setAssets]=useState<any[]>([]); const [clients,setClients]=useState<Client[]>(EMPTY_CLIENTS); const [passports,setPassports]=useState<SoftwarePassport[]>(EMPTY_PASSPORTS); const [vendors,setVendors]=useState<Vendor[]>(EMPTY_VENDORS); const [alerts,setAlerts]=useState<Alert[]>(EMPTY_ALERTS); const [findings,setFindings]=useState<unknown[]>([]); const [scans,setScans]=useState<Scan[]>(EMPTY_SCANS); const [integrations,setIntegrations]=useState<Integration[]>(EMPTY_INTEGRATIONS); const [theme,setTheme]=useState<'light'|'dark'>('dark'); const [verificationDecisions,setVerificationDecisions]=useState<Record<string,VerificationDecision>>({}); const [verificationDetails,setVerificationDetails]=useState<Record<string,unknown>>({});[39m
[31m+  useEffect(()=>{let mounted=true;let redirectSettled=false;let observedUser:User|null=null;const timeoutId=window.setTimeout(()=>{if(mounted)setAuthReady(true)},10000);const unsubscribe=onAuthStateChanged(auth,(currentUser)=>{if(!mounted)return;observedUser=currentUser;if(!redirectSettled)return;setUser(currentUser);setAuthReady(true);window.clearTimeout(timeoutId)},()=>{if(mounted){setAuthReady(true);window.clearTimeout(timeoutId)}});void getRedirectResult(auth).then(result=>{redirectSettled=true;if(mounted)setUser(result?.user||observedUser);if(mounted)setAuthReady(true);window.clearTimeout(timeoutId)}).catch(error=>{redirectSettled=true;console.error('[Firebase redirect sign-in error]',error);if(mounted)setUser(observedUser);if(mounted)setAuthReady(true);window.clearTimeout(timeoutId)});return()=>{mounted=false;window.clearTimeout(timeoutId);unsubscribe()}},[]);[39m
[31m+  useEffect(()=>{if(authReady&&!user&&!PUBLIC_PATHS.has(path))navigate('/login')},[authReady,user,path]);[39m
[31m+  useEffect(()=>{if(!user)return;let cancelled=false;const load=async()=>{const responses=await Promise.all([apiFetch('/api/user/me'),apiFetch('/api/scans'),apiFetch('/api/trust-loop/findings'),apiFetch('/api/user/passports'),apiFetch('/api/user/clients'),apiFetch('/api/integrations'),apiFetch('/api/user/verification')]);if(responses.some(r=>r.status===401)){await signOut(auth);navigate('/login');return}const [me,scansResponse,findingsResponse,passportsResponse,clientsResponse,integrationsResponse,verificationResponse]=responses;if(verificationResponse.ok){const data=await verificationResponse.json().catch(()=>null);if(!cancelled){setVerificationDecisions(data?.verificationDecisions&&typeof data.verificationDecisions==='object'?data.verificationDecisions:{});setVerificationDetails(data?.verificationDetails&&typeof data.verificationDetails==='object'?data.verificationDetails:{})}}else if(!cancelled){setVerificationDecisions({});setVerificationDetails({})}if(me.ok){const data=await me.json().catch(()=>null);if(!cancelled)setRole(String(data?.role||'Viewer'))}if(scansResponse.ok){const data=await scansResponse.json().catch(()=>[]);if(!cancelled&&Array.isArray(data))setScans(data)}if(findingsResponse.ok){const data=await findingsResponse.json().catch(()=>[]);const rows=Array.isArray(data)?data:data?.findings;if(!cancelled&&Array.isArray(rows)){setFindings(rows);setAlerts(rows.map((row:any)=>({id:String(row.id),title:String(row.title||row.control_id||'Trust finding'),severity:String(row.severity||'Low').replace(/^./,(s:string)=>s.toUpperCase()),category:'Trust finding',clientName:String(row.client_id||'Tenant'),description:String(row.description||'Evidence-backed finding'),timestamp:String(row.updated_at||''),status:deriveAlertStatus(row.remediation_status,row.status),remediationId:row.remediation_id?String(row.remediation_id):null,ownerDisplay:row.remediation_owner_display||null,slaDueAt:row.remediation_sla_due_at||null})) as Alert[])}}if(passportsResponse.ok){const data=await passportsResponse.json().catch(()=>[]);const rows=Array.isArray(data)?data:data?.passports;if(!cancelled&&Array.isArray(rows)){const normalized=rows.map((row:any)=>({...row,id:String(row.id),name:String(row.name||'Unnamed software'),version:String(row.version||'unknown'),publisher:String(row.publisher||'unknown'),clientId:row.clientId?String(row.clientId):undefined,evidence:Array.isArray(row.evidence)?row.evidence:[],vulnerabilities:Array.isArray(row.vulnerabilities)?row.vulnerabilities:[],timeline:Array.isArray(row.timeline)?row.timeline:[],sbom:Array.isArray(row.sbom)?row.sbom:[],scores:null,scoreStatus:row.scoreStatus||'not_authoritatively_scored'})) as SoftwarePassport[];setPassports(normalized);setAssets(normalized.map((passport:any)=>({id:passport.id,name:passport.name,hostName:passport.name,type:passport.category||'software',clientId:passport.clientId,clientName:String(passport.clientId||'Unobserved'),environment:String(passport.environment||'Unobserved'),version:passport.version})));setVendors(EMPTY_VENDORS)}}if(clientsResponse.ok){const data=await clientsResponse.json().catch(()=>[]);const rows=Array.isArray(data)?data:data?.clients;if(!cancelled&&Array.isArray(rows))setClients(rows.map((row:any)=>({...row,id:String(row.id),name:String(row.name||row.company_name||'Unnamed client')})) as Client[])}if(integrationsResponse.ok){const data=await integrationsResponse.json().catch(()=>[]);if(!cancelled&&Array.isArray(data))setIntegrations(data)}};void load().catch(error=>console.warn('[SPR command center load]',error));return()=>{cancelled=true}},[user]);[39m
[31m+  useEffect(()=>{const refresh=()=>{if(user)window.location.reload()};window.addEventListener('refresh-data',refresh);return()=>window.removeEventListener('refresh-data',refresh)},[user]);[39m
[31m+  const onNavigateTab=(target:string,itemId?:string)=>navigate(itemId?`${target.startsWith('/')?target:`/${target}`}/${encodeURIComponent(itemId)}`:target.startsWith('/')?target:`/${target}`); const quickAction=(action:'add-client'|'register-passport'|'scan-sbom')=>navigate(action==='add-client'?'/clients':action==='register-passport'?'/passports':'/scans');[39m
[31m+  const performAlertAction=async(alert:Alert,action:'acknowledge'|'assign'|'resolve'|'escalate'|'snooze'|'reopen',assigneeDisplay?:string)=>{let remediationId=alert.remediationId;if(!remediationId){const created=await apiFetch('/api/trust-loop/remediations',{method:'POST',headers:{'Content-Type':'application/json'},body:JSON.stringify({findingId:alert.id,title:alert.title,description:alert.description,priority:alert.severity.toUpperCase()})});if(!created.ok)return;const createdBody=await created.json().catch(()=>null);remediationId=createdBody?.id?String(createdBody.id):undefined;if(!remediationId)return}const patchBody:Record<string,unknown>={acknowledge:{status:'IN_PROGRESS'},resolve:{status:'CLOSED'},snooze:{status:'BLOCKED'},reopen:{status:'OPEN'},escalate:{status:'IN_PROGRESS',slaDueAt:new Date(Date.now()+4*3600*1000).toISOString()},assign:{status:'IN_PROGRESS',ownerDisplay:assigneeDisplay||''}}[action];const response=await apiFetch(`/api/trust-loop/remediations/${encodeURIComponent(remediationId)}`,{method:'PATCH',headers:{'Content-Type':'application/json'},body:JSON.stringify(patchBody)});if(!response.ok)return;const updated=await response.json().catch(()=>null);setAlerts(current=>current.map(item=>item.id===alert.id?{...item,remediationId,status:deriveAlertStatus(updated?.status??String(patchBody.status),null),ownerDisplay:updated?.owner_display??(patchBody.ownerDisplay as string|undefined)??item.ownerDisplay,slaDueAt:updated?.sla_due_at??(patchBody.slaDueAt as string|undefined)??item.slaDueAt}:item))};[39m
[31m+  const selectedExtension=useMemo(()=>{const match=path.match(/^\/extensions\/([^/]+)/);return match?decodeURIComponent(match[1]):null},[path]);const signOutUser=async()=>{await signOut(auth);navigate('/login')};[39m
[31m+  if(!authReady)return <AuthLoading/>;if(path==='/')return <CoverPage/>;if(path==='/login')return user?<AuthLoading/>:<LoginView onLoginSuccess={()=>navigate('/dashboard')}/>;if(!user&&path==='/free-review')return <PublicPage title="Free software review" description="Start an evidence-first review from the public entry point." action="Sign in to continue" onAction={()=>navigate('/login')}/>;if(!user&&path==='/pricing')return <PublicPage title="SPR plans" description="Account and billing capabilities are available inside the authenticated workspace." action="Enter SPR" onAction={()=>navigate('/login')}/>;if(!user)return <AuthLoading/>;[39m
[31m+  let view:ReactNode;if(selectedExtension)view=<ExtensionWorkflow id={selectedExtension} onNavigate={navigate}/>;else switch(path){case '/dashboard':view=<EvidenceDashboardView clients={clients} alerts={alerts} scans={scans} passports={passports} findings={findings} onNavigateTab={onNavigateTab} onOpenQuickAction={quickAction}/>;break;case '/coverage':view=<CoverageView clients={clients} scans={scans} passports={passports} onNavigateTab={onNavigateTab}/>;break;case '/evidence-explorer':view=<EvidenceExplorerView passports={passports}/>;break;case '/assets':view=<AssetsView clients={clients} searchQuery="" assets={assets}/>;break;case '/passports':case '/registry':view=<PassportsView verificationDecisions={verificationDecisions} verificationDetails={verificationDetails} passports={passports} selectedPassportId={selectedPassportId} setSelectedPassportId={setSelectedPassportId} searchQuery="" clients={clients} assets={assets} role={role} onNavigateTab={onNavigateTab} onUpdatePassport={passport=>setPassports(current=>current.map(item=>item.id===passport.id?passport:item))}/>;break;case '/scans':view=<ScansView scans={scans} clients={clients} assets={assets} passports={passports} role={role} onTriggerNewScan={scan=>setScans(current=>[scan,...current.filter(item=>item.id!==scan.id)].slice(0,100))}/>;break;case '/alerts':view=<AlertsView alerts={alerts} onAlertAction={performAlertAction}/>;break;case '/reports':view=<ReportsView clients={clients} passports={passports} scans={scans} alerts={alerts} findings={findings} role={role}/>;break;case '/trust-graph':view=<TrustGraphView clients={clients} passports={passports} assets={assets} findings={findings}/>;/* onSelectPassport={setSelectedPassportId} */break;case '/clients':view=<ClientsView clients={clients} selectedClientId={selectedClientId} setSelectedClientId={setSelectedClientId} passports={passports} onNavigateTab={onNavigateTab} searchQuery=""/>;break;case '/vendors':view=<VendorsView vendors={vendors} searchQuery=""/>;break;case '/integrations':view=<IntegrationsView passports={passports} onNavigateTab={onNavigateTab}/>;break;case '/monitoring':view=<MonitoringView role={role}/>;break;case '/security':view=<SecurityCenterView clients={clients} passports={passports}/>;break;case '/compliance':view=<ComplianceView clients={clients} role={role}/>;break;case '/msp':view=<MSPCommandCenter verificationDecisions={verificationDecisions} verificationDetails={verificationDetails} clients={clients} alerts={alerts} findings={findings} role={role} onSelectClient={setSelectedClientId} onNavigate={navigate}/>;break;case '/agent-trust':view=<AgentTrustView/>;break;case '/ai-trust-center':view=<AITrustCenterView role={role}/>;break;case '/enterprise-readiness':view=<EnterpriseReadinessView clients={clients}/>;break;case '/investor':view=<InvestorHomeView passports={passports} clients={clients} alerts={alerts} onShowTelemetry={()=>navigate('/scans')} onNavigateTab={onNavigateTab}/>;break;case '/founder':view=<FounderDashboardView userRole={role}/>;break;case '/billing':view=<BillingView/>;break;case '/settings':view=<SettingsView theme={theme} onToggleTheme={()=>setTheme(current=>current==='dark'?'light':'dark')}/>;break;case '/team':view=<TeamView role={role}/>;break;case '/audit-log':view=<AuditLogView/>;break;case '/extensions':view=<ExtensionMarketplace onNavigateTab={onNavigateTab} role={role}/>;break;default:view=<WorkflowBoundary title="Workflow" description="This authenticated capability is explicitly routed through the Command Center. Choose its owning workflow from the left rail." onNavigate={navigate}/>}[39m
[31m+  return <CommandCenter path={path} userEmail={user.email} role={role} onNavigate={navigate} onSignOut={()=>void signOutUser()}>{view}</CommandCenter>;[39m
[31m+ }[39m
[31m+[39m

[36m [2m❯[22m tests/free-review-result-route.test.ts:[2m30:17[22m[39m
    [90m 28| [39m  [34mit[39m([32m'the result path resolves as a public route'[39m[33m,[39m () [33m=>[39m {
    [90m 29| [39m    expect(PATTERN.test(freeReviewResultPath(SHA_ID, TOKEN))).toBe(tru…
    [90m 30| [39m    [34mexpect[39m(app)[33m.[39m[34mtoContain[39m([32m'const FREE_REVIEW_RESULT_PATH'[39m)[33m;[39m
    [90m   | [39m                [31m^[39m
    [90m 31| [39m    [34mexpect[39m(app)[33m.[39m[34mtoContain[39m([32m'function isPublicPath'[39m)[33m;[39m
    [90m 32| [39m    [34mexpect[39m(app)[33m.[39m[34mtoContain[39m([32m'!isPublicPath(path)'[39m)[33m;[39m

[31m[2m⎯⎯⎯⎯⎯⎯⎯⎯⎯⎯⎯⎯⎯⎯⎯⎯⎯⎯⎯⎯⎯[44/141]⎯[22m[39m

[41m[1m FAIL [22m[49m tests/free-review-result-route.test.ts[2m > [22m9-12. no privilege, tenant or secret exposure[2m > [22mno authentication is bypassed - the route was never authenticated
[31m[1mAssertionError[22m: expected 'import { useEffect, useMemo, useState…' to contain '!isPublicPath(path)'[39m

[32m- Expected[39m
[31m+ Received[39m

[32m- !isPublicPath(path)[39m
[31m+ import { useEffect, useMemo, useState, type ReactNode } from 'react';[39m
[31m+ import { getRedirectResult, onAuthStateChanged, signOut, type User } from 'firebase/auth';[39m
[31m+ import type { Alert, Client, Integration, Scan, SoftwarePassport, Vendor } from './types';[39m
[31m+ import type { VerificationDecision } from './lib/verification/evaluateVerification.ts';[39m
[31m+ import { apiFetch } from './utils/apiClient';[39m
[31m+ import { auth } from './lib/firebase';[39m
[31m+ import CommandCenter from './components/CommandCenter';[39m
[31m+ import ExtensionWorkflow from './components/ExtensionWorkflow';[39m
[31m+ import ExtensionMarketplace from './components/ExtensionMarketplace';[39m
[31m+ import LoginView from './components/LoginView';[39m
[31m+ import EvidenceDashboardView from './components/EvidenceDashboardView';[39m
[31m+ import EvidenceExplorerView from './components/EvidenceExplorerView';[39m
[31m+ import AITrustCenterView from './components/AITrustCenterView';[39m
[31m+ import CoverageView from './components/CoverageView';[39m
[31m+ import AssetsView from './components/AssetsView';[39m
[31m+ import PassportsView from './components/PassportsView';[39m
[31m+ import ScansView from './components/ScansView';[39m
[31m+ import AlertsView from './components/AlertsView';[39m
[31m+ import ClientsView from './components/ClientsView';[39m
[31m+ import VendorsView from './components/VendorsView';[39m
[31m+ import IntegrationsView from './components/IntegrationsView';[39m
[31m+ import BillingView from './components/BillingView';[39m
[31m+ import ComplianceView from './components/ComplianceView';[39m
[31m+ import AgentTrustView from './components/AgentTrustView';[39m
[31m+ import EnterpriseReadinessView from './components/EnterpriseReadinessView';[39m
[31m+ import FounderDashboardView from './components/FounderDashboardView';[39m
[31m+ import InvestorHomeView from './components/InvestorHomeView';[39m
[31m+ import SettingsView from './components/SettingsView';[39m
[31m+ import TeamView from './components/TeamView';[39m
[31m+ import AuditLogView from './components/AuditLogView';[39m
[31m+ import MonitoringView from './components/MonitoringView';[39m
[31m+ import SecurityCenterView from './components/SecurityCenterView';[39m
[31m+ import MSPCommandCenter from './components/MSPCommandCenter';[39m
[31m+ import ReportsView from './components/ReportsView';[39m
[31m+ import TrustGraphView from './components/TrustGraphView';[39m
[31m+ import { EXTENSIONS } from './workflows/extensionRegistry';[39m
[31m+ const PUBLIC_PATHS = new Set(['/','/login','/free-review','/pricing']);[39m
[31m+ const EMPTY_CLIENTS: Client[] = []; const EMPTY_PASSPORTS: SoftwarePassport[] = []; const EMPTY_VENDORS: Vendor[] = []; const EMPTY_INTEGRATIONS: Integration[] = []; const EMPTY_SCANS: Scan[] = []; const EMPTY_ALERTS: Alert[] = [];[39m
[31m+ function deriveAlertStatus(remediationStatus: string | null | undefined, findingStatus: string | null | undefined): Alert['status'] { switch (remediationStatus) { case 'IN_PROGRESS': case 'READY_FOR_VERIFICATION': return 'Acknowledged'; case 'BLOCKED': return 'Snoozed'; case 'VERIFIED': case 'CLOSED': return 'Resolved'; case 'CANCELLED': return 'Cancelled'; case 'OPEN': return 'Active'; default: return String(findingStatus || '').toLowerCase() === 'resolved' ? 'Resolved' : 'Active'; } }[39m
[31m+ function navigate(path: string) { window.history.pushState({}, '', path); window.dispatchEvent(new PopStateEvent('popstate')); }[39m
[31m+ function usePath() { const [path, setPath] = useState(() => window.location.pathname || '/'); useEffect(() => { const update = () => setPath(window.location.pathname || '/'); window.addEventListener('popstate', update); return () => window.removeEventListener('popstate', update); }, []); return path; }[39m
[31m+ function AuthLoading() { return <div className="grid min-h-screen place-items-center bg-[#faf9f8] text-[#201f1e]"><div className="text-center"><div className="mx-auto grid h-10 w-10 place-items-center rounded bg-[#0f6cbd] text-xs font-bold text-white">S</div><div className="mt-4 text-[11px] font-semibold uppercase tracking-wide text-[#605e5c]">Securing workspace</div><div className="mt-1 text-[12px] text-[#8a8886]">Checking authenticated session…</div></div></div>; }[39m
[31m+ function CoverPage() { return <div className="min-h-screen bg-[#faf9f8] text-[#201f1e]"><div className="mx-auto flex min-h-screen max-w-5xl items-center px-6 py-16"><div className="max-w-3xl"><div className="mb-5 inline-flex items-center gap-1.5 rounded border border-[#e1dfdd] bg-white px-2.5 py-1 text-[11px] font-semibold uppercase tracking-wide text-[#605e5c]">Evidence-first software trust</div><h1 className="text-[28px] font-semibold tracking-tight md:text-[34px]">Software trust, operated as a system.</h1><p className="mt-4 max-w-2xl text-[14px] leading-6 text-[#605e5c]">Software Passport Registry turns software identity, security, provenance, reliability, compliance, and evidence into repeatable workflows for teams, buyers, and managed service providers.</p><div className="mt-6 flex flex-wrap gap-2"><button onClick={() => navigate('/login')} className="h-9 rounded bg-[#0f6cbd] px-4 text-[13px] font-semibold text-white hover:bg-[#004578]">Enter SPR</button><button onClick={() => navigate('/free-review')} className="h-9 rounded border border-[#c8c6c4] bg-white px-4 text-[13px] font-medium text-[#323130] hover:bg-black/[.03]">Free review</button></div></div></div></div>; }[39m
[31m+ function PublicPage({ title, description, action, onAction }: { title: string; description: string; action: string; onAction: () => void }) { return <div className="grid min-h-screen place-items-center bg-[#faf9f8] px-6 text-[#201f1e]"><div className="max-w-md rounded-md border border-[#e1dfdd] bg-white p-6 text-center"><div className="text-[11px] font-semibold uppercase tracking-wide text-[#605e5c]">Software Passport Registry</div><h1 className="mt-2 text-[20px] font-semibold">{title}</h1><p className="mt-2 text-[13px] leading-5 text-[#605e5c]">{description}</p><button onClick={onAction} className="mt-5 h-9 rounded bg-[#0f6cbd] px-4 text-[13px] font-semibold text-white hover:bg-[#004578]">{action}</button></div></div>; }[39m
[31m+ function WorkflowBoundary({ title, description, extensionId, onNavigate }: { title: string; description: string; extensionId?: string; onNavigate: (path: string) => void }) { const extension = extensionId ? EXTENSIONS.find((item) => item.id === extensionId) : undefined; return <section><div className="rounded-md border border-[#e1dfdd] bg-white p-5"><div className="text-[11px] font-semibold uppercase tracking-wide text-[#605e5c]">Workflow boundary</div><h1 className="mt-1.5 text-[20px] font-semibold tracking-tight">{title}</h1><p className="mt-2 max-w-2xl text-[13px] leading-5 text-[#605e5c]">{description}</p>{extension && <button onClick={() => onNavigate(extension.entryPath)} className="mt-4 h-8 rounded bg-[#0f6cbd] px-3 text-[12px] font-semibold text-white hover:bg-[#004578]">Open {extension.name} →</button>}</div></section>; }[39m
[31m+ export default function App() {[39m
[31m+  const path=usePath(); const [authReady,setAuthReady]=useState(false); const [user,setUser]=useState<User|null>(null); const [role,setRole]=useState('Viewer'); const [selectedClientId,setSelectedClientId]=useState(''); const [selectedPassportId,setSelectedPassportId]=useState<string|null>(null); const [assets,setAssets]=useState<any[]>([]); const [clients,setClients]=useState<Client[]>(EMPTY_CLIENTS); const [passports,setPassports]=useState<SoftwarePassport[]>(EMPTY_PASSPORTS); const [vendors,setVendors]=useState<Vendor[]>(EMPTY_VENDORS); const [alerts,setAlerts]=useState<Alert[]>(EMPTY_ALERTS); const [findings,setFindings]=useState<unknown[]>([]); const [scans,setScans]=useState<Scan[]>(EMPTY_SCANS); const [integrations,setIntegrations]=useState<Integration[]>(EMPTY_INTEGRATIONS); const [theme,setTheme]=useState<'light'|'dark'>('dark'); const [verificationDecisions,setVerificationDecisions]=useState<Record<string,VerificationDecision>>({}); const [verificationDetails,setVerificationDetails]=useState<Record<string,unknown>>({});[39m
[31m+  useEffect(()=>{let mounted=true;let redirectSettled=false;let observedUser:User|null=null;const timeoutId=window.setTimeout(()=>{if(mounted)setAuthReady(true)},10000);const unsubscribe=onAuthStateChanged(auth,(currentUser)=>{if(!mounted)return;observedUser=currentUser;if(!redirectSettled)return;setUser(currentUser);setAuthReady(true);window.clearTimeout(timeoutId)},()=>{if(mounted){setAuthReady(true);window.clearTimeout(timeoutId)}});void getRedirectResult(auth).then(result=>{redirectSettled=true;if(mounted)setUser(result?.user||observedUser);if(mounted)setAuthReady(true);window.clearTimeout(timeoutId)}).catch(error=>{redirectSettled=true;console.error('[Firebase redirect sign-in error]',error);if(mounted)setUser(observedUser);if(mounted)setAuthReady(true);window.clearTimeout(timeoutId)});return()=>{mounted=false;window.clearTimeout(timeoutId);unsubscribe()}},[]);[39m
[31m+  useEffect(()=>{if(authReady&&!user&&!PUBLIC_PATHS.has(path))navigate('/login')},[authReady,user,path]);[39m
[31m+  useEffect(()=>{if(!user)return;let cancelled=false;const load=async()=>{const responses=await Promise.all([apiFetch('/api/user/me'),apiFetch('/api/scans'),apiFetch('/api/trust-loop/findings'),apiFetch('/api/user/passports'),apiFetch('/api/user/clients'),apiFetch('/api/integrations'),apiFetch('/api/user/verification')]);if(responses.some(r=>r.status===401)){await signOut(auth);navigate('/login');return}const [me,scansResponse,findingsResponse,passportsResponse,clientsResponse,integrationsResponse,verificationResponse]=responses;if(verificationResponse.ok){const data=await verificationResponse.json().catch(()=>null);if(!cancelled){setVerificationDecisions(data?.verificationDecisions&&typeof data.verificationDecisions==='object'?data.verificationDecisions:{});setVerificationDetails(data?.verificationDetails&&typeof data.verificationDetails==='object'?data.verificationDetails:{})}}else if(!cancelled){setVerificationDecisions({});setVerificationDetails({})}if(me.ok){const data=await me.json().catch(()=>null);if(!cancelled)setRole(String(data?.role||'Viewer'))}if(scansResponse.ok){const data=await scansResponse.json().catch(()=>[]);if(!cancelled&&Array.isArray(data))setScans(data)}if(findingsResponse.ok){const data=await findingsResponse.json().catch(()=>[]);const rows=Array.isArray(data)?data:data?.findings;if(!cancelled&&Array.isArray(rows)){setFindings(rows);setAlerts(rows.map((row:any)=>({id:String(row.id),title:String(row.title||row.control_id||'Trust finding'),severity:String(row.severity||'Low').replace(/^./,(s:string)=>s.toUpperCase()),category:'Trust finding',clientName:String(row.client_id||'Tenant'),description:String(row.description||'Evidence-backed finding'),timestamp:String(row.updated_at||''),status:deriveAlertStatus(row.remediation_status,row.status),remediationId:row.remediation_id?String(row.remediation_id):null,ownerDisplay:row.remediation_owner_display||null,slaDueAt:row.remediation_sla_due_at||null})) as Alert[])}}if(passportsResponse.ok){const data=await passportsResponse.json().catch(()=>[]);const rows=Array.isArray(data)?data:data?.passports;if(!cancelled&&Array.isArray(rows)){const normalized=rows.map((row:any)=>({...row,id:String(row.id),name:String(row.name||'Unnamed software'),version:String(row.version||'unknown'),publisher:String(row.publisher||'unknown'),clientId:row.clientId?String(row.clientId):undefined,evidence:Array.isArray(row.evidence)?row.evidence:[],vulnerabilities:Array.isArray(row.vulnerabilities)?row.vulnerabilities:[],timeline:Array.isArray(row.timeline)?row.timeline:[],sbom:Array.isArray(row.sbom)?row.sbom:[],scores:null,scoreStatus:row.scoreStatus||'not_authoritatively_scored'})) as SoftwarePassport[];setPassports(normalized);setAssets(normalized.map((passport:any)=>({id:passport.id,name:passport.name,hostName:passport.name,type:passport.category||'software',clientId:passport.clientId,clientName:String(passport.clientId||'Unobserved'),environment:String(passport.environment||'Unobserved'),version:passport.version})));setVendors(EMPTY_VENDORS)}}if(clientsResponse.ok){const data=await clientsResponse.json().catch(()=>[]);const rows=Array.isArray(data)?data:data?.clients;if(!cancelled&&Array.isArray(rows))setClients(rows.map((row:any)=>({...row,id:String(row.id),name:String(row.name||row.company_name||'Unnamed client')})) as Client[])}if(integrationsResponse.ok){const data=await integrationsResponse.json().catch(()=>[]);if(!cancelled&&Array.isArray(data))setIntegrations(data)}};void load().catch(error=>console.warn('[SPR command center load]',error));return()=>{cancelled=true}},[user]);[39m
[31m+  useEffect(()=>{const refresh=()=>{if(user)window.location.reload()};window.addEventListener('refresh-data',refresh);return()=>window.removeEventListener('refresh-data',refresh)},[user]);[39m
[31m+  const onNavigateTab=(target:string,itemId?:string)=>navigate(itemId?`${target.startsWith('/')?target:`/${target}`}/${encodeURIComponent(itemId)}`:target.startsWith('/')?target:`/${target}`); const quickAction=(action:'add-client'|'register-passport'|'scan-sbom')=>navigate(action==='add-client'?'/clients':action==='register-passport'?'/passports':'/scans');[39m
[31m+  const performAlertAction=async(alert:Alert,action:'acknowledge'|'assign'|'resolve'|'escalate'|'snooze'|'reopen',assigneeDisplay?:string)=>{let remediationId=alert.remediationId;if(!remediationId){const created=await apiFetch('/api/trust-loop/remediations',{method:'POST',headers:{'Content-Type':'application/json'},body:JSON.stringify({findingId:alert.id,title:alert.title,description:alert.description,priority:alert.severity.toUpperCase()})});if(!created.ok)return;const createdBody=await created.json().catch(()=>null);remediationId=createdBody?.id?String(createdBody.id):undefined;if(!remediationId)return}const patchBody:Record<string,unknown>={acknowledge:{status:'IN_PROGRESS'},resolve:{status:'CLOSED'},snooze:{status:'BLOCKED'},reopen:{status:'OPEN'},escalate:{status:'IN_PROGRESS',slaDueAt:new Date(Date.now()+4*3600*1000).toISOString()},assign:{status:'IN_PROGRESS',ownerDisplay:assigneeDisplay||''}}[action];const response=await apiFetch(`/api/trust-loop/remediations/${encodeURIComponent(remediationId)}`,{method:'PATCH',headers:{'Content-Type':'application/json'},body:JSON.stringify(patchBody)});if(!response.ok)return;const updated=await response.json().catch(()=>null);setAlerts(current=>current.map(item=>item.id===alert.id?{...item,remediationId,status:deriveAlertStatus(updated?.status??String(patchBody.status),null),ownerDisplay:updated?.owner_display??(patchBody.ownerDisplay as string|undefined)??item.ownerDisplay,slaDueAt:updated?.sla_due_at??(patchBody.slaDueAt as string|undefined)??item.slaDueAt}:item))};[39m
[31m+  const selectedExtension=useMemo(()=>{const match=path.match(/^\/extensions\/([^/]+)/);return match?decodeURIComponent(match[1]):null},[path]);const signOutUser=async()=>{await signOut(auth);navigate('/login')};[39m
[31m+  if(!authReady)return <AuthLoading/>;if(path==='/')return <CoverPage/>;if(path==='/login')return user?<AuthLoading/>:<LoginView onLoginSuccess={()=>navigate('/dashboard')}/>;if(!user&&path==='/free-review')return <PublicPage title="Free software review" description="Start an evidence-first review from the public entry point." action="Sign in to continue" onAction={()=>navigate('/login')}/>;if(!user&&path==='/pricing')return <PublicPage title="SPR plans" description="Account and billing capabilities are available inside the authenticated workspace." action="Enter SPR" onAction={()=>navigate('/login')}/>;if(!user)return <AuthLoading/>;[39m
[31m+  let view:ReactNode;if(selectedExtension)view=<ExtensionWorkflow id={selectedExtension} onNavigate={navigate}/>;else switch(path){case '/dashboard':view=<EvidenceDashboardView clients={clients} alerts={alerts} scans={scans} passports={passports} findings={findings} onNavigateTab={onNavigateTab} onOpenQuickAction={quickAction}/>;break;case '/coverage':view=<CoverageView clients={clients} scans={scans} passports={passports} onNavigateTab={onNavigateTab}/>;break;case '/evidence-explorer':view=<EvidenceExplorerView passports={passports}/>;break;case '/assets':view=<AssetsView clients={clients} searchQuery="" assets={assets}/>;break;case '/passports':case '/registry':view=<PassportsView verificationDecisions={verificationDecisions} verificationDetails={verificationDetails} passports={passports} selectedPassportId={selectedPassportId} setSelectedPassportId={setSelectedPassportId} searchQuery="" clients={clients} assets={assets} role={role} onNavigateTab={onNavigateTab} onUpdatePassport={passport=>setPassports(current=>current.map(item=>item.id===passport.id?passport:item))}/>;break;case '/scans':view=<ScansView scans={scans} clients={clients} assets={assets} passports={passports} role={role} onTriggerNewScan={scan=>setScans(current=>[scan,...current.filter(item=>item.id!==scan.id)].slice(0,100))}/>;break;case '/alerts':view=<AlertsView alerts={alerts} onAlertAction={performAlertAction}/>;break;case '/reports':view=<ReportsView clients={clients} passports={passports} scans={scans} alerts={alerts} findings={findings} role={role}/>;break;case '/trust-graph':view=<TrustGraphView clients={clients} passports={passports} assets={assets} findings={findings}/>;/* onSelectPassport={setSelectedPassportId} */break;case '/clients':view=<ClientsView clients={clients} selectedClientId={selectedClientId} setSelectedClientId={setSelectedClientId} passports={passports} onNavigateTab={onNavigateTab} searchQuery=""/>;break;case '/vendors':view=<VendorsView vendors={vendors} searchQuery=""/>;break;case '/integrations':view=<IntegrationsView passports={passports} onNavigateTab={onNavigateTab}/>;break;case '/monitoring':view=<MonitoringView role={role}/>;break;case '/security':view=<SecurityCenterView clients={clients} passports={passports}/>;break;case '/compliance':view=<ComplianceView clients={clients} role={role}/>;break;case '/msp':view=<MSPCommandCenter verificationDecisions={verificationDecisions} verificationDetails={verificationDetails} clients={clients} alerts={alerts} findings={findings} role={role} onSelectClient={setSelectedClientId} onNavigate={navigate}/>;break;case '/agent-trust':view=<AgentTrustView/>;break;case '/ai-trust-center':view=<AITrustCenterView role={role}/>;break;case '/enterprise-readiness':view=<EnterpriseReadinessView clients={clients}/>;break;case '/investor':view=<InvestorHomeView passports={passports} clients={clients} alerts={alerts} onShowTelemetry={()=>navigate('/scans')} onNavigateTab={onNavigateTab}/>;break;case '/founder':view=<FounderDashboardView userRole={role}/>;break;case '/billing':view=<BillingView/>;break;case '/settings':view=<SettingsView theme={theme} onToggleTheme={()=>setTheme(current=>current==='dark'?'light':'dark')}/>;break;case '/team':view=<TeamView role={role}/>;break;case '/audit-log':view=<AuditLogView/>;break;case '/extensions':view=<ExtensionMarketplace onNavigateTab={onNavigateTab} role={role}/>;break;default:view=<WorkflowBoundary title="Workflow" description="This authenticated capability is explicitly routed through the Command Center. Choose its owning workflow from the left rail." onNavigate={navigate}/>}[39m
[31m+  return <CommandCenter path={path} userEmail={user.email} role={role} onNavigate={navigate} onSignOut={()=>void signOutUser()}>{view}</CommandCenter>;[39m
[31m+ }[39m
[31m+[39m

[36m [2m❯[22m tests/free-review-result-route.test.ts:[2m101:17[22m[39m
    [90m 99| [39m    expect(stripComments(read('src/routes/free-review.ts'))).not.toCon…
    [90m100| [39m    [90m// App still guards every non-public path.[39m
    [90m101| [39m    [34mexpect[39m(app)[33m.[39m[34mtoContain[39m([32m'!isPublicPath(path)'[39m)[33m;[39m
    [90m   | [39m                [31m^[39m
    [90m102| [39m  })[33m;[39m
    [90m103| [39m

[31m[2m⎯⎯⎯⎯⎯⎯⎯⎯⎯⎯⎯⎯⎯⎯⎯⎯⎯⎯⎯⎯⎯[45/141]⎯[22m[39m

[41m[1m FAIL [22m[49m tests/free-review-result-route.test.ts[2m > [22m13-14. existing behaviour intact[2m > [22mthe plain /free-review entry point still works
[31m[1mAssertionError[22m: expected 'import { useEffect, useMemo, useState…' to contain 'if (!user && path === \'/free-review\…'[39m

[32m- Expected[39m
[31m+ Received[39m

[32m- i[7mf (!user && path === '/free-review') return <FreeReviewView[27m[39m
[31m+ i[7mmport { useEffect, useMemo, useState, type ReactNode } from 'react';[27m[39m
[31m+ import { getRedirectResult, onAuthStateChanged, signOut, type User } from 'firebase/auth';[39m
[31m+ import type { Alert, Client, Integration, Scan, SoftwarePassport, Vendor } from './types';[39m
[31m+ import type { VerificationDecision } from './lib/verification/evaluateVerification.ts';[39m
[31m+ import { apiFetch } from './utils/apiClient';[39m
[31m+ import { auth } from './lib/firebase';[39m
[31m+ import CommandCenter from './components/CommandCenter';[39m
[31m+ import ExtensionWorkflow from './components/ExtensionWorkflow';[39m
[31m+ import ExtensionMarketplace from './components/ExtensionMarketplace';[39m
[31m+ import LoginView from './components/LoginView';[39m
[31m+ import EvidenceDashboardView from './components/EvidenceDashboardView';[39m
[31m+ import EvidenceExplorerView from './components/EvidenceExplorerView';[39m
[31m+ import AITrustCenterView from './components/AITrustCenterView';[39m
[31m+ import CoverageView from './components/CoverageView';[39m
[31m+ import AssetsView from './components/AssetsView';[39m
[31m+ import PassportsView from './components/PassportsView';[39m
[31m+ import ScansView from './components/ScansView';[39m
[31m+ import AlertsView from './components/AlertsView';[39m
[31m+ import ClientsView from './components/ClientsView';[39m
[31m+ import VendorsView from './components/VendorsView';[39m
[31m+ import IntegrationsView from './components/IntegrationsView';[39m
[31m+ import BillingView from './components/BillingView';[39m
[31m+ import ComplianceView from './components/ComplianceView';[39m
[31m+ import AgentTrustView from './components/AgentTrustView';[39m
[31m+ import EnterpriseReadinessView from './components/EnterpriseReadinessView';[39m
[31m+ import FounderDashboardView from './components/FounderDashboardView';[39m
[31m+ import InvestorHomeView from './components/InvestorHomeView';[39m
[31m+ import SettingsView from './components/SettingsView';[39m
[31m+ import TeamView from './components/TeamView';[39m
[31m+ import AuditLogView from './components/AuditLogView';[39m
[31m+ import MonitoringView from './components/MonitoringView';[39m
[31m+ import SecurityCenterView from './components/SecurityCenterView';[39m
[31m+ import MSPCommandCenter from './components/MSPCommandCenter';[39m
[31m+ import ReportsView from './components/ReportsView';[39m
[31m+ import TrustGraphView from './components/TrustGraphView';[39m
[31m+ import { EXTENSIONS } from './workflows/extensionRegistry';[39m
[31m+ const PUBLIC_PATHS = new Set(['/','/login','/free-review','/pricing']);[39m
[31m+ const EMPTY_CLIENTS: Client[] = []; const EMPTY_PASSPORTS: SoftwarePassport[] = []; const EMPTY_VENDORS: Vendor[] = []; const EMPTY_INTEGRATIONS: Integration[] = []; const EMPTY_SCANS: Scan[] = []; const EMPTY_ALERTS: Alert[] = [];[39m
[31m+ function deriveAlertStatus(remediationStatus: string | null | undefined, findingStatus: string | null | undefined): Alert['status'] { switch (remediationStatus) { case 'IN_PROGRESS': case 'READY_FOR_VERIFICATION': return 'Acknowledged'; case 'BLOCKED': return 'Snoozed'; case 'VERIFIED': case 'CLOSED': return 'Resolved'; case 'CANCELLED': return 'Cancelled'; case 'OPEN': return 'Active'; default: return String(findingStatus || '').toLowerCase() === 'resolved' ? 'Resolved' : 'Active'; } }[39m
[31m+ function navigate(path: string) { window.history.pushState({}, '', path); window.dispatchEvent(new PopStateEvent('popstate')); }[39m
[31m+ function usePath() { const [path, setPath] = useState(() => window.location.pathname || '/'); useEffect(() => { const update = () => setPath(window.location.pathname || '/'); window.addEventListener('popstate', update); return () => window.removeEventListener('popstate', update); }, []); return path; }[39m
[31m+ function AuthLoading() { return <div className="grid min-h-screen place-items-center bg-[#faf9f8] text-[#201f1e]"><div className="text-center"><div className="mx-auto grid h-10 w-10 place-items-center rounded bg-[#0f6cbd] text-xs font-bold text-white">S</div><div className="mt-4 text-[11px] font-semibold uppercase tracking-wide text-[#605e5c]">Securing workspace</div><div className="mt-1 text-[12px] text-[#8a8886]">Checking authenticated session…</div></div></div>; }[39m
[31m+ function CoverPage() { return <div className="min-h-screen bg-[#faf9f8] text-[#201f1e]"><div className="mx-auto flex min-h-screen max-w-5xl items-center px-6 py-16"><div className="max-w-3xl"><div className="mb-5 inline-flex items-center gap-1.5 rounded border border-[#e1dfdd] bg-white px-2.5 py-1 text-[11px] font-semibold uppercase tracking-wide text-[#605e5c]">Evidence-first software trust</div><h1 className="text-[28px] font-semibold tracking-tight md:text-[34px]">Software trust, operated as a system.</h1><p className="mt-4 max-w-2xl text-[14px] leading-6 text-[#605e5c]">Software Passport Registry turns software identity, security, provenance, reliability, compliance, and evidence into repeatable workflows for teams, buyers, and managed service providers.</p><div className="mt-6 flex flex-wrap gap-2"><button onClick={() => navigate('/login')} className="h-9 rounded bg-[#0f6cbd] px-4 text-[13px] font-semibold text-white hover:bg-[#004578]">Enter SPR</button><button onClick={() => navigate('/free-review')} className="h-9 rounded border border-[#c8c6c4] bg-white px-4 text-[13px] font-medium text-[#323130] hover:bg-black/[.03]">Free review</button></div></div></div></div>; }[39m
[31m+ function PublicPage({ title, description, action, onAction }: { title: string; description: string; action: string; onAction: () => void }) { return <div className="grid min-h-screen place-items-center bg-[#faf9f8] px-6 text-[#201f1e]"><div className="max-w-md rounded-md border border-[#e1dfdd] bg-white p-6 text-center"><div className="text-[11px] font-semibold uppercase tracking-wide text-[#605e5c]">Software Passport Registry</div><h1 className="mt-2 text-[20px] font-semibold">{title}</h1><p className="mt-2 text-[13px] leading-5 text-[#605e5c]">{description}</p><button onClick={onAction} className="mt-5 h-9 rounded bg-[#0f6cbd] px-4 text-[13px] font-semibold text-white hover:bg-[#004578]">{action}</button></div></div>; }[39m
[31m+ function WorkflowBoundary({ title, description, extensionId, onNavigate }: { title: string; description: string; extensionId?: string; onNavigate: (path: string) => void }) { const extension = extensionId ? EXTENSIONS.find((item) => item.id === extensionId) : undefined; return <section><div className="rounded-md border border-[#e1dfdd] bg-white p-5"><div className="text-[11px] font-semibold uppercase tracking-wide text-[#605e5c]">Workflow boundary</div><h1 className="mt-1.5 text-[20px] font-semibold tracking-tight">{title}</h1><p className="mt-2 max-w-2xl text-[13px] leading-5 text-[#605e5c]">{description}</p>{extension && <button onClick={() => onNavigate(extension.entryPath)} className="mt-4 h-8 rounded bg-[#0f6cbd] px-3 text-[12px] font-semibold text-white hover:bg-[#004578]">Open {extension.name} →</button>}</div></section>; }[39m
[31m+ export default function App() {[39m
[31m+  const path=usePath(); const [authReady,setAuthReady]=useState(false); const [user,setUser]=useState<User|null>(null); const [role,setRole]=useState('Viewer'); const [selectedClientId,setSelectedClientId]=useState(''); const [selectedPassportId,setSelectedPassportId]=useState<string|null>(null); const [assets,setAssets]=useState<any[]>([]); const [clients,setClients]=useState<Client[]>(EMPTY_CLIENTS); const [passports,setPassports]=useState<SoftwarePassport[]>(EMPTY_PASSPORTS); const [vendors,setVendors]=useState<Vendor[]>(EMPTY_VENDORS); const [alerts,setAlerts]=useState<Alert[]>(EMPTY_ALERTS); const [findings,setFindings]=useState<unknown[]>([]); const [scans,setScans]=useState<Scan[]>(EMPTY_SCANS); const [integrations,setIntegrations]=useState<Integration[]>(EMPTY_INTEGRATIONS); const [theme,setTheme]=useState<'light'|'dark'>('dark'); const [verificationDecisions,setVerificationDecisions]=useState<Record<string,VerificationDecision>>({}); const [verificationDetails,setVerificationDetails]=useState<Record<string,unknown>>({});[39m
[31m+  useEffect(()=>{let mounted=true;let redirectSettled=false;let observedUser:User|null=null;const timeoutId=window.setTimeout(()=>{if(mounted)setAuthReady(true)},10000);const unsubscribe=onAuthStateChanged(auth,(currentUser)=>{if(!mounted)return;observedUser=currentUser;if(!redirectSettled)return;setUser(currentUser);setAuthReady(true);window.clearTimeout(timeoutId)},()=>{if(mounted){setAuthReady(true);window.clearTimeout(timeoutId)}});void getRedirectResult(auth).then(result=>{redirectSettled=true;if(mounted)setUser(result?.user||observedUser);if(mounted)setAuthReady(true);window.clearTimeout(timeoutId)}).catch(error=>{redirectSettled=true;console.error('[Firebase redirect sign-in error]',error);if(mounted)setUser(observedUser);if(mounted)setAuthReady(true);window.clearTimeout(timeoutId)});return()=>{mounted=false;window.clearTimeout(timeoutId);unsubscribe()}},[]);[39m
[31m+  useEffect(()=>{if(authReady&&!user&&!PUBLIC_PATHS.has(path))navigate('/login')},[authReady,user,path]);[39m
[31m+  useEffect(()=>{if(!user)return;let cancelled=false;const load=async()=>{const responses=await Promise.all([apiFetch('/api/user/me'),apiFetch('/api/scans'),apiFetch('/api/trust-loop/findings'),apiFetch('/api/user/passports'),apiFetch('/api/user/clients'),apiFetch('/api/integrations'),apiFetch('/api/user/verification')]);if(responses.some(r=>r.status===401)){await signOut(auth);navigate('/login');return}const [me,scansResponse,findingsResponse,passportsResponse,clientsResponse,integrationsResponse,verificationResponse]=responses;if(verificationResponse.ok){const data=await verificationResponse.json().catch(()=>null);if(!cancelled){setVerificationDecisions(data?.verificationDecisions&&typeof data.verificationDecisions==='object'?data.verificationDecisions:{});setVerificationDetails(data?.verificationDetails&&typeof data.verificationDetails==='object'?data.verificationDetails:{})}}else if(!cancelled){setVerificationDecisions({});setVerificationDetails({})}if(me.ok){const data=await me.json().catch(()=>null);if(!cancelled)setRole(String(data?.role||'Viewer'))}if(scansResponse.ok){const data=await scansResponse.json().catch(()=>[]);if(!cancelled&&Array.isArray(data))setScans(data)}if(findingsResponse.ok){const data=await findingsResponse.json().catch(()=>[]);const rows=Array.isArray(data)?data:data?.findings;if(!cancelled&&Array.isArray(rows)){setFindings(rows);setAlerts(rows.map((row:any)=>({id:String(row.id),title:String(row.title||row.control_id||'Trust finding'),severity:String(row.severity||'Low').replace(/^./,(s:string)=>s.toUpperCase()),category:'Trust finding',clientName:String(row.client_id||'Tenant'),description:String(row.description||'Evidence-backed finding'),timestamp:String(row.updated_at||''),status:deriveAlertStatus(row.remediation_status,row.status),remediationId:row.remediation_id?String(row.remediation_id):null,ownerDisplay:row.remediation_owner_display||null,slaDueAt:row.remediation_sla_due_at||null})) as Alert[])}}if(passportsResponse.ok){const data=await passportsResponse.json().catch(()=>[]);const rows=Array.isArray(data)?data:data?.passports;if(!cancelled&&Array.isArray(rows)){const normalized=rows.map((row:any)=>({...row,id:String(row.id),name:String(row.name||'Unnamed software'),version:String(row.version||'unknown'),publisher:String(row.publisher||'unknown'),clientId:row.clientId?String(row.clientId):undefined,evidence:Array.isArray(row.evidence)?row.evidence:[],vulnerabilities:Array.isArray(row.vulnerabilities)?row.vulnerabilities:[],timeline:Array.isArray(row.timeline)?row.timeline:[],sbom:Array.isArray(row.sbom)?row.sbom:[],scores:null,scoreStatus:row.scoreStatus||'not_authoritatively_scored'})) as SoftwarePassport[];setPassports(normalized);setAssets(normalized.map((passport:any)=>({id:passport.id,name:passport.name,hostName:passport.name,type:passport.category||'software',clientId:passport.clientId,clientName:String(passport.clientId||'Unobserved'),environment:String(passport.environment||'Unobserved'),version:passport.version})));setVendors(EMPTY_VENDORS)}}if(clientsResponse.ok){const data=await clientsResponse.json().catch(()=>[]);const rows=Array.isArray(data)?data:data?.clients;if(!cancelled&&Array.isArray(rows))setClients(rows.map((row:any)=>({...row,id:String(row.id),name:String(row.name||row.company_name||'Unnamed client')})) as Client[])}if(integrationsResponse.ok){const data=await integrationsResponse.json().catch(()=>[]);if(!cancelled&&Array.isArray(data))setIntegrations(data)}};void load().catch(error=>console.warn('[SPR command center load]',error));return()=>{cancelled=true}},[user]);[39m
[31m+  useEffect(()=>{const refresh=()=>{if(user)window.location.reload()};window.addEventListener('refresh-data',refresh);return()=>window.removeEventListener('refresh-data',refresh)},[user]);[39m
[31m+  const onNavigateTab=(target:string,itemId?:string)=>navigate(itemId?`${target.startsWith('/')?target:`/${target}`}/${encodeURIComponent(itemId)}`:target.startsWith('/')?target:`/${target}`); const quickAction=(action:'add-client'|'register-passport'|'scan-sbom')=>navigate(action==='add-client'?'/clients':action==='register-passport'?'/passports':'/scans');[39m
[31m+  const performAlertAction=async(alert:Alert,action:'acknowledge'|'assign'|'resolve'|'escalate'|'snooze'|'reopen',assigneeDisplay?:string)=>{let remediationId=alert.remediationId;if(!remediationId){const created=await apiFetch('/api/trust-loop/remediations',{method:'POST',headers:{'Content-Type':'application/json'},body:JSON.stringify({findingId:alert.id,title:alert.title,description:alert.description,priority:alert.severity.toUpperCase()})});if(!created.ok)return;const createdBody=await created.json().catch(()=>null);remediationId=createdBody?.id?String(createdBody.id):undefined;if(!remediationId)return}const patchBody:Record<string,unknown>={acknowledge:{status:'IN_PROGRESS'},resolve:{status:'CLOSED'},snooze:{status:'BLOCKED'},reopen:{status:'OPEN'},escalate:{status:'IN_PROGRESS',slaDueAt:new Date(Date.now()+4*3600*1000).toISOString()},assign:{status:'IN_PROGRESS',ownerDisplay:assigneeDisplay||''}}[action];const response=await apiFetch(`/api/trust-loop/remediations/${encodeURIComponent(remediationId)}`,{method:'PATCH',headers:{'Content-Type':'application/json'},body:JSON.stringify(patchBody)});if(!response.ok)return;const updated=await response.json().catch(()=>null);setAlerts(current=>current.map(item=>item.id===alert.id?{...item,remediationId,status:deriveAlertStatus(updated?.status??String(patchBody.status),null),ownerDisplay:updated?.owner_display??(patchBody.ownerDisplay as string|undefined)??item.ownerDisplay,slaDueAt:updated?.sla_due_at??(patchBody.slaDueAt as string|undefined)??item.slaDueAt}:item))};[39m
[31m+  const selectedExtension=useMemo(()=>{const match=path.match(/^\/extensions\/([^/]+)/);return match?decodeURIComponent(match[1]):null},[path]);const signOutUser=async()=>{await signOut(auth);navigate('/login')};[39m
[31m+  if(!authReady)return <AuthLoading/>;if(path==='/')return <CoverPage/>;if(path==='/login')return user?<AuthLoading/>:<LoginView onLoginSuccess={()=>navigate('/dashboard')}/>;if(!user&&path==='/free-review')return <PublicPage title="Free software review" description="Start an evidence-first review from the public entry point." action="Sign in to continue" onAction={()=>navigate('/login')}/>;if(!user&&path==='/pricing')return <PublicPage title="SPR plans" description="Account and billing capabilities are available inside the authenticated workspace." action="Enter SPR" onAction={()=>navigate('/login')}/>;if(!user)return <AuthLoading/>;[39m
[31m+  let view:ReactNode;if(selectedExtension)view=<ExtensionWorkflow id={selectedExtension} onNavigate={navigate}/>;else switch(path){case '/dashboard':view=<EvidenceDashboardView clients={clients} alerts={alerts} scans={scans} passports={passports} findings={findings} onNavigateTab={onNavigateTab} onOpenQuickAction={quickAction}/>;break;case '/coverage':view=<CoverageView clients={clients} scans={scans} passports={passports} onNavigateTab={onNavigateTab}/>;break;case '/evidence-explorer':view=<EvidenceExplorerView passports={passports}/>;break;case '/assets':view=<AssetsView clients={clients} searchQuery="" assets={assets}/>;break;case '/passports':case '/registry':view=<PassportsView verificationDecisions={verificationDecisions} verificationDetails={verificationDetails} passports={passports} selectedPassportId={selectedPassportId} setSelectedPassportId={setSelectedPassportId} searchQuery="" clients={clients} assets={assets} role={role} onNavigateTab={onNavigateTab} onUpdatePassport={passport=>setPassports(current=>current.map(item=>item.id===passport.id?passport:item))}/>;break;case '/scans':view=<ScansView scans={scans} clients={clients} assets={assets} passports={passports} role={role} onTriggerNewScan={scan=>setScans(current=>[scan,...current.filter(item=>item.id!==scan.id)].slice(0,100))}/>;break;case '/alerts':view=<AlertsView alerts={alerts} onAlertAction={performAlertAction}/>;break;case '/reports':view=<ReportsView clients={clients} passports={passports} scans={scans} alerts={alerts} findings={findings} role={role}/>;break;case '/trust-graph':view=<TrustGraphView clients={clients} passports={passports} assets={assets} findings={findings}/>;/* onSelectPassport={setSelectedPassportId} */break;case '/clients':view=<ClientsView clients={clients} selectedClientId={selectedClientId} setSelectedClientId={setSelectedClientId} passports={passports} onNavigateTab={onNavigateTab} searchQuery=""/>;break;case '/vendors':view=<VendorsView vendors={vendors} searchQuery=""/>;break;case '/integrations':view=<IntegrationsView passports={passports} onNavigateTab={onNavigateTab}/>;break;case '/monitoring':view=<MonitoringView role={role}/>;break;case '/security':view=<SecurityCenterView clients={clients} passports={passports}/>;break;case '/compliance':view=<ComplianceView clients={clients} role={role}/>;break;case '/msp':view=<MSPCommandCenter verificationDecisions={verificationDecisions} verificationDetails={verificationDetails} clients={clients} alerts={alerts} findings={findings} role={role} onSelectClient={setSelectedClientId} onNavigate={navigate}/>;break;case '/agent-trust':view=<AgentTrustView/>;break;case '/ai-trust-center':view=<AITrustCenterView role={role}/>;break;case '/enterprise-readiness':view=<EnterpriseReadinessView clients={clients}/>;break;case '/investor':view=<InvestorHomeView passports={passports} clients={clients} alerts={alerts} onShowTelemetry={()=>navigate('/scans')} onNavigateTab={onNavigateTab}/>;break;case '/founder':view=<FounderDashboardView userRole={role}/>;break;case '/billing':view=<BillingView/>;break;case '/settings':view=<SettingsView theme={theme} onToggleTheme={()=>setTheme(current=>current==='dark'?'light':'dark')}/>;break;case '/team':view=<TeamView role={role}/>;break;case '/audit-log':view=<AuditLogView/>;break;case '/extensions':view=<ExtensionMarketplace onNavigateTab={onNavigateTab} role={role}/>;break;default:view=<WorkflowBoundary title="Workflow" description="This authenticated capability is explicitly routed through the Command Center. Choose its owning workflow from the left rail." onNavigate={navigate}/>}[39m
[31m+  return <CommandCenter path={path} userEmail={user.email} role={role} onNavigate={navigate} onSignOut={()=>void signOutUser()}>{view}</CommandCenter>;[39m
[31m+ }[39m
[31m+[39m

[36m [2m❯[22m tests/free-review-result-route.test.ts:[2m112:17[22m[39m
    [90m110| [39m[34mdescribe[39m([32m'13-14. existing behaviour intact'[39m[33m,[39m () [33m=>[39m {
    [90m111| [39m  [34mit[39m([32m'the plain /free-review entry point still works'[39m[33m,[39m () [33m=>[39m {
    [90m112| [39m    expect(app).toContain("if (!user && path === '/free-review') retur…
    [90m   | [39m                [31m^[39m
    [90m113| [39m    expect(read('src/routes/free-review.ts')).toContain("router.post('…
    [90m114| [39m  })[33m;[39m

[31m[2m⎯⎯⎯⎯⎯⎯⎯⎯⎯⎯⎯⎯⎯⎯⎯⎯⎯⎯⎯⎯⎯[46/141]⎯[22m[39m

[41m[1m FAIL [22m[49m tests/governance-routes-contract.test.ts[2m > [22mgovernance router is mounted in server.ts[2m > [22mmounts createGovernanceRouter at /api/governance
[31m[1mAssertionError[22m: expected 'import express, { type NextFunction, …' to contain 'import { createGovernanceRouter } fro…'[39m

[32m- Expected[39m
[31m+ Received[39m

[32m- import [7m{ createGovernanceRouter } from './src/routes/governance.ts';[27m[39m
[31m+ import [7mexpress, { type NextFunction, type Request, type Response } from 'express';[27m[39m
[31m+ import cors from 'cors';[39m
[31m+ import helmet from 'helmet';[39m
[31m+ import * as Sentry from '@sentry/node';[39m
[31m+ import path from 'node:path';[39m
[31m+ import { fileURLToPath } from 'node:url';[39m
[31m+ import { randomUUID } from 'node:crypto';[39m
[31m+ import { config, validateConfiguration } from './src/config.ts';[39m
[31m+ import { checkDatabaseHealth, closeDatabase, db } from './src/db/index.ts';[39m
[31m+ import { sql } from 'drizzle-orm';[39m
[31m+ import { AuthenticatedRequest, rateLimiter, requireAuth, requireRole } from './src/middleware/security.ts';[39m
[31m+ import { createAuthRouter } from './src/routes/auth.ts';[39m
[31m+ import { createConnectRouter } from './src/routes/connect.ts';[39m
[31m+ import { createIntegrationsRouter } from './src/routes/integrations.ts';[39m
[31m+ import { createLiveIntegrationsRouter } from './src/routes/integrations-live.ts';[39m
[31m+ import { createMonitoringRouter } from './src/routes/monitoring.ts';[39m
[31m+ import { createPublicConnectRouter } from './src/routes/public-connect.ts';[39m
[31m+ import { createScansRouter } from './src/routes/scans.ts';[39m
[31m+ import { createComplianceRouter } from './src/routes/compliance.ts';[39m
[31m+ import { createTrustLoopRouter } from './src/routes/trust-loop.ts';[39m
[31m+ import { createIntegrationMonitoringRouter } from './src/routes/integration-monitoring.ts';[39m
[31m+ import { createAgentApiRouter } from './src/routes/agent-api.ts';[39m
[31m+ import { createMspRouter } from './src/routes/msp.ts';[39m
[31m+ import { createAiTrustRouter } from './src/routes/ai-trust.ts';[39m
[31m+ import { createMcpTransport } from './src/mcp/transport.ts';[39m
[31m+ import { executePublicMcpTool } from './src/mcp/execute.ts';[39m
[31m+[39m
[31m+ const app = express();[39m
[31m+ const startedAt = Date.now();[39m
[31m+ const requestBodyLimit = process.env.REQUEST_BODY_LIMIT || '2mb';[39m
[31m+ const requestHeaderTimeoutMs = Number(process.env.REQUEST_HEADER_TIMEOUT_MS || 15_000);[39m
[31m+ const requestTimeoutMs = Number(process.env.REQUEST_TIMEOUT_MS || 120_000);[39m
[31m+ const keepAliveTimeoutMs = Number(process.env.KEEP_ALIVE_TIMEOUT_MS || 65_000);[39m
[31m+[39m
[31m+ async function ensureInitialSelfPassport() {[39m
[31m+   const owner = (await db.execute(sql`SELECT tenant_id AS "tenantId" FROM users WHERE role = 'Owner' ORDER BY created_at ASC LIMIT 1`)).rows?.[0] as { tenantId?: string } | undefined;[39m
[31m+   if (!owner?.tenantId) {[39m
[31m+     console.warn('[SPR] Initial self-passport skipped: no Owner tenant exists yet.');[39m
[31m+     return;[39m
[31m+   }[39m
[31m+   await db.execute(sql`[39m
[31m+     INSERT INTO passports ([39m
[31m+       id, tenant_id, name, version, publisher, category, overall_score,[39m
[31m+       security_score, compliance_score, vendor_reputation_score, release_date,[39m
[31m+       file_hash, license_type, ai_summary, sbom, evidence, vulnerabilities, timeline[39m
[31m+     ) VALUES ([39m
[31m+       'passport_spr_self', ${owner.tenantId}, 'Software Passport Registry', '1.0.0',[39m
[31m+       'SPR', 'Platform', 0, 0, 0, 0, CURRENT_DATE::text, 'not-observed',[39m
[31m+       'Unknown', 'Initial SPR self-passport. Evidence collection is pending.',[39m
[31m+       '[]', '[]', '[]', '[]'[39m
[31m+     )[39m
[31m+     ON CONFLICT (id) DO NOTHING[39m
[31m+   `);[39m
[31m+   console.info('[SPR] Initial self-passport ready.');[39m
[31m+ }[39m
[31m+[39m
[31m+ export function normalizeAllowedOrigins(origins: string[]): string[] {[39m
[31m+   return [...new Set(origins.map((origin) => new URL(origin).origin))].sort();[39m
[31m+ }[39m
[31m+[39m
[31m+ if (config.trustProxy) app.set('trust proxy', 1);[39m
[31m+ app.disable('x-powered-by');[39m
[31m+ if (config.sentry.dsn) Sentry.init({ dsn: config.sentry.dsn, environment: config.nodeEnv, tracesSampleRate: config.isProduction ? 0.1 : 1.0 });[39m
[31m+ const allowedOrigins = new Set(normalizeAllowedOrigins(config.allowedOrigins));[39m
[31m+ const appOrigin = config.appUrl ? new URL(config.appUrl).origin : undefined;[39m
[31m+ const corsOrigin = (origin: string | undefined, callback: (error: Error | null, allow?: boolean) => void) => {[39m
[31m+   if (!origin) return callback(null, true);[39m
[31m+   try {[39m
[31m+     const normalizedOrigin = new URL(origin).origin;[39m
[31m+     if (allowedOrigins.has(normalizedOrigin)) return callback(null, true);[39m
[31m+   } catch (_) {}[39m
[31m+   return callback(new Error('CORS origin denied'));[39m
[31m+ };[39m
[31m+ app.use(helmet({ contentSecurityPolicy: { useDefaults: false, directives: { defaultSrc: ["'self'"], baseUri: ["'self'"], objectSrc: ["'none'"], frameAncestors: ["'none'"], formAction: ["'self'"], scriptSrc: ["'self'"], styleSrc: ["'self'", "'unsafe-inline'"], imgSrc: ["'self'", 'data:', 'blob:', 'https:'], fontSrc: ["'self'", 'data:', 'https:'], connectSrc: ["'self'", ...(appOrigin ? [appOrigin] : [])], frameSrc: ["'self'", 'https:'], workerSrc: ["'self'", 'blob:'], manifestSrc: ["'self'"], upgradeInsecureRequests: [] } }, crossOriginEmbedderPolicy: false, frameguard: { action: 'deny' }, referrerPolicy: { policy: 'no-referrer' } }));[39m
[31m+ app.use(cors({ origin: corsOrigin, credentials: true, methods: ['GET', 'HEAD', 'POST', 'PUT', 'PATCH', 'DELETE', 'OPTIONS'], allowedHeaders: ['Authorization', 'Content-Type', 'X-Request-ID', 'X-API-Key'] }));[39m
[31m+ app.use((req, res, next) => { if (req.method === 'TRACE' || req.method === 'CONNECT') return res.status(405).json({ error: { code: 'METHOD_NOT_ALLOWED', message: 'HTTP method is not allowed.' } }); if (req.headers['content-length'] && !/^\d+$/.test(String(req.headers['content-length']))) return res.status(400).json({ error: { code: 'INVALID_CONTENT_LENGTH', message: 'Invalid Content-Length header.' } }); return next(); });[39m
[31m+ app.use(express.json({ limit: requestBodyLimit, strict: true, type: ['application/json', 'application/*+json'] }));[39m
[31m+ app.use(express.urlencoded({ extended: false, limit: requestBodyLimit }));[39m
[31m+ app.use((req, res, next) => { const supplied = req.headers['x-request-id']; const requestId = typeof supplied === 'string' && /^[A-Za-z0-9._:-]{1,100}$/.test(supplied) ? supplied : `req_${randomUUID()}`; res.setHeader('X-Request-ID', requestId); res.setHeader('Cache-Control', req.path.startsWith('/api/') ? 'no-store, max-age=0' : 'public, max-age=0, must-revalidate'); res.locals.requestId = requestId; next(); });[39m
[31m+ app.use((req, res, next) => { if (config.isProduction && config.enforceHttps && !req.secure && req.path !== '/health' && req.path !== '/ready' && req.path !== '/api/health' && req.path !== '/api/ready') { if (!appOrigin) return res.status(503).json({ error: { code: 'HTTPS_CONFIGURATION_ERROR', message: 'HTTPS redirect target is not configured.' } }); return res.redirect(308, `${appOrigin}${req.originalUrl}`); } return next(); });[39m
[31m+ app.get('/health', (_req, res) => res.status(200).json({ status: 'ok', service: 'spr-app', uptimeSeconds: Math.floor((Date.now() - startedAt) / 1000) }));[39m
[31m+ const readinessHandler = async (_req: Request, res: Response) => { const database = await checkDatabaseHealth(); const ready = database.ok; res.status(ready ? 200 : 503).json({ status: ready ? 'ready' : 'not_ready', checks: { database: database.ok ? database : { ok: false, latencyMs: database.latencyMs, error: 'DATABASE_UNAVAILABLE' } }, uptimeSeconds: Math.floor((Date.now() - startedAt) / 1000) }); };[39m
[31m+ app.get('/ready', readinessHandler);[39m
[31m+ app.get('/api/ready', readinessHandler);[39m
[31m+ app.get('/api/health', async (_req, res) => { const database = await checkDatabaseHealth(); res.status(database.ok ? 200 : 503).json({ status: database.ok ? 'ok' : 'degraded', database: database.ok ? database : { ok: false, latencyMs: database.latencyMs, error: 'DATABASE_UNAVAILABLE' } }); });[39m
[31m+ app.use('/api', rateLimiter);[39m
[31m+ app.use('/api', createAuthRouter());[39m
[31m+ app.use('/api', createPublicConnectRouter());[39m
[31m+ const connectRouter = createConnectRouter();[39m
[31m+ app.use('/api', connectRouter);[39m
[31m+ app.use('/api/connect', connectRouter);[39m
[31m+ app.use('/api/integrations/connect', connectRouter);[39m
[31m+ app.post('/api/ai/analyze-passport', requireAuth, async (req: AuthenticatedRequest, res, next) => {[39m
[31m+   try {[39m
[31m+     const passportId = typeof req.body?.passportId === 'string' ? req.body.passportId.trim() : '';[39m
[31m+     if (!passportId) return res.status(400).json({ error: { code: 'PASSPORT_ID_REQUIRED', message: 'passportId is required.' } });[39m
[31m+     const db = req.db!;[39m
[31m+     const result = await db.execute(sql`[39m
[31m+       SELECT name, version, publisher, overall_score AS "overallScore",[39m
[31m+              jsonb_array_length(COALESCE(NULLIF(evidence, '')::jsonb, '[]'::jsonb)) AS "evidenceCount",[39m
[31m+              jsonb_array_length(COALESCE(NULLIF(vulnerabilities, '')::jsonb, '[]'::jsonb)) AS "findingCount"[39m
[31m+       FROM passports[39m
[31m+       WHERE id = ${passportId} AND tenant_id = ${req.user!.tenantId}[39m
[31m+       LIMIT 1[39m
[31m+     `);[39m
[31m+     const passport = (result.rows?.[0] ?? null) as {[39m
[31m+       name?: string; version?: string; publisher?: string; overallScore?: number | null;[39m
[31m+       evidenceCount?: number; findingCount?: number;[39m
[31m+     } | null;[39m
[31m+     if (!passport) return res.status(404).json({ error: { code: 'PASSPORT_NOT_FOUND', message: 'Passport not found.' } });[39m
[31m+     const status = passport.overallScore == null ? 'not verified' : `score ${passport.overallScore}`;[39m
[31m+     return res.json({ passportId, analysis: `${passport.name ?? 'Passport'} ${passport.version ?? ''} by ${passport.publisher ?? 'unknown publisher'} is ${status}. Evidence records: ${passport.evidenceCount ?? 0}. Findings: ${passport.findingCount ?? 0}. Authoritative verification requires durable backend evidence.` });[39m
[31m+   } catch (error) { return next(error); }[39m
[31m+ });[39m
[31m+ app.use('/api/integrations', createIntegrationsRouter());[39m
[31m+ app.use('/api/integrations-live', createLiveIntegrationsRouter());[39m
[31m+ const requireTrustMutationRole = (req: Request, res: Response, next: NextFunction) => { if (['GET', 'HEAD', 'OPTIONS'].includes(req.method)) return next(); return requireRole(['Owner', 'Admin', 'Operator', 'Technician'])(req as AuthenticatedRequest, res, next); };[39m
[31m+ app.use('/api/trust-loop', requireAuth, requireTrustMutationRole);[39m
[31m+ app.use('/api/trust-loop', createTrustLoopRouter());[39m
[31m+ app.use('/api/integration-monitoring', createIntegrationMonitoringRouter());[39m
[31m+ app.use('/api/monitoring', createMonitoringRouter());[39m
[31m+ app.use('/api/agent/v1', createAgentApiRouter());[39m
[31m+ app.use('/api/msp', requireAuth, createMspRouter());[39m
[31m+ app.use('/api/ai-trust', requireAuth, createAiTrustRouter());[39m
[31m+[39m
[31m+ const mcpBearer = process.env.SPR_MCP_BEARER_TOKEN;[39m
[31m+ if (mcpBearer) {[39m
[31m+   const mcpTransport = createMcpTransport({ expectedBearer: mcpBearer, executeTool: async (tool, args) => executePublicMcpTool(tool, args) });[39m
[31m+   app.post('/mcp', async (req, res) => { const response = await mcpTransport(new Request(`${config.appUrl || 'https://localhost'}/mcp`, { method: 'POST', headers: req.headers as Record<string, string>, body: JSON.stringify(req.body) })); res.status(response.status); response.headers.forEach((value, key) => res.setHeader(key, value)); res.send(Buffer.from(await response.arrayBuffer())); });[39m
[31m+ }[39m
[31m+[39m
[31m+ app.use('/api', createScansRouter());[39m
[31m+ app.use('/api/compliance', createComplianceRouter());[39m
[31m+ const publicDir = __dirname;[39m
[31m+ app.use(express.static(publicDir, { index: false, maxAge: config.isProduction ? '1y' : 0 }));[39m
[31m+ app.get('/*splat', (req, res, next) => { if (req.path.startsWith('/api/') || req.path === '/mcp') return next(); return res.sendFile(path.join(publicDir, 'index.html'), error => error ? next(error) : undefined); });[39m
[31m+ app.use((req, res, next) => { if (req.path.startsWith('/api/') || req.path === '/mcp') return res.status(404).json({ error: 'Route not found.', code: 'NOT_FOUND', requestId: res.locals.requestId }); return next(); });[39m
[31m+ app.use((err: any, req: Request, res: Response, next: NextFunction) => { if (res.headersSent) return next(err); const requestId = res.locals.requestId || `req_${randomUUID()}`; const status = Number.isInteger(err?.status) && err.status >= 400 && err.status < 600 ? err.status : 500; console.error('[HTTP_ERROR]', { requestId, status, method: req.method, path: req.path, message: err?.message || String(err) }); if (config.sentry.dsn) Sentry.captureException(err, { tags: { requestId } }); return res.status(status).json({ error: { code: status === 500 ? 'INTERNAL_SERVER_ERROR' : 'REQUEST_FAILED', message: status === 500 ? 'An unexpected server error occurred.' : err?.message || 'Request failed.', requestId } }); });[39m
[31m+ let server: ReturnType<typeof app.listen> | undefined; let shuttingDown = false;[39m
[31m+[39m
[31m+ export function rejectConnectTunnels<T extends ReturnType<typeof app.listen>>(httpServer: T): T {[39m
[31m+   httpServer.on('connect', (_request, socket) => {[39m
[31m+     socket.end('HTTP/1.1 405 Method Not Allowed\r\nConnection: close\r\nContent-Length: 0\r\n\r\n');[39m
[31m+   });[39m
[31m+   return httpServer;[39m
[31m+ }[39m
[31m+[39m
[31m+ async function shutdown(signal: string) { if (shuttingDown) return; shuttingDown = true; console.info(`[SPR] ${signal} received; shutting down gracefully.`); const forceTimer = setTimeout(() => process.exit(1), 15_000); forceTimer.unref(); if (server) await new Promise<void>(resolve => server!.close(() => resolve())); await closeDatabase().catch(error => console.error('[SPR] Database shutdown error:', error)); if (config.sentry.dsn) await Sentry.close(2_000).catch(() => undefined); clearTimeout(forceTimer); process.exit(0); }[39m
[31m+ export async function startServer() {[39m
[31m+   validateConfiguration();[39m
[31m+   try { await ensureInitialSelfPassport(); } catch (error) { console.error('[SPR] Initial self-passport bootstrap failed; continuing startup. /ready will report the database as unavailable.', error); }[39m
[31m+   const host = process.env.HOST || '0.0.0.0'; server = app.listen(config.port, host, () => console.info(`[SPR] listening on http://${host}:${config.port}`)); server.requestTimeout = Number.isFinite(requestTimeoutMs) && requestTimeoutMs > 0 ? requestTimeoutMs : 120_000; server.headersTimeout = Number.isFinite(requestHeaderTimeoutMs) && requestHeaderTimeoutMs > 0 ? requestHeaderTimeoutMs : 15_000; server.keepAliveTimeout = Number.isFinite(keepAliveTimeoutMs) && keepAliveTimeoutMs > 0 ? keepAliveTimeoutMs : 65_000; rejectConnectTunnels(server); return server; }[39m
[31m+ process.once('SIGTERM', () => void shutdown('SIGTERM')); process.once('SIGINT', () => void shutdown('SIGINT')); process.on('unhandledRejection', reason => console.error('[SPR] Unhandled rejection:', reason)); process.on('uncaughtException', error => { console.error('[SPR] Uncaught exception:', error); void shutdown('uncaughtException'); });[39m
[31m+ if (process.env.SPR_SKIP_AUTOSTART !== 'true') void startServer().catch(error => { console.error('[SPR] Startup failed:', error); process.exit(1); });[39m
[31m+ export { app };[39m
[31m+[39m

[36m [2m❯[22m tests/governance-routes-contract.test.ts:[2m40:15[22m[39m
    [90m 38| [39m  [34mit[39m([32m'mounts createGovernanceRouter at /api/governance'[39m[33m,[39m () [33m=>[39m {
    [90m 39| [39m    [35mconst[39m s [33m=[39m [34mread[39m([32m'server.ts'[39m)[33m;[39m
    [90m 40| [39m    expect(s).toContain("import { createGovernanceRouter } from './src…
    [90m   | [39m              [31m^[39m
    [90m 41| [39m    expect(s).toContain("app.use('/api/governance', createGovernanceRo…
    [90m 42| [39m  })[33m;[39m

[31m[2m⎯⎯⎯⎯⎯⎯⎯⎯⎯⎯⎯⎯⎯⎯⎯⎯⎯⎯⎯⎯⎯[47/141]⎯[22m[39m

[41m[1m FAIL [22m[49m tests/governance-ui-contract.test.ts[2m > [22mGovernance UI: zero dead controls[2m > [22mGovernanceView is actually mounted in App.tsx and CommandCenter.tsx -- the nav item is not a dead route
[31m[1mAssertionError[22m: expected 'import { useEffect, useMemo, useState…' to contain 'import GovernanceView from \'./compon…'[39m

[32m- Expected[39m
[31m+ Received[39m

[32m- import [7mGovernanceView from './components/GovernanceView';[27m[39m
[31m+ import [7m{ useEffect, useMemo, useState, type ReactNode } from 'react';[27m[39m
[31m+ import { getRedirectResult, onAuthStateChanged, signOut, type User } from 'firebase/auth';[39m
[31m+ import type { Alert, Client, Integration, Scan, SoftwarePassport, Vendor } from './types';[39m
[31m+ import type { VerificationDecision } from './lib/verification/evaluateVerification.ts';[39m
[31m+ import { apiFetch } from './utils/apiClient';[39m
[31m+ import { auth } from './lib/firebase';[39m
[31m+ import CommandCenter from './components/CommandCenter';[39m
[31m+ import ExtensionWorkflow from './components/ExtensionWorkflow';[39m
[31m+ import ExtensionMarketplace from './components/ExtensionMarketplace';[39m
[31m+ import LoginView from './components/LoginView';[39m
[31m+ import EvidenceDashboardView from './components/EvidenceDashboardView';[39m
[31m+ import EvidenceExplorerView from './components/EvidenceExplorerView';[39m
[31m+ import AITrustCenterView from './components/AITrustCenterView';[39m
[31m+ import CoverageView from './components/CoverageView';[39m
[31m+ import AssetsView from './components/AssetsView';[39m
[31m+ import PassportsView from './components/PassportsView';[39m
[31m+ import ScansView from './components/ScansView';[39m
[31m+ import AlertsView from './components/AlertsView';[39m
[31m+ import ClientsView from './components/ClientsView';[39m
[31m+ import VendorsView from './components/VendorsView';[39m
[31m+ import IntegrationsView from './components/IntegrationsView';[39m
[31m+ import BillingView from './components/BillingView';[39m
[31m+ import ComplianceView from './components/ComplianceView';[39m
[31m+ import AgentTrustView from './components/AgentTrustView';[39m
[31m+ import EnterpriseReadinessView from './components/EnterpriseReadinessView';[39m
[31m+ import FounderDashboardView from './components/FounderDashboardView';[39m
[31m+ import InvestorHomeView from './components/InvestorHomeView';[39m
[31m+ import SettingsView from './components/SettingsView';[39m
[31m+ import TeamView from './components/TeamView';[39m
[31m+ import AuditLogView from './components/AuditLogView';[39m
[31m+ import MonitoringView from './components/MonitoringView';[39m
[31m+ import SecurityCenterView from './components/SecurityCenterView';[39m
[31m+ import MSPCommandCenter from './components/MSPCommandCenter';[39m
[31m+ import ReportsView from './components/ReportsView';[39m
[31m+ import TrustGraphView from './components/TrustGraphView';[39m
[31m+ import { EXTENSIONS } from './workflows/extensionRegistry';[39m
[31m+ const PUBLIC_PATHS = new Set(['/','/login','/free-review','/pricing']);[39m
[31m+ const EMPTY_CLIENTS: Client[] = []; const EMPTY_PASSPORTS: SoftwarePassport[] = []; const EMPTY_VENDORS: Vendor[] = []; const EMPTY_INTEGRATIONS: Integration[] = []; const EMPTY_SCANS: Scan[] = []; const EMPTY_ALERTS: Alert[] = [];[39m
[31m+ function deriveAlertStatus(remediationStatus: string | null | undefined, findingStatus: string | null | undefined): Alert['status'] { switch (remediationStatus) { case 'IN_PROGRESS': case 'READY_FOR_VERIFICATION': return 'Acknowledged'; case 'BLOCKED': return 'Snoozed'; case 'VERIFIED': case 'CLOSED': return 'Resolved'; case 'CANCELLED': return 'Cancelled'; case 'OPEN': return 'Active'; default: return String(findingStatus || '').toLowerCase() === 'resolved' ? 'Resolved' : 'Active'; } }[39m
[31m+ function navigate(path: string) { window.history.pushState({}, '', path); window.dispatchEvent(new PopStateEvent('popstate')); }[39m
[31m+ function usePath() { const [path, setPath] = useState(() => window.location.pathname || '/'); useEffect(() => { const update = () => setPath(window.location.pathname || '/'); window.addEventListener('popstate', update); return () => window.removeEventListener('popstate', update); }, []); return path; }[39m
[31m+ function AuthLoading() { return <div className="grid min-h-screen place-items-center bg-[#faf9f8] text-[#201f1e]"><div className="text-center"><div className="mx-auto grid h-10 w-10 place-items-center rounded bg-[#0f6cbd] text-xs font-bold text-white">S</div><div className="mt-4 text-[11px] font-semibold uppercase tracking-wide text-[#605e5c]">Securing workspace</div><div className="mt-1 text-[12px] text-[#8a8886]">Checking authenticated session…</div></div></div>; }[39m
[31m+ function CoverPage() { return <div className="min-h-screen bg-[#faf9f8] text-[#201f1e]"><div className="mx-auto flex min-h-screen max-w-5xl items-center px-6 py-16"><div className="max-w-3xl"><div className="mb-5 inline-flex items-center gap-1.5 rounded border border-[#e1dfdd] bg-white px-2.5 py-1 text-[11px] font-semibold uppercase tracking-wide text-[#605e5c]">Evidence-first software trust</div><h1 className="text-[28px] font-semibold tracking-tight md:text-[34px]">Software trust, operated as a system.</h1><p className="mt-4 max-w-2xl text-[14px] leading-6 text-[#605e5c]">Software Passport Registry turns software identity, security, provenance, reliability, compliance, and evidence into repeatable workflows for teams, buyers, and managed service providers.</p><div className="mt-6 flex flex-wrap gap-2"><button onClick={() => navigate('/login')} className="h-9 rounded bg-[#0f6cbd] px-4 text-[13px] font-semibold text-white hover:bg-[#004578]">Enter SPR</button><button onClick={() => navigate('/free-review')} className="h-9 rounded border border-[#c8c6c4] bg-white px-4 text-[13px] font-medium text-[#323130] hover:bg-black/[.03]">Free review</button></div></div></div></div>; }[39m
[31m+ function PublicPage({ title, description, action, onAction }: { title: string; description: string; action: string; onAction: () => void }) { return <div className="grid min-h-screen place-items-center bg-[#faf9f8] px-6 text-[#201f1e]"><div className="max-w-md rounded-md border border-[#e1dfdd] bg-white p-6 text-center"><div className="text-[11px] font-semibold uppercase tracking-wide text-[#605e5c]">Software Passport Registry</div><h1 className="mt-2 text-[20px] font-semibold">{title}</h1><p className="mt-2 text-[13px] leading-5 text-[#605e5c]">{description}</p><button onClick={onAction} className="mt-5 h-9 rounded bg-[#0f6cbd] px-4 text-[13px] font-semibold text-white hover:bg-[#004578]">{action}</button></div></div>; }[39m
[31m+ function WorkflowBoundary({ title, description, extensionId, onNavigate }: { title: string; description: string; extensionId?: string; onNavigate: (path: string) => void }) { const extension = extensionId ? EXTENSIONS.find((item) => item.id === extensionId) : undefined; return <section><div className="rounded-md border border-[#e1dfdd] bg-white p-5"><div className="text-[11px] font-semibold uppercase tracking-wide text-[#605e5c]">Workflow boundary</div><h1 className="mt-1.5 text-[20px] font-semibold tracking-tight">{title}</h1><p className="mt-2 max-w-2xl text-[13px] leading-5 text-[#605e5c]">{description}</p>{extension && <button onClick={() => onNavigate(extension.entryPath)} className="mt-4 h-8 rounded bg-[#0f6cbd] px-3 text-[12px] font-semibold text-white hover:bg-[#004578]">Open {extension.name} →</button>}</div></section>; }[39m
[31m+ export default function App() {[39m
[31m+  const path=usePath(); const [authReady,setAuthReady]=useState(false); const [user,setUser]=useState<User|null>(null); const [role,setRole]=useState('Viewer'); const [selectedClientId,setSelectedClientId]=useState(''); const [selectedPassportId,setSelectedPassportId]=useState<string|null>(null); const [assets,setAssets]=useState<any[]>([]); const [clients,setClients]=useState<Client[]>(EMPTY_CLIENTS); const [passports,setPassports]=useState<SoftwarePassport[]>(EMPTY_PASSPORTS); const [vendors,setVendors]=useState<Vendor[]>(EMPTY_VENDORS); const [alerts,setAlerts]=useState<Alert[]>(EMPTY_ALERTS); const [findings,setFindings]=useState<unknown[]>([]); const [scans,setScans]=useState<Scan[]>(EMPTY_SCANS); const [integrations,setIntegrations]=useState<Integration[]>(EMPTY_INTEGRATIONS); const [theme,setTheme]=useState<'light'|'dark'>('dark'); const [verificationDecisions,setVerificationDecisions]=useState<Record<string,VerificationDecision>>({}); const [verificationDetails,setVerificationDetails]=useState<Record<string,unknown>>({});[39m
[31m+  useEffect(()=>{let mounted=true;let redirectSettled=false;let observedUser:User|null=null;const timeoutId=window.setTimeout(()=>{if(mounted)setAuthReady(true)},10000);const unsubscribe=onAuthStateChanged(auth,(currentUser)=>{if(!mounted)return;observedUser=currentUser;if(!redirectSettled)return;setUser(currentUser);setAuthReady(true);window.clearTimeout(timeoutId)},()=>{if(mounted){setAuthReady(true);window.clearTimeout(timeoutId)}});void getRedirectResult(auth).then(result=>{redirectSettled=true;if(mounted)setUser(result?.user||observedUser);if(mounted)setAuthReady(true);window.clearTimeout(timeoutId)}).catch(error=>{redirectSettled=true;console.error('[Firebase redirect sign-in error]',error);if(mounted)setUser(observedUser);if(mounted)setAuthReady(true);window.clearTimeout(timeoutId)});return()=>{mounted=false;window.clearTimeout(timeoutId);unsubscribe()}},[]);[39m
[31m+  useEffect(()=>{if(authReady&&!user&&!PUBLIC_PATHS.has(path))navigate('/login')},[authReady,user,path]);[39m
[31m+  useEffect(()=>{if(!user)return;let cancelled=false;const load=async()=>{const responses=await Promise.all([apiFetch('/api/user/me'),apiFetch('/api/scans'),apiFetch('/api/trust-loop/findings'),apiFetch('/api/user/passports'),apiFetch('/api/user/clients'),apiFetch('/api/integrations'),apiFetch('/api/user/verification')]);if(responses.some(r=>r.status===401)){await signOut(auth);navigate('/login');return}const [me,scansResponse,findingsResponse,passportsResponse,clientsResponse,integrationsResponse,verificationResponse]=responses;if(verificationResponse.ok){const data=await verificationResponse.json().catch(()=>null);if(!cancelled){setVerificationDecisions(data?.verificationDecisions&&typeof data.verificationDecisions==='object'?data.verificationDecisions:{});setVerificationDetails(data?.verificationDetails&&typeof data.verificationDetails==='object'?data.verificationDetails:{})}}else if(!cancelled){setVerificationDecisions({});setVerificationDetails({})}if(me.ok){const data=await me.json().catch(()=>null);if(!cancelled)setRole(String(data?.role||'Viewer'))}if(scansResponse.ok){const data=await scansResponse.json().catch(()=>[]);if(!cancelled&&Array.isArray(data))setScans(data)}if(findingsResponse.ok){const data=await findingsResponse.json().catch(()=>[]);const rows=Array.isArray(data)?data:data?.findings;if(!cancelled&&Array.isArray(rows)){setFindings(rows);setAlerts(rows.map((row:any)=>({id:String(row.id),title:String(row.title||row.control_id||'Trust finding'),severity:String(row.severity||'Low').replace(/^./,(s:string)=>s.toUpperCase()),category:'Trust finding',clientName:String(row.client_id||'Tenant'),description:String(row.description||'Evidence-backed finding'),timestamp:String(row.updated_at||''),status:deriveAlertStatus(row.remediation_status,row.status),remediationId:row.remediation_id?String(row.remediation_id):null,ownerDisplay:row.remediation_owner_display||null,slaDueAt:row.remediation_sla_due_at||null})) as Alert[])}}if(passportsResponse.ok){const data=await passportsResponse.json().catch(()=>[]);const rows=Array.isArray(data)?data:data?.passports;if(!cancelled&&Array.isArray(rows)){const normalized=rows.map((row:any)=>({...row,id:String(row.id),name:String(row.name||'Unnamed software'),version:String(row.version||'unknown'),publisher:String(row.publisher||'unknown'),clientId:row.clientId?String(row.clientId):undefined,evidence:Array.isArray(row.evidence)?row.evidence:[],vulnerabilities:Array.isArray(row.vulnerabilities)?row.vulnerabilities:[],timeline:Array.isArray(row.timeline)?row.timeline:[],sbom:Array.isArray(row.sbom)?row.sbom:[],scores:null,scoreStatus:row.scoreStatus||'not_authoritatively_scored'})) as SoftwarePassport[];setPassports(normalized);setAssets(normalized.map((passport:any)=>({id:passport.id,name:passport.name,hostName:passport.name,type:passport.category||'software',clientId:passport.clientId,clientName:String(passport.clientId||'Unobserved'),environment:String(passport.environment||'Unobserved'),version:passport.version})));setVendors(EMPTY_VENDORS)}}if(clientsResponse.ok){const data=await clientsResponse.json().catch(()=>[]);const rows=Array.isArray(data)?data:data?.clients;if(!cancelled&&Array.isArray(rows))setClients(rows.map((row:any)=>({...row,id:String(row.id),name:String(row.name||row.company_name||'Unnamed client')})) as Client[])}if(integrationsResponse.ok){const data=await integrationsResponse.json().catch(()=>[]);if(!cancelled&&Array.isArray(data))setIntegrations(data)}};void load().catch(error=>console.warn('[SPR command center load]',error));return()=>{cancelled=true}},[user]);[39m
[31m+  useEffect(()=>{const refresh=()=>{if(user)window.location.reload()};window.addEventListener('refresh-data',refresh);return()=>window.removeEventListener('refresh-data',refresh)},[user]);[39m
[31m+  const onNavigateTab=(target:string,itemId?:string)=>navigate(itemId?`${target.startsWith('/')?target:`/${target}`}/${encodeURIComponent(itemId)}`:target.startsWith('/')?target:`/${target}`); const quickAction=(action:'add-client'|'register-passport'|'scan-sbom')=>navigate(action==='add-client'?'/clients':action==='register-passport'?'/passports':'/scans');[39m
[31m+  const performAlertAction=async(alert:Alert,action:'acknowledge'|'assign'|'resolve'|'escalate'|'snooze'|'reopen',assigneeDisplay?:string)=>{let remediationId=alert.remediationId;if(!remediationId){const created=await apiFetch('/api/trust-loop/remediations',{method:'POST',headers:{'Content-Type':'application/json'},body:JSON.stringify({findingId:alert.id,title:alert.title,description:alert.description,priority:alert.severity.toUpperCase()})});if(!created.ok)return;const createdBody=await created.json().catch(()=>null);remediationId=createdBody?.id?String(createdBody.id):undefined;if(!remediationId)return}const patchBody:Record<string,unknown>={acknowledge:{status:'IN_PROGRESS'},resolve:{status:'CLOSED'},snooze:{status:'BLOCKED'},reopen:{status:'OPEN'},escalate:{status:'IN_PROGRESS',slaDueAt:new Date(Date.now()+4*3600*1000).toISOString()},assign:{status:'IN_PROGRESS',ownerDisplay:assigneeDisplay||''}}[action];const response=await apiFetch(`/api/trust-loop/remediations/${encodeURIComponent(remediationId)}`,{method:'PATCH',headers:{'Content-Type':'application/json'},body:JSON.stringify(patchBody)});if(!response.ok)return;const updated=await response.json().catch(()=>null);setAlerts(current=>current.map(item=>item.id===alert.id?{...item,remediationId,status:deriveAlertStatus(updated?.status??String(patchBody.status),null),ownerDisplay:updated?.owner_display??(patchBody.ownerDisplay as string|undefined)??item.ownerDisplay,slaDueAt:updated?.sla_due_at??(patchBody.slaDueAt as string|undefined)??item.slaDueAt}:item))};[39m
[31m+  const selectedExtension=useMemo(()=>{const match=path.match(/^\/extensions\/([^/]+)/);return match?decodeURIComponent(match[1]):null},[path]);const signOutUser=async()=>{await signOut(auth);navigate('/login')};[39m
[31m+  if(!authReady)return <AuthLoading/>;if(path==='/')return <CoverPage/>;if(path==='/login')return user?<AuthLoading/>:<LoginView onLoginSuccess={()=>navigate('/dashboard')}/>;if(!user&&path==='/free-review')return <PublicPage title="Free software review" description="Start an evidence-first review from the public entry point." action="Sign in to continue" onAction={()=>navigate('/login')}/>;if(!user&&path==='/pricing')return <PublicPage title="SPR plans" description="Account and billing capabilities are available inside the authenticated workspace." action="Enter SPR" onAction={()=>navigate('/login')}/>;if(!user)return <AuthLoading/>;[39m
[31m+  let view:ReactNode;if(selectedExtension)view=<ExtensionWorkflow id={selectedExtension} onNavigate={navigate}/>;else switch(path){case '/dashboard':view=<EvidenceDashboardView clients={clients} alerts={alerts} scans={scans} passports={passports} findings={findings} onNavigateTab={onNavigateTab} onOpenQuickAction={quickAction}/>;break;case '/coverage':view=<CoverageView clients={clients} scans={scans} passports={passports} onNavigateTab={onNavigateTab}/>;break;case '/evidence-explorer':view=<EvidenceExplorerView passports={passports}/>;break;case '/assets':view=<AssetsView clients={clients} searchQuery="" assets={assets}/>;break;case '/passports':case '/registry':view=<PassportsView verificationDecisions={verificationDecisions} verificationDetails={verificationDetails} passports={passports} selectedPassportId={selectedPassportId} setSelectedPassportId={setSelectedPassportId} searchQuery="" clients={clients} assets={assets} role={role} onNavigateTab={onNavigateTab} onUpdatePassport={passport=>setPassports(current=>current.map(item=>item.id===passport.id?passport:item))}/>;break;case '/scans':view=<ScansView scans={scans} clients={clients} assets={assets} passports={passports} role={role} onTriggerNewScan={scan=>setScans(current=>[scan,...current.filter(item=>item.id!==scan.id)].slice(0,100))}/>;break;case '/alerts':view=<AlertsView alerts={alerts} onAlertAction={performAlertAction}/>;break;case '/reports':view=<ReportsView clients={clients} passports={passports} scans={scans} alerts={alerts} findings={findings} role={role}/>;break;case '/trust-graph':view=<TrustGraphView clients={clients} passports={passports} assets={assets} findings={findings}/>;/* onSelectPassport={setSelectedPassportId} */break;case '/clients':view=<ClientsView clients={clients} selectedClientId={selectedClientId} setSelectedClientId={setSelectedClientId} passports={passports} onNavigateTab={onNavigateTab} searchQuery=""/>;break;case '/vendors':view=<VendorsView vendors={vendors} searchQuery=""/>;break;case '/integrations':view=<IntegrationsView passports={passports} onNavigateTab={onNavigateTab}/>;break;case '/monitoring':view=<MonitoringView role={role}/>;break;case '/security':view=<SecurityCenterView clients={clients} passports={passports}/>;break;case '/compliance':view=<ComplianceView clients={clients} role={role}/>;break;case '/msp':view=<MSPCommandCenter verificationDecisions={verificationDecisions} verificationDetails={verificationDetails} clients={clients} alerts={alerts} findings={findings} role={role} onSelectClient={setSelectedClientId} onNavigate={navigate}/>;break;case '/agent-trust':view=<AgentTrustView/>;break;case '/ai-trust-center':view=<AITrustCenterView role={role}/>;break;case '/enterprise-readiness':view=<EnterpriseReadinessView clients={clients}/>;break;case '/investor':view=<InvestorHomeView passports={passports} clients={clients} alerts={alerts} onShowTelemetry={()=>navigate('/scans')} onNavigateTab={onNavigateTab}/>;break;case '/founder':view=<FounderDashboardView userRole={role}/>;break;case '/billing':view=<BillingView/>;break;case '/settings':view=<SettingsView theme={theme} onToggleTheme={()=>setTheme(current=>current==='dark'?'light':'dark')}/>;break;case '/team':view=<TeamView role={role}/>;break;case '/audit-log':view=<AuditLogView/>;break;case '/extensions':view=<ExtensionMarketplace onNavigateTab={onNavigateTab} role={role}/>;break;default:view=<WorkflowBoundary title="Workflow" description="This authenticated capability is explicitly routed through the Command Center. Choose its owning workflow from the left rail." onNavigate={navigate}/>}[39m
[31m+  return <CommandCenter path={path} userEmail={user.email} role={role} onNavigate={navigate} onSignOut={()=>void signOutUser()}>{view}</CommandCenter>;[39m
[31m+ }[39m
[31m+[39m

[36m [2m❯[22m tests/governance-ui-contract.test.ts:[2m53:17[22m[39m
    [90m 51| [39m  it('GovernanceView is actually mounted in App.tsx and CommandCenter.…
    [90m 52| [39m    [35mconst[39m app [33m=[39m [34mread[39m([32m'src/App.tsx'[39m)[33m;[39m
    [90m 53| [39m    expect(app).toContain("import GovernanceView from './components/Go…
    [90m   | [39m                [31m^[39m
    [90m 54| [39m    expect(app).toContain("case '/governance': view = <GovernanceView …
    [90m 55| [39m    [35mconst[39m nav [33m=[39m [34mread[39m([32m'src/components/CommandCenter.tsx'[39m)[33m;[39m

[31m[2m⎯⎯⎯⎯⎯⎯⎯⎯⎯⎯⎯⎯⎯⎯⎯⎯⎯⎯⎯⎯⎯[48/141]⎯[22m[39m

[41m[1m FAIL [22m[49m tests/integrations-view-contract.test.ts[2m > [22mSPR integrations UI contracts[2m > [22mdrives Connect/Sync from the real live-integration endpoints instead of the removed dead /toggle and /sync routes
[31m[1mAssertionError[22m: expected '/**\n * @license\n * SPDX-License-Ide…' to contain 'apiFetch(\'/api/integrations-live\')'[39m

[32m- Expected[39m
[31m+ Received[39m

[32m- apiFetch('/api/integrations-live')[39m
[31m+ /**[39m
[31m+  * @license[39m
[31m+  * SPDX-License-Identifier: Apache-2.0[39m
[31m+  */[39m
[31m+[39m
[31m+ import { useEffect, useMemo, useState } from 'react';[39m
[31m+ import {[39m
[31m+   Plug, CheckCircle2, RefreshCw, KeyRound, AlertCircle,[39m
[31m+   Slack, Github, Monitor, Briefcase, FileText, Key,[39m
[31m+   ShieldCheck, Ticket, BookOpen, CloudLightning, Copy, Send, Trash2, Webhook, XCircle,[39m
[31m+ } from 'lucide-react';[39m
[31m+ import type { SoftwarePassport } from '../types';[39m
[31m+ import { apiFetch } from '../utils/apiClient';[39m
[31m+ import { CREDENTIAL_FIELDS, WEBHOOK_EVENT_TYPES } from '../integrations/credentialFields';[39m
[31m+[39m
[31m+ interface IntegrationsViewProps {[39m
[31m+   passports?: SoftwarePassport[];[39m
[31m+   onNavigateTab?: (tab: string) => void;[39m
[31m+ }[39m
[31m+[39m
[31m+ type LiveCatalogItem = {[39m
[31m+   id: string; name: string; category: string; icon: string; description: string; provider: string;[39m
[31m+   capability: 'live' | 'planned'; adapter: string; credentialStatus: 'NOT_CONFIGURED' | 'CONFIGURED' | 'LIVE'; lastTestedAt: string | null;[39m
[31m+ };[39m
[31m+[39m
[31m+ type DashboardWebhook = { id: string; url: string; events: string; active: boolean; consecutive_failure_count: number; disabled_at: string | null; created_at: string };[39m
[31m+[39m
[31m+ const getIntegrationIcon = (iconName: string) => {[39m
[31m+   switch (iconName?.toLowerCase()) {[39m
[31m+     case 'slack': return <Slack className="w-4 h-4 text-pink-500" />;[39m
[31m+     case 'github': case 'git': return <Github className="w-4 h-4 text-[#323130]" />;[39m
[31m+     case 'monitor': return <Monitor className="w-4 h-4 text-[#0f6cbd]" />;[39m
[31m+     case 'briefcase': return <Briefcase className="w-4 h-4 text-violet-600" />;[39m
[31m+     case 'file-text': return <FileText className="w-4 h-4 text-teal-600" />;[39m
[31m+     case 'key': return <Key className="w-4 h-4 text-rose-600" />;[39m
[31m+     case 'shield-check': return <ShieldCheck className="w-4 h-4 text-red-600" />;[39m
[31m+     case 'ticket': return <Ticket className="w-4 h-4 text-violet-600" />;[39m
[31m+     case 'book-open': return <BookOpen className="w-4 h-4 text-teal-600" />;[39m
[31m+     case 'cloud-lightning': return <CloudLightning className="w-4 h-4 text-amber-600" />;[39m
[31m+     default: return <Plug className="w-4 h-4 text-[#0f6cbd]" />;[39m
[31m+   }[39m
[31m+ };[39m
[31m+[39m
[31m+ const STATUS_DOT: Record<LiveCatalogItem['credentialStatus'], string> = {[39m
[31m+   NOT_CONFIGURED: 'bg-[#8a8886]',[39m
[31m+   CONFIGURED: 'bg-[#8a5700]',[39m
[31m+   LIVE: 'bg-[#0e700e]',[39m
[31m+ };[39m
[31m+ const STATUS_LABEL: Record<LiveCatalogItem['credentialStatus'], string> = {[39m
[31m+   NOT_CONFIGURED: 'Not connected', CONFIGURED: 'Saved, untested', LIVE: 'Live',[39m
[31m+ };[39m
[31m+[39m
[31m+ function responseError(data: any, fallback: string) {[39m
[31m+   if (typeof data?.error === 'string') return data.error;[39m
[31m+   return fallback;[39m
[31m+ }[39m
[31m+[39m
[31m+ export default function IntegrationsView({ passports = [], onNavigateTab }: IntegrationsViewProps) {[39m
[31m+   const [catalog, setCatalog] = useState<LiveCatalogItem[]>([]);[39m
[31m+   const [catalogLoading, setCatalogLoading] = useState(true);[39m
[31m+   const [expandedProvider, setExpandedProvider] = useState<string | null>(null);[39m
[31m+   const [credentialValues, setCredentialValues] = useState<Record<string, string>>({});[39m
[31m+   const [savingProvider, setSavingProvider] = useState<string | null>(null);[39m
[31m+   const [testingProvider, setTestingProvider] = useState<string | null>(null);[39m
[31m+   const [testMessage, setTestMessage] = useState<Record<string, string>>({});[39m
[31m+   const [selectedPassportId, setSelectedPassportId] = useState(passports[0]?.id || '');[39m
[31m+[39m
[31m+   const [webhooks, setWebhooks] = useState<DashboardWebhook[]>([]);[39m
[31m+   const [webhooksLoading, setWebhooksLoading] = useState(true);[39m
[31m+   const [webhookUrl, setWebhookUrl] = useState('');[39m
[31m+   const [webhookEvents, setWebhookEvents] = useState<string[]>([...WEBHOOK_EVENT_TYPES]);[39m
[31m+   const [creatingWebhook, setCreatingWebhook] = useState(false);[39m
[31m+   const [webhookError, setWebhookError] = useState('');[39m
[31m+   const [revealedSecret, setRevealedSecret] = useState<{ url: string; secret: string } | null>(null);[39m
[31m+[39m
[31m+   const loadCatalog = () => {[39m
[31m+     setCatalogLoading(true);[39m
[31m+     apiFetch('/api/integrations-live/').then(async (r) => { const data = await r.json().catch(() => []); if (Array.isArray(data)) setCatalog(data); }).finally(() => setCatalogLoading(false));[39m
[31m+   };[39m
[31m+   const loadWebhooks = () => {[39m
[31m+     setWebhooksLoading(true);[39m
[31m+     apiFetch('/api/v1/dashboard/webhooks').then(async (r) => { const data = await r.json().catch(() => []); if (Array.isArray(data)) setWebhooks(data); }).finally(() => setWebhooksLoading(false));[39m
[31m+   };[39m
[31m+   useEffect(() => { loadCatalog(); loadWebhooks(); }, []);[39m
[31m+   useEffect(() => { if (!passports.some((p) => p.id === selectedPassportId)) setSelectedPassportId(passports[0]?.id || ''); }, [passports, selectedPassportId]);[39m
[31m+[39m
[31m+   const toggleExpanded = (provider: string) => {[39m
[31m+     setExpandedProvider((current) => (current === provider ? null : provider));[39m
[31m+     setCredentialValues({});[39m
[31m+   };[39m
[31m+[39m
[31m+   const saveCredentials = async (provider: string) => {[39m
[31m+     setSavingProvider(provider);[39m
[31m+     setTestMessage((current) => ({ ...current, [provider]: '' }));[39m
[31m+     try {[39m
[31m+       const response = await apiFetch(`/api/integrations-live/${encodeURIComponent(provider)}/credentials`, {[39m
[31m+         method: 'PUT', headers: { 'Content-Type': 'application/json' }, body: JSON.stringify(credentialValues),[39m
[31m+       });[39m
[31m+       if (!response.ok) { const data = await response.json().catch(() => null); throw new Error(responseError(data, 'Unable to save credentials.')); }[39m
[31m+       setTestMessage((current) => ({ ...current, [provider]: 'Credentials saved. Run a test to collect live evidence.' }));[39m
[31m+       loadCatalog();[39m
[31m+     } catch (error) {[39m
[31m+       setTestMessage((current) => ({ ...current, [provider]: error instanceof Error ? error.message : 'Unable to save credentials.' }));[39m
[31m+     } finally {[39m
[31m+       setSavingProvider(null);[39m
[31m+     }[39m
[31m+   };[39m
[31m+[39m
[31m+   const testProvider = async (provider: string) => {[39m
[31m+     if (!selectedPassportId) { setTestMessage((current) => ({ ...current, [provider]: 'Select a passport to test against first.' })); return; }[39m
[31m+     setTestingProvider(provider);[39m
[31m+     setTestMessage((current) => ({ ...current, [provider]: '' }));[39m
[31m+     try {[39m
[31m+       const response = await apiFetch(`/api/integrations-live/${encodeURIComponent(provider)}/test`, {[39m
[31m+         method: 'POST', headers: { 'Content-Type': 'application/json' }, body: JSON.stringify({ passportId: selectedPassportId }),[39m
[31m+       });[39m
[31m+       const data = await response.json().catch(() => null);[39m
[31m+       if (!response.ok) throw new Error(responseError(data, 'Live test failed.'));[39m
[31m+       setTestMessage((current) => ({ ...current, [provider]: `Live evidence collected (${data.subject || 'authenticated request'}) at ${new Date(data.observedAt).toLocaleString()}.` }));[39m
[31m+       loadCatalog();[39m
[31m+     } catch (error) {[39m
[31m+       setTestMessage((current) => ({ ...current, [provider]: error instanceof Error ? error.message : 'Live test failed.' }));[39m
[31m+     } finally {[39m
[31m+       setTestingProvider(null);[39m
[31m+     }[39m
[31m+   };[39m
[31m+[39m
[31m+   const createWebhook = async () => {[39m
[31m+     setCreatingWebhook(true);[39m
[31m+     setWebhookError('');[39m
[31m+     try {[39m
[31m+       const response = await apiFetch('/api/v1/dashboard/webhooks', {[39m
[31m+         method: 'POST', headers: { 'Content-Type': 'application/json' }, body: JSON.stringify({ url: webhookUrl, events: webhookEvents }),[39m
[31m+       });[39m
[31m+       const data = await response.json().catch(() => null);[39m
[31m+       if (!response.ok) throw new Error(responseError(data, 'Unable to create webhook.'));[39m
[31m+       setRevealedSecret({ url: data.url, secret: data.secret });[39m
[31m+       setWebhookUrl('');[39m
[31m+       loadWebhooks();[39m
[31m+     } catch (error) {[39m
[31m+       setWebhookError(error instanceof Error ? error.message : 'Unable to create webhook.');[39m
[31m+     } finally {[39m
[31m+       setCreatingWebhook(false);[39m
[31m+     }[39m
[31m+   };[39m
[31m+[39m
[31m+   const deactivateWebhook = async (id: string) => {[39m
[31m+     if (!window.confirm('Deactivate this webhook? SPR will stop delivering events to it.')) return;[39m
[31m+     const response = await apiFetch(`/api/v1/dashboard/webhooks/${encodeURIComponent(id)}`, { method: 'DELETE' });[39m
[31m+     if (response.ok) loadWebhooks();[39m
[31m+   };[39m
[31m+[39m
[31m+   const liveProviders = useMemo(() => catalog.filter((item) => item.capability === 'live'), [catalog]);[39m
[31m+   const plannedProviders = useMemo(() => catalog.filter((item) => item.capability !== 'live'), [catalog]);[39m
[31m+[39m
[31m+   return ([39m
[31m+     <div className="space-y-4" id="msp-integrations-view">[39m
[31m+       <div className="flex items-center justify-between gap-4">[39m
[31m+         <div>[39m
[31m+           <h1 className="text-[22px] font-semibold text-[#201f1e]">Integrations</h1>[39m
[31m+           <p className="mt-1 text-[13px] text-[#605e5c]">Connect live tools and outbound webhooks for evidence collection.</p>[39m
[31m+         </div>[39m
[31m+         {catalogLoading && <RefreshCw className="h-3.5 w-3.5 animate-spin text-[#8a8886]" />}[39m
[31m+       </div>[39m
[31m+[39m
[31m+       <details className="mb-1 rounded-md border border-[#e1dfdd] bg-[#faf9f8] text-[13px]">[39m
[31m+         <summary className="cursor-pointer select-none px-3 py-2 font-medium text-[#323130]">&#9432; What is this? &middot; How it works</summary>[39m
[31m+         <div className="px-3 pb-3 text-[#605e5c]">[39m
[31m+           <p>Every connector below makes a real authenticated request and writes hashed evidence to the trust graph &mdash; nothing here is a UI-only toggle.</p>[39m
[31m+           <ol className="mt-1.5 list-decimal space-y-0.5 pl-4">[39m
[31m+             <li>Save credentials for a provider, then run a live test against a selected passport.</li>[39m
[31m+             <li>Successful tests write signed evidence you can review from that passport's trust graph.</li>[39m
[31m+             <li>Use webhook subscriptions to relay SPR events into Slack, Jira, or a PSA via your own automation.</li>[39m
[31m+           </ol>[39m
[31m+         </div>[39m
[31m+       </details>[39m
[31m+[39m
[31m+       <div className="rounded-md border border-[#e1dfdd] bg-white p-3">[39m
[31m+         <label className="text-[11px] font-semibold text-[#605e5c]">Test evidence against passport</label>[39m
[31m+         <select value={selectedPassportId} onChange={(e) => setSelectedPassportId(e.target.value)} className="mt-1.5 h-9 w-full max-w-sm rounded border border-[#c8c6c4] bg-white px-3 text-[13px] text-[#323130] focus:border-[#0f6cbd] focus:outline-none focus:ring-1 focus:ring-[#0f6cbd]">[39m
[31m+           {!passports.length && <option value="">No passports available — register one first</option>}[39m
[31m+           {passports.map((p) => <option key={p.id} value={p.id}>{p.name} · {p.version}</option>)}[39m
[31m+         </select>[39m
[31m+       </div>[39m
[31m+[39m
[31m+       <div className="grid grid-cols-1 md:grid-cols-2 lg:grid-cols-3 gap-3">[39m
[31m+         {liveProviders.map((item) => {[39m
[31m+           const isGithub = item.provider === 'github';[39m
[31m+           const expanded = expandedProvider === item.provider;[39m
[31m+           const fields = CREDENTIAL_FIELDS[item.provider] || [];[39m
[31m+           const message = testMessage[item.provider];[39m
[31m+           return ([39m
[31m+             <div key={item.id} className="flex flex-col gap-3 rounded-md border border-[#e1dfdd] bg-white p-4">[39m
[31m+               <div className="flex items-center justify-between">[39m
[31m+                 <div className="flex h-8 w-8 shrink-0 items-center justify-center rounded border border-[#e1dfdd] bg-[#faf9f8]">{getIntegrationIcon(item.icon)}</div>[39m
[31m+                 <span className="inline-flex items-center gap-1.5 text-[12px]"><span className={`h-1.5 w-1.5 rounded-full ${STATUS_DOT[item.credentialStatus]}`} />{STATUS_LABEL[item.credentialStatus]}</span>[39m
[31m+               </div>[39m
[31m+               <div>[39m
[31m+                 <span className="rounded border border-[#e1dfdd] bg-[#f3f2f1] px-1.5 py-0.5 text-[10px] font-semibold uppercase tracking-wide text-[#605e5c]">{item.category}</span>[39m
[31m+                 <h3 className="mt-2 text-[13px] font-semibold text-[#201f1e]">{item.name}</h3>[39m
[31m+                 <p className="mt-1 text-[12px] leading-relaxed text-[#605e5c]">{item.description}</p>[39m
[31m+               </div>[39m
[31m+               {item.lastTestedAt && <p className="text-[11px] text-[#8a8886]">Last live evidence: {new Date(item.lastTestedAt).toLocaleString()}</p>}[39m
[31m+[39m
[31m+               {isGithub ? ([39m
[31m+                 <button onClick={() => onNavigateTab?.('/scans')} className="mt-1 inline-flex h-8 items-center justify-center gap-1.5 rounded border border-[#c8c6c4] px-3 text-[13px] font-medium text-[#323130] hover:bg-black/[.03]">[39m
[31m+                   <RefreshCw className="w-3.5 h-3.5" /> Run from Scans (repository-scoped scan)[39m
[31m+                 </button>[39m
[31m+               ) : ([39m
[31m+                 <>[39m
[31m+                   <button onClick={() => toggleExpanded(item.provider)} className="inline-flex h-8 items-center justify-center gap-1.5 rounded border border-[#c8c6c4] px-3 text-[13px] font-medium text-[#323130] hover:bg-black/[.03]">[39m
[31m+                     <KeyRound className="w-3.5 h-3.5" /> {expanded ? 'Hide credentials' : item.credentialStatus === 'NOT_CONFIGURED' ? 'Connect' : 'Update credentials'}[39m
[31m+                   </button>[39m
[31m+                   {expanded && ([39m
[31m+                     <div className="space-y-2 rounded-md border border-[#e1dfdd] bg-[#faf9f8] p-3">[39m
[31m+                       {fields.map((field) => ([39m
[31m+                         <div key={field.key}>[39m
[31m+                           <label className="text-[11px] font-semibold text-[#605e5c]">{field.label}{field.required ? ' *' : ''}</label>[39m
[31m+                           <input type={field.type} placeholder={field.placeholder} value={credentialValues[field.key] || ''} onChange={(e) => setCredentialValues((current) => ({ ...current, [field.key]: e.target.value }))} className="mt-1 h-9 w-full rounded border border-[#c8c6c4] bg-white px-2.5 text-[13px] text-[#323130] focus:border-[#0f6cbd] focus:outline-none focus:ring-1 focus:ring-[#0f6cbd]" />[39m
[31m+                         </div>[39m
[31m+                       ))}[39m
[31m+                       <button onClick={() => void saveCredentials(item.provider)} disabled={savingProvider === item.provider || fields.some((f) => f.required && !credentialValues[f.key]?.trim())} className="h-8 w-full rounded bg-[#0f6cbd] px-3 text-[13px] font-medium text-white hover:bg-[#004578] disabled:opacity-40">{savingProvider === item.provider ? 'Saving…' : 'Save credentials'}</button>[39m
[31m+                     </div>[39m
[31m+                   )}[39m
[31m+                   {item.credentialStatus !== 'NOT_CONFIGURED' && ([39m
[31m+                     <button onClick={() => void testProvider(item.provider)} disabled={testingProvider === item.provider || !selectedPassportId} className="inline-flex h-8 items-center justify-center gap-1.5 rounded border border-[#c8c6c4] px-3 text-[13px] font-medium text-[#323130] hover:bg-black/[.03] disabled:opacity-40">[39m
[31m+                       <RefreshCw className={`w-3.5 h-3.5 ${testingProvider === item.provider ? 'animate-spin' : ''}`} /> {testingProvider === item.provider ? 'Testing…' : 'Run live test'}[39m
[31m+                     </button>[39m
[31m+                   )}[39m
[31m+                 </>[39m
[31m+               )}[39m
[31m+               {message && <p className="text-[11px] leading-4 text-[#605e5c]">{message}</p>}[39m
[31m+             </div>[39m
[31m+           );[39m
[31m+         })}[39m
[31m+       </div>[39m
[31m+[39m
[31m+       {plannedProviders.length > 0 && ([39m
[31m+         <div className="rounded-md border border-dashed border-[#c8c6c4] bg-[#faf9f8] p-3">[39m
[31m+           <div className="mb-2 text-[11px] font-semibold text-[#605e5c]">Cataloged, not yet built</div>[39m
[31m+           <div className="flex flex-wrap gap-2">{plannedProviders.map((item) => <span key={item.id} className="rounded border border-[#e1dfdd] bg-white px-2 py-1 text-[11px] text-[#605e5c]">{item.name}</span>)}</div>[39m
[31m+         </div>[39m
[31m+       )}[39m
[31m+[39m
[31m+       {/* Real webhook subscriptions — replaces a prior panel whose Save/Test buttons were no-ops against endpoints that did not exist. */}[39m
[31m+       <div className="space-y-4 rounded-md border border-[#e1dfdd] bg-white p-4">[39m
[31m+         <div className="flex items-center gap-2.5">[39m
[31m+           <div className="flex h-8 w-8 items-center justify-center rounded border border-[#e1dfdd] bg-[#eff6fc] text-[#0f6cbd]"><Webhook className="w-4 h-4" /></div>[39m
[31m+           <div>[39m
[31m+             <h2 className="text-[14px] font-semibold text-[#201f1e]">Webhook subscriptions</h2>[39m
[31m+             <p className="mt-0.5 text-[12px] text-[#605e5c]">SPR delivers a signed HTTP POST to your URL for the events you pick. Relay it to Slack, Jira, or a PSA with your own automation (e.g. Zapier, a small serverless function) — SPR does not host per-PSA routing rules itself.</p>[39m
[31m+           </div>[39m
[31m+         </div>[39m
[31m+[39m
[31m+         <div className="grid gap-4 lg:grid-cols-2">[39m
[31m+           <div className="space-y-3">[39m
[31m+             <label className="text-[11px] font-semibold text-[#605e5c]">Destination URL (HTTPS only, must resolve to a public address)</label>[39m
[31m+             <input value={webhookUrl} onChange={(e) => setWebhookUrl(e.target.value)} placeholder="https://your-relay.example.com/spr" className="h-9 w-full rounded border border-[#c8c6c4] bg-white px-3 font-mono text-[12px] text-[#323130] focus:border-[#0f6cbd] focus:outline-none focus:ring-1 focus:ring-[#0f6cbd]" />[39m
[31m+             <div className="grid grid-cols-2 gap-2">[39m
[31m+               {WEBHOOK_EVENT_TYPES.map((event) => ([39m
[31m+                 <label key={event} className="flex items-center gap-2 text-[12px] text-[#323130]">[39m
[31m+                   <input type="checkbox" checked={webhookEvents.includes(event)} onChange={(e) => setWebhookEvents((current) => e.target.checked ? [...current, event] : current.filter((item) => item !== event))} className="h-3.5 w-3.5 rounded border-[#c8c6c4]" />[39m
[31m+                   {event}[39m
[31m+                 </label>[39m
[31m+               ))}[39m
[31m+             </div>[39m
[31m+             <button onClick={() => void createWebhook()} disabled={creatingWebhook || !webhookUrl.trim() || !webhookEvents.length} className="inline-flex h-8 items-center gap-1.5 rounded bg-[#0f6cbd] px-3 text-[13px] font-medium text-white hover:bg-[#004578] disabled:opacity-40"><Send className="w-3.5 h-3.5" /> {creatingWebhook ? 'Creating…' : 'Create webhook'}</button>[39m
[31m+             {webhookError && <p className="text-[12px] text-[#a4262c]">{webhookError}</p>}[39m
[31m+             {revealedSecret && ([39m
[31m+               <div className="rounded-md border border-[#e1dfdd] bg-[#dff6dd] p-3 text-[12px]">[39m
[31m+                 <div className="font-semibold text-[#0e700e]">Signing secret (shown once — store it now)</div>[39m
[31m+                 <div className="mt-1 flex items-center gap-2 font-mono text-[#0e700e]"><span className="truncate">{revealedSecret.secret}</span><button onClick={() => navigator.clipboard.writeText(revealedSecret.secret)} aria-label="Copy secret"><Copy className="h-3.5 w-3.5" /></button></div>[39m
[31m+                 <p className="mt-1 text-[#0e700e]/80">Verify deliveries with HMAC-SHA256 over the `x-spr-signature` header, as documented for SPR Connect webhooks.</p>[39m
[31m+               </div>[39m
[31m+             )}[39m
[31m+           </div>[39m
[31m+[39m
[31m+           <div className="space-y-2">[39m
[31m+             <div className="text-[11px] font-semibold text-[#605e5c]">Active subscriptions</div>[39m
[31m+             {webhooksLoading && <p className="text-[12px] text-[#8a8886]">Loading…</p>}[39m
[31m+             {!webhooksLoading && webhooks.length === 0 && <p className="text-[12px] text-[#8a8886]">No webhooks configured yet.</p>}[39m
[31m+             <ul className="max-h-64 space-y-2 overflow-auto pr-1">[39m
[31m+               {webhooks.map((webhook) => ([39m
[31m+                 <li key={webhook.id} className="rounded-md border border-[#e1dfdd] bg-[#faf9f8] p-3 text-[12px]">[39m
[31m+                   <div className="flex items-center justify-between gap-2">[39m
[31m+                     <span className="truncate font-mono text-[#323130]">{webhook.url}</span>[39m
[31m+                     {webhook.active ? <CheckCircle2 className="h-3.5 w-3.5 shrink-0 text-[#0e700e]" /> : <XCircle className="h-3.5 w-3.5 shrink-0 text-[#8a8886]" />}[39m
[31m+                   </div>[39m
[31m+                   <div className="mt-1 text-[11px] text-[#8a8886]">{webhook.consecutive_failure_count > 0 && <span className="text-[#8a5700]">{webhook.consecutive_failure_count} recent failures · </span>}Created {new Date(webhook.created_at).toLocaleDateString()}</div>[39m
[31m+                   {webhook.active && <button onClick={() => void deactivateWebhook(webhook.id)} className="mt-2 inline-flex items-center gap-1 text-[11px] font-medium text-[#a4262c] hover:text-[#69000f]"><Trash2 className="h-3 w-3" /> Deactivate</button>}[39m
[31m+                 </li>[39m
[31m+               ))}[39m
[31m+             </ul>[39m
[31m+           </div>[39m
[31m+         </div>[39m
[31m+[39m
[31m+         <div className="flex gap-2 rounded-md border border-[#e1dfdd] bg-[#fff4ce] p-3 text-[11px] leading-5 text-[#8a5700]">[39m
[31m+           <AlertCircle className="h-3.5 w-3.5 shrink-0" />[39m
[31m+           Direct native ticket-creation in Jira/ConnectWise/Autotask, SIEM ingestion, and identity-provider connectors are not built — this signed webhook is the only outbound event mechanism SPR currently ships. Use it to relay events into those systems yourself.[39m
[31m+         </div>[39m
[31m+       </div>[39m
[31m+     </div>[39m
[31m+   );[39m
[31m+ }[39m
[31m+[39m

[36m [2m❯[22m tests/integrations-view-contract.test.ts:[2m16:18[22m[39m
    [90m 14| [39m    [90m// Railway (production regression: the catalog rendered as a silent[39m
    [90m 15| [39m    // empty grid, response.ok was true and response.json() failed on …
    [90m 16| [39m    [34mexpect[39m(view)[33m.[39m[34mtoContain[39m([32m"apiFetch('/api/integrations-live')"[39m)[33m;[39m
    [90m   | [39m                 [31m^[39m
    [90m 17| [39m    [34mexpect[39m(view)[33m.[39mnot[33m.[39m[34mtoContain[39m([32m"apiFetch('/api/integrations-live/')"[39m)[33m;[39m
    [90m 18| [39m    expect(view).toContain('/api/integrations-live/${encodeURIComponen…

[31m[2m⎯⎯⎯⎯⎯⎯⎯⎯⎯⎯⎯⎯⎯⎯⎯⎯⎯⎯⎯⎯⎯[49/141]⎯[22m[39m

[41m[1m FAIL [22m[49m tests/integrations-view-contract.test.ts[2m > [22mSPR integrations UI contracts[2m > [22mgives GitHub its own credential/test/discovery/scan flow instead of the generic credential adapter that explicitly rejects it
[31m[1mAssertionError[22m: expected '/**\n * @license\n * SPDX-License-Ide…' to contain 'apiFetch(\'/api/integrations-live/git…'[39m

[32m- Expected[39m
[31m+ Received[39m

[32m- apiFetch('/api/integrations-live/github/repositories')[39m
[31m+ /**[39m
[31m+  * @license[39m
[31m+  * SPDX-License-Identifier: Apache-2.0[39m
[31m+  */[39m
[31m+[39m
[31m+ import { useEffect, useMemo, useState } from 'react';[39m
[31m+ import {[39m
[31m+   Plug, CheckCircle2, RefreshCw, KeyRound, AlertCircle,[39m
[31m+   Slack, Github, Monitor, Briefcase, FileText, Key,[39m
[31m+   ShieldCheck, Ticket, BookOpen, CloudLightning, Copy, Send, Trash2, Webhook, XCircle,[39m
[31m+ } from 'lucide-react';[39m
[31m+ import type { SoftwarePassport } from '../types';[39m
[31m+ import { apiFetch } from '../utils/apiClient';[39m
[31m+ import { CREDENTIAL_FIELDS, WEBHOOK_EVENT_TYPES } from '../integrations/credentialFields';[39m
[31m+[39m
[31m+ interface IntegrationsViewProps {[39m
[31m+   passports?: SoftwarePassport[];[39m
[31m+   onNavigateTab?: (tab: string) => void;[39m
[31m+ }[39m
[31m+[39m
[31m+ type LiveCatalogItem = {[39m
[31m+   id: string; name: string; category: string; icon: string; description: string; provider: string;[39m
[31m+   capability: 'live' | 'planned'; adapter: string; credentialStatus: 'NOT_CONFIGURED' | 'CONFIGURED' | 'LIVE'; lastTestedAt: string | null;[39m
[31m+ };[39m
[31m+[39m
[31m+ type DashboardWebhook = { id: string; url: string; events: string; active: boolean; consecutive_failure_count: number; disabled_at: string | null; created_at: string };[39m
[31m+[39m
[31m+ const getIntegrationIcon = (iconName: string) => {[39m
[31m+   switch (iconName?.toLowerCase()) {[39m
[31m+     case 'slack': return <Slack className="w-4 h-4 text-pink-500" />;[39m
[31m+     case 'github': case 'git': return <Github className="w-4 h-4 text-[#323130]" />;[39m
[31m+     case 'monitor': return <Monitor className="w-4 h-4 text-[#0f6cbd]" />;[39m
[31m+     case 'briefcase': return <Briefcase className="w-4 h-4 text-violet-600" />;[39m
[31m+     case 'file-text': return <FileText className="w-4 h-4 text-teal-600" />;[39m
[31m+     case 'key': return <Key className="w-4 h-4 text-rose-600" />;[39m
[31m+     case 'shield-check': return <ShieldCheck className="w-4 h-4 text-red-600" />;[39m
[31m+     case 'ticket': return <Ticket className="w-4 h-4 text-violet-600" />;[39m
[31m+     case 'book-open': return <BookOpen className="w-4 h-4 text-teal-600" />;[39m
[31m+     case 'cloud-lightning': return <CloudLightning className="w-4 h-4 text-amber-600" />;[39m
[31m+     default: return <Plug className="w-4 h-4 text-[#0f6cbd]" />;[39m
[31m+   }[39m
[31m+ };[39m
[31m+[39m
[31m+ const STATUS_DOT: Record<LiveCatalogItem['credentialStatus'], string> = {[39m
[31m+   NOT_CONFIGURED: 'bg-[#8a8886]',[39m
[31m+   CONFIGURED: 'bg-[#8a5700]',[39m
[31m+   LIVE: 'bg-[#0e700e]',[39m
[31m+ };[39m
[31m+ const STATUS_LABEL: Record<LiveCatalogItem['credentialStatus'], string> = {[39m
[31m+   NOT_CONFIGURED: 'Not connected', CONFIGURED: 'Saved, untested', LIVE: 'Live',[39m
[31m+ };[39m
[31m+[39m
[31m+ function responseError(data: any, fallback: string) {[39m
[31m+   if (typeof data?.error === 'string') return data.error;[39m
[31m+   return fallback;[39m
[31m+ }[39m
[31m+[39m
[31m+ export default function IntegrationsView({ passports = [], onNavigateTab }: IntegrationsViewProps) {[39m
[31m+   const [catalog, setCatalog] = useState<LiveCatalogItem[]>([]);[39m
[31m+   const [catalogLoading, setCatalogLoading] = useState(true);[39m
[31m+   const [expandedProvider, setExpandedProvider] = useState<string | null>(null);[39m
[31m+   const [credentialValues, setCredentialValues] = useState<Record<string, string>>({});[39m
[31m+   const [savingProvider, setSavingProvider] = useState<string | null>(null);[39m
[31m+   const [testingProvider, setTestingProvider] = useState<string | null>(null);[39m
[31m+   const [testMessage, setTestMessage] = useState<Record<string, string>>({});[39m
[31m+   const [selectedPassportId, setSelectedPassportId] = useState(passports[0]?.id || '');[39m
[31m+[39m
[31m+   const [webhooks, setWebhooks] = useState<DashboardWebhook[]>([]);[39m
[31m+   const [webhooksLoading, setWebhooksLoading] = useState(true);[39m
[31m+   const [webhookUrl, setWebhookUrl] = useState('');[39m
[31m+   const [webhookEvents, setWebhookEvents] = useState<string[]>([...WEBHOOK_EVENT_TYPES]);[39m
[31m+   const [creatingWebhook, setCreatingWebhook] = useState(false);[39m
[31m+   const [webhookError, setWebhookError] = useState('');[39m
[31m+   const [revealedSecret, setRevealedSecret] = useState<{ url: string; secret: string } | null>(null);[39m
[31m+[39m
[31m+   const loadCatalog = () => {[39m
[31m+     setCatalogLoading(true);[39m
[31m+     apiFetch('/api/integrations-live/').then(async (r) => { const data = await r.json().catch(() => []); if (Array.isArray(data)) setCatalog(data); }).finally(() => setCatalogLoading(false));[39m
[31m+   };[39m
[31m+   const loadWebhooks = () => {[39m
[31m+     setWebhooksLoading(true);[39m
[31m+     apiFetch('/api/v1/dashboard/webhooks').then(async (r) => { const data = await r.json().catch(() => []); if (Array.isArray(data)) setWebhooks(data); }).finally(() => setWebhooksLoading(false));[39m
[31m+   };[39m
[31m+   useEffect(() => { loadCatalog(); loadWebhooks(); }, []);[39m
[31m+   useEffect(() => { if (!passports.some((p) => p.id === selectedPassportId)) setSelectedPassportId(passports[0]?.id || ''); }, [passports, selectedPassportId]);[39m
[31m+[39m
[31m+   const toggleExpanded = (provider: string) => {[39m
[31m+     setExpandedProvider((current) => (current === provider ? null : provider));[39m
[31m+     setCredentialValues({});[39m
[31m+   };[39m
[31m+[39m
[31m+   const saveCredentials = async (provider: string) => {[39m
[31m+     setSavingProvider(provider);[39m
[31m+     setTestMessage((current) => ({ ...current, [provider]: '' }));[39m
[31m+     try {[39m
[31m+       const response = await apiFetch(`/api/integrations-live/${encodeURIComponent(provider)}/credentials`, {[39m
[31m+         method: 'PUT', headers: { 'Content-Type': 'application/json' }, body: JSON.stringify(credentialValues),[39m
[31m+       });[39m
[31m+       if (!response.ok) { const data = await response.json().catch(() => null); throw new Error(responseError(data, 'Unable to save credentials.')); }[39m
[31m+       setTestMessage((current) => ({ ...current, [provider]: 'Credentials saved. Run a test to collect live evidence.' }));[39m
[31m+       loadCatalog();[39m
[31m+     } catch (error) {[39m
[31m+       setTestMessage((current) => ({ ...current, [provider]: error instanceof Error ? error.message : 'Unable to save credentials.' }));[39m
[31m+     } finally {[39m
[31m+       setSavingProvider(null);[39m
[31m+     }[39m
[31m+   };[39m
[31m+[39m
[31m+   const testProvider = async (provider: string) => {[39m
[31m+     if (!selectedPassportId) { setTestMessage((current) => ({ ...current, [provider]: 'Select a passport to test against first.' })); return; }[39m
[31m+     setTestingProvider(provider);[39m
[31m+     setTestMessage((current) => ({ ...current, [provider]: '' }));[39m
[31m+     try {[39m
[31m+       const response = await apiFetch(`/api/integrations-live/${encodeURIComponent(provider)}/test`, {[39m
[31m+         method: 'POST', headers: { 'Content-Type': 'application/json' }, body: JSON.stringify({ passportId: selectedPassportId }),[39m
[31m+       });[39m
[31m+       const data = await response.json().catch(() => null);[39m
[31m+       if (!response.ok) throw new Error(responseError(data, 'Live test failed.'));[39m
[31m+       setTestMessage((current) => ({ ...current, [provider]: `Live evidence collected (${data.subject || 'authenticated request'}) at ${new Date(data.observedAt).toLocaleString()}.` }));[39m
[31m+       loadCatalog();[39m
[31m+     } catch (error) {[39m
[31m+       setTestMessage((current) => ({ ...current, [provider]: error instanceof Error ? error.message : 'Live test failed.' }));[39m
[31m+     } finally {[39m
[31m+       setTestingProvider(null);[39m
[31m+     }[39m
[31m+   };[39m
[31m+[39m
[31m+   const createWebhook = async () => {[39m
[31m+     setCreatingWebhook(true);[39m
[31m+     setWebhookError('');[39m
[31m+     try {[39m
[31m+       const response = await apiFetch('/api/v1/dashboard/webhooks', {[39m
[31m+         method: 'POST', headers: { 'Content-Type': 'application/json' }, body: JSON.stringify({ url: webhookUrl, events: webhookEvents }),[39m
[31m+       });[39m
[31m+       const data = await response.json().catch(() => null);[39m
[31m+       if (!response.ok) throw new Error(responseError(data, 'Unable to create webhook.'));[39m
[31m+       setRevealedSecret({ url: data.url, secret: data.secret });[39m
[31m+       setWebhookUrl('');[39m
[31m+       loadWebhooks();[39m
[31m+     } catch (error) {[39m
[31m+       setWebhookError(error instanceof Error ? error.message : 'Unable to create webhook.');[39m
[31m+     } finally {[39m
[31m+       setCreatingWebhook(false);[39m
[31m+     }[39m
[31m+   };[39m
[31m+[39m
[31m+   const deactivateWebhook = async (id: string) => {[39m
[31m+     if (!window.confirm('Deactivate this webhook? SPR will stop delivering events to it.')) return;[39m
[31m+     const response = await apiFetch(`/api/v1/dashboard/webhooks/${encodeURIComponent(id)}`, { method: 'DELETE' });[39m
[31m+     if (response.ok) loadWebhooks();[39m
[31m+   };[39m
[31m+[39m
[31m+   const liveProviders = useMemo(() => catalog.filter((item) => item.capability === 'live'), [catalog]);[39m
[31m+   const plannedProviders = useMemo(() => catalog.filter((item) => item.capability !== 'live'), [catalog]);[39m
[31m+[39m
[31m+   return ([39m
[31m+     <div className="space-y-4" id="msp-integrations-view">[39m
[31m+       <div className="flex items-center justify-between gap-4">[39m
[31m+         <div>[39m
[31m+           <h1 className="text-[22px] font-semibold text-[#201f1e]">Integrations</h1>[39m
[31m+           <p className="mt-1 text-[13px] text-[#605e5c]">Connect live tools and outbound webhooks for evidence collection.</p>[39m
[31m+         </div>[39m
[31m+         {catalogLoading && <RefreshCw className="h-3.5 w-3.5 animate-spin text-[#8a8886]" />}[39m
[31m+       </div>[39m
[31m+[39m
[31m+       <details className="mb-1 rounded-md border border-[#e1dfdd] bg-[#faf9f8] text-[13px]">[39m
[31m+         <summary className="cursor-pointer select-none px-3 py-2 font-medium text-[#323130]">&#9432; What is this? &middot; How it works</summary>[39m
[31m+         <div className="px-3 pb-3 text-[#605e5c]">[39m
[31m+           <p>Every connector below makes a real authenticated request and writes hashed evidence to the trust graph &mdash; nothing here is a UI-only toggle.</p>[39m
[31m+           <ol className="mt-1.5 list-decimal space-y-0.5 pl-4">[39m
[31m+             <li>Save credentials for a provider, then run a live test against a selected passport.</li>[39m
[31m+             <li>Successful tests write signed evidence you can review from that passport's trust graph.</li>[39m
[31m+             <li>Use webhook subscriptions to relay SPR events into Slack, Jira, or a PSA via your own automation.</li>[39m
[31m+           </ol>[39m
[31m+         </div>[39m
[31m+       </details>[39m
[31m+[39m
[31m+       <div className="rounded-md border border-[#e1dfdd] bg-white p-3">[39m
[31m+         <label className="text-[11px] font-semibold text-[#605e5c]">Test evidence against passport</label>[39m
[31m+         <select value={selectedPassportId} onChange={(e) => setSelectedPassportId(e.target.value)} className="mt-1.5 h-9 w-full max-w-sm rounded border border-[#c8c6c4] bg-white px-3 text-[13px] text-[#323130] focus:border-[#0f6cbd] focus:outline-none focus:ring-1 focus:ring-[#0f6cbd]">[39m
[31m+           {!passports.length && <option value="">No passports available — register one first</option>}[39m
[31m+           {passports.map((p) => <option key={p.id} value={p.id}>{p.name} · {p.version}</option>)}[39m
[31m+         </select>[39m
[31m+       </div>[39m
[31m+[39m
[31m+       <div className="grid grid-cols-1 md:grid-cols-2 lg:grid-cols-3 gap-3">[39m
[31m+         {liveProviders.map((item) => {[39m
[31m+           const isGithub = item.provider === 'github';[39m
[31m+           const expanded = expandedProvider === item.provider;[39m
[31m+           const fields = CREDENTIAL_FIELDS[item.provider] || [];[39m
[31m+           const message = testMessage[item.provider];[39m
[31m+           return ([39m
[31m+             <div key={item.id} className="flex flex-col gap-3 rounded-md border border-[#e1dfdd] bg-white p-4">[39m
[31m+               <div className="flex items-center justify-between">[39m
[31m+                 <div className="flex h-8 w-8 shrink-0 items-center justify-center rounded border border-[#e1dfdd] bg-[#faf9f8]">{getIntegrationIcon(item.icon)}</div>[39m
[31m+                 <span className="inline-flex items-center gap-1.5 text-[12px]"><span className={`h-1.5 w-1.5 rounded-full ${STATUS_DOT[item.credentialStatus]}`} />{STATUS_LABEL[item.credentialStatus]}</span>[39m
[31m+               </div>[39m
[31m+               <div>[39m
[31m+                 <span className="rounded border border-[#e1dfdd] bg-[#f3f2f1] px-1.5 py-0.5 text-[10px] font-semibold uppercase tracking-wide text-[#605e5c]">{item.category}</span>[39m
[31m+                 <h3 className="mt-2 text-[13px] font-semibold text-[#201f1e]">{item.name}</h3>[39m
[31m+                 <p className="mt-1 text-[12px] leading-relaxed text-[#605e5c]">{item.description}</p>[39m
[31m+               </div>[39m
[31m+               {item.lastTestedAt && <p className="text-[11px] text-[#8a8886]">Last live evidence: {new Date(item.lastTestedAt).toLocaleString()}</p>}[39m
[31m+[39m
[31m+               {isGithub ? ([39m
[31m+                 <button onClick={() => onNavigateTab?.('/scans')} className="mt-1 inline-flex h-8 items-center justify-center gap-1.5 rounded border border-[#c8c6c4] px-3 text-[13px] font-medium text-[#323130] hover:bg-black/[.03]">[39m
[31m+                   <RefreshCw className="w-3.5 h-3.5" /> Run from Scans (repository-scoped scan)[39m
[31m+                 </button>[39m
[31m+               ) : ([39m
[31m+                 <>[39m
[31m+                   <button onClick={() => toggleExpanded(item.provider)} className="inline-flex h-8 items-center justify-center gap-1.5 rounded border border-[#c8c6c4] px-3 text-[13px] font-medium text-[#323130] hover:bg-black/[.03]">[39m
[31m+                     <KeyRound className="w-3.5 h-3.5" /> {expanded ? 'Hide credentials' : item.credentialStatus === 'NOT_CONFIGURED' ? 'Connect' : 'Update credentials'}[39m
[31m+                   </button>[39m
[31m+                   {expanded && ([39m
[31m+                     <div className="space-y-2 rounded-md border border-[#e1dfdd] bg-[#faf9f8] p-3">[39m
[31m+                       {fields.map((field) => ([39m
[31m+                         <div key={field.key}>[39m
[31m+                           <label className="text-[11px] font-semibold text-[#605e5c]">{field.label}{field.required ? ' *' : ''}</label>[39m
[31m+                           <input type={field.type} placeholder={field.placeholder} value={credentialValues[field.key] || ''} onChange={(e) => setCredentialValues((current) => ({ ...current, [field.key]: e.target.value }))} className="mt-1 h-9 w-full rounded border border-[#c8c6c4] bg-white px-2.5 text-[13px] text-[#323130] focus:border-[#0f6cbd] focus:outline-none focus:ring-1 focus:ring-[#0f6cbd]" />[39m
[31m+                         </div>[39m
[31m+                       ))}[39m
[31m+                       <button onClick={() => void saveCredentials(item.provider)} disabled={savingProvider === item.provider || fields.some((f) => f.required && !credentialValues[f.key]?.trim())} className="h-8 w-full rounded bg-[#0f6cbd] px-3 text-[13px] font-medium text-white hover:bg-[#004578] disabled:opacity-40">{savingProvider === item.provider ? 'Saving…' : 'Save credentials'}</button>[39m
[31m+                     </div>[39m
[31m+                   )}[39m
[31m+                   {item.credentialStatus !== 'NOT_CONFIGURED' && ([39m
[31m+                     <button onClick={() => void testProvider(item.provider)} disabled={testingProvider === item.provider || !selectedPassportId} className="inline-flex h-8 items-center justify-center gap-1.5 rounded border border-[#c8c6c4] px-3 text-[13px] font-medium text-[#323130] hover:bg-black/[.03] disabled:opacity-40">[39m
[31m+                       <RefreshCw className={`w-3.5 h-3.5 ${testingProvider === item.provider ? 'animate-spin' : ''}`} /> {testingProvider === item.provider ? 'Testing…' : 'Run live test'}[39m
[31m+                     </button>[39m
[31m+                   )}[39m
[31m+                 </>[39m
[31m+               )}[39m
[31m+               {message && <p className="text-[11px] leading-4 text-[#605e5c]">{message}</p>}[39m
[31m+             </div>[39m
[31m+           );[39m
[31m+         })}[39m
[31m+       </div>[39m
[31m+[39m
[31m+       {plannedProviders.length > 0 && ([39m
[31m+         <div className="rounded-md border border-dashed border-[#c8c6c4] bg-[#faf9f8] p-3">[39m
[31m+           <div className="mb-2 text-[11px] font-semibold text-[#605e5c]">Cataloged, not yet built</div>[39m
[31m+           <div className="flex flex-wrap gap-2">{plannedProviders.map((item) => <span key={item.id} className="rounded border border-[#e1dfdd] bg-white px-2 py-1 text-[11px] text-[#605e5c]">{item.name}</span>)}</div>[39m
[31m+         </div>[39m
[31m+       )}[39m
[31m+[39m
[31m+       {/* Real webhook subscriptions — replaces a prior panel whose Save/Test buttons were no-ops against endpoints that did not exist. */}[39m
[31m+       <div className="space-y-4 rounded-md border border-[#e1dfdd] bg-white p-4">[39m
[31m+         <div className="flex items-center gap-2.5">[39m
[31m+           <div className="flex h-8 w-8 items-center justify-center rounded border border-[#e1dfdd] bg-[#eff6fc] text-[#0f6cbd]"><Webhook className="w-4 h-4" /></div>[39m
[31m+           <div>[39m
[31m+             <h2 className="text-[14px] font-semibold text-[#201f1e]">Webhook subscriptions</h2>[39m
[31m+             <p className="mt-0.5 text-[12px] text-[#605e5c]">SPR delivers a signed HTTP POST to your URL for the events you pick. Relay it to Slack, Jira, or a PSA with your own automation (e.g. Zapier, a small serverless function) — SPR does not host per-PSA routing rules itself.</p>[39m
[31m+           </div>[39m
[31m+         </div>[39m
[31m+[39m
[31m+         <div className="grid gap-4 lg:grid-cols-2">[39m
[31m+           <div className="space-y-3">[39m
[31m+             <label className="text-[11px] font-semibold text-[#605e5c]">Destination URL (HTTPS only, must resolve to a public address)</label>[39m
[31m+             <input value={webhookUrl} onChange={(e) => setWebhookUrl(e.target.value)} placeholder="https://your-relay.example.com/spr" className="h-9 w-full rounded border border-[#c8c6c4] bg-white px-3 font-mono text-[12px] text-[#323130] focus:border-[#0f6cbd] focus:outline-none focus:ring-1 focus:ring-[#0f6cbd]" />[39m
[31m+             <div className="grid grid-cols-2 gap-2">[39m
[31m+               {WEBHOOK_EVENT_TYPES.map((event) => ([39m
[31m+                 <label key={event} className="flex items-center gap-2 text-[12px] text-[#323130]">[39m
[31m+                   <input type="checkbox" checked={webhookEvents.includes(event)} onChange={(e) => setWebhookEvents((current) => e.target.checked ? [...current, event] : current.filter((item) => item !== event))} className="h-3.5 w-3.5 rounded border-[#c8c6c4]" />[39m
[31m+                   {event}[39m
[31m+                 </label>[39m
[31m+               ))}[39m
[31m+             </div>[39m
[31m+             <button onClick={() => void createWebhook()} disabled={creatingWebhook || !webhookUrl.trim() || !webhookEvents.length} className="inline-flex h-8 items-center gap-1.5 rounded bg-[#0f6cbd] px-3 text-[13px] font-medium text-white hover:bg-[#004578] disabled:opacity-40"><Send className="w-3.5 h-3.5" /> {creatingWebhook ? 'Creating…' : 'Create webhook'}</button>[39m
[31m+             {webhookError && <p className="text-[12px] text-[#a4262c]">{webhookError}</p>}[39m
[31m+             {revealedSecret && ([39m
[31m+               <div className="rounded-md border border-[#e1dfdd] bg-[#dff6dd] p-3 text-[12px]">[39m
[31m+                 <div className="font-semibold text-[#0e700e]">Signing secret (shown once — store it now)</div>[39m
[31m+                 <div className="mt-1 flex items-center gap-2 font-mono text-[#0e700e]"><span className="truncate">{revealedSecret.secret}</span><button onClick={() => navigator.clipboard.writeText(revealedSecret.secret)} aria-label="Copy secret"><Copy className="h-3.5 w-3.5" /></button></div>[39m
[31m+                 <p className="mt-1 text-[#0e700e]/80">Verify deliveries with HMAC-SHA256 over the `x-spr-signature` header, as documented for SPR Connect webhooks.</p>[39m
[31m+               </div>[39m
[31m+             )}[39m
[31m+           </div>[39m
[31m+[39m
[31m+           <div className="space-y-2">[39m
[31m+             <div className="text-[11px] font-semibold text-[#605e5c]">Active subscriptions</div>[39m
[31m+             {webhooksLoading && <p className="text-[12px] text-[#8a8886]">Loading…</p>}[39m
[31m+             {!webhooksLoading && webhooks.length === 0 && <p className="text-[12px] text-[#8a8886]">No webhooks configured yet.</p>}[39m
[31m+             <ul className="max-h-64 space-y-2 overflow-auto pr-1">[39m
[31m+               {webhooks.map((webhook) => ([39m
[31m+                 <li key={webhook.id} className="rounded-md border border-[#e1dfdd] bg-[#faf9f8] p-3 text-[12px]">[39m
[31m+                   <div className="flex items-center justify-between gap-2">[39m
[31m+                     <span className="truncate font-mono text-[#323130]">{webhook.url}</span>[39m
[31m+                     {webhook.active ? <CheckCircle2 className="h-3.5 w-3.5 shrink-0 text-[#0e700e]" /> : <XCircle className="h-3.5 w-3.5 shrink-0 text-[#8a8886]" />}[39m
[31m+                   </div>[39m
[31m+                   <div className="mt-1 text-[11px] text-[#8a8886]">{webhook.consecutive_failure_count > 0 && <span className="text-[#8a5700]">{webhook.consecutive_failure_count} recent failures · </span>}Created {new Date(webhook.created_at).toLocaleDateString()}</div>[39m
[31m+                   {webhook.active && <button onClick={() => void deactivateWebhook(webhook.id)} className="mt-2 inline-flex items-center gap-1 text-[11px] font-medium text-[#a4262c] hover:text-[#69000f]"><Trash2 className="h-3 w-3" /> Deactivate</button>}[39m
[31m+                 </li>[39m
[31m+               ))}[39m
[31m+             </ul>[39m
[31m+           </div>[39m
[31m+         </div>[39m
[31m+[39m
[31m+         <div className="flex gap-2 rounded-md border border-[#e1dfdd] bg-[#fff4ce] p-3 text-[11px] leading-5 text-[#8a5700]">[39m
[31m+           <AlertCircle className="h-3.5 w-3.5 shrink-0" />[39m
[31m+           Direct native ticket-creation in Jira/ConnectWise/Autotask, SIEM ingestion, and identity-provider connectors are not built — this signed webhook is the only outbound event mechanism SPR currently ships. Use it to relay events into those systems yourself.[39m
[31m+         </div>[39m
[31m+       </div>[39m
[31m+     </div>[39m
[31m+   );[39m
[31m+ }[39m
[31m+[39m

[36m [2m❯[22m tests/integrations-view-contract.test.ts:[2m28:18[22m[39m
    [90m 26| [39m    [35mconst[39m view [33m=[39m [34mread[39m([32m'src/components/IntegrationsView.tsx'[39m)[33m;[39m
    [90m 27| [39m    // Credential storage is shared with every other provider (it's pr…
    [90m 28| [39m    expect(view).toContain("apiFetch('/api/integrations-live/github/re…
    [90m   | [39m                 [31m^[39m
    [90m 29| [39m    // Testing and scanning are NOT routed through the generic single-…
    [90m 30| [39m    // adapter (POST /api/integrations-live/:provider/test) -- GitHub'…

[31m[2m⎯⎯⎯⎯⎯⎯⎯⎯⎯⎯⎯⎯⎯⎯⎯⎯⎯⎯⎯⎯⎯[50/141]⎯[22m[39m

[41m[1m FAIL [22m[49m tests/legal-pages-contract.test.ts[2m > [22mpublic /terms and /privacy routing[2m > [22mare reachable without authentication
[31m[1mAssertionError[22m: expected 'const PUBLIC_PATHS = new Set([\'/\',\…' to contain '\'/terms\''[39m

Expected: [32m"'/terms'"[39m
Received: [31m"const PUBLIC_PATHS = new Set(['/','/login','/free-review','/pricing']);"[39m

[36m [2m❯[22m tests/legal-pages-contract.test.ts:[2m18:29[22m[39m
    [90m 16| [39m    [90m// route addition without protecting anything extra.[39m
    [90m 17| [39m    const publicPathsLine = s.split('\n').find((l) => l.includes('cons…
    [90m 18| [39m    [34mexpect[39m(publicPathsLine)[33m.[39m[34mtoContain[39m([32m"'/terms'"[39m)[33m;[39m
    [90m   | [39m                            [31m^[39m
    [90m 19| [39m    [34mexpect[39m(publicPathsLine)[33m.[39m[34mtoContain[39m([32m"'/privacy'"[39m)[33m;[39m
    [90m 20| [39m    expect(s).toContain("if (path === '/terms') return <TermsView />;"…

[31m[2m⎯⎯⎯⎯⎯⎯⎯⎯⎯⎯⎯⎯⎯⎯⎯⎯⎯⎯⎯⎯⎯[51/141]⎯[22m[39m

[41m[1m FAIL [22m[49m tests/legal-pages-contract.test.ts[2m > [22mpublic /terms and /privacy routing[2m > [22mdoes not disturb the existing authenticated /privacy route (internal Privacy Governance tool)
[31m[1mAssertionError[22m: expected 'import { useEffect, useMemo, useState…' to contain 'case \'/privacy\': view = <PrivacyVie…'[39m

[32m- Expected[39m
[31m+ Received[39m

[32m- case '/privacy': view = <PrivacyView role={role} />; break;[39m
[31m+ import { useEffect, useMemo, useState, type ReactNode } from 'react';[39m
[31m+ import { getRedirectResult, onAuthStateChanged, signOut, type User } from 'firebase/auth';[39m
[31m+ import type { Alert, Client, Integration, Scan, SoftwarePassport, Vendor } from './types';[39m
[31m+ import type { VerificationDecision } from './lib/verification/evaluateVerification.ts';[39m
[31m+ import { apiFetch } from './utils/apiClient';[39m
[31m+ import { auth } from './lib/firebase';[39m
[31m+ import CommandCenter from './components/CommandCenter';[39m
[31m+ import ExtensionWorkflow from './components/ExtensionWorkflow';[39m
[31m+ import ExtensionMarketplace from './components/ExtensionMarketplace';[39m
[31m+ import LoginView from './components/LoginView';[39m
[31m+ import EvidenceDashboardView from './components/EvidenceDashboardView';[39m
[31m+ import EvidenceExplorerView from './components/EvidenceExplorerView';[39m
[31m+ import AITrustCenterView from './components/AITrustCenterView';[39m
[31m+ import CoverageView from './components/CoverageView';[39m
[31m+ import AssetsView from './components/AssetsView';[39m
[31m+ import PassportsView from './components/PassportsView';[39m
[31m+ import ScansView from './components/ScansView';[39m
[31m+ import AlertsView from './components/AlertsView';[39m
[31m+ import ClientsView from './components/ClientsView';[39m
[31m+ import VendorsView from './components/VendorsView';[39m
[31m+ import IntegrationsView from './components/IntegrationsView';[39m
[31m+ import BillingView from './components/BillingView';[39m
[31m+ import ComplianceView from './components/ComplianceView';[39m
[31m+ import AgentTrustView from './components/AgentTrustView';[39m
[31m+ import EnterpriseReadinessView from './components/EnterpriseReadinessView';[39m
[31m+ import FounderDashboardView from './components/FounderDashboardView';[39m
[31m+ import InvestorHomeView from './components/InvestorHomeView';[39m
[31m+ import SettingsView from './components/SettingsView';[39m
[31m+ import TeamView from './components/TeamView';[39m
[31m+ import AuditLogView from './components/AuditLogView';[39m
[31m+ import MonitoringView from './components/MonitoringView';[39m
[31m+ import SecurityCenterView from './components/SecurityCenterView';[39m
[31m+ import MSPCommandCenter from './components/MSPCommandCenter';[39m
[31m+ import ReportsView from './components/ReportsView';[39m
[31m+ import TrustGraphView from './components/TrustGraphView';[39m
[31m+ import { EXTENSIONS } from './workflows/extensionRegistry';[39m
[31m+ const PUBLIC_PATHS = new Set(['/','/login','/free-review','/pricing']);[39m
[31m+ const EMPTY_CLIENTS: Client[] = []; const EMPTY_PASSPORTS: SoftwarePassport[] = []; const EMPTY_VENDORS: Vendor[] = []; const EMPTY_INTEGRATIONS: Integration[] = []; const EMPTY_SCANS: Scan[] = []; const EMPTY_ALERTS: Alert[] = [];[39m
[31m+ function deriveAlertStatus(remediationStatus: string | null | undefined, findingStatus: string | null | undefined): Alert['status'] { switch (remediationStatus) { case 'IN_PROGRESS': case 'READY_FOR_VERIFICATION': return 'Acknowledged'; case 'BLOCKED': return 'Snoozed'; case 'VERIFIED': case 'CLOSED': return 'Resolved'; case 'CANCELLED': return 'Cancelled'; case 'OPEN': return 'Active'; default: return String(findingStatus || '').toLowerCase() === 'resolved' ? 'Resolved' : 'Active'; } }[39m
[31m+ function navigate(path: string) { window.history.pushState({}, '', path); window.dispatchEvent(new PopStateEvent('popstate')); }[39m
[31m+ function usePath() { const [path, setPath] = useState(() => window.location.pathname || '/'); useEffect(() => { const update = () => setPath(window.location.pathname || '/'); window.addEventListener('popstate', update); return () => window.removeEventListener('popstate', update); }, []); return path; }[39m
[31m+ function AuthLoading() { return <div className="grid min-h-screen place-items-center bg-[#faf9f8] text-[#201f1e]"><div className="text-center"><div className="mx-auto grid h-10 w-10 place-items-center rounded bg-[#0f6cbd] text-xs font-bold text-white">S</div><div className="mt-4 text-[11px] font-semibold uppercase tracking-wide text-[#605e5c]">Securing workspace</div><div className="mt-1 text-[12px] text-[#8a8886]">Checking authenticated session…</div></div></div>; }[39m
[31m+ function CoverPage() { return <div className="min-h-screen bg-[#faf9f8] text-[#201f1e]"><div className="mx-auto flex min-h-screen max-w-5xl items-center px-6 py-16"><div className="max-w-3xl"><div className="mb-5 inline-flex items-center gap-1.5 rounded border border-[#e1dfdd] bg-white px-2.5 py-1 text-[11px] font-semibold uppercase tracking-wide text-[#605e5c]">Evidence-first software trust</div><h1 className="text-[28px] font-semibold tracking-tight md:text-[34px]">Software trust, operated as a system.</h1><p className="mt-4 max-w-2xl text-[14px] leading-6 text-[#605e5c]">Software Passport Registry turns software identity, security, provenance, reliability, compliance, and evidence into repeatable workflows for teams, buyers, and managed service providers.</p><div className="mt-6 flex flex-wrap gap-2"><button onClick={() => navigate('/login')} className="h-9 rounded bg-[#0f6cbd] px-4 text-[13px] font-semibold text-white hover:bg-[#004578]">Enter SPR</button><button onClick={() => navigate('/free-review')} className="h-9 rounded border border-[#c8c6c4] bg-white px-4 text-[13px] font-medium text-[#323130] hover:bg-black/[.03]">Free review</button></div></div></div></div>; }[39m
[31m+ function PublicPage({ title, description, action, onAction }: { title: string; description: string; action: string; onAction: () => void }) { return <div className="grid min-h-screen place-items-center bg-[#faf9f8] px-6 text-[#201f1e]"><div className="max-w-md rounded-md border border-[#e1dfdd] bg-white p-6 text-center"><div className="text-[11px] font-semibold uppercase tracking-wide text-[#605e5c]">Software Passport Registry</div><h1 className="mt-2 text-[20px] font-semibold">{title}</h1><p className="mt-2 text-[13px] leading-5 text-[#605e5c]">{description}</p><button onClick={onAction} className="mt-5 h-9 rounded bg-[#0f6cbd] px-4 text-[13px] font-semibold text-white hover:bg-[#004578]">{action}</button></div></div>; }[39m
[31m+ function WorkflowBoundary({ title, description, extensionId, onNavigate }: { title: string; description: string; extensionId?: string; onNavigate: (path: string) => void }) { const extension = extensionId ? EXTENSIONS.find((item) => item.id === extensionId) : undefined; return <section><div className="rounded-md border border-[#e1dfdd] bg-white p-5"><div className="text-[11px] font-semibold uppercase tracking-wide text-[#605e5c]">Workflow boundary</div><h1 className="mt-1.5 text-[20px] font-semibold tracking-tight">{title}</h1><p className="mt-2 max-w-2xl text-[13px] leading-5 text-[#605e5c]">{description}</p>{extension && <button onClick={() => onNavigate(extension.entryPath)} className="mt-4 h-8 rounded bg-[#0f6cbd] px-3 text-[12px] font-semibold text-white hover:bg-[#004578]">Open {extension.name} →</button>}</div></section>; }[39m
[31m+ export default function App() {[39m
[31m+  const path=usePath(); const [authReady,setAuthReady]=useState(false); const [user,setUser]=useState<User|null>(null); const [role,setRole]=useState('Viewer'); const [selectedClientId,setSelectedClientId]=useState(''); const [selectedPassportId,setSelectedPassportId]=useState<string|null>(null); const [assets,setAssets]=useState<any[]>([]); const [clients,setClients]=useState<Client[]>(EMPTY_CLIENTS); const [passports,setPassports]=useState<SoftwarePassport[]>(EMPTY_PASSPORTS); const [vendors,setVendors]=useState<Vendor[]>(EMPTY_VENDORS); const [alerts,setAlerts]=useState<Alert[]>(EMPTY_ALERTS); const [findings,setFindings]=useState<unknown[]>([]); const [scans,setScans]=useState<Scan[]>(EMPTY_SCANS); const [integrations,setIntegrations]=useState<Integration[]>(EMPTY_INTEGRATIONS); const [theme,setTheme]=useState<'light'|'dark'>('dark'); const [verificationDecisions,setVerificationDecisions]=useState<Record<string,VerificationDecision>>({}); const [verificationDetails,setVerificationDetails]=useState<Record<string,unknown>>({});[39m
[31m+  useEffect(()=>{let mounted=true;let redirectSettled=false;let observedUser:User|null=null;const timeoutId=window.setTimeout(()=>{if(mounted)setAuthReady(true)},10000);const unsubscribe=onAuthStateChanged(auth,(currentUser)=>{if(!mounted)return;observedUser=currentUser;if(!redirectSettled)return;setUser(currentUser);setAuthReady(true);window.clearTimeout(timeoutId)},()=>{if(mounted){setAuthReady(true);window.clearTimeout(timeoutId)}});void getRedirectResult(auth).then(result=>{redirectSettled=true;if(mounted)setUser(result?.user||observedUser);if(mounted)setAuthReady(true);window.clearTimeout(timeoutId)}).catch(error=>{redirectSettled=true;console.error('[Firebase redirect sign-in error]',error);if(mounted)setUser(observedUser);if(mounted)setAuthReady(true);window.clearTimeout(timeoutId)});return()=>{mounted=false;window.clearTimeout(timeoutId);unsubscribe()}},[]);[39m
[31m+  useEffect(()=>{if(authReady&&!user&&!PUBLIC_PATHS.has(path))navigate('/login')},[authReady,user,path]);[39m
[31m+  useEffect(()=>{if(!user)return;let cancelled=false;const load=async()=>{const responses=await Promise.all([apiFetch('/api/user/me'),apiFetch('/api/scans'),apiFetch('/api/trust-loop/findings'),apiFetch('/api/user/passports'),apiFetch('/api/user/clients'),apiFetch('/api/integrations'),apiFetch('/api/user/verification')]);if(responses.some(r=>r.status===401)){await signOut(auth);navigate('/login');return}const [me,scansResponse,findingsResponse,passportsResponse,clientsResponse,integrationsResponse,verificationResponse]=responses;if(verificationResponse.ok){const data=await verificationResponse.json().catch(()=>null);if(!cancelled){setVerificationDecisions(data?.verificationDecisions&&typeof data.verificationDecisions==='object'?data.verificationDecisions:{});setVerificationDetails(data?.verificationDetails&&typeof data.verificationDetails==='object'?data.verificationDetails:{})}}else if(!cancelled){setVerificationDecisions({});setVerificationDetails({})}if(me.ok){const data=await me.json().catch(()=>null);if(!cancelled)setRole(String(data?.role||'Viewer'))}if(scansResponse.ok){const data=await scansResponse.json().catch(()=>[]);if(!cancelled&&Array.isArray(data))setScans(data)}if(findingsResponse.ok){const data=await findingsResponse.json().catch(()=>[]);const rows=Array.isArray(data)?data:data?.findings;if(!cancelled&&Array.isArray(rows)){setFindings(rows);setAlerts(rows.map((row:any)=>({id:String(row.id),title:String(row.title||row.control_id||'Trust finding'),severity:String(row.severity||'Low').replace(/^./,(s:string)=>s.toUpperCase()),category:'Trust finding',clientName:String(row.client_id||'Tenant'),description:String(row.description||'Evidence-backed finding'),timestamp:String(row.updated_at||''),status:deriveAlertStatus(row.remediation_status,row.status),remediationId:row.remediation_id?String(row.remediation_id):null,ownerDisplay:row.remediation_owner_display||null,slaDueAt:row.remediation_sla_due_at||null})) as Alert[])}}if(passportsResponse.ok){const data=await passportsResponse.json().catch(()=>[]);const rows=Array.isArray(data)?data:data?.passports;if(!cancelled&&Array.isArray(rows)){const normalized=rows.map((row:any)=>({...row,id:String(row.id),name:String(row.name||'Unnamed software'),version:String(row.version||'unknown'),publisher:String(row.publisher||'unknown'),clientId:row.clientId?String(row.clientId):undefined,evidence:Array.isArray(row.evidence)?row.evidence:[],vulnerabilities:Array.isArray(row.vulnerabilities)?row.vulnerabilities:[],timeline:Array.isArray(row.timeline)?row.timeline:[],sbom:Array.isArray(row.sbom)?row.sbom:[],scores:null,scoreStatus:row.scoreStatus||'not_authoritatively_scored'})) as SoftwarePassport[];setPassports(normalized);setAssets(normalized.map((passport:any)=>({id:passport.id,name:passport.name,hostName:passport.name,type:passport.category||'software',clientId:passport.clientId,clientName:String(passport.clientId||'Unobserved'),environment:String(passport.environment||'Unobserved'),version:passport.version})));setVendors(EMPTY_VENDORS)}}if(clientsResponse.ok){const data=await clientsResponse.json().catch(()=>[]);const rows=Array.isArray(data)?data:data?.clients;if(!cancelled&&Array.isArray(rows))setClients(rows.map((row:any)=>({...row,id:String(row.id),name:String(row.name||row.company_name||'Unnamed client')})) as Client[])}if(integrationsResponse.ok){const data=await integrationsResponse.json().catch(()=>[]);if(!cancelled&&Array.isArray(data))setIntegrations(data)}};void load().catch(error=>console.warn('[SPR command center load]',error));return()=>{cancelled=true}},[user]);[39m
[31m+  useEffect(()=>{const refresh=()=>{if(user)window.location.reload()};window.addEventListener('refresh-data',refresh);return()=>window.removeEventListener('refresh-data',refresh)},[user]);[39m
[31m+  const onNavigateTab=(target:string,itemId?:string)=>navigate(itemId?`${target.startsWith('/')?target:`/${target}`}/${encodeURIComponent(itemId)}`:target.startsWith('/')?target:`/${target}`); const quickAction=(action:'add-client'|'register-passport'|'scan-sbom')=>navigate(action==='add-client'?'/clients':action==='register-passport'?'/passports':'/scans');[39m
[31m+  const performAlertAction=async(alert:Alert,action:'acknowledge'|'assign'|'resolve'|'escalate'|'snooze'|'reopen',assigneeDisplay?:string)=>{let remediationId=alert.remediationId;if(!remediationId){const created=await apiFetch('/api/trust-loop/remediations',{method:'POST',headers:{'Content-Type':'application/json'},body:JSON.stringify({findingId:alert.id,title:alert.title,description:alert.description,priority:alert.severity.toUpperCase()})});if(!created.ok)return;const createdBody=await created.json().catch(()=>null);remediationId=createdBody?.id?String(createdBody.id):undefined;if(!remediationId)return}const patchBody:Record<string,unknown>={acknowledge:{status:'IN_PROGRESS'},resolve:{status:'CLOSED'},snooze:{status:'BLOCKED'},reopen:{status:'OPEN'},escalate:{status:'IN_PROGRESS',slaDueAt:new Date(Date.now()+4*3600*1000).toISOString()},assign:{status:'IN_PROGRESS',ownerDisplay:assigneeDisplay||''}}[action];const response=await apiFetch(`/api/trust-loop/remediations/${encodeURIComponent(remediationId)}`,{method:'PATCH',headers:{'Content-Type':'application/json'},body:JSON.stringify(patchBody)});if(!response.ok)return;const updated=await response.json().catch(()=>null);setAlerts(current=>current.map(item=>item.id===alert.id?{...item,remediationId,status:deriveAlertStatus(updated?.status??String(patchBody.status),null),ownerDisplay:updated?.owner_display??(patchBody.ownerDisplay as string|undefined)??item.ownerDisplay,slaDueAt:updated?.sla_due_at??(patchBody.slaDueAt as string|undefined)??item.slaDueAt}:item))};[39m
[31m+  const selectedExtension=useMemo(()=>{const match=path.match(/^\/extensions\/([^/]+)/);return match?decodeURIComponent(match[1]):null},[path]);const signOutUser=async()=>{await signOut(auth);navigate('/login')};[39m
[31m+  if(!authReady)return <AuthLoading/>;if(path==='/')return <CoverPage/>;if(path==='/login')return user?<AuthLoading/>:<LoginView onLoginSuccess={()=>navigate('/dashboard')}/>;if(!user&&path==='/free-review')return <PublicPage title="Free software review" description="Start an evidence-first review from the public entry point." action="Sign in to continue" onAction={()=>navigate('/login')}/>;if(!user&&path==='/pricing')return <PublicPage title="SPR plans" description="Account and billing capabilities are available inside the authenticated workspace." action="Enter SPR" onAction={()=>navigate('/login')}/>;if(!user)return <AuthLoading/>;[39m
[31m+  let view:ReactNode;if(selectedExtension)view=<ExtensionWorkflow id={selectedExtension} onNavigate={navigate}/>;else switch(path){case '/dashboard':view=<EvidenceDashboardView clients={clients} alerts={alerts} scans={scans} passports={passports} findings={findings} onNavigateTab={onNavigateTab} onOpenQuickAction={quickAction}/>;break;case '/coverage':view=<CoverageView clients={clients} scans={scans} passports={passports} onNavigateTab={onNavigateTab}/>;break;case '/evidence-explorer':view=<EvidenceExplorerView passports={passports}/>;break;case '/assets':view=<AssetsView clients={clients} searchQuery="" assets={assets}/>;break;case '/passports':case '/registry':view=<PassportsView verificationDecisions={verificationDecisions} verificationDetails={verificationDetails} passports={passports} selectedPassportId={selectedPassportId} setSelectedPassportId={setSelectedPassportId} searchQuery="" clients={clients} assets={assets} role={role} onNavigateTab={onNavigateTab} onUpdatePassport={passport=>setPassports(current=>current.map(item=>item.id===passport.id?passport:item))}/>;break;case '/scans':view=<ScansView scans={scans} clients={clients} assets={assets} passports={passports} role={role} onTriggerNewScan={scan=>setScans(current=>[scan,...current.filter(item=>item.id!==scan.id)].slice(0,100))}/>;break;case '/alerts':view=<AlertsView alerts={alerts} onAlertAction={performAlertAction}/>;break;case '/reports':view=<ReportsView clients={clients} passports={passports} scans={scans} alerts={alerts} findings={findings} role={role}/>;break;case '/trust-graph':view=<TrustGraphView clients={clients} passports={passports} assets={assets} findings={findings}/>;/* onSelectPassport={setSelectedPassportId} */break;case '/clients':view=<ClientsView clients={clients} selectedClientId={selectedClientId} setSelectedClientId={setSelectedClientId} passports={passports} onNavigateTab={onNavigateTab} searchQuery=""/>;break;case '/vendors':view=<VendorsView vendors={vendors} searchQuery=""/>;break;case '/integrations':view=<IntegrationsView passports={passports} onNavigateTab={onNavigateTab}/>;break;case '/monitoring':view=<MonitoringView role={role}/>;break;case '/security':view=<SecurityCenterView clients={clients} passports={passports}/>;break;case '/compliance':view=<ComplianceView clients={clients} role={role}/>;break;case '/msp':view=<MSPCommandCenter verificationDecisions={verificationDecisions} verificationDetails={verificationDetails} clients={clients} alerts={alerts} findings={findings} role={role} onSelectClient={setSelectedClientId} onNavigate={navigate}/>;break;case '/agent-trust':view=<AgentTrustView/>;break;case '/ai-trust-center':view=<AITrustCenterView role={role}/>;break;case '/enterprise-readiness':view=<EnterpriseReadinessView clients={clients}/>;break;case '/investor':view=<InvestorHomeView passports={passports} clients={clients} alerts={alerts} onShowTelemetry={()=>navigate('/scans')} onNavigateTab={onNavigateTab}/>;break;case '/founder':view=<FounderDashboardView userRole={role}/>;break;case '/billing':view=<BillingView/>;break;case '/settings':view=<SettingsView theme={theme} onToggleTheme={()=>setTheme(current=>current==='dark'?'light':'dark')}/>;break;case '/team':view=<TeamView role={role}/>;break;case '/audit-log':view=<AuditLogView/>;break;case '/extensions':view=<ExtensionMarketplace onNavigateTab={onNavigateTab} role={role}/>;break;default:view=<WorkflowBoundary title="Workflow" description="This authenticated capability is explicitly routed through the Command Center. Choose its owning workflow from the left rail." onNavigate={navigate}/>}[39m
[31m+  return <CommandCenter path={path} userEmail={user.email} role={role} onNavigate={navigate} onSignOut={()=>void signOutUser()}>{view}</CommandCenter>;[39m
[31m+ }[39m
[31m+[39m

[36m [2m❯[22m tests/legal-pages-contract.test.ts:[2m25:19[22m[39m
    [90m 23| [39m
    [90m 24| [39m  it('does not disturb the existing authenticated /privacy route (inte…
    [90m 25| [39m    expect(app()).toContain("case '/privacy': view = <PrivacyView role…
    [90m   | [39m                  [31m^[39m
    [90m 26| [39m  })[33m;[39m
    [90m 27| [39m})[33m;[39m

[31m[2m⎯⎯⎯⎯⎯⎯⎯⎯⎯⎯⎯⎯⎯⎯⎯⎯⎯⎯⎯⎯⎯[52/141]⎯[22m[39m

[41m[1m FAIL [22m[49m tests/legal-pages-contract.test.ts[2m > [22mlegal footer links are present on the real public entry points[2m > [22mCoverPage, LoginView, MspLandingView, and MspPricingView all link to /terms and /privacy
[31m[1mAssertionError[22m: expected 'import React, { useEffect, useState }…' to contain 'href="/terms"'[39m

[32m- Expected[39m
[31m+ Received[39m

[32m- href="/terms"[39m
[31m+ import React, { useEffect, useState } from 'react';[39m
[31m+ import {[39m
[31m+   createUserWithEmailAndPassword,[39m
[31m+   onAuthStateChanged,[39m
[31m+   reload,[39m
[31m+   sendEmailVerification,[39m
[31m+   sendPasswordResetEmail,[39m
[31m+   signInWithEmailAndPassword,[39m
[31m+   signInWithPopup,[39m
[31m+   signInWithRedirect,[39m
[31m+   signOut,[39m
[31m+   type User,[39m
[31m+ } from 'firebase/auth';[39m
[31m+ import { AlertCircle, ArrowRight, CheckCircle2, Eye, EyeOff, Loader, ShieldCheck } from 'lucide-react';[39m
[31m+ import { auth, googleAuthProvider, firebaseConfigured } from '../lib/firebase';[39m
[31m+[39m
[31m+ interface LoginViewProps {[39m
[31m+   onLoginSuccess: (user: { uid: string; email: string | null; displayName: string; token: string; emailVerified: boolean; onboarded: 0 }) => void;[39m
[31m+ }[39m
[31m+[39m
[31m+ const authMessage = (error: any, fallback: string) => {[39m
[31m+   switch (error?.code) {[39m
[31m+     case 'auth/invalid-credential':[39m
[31m+     case 'auth/user-not-found':[39m
[31m+     case 'auth/wrong-password': return 'The email or password is incorrect.';[39m
[31m+     case 'auth/email-already-in-use': return 'An account already exists for this email. Sign in instead.';[39m
[31m+     case 'auth/invalid-email': return 'Enter a valid email address.';[39m
[31m+     case 'auth/weak-password': return 'Choose a stronger password with at least 6 characters.';[39m
[31m+     case 'auth/too-many-requests': return 'Too many attempts. Please wait a few minutes and try again.';[39m
[31m+     case 'auth/unauthorized-domain': return `This site is not authorized for Firebase sign-in (${window.location.hostname}). Add this domain in Firebase Authentication → Settings → Authorized domains.`;[39m
[31m+     case 'auth/operation-not-allowed': return 'Google sign-in is not enabled in Firebase Authentication.';[39m
[31m+     case 'auth/popup-blocked': return 'Your browser blocked the Google sign-in window. We will retry with a redirect.';[39m
[31m+     case 'auth/popup-closed-by-user': return '';[39m
[31m+     case 'auth/cancelled-popup-request': return '';[39m
[31m+     case 'auth/account-exists-with-different-credential': return 'This email already uses a different sign-in method.';[39m
[31m+     case 'auth/network-request-failed': return 'Authentication could not reach Firebase. Check your connection and try again.';[39m
[31m+     case 'auth/web-storage-unsupported': return 'Browser storage is unavailable. Enable cookies/site data for this site and try again.';[39m
[31m+     case 'auth/argument-error': return 'Firebase authentication is not initialized correctly for this deployment. Check the Vercel VITE_FIREBASE_* production variables and redeploy.';[39m
[31m+     default: return error?.message ? `${fallback} (${error.code || 'unknown-error'})` : fallback;[39m
[31m+   }[39m
[31m+ };[39m
[31m+[39m
[31m+ export default function LoginView({ onLoginSuccess }: LoginViewProps) {[39m
[31m+   const [email, setEmail] = useState('');[39m
[31m+   const [password, setPassword] = useState('');[39m
[31m+   const [showPassword, setShowPassword] = useState(false);[39m
[31m+   const [loading, setLoading] = useState(false);[39m
[31m+   const [googleLoading, setGoogleLoading] = useState(false);[39m
[31m+   const [error, setError] = useState('');[39m
[31m+   const [notice, setNotice] = useState('');[39m
[31m+[39m
[31m+   const complete = async (user: User) => {[39m
[31m+     if (!auth) throw new Error('Firebase authentication is not initialized.');[39m
[31m+     await reload(user);[39m
[31m+     if (!user.emailVerified) {[39m
[31m+       try { await sendEmailVerification(user); } catch { /* Firebase may rate-limit repeated verification emails. */ }[39m
[31m+       await signOut(auth);[39m
[31m+       setNotice('Verify your email before entering SPR. We sent a fresh verification email. Then sign in again.');[39m
[31m+       return;[39m
[31m+     }[39m
[31m+     const token = await user.getIdToken(true);[39m
[31m+     onLoginSuccess({ uid: user.uid, email: user.email, displayName: user.displayName || user.email?.split('@')[0] || 'User', token, emailVerified: true, onboarded: 0 });[39m
[31m+   };[39m
[31m+[39m
[31m+   useEffect(() => {[39m
[31m+     if (!auth) {[39m
[31m+       setNotice('Authentication is temporarily unavailable. The frontend loaded, but Firebase browser configuration is missing from this deployment.');[39m
[31m+       return;[39m
[31m+     }[39m
[31m+     const unsubscribe = onAuthStateChanged(auth, (currentUser) => {[39m
[31m+       if (!currentUser || currentUser.emailVerified) return;[39m
[31m+       setNotice('Verify your email before entering the protected workspace.');[39m
[31m+     });[39m
[31m+     const onProvisioningFailure = () => {[39m
[31m+       setError('Your Firebase account is valid, but SPR has not provisioned this account in its workspace yet.');[39m
[31m+       setNotice('Authentication succeeded; workspace authorization is still required.');[39m
[31m+     };[39m
[31m+     window.addEventListener('auth-provisioning-failed', onProvisioningFailure);[39m
[31m+     return () => { unsubscribe(); window.removeEventListener('auth-provisioning-failed', onProvisioningFailure); };[39m
[31m+   }, []);[39m
[31m+[39m
[31m+   const submit = async (event: React.FormEvent) => {[39m
[31m+     event.preventDefault();[39m
[31m+     if (loading || googleLoading) return;[39m
[31m+     if (!auth || !firebaseConfigured) { setError('Firebase browser configuration is missing. Add the VITE_FIREBASE_* Production variables in Vercel and redeploy.'); return; }[39m
[31m+     setLoading(true); setError(''); setNotice('');[39m
[31m+     try { const result = await signInWithEmailAndPassword(auth, email.trim().toLowerCase(), password); await complete(result.user); }[39m
[31m+     catch (err: any) { const message = authMessage(err, 'Sign-in failed.'); if (message) setError(message); }[39m
[31m+     finally { setLoading(false); }[39m
[31m+   };[39m
[31m+[39m
[31m+   const register = async () => {[39m
[31m+     if (loading || googleLoading) return;[39m
[31m+     if (!auth || !firebaseConfigured) { setError('Firebase browser configuration is missing. Add the VITE_FIREBASE_* Production variables in Vercel and redeploy.'); return; }[39m
[31m+     setLoading(true); setError(''); setNotice('');[39m
[31m+     try { const result = await createUserWithEmailAndPassword(auth, email.trim().toLowerCase(), password); await sendEmailVerification(result.user); await signOut(auth); setNotice('Account created. Check your email, verify it, then sign in.'); }[39m
[31m+     catch (err: any) { setError(authMessage(err, 'Account creation failed.')); }[39m
[31m+     finally { setLoading(false); }[39m
[31m+   };[39m
[31m+[39m
[31m+   const google = async () => {[39m
[31m+     if (loading || googleLoading) return;[39m
[31m+     if (!auth || !firebaseConfigured) { setError('Firebase browser configuration is missing. Add the VITE_FIREBASE_* Production variables in Vercel and redeploy.'); return; }[39m
[31m+     setGoogleLoading(true); setError(''); setNotice('Opening secure Google sign-in…');[39m
[31m+     try {[39m
[31m+       try {[39m
[31m+         const result = await signInWithPopup(auth, googleAuthProvider);[39m
[31m+         await complete(result.user);[39m
[31m+       } catch (err: any) {[39m
[31m+         if (['auth/popup-blocked', 'auth/operation-not-supported-in-this-environment'].includes(err?.code)) {[39m
[31m+           await signInWithRedirect(auth, googleAuthProvider);[39m
[31m+           return;[39m
[31m+         }[39m
[31m+         throw err;[39m
[31m+       }[39m
[31m+     } catch (err: any) {[39m
[31m+       const message = authMessage(err, 'Google sign-in failed.');[39m
[31m+       if (message) setError(message); else setNotice('');[39m
[31m+     } finally { setGoogleLoading(false); }[39m
[31m+   };[39m
[31m+[39m
[31m+   const reset = async () => {[39m
[31m+     if (!email.trim()) { setError('Enter your email first.'); return; }[39m
[31m+     if (!auth || !firebaseConfigured) { setError('Firebase browser configuration is missing.'); return; }[39m
[31m+     setLoading(true); setError(''); setNotice('');[39m
[31m+     try { await sendPasswordResetEmail(auth, email.trim().toLowerCase()); setNotice('Password reset email sent.'); }[39m
[31m+     catch (err: any) { setError(authMessage(err, 'Could not send the reset email.')); }[39m
[31m+     finally { setLoading(false); }[39m
[31m+   };[39m
[31m+[39m
[31m+   const resendVerification = async () => {[39m
[31m+     const currentUser = auth?.currentUser;[39m
[31m+     if (!currentUser || currentUser.emailVerified) return;[39m
[31m+     setLoading(true); setError(''); setNotice('');[39m
[31m+     try { await sendEmailVerification(currentUser); setNotice('A fresh verification email has been sent.'); }[39m
[31m+     catch (err: any) { setError(authMessage(err, 'Could not resend the verification email.')); }[39m
[31m+     finally { setLoading(false); }[39m
[31m+   };[39m
[31m+[39m
[31m+   const busy = loading || googleLoading;[39m
[31m+[39m
[31m+   return ([39m
[31m+     <div className="flex min-h-screen items-center justify-center bg-[#faf9f8] p-6 text-[#201f1e]">[39m
[31m+       <form onSubmit={submit} className="w-full max-w-[360px] space-y-4 rounded-md border border-[#e1dfdd] bg-white p-6" noValidate>[39m
[31m+         <div className="mb-1 text-center">[39m
[31m+           <div className="mx-auto mb-2 grid h-8 w-8 place-items-center rounded bg-[#0f6cbd] text-xs font-bold text-white">S</div>[39m
[31m+           <div className="text-[13px] font-semibold">SPR</div>[39m
[31m+           <p className="mt-0.5 text-[12px] text-[#605e5c]">Software Trust Infrastructure</p>[39m
[31m+         </div>[39m
[31m+         {error && <div role="alert" className="flex items-start gap-2 rounded border border-[#a4262c]/20 bg-[#fdf2f2] p-2.5 text-[12px] text-[#a4262c]"><AlertCircle className="mt-0.5 h-3.5 w-3.5 shrink-0" />{error}</div>}[39m
[31m+         {notice && <div role="status" className="flex items-start gap-2 rounded border border-[#0f6cbd]/20 bg-[#eff6fc] p-2.5 text-[12px] text-[#004578]"><CheckCircle2 className="mt-0.5 h-3.5 w-3.5 shrink-0" />{notice}</div>}[39m
[31m+         <label className="block text-[12px] font-semibold text-[#323130]">Email[39m
[31m+           <input className="mt-1 h-9 w-full rounded border border-[#c8c6c4] bg-white px-3 text-[13px] text-[#201f1e] outline-none focus:border-[#0f6cbd] focus:ring-1 focus:ring-[#0f6cbd]" type="email" autoComplete="email" value={email} onChange={(e) => setEmail(e.target.value)} required />[39m
[31m+         </label>[39m
[31m+         <label className="block text-[12px] font-semibold text-[#323130]">Password[39m
[31m+           <span className="relative mt-1 block">[39m
[31m+             <input className="h-9 w-full rounded border border-[#c8c6c4] bg-white px-3 pr-10 text-[13px] text-[#201f1e] outline-none focus:border-[#0f6cbd] focus:ring-1 focus:ring-[#0f6cbd]" type={showPassword ? 'text' : 'password'} autoComplete="current-password" value={password} onChange={(e) => setPassword(e.target.value)} minLength={6} required />[39m
[31m+             <button type="button" onClick={() => setShowPassword((v) => !v)} aria-label={showPassword ? 'Hide password' : 'Show password'} className="absolute inset-y-0 right-0 px-3 text-[#605e5c]">{showPassword ? <EyeOff className="h-3.5 w-3.5" /> : <Eye className="h-3.5 w-3.5" />}</button>[39m
[31m+           </span>[39m
[31m+         </label>[39m
[31m+         <button type="submit" disabled={busy} className="flex h-9 w-full items-center justify-center gap-1.5 rounded bg-[#0f6cbd] text-[13px] font-semibold text-white hover:bg-[#004578] disabled:opacity-50">{loading ? <Loader className="h-4 w-4 animate-spin" /> : <>Sign in <ArrowRight className="h-3.5 w-3.5" /></>}</button>[39m
[31m+         <button type="button" disabled={busy} onClick={register} className="flex h-9 w-full items-center justify-center gap-1.5 rounded border border-[#c8c6c4] text-[13px] font-medium text-[#323130] hover:bg-black/[.03] disabled:opacity-50"><ShieldCheck className="h-3.5 w-3.5" />Create account</button>[39m
[31m+         <div className="flex items-center gap-2 py-1 text-[11px] text-[#8a8886]"><span className="h-px flex-1 bg-[#e1dfdd]" />or<span className="h-px flex-1 bg-[#e1dfdd]" /></div>[39m
[31m+         <button type="button" disabled={busy} onClick={google} className="flex h-9 w-full items-center justify-center gap-1.5 rounded border border-[#c8c6c4] bg-white text-[13px] font-medium text-[#323130] hover:bg-black/[.03] disabled:opacity-50">{googleLoading ? <Loader className="h-4 w-4 animate-spin" /> : 'Continue with Google'}</button>[39m
[31m+         <div className="flex justify-between pt-1 text-[11px]"><button type="button" disabled={busy} onClick={reset} className="text-[#0f6cbd] hover:text-[#004578]">Forgot password?</button><button type="button" disabled={busy} onClick={resendVerification} className="text-[#605e5c] hover:text-[#323130]">Resend verification</button></div>[39m
[31m+       </form>[39m
[31m+     </div>[39m
[31m+   );[39m
[31m+ }[39m
[31m+[39m

[36m [2m❯[22m tests/legal-pages-contract.test.ts:[2m82:50[22m[39m
    [90m 80| [39m  it('CoverPage, LoginView, MspLandingView, and MspPricingView all lin…
    [90m 81| [39m    expect(read('src/components/HomePage.tsx')).toContain('<LegalFoote…
    [90m 82| [39m    expect(read('src/components/LoginView.tsx')).toContain('href="/ter…
    [90m   | [39m                                                 [31m^[39m
    [90m 83| [39m    expect(read('src/components/LoginView.tsx')).toContain('href="/pri…
    [90m 84| [39m    expect(read('src/components/MspLandingView.tsx')).toContain('<Lega…

[31m[2m⎯⎯⎯⎯⎯⎯⎯⎯⎯⎯⎯⎯⎯⎯⎯⎯⎯⎯⎯⎯⎯[53/141]⎯[22m[39m

[41m[1m FAIL [22m[49m tests/monitoring-contract.test.ts[2m > [22mGET /api/trust-loop/monitoring respects client isolation for alerts[2m > [22mjoins to the owning passport to scope alerts, since trust_alerts has no client_id column of its own
[31m[1mAssertionError[22m: expected 'import { Router } from \'express\';\n…' to contain 'JOIN passports p ON p.id=a.passport_id'[39m

[32m- Expected[39m
[31m+ Received[39m

[32m- JOIN passports p ON p.id=a.passport_id[39m
[31m+ import { Router } from 'express';[39m
[31m+ import { sql } from 'drizzle-orm';[39m
[31m+ import crypto from 'node:crypto';[39m
[31m+ import { z } from 'zod';[39m
[31m+ import { AuthenticatedRequest } from '../middleware/security.ts';[39m
[31m+ import { decryptCredentials } from '../integrations/credential-vault.ts';[39m
[31m+ import { collectDeepProviderEvidence } from '../integrations/deep-collectors.ts';[39m
[31m+ import { collectGitHubDeepEvidence } from '../integrations/github-deep.ts';[39m
[31m+ import { persistTrustLoop, verifyRemediation } from '../trust/trust-loop.ts';[39m
[31m+[39m
[31m+ const collectSchema = z.object({ passportId: z.string().trim().min(1).max(255), provider: z.string().trim().min(1).max(64) }).strict();[39m
[31m+ const remediationSchema = z.object({[39m
[31m+   findingId: z.string().trim().min(1),[39m
[31m+   title: z.string().trim().min(1).max(255),[39m
[31m+   description: z.string().max(4000).optional(),[39m
[31m+   assigneeId: z.string().max(255).optional(),[39m
[31m+   assigneeDisplay: z.string().max(255).optional(),[39m
[31m+   externalSystem: z.string().trim().min(1).max(64).default('SPR'),[39m
[31m+   externalTicketId: z.string().max(255).optional(),[39m
[31m+   slaDueAt: z.string().datetime().optional(),[39m
[31m+   priority: z.enum(['LOW', 'MEDIUM', 'HIGH', 'CRITICAL']).default('HIGH'),[39m
[31m+ }).strict();[39m
[31m+ const remediationUpdateSchema = z.object({ status: z.enum(['OPEN', 'IN_PROGRESS', 'BLOCKED', 'READY_FOR_VERIFICATION', 'VERIFIED', 'CLOSED', 'CANCELLED']), ownerId: z.string().max(255).optional(), ownerDisplay: z.string().max(255).optional(), slaDueAt: z.string().datetime().nullable().optional() }).strict();[39m
[31m+ const verifySchema = z.object({ findingId: z.string().trim().min(1), observationIds: z.array(z.string().min(1)).max(50), evidenceIds: z.array(z.string().min(1)).max(200) }).strict();[39m
[31m+ const reportTypes = z.enum(['executive', 'technical', 'msp', 'customer', 'compliance', 'vendor', 'auditor', 'evidence-ledger']);[39m
[31m+ function id(prefix: string) { return `${prefix}_${crypto.randomUUID().replaceAll('-', '')}`; }[39m
[31m+ function parseJson(value: unknown, fallback: unknown = []) { try { return value ? JSON.parse(String(value)) : fallback; } catch { return fallback; } }[39m
[31m+[39m
[31m+ const SEVERITY_ORDER = ['critical', 'high', 'medium', 'low'];[39m
[31m+[39m
[31m+ export type ReportPassportRow = {[39m
[31m+   overall_score: number | null;[39m
[31m+   security_score: number | null;[39m
[31m+   compliance_score: number | null;[39m
[31m+   verification_status: string | null;[39m
[31m+   confidence_score: number | null;[39m
[31m+   evidence_completeness: number | null;[39m
[31m+ };[39m
[31m+[39m
[31m+ export function deriveReportRiskFields(passport: ReportPassportRow) {[39m
[31m+   const verificationStatus = passport.verification_status || 'unverified';[39m
[31m+   const isMeasured = verificationStatus !== 'unverified';[39m
[31m+   return {[39m
[31m+     canonicalScore: isMeasured ? passport.overall_score : null,[39m
[31m+     verificationStatus,[39m
[31m+     confidenceBasisPoints: isMeasured && passport.confidence_score != null ? Math.round(passport.confidence_score * 100) : null,[39m
[31m+     completenessBasisPoints: isMeasured && passport.evidence_completeness != null ? Math.round(passport.evidence_completeness * 100) : null,[39m
[31m+   };[39m
[31m+ }[39m
[31m+[39m
[31m+ function buildReportTypeExtras(reportType: string, passport: any, findings: any[]) {[39m
[31m+   if (reportType === 'sbom') {[39m
[31m+     const components = parseJson(passport.sbom, []) as any[];[39m
[31m+     const vulnerabilities = parseJson(passport.vulnerabilities, []) as any[];[39m
[31m+     const sbom = components.map((component) => {[39m
[31m+       const name = component?.name || component?.packageName || component?.component;[39m
[31m+       const matched = vulnerabilities.filter((vuln) => (vuln?.component || vuln?.packageName || vuln?.package) === name);[39m
[31m+       return { ...component, vulnerabilityCount: matched.length, criticalOrHighCount: matched.filter((vuln) => SEVERITY_ORDER.slice(0, 2).includes(String(vuln?.severity || '').toLowerCase())).length };[39m
[31m+     });[39m
[31m+     return { sbom };[39m
[31m+   }[39m
[31m+   if (reportType === 'compliance') {[39m
[31m+     const byControl = new Map<string, { controlId: string; findingCount: number; openCount: number; worstSeverity: string; findingIds: string[] }>();[39m
[31m+     for (const finding of findings) {[39m
[31m+       const controlId = finding.control_id || 'unmapped';[39m
[31m+       const entry = byControl.get(controlId) || { controlId, findingCount: 0, openCount: 0, worstSeverity: 'low', findingIds: [] as string[] };[39m
[31m+       entry.findingCount += 1;[39m
[31m+       entry.findingIds.push(finding.id);[39m
[31m+       if (!['resolved', 'closed', 'verified'].includes(String(finding.status || '').toLowerCase())) entry.openCount += 1;[39m
[31m+       const severity = String(finding.severity || '').toLowerCase();[39m
[31m+       if (SEVERITY_ORDER.includes(severity) && SEVERITY_ORDER.indexOf(severity) < SEVERITY_ORDER.indexOf(entry.worstSeverity)) entry.worstSeverity = severity;[39m
[31m+       byControl.set(controlId, entry);[39m
[31m+     }[39m
[31m+     return { controls: [...byControl.values()] };[39m
[31m+   }[39m
[31m+   return {};[39m
[31m+ }[39m
[31m+[39m
[31m+ export function createTrustLoopRouter() {[39m
[31m+   const router = Router();[39m
[31m+[39m
[31m+   router.post('/collect', async (req: AuthenticatedRequest, res, next) => {[39m
[31m+     const parsed = collectSchema.safeParse(req.body);[39m
[31m+     if (!parsed.success) return res.status(400).json({ error: 'INVALID_PAYLOAD', details: parsed.error.flatten() });[39m
[31m+     const { passportId, provider } = parsed.data;[39m
[31m+     const tenantId = req.user!.tenantId;[39m
[31m+     const runId = id('collect');[39m
[31m+     const startedAt = new Date().toISOString();[39m
[31m+     const db = req.db!;[39m
[31m+     try {[39m
[31m+       const passport = (await db.execute(sql`SELECT id,client_id FROM passports WHERE id=${passportId} AND tenant_id=${tenantId} LIMIT 1`) as any).rows?.[0];[39m
[31m+       if (!passport) return res.status(404).json({ error: 'PASSPORT_NOT_FOUND' });[39m
[31m+       const stored = (await db.execute(sql`SELECT encrypted_payload FROM integration_credentials WHERE tenant_id=${tenantId} AND provider=${provider} LIMIT 1`) as any).rows?.[0];[39m
[31m+       if (!stored?.encrypted_payload) return res.status(409).json({ error: 'CREDENTIAL_NOT_CONFIGURED' });[39m
[31m+[39m
[31m+       await db.execute(sql`INSERT INTO trust_collection_runs (id,tenant_id,passport_id,provider,started_at,status,idempotency_key,created_at) VALUES (${runId},${tenantId},${passportId},${provider},${startedAt},'RUNNING',${`${tenantId}:${passportId}:${provider}:${startedAt}`},${startedAt})`);[39m
[31m+       const credentials = decryptCredentials(stored.encrypted_payload) as Record<string, string>;[39m
[31m+       const observations = provider === 'github' ? await collectGitHubDeepEvidence(credentials) : await collectDeepProviderEvidence(provider as any, credentials);[39m
[31m+       const result = await persistTrustLoop({ tenantId, passportId, clientId: passport.client_id || passport.id, assetId: passport.id, observations, generationReason: 'provider_collection', actorType: 'worker', collectorVersionMap: { [provider]: 'deep-v2' } });[39m
[31m+       const completedAt = new Date().toISOString();[39m
[31m+       await db.execute(sql`UPDATE trust_collection_runs SET completed_at=${completedAt},status='SUCCEEDED',observation_count=${observations.length},evidence_count=${result.evidenceIds.length},failure_count=${observations.filter((o) => o.status === 'FAIL').length},collector_version='deep-v2' WHERE id=${runId} AND tenant_id=${tenantId}`);[39m
[31m+       await db.execute(sql`INSERT INTO trust_monitoring_state (id,tenant_id,passport_id,provider,next_run_at,last_run_at,last_success_at,last_evidence_hash,consecutive_failures,status,updated_at) VALUES (${id('monitor')},${tenantId},${passportId},${provider},${new Date(Date.now()+3600000).toISOString()},${completedAt},${completedAt},${result.payloadHash},0,'HEALTHY',${completedAt}) ON CONFLICT (tenant_id,passport_id,provider) DO UPDATE SET next_run_at=EXCLUDED.next_run_at,last_run_at=EXCLUDED.last_run_at,last_success_at=EXCLUDED.last_success_at,last_evidence_hash=EXCLUDED.last_evidence_hash,consecutive_failures=0,status='HEALTHY',updated_at=EXCLUDED.updated_at`);[39m
[31m+       return res.json({ runId, provider, observationCount: observations.length, ...result });[39m
[31m+     } catch (error) {[39m
[31m+       const completedAt = new Date().toISOString();[39m
[31m+       await db.execute(sql`UPDATE trust_collection_runs SET completed_at=${completedAt},status='FAILED',error_code='COLLECTION_FAILED',error_message=${error instanceof Error ? error.message.slice(0,1000) : 'COLLECTION_FAILED'} WHERE id=${runId} AND tenant_id=${tenantId}`).catch(() => undefined);[39m
[31m+       await db.execute(sql`UPDATE trust_monitoring_state SET last_run_at=${completedAt},last_failure_at=${completedAt},consecutive_failures=consecutive_failures+1,status=CASE WHEN consecutive_failures+1 >= 5 THEN 'FAILED' ELSE 'DEGRADED' END,updated_at=${completedAt} WHERE tenant_id=${tenantId} AND passport_id=${passportId} AND provider=${provider}`).catch(() => undefined);[39m
[31m+       return next(error);[39m
[31m+     }[39m
[31m+   });[39m
[31m+[39m
[31m+   const findingsWithRemediationSelect = sql`[39m
[31m+     SELECT f.*, r.id AS remediation_id, r.status AS remediation_status, r.owner_id AS remediation_owner_id,[39m
[31m+            r.owner_display AS remediation_owner_display, r.sla_due_at AS remediation_sla_due_at, r.updated_at AS remediation_updated_at[39m
[31m+     FROM trust_findings f[39m
[31m+     LEFT JOIN LATERAL ([39m
[31m+       SELECT * FROM trust_remediation_work_items w[39m
[31m+       WHERE w.tenant_id = f.tenant_id AND w.finding_id = f.id[39m
[31m+       ORDER BY w.created_at DESC LIMIT 1[39m
[31m+     ) r ON true[39m
[31m+   `;[39m
[31m+   router.get('/findings', async (req: AuthenticatedRequest, res, next) => {[39m
[31m+     try {[39m
[31m+       const db = req.db!;[39m
[31m+       const tenantId = req.user!.tenantId;[39m
[31m+       const passportId = typeof req.query.passportId === 'string' ? req.query.passportId : null;[39m
[31m+       const rows = passportId[39m
[31m+         ? await db.execute(sql`${findingsWithRemediationSelect} WHERE f.tenant_id=${tenantId} AND f.passport_id=${passportId} ORDER BY CASE f.severity WHEN 'critical' THEN 1 WHEN 'high' THEN 2 WHEN 'medium' THEN 3 WHEN 'low' THEN 4 ELSE 5 END,f.updated_at DESC`)[39m
[31m+         : await db.execute(sql`${findingsWithRemediationSelect} WHERE f.tenant_id=${tenantId} ORDER BY f.updated_at DESC`);[39m
[31m+       return res.json({ findings: (rows as any).rows || [] });[39m
[31m+     } catch (error) { return next(error); }[39m
[31m+   });[39m
[31m+[39m
[31m+   router.post('/remediations', async (req: AuthenticatedRequest, res, next) => {[39m
[31m+     const parsed = remediationSchema.safeParse(req.body);[39m
[31m+     if (!parsed.success) return res.status(400).json({ error: 'INVALID_PAYLOAD', details: parsed.error.flatten() });[39m
[31m+     try {[39m
[31m+       const db = req.db!;[39m
[31m+       const p = parsed.data;[39m
[31m+       const tenantId = req.user!.tenantId;[39m
[31m+       const finding = (await db.execute(sql`SELECT id,client_id,passport_id,title,description FROM trust_findings WHERE id=${p.findingId} AND tenant_id=${tenantId} LIMIT 1`) as any).rows?.[0];[39m
[31m+       if (!finding) return res.status(404).json({ error: 'FINDING_NOT_FOUND' });[39m
[31m+       const now = new Date().toISOString();[39m
[31m+       const workId = id('remed');[39m
[31m+       await db.execute(sql`INSERT INTO trust_remediation_work_items (id,tenant_id,passport_id,finding_id,external_system,external_ticket_id,owner_id,owner_display,sla_due_at,status,remediation_plan,created_at,updated_at) VALUES (${workId},${tenantId},${finding.passport_id},${finding.id},${p.externalSystem},${p.externalTicketId ?? null},${p.assigneeId ?? null},${p.assigneeDisplay ?? null},${p.slaDueAt ?? null},'OPEN',${p.description || finding.description},${now},${now})`);[39m
[31m+       await db.execute(sql`INSERT INTO remediation_tasks (id,tenant_id,client_id,alert_id,title,description,priority,status,assignee_id,created_by,created_at,updated_at) VALUES (${workId},${tenantId},${finding.client_id},${finding.id},${p.title},${p.description || finding.description},${p.priority},'OPEN',${p.assigneeId ?? null},${req.user!.uid},${now},${now})`);[39m
[31m+       const created = (await db.execute(sql`SELECT * FROM trust_remediation_work_items WHERE id=${workId} AND tenant_id=${tenantId} LIMIT 1`) as any).rows?.[0];[39m
[31m+       return res.status(201).json({ ...created, title: p.title });[39m
[31m+     } catch (error) { return next(error); }[39m
[31m+   });[39m
[31m+[39m
[31m+   router.get('/remediations/:id', async (req: AuthenticatedRequest, res, next) => {[39m
[31m+     try {[39m
[31m+       const db = req.db!;[39m
[31m+       const tenantId = req.user!.tenantId;[39m
[31m+       const row = (await db.execute(sql`SELECT w.*, f.title AS finding_title FROM trust_remediation_work_items w JOIN trust_findings f ON f.id = w.finding_id AND f.tenant_id = w.tenant_id WHERE w.id=${req.params.id} AND w.tenant_id=${tenantId} LIMIT 1`) as any).rows?.[0];[39m
[31m+       if (!row) return res.status(404).json({ error: 'REMEDIATION_NOT_FOUND' });[39m
[31m+       return res.json({ ...row, title: row.finding_title });[39m
[31m+     } catch (error) { return next(error); }[39m
[31m+   });[39m
[31m+[39m
[31m+   router.post('/remediations/:id/verify-latest', async (req: AuthenticatedRequest, res, next) => {[39m
[31m+     try {[39m
[31m+       const db = req.db!;[39m
[31m+       const tenantId = req.user!.tenantId;[39m
[31m+       const work = (await db.execute(sql`SELECT id,finding_id,passport_id FROM trust_remediation_work_items WHERE id=${req.params.id} AND tenant_id=${tenantId} LIMIT 1`) as any).rows?.[0];[39m
[31m+       if (!work) return res.status(404).json({ error: 'REMEDIATION_NOT_FOUND' });[39m
[31m+       const latestObservation = (await db.execute(sql`SELECT id,evidence_ids FROM trust_observations WHERE tenant_id=${tenantId} AND passport_id=${work.passport_id} ORDER BY observation_version DESC LIMIT 1`) as any).rows?.[0];[39m
[31m+       if (!latestObservation) return res.status(409).json({ error: 'NO_OBSERVATION_ON_FILE', message: 'SPR has no recorded observation for this software yet. Collect evidence before verifying.' });[39m
[31m+       const evidenceIds: string[] = parseJson(latestObservation.evidence_ids, []) as string[];[39m
[31m+       const result = await verifyRemediation({ tenantId, findingId: work.finding_id, observationIds: [latestObservation.id], evidenceIds, actorId: req.user!.uid });[39m
[31m+       const now = new Date().toISOString();[39m
[31m+       await db.execute(sql`UPDATE trust_remediation_work_items SET status='VERIFIED',updated_at=${now},closed_at=${now} WHERE id=${work.id} AND tenant_id=${tenantId}`);[39m
[31m+       const row = (await db.execute(sql`SELECT * FROM trust_remediation_work_items WHERE id=${work.id} AND tenant_id=${tenantId} LIMIT 1`) as any).rows?.[0];[39m
[31m+       return res.json({ ...row, verification: result });[39m
[31m+     } catch (error: any) {[39m
[31m+       const message = error instanceof Error ? error.message : String(error);[39m
[31m+       if (/^VERIFICATION_|^FINDING_NOT_FOUND$/.test(message)) return res.status(409).json({ error: message });[39m
[31m+       return next(error);[39m
[31m+     }[39m
[31m+   });[39m
[31m+[39m
[31m+   router.patch('/remediations/:id', async (req: AuthenticatedRequest, res, next) => {[39m
[31m+     const parsed = remediationUpdateSchema.safeParse(req.body);[39m
[31m+     if (!parsed.success) return res.status(400).json({ error: 'INVALID_PAYLOAD', details: parsed.error.flatten() });[39m
[31m+     try {[39m
[31m+       const db = req.db!;[39m
[31m+       const tenantId = req.user!.tenantId;[39m
[31m+       const p = parsed.data;[39m
[31m+       const now = new Date().toISOString();[39m
[31m+       const rows = await db.execute(sql`UPDATE trust_remediation_work_items SET status=${p.status},owner_id=COALESCE(${p.ownerId ?? null},owner_id),owner_display=COALESCE(${p.ownerDisplay ?? null},owner_display),sla_due_at=CASE WHEN ${p.slaDueAt === undefined} THEN sla_due_at ELSE ${p.slaDueAt} END,updated_at=${now},closed_at=CASE WHEN ${p.status} IN ('CLOSED','VERIFIED') THEN ${now} ELSE closed_at END WHERE id=${req.params.id} AND tenant_id=${tenantId} RETURNING *`);[39m
[31m+       const row = (rows as any).rows?.[0];[39m
[31m+       if (!row) return res.status(404).json({ error: 'REMEDIATION_NOT_FOUND' });[39m
[31m+       return res.json(row);[39m
[31m+     } catch (error) { return next(error); }[39m
[31m+   });[39m
[31m+[39m
[31m+   router.post('/verify', async (req: AuthenticatedRequest, res, next) => {[39m
[31m+     const parsed = verifySchema.safeParse(req.body);[39m
[31m+     if (!parsed.success) return res.status(400).json({ error: 'INVALID_PAYLOAD', details: parsed.error.flatten() });[39m
[31m+     try {[39m
[31m+       const db = req.db!;[39m
[31m+       const result = await verifyRemediation({ ...parsed.data, tenantId: req.user!.tenantId, actorId: req.user!.uid });[39m
[31m+       await db.execute(sql`UPDATE trust_remediation_work_items SET status='VERIFIED',updated_at=${new Date().toISOString()},closed_at=${new Date().toISOString()} WHERE tenant_id=${req.user!.tenantId} AND finding_id=${parsed.data.findingId}`);[39m
[31m+       return res.json(result);[39m
[31m+     } catch (error) { return next(error); }[39m
[31m+   });[39m
[31m+[39m
[31m+   router.get('/monitoring', async (req: AuthenticatedRequest, res, next) => {[39m
[31m+     try {[39m
[31m+       const db = req.db!;[39m
[31m+       const tenantId = req.user!.tenantId;[39m
[31m+       const passportId = typeof req.query.passportId === 'string' ? req.query.passportId : null;[39m
[31m+       const rows = passportId ? await db.execute(sql`SELECT * FROM trust_monitoring_state WHERE tenant_id=${tenantId} AND passport_id=${passportId} ORDER BY provider`) : await db.execute(sql`SELECT * FROM trust_monitoring_state WHERE tenant_id=${tenantId} ORDER BY passport_id,provider`);[39m
[31m+       const alerts = passportId ? await db.execute(sql`SELECT * FROM trust_alerts WHERE tenant_id=${tenantId} AND passport_id=${passportId} ORDER BY created_at DESC`) : await db.execute(sql`SELECT * FROM trust_alerts WHERE tenant_id=${tenantId} ORDER BY created_at DESC`);[39m
[31m+       return res.json({ monitoring: (rows as any).rows || [], alerts: (alerts as any).rows || [] });[39m
[31m+     } catch (error) { return next(error); }[39m
[31m+   });[39m
[31m+[39m
[31m+   router.get('/ledger/:passportId', async (req: AuthenticatedRequest, res, next) => {[39m
[31m+     try {[39m
[31m+       const db = req.db!;[39m
[31m+       const tenantId = req.user!.tenantId;[39m
[31m+       const passportId = req.params.passportId;[39m
[31m+       const scope = await db.execute(sql`SELECT id FROM passports WHERE id=${passportId} AND tenant_id=${tenantId} LIMIT 1`);[39m
[31m+       if (!(scope as any).rows?.length) return res.status(404).json({ error: 'PASSPORT_NOT_FOUND' });[39m
[31m+       const observations = await db.execute(sql`SELECT id,observation_version,generated_at,previous_observation_id,evidence_ids,finding_ids,canonical_payload_hash,completeness_basis_points,open_finding_count,unknown_dimension_count FROM trust_observations WHERE tenant_id=${tenantId} AND passport_id=${passportId} ORDER BY observation_version DESC`);[39m
[31m+       const evidence = await db.execute(sql`SELECT id,provider,control_id,subject,source_url,observed_at,verification_method,status,severity,evidence_hash,limitation FROM evidence_ledger WHERE tenant_id=${tenantId} AND passport_id=${passportId} ORDER BY observed_at DESC`);[39m
[31m+       const findings = await db.execute(sql`SELECT id,control_id,title,severity,status,evidence_ids,fingerprint,updated_at,resolved_at FROM trust_findings WHERE tenant_id=${tenantId} AND passport_id=${passportId} ORDER BY updated_at DESC`);[39m
[31m+       const remediation = await db.execute(sql`SELECT * FROM trust_remediation_work_items WHERE tenant_id=${tenantId} AND passport_id=${passportId} ORDER BY updated_at DESC`);[39m
[31m+       const verification = await db.execute(sql`SELECT * FROM remediation_verification_ledger WHERE tenant_id=${tenantId} AND finding_id IN (SELECT id FROM trust_findings WHERE tenant_id=${tenantId} AND passport_id=${passportId}) ORDER BY created_at DESC`);[39m
[31m+       return res.json({ observations: (observations as any).rows || [], findings: (findings as any).rows || [], evidence: (evidence as any).rows || [], remediation: (remediation as any).rows || [], verification: (verification as any).rows || [], trace: 'Report -> Passport -> Risk -> Finding -> Observation -> Provider -> Source -> Timestamp -> Hash' });[39m
[31m+     } catch (error) { return next(error); }[39m
[31m+   });[39m
[31m+[39m
[31m+   router.get('/reports/:passportId/history', async (req: AuthenticatedRequest, res, next) => {[39m
[31m+     try {[39m
[31m+       const db = req.db!;[39m
[31m+       const tenantId = req.user!.tenantId;[39m
[31m+       const passportId = req.params.passportId;[39m
[31m+       const typeFilter = typeof req.query.type === 'string' ? reportTypes.safeParse(req.query.type) : null;[39m
[31m+       if (typeFilter && !typeFilter.success) return res.status(400).json({ error: 'INVALID_REPORT_TYPE' });[39m
[31m+       const rows = typeFilter?.success[39m
[31m+         ? await db.execute(sql`SELECT id,report_type,generated_at,score,confidence_basis_points,completeness_basis_points,canonical_payload_hash FROM trust_report_snapshots WHERE tenant_id=${tenantId} AND passport_id=${passportId} AND report_type=${typeFilter.data} ORDER BY generated_at DESC LIMIT 50`)[39m
[31m+         : await db.execute(sql`SELECT id,report_type,generated_at,score,confidence_basis_points,completeness_basis_points,canonical_payload_hash FROM trust_report_snapshots WHERE tenant_id=${tenantId} AND passport_id=${passportId} ORDER BY generated_at DESC LIMIT 50`);[39m
[31m+       return res.json({ snapshots: (rows as any).rows || [] });[39m
[31m+     } catch (error) { return next(error); }[39m
[31m+   });[39m
[31m+[39m
[31m+   router.get('/reports/:passportId/history/:snapshotId', async (req: AuthenticatedRequest, res, next) => {[39m
[31m+     try {[39m
[31m+       const db = req.db!;[39m
[31m+       const tenantId = req.user!.tenantId;[39m
[31m+       const row = (await db.execute(sql`SELECT payload,canonical_payload_hash,generated_at,report_type FROM trust_report_snapshots WHERE id=${req.params.snapshotId} AND tenant_id=${tenantId} AND passport_id=${req.params.passportId} LIMIT 1`) as any).rows?.[0];[39m
[31m+       if (!row) return res.status(404).json({ error: 'REPORT_SNAPSHOT_NOT_FOUND' });[39m
[31m+       const payload = parseJson(row.payload, {});[39m
[31m+       return res.json({ ...(payload as object), reportHash: row.canonical_payload_hash });[39m
[31m+     } catch (error) { return next(error); }[39m
[31m+   });[39m
[31m+[39m
[31m+   router.get('/reports/:passportId', async (req: AuthenticatedRequest, res, next) => {[39m
[31m+     try {[39m
[31m+       const parsed = reportTypes.safeParse(req.query.type || 'executive');[39m
[31m+       if (!parsed.success) return res.status(400).json({ error: 'INVALID_REPORT_TYPE' });[39m
[31m+       const report = await buildAndPersistReport(req.db!, req.user!.tenantId, String(req.params.passportId), parsed.data);[39m
[31m+       if (!report) return res.status(404).json({ error: 'PASSPORT_NOT_FOUND' });[39m
[31m+       return res.json(report);[39m
[31m+     } catch (error) { return next(error); }[39m
[31m+   });[39m
[31m+[39m
[31m+   return router;[39m
[31m+ }[39m
[31m+[39m
[31m+ export async function buildAndPersistReport(db: any, tenantId: string, passportId: string, reportType: string) {[39m
[31m+   const passport = (await db.execute(sql`SELECT id,name,overall_score,security_score,compliance_score,verification_status,confidence_score,evidence_completeness,sbom,evidence,vulnerabilities,timeline FROM passports WHERE id=${passportId} AND tenant_id=${tenantId} LIMIT 1`) as any).rows?.[0];[39m
[31m+   if (!passport) return null;[39m
[31m+   const findings = (await db.execute(sql`SELECT id,control_id,title,severity,status,description,remediation,evidence_ids,updated_at,resolved_at FROM trust_findings WHERE tenant_id=${tenantId} AND passport_id=${passportId} ORDER BY CASE severity WHEN 'critical' THEN 1 WHEN 'high' THEN 2 WHEN 'medium' THEN 3 WHEN 'low' THEN 4 ELSE 5 END,updated_at DESC`) as any).rows || [];[39m
[31m+   const evidence = (await db.execute(sql`SELECT id,provider,control_id,subject,source_url,observed_at,verification_method,status,severity,evidence_hash,limitation FROM evidence_ledger WHERE tenant_id=${tenantId} AND passport_id=${passportId} ORDER BY observed_at DESC`) as any).rows || [];[39m
[31m+   const observations = (await db.execute(sql`SELECT id,observation_version,generated_at,previous_observation_id,evidence_ids,finding_ids,canonical_payload_hash,completeness_basis_points,confidence_basis_points,open_finding_count,unknown_dimension_count FROM trust_observations WHERE tenant_id=${tenantId} AND passport_id=${passportId} ORDER BY observation_version DESC`) as any).rows || [];[39m
[31m+   const remediation = (await db.execute(sql`SELECT * FROM trust_remediation_work_items WHERE tenant_id=${tenantId} AND passport_id=${passportId} ORDER BY updated_at DESC`) as any).rows || [];[39m
[31m+   const verification = (await db.execute(sql`SELECT * FROM remediation_verification_ledger WHERE tenant_id=${tenantId} AND finding_id IN (SELECT id FROM trust_findings WHERE tenant_id=${tenantId} AND passport_id=${passportId}) ORDER BY created_at DESC`) as any).rows || [];[39m
[31m+   const latest = observations[0];[39m
[31m+   const risk = deriveReportRiskFields(passport as ReportPassportRow);[39m
[31m+   const report = {[39m
[31m+     schemaVersion: 'spr.report.v2', reportType, generatedAt: new Date().toISOString(), passport: { id: passport.id, name: passport.name },[39m
[31m+     risk: { overall: risk.canonicalScore, security: passport.security_score, compliance: passport.compliance_score, verificationStatus: risk.verificationStatus },[39m
[31m+     evidenceQuality: { completenessBasisPoints: risk.completenessBasisPoints, confidenceBasisPoints: risk.confidenceBasisPoints, unknownDimensions: latest?.unknown_dimension_count ?? 0, latestObservationAt: latest?.generated_at ?? null },[39m
[31m+     findings, evidence, observations, remediation, verification,[39m
[31m+     traceability: 'Report -> Passport -> Risk -> Finding -> Observation -> Provider -> Source -> Timestamp -> Hash',[39m
[31m+     resolutionTraceability: 'Finding -> remediation -> new observation -> independent verification',[39m
[31m+     limitations: evidence.filter((item: any) => item.limitation).map((item: any) => ({ evidenceId: item.id, limitation: item.limitation })),[39m
[31m+     ...buildReportTypeExtras(reportType, passport, findings),[39m
[31m+   };[39m
[31m+   const canonicalPayload = JSON.stringify(report);[39m
[31m+   const reportHash = crypto.createHash('sha256').update(canonicalPayload).digest('hex');[39m
[31m+   await db.execute(sql`INSERT INTO trust_report_snapshots (id,tenant_id,passport_id,report_type,generated_at,score,confidence_basis_points,completeness_basis_points,evidence_ids,finding_ids,observation_id,canonical_payload_hash,payload,created_at) VALUES (${id('report')},${tenantId},${passportId},${reportType},${report.generatedAt},${risk.canonicalScore},${risk.confidenceBasisPoints},${risk.completenessBasisPoints},${JSON.stringify(evidence.map((item: any) => item.id))},${JSON.stringify(findings.map((item: any) => item.id))},${latest?.id ?? null},${reportHash},${canonicalPayload},${report.generatedAt}) ON CONFLICT (tenant_id,passport_id,report_type,canonical_payload_hash) DO NOTHING`);[39m
[31m+   return { ...report, reportHash };[39m
[31m+ }[39m
[31m+[39m

[36m [2m❯[22m tests/monitoring-contract.test.ts:[2m45:15[22m[39m
    [90m 43| [39m  it('joins to the owning passport to scope alerts, since trust_alerts…
    [90m 44| [39m    [35mconst[39m s [33m=[39m [34msource[39m()[33m;[39m
    [90m 45| [39m    [34mexpect[39m(s)[33m.[39m[34mtoContain[39m([32m'JOIN passports p ON p.id=a.passport_id'[39m)[33m;[39m
    [90m   | [39m              [31m^[39m
    [90m 46| [39m    expect(s).toContain("AND (${clientScope}::text IS NULL OR p.client…
    [90m 47| [39m  })[33m;[39m

[31m[2m⎯⎯⎯⎯⎯⎯⎯⎯⎯⎯⎯⎯⎯⎯⎯⎯⎯⎯⎯⎯⎯[54/141]⎯[22m[39m

[41m[1m FAIL [22m[49m tests/monitoring-contract.test.ts[2m > [22mGET /api/trust-loop/monitoring respects client isolation for alerts[2m > [22mexposes an alert lifecycle transition restricted to non-Client roles
[31m[1mAssertionError[22m: expected 'import { Router } from \'express\';\n…' to contain 'router.patch(\'/alerts/:id\''[39m

[32m- Expected[39m
[31m+ Received[39m

[32m- router.patch('/alerts/:id'[39m
[31m+ import { Router } from 'express';[39m
[31m+ import { sql } from 'drizzle-orm';[39m
[31m+ import crypto from 'node:crypto';[39m
[31m+ import { z } from 'zod';[39m
[31m+ import { AuthenticatedRequest } from '../middleware/security.ts';[39m
[31m+ import { decryptCredentials } from '../integrations/credential-vault.ts';[39m
[31m+ import { collectDeepProviderEvidence } from '../integrations/deep-collectors.ts';[39m
[31m+ import { collectGitHubDeepEvidence } from '../integrations/github-deep.ts';[39m
[31m+ import { persistTrustLoop, verifyRemediation } from '../trust/trust-loop.ts';[39m
[31m+[39m
[31m+ const collectSchema = z.object({ passportId: z.string().trim().min(1).max(255), provider: z.string().trim().min(1).max(64) }).strict();[39m
[31m+ const remediationSchema = z.object({[39m
[31m+   findingId: z.string().trim().min(1),[39m
[31m+   title: z.string().trim().min(1).max(255),[39m
[31m+   description: z.string().max(4000).optional(),[39m
[31m+   assigneeId: z.string().max(255).optional(),[39m
[31m+   assigneeDisplay: z.string().max(255).optional(),[39m
[31m+   externalSystem: z.string().trim().min(1).max(64).default('SPR'),[39m
[31m+   externalTicketId: z.string().max(255).optional(),[39m
[31m+   slaDueAt: z.string().datetime().optional(),[39m
[31m+   priority: z.enum(['LOW', 'MEDIUM', 'HIGH', 'CRITICAL']).default('HIGH'),[39m
[31m+ }).strict();[39m
[31m+ const remediationUpdateSchema = z.object({ status: z.enum(['OPEN', 'IN_PROGRESS', 'BLOCKED', 'READY_FOR_VERIFICATION', 'VERIFIED', 'CLOSED', 'CANCELLED']), ownerId: z.string().max(255).optional(), ownerDisplay: z.string().max(255).optional(), slaDueAt: z.string().datetime().nullable().optional() }).strict();[39m
[31m+ const verifySchema = z.object({ findingId: z.string().trim().min(1), observationIds: z.array(z.string().min(1)).max(50), evidenceIds: z.array(z.string().min(1)).max(200) }).strict();[39m
[31m+ const reportTypes = z.enum(['executive', 'technical', 'msp', 'customer', 'compliance', 'vendor', 'auditor', 'evidence-ledger']);[39m
[31m+ function id(prefix: string) { return `${prefix}_${crypto.randomUUID().replaceAll('-', '')}`; }[39m
[31m+ function parseJson(value: unknown, fallback: unknown = []) { try { return value ? JSON.parse(String(value)) : fallback; } catch { return fallback; } }[39m
[31m+[39m
[31m+ const SEVERITY_ORDER = ['critical', 'high', 'medium', 'low'];[39m
[31m+[39m
[31m+ export type ReportPassportRow = {[39m
[31m+   overall_score: number | null;[39m
[31m+   security_score: number | null;[39m
[31m+   compliance_score: number | null;[39m
[31m+   verification_status: string | null;[39m
[31m+   confidence_score: number | null;[39m
[31m+   evidence_completeness: number | null;[39m
[31m+ };[39m
[31m+[39m
[31m+ export function deriveReportRiskFields(passport: ReportPassportRow) {[39m
[31m+   const verificationStatus = passport.verification_status || 'unverified';[39m
[31m+   const isMeasured = verificationStatus !== 'unverified';[39m
[31m+   return {[39m
[31m+     canonicalScore: isMeasured ? passport.overall_score : null,[39m
[31m+     verificationStatus,[39m
[31m+     confidenceBasisPoints: isMeasured && passport.confidence_score != null ? Math.round(passport.confidence_score * 100) : null,[39m
[31m+     completenessBasisPoints: isMeasured && passport.evidence_completeness != null ? Math.round(passport.evidence_completeness * 100) : null,[39m
[31m+   };[39m
[31m+ }[39m
[31m+[39m
[31m+ function buildReportTypeExtras(reportType: string, passport: any, findings: any[]) {[39m
[31m+   if (reportType === 'sbom') {[39m
[31m+     const components = parseJson(passport.sbom, []) as any[];[39m
[31m+     const vulnerabilities = parseJson(passport.vulnerabilities, []) as any[];[39m
[31m+     const sbom = components.map((component) => {[39m
[31m+       const name = component?.name || component?.packageName || component?.component;[39m
[31m+       const matched = vulnerabilities.filter((vuln) => (vuln?.component || vuln?.packageName || vuln?.package) === name);[39m
[31m+       return { ...component, vulnerabilityCount: matched.length, criticalOrHighCount: matched.filter((vuln) => SEVERITY_ORDER.slice(0, 2).includes(String(vuln?.severity || '').toLowerCase())).length };[39m
[31m+     });[39m
[31m+     return { sbom };[39m
[31m+   }[39m
[31m+   if (reportType === 'compliance') {[39m
[31m+     const byControl = new Map<string, { controlId: string; findingCount: number; openCount: number; worstSeverity: string; findingIds: string[] }>();[39m
[31m+     for (const finding of findings) {[39m
[31m+       const controlId = finding.control_id || 'unmapped';[39m
[31m+       const entry = byControl.get(controlId) || { controlId, findingCount: 0, openCount: 0, worstSeverity: 'low', findingIds: [] as string[] };[39m
[31m+       entry.findingCount += 1;[39m
[31m+       entry.findingIds.push(finding.id);[39m
[31m+       if (!['resolved', 'closed', 'verified'].includes(String(finding.status || '').toLowerCase())) entry.openCount += 1;[39m
[31m+       const severity = String(finding.severity || '').toLowerCase();[39m
[31m+       if (SEVERITY_ORDER.includes(severity) && SEVERITY_ORDER.indexOf(severity) < SEVERITY_ORDER.indexOf(entry.worstSeverity)) entry.worstSeverity = severity;[39m
[31m+       byControl.set(controlId, entry);[39m
[31m+     }[39m
[31m+     return { controls: [...byControl.values()] };[39m
[31m+   }[39m
[31m+   return {};[39m
[31m+ }[39m
[31m+[39m
[31m+ export function createTrustLoopRouter() {[39m
[31m+   const router = Router();[39m
[31m+[39m
[31m+   router.post('/collect', async (req: AuthenticatedRequest, res, next) => {[39m
[31m+     const parsed = collectSchema.safeParse(req.body);[39m
[31m+     if (!parsed.success) return res.status(400).json({ error: 'INVALID_PAYLOAD', details: parsed.error.flatten() });[39m
[31m+     const { passportId, provider } = parsed.data;[39m
[31m+     const tenantId = req.user!.tenantId;[39m
[31m+     const runId = id('collect');[39m
[31m+     const startedAt = new Date().toISOString();[39m
[31m+     const db = req.db!;[39m
[31m+     try {[39m
[31m+       const passport = (await db.execute(sql`SELECT id,client_id FROM passports WHERE id=${passportId} AND tenant_id=${tenantId} LIMIT 1`) as any).rows?.[0];[39m
[31m+       if (!passport) return res.status(404).json({ error: 'PASSPORT_NOT_FOUND' });[39m
[31m+       const stored = (await db.execute(sql`SELECT encrypted_payload FROM integration_credentials WHERE tenant_id=${tenantId} AND provider=${provider} LIMIT 1`) as any).rows?.[0];[39m
[31m+       if (!stored?.encrypted_payload) return res.status(409).json({ error: 'CREDENTIAL_NOT_CONFIGURED' });[39m
[31m+[39m
[31m+       await db.execute(sql`INSERT INTO trust_collection_runs (id,tenant_id,passport_id,provider,started_at,status,idempotency_key,created_at) VALUES (${runId},${tenantId},${passportId},${provider},${startedAt},'RUNNING',${`${tenantId}:${passportId}:${provider}:${startedAt}`},${startedAt})`);[39m
[31m+       const credentials = decryptCredentials(stored.encrypted_payload) as Record<string, string>;[39m
[31m+       const observations = provider === 'github' ? await collectGitHubDeepEvidence(credentials) : await collectDeepProviderEvidence(provider as any, credentials);[39m
[31m+       const result = await persistTrustLoop({ tenantId, passportId, clientId: passport.client_id || passport.id, assetId: passport.id, observations, generationReason: 'provider_collection', actorType: 'worker', collectorVersionMap: { [provider]: 'deep-v2' } });[39m
[31m+       const completedAt = new Date().toISOString();[39m
[31m+       await db.execute(sql`UPDATE trust_collection_runs SET completed_at=${completedAt},status='SUCCEEDED',observation_count=${observations.length},evidence_count=${result.evidenceIds.length},failure_count=${observations.filter((o) => o.status === 'FAIL').length},collector_version='deep-v2' WHERE id=${runId} AND tenant_id=${tenantId}`);[39m
[31m+       await db.execute(sql`INSERT INTO trust_monitoring_state (id,tenant_id,passport_id,provider,next_run_at,last_run_at,last_success_at,last_evidence_hash,consecutive_failures,status,updated_at) VALUES (${id('monitor')},${tenantId},${passportId},${provider},${new Date(Date.now()+3600000).toISOString()},${completedAt},${completedAt},${result.payloadHash},0,'HEALTHY',${completedAt}) ON CONFLICT (tenant_id,passport_id,provider) DO UPDATE SET next_run_at=EXCLUDED.next_run_at,last_run_at=EXCLUDED.last_run_at,last_success_at=EXCLUDED.last_success_at,last_evidence_hash=EXCLUDED.last_evidence_hash,consecutive_failures=0,status='HEALTHY',updated_at=EXCLUDED.updated_at`);[39m
[31m+       return res.json({ runId, provider, observationCount: observations.length, ...result });[39m
[31m+     } catch (error) {[39m
[31m+       const completedAt = new Date().toISOString();[39m
[31m+       await db.execute(sql`UPDATE trust_collection_runs SET completed_at=${completedAt},status='FAILED',error_code='COLLECTION_FAILED',error_message=${error instanceof Error ? error.message.slice(0,1000) : 'COLLECTION_FAILED'} WHERE id=${runId} AND tenant_id=${tenantId}`).catch(() => undefined);[39m
[31m+       await db.execute(sql`UPDATE trust_monitoring_state SET last_run_at=${completedAt},last_failure_at=${completedAt},consecutive_failures=consecutive_failures+1,status=CASE WHEN consecutive_failures+1 >= 5 THEN 'FAILED' ELSE 'DEGRADED' END,updated_at=${completedAt} WHERE tenant_id=${tenantId} AND passport_id=${passportId} AND provider=${provider}`).catch(() => undefined);[39m
[31m+       return next(error);[39m
[31m+     }[39m
[31m+   });[39m
[31m+[39m
[31m+   const findingsWithRemediationSelect = sql`[39m
[31m+     SELECT f.*, r.id AS remediation_id, r.status AS remediation_status, r.owner_id AS remediation_owner_id,[39m
[31m+            r.owner_display AS remediation_owner_display, r.sla_due_at AS remediation_sla_due_at, r.updated_at AS remediation_updated_at[39m
[31m+     FROM trust_findings f[39m
[31m+     LEFT JOIN LATERAL ([39m
[31m+       SELECT * FROM trust_remediation_work_items w[39m
[31m+       WHERE w.tenant_id = f.tenant_id AND w.finding_id = f.id[39m
[31m+       ORDER BY w.created_at DESC LIMIT 1[39m
[31m+     ) r ON true[39m
[31m+   `;[39m
[31m+   router.get('/findings', async (req: AuthenticatedRequest, res, next) => {[39m
[31m+     try {[39m
[31m+       const db = req.db!;[39m
[31m+       const tenantId = req.user!.tenantId;[39m
[31m+       const passportId = typeof req.query.passportId === 'string' ? req.query.passportId : null;[39m
[31m+       const rows = passportId[39m
[31m+         ? await db.execute(sql`${findingsWithRemediationSelect} WHERE f.tenant_id=${tenantId} AND f.passport_id=${passportId} ORDER BY CASE f.severity WHEN 'critical' THEN 1 WHEN 'high' THEN 2 WHEN 'medium' THEN 3 WHEN 'low' THEN 4 ELSE 5 END,f.updated_at DESC`)[39m
[31m+         : await db.execute(sql`${findingsWithRemediationSelect} WHERE f.tenant_id=${tenantId} ORDER BY f.updated_at DESC`);[39m
[31m+       return res.json({ findings: (rows as any).rows || [] });[39m
[31m+     } catch (error) { return next(error); }[39m
[31m+   });[39m
[31m+[39m
[31m+   router.post('/remediations', async (req: AuthenticatedRequest, res, next) => {[39m
[31m+     const parsed = remediationSchema.safeParse(req.body);[39m
[31m+     if (!parsed.success) return res.status(400).json({ error: 'INVALID_PAYLOAD', details: parsed.error.flatten() });[39m
[31m+     try {[39m
[31m+       const db = req.db!;[39m
[31m+       const p = parsed.data;[39m
[31m+       const tenantId = req.user!.tenantId;[39m
[31m+       const finding = (await db.execute(sql`SELECT id,client_id,passport_id,title,description FROM trust_findings WHERE id=${p.findingId} AND tenant_id=${tenantId} LIMIT 1`) as any).rows?.[0];[39m
[31m+       if (!finding) return res.status(404).json({ error: 'FINDING_NOT_FOUND' });[39m
[31m+       const now = new Date().toISOString();[39m
[31m+       const workId = id('remed');[39m
[31m+       await db.execute(sql`INSERT INTO trust_remediation_work_items (id,tenant_id,passport_id,finding_id,external_system,external_ticket_id,owner_id,owner_display,sla_due_at,status,remediation_plan,created_at,updated_at) VALUES (${workId},${tenantId},${finding.passport_id},${finding.id},${p.externalSystem},${p.externalTicketId ?? null},${p.assigneeId ?? null},${p.assigneeDisplay ?? null},${p.slaDueAt ?? null},'OPEN',${p.description || finding.description},${now},${now})`);[39m
[31m+       await db.execute(sql`INSERT INTO remediation_tasks (id,tenant_id,client_id,alert_id,title,description,priority,status,assignee_id,created_by,created_at,updated_at) VALUES (${workId},${tenantId},${finding.client_id},${finding.id},${p.title},${p.description || finding.description},${p.priority},'OPEN',${p.assigneeId ?? null},${req.user!.uid},${now},${now})`);[39m
[31m+       const created = (await db.execute(sql`SELECT * FROM trust_remediation_work_items WHERE id=${workId} AND tenant_id=${tenantId} LIMIT 1`) as any).rows?.[0];[39m
[31m+       return res.status(201).json({ ...created, title: p.title });[39m
[31m+     } catch (error) { return next(error); }[39m
[31m+   });[39m
[31m+[39m
[31m+   router.get('/remediations/:id', async (req: AuthenticatedRequest, res, next) => {[39m
[31m+     try {[39m
[31m+       const db = req.db!;[39m
[31m+       const tenantId = req.user!.tenantId;[39m
[31m+       const row = (await db.execute(sql`SELECT w.*, f.title AS finding_title FROM trust_remediation_work_items w JOIN trust_findings f ON f.id = w.finding_id AND f.tenant_id = w.tenant_id WHERE w.id=${req.params.id} AND w.tenant_id=${tenantId} LIMIT 1`) as any).rows?.[0];[39m
[31m+       if (!row) return res.status(404).json({ error: 'REMEDIATION_NOT_FOUND' });[39m
[31m+       return res.json({ ...row, title: row.finding_title });[39m
[31m+     } catch (error) { return next(error); }[39m
[31m+   });[39m
[31m+[39m
[31m+   router.post('/remediations/:id/verify-latest', async (req: AuthenticatedRequest, res, next) => {[39m
[31m+     try {[39m
[31m+       const db = req.db!;[39m
[31m+       const tenantId = req.user!.tenantId;[39m
[31m+       const work = (await db.execute(sql`SELECT id,finding_id,passport_id FROM trust_remediation_work_items WHERE id=${req.params.id} AND tenant_id=${tenantId} LIMIT 1`) as any).rows?.[0];[39m
[31m+       if (!work) return res.status(404).json({ error: 'REMEDIATION_NOT_FOUND' });[39m
[31m+       const latestObservation = (await db.execute(sql`SELECT id,evidence_ids FROM trust_observations WHERE tenant_id=${tenantId} AND passport_id=${work.passport_id} ORDER BY observation_version DESC LIMIT 1`) as any).rows?.[0];[39m
[31m+       if (!latestObservation) return res.status(409).json({ error: 'NO_OBSERVATION_ON_FILE', message: 'SPR has no recorded observation for this software yet. Collect evidence before verifying.' });[39m
[31m+       const evidenceIds: string[] = parseJson(latestObservation.evidence_ids, []) as string[];[39m
[31m+       const result = await verifyRemediation({ tenantId, findingId: work.finding_id, observationIds: [latestObservation.id], evidenceIds, actorId: req.user!.uid });[39m
[31m+       const now = new Date().toISOString();[39m
[31m+       await db.execute(sql`UPDATE trust_remediation_work_items SET status='VERIFIED',updated_at=${now},closed_at=${now} WHERE id=${work.id} AND tenant_id=${tenantId}`);[39m
[31m+       const row = (await db.execute(sql`SELECT * FROM trust_remediation_work_items WHERE id=${work.id} AND tenant_id=${tenantId} LIMIT 1`) as any).rows?.[0];[39m
[31m+       return res.json({ ...row, verification: result });[39m
[31m+     } catch (error: any) {[39m
[31m+       const message = error instanceof Error ? error.message : String(error);[39m
[31m+       if (/^VERIFICATION_|^FINDING_NOT_FOUND$/.test(message)) return res.status(409).json({ error: message });[39m
[31m+       return next(error);[39m
[31m+     }[39m
[31m+   });[39m
[31m+[39m
[31m+   router.patch('/remediations/:id', async (req: AuthenticatedRequest, res, next) => {[39m
[31m+     const parsed = remediationUpdateSchema.safeParse(req.body);[39m
[31m+     if (!parsed.success) return res.status(400).json({ error: 'INVALID_PAYLOAD', details: parsed.error.flatten() });[39m
[31m+     try {[39m
[31m+       const db = req.db!;[39m
[31m+       const tenantId = req.user!.tenantId;[39m
[31m+       const p = parsed.data;[39m
[31m+       const now = new Date().toISOString();[39m
[31m+       const rows = await db.execute(sql`UPDATE trust_remediation_work_items SET status=${p.status},owner_id=COALESCE(${p.ownerId ?? null},owner_id),owner_display=COALESCE(${p.ownerDisplay ?? null},owner_display),sla_due_at=CASE WHEN ${p.slaDueAt === undefined} THEN sla_due_at ELSE ${p.slaDueAt} END,updated_at=${now},closed_at=CASE WHEN ${p.status} IN ('CLOSED','VERIFIED') THEN ${now} ELSE closed_at END WHERE id=${req.params.id} AND tenant_id=${tenantId} RETURNING *`);[39m
[31m+       const row = (rows as any).rows?.[0];[39m
[31m+       if (!row) return res.status(404).json({ error: 'REMEDIATION_NOT_FOUND' });[39m
[31m+       return res.json(row);[39m
[31m+     } catch (error) { return next(error); }[39m
[31m+   });[39m
[31m+[39m
[31m+   router.post('/verify', async (req: AuthenticatedRequest, res, next) => {[39m
[31m+     const parsed = verifySchema.safeParse(req.body);[39m
[31m+     if (!parsed.success) return res.status(400).json({ error: 'INVALID_PAYLOAD', details: parsed.error.flatten() });[39m
[31m+     try {[39m
[31m+       const db = req.db!;[39m
[31m+       const result = await verifyRemediation({ ...parsed.data, tenantId: req.user!.tenantId, actorId: req.user!.uid });[39m
[31m+       await db.execute(sql`UPDATE trust_remediation_work_items SET status='VERIFIED',updated_at=${new Date().toISOString()},closed_at=${new Date().toISOString()} WHERE tenant_id=${req.user!.tenantId} AND finding_id=${parsed.data.findingId}`);[39m
[31m+       return res.json(result);[39m
[31m+     } catch (error) { return next(error); }[39m
[31m+   });[39m
[31m+[39m
[31m+   router.get('/monitoring', async (req: AuthenticatedRequest, res, next) => {[39m
[31m+     try {[39m
[31m+       const db = req.db!;[39m
[31m+       const tenantId = req.user!.tenantId;[39m
[31m+       const passportId = typeof req.query.passportId === 'string' ? req.query.passportId : null;[39m
[31m+       const rows = passportId ? await db.execute(sql`SELECT * FROM trust_monitoring_state WHERE tenant_id=${tenantId} AND passport_id=${passportId} ORDER BY provider`) : await db.execute(sql`SELECT * FROM trust_monitoring_state WHERE tenant_id=${tenantId} ORDER BY passport_id,provider`);[39m
[31m+       const alerts = passportId ? await db.execute(sql`SELECT * FROM trust_alerts WHERE tenant_id=${tenantId} AND passport_id=${passportId} ORDER BY created_at DESC`) : await db.execute(sql`SELECT * FROM trust_alerts WHERE tenant_id=${tenantId} ORDER BY created_at DESC`);[39m
[31m+       return res.json({ monitoring: (rows as any).rows || [], alerts: (alerts as any).rows || [] });[39m
[31m+     } catch (error) { return next(error); }[39m
[31m+   });[39m
[31m+[39m
[31m+   router.get('/ledger/:passportId', async (req: AuthenticatedRequest, res, next) => {[39m
[31m+     try {[39m
[31m+       const db = req.db!;[39m
[31m+       const tenantId = req.user!.tenantId;[39m
[31m+       const passportId = req.params.passportId;[39m
[31m+       const scope = await db.execute(sql`SELECT id FROM passports WHERE id=${passportId} AND tenant_id=${tenantId} LIMIT 1`);[39m
[31m+       if (!(scope as any).rows?.length) return res.status(404).json({ error: 'PASSPORT_NOT_FOUND' });[39m
[31m+       const observations = await db.execute(sql`SELECT id,observation_version,generated_at,previous_observation_id,evidence_ids,finding_ids,canonical_payload_hash,completeness_basis_points,open_finding_count,unknown_dimension_count FROM trust_observations WHERE tenant_id=${tenantId} AND passport_id=${passportId} ORDER BY observation_version DESC`);[39m
[31m+       const evidence = await db.execute(sql`SELECT id,provider,control_id,subject,source_url,observed_at,verification_method,status,severity,evidence_hash,limitation FROM evidence_ledger WHERE tenant_id=${tenantId} AND passport_id=${passportId} ORDER BY observed_at DESC`);[39m
[31m+       const findings = await db.execute(sql`SELECT id,control_id,title,severity,status,evidence_ids,fingerprint,updated_at,resolved_at FROM trust_findings WHERE tenant_id=${tenantId} AND passport_id=${passportId} ORDER BY updated_at DESC`);[39m
[31m+       const remediation = await db.execute(sql`SELECT * FROM trust_remediation_work_items WHERE tenant_id=${tenantId} AND passport_id=${passportId} ORDER BY updated_at DESC`);[39m
[31m+       const verification = await db.execute(sql`SELECT * FROM remediation_verification_ledger WHERE tenant_id=${tenantId} AND finding_id IN (SELECT id FROM trust_findings WHERE tenant_id=${tenantId} AND passport_id=${passportId}) ORDER BY created_at DESC`);[39m
[31m+       return res.json({ observations: (observations as any).rows || [], findings: (findings as any).rows || [], evidence: (evidence as any).rows || [], remediation: (remediation as any).rows || [], verification: (verification as any).rows || [], trace: 'Report -> Passport -> Risk -> Finding -> Observation -> Provider -> Source -> Timestamp -> Hash' });[39m
[31m+     } catch (error) { return next(error); }[39m
[31m+   });[39m
[31m+[39m
[31m+   router.get('/reports/:passportId/history', async (req: AuthenticatedRequest, res, next) => {[39m
[31m+     try {[39m
[31m+       const db = req.db!;[39m
[31m+       const tenantId = req.user!.tenantId;[39m
[31m+       const passportId = req.params.passportId;[39m
[31m+       const typeFilter = typeof req.query.type === 'string' ? reportTypes.safeParse(req.query.type) : null;[39m
[31m+       if (typeFilter && !typeFilter.success) return res.status(400).json({ error: 'INVALID_REPORT_TYPE' });[39m
[31m+       const rows = typeFilter?.success[39m
[31m+         ? await db.execute(sql`SELECT id,report_type,generated_at,score,confidence_basis_points,completeness_basis_points,canonical_payload_hash FROM trust_report_snapshots WHERE tenant_id=${tenantId} AND passport_id=${passportId} AND report_type=${typeFilter.data} ORDER BY generated_at DESC LIMIT 50`)[39m
[31m+         : await db.execute(sql`SELECT id,report_type,generated_at,score,confidence_basis_points,completeness_basis_points,canonical_payload_hash FROM trust_report_snapshots WHERE tenant_id=${tenantId} AND passport_id=${passportId} ORDER BY generated_at DESC LIMIT 50`);[39m
[31m+       return res.json({ snapshots: (rows as any).rows || [] });[39m
[31m+     } catch (error) { return next(error); }[39m
[31m+   });[39m
[31m+[39m
[31m+   router.get('/reports/:passportId/history/:snapshotId', async (req: AuthenticatedRequest, res, next) => {[39m
[31m+     try {[39m
[31m+       const db = req.db!;[39m
[31m+       const tenantId = req.user!.tenantId;[39m
[31m+       const row = (await db.execute(sql`SELECT payload,canonical_payload_hash,generated_at,report_type FROM trust_report_snapshots WHERE id=${req.params.snapshotId} AND tenant_id=${tenantId} AND passport_id=${req.params.passportId} LIMIT 1`) as any).rows?.[0];[39m
[31m+       if (!row) return res.status(404).json({ error: 'REPORT_SNAPSHOT_NOT_FOUND' });[39m
[31m+       const payload = parseJson(row.payload, {});[39m
[31m+       return res.json({ ...(payload as object), reportHash: row.canonical_payload_hash });[39m
[31m+     } catch (error) { return next(error); }[39m
[31m+   });[39m
[31m+[39m
[31m+   router.get('/reports/:passportId', async (req: AuthenticatedRequest, res, next) => {[39m
[31m+     try {[39m
[31m+       const parsed = reportTypes.safeParse(req.query.type || 'executive');[39m
[31m+       if (!parsed.success) return res.status(400).json({ error: 'INVALID_REPORT_TYPE' });[39m
[31m+       const report = await buildAndPersistReport(req.db!, req.user!.tenantId, String(req.params.passportId), parsed.data);[39m
[31m+       if (!report) return res.status(404).json({ error: 'PASSPORT_NOT_FOUND' });[39m
[31m+       return res.json(report);[39m
[31m+     } catch (error) { return next(error); }[39m
[31m+   });[39m
[31m+[39m
[31m+   return router;[39m
[31m+ }[39m
[31m+[39m
[31m+ export async function buildAndPersistReport(db: any, tenantId: string, passportId: string, reportType: string) {[39m
[31m+   const passport = (await db.execute(sql`SELECT id,name,overall_score,security_score,compliance_score,verification_status,confidence_score,evidence_completeness,sbom,evidence,vulnerabilities,timeline FROM passports WHERE id=${passportId} AND tenant_id=${tenantId} LIMIT 1`) as any).rows?.[0];[39m
[31m+   if (!passport) return null;[39m
[31m+   const findings = (await db.execute(sql`SELECT id,control_id,title,severity,status,description,remediation,evidence_ids,updated_at,resolved_at FROM trust_findings WHERE tenant_id=${tenantId} AND passport_id=${passportId} ORDER BY CASE severity WHEN 'critical' THEN 1 WHEN 'high' THEN 2 WHEN 'medium' THEN 3 WHEN 'low' THEN 4 ELSE 5 END,updated_at DESC`) as any).rows || [];[39m
[31m+   const evidence = (await db.execute(sql`SELECT id,provider,control_id,subject,source_url,observed_at,verification_method,status,severity,evidence_hash,limitation FROM evidence_ledger WHERE tenant_id=${tenantId} AND passport_id=${passportId} ORDER BY observed_at DESC`) as any).rows || [];[39m
[31m+   const observations = (await db.execute(sql`SELECT id,observation_version,generated_at,previous_observation_id,evidence_ids,finding_ids,canonical_payload_hash,completeness_basis_points,confidence_basis_points,open_finding_count,unknown_dimension_count FROM trust_observations WHERE tenant_id=${tenantId} AND passport_id=${passportId} ORDER BY observation_version DESC`) as any).rows || [];[39m
[31m+   const remediation = (await db.execute(sql`SELECT * FROM trust_remediation_work_items WHERE tenant_id=${tenantId} AND passport_id=${passportId} ORDER BY updated_at DESC`) as any).rows || [];[39m
[31m+   const verification = (await db.execute(sql`SELECT * FROM remediation_verification_ledger WHERE tenant_id=${tenantId} AND finding_id IN (SELECT id FROM trust_findings WHERE tenant_id=${tenantId} AND passport_id=${passportId}) ORDER BY created_at DESC`) as any).rows || [];[39m
[31m+   const latest = observations[0];[39m
[31m+   const risk = deriveReportRiskFields(passport as ReportPassportRow);[39m
[31m+   const report = {[39m
[31m+     schemaVersion: 'spr.report.v2', reportType, generatedAt: new Date().toISOString(), passport: { id: passport.id, name: passport.name },[39m
[31m+     risk: { overall: risk.canonicalScore, security: passport.security_score, compliance: passport.compliance_score, verificationStatus: risk.verificationStatus },[39m
[31m+     evidenceQuality: { completenessBasisPoints: risk.completenessBasisPoints, confidenceBasisPoints: risk.confidenceBasisPoints, unknownDimensions: latest?.unknown_dimension_count ?? 0, latestObservationAt: latest?.generated_at ?? null },[39m
[31m+     findings, evidence, observations, remediation, verification,[39m
[31m+     traceability: 'Report -> Passport -> Risk -> Finding -> Observation -> Provider -> Source -> Timestamp -> Hash',[39m
[31m+     resolutionTraceability: 'Finding -> remediation -> new observation -> independent verification',[39m
[31m+     limitations: evidence.filter((item: any) => item.limitation).map((item: any) => ({ evidenceId: item.id, limitation: item.limitation })),[39m
[31m+     ...buildReportTypeExtras(reportType, passport, findings),[39m
[31m+   };[39m
[31m+   const canonicalPayload = JSON.stringify(report);[39m
[31m+   const reportHash = crypto.createHash('sha256').update(canonicalPayload).digest('hex');[39m
[31m+   await db.execute(sql`INSERT INTO trust_report_snapshots (id,tenant_id,passport_id,report_type,generated_at,score,confidence_basis_points,completeness_basis_points,evidence_ids,finding_ids,observation_id,canonical_payload_hash,payload,created_at) VALUES (${id('report')},${tenantId},${passportId},${reportType},${report.generatedAt},${risk.canonicalScore},${risk.confidenceBasisPoints},${risk.completenessBasisPoints},${JSON.stringify(evidence.map((item: any) => item.id))},${JSON.stringify(findings.map((item: any) => item.id))},${latest?.id ?? null},${reportHash},${canonicalPayload},${report.generatedAt}) ON CONFLICT (tenant_id,passport_id,report_type,canonical_payload_hash) DO NOTHING`);[39m
[31m+   return { ...report, reportHash };[39m
[31m+ }[39m
[31m+[39m

[36m [2m❯[22m tests/monitoring-contract.test.ts:[2m51:15[22m[39m
    [90m 49| [39m  it('exposes an alert lifecycle transition restricted to non-Client r…
    [90m 50| [39m    [35mconst[39m s [33m=[39m [34msource[39m()[33m;[39m
    [90m 51| [39m    [34mexpect[39m(s)[33m.[39m[34mtoContain[39m([32m"router.patch('/alerts/:id'"[39m)[33m;[39m
    [90m   | [39m              [31m^[39m
    [90m 52| [39m    expect(s).toContain("z.enum(['ACKNOWLEDGED', 'RESOLVED', 'SUPPRESS…
    [90m 53| [39m  })[33m;[39m

[31m[2m⎯⎯⎯⎯⎯⎯⎯⎯⎯⎯⎯⎯⎯⎯⎯⎯⎯⎯⎯⎯⎯[55/141]⎯[22m[39m

[41m[1m FAIL [22m[49m tests/monitoring-contract.test.ts[2m > [22mmonitoring enrollment UI[2m > [22maccepts the tenant's real clients and passports instead of inventing its own list
[31m[1mAssertionError[22m: expected 'import { useEffect, useState } from \…' to contain 'passports = [], clients = []'[39m

[32m- Expected[39m
[31m+ Received[39m

[32m- passports = [], clients = [][39m
[31m+ import { useEffect, useState } from 'react';[39m
[31m+ import { Activity, AlertCircle, CheckCircle2, Clock3, Play, RefreshCw, XCircle } from 'lucide-react';[39m
[31m+ import { apiFetch } from '../utils/apiClient';[39m
[31m+[39m
[31m+ type Configuration = { id: string; clientId: string; collectorId: string; subjectIdentifier: string; enabled: boolean; lastStatus: string; lastObservedAt?: string | null; nextScheduledAt: string; };[39m
[31m+ type CollectorJob = { id: string; monitoringConfigurationId: string; collectorId: string; state: string; createdAt: string; completedAt?: string | null; };[39m
[31m+[39m
[31m+ const readable = (value?: string | null) => value ? new Date(value).toLocaleString() : 'Not yet observed';[39m
[31m+[39m
[31m+ export default function MonitoringView({ role = 'Viewer' }: { role?: string }) {[39m
[31m+   const canRun = role === 'Owner' || role === 'Admin' || role === 'Technician';[39m
[31m+   const [configurations, setConfigurations] = useState<Configuration[]>([]);[39m
[31m+   const [jobs, setJobs] = useState<CollectorJob[]>([]);[39m
[31m+   const [loading, setLoading] = useState(true);[39m
[31m+   const [error, setError] = useState<string | null>(null);[39m
[31m+   const [running, setRunning] = useState<string | null>(null);[39m
[31m+[39m
[31m+   const load = async () => {[39m
[31m+     setLoading(true); setError(null);[39m
[31m+     try {[39m
[31m+       const [configResponse, jobsResponse] = await Promise.all([apiFetch('/api/monitoring/monitoring-configurations'), apiFetch('/api/monitoring/collector-jobs')]);[39m
[31m+       if (!configResponse.ok) {[39m
[31m+         const body = await configResponse.json().catch(() => ({}));[39m
[31m+         throw new Error(body?.error?.message || body?.error || 'Monitoring data could not be loaded.');[39m
[31m+       }[39m
[31m+       setConfigurations(await configResponse.json());[39m
[31m+       if (jobsResponse.ok) setJobs(await jobsResponse.json());[39m
[31m+     } catch (cause: any) { setError(cause?.message || 'Monitoring data could not be loaded.'); }[39m
[31m+     finally { setLoading(false); }[39m
[31m+   };[39m
[31m+   useEffect(() => { void load(); }, []);[39m
[31m+   const run = async (id: string) => {[39m
[31m+     setRunning(id); setError(null);[39m
[31m+     try {[39m
[31m+       const response = await apiFetch(`/api/monitoring/monitoring-configurations/${id}/run`, { method: 'POST' });[39m
[31m+       if (!response.ok) { const body = await response.json().catch(() => ({})); throw new Error(body?.error || 'SPR could not queue this verification.'); }[39m
[31m+       await load();[39m
[31m+     } catch (cause: any) { setError(cause?.message || 'SPR could not queue this verification.'); }[39m
[31m+     finally { setRunning(null); }[39m
[31m+   };[39m
[31m+   const latest = (id: string) => jobs.find(job => job.monitoringConfigurationId === id);[39m
[31m+[39m
[31m+   return ([39m
[31m+     <section className="space-y-4" id="monitoring-workspace">[39m
[31m+       <div className="flex items-center justify-between gap-4">[39m
[31m+         <div>[39m
[31m+           <h1 className="text-[22px] font-semibold text-[#201f1e]">Continuous verification</h1>[39m
[31m+           <p className="mt-1 text-[13px] text-[#605e5c]">Monitoring queues configured server-side collectors. A queued run is not a completed or verified result.</p>[39m
[31m+         </div>[39m
[31m+         <button onClick={() => void load()} disabled={loading} className="inline-flex h-9 shrink-0 items-center justify-center gap-2 rounded border border-[#c8c6c4] px-3 text-[13px] font-medium text-[#323130] hover:bg-black/[.03] disabled:opacity-50">[39m
[31m+           <RefreshCw className={`h-3.5 w-3.5 ${loading ? 'animate-spin' : ''}`} />Refresh[39m
[31m+         </button>[39m
[31m+       </div>[39m
[31m+[39m
[31m+       <details className="rounded-md border border-[#e1dfdd] bg-[#faf9f8] text-[13px]">[39m
[31m+         <summary className="cursor-pointer select-none px-3 py-2 font-medium text-[#323130]">ⓘ What is this? · How it works</summary>[39m
[31m+         <div className="px-3 pb-3 text-[#605e5c]">[39m
[31m+           <p>Each row is a server-side collector configured to watch a subject. Re-verifying queues a fresh check; it does not itself guarantee an updated result.</p>[39m
[31m+           <ol className="mt-1.5 list-decimal space-y-0.5 pl-4">[39m
[31m+             <li>Review last observed and last run status for each configured source.</li>[39m
[31m+             <li>Select re-verify to queue a new check (requires Owner, Admin or Technician).</li>[39m
[31m+             <li>An administrator must configure a source before this tenant has any monitoring coverage.</li>[39m
[31m+           </ol>[39m
[31m+         </div>[39m
[31m+       </details>[39m
[31m+[39m
[31m+       {error && ([39m
[31m+         <div role="alert" className="flex gap-3 rounded-md border border-[#f3d6d8] bg-[#fdf2f2] p-3 text-[13px] text-[#a4262c]">[39m
[31m+           <AlertCircle className="h-4 w-4 shrink-0" />[39m
[31m+           <div><p className="font-semibold">Verification unavailable</p><p className="mt-1">{error}</p></div>[39m
[31m+         </div>[39m
[31m+       )}[39m
[31m+[39m
[31m+       {loading ? ([39m
[31m+         <div className="rounded-md border border-[#e1dfdd] bg-white p-4">[39m
[31m+           <div className="space-y-2">{[1, 2].map(item => <div key={item} className="h-10 animate-pulse rounded bg-[#f3f2f1]" />)}</div>[39m
[31m+         </div>[39m
[31m+       ) : configurations.length ? ([39m
[31m+         <div className="overflow-x-auto rounded-md border border-[#e1dfdd] bg-white">[39m
[31m+           <table className="w-full min-w-[760px] border-collapse text-left">[39m
[31m+             <thead>[39m
[31m+               <tr className="border-b border-[#e1dfdd] text-[11px] uppercase tracking-wide text-[#605e5c]">[39m
[31m+                 <th className="px-4 py-2.5 font-medium">Collector / subject</th>[39m
[31m+                 <th className="px-4 py-2.5 font-medium">Status</th>[39m
[31m+                 <th className="px-4 py-2.5 font-medium">Last observed</th>[39m
[31m+                 <th className="px-4 py-2.5 font-medium">Last run</th>[39m
[31m+                 <th className="px-4 py-2.5 font-medium">Next check</th>[39m
[31m+                 <th className="px-4 py-2.5 font-medium"></th>[39m
[31m+               </tr>[39m
[31m+             </thead>[39m
[31m+             <tbody>[39m
[31m+               {configurations.map(config => {[39m
[31m+                 const job = latest(config.id);[39m
[31m+                 return ([39m
[31m+                   <tr key={config.id} className="border-b border-[#f3f2f1] text-[13px]">[39m
[31m+                     <td className="px-4 py-2.5">[39m
[31m+                       <div className="text-[11px] uppercase tracking-wide text-[#8a8886]">{config.collectorId.replace('_', ' ')} collector</div>[39m
[31m+                       <div className="mt-0.5 break-all font-medium text-[#201f1e]">{config.subjectIdentifier}</div>[39m
[31m+                     </td>[39m
[31m+                     <td className="px-4 py-2.5">[39m
[31m+                       <span className="inline-flex items-center gap-1.5">[39m
[31m+                         <span className={`h-1.5 w-1.5 rounded-full ${config.enabled ? 'bg-[#0e700e]' : 'bg-[#8a8886]'}`} />[39m
[31m+                         {config.enabled ? 'Watching' : 'Paused'}[39m
[31m+                       </span>[39m
[31m+                     </td>[39m
[31m+                     <td className="px-4 py-2.5 text-[#605e5c]"><span className="inline-flex items-center gap-1.5"><Clock3 className="h-3.5 w-3.5 text-[#8a8886]" />{readable(config.lastObservedAt)}</span></td>[39m
[31m+                     <td className="px-4 py-2.5 text-[#605e5c]"><span className="inline-flex items-center gap-1.5"><Activity className="h-3.5 w-3.5 text-[#8a8886]" />{job ? `${job.state} · ${readable(job.completedAt || job.createdAt)}` : 'No run recorded'}</span></td>[39m
[31m+                     <td className="px-4 py-2.5 text-[#605e5c]"><span className="inline-flex items-center gap-1.5"><CheckCircle2 className="h-3.5 w-3.5 text-[#8a8886]" />{readable(config.nextScheduledAt)}</span></td>[39m
[31m+                     <td className="px-4 py-2.5 text-right">[39m
[31m+                       <button[39m
[31m+                         onClick={() => void run(config.id)}[39m
[31m+                         disabled={!canRun || !config.enabled || running === config.id}[39m
[31m+                         title={!canRun ? `Your ${role} role cannot run verifications.` : undefined}[39m
[31m+                         className="inline-flex h-8 items-center gap-1.5 rounded bg-[#0f6cbd] px-3 text-[12px] font-medium text-white hover:bg-[#004578] disabled:cursor-not-allowed disabled:opacity-50"[39m
[31m+                       >[39m
[31m+                         <Play className="h-3.5 w-3.5" />{running === config.id ? 'Queueing…' : 'Re-verify'}[39m
[31m+                       </button>[39m
[31m+                     </td>[39m
[31m+                   </tr>[39m
[31m+                 );[39m
[31m+               })}[39m
[31m+             </tbody>[39m
[31m+           </table>[39m
[31m+         </div>[39m
[31m+       ) : ([39m
[31m+         <div className="rounded-md border border-[#e1dfdd] bg-white px-6 py-10 text-center">[39m
[31m+           <XCircle className="mx-auto h-6 w-6 text-[#c8c6c4]" />[39m
[31m+           <h2 className="mt-2 text-[13px] font-semibold text-[#201f1e]">No verification sources configured</h2>[39m
[31m+           <p className="mx-auto mt-1 max-w-md text-[12px] leading-5 text-[#605e5c]">SPR cannot claim continuous coverage until an administrator configures a monitored source for this tenant.</p>[39m
[31m+         </div>[39m
[31m+       )}[39m
[31m+     </section>[39m
[31m+   );[39m
[31m+ }[39m
[31m+[39m

[36m [2m❯[22m tests/monitoring-contract.test.ts:[2m112:15[22m[39m
    [90m110| [39m  it('accepts the tenant\'s real clients and passports instead of inve…
    [90m111| [39m    [35mconst[39m s [33m=[39m [34msource[39m()[33m;[39m
    [90m112| [39m    [34mexpect[39m(s)[33m.[39m[34mtoContain[39m([32m'passports = [], clients = []'[39m)[33m;[39m
    [90m   | [39m              [31m^[39m
    [90m113| [39m  })[33m;[39m
    [90m114| [39m

[31m[2m⎯⎯⎯⎯⎯⎯⎯⎯⎯⎯⎯⎯⎯⎯⎯⎯⎯⎯⎯⎯⎯[56/141]⎯[22m[39m

[41m[1m FAIL [22m[49m tests/monitoring-contract.test.ts[2m > [22mmonitoring enrollment UI[2m > [22mis restricted to Owner/Admin, matching the backend requireRole('Admin') on the create route
[31m[1mAssertionError[22m: expected 'import { useEffect, useState } from \…' to contain 'const canEnroll = role === \'Owner\' …'[39m

[32m- Expected[39m
[31m+ Received[39m

[32m- const canEnroll = role === 'Owner' || role === 'Admin';[39m
[31m+ import { useEffect, useState } from 'react';[39m
[31m+ import { Activity, AlertCircle, CheckCircle2, Clock3, Play, RefreshCw, XCircle } from 'lucide-react';[39m
[31m+ import { apiFetch } from '../utils/apiClient';[39m
[31m+[39m
[31m+ type Configuration = { id: string; clientId: string; collectorId: string; subjectIdentifier: string; enabled: boolean; lastStatus: string; lastObservedAt?: string | null; nextScheduledAt: string; };[39m
[31m+ type CollectorJob = { id: string; monitoringConfigurationId: string; collectorId: string; state: string; createdAt: string; completedAt?: string | null; };[39m
[31m+[39m
[31m+ const readable = (value?: string | null) => value ? new Date(value).toLocaleString() : 'Not yet observed';[39m
[31m+[39m
[31m+ export default function MonitoringView({ role = 'Viewer' }: { role?: string }) {[39m
[31m+   const canRun = role === 'Owner' || role === 'Admin' || role === 'Technician';[39m
[31m+   const [configurations, setConfigurations] = useState<Configuration[]>([]);[39m
[31m+   const [jobs, setJobs] = useState<CollectorJob[]>([]);[39m
[31m+   const [loading, setLoading] = useState(true);[39m
[31m+   const [error, setError] = useState<string | null>(null);[39m
[31m+   const [running, setRunning] = useState<string | null>(null);[39m
[31m+[39m
[31m+   const load = async () => {[39m
[31m+     setLoading(true); setError(null);[39m
[31m+     try {[39m
[31m+       const [configResponse, jobsResponse] = await Promise.all([apiFetch('/api/monitoring/monitoring-configurations'), apiFetch('/api/monitoring/collector-jobs')]);[39m
[31m+       if (!configResponse.ok) {[39m
[31m+         const body = await configResponse.json().catch(() => ({}));[39m
[31m+         throw new Error(body?.error?.message || body?.error || 'Monitoring data could not be loaded.');[39m
[31m+       }[39m
[31m+       setConfigurations(await configResponse.json());[39m
[31m+       if (jobsResponse.ok) setJobs(await jobsResponse.json());[39m
[31m+     } catch (cause: any) { setError(cause?.message || 'Monitoring data could not be loaded.'); }[39m
[31m+     finally { setLoading(false); }[39m
[31m+   };[39m
[31m+   useEffect(() => { void load(); }, []);[39m
[31m+   const run = async (id: string) => {[39m
[31m+     setRunning(id); setError(null);[39m
[31m+     try {[39m
[31m+       const response = await apiFetch(`/api/monitoring/monitoring-configurations/${id}/run`, { method: 'POST' });[39m
[31m+       if (!response.ok) { const body = await response.json().catch(() => ({})); throw new Error(body?.error || 'SPR could not queue this verification.'); }[39m
[31m+       await load();[39m
[31m+     } catch (cause: any) { setError(cause?.message || 'SPR could not queue this verification.'); }[39m
[31m+     finally { setRunning(null); }[39m
[31m+   };[39m
[31m+   const latest = (id: string) => jobs.find(job => job.monitoringConfigurationId === id);[39m
[31m+[39m
[31m+   return ([39m
[31m+     <section className="space-y-4" id="monitoring-workspace">[39m
[31m+       <div className="flex items-center justify-between gap-4">[39m
[31m+         <div>[39m
[31m+           <h1 className="text-[22px] font-semibold text-[#201f1e]">Continuous verification</h1>[39m
[31m+           <p className="mt-1 text-[13px] text-[#605e5c]">Monitoring queues configured server-side collectors. A queued run is not a completed or verified result.</p>[39m
[31m+         </div>[39m
[31m+         <button onClick={() => void load()} disabled={loading} className="inline-flex h-9 shrink-0 items-center justify-center gap-2 rounded border border-[#c8c6c4] px-3 text-[13px] font-medium text-[#323130] hover:bg-black/[.03] disabled:opacity-50">[39m
[31m+           <RefreshCw className={`h-3.5 w-3.5 ${loading ? 'animate-spin' : ''}`} />Refresh[39m
[31m+         </button>[39m
[31m+       </div>[39m
[31m+[39m
[31m+       <details className="rounded-md border border-[#e1dfdd] bg-[#faf9f8] text-[13px]">[39m
[31m+         <summary className="cursor-pointer select-none px-3 py-2 font-medium text-[#323130]">ⓘ What is this? · How it works</summary>[39m
[31m+         <div className="px-3 pb-3 text-[#605e5c]">[39m
[31m+           <p>Each row is a server-side collector configured to watch a subject. Re-verifying queues a fresh check; it does not itself guarantee an updated result.</p>[39m
[31m+           <ol className="mt-1.5 list-decimal space-y-0.5 pl-4">[39m
[31m+             <li>Review last observed and last run status for each configured source.</li>[39m
[31m+             <li>Select re-verify to queue a new check (requires Owner, Admin or Technician).</li>[39m
[31m+             <li>An administrator must configure a source before this tenant has any monitoring coverage.</li>[39m
[31m+           </ol>[39m
[31m+         </div>[39m
[31m+       </details>[39m
[31m+[39m
[31m+       {error && ([39m
[31m+         <div role="alert" className="flex gap-3 rounded-md border border-[#f3d6d8] bg-[#fdf2f2] p-3 text-[13px] text-[#a4262c]">[39m
[31m+           <AlertCircle className="h-4 w-4 shrink-0" />[39m
[31m+           <div><p className="font-semibold">Verification unavailable</p><p className="mt-1">{error}</p></div>[39m
[31m+         </div>[39m
[31m+       )}[39m
[31m+[39m
[31m+       {loading ? ([39m
[31m+         <div className="rounded-md border border-[#e1dfdd] bg-white p-4">[39m
[31m+           <div className="space-y-2">{[1, 2].map(item => <div key={item} className="h-10 animate-pulse rounded bg-[#f3f2f1]" />)}</div>[39m
[31m+         </div>[39m
[31m+       ) : configurations.length ? ([39m
[31m+         <div className="overflow-x-auto rounded-md border border-[#e1dfdd] bg-white">[39m
[31m+           <table className="w-full min-w-[760px] border-collapse text-left">[39m
[31m+             <thead>[39m
[31m+               <tr className="border-b border-[#e1dfdd] text-[11px] uppercase tracking-wide text-[#605e5c]">[39m
[31m+                 <th className="px-4 py-2.5 font-medium">Collector / subject</th>[39m
[31m+                 <th className="px-4 py-2.5 font-medium">Status</th>[39m
[31m+                 <th className="px-4 py-2.5 font-medium">Last observed</th>[39m
[31m+                 <th className="px-4 py-2.5 font-medium">Last run</th>[39m
[31m+                 <th className="px-4 py-2.5 font-medium">Next check</th>[39m
[31m+                 <th className="px-4 py-2.5 font-medium"></th>[39m
[31m+               </tr>[39m
[31m+             </thead>[39m
[31m+             <tbody>[39m
[31m+               {configurations.map(config => {[39m
[31m+                 const job = latest(config.id);[39m
[31m+                 return ([39m
[31m+                   <tr key={config.id} className="border-b border-[#f3f2f1] text-[13px]">[39m
[31m+                     <td className="px-4 py-2.5">[39m
[31m+                       <div className="text-[11px] uppercase tracking-wide text-[#8a8886]">{config.collectorId.replace('_', ' ')} collector</div>[39m
[31m+                       <div className="mt-0.5 break-all font-medium text-[#201f1e]">{config.subjectIdentifier}</div>[39m
[31m+                     </td>[39m
[31m+                     <td className="px-4 py-2.5">[39m
[31m+                       <span className="inline-flex items-center gap-1.5">[39m
[31m+                         <span className={`h-1.5 w-1.5 rounded-full ${config.enabled ? 'bg-[#0e700e]' : 'bg-[#8a8886]'}`} />[39m
[31m+                         {config.enabled ? 'Watching' : 'Paused'}[39m
[31m+                       </span>[39m
[31m+                     </td>[39m
[31m+                     <td className="px-4 py-2.5 text-[#605e5c]"><span className="inline-flex items-center gap-1.5"><Clock3 className="h-3.5 w-3.5 text-[#8a8886]" />{readable(config.lastObservedAt)}</span></td>[39m
[31m+                     <td className="px-4 py-2.5 text-[#605e5c]"><span className="inline-flex items-center gap-1.5"><Activity className="h-3.5 w-3.5 text-[#8a8886]" />{job ? `${job.state} · ${readable(job.completedAt || job.createdAt)}` : 'No run recorded'}</span></td>[39m
[31m+                     <td className="px-4 py-2.5 text-[#605e5c]"><span className="inline-flex items-center gap-1.5"><CheckCircle2 className="h-3.5 w-3.5 text-[#8a8886]" />{readable(config.nextScheduledAt)}</span></td>[39m
[31m+                     <td className="px-4 py-2.5 text-right">[39m
[31m+                       <button[39m
[31m+                         onClick={() => void run(config.id)}[39m
[31m+                         disabled={!canRun || !config.enabled || running === config.id}[39m
[31m+                         title={!canRun ? `Your ${role} role cannot run verifications.` : undefined}[39m
[31m+                         className="inline-flex h-8 items-center gap-1.5 rounded bg-[#0f6cbd] px-3 text-[12px] font-medium text-white hover:bg-[#004578] disabled:cursor-not-allowed disabled:opacity-50"[39m
[31m+                       >[39m
[31m+                         <Play className="h-3.5 w-3.5" />{running === config.id ? 'Queueing…' : 'Re-verify'}[39m
[31m+                       </button>[39m
[31m+                     </td>[39m
[31m+                   </tr>[39m
[31m+                 );[39m
[31m+               })}[39m
[31m+             </tbody>[39m
[31m+           </table>[39m
[31m+         </div>[39m
[31m+       ) : ([39m
[31m+         <div className="rounded-md border border-[#e1dfdd] bg-white px-6 py-10 text-center">[39m
[31m+           <XCircle className="mx-auto h-6 w-6 text-[#c8c6c4]" />[39m
[31m+           <h2 className="mt-2 text-[13px] font-semibold text-[#201f1e]">No verification sources configured</h2>[39m
[31m+           <p className="mx-auto mt-1 max-w-md text-[12px] leading-5 text-[#605e5c]">SPR cannot claim continuous coverage until an administrator configures a monitored source for this tenant.</p>[39m
[31m+         </div>[39m
[31m+       )}[39m
[31m+     </section>[39m
[31m+   );[39m
[31m+ }[39m
[31m+[39m

[36m [2m❯[22m tests/monitoring-contract.test.ts:[2m117:15[22m[39m
    [90m115| [39m  it('is restricted to Owner/Admin, matching the backend requireRole(\…
    [90m116| [39m    [35mconst[39m s [33m=[39m [34msource[39m()[33m;[39m
    [90m117| [39m    expect(s).toContain("const canEnroll = role === 'Owner' || role ==…
    [90m   | [39m              [31m^[39m
    [90m118| [39m  })[33m;[39m
    [90m119| [39m

[31m[2m⎯⎯⎯⎯⎯⎯⎯⎯⎯⎯⎯⎯⎯⎯⎯⎯⎯⎯⎯⎯⎯[57/141]⎯[22m[39m

[41m[1m FAIL [22m[49m tests/monitoring-contract.test.ts[2m > [22mmonitoring enrollment UI[2m > [22msubmits independently-selected client and passport ids to the real creation endpoint
[31m[1mAssertionError[22m: expected 'import { useEffect, useState } from \…' to contain 'apiFetch(\'/api/monitoring/monitoring…'[39m

[32m- Expected[39m
[31m+ Received[39m

[32m- apiFetch('/api/monitoring/monitoring-configurations', {[39m
[31m+ import { useEffect, useState } from 'react';[39m
[31m+ import { Activity, AlertCircle, CheckCircle2, Clock3, Play, RefreshCw, XCircle } from 'lucide-react';[39m
[31m+ import { apiFetch } from '../utils/apiClient';[39m
[31m+[39m
[31m+ type Configuration = { id: string; clientId: string; collectorId: string; subjectIdentifier: string; enabled: boolean; lastStatus: string; lastObservedAt?: string | null; nextScheduledAt: string; };[39m
[31m+ type CollectorJob = { id: string; monitoringConfigurationId: string; collectorId: string; state: string; createdAt: string; completedAt?: string | null; };[39m
[31m+[39m
[31m+ const readable = (value?: string | null) => value ? new Date(value).toLocaleString() : 'Not yet observed';[39m
[31m+[39m
[31m+ export default function MonitoringView({ role = 'Viewer' }: { role?: string }) {[39m
[31m+   const canRun = role === 'Owner' || role === 'Admin' || role === 'Technician';[39m
[31m+   const [configurations, setConfigurations] = useState<Configuration[]>([]);[39m
[31m+   const [jobs, setJobs] = useState<CollectorJob[]>([]);[39m
[31m+   const [loading, setLoading] = useState(true);[39m
[31m+   const [error, setError] = useState<string | null>(null);[39m
[31m+   const [running, setRunning] = useState<string | null>(null);[39m
[31m+[39m
[31m+   const load = async () => {[39m
[31m+     setLoading(true); setError(null);[39m
[31m+     try {[39m
[31m+       const [configResponse, jobsResponse] = await Promise.all([apiFetch('/api/monitoring/monitoring-configurations'), apiFetch('/api/monitoring/collector-jobs')]);[39m
[31m+       if (!configResponse.ok) {[39m
[31m+         const body = await configResponse.json().catch(() => ({}));[39m
[31m+         throw new Error(body?.error?.message || body?.error || 'Monitoring data could not be loaded.');[39m
[31m+       }[39m
[31m+       setConfigurations(await configResponse.json());[39m
[31m+       if (jobsResponse.ok) setJobs(await jobsResponse.json());[39m
[31m+     } catch (cause: any) { setError(cause?.message || 'Monitoring data could not be loaded.'); }[39m
[31m+     finally { setLoading(false); }[39m
[31m+   };[39m
[31m+   useEffect(() => { void load(); }, []);[39m
[31m+   const run = async (id: string) => {[39m
[31m+     setRunning(id); setError(null);[39m
[31m+     try {[39m
[31m+       const response = await apiFetch(`/api/monitoring/monitoring-configurations/${id}/run`, { method: 'POST' });[39m
[31m+       if (!response.ok) { const body = await response.json().catch(() => ({})); throw new Error(body?.error || 'SPR could not queue this verification.'); }[39m
[31m+       await load();[39m
[31m+     } catch (cause: any) { setError(cause?.message || 'SPR could not queue this verification.'); }[39m
[31m+     finally { setRunning(null); }[39m
[31m+   };[39m
[31m+   const latest = (id: string) => jobs.find(job => job.monitoringConfigurationId === id);[39m
[31m+[39m
[31m+   return ([39m
[31m+     <section className="space-y-4" id="monitoring-workspace">[39m
[31m+       <div className="flex items-center justify-between gap-4">[39m
[31m+         <div>[39m
[31m+           <h1 className="text-[22px] font-semibold text-[#201f1e]">Continuous verification</h1>[39m
[31m+           <p className="mt-1 text-[13px] text-[#605e5c]">Monitoring queues configured server-side collectors. A queued run is not a completed or verified result.</p>[39m
[31m+         </div>[39m
[31m+         <button onClick={() => void load()} disabled={loading} className="inline-flex h-9 shrink-0 items-center justify-center gap-2 rounded border border-[#c8c6c4] px-3 text-[13px] font-medium text-[#323130] hover:bg-black/[.03] disabled:opacity-50">[39m
[31m+           <RefreshCw className={`h-3.5 w-3.5 ${loading ? 'animate-spin' : ''}`} />Refresh[39m
[31m+         </button>[39m
[31m+       </div>[39m
[31m+[39m
[31m+       <details className="rounded-md border border-[#e1dfdd] bg-[#faf9f8] text-[13px]">[39m
[31m+         <summary className="cursor-pointer select-none px-3 py-2 font-medium text-[#323130]">ⓘ What is this? · How it works</summary>[39m
[31m+         <div className="px-3 pb-3 text-[#605e5c]">[39m
[31m+           <p>Each row is a server-side collector configured to watch a subject. Re-verifying queues a fresh check; it does not itself guarantee an updated result.</p>[39m
[31m+           <ol className="mt-1.5 list-decimal space-y-0.5 pl-4">[39m
[31m+             <li>Review last observed and last run status for each configured source.</li>[39m
[31m+             <li>Select re-verify to queue a new check (requires Owner, Admin or Technician).</li>[39m
[31m+             <li>An administrator must configure a source before this tenant has any monitoring coverage.</li>[39m
[31m+           </ol>[39m
[31m+         </div>[39m
[31m+       </details>[39m
[31m+[39m
[31m+       {error && ([39m
[31m+         <div role="alert" className="flex gap-3 rounded-md border border-[#f3d6d8] bg-[#fdf2f2] p-3 text-[13px] text-[#a4262c]">[39m
[31m+           <AlertCircle className="h-4 w-4 shrink-0" />[39m
[31m+           <div><p className="font-semibold">Verification unavailable</p><p className="mt-1">{error}</p></div>[39m
[31m+         </div>[39m
[31m+       )}[39m
[31m+[39m
[31m+       {loading ? ([39m
[31m+         <div className="rounded-md border border-[#e1dfdd] bg-white p-4">[39m
[31m+           <div className="space-y-2">{[1, 2].map(item => <div key={item} className="h-10 animate-pulse rounded bg-[#f3f2f1]" />)}</div>[39m
[31m+         </div>[39m
[31m+       ) : configurations.length ? ([39m
[31m+         <div className="overflow-x-auto rounded-md border border-[#e1dfdd] bg-white">[39m
[31m+           <table className="w-full min-w-[760px] border-collapse text-left">[39m
[31m+             <thead>[39m
[31m+               <tr className="border-b border-[#e1dfdd] text-[11px] uppercase tracking-wide text-[#605e5c]">[39m
[31m+                 <th className="px-4 py-2.5 font-medium">Collector / subject</th>[39m
[31m+                 <th className="px-4 py-2.5 font-medium">Status</th>[39m
[31m+                 <th className="px-4 py-2.5 font-medium">Last observed</th>[39m
[31m+                 <th className="px-4 py-2.5 font-medium">Last run</th>[39m
[31m+                 <th className="px-4 py-2.5 font-medium">Next check</th>[39m
[31m+                 <th className="px-4 py-2.5 font-medium"></th>[39m
[31m+               </tr>[39m
[31m+             </thead>[39m
[31m+             <tbody>[39m
[31m+               {configurations.map(config => {[39m
[31m+                 const job = latest(config.id);[39m
[31m+                 return ([39m
[31m+                   <tr key={config.id} className="border-b border-[#f3f2f1] text-[13px]">[39m
[31m+                     <td className="px-4 py-2.5">[39m
[31m+                       <div className="text-[11px] uppercase tracking-wide text-[#8a8886]">{config.collectorId.replace('_', ' ')} collector</div>[39m
[31m+                       <div className="mt-0.5 break-all font-medium text-[#201f1e]">{config.subjectIdentifier}</div>[39m
[31m+                     </td>[39m
[31m+                     <td className="px-4 py-2.5">[39m
[31m+                       <span className="inline-flex items-center gap-1.5">[39m
[31m+                         <span className={`h-1.5 w-1.5 rounded-full ${config.enabled ? 'bg-[#0e700e]' : 'bg-[#8a8886]'}`} />[39m
[31m+                         {config.enabled ? 'Watching' : 'Paused'}[39m
[31m+                       </span>[39m
[31m+                     </td>[39m
[31m+                     <td className="px-4 py-2.5 text-[#605e5c]"><span className="inline-flex items-center gap-1.5"><Clock3 className="h-3.5 w-3.5 text-[#8a8886]" />{readable(config.lastObservedAt)}</span></td>[39m
[31m+                     <td className="px-4 py-2.5 text-[#605e5c]"><span className="inline-flex items-center gap-1.5"><Activity className="h-3.5 w-3.5 text-[#8a8886]" />{job ? `${job.state} · ${readable(job.completedAt || job.createdAt)}` : 'No run recorded'}</span></td>[39m
[31m+                     <td className="px-4 py-2.5 text-[#605e5c]"><span className="inline-flex items-center gap-1.5"><CheckCircle2 className="h-3.5 w-3.5 text-[#8a8886]" />{readable(config.nextScheduledAt)}</span></td>[39m
[31m+                     <td className="px-4 py-2.5 text-right">[39m
[31m+                       <button[39m
[31m+                         onClick={() => void run(config.id)}[39m
[31m+                         disabled={!canRun || !config.enabled || running === config.id}[39m
[31m+                         title={!canRun ? `Your ${role} role cannot run verifications.` : undefined}[39m
[31m+                         className="inline-flex h-8 items-center gap-1.5 rounded bg-[#0f6cbd] px-3 text-[12px] font-medium text-white hover:bg-[#004578] disabled:cursor-not-allowed disabled:opacity-50"[39m
[31m+                       >[39m
[31m+                         <Play className="h-3.5 w-3.5" />{running === config.id ? 'Queueing…' : 'Re-verify'}[39m
[31m+                       </button>[39m
[31m+                     </td>[39m
[31m+                   </tr>[39m
[31m+                 );[39m
[31m+               })}[39m
[31m+             </tbody>[39m
[31m+           </table>[39m
[31m+         </div>[39m
[31m+       ) : ([39m
[31m+         <div className="rounded-md border border-[#e1dfdd] bg-white px-6 py-10 text-center">[39m
[31m+           <XCircle className="mx-auto h-6 w-6 text-[#c8c6c4]" />[39m
[31m+           <h2 className="mt-2 text-[13px] font-semibold text-[#201f1e]">No verification sources configured</h2>[39m
[31m+           <p className="mx-auto mt-1 max-w-md text-[12px] leading-5 text-[#605e5c]">SPR cannot claim continuous coverage until an administrator configures a monitored source for this tenant.</p>[39m
[31m+         </div>[39m
[31m+       )}[39m
[31m+     </section>[39m
[31m+   );[39m
[31m+ }[39m
[31m+[39m

[36m [2m❯[22m tests/monitoring-contract.test.ts:[2m122:15[22m[39m
    [90m120| [39m  it('submits independently-selected client and passport ids to the re…
    [90m121| [39m    [35mconst[39m s [33m=[39m [34msource[39m()[33m;[39m
    [90m122| [39m    expect(s).toContain("apiFetch('/api/monitoring/monitoring-configur…
    [90m   | [39m              [31m^[39m
    [90m123| [39m    expect(s).toContain('clientId: enrollClientId, assetId: enrollPass…
    [90m124| [39m  })[33m;[39m

[31m[2m⎯⎯⎯⎯⎯⎯⎯⎯⎯⎯⎯⎯⎯⎯⎯⎯⎯⎯⎯⎯⎯[58/141]⎯[22m[39m

[41m[1m FAIL [22m[49m tests/monitoring-contract.test.ts[2m > [22mmonitoring enrollment UI[2m > [22mconstrains the schedule choices to the selected collector's real minimum, not a hardcoded one
[31m[1mAssertionError[22m: expected 'import { useEffect, useState } from \…' to contain 'collectorDefs.find((c) => c.id === en…'[39m

[32m- Expected[39m
[31m+ Received[39m

[32m- collectorDefs.find((c) => c.id === enrollCollectorId)?.minimumScheduleSeconds[39m
[31m+ import { useEffect, useState } from 'react';[39m
[31m+ import { Activity, AlertCircle, CheckCircle2, Clock3, Play, RefreshCw, XCircle } from 'lucide-react';[39m
[31m+ import { apiFetch } from '../utils/apiClient';[39m
[31m+[39m
[31m+ type Configuration = { id: string; clientId: string; collectorId: string; subjectIdentifier: string; enabled: boolean; lastStatus: string; lastObservedAt?: string | null; nextScheduledAt: string; };[39m
[31m+ type CollectorJob = { id: string; monitoringConfigurationId: string; collectorId: string; state: string; createdAt: string; completedAt?: string | null; };[39m
[31m+[39m
[31m+ const readable = (value?: string | null) => value ? new Date(value).toLocaleString() : 'Not yet observed';[39m
[31m+[39m
[31m+ export default function MonitoringView({ role = 'Viewer' }: { role?: string }) {[39m
[31m+   const canRun = role === 'Owner' || role === 'Admin' || role === 'Technician';[39m
[31m+   const [configurations, setConfigurations] = useState<Configuration[]>([]);[39m
[31m+   const [jobs, setJobs] = useState<CollectorJob[]>([]);[39m
[31m+   const [loading, setLoading] = useState(true);[39m
[31m+   const [error, setError] = useState<string | null>(null);[39m
[31m+   const [running, setRunning] = useState<string | null>(null);[39m
[31m+[39m
[31m+   const load = async () => {[39m
[31m+     setLoading(true); setError(null);[39m
[31m+     try {[39m
[31m+       const [configResponse, jobsResponse] = await Promise.all([apiFetch('/api/monitoring/monitoring-configurations'), apiFetch('/api/monitoring/collector-jobs')]);[39m
[31m+       if (!configResponse.ok) {[39m
[31m+         const body = await configResponse.json().catch(() => ({}));[39m
[31m+         throw new Error(body?.error?.message || body?.error || 'Monitoring data could not be loaded.');[39m
[31m+       }[39m
[31m+       setConfigurations(await configResponse.json());[39m
[31m+       if (jobsResponse.ok) setJobs(await jobsResponse.json());[39m
[31m+     } catch (cause: any) { setError(cause?.message || 'Monitoring data could not be loaded.'); }[39m
[31m+     finally { setLoading(false); }[39m
[31m+   };[39m
[31m+   useEffect(() => { void load(); }, []);[39m
[31m+   const run = async (id: string) => {[39m
[31m+     setRunning(id); setError(null);[39m
[31m+     try {[39m
[31m+       const response = await apiFetch(`/api/monitoring/monitoring-configurations/${id}/run`, { method: 'POST' });[39m
[31m+       if (!response.ok) { const body = await response.json().catch(() => ({})); throw new Error(body?.error || 'SPR could not queue this verification.'); }[39m
[31m+       await load();[39m
[31m+     } catch (cause: any) { setError(cause?.message || 'SPR could not queue this verification.'); }[39m
[31m+     finally { setRunning(null); }[39m
[31m+   };[39m
[31m+   const latest = (id: string) => jobs.find(job => job.monitoringConfigurationId === id);[39m
[31m+[39m
[31m+   return ([39m
[31m+     <section className="space-y-4" id="monitoring-workspace">[39m
[31m+       <div className="flex items-center justify-between gap-4">[39m
[31m+         <div>[39m
[31m+           <h1 className="text-[22px] font-semibold text-[#201f1e]">Continuous verification</h1>[39m
[31m+           <p className="mt-1 text-[13px] text-[#605e5c]">Monitoring queues configured server-side collectors. A queued run is not a completed or verified result.</p>[39m
[31m+         </div>[39m
[31m+         <button onClick={() => void load()} disabled={loading} className="inline-flex h-9 shrink-0 items-center justify-center gap-2 rounded border border-[#c8c6c4] px-3 text-[13px] font-medium text-[#323130] hover:bg-black/[.03] disabled:opacity-50">[39m
[31m+           <RefreshCw className={`h-3.5 w-3.5 ${loading ? 'animate-spin' : ''}`} />Refresh[39m
[31m+         </button>[39m
[31m+       </div>[39m
[31m+[39m
[31m+       <details className="rounded-md border border-[#e1dfdd] bg-[#faf9f8] text-[13px]">[39m
[31m+         <summary className="cursor-pointer select-none px-3 py-2 font-medium text-[#323130]">ⓘ What is this? · How it works</summary>[39m
[31m+         <div className="px-3 pb-3 text-[#605e5c]">[39m
[31m+           <p>Each row is a server-side collector configured to watch a subject. Re-verifying queues a fresh check; it does not itself guarantee an updated result.</p>[39m
[31m+           <ol className="mt-1.5 list-decimal space-y-0.5 pl-4">[39m
[31m+             <li>Review last observed and last run status for each configured source.</li>[39m
[31m+             <li>Select re-verify to queue a new check (requires Owner, Admin or Technician).</li>[39m
[31m+             <li>An administrator must configure a source before this tenant has any monitoring coverage.</li>[39m
[31m+           </ol>[39m
[31m+         </div>[39m
[31m+       </details>[39m
[31m+[39m
[31m+       {error && ([39m
[31m+         <div role="alert" className="flex gap-3 rounded-md border border-[#f3d6d8] bg-[#fdf2f2] p-3 text-[13px] text-[#a4262c]">[39m
[31m+           <AlertCircle className="h-4 w-4 shrink-0" />[39m
[31m+           <div><p className="font-semibold">Verification unavailable</p><p className="mt-1">{error}</p></div>[39m
[31m+         </div>[39m
[31m+       )}[39m
[31m+[39m
[31m+       {loading ? ([39m
[31m+         <div className="rounded-md border border-[#e1dfdd] bg-white p-4">[39m
[31m+           <div className="space-y-2">{[1, 2].map(item => <div key={item} className="h-10 animate-pulse rounded bg-[#f3f2f1]" />)}</div>[39m
[31m+         </div>[39m
[31m+       ) : configurations.length ? ([39m
[31m+         <div className="overflow-x-auto rounded-md border border-[#e1dfdd] bg-white">[39m
[31m+           <table className="w-full min-w-[760px] border-collapse text-left">[39m
[31m+             <thead>[39m
[31m+               <tr className="border-b border-[#e1dfdd] text-[11px] uppercase tracking-wide text-[#605e5c]">[39m
[31m+                 <th className="px-4 py-2.5 font-medium">Collector / subject</th>[39m
[31m+                 <th className="px-4 py-2.5 font-medium">Status</th>[39m
[31m+                 <th className="px-4 py-2.5 font-medium">Last observed</th>[39m
[31m+                 <th className="px-4 py-2.5 font-medium">Last run</th>[39m
[31m+                 <th className="px-4 py-2.5 font-medium">Next check</th>[39m
[31m+                 <th className="px-4 py-2.5 font-medium"></th>[39m
[31m+               </tr>[39m
[31m+             </thead>[39m
[31m+             <tbody>[39m
[31m+               {configurations.map(config => {[39m
[31m+                 const job = latest(config.id);[39m
[31m+                 return ([39m
[31m+                   <tr key={config.id} className="border-b border-[#f3f2f1] text-[13px]">[39m
[31m+                     <td className="px-4 py-2.5">[39m
[31m+                       <div className="text-[11px] uppercase tracking-wide text-[#8a8886]">{config.collectorId.replace('_', ' ')} collector</div>[39m
[31m+                       <div className="mt-0.5 break-all font-medium text-[#201f1e]">{config.subjectIdentifier}</div>[39m
[31m+                     </td>[39m
[31m+                     <td className="px-4 py-2.5">[39m
[31m+                       <span className="inline-flex items-center gap-1.5">[39m
[31m+                         <span className={`h-1.5 w-1.5 rounded-full ${config.enabled ? 'bg-[#0e700e]' : 'bg-[#8a8886]'}`} />[39m
[31m+                         {config.enabled ? 'Watching' : 'Paused'}[39m
[31m+                       </span>[39m
[31m+                     </td>[39m
[31m+                     <td className="px-4 py-2.5 text-[#605e5c]"><span className="inline-flex items-center gap-1.5"><Clock3 className="h-3.5 w-3.5 text-[#8a8886]" />{readable(config.lastObservedAt)}</span></td>[39m
[31m+                     <td className="px-4 py-2.5 text-[#605e5c]"><span className="inline-flex items-center gap-1.5"><Activity className="h-3.5 w-3.5 text-[#8a8886]" />{job ? `${job.state} · ${readable(job.completedAt || job.createdAt)}` : 'No run recorded'}</span></td>[39m
[31m+                     <td className="px-4 py-2.5 text-[#605e5c]"><span className="inline-flex items-center gap-1.5"><CheckCircle2 className="h-3.5 w-3.5 text-[#8a8886]" />{readable(config.nextScheduledAt)}</span></td>[39m
[31m+                     <td className="px-4 py-2.5 text-right">[39m
[31m+                       <button[39m
[31m+                         onClick={() => void run(config.id)}[39m
[31m+                         disabled={!canRun || !config.enabled || running === config.id}[39m
[31m+                         title={!canRun ? `Your ${role} role cannot run verifications.` : undefined}[39m
[31m+                         className="inline-flex h-8 items-center gap-1.5 rounded bg-[#0f6cbd] px-3 text-[12px] font-medium text-white hover:bg-[#004578] disabled:cursor-not-allowed disabled:opacity-50"[39m
[31m+                       >[39m
[31m+                         <Play className="h-3.5 w-3.5" />{running === config.id ? 'Queueing…' : 'Re-verify'}[39m
[31m+                       </button>[39m
[31m+                     </td>[39m
[31m+                   </tr>[39m
[31m+                 );[39m
[31m+               })}[39m
[31m+             </tbody>[39m
[31m+           </table>[39m
[31m+         </div>[39m
[31m+       ) : ([39m
[31m+         <div className="rounded-md border border-[#e1dfdd] bg-white px-6 py-10 text-center">[39m
[31m+           <XCircle className="mx-auto h-6 w-6 text-[#c8c6c4]" />[39m
[31m+           <h2 className="mt-2 text-[13px] font-semibold text-[#201f1e]">No verification sources configured</h2>[39m
[31m+           <p className="mx-auto mt-1 max-w-md text-[12px] leading-5 text-[#605e5c]">SPR cannot claim continuous coverage until an administrator configures a monitored source for this tenant.</p>[39m
[31m+         </div>[39m
[31m+       )}[39m
[31m+     </section>[39m
[31m+   );[39m
[31m+ }[39m
[31m+[39m

[36m [2m❯[22m tests/monitoring-contract.test.ts:[2m128:15[22m[39m
    [90m126| [39m  it('constrains the schedule choices to the selected collector\'s rea…
    [90m127| [39m    [35mconst[39m s [33m=[39m [34msource[39m()[33m;[39m
    [90m128| [39m    expect(s).toContain('collectorDefs.find((c) => c.id === enrollColl…
    [90m   | [39m              [31m^[39m
    [90m129| [39m  })[33m;[39m
    [90m130| [39m

[31m[2m⎯⎯⎯⎯⎯⎯⎯⎯⎯⎯⎯⎯⎯⎯⎯⎯⎯⎯⎯⎯⎯[59/141]⎯[22m[39m

[41m[1m FAIL [22m[49m tests/monitoring-contract.test.ts[2m > [22mmonitoring enrollment UI[2m > [22mrenders real alerts from the trust-loop endpoint with an honest empty state
[31m[1mAssertionError[22m: expected 'import { useEffect, useState } from \…' to contain 'apiFetch(\'/api/trust-loop/monitoring…'[39m

[32m- Expected[39m
[31m+ Received[39m

[32m- apiFetch('/api/trust-loop/monitoring')[39m
[31m+ import { useEffect, useState } from 'react';[39m
[31m+ import { Activity, AlertCircle, CheckCircle2, Clock3, Play, RefreshCw, XCircle } from 'lucide-react';[39m
[31m+ import { apiFetch } from '../utils/apiClient';[39m
[31m+[39m
[31m+ type Configuration = { id: string; clientId: string; collectorId: string; subjectIdentifier: string; enabled: boolean; lastStatus: string; lastObservedAt?: string | null; nextScheduledAt: string; };[39m
[31m+ type CollectorJob = { id: string; monitoringConfigurationId: string; collectorId: string; state: string; createdAt: string; completedAt?: string | null; };[39m
[31m+[39m
[31m+ const readable = (value?: string | null) => value ? new Date(value).toLocaleString() : 'Not yet observed';[39m
[31m+[39m
[31m+ export default function MonitoringView({ role = 'Viewer' }: { role?: string }) {[39m
[31m+   const canRun = role === 'Owner' || role === 'Admin' || role === 'Technician';[39m
[31m+   const [configurations, setConfigurations] = useState<Configuration[]>([]);[39m
[31m+   const [jobs, setJobs] = useState<CollectorJob[]>([]);[39m
[31m+   const [loading, setLoading] = useState(true);[39m
[31m+   const [error, setError] = useState<string | null>(null);[39m
[31m+   const [running, setRunning] = useState<string | null>(null);[39m
[31m+[39m
[31m+   const load = async () => {[39m
[31m+     setLoading(true); setError(null);[39m
[31m+     try {[39m
[31m+       const [configResponse, jobsResponse] = await Promise.all([apiFetch('/api/monitoring/monitoring-configurations'), apiFetch('/api/monitoring/collector-jobs')]);[39m
[31m+       if (!configResponse.ok) {[39m
[31m+         const body = await configResponse.json().catch(() => ({}));[39m
[31m+         throw new Error(body?.error?.message || body?.error || 'Monitoring data could not be loaded.');[39m
[31m+       }[39m
[31m+       setConfigurations(await configResponse.json());[39m
[31m+       if (jobsResponse.ok) setJobs(await jobsResponse.json());[39m
[31m+     } catch (cause: any) { setError(cause?.message || 'Monitoring data could not be loaded.'); }[39m
[31m+     finally { setLoading(false); }[39m
[31m+   };[39m
[31m+   useEffect(() => { void load(); }, []);[39m
[31m+   const run = async (id: string) => {[39m
[31m+     setRunning(id); setError(null);[39m
[31m+     try {[39m
[31m+       const response = await apiFetch(`/api/monitoring/monitoring-configurations/${id}/run`, { method: 'POST' });[39m
[31m+       if (!response.ok) { const body = await response.json().catch(() => ({})); throw new Error(body?.error || 'SPR could not queue this verification.'); }[39m
[31m+       await load();[39m
[31m+     } catch (cause: any) { setError(cause?.message || 'SPR could not queue this verification.'); }[39m
[31m+     finally { setRunning(null); }[39m
[31m+   };[39m
[31m+   const latest = (id: string) => jobs.find(job => job.monitoringConfigurationId === id);[39m
[31m+[39m
[31m+   return ([39m
[31m+     <section className="space-y-4" id="monitoring-workspace">[39m
[31m+       <div className="flex items-center justify-between gap-4">[39m
[31m+         <div>[39m
[31m+           <h1 className="text-[22px] font-semibold text-[#201f1e]">Continuous verification</h1>[39m
[31m+           <p className="mt-1 text-[13px] text-[#605e5c]">Monitoring queues configured server-side collectors. A queued run is not a completed or verified result.</p>[39m
[31m+         </div>[39m
[31m+         <button onClick={() => void load()} disabled={loading} className="inline-flex h-9 shrink-0 items-center justify-center gap-2 rounded border border-[#c8c6c4] px-3 text-[13px] font-medium text-[#323130] hover:bg-black/[.03] disabled:opacity-50">[39m
[31m+           <RefreshCw className={`h-3.5 w-3.5 ${loading ? 'animate-spin' : ''}`} />Refresh[39m
[31m+         </button>[39m
[31m+       </div>[39m
[31m+[39m
[31m+       <details className="rounded-md border border-[#e1dfdd] bg-[#faf9f8] text-[13px]">[39m
[31m+         <summary className="cursor-pointer select-none px-3 py-2 font-medium text-[#323130]">ⓘ What is this? · How it works</summary>[39m
[31m+         <div className="px-3 pb-3 text-[#605e5c]">[39m
[31m+           <p>Each row is a server-side collector configured to watch a subject. Re-verifying queues a fresh check; it does not itself guarantee an updated result.</p>[39m
[31m+           <ol className="mt-1.5 list-decimal space-y-0.5 pl-4">[39m
[31m+             <li>Review last observed and last run status for each configured source.</li>[39m
[31m+             <li>Select re-verify to queue a new check (requires Owner, Admin or Technician).</li>[39m
[31m+             <li>An administrator must configure a source before this tenant has any monitoring coverage.</li>[39m
[31m+           </ol>[39m
[31m+         </div>[39m
[31m+       </details>[39m
[31m+[39m
[31m+       {error && ([39m
[31m+         <div role="alert" className="flex gap-3 rounded-md border border-[#f3d6d8] bg-[#fdf2f2] p-3 text-[13px] text-[#a4262c]">[39m
[31m+           <AlertCircle className="h-4 w-4 shrink-0" />[39m
[31m+           <div><p className="font-semibold">Verification unavailable</p><p className="mt-1">{error}</p></div>[39m
[31m+         </div>[39m
[31m+       )}[39m
[31m+[39m
[31m+       {loading ? ([39m
[31m+         <div className="rounded-md border border-[#e1dfdd] bg-white p-4">[39m
[31m+           <div className="space-y-2">{[1, 2].map(item => <div key={item} className="h-10 animate-pulse rounded bg-[#f3f2f1]" />)}</div>[39m
[31m+         </div>[39m
[31m+       ) : configurations.length ? ([39m
[31m+         <div className="overflow-x-auto rounded-md border border-[#e1dfdd] bg-white">[39m
[31m+           <table className="w-full min-w-[760px] border-collapse text-left">[39m
[31m+             <thead>[39m
[31m+               <tr className="border-b border-[#e1dfdd] text-[11px] uppercase tracking-wide text-[#605e5c]">[39m
[31m+                 <th className="px-4 py-2.5 font-medium">Collector / subject</th>[39m
[31m+                 <th className="px-4 py-2.5 font-medium">Status</th>[39m
[31m+                 <th className="px-4 py-2.5 font-medium">Last observed</th>[39m
[31m+                 <th className="px-4 py-2.5 font-medium">Last run</th>[39m
[31m+                 <th className="px-4 py-2.5 font-medium">Next check</th>[39m
[31m+                 <th className="px-4 py-2.5 font-medium"></th>[39m
[31m+               </tr>[39m
[31m+             </thead>[39m
[31m+             <tbody>[39m
[31m+               {configurations.map(config => {[39m
[31m+                 const job = latest(config.id);[39m
[31m+                 return ([39m
[31m+                   <tr key={config.id} className="border-b border-[#f3f2f1] text-[13px]">[39m
[31m+                     <td className="px-4 py-2.5">[39m
[31m+                       <div className="text-[11px] uppercase tracking-wide text-[#8a8886]">{config.collectorId.replace('_', ' ')} collector</div>[39m
[31m+                       <div className="mt-0.5 break-all font-medium text-[#201f1e]">{config.subjectIdentifier}</div>[39m
[31m+                     </td>[39m
[31m+                     <td className="px-4 py-2.5">[39m
[31m+                       <span className="inline-flex items-center gap-1.5">[39m
[31m+                         <span className={`h-1.5 w-1.5 rounded-full ${config.enabled ? 'bg-[#0e700e]' : 'bg-[#8a8886]'}`} />[39m
[31m+                         {config.enabled ? 'Watching' : 'Paused'}[39m
[31m+                       </span>[39m
[31m+                     </td>[39m
[31m+                     <td className="px-4 py-2.5 text-[#605e5c]"><span className="inline-flex items-center gap-1.5"><Clock3 className="h-3.5 w-3.5 text-[#8a8886]" />{readable(config.lastObservedAt)}</span></td>[39m
[31m+                     <td className="px-4 py-2.5 text-[#605e5c]"><span className="inline-flex items-center gap-1.5"><Activity className="h-3.5 w-3.5 text-[#8a8886]" />{job ? `${job.state} · ${readable(job.completedAt || job.createdAt)}` : 'No run recorded'}</span></td>[39m
[31m+                     <td className="px-4 py-2.5 text-[#605e5c]"><span className="inline-flex items-center gap-1.5"><CheckCircle2 className="h-3.5 w-3.5 text-[#8a8886]" />{readable(config.nextScheduledAt)}</span></td>[39m
[31m+                     <td className="px-4 py-2.5 text-right">[39m
[31m+                       <button[39m
[31m+                         onClick={() => void run(config.id)}[39m
[31m+                         disabled={!canRun || !config.enabled || running === config.id}[39m
[31m+                         title={!canRun ? `Your ${role} role cannot run verifications.` : undefined}[39m
[31m+                         className="inline-flex h-8 items-center gap-1.5 rounded bg-[#0f6cbd] px-3 text-[12px] font-medium text-white hover:bg-[#004578] disabled:cursor-not-allowed disabled:opacity-50"[39m
[31m+                       >[39m
[31m+                         <Play className="h-3.5 w-3.5" />{running === config.id ? 'Queueing…' : 'Re-verify'}[39m
[31m+                       </button>[39m
[31m+                     </td>[39m
[31m+                   </tr>[39m
[31m+                 );[39m
[31m+               })}[39m
[31m+             </tbody>[39m
[31m+           </table>[39m
[31m+         </div>[39m
[31m+       ) : ([39m
[31m+         <div className="rounded-md border border-[#e1dfdd] bg-white px-6 py-10 text-center">[39m
[31m+           <XCircle className="mx-auto h-6 w-6 text-[#c8c6c4]" />[39m
[31m+           <h2 className="mt-2 text-[13px] font-semibold text-[#201f1e]">No verification sources configured</h2>[39m
[31m+           <p className="mx-auto mt-1 max-w-md text-[12px] leading-5 text-[#605e5c]">SPR cannot claim continuous coverage until an administrator configures a monitored source for this tenant.</p>[39m
[31m+         </div>[39m
[31m+       )}[39m
[31m+     </section>[39m
[31m+   );[39m
[31m+ }[39m
[31m+[39m

[36m [2m❯[22m tests/monitoring-contract.test.ts:[2m133:15[22m[39m
    [90m131| [39m  it('renders real alerts from the trust-loop endpoint with an honest …
    [90m132| [39m    [35mconst[39m s [33m=[39m [34msource[39m()[33m;[39m
    [90m133| [39m    [34mexpect[39m(s)[33m.[39m[34mtoContain[39m([32m"apiFetch('/api/trust-loop/monitoring')"[39m)[33m;[39m
    [90m   | [39m              [31m^[39m
    [90m134| [39m    [34mexpect[39m(s)[33m.[39m[34mtoContain[39m([32m'No changes have triggered an alert yet'[39m)[33m;[39m
    [90m135| [39m  })[33m;[39m

[31m[2m⎯⎯⎯⎯⎯⎯⎯⎯⎯⎯⎯⎯⎯⎯⎯⎯⎯⎯⎯⎯⎯[60/141]⎯[22m[39m

[41m[1m FAIL [22m[49m tests/monitoring-contract.test.ts[2m > [22mmonitoring enrollment UI[2m > [22monly offers acknowledge/resolve controls to roles that can mutate, not to Client/Viewer
[31m[1mAssertionError[22m: expected 'import { useEffect, useState } from \…' to contain 'const canManageAlerts = role === \'Ow…'[39m

[32m- Expected[39m
[31m+ Received[39m

[32m- const canManageAlerts = role === 'Owner' || role === 'Admin' || role === 'Technician';[39m
[31m+ import { useEffect, useState } from 'react';[39m
[31m+ import { Activity, AlertCircle, CheckCircle2, Clock3, Play, RefreshCw, XCircle } from 'lucide-react';[39m
[31m+ import { apiFetch } from '../utils/apiClient';[39m
[31m+[39m
[31m+ type Configuration = { id: string; clientId: string; collectorId: string; subjectIdentifier: string; enabled: boolean; lastStatus: string; lastObservedAt?: string | null; nextScheduledAt: string; };[39m
[31m+ type CollectorJob = { id: string; monitoringConfigurationId: string; collectorId: string; state: string; createdAt: string; completedAt?: string | null; };[39m
[31m+[39m
[31m+ const readable = (value?: string | null) => value ? new Date(value).toLocaleString() : 'Not yet observed';[39m
[31m+[39m
[31m+ export default function MonitoringView({ role = 'Viewer' }: { role?: string }) {[39m
[31m+   const canRun = role === 'Owner' || role === 'Admin' || role === 'Technician';[39m
[31m+   const [configurations, setConfigurations] = useState<Configuration[]>([]);[39m
[31m+   const [jobs, setJobs] = useState<CollectorJob[]>([]);[39m
[31m+   const [loading, setLoading] = useState(true);[39m
[31m+   const [error, setError] = useState<string | null>(null);[39m
[31m+   const [running, setRunning] = useState<string | null>(null);[39m
[31m+[39m
[31m+   const load = async () => {[39m
[31m+     setLoading(true); setError(null);[39m
[31m+     try {[39m
[31m+       const [configResponse, jobsResponse] = await Promise.all([apiFetch('/api/monitoring/monitoring-configurations'), apiFetch('/api/monitoring/collector-jobs')]);[39m
[31m+       if (!configResponse.ok) {[39m
[31m+         const body = await configResponse.json().catch(() => ({}));[39m
[31m+         throw new Error(body?.error?.message || body?.error || 'Monitoring data could not be loaded.');[39m
[31m+       }[39m
[31m+       setConfigurations(await configResponse.json());[39m
[31m+       if (jobsResponse.ok) setJobs(await jobsResponse.json());[39m
[31m+     } catch (cause: any) { setError(cause?.message || 'Monitoring data could not be loaded.'); }[39m
[31m+     finally { setLoading(false); }[39m
[31m+   };[39m
[31m+   useEffect(() => { void load(); }, []);[39m
[31m+   const run = async (id: string) => {[39m
[31m+     setRunning(id); setError(null);[39m
[31m+     try {[39m
[31m+       const response = await apiFetch(`/api/monitoring/monitoring-configurations/${id}/run`, { method: 'POST' });[39m
[31m+       if (!response.ok) { const body = await response.json().catch(() => ({})); throw new Error(body?.error || 'SPR could not queue this verification.'); }[39m
[31m+       await load();[39m
[31m+     } catch (cause: any) { setError(cause?.message || 'SPR could not queue this verification.'); }[39m
[31m+     finally { setRunning(null); }[39m
[31m+   };[39m
[31m+   const latest = (id: string) => jobs.find(job => job.monitoringConfigurationId === id);[39m
[31m+[39m
[31m+   return ([39m
[31m+     <section className="space-y-4" id="monitoring-workspace">[39m
[31m+       <div className="flex items-center justify-between gap-4">[39m
[31m+         <div>[39m
[31m+           <h1 className="text-[22px] font-semibold text-[#201f1e]">Continuous verification</h1>[39m
[31m+           <p className="mt-1 text-[13px] text-[#605e5c]">Monitoring queues configured server-side collectors. A queued run is not a completed or verified result.</p>[39m
[31m+         </div>[39m
[31m+         <button onClick={() => void load()} disabled={loading} className="inline-flex h-9 shrink-0 items-center justify-center gap-2 rounded border border-[#c8c6c4] px-3 text-[13px] font-medium text-[#323130] hover:bg-black/[.03] disabled:opacity-50">[39m
[31m+           <RefreshCw className={`h-3.5 w-3.5 ${loading ? 'animate-spin' : ''}`} />Refresh[39m
[31m+         </button>[39m
[31m+       </div>[39m
[31m+[39m
[31m+       <details className="rounded-md border border-[#e1dfdd] bg-[#faf9f8] text-[13px]">[39m
[31m+         <summary className="cursor-pointer select-none px-3 py-2 font-medium text-[#323130]">ⓘ What is this? · How it works</summary>[39m
[31m+         <div className="px-3 pb-3 text-[#605e5c]">[39m
[31m+           <p>Each row is a server-side collector configured to watch a subject. Re-verifying queues a fresh check; it does not itself guarantee an updated result.</p>[39m
[31m+           <ol className="mt-1.5 list-decimal space-y-0.5 pl-4">[39m
[31m+             <li>Review last observed and last run status for each configured source.</li>[39m
[31m+             <li>Select re-verify to queue a new check (requires Owner, Admin or Technician).</li>[39m
[31m+             <li>An administrator must configure a source before this tenant has any monitoring coverage.</li>[39m
[31m+           </ol>[39m
[31m+         </div>[39m
[31m+       </details>[39m
[31m+[39m
[31m+       {error && ([39m
[31m+         <div role="alert" className="flex gap-3 rounded-md border border-[#f3d6d8] bg-[#fdf2f2] p-3 text-[13px] text-[#a4262c]">[39m
[31m+           <AlertCircle className="h-4 w-4 shrink-0" />[39m
[31m+           <div><p className="font-semibold">Verification unavailable</p><p className="mt-1">{error}</p></div>[39m
[31m+         </div>[39m
[31m+       )}[39m
[31m+[39m
[31m+       {loading ? ([39m
[31m+         <div className="rounded-md border border-[#e1dfdd] bg-white p-4">[39m
[31m+           <div className="space-y-2">{[1, 2].map(item => <div key={item} className="h-10 animate-pulse rounded bg-[#f3f2f1]" />)}</div>[39m
[31m+         </div>[39m
[31m+       ) : configurations.length ? ([39m
[31m+         <div className="overflow-x-auto rounded-md border border-[#e1dfdd] bg-white">[39m
[31m+           <table className="w-full min-w-[760px] border-collapse text-left">[39m
[31m+             <thead>[39m
[31m+               <tr className="border-b border-[#e1dfdd] text-[11px] uppercase tracking-wide text-[#605e5c]">[39m
[31m+                 <th className="px-4 py-2.5 font-medium">Collector / subject</th>[39m
[31m+                 <th className="px-4 py-2.5 font-medium">Status</th>[39m
[31m+                 <th className="px-4 py-2.5 font-medium">Last observed</th>[39m
[31m+                 <th className="px-4 py-2.5 font-medium">Last run</th>[39m
[31m+                 <th className="px-4 py-2.5 font-medium">Next check</th>[39m
[31m+                 <th className="px-4 py-2.5 font-medium"></th>[39m
[31m+               </tr>[39m
[31m+             </thead>[39m
[31m+             <tbody>[39m
[31m+               {configurations.map(config => {[39m
[31m+                 const job = latest(config.id);[39m
[31m+                 return ([39m
[31m+                   <tr key={config.id} className="border-b border-[#f3f2f1] text-[13px]">[39m
[31m+                     <td className="px-4 py-2.5">[39m
[31m+                       <div className="text-[11px] uppercase tracking-wide text-[#8a8886]">{config.collectorId.replace('_', ' ')} collector</div>[39m
[31m+                       <div className="mt-0.5 break-all font-medium text-[#201f1e]">{config.subjectIdentifier}</div>[39m
[31m+                     </td>[39m
[31m+                     <td className="px-4 py-2.5">[39m
[31m+                       <span className="inline-flex items-center gap-1.5">[39m
[31m+                         <span className={`h-1.5 w-1.5 rounded-full ${config.enabled ? 'bg-[#0e700e]' : 'bg-[#8a8886]'}`} />[39m
[31m+                         {config.enabled ? 'Watching' : 'Paused'}[39m
[31m+                       </span>[39m
[31m+                     </td>[39m
[31m+                     <td className="px-4 py-2.5 text-[#605e5c]"><span className="inline-flex items-center gap-1.5"><Clock3 className="h-3.5 w-3.5 text-[#8a8886]" />{readable(config.lastObservedAt)}</span></td>[39m
[31m+                     <td className="px-4 py-2.5 text-[#605e5c]"><span className="inline-flex items-center gap-1.5"><Activity className="h-3.5 w-3.5 text-[#8a8886]" />{job ? `${job.state} · ${readable(job.completedAt || job.createdAt)}` : 'No run recorded'}</span></td>[39m
[31m+                     <td className="px-4 py-2.5 text-[#605e5c]"><span className="inline-flex items-center gap-1.5"><CheckCircle2 className="h-3.5 w-3.5 text-[#8a8886]" />{readable(config.nextScheduledAt)}</span></td>[39m
[31m+                     <td className="px-4 py-2.5 text-right">[39m
[31m+                       <button[39m
[31m+                         onClick={() => void run(config.id)}[39m
[31m+                         disabled={!canRun || !config.enabled || running === config.id}[39m
[31m+                         title={!canRun ? `Your ${role} role cannot run verifications.` : undefined}[39m
[31m+                         className="inline-flex h-8 items-center gap-1.5 rounded bg-[#0f6cbd] px-3 text-[12px] font-medium text-white hover:bg-[#004578] disabled:cursor-not-allowed disabled:opacity-50"[39m
[31m+                       >[39m
[31m+                         <Play className="h-3.5 w-3.5" />{running === config.id ? 'Queueing…' : 'Re-verify'}[39m
[31m+                       </button>[39m
[31m+                     </td>[39m
[31m+                   </tr>[39m
[31m+                 );[39m
[31m+               })}[39m
[31m+             </tbody>[39m
[31m+           </table>[39m
[31m+         </div>[39m
[31m+       ) : ([39m
[31m+         <div className="rounded-md border border-[#e1dfdd] bg-white px-6 py-10 text-center">[39m
[31m+           <XCircle className="mx-auto h-6 w-6 text-[#c8c6c4]" />[39m
[31m+           <h2 className="mt-2 text-[13px] font-semibold text-[#201f1e]">No verification sources configured</h2>[39m
[31m+           <p className="mx-auto mt-1 max-w-md text-[12px] leading-5 text-[#605e5c]">SPR cannot claim continuous coverage until an administrator configures a monitored source for this tenant.</p>[39m
[31m+         </div>[39m
[31m+       )}[39m
[31m+     </section>[39m
[31m+   );[39m
[31m+ }[39m
[31m+[39m

[36m [2m❯[22m tests/monitoring-contract.test.ts:[2m139:15[22m[39m
    [90m137| [39m  it('only offers acknowledge/resolve controls to roles that can mutat…
    [90m138| [39m    [35mconst[39m s [33m=[39m [34msource[39m()[33m;[39m
    [90m139| [39m    expect(s).toContain("const canManageAlerts = role === 'Owner' || r…
    [90m   | [39m              [31m^[39m
    [90m140| [39m  })[33m;[39m
    [90m141| [39m})[33m;[39m

[31m[2m⎯⎯⎯⎯⎯⎯⎯⎯⎯⎯⎯⎯⎯⎯⎯⎯⎯⎯⎯⎯⎯[61/141]⎯[22m[39m

[41m[1m FAIL [22m[49m tests/msp-command-center-and-pricing-contract.test.ts[2m > [22mSPR MSP Command Center — software verification metrics[2m > [22mreceives real passport records as a prop instead of deriving software counts from clients/alerts alone
[31m[1mAssertionError[22m: expected 'import React, { useEffect, useMemo, u…' to contain 'passports: SoftwarePassport[]'[39m

[32m- Expected[39m
[31m+ Received[39m

[32m- passports: SoftwarePassport[][39m
[31m+ import React, { useEffect, useMemo, useState } from 'react';[39m
[31m+ import { AlertTriangle, ArrowRight, Building2, CheckCircle2, FileSearch, ShieldAlert, User, X } from 'lucide-react';[39m
[31m+ import { Alert, Client } from '../types';[39m
[31m+ import { apiFetch } from '../utils/apiClient';[39m
[31m+ import type { VerificationDecision } from '../lib/verification/evaluateVerification';[39m
[31m+[39m
[31m+ interface Props {[39m
[31m+   clients: Client[];[39m
[31m+   alerts: Alert[];[39m
[31m+   findings: any[];[39m
[31m+   role?: string;[39m
[31m+   onSelectClient: (id: string) => void;[39m
[31m+   onSelectPassport?: (passportId: string) => void;[39m
[31m+   onNavigate: (tab: string) => void;[39m
[31m+   verificationDecisions?: Record<string, VerificationDecision>;[39m
[31m+   verificationDetails?: Record<string, unknown>;[39m
[31m+ }[39m
[31m+[39m
[31m+ type Assignment = { id: string; client_id: string; technician_display: string; assigned_by: string; updated_at: string };[39m
[31m+ type TeamMember = { id: number; email: string; displayName?: string | null; role: string };[39m
[31m+[39m
[31m+ const severityClass = (severity: Alert['severity']) => severity === 'Critical'[39m
[31m+   ? 'border-[#a4262c]/30 bg-[#fdf2f2] text-[#a4262c]'[39m
[31m+   : severity === 'High' ? 'border-[#8a5700]/30 bg-[#fff4ce] text-[#8a5700]'[39m
[31m+   : 'border-[#0f6cbd]/30 bg-[#eff6fc] text-[#0f6cbd]';[39m
[31m+[39m
[31m+ export default function MSPCommandCenter({ clients, alerts, findings, role = 'Viewer', onSelectClient, onNavigate, onSelectPassport, verificationDecisions = {}, verificationDetails = {} }: Props) {[39m
[31m+   const [selected, setSelected] = useState<Alert | null>(null);[39m
[31m+   const [assignments, setAssignments] = useState<Assignment[]>([]);[39m
[31m+   const [team, setTeam] = useState<TeamMember[]>([]);[39m
[31m+   const [assigningClientId, setAssigningClientId] = useState<string | null>(null);[39m
[31m+   const canAssign = role === 'Owner' || role === 'Admin';[39m
[31m+   const trustStateFromDecision = (decision?: VerificationDecision) => decision?.state ?? 'UNINITIALIZED';[39m
[31m+   const trustStateForPassportItem = (item: { passportId: string }) => trustStateFromDecision(verificationDecisions?.[item.passportId]);[39m
[31m+   const selectPassport = (passportId: string) => { onSelectPassport?.(passportId); };[39m
[31m+   const passportDecision = (passport: { id: string }) => { const decision = verificationDecisions?.[passport.id]; return decision; };[39m
[31m+   void verificationDetails;[39m
[31m+[39m
[31m+   const loadAssignments = () => { apiFetch('/api/msp/assignments').then((r) => r.ok ? r.json() : null).then((data) => { if (Array.isArray(data?.assignments)) setAssignments(data.assignments); }).catch(() => {}); };[39m
[31m+   useEffect(() => { loadAssignments(); apiFetch('/api/organization/team').then((r) => r.ok ? r.json() : null).then((data) => { if (Array.isArray(data)) setTeam(data); }).catch(() => {}); }, []);[39m
[31m+[39m
[31m+   const assignmentByClient = useMemo(() => new Map(assignments.map((a) => [a.client_id, a])), [assignments]);[39m
[31m+   const assignTechnician = async (clientId: string, member: TeamMember) => {[39m
[31m+     const response = await apiFetch('/api/msp/assignments', { method: 'PUT', headers: { 'Content-Type': 'application/json' }, body: JSON.stringify({ clientId, technicianUserId: member.id, technicianDisplay: member.displayName || member.email }) });[39m
[31m+     if (response.ok) { loadAssignments(); setAssigningClientId(null); }[39m
[31m+   };[39m
[31m+   const unassignTechnician = async (clientId: string) => {[39m
[31m+     const response = await apiFetch(`/api/msp/assignments/${encodeURIComponent(clientId)}`, { method: 'DELETE' });[39m
[31m+     if (response.ok) loadAssignments();[39m
[31m+   };[39m
[31m+[39m
[31m+   const clientRiskRollup = useMemo(() => clients.map((client) => {[39m
[31m+     const clientAlerts = alerts.filter((a) => a.clientName === client.name);[39m
[31m+     const active = clientAlerts.filter((a) => a.status !== 'Resolved' && a.status !== 'Cancelled');[39m
[31m+     const critical = active.filter((a) => a.severity === 'Critical').length;[39m
[31m+     const high = active.filter((a) => a.severity === 'High').length;[39m
[31m+     return { client, activeCount: active.length, critical, high, assignment: assignmentByClient.get(client.id) };[39m
[31m+   }).sort((a, b) => (b.critical - a.critical) || (b.high - a.high) || (b.activeCount - a.activeCount)), [clients, alerts, assignmentByClient]);[39m
[31m+   // Sourced from the same /api/trust-loop/findings data App.tsx already fetched[39m
[31m+   // to build `alerts` -- no second network round trip for finding detail.[39m
[31m+   const finding = useMemo(() => selected ? findings.find((item: any) => String(item.id) === selected.id) || null : null, [selected?.id, findings]);[39m
[31m+   const findingError = selected && !finding ? 'Finding details are unavailable.' : null;[39m
[31m+   const [task, setTask] = useState<any | null>(null);[39m
[31m+   const [taskLoading, setTaskLoading] = useState(false);[39m
[31m+   const [taskError, setTaskError] = useState<string | null>(null);[39m
[31m+   const attention = useMemo(() => alerts.filter(item => item.status === 'Active').sort((a, b) => {[39m
[31m+     const rank = { Critical: 3, High: 2, Medium: 1, Low: 0 };[39m
[31m+     return rank[b.severity] - rank[a.severity];[39m
[31m+   }), [alerts]);[39m
[31m+   const criticalClients = new Set(attention.filter(item => item.severity === 'Critical').map(item => item.clientName)).size;[39m
[31m+   const attentionClients = new Set(attention.filter(item => item.severity !== 'Critical').map(item => item.clientName)).size;[39m
[31m+   // A remediation may already exist for this finding (created from the Alerts[39m
[31m+   // view via the same /api/trust-loop/remediations backend) -- load it by the[39m
[31m+   // id the findings join already gives us instead of scanning a task list.[39m
[31m+   useEffect(() => {[39m
[31m+     setTask(null); setTaskError(null);[39m
[31m+     if (!selected?.remediationId) return;[39m
[31m+     let cancelled = false;[39m
[31m+     apiFetch(`/api/trust-loop/remediations/${encodeURIComponent(selected.remediationId)}`).then(response => response.ok ? response.json() : null).then(data => { if (!cancelled && data) setTask(data); }).catch(() => {});[39m
[31m+     return () => { cancelled = true; };[39m
[31m+   }, [selected?.id, selected?.remediationId]);[39m
[31m+   const createTask = async () => {[39m
[31m+     if (!selected || !finding || taskLoading) return;[39m
[31m+     setTaskLoading(true); setTaskError(null);[39m
[31m+     try {[39m
[31m+       const response = await apiFetch('/api/trust-loop/remediations', {[39m
[31m+         method: 'POST', headers: { 'Content-Type': 'application/json' },[39m
[31m+         body: JSON.stringify({ findingId: selected.id, title: selected.title, description: selected.description, priority: selected.severity.toUpperCase() }),[39m
[31m+       });[39m
[31m+       const body = await response.json().catch(() => ({}));[39m
[31m+       if (!response.ok) throw new Error(body?.error || 'SPR could not create the remediation task.');[39m
[31m+       setTask(body);[39m
[31m+     } catch (cause: any) { setTaskError(cause?.message || 'SPR could not create the remediation task.'); }[39m
[31m+     finally { setTaskLoading(false); }[39m
[31m+   };[39m
[31m+   const transitionTask = async (status: 'IN_PROGRESS' | 'READY_FOR_VERIFICATION') => {[39m
[31m+     if (!task || taskLoading) return;[39m
[31m+     setTaskLoading(true); setTaskError(null);[39m
[31m+     try {[39m
[31m+       const response = await apiFetch(`/api/trust-loop/remediations/${encodeURIComponent(task.id)}`, { method: 'PATCH', headers: { 'Content-Type': 'application/json' }, body: JSON.stringify({ status }) });[39m
[31m+       const body = await response.json().catch(() => ({}));[39m
[31m+       if (!response.ok) throw new Error(body?.error || 'SPR could not update the task.');[39m
[31m+       setTask(body);[39m
[31m+     } catch (cause: any) { setTaskError(cause?.message || 'SPR could not update the task.'); }[39m
[31m+     finally { setTaskLoading(false); }[39m
[31m+   };[39m
[31m+   // Re-verifies against the most recent trust_observation SPR already has on[39m
[31m+   // file for this software -- there is no live "run a check now" job queue,[39m
[31m+   // so this is honestly a re-check of existing evidence, not a fresh scan.[39m
[31m+   const verifyWithLatestEvidence = async () => {[39m
[31m+     if (!task || taskLoading) return;[39m
[31m+     setTaskLoading(true); setTaskError(null);[39m
[31m+     try {[39m
[31m+       const response = await apiFetch(`/api/trust-loop/remediations/${encodeURIComponent(task.id)}/verify-latest`, { method: 'POST' });[39m
[31m+       const body = await response.json().catch(() => ({}));[39m
[31m+       if (!response.ok) throw new Error(body?.error || 'SPR could not verify this task against current evidence.');[39m
[31m+       setTask(body);[39m
[31m+     } catch (cause: any) { setTaskError(cause?.message || 'SPR could not verify this task against current evidence.'); }[39m
[31m+     finally { setTaskLoading(false); }[39m
[31m+   };[39m
[31m+[39m
[31m+   return <section id="msp-command-center" aria-labelledby="msp-command-center-title">[39m
[31m+     <div className="mb-4 flex flex-wrap items-center justify-between gap-3">[39m
[31m+       <div>[39m
[31m+         <h1 id="msp-command-center-title" className="text-[22px] font-semibold text-[#201f1e]">Who needs you today?</h1>[39m
[31m+         <p className="mt-1 text-[13px] text-[#605e5c]">Prioritized work from the evidence and findings SPR currently has on record. A closed task is not a verified fix.</p>[39m
[31m+       </div>[39m
[31m+       <button type="button" onClick={() => onNavigate('clients')} className="inline-flex h-8 items-center gap-1.5 rounded border border-[#c8c6c4] px-3 text-[13px] font-medium text-[#323130] hover:bg-black/[.03]">[39m
[31m+         View all clients <ArrowRight className="h-3.5 w-3.5" />[39m
[31m+       </button>[39m
[31m+     </div>[39m
[31m+[39m
[31m+     <div className="mb-4 flex flex-wrap gap-6 rounded-md border border-[#e1dfdd] bg-white p-3">[39m
[31m+       <Metric label="Clients" value={clients.length} icon={<Building2 className="h-3.5 w-3.5" />} />[39m
[31m+       <Metric label="Healthy" value={Math.max(0, clients.length - criticalClients - attentionClients)} icon={<CheckCircle2 className="h-3.5 w-3.5 text-[#0e700e]" />} />[39m
[31m+       <Metric label="Need attention" value={attentionClients} icon={<AlertTriangle className="h-3.5 w-3.5 text-[#8a5700]" />} />[39m
[31m+       <Metric label="Critical" value={criticalClients} icon={<ShieldAlert className="h-3.5 w-3.5 text-[#a4262c]" />} />[39m
[31m+     </div>[39m
[31m+[39m
[31m+     <div className="mb-4 rounded-md border border-[#e1dfdd] bg-white">[39m
[31m+       <div className="border-b border-[#e1dfdd] px-4 py-3"><h2 className="text-[14px] font-semibold text-[#201f1e]">Cross-client risk</h2><p className="mt-0.5 text-[12px] text-[#605e5c]">Every client ranked by active critical and high findings, with technician assignment.</p></div>[39m
[31m+       <div className="overflow-x-auto">[39m
[31m+         <table className="w-full min-w-[640px] text-left text-[13px]">[39m
[31m+           <thead className="border-b border-[#e1dfdd] text-[11px] uppercase tracking-wide text-[#605e5c]"><tr><th className="px-4 py-2">Client</th><th className="px-4 py-2">Critical</th><th className="px-4 py-2">High</th><th className="px-4 py-2">Active findings</th><th className="px-4 py-2">Assigned technician</th></tr></thead>[39m
[31m+           <tbody>[39m
[31m+             {clientRiskRollup.map(({ client, activeCount, critical, high, assignment }) => ([39m
[31m+               <tr key={client.id} className="border-b border-[#f3f2f1] hover:bg-black/[.02]">[39m
[31m+                 <td className="px-4 py-2.5 font-medium text-[#201f1e]">{client.name}</td>[39m
[31m+                 <td className="px-4 py-2.5">{critical > 0 ? <span className="rounded border border-[#a4262c]/30 bg-[#fdf2f2] px-1.5 py-0.5 text-[11px] font-semibold text-[#a4262c]">{critical}</span> : <span className="text-[#8a8886]">0</span>}</td>[39m
[31m+                 <td className="px-4 py-2.5">{high > 0 ? <span className="rounded border border-[#8a5700]/30 bg-[#fff4ce] px-1.5 py-0.5 text-[11px] font-semibold text-[#8a5700]">{high}</span> : <span className="text-[#8a8886]">0</span>}</td>[39m
[31m+                 <td className="px-4 py-2.5 text-[#323130]">{activeCount}</td>[39m
[31m+                 <td className="px-4 py-2.5">[39m
[31m+                   {assigningClientId === client.id ? ([39m
[31m+                     <select autoFocus onBlur={() => setAssigningClientId(null)} onChange={(e) => { const member = team.find((m) => String(m.id) === e.target.value); if (member) void assignTechnician(client.id, member); }} className="h-8 rounded border border-[#c8c6c4] bg-white px-2 text-[12px] text-[#201f1e] focus:border-[#0f6cbd] focus:outline-none focus:ring-1 focus:ring-[#0f6cbd]">[39m
[31m+                       <option value="">Select technician…</option>[39m
[31m+                       {team.map((member) => <option key={member.id} value={member.id}>{member.displayName || member.email}</option>)}[39m
[31m+                     </select>[39m
[31m+                   ) : assignment ? ([39m
[31m+                     <div className="flex items-center gap-2 text-[12px] text-[#323130]"><User className="h-3 w-3 text-[#8a8886]" />{assignment.technician_display}[39m
[31m+                       {canAssign && <button type="button" onClick={() => void unassignTechnician(client.id)} className="text-[#8a8886] hover:text-[#a4262c]">×</button>}[39m
[31m+                       {canAssign && <button type="button" onClick={() => setAssigningClientId(client.id)} className="text-[#0f6cbd] hover:text-[#004578]">change</button>}[39m
[31m+                     </div>[39m
[31m+                   ) : canAssign ? ([39m
[31m+                     <button type="button" onClick={() => setAssigningClientId(client.id)} className="rounded border border-[#c8c6c4] px-2 py-1 text-[12px] text-[#605e5c] hover:bg-black/[.03]">Assign…</button>[39m
[31m+                   ) : <span className="text-[12px] text-[#8a8886]">Unassigned</span>}[39m
[31m+                 </td>[39m
[31m+               </tr>[39m
[31m+             ))}[39m
[31m+           </tbody>[39m
[31m+         </table>[39m
[31m+       </div>[39m
[31m+     </div>[39m
[31m+[39m
[31m+     <div className="rounded-md border border-[#e1dfdd] bg-white">[39m
[31m+       <div className="flex flex-col gap-2 border-b border-[#e1dfdd] px-4 py-3 sm:flex-row sm:items-center sm:justify-between">[39m
[31m+         <div><h2 className="text-[14px] font-semibold text-[#201f1e]">Clients needing action</h2><p className="mt-0.5 text-[12px] text-[#605e5c]">Most urgent first, based on active recorded findings.</p></div>[39m
[31m+         <span className="w-fit rounded border border-[#c8c6c4] bg-[#faf9f8] px-2 py-0.5 text-[11px] font-medium text-[#605e5c]">{attention.length} active findings</span>[39m
[31m+       </div>[39m
[31m+       {attention.length ? <div>[39m
[31m+         {attention.map(alert => {[39m
[31m+           const client = clients.find(item => item.name === alert.clientName);[39m
[31m+           return <article key={alert.id} className="grid gap-3 border-b border-[#f3f2f1] px-4 py-3 last:border-b-0 lg:grid-cols-[minmax(180px,0.8fr)_minmax(260px,1.5fr)_auto] lg:items-center">[39m
[31m+             <div>[39m
[31m+               <p className="font-medium text-[#201f1e]">{alert.clientName}</p>[39m
[31m+               <p className="mt-0.5 text-[11px] text-[#8a8886]">Observed {alert.timestamp}</p>[39m
[31m+             </div>[39m
[31m+             <div>[39m
[31m+               <div className="mb-1.5 flex flex-wrap gap-1.5"><span className={`rounded border px-1.5 py-0.5 text-[11px] font-semibold ${severityClass(alert.severity)}`}>{alert.severity}</span><span className="rounded bg-[#f3f2f1] px-1.5 py-0.5 text-[11px] text-[#605e5c]">{alert.category}</span></div>[39m
[31m+               <p className="text-[13px] font-medium text-[#201f1e]">{alert.title}</p><p className="mt-0.5 text-[12px] leading-5 text-[#605e5c]">{alert.description}</p>[39m
[31m+             </div>[39m
[31m+             <div className="flex gap-2 lg:flex-col"><button type="button" onClick={() => setSelected(alert)} className="inline-flex h-8 items-center justify-center gap-1.5 rounded bg-[#0f6cbd] px-3 text-[13px] font-medium text-white hover:bg-[#004578]">Investigate <ArrowRight className="h-3.5 w-3.5" /></button>{client && <button type="button" onClick={() => onSelectClient(client.id)} className="h-8 rounded border border-[#c8c6c4] px-3 text-[13px] font-medium text-[#323130] hover:bg-black/[.03]">Client</button>}</div>[39m
[31m+           </article>;[39m
[31m+         })}[39m
[31m+       </div> : <div className="px-6 py-10 text-center"><CheckCircle2 className="mx-auto h-6 w-6 text-[#0e700e]" /><h3 className="mt-2 text-[13px] font-semibold text-[#201f1e]">No clients need attention</h3><p className="mt-1 text-[12px] text-[#605e5c]">Your monitored clients currently have no active recorded findings requiring action.</p></div>}[39m
[31m+     </div>[39m
[31m+[39m
[31m+     {selected && <div className="fixed inset-0 z-50 flex items-end bg-black/40 p-0 md:items-center md:justify-center md:p-6" role="dialog" aria-modal="true" aria-labelledby="finding-title">[39m
[31m+       <div className="max-h-[92vh] w-full max-w-2xl overflow-y-auto rounded-t-md border border-[#e1dfdd] bg-white p-5 md:rounded-md"><div className="flex items-start justify-between gap-4"><div><p className="text-[11px] font-semibold uppercase tracking-wide text-[#605e5c]">Finding detail · Explain this</p><h2 id="finding-title" className="mt-1 text-[18px] font-semibold text-[#201f1e]">{selected.title}</h2></div><button type="button" onClick={() => setSelected(null)} aria-label="Close finding" className="rounded p-1.5 text-[#605e5c] hover:bg-black/[.05]"><X className="h-4 w-4" /></button></div>[39m
[31m+         {findingError && <div role="alert" className="mt-4 rounded-md border border-[#a4262c]/30 bg-[#fdf2f2] p-3 text-[13px] text-[#a4262c]"><p className="font-semibold">Finding detail unavailable</p><p className="mt-0.5">{findingError}</p></div>}[39m
[31m+         {finding && <><div className="mt-4 grid gap-3 sm:grid-cols-2"><Detail label="Client" value={selected.clientName} /><Detail label="Severity and status" value={`${finding.severity} — ${finding.status}`} /><Detail label="First observed" value={formatStoredTime(finding.created_at)} /><Detail label="Last observed" value={formatStoredTime(finding.updated_at)} /></div>[39m
[31m+         <section className="mt-3 rounded-md border border-[#e1dfdd] bg-[#faf9f8] p-3"><h3 className="text-[13px] font-semibold text-[#201f1e]">Observed</h3><p className="mt-1 text-[13px] leading-6 text-[#323130]">{finding.description || 'No observation description is available.'}</p></section><div className="mt-3 grid gap-3 sm:grid-cols-2"><Detail label="Why it matters" value="Review this recorded finding with its evidence before choosing remediation." /><Detail label="What you can do" value="Create a remediation task, then collect a new observation before treating the finding as resolved." /></div>[39m
[31m+         <section className="mt-3 rounded-md border border-[#e1dfdd] bg-[#faf9f8] p-3"><h3 className="text-[13px] font-semibold text-[#201f1e]">Evidence chain</h3><p className="mt-0.5 text-[11px] text-[#8a8886]">Finding → observed artifact → source evidence → verification time</p>{evidenceList(finding.evidence_ids).length ? <ul className="mt-3 space-y-1.5">{evidenceList(finding.evidence_ids).map((id: string) => <li key={id} className="rounded border border-[#e1dfdd] bg-white px-2.5 py-1.5 font-mono text-[11px] text-[#323130]">Evidence reference: {id}</li>)}</ul> : <p className="mt-3 text-[13px] text-[#605e5c]">Evidence unavailable. This finding has no stored evidence references.</p>}</section></>}[39m
[31m+         {taskError && <p role="alert" className="mt-3 text-[13px] text-[#a4262c]">{taskError}</p>}[39m
[31m+         {task && <section className="mt-3 rounded-md border border-[#0f6cbd]/30 bg-[#eff6fc] p-3"><p className="text-[11px] font-semibold uppercase tracking-wide text-[#0f6cbd]">Remediation task</p><p className="mt-1 text-[13px] font-semibold text-[#201f1e]">{task.title}</p><p className="mt-0.5 text-[12px] text-[#323130]">{task.status.replaceAll('_', ' ')} · created {formatStoredTime(task.created_at)}</p>{task.status === 'OPEN' && <button type="button" onClick={() => void transitionTask('IN_PROGRESS')} disabled={taskLoading} className="mt-3 inline-flex h-8 items-center rounded bg-[#0f6cbd] px-3 text-[13px] font-medium text-white hover:bg-[#004578] disabled:opacity-50">{taskLoading ? 'Updating task…' : 'Start remediation'}</button>}{task.status === 'IN_PROGRESS' && <button type="button" onClick={() => void transitionTask('READY_FOR_VERIFICATION')} disabled={taskLoading} className="mt-3 inline-flex h-8 items-center rounded bg-[#0f6cbd] px-3 text-[13px] font-medium text-white hover:bg-[#004578] disabled:opacity-50">{taskLoading ? 'Updating task…' : 'Mark ready for verification'}</button>}{task.status === 'READY_FOR_VERIFICATION' && <div className="mt-2"><p className="text-[13px] text-[#8a5700]">Remediation marked complete. Verification required.</p><p className="mt-0.5 text-[11px] text-[#605e5c]">Re-checks the most recent evidence SPR already has on file for this software — this is not a live scan.</p><button type="button" onClick={() => void verifyWithLatestEvidence()} disabled={taskLoading} className="mt-2 inline-flex h-8 items-center rounded bg-[#0f6cbd] px-3 text-[13px] font-medium text-white hover:bg-[#004578] disabled:opacity-50">{taskLoading ? 'Verifying…' : 'Verify with latest evidence'}</button></div>}{task.status === 'VERIFIED' && <p className="mt-2 text-[13px] text-[#0e700e]">Verified against evidence SPR collected. The underlying finding is now marked resolved.</p>}</section>}[39m
[31m+         <div className="mt-4 flex flex-wrap gap-2"><button type="button" onClick={() => { setSelected(null); onNavigate('alerts'); }} disabled={!finding} className="inline-flex h-8 items-center gap-1.5 rounded bg-[#0f6cbd] px-3 text-[13px] font-medium text-white hover:bg-[#004578] disabled:opacity-50"><FileSearch className="h-3.5 w-3.5" /> Show evidence</button>{task ? <span className="inline-flex h-8 items-center rounded border border-[#c8c6c4] px-3 text-[13px] font-medium text-[#323130]">Task created</span> : <button type="button" onClick={() => void createTask()} disabled={!finding || taskLoading} className="inline-flex h-8 items-center rounded border border-[#c8c6c4] px-3 text-[13px] font-medium text-[#323130] hover:bg-black/[.03] disabled:opacity-50">{taskLoading ? 'Creating task…' : 'Create remediation task'}</button>}</div>[39m
[31m+       </div>[39m
[31m+     </div>}[39m
[31m+   </section>;[39m
[31m+ }[39m
[31m+[39m
[31m+ function Metric({ label, value, icon }: { label: string; value: number; icon: React.ReactNode }) { return <div className="flex items-center gap-1.5">{icon}<div><div className="text-[11px] text-[#605e5c]">{label}</div><div className="text-lg font-semibold text-[#201f1e]">{value}</div></div></div>; }[39m
[31m+ function Detail({ label, value }: { label: string; value: string }) { return <div className="rounded-md border border-[#e1dfdd] bg-[#faf9f8] p-3"><p className="text-[11px] font-semibold uppercase tracking-wide text-[#605e5c]">{label}</p><p className="mt-1 text-[13px] leading-5 text-[#201f1e]">{value}</p></div>; }[39m
[31m+ function formatStoredTime(value?: string | null) { return value ? new Date(value).toLocaleString() : 'Not observed'; }[39m
[31m+ function evidenceList(value?: string | null) { try { const parsed = JSON.parse(value || '[]'); return Array.isArray(parsed) ? parsed.filter((item): item is string => typeof item === 'string') : []; } catch { return []; } }[39m
[31m+[39m

[36m [2m❯[22m tests/msp-command-center-and-pricing-contract.test.ts:[2m14:15[22m[39m
    [90m 12| [39m  it('receives real passport records as a prop instead of deriving sof…
    [90m 13| [39m    [35mconst[39m s [33m=[39m [34msource[39m()[33m;[39m
    [90m 14| [39m    [34mexpect[39m(s)[33m.[39m[34mtoContain[39m([32m'passports: SoftwarePassport[]'[39m)[33m;[39m
    [90m   | [39m              [31m^[39m
    [90m 15| [39m    expect(s).toContain('export default function MSPCommandCenter({ cl…
    [90m 16| [39m  })[33m;[39m

[31m[2m⎯⎯⎯⎯⎯⎯⎯⎯⎯⎯⎯⎯⎯⎯⎯⎯⎯⎯⎯⎯⎯[62/141]⎯[22m[39m

[41m[1m FAIL [22m[49m tests/msp-command-center-and-pricing-contract.test.ts[2m > [22mSPR MSP Command Center — software verification metrics[2m > [22mnever coerces an empty portfolio into a 0% coverage or freshness figure
[31m[1mAssertionError[22m: expected 'import React, { useEffect, useMemo, u…' to contain 'const coveragePct = total > 0 ? Math.…'[39m

[32m- Expected[39m
[31m+ Received[39m

[32m- const coveragePct = total > 0 ? Math.round((verified / total) * 100) : null;[39m
[31m+ import React, { useEffect, useMemo, useState } from 'react';[39m
[31m+ import { AlertTriangle, ArrowRight, Building2, CheckCircle2, FileSearch, ShieldAlert, User, X } from 'lucide-react';[39m
[31m+ import { Alert, Client } from '../types';[39m
[31m+ import { apiFetch } from '../utils/apiClient';[39m
[31m+ import type { VerificationDecision } from '../lib/verification/evaluateVerification';[39m
[31m+[39m
[31m+ interface Props {[39m
[31m+   clients: Client[];[39m
[31m+   alerts: Alert[];[39m
[31m+   findings: any[];[39m
[31m+   role?: string;[39m
[31m+   onSelectClient: (id: string) => void;[39m
[31m+   onSelectPassport?: (passportId: string) => void;[39m
[31m+   onNavigate: (tab: string) => void;[39m
[31m+   verificationDecisions?: Record<string, VerificationDecision>;[39m
[31m+   verificationDetails?: Record<string, unknown>;[39m
[31m+ }[39m
[31m+[39m
[31m+ type Assignment = { id: string; client_id: string; technician_display: string; assigned_by: string; updated_at: string };[39m
[31m+ type TeamMember = { id: number; email: string; displayName?: string | null; role: string };[39m
[31m+[39m
[31m+ const severityClass = (severity: Alert['severity']) => severity === 'Critical'[39m
[31m+   ? 'border-[#a4262c]/30 bg-[#fdf2f2] text-[#a4262c]'[39m
[31m+   : severity === 'High' ? 'border-[#8a5700]/30 bg-[#fff4ce] text-[#8a5700]'[39m
[31m+   : 'border-[#0f6cbd]/30 bg-[#eff6fc] text-[#0f6cbd]';[39m
[31m+[39m
[31m+ export default function MSPCommandCenter({ clients, alerts, findings, role = 'Viewer', onSelectClient, onNavigate, onSelectPassport, verificationDecisions = {}, verificationDetails = {} }: Props) {[39m
[31m+   const [selected, setSelected] = useState<Alert | null>(null);[39m
[31m+   const [assignments, setAssignments] = useState<Assignment[]>([]);[39m
[31m+   const [team, setTeam] = useState<TeamMember[]>([]);[39m
[31m+   const [assigningClientId, setAssigningClientId] = useState<string | null>(null);[39m
[31m+   const canAssign = role === 'Owner' || role === 'Admin';[39m
[31m+   const trustStateFromDecision = (decision?: VerificationDecision) => decision?.state ?? 'UNINITIALIZED';[39m
[31m+   const trustStateForPassportItem = (item: { passportId: string }) => trustStateFromDecision(verificationDecisions?.[item.passportId]);[39m
[31m+   const selectPassport = (passportId: string) => { onSelectPassport?.(passportId); };[39m
[31m+   const passportDecision = (passport: { id: string }) => { const decision = verificationDecisions?.[passport.id]; return decision; };[39m
[31m+   void verificationDetails;[39m
[31m+[39m
[31m+   const loadAssignments = () => { apiFetch('/api/msp/assignments').then((r) => r.ok ? r.json() : null).then((data) => { if (Array.isArray(data?.assignments)) setAssignments(data.assignments); }).catch(() => {}); };[39m
[31m+   useEffect(() => { loadAssignments(); apiFetch('/api/organization/team').then((r) => r.ok ? r.json() : null).then((data) => { if (Array.isArray(data)) setTeam(data); }).catch(() => {}); }, []);[39m
[31m+[39m
[31m+   const assignmentByClient = useMemo(() => new Map(assignments.map((a) => [a.client_id, a])), [assignments]);[39m
[31m+   const assignTechnician = async (clientId: string, member: TeamMember) => {[39m
[31m+     const response = await apiFetch('/api/msp/assignments', { method: 'PUT', headers: { 'Content-Type': 'application/json' }, body: JSON.stringify({ clientId, technicianUserId: member.id, technicianDisplay: member.displayName || member.email }) });[39m
[31m+     if (response.ok) { loadAssignments(); setAssigningClientId(null); }[39m
[31m+   };[39m
[31m+   const unassignTechnician = async (clientId: string) => {[39m
[31m+     const response = await apiFetch(`/api/msp/assignments/${encodeURIComponent(clientId)}`, { method: 'DELETE' });[39m
[31m+     if (response.ok) loadAssignments();[39m
[31m+   };[39m
[31m+[39m
[31m+   const clientRiskRollup = useMemo(() => clients.map((client) => {[39m
[31m+     const clientAlerts = alerts.filter((a) => a.clientName === client.name);[39m
[31m+     const active = clientAlerts.filter((a) => a.status !== 'Resolved' && a.status !== 'Cancelled');[39m
[31m+     const critical = active.filter((a) => a.severity === 'Critical').length;[39m
[31m+     const high = active.filter((a) => a.severity === 'High').length;[39m
[31m+     return { client, activeCount: active.length, critical, high, assignment: assignmentByClient.get(client.id) };[39m
[31m+   }).sort((a, b) => (b.critical - a.critical) || (b.high - a.high) || (b.activeCount - a.activeCount)), [clients, alerts, assignmentByClient]);[39m
[31m+   // Sourced from the same /api/trust-loop/findings data App.tsx already fetched[39m
[31m+   // to build `alerts` -- no second network round trip for finding detail.[39m
[31m+   const finding = useMemo(() => selected ? findings.find((item: any) => String(item.id) === selected.id) || null : null, [selected?.id, findings]);[39m
[31m+   const findingError = selected && !finding ? 'Finding details are unavailable.' : null;[39m
[31m+   const [task, setTask] = useState<any | null>(null);[39m
[31m+   const [taskLoading, setTaskLoading] = useState(false);[39m
[31m+   const [taskError, setTaskError] = useState<string | null>(null);[39m
[31m+   const attention = useMemo(() => alerts.filter(item => item.status === 'Active').sort((a, b) => {[39m
[31m+     const rank = { Critical: 3, High: 2, Medium: 1, Low: 0 };[39m
[31m+     return rank[b.severity] - rank[a.severity];[39m
[31m+   }), [alerts]);[39m
[31m+   const criticalClients = new Set(attention.filter(item => item.severity === 'Critical').map(item => item.clientName)).size;[39m
[31m+   const attentionClients = new Set(attention.filter(item => item.severity !== 'Critical').map(item => item.clientName)).size;[39m
[31m+   // A remediation may already exist for this finding (created from the Alerts[39m
[31m+   // view via the same /api/trust-loop/remediations backend) -- load it by the[39m
[31m+   // id the findings join already gives us instead of scanning a task list.[39m
[31m+   useEffect(() => {[39m
[31m+     setTask(null); setTaskError(null);[39m
[31m+     if (!selected?.remediationId) return;[39m
[31m+     let cancelled = false;[39m
[31m+     apiFetch(`/api/trust-loop/remediations/${encodeURIComponent(selected.remediationId)}`).then(response => response.ok ? response.json() : null).then(data => { if (!cancelled && data) setTask(data); }).catch(() => {});[39m
[31m+     return () => { cancelled = true; };[39m
[31m+   }, [selected?.id, selected?.remediationId]);[39m
[31m+   const createTask = async () => {[39m
[31m+     if (!selected || !finding || taskLoading) return;[39m
[31m+     setTaskLoading(true); setTaskError(null);[39m
[31m+     try {[39m
[31m+       const response = await apiFetch('/api/trust-loop/remediations', {[39m
[31m+         method: 'POST', headers: { 'Content-Type': 'application/json' },[39m
[31m+         body: JSON.stringify({ findingId: selected.id, title: selected.title, description: selected.description, priority: selected.severity.toUpperCase() }),[39m
[31m+       });[39m
[31m+       const body = await response.json().catch(() => ({}));[39m
[31m+       if (!response.ok) throw new Error(body?.error || 'SPR could not create the remediation task.');[39m
[31m+       setTask(body);[39m
[31m+     } catch (cause: any) { setTaskError(cause?.message || 'SPR could not create the remediation task.'); }[39m
[31m+     finally { setTaskLoading(false); }[39m
[31m+   };[39m
[31m+   const transitionTask = async (status: 'IN_PROGRESS' | 'READY_FOR_VERIFICATION') => {[39m
[31m+     if (!task || taskLoading) return;[39m
[31m+     setTaskLoading(true); setTaskError(null);[39m
[31m+     try {[39m
[31m+       const response = await apiFetch(`/api/trust-loop/remediations/${encodeURIComponent(task.id)}`, { method: 'PATCH', headers: { 'Content-Type': 'application/json' }, body: JSON.stringify({ status }) });[39m
[31m+       const body = await response.json().catch(() => ({}));[39m
[31m+       if (!response.ok) throw new Error(body?.error || 'SPR could not update the task.');[39m
[31m+       setTask(body);[39m
[31m+     } catch (cause: any) { setTaskError(cause?.message || 'SPR could not update the task.'); }[39m
[31m+     finally { setTaskLoading(false); }[39m
[31m+   };[39m
[31m+   // Re-verifies against the most recent trust_observation SPR already has on[39m
[31m+   // file for this software -- there is no live "run a check now" job queue,[39m
[31m+   // so this is honestly a re-check of existing evidence, not a fresh scan.[39m
[31m+   const verifyWithLatestEvidence = async () => {[39m
[31m+     if (!task || taskLoading) return;[39m
[31m+     setTaskLoading(true); setTaskError(null);[39m
[31m+     try {[39m
[31m+       const response = await apiFetch(`/api/trust-loop/remediations/${encodeURIComponent(task.id)}/verify-latest`, { method: 'POST' });[39m
[31m+       const body = await response.json().catch(() => ({}));[39m
[31m+       if (!response.ok) throw new Error(body?.error || 'SPR could not verify this task against current evidence.');[39m
[31m+       setTask(body);[39m
[31m+     } catch (cause: any) { setTaskError(cause?.message || 'SPR could not verify this task against current evidence.'); }[39m
[31m+     finally { setTaskLoading(false); }[39m
[31m+   };[39m
[31m+[39m
[31m+   return <section id="msp-command-center" aria-labelledby="msp-command-center-title">[39m
[31m+     <div className="mb-4 flex flex-wrap items-center justify-between gap-3">[39m
[31m+       <div>[39m
[31m+         <h1 id="msp-command-center-title" className="text-[22px] font-semibold text-[#201f1e]">Who needs you today?</h1>[39m
[31m+         <p className="mt-1 text-[13px] text-[#605e5c]">Prioritized work from the evidence and findings SPR currently has on record. A closed task is not a verified fix.</p>[39m
[31m+       </div>[39m
[31m+       <button type="button" onClick={() => onNavigate('clients')} className="inline-flex h-8 items-center gap-1.5 rounded border border-[#c8c6c4] px-3 text-[13px] font-medium text-[#323130] hover:bg-black/[.03]">[39m
[31m+         View all clients <ArrowRight className="h-3.5 w-3.5" />[39m
[31m+       </button>[39m
[31m+     </div>[39m
[31m+[39m
[31m+     <div className="mb-4 flex flex-wrap gap-6 rounded-md border border-[#e1dfdd] bg-white p-3">[39m
[31m+       <Metric label="Clients" value={clients.length} icon={<Building2 className="h-3.5 w-3.5" />} />[39m
[31m+       <Metric label="Healthy" value={Math.max(0, clients.length - criticalClients - attentionClients)} icon={<CheckCircle2 className="h-3.5 w-3.5 text-[#0e700e]" />} />[39m
[31m+       <Metric label="Need attention" value={attentionClients} icon={<AlertTriangle className="h-3.5 w-3.5 text-[#8a5700]" />} />[39m
[31m+       <Metric label="Critical" value={criticalClients} icon={<ShieldAlert className="h-3.5 w-3.5 text-[#a4262c]" />} />[39m
[31m+     </div>[39m
[31m+[39m
[31m+     <div className="mb-4 rounded-md border border-[#e1dfdd] bg-white">[39m
[31m+       <div className="border-b border-[#e1dfdd] px-4 py-3"><h2 className="text-[14px] font-semibold text-[#201f1e]">Cross-client risk</h2><p className="mt-0.5 text-[12px] text-[#605e5c]">Every client ranked by active critical and high findings, with technician assignment.</p></div>[39m
[31m+       <div className="overflow-x-auto">[39m
[31m+         <table className="w-full min-w-[640px] text-left text-[13px]">[39m
[31m+           <thead className="border-b border-[#e1dfdd] text-[11px] uppercase tracking-wide text-[#605e5c]"><tr><th className="px-4 py-2">Client</th><th className="px-4 py-2">Critical</th><th className="px-4 py-2">High</th><th className="px-4 py-2">Active findings</th><th className="px-4 py-2">Assigned technician</th></tr></thead>[39m
[31m+           <tbody>[39m
[31m+             {clientRiskRollup.map(({ client, activeCount, critical, high, assignment }) => ([39m
[31m+               <tr key={client.id} className="border-b border-[#f3f2f1] hover:bg-black/[.02]">[39m
[31m+                 <td className="px-4 py-2.5 font-medium text-[#201f1e]">{client.name}</td>[39m
[31m+                 <td className="px-4 py-2.5">{critical > 0 ? <span className="rounded border border-[#a4262c]/30 bg-[#fdf2f2] px-1.5 py-0.5 text-[11px] font-semibold text-[#a4262c]">{critical}</span> : <span className="text-[#8a8886]">0</span>}</td>[39m
[31m+                 <td className="px-4 py-2.5">{high > 0 ? <span className="rounded border border-[#8a5700]/30 bg-[#fff4ce] px-1.5 py-0.5 text-[11px] font-semibold text-[#8a5700]">{high}</span> : <span className="text-[#8a8886]">0</span>}</td>[39m
[31m+                 <td className="px-4 py-2.5 text-[#323130]">{activeCount}</td>[39m
[31m+                 <td className="px-4 py-2.5">[39m
[31m+                   {assigningClientId === client.id ? ([39m
[31m+                     <select autoFocus onBlur={() => setAssigningClientId(null)} onChange={(e) => { const member = team.find((m) => String(m.id) === e.target.value); if (member) void assignTechnician(client.id, member); }} className="h-8 rounded border border-[#c8c6c4] bg-white px-2 text-[12px] text-[#201f1e] focus:border-[#0f6cbd] focus:outline-none focus:ring-1 focus:ring-[#0f6cbd]">[39m
[31m+                       <option value="">Select technician…</option>[39m
[31m+                       {team.map((member) => <option key={member.id} value={member.id}>{member.displayName || member.email}</option>)}[39m
[31m+                     </select>[39m
[31m+                   ) : assignment ? ([39m
[31m+                     <div className="flex items-center gap-2 text-[12px] text-[#323130]"><User className="h-3 w-3 text-[#8a8886]" />{assignment.technician_display}[39m
[31m+                       {canAssign && <button type="button" onClick={() => void unassignTechnician(client.id)} className="text-[#8a8886] hover:text-[#a4262c]">×</button>}[39m
[31m+                       {canAssign && <button type="button" onClick={() => setAssigningClientId(client.id)} className="text-[#0f6cbd] hover:text-[#004578]">change</button>}[39m
[31m+                     </div>[39m
[31m+                   ) : canAssign ? ([39m
[31m+                     <button type="button" onClick={() => setAssigningClientId(client.id)} className="rounded border border-[#c8c6c4] px-2 py-1 text-[12px] text-[#605e5c] hover:bg-black/[.03]">Assign…</button>[39m
[31m+                   ) : <span className="text-[12px] text-[#8a8886]">Unassigned</span>}[39m
[31m+                 </td>[39m
[31m+               </tr>[39m
[31m+             ))}[39m
[31m+           </tbody>[39m
[31m+         </table>[39m
[31m+       </div>[39m
[31m+     </div>[39m
[31m+[39m
[31m+     <div className="rounded-md border border-[#e1dfdd] bg-white">[39m
[31m+       <div className="flex flex-col gap-2 border-b border-[#e1dfdd] px-4 py-3 sm:flex-row sm:items-center sm:justify-between">[39m
[31m+         <div><h2 className="text-[14px] font-semibold text-[#201f1e]">Clients needing action</h2><p className="mt-0.5 text-[12px] text-[#605e5c]">Most urgent first, based on active recorded findings.</p></div>[39m
[31m+         <span className="w-fit rounded border border-[#c8c6c4] bg-[#faf9f8] px-2 py-0.5 text-[11px] font-medium text-[#605e5c]">{attention.length} active findings</span>[39m
[31m+       </div>[39m
[31m+       {attention.length ? <div>[39m
[31m+         {attention.map(alert => {[39m
[31m+           const client = clients.find(item => item.name === alert.clientName);[39m
[31m+           return <article key={alert.id} className="grid gap-3 border-b border-[#f3f2f1] px-4 py-3 last:border-b-0 lg:grid-cols-[minmax(180px,0.8fr)_minmax(260px,1.5fr)_auto] lg:items-center">[39m
[31m+             <div>[39m
[31m+               <p className="font-medium text-[#201f1e]">{alert.clientName}</p>[39m
[31m+               <p className="mt-0.5 text-[11px] text-[#8a8886]">Observed {alert.timestamp}</p>[39m
[31m+             </div>[39m
[31m+             <div>[39m
[31m+               <div className="mb-1.5 flex flex-wrap gap-1.5"><span className={`rounded border px-1.5 py-0.5 text-[11px] font-semibold ${severityClass(alert.severity)}`}>{alert.severity}</span><span className="rounded bg-[#f3f2f1] px-1.5 py-0.5 text-[11px] text-[#605e5c]">{alert.category}</span></div>[39m
[31m+               <p className="text-[13px] font-medium text-[#201f1e]">{alert.title}</p><p className="mt-0.5 text-[12px] leading-5 text-[#605e5c]">{alert.description}</p>[39m
[31m+             </div>[39m
[31m+             <div className="flex gap-2 lg:flex-col"><button type="button" onClick={() => setSelected(alert)} className="inline-flex h-8 items-center justify-center gap-1.5 rounded bg-[#0f6cbd] px-3 text-[13px] font-medium text-white hover:bg-[#004578]">Investigate <ArrowRight className="h-3.5 w-3.5" /></button>{client && <button type="button" onClick={() => onSelectClient(client.id)} className="h-8 rounded border border-[#c8c6c4] px-3 text-[13px] font-medium text-[#323130] hover:bg-black/[.03]">Client</button>}</div>[39m
[31m+           </article>;[39m
[31m+         })}[39m
[31m+       </div> : <div className="px-6 py-10 text-center"><CheckCircle2 className="mx-auto h-6 w-6 text-[#0e700e]" /><h3 className="mt-2 text-[13px] font-semibold text-[#201f1e]">No clients need attention</h3><p className="mt-1 text-[12px] text-[#605e5c]">Your monitored clients currently have no active recorded findings requiring action.</p></div>}[39m
[31m+     </div>[39m
[31m+[39m
[31m+     {selected && <div className="fixed inset-0 z-50 flex items-end bg-black/40 p-0 md:items-center md:justify-center md:p-6" role="dialog" aria-modal="true" aria-labelledby="finding-title">[39m
[31m+       <div className="max-h-[92vh] w-full max-w-2xl overflow-y-auto rounded-t-md border border-[#e1dfdd] bg-white p-5 md:rounded-md"><div className="flex items-start justify-between gap-4"><div><p className="text-[11px] font-semibold uppercase tracking-wide text-[#605e5c]">Finding detail · Explain this</p><h2 id="finding-title" className="mt-1 text-[18px] font-semibold text-[#201f1e]">{selected.title}</h2></div><button type="button" onClick={() => setSelected(null)} aria-label="Close finding" className="rounded p-1.5 text-[#605e5c] hover:bg-black/[.05]"><X className="h-4 w-4" /></button></div>[39m
[31m+         {findingError && <div role="alert" className="mt-4 rounded-md border border-[#a4262c]/30 bg-[#fdf2f2] p-3 text-[13px] text-[#a4262c]"><p className="font-semibold">Finding detail unavailable</p><p className="mt-0.5">{findingError}</p></div>}[39m
[31m+         {finding && <><div className="mt-4 grid gap-3 sm:grid-cols-2"><Detail label="Client" value={selected.clientName} /><Detail label="Severity and status" value={`${finding.severity} — ${finding.status}`} /><Detail label="First observed" value={formatStoredTime(finding.created_at)} /><Detail label="Last observed" value={formatStoredTime(finding.updated_at)} /></div>[39m
[31m+         <section className="mt-3 rounded-md border border-[#e1dfdd] bg-[#faf9f8] p-3"><h3 className="text-[13px] font-semibold text-[#201f1e]">Observed</h3><p className="mt-1 text-[13px] leading-6 text-[#323130]">{finding.description || 'No observation description is available.'}</p></section><div className="mt-3 grid gap-3 sm:grid-cols-2"><Detail label="Why it matters" value="Review this recorded finding with its evidence before choosing remediation." /><Detail label="What you can do" value="Create a remediation task, then collect a new observation before treating the finding as resolved." /></div>[39m
[31m+         <section className="mt-3 rounded-md border border-[#e1dfdd] bg-[#faf9f8] p-3"><h3 className="text-[13px] font-semibold text-[#201f1e]">Evidence chain</h3><p className="mt-0.5 text-[11px] text-[#8a8886]">Finding → observed artifact → source evidence → verification time</p>{evidenceList(finding.evidence_ids).length ? <ul className="mt-3 space-y-1.5">{evidenceList(finding.evidence_ids).map((id: string) => <li key={id} className="rounded border border-[#e1dfdd] bg-white px-2.5 py-1.5 font-mono text-[11px] text-[#323130]">Evidence reference: {id}</li>)}</ul> : <p className="mt-3 text-[13px] text-[#605e5c]">Evidence unavailable. This finding has no stored evidence references.</p>}</section></>}[39m
[31m+         {taskError && <p role="alert" className="mt-3 text-[13px] text-[#a4262c]">{taskError}</p>}[39m
[31m+         {task && <section className="mt-3 rounded-md border border-[#0f6cbd]/30 bg-[#eff6fc] p-3"><p className="text-[11px] font-semibold uppercase tracking-wide text-[#0f6cbd]">Remediation task</p><p className="mt-1 text-[13px] font-semibold text-[#201f1e]">{task.title}</p><p className="mt-0.5 text-[12px] text-[#323130]">{task.status.replaceAll('_', ' ')} · created {formatStoredTime(task.created_at)}</p>{task.status === 'OPEN' && <button type="button" onClick={() => void transitionTask('IN_PROGRESS')} disabled={taskLoading} className="mt-3 inline-flex h-8 items-center rounded bg-[#0f6cbd] px-3 text-[13px] font-medium text-white hover:bg-[#004578] disabled:opacity-50">{taskLoading ? 'Updating task…' : 'Start remediation'}</button>}{task.status === 'IN_PROGRESS' && <button type="button" onClick={() => void transitionTask('READY_FOR_VERIFICATION')} disabled={taskLoading} className="mt-3 inline-flex h-8 items-center rounded bg-[#0f6cbd] px-3 text-[13px] font-medium text-white hover:bg-[#004578] disabled:opacity-50">{taskLoading ? 'Updating task…' : 'Mark ready for verification'}</button>}{task.status === 'READY_FOR_VERIFICATION' && <div className="mt-2"><p className="text-[13px] text-[#8a5700]">Remediation marked complete. Verification required.</p><p className="mt-0.5 text-[11px] text-[#605e5c]">Re-checks the most recent evidence SPR already has on file for this software — this is not a live scan.</p><button type="button" onClick={() => void verifyWithLatestEvidence()} disabled={taskLoading} className="mt-2 inline-flex h-8 items-center rounded bg-[#0f6cbd] px-3 text-[13px] font-medium text-white hover:bg-[#004578] disabled:opacity-50">{taskLoading ? 'Verifying…' : 'Verify with latest evidence'}</button></div>}{task.status === 'VERIFIED' && <p className="mt-2 text-[13px] text-[#0e700e]">Verified against evidence SPR collected. The underlying finding is now marked resolved.</p>}</section>}[39m
[31m+         <div className="mt-4 flex flex-wrap gap-2"><button type="button" onClick={() => { setSelected(null); onNavigate('alerts'); }} disabled={!finding} className="inline-flex h-8 items-center gap-1.5 rounded bg-[#0f6cbd] px-3 text-[13px] font-medium text-white hover:bg-[#004578] disabled:opacity-50"><FileSearch className="h-3.5 w-3.5" /> Show evidence</button>{task ? <span className="inline-flex h-8 items-center rounded border border-[#c8c6c4] px-3 text-[13px] font-medium text-[#323130]">Task created</span> : <button type="button" onClick={() => void createTask()} disabled={!finding || taskLoading} className="inline-flex h-8 items-center rounded border border-[#c8c6c4] px-3 text-[13px] font-medium text-[#323130] hover:bg-black/[.03] disabled:opacity-50">{taskLoading ? 'Creating task…' : 'Create remediation task'}</button>}</div>[39m
[31m+       </div>[39m
[31m+     </div>}[39m
[31m+   </section>;[39m
[31m+ }[39m
[31m+[39m
[31m+ function Metric({ label, value, icon }: { label: string; value: number; icon: React.ReactNode }) { return <div className="flex items-center gap-1.5">{icon}<div><div className="text-[11px] text-[#605e5c]">{label}</div><div className="text-lg font-semibold text-[#201f1e]">{value}</div></div></div>; }[39m
[31m+ function Detail({ label, value }: { label: string; value: string }) { return <div className="rounded-md border border-[#e1dfdd] bg-[#faf9f8] p-3"><p className="text-[11px] font-semibold uppercase tracking-wide text-[#605e5c]">{label}</p><p className="mt-1 text-[13px] leading-5 text-[#201f1e]">{value}</p></div>; }[39m
[31m+ function formatStoredTime(value?: string | null) { return value ? new Date(value).toLocaleString() : 'Not observed'; }[39m
[31m+ function evidenceList(value?: string | null) { try { const parsed = JSON.parse(value || '[]'); return Array.isArray(parsed) ? parsed.filter((item): item is string => typeof item === 'string') : []; } catch { return []; } }[39m
[31m+[39m

[36m [2m❯[22m tests/msp-command-center-and-pricing-contract.test.ts:[2m30:15[22m[39m
    [90m 28| [39m  it('never coerces an empty portfolio into a 0% coverage or freshness…
    [90m 29| [39m    [35mconst[39m s [33m=[39m [34msource[39m()[33m;[39m
    [90m 30| [39m    expect(s).toContain('const coveragePct = total > 0 ? Math.round((v…
    [90m   | [39m              [31m^[39m
    [90m 31| [39m    expect(s).toContain('const freshnessPct = total > 0 ? Math.round((…
    [90m 32| [39m    [34mexpect[39m(s)[33m.[39m[34mtoContain[39m([32m'softwareVerification.total > 0 ? ('[39m)[33m;[39m

[31m[2m⎯⎯⎯⎯⎯⎯⎯⎯⎯⎯⎯⎯⎯⎯⎯⎯⎯⎯⎯⎯⎯[63/141]⎯[22m[39m

[41m[1m FAIL [22m[49m tests/msp-command-center-and-pricing-contract.test.ts[2m > [22mSPR MSP Command Center — software verification metrics[2m > [22mderives evidence freshness from real evidence timestamps, not a hardcoded window
[31m[1mAssertionError[22m: expected 'import React, { useEffect, useMemo, u…' to contain 'EVIDENCE_FRESHNESS_WINDOW_DAYS'[39m

[32m- Expected[39m
[31m+ Received[39m

[32m- EVIDENCE_FRESHNESS_WINDOW_DAYS[39m
[31m+ import React, { useEffect, useMemo, useState } from 'react';[39m
[31m+ import { AlertTriangle, ArrowRight, Building2, CheckCircle2, FileSearch, ShieldAlert, User, X } from 'lucide-react';[39m
[31m+ import { Alert, Client } from '../types';[39m
[31m+ import { apiFetch } from '../utils/apiClient';[39m
[31m+ import type { VerificationDecision } from '../lib/verification/evaluateVerification';[39m
[31m+[39m
[31m+ interface Props {[39m
[31m+   clients: Client[];[39m
[31m+   alerts: Alert[];[39m
[31m+   findings: any[];[39m
[31m+   role?: string;[39m
[31m+   onSelectClient: (id: string) => void;[39m
[31m+   onSelectPassport?: (passportId: string) => void;[39m
[31m+   onNavigate: (tab: string) => void;[39m
[31m+   verificationDecisions?: Record<string, VerificationDecision>;[39m
[31m+   verificationDetails?: Record<string, unknown>;[39m
[31m+ }[39m
[31m+[39m
[31m+ type Assignment = { id: string; client_id: string; technician_display: string; assigned_by: string; updated_at: string };[39m
[31m+ type TeamMember = { id: number; email: string; displayName?: string | null; role: string };[39m
[31m+[39m
[31m+ const severityClass = (severity: Alert['severity']) => severity === 'Critical'[39m
[31m+   ? 'border-[#a4262c]/30 bg-[#fdf2f2] text-[#a4262c]'[39m
[31m+   : severity === 'High' ? 'border-[#8a5700]/30 bg-[#fff4ce] text-[#8a5700]'[39m
[31m+   : 'border-[#0f6cbd]/30 bg-[#eff6fc] text-[#0f6cbd]';[39m
[31m+[39m
[31m+ export default function MSPCommandCenter({ clients, alerts, findings, role = 'Viewer', onSelectClient, onNavigate, onSelectPassport, verificationDecisions = {}, verificationDetails = {} }: Props) {[39m
[31m+   const [selected, setSelected] = useState<Alert | null>(null);[39m
[31m+   const [assignments, setAssignments] = useState<Assignment[]>([]);[39m
[31m+   const [team, setTeam] = useState<TeamMember[]>([]);[39m
[31m+   const [assigningClientId, setAssigningClientId] = useState<string | null>(null);[39m
[31m+   const canAssign = role === 'Owner' || role === 'Admin';[39m
[31m+   const trustStateFromDecision = (decision?: VerificationDecision) => decision?.state ?? 'UNINITIALIZED';[39m
[31m+   const trustStateForPassportItem = (item: { passportId: string }) => trustStateFromDecision(verificationDecisions?.[item.passportId]);[39m
[31m+   const selectPassport = (passportId: string) => { onSelectPassport?.(passportId); };[39m
[31m+   const passportDecision = (passport: { id: string }) => { const decision = verificationDecisions?.[passport.id]; return decision; };[39m
[31m+   void verificationDetails;[39m
[31m+[39m
[31m+   const loadAssignments = () => { apiFetch('/api/msp/assignments').then((r) => r.ok ? r.json() : null).then((data) => { if (Array.isArray(data?.assignments)) setAssignments(data.assignments); }).catch(() => {}); };[39m
[31m+   useEffect(() => { loadAssignments(); apiFetch('/api/organization/team').then((r) => r.ok ? r.json() : null).then((data) => { if (Array.isArray(data)) setTeam(data); }).catch(() => {}); }, []);[39m
[31m+[39m
[31m+   const assignmentByClient = useMemo(() => new Map(assignments.map((a) => [a.client_id, a])), [assignments]);[39m
[31m+   const assignTechnician = async (clientId: string, member: TeamMember) => {[39m
[31m+     const response = await apiFetch('/api/msp/assignments', { method: 'PUT', headers: { 'Content-Type': 'application/json' }, body: JSON.stringify({ clientId, technicianUserId: member.id, technicianDisplay: member.displayName || member.email }) });[39m
[31m+     if (response.ok) { loadAssignments(); setAssigningClientId(null); }[39m
[31m+   };[39m
[31m+   const unassignTechnician = async (clientId: string) => {[39m
[31m+     const response = await apiFetch(`/api/msp/assignments/${encodeURIComponent(clientId)}`, { method: 'DELETE' });[39m
[31m+     if (response.ok) loadAssignments();[39m
[31m+   };[39m
[31m+[39m
[31m+   const clientRiskRollup = useMemo(() => clients.map((client) => {[39m
[31m+     const clientAlerts = alerts.filter((a) => a.clientName === client.name);[39m
[31m+     const active = clientAlerts.filter((a) => a.status !== 'Resolved' && a.status !== 'Cancelled');[39m
[31m+     const critical = active.filter((a) => a.severity === 'Critical').length;[39m
[31m+     const high = active.filter((a) => a.severity === 'High').length;[39m
[31m+     return { client, activeCount: active.length, critical, high, assignment: assignmentByClient.get(client.id) };[39m
[31m+   }).sort((a, b) => (b.critical - a.critical) || (b.high - a.high) || (b.activeCount - a.activeCount)), [clients, alerts, assignmentByClient]);[39m
[31m+   // Sourced from the same /api/trust-loop/findings data App.tsx already fetched[39m
[31m+   // to build `alerts` -- no second network round trip for finding detail.[39m
[31m+   const finding = useMemo(() => selected ? findings.find((item: any) => String(item.id) === selected.id) || null : null, [selected?.id, findings]);[39m
[31m+   const findingError = selected && !finding ? 'Finding details are unavailable.' : null;[39m
[31m+   const [task, setTask] = useState<any | null>(null);[39m
[31m+   const [taskLoading, setTaskLoading] = useState(false);[39m
[31m+   const [taskError, setTaskError] = useState<string | null>(null);[39m
[31m+   const attention = useMemo(() => alerts.filter(item => item.status === 'Active').sort((a, b) => {[39m
[31m+     const rank = { Critical: 3, High: 2, Medium: 1, Low: 0 };[39m
[31m+     return rank[b.severity] - rank[a.severity];[39m
[31m+   }), [alerts]);[39m
[31m+   const criticalClients = new Set(attention.filter(item => item.severity === 'Critical').map(item => item.clientName)).size;[39m
[31m+   const attentionClients = new Set(attention.filter(item => item.severity !== 'Critical').map(item => item.clientName)).size;[39m
[31m+   // A remediation may already exist for this finding (created from the Alerts[39m
[31m+   // view via the same /api/trust-loop/remediations backend) -- load it by the[39m
[31m+   // id the findings join already gives us instead of scanning a task list.[39m
[31m+   useEffect(() => {[39m
[31m+     setTask(null); setTaskError(null);[39m
[31m+     if (!selected?.remediationId) return;[39m
[31m+     let cancelled = false;[39m
[31m+     apiFetch(`/api/trust-loop/remediations/${encodeURIComponent(selected.remediationId)}`).then(response => response.ok ? response.json() : null).then(data => { if (!cancelled && data) setTask(data); }).catch(() => {});[39m
[31m+     return () => { cancelled = true; };[39m
[31m+   }, [selected?.id, selected?.remediationId]);[39m
[31m+   const createTask = async () => {[39m
[31m+     if (!selected || !finding || taskLoading) return;[39m
[31m+     setTaskLoading(true); setTaskError(null);[39m
[31m+     try {[39m
[31m+       const response = await apiFetch('/api/trust-loop/remediations', {[39m
[31m+         method: 'POST', headers: { 'Content-Type': 'application/json' },[39m
[31m+         body: JSON.stringify({ findingId: selected.id, title: selected.title, description: selected.description, priority: selected.severity.toUpperCase() }),[39m
[31m+       });[39m
[31m+       const body = await response.json().catch(() => ({}));[39m
[31m+       if (!response.ok) throw new Error(body?.error || 'SPR could not create the remediation task.');[39m
[31m+       setTask(body);[39m
[31m+     } catch (cause: any) { setTaskError(cause?.message || 'SPR could not create the remediation task.'); }[39m
[31m+     finally { setTaskLoading(false); }[39m
[31m+   };[39m
[31m+   const transitionTask = async (status: 'IN_PROGRESS' | 'READY_FOR_VERIFICATION') => {[39m
[31m+     if (!task || taskLoading) return;[39m
[31m+     setTaskLoading(true); setTaskError(null);[39m
[31m+     try {[39m
[31m+       const response = await apiFetch(`/api/trust-loop/remediations/${encodeURIComponent(task.id)}`, { method: 'PATCH', headers: { 'Content-Type': 'application/json' }, body: JSON.stringify({ status }) });[39m
[31m+       const body = await response.json().catch(() => ({}));[39m
[31m+       if (!response.ok) throw new Error(body?.error || 'SPR could not update the task.');[39m
[31m+       setTask(body);[39m
[31m+     } catch (cause: any) { setTaskError(cause?.message || 'SPR could not update the task.'); }[39m
[31m+     finally { setTaskLoading(false); }[39m
[31m+   };[39m
[31m+   // Re-verifies against the most recent trust_observation SPR already has on[39m
[31m+   // file for this software -- there is no live "run a check now" job queue,[39m
[31m+   // so this is honestly a re-check of existing evidence, not a fresh scan.[39m
[31m+   const verifyWithLatestEvidence = async () => {[39m
[31m+     if (!task || taskLoading) return;[39m
[31m+     setTaskLoading(true); setTaskError(null);[39m
[31m+     try {[39m
[31m+       const response = await apiFetch(`/api/trust-loop/remediations/${encodeURIComponent(task.id)}/verify-latest`, { method: 'POST' });[39m
[31m+       const body = await response.json().catch(() => ({}));[39m
[31m+       if (!response.ok) throw new Error(body?.error || 'SPR could not verify this task against current evidence.');[39m
[31m+       setTask(body);[39m
[31m+     } catch (cause: any) { setTaskError(cause?.message || 'SPR could not verify this task against current evidence.'); }[39m
[31m+     finally { setTaskLoading(false); }[39m
[31m+   };[39m
[31m+[39m
[31m+   return <section id="msp-command-center" aria-labelledby="msp-command-center-title">[39m
[31m+     <div className="mb-4 flex flex-wrap items-center justify-between gap-3">[39m
[31m+       <div>[39m
[31m+         <h1 id="msp-command-center-title" className="text-[22px] font-semibold text-[#201f1e]">Who needs you today?</h1>[39m
[31m+         <p className="mt-1 text-[13px] text-[#605e5c]">Prioritized work from the evidence and findings SPR currently has on record. A closed task is not a verified fix.</p>[39m
[31m+       </div>[39m
[31m+       <button type="button" onClick={() => onNavigate('clients')} className="inline-flex h-8 items-center gap-1.5 rounded border border-[#c8c6c4] px-3 text-[13px] font-medium text-[#323130] hover:bg-black/[.03]">[39m
[31m+         View all clients <ArrowRight className="h-3.5 w-3.5" />[39m
[31m+       </button>[39m
[31m+     </div>[39m
[31m+[39m
[31m+     <div className="mb-4 flex flex-wrap gap-6 rounded-md border border-[#e1dfdd] bg-white p-3">[39m
[31m+       <Metric label="Clients" value={clients.length} icon={<Building2 className="h-3.5 w-3.5" />} />[39m
[31m+       <Metric label="Healthy" value={Math.max(0, clients.length - criticalClients - attentionClients)} icon={<CheckCircle2 className="h-3.5 w-3.5 text-[#0e700e]" />} />[39m
[31m+       <Metric label="Need attention" value={attentionClients} icon={<AlertTriangle className="h-3.5 w-3.5 text-[#8a5700]" />} />[39m
[31m+       <Metric label="Critical" value={criticalClients} icon={<ShieldAlert className="h-3.5 w-3.5 text-[#a4262c]" />} />[39m
[31m+     </div>[39m
[31m+[39m
[31m+     <div className="mb-4 rounded-md border border-[#e1dfdd] bg-white">[39m
[31m+       <div className="border-b border-[#e1dfdd] px-4 py-3"><h2 className="text-[14px] font-semibold text-[#201f1e]">Cross-client risk</h2><p className="mt-0.5 text-[12px] text-[#605e5c]">Every client ranked by active critical and high findings, with technician assignment.</p></div>[39m
[31m+       <div className="overflow-x-auto">[39m
[31m+         <table className="w-full min-w-[640px] text-left text-[13px]">[39m
[31m+           <thead className="border-b border-[#e1dfdd] text-[11px] uppercase tracking-wide text-[#605e5c]"><tr><th className="px-4 py-2">Client</th><th className="px-4 py-2">Critical</th><th className="px-4 py-2">High</th><th className="px-4 py-2">Active findings</th><th className="px-4 py-2">Assigned technician</th></tr></thead>[39m
[31m+           <tbody>[39m
[31m+             {clientRiskRollup.map(({ client, activeCount, critical, high, assignment }) => ([39m
[31m+               <tr key={client.id} className="border-b border-[#f3f2f1] hover:bg-black/[.02]">[39m
[31m+                 <td className="px-4 py-2.5 font-medium text-[#201f1e]">{client.name}</td>[39m
[31m+                 <td className="px-4 py-2.5">{critical > 0 ? <span className="rounded border border-[#a4262c]/30 bg-[#fdf2f2] px-1.5 py-0.5 text-[11px] font-semibold text-[#a4262c]">{critical}</span> : <span className="text-[#8a8886]">0</span>}</td>[39m
[31m+                 <td className="px-4 py-2.5">{high > 0 ? <span className="rounded border border-[#8a5700]/30 bg-[#fff4ce] px-1.5 py-0.5 text-[11px] font-semibold text-[#8a5700]">{high}</span> : <span className="text-[#8a8886]">0</span>}</td>[39m
[31m+                 <td className="px-4 py-2.5 text-[#323130]">{activeCount}</td>[39m
[31m+                 <td className="px-4 py-2.5">[39m
[31m+                   {assigningClientId === client.id ? ([39m
[31m+                     <select autoFocus onBlur={() => setAssigningClientId(null)} onChange={(e) => { const member = team.find((m) => String(m.id) === e.target.value); if (member) void assignTechnician(client.id, member); }} className="h-8 rounded border border-[#c8c6c4] bg-white px-2 text-[12px] text-[#201f1e] focus:border-[#0f6cbd] focus:outline-none focus:ring-1 focus:ring-[#0f6cbd]">[39m
[31m+                       <option value="">Select technician…</option>[39m
[31m+                       {team.map((member) => <option key={member.id} value={member.id}>{member.displayName || member.email}</option>)}[39m
[31m+                     </select>[39m
[31m+                   ) : assignment ? ([39m
[31m+                     <div className="flex items-center gap-2 text-[12px] text-[#323130]"><User className="h-3 w-3 text-[#8a8886]" />{assignment.technician_display}[39m
[31m+                       {canAssign && <button type="button" onClick={() => void unassignTechnician(client.id)} className="text-[#8a8886] hover:text-[#a4262c]">×</button>}[39m
[31m+                       {canAssign && <button type="button" onClick={() => setAssigningClientId(client.id)} className="text-[#0f6cbd] hover:text-[#004578]">change</button>}[39m
[31m+                     </div>[39m
[31m+                   ) : canAssign ? ([39m
[31m+                     <button type="button" onClick={() => setAssigningClientId(client.id)} className="rounded border border-[#c8c6c4] px-2 py-1 text-[12px] text-[#605e5c] hover:bg-black/[.03]">Assign…</button>[39m
[31m+                   ) : <span className="text-[12px] text-[#8a8886]">Unassigned</span>}[39m
[31m+                 </td>[39m
[31m+               </tr>[39m
[31m+             ))}[39m
[31m+           </tbody>[39m
[31m+         </table>[39m
[31m+       </div>[39m
[31m+     </div>[39m
[31m+[39m
[31m+     <div className="rounded-md border border-[#e1dfdd] bg-white">[39m
[31m+       <div className="flex flex-col gap-2 border-b border-[#e1dfdd] px-4 py-3 sm:flex-row sm:items-center sm:justify-between">[39m
[31m+         <div><h2 className="text-[14px] font-semibold text-[#201f1e]">Clients needing action</h2><p className="mt-0.5 text-[12px] text-[#605e5c]">Most urgent first, based on active recorded findings.</p></div>[39m
[31m+         <span className="w-fit rounded border border-[#c8c6c4] bg-[#faf9f8] px-2 py-0.5 text-[11px] font-medium text-[#605e5c]">{attention.length} active findings</span>[39m
[31m+       </div>[39m
[31m+       {attention.length ? <div>[39m
[31m+         {attention.map(alert => {[39m
[31m+           const client = clients.find(item => item.name === alert.clientName);[39m
[31m+           return <article key={alert.id} className="grid gap-3 border-b border-[#f3f2f1] px-4 py-3 last:border-b-0 lg:grid-cols-[minmax(180px,0.8fr)_minmax(260px,1.5fr)_auto] lg:items-center">[39m
[31m+             <div>[39m
[31m+               <p className="font-medium text-[#201f1e]">{alert.clientName}</p>[39m
[31m+               <p className="mt-0.5 text-[11px] text-[#8a8886]">Observed {alert.timestamp}</p>[39m
[31m+             </div>[39m
[31m+             <div>[39m
[31m+               <div className="mb-1.5 flex flex-wrap gap-1.5"><span className={`rounded border px-1.5 py-0.5 text-[11px] font-semibold ${severityClass(alert.severity)}`}>{alert.severity}</span><span className="rounded bg-[#f3f2f1] px-1.5 py-0.5 text-[11px] text-[#605e5c]">{alert.category}</span></div>[39m
[31m+               <p className="text-[13px] font-medium text-[#201f1e]">{alert.title}</p><p className="mt-0.5 text-[12px] leading-5 text-[#605e5c]">{alert.description}</p>[39m
[31m+             </div>[39m
[31m+             <div className="flex gap-2 lg:flex-col"><button type="button" onClick={() => setSelected(alert)} className="inline-flex h-8 items-center justify-center gap-1.5 rounded bg-[#0f6cbd] px-3 text-[13px] font-medium text-white hover:bg-[#004578]">Investigate <ArrowRight className="h-3.5 w-3.5" /></button>{client && <button type="button" onClick={() => onSelectClient(client.id)} className="h-8 rounded border border-[#c8c6c4] px-3 text-[13px] font-medium text-[#323130] hover:bg-black/[.03]">Client</button>}</div>[39m
[31m+           </article>;[39m
[31m+         })}[39m
[31m+       </div> : <div className="px-6 py-10 text-center"><CheckCircle2 className="mx-auto h-6 w-6 text-[#0e700e]" /><h3 className="mt-2 text-[13px] font-semibold text-[#201f1e]">No clients need attention</h3><p className="mt-1 text-[12px] text-[#605e5c]">Your monitored clients currently have no active recorded findings requiring action.</p></div>}[39m
[31m+     </div>[39m
[31m+[39m
[31m+     {selected && <div className="fixed inset-0 z-50 flex items-end bg-black/40 p-0 md:items-center md:justify-center md:p-6" role="dialog" aria-modal="true" aria-labelledby="finding-title">[39m
[31m+       <div className="max-h-[92vh] w-full max-w-2xl overflow-y-auto rounded-t-md border border-[#e1dfdd] bg-white p-5 md:rounded-md"><div className="flex items-start justify-between gap-4"><div><p className="text-[11px] font-semibold uppercase tracking-wide text-[#605e5c]">Finding detail · Explain this</p><h2 id="finding-title" className="mt-1 text-[18px] font-semibold text-[#201f1e]">{selected.title}</h2></div><button type="button" onClick={() => setSelected(null)} aria-label="Close finding" className="rounded p-1.5 text-[#605e5c] hover:bg-black/[.05]"><X className="h-4 w-4" /></button></div>[39m
[31m+         {findingError && <div role="alert" className="mt-4 rounded-md border border-[#a4262c]/30 bg-[#fdf2f2] p-3 text-[13px] text-[#a4262c]"><p className="font-semibold">Finding detail unavailable</p><p className="mt-0.5">{findingError}</p></div>}[39m
[31m+         {finding && <><div className="mt-4 grid gap-3 sm:grid-cols-2"><Detail label="Client" value={selected.clientName} /><Detail label="Severity and status" value={`${finding.severity} — ${finding.status}`} /><Detail label="First observed" value={formatStoredTime(finding.created_at)} /><Detail label="Last observed" value={formatStoredTime(finding.updated_at)} /></div>[39m
[31m+         <section className="mt-3 rounded-md border border-[#e1dfdd] bg-[#faf9f8] p-3"><h3 className="text-[13px] font-semibold text-[#201f1e]">Observed</h3><p className="mt-1 text-[13px] leading-6 text-[#323130]">{finding.description || 'No observation description is available.'}</p></section><div className="mt-3 grid gap-3 sm:grid-cols-2"><Detail label="Why it matters" value="Review this recorded finding with its evidence before choosing remediation." /><Detail label="What you can do" value="Create a remediation task, then collect a new observation before treating the finding as resolved." /></div>[39m
[31m+         <section className="mt-3 rounded-md border border-[#e1dfdd] bg-[#faf9f8] p-3"><h3 className="text-[13px] font-semibold text-[#201f1e]">Evidence chain</h3><p className="mt-0.5 text-[11px] text-[#8a8886]">Finding → observed artifact → source evidence → verification time</p>{evidenceList(finding.evidence_ids).length ? <ul className="mt-3 space-y-1.5">{evidenceList(finding.evidence_ids).map((id: string) => <li key={id} className="rounded border border-[#e1dfdd] bg-white px-2.5 py-1.5 font-mono text-[11px] text-[#323130]">Evidence reference: {id}</li>)}</ul> : <p className="mt-3 text-[13px] text-[#605e5c]">Evidence unavailable. This finding has no stored evidence references.</p>}</section></>}[39m
[31m+         {taskError && <p role="alert" className="mt-3 text-[13px] text-[#a4262c]">{taskError}</p>}[39m
[31m+         {task && <section className="mt-3 rounded-md border border-[#0f6cbd]/30 bg-[#eff6fc] p-3"><p className="text-[11px] font-semibold uppercase tracking-wide text-[#0f6cbd]">Remediation task</p><p className="mt-1 text-[13px] font-semibold text-[#201f1e]">{task.title}</p><p className="mt-0.5 text-[12px] text-[#323130]">{task.status.replaceAll('_', ' ')} · created {formatStoredTime(task.created_at)}</p>{task.status === 'OPEN' && <button type="button" onClick={() => void transitionTask('IN_PROGRESS')} disabled={taskLoading} className="mt-3 inline-flex h-8 items-center rounded bg-[#0f6cbd] px-3 text-[13px] font-medium text-white hover:bg-[#004578] disabled:opacity-50">{taskLoading ? 'Updating task…' : 'Start remediation'}</button>}{task.status === 'IN_PROGRESS' && <button type="button" onClick={() => void transitionTask('READY_FOR_VERIFICATION')} disabled={taskLoading} className="mt-3 inline-flex h-8 items-center rounded bg-[#0f6cbd] px-3 text-[13px] font-medium text-white hover:bg-[#004578] disabled:opacity-50">{taskLoading ? 'Updating task…' : 'Mark ready for verification'}</button>}{task.status === 'READY_FOR_VERIFICATION' && <div className="mt-2"><p className="text-[13px] text-[#8a5700]">Remediation marked complete. Verification required.</p><p className="mt-0.5 text-[11px] text-[#605e5c]">Re-checks the most recent evidence SPR already has on file for this software — this is not a live scan.</p><button type="button" onClick={() => void verifyWithLatestEvidence()} disabled={taskLoading} className="mt-2 inline-flex h-8 items-center rounded bg-[#0f6cbd] px-3 text-[13px] font-medium text-white hover:bg-[#004578] disabled:opacity-50">{taskLoading ? 'Verifying…' : 'Verify with latest evidence'}</button></div>}{task.status === 'VERIFIED' && <p className="mt-2 text-[13px] text-[#0e700e]">Verified against evidence SPR collected. The underlying finding is now marked resolved.</p>}</section>}[39m
[31m+         <div className="mt-4 flex flex-wrap gap-2"><button type="button" onClick={() => { setSelected(null); onNavigate('alerts'); }} disabled={!finding} className="inline-flex h-8 items-center gap-1.5 rounded bg-[#0f6cbd] px-3 text-[13px] font-medium text-white hover:bg-[#004578] disabled:opacity-50"><FileSearch className="h-3.5 w-3.5" /> Show evidence</button>{task ? <span className="inline-flex h-8 items-center rounded border border-[#c8c6c4] px-3 text-[13px] font-medium text-[#323130]">Task created</span> : <button type="button" onClick={() => void createTask()} disabled={!finding || taskLoading} className="inline-flex h-8 items-center rounded border border-[#c8c6c4] px-3 text-[13px] font-medium text-[#323130] hover:bg-black/[.03] disabled:opacity-50">{taskLoading ? 'Creating task…' : 'Create remediation task'}</button>}</div>[39m
[31m+       </div>[39m
[31m+     </div>}[39m
[31m+   </section>;[39m
[31m+ }[39m
[31m+[39m
[31m+ function Metric({ label, value, icon }: { label: string; value: number; icon: React.ReactNode }) { return <div className="flex items-center gap-1.5">{icon}<div><div className="text-[11px] text-[#605e5c]">{label}</div><div className="text-lg font-semibold text-[#201f1e]">{value}</div></div></div>; }[39m
[31m+ function Detail({ label, value }: { label: string; value: string }) { return <div className="rounded-md border border-[#e1dfdd] bg-[#faf9f8] p-3"><p className="text-[11px] font-semibold uppercase tracking-wide text-[#605e5c]">{label}</p><p className="mt-1 text-[13px] leading-5 text-[#201f1e]">{value}</p></div>; }[39m
[31m+ function formatStoredTime(value?: string | null) { return value ? new Date(value).toLocaleString() : 'Not observed'; }[39m
[31m+ function evidenceList(value?: string | null) { try { const parsed = JSON.parse(value || '[]'); return Array.isArray(parsed) ? parsed.filter((item): item is string => typeof item === 'string') : []; } catch { return []; } }[39m
[31m+[39m

[36m [2m❯[22m tests/msp-command-center-and-pricing-contract.test.ts:[2m40:15[22m[39m
    [90m 38| [39m  it('derives evidence freshness from real evidence timestamps, not a …
    [90m 39| [39m    [35mconst[39m s [33m=[39m [34msource[39m()[33m;[39m
    [90m 40| [39m    [34mexpect[39m(s)[33m.[39m[34mtoContain[39m([32m'EVIDENCE_FRESHNESS_WINDOW_DAYS'[39m)[33m;[39m
    [90m   | [39m              [31m^[39m
    [90m 41| [39m    expect(s).toContain("item?.timestamp ? Date.parse(item.timestamp) …
    [90m 42| [39m    [34mexpect[39m(s)[33m.[39m[34mtoContain[39m([32m'Number.isNaN(value)'[39m)[33m;[39m

[31m[2m⎯⎯⎯⎯⎯⎯⎯⎯⎯⎯⎯⎯⎯⎯⎯⎯⎯⎯⎯⎯⎯[64/141]⎯[22m[39m

[41m[1m FAIL [22m[49m tests/msp-command-center-and-pricing-contract.test.ts[2m > [22mSPR MSP Command Center — software verification metrics[2m > [22mprovides a real client switcher wired to the existing onSelectClient/onNavigate handlers, not a decorative dropdown
[31m[1mAssertionError[22m: expected 'import React, { useEffect, useMemo, u…' to contain 'Switch client'[39m

[32m- Expected[39m
[31m+ Received[39m

[32m- Switch client[39m
[31m+ import React, { useEffect, useMemo, useState } from 'react';[39m
[31m+ import { AlertTriangle, ArrowRight, Building2, CheckCircle2, FileSearch, ShieldAlert, User, X } from 'lucide-react';[39m
[31m+ import { Alert, Client } from '../types';[39m
[31m+ import { apiFetch } from '../utils/apiClient';[39m
[31m+ import type { VerificationDecision } from '../lib/verification/evaluateVerification';[39m
[31m+[39m
[31m+ interface Props {[39m
[31m+   clients: Client[];[39m
[31m+   alerts: Alert[];[39m
[31m+   findings: any[];[39m
[31m+   role?: string;[39m
[31m+   onSelectClient: (id: string) => void;[39m
[31m+   onSelectPassport?: (passportId: string) => void;[39m
[31m+   onNavigate: (tab: string) => void;[39m
[31m+   verificationDecisions?: Record<string, VerificationDecision>;[39m
[31m+   verificationDetails?: Record<string, unknown>;[39m
[31m+ }[39m
[31m+[39m
[31m+ type Assignment = { id: string; client_id: string; technician_display: string; assigned_by: string; updated_at: string };[39m
[31m+ type TeamMember = { id: number; email: string; displayName?: string | null; role: string };[39m
[31m+[39m
[31m+ const severityClass = (severity: Alert['severity']) => severity === 'Critical'[39m
[31m+   ? 'border-[#a4262c]/30 bg-[#fdf2f2] text-[#a4262c]'[39m
[31m+   : severity === 'High' ? 'border-[#8a5700]/30 bg-[#fff4ce] text-[#8a5700]'[39m
[31m+   : 'border-[#0f6cbd]/30 bg-[#eff6fc] text-[#0f6cbd]';[39m
[31m+[39m
[31m+ export default function MSPCommandCenter({ clients, alerts, findings, role = 'Viewer', onSelectClient, onNavigate, onSelectPassport, verificationDecisions = {}, verificationDetails = {} }: Props) {[39m
[31m+   const [selected, setSelected] = useState<Alert | null>(null);[39m
[31m+   const [assignments, setAssignments] = useState<Assignment[]>([]);[39m
[31m+   const [team, setTeam] = useState<TeamMember[]>([]);[39m
[31m+   const [assigningClientId, setAssigningClientId] = useState<string | null>(null);[39m
[31m+   const canAssign = role === 'Owner' || role === 'Admin';[39m
[31m+   const trustStateFromDecision = (decision?: VerificationDecision) => decision?.state ?? 'UNINITIALIZED';[39m
[31m+   const trustStateForPassportItem = (item: { passportId: string }) => trustStateFromDecision(verificationDecisions?.[item.passportId]);[39m
[31m+   const selectPassport = (passportId: string) => { onSelectPassport?.(passportId); };[39m
[31m+   const passportDecision = (passport: { id: string }) => { const decision = verificationDecisions?.[passport.id]; return decision; };[39m
[31m+   void verificationDetails;[39m
[31m+[39m
[31m+   const loadAssignments = () => { apiFetch('/api/msp/assignments').then((r) => r.ok ? r.json() : null).then((data) => { if (Array.isArray(data?.assignments)) setAssignments(data.assignments); }).catch(() => {}); };[39m
[31m+   useEffect(() => { loadAssignments(); apiFetch('/api/organization/team').then((r) => r.ok ? r.json() : null).then((data) => { if (Array.isArray(data)) setTeam(data); }).catch(() => {}); }, []);[39m
[31m+[39m
[31m+   const assignmentByClient = useMemo(() => new Map(assignments.map((a) => [a.client_id, a])), [assignments]);[39m
[31m+   const assignTechnician = async (clientId: string, member: TeamMember) => {[39m
[31m+     const response = await apiFetch('/api/msp/assignments', { method: 'PUT', headers: { 'Content-Type': 'application/json' }, body: JSON.stringify({ clientId, technicianUserId: member.id, technicianDisplay: member.displayName || member.email }) });[39m
[31m+     if (response.ok) { loadAssignments(); setAssigningClientId(null); }[39m
[31m+   };[39m
[31m+   const unassignTechnician = async (clientId: string) => {[39m
[31m+     const response = await apiFetch(`/api/msp/assignments/${encodeURIComponent(clientId)}`, { method: 'DELETE' });[39m
[31m+     if (response.ok) loadAssignments();[39m
[31m+   };[39m
[31m+[39m
[31m+   const clientRiskRollup = useMemo(() => clients.map((client) => {[39m
[31m+     const clientAlerts = alerts.filter((a) => a.clientName === client.name);[39m
[31m+     const active = clientAlerts.filter((a) => a.status !== 'Resolved' && a.status !== 'Cancelled');[39m
[31m+     const critical = active.filter((a) => a.severity === 'Critical').length;[39m
[31m+     const high = active.filter((a) => a.severity === 'High').length;[39m
[31m+     return { client, activeCount: active.length, critical, high, assignment: assignmentByClient.get(client.id) };[39m
[31m+   }).sort((a, b) => (b.critical - a.critical) || (b.high - a.high) || (b.activeCount - a.activeCount)), [clients, alerts, assignmentByClient]);[39m
[31m+   // Sourced from the same /api/trust-loop/findings data App.tsx already fetched[39m
[31m+   // to build `alerts` -- no second network round trip for finding detail.[39m
[31m+   const finding = useMemo(() => selected ? findings.find((item: any) => String(item.id) === selected.id) || null : null, [selected?.id, findings]);[39m
[31m+   const findingError = selected && !finding ? 'Finding details are unavailable.' : null;[39m
[31m+   const [task, setTask] = useState<any | null>(null);[39m
[31m+   const [taskLoading, setTaskLoading] = useState(false);[39m
[31m+   const [taskError, setTaskError] = useState<string | null>(null);[39m
[31m+   const attention = useMemo(() => alerts.filter(item => item.status === 'Active').sort((a, b) => {[39m
[31m+     const rank = { Critical: 3, High: 2, Medium: 1, Low: 0 };[39m
[31m+     return rank[b.severity] - rank[a.severity];[39m
[31m+   }), [alerts]);[39m
[31m+   const criticalClients = new Set(attention.filter(item => item.severity === 'Critical').map(item => item.clientName)).size;[39m
[31m+   const attentionClients = new Set(attention.filter(item => item.severity !== 'Critical').map(item => item.clientName)).size;[39m
[31m+   // A remediation may already exist for this finding (created from the Alerts[39m
[31m+   // view via the same /api/trust-loop/remediations backend) -- load it by the[39m
[31m+   // id the findings join already gives us instead of scanning a task list.[39m
[31m+   useEffect(() => {[39m
[31m+     setTask(null); setTaskError(null);[39m
[31m+     if (!selected?.remediationId) return;[39m
[31m+     let cancelled = false;[39m
[31m+     apiFetch(`/api/trust-loop/remediations/${encodeURIComponent(selected.remediationId)}`).then(response => response.ok ? response.json() : null).then(data => { if (!cancelled && data) setTask(data); }).catch(() => {});[39m
[31m+     return () => { cancelled = true; };[39m
[31m+   }, [selected?.id, selected?.remediationId]);[39m
[31m+   const createTask = async () => {[39m
[31m+     if (!selected || !finding || taskLoading) return;[39m
[31m+     setTaskLoading(true); setTaskError(null);[39m
[31m+     try {[39m
[31m+       const response = await apiFetch('/api/trust-loop/remediations', {[39m
[31m+         method: 'POST', headers: { 'Content-Type': 'application/json' },[39m
[31m+         body: JSON.stringify({ findingId: selected.id, title: selected.title, description: selected.description, priority: selected.severity.toUpperCase() }),[39m
[31m+       });[39m
[31m+       const body = await response.json().catch(() => ({}));[39m
[31m+       if (!response.ok) throw new Error(body?.error || 'SPR could not create the remediation task.');[39m
[31m+       setTask(body);[39m
[31m+     } catch (cause: any) { setTaskError(cause?.message || 'SPR could not create the remediation task.'); }[39m
[31m+     finally { setTaskLoading(false); }[39m
[31m+   };[39m
[31m+   const transitionTask = async (status: 'IN_PROGRESS' | 'READY_FOR_VERIFICATION') => {[39m
[31m+     if (!task || taskLoading) return;[39m
[31m+     setTaskLoading(true); setTaskError(null);[39m
[31m+     try {[39m
[31m+       const response = await apiFetch(`/api/trust-loop/remediations/${encodeURIComponent(task.id)}`, { method: 'PATCH', headers: { 'Content-Type': 'application/json' }, body: JSON.stringify({ status }) });[39m
[31m+       const body = await response.json().catch(() => ({}));[39m
[31m+       if (!response.ok) throw new Error(body?.error || 'SPR could not update the task.');[39m
[31m+       setTask(body);[39m
[31m+     } catch (cause: any) { setTaskError(cause?.message || 'SPR could not update the task.'); }[39m
[31m+     finally { setTaskLoading(false); }[39m
[31m+   };[39m
[31m+   // Re-verifies against the most recent trust_observation SPR already has on[39m
[31m+   // file for this software -- there is no live "run a check now" job queue,[39m
[31m+   // so this is honestly a re-check of existing evidence, not a fresh scan.[39m
[31m+   const verifyWithLatestEvidence = async () => {[39m
[31m+     if (!task || taskLoading) return;[39m
[31m+     setTaskLoading(true); setTaskError(null);[39m
[31m+     try {[39m
[31m+       const response = await apiFetch(`/api/trust-loop/remediations/${encodeURIComponent(task.id)}/verify-latest`, { method: 'POST' });[39m
[31m+       const body = await response.json().catch(() => ({}));[39m
[31m+       if (!response.ok) throw new Error(body?.error || 'SPR could not verify this task against current evidence.');[39m
[31m+       setTask(body);[39m
[31m+     } catch (cause: any) { setTaskError(cause?.message || 'SPR could not verify this task against current evidence.'); }[39m
[31m+     finally { setTaskLoading(false); }[39m
[31m+   };[39m
[31m+[39m
[31m+   return <section id="msp-command-center" aria-labelledby="msp-command-center-title">[39m
[31m+     <div className="mb-4 flex flex-wrap items-center justify-between gap-3">[39m
[31m+       <div>[39m
[31m+         <h1 id="msp-command-center-title" className="text-[22px] font-semibold text-[#201f1e]">Who needs you today?</h1>[39m
[31m+         <p className="mt-1 text-[13px] text-[#605e5c]">Prioritized work from the evidence and findings SPR currently has on record. A closed task is not a verified fix.</p>[39m
[31m+       </div>[39m
[31m+       <button type="button" onClick={() => onNavigate('clients')} className="inline-flex h-8 items-center gap-1.5 rounded border border-[#c8c6c4] px-3 text-[13px] font-medium text-[#323130] hover:bg-black/[.03]">[39m
[31m+         View all clients <ArrowRight className="h-3.5 w-3.5" />[39m
[31m+       </button>[39m
[31m+     </div>[39m
[31m+[39m
[31m+     <div className="mb-4 flex flex-wrap gap-6 rounded-md border border-[#e1dfdd] bg-white p-3">[39m
[31m+       <Metric label="Clients" value={clients.length} icon={<Building2 className="h-3.5 w-3.5" />} />[39m
[31m+       <Metric label="Healthy" value={Math.max(0, clients.length - criticalClients - attentionClients)} icon={<CheckCircle2 className="h-3.5 w-3.5 text-[#0e700e]" />} />[39m
[31m+       <Metric label="Need attention" value={attentionClients} icon={<AlertTriangle className="h-3.5 w-3.5 text-[#8a5700]" />} />[39m
[31m+       <Metric label="Critical" value={criticalClients} icon={<ShieldAlert className="h-3.5 w-3.5 text-[#a4262c]" />} />[39m
[31m+     </div>[39m
[31m+[39m
[31m+     <div className="mb-4 rounded-md border border-[#e1dfdd] bg-white">[39m
[31m+       <div className="border-b border-[#e1dfdd] px-4 py-3"><h2 className="text-[14px] font-semibold text-[#201f1e]">Cross-client risk</h2><p className="mt-0.5 text-[12px] text-[#605e5c]">Every client ranked by active critical and high findings, with technician assignment.</p></div>[39m
[31m+       <div className="overflow-x-auto">[39m
[31m+         <table className="w-full min-w-[640px] text-left text-[13px]">[39m
[31m+           <thead className="border-b border-[#e1dfdd] text-[11px] uppercase tracking-wide text-[#605e5c]"><tr><th className="px-4 py-2">Client</th><th className="px-4 py-2">Critical</th><th className="px-4 py-2">High</th><th className="px-4 py-2">Active findings</th><th className="px-4 py-2">Assigned technician</th></tr></thead>[39m
[31m+           <tbody>[39m
[31m+             {clientRiskRollup.map(({ client, activeCount, critical, high, assignment }) => ([39m
[31m+               <tr key={client.id} className="border-b border-[#f3f2f1] hover:bg-black/[.02]">[39m
[31m+                 <td className="px-4 py-2.5 font-medium text-[#201f1e]">{client.name}</td>[39m
[31m+                 <td className="px-4 py-2.5">{critical > 0 ? <span className="rounded border border-[#a4262c]/30 bg-[#fdf2f2] px-1.5 py-0.5 text-[11px] font-semibold text-[#a4262c]">{critical}</span> : <span className="text-[#8a8886]">0</span>}</td>[39m
[31m+                 <td className="px-4 py-2.5">{high > 0 ? <span className="rounded border border-[#8a5700]/30 bg-[#fff4ce] px-1.5 py-0.5 text-[11px] font-semibold text-[#8a5700]">{high}</span> : <span className="text-[#8a8886]">0</span>}</td>[39m
[31m+                 <td className="px-4 py-2.5 text-[#323130]">{activeCount}</td>[39m
[31m+                 <td className="px-4 py-2.5">[39m
[31m+                   {assigningClientId === client.id ? ([39m
[31m+                     <select autoFocus onBlur={() => setAssigningClientId(null)} onChange={(e) => { const member = team.find((m) => String(m.id) === e.target.value); if (member) void assignTechnician(client.id, member); }} className="h-8 rounded border border-[#c8c6c4] bg-white px-2 text-[12px] text-[#201f1e] focus:border-[#0f6cbd] focus:outline-none focus:ring-1 focus:ring-[#0f6cbd]">[39m
[31m+                       <option value="">Select technician…</option>[39m
[31m+                       {team.map((member) => <option key={member.id} value={member.id}>{member.displayName || member.email}</option>)}[39m
[31m+                     </select>[39m
[31m+                   ) : assignment ? ([39m
[31m+                     <div className="flex items-center gap-2 text-[12px] text-[#323130]"><User className="h-3 w-3 text-[#8a8886]" />{assignment.technician_display}[39m
[31m+                       {canAssign && <button type="button" onClick={() => void unassignTechnician(client.id)} className="text-[#8a8886] hover:text-[#a4262c]">×</button>}[39m
[31m+                       {canAssign && <button type="button" onClick={() => setAssigningClientId(client.id)} className="text-[#0f6cbd] hover:text-[#004578]">change</button>}[39m
[31m+                     </div>[39m
[31m+                   ) : canAssign ? ([39m
[31m+                     <button type="button" onClick={() => setAssigningClientId(client.id)} className="rounded border border-[#c8c6c4] px-2 py-1 text-[12px] text-[#605e5c] hover:bg-black/[.03]">Assign…</button>[39m
[31m+                   ) : <span className="text-[12px] text-[#8a8886]">Unassigned</span>}[39m
[31m+                 </td>[39m
[31m+               </tr>[39m
[31m+             ))}[39m
[31m+           </tbody>[39m
[31m+         </table>[39m
[31m+       </div>[39m
[31m+     </div>[39m
[31m+[39m
[31m+     <div className="rounded-md border border-[#e1dfdd] bg-white">[39m
[31m+       <div className="flex flex-col gap-2 border-b border-[#e1dfdd] px-4 py-3 sm:flex-row sm:items-center sm:justify-between">[39m
[31m+         <div><h2 className="text-[14px] font-semibold text-[#201f1e]">Clients needing action</h2><p className="mt-0.5 text-[12px] text-[#605e5c]">Most urgent first, based on active recorded findings.</p></div>[39m
[31m+         <span className="w-fit rounded border border-[#c8c6c4] bg-[#faf9f8] px-2 py-0.5 text-[11px] font-medium text-[#605e5c]">{attention.length} active findings</span>[39m
[31m+       </div>[39m
[31m+       {attention.length ? <div>[39m
[31m+         {attention.map(alert => {[39m
[31m+           const client = clients.find(item => item.name === alert.clientName);[39m
[31m+           return <article key={alert.id} className="grid gap-3 border-b border-[#f3f2f1] px-4 py-3 last:border-b-0 lg:grid-cols-[minmax(180px,0.8fr)_minmax(260px,1.5fr)_auto] lg:items-center">[39m
[31m+             <div>[39m
[31m+               <p className="font-medium text-[#201f1e]">{alert.clientName}</p>[39m
[31m+               <p className="mt-0.5 text-[11px] text-[#8a8886]">Observed {alert.timestamp}</p>[39m
[31m+             </div>[39m
[31m+             <div>[39m
[31m+               <div className="mb-1.5 flex flex-wrap gap-1.5"><span className={`rounded border px-1.5 py-0.5 text-[11px] font-semibold ${severityClass(alert.severity)}`}>{alert.severity}</span><span className="rounded bg-[#f3f2f1] px-1.5 py-0.5 text-[11px] text-[#605e5c]">{alert.category}</span></div>[39m
[31m+               <p className="text-[13px] font-medium text-[#201f1e]">{alert.title}</p><p className="mt-0.5 text-[12px] leading-5 text-[#605e5c]">{alert.description}</p>[39m
[31m+             </div>[39m
[31m+             <div className="flex gap-2 lg:flex-col"><button type="button" onClick={() => setSelected(alert)} className="inline-flex h-8 items-center justify-center gap-1.5 rounded bg-[#0f6cbd] px-3 text-[13px] font-medium text-white hover:bg-[#004578]">Investigate <ArrowRight className="h-3.5 w-3.5" /></button>{client && <button type="button" onClick={() => onSelectClient(client.id)} className="h-8 rounded border border-[#c8c6c4] px-3 text-[13px] font-medium text-[#323130] hover:bg-black/[.03]">Client</button>}</div>[39m
[31m+           </article>;[39m
[31m+         })}[39m
[31m+       </div> : <div className="px-6 py-10 text-center"><CheckCircle2 className="mx-auto h-6 w-6 text-[#0e700e]" /><h3 className="mt-2 text-[13px] font-semibold text-[#201f1e]">No clients need attention</h3><p className="mt-1 text-[12px] text-[#605e5c]">Your monitored clients currently have no active recorded findings requiring action.</p></div>}[39m
[31m+     </div>[39m
[31m+[39m
[31m+     {selected && <div className="fixed inset-0 z-50 flex items-end bg-black/40 p-0 md:items-center md:justify-center md:p-6" role="dialog" aria-modal="true" aria-labelledby="finding-title">[39m
[31m+       <div className="max-h-[92vh] w-full max-w-2xl overflow-y-auto rounded-t-md border border-[#e1dfdd] bg-white p-5 md:rounded-md"><div className="flex items-start justify-between gap-4"><div><p className="text-[11px] font-semibold uppercase tracking-wide text-[#605e5c]">Finding detail · Explain this</p><h2 id="finding-title" className="mt-1 text-[18px] font-semibold text-[#201f1e]">{selected.title}</h2></div><button type="button" onClick={() => setSelected(null)} aria-label="Close finding" className="rounded p-1.5 text-[#605e5c] hover:bg-black/[.05]"><X className="h-4 w-4" /></button></div>[39m
[31m+         {findingError && <div role="alert" className="mt-4 rounded-md border border-[#a4262c]/30 bg-[#fdf2f2] p-3 text-[13px] text-[#a4262c]"><p className="font-semibold">Finding detail unavailable</p><p className="mt-0.5">{findingError}</p></div>}[39m
[31m+         {finding && <><div className="mt-4 grid gap-3 sm:grid-cols-2"><Detail label="Client" value={selected.clientName} /><Detail label="Severity and status" value={`${finding.severity} — ${finding.status}`} /><Detail label="First observed" value={formatStoredTime(finding.created_at)} /><Detail label="Last observed" value={formatStoredTime(finding.updated_at)} /></div>[39m
[31m+         <section className="mt-3 rounded-md border border-[#e1dfdd] bg-[#faf9f8] p-3"><h3 className="text-[13px] font-semibold text-[#201f1e]">Observed</h3><p className="mt-1 text-[13px] leading-6 text-[#323130]">{finding.description || 'No observation description is available.'}</p></section><div className="mt-3 grid gap-3 sm:grid-cols-2"><Detail label="Why it matters" value="Review this recorded finding with its evidence before choosing remediation." /><Detail label="What you can do" value="Create a remediation task, then collect a new observation before treating the finding as resolved." /></div>[39m
[31m+         <section className="mt-3 rounded-md border border-[#e1dfdd] bg-[#faf9f8] p-3"><h3 className="text-[13px] font-semibold text-[#201f1e]">Evidence chain</h3><p className="mt-0.5 text-[11px] text-[#8a8886]">Finding → observed artifact → source evidence → verification time</p>{evidenceList(finding.evidence_ids).length ? <ul className="mt-3 space-y-1.5">{evidenceList(finding.evidence_ids).map((id: string) => <li key={id} className="rounded border border-[#e1dfdd] bg-white px-2.5 py-1.5 font-mono text-[11px] text-[#323130]">Evidence reference: {id}</li>)}</ul> : <p className="mt-3 text-[13px] text-[#605e5c]">Evidence unavailable. This finding has no stored evidence references.</p>}</section></>}[39m
[31m+         {taskError && <p role="alert" className="mt-3 text-[13px] text-[#a4262c]">{taskError}</p>}[39m
[31m+         {task && <section className="mt-3 rounded-md border border-[#0f6cbd]/30 bg-[#eff6fc] p-3"><p className="text-[11px] font-semibold uppercase tracking-wide text-[#0f6cbd]">Remediation task</p><p className="mt-1 text-[13px] font-semibold text-[#201f1e]">{task.title}</p><p className="mt-0.5 text-[12px] text-[#323130]">{task.status.replaceAll('_', ' ')} · created {formatStoredTime(task.created_at)}</p>{task.status === 'OPEN' && <button type="button" onClick={() => void transitionTask('IN_PROGRESS')} disabled={taskLoading} className="mt-3 inline-flex h-8 items-center rounded bg-[#0f6cbd] px-3 text-[13px] font-medium text-white hover:bg-[#004578] disabled:opacity-50">{taskLoading ? 'Updating task…' : 'Start remediation'}</button>}{task.status === 'IN_PROGRESS' && <button type="button" onClick={() => void transitionTask('READY_FOR_VERIFICATION')} disabled={taskLoading} className="mt-3 inline-flex h-8 items-center rounded bg-[#0f6cbd] px-3 text-[13px] font-medium text-white hover:bg-[#004578] disabled:opacity-50">{taskLoading ? 'Updating task…' : 'Mark ready for verification'}</button>}{task.status === 'READY_FOR_VERIFICATION' && <div className="mt-2"><p className="text-[13px] text-[#8a5700]">Remediation marked complete. Verification required.</p><p className="mt-0.5 text-[11px] text-[#605e5c]">Re-checks the most recent evidence SPR already has on file for this software — this is not a live scan.</p><button type="button" onClick={() => void verifyWithLatestEvidence()} disabled={taskLoading} className="mt-2 inline-flex h-8 items-center rounded bg-[#0f6cbd] px-3 text-[13px] font-medium text-white hover:bg-[#004578] disabled:opacity-50">{taskLoading ? 'Verifying…' : 'Verify with latest evidence'}</button></div>}{task.status === 'VERIFIED' && <p className="mt-2 text-[13px] text-[#0e700e]">Verified against evidence SPR collected. The underlying finding is now marked resolved.</p>}</section>}[39m
[31m+         <div className="mt-4 flex flex-wrap gap-2"><button type="button" onClick={() => { setSelected(null); onNavigate('alerts'); }} disabled={!finding} className="inline-flex h-8 items-center gap-1.5 rounded bg-[#0f6cbd] px-3 text-[13px] font-medium text-white hover:bg-[#004578] disabled:opacity-50"><FileSearch className="h-3.5 w-3.5" /> Show evidence</button>{task ? <span className="inline-flex h-8 items-center rounded border border-[#c8c6c4] px-3 text-[13px] font-medium text-[#323130]">Task created</span> : <button type="button" onClick={() => void createTask()} disabled={!finding || taskLoading} className="inline-flex h-8 items-center rounded border border-[#c8c6c4] px-3 text-[13px] font-medium text-[#323130] hover:bg-black/[.03] disabled:opacity-50">{taskLoading ? 'Creating task…' : 'Create remediation task'}</button>}</div>[39m
[31m+       </div>[39m
[31m+     </div>}[39m
[31m+   </section>;[39m
[31m+ }[39m
[31m+[39m
[31m+ function Metric({ label, value, icon }: { label: string; value: number; icon: React.ReactNode }) { return <div className="flex items-center gap-1.5">{icon}<div><div className="text-[11px] text-[#605e5c]">{label}</div><div className="text-lg font-semibold text-[#201f1e]">{value}</div></div></div>; }[39m
[31m+ function Detail({ label, value }: { label: string; value: string }) { return <div className="rounded-md border border-[#e1dfdd] bg-[#faf9f8] p-3"><p className="text-[11px] font-semibold uppercase tracking-wide text-[#605e5c]">{label}</p><p className="mt-1 text-[13px] leading-5 text-[#201f1e]">{value}</p></div>; }[39m
[31m+ function formatStoredTime(value?: string | null) { return value ? new Date(value).toLocaleString() : 'Not observed'; }[39m
[31m+ function evidenceList(value?: string | null) { try { const parsed = JSON.parse(value || '[]'); return Array.isArray(parsed) ? parsed.filter((item): item is string => typeof item === 'string') : []; } catch { return []; } }[39m
[31m+[39m

[36m [2m❯[22m tests/msp-command-center-and-pricing-contract.test.ts:[2m47:15[22m[39m
    [90m 45| [39m  it('provides a real client switcher wired to the existing onSelectCl…
    [90m 46| [39m    [35mconst[39m s [33m=[39m [34msource[39m()[33m;[39m
    [90m 47| [39m    [34mexpect[39m(s)[33m.[39m[34mtoContain[39m([32m'Switch client'[39m)[33m;[39m
    [90m   | [39m              [31m^[39m
    [90m 48| [39m    expect(s).toContain('onSelectClient(client.id); onNavigate(\'clien…
    [90m 49| [39m  })[33m;[39m

[31m[2m⎯⎯⎯⎯⎯⎯⎯⎯⎯⎯⎯⎯⎯⎯⎯⎯⎯⎯⎯⎯⎯[65/141]⎯[22m[39m

[41m[1m FAIL [22m[49m tests/msp-command-center-and-pricing-contract.test.ts[2m > [22mSPR MSP pricing — packaging separated from live billing[2m > [22mroutes both authenticated and unauthenticated /pricing to the same real MSP pricing view
[31m[1mAssertionError[22m: expected 'import { useEffect, useMemo, useState…' to contain 'if (!user && path === \'/pricing\') r…'[39m

[32m- Expected[39m
[31m+ Received[39m

[32m- i[7mf (!user && path === '/pricing') return <MspPricingView isAuthenticated={false}[27m[39m
[31m+ i[7mmport { useEffect, useMemo, useState, type ReactNode } from 'react';[27m[39m
[31m+ import { getRedirectResult, onAuthStateChanged, signOut, type User } from 'firebase/auth';[39m
[31m+ import type { Alert, Client, Integration, Scan, SoftwarePassport, Vendor } from './types';[39m
[31m+ import type { VerificationDecision } from './lib/verification/evaluateVerification.ts';[39m
[31m+ import { apiFetch } from './utils/apiClient';[39m
[31m+ import { auth } from './lib/firebase';[39m
[31m+ import CommandCenter from './components/CommandCenter';[39m
[31m+ import ExtensionWorkflow from './components/ExtensionWorkflow';[39m
[31m+ import ExtensionMarketplace from './components/ExtensionMarketplace';[39m
[31m+ import LoginView from './components/LoginView';[39m
[31m+ import EvidenceDashboardView from './components/EvidenceDashboardView';[39m
[31m+ import EvidenceExplorerView from './components/EvidenceExplorerView';[39m
[31m+ import AITrustCenterView from './components/AITrustCenterView';[39m
[31m+ import CoverageView from './components/CoverageView';[39m
[31m+ import AssetsView from './components/AssetsView';[39m
[31m+ import PassportsView from './components/PassportsView';[39m
[31m+ import ScansView from './components/ScansView';[39m
[31m+ import AlertsView from './components/AlertsView';[39m
[31m+ import ClientsView from './components/ClientsView';[39m
[31m+ import VendorsView from './components/VendorsView';[39m
[31m+ import IntegrationsView from './components/IntegrationsView';[39m
[31m+ import BillingView from './components/BillingView';[39m
[31m+ import ComplianceView from './components/ComplianceView';[39m
[31m+ import AgentTrustView from './components/AgentTrustView';[39m
[31m+ import EnterpriseReadinessView from './components/EnterpriseReadinessView';[39m
[31m+ import FounderDashboardView from './components/FounderDashboardView';[39m
[31m+ import InvestorHomeView from './components/InvestorHomeView';[39m
[31m+ import SettingsView from './components/SettingsView';[39m
[31m+ import TeamView from './components/TeamView';[39m
[31m+ import AuditLogView from './components/AuditLogView';[39m
[31m+ import MonitoringView from './components/MonitoringView';[39m
[31m+ import SecurityCenterView from './components/SecurityCenterView';[39m
[31m+ import MSPCommandCenter from './components/MSPCommandCenter';[39m
[31m+ import ReportsView from './components/ReportsView';[39m
[31m+ import TrustGraphView from './components/TrustGraphView';[39m
[31m+ import { EXTENSIONS } from './workflows/extensionRegistry';[39m
[31m+ const PUBLIC_PATHS = new Set(['/','/login','/free-review','/pricing']);[39m
[31m+ const EMPTY_CLIENTS: Client[] = []; const EMPTY_PASSPORTS: SoftwarePassport[] = []; const EMPTY_VENDORS: Vendor[] = []; const EMPTY_INTEGRATIONS: Integration[] = []; const EMPTY_SCANS: Scan[] = []; const EMPTY_ALERTS: Alert[] = [];[39m
[31m+ function deriveAlertStatus(remediationStatus: string | null | undefined, findingStatus: string | null | undefined): Alert['status'] { switch (remediationStatus) { case 'IN_PROGRESS': case 'READY_FOR_VERIFICATION': return 'Acknowledged'; case 'BLOCKED': return 'Snoozed'; case 'VERIFIED': case 'CLOSED': return 'Resolved'; case 'CANCELLED': return 'Cancelled'; case 'OPEN': return 'Active'; default: return String(findingStatus || '').toLowerCase() === 'resolved' ? 'Resolved' : 'Active'; } }[39m
[31m+ function navigate(path: string) { window.history.pushState({}, '', path); window.dispatchEvent(new PopStateEvent('popstate')); }[39m
[31m+ function usePath() { const [path, setPath] = useState(() => window.location.pathname || '/'); useEffect(() => { const update = () => setPath(window.location.pathname || '/'); window.addEventListener('popstate', update); return () => window.removeEventListener('popstate', update); }, []); return path; }[39m
[31m+ function AuthLoading() { return <div className="grid min-h-screen place-items-center bg-[#faf9f8] text-[#201f1e]"><div className="text-center"><div className="mx-auto grid h-10 w-10 place-items-center rounded bg-[#0f6cbd] text-xs font-bold text-white">S</div><div className="mt-4 text-[11px] font-semibold uppercase tracking-wide text-[#605e5c]">Securing workspace</div><div className="mt-1 text-[12px] text-[#8a8886]">Checking authenticated session…</div></div></div>; }[39m
[31m+ function CoverPage() { return <div className="min-h-screen bg-[#faf9f8] text-[#201f1e]"><div className="mx-auto flex min-h-screen max-w-5xl items-center px-6 py-16"><div className="max-w-3xl"><div className="mb-5 inline-flex items-center gap-1.5 rounded border border-[#e1dfdd] bg-white px-2.5 py-1 text-[11px] font-semibold uppercase tracking-wide text-[#605e5c]">Evidence-first software trust</div><h1 className="text-[28px] font-semibold tracking-tight md:text-[34px]">Software trust, operated as a system.</h1><p className="mt-4 max-w-2xl text-[14px] leading-6 text-[#605e5c]">Software Passport Registry turns software identity, security, provenance, reliability, compliance, and evidence into repeatable workflows for teams, buyers, and managed service providers.</p><div className="mt-6 flex flex-wrap gap-2"><button onClick={() => navigate('/login')} className="h-9 rounded bg-[#0f6cbd] px-4 text-[13px] font-semibold text-white hover:bg-[#004578]">Enter SPR</button><button onClick={() => navigate('/free-review')} className="h-9 rounded border border-[#c8c6c4] bg-white px-4 text-[13px] font-medium text-[#323130] hover:bg-black/[.03]">Free review</button></div></div></div></div>; }[39m
[31m+ function PublicPage({ title, description, action, onAction }: { title: string; description: string; action: string; onAction: () => void }) { return <div className="grid min-h-screen place-items-center bg-[#faf9f8] px-6 text-[#201f1e]"><div className="max-w-md rounded-md border border-[#e1dfdd] bg-white p-6 text-center"><div className="text-[11px] font-semibold uppercase tracking-wide text-[#605e5c]">Software Passport Registry</div><h1 className="mt-2 text-[20px] font-semibold">{title}</h1><p className="mt-2 text-[13px] leading-5 text-[#605e5c]">{description}</p><button onClick={onAction} className="mt-5 h-9 rounded bg-[#0f6cbd] px-4 text-[13px] font-semibold text-white hover:bg-[#004578]">{action}</button></div></div>; }[39m
[31m+ function WorkflowBoundary({ title, description, extensionId, onNavigate }: { title: string; description: string; extensionId?: string; onNavigate: (path: string) => void }) { const extension = extensionId ? EXTENSIONS.find((item) => item.id === extensionId) : undefined; return <section><div className="rounded-md border border-[#e1dfdd] bg-white p-5"><div className="text-[11px] font-semibold uppercase tracking-wide text-[#605e5c]">Workflow boundary</div><h1 className="mt-1.5 text-[20px] font-semibold tracking-tight">{title}</h1><p className="mt-2 max-w-2xl text-[13px] leading-5 text-[#605e5c]">{description}</p>{extension && <button onClick={() => onNavigate(extension.entryPath)} className="mt-4 h-8 rounded bg-[#0f6cbd] px-3 text-[12px] font-semibold text-white hover:bg-[#004578]">Open {extension.name} →</button>}</div></section>; }[39m
[31m+ export default function App() {[39m
[31m+  const path=usePath(); const [authReady,setAuthReady]=useState(false); const [user,setUser]=useState<User|null>(null); const [role,setRole]=useState('Viewer'); const [selectedClientId,setSelectedClientId]=useState(''); const [selectedPassportId,setSelectedPassportId]=useState<string|null>(null); const [assets,setAssets]=useState<any[]>([]); const [clients,setClients]=useState<Client[]>(EMPTY_CLIENTS); const [passports,setPassports]=useState<SoftwarePassport[]>(EMPTY_PASSPORTS); const [vendors,setVendors]=useState<Vendor[]>(EMPTY_VENDORS); const [alerts,setAlerts]=useState<Alert[]>(EMPTY_ALERTS); const [findings,setFindings]=useState<unknown[]>([]); const [scans,setScans]=useState<Scan[]>(EMPTY_SCANS); const [integrations,setIntegrations]=useState<Integration[]>(EMPTY_INTEGRATIONS); const [theme,setTheme]=useState<'light'|'dark'>('dark'); const [verificationDecisions,setVerificationDecisions]=useState<Record<string,VerificationDecision>>({}); const [verificationDetails,setVerificationDetails]=useState<Record<string,unknown>>({});[39m
[31m+  useEffect(()=>{let mounted=true;let redirectSettled=false;let observedUser:User|null=null;const timeoutId=window.setTimeout(()=>{if(mounted)setAuthReady(true)},10000);const unsubscribe=onAuthStateChanged(auth,(currentUser)=>{if(!mounted)return;observedUser=currentUser;if(!redirectSettled)return;setUser(currentUser);setAuthReady(true);window.clearTimeout(timeoutId)},()=>{if(mounted){setAuthReady(true);window.clearTimeout(timeoutId)}});void getRedirectResult(auth).then(result=>{redirectSettled=true;if(mounted)setUser(result?.user||observedUser);if(mounted)setAuthReady(true);window.clearTimeout(timeoutId)}).catch(error=>{redirectSettled=true;console.error('[Firebase redirect sign-in error]',error);if(mounted)setUser(observedUser);if(mounted)setAuthReady(true);window.clearTimeout(timeoutId)});return()=>{mounted=false;window.clearTimeout(timeoutId);unsubscribe()}},[]);[39m
[31m+  useEffect(()=>{if(authReady&&!user&&!PUBLIC_PATHS.has(path))navigate('/login')},[authReady,user,path]);[39m
[31m+  useEffect(()=>{if(!user)return;let cancelled=false;const load=async()=>{const responses=await Promise.all([apiFetch('/api/user/me'),apiFetch('/api/scans'),apiFetch('/api/trust-loop/findings'),apiFetch('/api/user/passports'),apiFetch('/api/user/clients'),apiFetch('/api/integrations'),apiFetch('/api/user/verification')]);if(responses.some(r=>r.status===401)){await signOut(auth);navigate('/login');return}const [me,scansResponse,findingsResponse,passportsResponse,clientsResponse,integrationsResponse,verificationResponse]=responses;if(verificationResponse.ok){const data=await verificationResponse.json().catch(()=>null);if(!cancelled){setVerificationDecisions(data?.verificationDecisions&&typeof data.verificationDecisions==='object'?data.verificationDecisions:{});setVerificationDetails(data?.verificationDetails&&typeof data.verificationDetails==='object'?data.verificationDetails:{})}}else if(!cancelled){setVerificationDecisions({});setVerificationDetails({})}if(me.ok){const data=await me.json().catch(()=>null);if(!cancelled)setRole(String(data?.role||'Viewer'))}if(scansResponse.ok){const data=await scansResponse.json().catch(()=>[]);if(!cancelled&&Array.isArray(data))setScans(data)}if(findingsResponse.ok){const data=await findingsResponse.json().catch(()=>[]);const rows=Array.isArray(data)?data:data?.findings;if(!cancelled&&Array.isArray(rows)){setFindings(rows);setAlerts(rows.map((row:any)=>({id:String(row.id),title:String(row.title||row.control_id||'Trust finding'),severity:String(row.severity||'Low').replace(/^./,(s:string)=>s.toUpperCase()),category:'Trust finding',clientName:String(row.client_id||'Tenant'),description:String(row.description||'Evidence-backed finding'),timestamp:String(row.updated_at||''),status:deriveAlertStatus(row.remediation_status,row.status),remediationId:row.remediation_id?String(row.remediation_id):null,ownerDisplay:row.remediation_owner_display||null,slaDueAt:row.remediation_sla_due_at||null})) as Alert[])}}if(passportsResponse.ok){const data=await passportsResponse.json().catch(()=>[]);const rows=Array.isArray(data)?data:data?.passports;if(!cancelled&&Array.isArray(rows)){const normalized=rows.map((row:any)=>({...row,id:String(row.id),name:String(row.name||'Unnamed software'),version:String(row.version||'unknown'),publisher:String(row.publisher||'unknown'),clientId:row.clientId?String(row.clientId):undefined,evidence:Array.isArray(row.evidence)?row.evidence:[],vulnerabilities:Array.isArray(row.vulnerabilities)?row.vulnerabilities:[],timeline:Array.isArray(row.timeline)?row.timeline:[],sbom:Array.isArray(row.sbom)?row.sbom:[],scores:null,scoreStatus:row.scoreStatus||'not_authoritatively_scored'})) as SoftwarePassport[];setPassports(normalized);setAssets(normalized.map((passport:any)=>({id:passport.id,name:passport.name,hostName:passport.name,type:passport.category||'software',clientId:passport.clientId,clientName:String(passport.clientId||'Unobserved'),environment:String(passport.environment||'Unobserved'),version:passport.version})));setVendors(EMPTY_VENDORS)}}if(clientsResponse.ok){const data=await clientsResponse.json().catch(()=>[]);const rows=Array.isArray(data)?data:data?.clients;if(!cancelled&&Array.isArray(rows))setClients(rows.map((row:any)=>({...row,id:String(row.id),name:String(row.name||row.company_name||'Unnamed client')})) as Client[])}if(integrationsResponse.ok){const data=await integrationsResponse.json().catch(()=>[]);if(!cancelled&&Array.isArray(data))setIntegrations(data)}};void load().catch(error=>console.warn('[SPR command center load]',error));return()=>{cancelled=true}},[user]);[39m
[31m+  useEffect(()=>{const refresh=()=>{if(user)window.location.reload()};window.addEventListener('refresh-data',refresh);return()=>window.removeEventListener('refresh-data',refresh)},[user]);[39m
[31m+  const onNavigateTab=(target:string,itemId?:string)=>navigate(itemId?`${target.startsWith('/')?target:`/${target}`}/${encodeURIComponent(itemId)}`:target.startsWith('/')?target:`/${target}`); const quickAction=(action:'add-client'|'register-passport'|'scan-sbom')=>navigate(action==='add-client'?'/clients':action==='register-passport'?'/passports':'/scans');[39m
[31m+  const performAlertAction=async(alert:Alert,action:'acknowledge'|'assign'|'resolve'|'escalate'|'snooze'|'reopen',assigneeDisplay?:string)=>{let remediationId=alert.remediationId;if(!remediationId){const created=await apiFetch('/api/trust-loop/remediations',{method:'POST',headers:{'Content-Type':'application/json'},body:JSON.stringify({findingId:alert.id,title:alert.title,description:alert.description,priority:alert.severity.toUpperCase()})});if(!created.ok)return;const createdBody=await created.json().catch(()=>null);remediationId=createdBody?.id?String(createdBody.id):undefined;if(!remediationId)return}const patchBody:Record<string,unknown>={acknowledge:{status:'IN_PROGRESS'},resolve:{status:'CLOSED'},snooze:{status:'BLOCKED'},reopen:{status:'OPEN'},escalate:{status:'IN_PROGRESS',slaDueAt:new Date(Date.now()+4*3600*1000).toISOString()},assign:{status:'IN_PROGRESS',ownerDisplay:assigneeDisplay||''}}[action];const response=await apiFetch(`/api/trust-loop/remediations/${encodeURIComponent(remediationId)}`,{method:'PATCH',headers:{'Content-Type':'application/json'},body:JSON.stringify(patchBody)});if(!response.ok)return;const updated=await response.json().catch(()=>null);setAlerts(current=>current.map(item=>item.id===alert.id?{...item,remediationId,status:deriveAlertStatus(updated?.status??String(patchBody.status),null),ownerDisplay:updated?.owner_display??(patchBody.ownerDisplay as string|undefined)??item.ownerDisplay,slaDueAt:updated?.sla_due_at??(patchBody.slaDueAt as string|undefined)??item.slaDueAt}:item))};[39m
[31m+  const selectedExtension=useMemo(()=>{const match=path.match(/^\/extensions\/([^/]+)/);return match?decodeURIComponent(match[1]):null},[path]);const signOutUser=async()=>{await signOut(auth);navigate('/login')};[39m
[31m+  if(!authReady)return <AuthLoading/>;if(path==='/')return <CoverPage/>;if(path==='/login')return user?<AuthLoading/>:<LoginView onLoginSuccess={()=>navigate('/dashboard')}/>;if(!user&&path==='/free-review')return <PublicPage title="Free software review" description="Start an evidence-first review from the public entry point." action="Sign in to continue" onAction={()=>navigate('/login')}/>;if(!user&&path==='/pricing')return <PublicPage title="SPR plans" description="Account and billing capabilities are available inside the authenticated workspace." action="Enter SPR" onAction={()=>navigate('/login')}/>;if(!user)return <AuthLoading/>;[39m
[31m+  let view:ReactNode;if(selectedExtension)view=<ExtensionWorkflow id={selectedExtension} onNavigate={navigate}/>;else switch(path){case '/dashboard':view=<EvidenceDashboardView clients={clients} alerts={alerts} scans={scans} passports={passports} findings={findings} onNavigateTab={onNavigateTab} onOpenQuickAction={quickAction}/>;break;case '/coverage':view=<CoverageView clients={clients} scans={scans} passports={passports} onNavigateTab={onNavigateTab}/>;break;case '/evidence-explorer':view=<EvidenceExplorerView passports={passports}/>;break;case '/assets':view=<AssetsView clients={clients} searchQuery="" assets={assets}/>;break;case '/passports':case '/registry':view=<PassportsView verificationDecisions={verificationDecisions} verificationDetails={verificationDetails} passports={passports} selectedPassportId={selectedPassportId} setSelectedPassportId={setSelectedPassportId} searchQuery="" clients={clients} assets={assets} role={role} onNavigateTab={onNavigateTab} onUpdatePassport={passport=>setPassports(current=>current.map(item=>item.id===passport.id?passport:item))}/>;break;case '/scans':view=<ScansView scans={scans} clients={clients} assets={assets} passports={passports} role={role} onTriggerNewScan={scan=>setScans(current=>[scan,...current.filter(item=>item.id!==scan.id)].slice(0,100))}/>;break;case '/alerts':view=<AlertsView alerts={alerts} onAlertAction={performAlertAction}/>;break;case '/reports':view=<ReportsView clients={clients} passports={passports} scans={scans} alerts={alerts} findings={findings} role={role}/>;break;case '/trust-graph':view=<TrustGraphView clients={clients} passports={passports} assets={assets} findings={findings}/>;/* onSelectPassport={setSelectedPassportId} */break;case '/clients':view=<ClientsView clients={clients} selectedClientId={selectedClientId} setSelectedClientId={setSelectedClientId} passports={passports} onNavigateTab={onNavigateTab} searchQuery=""/>;break;case '/vendors':view=<VendorsView vendors={vendors} searchQuery=""/>;break;case '/integrations':view=<IntegrationsView passports={passports} onNavigateTab={onNavigateTab}/>;break;case '/monitoring':view=<MonitoringView role={role}/>;break;case '/security':view=<SecurityCenterView clients={clients} passports={passports}/>;break;case '/compliance':view=<ComplianceView clients={clients} role={role}/>;break;case '/msp':view=<MSPCommandCenter verificationDecisions={verificationDecisions} verificationDetails={verificationDetails} clients={clients} alerts={alerts} findings={findings} role={role} onSelectClient={setSelectedClientId} onNavigate={navigate}/>;break;case '/agent-trust':view=<AgentTrustView/>;break;case '/ai-trust-center':view=<AITrustCenterView role={role}/>;break;case '/enterprise-readiness':view=<EnterpriseReadinessView clients={clients}/>;break;case '/investor':view=<InvestorHomeView passports={passports} clients={clients} alerts={alerts} onShowTelemetry={()=>navigate('/scans')} onNavigateTab={onNavigateTab}/>;break;case '/founder':view=<FounderDashboardView userRole={role}/>;break;case '/billing':view=<BillingView/>;break;case '/settings':view=<SettingsView theme={theme} onToggleTheme={()=>setTheme(current=>current==='dark'?'light':'dark')}/>;break;case '/team':view=<TeamView role={role}/>;break;case '/audit-log':view=<AuditLogView/>;break;case '/extensions':view=<ExtensionMarketplace onNavigateTab={onNavigateTab} role={role}/>;break;default:view=<WorkflowBoundary title="Workflow" description="This authenticated capability is explicitly routed through the Command Center. Choose its owning workflow from the left rail." onNavigate={navigate}/>}[39m
[31m+  return <CommandCenter path={path} userEmail={user.email} role={role} onNavigate={navigate} onSignOut={()=>void signOutUser()}>{view}</CommandCenter>;[39m
[31m+ }[39m
[31m+[39m

[36m [2m❯[22m tests/msp-command-center-and-pricing-contract.test.ts:[2m77:17[22m[39m
    [90m 75| [39m  it('routes both authenticated and unauthenticated /pricing to the sa…
    [90m 76| [39m    [35mconst[39m app [33m=[39m [34mread[39m([32m'src/App.tsx'[39m)[33m;[39m
    [90m 77| [39m    expect(app).toContain("if (!user && path === '/pricing') return <M…
    [90m   | [39m                [31m^[39m
    [90m 78| [39m    expect(app).toContain("case '/pricing': view = <MspPricingView isA…
    [90m 79| [39m  })[33m;[39m

[31m[2m⎯⎯⎯⎯⎯⎯⎯⎯⎯⎯⎯⎯⎯⎯⎯⎯⎯⎯⎯⎯⎯[66/141]⎯[22m[39m

[41m[1m FAIL [22m[49m tests/msp-landing-onboarding-nav-contract.test.ts[2m > [22mpublic /msp landing page reuses existing pricing and billing, without duplicating either[2m > [22mApp.tsx serves MspLandingView at /msp for unauthenticated visitors without touching the authenticated /msp route
[31m[1mAssertionError[22m: expected 'const PUBLIC_PATHS = new Set([\'/\',\…' to contain '\'/msp\''[39m

Expected: [32m"'/msp'"[39m
Received: [31m"const PUBLIC_PATHS = new Set(['/','/login','/free-review','/pricing']);"[39m

[36m [2m❯[22m tests/msp-landing-onboarding-nav-contract.test.ts:[2m23:29[22m[39m
    [90m 21| [39m    // literal, so an unrelated public route cannot break this guarant…
    [90m 22| [39m    const publicPathsLine = s.split('\n').find((l) => l.includes('cons…
    [90m 23| [39m    [34mexpect[39m(publicPathsLine)[33m.[39m[34mtoContain[39m([32m"'/msp'"[39m)[33m;[39m
    [90m   | [39m                            [31m^[39m
    [90m 24| [39m    expect(s).toContain("if (!user && path === '/msp') return <MspLand…
    [90m 25| [39m    // Asserts the authenticated /msp route still renders MSPCommandCe…

[31m[2m⎯⎯⎯⎯⎯⎯⎯⎯⎯⎯⎯⎯⎯⎯⎯⎯⎯⎯⎯⎯⎯[67/141]⎯[22m[39m

[41m[1m FAIL [22m[49m tests/msp-landing-onboarding-nav-contract.test.ts[2m > [22mfirst-run onboarding banner on the dashboard[2m > [22mis gated strictly on the real clients list being empty, not a separate persisted onboarding flag
[31m[1mAssertionError[22m: expected 'import { useEffect, useMemo, useState…' to contain '{clients.length === 0 && ('[39m

[32m- Expected[39m
[31m+ Received[39m

[32m- {clients.length === 0 && ([39m
[31m+ import { useEffect, useMemo, useState, type ReactNode } from 'react';[39m
[31m+ import { Activity, ChevronRight, Command, Database, PlayCircle, Search, ShieldCheck, Terminal, X } from 'lucide-react';[39m
[31m+ import type { Alert, Client, Scan, SoftwarePassport } from '../types';[39m
[31m+[39m
[31m+ interface Props { clients: Client[]; alerts: Alert[]; scans: Scan[]; passports: SoftwarePassport[]; findings?: unknown[]; onNavigateTab: (path: string, itemId?: string) => void; onOpenQuickAction: (actionType: 'add-client' | 'register-passport' | 'scan-sbom') => void; }[39m
[31m+[39m
[31m+ function hasArrayValue(value: unknown) {[39m
[31m+   return Array.isArray(value) && value.length > 0;[39m
[31m+ }[39m
[31m+[39m
[31m+ const TOUR = [[39m
[31m+   ['01', 'Connect your environment', 'Bring repositories, cloud, identity, SBOM, security and runtime evidence into one system.'],[39m
[31m+   ['02', 'Discover software reality', 'SPR resolves software into durable identities and maps relationships between assets.'],[39m
[31m+   ['03', 'Verify what is known', 'Important statements stay traceable to observed evidence, with uncertainty exposed instead of hidden.'],[39m
[31m+   ['04', 'Operate continuously', 'Changes, drift, dependencies and new evidence become events in the same trust system.'],[39m
[31m+ ];[39m
[31m+[39m
[31m+ const COMMANDS: [string, string, string][] = [[39m
[31m+   ['/passports', 'Software registry', 'Browse software identities'],[39m
[31m+   ['/integrations', 'Connectors', 'Connect the ecosystem'],[39m
[31m+   ['/scans', 'Evidence', 'Inspect observations'],[39m
[31m+   ['/monitoring', 'Monitoring', 'See change over time'],[39m
[31m+   ['/security', 'Verification', 'Inspect trust evidence'],[39m
[31m+ ];[39m
[31m+[39m
[31m+ function scanStatusDot(status: string) {[39m
[31m+   const s = String(status || '').toLowerCase();[39m
[31m+   if (s === 'success' || s === 'completed') return 'bg-[#0e700e]';[39m
[31m+   if (s === 'failed') return 'bg-[#a4262c]';[39m
[31m+   if (s === 'scanning') return 'bg-[#0f6cbd]';[39m
[31m+   return 'bg-[#8a8886]';[39m
[31m+ }[39m
[31m+[39m
[31m+ function alertStatusDot(status: string) {[39m
[31m+   const s = String(status || '').toLowerCase();[39m
[31m+   if (s === 'active') return 'bg-[#a4262c]';[39m
[31m+   if (s === 'acknowledged' || s === 'snoozed') return 'bg-[#8a5700]';[39m
[31m+   if (s === 'resolved') return 'bg-[#0e700e]';[39m
[31m+   return 'bg-[#8a8886]';[39m
[31m+ }[39m
[31m+[39m
[31m+ function severityDot(severity: string) {[39m
[31m+   const s = String(severity || '').toLowerCase();[39m
[31m+   if (s === 'critical' || s === 'high') return 'bg-[#a4262c]';[39m
[31m+   if (s === 'medium') return 'bg-[#8a5700]';[39m
[31m+   return 'bg-[#0f6cbd]';[39m
[31m+ }[39m
[31m+[39m
[31m+ export default function EvidenceDashboardView({ clients, alerts, scans, passports, findings = [], onNavigateTab, onOpenQuickAction }: Props) {[39m
[31m+   const [tourOpen, setTourOpen] = useState(() => localStorage.getItem('spr-infrastructure-tour') !== 'complete');[39m
[31m+   const [tourStep, setTourStep] = useState(0);[39m
[31m+   const [commandOpen, setCommandOpen] = useState(false);[39m
[31m+   const [query, setQuery] = useState('');[39m
[31m+   const activeAlerts = alerts.filter((item) => item.status !== 'Resolved').length;[39m
[31m+[39m
[31m+   // Every figure below is computed directly from already-loaded tenant records —[39m
[31m+   // no score is inferred and no metric is shown without a real, checkable source.[39m
[31m+   const portfolio = useMemo(() => {[39m
[31m+     const verifiedPassports = passports.filter((p) => hasArrayValue(p.evidence) && p.evidence.every((e: any) => e.status === 'VERIFIED')).length;[39m
[31m+     const openVulnerabilities = passports.reduce((total, p) => total + (p.vulnerabilities || []).filter((v: any) => v.status === 'Open').length, 0);[39m
[31m+     const criticalFindings = (findings as any[]).filter((f) => String(f?.severity || '').toLowerCase() === 'critical' && !['resolved', 'closed', 'verified'].includes(String(f?.status || '').toLowerCase())).length;[39m
[31m+     const evidenceBearing = passports.filter((p) => hasArrayValue(p.evidence) || hasArrayValue((p as any).sbom) || hasArrayValue(p.timeline)).length;[39m
[31m+     const evidenceCoveragePercent = passports.length === 0 ? 0 : Math.round((evidenceBearing / passports.length) * 100);[39m
[31m+     const complianceAverage = clients.length === 0 ? null : Math.round(clients.reduce((total, c: any) => total + (Number(c.complianceProgress) || 0), 0) / clients.length);[39m
[31m+     return { verifiedPassports, openVulnerabilities, criticalFindings, evidenceCoveragePercent, complianceAverage };[39m
[31m+   }, [passports, findings, clients]);[39m
[31m+[39m
[31m+   const filteredPassports = useMemo(() => {[39m
[31m+     const q = query.trim().toLowerCase();[39m
[31m+     const base = !q ? passports : passports.filter((p: any) => `${p.name} ${p.version} ${p.publisher}`.toLowerCase().includes(q));[39m
[31m+     return base.slice(0, 8);[39m
[31m+   }, [passports, query]);[39m
[31m+[39m
[31m+   const recentScans = useMemo(() => [...scans].sort((a, b) => new Date(b.timestamp).getTime() - new Date(a.timestamp).getTime()).slice(0, 8), [scans]);[39m
[31m+   const recentAlerts = useMemo(() => [...alerts].sort((a, b) => new Date(b.timestamp).getTime() - new Date(a.timestamp).getTime()).slice(0, 8), [alerts]);[39m
[31m+[39m
[31m+   useEffect(() => { const h = (e: KeyboardEvent) => { if ((e.metaKey || e.ctrlKey) && e.key.toLowerCase() === 'k') { e.preventDefault(); setCommandOpen(true); } if (e.key === 'Escape') { setCommandOpen(false); setTourOpen(false); } }; window.addEventListener('keydown', h); return () => window.removeEventListener('keydown', h); }, []);[39m
[31m+   const finishTour = () => { localStorage.setItem('spr-infrastructure-tour', 'complete'); setTourOpen(false); };[39m
[31m+[39m
[31m+   return <div className="space-y-4 pb-8">[39m
[31m+     <div className="flex flex-wrap items-start justify-between gap-3">[39m
[31m+       <div>[39m
[31m+         <h1 className="text-[22px] font-semibold text-[#201f1e]">Dashboard</h1>[39m
[31m+         <p className="mt-1 text-[13px] text-[#605e5c]">Software passports, evidence, findings, and client coverage observed from connected systems.</p>[39m
[31m+       </div>[39m
[31m+       <div className="flex items-center gap-2">[39m
[31m+         <button onClick={() => setCommandOpen(true)} className="hidden h-8 items-center gap-1.5 rounded border border-[#c8c6c4] px-3 text-[13px] text-[#323130] hover:bg-black/[.03] sm:inline-flex">[39m
[31m+           <Command className="h-3.5 w-3.5" /> Search <kbd className="ml-1 rounded border border-[#c8c6c4] px-1 text-[10px] text-[#605e5c]">Ctrl K</kbd>[39m
[31m+         </button>[39m
[31m+         <button onClick={() => setTourOpen(true)} className="inline-flex h-8 items-center gap-1.5 rounded border border-[#c8c6c4] px-3 text-[13px] text-[#323130] hover:bg-black/[.03]">[39m
[31m+           <PlayCircle className="h-3.5 w-3.5" /> Guided tour[39m
[31m+         </button>[39m
[31m+         <button onClick={() => onOpenQuickAction('register-passport')} className="inline-flex h-8 items-center gap-1.5 rounded bg-[#0f6cbd] px-3 text-[13px] font-medium text-white hover:bg-[#004578]">[39m
[31m+           Register passport[39m
[31m+         </button>[39m
[31m+       </div>[39m
[31m+     </div>[39m
[31m+[39m
[31m+     <details className="rounded-md border border-[#e1dfdd] bg-[#faf9f8] text-[13px]">[39m
[31m+       <summary className="cursor-pointer select-none px-3 py-2 font-medium text-[#323130]">ⓘ What is this? · How it works</summary>[39m
[31m+       <div className="px-3 pb-3 text-[#605e5c]">[39m
[31m+         <p>SPR turns the systems that build, ship, run and govern your software into one observable, evidence-first record. Every figure on this page is computed directly from records already loaded for this tenant — nothing is inferred or estimated.</p>[39m
[31m+         <ol className="mt-1.5 list-decimal space-y-0.5 pl-4">[39m
[31m+           <li>Connect repositories, cloud, identity, SBOM and security systems as evidence sources.</li>[39m
[31m+           <li>SPR resolves software into durable identities and maps relationships between assets.</li>[39m
[31m+           <li>Claims stay traceable to observed evidence, with uncertainty exposed rather than hidden.</li>[39m
[31m+           <li>Changes, drift and new evidence appear here as they happen.</li>[39m
[31m+         </ol>[39m
[31m+       </div>[39m
[31m+     </details>[39m
[31m+[39m
[31m+     <div className="flex flex-wrap gap-6 rounded-md border border-[#e1dfdd] bg-white p-3">[39m
[31m+       <MetricItem label="Software Passports" value={passports.length} onClick={() => onNavigateTab('/passports')} />[39m
[31m+       <MetricItem label="Evidence Records" value={scans.length} onClick={() => onNavigateTab('/evidence-explorer')} />[39m
[31m+       <MetricItem label="Open Findings" value={activeAlerts} onClick={() => onNavigateTab('/alerts')} />[39m
[31m+       <MetricItem label="Clients" value={clients.length} onClick={() => onNavigateTab('/clients')} />[39m
[31m+     </div>[39m
[31m+[39m
[31m+     <SectionCard[39m
[31m+       icon={Activity}[39m
[31m+       title="Recent Activity"[39m
[31m+       description="Most recent scan and evidence-collection activity observed for this tenant."[39m
[31m+       action={<button onClick={() => onNavigateTab('/scans')} className="text-[13px] font-medium text-[#0f6cbd] hover:underline">View all {scans.length} scans</button>}[39m
[31m+     >[39m
[31m+       {recentScans.length === 0 ? ([39m
[31m+         <EmptyState icon={Activity} text="No scan activity has been observed yet." />[39m
[31m+       ) : ([39m
[31m+         <div className="overflow-x-auto">[39m
[31m+           <table className="w-full min-w-[720px] border-collapse text-left">[39m
[31m+             <thead>[39m
[31m+               <tr className="border-b border-[#e1dfdd] text-[11px] uppercase tracking-wide text-[#605e5c]">[39m
[31m+                 <th className="px-4 py-2 font-medium">Target</th>[39m
[31m+                 <th className="px-4 py-2 font-medium">Type</th>[39m
[31m+                 <th className="px-4 py-2 font-medium">Status</th>[39m
[31m+                 <th className="px-4 py-2 font-medium">Triggered by</th>[39m
[31m+                 <th className="px-4 py-2 font-medium">Client</th>[39m
[31m+                 <th className="px-4 py-2 font-medium">Time</th>[39m
[31m+               </tr>[39m
[31m+             </thead>[39m
[31m+             <tbody>[39m
[31m+               {recentScans.map((scan) => ([39m
[31m+                 <tr key={scan.id} className="border-b border-[#f3f2f1] text-[13px] hover:bg-black/[.02]">[39m
[31m+                   <td className="px-4 py-2.5 font-medium text-[#201f1e]">{scan.targetName}</td>[39m
[31m+                   <td className="px-4 py-2.5 text-[#605e5c]">{scan.scanType}</td>[39m
[31m+                   <td className="px-4 py-2.5"><span className="inline-flex items-center gap-1.5"><span className={`h-1.5 w-1.5 rounded-full ${scanStatusDot(scan.status)}`} />{scan.status}</span></td>[39m
[31m+                   <td className="px-4 py-2.5 text-[#605e5c]">{scan.triggeredBy}</td>[39m
[31m+                   <td className="px-4 py-2.5 text-[#605e5c]">{scan.clientName || 'Not observed'}</td>[39m
[31m+                   <td className="px-4 py-2.5 text-[#8a8886]">{new Date(scan.timestamp).toLocaleString()}</td>[39m
[31m+                 </tr>[39m
[31m+               ))}[39m
[31m+             </tbody>[39m
[31m+           </table>[39m
[31m+         </div>[39m
[31m+       )}[39m
[31m+     </SectionCard>[39m
[31m+[39m
[31m+     <SectionCard[39m
[31m+       icon={Database}[39m
[31m+       title="Software Systems"[39m
[31m+       description="Software passports registered for this tenant."[39m
[31m+       action={<button onClick={() => onNavigateTab('/passports')} className="text-[13px] font-medium text-[#0f6cbd] hover:underline">View all {passports.length} passports</button>}[39m
[31m+     >[39m
[31m+       <div className="border-b border-[#e1dfdd] px-4 py-2">[39m
[31m+         <div className="relative max-w-xs">[39m
[31m+           <Search className="pointer-events-none absolute left-2.5 top-1/2 h-3.5 w-3.5 -translate-y-1/2 text-[#8a8886]" />[39m
[31m+           <input value={query} onChange={(e) => setQuery(e.target.value)} placeholder="Search software, publisher, version…" className="h-8 w-full rounded border border-[#c8c6c4] pl-8 pr-3 text-[13px] outline-none focus:border-[#0f6cbd] focus:ring-1 focus:ring-[#0f6cbd]" />[39m
[31m+         </div>[39m
[31m+       </div>[39m
[31m+       {filteredPassports.length === 0 ? ([39m
[31m+         <EmptyState icon={Database} text="No software passports match this view." />[39m
[31m+       ) : ([39m
[31m+         <div className="overflow-x-auto">[39m
[31m+           <table className="w-full min-w-[760px] border-collapse text-left">[39m
[31m+             <thead>[39m
[31m+               <tr className="border-b border-[#e1dfdd] text-[11px] uppercase tracking-wide text-[#605e5c]">[39m
[31m+                 <th className="px-4 py-2 font-medium">Name</th>[39m
[31m+                 <th className="px-4 py-2 font-medium">Publisher</th>[39m
[31m+                 <th className="px-4 py-2 font-medium">Category</th>[39m
[31m+                 <th className="px-4 py-2 font-medium">Evidence</th>[39m
[31m+                 <th className="px-4 py-2 font-medium">Open vulns</th>[39m
[31m+                 <th className="px-4 py-2 font-medium" />[39m
[31m+               </tr>[39m
[31m+             </thead>[39m
[31m+             <tbody>[39m
[31m+               {filteredPassports.map((p: any) => {[39m
[31m+                 const verified = hasArrayValue(p.evidence) && p.evidence.every((e: any) => e.status === 'VERIFIED');[39m
[31m+                 const partial = !verified && hasArrayValue(p.evidence);[39m
[31m+                 const openVulns = (p.vulnerabilities || []).filter((v: any) => v.status === 'Open').length;[39m
[31m+                 return ([39m
[31m+                   <tr key={p.id} onClick={() => onNavigateTab('/passports', String(p.id))} className="cursor-pointer border-b border-[#f3f2f1] text-[13px] hover:bg-black/[.02]">[39m
[31m+                     <td className="px-4 py-2.5 font-medium text-[#201f1e]">{p.name} <span className="text-[#8a8886]">· {p.version || 'unknown version'}</span></td>[39m
[31m+                     <td className="px-4 py-2.5 text-[#605e5c]">{p.publisher || 'Unknown publisher'}</td>[39m
[31m+                     <td className="px-4 py-2.5 text-[#605e5c]">{p.category || 'Not observed'}</td>[39m
[31m+                     <td className="px-4 py-2.5"><span className="inline-flex items-center gap-1.5"><span className={`h-1.5 w-1.5 rounded-full ${verified ? 'bg-[#0e700e]' : partial ? 'bg-[#8a5700]' : 'bg-[#8a8886]'}`} />{verified ? 'Verified' : partial ? 'Partial' : 'Not observed'}</span></td>[39m
[31m+                     <td className="px-4 py-2.5 text-[#605e5c]">{openVulns}</td>[39m
[31m+                     <td className="px-4 py-2.5 text-right"><ChevronRight className="ml-auto h-3.5 w-3.5 text-[#8a8886]" /></td>[39m
[31m+                   </tr>[39m
[31m+                 );[39m
[31m+               })}[39m
[31m+             </tbody>[39m
[31m+           </table>[39m
[31m+         </div>[39m
[31m+       )}[39m
[31m+     </SectionCard>[39m
[31m+[39m
[31m+     <SectionCard[39m
[31m+       icon={ShieldCheck}[39m
[31m+       title="Trust / Security Status"[39m
[31m+       description={`${portfolio.verifiedPassports} of ${passports.length} passports fully verified · ${portfolio.evidenceCoveragePercent}% evidence coverage · ${portfolio.openVulnerabilities} open vulnerabilities · ${portfolio.complianceAverage === null ? 'no client compliance data' : `${portfolio.complianceAverage}% avg. compliance`}`}[39m
[31m+       action={<button onClick={() => onNavigateTab('/alerts')} className="text-[13px] font-medium text-[#0f6cbd] hover:underline">View all {alerts.length} findings</button>}[39m
[31m+     >[39m
[31m+       {recentAlerts.length === 0 ? ([39m
[31m+         <EmptyState icon={ShieldCheck} text="No findings have been recorded for this tenant." />[39m
[31m+       ) : ([39m
[31m+         <div className="overflow-x-auto">[39m
[31m+           <table className="w-full min-w-[760px] border-collapse text-left">[39m
[31m+             <thead>[39m
[31m+               <tr className="border-b border-[#e1dfdd] text-[11px] uppercase tracking-wide text-[#605e5c]">[39m
[31m+                 <th className="px-4 py-2 font-medium">Finding</th>[39m
[31m+                 <th className="px-4 py-2 font-medium">Category</th>[39m
[31m+                 <th className="px-4 py-2 font-medium">Client</th>[39m
[31m+                 <th className="px-4 py-2 font-medium">Severity</th>[39m
[31m+                 <th className="px-4 py-2 font-medium">Status</th>[39m
[31m+                 <th className="px-4 py-2 font-medium">Time</th>[39m
[31m+               </tr>[39m
[31m+             </thead>[39m
[31m+             <tbody>[39m
[31m+               {recentAlerts.map((alert) => ([39m
[31m+                 <tr key={alert.id} className="border-b border-[#f3f2f1] text-[13px] hover:bg-black/[.02]">[39m
[31m+                   <td className="px-4 py-2.5 font-medium text-[#201f1e]">{alert.title}</td>[39m
[31m+                   <td className="px-4 py-2.5 text-[#605e5c]">{alert.category}</td>[39m
[31m+                   <td className="px-4 py-2.5 text-[#605e5c]">{alert.clientName || 'Not observed'}</td>[39m
[31m+                   <td className="px-4 py-2.5"><span className="inline-flex items-center gap-1.5"><span className={`h-1.5 w-1.5 rounded-full ${severityDot(alert.severity)}`} />{alert.severity}</span></td>[39m
[31m+                   <td className="px-4 py-2.5"><span className="inline-flex items-center gap-1.5"><span className={`h-1.5 w-1.5 rounded-full ${alertStatusDot(alert.status)}`} />{alert.status}</span></td>[39m
[31m+                   <td className="px-4 py-2.5 text-[#8a8886]">{new Date(alert.timestamp).toLocaleString()}</td>[39m
[31m+                 </tr>[39m
[31m+               ))}[39m
[31m+             </tbody>[39m
[31m+           </table>[39m
[31m+         </div>[39m
[31m+       )}[39m
[31m+     </SectionCard>[39m
[31m+[39m
[31m+     {tourOpen && <div className="fixed inset-0 z-[80] grid place-items-center bg-black/40 p-4"><div className="w-full max-w-lg rounded-md border border-[#e1dfdd] bg-white p-6">[39m
[31m+       <div className="flex items-center justify-between"><div className="text-[11px] font-semibold uppercase tracking-wide text-[#605e5c]">SPR guided tour</div><button onClick={finishTour} className="rounded p-1 text-[#605e5c] hover:bg-black/[.04] hover:text-[#201f1e]"><X className="h-4 w-4" /></button></div>[39m
[31m+       <div className="mt-4 flex items-center gap-2">{TOUR.map((_, i) => <span key={i} className={`h-1 flex-1 rounded-full ${i <= tourStep ? 'bg-[#0f6cbd]' : 'bg-[#e1dfdd]'}`} />)}</div>[39m
[31m+       <div className="mt-5 text-[11px] font-semibold text-[#8a8886]">{TOUR[tourStep][0]}</div>[39m
[31m+       <h2 className="mt-1 text-lg font-semibold text-[#201f1e]">{TOUR[tourStep][1]}</h2>[39m
[31m+       <p className="mt-2 text-[13px] leading-6 text-[#605e5c]">{TOUR[tourStep][2]}</p>[39m
[31m+       <div className="mt-6 flex justify-between">[39m
[31m+         <button onClick={() => setTourStep((s) => Math.max(0, s - 1))} disabled={tourStep === 0} className="h-8 rounded border border-[#c8c6c4] px-3 text-[13px] text-[#323130] disabled:opacity-40">Back</button>[39m
[31m+         {tourStep === TOUR.length - 1[39m
[31m+           ? <button onClick={finishTour} className="h-8 rounded bg-[#0f6cbd] px-4 text-[13px] font-medium text-white hover:bg-[#004578]">Enter SPR</button>[39m
[31m+           : <button onClick={() => setTourStep((s) => s + 1)} className="inline-flex h-8 items-center gap-1.5 rounded bg-[#0f6cbd] px-4 text-[13px] font-medium text-white hover:bg-[#004578]">Next <ChevronRight className="h-3.5 w-3.5" /></button>}[39m
[31m+       </div>[39m
[31m+     </div></div>}[39m
[31m+[39m
[31m+     {commandOpen && <div className="fixed inset-0 z-[90] bg-black/40 p-4" onMouseDown={() => setCommandOpen(false)}>[39m
[31m+       <div className="mx-auto mt-[12vh] max-w-lg overflow-hidden rounded-md border border-[#e1dfdd] bg-white" onMouseDown={(e) => e.stopPropagation()}>[39m
[31m+         <div className="flex items-center gap-2 border-b border-[#e1dfdd] px-3">[39m
[31m+           <Command className="h-4 w-4 text-[#605e5c]" />[39m
[31m+           <input autoFocus value={query} onChange={(e) => setQuery(e.target.value)} placeholder="Go to software, evidence, monitoring…" className="flex-1 bg-transparent py-3 text-[13px] outline-none placeholder:text-[#8a8886]" />[39m
[31m+           <button onClick={() => setCommandOpen(false)}><X className="h-4 w-4 text-[#8a8886]" /></button>[39m
[31m+         </div>[39m
[31m+         <div className="p-1.5">[39m
[31m+           {COMMANDS.map(([path, label, desc]) => ([39m
[31m+             <button key={path} onClick={() => { setCommandOpen(false); onNavigateTab(path); }} className="flex w-full items-center gap-3 rounded px-3 py-2.5 text-left hover:bg-black/[.03]">[39m
[31m+               <Terminal className="h-3.5 w-3.5 text-[#8a8886]" />[39m
[31m+               <span className="flex-1"><span className="block text-[13px] font-medium text-[#201f1e]">{label}</span><span className="block text-[11px] text-[#8a8886]">{desc}</span></span>[39m
[31m+               <ChevronRight className="h-3.5 w-3.5 text-[#c8c6c4]" />[39m
[31m+             </button>[39m
[31m+           ))}[39m
[31m+         </div>[39m
[31m+       </div>[39m
[31m+     </div>}[39m
[31m+   </div>;[39m
[31m+ }[39m
[31m+[39m
[31m+ function MetricItem({ label, value, onClick }: { label: string; value: number; onClick: () => void }) {[39m
[31m+   return ([39m
[31m+     <button onClick={onClick} className="text-left">[39m
[31m+       <div className="text-[11px] text-[#605e5c]">{label}</div>[39m
[31m+       <div className="text-lg font-semibold text-[#201f1e]">{value}</div>[39m
[31m+     </button>[39m
[31m+   );[39m
[31m+ }[39m
[31m+[39m
[31m+ function SectionCard({ icon: Icon, title, description, action, children }: { icon: any; title: string; description?: string; action?: ReactNode; children: ReactNode }) {[39m
[31m+   return ([39m
[31m+     <section className="rounded-md border border-[#e1dfdd] bg-white">[39m
[31m+       <div className="flex flex-wrap items-center justify-between gap-2 border-b border-[#e1dfdd] px-4 py-3">[39m
[31m+         <div className="flex items-start gap-2">[39m
[31m+           <Icon className="mt-0.5 h-4 w-4 text-[#605e5c]" />[39m
[31m+           <div>[39m
[31m+             <h2 className="text-[14px] font-semibold text-[#201f1e]">{title}</h2>[39m
[31m+             {description && <p className="mt-0.5 text-[12px] text-[#605e5c]">{description}</p>}[39m
[31m+           </div>[39m
[31m+         </div>[39m
[31m+         {action}[39m
[31m+       </div>[39m
[31m+       {children}[39m
[31m+     </section>[39m
[31m+   );[39m
[31m+ }[39m
[31m+[39m
[31m+ function EmptyState({ icon: Icon, text }: { icon: any; text: string }) {[39m
[31m+   return ([39m
[31m+     <div className="px-4 py-10 text-center">[39m
[31m+       <Icon className="mx-auto h-6 w-6 text-[#c8c6c4]" />[39m
[31m+       <p className="mt-2 text-[13px] text-[#605e5c]">{text}</p>[39m
[31m+     </div>[39m
[31m+   );[39m
[31m+ }[39m
[31m+[39m

[36m [2m❯[22m tests/msp-landing-onboarding-nav-contract.test.ts:[2m38:15[22m[39m
    [90m 36| [39m  it('is gated strictly on the real clients list being empty, not a se…
    [90m 37| [39m    [35mconst[39m s [33m=[39m [34msource[39m()[33m;[39m
    [90m 38| [39m    [34mexpect[39m(s)[33m.[39m[34mtoContain[39m([32m'{clients.length === 0 && ('[39m)[33m;[39m
    [90m   | [39m              [31m^[39m
    [90m 39| [39m  })[33m;[39m
    [90m 40| [39m

[31m[2m⎯⎯⎯⎯⎯⎯⎯⎯⎯⎯⎯⎯⎯⎯⎯⎯⎯⎯⎯⎯⎯[68/141]⎯[22m[39m

[41m[1m FAIL [22m[49m tests/msp-landing-onboarding-nav-contract.test.ts[2m > [22mfirst-run onboarding banner on the dashboard[2m > [22mis actionable through the existing onOpenQuickAction/onNavigateTab handlers, not a dead button
[31m[1mAssertionError[22m: expected '' to contain 'onOpenQuickAction(\'add-client\')'[39m

[32m- Expected[39m
[31m+ Received[39m

[32m- onOpenQuickAction('add-client')[39m

[36m [2m❯[22m tests/msp-landing-onboarding-nav-contract.test.ts:[2m46:20[22m[39m
    [90m 44| [39m    const bannerEnd = s.indexOf(')}\n    <section className="spr-panel…
    [90m 45| [39m    [35mconst[39m banner [33m=[39m s[33m.[39m[34mslice[39m(bannerStart[33m,[39m bannerEnd)[33m;[39m
    [90m 46| [39m    [34mexpect[39m(banner)[33m.[39m[34mtoContain[39m([32m"onOpenQuickAction('add-client')"[39m)[33m;[39m
    [90m   | [39m                   [31m^[39m
    [90m 47| [39m    [34mexpect[39m(banner)[33m.[39m[34mtoContain[39m([32m"onNavigateTab('/integrations')"[39m)[33m;[39m
    [90m 48| [39m  })[33m;[39m

[31m[2m⎯⎯⎯⎯⎯⎯⎯⎯⎯⎯⎯⎯⎯⎯⎯⎯⎯⎯⎯⎯⎯[69/141]⎯[22m[39m

[41m[1m FAIL [22m[49m tests/msp-landing-onboarding-nav-contract.test.ts[2m > [22mMSP Command Center is the primary nav entry point, with every other nav item preserved[2m > [22mmsp is the first item in CORE, not in EXECUTIVE
[31m[1mAssertionError[22m: expected -1 to be greater than -1[39m
[36m [2m❯[22m tests/msp-landing-onboarding-nav-contract.test.ts:[2m59:39[22m[39m
    [90m 57| [39m    [35mconst[39m coreEnd [33m=[39m s[33m.[39m[34mindexOf[39m([32m'];'[39m[33m,[39m coreStart)[33m;[39m
    [90m 58| [39m    [35mconst[39m core [33m=[39m s[33m.[39m[34mslice[39m(coreStart[33m,[39m coreEnd)[33m;[39m
    [90m 59| [39m    [34mexpect[39m(core[33m.[39m[34mindexOf[39m([32m"id: 'msp'"[39m))[33m.[39m[34mtoBeGreaterThan[39m([33m-[39m[34m1[39m)[33m;[39m
    [90m   | [39m                                      [31m^[39m
    [90m 60| [39m    expect(core.indexOf("id: 'msp'")).toBeLessThan(core.indexOf("id: '…
    [90m 61| [39m

[31m[2m⎯⎯⎯⎯⎯⎯⎯⎯⎯⎯⎯⎯⎯⎯⎯⎯⎯⎯⎯⎯⎯[70/141]⎯[22m[39m

[41m[1m FAIL [22m[49m tests/msp-landing-onboarding-nav-contract.test.ts[2m > [22mMSP Command Center is the primary nav entry point, with every other nav item preserved[2m > [22mpreserves every other existing nav entry across all groups
[31m[1mAssertionError[22m: expected 'import { useState, type Key, type Rea…' to contain 'id: \'questionnaires\''[39m

[32m- Expected[39m
[31m+ Received[39m

[32m- i[7md: 'questionnaires'[27m[39m
[31m+ i[7mmport { useState, type Key, type ReactNode } from 'react';[27m[39m
[31m+ import { ChevronDown } from 'lucide-react';[39m
[31m+ import { EXTENSIONS, type ExtensionDefinition } from '../workflows/extensionRegistry';[39m
[31m+[39m
[31m+ type NavItem = { id: string; label: string; icon: string; path: string; badge?: string };[39m
[31m+ type NavGroup = { title: string; items: NavItem[] };[39m
[31m+[39m
[31m+ const OVERVIEW: NavItem[] = [[39m
[31m+   { id: 'dashboard', label: 'Overview', icon: '⌂', path: '/dashboard' },[39m
[31m+ ];[39m
[31m+ const SOFTWARE: NavItem[] = [[39m
[31m+   { id: 'passports', label: 'Passports', icon: '◇', path: '/passports' },[39m
[31m+   { id: 'scans', label: 'Scans', icon: '⌁', path: '/scans' },[39m
[31m+   { id: 'assets', label: 'Assets', icon: '◈', path: '/assets' },[39m
[31m+   { id: 'coverage', label: 'Evidence coverage', icon: '▤', path: '/coverage' },[39m
[31m+ ];[39m
[31m+ const TRUST: NavItem[] = [[39m
[31m+   { id: 'evidence-explorer', label: 'Evidence Explorer', icon: '⛾', path: '/evidence-explorer' },[39m
[31m+   { id: 'trust-graph', label: 'Trust Graph', icon: '◌', path: '/trust-graph' },[39m
[31m+   { id: 'alerts', label: 'Findings', icon: '!', path: '/alerts' },[39m
[31m+   { id: 'security', label: 'Security', icon: '⌾', path: '/security' },[39m
[31m+   { id: 'monitoring', label: 'Monitoring', icon: '◉', path: '/monitoring' },[39m
[31m+ ];[39m
[31m+ const REPORTS: NavItem[] = [[39m
[31m+   { id: 'reports', label: 'Reports Center', icon: '▤', path: '/reports' },[39m
[31m+ ];[39m
[31m+ const INTEGRATIONS: NavItem[] = [[39m
[31m+   { id: 'integrations', label: 'Integrations', icon: '↔', path: '/integrations' },[39m
[31m+ ];[39m
[31m+ const COMPLIANCE: NavItem[] = [[39m
[31m+   { id: 'compliance', label: 'Compliance', icon: '✓', path: '/compliance' },[39m
[31m+   { id: 'audit-log', label: 'Audit Log', icon: '▥', path: '/audit-log' },[39m
[31m+   { id: 'vendors', label: 'Vendors', icon: '◫', path: '/vendors' },[39m
[31m+   { id: 'clients', label: 'Clients', icon: '◎', path: '/clients' },[39m
[31m+ ];[39m
[31m+ const EXECUTIVE: NavItem[] = [[39m
[31m+   { id: 'msp', label: 'MSP Command', icon: '▦', path: '/msp' },[39m
[31m+   { id: 'agent-trust', label: 'AI Agent Trust', icon: 'AI', path: '/agent-trust' },[39m
[31m+   { id: 'ai-trust-center', label: 'AI Trust Center', icon: 'AI', path: '/ai-trust-center' },[39m
[31m+   { id: 'enterprise-readiness', label: 'Enterprise Readiness', icon: 'ER', path: '/enterprise-readiness' },[39m
[31m+   { id: 'investor', label: 'Investor View', icon: 'IV', path: '/investor' },[39m
[31m+   { id: 'founder', label: 'Founder Dashboard', icon: 'FD', path: '/founder' },[39m
[31m+ ];[39m
[31m+ const ADMIN: NavItem[] = [[39m
[31m+   { id: 'team', label: 'Team', icon: '♙', path: '/team' },[39m
[31m+   { id: 'extensions', label: 'Extension Marketplace', icon: 'EX', path: '/extensions' },[39m
[31m+   { id: 'billing', label: 'Billing', icon: '$', path: '/billing' },[39m
[31m+   { id: 'settings', label: 'Settings', icon: '⚙', path: '/settings' },[39m
[31m+ ];[39m
[31m+[39m
[31m+ type NavButtonProps = { item: NavItem; active: boolean; onNavigate: (path: string) => void; key?: Key };[39m
[31m+ function NavButton({ item, active, onNavigate }: NavButtonProps) {[39m
[31m+   return ([39m
[31m+     <button[39m
[31m+       onClick={() => onNavigate(item.path)}[39m
[31m+       aria-current={active ? 'page' : undefined}[39m
[31m+       className={`flex w-full items-center gap-2.5 rounded px-2.5 py-[7px] text-left text-[13px] transition-colors ${active ? 'bg-[#eff6fc] font-semibold text-[#004578]' : 'text-[#323130] hover:bg-black/[.04]'}`}[39m
[31m+     >[39m
[31m+       <span className={`grid h-5 w-5 shrink-0 place-items-center rounded text-[10px] font-semibold ${active ? 'text-[#0f6cbd]' : 'text-[#605e5c]'}`}>{item.icon}</span>[39m
[31m+       <span className="min-w-0 flex-1 truncate">{item.label}</span>[39m
[31m+       {item.badge && <span className="shrink-0 rounded-full bg-[#f3f2f1] px-1.5 text-[10px] font-medium text-[#605e5c]">{item.badge}</span>}[39m
[31m+     </button>[39m
[31m+   );[39m
[31m+ }[39m
[31m+[39m
[31m+ type ExtensionButtonProps = { extension: ExtensionDefinition; active: boolean; onNavigate: (path: string) => void; key?: Key };[39m
[31m+ function ExtensionButton({ extension, active, onNavigate }: ExtensionButtonProps) {[39m
[31m+   return ([39m
[31m+     <button[39m
[31m+       onClick={() => onNavigate(extension.entryPath)}[39m
[31m+       aria-current={active ? 'page' : undefined}[39m
[31m+       className={`flex w-full items-center gap-2.5 rounded px-2.5 py-[7px] text-left text-[13px] transition-colors ${active ? 'bg-[#eff6fc] font-semibold text-[#004578]' : 'text-[#323130] hover:bg-black/[.04]'}`}[39m
[31m+     >[39m
[31m+       <span className="grid h-5 w-5 shrink-0 place-items-center rounded text-[9px] font-bold text-[#605e5c]">EX</span>[39m
[31m+       <span className="min-w-0 flex-1 truncate">{extension.shortName}</span>[39m
[31m+     </button>[39m
[31m+   );[39m
[31m+ }[39m
[31m+[39m
[31m+ function NavGroupBlock({ group, active, onNavigate, defaultOpen = true }: { group: NavGroup; active: (path: string) => boolean; onNavigate: (path: string) => void; defaultOpen?: boolean; key?: Key }) {[39m
[31m+   const [open, setOpen] = useState(defaultOpen);[39m
[31m+   if (group.items.length === 0) return null;[39m
[31m+   return ([39m
[31m+     <div className="mb-1">[39m
[31m+       <button[39m
[31m+         onClick={() => setOpen((v) => !v)}[39m
[31m+         className="flex w-full items-center justify-between px-2.5 py-1.5 text-left text-[11px] font-semibold uppercase tracking-wide text-[#605e5c] hover:text-[#323130]"[39m
[31m+         aria-expanded={open}[39m
[31m+       >[39m
[31m+         <span>{group.title}</span>[39m
[31m+         <ChevronDown className={`h-3 w-3 transition-transform ${open ? '' : '-rotate-90'}`} />[39m
[31m+       </button>[39m
[31m+       {open && <nav className="space-y-px px-1">{group.items.map((item) => <NavButton key={item.id} item={item} active={active(item.path)} onNavigate={onNavigate} />)}</nav>}[39m
[31m+     </div>[39m
[31m+   );[39m
[31m+ }[39m
[31m+[39m
[31m+ export default function CommandCenter({ children, path, userEmail, role, onNavigate, onSignOut }: { children: ReactNode; path: string; userEmail?: string | null; role: string; onNavigate: (path: string) => void; onSignOut: () => void }) {[39m
[31m+   const [mobileMenuOpen, setMobileMenuOpen] = useState(false);[39m
[31m+   const extensionActive = path.startsWith('/extensions/');[39m
[31m+   const active = (candidate: string) => path === candidate || (candidate !== '/dashboard' && path.startsWith(`${candidate}/`));[39m
[31m+   const executiveItems = role === 'Owner' ? EXECUTIVE : EXECUTIVE.filter((item) => item.id !== 'founder');[39m
[31m+   const groups: NavGroup[] = [[39m
[31m+     { title: 'Overview', items: OVERVIEW },[39m
[31m+     { title: 'Software', items: SOFTWARE },[39m
[31m+     { title: 'Trust', items: TRUST },[39m
[31m+     { title: 'Reports', items: REPORTS },[39m
[31m+     { title: 'Integrations', items: INTEGRATIONS },[39m
[31m+     { title: 'Compliance', items: COMPLIANCE },[39m
[31m+     { title: 'Executive', items: executiveItems },[39m
[31m+     { title: 'Administration', items: ADMIN },[39m
[31m+   ];[39m
[31m+   const mobileItems = [...groups.flatMap((g) => g.items), ...EXTENSIONS.map((extension) => ({ id: extension.id, label: extension.shortName, icon: 'EX', path: extension.entryPath }))];[39m
[31m+   const currentItem = groups.flatMap((g) => g.items).find((item) => active(item.path));[39m
[31m+   const currentLabel = extensionActive ? 'Extension workflow' : currentItem?.label || 'Trust workspace';[39m
[31m+[39m
[31m+   return ([39m
[31m+     <div className="min-h-screen bg-[#faf9f8] text-[#201f1e]">[39m
[31m+       <div className="flex min-h-screen">[39m
[31m+         <aside className="hidden h-screen w-[224px] shrink-0 overflow-y-auto border-r border-[#e1dfdd] bg-[#f3f2f1] lg:sticky lg:top-0 lg:flex lg:flex-col">[39m
[31m+           <button onClick={() => onNavigate('/dashboard')} aria-label="Go to overview" className="flex h-12 shrink-0 items-center gap-2 border-b border-[#e1dfdd] px-3 text-left hover:bg-black/[.03]">[39m
[31m+             <span className="grid h-6 w-6 place-items-center rounded bg-[#0f6cbd] text-[10px] font-bold text-white">S</span>[39m
[31m+             <span className="min-w-0 leading-tight">[39m
[31m+               <span className="block text-[13px] font-semibold">SPR</span>[39m
[31m+               <span className="block text-[10px] text-[#605e5c]">Software Trust Registry</span>[39m
[31m+             </span>[39m
[31m+           </button>[39m
[31m+           <div className="flex-1 overflow-y-auto py-2">[39m
[31m+             {groups.map((group) => <NavGroupBlock key={group.title} group={group} active={active} onNavigate={onNavigate} />)}[39m
[31m+             {EXTENSIONS.length > 0 && ([39m
[31m+               <div className="mb-1">[39m
[31m+                 <div className="flex items-center justify-between px-2.5 py-1.5 text-[11px] font-semibold uppercase tracking-wide text-[#605e5c]">[39m
[31m+                   <span>Extensions</span>[39m
[31m+                   <span className="rounded-full bg-white px-1.5 text-[10px] text-[#605e5c]">{EXTENSIONS.length}</span>[39m
[31m+                 </div>[39m
[31m+                 <nav className="space-y-px px-1">{EXTENSIONS.map((extension) => <ExtensionButton key={extension.id} extension={extension} active={extensionActive && path === extension.entryPath} onNavigate={onNavigate} />)}</nav>[39m
[31m+               </div>[39m
[31m+             )}[39m
[31m+           </div>[39m
[31m+         </aside>[39m
[31m+[39m
[31m+         <main className="min-w-0 flex-1">[39m
[31m+           <header className="sticky top-0 z-30 flex h-12 items-center gap-3 border-b border-[#e1dfdd] bg-white px-3 md:px-4">[39m
[31m+             <button onClick={() => setMobileMenuOpen((open) => !open)} aria-expanded={mobileMenuOpen} aria-label="Open navigation" className="rounded border border-[#e1dfdd] px-2 py-1 text-xs text-[#323130] lg:hidden">{mobileMenuOpen ? 'Close' : 'Menu'}</button>[39m
[31m+             <div className="min-w-0 flex-1">[39m
[31m+               <div className="flex items-center gap-1.5 text-[11px] text-[#605e5c]">[39m
[31m+                 <span>SPR</span><span>/</span><span className="truncate font-medium text-[#201f1e]">{currentLabel}</span>[39m
[31m+               </div>[39m
[31m+             </div>[39m
[31m+             <span className="hidden items-center gap-1 rounded border border-[#e1dfdd] px-2 py-0.5 text-[11px] text-[#605e5c] sm:inline-flex">[39m
[31m+               <span className="h-1.5 w-1.5 rounded-full bg-[#0e700e]" /> Live[39m
[31m+             </span>[39m
[31m+             <span className="hidden rounded border border-[#e1dfdd] px-2 py-0.5 text-[11px] text-[#605e5c] md:inline">{role}</span>[39m
[31m+             <span className="hidden max-w-[180px] truncate text-[12px] text-[#605e5c] xl:inline">{userEmail || 'Authenticated user'}</span>[39m
[31m+             <button onClick={onSignOut} className="rounded border border-[#e1dfdd] px-2.5 py-1 text-[12px] text-[#323130] hover:bg-black/[.03]">Sign out</button>[39m
[31m+           </header>[39m
[31m+[39m
[31m+           {mobileMenuOpen && ([39m
[31m+             <div className="border-b border-[#e1dfdd] bg-white px-3 py-2 lg:hidden">[39m
[31m+               <div className="grid grid-cols-2 gap-1">[39m
[31m+                 {mobileItems.map((item) => ([39m
[31m+                   <button key={item.id} onClick={() => { onNavigate(item.path); setMobileMenuOpen(false); }} className={`truncate rounded px-2.5 py-1.5 text-left text-[12px] ${active(item.path) ? 'bg-[#eff6fc] font-medium text-[#004578]' : 'text-[#323130]'}`}>{item.label}</button>[39m
[31m+                 ))}[39m
[31m+               </div>[39m
[31m+             </div>[39m
[31m+           )}[39m
[31m+[39m
[31m+           <div className="mx-auto max-w-[1400px] p-4 md:p-6">{children}</div>[39m
[31m+         </main>[39m
[31m+       </div>[39m
[31m+     </div>[39m
[31m+   );[39m
[31m+ }[39m
[31m+[39m

[36m [2m❯[22m tests/msp-landing-onboarding-nav-contract.test.ts:[2m76:17[22m[39m
    [90m 74| [39m      [32m'team'[39m[33m,[39m [32m'extensions'[39m[33m,[39m [32m'billing'[39m[33m,[39m [32m'settings'[39m[33m,[39m
    [90m 75| [39m    ]) {
    [90m 76| [39m      [34mexpect[39m(s)[33m.[39m[34mtoContain[39m([32m`id: '[39m[36m${[39mid[36m}[39m[32m'`[39m)[33m;[39m
    [90m   | [39m                [31m^[39m
    [90m 77| [39m    }
    [90m 78| [39m  })[33m;[39m

[31m[2m⎯⎯⎯⎯⎯⎯⎯⎯⎯⎯⎯⎯⎯⎯⎯⎯⎯⎯⎯⎯⎯[71/141]⎯[22m[39m

[41m[1m FAIL [22m[49m tests/plain-english-report-routes-contract.test.ts[2m > [22mGET /trust-loop/reports/:passportId/plain-english[2m > [22mcalls the same buildAndPersistReport the technical report route uses, never a second scoring path
[31m[1mAssertionError[22m: expected '' to contain 'const report = await buildAndPersistR…'[39m

[32m- Expected[39m
[31m+ Received[39m

[32m- const report = await buildAndPersistReport(req.db!, req.user!.tenantId, String(req.params.passportId), parsed.data);[39m

[36m [2m❯[22m tests/plain-english-report-routes-contract.test.ts:[2m22:23[22m[39m
    [90m 20| [39m    const routeEnd = s.indexOf("router.get('/reports/:passportId/chang…
    [90m 21| [39m    [35mconst[39m routeBody [33m=[39m s[33m.[39m[34mslice[39m(routeStart[33m,[39m routeEnd)[33m;[39m
    [90m 22| [39m    expect(routeBody).toContain('const report = await buildAndPersistR…
    [90m   | [39m                      [31m^[39m
    [90m 23| [39m    expect(routeBody).toContain('const plainEnglish = toPlainEnglish(r…
    [90m 24| [39m  })[33m;[39m

[31m[2m⎯⎯⎯⎯⎯⎯⎯⎯⎯⎯⎯⎯⎯⎯⎯⎯⎯⎯⎯⎯⎯[72/141]⎯[22m[39m

[41m[1m FAIL [22m[49m tests/plain-english-report-routes-contract.test.ts[2m > [22mGET /trust-loop/reports/:passportId/plain-english[2m > [22mthe detailed level includes the full technical report alongside the plain-English explanation, from the same call
[31m[1mAssertionError[22m: expected 'import { Router } from \'express\';\n…' to contain 'level === \'detailed\' ? { ...plainEn…'[39m

[32m- Expected[39m
[31m+ Received[39m

[32m- level === 'detailed' ? { ...plainEnglish, technicalReport: report } : plainEnglish[39m
[31m+ import { Router } from 'express';[39m
[31m+ import { sql } from 'drizzle-orm';[39m
[31m+ import crypto from 'node:crypto';[39m
[31m+ import { z } from 'zod';[39m
[31m+ import { AuthenticatedRequest } from '../middleware/security.ts';[39m
[31m+ import { decryptCredentials } from '../integrations/credential-vault.ts';[39m
[31m+ import { collectDeepProviderEvidence } from '../integrations/deep-collectors.ts';[39m
[31m+ import { collectGitHubDeepEvidence } from '../integrations/github-deep.ts';[39m
[31m+ import { persistTrustLoop, verifyRemediation } from '../trust/trust-loop.ts';[39m
[31m+[39m
[31m+ const collectSchema = z.object({ passportId: z.string().trim().min(1).max(255), provider: z.string().trim().min(1).max(64) }).strict();[39m
[31m+ const remediationSchema = z.object({[39m
[31m+   findingId: z.string().trim().min(1),[39m
[31m+   title: z.string().trim().min(1).max(255),[39m
[31m+   description: z.string().max(4000).optional(),[39m
[31m+   assigneeId: z.string().max(255).optional(),[39m
[31m+   assigneeDisplay: z.string().max(255).optional(),[39m
[31m+   externalSystem: z.string().trim().min(1).max(64).default('SPR'),[39m
[31m+   externalTicketId: z.string().max(255).optional(),[39m
[31m+   slaDueAt: z.string().datetime().optional(),[39m
[31m+   priority: z.enum(['LOW', 'MEDIUM', 'HIGH', 'CRITICAL']).default('HIGH'),[39m
[31m+ }).strict();[39m
[31m+ const remediationUpdateSchema = z.object({ status: z.enum(['OPEN', 'IN_PROGRESS', 'BLOCKED', 'READY_FOR_VERIFICATION', 'VERIFIED', 'CLOSED', 'CANCELLED']), ownerId: z.string().max(255).optional(), ownerDisplay: z.string().max(255).optional(), slaDueAt: z.string().datetime().nullable().optional() }).strict();[39m
[31m+ const verifySchema = z.object({ findingId: z.string().trim().min(1), observationIds: z.array(z.string().min(1)).max(50), evidenceIds: z.array(z.string().min(1)).max(200) }).strict();[39m
[31m+ const reportTypes = z.enum(['executive', 'technical', 'msp', 'customer', 'compliance', 'vendor', 'auditor', 'evidence-ledger']);[39m
[31m+ function id(prefix: string) { return `${prefix}_${crypto.randomUUID().replaceAll('-', '')}`; }[39m
[31m+ function parseJson(value: unknown, fallback: unknown = []) { try { return value ? JSON.parse(String(value)) : fallback; } catch { return fallback; } }[39m
[31m+[39m
[31m+ const SEVERITY_ORDER = ['critical', 'high', 'medium', 'low'];[39m
[31m+[39m
[31m+ export type ReportPassportRow = {[39m
[31m+   overall_score: number | null;[39m
[31m+   security_score: number | null;[39m
[31m+   compliance_score: number | null;[39m
[31m+   verification_status: string | null;[39m
[31m+   confidence_score: number | null;[39m
[31m+   evidence_completeness: number | null;[39m
[31m+ };[39m
[31m+[39m
[31m+ export function deriveReportRiskFields(passport: ReportPassportRow) {[39m
[31m+   const verificationStatus = passport.verification_status || 'unverified';[39m
[31m+   const isMeasured = verificationStatus !== 'unverified';[39m
[31m+   return {[39m
[31m+     canonicalScore: isMeasured ? passport.overall_score : null,[39m
[31m+     verificationStatus,[39m
[31m+     confidenceBasisPoints: isMeasured && passport.confidence_score != null ? Math.round(passport.confidence_score * 100) : null,[39m
[31m+     completenessBasisPoints: isMeasured && passport.evidence_completeness != null ? Math.round(passport.evidence_completeness * 100) : null,[39m
[31m+   };[39m
[31m+ }[39m
[31m+[39m
[31m+ function buildReportTypeExtras(reportType: string, passport: any, findings: any[]) {[39m
[31m+   if (reportType === 'sbom') {[39m
[31m+     const components = parseJson(passport.sbom, []) as any[];[39m
[31m+     const vulnerabilities = parseJson(passport.vulnerabilities, []) as any[];[39m
[31m+     const sbom = components.map((component) => {[39m
[31m+       const name = component?.name || component?.packageName || component?.component;[39m
[31m+       const matched = vulnerabilities.filter((vuln) => (vuln?.component || vuln?.packageName || vuln?.package) === name);[39m
[31m+       return { ...component, vulnerabilityCount: matched.length, criticalOrHighCount: matched.filter((vuln) => SEVERITY_ORDER.slice(0, 2).includes(String(vuln?.severity || '').toLowerCase())).length };[39m
[31m+     });[39m
[31m+     return { sbom };[39m
[31m+   }[39m
[31m+   if (reportType === 'compliance') {[39m
[31m+     const byControl = new Map<string, { controlId: string; findingCount: number; openCount: number; worstSeverity: string; findingIds: string[] }>();[39m
[31m+     for (const finding of findings) {[39m
[31m+       const controlId = finding.control_id || 'unmapped';[39m
[31m+       const entry = byControl.get(controlId) || { controlId, findingCount: 0, openCount: 0, worstSeverity: 'low', findingIds: [] as string[] };[39m
[31m+       entry.findingCount += 1;[39m
[31m+       entry.findingIds.push(finding.id);[39m
[31m+       if (!['resolved', 'closed', 'verified'].includes(String(finding.status || '').toLowerCase())) entry.openCount += 1;[39m
[31m+       const severity = String(finding.severity || '').toLowerCase();[39m
[31m+       if (SEVERITY_ORDER.includes(severity) && SEVERITY_ORDER.indexOf(severity) < SEVERITY_ORDER.indexOf(entry.worstSeverity)) entry.worstSeverity = severity;[39m
[31m+       byControl.set(controlId, entry);[39m
[31m+     }[39m
[31m+     return { controls: [...byControl.values()] };[39m
[31m+   }[39m
[31m+   return {};[39m
[31m+ }[39m
[31m+[39m
[31m+ export function createTrustLoopRouter() {[39m
[31m+   const router = Router();[39m
[31m+[39m
[31m+   router.post('/collect', async (req: AuthenticatedRequest, res, next) => {[39m
[31m+     const parsed = collectSchema.safeParse(req.body);[39m
[31m+     if (!parsed.success) return res.status(400).json({ error: 'INVALID_PAYLOAD', details: parsed.error.flatten() });[39m
[31m+     const { passportId, provider } = parsed.data;[39m
[31m+     const tenantId = req.user!.tenantId;[39m
[31m+     const runId = id('collect');[39m
[31m+     const startedAt = new Date().toISOString();[39m
[31m+     const db = req.db!;[39m
[31m+     try {[39m
[31m+       const passport = (await db.execute(sql`SELECT id,client_id FROM passports WHERE id=${passportId} AND tenant_id=${tenantId} LIMIT 1`) as any).rows?.[0];[39m
[31m+       if (!passport) return res.status(404).json({ error: 'PASSPORT_NOT_FOUND' });[39m
[31m+       const stored = (await db.execute(sql`SELECT encrypted_payload FROM integration_credentials WHERE tenant_id=${tenantId} AND provider=${provider} LIMIT 1`) as any).rows?.[0];[39m
[31m+       if (!stored?.encrypted_payload) return res.status(409).json({ error: 'CREDENTIAL_NOT_CONFIGURED' });[39m
[31m+[39m
[31m+       await db.execute(sql`INSERT INTO trust_collection_runs (id,tenant_id,passport_id,provider,started_at,status,idempotency_key,created_at) VALUES (${runId},${tenantId},${passportId},${provider},${startedAt},'RUNNING',${`${tenantId}:${passportId}:${provider}:${startedAt}`},${startedAt})`);[39m
[31m+       const credentials = decryptCredentials(stored.encrypted_payload) as Record<string, string>;[39m
[31m+       const observations = provider === 'github' ? await collectGitHubDeepEvidence(credentials) : await collectDeepProviderEvidence(provider as any, credentials);[39m
[31m+       const result = await persistTrustLoop({ tenantId, passportId, clientId: passport.client_id || passport.id, assetId: passport.id, observations, generationReason: 'provider_collection', actorType: 'worker', collectorVersionMap: { [provider]: 'deep-v2' } });[39m
[31m+       const completedAt = new Date().toISOString();[39m
[31m+       await db.execute(sql`UPDATE trust_collection_runs SET completed_at=${completedAt},status='SUCCEEDED',observation_count=${observations.length},evidence_count=${result.evidenceIds.length},failure_count=${observations.filter((o) => o.status === 'FAIL').length},collector_version='deep-v2' WHERE id=${runId} AND tenant_id=${tenantId}`);[39m
[31m+       await db.execute(sql`INSERT INTO trust_monitoring_state (id,tenant_id,passport_id,provider,next_run_at,last_run_at,last_success_at,last_evidence_hash,consecutive_failures,status,updated_at) VALUES (${id('monitor')},${tenantId},${passportId},${provider},${new Date(Date.now()+3600000).toISOString()},${completedAt},${completedAt},${result.payloadHash},0,'HEALTHY',${completedAt}) ON CONFLICT (tenant_id,passport_id,provider) DO UPDATE SET next_run_at=EXCLUDED.next_run_at,last_run_at=EXCLUDED.last_run_at,last_success_at=EXCLUDED.last_success_at,last_evidence_hash=EXCLUDED.last_evidence_hash,consecutive_failures=0,status='HEALTHY',updated_at=EXCLUDED.updated_at`);[39m
[31m+       return res.json({ runId, provider, observationCount: observations.length, ...result });[39m
[31m+     } catch (error) {[39m
[31m+       const completedAt = new Date().toISOString();[39m
[31m+       await db.execute(sql`UPDATE trust_collection_runs SET completed_at=${completedAt},status='FAILED',error_code='COLLECTION_FAILED',error_message=${error instanceof Error ? error.message.slice(0,1000) : 'COLLECTION_FAILED'} WHERE id=${runId} AND tenant_id=${tenantId}`).catch(() => undefined);[39m
[31m+       await db.execute(sql`UPDATE trust_monitoring_state SET last_run_at=${completedAt},last_failure_at=${completedAt},consecutive_failures=consecutive_failures+1,status=CASE WHEN consecutive_failures+1 >= 5 THEN 'FAILED' ELSE 'DEGRADED' END,updated_at=${completedAt} WHERE tenant_id=${tenantId} AND passport_id=${passportId} AND provider=${provider}`).catch(() => undefined);[39m
[31m+       return next(error);[39m
[31m+     }[39m
[31m+   });[39m
[31m+[39m
[31m+   const findingsWithRemediationSelect = sql`[39m
[31m+     SELECT f.*, r.id AS remediation_id, r.status AS remediation_status, r.owner_id AS remediation_owner_id,[39m
[31m+            r.owner_display AS remediation_owner_display, r.sla_due_at AS remediation_sla_due_at, r.updated_at AS remediation_updated_at[39m
[31m+     FROM trust_findings f[39m
[31m+     LEFT JOIN LATERAL ([39m
[31m+       SELECT * FROM trust_remediation_work_items w[39m
[31m+       WHERE w.tenant_id = f.tenant_id AND w.finding_id = f.id[39m
[31m+       ORDER BY w.created_at DESC LIMIT 1[39m
[31m+     ) r ON true[39m
[31m+   `;[39m
[31m+   router.get('/findings', async (req: AuthenticatedRequest, res, next) => {[39m
[31m+     try {[39m
[31m+       const db = req.db!;[39m
[31m+       const tenantId = req.user!.tenantId;[39m
[31m+       const passportId = typeof req.query.passportId === 'string' ? req.query.passportId : null;[39m
[31m+       const rows = passportId[39m
[31m+         ? await db.execute(sql`${findingsWithRemediationSelect} WHERE f.tenant_id=${tenantId} AND f.passport_id=${passportId} ORDER BY CASE f.severity WHEN 'critical' THEN 1 WHEN 'high' THEN 2 WHEN 'medium' THEN 3 WHEN 'low' THEN 4 ELSE 5 END,f.updated_at DESC`)[39m
[31m+         : await db.execute(sql`${findingsWithRemediationSelect} WHERE f.tenant_id=${tenantId} ORDER BY f.updated_at DESC`);[39m
[31m+       return res.json({ findings: (rows as any).rows || [] });[39m
[31m+     } catch (error) { return next(error); }[39m
[31m+   });[39m
[31m+[39m
[31m+   router.post('/remediations', async (req: AuthenticatedRequest, res, next) => {[39m
[31m+     const parsed = remediationSchema.safeParse(req.body);[39m
[31m+     if (!parsed.success) return res.status(400).json({ error: 'INVALID_PAYLOAD', details: parsed.error.flatten() });[39m
[31m+     try {[39m
[31m+       const db = req.db!;[39m
[31m+       const p = parsed.data;[39m
[31m+       const tenantId = req.user!.tenantId;[39m
[31m+       const finding = (await db.execute(sql`SELECT id,client_id,passport_id,title,description FROM trust_findings WHERE id=${p.findingId} AND tenant_id=${tenantId} LIMIT 1`) as any).rows?.[0];[39m
[31m+       if (!finding) return res.status(404).json({ error: 'FINDING_NOT_FOUND' });[39m
[31m+       const now = new Date().toISOString();[39m
[31m+       const workId = id('remed');[39m
[31m+       await db.execute(sql`INSERT INTO trust_remediation_work_items (id,tenant_id,passport_id,finding_id,external_system,external_ticket_id,owner_id,owner_display,sla_due_at,status,remediation_plan,created_at,updated_at) VALUES (${workId},${tenantId},${finding.passport_id},${finding.id},${p.externalSystem},${p.externalTicketId ?? null},${p.assigneeId ?? null},${p.assigneeDisplay ?? null},${p.slaDueAt ?? null},'OPEN',${p.description || finding.description},${now},${now})`);[39m
[31m+       await db.execute(sql`INSERT INTO remediation_tasks (id,tenant_id,client_id,alert_id,title,description,priority,status,assignee_id,created_by,created_at,updated_at) VALUES (${workId},${tenantId},${finding.client_id},${finding.id},${p.title},${p.description || finding.description},${p.priority},'OPEN',${p.assigneeId ?? null},${req.user!.uid},${now},${now})`);[39m
[31m+       const created = (await db.execute(sql`SELECT * FROM trust_remediation_work_items WHERE id=${workId} AND tenant_id=${tenantId} LIMIT 1`) as any).rows?.[0];[39m
[31m+       return res.status(201).json({ ...created, title: p.title });[39m
[31m+     } catch (error) { return next(error); }[39m
[31m+   });[39m
[31m+[39m
[31m+   router.get('/remediations/:id', async (req: AuthenticatedRequest, res, next) => {[39m
[31m+     try {[39m
[31m+       const db = req.db!;[39m
[31m+       const tenantId = req.user!.tenantId;[39m
[31m+       const row = (await db.execute(sql`SELECT w.*, f.title AS finding_title FROM trust_remediation_work_items w JOIN trust_findings f ON f.id = w.finding_id AND f.tenant_id = w.tenant_id WHERE w.id=${req.params.id} AND w.tenant_id=${tenantId} LIMIT 1`) as any).rows?.[0];[39m
[31m+       if (!row) return res.status(404).json({ error: 'REMEDIATION_NOT_FOUND' });[39m
[31m+       return res.json({ ...row, title: row.finding_title });[39m
[31m+     } catch (error) { return next(error); }[39m
[31m+   });[39m
[31m+[39m
[31m+   router.post('/remediations/:id/verify-latest', async (req: AuthenticatedRequest, res, next) => {[39m
[31m+     try {[39m
[31m+       const db = req.db!;[39m
[31m+       const tenantId = req.user!.tenantId;[39m
[31m+       const work = (await db.execute(sql`SELECT id,finding_id,passport_id FROM trust_remediation_work_items WHERE id=${req.params.id} AND tenant_id=${tenantId} LIMIT 1`) as any).rows?.[0];[39m
[31m+       if (!work) return res.status(404).json({ error: 'REMEDIATION_NOT_FOUND' });[39m
[31m+       const latestObservation = (await db.execute(sql`SELECT id,evidence_ids FROM trust_observations WHERE tenant_id=${tenantId} AND passport_id=${work.passport_id} ORDER BY observation_version DESC LIMIT 1`) as any).rows?.[0];[39m
[31m+       if (!latestObservation) return res.status(409).json({ error: 'NO_OBSERVATION_ON_FILE', message: 'SPR has no recorded observation for this software yet. Collect evidence before verifying.' });[39m
[31m+       const evidenceIds: string[] = parseJson(latestObservation.evidence_ids, []) as string[];[39m
[31m+       const result = await verifyRemediation({ tenantId, findingId: work.finding_id, observationIds: [latestObservation.id], evidenceIds, actorId: req.user!.uid });[39m
[31m+       const now = new Date().toISOString();[39m
[31m+       await db.execute(sql`UPDATE trust_remediation_work_items SET status='VERIFIED',updated_at=${now},closed_at=${now} WHERE id=${work.id} AND tenant_id=${tenantId}`);[39m
[31m+       const row = (await db.execute(sql`SELECT * FROM trust_remediation_work_items WHERE id=${work.id} AND tenant_id=${tenantId} LIMIT 1`) as any).rows?.[0];[39m
[31m+       return res.json({ ...row, verification: result });[39m
[31m+     } catch (error: any) {[39m
[31m+       const message = error instanceof Error ? error.message : String(error);[39m
[31m+       if (/^VERIFICATION_|^FINDING_NOT_FOUND$/.test(message)) return res.status(409).json({ error: message });[39m
[31m+       return next(error);[39m
[31m+     }[39m
[31m+   });[39m
[31m+[39m
[31m+   router.patch('/remediations/:id', async (req: AuthenticatedRequest, res, next) => {[39m
[31m+     const parsed = remediationUpdateSchema.safeParse(req.body);[39m
[31m+     if (!parsed.success) return res.status(400).json({ error: 'INVALID_PAYLOAD', details: parsed.error.flatten() });[39m
[31m+     try {[39m
[31m+       const db = req.db!;[39m
[31m+       const tenantId = req.user!.tenantId;[39m
[31m+       const p = parsed.data;[39m
[31m+       const now = new Date().toISOString();[39m
[31m+       const rows = await db.execute(sql`UPDATE trust_remediation_work_items SET status=${p.status},owner_id=COALESCE(${p.ownerId ?? null},owner_id),owner_display=COALESCE(${p.ownerDisplay ?? null},owner_display),sla_due_at=CASE WHEN ${p.slaDueAt === undefined} THEN sla_due_at ELSE ${p.slaDueAt} END,updated_at=${now},closed_at=CASE WHEN ${p.status} IN ('CLOSED','VERIFIED') THEN ${now} ELSE closed_at END WHERE id=${req.params.id} AND tenant_id=${tenantId} RETURNING *`);[39m
[31m+       const row = (rows as any).rows?.[0];[39m
[31m+       if (!row) return res.status(404).json({ error: 'REMEDIATION_NOT_FOUND' });[39m
[31m+       return res.json(row);[39m
[31m+     } catch (error) { return next(error); }[39m
[31m+   });[39m
[31m+[39m
[31m+   router.post('/verify', async (req: AuthenticatedRequest, res, next) => {[39m
[31m+     const parsed = verifySchema.safeParse(req.body);[39m
[31m+     if (!parsed.success) return res.status(400).json({ error: 'INVALID_PAYLOAD', details: parsed.error.flatten() });[39m
[31m+     try {[39m
[31m+       const db = req.db!;[39m
[31m+       const result = await verifyRemediation({ ...parsed.data, tenantId: req.user!.tenantId, actorId: req.user!.uid });[39m
[31m+       await db.execute(sql`UPDATE trust_remediation_work_items SET status='VERIFIED',updated_at=${new Date().toISOString()},closed_at=${new Date().toISOString()} WHERE tenant_id=${req.user!.tenantId} AND finding_id=${parsed.data.findingId}`);[39m
[31m+       return res.json(result);[39m
[31m+     } catch (error) { return next(error); }[39m
[31m+   });[39m
[31m+[39m
[31m+   router.get('/monitoring', async (req: AuthenticatedRequest, res, next) => {[39m
[31m+     try {[39m
[31m+       const db = req.db!;[39m
[31m+       const tenantId = req.user!.tenantId;[39m
[31m+       const passportId = typeof req.query.passportId === 'string' ? req.query.passportId : null;[39m
[31m+       const rows = passportId ? await db.execute(sql`SELECT * FROM trust_monitoring_state WHERE tenant_id=${tenantId} AND passport_id=${passportId} ORDER BY provider`) : await db.execute(sql`SELECT * FROM trust_monitoring_state WHERE tenant_id=${tenantId} ORDER BY passport_id,provider`);[39m
[31m+       const alerts = passportId ? await db.execute(sql`SELECT * FROM trust_alerts WHERE tenant_id=${tenantId} AND passport_id=${passportId} ORDER BY created_at DESC`) : await db.execute(sql`SELECT * FROM trust_alerts WHERE tenant_id=${tenantId} ORDER BY created_at DESC`);[39m
[31m+       return res.json({ monitoring: (rows as any).rows || [], alerts: (alerts as any).rows || [] });[39m
[31m+     } catch (error) { return next(error); }[39m
[31m+   });[39m
[31m+[39m
[31m+   router.get('/ledger/:passportId', async (req: AuthenticatedRequest, res, next) => {[39m
[31m+     try {[39m
[31m+       const db = req.db!;[39m
[31m+       const tenantId = req.user!.tenantId;[39m
[31m+       const passportId = req.params.passportId;[39m
[31m+       const scope = await db.execute(sql`SELECT id FROM passports WHERE id=${passportId} AND tenant_id=${tenantId} LIMIT 1`);[39m
[31m+       if (!(scope as any).rows?.length) return res.status(404).json({ error: 'PASSPORT_NOT_FOUND' });[39m
[31m+       const observations = await db.execute(sql`SELECT id,observation_version,generated_at,previous_observation_id,evidence_ids,finding_ids,canonical_payload_hash,completeness_basis_points,open_finding_count,unknown_dimension_count FROM trust_observations WHERE tenant_id=${tenantId} AND passport_id=${passportId} ORDER BY observation_version DESC`);[39m
[31m+       const evidence = await db.execute(sql`SELECT id,provider,control_id,subject,source_url,observed_at,verification_method,status,severity,evidence_hash,limitation FROM evidence_ledger WHERE tenant_id=${tenantId} AND passport_id=${passportId} ORDER BY observed_at DESC`);[39m
[31m+       const findings = await db.execute(sql`SELECT id,control_id,title,severity,status,evidence_ids,fingerprint,updated_at,resolved_at FROM trust_findings WHERE tenant_id=${tenantId} AND passport_id=${passportId} ORDER BY updated_at DESC`);[39m
[31m+       const remediation = await db.execute(sql`SELECT * FROM trust_remediation_work_items WHERE tenant_id=${tenantId} AND passport_id=${passportId} ORDER BY updated_at DESC`);[39m
[31m+       const verification = await db.execute(sql`SELECT * FROM remediation_verification_ledger WHERE tenant_id=${tenantId} AND finding_id IN (SELECT id FROM trust_findings WHERE tenant_id=${tenantId} AND passport_id=${passportId}) ORDER BY created_at DESC`);[39m
[31m+       return res.json({ observations: (observations as any).rows || [], findings: (findings as any).rows || [], evidence: (evidence as any).rows || [], remediation: (remediation as any).rows || [], verification: (verification as any).rows || [], trace: 'Report -> Passport -> Risk -> Finding -> Observation -> Provider -> Source -> Timestamp -> Hash' });[39m
[31m+     } catch (error) { return next(error); }[39m
[31m+   });[39m
[31m+[39m
[31m+   router.get('/reports/:passportId/history', async (req: AuthenticatedRequest, res, next) => {[39m
[31m+     try {[39m
[31m+       const db = req.db!;[39m
[31m+       const tenantId = req.user!.tenantId;[39m
[31m+       const passportId = req.params.passportId;[39m
[31m+       const typeFilter = typeof req.query.type === 'string' ? reportTypes.safeParse(req.query.type) : null;[39m
[31m+       if (typeFilter && !typeFilter.success) return res.status(400).json({ error: 'INVALID_REPORT_TYPE' });[39m
[31m+       const rows = typeFilter?.success[39m
[31m+         ? await db.execute(sql`SELECT id,report_type,generated_at,score,confidence_basis_points,completeness_basis_points,canonical_payload_hash FROM trust_report_snapshots WHERE tenant_id=${tenantId} AND passport_id=${passportId} AND report_type=${typeFilter.data} ORDER BY generated_at DESC LIMIT 50`)[39m
[31m+         : await db.execute(sql`SELECT id,report_type,generated_at,score,confidence_basis_points,completeness_basis_points,canonical_payload_hash FROM trust_report_snapshots WHERE tenant_id=${tenantId} AND passport_id=${passportId} ORDER BY generated_at DESC LIMIT 50`);[39m
[31m+       return res.json({ snapshots: (rows as any).rows || [] });[39m
[31m+     } catch (error) { return next(error); }[39m
[31m+   });[39m
[31m+[39m
[31m+   router.get('/reports/:passportId/history/:snapshotId', async (req: AuthenticatedRequest, res, next) => {[39m
[31m+     try {[39m
[31m+       const db = req.db!;[39m
[31m+       const tenantId = req.user!.tenantId;[39m
[31m+       const row = (await db.execute(sql`SELECT payload,canonical_payload_hash,generated_at,report_type FROM trust_report_snapshots WHERE id=${req.params.snapshotId} AND tenant_id=${tenantId} AND passport_id=${req.params.passportId} LIMIT 1`) as any).rows?.[0];[39m
[31m+       if (!row) return res.status(404).json({ error: 'REPORT_SNAPSHOT_NOT_FOUND' });[39m
[31m+       const payload = parseJson(row.payload, {});[39m
[31m+       return res.json({ ...(payload as object), reportHash: row.canonical_payload_hash });[39m
[31m+     } catch (error) { return next(error); }[39m
[31m+   });[39m
[31m+[39m
[31m+   router.get('/reports/:passportId', async (req: AuthenticatedRequest, res, next) => {[39m
[31m+     try {[39m
[31m+       const parsed = reportTypes.safeParse(req.query.type || 'executive');[39m
[31m+       if (!parsed.success) return res.status(400).json({ error: 'INVALID_REPORT_TYPE' });[39m
[31m+       const report = await buildAndPersistReport(req.db!, req.user!.tenantId, String(req.params.passportId), parsed.data);[39m
[31m+       if (!report) return res.status(404).json({ error: 'PASSPORT_NOT_FOUND' });[39m
[31m+       return res.json(report);[39m
[31m+     } catch (error) { return next(error); }[39m
[31m+   });[39m
[31m+[39m
[31m+   return router;[39m
[31m+ }[39m
[31m+[39m
[31m+ export async function buildAndPersistReport(db: any, tenantId: string, passportId: string, reportType: string) {[39m
[31m+   const passport = (await db.execute(sql`SELECT id,name,overall_score,security_score,compliance_score,verification_status,confidence_score,evidence_completeness,sbom,evidence,vulnerabilities,timeline FROM passports WHERE id=${passportId} AND tenant_id=${tenantId} LIMIT 1`) as any).rows?.[0];[39m
[31m+   if (!passport) return null;[39m
[31m+   const findings = (await db.execute(sql`SELECT id,control_id,title,severity,status,description,remediation,evidence_ids,updated_at,resolved_at FROM trust_findings WHERE tenant_id=${tenantId} AND passport_id=${passportId} ORDER BY CASE severity WHEN 'critical' THEN 1 WHEN 'high' THEN 2 WHEN 'medium' THEN 3 WHEN 'low' THEN 4 ELSE 5 END,updated_at DESC`) as any).rows || [];[39m
[31m+   const evidence = (await db.execute(sql`SELECT id,provider,control_id,subject,source_url,observed_at,verification_method,status,severity,evidence_hash,limitation FROM evidence_ledger WHERE tenant_id=${tenantId} AND passport_id=${passportId} ORDER BY observed_at DESC`) as any).rows || [];[39m
[31m+   const observations = (await db.execute(sql`SELECT id,observation_version,generated_at,previous_observation_id,evidence_ids,finding_ids,canonical_payload_hash,completeness_basis_points,confidence_basis_points,open_finding_count,unknown_dimension_count FROM trust_observations WHERE tenant_id=${tenantId} AND passport_id=${passportId} ORDER BY observation_version DESC`) as any).rows || [];[39m
[31m+   const remediation = (await db.execute(sql`SELECT * FROM trust_remediation_work_items WHERE tenant_id=${tenantId} AND passport_id=${passportId} ORDER BY updated_at DESC`) as any).rows || [];[39m
[31m+   const verification = (await db.execute(sql`SELECT * FROM remediation_verification_ledger WHERE tenant_id=${tenantId} AND finding_id IN (SELECT id FROM trust_findings WHERE tenant_id=${tenantId} AND passport_id=${passportId}) ORDER BY created_at DESC`) as any).rows || [];[39m
[31m+   const latest = observations[0];[39m
[31m+   const risk = deriveReportRiskFields(passport as ReportPassportRow);[39m
[31m+   const report = {[39m
[31m+     schemaVersion: 'spr.report.v2', reportType, generatedAt: new Date().toISOString(), passport: { id: passport.id, name: passport.name },[39m
[31m+     risk: { overall: risk.canonicalScore, security: passport.security_score, compliance: passport.compliance_score, verificationStatus: risk.verificationStatus },[39m
[31m+     evidenceQuality: { completenessBasisPoints: risk.completenessBasisPoints, confidenceBasisPoints: risk.confidenceBasisPoints, unknownDimensions: latest?.unknown_dimension_count ?? 0, latestObservationAt: latest?.generated_at ?? null },[39m
[31m+     findings, evidence, observations, remediation, verification,[39m
[31m+     traceability: 'Report -> Passport -> Risk -> Finding -> Observation -> Provider -> Source -> Timestamp -> Hash',[39m
[31m+     resolutionTraceability: 'Finding -> remediation -> new observation -> independent verification',[39m
[31m+     limitations: evidence.filter((item: any) => item.limitation).map((item: any) => ({ evidenceId: item.id, limitation: item.limitation })),[39m
[31m+     ...buildReportTypeExtras(reportType, passport, findings),[39m
[31m+   };[39m
[31m+   const canonicalPayload = JSON.stringify(report);[39m
[31m+   const reportHash = crypto.createHash('sha256').update(canonicalPayload).digest('hex');[39m
[31m+   await db.execute(sql`INSERT INTO trust_report_snapshots (id,tenant_id,passport_id,report_type,generated_at,score,confidence_basis_points,completeness_basis_points,evidence_ids,finding_ids,observation_id,canonical_payload_hash,payload,created_at) VALUES (${id('report')},${tenantId},${passportId},${reportType},${report.generatedAt},${risk.canonicalScore},${risk.confidenceBasisPoints},${risk.completenessBasisPoints},${JSON.stringify(evidence.map((item: any) => item.id))},${JSON.stringify(findings.map((item: any) => item.id))},${latest?.id ?? null},${reportHash},${canonicalPayload},${report.generatedAt}) ON CONFLICT (tenant_id,passport_id,report_type,canonical_payload_hash) DO NOTHING`);[39m
[31m+   return { ...report, reportHash };[39m
[31m+ }[39m
[31m+[39m

[36m [2m❯[22m tests/plain-english-report-routes-contract.test.ts:[2m28:15[22m[39m
    [90m 26| [39m  it('the detailed level includes the full technical report alongside …
    [90m 27| [39m    [35mconst[39m s [33m=[39m [34msource[39m()[33m;[39m
    [90m 28| [39m    expect(s).toContain("level === 'detailed' ? { ...plainEnglish, tec…
    [90m   | [39m              [31m^[39m
    [90m 29| [39m  })[33m;[39m
    [90m 30| [39m

[31m[2m⎯⎯⎯⎯⎯⎯⎯⎯⎯⎯⎯⎯⎯⎯⎯⎯⎯⎯⎯⎯⎯[73/141]⎯[22m[39m

[41m[1m FAIL [22m[49m tests/plain-english-report-routes-contract.test.ts[2m > [22mGET /trust-loop/reports/:passportId/plain-english[2m > [22mscopes a Client-role reader to their own client's passport, matching the technical report route
[31m[1mAssertionError[22m: expected '' to contain 'const clientScope = req.user!.role ==…'[39m

[32m- Expected[39m
[31m+ Received[39m

[32m- const clientScope = req.user!.role === 'Client' ? req.user!.clientId : null;[39m

[36m [2m❯[22m tests/plain-english-report-routes-contract.test.ts:[2m35:23[22m[39m
    [90m 33| [39m    const routeStart = s.indexOf("router.get('/reports/:passportId/pla…
    [90m 34| [39m    [35mconst[39m routeBody [33m=[39m s[33m.[39m[34mslice[39m(routeStart[33m,[39m routeStart [33m+[39m [34m900[39m)[33m;[39m
    [90m 35| [39m    expect(routeBody).toContain("const clientScope = req.user!.role ==…
    [90m   | [39m                      [31m^[39m
    [90m 36| [39m    [34mexpect[39m(routeBody)[33m.[39m[34mtoContain[39m([32m'AND client_id=${clientScope}'[39m)[33m;[39m
    [90m 37| [39m  })[33m;[39m

[31m[2m⎯⎯⎯⎯⎯⎯⎯⎯⎯⎯⎯⎯⎯⎯⎯⎯⎯⎯⎯⎯⎯[74/141]⎯[22m[39m

[41m[1m FAIL [22m[49m tests/plain-english-report-routes-contract.test.ts[2m > [22mGET /trust-loop/reports/:passportId (technical) now enforces client scoping too[2m > [22mwas missing a Client-role scope check before this pass; both report routes now agree
[31m[1mAssertionError[22m: expected 'router.get(\'/reports/:passportId\', …' to contain 'const clientScope = req.user!.role ==…'[39m

[32m- Expected[39m
[31m+ Received[39m

[32m- const clientScope = req.user!.role === 'Client' ? req.user!.clientId : null;[39m
[31m+ router.get('/reports/:passportId', async (req: AuthenticatedRequest, res, next) => {[39m
[31m+     try {[39m
[31m+       const parsed = reportTypes.safeParse(req.query.type || 'executive');[39m
[31m+       if (!parsed.success) return res.status(400).json({ error: 'INVALID_REPORT_TYPE' });[39m
[31m+       const report = await buildAndPersistReport(req.db!, req.user!.tenantId, String(req.params.passportId), parsed.data);[39m
[31m+       if (!report) return res.status(404).json({ error: 'PASSPORT_NOT_FOUND' });[39m
[31m+       return res.json(report);[39m
[31m+     } catch (error) { return next(error); }[39m
[31m+   });[39m
[31m+[39m
[31m+   return router;[39m
[31m+ }[39m
[31m+[39m
[31m+ export async function buildAndPersistReport(db: any, tenantId: string, passportId: string, reportType: string) {[39m
[31m+   const passport = (a[39m

[36m [2m❯[22m tests/plain-english-report-routes-contract.test.ts:[2m45:23[22m[39m
    [90m 43| [39m    const routeStart = s.indexOf("router.get('/reports/:passportId', a…
    [90m 44| [39m    [35mconst[39m routeBody [33m=[39m s[33m.[39m[34mslice[39m(routeStart[33m,[39m routeStart [33m+[39m [34m700[39m)[33m;[39m
    [90m 45| [39m    expect(routeBody).toContain("const clientScope = req.user!.role ==…
    [90m   | [39m                      [31m^[39m
    [90m 46| [39m  })[33m;[39m
    [90m 47| [39m})[33m;[39m

[31m[2m⎯⎯⎯⎯⎯⎯⎯⎯⎯⎯⎯⎯⎯⎯⎯⎯⎯⎯⎯⎯⎯[75/141]⎯[22m[39m

[41m[1m FAIL [22m[49m tests/plain-english-report-routes-contract.test.ts[2m > [22mGET /trust-loop/reports/:passportId/changes/plain-english[2m > [22mreuses compareCanonicalObservations and explainChange, never a separate diff calculation
[31m[1mAssertionError[22m: expected '' to contain 'compareCanonicalObservations(comparab…'[39m

[32m- Expected[39m
[31m+ Received[39m

[32m- compareCanonicalObservations(comparable(previous), comparable(current)!)[39m

[36m [2m❯[22m tests/plain-english-report-routes-contract.test.ts:[2m54:23[22m[39m
    [90m 52| [39m    const routeStart = s.indexOf("router.get('/reports/:passportId/cha…
    [90m 53| [39m    [35mconst[39m routeBody [33m=[39m s[33m.[39m[34mslice[39m(routeStart[33m,[39m routeStart [33m+[39m [34m2400[39m)[33m;[39m
    [90m 54| [39m    expect(routeBody).toContain('compareCanonicalObservations(comparab…
    [90m   | [39m                      [31m^[39m
    [90m 55| [39m    [34mexpect[39m(routeBody)[33m.[39m[34mtoContain[39m([32m'plainEnglish: explainChange(change)'[39m)[33m;[39m
    [90m 56| [39m  })[33m;[39m

[31m[2m⎯⎯⎯⎯⎯⎯⎯⎯⎯⎯⎯⎯⎯⎯⎯⎯⎯⎯⎯⎯⎯[76/141]⎯[22m[39m

[41m[1m FAIL [22m[49m tests/plain-english-report-routes-contract.test.ts[2m > [22mGET /trust-loop/reports/:passportId/changes/plain-english[2m > [22mreports insufficientData honestly instead of fabricating a diff when fewer than two snapshots exist
[31m[1mAssertionError[22m: expected '' to contain 'if (!current || !previous) return res…'[39m

[32m- Expected[39m
[31m+ Received[39m

[32m- if (!current || !previous) return res.json({ insufficientData: true, changes: [] });[39m

[36m [2m❯[22m tests/plain-english-report-routes-contract.test.ts:[2m62:23[22m[39m
    [90m 60| [39m    const routeStart = s.indexOf("router.get('/reports/:passportId/cha…
    [90m 61| [39m    [35mconst[39m routeBody [33m=[39m s[33m.[39m[34mslice[39m(routeStart[33m,[39m routeStart [33m+[39m [34m2400[39m)[33m;[39m
    [90m 62| [39m    expect(routeBody).toContain('if (!current || !previous) return res…
    [90m   | [39m                      [31m^[39m
    [90m 63| [39m  })[33m;[39m
    [90m 64| [39m})[33m;[39m

[31m[2m⎯⎯⎯⎯⎯⎯⎯⎯⎯⎯⎯⎯⎯⎯⎯⎯⎯⎯⎯⎯⎯[77/141]⎯[22m[39m

[41m[1m FAIL [22m[49m tests/plain-english-report-ui-contract.test.ts[2m > [22mPlainEnglishReport is wired into ReportsView from the same loaded passport/type[2m > [22mReportsView renders it only once a report has actually been loaded, using the same passport and report type
[31m[1mAssertionError[22m: expected 'import { useEffect, useMemo, useState…' to contain '{report && selectedPassport && ('[39m

[32m- Expected[39m
[31m+ Received[39m

[32m- {report && selectedPassport && ([39m
[31m+ import { useEffect, useMemo, useState, type ChangeEvent } from 'react';[39m
[31m+ import { Copy, Download, FileJson, FileText, History, Package, Printer, RefreshCw, Share2, ShieldCheck, Upload, Users } from 'lucide-react';[39m
[31m+ import type { Alert, Client, Scan, SoftwarePassport } from '../types';[39m
[31m+ import { apiFetch } from '../utils/apiClient';[39m
[31m+ import { generateCoBrandedTrustReport, generatePassportEvidenceReport } from '../utils/pdfGenerator';[39m
[31m+[39m
[31m+ type ReportPayload = {[39m
[31m+   schemaVersion?: string;[39m
[31m+   reportType?: string;[39m
[31m+   generatedAt?: string;[39m
[31m+   passport?: { id?: string; name?: string };[39m
[31m+   risk?: { overall?: number | null; security?: number | null; compliance?: number | null };[39m
[31m+   evidenceQuality?: { completenessBasisPoints?: number; unknownDimensions?: number; latestObservationAt?: string | null };[39m
[31m+   findings?: unknown[];[39m
[31m+   evidence?: unknown[];[39m
[31m+   observations?: unknown[];[39m
[31m+   remediation?: unknown[];[39m
[31m+   verification?: unknown[];[39m
[31m+   traceability?: string;[39m
[31m+   limitations?: Array<{ evidenceId?: string; limitation?: string }>;[39m
[31m+   reportHash?: string;[39m
[31m+   sbom?: Array<{ name?: string; version?: string; license?: string; vulnerabilityCount?: number; criticalOrHighCount?: number }>;[39m
[31m+   controls?: Array<{ controlId?: string; findingCount?: number; openCount?: number; worstSeverity?: string }>;[39m
[31m+ };[39m
[31m+[39m
[31m+ type ReportSnapshot = {[39m
[31m+   id: string;[39m
[31m+   report_type: string;[39m
[31m+   generated_at: string;[39m
[31m+   score: number;[39m
[31m+   completeness_basis_points: number;[39m
[31m+   canonical_payload_hash: string;[39m
[31m+ };[39m
[31m+[39m
[31m+ type ShareInfo = { shareUrl: string; expiresAt: string; reportType: string };[39m
[31m+[39m
[31m+ const REPORT_TYPES: Array<{ value: string; label: string }> = [[39m
[31m+   { value: 'executive', label: 'Executive trust report' },[39m
[31m+   { value: 'technical', label: 'Technical / engineering' },[39m
[31m+   { value: 'compliance', label: 'Compliance (by control)' },[39m
[31m+   { value: 'sbom', label: 'SBOM report' },[39m
[31m+   { value: 'vendor', label: 'Vendor risk' },[39m
[31m+   { value: 'msp', label: 'MSP / client' },[39m
[31m+   { value: 'customer', label: 'Customer-facing' },[39m
[31m+   { value: 'auditor', label: 'Auditor' },[39m
[31m+   { value: 'evidence-ledger', label: 'Evidence ledger' },[39m
[31m+ ];[39m
[31m+[39m
[31m+ const SHARE_ROLES = new Set(['Owner', 'Admin', 'Operator']);[39m
[31m+[39m
[31m+ interface ReportsViewProps {[39m
[31m+   clients?: Client[];[39m
[31m+   passports?: SoftwarePassport[];[39m
[31m+   scans?: Scan[];[39m
[31m+   alerts?: Alert[];[39m
[31m+   findings?: unknown[];[39m
[31m+   role?: string;[39m
[31m+ }[39m
[31m+[39m
[31m+ function download(name: string, body: string, type: string) {[39m
[31m+   const url = URL.createObjectURL(new Blob([body], { type }));[39m
[31m+   const link = document.createElement('a');[39m
[31m+   link.href = url;[39m
[31m+   link.download = name;[39m
[31m+   document.body.appendChild(link);[39m
[31m+   link.click();[39m
[31m+   link.remove();[39m
[31m+   URL.revokeObjectURL(url);[39m
[31m+ }[39m
[31m+[39m
[31m+ function csvCell(value: unknown) {[39m
[31m+   return `"${String(value ?? '').replace(/"/g, '""')}"`;[39m
[31m+ }[39m
[31m+[39m
[31m+ function clientName(passport: SoftwarePassport, clients: Client[]) {[39m
[31m+   const clientId = String((passport as SoftwarePassport & { clientId?: string }).clientId || '');[39m
[31m+   return clients.find((client) => client.id === clientId)?.name || 'Unassigned client';[39m
[31m+ }[39m
[31m+[39m
[31m+ export default function ReportsView({ clients = [], passports = [], scans = [], alerts = [], findings = [], role = 'Viewer' }: ReportsViewProps) {[39m
[31m+   const [selectedPassportId, setSelectedPassportId] = useState(passports[0]?.id || '');[39m
[31m+   const [reportType, setReportType] = useState('executive');[39m
[31m+   const [report, setReport] = useState<ReportPayload | null>(null);[39m
[31m+   const [loading, setLoading] = useState(false);[39m
[31m+   const [message, setMessage] = useState('');[39m
[31m+   const [history, setHistory] = useState<ReportSnapshot[]>([]);[39m
[31m+   const [historyLoading, setHistoryLoading] = useState(false);[39m
[31m+   const [shareInfo, setShareInfo] = useState<ShareInfo | null>(null);[39m
[31m+   const [sharing, setSharing] = useState(false);[39m
[31m+   const [shareMessage, setShareMessage] = useState('');[39m
[31m+   const [exportClientIds, setExportClientIds] = useState<Set<string>>(new Set());[39m
[31m+[39m
[31m+   const [whiteLabelClientId, setWhiteLabelClientId] = useState(clients[0]?.id || '');[39m
[31m+   const [mspName, setMspName] = useState('');[39m
[31m+   const [brandColor, setBrandColor] = useState('#22d3ee');[39m
[31m+   const [reportTitle, setReportTitle] = useState('Software Trust & Compliance Ledger');[39m
[31m+   const [executiveSummary, setExecutiveSummary] = useState('');[39m
[31m+   const [logoBase64, setLogoBase64] = useState<string | undefined>(undefined);[39m
[31m+   const [sections, setSections] = useState({ summary: true, metrics: true, inventory: true, compliance: true, signatures: true });[39m
[31m+[39m
[31m+   const canShare = SHARE_ROLES.has(role);[39m
[31m+[39m
[31m+   useEffect(() => {[39m
[31m+     if (!passports.some((passport) => passport.id === selectedPassportId)) {[39m
[31m+       setSelectedPassportId(passports[0]?.id || '');[39m
[31m+     }[39m
[31m+   }, [passports, selectedPassportId]);[39m
[31m+[39m
[31m+   useEffect(() => {[39m
[31m+     if (!clients.some((client) => client.id === whiteLabelClientId)) {[39m
[31m+       setWhiteLabelClientId(clients[0]?.id || '');[39m
[31m+     }[39m
[31m+   }, [clients, whiteLabelClientId]);[39m
[31m+[39m
[31m+   useEffect(() => {[39m
[31m+     setReport(null);[39m
[31m+     setHistory([]);[39m
[31m+     setShareInfo(null);[39m
[31m+     setShareMessage('');[39m
[31m+     setMessage('');[39m
[31m+   }, [selectedPassportId, reportType]);[39m
[31m+[39m
[31m+   const selectedPassport = passports.find((passport) => passport.id === selectedPassportId);[39m
[31m+   const evidenceCount = passports.reduce((total, passport) => total + passport.evidence.length, 0);[39m
[31m+   const vulnerabilityCount = passports.reduce((total, passport) => total + passport.vulnerabilities.length, 0);[39m
[31m+   const findingCount = findings.length;[39m
[31m+[39m
[31m+   const loadHistory = async (passportId: string) => {[39m
[31m+     setHistoryLoading(true);[39m
[31m+     try {[39m
[31m+       const response = await apiFetch(`/api/trust-loop/reports/${encodeURIComponent(passportId)}/history?type=${encodeURIComponent(reportType)}`);[39m
[31m+       const payload = await response.json().catch(() => null);[39m
[31m+       if (response.ok) setHistory(Array.isArray(payload?.snapshots) ? payload.snapshots : []);[39m
[31m+     } finally {[39m
[31m+       setHistoryLoading(false);[39m
[31m+     }[39m
[31m+   };[39m
[31m+[39m
[31m+   const loadReport = async () => {[39m
[31m+     if (!selectedPassport) return;[39m
[31m+     setLoading(true);[39m
[31m+     setMessage('');[39m
[31m+     try {[39m
[31m+       const response = await apiFetch(`/api/trust-loop/reports/${encodeURIComponent(selectedPassport.id)}?type=${encodeURIComponent(reportType)}`);[39m
[31m+       const payload = await response.json().catch(() => null);[39m
[31m+       if (!response.ok) throw new Error(String(payload?.error || `Report request failed (${response.status})`));[39m
[31m+       setReport(payload as ReportPayload);[39m
[31m+       setMessage('Authoritative report loaded from the tenant-scoped trust report endpoint.');[39m
[31m+       void loadHistory(selectedPassport.id);[39m
[31m+     } catch (error) {[39m
[31m+       setReport(null);[39m
[31m+       setMessage(error instanceof Error ? error.message : 'Unable to load the report.');[39m
[31m+     } finally {[39m
[31m+       setLoading(false);[39m
[31m+     }[39m
[31m+   };[39m
[31m+[39m
[31m+   const loadSnapshot = async (snapshotId: string) => {[39m
[31m+     if (!selectedPassport) return;[39m
[31m+     setLoading(true);[39m
[31m+     setMessage('');[39m
[31m+     try {[39m
[31m+       const response = await apiFetch(`/api/trust-loop/reports/${encodeURIComponent(selectedPassport.id)}/history/${encodeURIComponent(snapshotId)}`);[39m
[31m+       const payload = await response.json().catch(() => null);[39m
[31m+       if (!response.ok) throw new Error(String(payload?.error || `Snapshot request failed (${response.status})`));[39m
[31m+       setReport(payload as ReportPayload);[39m
[31m+       setMessage('Loaded a historical snapshot of this report. Re-run "Load report" for the current state.');[39m
[31m+     } catch (error) {[39m
[31m+       setMessage(error instanceof Error ? error.message : 'Unable to load that snapshot.');[39m
[31m+     } finally {[39m
[31m+       setLoading(false);[39m
[31m+     }[39m
[31m+   };[39m
[31m+[39m
[31m+   const createShareLink = async () => {[39m
[31m+     if (!selectedPassport) return;[39m
[31m+     setSharing(true);[39m
[31m+     setShareMessage('');[39m
[31m+     try {[39m
[31m+       const response = await apiFetch(`/api/public/v1/reports/${encodeURIComponent(selectedPassport.id)}/token`, {[39m
[31m+         method: 'POST',[39m
[31m+         headers: { 'Content-Type': 'application/json' },[39m
[31m+         body: JSON.stringify({ type: reportType }),[39m
[31m+       });[39m
[31m+       const payload = await response.json().catch(() => null);[39m
[31m+       if (!response.ok) throw new Error(String(payload?.error || `Share link request failed (${response.status})`));[39m
[31m+       setShareInfo({ shareUrl: payload.shareUrl, expiresAt: payload.expiresAt, reportType: payload.reportType });[39m
[31m+     } catch (error) {[39m
[31m+       setShareInfo(null);[39m
[31m+       setShareMessage(error instanceof Error ? error.message : 'Unable to create a share link.');[39m
[31m+     } finally {[39m
[31m+       setSharing(false);[39m
[31m+     }[39m
[31m+   };[39m
[31m+[39m
[31m+   const copyShareLink = async () => {[39m
[31m+     if (!shareInfo) return;[39m
[31m+     try {[39m
[31m+       await navigator.clipboard.writeText(shareInfo.shareUrl);[39m
[31m+       setShareMessage('Share link copied to clipboard.');[39m
[31m+     } catch {[39m
[31m+       setShareMessage('Copy failed — select and copy the link manually.');[39m
[31m+     }[39m
[31m+   };[39m
[31m+[39m
[31m+   const downloadPdf = () => {[39m
[31m+     if (!selectedPassport) return;[39m
[31m+     generatePassportEvidenceReport(selectedPassport, 'SPR Reports Center', '#22d3ee');[39m
[31m+   };[39m
[31m+[39m
[31m+   const exportReportJson = () => {[39m
[31m+     if (!report || !selectedPassport) return;[39m
[31m+     download(`spr-report-${selectedPassport.id}-${reportType}.json`, JSON.stringify(report, null, 2), 'application/json');[39m
[31m+   };[39m
[31m+[39m
[31m+   const exportRegistryCsv = () => {[39m
[31m+     const clientFilter = exportClientIds.size > 0 ? exportClientIds : null;[39m
[31m+     const passportInScope = (passport: SoftwarePassport) => !clientFilter || clientFilter.has(String((passport as SoftwarePassport & { clientId?: string }).clientId || ''));[39m
[31m+     const scopedPassports = passports.filter(passportInScope);[39m
[31m+     const scopedClients = clientFilter ? clients.filter((client) => clientFilter.has(client.id)) : clients;[39m
[31m+     const rows = [[39m
[31m+       ['recordType', 'id', 'name', 'version', 'client', 'status', 'severity', 'observedAt'],[39m
[31m+       ...scopedPassports.map((passport) => ['passport', passport.id, passport.name, passport.version, clientName(passport, clients), 'registered', '', passport.releaseDate]),[39m
[31m+       ...scopedPassports.flatMap((passport) => passport.evidence.map((item: any) => ['evidence', item.id, item.name, '', clientName(passport, clients), item.status || item.verificationStatus, '', item.timestamp])),[39m
[31m+       ...scopedPassports.flatMap((passport) => passport.vulnerabilities.map((item: any) => ['vulnerability', item.id, item.title || item.id, item.component || '', clientName(passport, clients), item.status, item.severity, item.detectedAt || item.publishedDate])),[39m
[31m+       ...findings.filter((finding: any) => !clientFilter || clientFilter.has(String(finding.client_id || ''))).map((finding: any) => ['finding', finding.id, finding.title || finding.control_id, '', clients.find((client) => client.id === String(finding.client_id || ''))?.name || 'Unassigned client', finding.status, finding.severity, finding.updated_at]),[39m
[31m+       ...scans.filter((scan) => !clientFilter || scopedClients.some((client) => client.name === scan.clientName)).map((scan) => ['scan', scan.id, scan.targetName, '', scan.clientName, scan.status, '', scan.timestamp]),[39m
[31m+       ...alerts.filter((alert) => !clientFilter || scopedClients.some((client) => client.name === alert.clientName)).map((alert) => ['alert', alert.id, alert.title, '', alert.clientName, alert.status, alert.severity, alert.timestamp]),[39m
[31m+     ];[39m
[31m+     const suffix = clientFilter ? `-${scopedClients.length}-clients` : '';[39m
[31m+     download(`spr-registry-records${suffix}.csv`, rows.map((row) => row.map(csvCell).join(',')).join('\n'), 'text/csv;charset=utf-8');[39m
[31m+   };[39m
[31m+[39m
[31m+   const toggleExportClient = (clientId: string) => {[39m
[31m+     setExportClientIds((current) => { const next = new Set(current); if (next.has(clientId)) next.delete(clientId); else next.add(clientId); return next; });[39m
[31m+   };[39m
[31m+[39m
[31m+   const handleLogoUpload = (event: ChangeEvent<HTMLInputElement>) => {[39m
[31m+     const file = event.target.files?.[0];[39m
[31m+     if (!file) return;[39m
[31m+     const reader = new FileReader();[39m
[31m+     reader.onload = () => setLogoBase64(typeof reader.result === 'string' ? reader.result : undefined);[39m
[31m+     reader.readAsDataURL(file);[39m
[31m+   };[39m
[31m+[39m
[31m+   const generateWhiteLabelReport = () => {[39m
[31m+     const client = clients.find((item) => item.id === whiteLabelClientId);[39m
[31m+     if (!client || !mspName.trim()) return;[39m
[31m+     generateCoBrandedTrustReport(client, mspName.trim(), brandColor, reportTitle, 0, executiveSummary, logoBase64, sections.summary, sections.metrics, sections.inventory, sections.compliance, sections.signatures);[39m
[31m+   };[39m
[31m+[39m
[31m+   const reportText = useMemo(() => {[39m
[31m+     if (!report) return '';[39m
[31m+     return [[39m
[31m+       `SPR ${report.reportType || reportType} report: ${report.passport?.name || selectedPassport?.name || 'Passport'}`,[39m
[31m+       `Generated: ${report.generatedAt || 'unknown'}`,[39m
[31m+       `Report hash: ${report.reportHash || 'not returned'}`,[39m
[31m+       `Evidence records: ${report.evidence?.length ?? 0}`,[39m
[31m+       `Findings: ${report.findings?.length ?? 0}`,[39m
[31m+       `Observations: ${report.observations?.length ?? 0}`,[39m
[31m+       `Remediation records: ${report.remediation?.length ?? 0}`,[39m
[31m+       `Traceability: ${report.traceability || 'not returned'}`,[39m
[31m+       ...(report.limitations || []).map((item) => `Limitation (${item.evidenceId || 'evidence'}): ${item.limitation || 'not specified'}`),[39m
[31m+     ].join('\n');[39m
[31m+   }, [report, selectedPassport, reportType]);[39m
[31m+[39m
[31m+   return ([39m
[31m+     <section aria-labelledby="reports-title">[39m
[31m+       <div className="mb-4 flex flex-wrap items-center justify-between gap-3">[39m
[31m+         <div>[39m
[31m+           <h1 id="reports-title" className="text-[22px] font-semibold text-[#201f1e]">Reports center</h1>[39m
[31m+           <p className="mt-1 text-[13px] text-[#605e5c]">Evidence-backed exports and reports loaded from this tenant's existing APIs.</p>[39m
[31m+         </div>[39m
[31m+         <button onClick={() => window.print()} className="inline-flex h-8 items-center gap-1.5 rounded border border-[#c8c6c4] px-3 text-[13px] font-medium text-[#323130] hover:bg-black/[.03]"><Printer size={14} /> Print / save PDF</button>[39m
[31m+       </div>[39m
[31m+[39m
[31m+       <details className="mb-4 rounded-md border border-[#e1dfdd] bg-[#faf9f8] text-[13px]">[39m
[31m+         <summary className="cursor-pointer select-none px-3 py-2 font-medium text-[#323130]">ⓘ What is this? · How it works</summary>[39m
[31m+         <div className="px-3 pb-3 text-[#605e5c]">[39m
[31m+           <p>Exports contain only records loaded from this tenant's existing APIs. No trust score, compliance claim, or finding is inferred in this view.</p>[39m
[31m+           <ol className="mt-1.5 list-decimal space-y-0.5 pl-4">[39m
[31m+             <li>Export a registry CSV, or select a passport and report type to load a server-generated report.</li>[39m
[31m+             <li>Download the loaded report as JSON/PDF, or create a signed, expiring share link.</li>[39m
[31m+             <li>Optionally generate a co-branded white-label PDF for one client.</li>[39m
[31m+           </ol>[39m
[31m+         </div>[39m
[31m+       </details>[39m
[31m+[39m
[31m+       <div className="mb-4 flex flex-wrap gap-6 rounded-md border border-[#e1dfdd] bg-white p-3">[39m
[31m+         {[[39m
[31m+           ['Clients', clients.length, 'Persisted client records'],[39m
[31m+           ['Passports', passports.length, 'Registered software identity'],[39m
[31m+           ['Evidence', evidenceCount, 'Nested passport evidence'],[39m
[31m+           ['Findings / vulnerabilities', findingCount + vulnerabilityCount, 'Loaded finding and vulnerability records'],[39m
[31m+         ].map(([label, value, detail]) => ([39m
[31m+           <div key={String(label)}>[39m
[31m+             <div className="text-[11px] text-[#605e5c]">{label}</div>[39m
[31m+             <div className="text-lg font-semibold text-[#201f1e]">{value}</div>[39m
[31m+             <div className="text-[11px] text-[#8a8886]">{detail}</div>[39m
[31m+           </div>[39m
[31m+         ))}[39m
[31m+       </div>[39m
[31m+[39m
[31m+       <div className="mb-4 grid gap-4 xl:grid-cols-[1.1fr_.9fr]">[39m
[31m+         <div className="rounded-md border border-[#e1dfdd] bg-white p-4">[39m
[31m+           <div className="flex items-center gap-1.5"><ShieldCheck size={16} className="text-[#605e5c]" /><h2 className="text-[14px] font-semibold text-[#201f1e]">Tenant registry exports</h2></div>[39m
[31m+           <p className="mt-1 text-[13px] text-[#605e5c]">CSV includes the loaded client, passport, evidence, vulnerability, finding, scan, and alert records.</p>[39m
[31m+           {clients.length > 0 && ([39m
[31m+             <div className="mt-3 flex flex-wrap items-center gap-2">[39m
[31m+               <Users size={13} className="text-[#8a8886]" />[39m
[31m+               <span className="text-[12px] text-[#605e5c]">{exportClientIds.size === 0 ? 'All clients' : `${exportClientIds.size} of ${clients.length} clients selected`}</span>[39m
[31m+               <div className="flex flex-wrap gap-1.5">[39m
[31m+                 {clients.map((client) => ([39m
[31m+                   <button key={client.id} onClick={() => toggleExportClient(client.id)} className={`rounded-full border px-2 py-0.5 text-[11px] font-medium ${exportClientIds.has(client.id) ? 'border-[#0f6cbd] bg-[#eff6fc] text-[#0f6cbd]' : 'border-[#c8c6c4] bg-white text-[#605e5c]'}`}>{client.name}</button>[39m
[31m+                 ))}[39m
[31m+               </div>[39m
[31m+             </div>[39m
[31m+           )}[39m
[31m+           <div className="mt-3 flex flex-wrap gap-2">[39m
[31m+             <button onClick={exportRegistryCsv} disabled={!passports.length && !clients.length} className="inline-flex h-8 items-center gap-1.5 rounded bg-[#0f6cbd] px-3 text-[13px] font-medium text-white hover:bg-[#004578] disabled:cursor-not-allowed disabled:opacity-40"><Download size={14} /> Export registry CSV</button>[39m
[31m+           </div>[39m
[31m+           <div className="mt-4 border-t border-[#e1dfdd] pt-4">[39m
[31m+             <h3 className="text-[13px] font-semibold text-[#201f1e]">Server report snapshot</h3>[39m
[31m+             <p className="mt-1 text-[12px] leading-5 text-[#605e5c]">Loads <code className="rounded bg-[#f3f2f1] px-1 py-0.5">/api/trust-loop/reports/:passportId</code>, which returns persisted findings, evidence, observations, remediation, verification, limitations, and a report hash.</p>[39m
[31m+             <div className="mt-3 flex flex-col gap-2 sm:flex-row">[39m
[31m+               <select value={selectedPassportId} onChange={(event) => setSelectedPassportId(event.target.value)} className="h-9 min-w-0 flex-1 rounded border border-[#c8c6c4] bg-white px-3 text-[13px] text-[#201f1e] focus:border-[#0f6cbd] focus:ring-1 focus:ring-[#0f6cbd]">[39m
[31m+                 {!passports.length && <option value="">No passports loaded</option>}[39m
[31m+                 {passports.map((passport) => <option key={passport.id} value={passport.id}>{passport.name} · {passport.version}</option>)}[39m
[31m+               </select>[39m
[31m+               <select value={reportType} onChange={(event) => setReportType(event.target.value)} className="h-9 min-w-0 flex-1 rounded border border-[#c8c6c4] bg-white px-3 text-[13px] text-[#201f1e] focus:border-[#0f6cbd] focus:ring-1 focus:ring-[#0f6cbd]">[39m
[31m+                 {REPORT_TYPES.map((type) => <option key={type.value} value={type.value}>{type.label}</option>)}[39m
[31m+               </select>[39m
[31m+               <button onClick={() => void loadReport()} disabled={!selectedPassport || loading} className="inline-flex h-9 items-center justify-center gap-1.5 whitespace-nowrap rounded border border-[#0f6cbd] bg-[#eff6fc] px-3 text-[13px] font-medium text-[#0f6cbd] disabled:cursor-not-allowed disabled:opacity-40"><RefreshCw size={14} className={loading ? 'animate-spin' : ''} /> {loading ? 'Loading…' : 'Load report'}</button>[39m
[31m+             </div>[39m
[31m+             {message && <p className="mt-2 text-[12px] text-[#605e5c]" role="status">{message}</p>}[39m
[31m+           </div>[39m
[31m+[39m
[31m+           <div className="mt-4 border-t border-[#e1dfdd] pt-4">[39m
[31m+             <div className="flex items-center gap-1.5"><History size={14} className="text-[#605e5c]" /><h3 className="text-[13px] font-semibold text-[#201f1e]">Report history</h3></div>[39m
[31m+             <p className="mt-1 text-[12px] leading-5 text-[#605e5c]">Every generated report is hashed and versioned. Load a passport report above to populate history for the selected type.</p>[39m
[31m+             {historyLoading && <p className="mt-2 text-[12px] text-[#605e5c]">Loading history…</p>}[39m
[31m+             {!historyLoading && history.length === 0 && <p className="mt-2 text-[12px] text-[#605e5c]">No prior snapshots for this passport and report type yet.</p>}[39m
[31m+             {history.length > 0 && ([39m
[31m+               <ul className="mt-2 max-h-48 space-y-1.5 overflow-auto pr-1">[39m
[31m+                 {history.map((snapshot) => ([39m
[31m+                   <li key={snapshot.id}>[39m
[31m+                     <button onClick={() => void loadSnapshot(snapshot.id)} className="w-full rounded border border-[#e1dfdd] bg-[#faf9f8] px-3 py-2 text-left text-[12px] text-[#323130] hover:border-[#0f6cbd] hover:bg-[#eff6fc]">[39m
[31m+                       <div className="flex items-center justify-between gap-2">[39m
[31m+                         <span>{new Date(snapshot.generated_at).toLocaleString()}</span>[39m
[31m+                         <span className="text-[#605e5c]">score {snapshot.score}</span>[39m
[31m+                       </div>[39m
[31m+                       <div className="mt-0.5 truncate font-mono text-[11px] text-[#8a8886]">{snapshot.canonical_payload_hash}</div>[39m
[31m+                     </button>[39m
[31m+                   </li>[39m
[31m+                 ))}[39m
[31m+               </ul>[39m
[31m+             )}[39m
[31m+           </div>[39m
[31m+         </div>[39m
[31m+[39m
[31m+         <div className="rounded-md border border-[#e1dfdd] bg-white p-4">[39m
[31m+           <h2 className="text-[14px] font-semibold text-[#201f1e]">Download loaded report</h2>[39m
[31m+           <p className="mt-1 text-[13px] text-[#605e5c]">JSON is the exact server response. PDF is generated client-side from the loaded passport's SBOM, evidence, and timeline.</p>[39m
[31m+           <div className="mt-3 flex flex-wrap gap-2">[39m
[31m+             <button onClick={exportReportJson} disabled={!report} className="inline-flex h-8 items-center gap-1.5 rounded border border-[#c8c6c4] px-3 text-[13px] font-medium text-[#323130] hover:bg-black/[.03] disabled:cursor-not-allowed disabled:opacity-40"><FileJson size={14} /> Export JSON</button>[39m
[31m+             <button onClick={downloadPdf} disabled={!selectedPassport} className="inline-flex h-8 items-center gap-1.5 rounded border border-[#c8c6c4] px-3 text-[13px] font-medium text-[#323130] hover:bg-black/[.03] disabled:cursor-not-allowed disabled:opacity-40"><FileText size={14} /> Download PDF</button>[39m
[31m+           </div>[39m
[31m+[39m
[31m+           <div className="mt-4 border-t border-[#e1dfdd] pt-4">[39m
[31m+             <div className="flex items-center gap-1.5"><Share2 size={14} className="text-[#605e5c]" /><h3 className="text-[13px] font-semibold text-[#201f1e]">Shareable link</h3></div>[39m
[31m+             <p className="mt-1 text-[12px] leading-5 text-[#605e5c]">[39m
[31m+               {canShare[39m
[31m+                 ? 'Creates a signed, tenant-scoped link that expires in 7 days. Anyone with the link sees a redacted, evidence-backed summary — no internal remediation or verification detail.'[39m
[31m+                 : `Your ${role} role cannot create share links. Owner, Admin, or Operator is required.`}[39m
[31m+             </p>[39m
[31m+             <div className="mt-2 flex flex-wrap items-center gap-2">[39m
[31m+               <button onClick={() => void createShareLink()} disabled={!canShare || !selectedPassport || sharing} className="inline-flex h-8 items-center gap-1.5 rounded border border-[#c8c6c4] px-3 text-[13px] font-medium text-[#323130] hover:bg-black/[.03] disabled:cursor-not-allowed disabled:opacity-40">[39m
[31m+                 <Share2 size={14} className={sharing ? 'animate-pulse' : ''} /> {sharing ? 'Creating…' : 'Create share link'}[39m
[31m+               </button>[39m
[31m+               {shareInfo && ([39m
[31m+                 <button onClick={() => void copyShareLink()} className="inline-flex h-8 items-center gap-1.5 rounded border border-[#0f6cbd] bg-[#eff6fc] px-2.5 text-[12px] font-medium text-[#0f6cbd]"><Copy size={13} /> Copy link</button>[39m
[31m+               )}[39m
[31m+             </div>[39m
[31m+             {shareInfo && ([39m
[31m+               <div className="mt-2 rounded border border-[#e1dfdd] bg-[#faf9f8] p-2.5 text-[12px] text-[#605e5c]">[39m
[31m+                 <div className="truncate font-mono text-[#323130]">{shareInfo.shareUrl}</div>[39m
[31m+                 <div className="mt-0.5 text-[#8a8886]">Expires {new Date(shareInfo.expiresAt).toLocaleString()}</div>[39m
[31m+               </div>[39m
[31m+             )}[39m
[31m+             {shareMessage && <p className="mt-1.5 text-[12px] text-[#605e5c]" role="status">{shareMessage}</p>}[39m
[31m+           </div>[39m
[31m+[39m
[31m+           <pre className="mt-4 max-h-64 overflow-auto rounded-md border border-[#e1dfdd] bg-[#faf9f8] p-3 text-[12px] leading-5 text-[#605e5c] whitespace-pre-wrap">{reportText || 'Load a passport report to preview its persisted traceability and limitations.'}</pre>[39m
[31m+         </div>[39m
[31m+       </div>[39m
[31m+[39m
[31m+       {report?.sbom && ([39m
[31m+         <div className="mb-4 rounded-md border border-[#e1dfdd] bg-white p-4">[39m
[31m+           <div className="flex items-center gap-1.5"><Package size={16} className="text-[#605e5c]" /><h2 className="text-[14px] font-semibold text-[#201f1e]">SBOM components</h2></div>[39m
[31m+           <p className="mt-1 text-[13px] text-[#605e5c]">Each component is cross-referenced against this passport's recorded vulnerabilities by name.</p>[39m
[31m+           <div className="mt-3 overflow-auto">[39m
[31m+             <table className="w-full min-w-[560px] text-left text-[13px]">[39m
[31m+               <thead className="border-b border-[#e1dfdd] text-[11px] uppercase tracking-wide text-[#605e5c]"><tr><th className="px-3 py-2">Component</th><th className="px-3 py-2">Version</th><th className="px-3 py-2">License</th><th className="px-3 py-2">Vulnerabilities</th><th className="px-3 py-2">Critical/High</th></tr></thead>[39m
[31m+               <tbody>[39m
[31m+                 {report.sbom.length === 0 && <tr><td colSpan={5} className="px-3 py-2.5 text-[#605e5c]">No SBOM components recorded for this passport.</td></tr>}[39m
[31m+                 {report.sbom.map((component, index) => ([39m
[31m+                   <tr key={`${component.name}-${index}`} className="border-b border-[#f3f2f1] hover:bg-black/[.02]">[39m
[31m+                     <td className="px-3 py-2.5 text-[#201f1e]">{component.name || '—'}</td>[39m
[31m+                     <td className="px-3 py-2.5 text-[#605e5c]">{component.version || '—'}</td>[39m
[31m+                     <td className="px-3 py-2.5 text-[#605e5c]">{component.license || '—'}</td>[39m
[31m+                     <td className="px-3 py-2.5 text-[#605e5c]">{component.vulnerabilityCount ?? 0}</td>[39m
[31m+                     <td className="px-3 py-2.5 text-[#605e5c]">{component.criticalOrHighCount ?? 0}</td>[39m
[31m+                   </tr>[39m
[31m+                 ))}[39m
[31m+               </tbody>[39m
[31m+             </table>[39m
[31m+           </div>[39m
[31m+         </div>[39m
[31m+       )}[39m
[31m+[39m
[31m+       {report?.controls && ([39m
[31m+         <div className="mb-4 rounded-md border border-[#e1dfdd] bg-white p-4">[39m
[31m+           <div className="flex items-center gap-1.5"><ShieldCheck size={16} className="text-[#605e5c]" /><h2 className="text-[14px] font-semibold text-[#201f1e]">Findings by control</h2></div>[39m
[31m+           <p className="mt-1 text-[13px] text-[#605e5c]">Open trust findings grouped by control ID, worst-observed severity first.</p>[39m
[31m+           <div className="mt-3 overflow-auto">[39m
[31m+             <table className="w-full min-w-[480px] text-left text-[13px]">[39m
[31m+               <thead className="border-b border-[#e1dfdd] text-[11px] uppercase tracking-wide text-[#605e5c]"><tr><th className="px-3 py-2">Control</th><th className="px-3 py-2">Findings</th><th className="px-3 py-2">Open</th><th className="px-3 py-2">Worst severity</th></tr></thead>[39m
[31m+               <tbody>[39m
[31m+                 {report.controls.length === 0 && <tr><td colSpan={4} className="px-3 py-2.5 text-[#605e5c]">No control-mapped findings for this passport.</td></tr>}[39m
[31m+                 {report.controls.map((control) => ([39m
[31m+                   <tr key={control.controlId} className="border-b border-[#f3f2f1] hover:bg-black/[.02]">[39m
[31m+                     <td className="px-3 py-2.5 font-mono text-[#201f1e]">{control.controlId || '—'}</td>[39m
[31m+                     <td className="px-3 py-2.5 text-[#605e5c]">{control.findingCount ?? 0}</td>[39m
[31m+                     <td className="px-3 py-2.5 text-[#605e5c]">{control.openCount ?? 0}</td>[39m
[31m+                     <td className="px-3 py-2.5 capitalize text-[#605e5c]">{control.worstSeverity || '—'}</td>[39m
[31m+                   </tr>[39m
[31m+                 ))}[39m
[31m+               </tbody>[39m
[31m+             </table>[39m
[31m+           </div>[39m
[31m+         </div>[39m
[31m+       )}[39m
[31m+[39m
[31m+       {clients.length > 0 && ([39m
[31m+         <div className="mb-4 rounded-md border border-[#e1dfdd] bg-white p-4">[39m
[31m+           <h2 className="text-[14px] font-semibold text-[#201f1e]">White-label client report</h2>[39m
[31m+           <p className="mt-1 text-[13px] text-[#605e5c]">Generates a co-branded PDF for one client using your MSP name, logo, and brand color. Runs entirely in the browser from already-loaded client data.</p>[39m
[31m+           <div className="mt-3 grid gap-3 lg:grid-cols-2">[39m
[31m+             <div className="space-y-2">[39m
[31m+               <select value={whiteLabelClientId} onChange={(event) => setWhiteLabelClientId(event.target.value)} className="h-9 w-full rounded border border-[#c8c6c4] bg-white px-3 text-[13px] text-[#201f1e] focus:border-[#0f6cbd] focus:ring-1 focus:ring-[#0f6cbd]">[39m
[31m+                 {clients.map((client) => <option key={client.id} value={client.id}>{client.name}</option>)}[39m
[31m+               </select>[39m
[31m+               <input value={mspName} onChange={(event) => setMspName(event.target.value)} placeholder="Your MSP / firm name *" className="h-9 w-full rounded border border-[#c8c6c4] bg-white px-3 text-[13px] text-[#201f1e] placeholder:text-[#8a8886] focus:border-[#0f6cbd] focus:ring-1 focus:ring-[#0f6cbd]" />[39m
[31m+               <input value={reportTitle} onChange={(event) => setReportTitle(event.target.value)} placeholder="Report title" className="h-9 w-full rounded border border-[#c8c6c4] bg-white px-3 text-[13px] text-[#201f1e] focus:border-[#0f6cbd] focus:ring-1 focus:ring-[#0f6cbd]" />[39m
[31m+               <div className="flex items-center gap-3">[39m
[31m+                 <label className="flex items-center gap-2 text-[12px] text-[#605e5c]">Brand color <input type="color" value={brandColor} onChange={(event) => setBrandColor(event.target.value)} className="h-8 w-8 rounded border border-[#c8c6c4] bg-transparent" /></label>[39m
[31m+                 <label className="inline-flex h-9 cursor-pointer items-center gap-1.5 rounded border border-[#c8c6c4] px-3 text-[12px] text-[#323130] hover:bg-black/[.03]"><Upload size={13} /> {logoBase64 ? 'Logo uploaded' : 'Upload logo'}<input type="file" accept="image/png,image/jpeg,image/webp" onChange={handleLogoUpload} className="hidden" /></label>[39m
[31m+               </div>[39m
[31m+               <textarea value={executiveSummary} onChange={(event) => setExecutiveSummary(event.target.value)} placeholder="Executive summary (optional)" rows={3} className="w-full rounded border border-[#c8c6c4] bg-white px-3 py-2 text-[13px] text-[#201f1e] placeholder:text-[#8a8886] focus:border-[#0f6cbd] focus:ring-1 focus:ring-[#0f6cbd]" />[39m
[31m+             </div>[39m
[31m+             <div className="space-y-2">[39m
[31m+               <div className="grid grid-cols-2 gap-2 text-[12px] text-[#323130]">[39m
[31m+                 {(Object.keys(sections) as Array<keyof typeof sections>).map((key) => ([39m
[31m+                   <label key={key} className="flex items-center gap-2 rounded border border-[#e1dfdd] bg-[#faf9f8] px-3 py-2 capitalize"><input type="checkbox" checked={sections[key]} onChange={(event) => setSections((current) => ({ ...current, [key]: event.target.checked }))} /> {key}</label>[39m
[31m+                 ))}[39m
[31m+               </div>[39m
[31m+               <button onClick={generateWhiteLabelReport} disabled={!whiteLabelClientId || !mspName.trim()} className="inline-flex h-9 w-full items-center justify-center gap-1.5 rounded bg-[#0f6cbd] px-3 text-[13px] font-medium text-white hover:bg-[#004578] disabled:cursor-not-allowed disabled:opacity-40"><FileText size={14} /> Generate white-label PDF</button>[39m
[31m+               <p className="text-[11px] leading-5 text-[#8a8886]">Uses the client's already-loaded software inventory and compliance status. No score is fabricated beyond what SPR already has on record for this client.</p>[39m
[31m+             </div>[39m
[31m+           </div>[39m
[31m+         </div>[39m
[31m+       )}[39m
[31m+[39m
[31m+       <div className="rounded-md border border-[#e1dfdd] bg-[#fff4ce] p-3 text-[12px] leading-5 text-[#8a5700]">[39m
[31m+         <strong>Capability boundary:</strong> PDF export runs entirely in the browser from already-loaded passport data; there is no server-rendered PDF. Share links are stateless signed URLs with a 7-day expiry and cannot be individually revoked before then. "Print / save PDF" still uses the browser's print dialog for a full-page copy. Empty datasets remain empty and are not replaced with sample values.[39m
[31m+       </div>[39m
[31m+     </section>[39m
[31m+   );[39m
[31m+ }[39m
[31m+[39m

[36m [2m❯[22m tests/plain-english-report-ui-contract.test.ts:[2m12:15[22m[39m
    [90m 10| [39m  it('ReportsView renders it only once a report has actually been load…
    [90m 11| [39m    [35mconst[39m s [33m=[39m [34mread[39m([32m'src/components/ReportsView.tsx'[39m)[33m;[39m
    [90m 12| [39m    [34mexpect[39m(s)[33m.[39m[34mtoContain[39m([32m'{report && selectedPassport && ('[39m)[33m;[39m
    [90m   | [39m              [31m^[39m
    [90m 13| [39m    expect(s).toContain('<PlainEnglishReport passportId={selectedPassp…
    [90m 14| [39m  })[33m;[39m

[31m[2m⎯⎯⎯⎯⎯⎯⎯⎯⎯⎯⎯⎯⎯⎯⎯⎯⎯⎯⎯⎯⎯[78/141]⎯[22m[39m

[41m[1m FAIL [22m[49m tests/privacy-routes-contract.test.ts[2m > [22mprivacy router is mounted in server.ts[2m > [22mmounts createPrivacyRouter at /api/privacy
[31m[1mAssertionError[22m: expected 'import express, { type NextFunction, …' to contain 'import { createPrivacyRouter } from \…'[39m

[32m- Expected[39m
[31m+ Received[39m

[32m- import [7m{ createPrivacyRouter } from './src/routes/privacy.ts';[27m[39m
[31m+ import [7mexpress, { type NextFunction, type Request, type Response } from 'express';[27m[39m
[31m+ import cors from 'cors';[39m
[31m+ import helmet from 'helmet';[39m
[31m+ import * as Sentry from '@sentry/node';[39m
[31m+ import path from 'node:path';[39m
[31m+ import { fileURLToPath } from 'node:url';[39m
[31m+ import { randomUUID } from 'node:crypto';[39m
[31m+ import { config, validateConfiguration } from './src/config.ts';[39m
[31m+ import { checkDatabaseHealth, closeDatabase, db } from './src/db/index.ts';[39m
[31m+ import { sql } from 'drizzle-orm';[39m
[31m+ import { AuthenticatedRequest, rateLimiter, requireAuth, requireRole } from './src/middleware/security.ts';[39m
[31m+ import { createAuthRouter } from './src/routes/auth.ts';[39m
[31m+ import { createConnectRouter } from './src/routes/connect.ts';[39m
[31m+ import { createIntegrationsRouter } from './src/routes/integrations.ts';[39m
[31m+ import { createLiveIntegrationsRouter } from './src/routes/integrations-live.ts';[39m
[31m+ import { createMonitoringRouter } from './src/routes/monitoring.ts';[39m
[31m+ import { createPublicConnectRouter } from './src/routes/public-connect.ts';[39m
[31m+ import { createScansRouter } from './src/routes/scans.ts';[39m
[31m+ import { createComplianceRouter } from './src/routes/compliance.ts';[39m
[31m+ import { createTrustLoopRouter } from './src/routes/trust-loop.ts';[39m
[31m+ import { createIntegrationMonitoringRouter } from './src/routes/integration-monitoring.ts';[39m
[31m+ import { createAgentApiRouter } from './src/routes/agent-api.ts';[39m
[31m+ import { createMspRouter } from './src/routes/msp.ts';[39m
[31m+ import { createAiTrustRouter } from './src/routes/ai-trust.ts';[39m
[31m+ import { createMcpTransport } from './src/mcp/transport.ts';[39m
[31m+ import { executePublicMcpTool } from './src/mcp/execute.ts';[39m
[31m+[39m
[31m+ const app = express();[39m
[31m+ const startedAt = Date.now();[39m
[31m+ const requestBodyLimit = process.env.REQUEST_BODY_LIMIT || '2mb';[39m
[31m+ const requestHeaderTimeoutMs = Number(process.env.REQUEST_HEADER_TIMEOUT_MS || 15_000);[39m
[31m+ const requestTimeoutMs = Number(process.env.REQUEST_TIMEOUT_MS || 120_000);[39m
[31m+ const keepAliveTimeoutMs = Number(process.env.KEEP_ALIVE_TIMEOUT_MS || 65_000);[39m
[31m+[39m
[31m+ async function ensureInitialSelfPassport() {[39m
[31m+   const owner = (await db.execute(sql`SELECT tenant_id AS "tenantId" FROM users WHERE role = 'Owner' ORDER BY created_at ASC LIMIT 1`)).rows?.[0] as { tenantId?: string } | undefined;[39m
[31m+   if (!owner?.tenantId) {[39m
[31m+     console.warn('[SPR] Initial self-passport skipped: no Owner tenant exists yet.');[39m
[31m+     return;[39m
[31m+   }[39m
[31m+   await db.execute(sql`[39m
[31m+     INSERT INTO passports ([39m
[31m+       id, tenant_id, name, version, publisher, category, overall_score,[39m
[31m+       security_score, compliance_score, vendor_reputation_score, release_date,[39m
[31m+       file_hash, license_type, ai_summary, sbom, evidence, vulnerabilities, timeline[39m
[31m+     ) VALUES ([39m
[31m+       'passport_spr_self', ${owner.tenantId}, 'Software Passport Registry', '1.0.0',[39m
[31m+       'SPR', 'Platform', 0, 0, 0, 0, CURRENT_DATE::text, 'not-observed',[39m
[31m+       'Unknown', 'Initial SPR self-passport. Evidence collection is pending.',[39m
[31m+       '[]', '[]', '[]', '[]'[39m
[31m+     )[39m
[31m+     ON CONFLICT (id) DO NOTHING[39m
[31m+   `);[39m
[31m+   console.info('[SPR] Initial self-passport ready.');[39m
[31m+ }[39m
[31m+[39m
[31m+ export function normalizeAllowedOrigins(origins: string[]): string[] {[39m
[31m+   return [...new Set(origins.map((origin) => new URL(origin).origin))].sort();[39m
[31m+ }[39m
[31m+[39m
[31m+ if (config.trustProxy) app.set('trust proxy', 1);[39m
[31m+ app.disable('x-powered-by');[39m
[31m+ if (config.sentry.dsn) Sentry.init({ dsn: config.sentry.dsn, environment: config.nodeEnv, tracesSampleRate: config.isProduction ? 0.1 : 1.0 });[39m
[31m+ const allowedOrigins = new Set(normalizeAllowedOrigins(config.allowedOrigins));[39m
[31m+ const appOrigin = config.appUrl ? new URL(config.appUrl).origin : undefined;[39m
[31m+ const corsOrigin = (origin: string | undefined, callback: (error: Error | null, allow?: boolean) => void) => {[39m
[31m+   if (!origin) return callback(null, true);[39m
[31m+   try {[39m
[31m+     const normalizedOrigin = new URL(origin).origin;[39m
[31m+     if (allowedOrigins.has(normalizedOrigin)) return callback(null, true);[39m
[31m+   } catch (_) {}[39m
[31m+   return callback(new Error('CORS origin denied'));[39m
[31m+ };[39m
[31m+ app.use(helmet({ contentSecurityPolicy: { useDefaults: false, directives: { defaultSrc: ["'self'"], baseUri: ["'self'"], objectSrc: ["'none'"], frameAncestors: ["'none'"], formAction: ["'self'"], scriptSrc: ["'self'"], styleSrc: ["'self'", "'unsafe-inline'"], imgSrc: ["'self'", 'data:', 'blob:', 'https:'], fontSrc: ["'self'", 'data:', 'https:'], connectSrc: ["'self'", ...(appOrigin ? [appOrigin] : [])], frameSrc: ["'self'", 'https:'], workerSrc: ["'self'", 'blob:'], manifestSrc: ["'self'"], upgradeInsecureRequests: [] } }, crossOriginEmbedderPolicy: false, frameguard: { action: 'deny' }, referrerPolicy: { policy: 'no-referrer' } }));[39m
[31m+ app.use(cors({ origin: corsOrigin, credentials: true, methods: ['GET', 'HEAD', 'POST', 'PUT', 'PATCH', 'DELETE', 'OPTIONS'], allowedHeaders: ['Authorization', 'Content-Type', 'X-Request-ID', 'X-API-Key'] }));[39m
[31m+ app.use((req, res, next) => { if (req.method === 'TRACE' || req.method === 'CONNECT') return res.status(405).json({ error: { code: 'METHOD_NOT_ALLOWED', message: 'HTTP method is not allowed.' } }); if (req.headers['content-length'] && !/^\d+$/.test(String(req.headers['content-length']))) return res.status(400).json({ error: { code: 'INVALID_CONTENT_LENGTH', message: 'Invalid Content-Length header.' } }); return next(); });[39m
[31m+ app.use(express.json({ limit: requestBodyLimit, strict: true, type: ['application/json', 'application/*+json'] }));[39m
[31m+ app.use(express.urlencoded({ extended: false, limit: requestBodyLimit }));[39m
[31m+ app.use((req, res, next) => { const supplied = req.headers['x-request-id']; const requestId = typeof supplied === 'string' && /^[A-Za-z0-9._:-]{1,100}$/.test(supplied) ? supplied : `req_${randomUUID()}`; res.setHeader('X-Request-ID', requestId); res.setHeader('Cache-Control', req.path.startsWith('/api/') ? 'no-store, max-age=0' : 'public, max-age=0, must-revalidate'); res.locals.requestId = requestId; next(); });[39m
[31m+ app.use((req, res, next) => { if (config.isProduction && config.enforceHttps && !req.secure && req.path !== '/health' && req.path !== '/ready' && req.path !== '/api/health' && req.path !== '/api/ready') { if (!appOrigin) return res.status(503).json({ error: { code: 'HTTPS_CONFIGURATION_ERROR', message: 'HTTPS redirect target is not configured.' } }); return res.redirect(308, `${appOrigin}${req.originalUrl}`); } return next(); });[39m
[31m+ app.get('/health', (_req, res) => res.status(200).json({ status: 'ok', service: 'spr-app', uptimeSeconds: Math.floor((Date.now() - startedAt) / 1000) }));[39m
[31m+ const readinessHandler = async (_req: Request, res: Response) => { const database = await checkDatabaseHealth(); const ready = database.ok; res.status(ready ? 200 : 503).json({ status: ready ? 'ready' : 'not_ready', checks: { database: database.ok ? database : { ok: false, latencyMs: database.latencyMs, error: 'DATABASE_UNAVAILABLE' } }, uptimeSeconds: Math.floor((Date.now() - startedAt) / 1000) }); };[39m
[31m+ app.get('/ready', readinessHandler);[39m
[31m+ app.get('/api/ready', readinessHandler);[39m
[31m+ app.get('/api/health', async (_req, res) => { const database = await checkDatabaseHealth(); res.status(database.ok ? 200 : 503).json({ status: database.ok ? 'ok' : 'degraded', database: database.ok ? database : { ok: false, latencyMs: database.latencyMs, error: 'DATABASE_UNAVAILABLE' } }); });[39m
[31m+ app.use('/api', rateLimiter);[39m
[31m+ app.use('/api', createAuthRouter());[39m
[31m+ app.use('/api', createPublicConnectRouter());[39m
[31m+ const connectRouter = createConnectRouter();[39m
[31m+ app.use('/api', connectRouter);[39m
[31m+ app.use('/api/connect', connectRouter);[39m
[31m+ app.use('/api/integrations/connect', connectRouter);[39m
[31m+ app.post('/api/ai/analyze-passport', requireAuth, async (req: AuthenticatedRequest, res, next) => {[39m
[31m+   try {[39m
[31m+     const passportId = typeof req.body?.passportId === 'string' ? req.body.passportId.trim() : '';[39m
[31m+     if (!passportId) return res.status(400).json({ error: { code: 'PASSPORT_ID_REQUIRED', message: 'passportId is required.' } });[39m
[31m+     const db = req.db!;[39m
[31m+     const result = await db.execute(sql`[39m
[31m+       SELECT name, version, publisher, overall_score AS "overallScore",[39m
[31m+              jsonb_array_length(COALESCE(NULLIF(evidence, '')::jsonb, '[]'::jsonb)) AS "evidenceCount",[39m
[31m+              jsonb_array_length(COALESCE(NULLIF(vulnerabilities, '')::jsonb, '[]'::jsonb)) AS "findingCount"[39m
[31m+       FROM passports[39m
[31m+       WHERE id = ${passportId} AND tenant_id = ${req.user!.tenantId}[39m
[31m+       LIMIT 1[39m
[31m+     `);[39m
[31m+     const passport = (result.rows?.[0] ?? null) as {[39m
[31m+       name?: string; version?: string; publisher?: string; overallScore?: number | null;[39m
[31m+       evidenceCount?: number; findingCount?: number;[39m
[31m+     } | null;[39m
[31m+     if (!passport) return res.status(404).json({ error: { code: 'PASSPORT_NOT_FOUND', message: 'Passport not found.' } });[39m
[31m+     const status = passport.overallScore == null ? 'not verified' : `score ${passport.overallScore}`;[39m
[31m+     return res.json({ passportId, analysis: `${passport.name ?? 'Passport'} ${passport.version ?? ''} by ${passport.publisher ?? 'unknown publisher'} is ${status}. Evidence records: ${passport.evidenceCount ?? 0}. Findings: ${passport.findingCount ?? 0}. Authoritative verification requires durable backend evidence.` });[39m
[31m+   } catch (error) { return next(error); }[39m
[31m+ });[39m
[31m+ app.use('/api/integrations', createIntegrationsRouter());[39m
[31m+ app.use('/api/integrations-live', createLiveIntegrationsRouter());[39m
[31m+ const requireTrustMutationRole = (req: Request, res: Response, next: NextFunction) => { if (['GET', 'HEAD', 'OPTIONS'].includes(req.method)) return next(); return requireRole(['Owner', 'Admin', 'Operator', 'Technician'])(req as AuthenticatedRequest, res, next); };[39m
[31m+ app.use('/api/trust-loop', requireAuth, requireTrustMutationRole);[39m
[31m+ app.use('/api/trust-loop', createTrustLoopRouter());[39m
[31m+ app.use('/api/integration-monitoring', createIntegrationMonitoringRouter());[39m
[31m+ app.use('/api/monitoring', createMonitoringRouter());[39m
[31m+ app.use('/api/agent/v1', createAgentApiRouter());[39m
[31m+ app.use('/api/msp', requireAuth, createMspRouter());[39m
[31m+ app.use('/api/ai-trust', requireAuth, createAiTrustRouter());[39m
[31m+[39m
[31m+ const mcpBearer = process.env.SPR_MCP_BEARER_TOKEN;[39m
[31m+ if (mcpBearer) {[39m
[31m+   const mcpTransport = createMcpTransport({ expectedBearer: mcpBearer, executeTool: async (tool, args) => executePublicMcpTool(tool, args) });[39m
[31m+   app.post('/mcp', async (req, res) => { const response = await mcpTransport(new Request(`${config.appUrl || 'https://localhost'}/mcp`, { method: 'POST', headers: req.headers as Record<string, string>, body: JSON.stringify(req.body) })); res.status(response.status); response.headers.forEach((value, key) => res.setHeader(key, value)); res.send(Buffer.from(await response.arrayBuffer())); });[39m
[31m+ }[39m
[31m+[39m
[31m+ app.use('/api', createScansRouter());[39m
[31m+ app.use('/api/compliance', createComplianceRouter());[39m
[31m+ const publicDir = __dirname;[39m
[31m+ app.use(express.static(publicDir, { index: false, maxAge: config.isProduction ? '1y' : 0 }));[39m
[31m+ app.get('/*splat', (req, res, next) => { if (req.path.startsWith('/api/') || req.path === '/mcp') return next(); return res.sendFile(path.join(publicDir, 'index.html'), error => error ? next(error) : undefined); });[39m
[31m+ app.use((req, res, next) => { if (req.path.startsWith('/api/') || req.path === '/mcp') return res.status(404).json({ error: 'Route not found.', code: 'NOT_FOUND', requestId: res.locals.requestId }); return next(); });[39m
[31m+ app.use((err: any, req: Request, res: Response, next: NextFunction) => { if (res.headersSent) return next(err); const requestId = res.locals.requestId || `req_${randomUUID()}`; const status = Number.isInteger(err?.status) && err.status >= 400 && err.status < 600 ? err.status : 500; console.error('[HTTP_ERROR]', { requestId, status, method: req.method, path: req.path, message: err?.message || String(err) }); if (config.sentry.dsn) Sentry.captureException(err, { tags: { requestId } }); return res.status(status).json({ error: { code: status === 500 ? 'INTERNAL_SERVER_ERROR' : 'REQUEST_FAILED', message: status === 500 ? 'An unexpected server error occurred.' : err?.message || 'Request failed.', requestId } }); });[39m
[31m+ let server: ReturnType<typeof app.listen> | undefined; let shuttingDown = false;[39m
[31m+[39m
[31m+ export function rejectConnectTunnels<T extends ReturnType<typeof app.listen>>(httpServer: T): T {[39m
[31m+   httpServer.on('connect', (_request, socket) => {[39m
[31m+     socket.end('HTTP/1.1 405 Method Not Allowed\r\nConnection: close\r\nContent-Length: 0\r\n\r\n');[39m
[31m+   });[39m
[31m+   return httpServer;[39m
[31m+ }[39m
[31m+[39m
[31m+ async function shutdown(signal: string) { if (shuttingDown) return; shuttingDown = true; console.info(`[SPR] ${signal} received; shutting down gracefully.`); const forceTimer = setTimeout(() => process.exit(1), 15_000); forceTimer.unref(); if (server) await new Promise<void>(resolve => server!.close(() => resolve())); await closeDatabase().catch(error => console.error('[SPR] Database shutdown error:', error)); if (config.sentry.dsn) await Sentry.close(2_000).catch(() => undefined); clearTimeout(forceTimer); process.exit(0); }[39m
[31m+ export async function startServer() {[39m
[31m+   validateConfiguration();[39m
[31m+   try { await ensureInitialSelfPassport(); } catch (error) { console.error('[SPR] Initial self-passport bootstrap failed; continuing startup. /ready will report the database as unavailable.', error); }[39m
[31m+   const host = process.env.HOST || '0.0.0.0'; server = app.listen(config.port, host, () => console.info(`[SPR] listening on http://${host}:${config.port}`)); server.requestTimeout = Number.isFinite(requestTimeoutMs) && requestTimeoutMs > 0 ? requestTimeoutMs : 120_000; server.headersTimeout = Number.isFinite(requestHeaderTimeoutMs) && requestHeaderTimeoutMs > 0 ? requestHeaderTimeoutMs : 15_000; server.keepAliveTimeout = Number.isFinite(keepAliveTimeoutMs) && keepAliveTimeoutMs > 0 ? keepAliveTimeoutMs : 65_000; rejectConnectTunnels(server); return server; }[39m
[31m+ process.once('SIGTERM', () => void shutdown('SIGTERM')); process.once('SIGINT', () => void shutdown('SIGINT')); process.on('unhandledRejection', reason => console.error('[SPR] Unhandled rejection:', reason)); process.on('uncaughtException', error => { console.error('[SPR] Uncaught exception:', error); void shutdown('uncaughtException'); });[39m
[31m+ if (process.env.SPR_SKIP_AUTOSTART !== 'true') void startServer().catch(error => { console.error('[SPR] Startup failed:', error); process.exit(1); });[39m
[31m+ export { app };[39m
[31m+[39m

[36m [2m❯[22m tests/privacy-routes-contract.test.ts:[2m38:15[22m[39m
    [90m 36| [39m  [34mit[39m([32m'mounts createPrivacyRouter at /api/privacy'[39m[33m,[39m () [33m=>[39m {
    [90m 37| [39m    [35mconst[39m s [33m=[39m [34mread[39m([32m'server.ts'[39m)[33m;[39m
    [90m 38| [39m    expect(s).toContain("import { createPrivacyRouter } from './src/ro…
    [90m   | [39m              [31m^[39m
    [90m 39| [39m    expect(s).toContain("app.use('/api/privacy', createPrivacyRouter()…
    [90m 40| [39m  })[33m;[39m

[31m[2m⎯⎯⎯⎯⎯⎯⎯⎯⎯⎯⎯⎯⎯⎯⎯⎯⎯⎯⎯⎯⎯[79/141]⎯[22m[39m

[41m[1m FAIL [22m[49m tests/privacy-ui-contract.test.ts[2m > [22mPrivacy UI: zero dead controls[2m > [22mPrivacyView is actually mounted in App.tsx and CommandCenter.tsx -- the nav item is not a dead route
[31m[1mAssertionError[22m: expected 'import { useEffect, useMemo, useState…' to contain 'import PrivacyView from \'./component…'[39m

[32m- Expected[39m
[31m+ Received[39m

[32m- import [7mPrivacyView from './components/PrivacyView';[27m[39m
[31m+ import [7m{ useEffect, useMemo, useState, type ReactNode } from 'react';[27m[39m
[31m+ import { getRedirectResult, onAuthStateChanged, signOut, type User } from 'firebase/auth';[39m
[31m+ import type { Alert, Client, Integration, Scan, SoftwarePassport, Vendor } from './types';[39m
[31m+ import type { VerificationDecision } from './lib/verification/evaluateVerification.ts';[39m
[31m+ import { apiFetch } from './utils/apiClient';[39m
[31m+ import { auth } from './lib/firebase';[39m
[31m+ import CommandCenter from './components/CommandCenter';[39m
[31m+ import ExtensionWorkflow from './components/ExtensionWorkflow';[39m
[31m+ import ExtensionMarketplace from './components/ExtensionMarketplace';[39m
[31m+ import LoginView from './components/LoginView';[39m
[31m+ import EvidenceDashboardView from './components/EvidenceDashboardView';[39m
[31m+ import EvidenceExplorerView from './components/EvidenceExplorerView';[39m
[31m+ import AITrustCenterView from './components/AITrustCenterView';[39m
[31m+ import CoverageView from './components/CoverageView';[39m
[31m+ import AssetsView from './components/AssetsView';[39m
[31m+ import PassportsView from './components/PassportsView';[39m
[31m+ import ScansView from './components/ScansView';[39m
[31m+ import AlertsView from './components/AlertsView';[39m
[31m+ import ClientsView from './components/ClientsView';[39m
[31m+ import VendorsView from './components/VendorsView';[39m
[31m+ import IntegrationsView from './components/IntegrationsView';[39m
[31m+ import BillingView from './components/BillingView';[39m
[31m+ import ComplianceView from './components/ComplianceView';[39m
[31m+ import AgentTrustView from './components/AgentTrustView';[39m
[31m+ import EnterpriseReadinessView from './components/EnterpriseReadinessView';[39m
[31m+ import FounderDashboardView from './components/FounderDashboardView';[39m
[31m+ import InvestorHomeView from './components/InvestorHomeView';[39m
[31m+ import SettingsView from './components/SettingsView';[39m
[31m+ import TeamView from './components/TeamView';[39m
[31m+ import AuditLogView from './components/AuditLogView';[39m
[31m+ import MonitoringView from './components/MonitoringView';[39m
[31m+ import SecurityCenterView from './components/SecurityCenterView';[39m
[31m+ import MSPCommandCenter from './components/MSPCommandCenter';[39m
[31m+ import ReportsView from './components/ReportsView';[39m
[31m+ import TrustGraphView from './components/TrustGraphView';[39m
[31m+ import { EXTENSIONS } from './workflows/extensionRegistry';[39m
[31m+ const PUBLIC_PATHS = new Set(['/','/login','/free-review','/pricing']);[39m
[31m+ const EMPTY_CLIENTS: Client[] = []; const EMPTY_PASSPORTS: SoftwarePassport[] = []; const EMPTY_VENDORS: Vendor[] = []; const EMPTY_INTEGRATIONS: Integration[] = []; const EMPTY_SCANS: Scan[] = []; const EMPTY_ALERTS: Alert[] = [];[39m
[31m+ function deriveAlertStatus(remediationStatus: string | null | undefined, findingStatus: string | null | undefined): Alert['status'] { switch (remediationStatus) { case 'IN_PROGRESS': case 'READY_FOR_VERIFICATION': return 'Acknowledged'; case 'BLOCKED': return 'Snoozed'; case 'VERIFIED': case 'CLOSED': return 'Resolved'; case 'CANCELLED': return 'Cancelled'; case 'OPEN': return 'Active'; default: return String(findingStatus || '').toLowerCase() === 'resolved' ? 'Resolved' : 'Active'; } }[39m
[31m+ function navigate(path: string) { window.history.pushState({}, '', path); window.dispatchEvent(new PopStateEvent('popstate')); }[39m
[31m+ function usePath() { const [path, setPath] = useState(() => window.location.pathname || '/'); useEffect(() => { const update = () => setPath(window.location.pathname || '/'); window.addEventListener('popstate', update); return () => window.removeEventListener('popstate', update); }, []); return path; }[39m
[31m+ function AuthLoading() { return <div className="grid min-h-screen place-items-center bg-[#faf9f8] text-[#201f1e]"><div className="text-center"><div className="mx-auto grid h-10 w-10 place-items-center rounded bg-[#0f6cbd] text-xs font-bold text-white">S</div><div className="mt-4 text-[11px] font-semibold uppercase tracking-wide text-[#605e5c]">Securing workspace</div><div className="mt-1 text-[12px] text-[#8a8886]">Checking authenticated session…</div></div></div>; }[39m
[31m+ function CoverPage() { return <div className="min-h-screen bg-[#faf9f8] text-[#201f1e]"><div className="mx-auto flex min-h-screen max-w-5xl items-center px-6 py-16"><div className="max-w-3xl"><div className="mb-5 inline-flex items-center gap-1.5 rounded border border-[#e1dfdd] bg-white px-2.5 py-1 text-[11px] font-semibold uppercase tracking-wide text-[#605e5c]">Evidence-first software trust</div><h1 className="text-[28px] font-semibold tracking-tight md:text-[34px]">Software trust, operated as a system.</h1><p className="mt-4 max-w-2xl text-[14px] leading-6 text-[#605e5c]">Software Passport Registry turns software identity, security, provenance, reliability, compliance, and evidence into repeatable workflows for teams, buyers, and managed service providers.</p><div className="mt-6 flex flex-wrap gap-2"><button onClick={() => navigate('/login')} className="h-9 rounded bg-[#0f6cbd] px-4 text-[13px] font-semibold text-white hover:bg-[#004578]">Enter SPR</button><button onClick={() => navigate('/free-review')} className="h-9 rounded border border-[#c8c6c4] bg-white px-4 text-[13px] font-medium text-[#323130] hover:bg-black/[.03]">Free review</button></div></div></div></div>; }[39m
[31m+ function PublicPage({ title, description, action, onAction }: { title: string; description: string; action: string; onAction: () => void }) { return <div className="grid min-h-screen place-items-center bg-[#faf9f8] px-6 text-[#201f1e]"><div className="max-w-md rounded-md border border-[#e1dfdd] bg-white p-6 text-center"><div className="text-[11px] font-semibold uppercase tracking-wide text-[#605e5c]">Software Passport Registry</div><h1 className="mt-2 text-[20px] font-semibold">{title}</h1><p className="mt-2 text-[13px] leading-5 text-[#605e5c]">{description}</p><button onClick={onAction} className="mt-5 h-9 rounded bg-[#0f6cbd] px-4 text-[13px] font-semibold text-white hover:bg-[#004578]">{action}</button></div></div>; }[39m
[31m+ function WorkflowBoundary({ title, description, extensionId, onNavigate }: { title: string; description: string; extensionId?: string; onNavigate: (path: string) => void }) { const extension = extensionId ? EXTENSIONS.find((item) => item.id === extensionId) : undefined; return <section><div className="rounded-md border border-[#e1dfdd] bg-white p-5"><div className="text-[11px] font-semibold uppercase tracking-wide text-[#605e5c]">Workflow boundary</div><h1 className="mt-1.5 text-[20px] font-semibold tracking-tight">{title}</h1><p className="mt-2 max-w-2xl text-[13px] leading-5 text-[#605e5c]">{description}</p>{extension && <button onClick={() => onNavigate(extension.entryPath)} className="mt-4 h-8 rounded bg-[#0f6cbd] px-3 text-[12px] font-semibold text-white hover:bg-[#004578]">Open {extension.name} →</button>}</div></section>; }[39m
[31m+ export default function App() {[39m
[31m+  const path=usePath(); const [authReady,setAuthReady]=useState(false); const [user,setUser]=useState<User|null>(null); const [role,setRole]=useState('Viewer'); const [selectedClientId,setSelectedClientId]=useState(''); const [selectedPassportId,setSelectedPassportId]=useState<string|null>(null); const [assets,setAssets]=useState<any[]>([]); const [clients,setClients]=useState<Client[]>(EMPTY_CLIENTS); const [passports,setPassports]=useState<SoftwarePassport[]>(EMPTY_PASSPORTS); const [vendors,setVendors]=useState<Vendor[]>(EMPTY_VENDORS); const [alerts,setAlerts]=useState<Alert[]>(EMPTY_ALERTS); const [findings,setFindings]=useState<unknown[]>([]); const [scans,setScans]=useState<Scan[]>(EMPTY_SCANS); const [integrations,setIntegrations]=useState<Integration[]>(EMPTY_INTEGRATIONS); const [theme,setTheme]=useState<'light'|'dark'>('dark'); const [verificationDecisions,setVerificationDecisions]=useState<Record<string,VerificationDecision>>({}); const [verificationDetails,setVerificationDetails]=useState<Record<string,unknown>>({});[39m
[31m+  useEffect(()=>{let mounted=true;let redirectSettled=false;let observedUser:User|null=null;const timeoutId=window.setTimeout(()=>{if(mounted)setAuthReady(true)},10000);const unsubscribe=onAuthStateChanged(auth,(currentUser)=>{if(!mounted)return;observedUser=currentUser;if(!redirectSettled)return;setUser(currentUser);setAuthReady(true);window.clearTimeout(timeoutId)},()=>{if(mounted){setAuthReady(true);window.clearTimeout(timeoutId)}});void getRedirectResult(auth).then(result=>{redirectSettled=true;if(mounted)setUser(result?.user||observedUser);if(mounted)setAuthReady(true);window.clearTimeout(timeoutId)}).catch(error=>{redirectSettled=true;console.error('[Firebase redirect sign-in error]',error);if(mounted)setUser(observedUser);if(mounted)setAuthReady(true);window.clearTimeout(timeoutId)});return()=>{mounted=false;window.clearTimeout(timeoutId);unsubscribe()}},[]);[39m
[31m+  useEffect(()=>{if(authReady&&!user&&!PUBLIC_PATHS.has(path))navigate('/login')},[authReady,user,path]);[39m
[31m+  useEffect(()=>{if(!user)return;let cancelled=false;const load=async()=>{const responses=await Promise.all([apiFetch('/api/user/me'),apiFetch('/api/scans'),apiFetch('/api/trust-loop/findings'),apiFetch('/api/user/passports'),apiFetch('/api/user/clients'),apiFetch('/api/integrations'),apiFetch('/api/user/verification')]);if(responses.some(r=>r.status===401)){await signOut(auth);navigate('/login');return}const [me,scansResponse,findingsResponse,passportsResponse,clientsResponse,integrationsResponse,verificationResponse]=responses;if(verificationResponse.ok){const data=await verificationResponse.json().catch(()=>null);if(!cancelled){setVerificationDecisions(data?.verificationDecisions&&typeof data.verificationDecisions==='object'?data.verificationDecisions:{});setVerificationDetails(data?.verificationDetails&&typeof data.verificationDetails==='object'?data.verificationDetails:{})}}else if(!cancelled){setVerificationDecisions({});setVerificationDetails({})}if(me.ok){const data=await me.json().catch(()=>null);if(!cancelled)setRole(String(data?.role||'Viewer'))}if(scansResponse.ok){const data=await scansResponse.json().catch(()=>[]);if(!cancelled&&Array.isArray(data))setScans(data)}if(findingsResponse.ok){const data=await findingsResponse.json().catch(()=>[]);const rows=Array.isArray(data)?data:data?.findings;if(!cancelled&&Array.isArray(rows)){setFindings(rows);setAlerts(rows.map((row:any)=>({id:String(row.id),title:String(row.title||row.control_id||'Trust finding'),severity:String(row.severity||'Low').replace(/^./,(s:string)=>s.toUpperCase()),category:'Trust finding',clientName:String(row.client_id||'Tenant'),description:String(row.description||'Evidence-backed finding'),timestamp:String(row.updated_at||''),status:deriveAlertStatus(row.remediation_status,row.status),remediationId:row.remediation_id?String(row.remediation_id):null,ownerDisplay:row.remediation_owner_display||null,slaDueAt:row.remediation_sla_due_at||null})) as Alert[])}}if(passportsResponse.ok){const data=await passportsResponse.json().catch(()=>[]);const rows=Array.isArray(data)?data:data?.passports;if(!cancelled&&Array.isArray(rows)){const normalized=rows.map((row:any)=>({...row,id:String(row.id),name:String(row.name||'Unnamed software'),version:String(row.version||'unknown'),publisher:String(row.publisher||'unknown'),clientId:row.clientId?String(row.clientId):undefined,evidence:Array.isArray(row.evidence)?row.evidence:[],vulnerabilities:Array.isArray(row.vulnerabilities)?row.vulnerabilities:[],timeline:Array.isArray(row.timeline)?row.timeline:[],sbom:Array.isArray(row.sbom)?row.sbom:[],scores:null,scoreStatus:row.scoreStatus||'not_authoritatively_scored'})) as SoftwarePassport[];setPassports(normalized);setAssets(normalized.map((passport:any)=>({id:passport.id,name:passport.name,hostName:passport.name,type:passport.category||'software',clientId:passport.clientId,clientName:String(passport.clientId||'Unobserved'),environment:String(passport.environment||'Unobserved'),version:passport.version})));setVendors(EMPTY_VENDORS)}}if(clientsResponse.ok){const data=await clientsResponse.json().catch(()=>[]);const rows=Array.isArray(data)?data:data?.clients;if(!cancelled&&Array.isArray(rows))setClients(rows.map((row:any)=>({...row,id:String(row.id),name:String(row.name||row.company_name||'Unnamed client')})) as Client[])}if(integrationsResponse.ok){const data=await integrationsResponse.json().catch(()=>[]);if(!cancelled&&Array.isArray(data))setIntegrations(data)}};void load().catch(error=>console.warn('[SPR command center load]',error));return()=>{cancelled=true}},[user]);[39m
[31m+  useEffect(()=>{const refresh=()=>{if(user)window.location.reload()};window.addEventListener('refresh-data',refresh);return()=>window.removeEventListener('refresh-data',refresh)},[user]);[39m
[31m+  const onNavigateTab=(target:string,itemId?:string)=>navigate(itemId?`${target.startsWith('/')?target:`/${target}`}/${encodeURIComponent(itemId)}`:target.startsWith('/')?target:`/${target}`); const quickAction=(action:'add-client'|'register-passport'|'scan-sbom')=>navigate(action==='add-client'?'/clients':action==='register-passport'?'/passports':'/scans');[39m
[31m+  const performAlertAction=async(alert:Alert,action:'acknowledge'|'assign'|'resolve'|'escalate'|'snooze'|'reopen',assigneeDisplay?:string)=>{let remediationId=alert.remediationId;if(!remediationId){const created=await apiFetch('/api/trust-loop/remediations',{method:'POST',headers:{'Content-Type':'application/json'},body:JSON.stringify({findingId:alert.id,title:alert.title,description:alert.description,priority:alert.severity.toUpperCase()})});if(!created.ok)return;const createdBody=await created.json().catch(()=>null);remediationId=createdBody?.id?String(createdBody.id):undefined;if(!remediationId)return}const patchBody:Record<string,unknown>={acknowledge:{status:'IN_PROGRESS'},resolve:{status:'CLOSED'},snooze:{status:'BLOCKED'},reopen:{status:'OPEN'},escalate:{status:'IN_PROGRESS',slaDueAt:new Date(Date.now()+4*3600*1000).toISOString()},assign:{status:'IN_PROGRESS',ownerDisplay:assigneeDisplay||''}}[action];const response=await apiFetch(`/api/trust-loop/remediations/${encodeURIComponent(remediationId)}`,{method:'PATCH',headers:{'Content-Type':'application/json'},body:JSON.stringify(patchBody)});if(!response.ok)return;const updated=await response.json().catch(()=>null);setAlerts(current=>current.map(item=>item.id===alert.id?{...item,remediationId,status:deriveAlertStatus(updated?.status??String(patchBody.status),null),ownerDisplay:updated?.owner_display??(patchBody.ownerDisplay as string|undefined)??item.ownerDisplay,slaDueAt:updated?.sla_due_at??(patchBody.slaDueAt as string|undefined)??item.slaDueAt}:item))};[39m
[31m+  const selectedExtension=useMemo(()=>{const match=path.match(/^\/extensions\/([^/]+)/);return match?decodeURIComponent(match[1]):null},[path]);const signOutUser=async()=>{await signOut(auth);navigate('/login')};[39m
[31m+  if(!authReady)return <AuthLoading/>;if(path==='/')return <CoverPage/>;if(path==='/login')return user?<AuthLoading/>:<LoginView onLoginSuccess={()=>navigate('/dashboard')}/>;if(!user&&path==='/free-review')return <PublicPage title="Free software review" description="Start an evidence-first review from the public entry point." action="Sign in to continue" onAction={()=>navigate('/login')}/>;if(!user&&path==='/pricing')return <PublicPage title="SPR plans" description="Account and billing capabilities are available inside the authenticated workspace." action="Enter SPR" onAction={()=>navigate('/login')}/>;if(!user)return <AuthLoading/>;[39m
[31m+  let view:ReactNode;if(selectedExtension)view=<ExtensionWorkflow id={selectedExtension} onNavigate={navigate}/>;else switch(path){case '/dashboard':view=<EvidenceDashboardView clients={clients} alerts={alerts} scans={scans} passports={passports} findings={findings} onNavigateTab={onNavigateTab} onOpenQuickAction={quickAction}/>;break;case '/coverage':view=<CoverageView clients={clients} scans={scans} passports={passports} onNavigateTab={onNavigateTab}/>;break;case '/evidence-explorer':view=<EvidenceExplorerView passports={passports}/>;break;case '/assets':view=<AssetsView clients={clients} searchQuery="" assets={assets}/>;break;case '/passports':case '/registry':view=<PassportsView verificationDecisions={verificationDecisions} verificationDetails={verificationDetails} passports={passports} selectedPassportId={selectedPassportId} setSelectedPassportId={setSelectedPassportId} searchQuery="" clients={clients} assets={assets} role={role} onNavigateTab={onNavigateTab} onUpdatePassport={passport=>setPassports(current=>current.map(item=>item.id===passport.id?passport:item))}/>;break;case '/scans':view=<ScansView scans={scans} clients={clients} assets={assets} passports={passports} role={role} onTriggerNewScan={scan=>setScans(current=>[scan,...current.filter(item=>item.id!==scan.id)].slice(0,100))}/>;break;case '/alerts':view=<AlertsView alerts={alerts} onAlertAction={performAlertAction}/>;break;case '/reports':view=<ReportsView clients={clients} passports={passports} scans={scans} alerts={alerts} findings={findings} role={role}/>;break;case '/trust-graph':view=<TrustGraphView clients={clients} passports={passports} assets={assets} findings={findings}/>;/* onSelectPassport={setSelectedPassportId} */break;case '/clients':view=<ClientsView clients={clients} selectedClientId={selectedClientId} setSelectedClientId={setSelectedClientId} passports={passports} onNavigateTab={onNavigateTab} searchQuery=""/>;break;case '/vendors':view=<VendorsView vendors={vendors} searchQuery=""/>;break;case '/integrations':view=<IntegrationsView passports={passports} onNavigateTab={onNavigateTab}/>;break;case '/monitoring':view=<MonitoringView role={role}/>;break;case '/security':view=<SecurityCenterView clients={clients} passports={passports}/>;break;case '/compliance':view=<ComplianceView clients={clients} role={role}/>;break;case '/msp':view=<MSPCommandCenter verificationDecisions={verificationDecisions} verificationDetails={verificationDetails} clients={clients} alerts={alerts} findings={findings} role={role} onSelectClient={setSelectedClientId} onNavigate={navigate}/>;break;case '/agent-trust':view=<AgentTrustView/>;break;case '/ai-trust-center':view=<AITrustCenterView role={role}/>;break;case '/enterprise-readiness':view=<EnterpriseReadinessView clients={clients}/>;break;case '/investor':view=<InvestorHomeView passports={passports} clients={clients} alerts={alerts} onShowTelemetry={()=>navigate('/scans')} onNavigateTab={onNavigateTab}/>;break;case '/founder':view=<FounderDashboardView userRole={role}/>;break;case '/billing':view=<BillingView/>;break;case '/settings':view=<SettingsView theme={theme} onToggleTheme={()=>setTheme(current=>current==='dark'?'light':'dark')}/>;break;case '/team':view=<TeamView role={role}/>;break;case '/audit-log':view=<AuditLogView/>;break;case '/extensions':view=<ExtensionMarketplace onNavigateTab={onNavigateTab} role={role}/>;break;default:view=<WorkflowBoundary title="Workflow" description="This authenticated capability is explicitly routed through the Command Center. Choose its owning workflow from the left rail." onNavigate={navigate}/>}[39m
[31m+  return <CommandCenter path={path} userEmail={user.email} role={role} onNavigate={navigate} onSignOut={()=>void signOutUser()}>{view}</CommandCenter>;[39m
[31m+ }[39m
[31m+[39m

[36m [2m❯[22m tests/privacy-ui-contract.test.ts:[2m40:17[22m[39m
    [90m 38| [39m  it('PrivacyView is actually mounted in App.tsx and CommandCenter.tsx…
    [90m 39| [39m    [35mconst[39m app [33m=[39m [34mread[39m([32m'src/App.tsx'[39m)[33m;[39m
    [90m 40| [39m    expect(app).toContain("import PrivacyView from './components/Priva…
    [90m   | [39m                [31m^[39m
    [90m 41| [39m    expect(app).toContain("case '/privacy': view = <PrivacyView role={…
    [90m 42| [39m    [35mconst[39m nav [33m=[39m [34mread[39m([32m'src/components/CommandCenter.tsx'[39m)[33m;[39m

[31m[2m⎯⎯⎯⎯⎯⎯⎯⎯⎯⎯⎯⎯⎯⎯⎯⎯⎯⎯⎯⎯⎯[80/141]⎯[22m[39m

[41m[1m FAIL [22m[49m tests/public-homepage-demo.test.ts[2m > [22mrouting keeps the public boundary explicit[2m > [22madds only the exact /passport/demo path to the public set
[31m[1mAssertionError[22m: expected 'import { useEffect, useMemo, useState…' to contain '\'/passport/demo\''[39m

[32m- Expected[39m
[31m+ Received[39m

[32m- '/passport/demo'[39m
[31m+ import { useEffect, useMemo, useState, type ReactNode } from 'react';[39m
[31m+ import { getRedirectResult, onAuthStateChanged, signOut, type User } from 'firebase/auth';[39m
[31m+ import type { Alert, Client, Integration, Scan, SoftwarePassport, Vendor } from './types';[39m
[31m+ import type { VerificationDecision } from './lib/verification/evaluateVerification.ts';[39m
[31m+ import { apiFetch } from './utils/apiClient';[39m
[31m+ import { auth } from './lib/firebase';[39m
[31m+ import CommandCenter from './components/CommandCenter';[39m
[31m+ import ExtensionWorkflow from './components/ExtensionWorkflow';[39m
[31m+ import ExtensionMarketplace from './components/ExtensionMarketplace';[39m
[31m+ import LoginView from './components/LoginView';[39m
[31m+ import EvidenceDashboardView from './components/EvidenceDashboardView';[39m
[31m+ import EvidenceExplorerView from './components/EvidenceExplorerView';[39m
[31m+ import AITrustCenterView from './components/AITrustCenterView';[39m
[31m+ import CoverageView from './components/CoverageView';[39m
[31m+ import AssetsView from './components/AssetsView';[39m
[31m+ import PassportsView from './components/PassportsView';[39m
[31m+ import ScansView from './components/ScansView';[39m
[31m+ import AlertsView from './components/AlertsView';[39m
[31m+ import ClientsView from './components/ClientsView';[39m
[31m+ import VendorsView from './components/VendorsView';[39m
[31m+ import IntegrationsView from './components/IntegrationsView';[39m
[31m+ import BillingView from './components/BillingView';[39m
[31m+ import ComplianceView from './components/ComplianceView';[39m
[31m+ import AgentTrustView from './components/AgentTrustView';[39m
[31m+ import EnterpriseReadinessView from './components/EnterpriseReadinessView';[39m
[31m+ import FounderDashboardView from './components/FounderDashboardView';[39m
[31m+ import InvestorHomeView from './components/InvestorHomeView';[39m
[31m+ import SettingsView from './components/SettingsView';[39m
[31m+ import TeamView from './components/TeamView';[39m
[31m+ import AuditLogView from './components/AuditLogView';[39m
[31m+ import MonitoringView from './components/MonitoringView';[39m
[31m+ import SecurityCenterView from './components/SecurityCenterView';[39m
[31m+ import MSPCommandCenter from './components/MSPCommandCenter';[39m
[31m+ import ReportsView from './components/ReportsView';[39m
[31m+ import TrustGraphView from './components/TrustGraphView';[39m
[31m+ import { EXTENSIONS } from './workflows/extensionRegistry';[39m
[31m+ const PUBLIC_PATHS = new Set(['/','/login','/free-review','/pricing']);[39m
[31m+ const EMPTY_CLIENTS: Client[] = []; const EMPTY_PASSPORTS: SoftwarePassport[] = []; const EMPTY_VENDORS: Vendor[] = []; const EMPTY_INTEGRATIONS: Integration[] = []; const EMPTY_SCANS: Scan[] = []; const EMPTY_ALERTS: Alert[] = [];[39m
[31m+ function deriveAlertStatus(remediationStatus: string | null | undefined, findingStatus: string | null | undefined): Alert['status'] { switch (remediationStatus) { case 'IN_PROGRESS': case 'READY_FOR_VERIFICATION': return 'Acknowledged'; case 'BLOCKED': return 'Snoozed'; case 'VERIFIED': case 'CLOSED': return 'Resolved'; case 'CANCELLED': return 'Cancelled'; case 'OPEN': return 'Active'; default: return String(findingStatus || '').toLowerCase() === 'resolved' ? 'Resolved' : 'Active'; } }[39m
[31m+ function navigate(path: string) { window.history.pushState({}, '', path); window.dispatchEvent(new PopStateEvent('popstate')); }[39m
[31m+ function usePath() { const [path, setPath] = useState(() => window.location.pathname || '/'); useEffect(() => { const update = () => setPath(window.location.pathname || '/'); window.addEventListener('popstate', update); return () => window.removeEventListener('popstate', update); }, []); return path; }[39m
[31m+ function AuthLoading() { return <div className="grid min-h-screen place-items-center bg-[#faf9f8] text-[#201f1e]"><div className="text-center"><div className="mx-auto grid h-10 w-10 place-items-center rounded bg-[#0f6cbd] text-xs font-bold text-white">S</div><div className="mt-4 text-[11px] font-semibold uppercase tracking-wide text-[#605e5c]">Securing workspace</div><div className="mt-1 text-[12px] text-[#8a8886]">Checking authenticated session…</div></div></div>; }[39m
[31m+ function CoverPage() { return <div className="min-h-screen bg-[#faf9f8] text-[#201f1e]"><div className="mx-auto flex min-h-screen max-w-5xl items-center px-6 py-16"><div className="max-w-3xl"><div className="mb-5 inline-flex items-center gap-1.5 rounded border border-[#e1dfdd] bg-white px-2.5 py-1 text-[11px] font-semibold uppercase tracking-wide text-[#605e5c]">Evidence-first software trust</div><h1 className="text-[28px] font-semibold tracking-tight md:text-[34px]">Software trust, operated as a system.</h1><p className="mt-4 max-w-2xl text-[14px] leading-6 text-[#605e5c]">Software Passport Registry turns software identity, security, provenance, reliability, compliance, and evidence into repeatable workflows for teams, buyers, and managed service providers.</p><div className="mt-6 flex flex-wrap gap-2"><button onClick={() => navigate('/login')} className="h-9 rounded bg-[#0f6cbd] px-4 text-[13px] font-semibold text-white hover:bg-[#004578]">Enter SPR</button><button onClick={() => navigate('/free-review')} className="h-9 rounded border border-[#c8c6c4] bg-white px-4 text-[13px] font-medium text-[#323130] hover:bg-black/[.03]">Free review</button></div></div></div></div>; }[39m
[31m+ function PublicPage({ title, description, action, onAction }: { title: string; description: string; action: string; onAction: () => void }) { return <div className="grid min-h-screen place-items-center bg-[#faf9f8] px-6 text-[#201f1e]"><div className="max-w-md rounded-md border border-[#e1dfdd] bg-white p-6 text-center"><div className="text-[11px] font-semibold uppercase tracking-wide text-[#605e5c]">Software Passport Registry</div><h1 className="mt-2 text-[20px] font-semibold">{title}</h1><p className="mt-2 text-[13px] leading-5 text-[#605e5c]">{description}</p><button onClick={onAction} className="mt-5 h-9 rounded bg-[#0f6cbd] px-4 text-[13px] font-semibold text-white hover:bg-[#004578]">{action}</button></div></div>; }[39m
[31m+ function WorkflowBoundary({ title, description, extensionId, onNavigate }: { title: string; description: string; extensionId?: string; onNavigate: (path: string) => void }) { const extension = extensionId ? EXTENSIONS.find((item) => item.id === extensionId) : undefined; return <section><div className="rounded-md border border-[#e1dfdd] bg-white p-5"><div className="text-[11px] font-semibold uppercase tracking-wide text-[#605e5c]">Workflow boundary</div><h1 className="mt-1.5 text-[20px] font-semibold tracking-tight">{title}</h1><p className="mt-2 max-w-2xl text-[13px] leading-5 text-[#605e5c]">{description}</p>{extension && <button onClick={() => onNavigate(extension.entryPath)} className="mt-4 h-8 rounded bg-[#0f6cbd] px-3 text-[12px] font-semibold text-white hover:bg-[#004578]">Open {extension.name} →</button>}</div></section>; }[39m
[31m+ export default function App() {[39m
[31m+  const path=usePath(); const [authReady,setAuthReady]=useState(false); const [user,setUser]=useState<User|null>(null); const [role,setRole]=useState('Viewer'); const [selectedClientId,setSelectedClientId]=useState(''); const [selectedPassportId,setSelectedPassportId]=useState<string|null>(null); const [assets,setAssets]=useState<any[]>([]); const [clients,setClients]=useState<Client[]>(EMPTY_CLIENTS); const [passports,setPassports]=useState<SoftwarePassport[]>(EMPTY_PASSPORTS); const [vendors,setVendors]=useState<Vendor[]>(EMPTY_VENDORS); const [alerts,setAlerts]=useState<Alert[]>(EMPTY_ALERTS); const [findings,setFindings]=useState<unknown[]>([]); const [scans,setScans]=useState<Scan[]>(EMPTY_SCANS); const [integrations,setIntegrations]=useState<Integration[]>(EMPTY_INTEGRATIONS); const [theme,setTheme]=useState<'light'|'dark'>('dark'); const [verificationDecisions,setVerificationDecisions]=useState<Record<string,VerificationDecision>>({}); const [verificationDetails,setVerificationDetails]=useState<Record<string,unknown>>({});[39m
[31m+  useEffect(()=>{let mounted=true;let redirectSettled=false;let observedUser:User|null=null;const timeoutId=window.setTimeout(()=>{if(mounted)setAuthReady(true)},10000);const unsubscribe=onAuthStateChanged(auth,(currentUser)=>{if(!mounted)return;observedUser=currentUser;if(!redirectSettled)return;setUser(currentUser);setAuthReady(true);window.clearTimeout(timeoutId)},()=>{if(mounted){setAuthReady(true);window.clearTimeout(timeoutId)}});void getRedirectResult(auth).then(result=>{redirectSettled=true;if(mounted)setUser(result?.user||observedUser);if(mounted)setAuthReady(true);window.clearTimeout(timeoutId)}).catch(error=>{redirectSettled=true;console.error('[Firebase redirect sign-in error]',error);if(mounted)setUser(observedUser);if(mounted)setAuthReady(true);window.clearTimeout(timeoutId)});return()=>{mounted=false;window.clearTimeout(timeoutId);unsubscribe()}},[]);[39m
[31m+  useEffect(()=>{if(authReady&&!user&&!PUBLIC_PATHS.has(path))navigate('/login')},[authReady,user,path]);[39m
[31m+  useEffect(()=>{if(!user)return;let cancelled=false;const load=async()=>{const responses=await Promise.all([apiFetch('/api/user/me'),apiFetch('/api/scans'),apiFetch('/api/trust-loop/findings'),apiFetch('/api/user/passports'),apiFetch('/api/user/clients'),apiFetch('/api/integrations'),apiFetch('/api/user/verification')]);if(responses.some(r=>r.status===401)){await signOut(auth);navigate('/login');return}const [me,scansResponse,findingsResponse,passportsResponse,clientsResponse,integrationsResponse,verificationResponse]=responses;if(verificationResponse.ok){const data=await verificationResponse.json().catch(()=>null);if(!cancelled){setVerificationDecisions(data?.verificationDecisions&&typeof data.verificationDecisions==='object'?data.verificationDecisions:{});setVerificationDetails(data?.verificationDetails&&typeof data.verificationDetails==='object'?data.verificationDetails:{})}}else if(!cancelled){setVerificationDecisions({});setVerificationDetails({})}if(me.ok){const data=await me.json().catch(()=>null);if(!cancelled)setRole(String(data?.role||'Viewer'))}if(scansResponse.ok){const data=await scansResponse.json().catch(()=>[]);if(!cancelled&&Array.isArray(data))setScans(data)}if(findingsResponse.ok){const data=await findingsResponse.json().catch(()=>[]);const rows=Array.isArray(data)?data:data?.findings;if(!cancelled&&Array.isArray(rows)){setFindings(rows);setAlerts(rows.map((row:any)=>({id:String(row.id),title:String(row.title||row.control_id||'Trust finding'),severity:String(row.severity||'Low').replace(/^./,(s:string)=>s.toUpperCase()),category:'Trust finding',clientName:String(row.client_id||'Tenant'),description:String(row.description||'Evidence-backed finding'),timestamp:String(row.updated_at||''),status:deriveAlertStatus(row.remediation_status,row.status),remediationId:row.remediation_id?String(row.remediation_id):null,ownerDisplay:row.remediation_owner_display||null,slaDueAt:row.remediation_sla_due_at||null})) as Alert[])}}if(passportsResponse.ok){const data=await passportsResponse.json().catch(()=>[]);const rows=Array.isArray(data)?data:data?.passports;if(!cancelled&&Array.isArray(rows)){const normalized=rows.map((row:any)=>({...row,id:String(row.id),name:String(row.name||'Unnamed software'),version:String(row.version||'unknown'),publisher:String(row.publisher||'unknown'),clientId:row.clientId?String(row.clientId):undefined,evidence:Array.isArray(row.evidence)?row.evidence:[],vulnerabilities:Array.isArray(row.vulnerabilities)?row.vulnerabilities:[],timeline:Array.isArray(row.timeline)?row.timeline:[],sbom:Array.isArray(row.sbom)?row.sbom:[],scores:null,scoreStatus:row.scoreStatus||'not_authoritatively_scored'})) as SoftwarePassport[];setPassports(normalized);setAssets(normalized.map((passport:any)=>({id:passport.id,name:passport.name,hostName:passport.name,type:passport.category||'software',clientId:passport.clientId,clientName:String(passport.clientId||'Unobserved'),environment:String(passport.environment||'Unobserved'),version:passport.version})));setVendors(EMPTY_VENDORS)}}if(clientsResponse.ok){const data=await clientsResponse.json().catch(()=>[]);const rows=Array.isArray(data)?data:data?.clients;if(!cancelled&&Array.isArray(rows))setClients(rows.map((row:any)=>({...row,id:String(row.id),name:String(row.name||row.company_name||'Unnamed client')})) as Client[])}if(integrationsResponse.ok){const data=await integrationsResponse.json().catch(()=>[]);if(!cancelled&&Array.isArray(data))setIntegrations(data)}};void load().catch(error=>console.warn('[SPR command center load]',error));return()=>{cancelled=true}},[user]);[39m
[31m+  useEffect(()=>{const refresh=()=>{if(user)window.location.reload()};window.addEventListener('refresh-data',refresh);return()=>window.removeEventListener('refresh-data',refresh)},[user]);[39m
[31m+  const onNavigateTab=(target:string,itemId?:string)=>navigate(itemId?`${target.startsWith('/')?target:`/${target}`}/${encodeURIComponent(itemId)}`:target.startsWith('/')?target:`/${target}`); const quickAction=(action:'add-client'|'register-passport'|'scan-sbom')=>navigate(action==='add-client'?'/clients':action==='register-passport'?'/passports':'/scans');[39m
[31m+  const performAlertAction=async(alert:Alert,action:'acknowledge'|'assign'|'resolve'|'escalate'|'snooze'|'reopen',assigneeDisplay?:string)=>{let remediationId=alert.remediationId;if(!remediationId){const created=await apiFetch('/api/trust-loop/remediations',{method:'POST',headers:{'Content-Type':'application/json'},body:JSON.stringify({findingId:alert.id,title:alert.title,description:alert.description,priority:alert.severity.toUpperCase()})});if(!created.ok)return;const createdBody=await created.json().catch(()=>null);remediationId=createdBody?.id?String(createdBody.id):undefined;if(!remediationId)return}const patchBody:Record<string,unknown>={acknowledge:{status:'IN_PROGRESS'},resolve:{status:'CLOSED'},snooze:{status:'BLOCKED'},reopen:{status:'OPEN'},escalate:{status:'IN_PROGRESS',slaDueAt:new Date(Date.now()+4*3600*1000).toISOString()},assign:{status:'IN_PROGRESS',ownerDisplay:assigneeDisplay||''}}[action];const response=await apiFetch(`/api/trust-loop/remediations/${encodeURIComponent(remediationId)}`,{method:'PATCH',headers:{'Content-Type':'application/json'},body:JSON.stringify(patchBody)});if(!response.ok)return;const updated=await response.json().catch(()=>null);setAlerts(current=>current.map(item=>item.id===alert.id?{...item,remediationId,status:deriveAlertStatus(updated?.status??String(patchBody.status),null),ownerDisplay:updated?.owner_display??(patchBody.ownerDisplay as string|undefined)??item.ownerDisplay,slaDueAt:updated?.sla_due_at??(patchBody.slaDueAt as string|undefined)??item.slaDueAt}:item))};[39m
[31m+  const selectedExtension=useMemo(()=>{const match=path.match(/^\/extensions\/([^/]+)/);return match?decodeURIComponent(match[1]):null},[path]);const signOutUser=async()=>{await signOut(auth);navigate('/login')};[39m
[31m+  if(!authReady)return <AuthLoading/>;if(path==='/')return <CoverPage/>;if(path==='/login')return user?<AuthLoading/>:<LoginView onLoginSuccess={()=>navigate('/dashboard')}/>;if(!user&&path==='/free-review')return <PublicPage title="Free software review" description="Start an evidence-first review from the public entry point." action="Sign in to continue" onAction={()=>navigate('/login')}/>;if(!user&&path==='/pricing')return <PublicPage title="SPR plans" description="Account and billing capabilities are available inside the authenticated workspace." action="Enter SPR" onAction={()=>navigate('/login')}/>;if(!user)return <AuthLoading/>;[39m
[31m+  let view:ReactNode;if(selectedExtension)view=<ExtensionWorkflow id={selectedExtension} onNavigate={navigate}/>;else switch(path){case '/dashboard':view=<EvidenceDashboardView clients={clients} alerts={alerts} scans={scans} passports={passports} findings={findings} onNavigateTab={onNavigateTab} onOpenQuickAction={quickAction}/>;break;case '/coverage':view=<CoverageView clients={clients} scans={scans} passports={passports} onNavigateTab={onNavigateTab}/>;break;case '/evidence-explorer':view=<EvidenceExplorerView passports={passports}/>;break;case '/assets':view=<AssetsView clients={clients} searchQuery="" assets={assets}/>;break;case '/passports':case '/registry':view=<PassportsView verificationDecisions={verificationDecisions} verificationDetails={verificationDetails} passports={passports} selectedPassportId={selectedPassportId} setSelectedPassportId={setSelectedPassportId} searchQuery="" clients={clients} assets={assets} role={role} onNavigateTab={onNavigateTab} onUpdatePassport={passport=>setPassports(current=>current.map(item=>item.id===passport.id?passport:item))}/>;break;case '/scans':view=<ScansView scans={scans} clients={clients} assets={assets} passports={passports} role={role} onTriggerNewScan={scan=>setScans(current=>[scan,...current.filter(item=>item.id!==scan.id)].slice(0,100))}/>;break;case '/alerts':view=<AlertsView alerts={alerts} onAlertAction={performAlertAction}/>;break;case '/reports':view=<ReportsView clients={clients} passports={passports} scans={scans} alerts={alerts} findings={findings} role={role}/>;break;case '/trust-graph':view=<TrustGraphView clients={clients} passports={passports} assets={assets} findings={findings}/>;/* onSelectPassport={setSelectedPassportId} */break;case '/clients':view=<ClientsView clients={clients} selectedClientId={selectedClientId} setSelectedClientId={setSelectedClientId} passports={passports} onNavigateTab={onNavigateTab} searchQuery=""/>;break;case '/vendors':view=<VendorsView vendors={vendors} searchQuery=""/>;break;case '/integrations':view=<IntegrationsView passports={passports} onNavigateTab={onNavigateTab}/>;break;case '/monitoring':view=<MonitoringView role={role}/>;break;case '/security':view=<SecurityCenterView clients={clients} passports={passports}/>;break;case '/compliance':view=<ComplianceView clients={clients} role={role}/>;break;case '/msp':view=<MSPCommandCenter verificationDecisions={verificationDecisions} verificationDetails={verificationDetails} clients={clients} alerts={alerts} findings={findings} role={role} onSelectClient={setSelectedClientId} onNavigate={navigate}/>;break;case '/agent-trust':view=<AgentTrustView/>;break;case '/ai-trust-center':view=<AITrustCenterView role={role}/>;break;case '/enterprise-readiness':view=<EnterpriseReadinessView clients={clients}/>;break;case '/investor':view=<InvestorHomeView passports={passports} clients={clients} alerts={alerts} onShowTelemetry={()=>navigate('/scans')} onNavigateTab={onNavigateTab}/>;break;case '/founder':view=<FounderDashboardView userRole={role}/>;break;case '/billing':view=<BillingView/>;break;case '/settings':view=<SettingsView theme={theme} onToggleTheme={()=>setTheme(current=>current==='dark'?'light':'dark')}/>;break;case '/team':view=<TeamView role={role}/>;break;case '/audit-log':view=<AuditLogView/>;break;case '/extensions':view=<ExtensionMarketplace onNavigateTab={onNavigateTab} role={role}/>;break;default:view=<WorkflowBoundary title="Workflow" description="This authenticated capability is explicitly routed through the Command Center. Choose its owning workflow from the left rail." onNavigate={navigate}/>}[39m
[31m+  return <CommandCenter path={path} userEmail={user.email} role={role} onNavigate={navigate} onSignOut={()=>void signOutUser()}>{view}</CommandCenter>;[39m
[31m+ }[39m
[31m+[39m

[36m [2m❯[22m tests/public-homepage-demo.test.ts:[2m101:17[22m[39m
    [90m 99| [39m[34mdescribe[39m([32m'routing keeps the public boundary explicit'[39m[33m,[39m () [33m=>[39m {
    [90m100| [39m  it('adds only the exact /passport/demo path to the public set', () =…
    [90m101| [39m    [34mexpect[39m(app)[33m.[39m[34mtoContain[39m([32m"'/passport/demo'"[39m)[33m;[39m
    [90m   | [39m                [31m^[39m
    [90m102| [39m    expect(app).toContain("if (path === '/passport/demo') return <Demo…
    [90m103| [39m    [90m// Not a wildcard: no other /passport/* path becomes public.[39m

[31m[2m⎯⎯⎯⎯⎯⎯⎯⎯⎯⎯⎯⎯⎯⎯⎯⎯⎯⎯⎯⎯⎯[81/141]⎯[22m[39m

[41m[1m FAIL [22m[49m tests/remediation-and-report-snapshot-fixes-contract.test.ts[2m > [22mPOST /trust-loop/remediations no longer writes to the dead remediation_tasks table[2m > [22mdoes not insert into remediation_tasks (its integrity trigger requires alert_id to reference the never-populated `alerts` table, so this insert unconditionally failed every time)
[31m[1mAssertionError[22m: expected 'router.post(\'/remediations\', async …' not to contain 'INSERT INTO remediation_tasks'[39m

[32m- Expected[39m
[31m+ Received[39m

[32m- INSERT INTO remediation_tasks[39m
[31m+ router.post('/remediations', async (req: AuthenticatedRequest, res, next) => {[39m
[31m+     const parsed = remediationSchema.safeParse(req.body);[39m
[31m+     if (!parsed.success) return res.status(400).json({ error: 'INVALID_PAYLOAD', details: parsed.error.flatten() });[39m
[31m+     try {[39m
[31m+       const db = req.db!;[39m
[31m+       const p = parsed.data;[39m
[31m+       const tenantId = req.user!.tenantId;[39m
[31m+       const finding = (await db.execute(sql`SELECT id,client_id,passport_id,title,description FROM trust_findings WHERE id=${p.findingId} AND tenant_id=${tenantId} LIMIT 1`) as any).rows?.[0];[39m
[31m+       if (!finding) return res.status(404).json({ error: 'FINDING_NOT_FOUND' });[39m
[31m+       const now = new Date().toISOString();[39m
[31m+       const workId = id('remed');[39m
[31m+       await db.execute(sql`INSERT INTO trust_remediation_work_items (id,tenant_id,passport_id,finding_id,external_system,external_ticket_id,owner_id,owner_display,sla_due_at,status,remediation_plan,created_at,updated_at) VALUES (${workId},${tenantId},${finding.passport_id},${finding.id},${p.externalSystem},${p.externalTicketId ?? null},${p.assigneeId ?? null},${p.assigneeDisplay ?? null},${p.slaDueAt ?? null},'OPEN',${p.description || finding.description},${now},${now})`);[39m
[31m+       await db.execute(sql`INSERT INTO remediation_tasks (id,tenant_id,client_id,alert_id,title,description,priority,status,assignee_id,created_by,created_at,updated_at) VALUES (${workId},${tenantId},${finding.client_id},${finding.id},${p.title},${p.description || finding.description},${p.priority},'OPEN',${p.assigneeId ?? null},${req.user!.uid},${now},${now})`);[39m
[31m+       const created = (await db.execute(sql`SELECT * FROM trust_remediation_work_items WHERE id=${workId} AND tenant_id=${tenantId} LIMIT 1`) as any).rows?.[0];[39m
[31m+       return res.status(201).json({ ...created, title: p.title });[39m
[31m+     } catch (error) { return next(error); }[39m
[31m+   });[39m
[31m+[39m
[31m+   router.get('/remediations/:id', async (req: AuthenticatedRequest, res, next) => {[39m
[31m+     try {[39m
[31m+       const db = req.db!;[39m
[31m+       const tenantId = req.user!.tenantId;[39m
[31m+       const row = (await db.execute(sql`SELECT w.*, f.title AS finding_title FROM trust_remediation_work_items w JOIN trust_findings f ON f.id = w.finding_id AND f.tenant_id = w.tenant_id WHERE w.id=${req.params.id} AND w.tenant_id=${tenantId} LIMIT 1`) as any).rows?.[0];[39m
[31m+       if (!row) return res.status(404).json({ error: 'REMEDIATION_NOT_FOUND' });[39m
[31m+       return res.json({ ...row, title: row.finding_title });[39m
[31m+     } catch (error) { return next(error); }[39m
[31m+   });[39m
[31m+[39m
[31m+   router.post('/remediations/:id/verify-latest', async (req: AuthenticatedRequest, res, next) => {[39m
[31m+     try {[39m
[31m+       const db = req.db!;[39m
[31m+       const tenantId = req.user!.tenantId;[39m
[31m+       const work = (await db.execute(sql`SELECT id,finding_id,passport_id FROM trust_remediation_work_items WHERE id=${req.params.id} AND tenant_id=${tenantId} LIMIT 1`) as any).rows?.[0];[39m
[31m+       if (!work) return res.status(404).json({ error: 'REMEDIATION_NOT_FOUND' });[39m
[31m+       const latestObservation = (await db.execute(sql`SELECT id,evidence_ids FROM trust_observations WHERE tenant_id=${tenantId} AND passport_id=${work.passport_id} ORDER BY observation_version DESC LIMIT 1`) as any).rows?.[0];[39m
[31m+       if (!latestObservation) return res.status(409).json({ error: 'NO_OBSERVATION_ON_FILE', message: 'SPR has no recorded observation for this software yet. Collect evidence before verifying.' });[39m
[31m+       const evidenceIds: string[] = parseJson(latestObservation.evidence_ids, []) as string[];[39m
[31m+       const result = await verifyRemediation({ tenantId, findingId: work.finding_id, observationIds: [latestObservation.id], evidenceIds, actorId: req.user!.uid });[39m
[31m+       const now = new Date().toISOString();[39m
[31m+       await db.execute(sql`UPDATE trust_remediation_work_items SET status='VERIFIED',updated_at=${now},closed_at=${now} WHERE id=${work.id} AND tenant_id=${tenantId}`);[39m
[31m+       const row = (await db.execute(sql`SELECT * FROM trust_remediation_work_items WHERE id=${work.id} AND tenant_id=${tenantId} LIMIT 1`) as any).rows?.[0];[39m
[31m+       return res.json({ ...row, verification: result });[39m
[31m+     } catch (error: any) {[39m
[31m+       const message = error instanceof Error ? error.message : String(error);[39m
[31m+       if (/^VERIFICATION_|^FINDING_NOT_FOUND$/.test(message)) return res.status(409).json({ error: message });[39m
[31m+       return next(error);[39m
[31m+     }[39m
[31m+   });[39m
[31m+[39m
[31m+   [39m

[36m [2m❯[22m tests/remediation-and-report-snapshot-fixes-contract.test.ts:[2m18:27[22m[39m
    [90m 16| [39m    [35mconst[39m routeEnd [33m=[39m s[33m.[39m[34mindexOf[39m([32m"router.patch('/remediations/:id'"[39m)[33m;[39m
    [90m 17| [39m    [35mconst[39m routeBody [33m=[39m s[33m.[39m[34mslice[39m(routeStart[33m,[39m routeEnd)[33m;[39m
    [90m 18| [39m    [34mexpect[39m(routeBody)[33m.[39mnot[33m.[39m[34mtoContain[39m([32m'INSERT INTO remediation_tasks'[39m)[33m;[39m
    [90m   | [39m                          [31m^[39m
    [90m 19| [39m  })[33m;[39m
    [90m 20| [39m

[31m[2m⎯⎯⎯⎯⎯⎯⎯⎯⎯⎯⎯⎯⎯⎯⎯⎯⎯⎯⎯⎯⎯[82/141]⎯[22m[39m

[41m[1m FAIL [22m[49m tests/remediation-and-report-snapshot-fixes-contract.test.ts[2m > [22mPATCH /trust-loop/remediations/:id status-only update no longer 500s[2m > [22mbinds null instead of undefined for the unreachable ELSE branch when slaDueAt is omitted
[31m[1mAssertionError[22m: expected 'import { Router } from \'express\';\n…' to contain 'ELSE ${p.slaDueAt ?? null} END'[39m

[32m- Expected[39m
[31m+ Received[39m

[32m- ELSE ${p.slaDueAt ?? null} END[39m
[31m+ import { Router } from 'express';[39m
[31m+ import { sql } from 'drizzle-orm';[39m
[31m+ import crypto from 'node:crypto';[39m
[31m+ import { z } from 'zod';[39m
[31m+ import { AuthenticatedRequest } from '../middleware/security.ts';[39m
[31m+ import { decryptCredentials } from '../integrations/credential-vault.ts';[39m
[31m+ import { collectDeepProviderEvidence } from '../integrations/deep-collectors.ts';[39m
[31m+ import { collectGitHubDeepEvidence } from '../integrations/github-deep.ts';[39m
[31m+ import { persistTrustLoop, verifyRemediation } from '../trust/trust-loop.ts';[39m
[31m+[39m
[31m+ const collectSchema = z.object({ passportId: z.string().trim().min(1).max(255), provider: z.string().trim().min(1).max(64) }).strict();[39m
[31m+ const remediationSchema = z.object({[39m
[31m+   findingId: z.string().trim().min(1),[39m
[31m+   title: z.string().trim().min(1).max(255),[39m
[31m+   description: z.string().max(4000).optional(),[39m
[31m+   assigneeId: z.string().max(255).optional(),[39m
[31m+   assigneeDisplay: z.string().max(255).optional(),[39m
[31m+   externalSystem: z.string().trim().min(1).max(64).default('SPR'),[39m
[31m+   externalTicketId: z.string().max(255).optional(),[39m
[31m+   slaDueAt: z.string().datetime().optional(),[39m
[31m+   priority: z.enum(['LOW', 'MEDIUM', 'HIGH', 'CRITICAL']).default('HIGH'),[39m
[31m+ }).strict();[39m
[31m+ const remediationUpdateSchema = z.object({ status: z.enum(['OPEN', 'IN_PROGRESS', 'BLOCKED', 'READY_FOR_VERIFICATION', 'VERIFIED', 'CLOSED', 'CANCELLED']), ownerId: z.string().max(255).optional(), ownerDisplay: z.string().max(255).optional(), slaDueAt: z.string().datetime().nullable().optional() }).strict();[39m
[31m+ const verifySchema = z.object({ findingId: z.string().trim().min(1), observationIds: z.array(z.string().min(1)).max(50), evidenceIds: z.array(z.string().min(1)).max(200) }).strict();[39m
[31m+ const reportTypes = z.enum(['executive', 'technical', 'msp', 'customer', 'compliance', 'vendor', 'auditor', 'evidence-ledger']);[39m
[31m+ function id(prefix: string) { return `${prefix}_${crypto.randomUUID().replaceAll('-', '')}`; }[39m
[31m+ function parseJson(value: unknown, fallback: unknown = []) { try { return value ? JSON.parse(String(value)) : fallback; } catch { return fallback; } }[39m
[31m+[39m
[31m+ const SEVERITY_ORDER = ['critical', 'high', 'medium', 'low'];[39m
[31m+[39m
[31m+ export type ReportPassportRow = {[39m
[31m+   overall_score: number | null;[39m
[31m+   security_score: number | null;[39m
[31m+   compliance_score: number | null;[39m
[31m+   verification_status: string | null;[39m
[31m+   confidence_score: number | null;[39m
[31m+   evidence_completeness: number | null;[39m
[31m+ };[39m
[31m+[39m
[31m+ export function deriveReportRiskFields(passport: ReportPassportRow) {[39m
[31m+   const verificationStatus = passport.verification_status || 'unverified';[39m
[31m+   const isMeasured = verificationStatus !== 'unverified';[39m
[31m+   return {[39m
[31m+     canonicalScore: isMeasured ? passport.overall_score : null,[39m
[31m+     verificationStatus,[39m
[31m+     confidenceBasisPoints: isMeasured && passport.confidence_score != null ? Math.round(passport.confidence_score * 100) : null,[39m
[31m+     completenessBasisPoints: isMeasured && passport.evidence_completeness != null ? Math.round(passport.evidence_completeness * 100) : null,[39m
[31m+   };[39m
[31m+ }[39m
[31m+[39m
[31m+ function buildReportTypeExtras(reportType: string, passport: any, findings: any[]) {[39m
[31m+   if (reportType === 'sbom') {[39m
[31m+     const components = parseJson(passport.sbom, []) as any[];[39m
[31m+     const vulnerabilities = parseJson(passport.vulnerabilities, []) as any[];[39m
[31m+     const sbom = components.map((component) => {[39m
[31m+       const name = component?.name || component?.packageName || component?.component;[39m
[31m+       const matched = vulnerabilities.filter((vuln) => (vuln?.component || vuln?.packageName || vuln?.package) === name);[39m
[31m+       return { ...component, vulnerabilityCount: matched.length, criticalOrHighCount: matched.filter((vuln) => SEVERITY_ORDER.slice(0, 2).includes(String(vuln?.severity || '').toLowerCase())).length };[39m
[31m+     });[39m
[31m+     return { sbom };[39m
[31m+   }[39m
[31m+   if (reportType === 'compliance') {[39m
[31m+     const byControl = new Map<string, { controlId: string; findingCount: number; openCount: number; worstSeverity: string; findingIds: string[] }>();[39m
[31m+     for (const finding of findings) {[39m
[31m+       const controlId = finding.control_id || 'unmapped';[39m
[31m+       const entry = byControl.get(controlId) || { controlId, findingCount: 0, openCount: 0, worstSeverity: 'low', findingIds: [] as string[] };[39m
[31m+       entry.findingCount += 1;[39m
[31m+       entry.findingIds.push(finding.id);[39m
[31m+       if (!['resolved', 'closed', 'verified'].includes(String(finding.status || '').toLowerCase())) entry.openCount += 1;[39m
[31m+       const severity = String(finding.severity || '').toLowerCase();[39m
[31m+       if (SEVERITY_ORDER.includes(severity) && SEVERITY_ORDER.indexOf(severity) < SEVERITY_ORDER.indexOf(entry.worstSeverity)) entry.worstSeverity = severity;[39m
[31m+       byControl.set(controlId, entry);[39m
[31m+     }[39m
[31m+     return { controls: [...byControl.values()] };[39m
[31m+   }[39m
[31m+   return {};[39m
[31m+ }[39m
[31m+[39m
[31m+ export function createTrustLoopRouter() {[39m
[31m+   const router = Router();[39m
[31m+[39m
[31m+   router.post('/collect', async (req: AuthenticatedRequest, res, next) => {[39m
[31m+     const parsed = collectSchema.safeParse(req.body);[39m
[31m+     if (!parsed.success) return res.status(400).json({ error: 'INVALID_PAYLOAD', details: parsed.error.flatten() });[39m
[31m+     const { passportId, provider } = parsed.data;[39m
[31m+     const tenantId = req.user!.tenantId;[39m
[31m+     const runId = id('collect');[39m
[31m+     const startedAt = new Date().toISOString();[39m
[31m+     const db = req.db!;[39m
[31m+     try {[39m
[31m+       const passport = (await db.execute(sql`SELECT id,client_id FROM passports WHERE id=${passportId} AND tenant_id=${tenantId} LIMIT 1`) as any).rows?.[0];[39m
[31m+       if (!passport) return res.status(404).json({ error: 'PASSPORT_NOT_FOUND' });[39m
[31m+       const stored = (await db.execute(sql`SELECT encrypted_payload FROM integration_credentials WHERE tenant_id=${tenantId} AND provider=${provider} LIMIT 1`) as any).rows?.[0];[39m
[31m+       if (!stored?.encrypted_payload) return res.status(409).json({ error: 'CREDENTIAL_NOT_CONFIGURED' });[39m
[31m+[39m
[31m+       await db.execute(sql`INSERT INTO trust_collection_runs (id,tenant_id,passport_id,provider,started_at,status,idempotency_key,created_at) VALUES (${runId},${tenantId},${passportId},${provider},${startedAt},'RUNNING',${`${tenantId}:${passportId}:${provider}:${startedAt}`},${startedAt})`);[39m
[31m+       const credentials = decryptCredentials(stored.encrypted_payload) as Record<string, string>;[39m
[31m+       const observations = provider === 'github' ? await collectGitHubDeepEvidence(credentials) : await collectDeepProviderEvidence(provider as any, credentials);[39m
[31m+       const result = await persistTrustLoop({ tenantId, passportId, clientId: passport.client_id || passport.id, assetId: passport.id, observations, generationReason: 'provider_collection', actorType: 'worker', collectorVersionMap: { [provider]: 'deep-v2' } });[39m
[31m+       const completedAt = new Date().toISOString();[39m
[31m+       await db.execute(sql`UPDATE trust_collection_runs SET completed_at=${completedAt},status='SUCCEEDED',observation_count=${observations.length},evidence_count=${result.evidenceIds.length},failure_count=${observations.filter((o) => o.status === 'FAIL').length},collector_version='deep-v2' WHERE id=${runId} AND tenant_id=${tenantId}`);[39m
[31m+       await db.execute(sql`INSERT INTO trust_monitoring_state (id,tenant_id,passport_id,provider,next_run_at,last_run_at,last_success_at,last_evidence_hash,consecutive_failures,status,updated_at) VALUES (${id('monitor')},${tenantId},${passportId},${provider},${new Date(Date.now()+3600000).toISOString()},${completedAt},${completedAt},${result.payloadHash},0,'HEALTHY',${completedAt}) ON CONFLICT (tenant_id,passport_id,provider) DO UPDATE SET next_run_at=EXCLUDED.next_run_at,last_run_at=EXCLUDED.last_run_at,last_success_at=EXCLUDED.last_success_at,last_evidence_hash=EXCLUDED.last_evidence_hash,consecutive_failures=0,status='HEALTHY',updated_at=EXCLUDED.updated_at`);[39m
[31m+       return res.json({ runId, provider, observationCount: observations.length, ...result });[39m
[31m+     } catch (error) {[39m
[31m+       const completedAt = new Date().toISOString();[39m
[31m+       await db.execute(sql`UPDATE trust_collection_runs SET completed_at=${completedAt},status='FAILED',error_code='COLLECTION_FAILED',error_message=${error instanceof Error ? error.message.slice(0,1000) : 'COLLECTION_FAILED'} WHERE id=${runId} AND tenant_id=${tenantId}`).catch(() => undefined);[39m
[31m+       await db.execute(sql`UPDATE trust_monitoring_state SET last_run_at=${completedAt},last_failure_at=${completedAt},consecutive_failures=consecutive_failures+1,status=CASE WHEN consecutive_failures+1 >= 5 THEN 'FAILED' ELSE 'DEGRADED' END,updated_at=${completedAt} WHERE tenant_id=${tenantId} AND passport_id=${passportId} AND provider=${provider}`).catch(() => undefined);[39m
[31m+       return next(error);[39m
[31m+     }[39m
[31m+   });[39m
[31m+[39m
[31m+   const findingsWithRemediationSelect = sql`[39m
[31m+     SELECT f.*, r.id AS remediation_id, r.status AS remediation_status, r.owner_id AS remediation_owner_id,[39m
[31m+            r.owner_display AS remediation_owner_display, r.sla_due_at AS remediation_sla_due_at, r.updated_at AS remediation_updated_at[39m
[31m+     FROM trust_findings f[39m
[31m+     LEFT JOIN LATERAL ([39m
[31m+       SELECT * FROM trust_remediation_work_items w[39m
[31m+       WHERE w.tenant_id = f.tenant_id AND w.finding_id = f.id[39m
[31m+       ORDER BY w.created_at DESC LIMIT 1[39m
[31m+     ) r ON true[39m
[31m+   `;[39m
[31m+   router.get('/findings', async (req: AuthenticatedRequest, res, next) => {[39m
[31m+     try {[39m
[31m+       const db = req.db!;[39m
[31m+       const tenantId = req.user!.tenantId;[39m
[31m+       const passportId = typeof req.query.passportId === 'string' ? req.query.passportId : null;[39m
[31m+       const rows = passportId[39m
[31m+         ? await db.execute(sql`${findingsWithRemediationSelect} WHERE f.tenant_id=${tenantId} AND f.passport_id=${passportId} ORDER BY CASE f.severity WHEN 'critical' THEN 1 WHEN 'high' THEN 2 WHEN 'medium' THEN 3 WHEN 'low' THEN 4 ELSE 5 END,f.updated_at DESC`)[39m
[31m+         : await db.execute(sql`${findingsWithRemediationSelect} WHERE f.tenant_id=${tenantId} ORDER BY f.updated_at DESC`);[39m
[31m+       return res.json({ findings: (rows as any).rows || [] });[39m
[31m+     } catch (error) { return next(error); }[39m
[31m+   });[39m
[31m+[39m
[31m+   router.post('/remediations', async (req: AuthenticatedRequest, res, next) => {[39m
[31m+     const parsed = remediationSchema.safeParse(req.body);[39m
[31m+     if (!parsed.success) return res.status(400).json({ error: 'INVALID_PAYLOAD', details: parsed.error.flatten() });[39m
[31m+     try {[39m
[31m+       const db = req.db!;[39m
[31m+       const p = parsed.data;[39m
[31m+       const tenantId = req.user!.tenantId;[39m
[31m+       const finding = (await db.execute(sql`SELECT id,client_id,passport_id,title,description FROM trust_findings WHERE id=${p.findingId} AND tenant_id=${tenantId} LIMIT 1`) as any).rows?.[0];[39m
[31m+       if (!finding) return res.status(404).json({ error: 'FINDING_NOT_FOUND' });[39m
[31m+       const now = new Date().toISOString();[39m
[31m+       const workId = id('remed');[39m
[31m+       await db.execute(sql`INSERT INTO trust_remediation_work_items (id,tenant_id,passport_id,finding_id,external_system,external_ticket_id,owner_id,owner_display,sla_due_at,status,remediation_plan,created_at,updated_at) VALUES (${workId},${tenantId},${finding.passport_id},${finding.id},${p.externalSystem},${p.externalTicketId ?? null},${p.assigneeId ?? null},${p.assigneeDisplay ?? null},${p.slaDueAt ?? null},'OPEN',${p.description || finding.description},${now},${now})`);[39m
[31m+       await db.execute(sql`INSERT INTO remediation_tasks (id,tenant_id,client_id,alert_id,title,description,priority,status,assignee_id,created_by,created_at,updated_at) VALUES (${workId},${tenantId},${finding.client_id},${finding.id},${p.title},${p.description || finding.description},${p.priority},'OPEN',${p.assigneeId ?? null},${req.user!.uid},${now},${now})`);[39m
[31m+       const created = (await db.execute(sql`SELECT * FROM trust_remediation_work_items WHERE id=${workId} AND tenant_id=${tenantId} LIMIT 1`) as any).rows?.[0];[39m
[31m+       return res.status(201).json({ ...created, title: p.title });[39m
[31m+     } catch (error) { return next(error); }[39m
[31m+   });[39m
[31m+[39m
[31m+   router.get('/remediations/:id', async (req: AuthenticatedRequest, res, next) => {[39m
[31m+     try {[39m
[31m+       const db = req.db!;[39m
[31m+       const tenantId = req.user!.tenantId;[39m
[31m+       const row = (await db.execute(sql`SELECT w.*, f.title AS finding_title FROM trust_remediation_work_items w JOIN trust_findings f ON f.id = w.finding_id AND f.tenant_id = w.tenant_id WHERE w.id=${req.params.id} AND w.tenant_id=${tenantId} LIMIT 1`) as any).rows?.[0];[39m
[31m+       if (!row) return res.status(404).json({ error: 'REMEDIATION_NOT_FOUND' });[39m
[31m+       return res.json({ ...row, title: row.finding_title });[39m
[31m+     } catch (error) { return next(error); }[39m
[31m+   });[39m
[31m+[39m
[31m+   router.post('/remediations/:id/verify-latest', async (req: AuthenticatedRequest, res, next) => {[39m
[31m+     try {[39m
[31m+       const db = req.db!;[39m
[31m+       const tenantId = req.user!.tenantId;[39m
[31m+       const work = (await db.execute(sql`SELECT id,finding_id,passport_id FROM trust_remediation_work_items WHERE id=${req.params.id} AND tenant_id=${tenantId} LIMIT 1`) as any).rows?.[0];[39m
[31m+       if (!work) return res.status(404).json({ error: 'REMEDIATION_NOT_FOUND' });[39m
[31m+       const latestObservation = (await db.execute(sql`SELECT id,evidence_ids FROM trust_observations WHERE tenant_id=${tenantId} AND passport_id=${work.passport_id} ORDER BY observation_version DESC LIMIT 1`) as any).rows?.[0];[39m
[31m+       if (!latestObservation) return res.status(409).json({ error: 'NO_OBSERVATION_ON_FILE', message: 'SPR has no recorded observation for this software yet. Collect evidence before verifying.' });[39m
[31m+       const evidenceIds: string[] = parseJson(latestObservation.evidence_ids, []) as string[];[39m
[31m+       const result = await verifyRemediation({ tenantId, findingId: work.finding_id, observationIds: [latestObservation.id], evidenceIds, actorId: req.user!.uid });[39m
[31m+       const now = new Date().toISOString();[39m
[31m+       await db.execute(sql`UPDATE trust_remediation_work_items SET status='VERIFIED',updated_at=${now},closed_at=${now} WHERE id=${work.id} AND tenant_id=${tenantId}`);[39m
[31m+       const row = (await db.execute(sql`SELECT * FROM trust_remediation_work_items WHERE id=${work.id} AND tenant_id=${tenantId} LIMIT 1`) as any).rows?.[0];[39m
[31m+       return res.json({ ...row, verification: result });[39m
[31m+     } catch (error: any) {[39m
[31m+       const message = error instanceof Error ? error.message : String(error);[39m
[31m+       if (/^VERIFICATION_|^FINDING_NOT_FOUND$/.test(message)) return res.status(409).json({ error: message });[39m
[31m+       return next(error);[39m
[31m+     }[39m
[31m+   });[39m
[31m+[39m
[31m+   router.patch('/remediations/:id', async (req: AuthenticatedRequest, res, next) => {[39m
[31m+     const parsed = remediationUpdateSchema.safeParse(req.body);[39m
[31m+     if (!parsed.success) return res.status(400).json({ error: 'INVALID_PAYLOAD', details: parsed.error.flatten() });[39m
[31m+     try {[39m
[31m+       const db = req.db!;[39m
[31m+       const tenantId = req.user!.tenantId;[39m
[31m+       const p = parsed.data;[39m
[31m+       const now = new Date().toISOString();[39m
[31m+       const rows = await db.execute(sql`UPDATE trust_remediation_work_items SET status=${p.status},owner_id=COALESCE(${p.ownerId ?? null},owner_id),owner_display=COALESCE(${p.ownerDisplay ?? null},owner_display),sla_due_at=CASE WHEN ${p.slaDueAt === undefined} THEN sla_due_at ELSE ${p.slaDueAt} END,updated_at=${now},closed_at=CASE WHEN ${p.status} IN ('CLOSED','VERIFIED') THEN ${now} ELSE closed_at END WHERE id=${req.params.id} AND tenant_id=${tenantId} RETURNING *`);[39m
[31m+       const row = (rows as any).rows?.[0];[39m
[31m+       if (!row) return res.status(404).json({ error: 'REMEDIATION_NOT_FOUND' });[39m
[31m+       return res.json(row);[39m
[31m+     } catch (error) { return next(error); }[39m
[31m+   });[39m
[31m+[39m
[31m+   router.post('/verify', async (req: AuthenticatedRequest, res, next) => {[39m
[31m+     const parsed = verifySchema.safeParse(req.body);[39m
[31m+     if (!parsed.success) return res.status(400).json({ error: 'INVALID_PAYLOAD', details: parsed.error.flatten() });[39m
[31m+     try {[39m
[31m+       const db = req.db!;[39m
[31m+       const result = await verifyRemediation({ ...parsed.data, tenantId: req.user!.tenantId, actorId: req.user!.uid });[39m
[31m+       await db.execute(sql`UPDATE trust_remediation_work_items SET status='VERIFIED',updated_at=${new Date().toISOString()},closed_at=${new Date().toISOString()} WHERE tenant_id=${req.user!.tenantId} AND finding_id=${parsed.data.findingId}`);[39m
[31m+       return res.json(result);[39m
[31m+     } catch (error) { return next(error); }[39m
[31m+   });[39m
[31m+[39m
[31m+   router.get('/monitoring', async (req: AuthenticatedRequest, res, next) => {[39m
[31m+     try {[39m
[31m+       const db = req.db!;[39m
[31m+       const tenantId = req.user!.tenantId;[39m
[31m+       const passportId = typeof req.query.passportId === 'string' ? req.query.passportId : null;[39m
[31m+       const rows = passportId ? await db.execute(sql`SELECT * FROM trust_monitoring_state WHERE tenant_id=${tenantId} AND passport_id=${passportId} ORDER BY provider`) : await db.execute(sql`SELECT * FROM trust_monitoring_state WHERE tenant_id=${tenantId} ORDER BY passport_id,provider`);[39m
[31m+       const alerts = passportId ? await db.execute(sql`SELECT * FROM trust_alerts WHERE tenant_id=${tenantId} AND passport_id=${passportId} ORDER BY created_at DESC`) : await db.execute(sql`SELECT * FROM trust_alerts WHERE tenant_id=${tenantId} ORDER BY created_at DESC`);[39m
[31m+       return res.json({ monitoring: (rows as any).rows || [], alerts: (alerts as any).rows || [] });[39m
[31m+     } catch (error) { return next(error); }[39m
[31m+   });[39m
[31m+[39m
[31m+   router.get('/ledger/:passportId', async (req: AuthenticatedRequest, res, next) => {[39m
[31m+     try {[39m
[31m+       const db = req.db!;[39m
[31m+       const tenantId = req.user!.tenantId;[39m
[31m+       const passportId = req.params.passportId;[39m
[31m+       const scope = await db.execute(sql`SELECT id FROM passports WHERE id=${passportId} AND tenant_id=${tenantId} LIMIT 1`);[39m
[31m+       if (!(scope as any).rows?.length) return res.status(404).json({ error: 'PASSPORT_NOT_FOUND' });[39m
[31m+       const observations = await db.execute(sql`SELECT id,observation_version,generated_at,previous_observation_id,evidence_ids,finding_ids,canonical_payload_hash,completeness_basis_points,open_finding_count,unknown_dimension_count FROM trust_observations WHERE tenant_id=${tenantId} AND passport_id=${passportId} ORDER BY observation_version DESC`);[39m
[31m+       const evidence = await db.execute(sql`SELECT id,provider,control_id,subject,source_url,observed_at,verification_method,status,severity,evidence_hash,limitation FROM evidence_ledger WHERE tenant_id=${tenantId} AND passport_id=${passportId} ORDER BY observed_at DESC`);[39m
[31m+       const findings = await db.execute(sql`SELECT id,control_id,title,severity,status,evidence_ids,fingerprint,updated_at,resolved_at FROM trust_findings WHERE tenant_id=${tenantId} AND passport_id=${passportId} ORDER BY updated_at DESC`);[39m
[31m+       const remediation = await db.execute(sql`SELECT * FROM trust_remediation_work_items WHERE tenant_id=${tenantId} AND passport_id=${passportId} ORDER BY updated_at DESC`);[39m
[31m+       const verification = await db.execute(sql`SELECT * FROM remediation_verification_ledger WHERE tenant_id=${tenantId} AND finding_id IN (SELECT id FROM trust_findings WHERE tenant_id=${tenantId} AND passport_id=${passportId}) ORDER BY created_at DESC`);[39m
[31m+       return res.json({ observations: (observations as any).rows || [], findings: (findings as any).rows || [], evidence: (evidence as any).rows || [], remediation: (remediation as any).rows || [], verification: (verification as any).rows || [], trace: 'Report -> Passport -> Risk -> Finding -> Observation -> Provider -> Source -> Timestamp -> Hash' });[39m
[31m+     } catch (error) { return next(error); }[39m
[31m+   });[39m
[31m+[39m
[31m+   router.get('/reports/:passportId/history', async (req: AuthenticatedRequest, res, next) => {[39m
[31m+     try {[39m
[31m+       const db = req.db!;[39m
[31m+       const tenantId = req.user!.tenantId;[39m
[31m+       const passportId = req.params.passportId;[39m
[31m+       const typeFilter = typeof req.query.type === 'string' ? reportTypes.safeParse(req.query.type) : null;[39m
[31m+       if (typeFilter && !typeFilter.success) return res.status(400).json({ error: 'INVALID_REPORT_TYPE' });[39m
[31m+       const rows = typeFilter?.success[39m
[31m+         ? await db.execute(sql`SELECT id,report_type,generated_at,score,confidence_basis_points,completeness_basis_points,canonical_payload_hash FROM trust_report_snapshots WHERE tenant_id=${tenantId} AND passport_id=${passportId} AND report_type=${typeFilter.data} ORDER BY generated_at DESC LIMIT 50`)[39m
[31m+         : await db.execute(sql`SELECT id,report_type,generated_at,score,confidence_basis_points,completeness_basis_points,canonical_payload_hash FROM trust_report_snapshots WHERE tenant_id=${tenantId} AND passport_id=${passportId} ORDER BY generated_at DESC LIMIT 50`);[39m
[31m+       return res.json({ snapshots: (rows as any).rows || [] });[39m
[31m+     } catch (error) { return next(error); }[39m
[31m+   });[39m
[31m+[39m
[31m+   router.get('/reports/:passportId/history/:snapshotId', async (req: AuthenticatedRequest, res, next) => {[39m
[31m+     try {[39m
[31m+       const db = req.db!;[39m
[31m+       const tenantId = req.user!.tenantId;[39m
[31m+       const row = (await db.execute(sql`SELECT payload,canonical_payload_hash,generated_at,report_type FROM trust_report_snapshots WHERE id=${req.params.snapshotId} AND tenant_id=${tenantId} AND passport_id=${req.params.passportId} LIMIT 1`) as any).rows?.[0];[39m
[31m+       if (!row) return res.status(404).json({ error: 'REPORT_SNAPSHOT_NOT_FOUND' });[39m
[31m+       const payload = parseJson(row.payload, {});[39m
[31m+       return res.json({ ...(payload as object), reportHash: row.canonical_payload_hash });[39m
[31m+     } catch (error) { return next(error); }[39m
[31m+   });[39m
[31m+[39m
[31m+   router.get('/reports/:passportId', async (req: AuthenticatedRequest, res, next) => {[39m
[31m+     try {[39m
[31m+       const parsed = reportTypes.safeParse(req.query.type || 'executive');[39m
[31m+       if (!parsed.success) return res.status(400).json({ error: 'INVALID_REPORT_TYPE' });[39m
[31m+       const report = await buildAndPersistReport(req.db!, req.user!.tenantId, String(req.params.passportId), parsed.data);[39m
[31m+       if (!report) return res.status(404).json({ error: 'PASSPORT_NOT_FOUND' });[39m
[31m+       return res.json(report);[39m
[31m+     } catch (error) { return next(error); }[39m
[31m+   });[39m
[31m+[39m
[31m+   return router;[39m
[31m+ }[39m
[31m+[39m
[31m+ export async function buildAndPersistReport(db: any, tenantId: string, passportId: string, reportType: string) {[39m
[31m+   const passport = (await db.execute(sql`SELECT id,name,overall_score,security_score,compliance_score,verification_status,confidence_score,evidence_completeness,sbom,evidence,vulnerabilities,timeline FROM passports WHERE id=${passportId} AND tenant_id=${tenantId} LIMIT 1`) as any).rows?.[0];[39m
[31m+   if (!passport) return null;[39m
[31m+   const findings = (await db.execute(sql`SELECT id,control_id,title,severity,status,description,remediation,evidence_ids,updated_at,resolved_at FROM trust_findings WHERE tenant_id=${tenantId} AND passport_id=${passportId} ORDER BY CASE severity WHEN 'critical' THEN 1 WHEN 'high' THEN 2 WHEN 'medium' THEN 3 WHEN 'low' THEN 4 ELSE 5 END,updated_at DESC`) as any).rows || [];[39m
[31m+   const evidence = (await db.execute(sql`SELECT id,provider,control_id,subject,source_url,observed_at,verification_method,status,severity,evidence_hash,limitation FROM evidence_ledger WHERE tenant_id=${tenantId} AND passport_id=${passportId} ORDER BY observed_at DESC`) as any).rows || [];[39m
[31m+   const observations = (await db.execute(sql`SELECT id,observation_version,generated_at,previous_observation_id,evidence_ids,finding_ids,canonical_payload_hash,completeness_basis_points,confidence_basis_points,open_finding_count,unknown_dimension_count FROM trust_observations WHERE tenant_id=${tenantId} AND passport_id=${passportId} ORDER BY observation_version DESC`) as any).rows || [];[39m
[31m+   const remediation = (await db.execute(sql`SELECT * FROM trust_remediation_work_items WHERE tenant_id=${tenantId} AND passport_id=${passportId} ORDER BY updated_at DESC`) as any).rows || [];[39m
[31m+   const verification = (await db.execute(sql`SELECT * FROM remediation_verification_ledger WHERE tenant_id=${tenantId} AND finding_id IN (SELECT id FROM trust_findings WHERE tenant_id=${tenantId} AND passport_id=${passportId}) ORDER BY created_at DESC`) as any).rows || [];[39m
[31m+   const latest = observations[0];[39m
[31m+   const risk = deriveReportRiskFields(passport as ReportPassportRow);[39m
[31m+   const report = {[39m
[31m+     schemaVersion: 'spr.report.v2', reportType, generatedAt: new Date().toISOString(), passport: { id: passport.id, name: passport.name },[39m
[31m+     risk: { overall: risk.canonicalScore, security: passport.security_score, compliance: passport.compliance_score, verificationStatus: risk.verificationStatus },[39m
[31m+     evidenceQuality: { completenessBasisPoints: risk.completenessBasisPoints, confidenceBasisPoints: risk.confidenceBasisPoints, unknownDimensions: latest?.unknown_dimension_count ?? 0, latestObservationAt: latest?.generated_at ?? null },[39m
[31m+     findings, evidence, observations, remediation, verification,[39m
[31m+     traceability: 'Report -> Passport -> Risk -> Finding -> Observation -> Provider -> Source -> Timestamp -> Hash',[39m
[31m+     resolutionTraceability: 'Finding -> remediation -> new observation -> independent verification',[39m
[31m+     limitations: evidence.filter((item: any) => item.limitation).map((item: any) => ({ evidenceId: item.id, limitation: item.limitation })),[39m
[31m+     ...buildReportTypeExtras(reportType, passport, findings),[39m
[31m+   };[39m
[31m+   const canonicalPayload = JSON.stringify(report);[39m
[31m+   const reportHash = crypto.createHash('sha256').update(canonicalPayload).digest('hex');[39m
[31m+   await db.execute(sql`INSERT INTO trust_report_snapshots (id,tenant_id,passport_id,report_type,generated_at,score,confidence_basis_points,completeness_basis_points,evidence_ids,finding_ids,observation_id,canonical_payload_hash,payload,created_at) VALUES (${id('report')},${tenantId},${passportId},${reportType},${report.generatedAt},${risk.canonicalScore},${risk.confidenceBasisPoints},${risk.completenessBasisPoints},${JSON.stringify(evidence.map((item: any) => item.id))},${JSON.stringify(findings.map((item: any) => item.id))},${latest?.id ?? null},${reportHash},${canonicalPayload},${report.generatedAt}) ON CONFLICT (tenant_id,passport_id,report_type,canonical_payload_hash) DO NOTHING`);[39m
[31m+   return { ...report, reportHash };[39m
[31m+ }[39m
[31m+[39m

[36m [2m❯[22m tests/remediation-and-report-snapshot-fixes-contract.test.ts:[2m30:15[22m[39m
    [90m 28| [39m  it('binds null instead of undefined for the unreachable ELSE branch …
    [90m 29| [39m    [35mconst[39m s [33m=[39m [34mread[39m([32m'src/routes/trust-loop.ts'[39m)[33m;[39m
    [90m 30| [39m    [34mexpect[39m(s)[33m.[39m[34mtoContain[39m([32m'ELSE ${p.slaDueAt ?? null} END'[39m)[33m;[39m
    [90m   | [39m              [31m^[39m
    [90m 31| [39m  })[33m;[39m
    [90m 32| [39m})[33m;[39m

[31m[2m⎯⎯⎯⎯⎯⎯⎯⎯⎯⎯⎯⎯⎯⎯⎯⎯⎯⎯⎯⎯⎯[83/141]⎯[22m[39m

[41m[1m FAIL [22m[49m tests/remediation-tasks-contract.test.ts[2m > [22mSPR MSP command center remediation contracts[2m > [22msources finding detail from the findings already fetched at app level instead of a second network round trip
[31m[1mAssertionError[22m: expected 'import { useEffect, useMemo, useState…' to contain '<MSPCommandCenter clients={clients} a…'[39m

[32m- Expected[39m
[31m+ Received[39m

[32m- <MSPCommandCenter clients={clients} alerts={alerts} findings={findings} role={role}[39m
[31m+ import { useEffect, useMemo, useState, type ReactNode } from 'react';[39m
[31m+ import { getRedirectResult, onAuthStateChanged, signOut, type User } from 'firebase/auth';[39m
[31m+ import type { Alert, Client, Integration, Scan, SoftwarePassport, Vendor } from './types';[39m
[31m+ import type { VerificationDecision } from './lib/verification/evaluateVerification.ts';[39m
[31m+ import { apiFetch } from './utils/apiClient';[39m
[31m+ import { auth } from './lib/firebase';[39m
[31m+ import CommandCenter from './components/CommandCenter';[39m
[31m+ import ExtensionWorkflow from './components/ExtensionWorkflow';[39m
[31m+ import ExtensionMarketplace from './components/ExtensionMarketplace';[39m
[31m+ import LoginView from './components/LoginView';[39m
[31m+ import EvidenceDashboardView from './components/EvidenceDashboardView';[39m
[31m+ import EvidenceExplorerView from './components/EvidenceExplorerView';[39m
[31m+ import AITrustCenterView from './components/AITrustCenterView';[39m
[31m+ import CoverageView from './components/CoverageView';[39m
[31m+ import AssetsView from './components/AssetsView';[39m
[31m+ import PassportsView from './components/PassportsView';[39m
[31m+ import ScansView from './components/ScansView';[39m
[31m+ import AlertsView from './components/AlertsView';[39m
[31m+ import ClientsView from './components/ClientsView';[39m
[31m+ import VendorsView from './components/VendorsView';[39m
[31m+ import IntegrationsView from './components/IntegrationsView';[39m
[31m+ import BillingView from './components/BillingView';[39m
[31m+ import ComplianceView from './components/ComplianceView';[39m
[31m+ import AgentTrustView from './components/AgentTrustView';[39m
[31m+ import EnterpriseReadinessView from './components/EnterpriseReadinessView';[39m
[31m+ import FounderDashboardView from './components/FounderDashboardView';[39m
[31m+ import InvestorHomeView from './components/InvestorHomeView';[39m
[31m+ import SettingsView from './components/SettingsView';[39m
[31m+ import TeamView from './components/TeamView';[39m
[31m+ import AuditLogView from './components/AuditLogView';[39m
[31m+ import MonitoringView from './components/MonitoringView';[39m
[31m+ import SecurityCenterView from './components/SecurityCenterView';[39m
[31m+ import MSPCommandCenter from './components/MSPCommandCenter';[39m
[31m+ import ReportsView from './components/ReportsView';[39m
[31m+ import TrustGraphView from './components/TrustGraphView';[39m
[31m+ import { EXTENSIONS } from './workflows/extensionRegistry';[39m
[31m+ const PUBLIC_PATHS = new Set(['/','/login','/free-review','/pricing']);[39m
[31m+ const EMPTY_CLIENTS: Client[] = []; const EMPTY_PASSPORTS: SoftwarePassport[] = []; const EMPTY_VENDORS: Vendor[] = []; const EMPTY_INTEGRATIONS: Integration[] = []; const EMPTY_SCANS: Scan[] = []; const EMPTY_ALERTS: Alert[] = [];[39m
[31m+ function deriveAlertStatus(remediationStatus: string | null | undefined, findingStatus: string | null | undefined): Alert['status'] { switch (remediationStatus) { case 'IN_PROGRESS': case 'READY_FOR_VERIFICATION': return 'Acknowledged'; case 'BLOCKED': return 'Snoozed'; case 'VERIFIED': case 'CLOSED': return 'Resolved'; case 'CANCELLED': return 'Cancelled'; case 'OPEN': return 'Active'; default: return String(findingStatus || '').toLowerCase() === 'resolved' ? 'Resolved' : 'Active'; } }[39m
[31m+ function navigate(path: string) { window.history.pushState({}, '', path); window.dispatchEvent(new PopStateEvent('popstate')); }[39m
[31m+ function usePath() { const [path, setPath] = useState(() => window.location.pathname || '/'); useEffect(() => { const update = () => setPath(window.location.pathname || '/'); window.addEventListener('popstate', update); return () => window.removeEventListener('popstate', update); }, []); return path; }[39m
[31m+ function AuthLoading() { return <div className="grid min-h-screen place-items-center bg-[#faf9f8] text-[#201f1e]"><div className="text-center"><div className="mx-auto grid h-10 w-10 place-items-center rounded bg-[#0f6cbd] text-xs font-bold text-white">S</div><div className="mt-4 text-[11px] font-semibold uppercase tracking-wide text-[#605e5c]">Securing workspace</div><div className="mt-1 text-[12px] text-[#8a8886]">Checking authenticated session…</div></div></div>; }[39m
[31m+ function CoverPage() { return <div className="min-h-screen bg-[#faf9f8] text-[#201f1e]"><div className="mx-auto flex min-h-screen max-w-5xl items-center px-6 py-16"><div className="max-w-3xl"><div className="mb-5 inline-flex items-center gap-1.5 rounded border border-[#e1dfdd] bg-white px-2.5 py-1 text-[11px] font-semibold uppercase tracking-wide text-[#605e5c]">Evidence-first software trust</div><h1 className="text-[28px] font-semibold tracking-tight md:text-[34px]">Software trust, operated as a system.</h1><p className="mt-4 max-w-2xl text-[14px] leading-6 text-[#605e5c]">Software Passport Registry turns software identity, security, provenance, reliability, compliance, and evidence into repeatable workflows for teams, buyers, and managed service providers.</p><div className="mt-6 flex flex-wrap gap-2"><button onClick={() => navigate('/login')} className="h-9 rounded bg-[#0f6cbd] px-4 text-[13px] font-semibold text-white hover:bg-[#004578]">Enter SPR</button><button onClick={() => navigate('/free-review')} className="h-9 rounded border border-[#c8c6c4] bg-white px-4 text-[13px] font-medium text-[#323130] hover:bg-black/[.03]">Free review</button></div></div></div></div>; }[39m
[31m+ function PublicPage({ title, description, action, onAction }: { title: string; description: string; action: string; onAction: () => void }) { return <div className="grid min-h-screen place-items-center bg-[#faf9f8] px-6 text-[#201f1e]"><div className="max-w-md rounded-md border border-[#e1dfdd] bg-white p-6 text-center"><div className="text-[11px] font-semibold uppercase tracking-wide text-[#605e5c]">Software Passport Registry</div><h1 className="mt-2 text-[20px] font-semibold">{title}</h1><p className="mt-2 text-[13px] leading-5 text-[#605e5c]">{description}</p><button onClick={onAction} className="mt-5 h-9 rounded bg-[#0f6cbd] px-4 text-[13px] font-semibold text-white hover:bg-[#004578]">{action}</button></div></div>; }[39m
[31m+ function WorkflowBoundary({ title, description, extensionId, onNavigate }: { title: string; description: string; extensionId?: string; onNavigate: (path: string) => void }) { const extension = extensionId ? EXTENSIONS.find((item) => item.id === extensionId) : undefined; return <section><div className="rounded-md border border-[#e1dfdd] bg-white p-5"><div className="text-[11px] font-semibold uppercase tracking-wide text-[#605e5c]">Workflow boundary</div><h1 className="mt-1.5 text-[20px] font-semibold tracking-tight">{title}</h1><p className="mt-2 max-w-2xl text-[13px] leading-5 text-[#605e5c]">{description}</p>{extension && <button onClick={() => onNavigate(extension.entryPath)} className="mt-4 h-8 rounded bg-[#0f6cbd] px-3 text-[12px] font-semibold text-white hover:bg-[#004578]">Open {extension.name} →</button>}</div></section>; }[39m
[31m+ export default function App() {[39m
[31m+  const path=usePath(); const [authReady,setAuthReady]=useState(false); const [user,setUser]=useState<User|null>(null); const [role,setRole]=useState('Viewer'); const [selectedClientId,setSelectedClientId]=useState(''); const [selectedPassportId,setSelectedPassportId]=useState<string|null>(null); const [assets,setAssets]=useState<any[]>([]); const [clients,setClients]=useState<Client[]>(EMPTY_CLIENTS); const [passports,setPassports]=useState<SoftwarePassport[]>(EMPTY_PASSPORTS); const [vendors,setVendors]=useState<Vendor[]>(EMPTY_VENDORS); const [alerts,setAlerts]=useState<Alert[]>(EMPTY_ALERTS); const [findings,setFindings]=useState<unknown[]>([]); const [scans,setScans]=useState<Scan[]>(EMPTY_SCANS); const [integrations,setIntegrations]=useState<Integration[]>(EMPTY_INTEGRATIONS); const [theme,setTheme]=useState<'light'|'dark'>('dark'); const [verificationDecisions,setVerificationDecisions]=useState<Record<string,VerificationDecision>>({}); const [verificationDetails,setVerificationDetails]=useState<Record<string,unknown>>({});[39m
[31m+  useEffect(()=>{let mounted=true;let redirectSettled=false;let observedUser:User|null=null;const timeoutId=window.setTimeout(()=>{if(mounted)setAuthReady(true)},10000);const unsubscribe=onAuthStateChanged(auth,(currentUser)=>{if(!mounted)return;observedUser=currentUser;if(!redirectSettled)return;setUser(currentUser);setAuthReady(true);window.clearTimeout(timeoutId)},()=>{if(mounted){setAuthReady(true);window.clearTimeout(timeoutId)}});void getRedirectResult(auth).then(result=>{redirectSettled=true;if(mounted)setUser(result?.user||observedUser);if(mounted)setAuthReady(true);window.clearTimeout(timeoutId)}).catch(error=>{redirectSettled=true;console.error('[Firebase redirect sign-in error]',error);if(mounted)setUser(observedUser);if(mounted)setAuthReady(true);window.clearTimeout(timeoutId)});return()=>{mounted=false;window.clearTimeout(timeoutId);unsubscribe()}},[]);[39m
[31m+  useEffect(()=>{if(authReady&&!user&&!PUBLIC_PATHS.has(path))navigate('/login')},[authReady,user,path]);[39m
[31m+  useEffect(()=>{if(!user)return;let cancelled=false;const load=async()=>{const responses=await Promise.all([apiFetch('/api/user/me'),apiFetch('/api/scans'),apiFetch('/api/trust-loop/findings'),apiFetch('/api/user/passports'),apiFetch('/api/user/clients'),apiFetch('/api/integrations'),apiFetch('/api/user/verification')]);if(responses.some(r=>r.status===401)){await signOut(auth);navigate('/login');return}const [me,scansResponse,findingsResponse,passportsResponse,clientsResponse,integrationsResponse,verificationResponse]=responses;if(verificationResponse.ok){const data=await verificationResponse.json().catch(()=>null);if(!cancelled){setVerificationDecisions(data?.verificationDecisions&&typeof data.verificationDecisions==='object'?data.verificationDecisions:{});setVerificationDetails(data?.verificationDetails&&typeof data.verificationDetails==='object'?data.verificationDetails:{})}}else if(!cancelled){setVerificationDecisions({});setVerificationDetails({})}if(me.ok){const data=await me.json().catch(()=>null);if(!cancelled)setRole(String(data?.role||'Viewer'))}if(scansResponse.ok){const data=await scansResponse.json().catch(()=>[]);if(!cancelled&&Array.isArray(data))setScans(data)}if(findingsResponse.ok){const data=await findingsResponse.json().catch(()=>[]);const rows=Array.isArray(data)?data:data?.findings;if(!cancelled&&Array.isArray(rows)){setFindings(rows);setAlerts(rows.map((row:any)=>({id:String(row.id),title:String(row.title||row.control_id||'Trust finding'),severity:String(row.severity||'Low').replace(/^./,(s:string)=>s.toUpperCase()),category:'Trust finding',clientName:String(row.client_id||'Tenant'),description:String(row.description||'Evidence-backed finding'),timestamp:String(row.updated_at||''),status:deriveAlertStatus(row.remediation_status,row.status),remediationId:row.remediation_id?String(row.remediation_id):null,ownerDisplay:row.remediation_owner_display||null,slaDueAt:row.remediation_sla_due_at||null})) as Alert[])}}if(passportsResponse.ok){const data=await passportsResponse.json().catch(()=>[]);const rows=Array.isArray(data)?data:data?.passports;if(!cancelled&&Array.isArray(rows)){const normalized=rows.map((row:any)=>({...row,id:String(row.id),name:String(row.name||'Unnamed software'),version:String(row.version||'unknown'),publisher:String(row.publisher||'unknown'),clientId:row.clientId?String(row.clientId):undefined,evidence:Array.isArray(row.evidence)?row.evidence:[],vulnerabilities:Array.isArray(row.vulnerabilities)?row.vulnerabilities:[],timeline:Array.isArray(row.timeline)?row.timeline:[],sbom:Array.isArray(row.sbom)?row.sbom:[],scores:null,scoreStatus:row.scoreStatus||'not_authoritatively_scored'})) as SoftwarePassport[];setPassports(normalized);setAssets(normalized.map((passport:any)=>({id:passport.id,name:passport.name,hostName:passport.name,type:passport.category||'software',clientId:passport.clientId,clientName:String(passport.clientId||'Unobserved'),environment:String(passport.environment||'Unobserved'),version:passport.version})));setVendors(EMPTY_VENDORS)}}if(clientsResponse.ok){const data=await clientsResponse.json().catch(()=>[]);const rows=Array.isArray(data)?data:data?.clients;if(!cancelled&&Array.isArray(rows))setClients(rows.map((row:any)=>({...row,id:String(row.id),name:String(row.name||row.company_name||'Unnamed client')})) as Client[])}if(integrationsResponse.ok){const data=await integrationsResponse.json().catch(()=>[]);if(!cancelled&&Array.isArray(data))setIntegrations(data)}};void load().catch(error=>console.warn('[SPR command center load]',error));return()=>{cancelled=true}},[user]);[39m
[31m+  useEffect(()=>{const refresh=()=>{if(user)window.location.reload()};window.addEventListener('refresh-data',refresh);return()=>window.removeEventListener('refresh-data',refresh)},[user]);[39m
[31m+  const onNavigateTab=(target:string,itemId?:string)=>navigate(itemId?`${target.startsWith('/')?target:`/${target}`}/${encodeURIComponent(itemId)}`:target.startsWith('/')?target:`/${target}`); const quickAction=(action:'add-client'|'register-passport'|'scan-sbom')=>navigate(action==='add-client'?'/clients':action==='register-passport'?'/passports':'/scans');[39m
[31m+  const performAlertAction=async(alert:Alert,action:'acknowledge'|'assign'|'resolve'|'escalate'|'snooze'|'reopen',assigneeDisplay?:string)=>{let remediationId=alert.remediationId;if(!remediationId){const created=await apiFetch('/api/trust-loop/remediations',{method:'POST',headers:{'Content-Type':'application/json'},body:JSON.stringify({findingId:alert.id,title:alert.title,description:alert.description,priority:alert.severity.toUpperCase()})});if(!created.ok)return;const createdBody=await created.json().catch(()=>null);remediationId=createdBody?.id?String(createdBody.id):undefined;if(!remediationId)return}const patchBody:Record<string,unknown>={acknowledge:{status:'IN_PROGRESS'},resolve:{status:'CLOSED'},snooze:{status:'BLOCKED'},reopen:{status:'OPEN'},escalate:{status:'IN_PROGRESS',slaDueAt:new Date(Date.now()+4*3600*1000).toISOString()},assign:{status:'IN_PROGRESS',ownerDisplay:assigneeDisplay||''}}[action];const response=await apiFetch(`/api/trust-loop/remediations/${encodeURIComponent(remediationId)}`,{method:'PATCH',headers:{'Content-Type':'application/json'},body:JSON.stringify(patchBody)});if(!response.ok)return;const updated=await response.json().catch(()=>null);setAlerts(current=>current.map(item=>item.id===alert.id?{...item,remediationId,status:deriveAlertStatus(updated?.status??String(patchBody.status),null),ownerDisplay:updated?.owner_display??(patchBody.ownerDisplay as string|undefined)??item.ownerDisplay,slaDueAt:updated?.sla_due_at??(patchBody.slaDueAt as string|undefined)??item.slaDueAt}:item))};[39m
[31m+  const selectedExtension=useMemo(()=>{const match=path.match(/^\/extensions\/([^/]+)/);return match?decodeURIComponent(match[1]):null},[path]);const signOutUser=async()=>{await signOut(auth);navigate('/login')};[39m
[31m+  if(!authReady)return <AuthLoading/>;if(path==='/')return <CoverPage/>;if(path==='/login')return user?<AuthLoading/>:<LoginView onLoginSuccess={()=>navigate('/dashboard')}/>;if(!user&&path==='/free-review')return <PublicPage title="Free software review" description="Start an evidence-first review from the public entry point." action="Sign in to continue" onAction={()=>navigate('/login')}/>;if(!user&&path==='/pricing')return <PublicPage title="SPR plans" description="Account and billing capabilities are available inside the authenticated workspace." action="Enter SPR" onAction={()=>navigate('/login')}/>;if(!user)return <AuthLoading/>;[39m
[31m+  let view:ReactNode;if(selectedExtension)view=<ExtensionWorkflow id={selectedExtension} onNavigate={navigate}/>;else switch(path){case '/dashboard':view=<EvidenceDashboardView clients={clients} alerts={alerts} scans={scans} passports={passports} findings={findings} onNavigateTab={onNavigateTab} onOpenQuickAction={quickAction}/>;break;case '/coverage':view=<CoverageView clients={clients} scans={scans} passports={passports} onNavigateTab={onNavigateTab}/>;break;case '/evidence-explorer':view=<EvidenceExplorerView passports={passports}/>;break;case '/assets':view=<AssetsView clients={clients} searchQuery="" assets={assets}/>;break;case '/passports':case '/registry':view=<PassportsView verificationDecisions={verificationDecisions} verificationDetails={verificationDetails} passports={passports} selectedPassportId={selectedPassportId} setSelectedPassportId={setSelectedPassportId} searchQuery="" clients={clients} assets={assets} role={role} onNavigateTab={onNavigateTab} onUpdatePassport={passport=>setPassports(current=>current.map(item=>item.id===passport.id?passport:item))}/>;break;case '/scans':view=<ScansView scans={scans} clients={clients} assets={assets} passports={passports} role={role} onTriggerNewScan={scan=>setScans(current=>[scan,...current.filter(item=>item.id!==scan.id)].slice(0,100))}/>;break;case '/alerts':view=<AlertsView alerts={alerts} onAlertAction={performAlertAction}/>;break;case '/reports':view=<ReportsView clients={clients} passports={passports} scans={scans} alerts={alerts} findings={findings} role={role}/>;break;case '/trust-graph':view=<TrustGraphView clients={clients} passports={passports} assets={assets} findings={findings}/>;/* onSelectPassport={setSelectedPassportId} */break;case '/clients':view=<ClientsView clients={clients} selectedClientId={selectedClientId} setSelectedClientId={setSelectedClientId} passports={passports} onNavigateTab={onNavigateTab} searchQuery=""/>;break;case '/vendors':view=<VendorsView vendors={vendors} searchQuery=""/>;break;case '/integrations':view=<IntegrationsView passports={passports} onNavigateTab={onNavigateTab}/>;break;case '/monitoring':view=<MonitoringView role={role}/>;break;case '/security':view=<SecurityCenterView clients={clients} passports={passports}/>;break;case '/compliance':view=<ComplianceView clients={clients} role={role}/>;break;case '/msp':view=<MSPCommandCenter verificationDecisions={verificationDecisions} verificationDetails={verificationDetails} clients={clients} alerts={alerts} findings={findings} role={role} onSelectClient={setSelectedClientId} onNavigate={navigate}/>;break;case '/agent-trust':view=<AgentTrustView/>;break;case '/ai-trust-center':view=<AITrustCenterView role={role}/>;break;case '/enterprise-readiness':view=<EnterpriseReadinessView clients={clients}/>;break;case '/investor':view=<InvestorHomeView passports={passports} clients={clients} alerts={alerts} onShowTelemetry={()=>navigate('/scans')} onNavigateTab={onNavigateTab}/>;break;case '/founder':view=<FounderDashboardView userRole={role}/>;break;case '/billing':view=<BillingView/>;break;case '/settings':view=<SettingsView theme={theme} onToggleTheme={()=>setTheme(current=>current==='dark'?'light':'dark')}/>;break;case '/team':view=<TeamView role={role}/>;break;case '/audit-log':view=<AuditLogView/>;break;case '/extensions':view=<ExtensionMarketplace onNavigateTab={onNavigateTab} role={role}/>;break;default:view=<WorkflowBoundary title="Workflow" description="This authenticated capability is explicitly routed through the Command Center. Choose its owning workflow from the left rail." onNavigate={navigate}/>}[39m
[31m+  return <CommandCenter path={path} userEmail={user.email} role={role} onNavigate={navigate} onSignOut={()=>void signOutUser()}>{view}</CommandCenter>;[39m
[31m+ }[39m
[31m+[39m

[36m [2m❯[22m tests/remediation-tasks-contract.test.ts:[2m23:17[22m[39m
    [90m 21| [39m    expect(view).toContain('findings.find((item: any) => String(item.i…
    [90m 22| [39m    [35mconst[39m app [33m=[39m [34mread[39m([32m'src/App.tsx'[39m)[33m;[39m
    [90m 23| [39m    expect(app).toContain('<MSPCommandCenter clients={clients} alerts=…
    [90m   | [39m                [31m^[39m
    [90m 24| [39m  })[33m;[39m
    [90m 25| [39m

[31m[2m⎯⎯⎯⎯⎯⎯⎯⎯⎯⎯⎯⎯⎯⎯⎯⎯⎯⎯⎯⎯⎯[84/141]⎯[22m[39m

[41m[1m FAIL [22m[49m tests/remediation-tasks-contract.test.ts[2m > [22mSPR MSP command center remediation contracts[2m > [22madds a real /api/ready alias so the diagnostics panel actually reaches the backend instead of the Vercel SPA fallback
[31m[1mAssertionError[22m: expected true to be false // Object.is equality[39m

[32m- Expected[39m
[31m+ Received[39m

[32m- false[39m
[31m+ true[39m

[36m [2m❯[22m tests/remediation-tasks-contract.test.ts:[2m63:87[22m[39m
    [90m 61| [39m    // the SPA fallback (index.html) instead of 404ing where it would …
    [90m 62| [39m    [35mconst[39m vercelConfig [33m=[39m [34mread[39m([32m'vercel.json'[39m)[33m;[39m
    [90m 63| [39m    expect(JSON.parse(vercelConfig).rewrites.some((r: any) => r.source…
    [90m   | [39m                                                                                      [31m^[39m
    [90m 64| [39m    [35mconst[39m settings [33m=[39m [34mread[39m([32m'src/components/SettingsView.tsx'[39m)[33m;[39m
    [90m 65| [39m    [34mexpect[39m(settings)[33m.[39m[34mtoContain[39m([32m"apiFetch('/api/ready')"[39m)[33m;[39m

[31m[2m⎯⎯⎯⎯⎯⎯⎯⎯⎯⎯⎯⎯⎯⎯⎯⎯⎯⎯⎯⎯⎯[85/141]⎯[22m[39m

[41m[1m FAIL [22m[49m tests/report-changes-contract.test.ts[2m > [22mGET /trust-loop/reports/:passportId/changes[2m > [22mreuses the real change-detection functions instead of a new formula
[31m[1mAssertionError[22m: expected 'import { Router } from \'express\';\n…' to contain 'import { classifyCanonicalChange, com…'[39m

[32m- Expected[39m
[31m+ Received[39m

[32m- import { classifyCanonicalChange, compareCanonicalObservations } from '../utils/observation-history.ts';[39m
[31m+ import { Router } from 'express';[39m
[31m+ import { sql } from 'drizzle-orm';[39m
[31m+ import crypto from 'node:crypto';[39m
[31m+ import { z } from 'zod';[39m
[31m+ import { AuthenticatedRequest } from '../middleware/security.ts';[39m
[31m+ import { decryptCredentials } from '../integrations/credential-vault.ts';[39m
[31m+ import { collectDeepProviderEvidence } from '../integrations/deep-collectors.ts';[39m
[31m+ import { collectGitHubDeepEvidence } from '../integrations/github-deep.ts';[39m
[31m+ import { persistTrustLoop, verifyRemediation } from '../trust/trust-loop.ts';[39m
[31m+[39m
[31m+ const collectSchema = z.object({ passportId: z.string().trim().min(1).max(255), provider: z.string().trim().min(1).max(64) }).strict();[39m
[31m+ const remediationSchema = z.object({[39m
[31m+   findingId: z.string().trim().min(1),[39m
[31m+   title: z.string().trim().min(1).max(255),[39m
[31m+   description: z.string().max(4000).optional(),[39m
[31m+   assigneeId: z.string().max(255).optional(),[39m
[31m+   assigneeDisplay: z.string().max(255).optional(),[39m
[31m+   externalSystem: z.string().trim().min(1).max(64).default('SPR'),[39m
[31m+   externalTicketId: z.string().max(255).optional(),[39m
[31m+   slaDueAt: z.string().datetime().optional(),[39m
[31m+   priority: z.enum(['LOW', 'MEDIUM', 'HIGH', 'CRITICAL']).default('HIGH'),[39m
[31m+ }).strict();[39m
[31m+ const remediationUpdateSchema = z.object({ status: z.enum(['OPEN', 'IN_PROGRESS', 'BLOCKED', 'READY_FOR_VERIFICATION', 'VERIFIED', 'CLOSED', 'CANCELLED']), ownerId: z.string().max(255).optional(), ownerDisplay: z.string().max(255).optional(), slaDueAt: z.string().datetime().nullable().optional() }).strict();[39m
[31m+ const verifySchema = z.object({ findingId: z.string().trim().min(1), observationIds: z.array(z.string().min(1)).max(50), evidenceIds: z.array(z.string().min(1)).max(200) }).strict();[39m
[31m+ const reportTypes = z.enum(['executive', 'technical', 'msp', 'customer', 'compliance', 'vendor', 'auditor', 'evidence-ledger']);[39m
[31m+ function id(prefix: string) { return `${prefix}_${crypto.randomUUID().replaceAll('-', '')}`; }[39m
[31m+ function parseJson(value: unknown, fallback: unknown = []) { try { return value ? JSON.parse(String(value)) : fallback; } catch { return fallback; } }[39m
[31m+[39m
[31m+ const SEVERITY_ORDER = ['critical', 'high', 'medium', 'low'];[39m
[31m+[39m
[31m+ export type ReportPassportRow = {[39m
[31m+   overall_score: number | null;[39m
[31m+   security_score: number | null;[39m
[31m+   compliance_score: number | null;[39m
[31m+   verification_status: string | null;[39m
[31m+   confidence_score: number | null;[39m
[31m+   evidence_completeness: number | null;[39m
[31m+ };[39m
[31m+[39m
[31m+ export function deriveReportRiskFields(passport: ReportPassportRow) {[39m
[31m+   const verificationStatus = passport.verification_status || 'unverified';[39m
[31m+   const isMeasured = verificationStatus !== 'unverified';[39m
[31m+   return {[39m
[31m+     canonicalScore: isMeasured ? passport.overall_score : null,[39m
[31m+     verificationStatus,[39m
[31m+     confidenceBasisPoints: isMeasured && passport.confidence_score != null ? Math.round(passport.confidence_score * 100) : null,[39m
[31m+     completenessBasisPoints: isMeasured && passport.evidence_completeness != null ? Math.round(passport.evidence_completeness * 100) : null,[39m
[31m+   };[39m
[31m+ }[39m
[31m+[39m
[31m+ function buildReportTypeExtras(reportType: string, passport: any, findings: any[]) {[39m
[31m+   if (reportType === 'sbom') {[39m
[31m+     const components = parseJson(passport.sbom, []) as any[];[39m
[31m+     const vulnerabilities = parseJson(passport.vulnerabilities, []) as any[];[39m
[31m+     const sbom = components.map((component) => {[39m
[31m+       const name = component?.name || component?.packageName || component?.component;[39m
[31m+       const matched = vulnerabilities.filter((vuln) => (vuln?.component || vuln?.packageName || vuln?.package) === name);[39m
[31m+       return { ...component, vulnerabilityCount: matched.length, criticalOrHighCount: matched.filter((vuln) => SEVERITY_ORDER.slice(0, 2).includes(String(vuln?.severity || '').toLowerCase())).length };[39m
[31m+     });[39m
[31m+     return { sbom };[39m
[31m+   }[39m
[31m+   if (reportType === 'compliance') {[39m
[31m+     const byControl = new Map<string, { controlId: string; findingCount: number; openCount: number; worstSeverity: string; findingIds: string[] }>();[39m
[31m+     for (const finding of findings) {[39m
[31m+       const controlId = finding.control_id || 'unmapped';[39m
[31m+       const entry = byControl.get(controlId) || { controlId, findingCount: 0, openCount: 0, worstSeverity: 'low', findingIds: [] as string[] };[39m
[31m+       entry.findingCount += 1;[39m
[31m+       entry.findingIds.push(finding.id);[39m
[31m+       if (!['resolved', 'closed', 'verified'].includes(String(finding.status || '').toLowerCase())) entry.openCount += 1;[39m
[31m+       const severity = String(finding.severity || '').toLowerCase();[39m
[31m+       if (SEVERITY_ORDER.includes(severity) && SEVERITY_ORDER.indexOf(severity) < SEVERITY_ORDER.indexOf(entry.worstSeverity)) entry.worstSeverity = severity;[39m
[31m+       byControl.set(controlId, entry);[39m
[31m+     }[39m
[31m+     return { controls: [...byControl.values()] };[39m
[31m+   }[39m
[31m+   return {};[39m
[31m+ }[39m
[31m+[39m
[31m+ export function createTrustLoopRouter() {[39m
[31m+   const router = Router();[39m
[31m+[39m
[31m+   router.post('/collect', async (req: AuthenticatedRequest, res, next) => {[39m
[31m+     const parsed = collectSchema.safeParse(req.body);[39m
[31m+     if (!parsed.success) return res.status(400).json({ error: 'INVALID_PAYLOAD', details: parsed.error.flatten() });[39m
[31m+     const { passportId, provider } = parsed.data;[39m
[31m+     const tenantId = req.user!.tenantId;[39m
[31m+     const runId = id('collect');[39m
[31m+     const startedAt = new Date().toISOString();[39m
[31m+     const db = req.db!;[39m
[31m+     try {[39m
[31m+       const passport = (await db.execute(sql`SELECT id,client_id FROM passports WHERE id=${passportId} AND tenant_id=${tenantId} LIMIT 1`) as any).rows?.[0];[39m
[31m+       if (!passport) return res.status(404).json({ error: 'PASSPORT_NOT_FOUND' });[39m
[31m+       const stored = (await db.execute(sql`SELECT encrypted_payload FROM integration_credentials WHERE tenant_id=${tenantId} AND provider=${provider} LIMIT 1`) as any).rows?.[0];[39m
[31m+       if (!stored?.encrypted_payload) return res.status(409).json({ error: 'CREDENTIAL_NOT_CONFIGURED' });[39m
[31m+[39m
[31m+       await db.execute(sql`INSERT INTO trust_collection_runs (id,tenant_id,passport_id,provider,started_at,status,idempotency_key,created_at) VALUES (${runId},${tenantId},${passportId},${provider},${startedAt},'RUNNING',${`${tenantId}:${passportId}:${provider}:${startedAt}`},${startedAt})`);[39m
[31m+       const credentials = decryptCredentials(stored.encrypted_payload) as Record<string, string>;[39m
[31m+       const observations = provider === 'github' ? await collectGitHubDeepEvidence(credentials) : await collectDeepProviderEvidence(provider as any, credentials);[39m
[31m+       const result = await persistTrustLoop({ tenantId, passportId, clientId: passport.client_id || passport.id, assetId: passport.id, observations, generationReason: 'provider_collection', actorType: 'worker', collectorVersionMap: { [provider]: 'deep-v2' } });[39m
[31m+       const completedAt = new Date().toISOString();[39m
[31m+       await db.execute(sql`UPDATE trust_collection_runs SET completed_at=${completedAt},status='SUCCEEDED',observation_count=${observations.length},evidence_count=${result.evidenceIds.length},failure_count=${observations.filter((o) => o.status === 'FAIL').length},collector_version='deep-v2' WHERE id=${runId} AND tenant_id=${tenantId}`);[39m
[31m+       await db.execute(sql`INSERT INTO trust_monitoring_state (id,tenant_id,passport_id,provider,next_run_at,last_run_at,last_success_at,last_evidence_hash,consecutive_failures,status,updated_at) VALUES (${id('monitor')},${tenantId},${passportId},${provider},${new Date(Date.now()+3600000).toISOString()},${completedAt},${completedAt},${result.payloadHash},0,'HEALTHY',${completedAt}) ON CONFLICT (tenant_id,passport_id,provider) DO UPDATE SET next_run_at=EXCLUDED.next_run_at,last_run_at=EXCLUDED.last_run_at,last_success_at=EXCLUDED.last_success_at,last_evidence_hash=EXCLUDED.last_evidence_hash,consecutive_failures=0,status='HEALTHY',updated_at=EXCLUDED.updated_at`);[39m
[31m+       return res.json({ runId, provider, observationCount: observations.length, ...result });[39m
[31m+     } catch (error) {[39m
[31m+       const completedAt = new Date().toISOString();[39m
[31m+       await db.execute(sql`UPDATE trust_collection_runs SET completed_at=${completedAt},status='FAILED',error_code='COLLECTION_FAILED',error_message=${error instanceof Error ? error.message.slice(0,1000) : 'COLLECTION_FAILED'} WHERE id=${runId} AND tenant_id=${tenantId}`).catch(() => undefined);[39m
[31m+       await db.execute(sql`UPDATE trust_monitoring_state SET last_run_at=${completedAt},last_failure_at=${completedAt},consecutive_failures=consecutive_failures+1,status=CASE WHEN consecutive_failures+1 >= 5 THEN 'FAILED' ELSE 'DEGRADED' END,updated_at=${completedAt} WHERE tenant_id=${tenantId} AND passport_id=${passportId} AND provider=${provider}`).catch(() => undefined);[39m
[31m+       return next(error);[39m
[31m+     }[39m
[31m+   });[39m
[31m+[39m
[31m+   const findingsWithRemediationSelect = sql`[39m
[31m+     SELECT f.*, r.id AS remediation_id, r.status AS remediation_status, r.owner_id AS remediation_owner_id,[39m
[31m+            r.owner_display AS remediation_owner_display, r.sla_due_at AS remediation_sla_due_at, r.updated_at AS remediation_updated_at[39m
[31m+     FROM trust_findings f[39m
[31m+     LEFT JOIN LATERAL ([39m
[31m+       SELECT * FROM trust_remediation_work_items w[39m
[31m+       WHERE w.tenant_id = f.tenant_id AND w.finding_id = f.id[39m
[31m+       ORDER BY w.created_at DESC LIMIT 1[39m
[31m+     ) r ON true[39m
[31m+   `;[39m
[31m+   router.get('/findings', async (req: AuthenticatedRequest, res, next) => {[39m
[31m+     try {[39m
[31m+       const db = req.db!;[39m
[31m+       const tenantId = req.user!.tenantId;[39m
[31m+       const passportId = typeof req.query.passportId === 'string' ? req.query.passportId : null;[39m
[31m+       const rows = passportId[39m
[31m+         ? await db.execute(sql`${findingsWithRemediationSelect} WHERE f.tenant_id=${tenantId} AND f.passport_id=${passportId} ORDER BY CASE f.severity WHEN 'critical' THEN 1 WHEN 'high' THEN 2 WHEN 'medium' THEN 3 WHEN 'low' THEN 4 ELSE 5 END,f.updated_at DESC`)[39m
[31m+         : await db.execute(sql`${findingsWithRemediationSelect} WHERE f.tenant_id=${tenantId} ORDER BY f.updated_at DESC`);[39m
[31m+       return res.json({ findings: (rows as any).rows || [] });[39m
[31m+     } catch (error) { return next(error); }[39m
[31m+   });[39m
[31m+[39m
[31m+   router.post('/remediations', async (req: AuthenticatedRequest, res, next) => {[39m
[31m+     const parsed = remediationSchema.safeParse(req.body);[39m
[31m+     if (!parsed.success) return res.status(400).json({ error: 'INVALID_PAYLOAD', details: parsed.error.flatten() });[39m
[31m+     try {[39m
[31m+       const db = req.db!;[39m
[31m+       const p = parsed.data;[39m
[31m+       const tenantId = req.user!.tenantId;[39m
[31m+       const finding = (await db.execute(sql`SELECT id,client_id,passport_id,title,description FROM trust_findings WHERE id=${p.findingId} AND tenant_id=${tenantId} LIMIT 1`) as any).rows?.[0];[39m
[31m+       if (!finding) return res.status(404).json({ error: 'FINDING_NOT_FOUND' });[39m
[31m+       const now = new Date().toISOString();[39m
[31m+       const workId = id('remed');[39m
[31m+       await db.execute(sql`INSERT INTO trust_remediation_work_items (id,tenant_id,passport_id,finding_id,external_system,external_ticket_id,owner_id,owner_display,sla_due_at,status,remediation_plan,created_at,updated_at) VALUES (${workId},${tenantId},${finding.passport_id},${finding.id},${p.externalSystem},${p.externalTicketId ?? null},${p.assigneeId ?? null},${p.assigneeDisplay ?? null},${p.slaDueAt ?? null},'OPEN',${p.description || finding.description},${now},${now})`);[39m
[31m+       await db.execute(sql`INSERT INTO remediation_tasks (id,tenant_id,client_id,alert_id,title,description,priority,status,assignee_id,created_by,created_at,updated_at) VALUES (${workId},${tenantId},${finding.client_id},${finding.id},${p.title},${p.description || finding.description},${p.priority},'OPEN',${p.assigneeId ?? null},${req.user!.uid},${now},${now})`);[39m
[31m+       const created = (await db.execute(sql`SELECT * FROM trust_remediation_work_items WHERE id=${workId} AND tenant_id=${tenantId} LIMIT 1`) as any).rows?.[0];[39m
[31m+       return res.status(201).json({ ...created, title: p.title });[39m
[31m+     } catch (error) { return next(error); }[39m
[31m+   });[39m
[31m+[39m
[31m+   router.get('/remediations/:id', async (req: AuthenticatedRequest, res, next) => {[39m
[31m+     try {[39m
[31m+       const db = req.db!;[39m
[31m+       const tenantId = req.user!.tenantId;[39m
[31m+       const row = (await db.execute(sql`SELECT w.*, f.title AS finding_title FROM trust_remediation_work_items w JOIN trust_findings f ON f.id = w.finding_id AND f.tenant_id = w.tenant_id WHERE w.id=${req.params.id} AND w.tenant_id=${tenantId} LIMIT 1`) as any).rows?.[0];[39m
[31m+       if (!row) return res.status(404).json({ error: 'REMEDIATION_NOT_FOUND' });[39m
[31m+       return res.json({ ...row, title: row.finding_title });[39m
[31m+     } catch (error) { return next(error); }[39m
[31m+   });[39m
[31m+[39m
[31m+   router.post('/remediations/:id/verify-latest', async (req: AuthenticatedRequest, res, next) => {[39m
[31m+     try {[39m
[31m+       const db = req.db!;[39m
[31m+       const tenantId = req.user!.tenantId;[39m
[31m+       const work = (await db.execute(sql`SELECT id,finding_id,passport_id FROM trust_remediation_work_items WHERE id=${req.params.id} AND tenant_id=${tenantId} LIMIT 1`) as any).rows?.[0];[39m
[31m+       if (!work) return res.status(404).json({ error: 'REMEDIATION_NOT_FOUND' });[39m
[31m+       const latestObservation = (await db.execute(sql`SELECT id,evidence_ids FROM trust_observations WHERE tenant_id=${tenantId} AND passport_id=${work.passport_id} ORDER BY observation_version DESC LIMIT 1`) as any).rows?.[0];[39m
[31m+       if (!latestObservation) return res.status(409).json({ error: 'NO_OBSERVATION_ON_FILE', message: 'SPR has no recorded observation for this software yet. Collect evidence before verifying.' });[39m
[31m+       const evidenceIds: string[] = parseJson(latestObservation.evidence_ids, []) as string[];[39m
[31m+       const result = await verifyRemediation({ tenantId, findingId: work.finding_id, observationIds: [latestObservation.id], evidenceIds, actorId: req.user!.uid });[39m
[31m+       const now = new Date().toISOString();[39m
[31m+       await db.execute(sql`UPDATE trust_remediation_work_items SET status='VERIFIED',updated_at=${now},closed_at=${now} WHERE id=${work.id} AND tenant_id=${tenantId}`);[39m
[31m+       const row = (await db.execute(sql`SELECT * FROM trust_remediation_work_items WHERE id=${work.id} AND tenant_id=${tenantId} LIMIT 1`) as any).rows?.[0];[39m
[31m+       return res.json({ ...row, verification: result });[39m
[31m+     } catch (error: any) {[39m
[31m+       const message = error instanceof Error ? error.message : String(error);[39m
[31m+       if (/^VERIFICATION_|^FINDING_NOT_FOUND$/.test(message)) return res.status(409).json({ error: message });[39m
[31m+       return next(error);[39m
[31m+     }[39m
[31m+   });[39m
[31m+[39m
[31m+   router.patch('/remediations/:id', async (req: AuthenticatedRequest, res, next) => {[39m
[31m+     const parsed = remediationUpdateSchema.safeParse(req.body);[39m
[31m+     if (!parsed.success) return res.status(400).json({ error: 'INVALID_PAYLOAD', details: parsed.error.flatten() });[39m
[31m+     try {[39m
[31m+       const db = req.db!;[39m
[31m+       const tenantId = req.user!.tenantId;[39m
[31m+       const p = parsed.data;[39m
[31m+       const now = new Date().toISOString();[39m
[31m+       const rows = await db.execute(sql`UPDATE trust_remediation_work_items SET status=${p.status},owner_id=COALESCE(${p.ownerId ?? null},owner_id),owner_display=COALESCE(${p.ownerDisplay ?? null},owner_display),sla_due_at=CASE WHEN ${p.slaDueAt === undefined} THEN sla_due_at ELSE ${p.slaDueAt} END,updated_at=${now},closed_at=CASE WHEN ${p.status} IN ('CLOSED','VERIFIED') THEN ${now} ELSE closed_at END WHERE id=${req.params.id} AND tenant_id=${tenantId} RETURNING *`);[39m
[31m+       const row = (rows as any).rows?.[0];[39m
[31m+       if (!row) return res.status(404).json({ error: 'REMEDIATION_NOT_FOUND' });[39m
[31m+       return res.json(row);[39m
[31m+     } catch (error) { return next(error); }[39m
[31m+   });[39m
[31m+[39m
[31m+   router.post('/verify', async (req: AuthenticatedRequest, res, next) => {[39m
[31m+     const parsed = verifySchema.safeParse(req.body);[39m
[31m+     if (!parsed.success) return res.status(400).json({ error: 'INVALID_PAYLOAD', details: parsed.error.flatten() });[39m
[31m+     try {[39m
[31m+       const db = req.db!;[39m
[31m+       const result = await verifyRemediation({ ...parsed.data, tenantId: req.user!.tenantId, actorId: req.user!.uid });[39m
[31m+       await db.execute(sql`UPDATE trust_remediation_work_items SET status='VERIFIED',updated_at=${new Date().toISOString()},closed_at=${new Date().toISOString()} WHERE tenant_id=${req.user!.tenantId} AND finding_id=${parsed.data.findingId}`);[39m
[31m+       return res.json(result);[39m
[31m+     } catch (error) { return next(error); }[39m
[31m+   });[39m
[31m+[39m
[31m+   router.get('/monitoring', async (req: AuthenticatedRequest, res, next) => {[39m
[31m+     try {[39m
[31m+       const db = req.db!;[39m
[31m+       const tenantId = req.user!.tenantId;[39m
[31m+       const passportId = typeof req.query.passportId === 'string' ? req.query.passportId : null;[39m
[31m+       const rows = passportId ? await db.execute(sql`SELECT * FROM trust_monitoring_state WHERE tenant_id=${tenantId} AND passport_id=${passportId} ORDER BY provider`) : await db.execute(sql`SELECT * FROM trust_monitoring_state WHERE tenant_id=${tenantId} ORDER BY passport_id,provider`);[39m
[31m+       const alerts = passportId ? await db.execute(sql`SELECT * FROM trust_alerts WHERE tenant_id=${tenantId} AND passport_id=${passportId} ORDER BY created_at DESC`) : await db.execute(sql`SELECT * FROM trust_alerts WHERE tenant_id=${tenantId} ORDER BY created_at DESC`);[39m
[31m+       return res.json({ monitoring: (rows as any).rows || [], alerts: (alerts as any).rows || [] });[39m
[31m+     } catch (error) { return next(error); }[39m
[31m+   });[39m
[31m+[39m
[31m+   router.get('/ledger/:passportId', async (req: AuthenticatedRequest, res, next) => {[39m
[31m+     try {[39m
[31m+       const db = req.db!;[39m
[31m+       const tenantId = req.user!.tenantId;[39m
[31m+       const passportId = req.params.passportId;[39m
[31m+       const scope = await db.execute(sql`SELECT id FROM passports WHERE id=${passportId} AND tenant_id=${tenantId} LIMIT 1`);[39m
[31m+       if (!(scope as any).rows?.length) return res.status(404).json({ error: 'PASSPORT_NOT_FOUND' });[39m
[31m+       const observations = await db.execute(sql`SELECT id,observation_version,generated_at,previous_observation_id,evidence_ids,finding_ids,canonical_payload_hash,completeness_basis_points,open_finding_count,unknown_dimension_count FROM trust_observations WHERE tenant_id=${tenantId} AND passport_id=${passportId} ORDER BY observation_version DESC`);[39m
[31m+       const evidence = await db.execute(sql`SELECT id,provider,control_id,subject,source_url,observed_at,verification_method,status,severity,evidence_hash,limitation FROM evidence_ledger WHERE tenant_id=${tenantId} AND passport_id=${passportId} ORDER BY observed_at DESC`);[39m
[31m+       const findings = await db.execute(sql`SELECT id,control_id,title,severity,status,evidence_ids,fingerprint,updated_at,resolved_at FROM trust_findings WHERE tenant_id=${tenantId} AND passport_id=${passportId} ORDER BY updated_at DESC`);[39m
[31m+       const remediation = await db.execute(sql`SELECT * FROM trust_remediation_work_items WHERE tenant_id=${tenantId} AND passport_id=${passportId} ORDER BY updated_at DESC`);[39m
[31m+       const verification = await db.execute(sql`SELECT * FROM remediation_verification_ledger WHERE tenant_id=${tenantId} AND finding_id IN (SELECT id FROM trust_findings WHERE tenant_id=${tenantId} AND passport_id=${passportId}) ORDER BY created_at DESC`);[39m
[31m+       return res.json({ observations: (observations as any).rows || [], findings: (findings as any).rows || [], evidence: (evidence as any).rows || [], remediation: (remediation as any).rows || [], verification: (verification as any).rows || [], trace: 'Report -> Passport -> Risk -> Finding -> Observation -> Provider -> Source -> Timestamp -> Hash' });[39m
[31m+     } catch (error) { return next(error); }[39m
[31m+   });[39m
[31m+[39m
[31m+   router.get('/reports/:passportId/history', async (req: AuthenticatedRequest, res, next) => {[39m
[31m+     try {[39m
[31m+       const db = req.db!;[39m
[31m+       const tenantId = req.user!.tenantId;[39m
[31m+       const passportId = req.params.passportId;[39m
[31m+       const typeFilter = typeof req.query.type === 'string' ? reportTypes.safeParse(req.query.type) : null;[39m
[31m+       if (typeFilter && !typeFilter.success) return res.status(400).json({ error: 'INVALID_REPORT_TYPE' });[39m
[31m+       const rows = typeFilter?.success[39m
[31m+         ? await db.execute(sql`SELECT id,report_type,generated_at,score,confidence_basis_points,completeness_basis_points,canonical_payload_hash FROM trust_report_snapshots WHERE tenant_id=${tenantId} AND passport_id=${passportId} AND report_type=${typeFilter.data} ORDER BY generated_at DESC LIMIT 50`)[39m
[31m+         : await db.execute(sql`SELECT id,report_type,generated_at,score,confidence_basis_points,completeness_basis_points,canonical_payload_hash FROM trust_report_snapshots WHERE tenant_id=${tenantId} AND passport_id=${passportId} ORDER BY generated_at DESC LIMIT 50`);[39m
[31m+       return res.json({ snapshots: (rows as any).rows || [] });[39m
[31m+     } catch (error) { return next(error); }[39m
[31m+   });[39m
[31m+[39m
[31m+   router.get('/reports/:passportId/history/:snapshotId', async (req: AuthenticatedRequest, res, next) => {[39m
[31m+     try {[39m
[31m+       const db = req.db!;[39m
[31m+       const tenantId = req.user!.tenantId;[39m
[31m+       const row = (await db.execute(sql`SELECT payload,canonical_payload_hash,generated_at,report_type FROM trust_report_snapshots WHERE id=${req.params.snapshotId} AND tenant_id=${tenantId} AND passport_id=${req.params.passportId} LIMIT 1`) as any).rows?.[0];[39m
[31m+       if (!row) return res.status(404).json({ error: 'REPORT_SNAPSHOT_NOT_FOUND' });[39m
[31m+       const payload = parseJson(row.payload, {});[39m
[31m+       return res.json({ ...(payload as object), reportHash: row.canonical_payload_hash });[39m
[31m+     } catch (error) { return next(error); }[39m
[31m+   });[39m
[31m+[39m
[31m+   router.get('/reports/:passportId', async (req: AuthenticatedRequest, res, next) => {[39m
[31m+     try {[39m
[31m+       const parsed = reportTypes.safeParse(req.query.type || 'executive');[39m
[31m+       if (!parsed.success) return res.status(400).json({ error: 'INVALID_REPORT_TYPE' });[39m
[31m+       const report = await buildAndPersistReport(req.db!, req.user!.tenantId, String(req.params.passportId), parsed.data);[39m
[31m+       if (!report) return res.status(404).json({ error: 'PASSPORT_NOT_FOUND' });[39m
[31m+       return res.json(report);[39m
[31m+     } catch (error) { return next(error); }[39m
[31m+   });[39m
[31m+[39m
[31m+   return router;[39m
[31m+ }[39m
[31m+[39m
[31m+ export async function buildAndPersistReport(db: any, tenantId: string, passportId: string, reportType: string) {[39m
[31m+   const passport = (await db.execute(sql`SELECT id,name,overall_score,security_score,compliance_score,verification_status,confidence_score,evidence_completeness,sbom,evidence,vulnerabilities,timeline FROM passports WHERE id=${passportId} AND tenant_id=${tenantId} LIMIT 1`) as any).rows?.[0];[39m
[31m+   if (!passport) return null;[39m
[31m+   const findings = (await db.execute(sql`SELECT id,control_id,title,severity,status,description,remediation,evidence_ids,updated_at,resolved_at FROM trust_findings WHERE tenant_id=${tenantId} AND passport_id=${passportId} ORDER BY CASE severity WHEN 'critical' THEN 1 WHEN 'high' THEN 2 WHEN 'medium' THEN 3 WHEN 'low' THEN 4 ELSE 5 END,updated_at DESC`) as any).rows || [];[39m
[31m+   const evidence = (await db.execute(sql`SELECT id,provider,control_id,subject,source_url,observed_at,verification_method,status,severity,evidence_hash,limitation FROM evidence_ledger WHERE tenant_id=${tenantId} AND passport_id=${passportId} ORDER BY observed_at DESC`) as any).rows || [];[39m
[31m+   const observations = (await db.execute(sql`SELECT id,observation_version,generated_at,previous_observation_id,evidence_ids,finding_ids,canonical_payload_hash,completeness_basis_points,confidence_basis_points,open_finding_count,unknown_dimension_count FROM trust_observations WHERE tenant_id=${tenantId} AND passport_id=${passportId} ORDER BY observation_version DESC`) as any).rows || [];[39m
[31m+   const remediation = (await db.execute(sql`SELECT * FROM trust_remediation_work_items WHERE tenant_id=${tenantId} AND passport_id=${passportId} ORDER BY updated_at DESC`) as any).rows || [];[39m
[31m+   const verification = (await db.execute(sql`SELECT * FROM remediation_verification_ledger WHERE tenant_id=${tenantId} AND finding_id IN (SELECT id FROM trust_findings WHERE tenant_id=${tenantId} AND passport_id=${passportId}) ORDER BY created_at DESC`) as any).rows || [];[39m
[31m+   const latest = observations[0];[39m
[31m+   const risk = deriveReportRiskFields(passport as ReportPassportRow);[39m
[31m+   const report = {[39m
[31m+     schemaVersion: 'spr.report.v2', reportType, generatedAt: new Date().toISOString(), passport: { id: passport.id, name: passport.name },[39m
[31m+     risk: { overall: risk.canonicalScore, security: passport.security_score, compliance: passport.compliance_score, verificationStatus: risk.verificationStatus },[39m
[31m+     evidenceQuality: { completenessBasisPoints: risk.completenessBasisPoints, confidenceBasisPoints: risk.confidenceBasisPoints, unknownDimensions: latest?.unknown_dimension_count ?? 0, latestObservationAt: latest?.generated_at ?? null },[39m
[31m+     findings, evidence, observations, remediation, verification,[39m
[31m+     traceability: 'Report -> Passport -> Risk -> Finding -> Observation -> Provider -> Source -> Timestamp -> Hash',[39m
[31m+     resolutionTraceability: 'Finding -> remediation -> new observation -> independent verification',[39m
[31m+     limitations: evidence.filter((item: any) => item.limitation).map((item: any) => ({ evidenceId: item.id, limitation: item.limitation })),[39m
[31m+     ...buildReportTypeExtras(reportType, passport, findings),[39m
[31m+   };[39m
[31m+   const canonicalPayload = JSON.stringify(report);[39m
[31m+   const reportHash = crypto.createHash('sha256').update(canonicalPayload).digest('hex');[39m
[31m+   await db.execute(sql`INSERT INTO trust_report_snapshots (id,tenant_id,passport_id,report_type,generated_at,score,confidence_basis_points,completeness_basis_points,evidence_ids,finding_ids,observation_id,canonical_payload_hash,payload,created_at) VALUES (${id('report')},${tenantId},${passportId},${reportType},${report.generatedAt},${risk.canonicalScore},${risk.confidenceBasisPoints},${risk.completenessBasisPoints},${JSON.stringify(evidence.map((item: any) => item.id))},${JSON.stringify(findings.map((item: any) => item.id))},${latest?.id ?? null},${reportHash},${canonicalPayload},${report.generatedAt}) ON CONFLICT (tenant_id,passport_id,report_type,canonical_payload_hash) DO NOTHING`);[39m
[31m+   return { ...report, reportHash };[39m
[31m+ }[39m
[31m+[39m

[36m [2m❯[22m tests/report-changes-contract.test.ts:[2m22:15[22m[39m
    [90m 20| [39m  it('reuses the real change-detection functions instead of a new form…
    [90m 21| [39m    [35mconst[39m s [33m=[39m [34msource[39m()[33m;[39m
    [90m 22| [39m    expect(s).toContain("import { classifyCanonicalChange, compareCano…
    [90m   | [39m              [31m^[39m
    [90m 23| [39m    expect(s).toContain('compareCanonicalObservations(comparable(previ…
    [90m 24| [39m  })[33m;[39m

[31m[2m⎯⎯⎯⎯⎯⎯⎯⎯⎯⎯⎯⎯⎯⎯⎯⎯⎯⎯⎯⎯⎯[86/141]⎯[22m[39m

[41m[1m FAIL [22m[49m tests/report-changes-contract.test.ts[2m > [22mGET /trust-loop/reports/:passportId/changes[2m > [22mnever claims a change when fewer than two snapshots exist -- flags insufficientData instead of fabricating a diff
[31m[1mAssertionError[22m: expected 'import { Router } from \'express\';\n…' to contain 'if (!current) return res.json({ insuf…'[39m

[32m- Expected[39m
[31m+ Received[39m

[32m- if (!current) return res.json({ insufficientData: true, current: null, previous: null, changes: [] });[39m
[31m+ import { Router } from 'express';[39m
[31m+ import { sql } from 'drizzle-orm';[39m
[31m+ import crypto from 'node:crypto';[39m
[31m+ import { z } from 'zod';[39m
[31m+ import { AuthenticatedRequest } from '../middleware/security.ts';[39m
[31m+ import { decryptCredentials } from '../integrations/credential-vault.ts';[39m
[31m+ import { collectDeepProviderEvidence } from '../integrations/deep-collectors.ts';[39m
[31m+ import { collectGitHubDeepEvidence } from '../integrations/github-deep.ts';[39m
[31m+ import { persistTrustLoop, verifyRemediation } from '../trust/trust-loop.ts';[39m
[31m+[39m
[31m+ const collectSchema = z.object({ passportId: z.string().trim().min(1).max(255), provider: z.string().trim().min(1).max(64) }).strict();[39m
[31m+ const remediationSchema = z.object({[39m
[31m+   findingId: z.string().trim().min(1),[39m
[31m+   title: z.string().trim().min(1).max(255),[39m
[31m+   description: z.string().max(4000).optional(),[39m
[31m+   assigneeId: z.string().max(255).optional(),[39m
[31m+   assigneeDisplay: z.string().max(255).optional(),[39m
[31m+   externalSystem: z.string().trim().min(1).max(64).default('SPR'),[39m
[31m+   externalTicketId: z.string().max(255).optional(),[39m
[31m+   slaDueAt: z.string().datetime().optional(),[39m
[31m+   priority: z.enum(['LOW', 'MEDIUM', 'HIGH', 'CRITICAL']).default('HIGH'),[39m
[31m+ }).strict();[39m
[31m+ const remediationUpdateSchema = z.object({ status: z.enum(['OPEN', 'IN_PROGRESS', 'BLOCKED', 'READY_FOR_VERIFICATION', 'VERIFIED', 'CLOSED', 'CANCELLED']), ownerId: z.string().max(255).optional(), ownerDisplay: z.string().max(255).optional(), slaDueAt: z.string().datetime().nullable().optional() }).strict();[39m
[31m+ const verifySchema = z.object({ findingId: z.string().trim().min(1), observationIds: z.array(z.string().min(1)).max(50), evidenceIds: z.array(z.string().min(1)).max(200) }).strict();[39m
[31m+ const reportTypes = z.enum(['executive', 'technical', 'msp', 'customer', 'compliance', 'vendor', 'auditor', 'evidence-ledger']);[39m
[31m+ function id(prefix: string) { return `${prefix}_${crypto.randomUUID().replaceAll('-', '')}`; }[39m
[31m+ function parseJson(value: unknown, fallback: unknown = []) { try { return value ? JSON.parse(String(value)) : fallback; } catch { return fallback; } }[39m
[31m+[39m
[31m+ const SEVERITY_ORDER = ['critical', 'high', 'medium', 'low'];[39m
[31m+[39m
[31m+ export type ReportPassportRow = {[39m
[31m+   overall_score: number | null;[39m
[31m+   security_score: number | null;[39m
[31m+   compliance_score: number | null;[39m
[31m+   verification_status: string | null;[39m
[31m+   confidence_score: number | null;[39m
[31m+   evidence_completeness: number | null;[39m
[31m+ };[39m
[31m+[39m
[31m+ export function deriveReportRiskFields(passport: ReportPassportRow) {[39m
[31m+   const verificationStatus = passport.verification_status || 'unverified';[39m
[31m+   const isMeasured = verificationStatus !== 'unverified';[39m
[31m+   return {[39m
[31m+     canonicalScore: isMeasured ? passport.overall_score : null,[39m
[31m+     verificationStatus,[39m
[31m+     confidenceBasisPoints: isMeasured && passport.confidence_score != null ? Math.round(passport.confidence_score * 100) : null,[39m
[31m+     completenessBasisPoints: isMeasured && passport.evidence_completeness != null ? Math.round(passport.evidence_completeness * 100) : null,[39m
[31m+   };[39m
[31m+ }[39m
[31m+[39m
[31m+ function buildReportTypeExtras(reportType: string, passport: any, findings: any[]) {[39m
[31m+   if (reportType === 'sbom') {[39m
[31m+     const components = parseJson(passport.sbom, []) as any[];[39m
[31m+     const vulnerabilities = parseJson(passport.vulnerabilities, []) as any[];[39m
[31m+     const sbom = components.map((component) => {[39m
[31m+       const name = component?.name || component?.packageName || component?.component;[39m
[31m+       const matched = vulnerabilities.filter((vuln) => (vuln?.component || vuln?.packageName || vuln?.package) === name);[39m
[31m+       return { ...component, vulnerabilityCount: matched.length, criticalOrHighCount: matched.filter((vuln) => SEVERITY_ORDER.slice(0, 2).includes(String(vuln?.severity || '').toLowerCase())).length };[39m
[31m+     });[39m
[31m+     return { sbom };[39m
[31m+   }[39m
[31m+   if (reportType === 'compliance') {[39m
[31m+     const byControl = new Map<string, { controlId: string; findingCount: number; openCount: number; worstSeverity: string; findingIds: string[] }>();[39m
[31m+     for (const finding of findings) {[39m
[31m+       const controlId = finding.control_id || 'unmapped';[39m
[31m+       const entry = byControl.get(controlId) || { controlId, findingCount: 0, openCount: 0, worstSeverity: 'low', findingIds: [] as string[] };[39m
[31m+       entry.findingCount += 1;[39m
[31m+       entry.findingIds.push(finding.id);[39m
[31m+       if (!['resolved', 'closed', 'verified'].includes(String(finding.status || '').toLowerCase())) entry.openCount += 1;[39m
[31m+       const severity = String(finding.severity || '').toLowerCase();[39m
[31m+       if (SEVERITY_ORDER.includes(severity) && SEVERITY_ORDER.indexOf(severity) < SEVERITY_ORDER.indexOf(entry.worstSeverity)) entry.worstSeverity = severity;[39m
[31m+       byControl.set(controlId, entry);[39m
[31m+     }[39m
[31m+     return { controls: [...byControl.values()] };[39m
[31m+   }[39m
[31m+   return {};[39m
[31m+ }[39m
[31m+[39m
[31m+ export function createTrustLoopRouter() {[39m
[31m+   const router = Router();[39m
[31m+[39m
[31m+   router.post('/collect', async (req: AuthenticatedRequest, res, next) => {[39m
[31m+     const parsed = collectSchema.safeParse(req.body);[39m
[31m+     if (!parsed.success) return res.status(400).json({ error: 'INVALID_PAYLOAD', details: parsed.error.flatten() });[39m
[31m+     const { passportId, provider } = parsed.data;[39m
[31m+     const tenantId = req.user!.tenantId;[39m
[31m+     const runId = id('collect');[39m
[31m+     const startedAt = new Date().toISOString();[39m
[31m+     const db = req.db!;[39m
[31m+     try {[39m
[31m+       const passport = (await db.execute(sql`SELECT id,client_id FROM passports WHERE id=${passportId} AND tenant_id=${tenantId} LIMIT 1`) as any).rows?.[0];[39m
[31m+       if (!passport) return res.status(404).json({ error: 'PASSPORT_NOT_FOUND' });[39m
[31m+       const stored = (await db.execute(sql`SELECT encrypted_payload FROM integration_credentials WHERE tenant_id=${tenantId} AND provider=${provider} LIMIT 1`) as any).rows?.[0];[39m
[31m+       if (!stored?.encrypted_payload) return res.status(409).json({ error: 'CREDENTIAL_NOT_CONFIGURED' });[39m
[31m+[39m
[31m+       await db.execute(sql`INSERT INTO trust_collection_runs (id,tenant_id,passport_id,provider,started_at,status,idempotency_key,created_at) VALUES (${runId},${tenantId},${passportId},${provider},${startedAt},'RUNNING',${`${tenantId}:${passportId}:${provider}:${startedAt}`},${startedAt})`);[39m
[31m+       const credentials = decryptCredentials(stored.encrypted_payload) as Record<string, string>;[39m
[31m+       const observations = provider === 'github' ? await collectGitHubDeepEvidence(credentials) : await collectDeepProviderEvidence(provider as any, credentials);[39m
[31m+       const result = await persistTrustLoop({ tenantId, passportId, clientId: passport.client_id || passport.id, assetId: passport.id, observations, generationReason: 'provider_collection', actorType: 'worker', collectorVersionMap: { [provider]: 'deep-v2' } });[39m
[31m+       const completedAt = new Date().toISOString();[39m
[31m+       await db.execute(sql`UPDATE trust_collection_runs SET completed_at=${completedAt},status='SUCCEEDED',observation_count=${observations.length},evidence_count=${result.evidenceIds.length},failure_count=${observations.filter((o) => o.status === 'FAIL').length},collector_version='deep-v2' WHERE id=${runId} AND tenant_id=${tenantId}`);[39m
[31m+       await db.execute(sql`INSERT INTO trust_monitoring_state (id,tenant_id,passport_id,provider,next_run_at,last_run_at,last_success_at,last_evidence_hash,consecutive_failures,status,updated_at) VALUES (${id('monitor')},${tenantId},${passportId},${provider},${new Date(Date.now()+3600000).toISOString()},${completedAt},${completedAt},${result.payloadHash},0,'HEALTHY',${completedAt}) ON CONFLICT (tenant_id,passport_id,provider) DO UPDATE SET next_run_at=EXCLUDED.next_run_at,last_run_at=EXCLUDED.last_run_at,last_success_at=EXCLUDED.last_success_at,last_evidence_hash=EXCLUDED.last_evidence_hash,consecutive_failures=0,status='HEALTHY',updated_at=EXCLUDED.updated_at`);[39m
[31m+       return res.json({ runId, provider, observationCount: observations.length, ...result });[39m
[31m+     } catch (error) {[39m
[31m+       const completedAt = new Date().toISOString();[39m
[31m+       await db.execute(sql`UPDATE trust_collection_runs SET completed_at=${completedAt},status='FAILED',error_code='COLLECTION_FAILED',error_message=${error instanceof Error ? error.message.slice(0,1000) : 'COLLECTION_FAILED'} WHERE id=${runId} AND tenant_id=${tenantId}`).catch(() => undefined);[39m
[31m+       await db.execute(sql`UPDATE trust_monitoring_state SET last_run_at=${completedAt},last_failure_at=${completedAt},consecutive_failures=consecutive_failures+1,status=CASE WHEN consecutive_failures+1 >= 5 THEN 'FAILED' ELSE 'DEGRADED' END,updated_at=${completedAt} WHERE tenant_id=${tenantId} AND passport_id=${passportId} AND provider=${provider}`).catch(() => undefined);[39m
[31m+       return next(error);[39m
[31m+     }[39m
[31m+   });[39m
[31m+[39m
[31m+   const findingsWithRemediationSelect = sql`[39m
[31m+     SELECT f.*, r.id AS remediation_id, r.status AS remediation_status, r.owner_id AS remediation_owner_id,[39m
[31m+            r.owner_display AS remediation_owner_display, r.sla_due_at AS remediation_sla_due_at, r.updated_at AS remediation_updated_at[39m
[31m+     FROM trust_findings f[39m
[31m+     LEFT JOIN LATERAL ([39m
[31m+       SELECT * FROM trust_remediation_work_items w[39m
[31m+       WHERE w.tenant_id = f.tenant_id AND w.finding_id = f.id[39m
[31m+       ORDER BY w.created_at DESC LIMIT 1[39m
[31m+     ) r ON true[39m
[31m+   `;[39m
[31m+   router.get('/findings', async (req: AuthenticatedRequest, res, next) => {[39m
[31m+     try {[39m
[31m+       const db = req.db!;[39m
[31m+       const tenantId = req.user!.tenantId;[39m
[31m+       const passportId = typeof req.query.passportId === 'string' ? req.query.passportId : null;[39m
[31m+       const rows = passportId[39m
[31m+         ? await db.execute(sql`${findingsWithRemediationSelect} WHERE f.tenant_id=${tenantId} AND f.passport_id=${passportId} ORDER BY CASE f.severity WHEN 'critical' THEN 1 WHEN 'high' THEN 2 WHEN 'medium' THEN 3 WHEN 'low' THEN 4 ELSE 5 END,f.updated_at DESC`)[39m
[31m+         : await db.execute(sql`${findingsWithRemediationSelect} WHERE f.tenant_id=${tenantId} ORDER BY f.updated_at DESC`);[39m
[31m+       return res.json({ findings: (rows as any).rows || [] });[39m
[31m+     } catch (error) { return next(error); }[39m
[31m+   });[39m
[31m+[39m
[31m+   router.post('/remediations', async (req: AuthenticatedRequest, res, next) => {[39m
[31m+     const parsed = remediationSchema.safeParse(req.body);[39m
[31m+     if (!parsed.success) return res.status(400).json({ error: 'INVALID_PAYLOAD', details: parsed.error.flatten() });[39m
[31m+     try {[39m
[31m+       const db = req.db!;[39m
[31m+       const p = parsed.data;[39m
[31m+       const tenantId = req.user!.tenantId;[39m
[31m+       const finding = (await db.execute(sql`SELECT id,client_id,passport_id,title,description FROM trust_findings WHERE id=${p.findingId} AND tenant_id=${tenantId} LIMIT 1`) as any).rows?.[0];[39m
[31m+       if (!finding) return res.status(404).json({ error: 'FINDING_NOT_FOUND' });[39m
[31m+       const now = new Date().toISOString();[39m
[31m+       const workId = id('remed');[39m
[31m+       await db.execute(sql`INSERT INTO trust_remediation_work_items (id,tenant_id,passport_id,finding_id,external_system,external_ticket_id,owner_id,owner_display,sla_due_at,status,remediation_plan,created_at,updated_at) VALUES (${workId},${tenantId},${finding.passport_id},${finding.id},${p.externalSystem},${p.externalTicketId ?? null},${p.assigneeId ?? null},${p.assigneeDisplay ?? null},${p.slaDueAt ?? null},'OPEN',${p.description || finding.description},${now},${now})`);[39m
[31m+       await db.execute(sql`INSERT INTO remediation_tasks (id,tenant_id,client_id,alert_id,title,description,priority,status,assignee_id,created_by,created_at,updated_at) VALUES (${workId},${tenantId},${finding.client_id},${finding.id},${p.title},${p.description || finding.description},${p.priority},'OPEN',${p.assigneeId ?? null},${req.user!.uid},${now},${now})`);[39m
[31m+       const created = (await db.execute(sql`SELECT * FROM trust_remediation_work_items WHERE id=${workId} AND tenant_id=${tenantId} LIMIT 1`) as any).rows?.[0];[39m
[31m+       return res.status(201).json({ ...created, title: p.title });[39m
[31m+     } catch (error) { return next(error); }[39m
[31m+   });[39m
[31m+[39m
[31m+   router.get('/remediations/:id', async (req: AuthenticatedRequest, res, next) => {[39m
[31m+     try {[39m
[31m+       const db = req.db!;[39m
[31m+       const tenantId = req.user!.tenantId;[39m
[31m+       const row = (await db.execute(sql`SELECT w.*, f.title AS finding_title FROM trust_remediation_work_items w JOIN trust_findings f ON f.id = w.finding_id AND f.tenant_id = w.tenant_id WHERE w.id=${req.params.id} AND w.tenant_id=${tenantId} LIMIT 1`) as any).rows?.[0];[39m
[31m+       if (!row) return res.status(404).json({ error: 'REMEDIATION_NOT_FOUND' });[39m
[31m+       return res.json({ ...row, title: row.finding_title });[39m
[31m+     } catch (error) { return next(error); }[39m
[31m+   });[39m
[31m+[39m
[31m+   router.post('/remediations/:id/verify-latest', async (req: AuthenticatedRequest, res, next) => {[39m
[31m+     try {[39m
[31m+       const db = req.db!;[39m
[31m+       const tenantId = req.user!.tenantId;[39m
[31m+       const work = (await db.execute(sql`SELECT id,finding_id,passport_id FROM trust_remediation_work_items WHERE id=${req.params.id} AND tenant_id=${tenantId} LIMIT 1`) as any).rows?.[0];[39m
[31m+       if (!work) return res.status(404).json({ error: 'REMEDIATION_NOT_FOUND' });[39m
[31m+       const latestObservation = (await db.execute(sql`SELECT id,evidence_ids FROM trust_observations WHERE tenant_id=${tenantId} AND passport_id=${work.passport_id} ORDER BY observation_version DESC LIMIT 1`) as any).rows?.[0];[39m
[31m+       if (!latestObservation) return res.status(409).json({ error: 'NO_OBSERVATION_ON_FILE', message: 'SPR has no recorded observation for this software yet. Collect evidence before verifying.' });[39m
[31m+       const evidenceIds: string[] = parseJson(latestObservation.evidence_ids, []) as string[];[39m
[31m+       const result = await verifyRemediation({ tenantId, findingId: work.finding_id, observationIds: [latestObservation.id], evidenceIds, actorId: req.user!.uid });[39m
[31m+       const now = new Date().toISOString();[39m
[31m+       await db.execute(sql`UPDATE trust_remediation_work_items SET status='VERIFIED',updated_at=${now},closed_at=${now} WHERE id=${work.id} AND tenant_id=${tenantId}`);[39m
[31m+       const row = (await db.execute(sql`SELECT * FROM trust_remediation_work_items WHERE id=${work.id} AND tenant_id=${tenantId} LIMIT 1`) as any).rows?.[0];[39m
[31m+       return res.json({ ...row, verification: result });[39m
[31m+     } catch (error: any) {[39m
[31m+       const message = error instanceof Error ? error.message : String(error);[39m
[31m+       if (/^VERIFICATION_|^FINDING_NOT_FOUND$/.test(message)) return res.status(409).json({ error: message });[39m
[31m+       return next(error);[39m
[31m+     }[39m
[31m+   });[39m
[31m+[39m
[31m+   router.patch('/remediations/:id', async (req: AuthenticatedRequest, res, next) => {[39m
[31m+     const parsed = remediationUpdateSchema.safeParse(req.body);[39m
[31m+     if (!parsed.success) return res.status(400).json({ error: 'INVALID_PAYLOAD', details: parsed.error.flatten() });[39m
[31m+     try {[39m
[31m+       const db = req.db!;[39m
[31m+       const tenantId = req.user!.tenantId;[39m
[31m+       const p = parsed.data;[39m
[31m+       const now = new Date().toISOString();[39m
[31m+       const rows = await db.execute(sql`UPDATE trust_remediation_work_items SET status=${p.status},owner_id=COALESCE(${p.ownerId ?? null},owner_id),owner_display=COALESCE(${p.ownerDisplay ?? null},owner_display),sla_due_at=CASE WHEN ${p.slaDueAt === undefined} THEN sla_due_at ELSE ${p.slaDueAt} END,updated_at=${now},closed_at=CASE WHEN ${p.status} IN ('CLOSED','VERIFIED') THEN ${now} ELSE closed_at END WHERE id=${req.params.id} AND tenant_id=${tenantId} RETURNING *`);[39m
[31m+       const row = (rows as any).rows?.[0];[39m
[31m+       if (!row) return res.status(404).json({ error: 'REMEDIATION_NOT_FOUND' });[39m
[31m+       return res.json(row);[39m
[31m+     } catch (error) { return next(error); }[39m
[31m+   });[39m
[31m+[39m
[31m+   router.post('/verify', async (req: AuthenticatedRequest, res, next) => {[39m
[31m+     const parsed = verifySchema.safeParse(req.body);[39m
[31m+     if (!parsed.success) return res.status(400).json({ error: 'INVALID_PAYLOAD', details: parsed.error.flatten() });[39m
[31m+     try {[39m
[31m+       const db = req.db!;[39m
[31m+       const result = await verifyRemediation({ ...parsed.data, tenantId: req.user!.tenantId, actorId: req.user!.uid });[39m
[31m+       await db.execute(sql`UPDATE trust_remediation_work_items SET status='VERIFIED',updated_at=${new Date().toISOString()},closed_at=${new Date().toISOString()} WHERE tenant_id=${req.user!.tenantId} AND finding_id=${parsed.data.findingId}`);[39m
[31m+       return res.json(result);[39m
[31m+     } catch (error) { return next(error); }[39m
[31m+   });[39m
[31m+[39m
[31m+   router.get('/monitoring', async (req: AuthenticatedRequest, res, next) => {[39m
[31m+     try {[39m
[31m+       const db = req.db!;[39m
[31m+       const tenantId = req.user!.tenantId;[39m
[31m+       const passportId = typeof req.query.passportId === 'string' ? req.query.passportId : null;[39m
[31m+       const rows = passportId ? await db.execute(sql`SELECT * FROM trust_monitoring_state WHERE tenant_id=${tenantId} AND passport_id=${passportId} ORDER BY provider`) : await db.execute(sql`SELECT * FROM trust_monitoring_state WHERE tenant_id=${tenantId} ORDER BY passport_id,provider`);[39m
[31m+       const alerts = passportId ? await db.execute(sql`SELECT * FROM trust_alerts WHERE tenant_id=${tenantId} AND passport_id=${passportId} ORDER BY created_at DESC`) : await db.execute(sql`SELECT * FROM trust_alerts WHERE tenant_id=${tenantId} ORDER BY created_at DESC`);[39m
[31m+       return res.json({ monitoring: (rows as any).rows || [], alerts: (alerts as any).rows || [] });[39m
[31m+     } catch (error) { return next(error); }[39m
[31m+   });[39m
[31m+[39m
[31m+   router.get('/ledger/:passportId', async (req: AuthenticatedRequest, res, next) => {[39m
[31m+     try {[39m
[31m+       const db = req.db!;[39m
[31m+       const tenantId = req.user!.tenantId;[39m
[31m+       const passportId = req.params.passportId;[39m
[31m+       const scope = await db.execute(sql`SELECT id FROM passports WHERE id=${passportId} AND tenant_id=${tenantId} LIMIT 1`);[39m
[31m+       if (!(scope as any).rows?.length) return res.status(404).json({ error: 'PASSPORT_NOT_FOUND' });[39m
[31m+       const observations = await db.execute(sql`SELECT id,observation_version,generated_at,previous_observation_id,evidence_ids,finding_ids,canonical_payload_hash,completeness_basis_points,open_finding_count,unknown_dimension_count FROM trust_observations WHERE tenant_id=${tenantId} AND passport_id=${passportId} ORDER BY observation_version DESC`);[39m
[31m+       const evidence = await db.execute(sql`SELECT id,provider,control_id,subject,source_url,observed_at,verification_method,status,severity,evidence_hash,limitation FROM evidence_ledger WHERE tenant_id=${tenantId} AND passport_id=${passportId} ORDER BY observed_at DESC`);[39m
[31m+       const findings = await db.execute(sql`SELECT id,control_id,title,severity,status,evidence_ids,fingerprint,updated_at,resolved_at FROM trust_findings WHERE tenant_id=${tenantId} AND passport_id=${passportId} ORDER BY updated_at DESC`);[39m
[31m+       const remediation = await db.execute(sql`SELECT * FROM trust_remediation_work_items WHERE tenant_id=${tenantId} AND passport_id=${passportId} ORDER BY updated_at DESC`);[39m
[31m+       const verification = await db.execute(sql`SELECT * FROM remediation_verification_ledger WHERE tenant_id=${tenantId} AND finding_id IN (SELECT id FROM trust_findings WHERE tenant_id=${tenantId} AND passport_id=${passportId}) ORDER BY created_at DESC`);[39m
[31m+       return res.json({ observations: (observations as any).rows || [], findings: (findings as any).rows || [], evidence: (evidence as any).rows || [], remediation: (remediation as any).rows || [], verification: (verification as any).rows || [], trace: 'Report -> Passport -> Risk -> Finding -> Observation -> Provider -> Source -> Timestamp -> Hash' });[39m
[31m+     } catch (error) { return next(error); }[39m
[31m+   });[39m
[31m+[39m
[31m+   router.get('/reports/:passportId/history', async (req: AuthenticatedRequest, res, next) => {[39m
[31m+     try {[39m
[31m+       const db = req.db!;[39m
[31m+       const tenantId = req.user!.tenantId;[39m
[31m+       const passportId = req.params.passportId;[39m
[31m+       const typeFilter = typeof req.query.type === 'string' ? reportTypes.safeParse(req.query.type) : null;[39m
[31m+       if (typeFilter && !typeFilter.success) return res.status(400).json({ error: 'INVALID_REPORT_TYPE' });[39m
[31m+       const rows = typeFilter?.success[39m
[31m+         ? await db.execute(sql`SELECT id,report_type,generated_at,score,confidence_basis_points,completeness_basis_points,canonical_payload_hash FROM trust_report_snapshots WHERE tenant_id=${tenantId} AND passport_id=${passportId} AND report_type=${typeFilter.data} ORDER BY generated_at DESC LIMIT 50`)[39m
[31m+         : await db.execute(sql`SELECT id,report_type,generated_at,score,confidence_basis_points,completeness_basis_points,canonical_payload_hash FROM trust_report_snapshots WHERE tenant_id=${tenantId} AND passport_id=${passportId} ORDER BY generated_at DESC LIMIT 50`);[39m
[31m+       return res.json({ snapshots: (rows as any).rows || [] });[39m
[31m+     } catch (error) { return next(error); }[39m
[31m+   });[39m
[31m+[39m
[31m+   router.get('/reports/:passportId/history/:snapshotId', async (req: AuthenticatedRequest, res, next) => {[39m
[31m+     try {[39m
[31m+       const db = req.db!;[39m
[31m+       const tenantId = req.user!.tenantId;[39m
[31m+       const row = (await db.execute(sql`SELECT payload,canonical_payload_hash,generated_at,report_type FROM trust_report_snapshots WHERE id=${req.params.snapshotId} AND tenant_id=${tenantId} AND passport_id=${req.params.passportId} LIMIT 1`) as any).rows?.[0];[39m
[31m+       if (!row) return res.status(404).json({ error: 'REPORT_SNAPSHOT_NOT_FOUND' });[39m
[31m+       const payload = parseJson(row.payload, {});[39m
[31m+       return res.json({ ...(payload as object), reportHash: row.canonical_payload_hash });[39m
[31m+     } catch (error) { return next(error); }[39m
[31m+   });[39m
[31m+[39m
[31m+   router.get('/reports/:passportId', async (req: AuthenticatedRequest, res, next) => {[39m
[31m+     try {[39m
[31m+       const parsed = reportTypes.safeParse(req.query.type || 'executive');[39m
[31m+       if (!parsed.success) return res.status(400).json({ error: 'INVALID_REPORT_TYPE' });[39m
[31m+       const report = await buildAndPersistReport(req.db!, req.user!.tenantId, String(req.params.passportId), parsed.data);[39m
[31m+       if (!report) return res.status(404).json({ error: 'PASSPORT_NOT_FOUND' });[39m
[31m+       return res.json(report);[39m
[31m+     } catch (error) { return next(error); }[39m
[31m+   });[39m
[31m+[39m
[31m+   return router;[39m
[31m+ }[39m
[31m+[39m
[31m+ export async function buildAndPersistReport(db: any, tenantId: string, passportId: string, reportType: string) {[39m
[31m+   const passport = (await db.execute(sql`SELECT id,name,overall_score,security_score,compliance_score,verification_status,confidence_score,evidence_completeness,sbom,evidence,vulnerabilities,timeline FROM passports WHERE id=${passportId} AND tenant_id=${tenantId} LIMIT 1`) as any).rows?.[0];[39m
[31m+   if (!passport) return null;[39m
[31m+   const findings = (await db.execute(sql`SELECT id,control_id,title,severity,status,description,remediation,evidence_ids,updated_at,resolved_at FROM trust_findings WHERE tenant_id=${tenantId} AND passport_id=${passportId} ORDER BY CASE severity WHEN 'critical' THEN 1 WHEN 'high' THEN 2 WHEN 'medium' THEN 3 WHEN 'low' THEN 4 ELSE 5 END,updated_at DESC`) as any).rows || [];[39m
[31m+   const evidence = (await db.execute(sql`SELECT id,provider,control_id,subject,source_url,observed_at,verification_method,status,severity,evidence_hash,limitation FROM evidence_ledger WHERE tenant_id=${tenantId} AND passport_id=${passportId} ORDER BY observed_at DESC`) as any).rows || [];[39m
[31m+   const observations = (await db.execute(sql`SELECT id,observation_version,generated_at,previous_observation_id,evidence_ids,finding_ids,canonical_payload_hash,completeness_basis_points,confidence_basis_points,open_finding_count,unknown_dimension_count FROM trust_observations WHERE tenant_id=${tenantId} AND passport_id=${passportId} ORDER BY observation_version DESC`) as any).rows || [];[39m
[31m+   const remediation = (await db.execute(sql`SELECT * FROM trust_remediation_work_items WHERE tenant_id=${tenantId} AND passport_id=${passportId} ORDER BY updated_at DESC`) as any).rows || [];[39m
[31m+   const verification = (await db.execute(sql`SELECT * FROM remediation_verification_ledger WHERE tenant_id=${tenantId} AND finding_id IN (SELECT id FROM trust_findings WHERE tenant_id=${tenantId} AND passport_id=${passportId}) ORDER BY created_at DESC`) as any).rows || [];[39m
[31m+   const latest = observations[0];[39m
[31m+   const risk = deriveReportRiskFields(passport as ReportPassportRow);[39m
[31m+   const report = {[39m
[31m+     schemaVersion: 'spr.report.v2', reportType, generatedAt: new Date().toISOString(), passport: { id: passport.id, name: passport.name },[39m
[31m+     risk: { overall: risk.canonicalScore, security: passport.security_score, compliance: passport.compliance_score, verificationStatus: risk.verificationStatus },[39m
[31m+     evidenceQuality: { completenessBasisPoints: risk.completenessBasisPoints, confidenceBasisPoints: risk.confidenceBasisPoints, unknownDimensions: latest?.unknown_dimension_count ?? 0, latestObservationAt: latest?.generated_at ?? null },[39m
[31m+     findings, evidence, observations, remediation, verification,[39m
[31m+     traceability: 'Report -> Passport -> Risk -> Finding -> Observation -> Provider -> Source -> Timestamp -> Hash',[39m
[31m+     resolutionTraceability: 'Finding -> remediation -> new observation -> independent verification',[39m
[31m+     limitations: evidence.filter((item: any) => item.limitation).map((item: any) => ({ evidenceId: item.id, limitation: item.limitation })),[39m
[31m+     ...buildReportTypeExtras(reportType, passport, findings),[39m
[31m+   };[39m
[31m+   const canonicalPayload = JSON.stringify(report);[39m
[31m+   const reportHash = crypto.createHash('sha256').update(canonicalPayload).digest('hex');[39m
[31m+   await db.execute(sql`INSERT INTO trust_report_snapshots (id,tenant_id,passport_id,report_type,generated_at,score,confidence_basis_points,completeness_basis_points,evidence_ids,finding_ids,observation_id,canonical_payload_hash,payload,created_at) VALUES (${id('report')},${tenantId},${passportId},${reportType},${report.generatedAt},${risk.canonicalScore},${risk.confidenceBasisPoints},${risk.completenessBasisPoints},${JSON.stringify(evidence.map((item: any) => item.id))},${JSON.stringify(findings.map((item: any) => item.id))},${latest?.id ?? null},${reportHash},${canonicalPayload},${report.generatedAt}) ON CONFLICT (tenant_id,passport_id,report_type,canonical_payload_hash) DO NOTHING`);[39m
[31m+   return { ...report, reportHash };[39m
[31m+ }[39m
[31m+[39m

[36m [2m❯[22m tests/report-changes-contract.test.ts:[2m28:15[22m[39m
    [90m 26| [39m  it('never claims a change when fewer than two snapshots exist -- fla…
    [90m 27| [39m    [35mconst[39m s [33m=[39m [34msource[39m()[33m;[39m
    [90m 28| [39m    expect(s).toContain('if (!current) return res.json({ insufficientD…
    [90m   | [39m              [31m^[39m
    [90m 29| [39m    expect(s).toContain('if (!previous) return res.json({ insufficient…
    [90m 30| [39m  })[33m;[39m

[31m[2m⎯⎯⎯⎯⎯⎯⎯⎯⎯⎯⎯⎯⎯⎯⎯⎯⎯⎯⎯⎯⎯[87/141]⎯[22m[39m

[41m[1m FAIL [22m[49m tests/report-changes-contract.test.ts[2m > [22mGET /trust-loop/reports/:passportId/changes[2m > [22mis scoped to the caller's tenant and, for the Client role, their own client's passport
[31m[1mAssertionError[22m: expected '' to contain 'const clientScope = req.user!.role ==…'[39m

[32m- Expected[39m
[31m+ Received[39m

[32m- const clientScope = req.user!.role === 'Client' ? req.user!.clientId : null;[39m

[36m [2m❯[22m tests/report-changes-contract.test.ts:[2m36:23[22m[39m
    [90m 34| [39m    const routeStart = s.indexOf("router.get('/reports/:passportId/cha…
    [90m 35| [39m    const routeBody = s.slice(routeStart, s.indexOf('router.get', rout…
    [90m 36| [39m    expect(routeBody).toContain("const clientScope = req.user!.role ==…
    [90m   | [39m                      [31m^[39m
    [90m 37| [39m    expect(routeBody).toContain('AND (${clientScope}::text IS NULL OR …
    [90m 38| [39m  })[33m;[39m

[31m[2m⎯⎯⎯⎯⎯⎯⎯⎯⎯⎯⎯⎯⎯⎯⎯⎯⎯⎯⎯⎯⎯[88/141]⎯[22m[39m

[41m[1m FAIL [22m[49m tests/report-changes-contract.test.ts[2m > [22mReportsView surfaces changes since last report[2m > [22mloads changes automatically when a passport/report type is selected, not only after generating a report
[31m[1mAssertionError[22m: expected 'import { useEffect, useMemo, useState…' to contain 'if (selectedPassportId) { void loadHi…'[39m

[32m- Expected[39m
[31m+ Received[39m

[32m- if (selectedPassportId) { void loadHistory(selectedPassportId); void loadChanges(selectedPassportId); }[39m
[31m+ import { useEffect, useMemo, useState, type ChangeEvent } from 'react';[39m
[31m+ import { Copy, Download, FileJson, FileText, History, Package, Printer, RefreshCw, Share2, ShieldCheck, Upload, Users } from 'lucide-react';[39m
[31m+ import type { Alert, Client, Scan, SoftwarePassport } from '../types';[39m
[31m+ import { apiFetch } from '../utils/apiClient';[39m
[31m+ import { generateCoBrandedTrustReport, generatePassportEvidenceReport } from '../utils/pdfGenerator';[39m
[31m+[39m
[31m+ type ReportPayload = {[39m
[31m+   schemaVersion?: string;[39m
[31m+   reportType?: string;[39m
[31m+   generatedAt?: string;[39m
[31m+   passport?: { id?: string; name?: string };[39m
[31m+   risk?: { overall?: number | null; security?: number | null; compliance?: number | null };[39m
[31m+   evidenceQuality?: { completenessBasisPoints?: number; unknownDimensions?: number; latestObservationAt?: string | null };[39m
[31m+   findings?: unknown[];[39m
[31m+   evidence?: unknown[];[39m
[31m+   observations?: unknown[];[39m
[31m+   remediation?: unknown[];[39m
[31m+   verification?: unknown[];[39m
[31m+   traceability?: string;[39m
[31m+   limitations?: Array<{ evidenceId?: string; limitation?: string }>;[39m
[31m+   reportHash?: string;[39m
[31m+   sbom?: Array<{ name?: string; version?: string; license?: string; vulnerabilityCount?: number; criticalOrHighCount?: number }>;[39m
[31m+   controls?: Array<{ controlId?: string; findingCount?: number; openCount?: number; worstSeverity?: string }>;[39m
[31m+ };[39m
[31m+[39m
[31m+ type ReportSnapshot = {[39m
[31m+   id: string;[39m
[31m+   report_type: string;[39m
[31m+   generated_at: string;[39m
[31m+   score: number;[39m
[31m+   completeness_basis_points: number;[39m
[31m+   canonical_payload_hash: string;[39m
[31m+ };[39m
[31m+[39m
[31m+ type ShareInfo = { shareUrl: string; expiresAt: string; reportType: string };[39m
[31m+[39m
[31m+ const REPORT_TYPES: Array<{ value: string; label: string }> = [[39m
[31m+   { value: 'executive', label: 'Executive trust report' },[39m
[31m+   { value: 'technical', label: 'Technical / engineering' },[39m
[31m+   { value: 'compliance', label: 'Compliance (by control)' },[39m
[31m+   { value: 'sbom', label: 'SBOM report' },[39m
[31m+   { value: 'vendor', label: 'Vendor risk' },[39m
[31m+   { value: 'msp', label: 'MSP / client' },[39m
[31m+   { value: 'customer', label: 'Customer-facing' },[39m
[31m+   { value: 'auditor', label: 'Auditor' },[39m
[31m+   { value: 'evidence-ledger', label: 'Evidence ledger' },[39m
[31m+ ];[39m
[31m+[39m
[31m+ const SHARE_ROLES = new Set(['Owner', 'Admin', 'Operator']);[39m
[31m+[39m
[31m+ interface ReportsViewProps {[39m
[31m+   clients?: Client[];[39m
[31m+   passports?: SoftwarePassport[];[39m
[31m+   scans?: Scan[];[39m
[31m+   alerts?: Alert[];[39m
[31m+   findings?: unknown[];[39m
[31m+   role?: string;[39m
[31m+ }[39m
[31m+[39m
[31m+ function download(name: string, body: string, type: string) {[39m
[31m+   const url = URL.createObjectURL(new Blob([body], { type }));[39m
[31m+   const link = document.createElement('a');[39m
[31m+   link.href = url;[39m
[31m+   link.download = name;[39m
[31m+   document.body.appendChild(link);[39m
[31m+   link.click();[39m
[31m+   link.remove();[39m
[31m+   URL.revokeObjectURL(url);[39m
[31m+ }[39m
[31m+[39m
[31m+ function csvCell(value: unknown) {[39m
[31m+   return `"${String(value ?? '').replace(/"/g, '""')}"`;[39m
[31m+ }[39m
[31m+[39m
[31m+ function clientName(passport: SoftwarePassport, clients: Client[]) {[39m
[31m+   const clientId = String((passport as SoftwarePassport & { clientId?: string }).clientId || '');[39m
[31m+   return clients.find((client) => client.id === clientId)?.name || 'Unassigned client';[39m
[31m+ }[39m
[31m+[39m
[31m+ export default function ReportsView({ clients = [], passports = [], scans = [], alerts = [], findings = [], role = 'Viewer' }: ReportsViewProps) {[39m
[31m+   const [selectedPassportId, setSelectedPassportId] = useState(passports[0]?.id || '');[39m
[31m+   const [reportType, setReportType] = useState('executive');[39m
[31m+   const [report, setReport] = useState<ReportPayload | null>(null);[39m
[31m+   const [loading, setLoading] = useState(false);[39m
[31m+   const [message, setMessage] = useState('');[39m
[31m+   const [history, setHistory] = useState<ReportSnapshot[]>([]);[39m
[31m+   const [historyLoading, setHistoryLoading] = useState(false);[39m
[31m+   const [shareInfo, setShareInfo] = useState<ShareInfo | null>(null);[39m
[31m+   const [sharing, setSharing] = useState(false);[39m
[31m+   const [shareMessage, setShareMessage] = useState('');[39m
[31m+   const [exportClientIds, setExportClientIds] = useState<Set<string>>(new Set());[39m
[31m+[39m
[31m+   const [whiteLabelClientId, setWhiteLabelClientId] = useState(clients[0]?.id || '');[39m
[31m+   const [mspName, setMspName] = useState('');[39m
[31m+   const [brandColor, setBrandColor] = useState('#22d3ee');[39m
[31m+   const [reportTitle, setReportTitle] = useState('Software Trust & Compliance Ledger');[39m
[31m+   const [executiveSummary, setExecutiveSummary] = useState('');[39m
[31m+   const [logoBase64, setLogoBase64] = useState<string | undefined>(undefined);[39m
[31m+   const [sections, setSections] = useState({ summary: true, metrics: true, inventory: true, compliance: true, signatures: true });[39m
[31m+[39m
[31m+   const canShare = SHARE_ROLES.has(role);[39m
[31m+[39m
[31m+   useEffect(() => {[39m
[31m+     if (!passports.some((passport) => passport.id === selectedPassportId)) {[39m
[31m+       setSelectedPassportId(passports[0]?.id || '');[39m
[31m+     }[39m
[31m+   }, [passports, selectedPassportId]);[39m
[31m+[39m
[31m+   useEffect(() => {[39m
[31m+     if (!clients.some((client) => client.id === whiteLabelClientId)) {[39m
[31m+       setWhiteLabelClientId(clients[0]?.id || '');[39m
[31m+     }[39m
[31m+   }, [clients, whiteLabelClientId]);[39m
[31m+[39m
[31m+   useEffect(() => {[39m
[31m+     setReport(null);[39m
[31m+     setHistory([]);[39m
[31m+     setShareInfo(null);[39m
[31m+     setShareMessage('');[39m
[31m+     setMessage('');[39m
[31m+   }, [selectedPassportId, reportType]);[39m
[31m+[39m
[31m+   const selectedPassport = passports.find((passport) => passport.id === selectedPassportId);[39m
[31m+   const evidenceCount = passports.reduce((total, passport) => total + passport.evidence.length, 0);[39m
[31m+   const vulnerabilityCount = passports.reduce((total, passport) => total + passport.vulnerabilities.length, 0);[39m
[31m+   const findingCount = findings.length;[39m
[31m+[39m
[31m+   const loadHistory = async (passportId: string) => {[39m
[31m+     setHistoryLoading(true);[39m
[31m+     try {[39m
[31m+       const response = await apiFetch(`/api/trust-loop/reports/${encodeURIComponent(passportId)}/history?type=${encodeURIComponent(reportType)}`);[39m
[31m+       const payload = await response.json().catch(() => null);[39m
[31m+       if (response.ok) setHistory(Array.isArray(payload?.snapshots) ? payload.snapshots : []);[39m
[31m+     } finally {[39m
[31m+       setHistoryLoading(false);[39m
[31m+     }[39m
[31m+   };[39m
[31m+[39m
[31m+   const loadReport = async () => {[39m
[31m+     if (!selectedPassport) return;[39m
[31m+     setLoading(true);[39m
[31m+     setMessage('');[39m
[31m+     try {[39m
[31m+       const response = await apiFetch(`/api/trust-loop/reports/${encodeURIComponent(selectedPassport.id)}?type=${encodeURIComponent(reportType)}`);[39m
[31m+       const payload = await response.json().catch(() => null);[39m
[31m+       if (!response.ok) throw new Error(String(payload?.error || `Report request failed (${response.status})`));[39m
[31m+       setReport(payload as ReportPayload);[39m
[31m+       setMessage('Authoritative report loaded from the tenant-scoped trust report endpoint.');[39m
[31m+       void loadHistory(selectedPassport.id);[39m
[31m+     } catch (error) {[39m
[31m+       setReport(null);[39m
[31m+       setMessage(error instanceof Error ? error.message : 'Unable to load the report.');[39m
[31m+     } finally {[39m
[31m+       setLoading(false);[39m
[31m+     }[39m
[31m+   };[39m
[31m+[39m
[31m+   const loadSnapshot = async (snapshotId: string) => {[39m
[31m+     if (!selectedPassport) return;[39m
[31m+     setLoading(true);[39m
[31m+     setMessage('');[39m
[31m+     try {[39m
[31m+       const response = await apiFetch(`/api/trust-loop/reports/${encodeURIComponent(selectedPassport.id)}/history/${encodeURIComponent(snapshotId)}`);[39m
[31m+       const payload = await response.json().catch(() => null);[39m
[31m+       if (!response.ok) throw new Error(String(payload?.error || `Snapshot request failed (${response.status})`));[39m
[31m+       setReport(payload as ReportPayload);[39m
[31m+       setMessage('Loaded a historical snapshot of this report. Re-run "Load report" for the current state.');[39m
[31m+     } catch (error) {[39m
[31m+       setMessage(error instanceof Error ? error.message : 'Unable to load that snapshot.');[39m
[31m+     } finally {[39m
[31m+       setLoading(false);[39m
[31m+     }[39m
[31m+   };[39m
[31m+[39m
[31m+   const createShareLink = async () => {[39m
[31m+     if (!selectedPassport) return;[39m
[31m+     setSharing(true);[39m
[31m+     setShareMessage('');[39m
[31m+     try {[39m
[31m+       const response = await apiFetch(`/api/public/v1/reports/${encodeURIComponent(selectedPassport.id)}/token`, {[39m
[31m+         method: 'POST',[39m
[31m+         headers: { 'Content-Type': 'application/json' },[39m
[31m+         body: JSON.stringify({ type: reportType }),[39m
[31m+       });[39m
[31m+       const payload = await response.json().catch(() => null);[39m
[31m+       if (!response.ok) throw new Error(String(payload?.error || `Share link request failed (${response.status})`));[39m
[31m+       setShareInfo({ shareUrl: payload.shareUrl, expiresAt: payload.expiresAt, reportType: payload.reportType });[39m
[31m+     } catch (error) {[39m
[31m+       setShareInfo(null);[39m
[31m+       setShareMessage(error instanceof Error ? error.message : 'Unable to create a share link.');[39m
[31m+     } finally {[39m
[31m+       setSharing(false);[39m
[31m+     }[39m
[31m+   };[39m
[31m+[39m
[31m+   const copyShareLink = async () => {[39m
[31m+     if (!shareInfo) return;[39m
[31m+     try {[39m
[31m+       await navigator.clipboard.writeText(shareInfo.shareUrl);[39m
[31m+       setShareMessage('Share link copied to clipboard.');[39m
[31m+     } catch {[39m
[31m+       setShareMessage('Copy failed — select and copy the link manually.');[39m
[31m+     }[39m
[31m+   };[39m
[31m+[39m
[31m+   const downloadPdf = () => {[39m
[31m+     if (!selectedPassport) return;[39m
[31m+     generatePassportEvidenceReport(selectedPassport, 'SPR Reports Center', '#22d3ee');[39m
[31m+   };[39m
[31m+[39m
[31m+   const exportReportJson = () => {[39m
[31m+     if (!report || !selectedPassport) return;[39m
[31m+     download(`spr-report-${selectedPassport.id}-${reportType}.json`, JSON.stringify(report, null, 2), 'application/json');[39m
[31m+   };[39m
[31m+[39m
[31m+   const exportRegistryCsv = () => {[39m
[31m+     const clientFilter = exportClientIds.size > 0 ? exportClientIds : null;[39m
[31m+     const passportInScope = (passport: SoftwarePassport) => !clientFilter || clientFilter.has(String((passport as SoftwarePassport & { clientId?: string }).clientId || ''));[39m
[31m+     const scopedPassports = passports.filter(passportInScope);[39m
[31m+     const scopedClients = clientFilter ? clients.filter((client) => clientFilter.has(client.id)) : clients;[39m
[31m+     const rows = [[39m
[31m+       ['recordType', 'id', 'name', 'version', 'client', 'status', 'severity', 'observedAt'],[39m
[31m+       ...scopedPassports.map((passport) => ['passport', passport.id, passport.name, passport.version, clientName(passport, clients), 'registered', '', passport.releaseDate]),[39m
[31m+       ...scopedPassports.flatMap((passport) => passport.evidence.map((item: any) => ['evidence', item.id, item.name, '', clientName(passport, clients), item.status || item.verificationStatus, '', item.timestamp])),[39m
[31m+       ...scopedPassports.flatMap((passport) => passport.vulnerabilities.map((item: any) => ['vulnerability', item.id, item.title || item.id, item.component || '', clientName(passport, clients), item.status, item.severity, item.detectedAt || item.publishedDate])),[39m
[31m+       ...findings.filter((finding: any) => !clientFilter || clientFilter.has(String(finding.client_id || ''))).map((finding: any) => ['finding', finding.id, finding.title || finding.control_id, '', clients.find((client) => client.id === String(finding.client_id || ''))?.name || 'Unassigned client', finding.status, finding.severity, finding.updated_at]),[39m
[31m+       ...scans.filter((scan) => !clientFilter || scopedClients.some((client) => client.name === scan.clientName)).map((scan) => ['scan', scan.id, scan.targetName, '', scan.clientName, scan.status, '', scan.timestamp]),[39m
[31m+       ...alerts.filter((alert) => !clientFilter || scopedClients.some((client) => client.name === alert.clientName)).map((alert) => ['alert', alert.id, alert.title, '', alert.clientName, alert.status, alert.severity, alert.timestamp]),[39m
[31m+     ];[39m
[31m+     const suffix = clientFilter ? `-${scopedClients.length}-clients` : '';[39m
[31m+     download(`spr-registry-records${suffix}.csv`, rows.map((row) => row.map(csvCell).join(',')).join('\n'), 'text/csv;charset=utf-8');[39m
[31m+   };[39m
[31m+[39m
[31m+   const toggleExportClient = (clientId: string) => {[39m
[31m+     setExportClientIds((current) => { const next = new Set(current); if (next.has(clientId)) next.delete(clientId); else next.add(clientId); return next; });[39m
[31m+   };[39m
[31m+[39m
[31m+   const handleLogoUpload = (event: ChangeEvent<HTMLInputElement>) => {[39m
[31m+     const file = event.target.files?.[0];[39m
[31m+     if (!file) return;[39m
[31m+     const reader = new FileReader();[39m
[31m+     reader.onload = () => setLogoBase64(typeof reader.result === 'string' ? reader.result : undefined);[39m
[31m+     reader.readAsDataURL(file);[39m
[31m+   };[39m
[31m+[39m
[31m+   const generateWhiteLabelReport = () => {[39m
[31m+     const client = clients.find((item) => item.id === whiteLabelClientId);[39m
[31m+     if (!client || !mspName.trim()) return;[39m
[31m+     generateCoBrandedTrustReport(client, mspName.trim(), brandColor, reportTitle, 0, executiveSummary, logoBase64, sections.summary, sections.metrics, sections.inventory, sections.compliance, sections.signatures);[39m
[31m+   };[39m
[31m+[39m
[31m+   const reportText = useMemo(() => {[39m
[31m+     if (!report) return '';[39m
[31m+     return [[39m
[31m+       `SPR ${report.reportType || reportType} report: ${report.passport?.name || selectedPassport?.name || 'Passport'}`,[39m
[31m+       `Generated: ${report.generatedAt || 'unknown'}`,[39m
[31m+       `Report hash: ${report.reportHash || 'not returned'}`,[39m
[31m+       `Evidence records: ${report.evidence?.length ?? 0}`,[39m
[31m+       `Findings: ${report.findings?.length ?? 0}`,[39m
[31m+       `Observations: ${report.observations?.length ?? 0}`,[39m
[31m+       `Remediation records: ${report.remediation?.length ?? 0}`,[39m
[31m+       `Traceability: ${report.traceability || 'not returned'}`,[39m
[31m+       ...(report.limitations || []).map((item) => `Limitation (${item.evidenceId || 'evidence'}): ${item.limitation || 'not specified'}`),[39m
[31m+     ].join('\n');[39m
[31m+   }, [report, selectedPassport, reportType]);[39m
[31m+[39m
[31m+   return ([39m
[31m+     <section aria-labelledby="reports-title">[39m
[31m+       <div className="mb-4 flex flex-wrap items-center justify-between gap-3">[39m
[31m+         <div>[39m
[31m+           <h1 id="reports-title" className="text-[22px] font-semibold text-[#201f1e]">Reports center</h1>[39m
[31m+           <p className="mt-1 text-[13px] text-[#605e5c]">Evidence-backed exports and reports loaded from this tenant's existing APIs.</p>[39m
[31m+         </div>[39m
[31m+         <button onClick={() => window.print()} className="inline-flex h-8 items-center gap-1.5 rounded border border-[#c8c6c4] px-3 text-[13px] font-medium text-[#323130] hover:bg-black/[.03]"><Printer size={14} /> Print / save PDF</button>[39m
[31m+       </div>[39m
[31m+[39m
[31m+       <details className="mb-4 rounded-md border border-[#e1dfdd] bg-[#faf9f8] text-[13px]">[39m
[31m+         <summary className="cursor-pointer select-none px-3 py-2 font-medium text-[#323130]">ⓘ What is this? · How it works</summary>[39m
[31m+         <div className="px-3 pb-3 text-[#605e5c]">[39m
[31m+           <p>Exports contain only records loaded from this tenant's existing APIs. No trust score, compliance claim, or finding is inferred in this view.</p>[39m
[31m+           <ol className="mt-1.5 list-decimal space-y-0.5 pl-4">[39m
[31m+             <li>Export a registry CSV, or select a passport and report type to load a server-generated report.</li>[39m
[31m+             <li>Download the loaded report as JSON/PDF, or create a signed, expiring share link.</li>[39m
[31m+             <li>Optionally generate a co-branded white-label PDF for one client.</li>[39m
[31m+           </ol>[39m
[31m+         </div>[39m
[31m+       </details>[39m
[31m+[39m
[31m+       <div className="mb-4 flex flex-wrap gap-6 rounded-md border border-[#e1dfdd] bg-white p-3">[39m
[31m+         {[[39m
[31m+           ['Clients', clients.length, 'Persisted client records'],[39m
[31m+           ['Passports', passports.length, 'Registered software identity'],[39m
[31m+           ['Evidence', evidenceCount, 'Nested passport evidence'],[39m
[31m+           ['Findings / vulnerabilities', findingCount + vulnerabilityCount, 'Loaded finding and vulnerability records'],[39m
[31m+         ].map(([label, value, detail]) => ([39m
[31m+           <div key={String(label)}>[39m
[31m+             <div className="text-[11px] text-[#605e5c]">{label}</div>[39m
[31m+             <div className="text-lg font-semibold text-[#201f1e]">{value}</div>[39m
[31m+             <div className="text-[11px] text-[#8a8886]">{detail}</div>[39m
[31m+           </div>[39m
[31m+         ))}[39m
[31m+       </div>[39m
[31m+[39m
[31m+       <div className="mb-4 grid gap-4 xl:grid-cols-[1.1fr_.9fr]">[39m
[31m+         <div className="rounded-md border border-[#e1dfdd] bg-white p-4">[39m
[31m+           <div className="flex items-center gap-1.5"><ShieldCheck size={16} className="text-[#605e5c]" /><h2 className="text-[14px] font-semibold text-[#201f1e]">Tenant registry exports</h2></div>[39m
[31m+           <p className="mt-1 text-[13px] text-[#605e5c]">CSV includes the loaded client, passport, evidence, vulnerability, finding, scan, and alert records.</p>[39m
[31m+           {clients.length > 0 && ([39m
[31m+             <div className="mt-3 flex flex-wrap items-center gap-2">[39m
[31m+               <Users size={13} className="text-[#8a8886]" />[39m
[31m+               <span className="text-[12px] text-[#605e5c]">{exportClientIds.size === 0 ? 'All clients' : `${exportClientIds.size} of ${clients.length} clients selected`}</span>[39m
[31m+               <div className="flex flex-wrap gap-1.5">[39m
[31m+                 {clients.map((client) => ([39m
[31m+                   <button key={client.id} onClick={() => toggleExportClient(client.id)} className={`rounded-full border px-2 py-0.5 text-[11px] font-medium ${exportClientIds.has(client.id) ? 'border-[#0f6cbd] bg-[#eff6fc] text-[#0f6cbd]' : 'border-[#c8c6c4] bg-white text-[#605e5c]'}`}>{client.name}</button>[39m
[31m+                 ))}[39m
[31m+               </div>[39m
[31m+             </div>[39m
[31m+           )}[39m
[31m+           <div className="mt-3 flex flex-wrap gap-2">[39m
[31m+             <button onClick={exportRegistryCsv} disabled={!passports.length && !clients.length} className="inline-flex h-8 items-center gap-1.5 rounded bg-[#0f6cbd] px-3 text-[13px] font-medium text-white hover:bg-[#004578] disabled:cursor-not-allowed disabled:opacity-40"><Download size={14} /> Export registry CSV</button>[39m
[31m+           </div>[39m
[31m+           <div className="mt-4 border-t border-[#e1dfdd] pt-4">[39m
[31m+             <h3 className="text-[13px] font-semibold text-[#201f1e]">Server report snapshot</h3>[39m
[31m+             <p className="mt-1 text-[12px] leading-5 text-[#605e5c]">Loads <code className="rounded bg-[#f3f2f1] px-1 py-0.5">/api/trust-loop/reports/:passportId</code>, which returns persisted findings, evidence, observations, remediation, verification, limitations, and a report hash.</p>[39m
[31m+             <div className="mt-3 flex flex-col gap-2 sm:flex-row">[39m
[31m+               <select value={selectedPassportId} onChange={(event) => setSelectedPassportId(event.target.value)} className="h-9 min-w-0 flex-1 rounded border border-[#c8c6c4] bg-white px-3 text-[13px] text-[#201f1e] focus:border-[#0f6cbd] focus:ring-1 focus:ring-[#0f6cbd]">[39m
[31m+                 {!passports.length && <option value="">No passports loaded</option>}[39m
[31m+                 {passports.map((passport) => <option key={passport.id} value={passport.id}>{passport.name} · {passport.version}</option>)}[39m
[31m+               </select>[39m
[31m+               <select value={reportType} onChange={(event) => setReportType(event.target.value)} className="h-9 min-w-0 flex-1 rounded border border-[#c8c6c4] bg-white px-3 text-[13px] text-[#201f1e] focus:border-[#0f6cbd] focus:ring-1 focus:ring-[#0f6cbd]">[39m
[31m+                 {REPORT_TYPES.map((type) => <option key={type.value} value={type.value}>{type.label}</option>)}[39m
[31m+               </select>[39m
[31m+               <button onClick={() => void loadReport()} disabled={!selectedPassport || loading} className="inline-flex h-9 items-center justify-center gap-1.5 whitespace-nowrap rounded border border-[#0f6cbd] bg-[#eff6fc] px-3 text-[13px] font-medium text-[#0f6cbd] disabled:cursor-not-allowed disabled:opacity-40"><RefreshCw size={14} className={loading ? 'animate-spin' : ''} /> {loading ? 'Loading…' : 'Load report'}</button>[39m
[31m+             </div>[39m
[31m+             {message && <p className="mt-2 text-[12px] text-[#605e5c]" role="status">{message}</p>}[39m
[31m+           </div>[39m
[31m+[39m
[31m+           <div className="mt-4 border-t border-[#e1dfdd] pt-4">[39m
[31m+             <div className="flex items-center gap-1.5"><History size={14} className="text-[#605e5c]" /><h3 className="text-[13px] font-semibold text-[#201f1e]">Report history</h3></div>[39m
[31m+             <p className="mt-1 text-[12px] leading-5 text-[#605e5c]">Every generated report is hashed and versioned. Load a passport report above to populate history for the selected type.</p>[39m
[31m+             {historyLoading && <p className="mt-2 text-[12px] text-[#605e5c]">Loading history…</p>}[39m
[31m+             {!historyLoading && history.length === 0 && <p className="mt-2 text-[12px] text-[#605e5c]">No prior snapshots for this passport and report type yet.</p>}[39m
[31m+             {history.length > 0 && ([39m
[31m+               <ul className="mt-2 max-h-48 space-y-1.5 overflow-auto pr-1">[39m
[31m+                 {history.map((snapshot) => ([39m
[31m+                   <li key={snapshot.id}>[39m
[31m+                     <button onClick={() => void loadSnapshot(snapshot.id)} className="w-full rounded border border-[#e1dfdd] bg-[#faf9f8] px-3 py-2 text-left text-[12px] text-[#323130] hover:border-[#0f6cbd] hover:bg-[#eff6fc]">[39m
[31m+                       <div className="flex items-center justify-between gap-2">[39m
[31m+                         <span>{new Date(snapshot.generated_at).toLocaleString()}</span>[39m
[31m+                         <span className="text-[#605e5c]">score {snapshot.score}</span>[39m
[31m+                       </div>[39m
[31m+                       <div className="mt-0.5 truncate font-mono text-[11px] text-[#8a8886]">{snapshot.canonical_payload_hash}</div>[39m
[31m+                     </button>[39m
[31m+                   </li>[39m
[31m+                 ))}[39m
[31m+               </ul>[39m
[31m+             )}[39m
[31m+           </div>[39m
[31m+         </div>[39m
[31m+[39m
[31m+         <div className="rounded-md border border-[#e1dfdd] bg-white p-4">[39m
[31m+           <h2 className="text-[14px] font-semibold text-[#201f1e]">Download loaded report</h2>[39m
[31m+           <p className="mt-1 text-[13px] text-[#605e5c]">JSON is the exact server response. PDF is generated client-side from the loaded passport's SBOM, evidence, and timeline.</p>[39m
[31m+           <div className="mt-3 flex flex-wrap gap-2">[39m
[31m+             <button onClick={exportReportJson} disabled={!report} className="inline-flex h-8 items-center gap-1.5 rounded border border-[#c8c6c4] px-3 text-[13px] font-medium text-[#323130] hover:bg-black/[.03] disabled:cursor-not-allowed disabled:opacity-40"><FileJson size={14} /> Export JSON</button>[39m
[31m+             <button onClick={downloadPdf} disabled={!selectedPassport} className="inline-flex h-8 items-center gap-1.5 rounded border border-[#c8c6c4] px-3 text-[13px] font-medium text-[#323130] hover:bg-black/[.03] disabled:cursor-not-allowed disabled:opacity-40"><FileText size={14} /> Download PDF</button>[39m
[31m+           </div>[39m
[31m+[39m
[31m+           <div className="mt-4 border-t border-[#e1dfdd] pt-4">[39m
[31m+             <div className="flex items-center gap-1.5"><Share2 size={14} className="text-[#605e5c]" /><h3 className="text-[13px] font-semibold text-[#201f1e]">Shareable link</h3></div>[39m
[31m+             <p className="mt-1 text-[12px] leading-5 text-[#605e5c]">[39m
[31m+               {canShare[39m
[31m+                 ? 'Creates a signed, tenant-scoped link that expires in 7 days. Anyone with the link sees a redacted, evidence-backed summary — no internal remediation or verification detail.'[39m
[31m+                 : `Your ${role} role cannot create share links. Owner, Admin, or Operator is required.`}[39m
[31m+             </p>[39m
[31m+             <div className="mt-2 flex flex-wrap items-center gap-2">[39m
[31m+               <button onClick={() => void createShareLink()} disabled={!canShare || !selectedPassport || sharing} className="inline-flex h-8 items-center gap-1.5 rounded border border-[#c8c6c4] px-3 text-[13px] font-medium text-[#323130] hover:bg-black/[.03] disabled:cursor-not-allowed disabled:opacity-40">[39m
[31m+                 <Share2 size={14} className={sharing ? 'animate-pulse' : ''} /> {sharing ? 'Creating…' : 'Create share link'}[39m
[31m+               </button>[39m
[31m+               {shareInfo && ([39m
[31m+                 <button onClick={() => void copyShareLink()} className="inline-flex h-8 items-center gap-1.5 rounded border border-[#0f6cbd] bg-[#eff6fc] px-2.5 text-[12px] font-medium text-[#0f6cbd]"><Copy size={13} /> Copy link</button>[39m
[31m+               )}[39m
[31m+             </div>[39m
[31m+             {shareInfo && ([39m
[31m+               <div className="mt-2 rounded border border-[#e1dfdd] bg-[#faf9f8] p-2.5 text-[12px] text-[#605e5c]">[39m
[31m+                 <div className="truncate font-mono text-[#323130]">{shareInfo.shareUrl}</div>[39m
[31m+                 <div className="mt-0.5 text-[#8a8886]">Expires {new Date(shareInfo.expiresAt).toLocaleString()}</div>[39m
[31m+               </div>[39m
[31m+             )}[39m
[31m+             {shareMessage && <p className="mt-1.5 text-[12px] text-[#605e5c]" role="status">{shareMessage}</p>}[39m
[31m+           </div>[39m
[31m+[39m
[31m+           <pre className="mt-4 max-h-64 overflow-auto rounded-md border border-[#e1dfdd] bg-[#faf9f8] p-3 text-[12px] leading-5 text-[#605e5c] whitespace-pre-wrap">{reportText || 'Load a passport report to preview its persisted traceability and limitations.'}</pre>[39m
[31m+         </div>[39m
[31m+       </div>[39m
[31m+[39m
[31m+       {report?.sbom && ([39m
[31m+         <div className="mb-4 rounded-md border border-[#e1dfdd] bg-white p-4">[39m
[31m+           <div className="flex items-center gap-1.5"><Package size={16} className="text-[#605e5c]" /><h2 className="text-[14px] font-semibold text-[#201f1e]">SBOM components</h2></div>[39m
[31m+           <p className="mt-1 text-[13px] text-[#605e5c]">Each component is cross-referenced against this passport's recorded vulnerabilities by name.</p>[39m
[31m+           <div className="mt-3 overflow-auto">[39m
[31m+             <table className="w-full min-w-[560px] text-left text-[13px]">[39m
[31m+               <thead className="border-b border-[#e1dfdd] text-[11px] uppercase tracking-wide text-[#605e5c]"><tr><th className="px-3 py-2">Component</th><th className="px-3 py-2">Version</th><th className="px-3 py-2">License</th><th className="px-3 py-2">Vulnerabilities</th><th className="px-3 py-2">Critical/High</th></tr></thead>[39m
[31m+               <tbody>[39m
[31m+                 {report.sbom.length === 0 && <tr><td colSpan={5} className="px-3 py-2.5 text-[#605e5c]">No SBOM components recorded for this passport.</td></tr>}[39m
[31m+                 {report.sbom.map((component, index) => ([39m
[31m+                   <tr key={`${component.name}-${index}`} className="border-b border-[#f3f2f1] hover:bg-black/[.02]">[39m
[31m+                     <td className="px-3 py-2.5 text-[#201f1e]">{component.name || '—'}</td>[39m
[31m+                     <td className="px-3 py-2.5 text-[#605e5c]">{component.version || '—'}</td>[39m
[31m+                     <td className="px-3 py-2.5 text-[#605e5c]">{component.license || '—'}</td>[39m
[31m+                     <td className="px-3 py-2.5 text-[#605e5c]">{component.vulnerabilityCount ?? 0}</td>[39m
[31m+                     <td className="px-3 py-2.5 text-[#605e5c]">{component.criticalOrHighCount ?? 0}</td>[39m
[31m+                   </tr>[39m
[31m+                 ))}[39m
[31m+               </tbody>[39m
[31m+             </table>[39m
[31m+           </div>[39m
[31m+         </div>[39m
[31m+       )}[39m
[31m+[39m
[31m+       {report?.controls && ([39m
[31m+         <div className="mb-4 rounded-md border border-[#e1dfdd] bg-white p-4">[39m
[31m+           <div className="flex items-center gap-1.5"><ShieldCheck size={16} className="text-[#605e5c]" /><h2 className="text-[14px] font-semibold text-[#201f1e]">Findings by control</h2></div>[39m
[31m+           <p className="mt-1 text-[13px] text-[#605e5c]">Open trust findings grouped by control ID, worst-observed severity first.</p>[39m
[31m+           <div className="mt-3 overflow-auto">[39m
[31m+             <table className="w-full min-w-[480px] text-left text-[13px]">[39m
[31m+               <thead className="border-b border-[#e1dfdd] text-[11px] uppercase tracking-wide text-[#605e5c]"><tr><th className="px-3 py-2">Control</th><th className="px-3 py-2">Findings</th><th className="px-3 py-2">Open</th><th className="px-3 py-2">Worst severity</th></tr></thead>[39m
[31m+               <tbody>[39m
[31m+                 {report.controls.length === 0 && <tr><td colSpan={4} className="px-3 py-2.5 text-[#605e5c]">No control-mapped findings for this passport.</td></tr>}[39m
[31m+                 {report.controls.map((control) => ([39m
[31m+                   <tr key={control.controlId} className="border-b border-[#f3f2f1] hover:bg-black/[.02]">[39m
[31m+                     <td className="px-3 py-2.5 font-mono text-[#201f1e]">{control.controlId || '—'}</td>[39m
[31m+                     <td className="px-3 py-2.5 text-[#605e5c]">{control.findingCount ?? 0}</td>[39m
[31m+                     <td className="px-3 py-2.5 text-[#605e5c]">{control.openCount ?? 0}</td>[39m
[31m+                     <td className="px-3 py-2.5 capitalize text-[#605e5c]">{control.worstSeverity || '—'}</td>[39m
[31m+                   </tr>[39m
[31m+                 ))}[39m
[31m+               </tbody>[39m
[31m+             </table>[39m
[31m+           </div>[39m
[31m+         </div>[39m
[31m+       )}[39m
[31m+[39m
[31m+       {clients.length > 0 && ([39m
[31m+         <div className="mb-4 rounded-md border border-[#e1dfdd] bg-white p-4">[39m
[31m+           <h2 className="text-[14px] font-semibold text-[#201f1e]">White-label client report</h2>[39m
[31m+           <p className="mt-1 text-[13px] text-[#605e5c]">Generates a co-branded PDF for one client using your MSP name, logo, and brand color. Runs entirely in the browser from already-loaded client data.</p>[39m
[31m+           <div className="mt-3 grid gap-3 lg:grid-cols-2">[39m
[31m+             <div className="space-y-2">[39m
[31m+               <select value={whiteLabelClientId} onChange={(event) => setWhiteLabelClientId(event.target.value)} className="h-9 w-full rounded border border-[#c8c6c4] bg-white px-3 text-[13px] text-[#201f1e] focus:border-[#0f6cbd] focus:ring-1 focus:ring-[#0f6cbd]">[39m
[31m+                 {clients.map((client) => <option key={client.id} value={client.id}>{client.name}</option>)}[39m
[31m+               </select>[39m
[31m+               <input value={mspName} onChange={(event) => setMspName(event.target.value)} placeholder="Your MSP / firm name *" className="h-9 w-full rounded border border-[#c8c6c4] bg-white px-3 text-[13px] text-[#201f1e] placeholder:text-[#8a8886] focus:border-[#0f6cbd] focus:ring-1 focus:ring-[#0f6cbd]" />[39m
[31m+               <input value={reportTitle} onChange={(event) => setReportTitle(event.target.value)} placeholder="Report title" className="h-9 w-full rounded border border-[#c8c6c4] bg-white px-3 text-[13px] text-[#201f1e] focus:border-[#0f6cbd] focus:ring-1 focus:ring-[#0f6cbd]" />[39m
[31m+               <div className="flex items-center gap-3">[39m
[31m+                 <label className="flex items-center gap-2 text-[12px] text-[#605e5c]">Brand color <input type="color" value={brandColor} onChange={(event) => setBrandColor(event.target.value)} className="h-8 w-8 rounded border border-[#c8c6c4] bg-transparent" /></label>[39m
[31m+                 <label className="inline-flex h-9 cursor-pointer items-center gap-1.5 rounded border border-[#c8c6c4] px-3 text-[12px] text-[#323130] hover:bg-black/[.03]"><Upload size={13} /> {logoBase64 ? 'Logo uploaded' : 'Upload logo'}<input type="file" accept="image/png,image/jpeg,image/webp" onChange={handleLogoUpload} className="hidden" /></label>[39m
[31m+               </div>[39m
[31m+               <textarea value={executiveSummary} onChange={(event) => setExecutiveSummary(event.target.value)} placeholder="Executive summary (optional)" rows={3} className="w-full rounded border border-[#c8c6c4] bg-white px-3 py-2 text-[13px] text-[#201f1e] placeholder:text-[#8a8886] focus:border-[#0f6cbd] focus:ring-1 focus:ring-[#0f6cbd]" />[39m
[31m+             </div>[39m
[31m+             <div className="space-y-2">[39m
[31m+               <div className="grid grid-cols-2 gap-2 text-[12px] text-[#323130]">[39m
[31m+                 {(Object.keys(sections) as Array<keyof typeof sections>).map((key) => ([39m
[31m+                   <label key={key} className="flex items-center gap-2 rounded border border-[#e1dfdd] bg-[#faf9f8] px-3 py-2 capitalize"><input type="checkbox" checked={sections[key]} onChange={(event) => setSections((current) => ({ ...current, [key]: event.target.checked }))} /> {key}</label>[39m
[31m+                 ))}[39m
[31m+               </div>[39m
[31m+               <button onClick={generateWhiteLabelReport} disabled={!whiteLabelClientId || !mspName.trim()} className="inline-flex h-9 w-full items-center justify-center gap-1.5 rounded bg-[#0f6cbd] px-3 text-[13px] font-medium text-white hover:bg-[#004578] disabled:cursor-not-allowed disabled:opacity-40"><FileText size={14} /> Generate white-label PDF</button>[39m
[31m+               <p className="text-[11px] leading-5 text-[#8a8886]">Uses the client's already-loaded software inventory and compliance status. No score is fabricated beyond what SPR already has on record for this client.</p>[39m
[31m+             </div>[39m
[31m+           </div>[39m
[31m+         </div>[39m
[31m+       )}[39m
[31m+[39m
[31m+       <div className="rounded-md border border-[#e1dfdd] bg-[#fff4ce] p-3 text-[12px] leading-5 text-[#8a5700]">[39m
[31m+         <strong>Capability boundary:</strong> PDF export runs entirely in the browser from already-loaded passport data; there is no server-rendered PDF. Share links are stateless signed URLs with a 7-day expiry and cannot be individually revoked before then. "Print / save PDF" still uses the browser's print dialog for a full-page copy. Empty datasets remain empty and are not replaced with sample values.[39m
[31m+       </div>[39m
[31m+     </section>[39m
[31m+   );[39m
[31m+ }[39m
[31m+[39m

[36m [2m❯[22m tests/report-changes-contract.test.ts:[2m46:15[22m[39m
    [90m 44| [39m  it('loads changes automatically when a passport/report type is selec…
    [90m 45| [39m    [35mconst[39m s [33m=[39m [34msource[39m()[33m;[39m
    [90m 46| [39m    expect(s).toContain("if (selectedPassportId) { void loadHistory(se…
    [90m   | [39m              [31m^[39m
    [90m 47| [39m  })[33m;[39m
    [90m 48| [39m

[31m[2m⎯⎯⎯⎯⎯⎯⎯⎯⎯⎯⎯⎯⎯⎯⎯⎯⎯⎯⎯⎯⎯[89/141]⎯[22m[39m

[41m[1m FAIL [22m[49m tests/report-changes-contract.test.ts[2m > [22mReportsView surfaces changes since last report[2m > [22mdistinguishes "no change" from "not enough data yet" instead of collapsing them into one empty state
[31m[1mAssertionError[22m: expected 'import { useEffect, useMemo, useState…' to contain 'changes?.insufficientData'[39m

[32m- Expected[39m
[31m+ Received[39m

[32m- changes?.insufficientData[39m
[31m+ import { useEffect, useMemo, useState, type ChangeEvent } from 'react';[39m
[31m+ import { Copy, Download, FileJson, FileText, History, Package, Printer, RefreshCw, Share2, ShieldCheck, Upload, Users } from 'lucide-react';[39m
[31m+ import type { Alert, Client, Scan, SoftwarePassport } from '../types';[39m
[31m+ import { apiFetch } from '../utils/apiClient';[39m
[31m+ import { generateCoBrandedTrustReport, generatePassportEvidenceReport } from '../utils/pdfGenerator';[39m
[31m+[39m
[31m+ type ReportPayload = {[39m
[31m+   schemaVersion?: string;[39m
[31m+   reportType?: string;[39m
[31m+   generatedAt?: string;[39m
[31m+   passport?: { id?: string; name?: string };[39m
[31m+   risk?: { overall?: number | null; security?: number | null; compliance?: number | null };[39m
[31m+   evidenceQuality?: { completenessBasisPoints?: number; unknownDimensions?: number; latestObservationAt?: string | null };[39m
[31m+   findings?: unknown[];[39m
[31m+   evidence?: unknown[];[39m
[31m+   observations?: unknown[];[39m
[31m+   remediation?: unknown[];[39m
[31m+   verification?: unknown[];[39m
[31m+   traceability?: string;[39m
[31m+   limitations?: Array<{ evidenceId?: string; limitation?: string }>;[39m
[31m+   reportHash?: string;[39m
[31m+   sbom?: Array<{ name?: string; version?: string; license?: string; vulnerabilityCount?: number; criticalOrHighCount?: number }>;[39m
[31m+   controls?: Array<{ controlId?: string; findingCount?: number; openCount?: number; worstSeverity?: string }>;[39m
[31m+ };[39m
[31m+[39m
[31m+ type ReportSnapshot = {[39m
[31m+   id: string;[39m
[31m+   report_type: string;[39m
[31m+   generated_at: string;[39m
[31m+   score: number;[39m
[31m+   completeness_basis_points: number;[39m
[31m+   canonical_payload_hash: string;[39m
[31m+ };[39m
[31m+[39m
[31m+ type ShareInfo = { shareUrl: string; expiresAt: string; reportType: string };[39m
[31m+[39m
[31m+ const REPORT_TYPES: Array<{ value: string; label: string }> = [[39m
[31m+   { value: 'executive', label: 'Executive trust report' },[39m
[31m+   { value: 'technical', label: 'Technical / engineering' },[39m
[31m+   { value: 'compliance', label: 'Compliance (by control)' },[39m
[31m+   { value: 'sbom', label: 'SBOM report' },[39m
[31m+   { value: 'vendor', label: 'Vendor risk' },[39m
[31m+   { value: 'msp', label: 'MSP / client' },[39m
[31m+   { value: 'customer', label: 'Customer-facing' },[39m
[31m+   { value: 'auditor', label: 'Auditor' },[39m
[31m+   { value: 'evidence-ledger', label: 'Evidence ledger' },[39m
[31m+ ];[39m
[31m+[39m
[31m+ const SHARE_ROLES = new Set(['Owner', 'Admin', 'Operator']);[39m
[31m+[39m
[31m+ interface ReportsViewProps {[39m
[31m+   clients?: Client[];[39m
[31m+   passports?: SoftwarePassport[];[39m
[31m+   scans?: Scan[];[39m
[31m+   alerts?: Alert[];[39m
[31m+   findings?: unknown[];[39m
[31m+   role?: string;[39m
[31m+ }[39m
[31m+[39m
[31m+ function download(name: string, body: string, type: string) {[39m
[31m+   const url = URL.createObjectURL(new Blob([body], { type }));[39m
[31m+   const link = document.createElement('a');[39m
[31m+   link.href = url;[39m
[31m+   link.download = name;[39m
[31m+   document.body.appendChild(link);[39m
[31m+   link.click();[39m
[31m+   link.remove();[39m
[31m+   URL.revokeObjectURL(url);[39m
[31m+ }[39m
[31m+[39m
[31m+ function csvCell(value: unknown) {[39m
[31m+   return `"${String(value ?? '').replace(/"/g, '""')}"`;[39m
[31m+ }[39m
[31m+[39m
[31m+ function clientName(passport: SoftwarePassport, clients: Client[]) {[39m
[31m+   const clientId = String((passport as SoftwarePassport & { clientId?: string }).clientId || '');[39m
[31m+   return clients.find((client) => client.id === clientId)?.name || 'Unassigned client';[39m
[31m+ }[39m
[31m+[39m
[31m+ export default function ReportsView({ clients = [], passports = [], scans = [], alerts = [], findings = [], role = 'Viewer' }: ReportsViewProps) {[39m
[31m+   const [selectedPassportId, setSelectedPassportId] = useState(passports[0]?.id || '');[39m
[31m+   const [reportType, setReportType] = useState('executive');[39m
[31m+   const [report, setReport] = useState<ReportPayload | null>(null);[39m
[31m+   const [loading, setLoading] = useState(false);[39m
[31m+   const [message, setMessage] = useState('');[39m
[31m+   const [history, setHistory] = useState<ReportSnapshot[]>([]);[39m
[31m+   const [historyLoading, setHistoryLoading] = useState(false);[39m
[31m+   const [shareInfo, setShareInfo] = useState<ShareInfo | null>(null);[39m
[31m+   const [sharing, setSharing] = useState(false);[39m
[31m+   const [shareMessage, setShareMessage] = useState('');[39m
[31m+   const [exportClientIds, setExportClientIds] = useState<Set<string>>(new Set());[39m
[31m+[39m
[31m+   const [whiteLabelClientId, setWhiteLabelClientId] = useState(clients[0]?.id || '');[39m
[31m+   const [mspName, setMspName] = useState('');[39m
[31m+   const [brandColor, setBrandColor] = useState('#22d3ee');[39m
[31m+   const [reportTitle, setReportTitle] = useState('Software Trust & Compliance Ledger');[39m
[31m+   const [executiveSummary, setExecutiveSummary] = useState('');[39m
[31m+   const [logoBase64, setLogoBase64] = useState<string | undefined>(undefined);[39m
[31m+   const [sections, setSections] = useState({ summary: true, metrics: true, inventory: true, compliance: true, signatures: true });[39m
[31m+[39m
[31m+   const canShare = SHARE_ROLES.has(role);[39m
[31m+[39m
[31m+   useEffect(() => {[39m
[31m+     if (!passports.some((passport) => passport.id === selectedPassportId)) {[39m
[31m+       setSelectedPassportId(passports[0]?.id || '');[39m
[31m+     }[39m
[31m+   }, [passports, selectedPassportId]);[39m
[31m+[39m
[31m+   useEffect(() => {[39m
[31m+     if (!clients.some((client) => client.id === whiteLabelClientId)) {[39m
[31m+       setWhiteLabelClientId(clients[0]?.id || '');[39m
[31m+     }[39m
[31m+   }, [clients, whiteLabelClientId]);[39m
[31m+[39m
[31m+   useEffect(() => {[39m
[31m+     setReport(null);[39m
[31m+     setHistory([]);[39m
[31m+     setShareInfo(null);[39m
[31m+     setShareMessage('');[39m
[31m+     setMessage('');[39m
[31m+   }, [selectedPassportId, reportType]);[39m
[31m+[39m
[31m+   const selectedPassport = passports.find((passport) => passport.id === selectedPassportId);[39m
[31m+   const evidenceCount = passports.reduce((total, passport) => total + passport.evidence.length, 0);[39m
[31m+   const vulnerabilityCount = passports.reduce((total, passport) => total + passport.vulnerabilities.length, 0);[39m
[31m+   const findingCount = findings.length;[39m
[31m+[39m
[31m+   const loadHistory = async (passportId: string) => {[39m
[31m+     setHistoryLoading(true);[39m
[31m+     try {[39m
[31m+       const response = await apiFetch(`/api/trust-loop/reports/${encodeURIComponent(passportId)}/history?type=${encodeURIComponent(reportType)}`);[39m
[31m+       const payload = await response.json().catch(() => null);[39m
[31m+       if (response.ok) setHistory(Array.isArray(payload?.snapshots) ? payload.snapshots : []);[39m
[31m+     } finally {[39m
[31m+       setHistoryLoading(false);[39m
[31m+     }[39m
[31m+   };[39m
[31m+[39m
[31m+   const loadReport = async () => {[39m
[31m+     if (!selectedPassport) return;[39m
[31m+     setLoading(true);[39m
[31m+     setMessage('');[39m
[31m+     try {[39m
[31m+       const response = await apiFetch(`/api/trust-loop/reports/${encodeURIComponent(selectedPassport.id)}?type=${encodeURIComponent(reportType)}`);[39m
[31m+       const payload = await response.json().catch(() => null);[39m
[31m+       if (!response.ok) throw new Error(String(payload?.error || `Report request failed (${response.status})`));[39m
[31m+       setReport(payload as ReportPayload);[39m
[31m+       setMessage('Authoritative report loaded from the tenant-scoped trust report endpoint.');[39m
[31m+       void loadHistory(selectedPassport.id);[39m
[31m+     } catch (error) {[39m
[31m+       setReport(null);[39m
[31m+       setMessage(error instanceof Error ? error.message : 'Unable to load the report.');[39m
[31m+     } finally {[39m
[31m+       setLoading(false);[39m
[31m+     }[39m
[31m+   };[39m
[31m+[39m
[31m+   const loadSnapshot = async (snapshotId: string) => {[39m
[31m+     if (!selectedPassport) return;[39m
[31m+     setLoading(true);[39m
[31m+     setMessage('');[39m
[31m+     try {[39m
[31m+       const response = await apiFetch(`/api/trust-loop/reports/${encodeURIComponent(selectedPassport.id)}/history/${encodeURIComponent(snapshotId)}`);[39m
[31m+       const payload = await response.json().catch(() => null);[39m
[31m+       if (!response.ok) throw new Error(String(payload?.error || `Snapshot request failed (${response.status})`));[39m
[31m+       setReport(payload as ReportPayload);[39m
[31m+       setMessage('Loaded a historical snapshot of this report. Re-run "Load report" for the current state.');[39m
[31m+     } catch (error) {[39m
[31m+       setMessage(error instanceof Error ? error.message : 'Unable to load that snapshot.');[39m
[31m+     } finally {[39m
[31m+       setLoading(false);[39m
[31m+     }[39m
[31m+   };[39m
[31m+[39m
[31m+   const createShareLink = async () => {[39m
[31m+     if (!selectedPassport) return;[39m
[31m+     setSharing(true);[39m
[31m+     setShareMessage('');[39m
[31m+     try {[39m
[31m+       const response = await apiFetch(`/api/public/v1/reports/${encodeURIComponent(selectedPassport.id)}/token`, {[39m
[31m+         method: 'POST',[39m
[31m+         headers: { 'Content-Type': 'application/json' },[39m
[31m+         body: JSON.stringify({ type: reportType }),[39m
[31m+       });[39m
[31m+       const payload = await response.json().catch(() => null);[39m
[31m+       if (!response.ok) throw new Error(String(payload?.error || `Share link request failed (${response.status})`));[39m
[31m+       setShareInfo({ shareUrl: payload.shareUrl, expiresAt: payload.expiresAt, reportType: payload.reportType });[39m
[31m+     } catch (error) {[39m
[31m+       setShareInfo(null);[39m
[31m+       setShareMessage(error instanceof Error ? error.message : 'Unable to create a share link.');[39m
[31m+     } finally {[39m
[31m+       setSharing(false);[39m
[31m+     }[39m
[31m+   };[39m
[31m+[39m
[31m+   const copyShareLink = async () => {[39m
[31m+     if (!shareInfo) return;[39m
[31m+     try {[39m
[31m+       await navigator.clipboard.writeText(shareInfo.shareUrl);[39m
[31m+       setShareMessage('Share link copied to clipboard.');[39m
[31m+     } catch {[39m
[31m+       setShareMessage('Copy failed — select and copy the link manually.');[39m
[31m+     }[39m
[31m+   };[39m
[31m+[39m
[31m+   const downloadPdf = () => {[39m
[31m+     if (!selectedPassport) return;[39m
[31m+     generatePassportEvidenceReport(selectedPassport, 'SPR Reports Center', '#22d3ee');[39m
[31m+   };[39m
[31m+[39m
[31m+   const exportReportJson = () => {[39m
[31m+     if (!report || !selectedPassport) return;[39m
[31m+     download(`spr-report-${selectedPassport.id}-${reportType}.json`, JSON.stringify(report, null, 2), 'application/json');[39m
[31m+   };[39m
[31m+[39m
[31m+   const exportRegistryCsv = () => {[39m
[31m+     const clientFilter = exportClientIds.size > 0 ? exportClientIds : null;[39m
[31m+     const passportInScope = (passport: SoftwarePassport) => !clientFilter || clientFilter.has(String((passport as SoftwarePassport & { clientId?: string }).clientId || ''));[39m
[31m+     const scopedPassports = passports.filter(passportInScope);[39m
[31m+     const scopedClients = clientFilter ? clients.filter((client) => clientFilter.has(client.id)) : clients;[39m
[31m+     const rows = [[39m
[31m+       ['recordType', 'id', 'name', 'version', 'client', 'status', 'severity', 'observedAt'],[39m
[31m+       ...scopedPassports.map((passport) => ['passport', passport.id, passport.name, passport.version, clientName(passport, clients), 'registered', '', passport.releaseDate]),[39m
[31m+       ...scopedPassports.flatMap((passport) => passport.evidence.map((item: any) => ['evidence', item.id, item.name, '', clientName(passport, clients), item.status || item.verificationStatus, '', item.timestamp])),[39m
[31m+       ...scopedPassports.flatMap((passport) => passport.vulnerabilities.map((item: any) => ['vulnerability', item.id, item.title || item.id, item.component || '', clientName(passport, clients), item.status, item.severity, item.detectedAt || item.publishedDate])),[39m
[31m+       ...findings.filter((finding: any) => !clientFilter || clientFilter.has(String(finding.client_id || ''))).map((finding: any) => ['finding', finding.id, finding.title || finding.control_id, '', clients.find((client) => client.id === String(finding.client_id || ''))?.name || 'Unassigned client', finding.status, finding.severity, finding.updated_at]),[39m
[31m+       ...scans.filter((scan) => !clientFilter || scopedClients.some((client) => client.name === scan.clientName)).map((scan) => ['scan', scan.id, scan.targetName, '', scan.clientName, scan.status, '', scan.timestamp]),[39m
[31m+       ...alerts.filter((alert) => !clientFilter || scopedClients.some((client) => client.name === alert.clientName)).map((alert) => ['alert', alert.id, alert.title, '', alert.clientName, alert.status, alert.severity, alert.timestamp]),[39m
[31m+     ];[39m
[31m+     const suffix = clientFilter ? `-${scopedClients.length}-clients` : '';[39m
[31m+     download(`spr-registry-records${suffix}.csv`, rows.map((row) => row.map(csvCell).join(',')).join('\n'), 'text/csv;charset=utf-8');[39m
[31m+   };[39m
[31m+[39m
[31m+   const toggleExportClient = (clientId: string) => {[39m
[31m+     setExportClientIds((current) => { const next = new Set(current); if (next.has(clientId)) next.delete(clientId); else next.add(clientId); return next; });[39m
[31m+   };[39m
[31m+[39m
[31m+   const handleLogoUpload = (event: ChangeEvent<HTMLInputElement>) => {[39m
[31m+     const file = event.target.files?.[0];[39m
[31m+     if (!file) return;[39m
[31m+     const reader = new FileReader();[39m
[31m+     reader.onload = () => setLogoBase64(typeof reader.result === 'string' ? reader.result : undefined);[39m
[31m+     reader.readAsDataURL(file);[39m
[31m+   };[39m
[31m+[39m
[31m+   const generateWhiteLabelReport = () => {[39m
[31m+     const client = clients.find((item) => item.id === whiteLabelClientId);[39m
[31m+     if (!client || !mspName.trim()) return;[39m
[31m+     generateCoBrandedTrustReport(client, mspName.trim(), brandColor, reportTitle, 0, executiveSummary, logoBase64, sections.summary, sections.metrics, sections.inventory, sections.compliance, sections.signatures);[39m
[31m+   };[39m
[31m+[39m
[31m+   const reportText = useMemo(() => {[39m
[31m+     if (!report) return '';[39m
[31m+     return [[39m
[31m+       `SPR ${report.reportType || reportType} report: ${report.passport?.name || selectedPassport?.name || 'Passport'}`,[39m
[31m+       `Generated: ${report.generatedAt || 'unknown'}`,[39m
[31m+       `Report hash: ${report.reportHash || 'not returned'}`,[39m
[31m+       `Evidence records: ${report.evidence?.length ?? 0}`,[39m
[31m+       `Findings: ${report.findings?.length ?? 0}`,[39m
[31m+       `Observations: ${report.observations?.length ?? 0}`,[39m
[31m+       `Remediation records: ${report.remediation?.length ?? 0}`,[39m
[31m+       `Traceability: ${report.traceability || 'not returned'}`,[39m
[31m+       ...(report.limitations || []).map((item) => `Limitation (${item.evidenceId || 'evidence'}): ${item.limitation || 'not specified'}`),[39m
[31m+     ].join('\n');[39m
[31m+   }, [report, selectedPassport, reportType]);[39m
[31m+[39m
[31m+   return ([39m
[31m+     <section aria-labelledby="reports-title">[39m
[31m+       <div className="mb-4 flex flex-wrap items-center justify-between gap-3">[39m
[31m+         <div>[39m
[31m+           <h1 id="reports-title" className="text-[22px] font-semibold text-[#201f1e]">Reports center</h1>[39m
[31m+           <p className="mt-1 text-[13px] text-[#605e5c]">Evidence-backed exports and reports loaded from this tenant's existing APIs.</p>[39m
[31m+         </div>[39m
[31m+         <button onClick={() => window.print()} className="inline-flex h-8 items-center gap-1.5 rounded border border-[#c8c6c4] px-3 text-[13px] font-medium text-[#323130] hover:bg-black/[.03]"><Printer size={14} /> Print / save PDF</button>[39m
[31m+       </div>[39m
[31m+[39m
[31m+       <details className="mb-4 rounded-md border border-[#e1dfdd] bg-[#faf9f8] text-[13px]">[39m
[31m+         <summary className="cursor-pointer select-none px-3 py-2 font-medium text-[#323130]">ⓘ What is this? · How it works</summary>[39m
[31m+         <div className="px-3 pb-3 text-[#605e5c]">[39m
[31m+           <p>Exports contain only records loaded from this tenant's existing APIs. No trust score, compliance claim, or finding is inferred in this view.</p>[39m
[31m+           <ol className="mt-1.5 list-decimal space-y-0.5 pl-4">[39m
[31m+             <li>Export a registry CSV, or select a passport and report type to load a server-generated report.</li>[39m
[31m+             <li>Download the loaded report as JSON/PDF, or create a signed, expiring share link.</li>[39m
[31m+             <li>Optionally generate a co-branded white-label PDF for one client.</li>[39m
[31m+           </ol>[39m
[31m+         </div>[39m
[31m+       </details>[39m
[31m+[39m
[31m+       <div className="mb-4 flex flex-wrap gap-6 rounded-md border border-[#e1dfdd] bg-white p-3">[39m
[31m+         {[[39m
[31m+           ['Clients', clients.length, 'Persisted client records'],[39m
[31m+           ['Passports', passports.length, 'Registered software identity'],[39m
[31m+           ['Evidence', evidenceCount, 'Nested passport evidence'],[39m
[31m+           ['Findings / vulnerabilities', findingCount + vulnerabilityCount, 'Loaded finding and vulnerability records'],[39m
[31m+         ].map(([label, value, detail]) => ([39m
[31m+           <div key={String(label)}>[39m
[31m+             <div className="text-[11px] text-[#605e5c]">{label}</div>[39m
[31m+             <div className="text-lg font-semibold text-[#201f1e]">{value}</div>[39m
[31m+             <div className="text-[11px] text-[#8a8886]">{detail}</div>[39m
[31m+           </div>[39m
[31m+         ))}[39m
[31m+       </div>[39m
[31m+[39m
[31m+       <div className="mb-4 grid gap-4 xl:grid-cols-[1.1fr_.9fr]">[39m
[31m+         <div className="rounded-md border border-[#e1dfdd] bg-white p-4">[39m
[31m+           <div className="flex items-center gap-1.5"><ShieldCheck size={16} className="text-[#605e5c]" /><h2 className="text-[14px] font-semibold text-[#201f1e]">Tenant registry exports</h2></div>[39m
[31m+           <p className="mt-1 text-[13px] text-[#605e5c]">CSV includes the loaded client, passport, evidence, vulnerability, finding, scan, and alert records.</p>[39m
[31m+           {clients.length > 0 && ([39m
[31m+             <div className="mt-3 flex flex-wrap items-center gap-2">[39m
[31m+               <Users size={13} className="text-[#8a8886]" />[39m
[31m+               <span className="text-[12px] text-[#605e5c]">{exportClientIds.size === 0 ? 'All clients' : `${exportClientIds.size} of ${clients.length} clients selected`}</span>[39m
[31m+               <div className="flex flex-wrap gap-1.5">[39m
[31m+                 {clients.map((client) => ([39m
[31m+                   <button key={client.id} onClick={() => toggleExportClient(client.id)} className={`rounded-full border px-2 py-0.5 text-[11px] font-medium ${exportClientIds.has(client.id) ? 'border-[#0f6cbd] bg-[#eff6fc] text-[#0f6cbd]' : 'border-[#c8c6c4] bg-white text-[#605e5c]'}`}>{client.name}</button>[39m
[31m+                 ))}[39m
[31m+               </div>[39m
[31m+             </div>[39m
[31m+           )}[39m
[31m+           <div className="mt-3 flex flex-wrap gap-2">[39m
[31m+             <button onClick={exportRegistryCsv} disabled={!passports.length && !clients.length} className="inline-flex h-8 items-center gap-1.5 rounded bg-[#0f6cbd] px-3 text-[13px] font-medium text-white hover:bg-[#004578] disabled:cursor-not-allowed disabled:opacity-40"><Download size={14} /> Export registry CSV</button>[39m
[31m+           </div>[39m
[31m+           <div className="mt-4 border-t border-[#e1dfdd] pt-4">[39m
[31m+             <h3 className="text-[13px] font-semibold text-[#201f1e]">Server report snapshot</h3>[39m
[31m+             <p className="mt-1 text-[12px] leading-5 text-[#605e5c]">Loads <code className="rounded bg-[#f3f2f1] px-1 py-0.5">/api/trust-loop/reports/:passportId</code>, which returns persisted findings, evidence, observations, remediation, verification, limitations, and a report hash.</p>[39m
[31m+             <div className="mt-3 flex flex-col gap-2 sm:flex-row">[39m
[31m+               <select value={selectedPassportId} onChange={(event) => setSelectedPassportId(event.target.value)} className="h-9 min-w-0 flex-1 rounded border border-[#c8c6c4] bg-white px-3 text-[13px] text-[#201f1e] focus:border-[#0f6cbd] focus:ring-1 focus:ring-[#0f6cbd]">[39m
[31m+                 {!passports.length && <option value="">No passports loaded</option>}[39m
[31m+                 {passports.map((passport) => <option key={passport.id} value={passport.id}>{passport.name} · {passport.version}</option>)}[39m
[31m+               </select>[39m
[31m+               <select value={reportType} onChange={(event) => setReportType(event.target.value)} className="h-9 min-w-0 flex-1 rounded border border-[#c8c6c4] bg-white px-3 text-[13px] text-[#201f1e] focus:border-[#0f6cbd] focus:ring-1 focus:ring-[#0f6cbd]">[39m
[31m+                 {REPORT_TYPES.map((type) => <option key={type.value} value={type.value}>{type.label}</option>)}[39m
[31m+               </select>[39m
[31m+               <button onClick={() => void loadReport()} disabled={!selectedPassport || loading} className="inline-flex h-9 items-center justify-center gap-1.5 whitespace-nowrap rounded border border-[#0f6cbd] bg-[#eff6fc] px-3 text-[13px] font-medium text-[#0f6cbd] disabled:cursor-not-allowed disabled:opacity-40"><RefreshCw size={14} className={loading ? 'animate-spin' : ''} /> {loading ? 'Loading…' : 'Load report'}</button>[39m
[31m+             </div>[39m
[31m+             {message && <p className="mt-2 text-[12px] text-[#605e5c]" role="status">{message}</p>}[39m
[31m+           </div>[39m
[31m+[39m
[31m+           <div className="mt-4 border-t border-[#e1dfdd] pt-4">[39m
[31m+             <div className="flex items-center gap-1.5"><History size={14} className="text-[#605e5c]" /><h3 className="text-[13px] font-semibold text-[#201f1e]">Report history</h3></div>[39m
[31m+             <p className="mt-1 text-[12px] leading-5 text-[#605e5c]">Every generated report is hashed and versioned. Load a passport report above to populate history for the selected type.</p>[39m
[31m+             {historyLoading && <p className="mt-2 text-[12px] text-[#605e5c]">Loading history…</p>}[39m
[31m+             {!historyLoading && history.length === 0 && <p className="mt-2 text-[12px] text-[#605e5c]">No prior snapshots for this passport and report type yet.</p>}[39m
[31m+             {history.length > 0 && ([39m
[31m+               <ul className="mt-2 max-h-48 space-y-1.5 overflow-auto pr-1">[39m
[31m+                 {history.map((snapshot) => ([39m
[31m+                   <li key={snapshot.id}>[39m
[31m+                     <button onClick={() => void loadSnapshot(snapshot.id)} className="w-full rounded border border-[#e1dfdd] bg-[#faf9f8] px-3 py-2 text-left text-[12px] text-[#323130] hover:border-[#0f6cbd] hover:bg-[#eff6fc]">[39m
[31m+                       <div className="flex items-center justify-between gap-2">[39m
[31m+                         <span>{new Date(snapshot.generated_at).toLocaleString()}</span>[39m
[31m+                         <span className="text-[#605e5c]">score {snapshot.score}</span>[39m
[31m+                       </div>[39m
[31m+                       <div className="mt-0.5 truncate font-mono text-[11px] text-[#8a8886]">{snapshot.canonical_payload_hash}</div>[39m
[31m+                     </button>[39m
[31m+                   </li>[39m
[31m+                 ))}[39m
[31m+               </ul>[39m
[31m+             )}[39m
[31m+           </div>[39m
[31m+         </div>[39m
[31m+[39m
[31m+         <div className="rounded-md border border-[#e1dfdd] bg-white p-4">[39m
[31m+           <h2 className="text-[14px] font-semibold text-[#201f1e]">Download loaded report</h2>[39m
[31m+           <p className="mt-1 text-[13px] text-[#605e5c]">JSON is the exact server response. PDF is generated client-side from the loaded passport's SBOM, evidence, and timeline.</p>[39m
[31m+           <div className="mt-3 flex flex-wrap gap-2">[39m
[31m+             <button onClick={exportReportJson} disabled={!report} className="inline-flex h-8 items-center gap-1.5 rounded border border-[#c8c6c4] px-3 text-[13px] font-medium text-[#323130] hover:bg-black/[.03] disabled:cursor-not-allowed disabled:opacity-40"><FileJson size={14} /> Export JSON</button>[39m
[31m+             <button onClick={downloadPdf} disabled={!selectedPassport} className="inline-flex h-8 items-center gap-1.5 rounded border border-[#c8c6c4] px-3 text-[13px] font-medium text-[#323130] hover:bg-black/[.03] disabled:cursor-not-allowed disabled:opacity-40"><FileText size={14} /> Download PDF</button>[39m
[31m+           </div>[39m
[31m+[39m
[31m+           <div className="mt-4 border-t border-[#e1dfdd] pt-4">[39m
[31m+             <div className="flex items-center gap-1.5"><Share2 size={14} className="text-[#605e5c]" /><h3 className="text-[13px] font-semibold text-[#201f1e]">Shareable link</h3></div>[39m
[31m+             <p className="mt-1 text-[12px] leading-5 text-[#605e5c]">[39m
[31m+               {canShare[39m
[31m+                 ? 'Creates a signed, tenant-scoped link that expires in 7 days. Anyone with the link sees a redacted, evidence-backed summary — no internal remediation or verification detail.'[39m
[31m+                 : `Your ${role} role cannot create share links. Owner, Admin, or Operator is required.`}[39m
[31m+             </p>[39m
[31m+             <div className="mt-2 flex flex-wrap items-center gap-2">[39m
[31m+               <button onClick={() => void createShareLink()} disabled={!canShare || !selectedPassport || sharing} className="inline-flex h-8 items-center gap-1.5 rounded border border-[#c8c6c4] px-3 text-[13px] font-medium text-[#323130] hover:bg-black/[.03] disabled:cursor-not-allowed disabled:opacity-40">[39m
[31m+                 <Share2 size={14} className={sharing ? 'animate-pulse' : ''} /> {sharing ? 'Creating…' : 'Create share link'}[39m
[31m+               </button>[39m
[31m+               {shareInfo && ([39m
[31m+                 <button onClick={() => void copyShareLink()} className="inline-flex h-8 items-center gap-1.5 rounded border border-[#0f6cbd] bg-[#eff6fc] px-2.5 text-[12px] font-medium text-[#0f6cbd]"><Copy size={13} /> Copy link</button>[39m
[31m+               )}[39m
[31m+             </div>[39m
[31m+             {shareInfo && ([39m
[31m+               <div className="mt-2 rounded border border-[#e1dfdd] bg-[#faf9f8] p-2.5 text-[12px] text-[#605e5c]">[39m
[31m+                 <div className="truncate font-mono text-[#323130]">{shareInfo.shareUrl}</div>[39m
[31m+                 <div className="mt-0.5 text-[#8a8886]">Expires {new Date(shareInfo.expiresAt).toLocaleString()}</div>[39m
[31m+               </div>[39m
[31m+             )}[39m
[31m+             {shareMessage && <p className="mt-1.5 text-[12px] text-[#605e5c]" role="status">{shareMessage}</p>}[39m
[31m+           </div>[39m
[31m+[39m
[31m+           <pre className="mt-4 max-h-64 overflow-auto rounded-md border border-[#e1dfdd] bg-[#faf9f8] p-3 text-[12px] leading-5 text-[#605e5c] whitespace-pre-wrap">{reportText || 'Load a passport report to preview its persisted traceability and limitations.'}</pre>[39m
[31m+         </div>[39m
[31m+       </div>[39m
[31m+[39m
[31m+       {report?.sbom && ([39m
[31m+         <div className="mb-4 rounded-md border border-[#e1dfdd] bg-white p-4">[39m
[31m+           <div className="flex items-center gap-1.5"><Package size={16} className="text-[#605e5c]" /><h2 className="text-[14px] font-semibold text-[#201f1e]">SBOM components</h2></div>[39m
[31m+           <p className="mt-1 text-[13px] text-[#605e5c]">Each component is cross-referenced against this passport's recorded vulnerabilities by name.</p>[39m
[31m+           <div className="mt-3 overflow-auto">[39m
[31m+             <table className="w-full min-w-[560px] text-left text-[13px]">[39m
[31m+               <thead className="border-b border-[#e1dfdd] text-[11px] uppercase tracking-wide text-[#605e5c]"><tr><th className="px-3 py-2">Component</th><th className="px-3 py-2">Version</th><th className="px-3 py-2">License</th><th className="px-3 py-2">Vulnerabilities</th><th className="px-3 py-2">Critical/High</th></tr></thead>[39m
[31m+               <tbody>[39m
[31m+                 {report.sbom.length === 0 && <tr><td colSpan={5} className="px-3 py-2.5 text-[#605e5c]">No SBOM components recorded for this passport.</td></tr>}[39m
[31m+                 {report.sbom.map((component, index) => ([39m
[31m+                   <tr key={`${component.name}-${index}`} className="border-b border-[#f3f2f1] hover:bg-black/[.02]">[39m
[31m+                     <td className="px-3 py-2.5 text-[#201f1e]">{component.name || '—'}</td>[39m
[31m+                     <td className="px-3 py-2.5 text-[#605e5c]">{component.version || '—'}</td>[39m
[31m+                     <td className="px-3 py-2.5 text-[#605e5c]">{component.license || '—'}</td>[39m
[31m+                     <td className="px-3 py-2.5 text-[#605e5c]">{component.vulnerabilityCount ?? 0}</td>[39m
[31m+                     <td className="px-3 py-2.5 text-[#605e5c]">{component.criticalOrHighCount ?? 0}</td>[39m
[31m+                   </tr>[39m
[31m+                 ))}[39m
[31m+               </tbody>[39m
[31m+             </table>[39m
[31m+           </div>[39m
[31m+         </div>[39m
[31m+       )}[39m
[31m+[39m
[31m+       {report?.controls && ([39m
[31m+         <div className="mb-4 rounded-md border border-[#e1dfdd] bg-white p-4">[39m
[31m+           <div className="flex items-center gap-1.5"><ShieldCheck size={16} className="text-[#605e5c]" /><h2 className="text-[14px] font-semibold text-[#201f1e]">Findings by control</h2></div>[39m
[31m+           <p className="mt-1 text-[13px] text-[#605e5c]">Open trust findings grouped by control ID, worst-observed severity first.</p>[39m
[31m+           <div className="mt-3 overflow-auto">[39m
[31m+             <table className="w-full min-w-[480px] text-left text-[13px]">[39m
[31m+               <thead className="border-b border-[#e1dfdd] text-[11px] uppercase tracking-wide text-[#605e5c]"><tr><th className="px-3 py-2">Control</th><th className="px-3 py-2">Findings</th><th className="px-3 py-2">Open</th><th className="px-3 py-2">Worst severity</th></tr></thead>[39m
[31m+               <tbody>[39m
[31m+                 {report.controls.length === 0 && <tr><td colSpan={4} className="px-3 py-2.5 text-[#605e5c]">No control-mapped findings for this passport.</td></tr>}[39m
[31m+                 {report.controls.map((control) => ([39m
[31m+                   <tr key={control.controlId} className="border-b border-[#f3f2f1] hover:bg-black/[.02]">[39m
[31m+                     <td className="px-3 py-2.5 font-mono text-[#201f1e]">{control.controlId || '—'}</td>[39m
[31m+                     <td className="px-3 py-2.5 text-[#605e5c]">{control.findingCount ?? 0}</td>[39m
[31m+                     <td className="px-3 py-2.5 text-[#605e5c]">{control.openCount ?? 0}</td>[39m
[31m+                     <td className="px-3 py-2.5 capitalize text-[#605e5c]">{control.worstSeverity || '—'}</td>[39m
[31m+                   </tr>[39m
[31m+                 ))}[39m
[31m+               </tbody>[39m
[31m+             </table>[39m
[31m+           </div>[39m
[31m+         </div>[39m
[31m+       )}[39m
[31m+[39m
[31m+       {clients.length > 0 && ([39m
[31m+         <div className="mb-4 rounded-md border border-[#e1dfdd] bg-white p-4">[39m
[31m+           <h2 className="text-[14px] font-semibold text-[#201f1e]">White-label client report</h2>[39m
[31m+           <p className="mt-1 text-[13px] text-[#605e5c]">Generates a co-branded PDF for one client using your MSP name, logo, and brand color. Runs entirely in the browser from already-loaded client data.</p>[39m
[31m+           <div className="mt-3 grid gap-3 lg:grid-cols-2">[39m
[31m+             <div className="space-y-2">[39m
[31m+               <select value={whiteLabelClientId} onChange={(event) => setWhiteLabelClientId(event.target.value)} className="h-9 w-full rounded border border-[#c8c6c4] bg-white px-3 text-[13px] text-[#201f1e] focus:border-[#0f6cbd] focus:ring-1 focus:ring-[#0f6cbd]">[39m
[31m+                 {clients.map((client) => <option key={client.id} value={client.id}>{client.name}</option>)}[39m
[31m+               </select>[39m
[31m+               <input value={mspName} onChange={(event) => setMspName(event.target.value)} placeholder="Your MSP / firm name *" className="h-9 w-full rounded border border-[#c8c6c4] bg-white px-3 text-[13px] text-[#201f1e] placeholder:text-[#8a8886] focus:border-[#0f6cbd] focus:ring-1 focus:ring-[#0f6cbd]" />[39m
[31m+               <input value={reportTitle} onChange={(event) => setReportTitle(event.target.value)} placeholder="Report title" className="h-9 w-full rounded border border-[#c8c6c4] bg-white px-3 text-[13px] text-[#201f1e] focus:border-[#0f6cbd] focus:ring-1 focus:ring-[#0f6cbd]" />[39m
[31m+               <div className="flex items-center gap-3">[39m
[31m+                 <label className="flex items-center gap-2 text-[12px] text-[#605e5c]">Brand color <input type="color" value={brandColor} onChange={(event) => setBrandColor(event.target.value)} className="h-8 w-8 rounded border border-[#c8c6c4] bg-transparent" /></label>[39m
[31m+                 <label className="inline-flex h-9 cursor-pointer items-center gap-1.5 rounded border border-[#c8c6c4] px-3 text-[12px] text-[#323130] hover:bg-black/[.03]"><Upload size={13} /> {logoBase64 ? 'Logo uploaded' : 'Upload logo'}<input type="file" accept="image/png,image/jpeg,image/webp" onChange={handleLogoUpload} className="hidden" /></label>[39m
[31m+               </div>[39m
[31m+               <textarea value={executiveSummary} onChange={(event) => setExecutiveSummary(event.target.value)} placeholder="Executive summary (optional)" rows={3} className="w-full rounded border border-[#c8c6c4] bg-white px-3 py-2 text-[13px] text-[#201f1e] placeholder:text-[#8a8886] focus:border-[#0f6cbd] focus:ring-1 focus:ring-[#0f6cbd]" />[39m
[31m+             </div>[39m
[31m+             <div className="space-y-2">[39m
[31m+               <div className="grid grid-cols-2 gap-2 text-[12px] text-[#323130]">[39m
[31m+                 {(Object.keys(sections) as Array<keyof typeof sections>).map((key) => ([39m
[31m+                   <label key={key} className="flex items-center gap-2 rounded border border-[#e1dfdd] bg-[#faf9f8] px-3 py-2 capitalize"><input type="checkbox" checked={sections[key]} onChange={(event) => setSections((current) => ({ ...current, [key]: event.target.checked }))} /> {key}</label>[39m
[31m+                 ))}[39m
[31m+               </div>[39m
[31m+               <button onClick={generateWhiteLabelReport} disabled={!whiteLabelClientId || !mspName.trim()} className="inline-flex h-9 w-full items-center justify-center gap-1.5 rounded bg-[#0f6cbd] px-3 text-[13px] font-medium text-white hover:bg-[#004578] disabled:cursor-not-allowed disabled:opacity-40"><FileText size={14} /> Generate white-label PDF</button>[39m
[31m+               <p className="text-[11px] leading-5 text-[#8a8886]">Uses the client's already-loaded software inventory and compliance status. No score is fabricated beyond what SPR already has on record for this client.</p>[39m
[31m+             </div>[39m
[31m+           </div>[39m
[31m+         </div>[39m
[31m+       )}[39m
[31m+[39m
[31m+       <div className="rounded-md border border-[#e1dfdd] bg-[#fff4ce] p-3 text-[12px] leading-5 text-[#8a5700]">[39m
[31m+         <strong>Capability boundary:</strong> PDF export runs entirely in the browser from already-loaded passport data; there is no server-rendered PDF. Share links are stateless signed URLs with a 7-day expiry and cannot be individually revoked before then. "Print / save PDF" still uses the browser's print dialog for a full-page copy. Empty datasets remain empty and are not replaced with sample values.[39m
[31m+       </div>[39m
[31m+     </section>[39m
[31m+   );[39m
[31m+ }[39m
[31m+[39m

[36m [2m❯[22m tests/report-changes-contract.test.ts:[2m51:15[22m[39m
    [90m 49| [39m  it('distinguishes "no change" from "not enough data yet" instead of …
    [90m 50| [39m    [35mconst[39m s [33m=[39m [34msource[39m()[33m;[39m
    [90m 51| [39m    [34mexpect[39m(s)[33m.[39m[34mtoContain[39m([32m'changes?.insufficientData'[39m)[33m;[39m
    [90m   | [39m              [31m^[39m
    [90m 52| [39m    [34mexpect[39m(s)[33m.[39m[34mtoContain[39m([32m'No change since the last report'[39m)[33m;[39m
    [90m 53| [39m  })[33m;[39m

[31m[2m⎯⎯⎯⎯⎯⎯⎯⎯⎯⎯⎯⎯⎯⎯⎯⎯⎯⎯⎯⎯⎯[90/141]⎯[22m[39m

[41m[1m FAIL [22m[49m tests/savings-routes-contract.test.ts[2m > [22msavings router is mounted in server.ts[2m > [22mmounts createSavingsRouter at /api/savings
[31m[1mAssertionError[22m: expected 'import express, { type NextFunction, …' to contain 'import { createSavingsRouter } from \…'[39m

[32m- Expected[39m
[31m+ Received[39m

[32m- import [7m{ createSavingsRouter } from './src/routes/savings.ts';[27m[39m
[31m+ import [7mexpress, { type NextFunction, type Request, type Response } from 'express';[27m[39m
[31m+ import cors from 'cors';[39m
[31m+ import helmet from 'helmet';[39m
[31m+ import * as Sentry from '@sentry/node';[39m
[31m+ import path from 'node:path';[39m
[31m+ import { fileURLToPath } from 'node:url';[39m
[31m+ import { randomUUID } from 'node:crypto';[39m
[31m+ import { config, validateConfiguration } from './src/config.ts';[39m
[31m+ import { checkDatabaseHealth, closeDatabase, db } from './src/db/index.ts';[39m
[31m+ import { sql } from 'drizzle-orm';[39m
[31m+ import { AuthenticatedRequest, rateLimiter, requireAuth, requireRole } from './src/middleware/security.ts';[39m
[31m+ import { createAuthRouter } from './src/routes/auth.ts';[39m
[31m+ import { createConnectRouter } from './src/routes/connect.ts';[39m
[31m+ import { createIntegrationsRouter } from './src/routes/integrations.ts';[39m
[31m+ import { createLiveIntegrationsRouter } from './src/routes/integrations-live.ts';[39m
[31m+ import { createMonitoringRouter } from './src/routes/monitoring.ts';[39m
[31m+ import { createPublicConnectRouter } from './src/routes/public-connect.ts';[39m
[31m+ import { createScansRouter } from './src/routes/scans.ts';[39m
[31m+ import { createComplianceRouter } from './src/routes/compliance.ts';[39m
[31m+ import { createTrustLoopRouter } from './src/routes/trust-loop.ts';[39m
[31m+ import { createIntegrationMonitoringRouter } from './src/routes/integration-monitoring.ts';[39m
[31m+ import { createAgentApiRouter } from './src/routes/agent-api.ts';[39m
[31m+ import { createMspRouter } from './src/routes/msp.ts';[39m
[31m+ import { createAiTrustRouter } from './src/routes/ai-trust.ts';[39m
[31m+ import { createMcpTransport } from './src/mcp/transport.ts';[39m
[31m+ import { executePublicMcpTool } from './src/mcp/execute.ts';[39m
[31m+[39m
[31m+ const app = express();[39m
[31m+ const startedAt = Date.now();[39m
[31m+ const requestBodyLimit = process.env.REQUEST_BODY_LIMIT || '2mb';[39m
[31m+ const requestHeaderTimeoutMs = Number(process.env.REQUEST_HEADER_TIMEOUT_MS || 15_000);[39m
[31m+ const requestTimeoutMs = Number(process.env.REQUEST_TIMEOUT_MS || 120_000);[39m
[31m+ const keepAliveTimeoutMs = Number(process.env.KEEP_ALIVE_TIMEOUT_MS || 65_000);[39m
[31m+[39m
[31m+ async function ensureInitialSelfPassport() {[39m
[31m+   const owner = (await db.execute(sql`SELECT tenant_id AS "tenantId" FROM users WHERE role = 'Owner' ORDER BY created_at ASC LIMIT 1`)).rows?.[0] as { tenantId?: string } | undefined;[39m
[31m+   if (!owner?.tenantId) {[39m
[31m+     console.warn('[SPR] Initial self-passport skipped: no Owner tenant exists yet.');[39m
[31m+     return;[39m
[31m+   }[39m
[31m+   await db.execute(sql`[39m
[31m+     INSERT INTO passports ([39m
[31m+       id, tenant_id, name, version, publisher, category, overall_score,[39m
[31m+       security_score, compliance_score, vendor_reputation_score, release_date,[39m
[31m+       file_hash, license_type, ai_summary, sbom, evidence, vulnerabilities, timeline[39m
[31m+     ) VALUES ([39m
[31m+       'passport_spr_self', ${owner.tenantId}, 'Software Passport Registry', '1.0.0',[39m
[31m+       'SPR', 'Platform', 0, 0, 0, 0, CURRENT_DATE::text, 'not-observed',[39m
[31m+       'Unknown', 'Initial SPR self-passport. Evidence collection is pending.',[39m
[31m+       '[]', '[]', '[]', '[]'[39m
[31m+     )[39m
[31m+     ON CONFLICT (id) DO NOTHING[39m
[31m+   `);[39m
[31m+   console.info('[SPR] Initial self-passport ready.');[39m
[31m+ }[39m
[31m+[39m
[31m+ export function normalizeAllowedOrigins(origins: string[]): string[] {[39m
[31m+   return [...new Set(origins.map((origin) => new URL(origin).origin))].sort();[39m
[31m+ }[39m
[31m+[39m
[31m+ if (config.trustProxy) app.set('trust proxy', 1);[39m
[31m+ app.disable('x-powered-by');[39m
[31m+ if (config.sentry.dsn) Sentry.init({ dsn: config.sentry.dsn, environment: config.nodeEnv, tracesSampleRate: config.isProduction ? 0.1 : 1.0 });[39m
[31m+ const allowedOrigins = new Set(normalizeAllowedOrigins(config.allowedOrigins));[39m
[31m+ const appOrigin = config.appUrl ? new URL(config.appUrl).origin : undefined;[39m
[31m+ const corsOrigin = (origin: string | undefined, callback: (error: Error | null, allow?: boolean) => void) => {[39m
[31m+   if (!origin) return callback(null, true);[39m
[31m+   try {[39m
[31m+     const normalizedOrigin = new URL(origin).origin;[39m
[31m+     if (allowedOrigins.has(normalizedOrigin)) return callback(null, true);[39m
[31m+   } catch (_) {}[39m
[31m+   return callback(new Error('CORS origin denied'));[39m
[31m+ };[39m
[31m+ app.use(helmet({ contentSecurityPolicy: { useDefaults: false, directives: { defaultSrc: ["'self'"], baseUri: ["'self'"], objectSrc: ["'none'"], frameAncestors: ["'none'"], formAction: ["'self'"], scriptSrc: ["'self'"], styleSrc: ["'self'", "'unsafe-inline'"], imgSrc: ["'self'", 'data:', 'blob:', 'https:'], fontSrc: ["'self'", 'data:', 'https:'], connectSrc: ["'self'", ...(appOrigin ? [appOrigin] : [])], frameSrc: ["'self'", 'https:'], workerSrc: ["'self'", 'blob:'], manifestSrc: ["'self'"], upgradeInsecureRequests: [] } }, crossOriginEmbedderPolicy: false, frameguard: { action: 'deny' }, referrerPolicy: { policy: 'no-referrer' } }));[39m
[31m+ app.use(cors({ origin: corsOrigin, credentials: true, methods: ['GET', 'HEAD', 'POST', 'PUT', 'PATCH', 'DELETE', 'OPTIONS'], allowedHeaders: ['Authorization', 'Content-Type', 'X-Request-ID', 'X-API-Key'] }));[39m
[31m+ app.use((req, res, next) => { if (req.method === 'TRACE' || req.method === 'CONNECT') return res.status(405).json({ error: { code: 'METHOD_NOT_ALLOWED', message: 'HTTP method is not allowed.' } }); if (req.headers['content-length'] && !/^\d+$/.test(String(req.headers['content-length']))) return res.status(400).json({ error: { code: 'INVALID_CONTENT_LENGTH', message: 'Invalid Content-Length header.' } }); return next(); });[39m
[31m+ app.use(express.json({ limit: requestBodyLimit, strict: true, type: ['application/json', 'application/*+json'] }));[39m
[31m+ app.use(express.urlencoded({ extended: false, limit: requestBodyLimit }));[39m
[31m+ app.use((req, res, next) => { const supplied = req.headers['x-request-id']; const requestId = typeof supplied === 'string' && /^[A-Za-z0-9._:-]{1,100}$/.test(supplied) ? supplied : `req_${randomUUID()}`; res.setHeader('X-Request-ID', requestId); res.setHeader('Cache-Control', req.path.startsWith('/api/') ? 'no-store, max-age=0' : 'public, max-age=0, must-revalidate'); res.locals.requestId = requestId; next(); });[39m
[31m+ app.use((req, res, next) => { if (config.isProduction && config.enforceHttps && !req.secure && req.path !== '/health' && req.path !== '/ready' && req.path !== '/api/health' && req.path !== '/api/ready') { if (!appOrigin) return res.status(503).json({ error: { code: 'HTTPS_CONFIGURATION_ERROR', message: 'HTTPS redirect target is not configured.' } }); return res.redirect(308, `${appOrigin}${req.originalUrl}`); } return next(); });[39m
[31m+ app.get('/health', (_req, res) => res.status(200).json({ status: 'ok', service: 'spr-app', uptimeSeconds: Math.floor((Date.now() - startedAt) / 1000) }));[39m
[31m+ const readinessHandler = async (_req: Request, res: Response) => { const database = await checkDatabaseHealth(); const ready = database.ok; res.status(ready ? 200 : 503).json({ status: ready ? 'ready' : 'not_ready', checks: { database: database.ok ? database : { ok: false, latencyMs: database.latencyMs, error: 'DATABASE_UNAVAILABLE' } }, uptimeSeconds: Math.floor((Date.now() - startedAt) / 1000) }); };[39m
[31m+ app.get('/ready', readinessHandler);[39m
[31m+ app.get('/api/ready', readinessHandler);[39m
[31m+ app.get('/api/health', async (_req, res) => { const database = await checkDatabaseHealth(); res.status(database.ok ? 200 : 503).json({ status: database.ok ? 'ok' : 'degraded', database: database.ok ? database : { ok: false, latencyMs: database.latencyMs, error: 'DATABASE_UNAVAILABLE' } }); });[39m
[31m+ app.use('/api', rateLimiter);[39m
[31m+ app.use('/api', createAuthRouter());[39m
[31m+ app.use('/api', createPublicConnectRouter());[39m
[31m+ const connectRouter = createConnectRouter();[39m
[31m+ app.use('/api', connectRouter);[39m
[31m+ app.use('/api/connect', connectRouter);[39m
[31m+ app.use('/api/integrations/connect', connectRouter);[39m
[31m+ app.post('/api/ai/analyze-passport', requireAuth, async (req: AuthenticatedRequest, res, next) => {[39m
[31m+   try {[39m
[31m+     const passportId = typeof req.body?.passportId === 'string' ? req.body.passportId.trim() : '';[39m
[31m+     if (!passportId) return res.status(400).json({ error: { code: 'PASSPORT_ID_REQUIRED', message: 'passportId is required.' } });[39m
[31m+     const db = req.db!;[39m
[31m+     const result = await db.execute(sql`[39m
[31m+       SELECT name, version, publisher, overall_score AS "overallScore",[39m
[31m+              jsonb_array_length(COALESCE(NULLIF(evidence, '')::jsonb, '[]'::jsonb)) AS "evidenceCount",[39m
[31m+              jsonb_array_length(COALESCE(NULLIF(vulnerabilities, '')::jsonb, '[]'::jsonb)) AS "findingCount"[39m
[31m+       FROM passports[39m
[31m+       WHERE id = ${passportId} AND tenant_id = ${req.user!.tenantId}[39m
[31m+       LIMIT 1[39m
[31m+     `);[39m
[31m+     const passport = (result.rows?.[0] ?? null) as {[39m
[31m+       name?: string; version?: string; publisher?: string; overallScore?: number | null;[39m
[31m+       evidenceCount?: number; findingCount?: number;[39m
[31m+     } | null;[39m
[31m+     if (!passport) return res.status(404).json({ error: { code: 'PASSPORT_NOT_FOUND', message: 'Passport not found.' } });[39m
[31m+     const status = passport.overallScore == null ? 'not verified' : `score ${passport.overallScore}`;[39m
[31m+     return res.json({ passportId, analysis: `${passport.name ?? 'Passport'} ${passport.version ?? ''} by ${passport.publisher ?? 'unknown publisher'} is ${status}. Evidence records: ${passport.evidenceCount ?? 0}. Findings: ${passport.findingCount ?? 0}. Authoritative verification requires durable backend evidence.` });[39m
[31m+   } catch (error) { return next(error); }[39m
[31m+ });[39m
[31m+ app.use('/api/integrations', createIntegrationsRouter());[39m
[31m+ app.use('/api/integrations-live', createLiveIntegrationsRouter());[39m
[31m+ const requireTrustMutationRole = (req: Request, res: Response, next: NextFunction) => { if (['GET', 'HEAD', 'OPTIONS'].includes(req.method)) return next(); return requireRole(['Owner', 'Admin', 'Operator', 'Technician'])(req as AuthenticatedRequest, res, next); };[39m
[31m+ app.use('/api/trust-loop', requireAuth, requireTrustMutationRole);[39m
[31m+ app.use('/api/trust-loop', createTrustLoopRouter());[39m
[31m+ app.use('/api/integration-monitoring', createIntegrationMonitoringRouter());[39m
[31m+ app.use('/api/monitoring', createMonitoringRouter());[39m
[31m+ app.use('/api/agent/v1', createAgentApiRouter());[39m
[31m+ app.use('/api/msp', requireAuth, createMspRouter());[39m
[31m+ app.use('/api/ai-trust', requireAuth, createAiTrustRouter());[39m
[31m+[39m
[31m+ const mcpBearer = process.env.SPR_MCP_BEARER_TOKEN;[39m
[31m+ if (mcpBearer) {[39m
[31m+   const mcpTransport = createMcpTransport({ expectedBearer: mcpBearer, executeTool: async (tool, args) => executePublicMcpTool(tool, args) });[39m
[31m+   app.post('/mcp', async (req, res) => { const response = await mcpTransport(new Request(`${config.appUrl || 'https://localhost'}/mcp`, { method: 'POST', headers: req.headers as Record<string, string>, body: JSON.stringify(req.body) })); res.status(response.status); response.headers.forEach((value, key) => res.setHeader(key, value)); res.send(Buffer.from(await response.arrayBuffer())); });[39m
[31m+ }[39m
[31m+[39m
[31m+ app.use('/api', createScansRouter());[39m
[31m+ app.use('/api/compliance', createComplianceRouter());[39m
[31m+ const publicDir = __dirname;[39m
[31m+ app.use(express.static(publicDir, { index: false, maxAge: config.isProduction ? '1y' : 0 }));[39m
[31m+ app.get('/*splat', (req, res, next) => { if (req.path.startsWith('/api/') || req.path === '/mcp') return next(); return res.sendFile(path.join(publicDir, 'index.html'), error => error ? next(error) : undefined); });[39m
[31m+ app.use((req, res, next) => { if (req.path.startsWith('/api/') || req.path === '/mcp') return res.status(404).json({ error: 'Route not found.', code: 'NOT_FOUND', requestId: res.locals.requestId }); return next(); });[39m
[31m+ app.use((err: any, req: Request, res: Response, next: NextFunction) => { if (res.headersSent) return next(err); const requestId = res.locals.requestId || `req_${randomUUID()}`; const status = Number.isInteger(err?.status) && err.status >= 400 && err.status < 600 ? err.status : 500; console.error('[HTTP_ERROR]', { requestId, status, method: req.method, path: req.path, message: err?.message || String(err) }); if (config.sentry.dsn) Sentry.captureException(err, { tags: { requestId } }); return res.status(status).json({ error: { code: status === 500 ? 'INTERNAL_SERVER_ERROR' : 'REQUEST_FAILED', message: status === 500 ? 'An unexpected server error occurred.' : err?.message || 'Request failed.', requestId } }); });[39m
[31m+ let server: ReturnType<typeof app.listen> | undefined; let shuttingDown = false;[39m
[31m+[39m
[31m+ export function rejectConnectTunnels<T extends ReturnType<typeof app.listen>>(httpServer: T): T {[39m
[31m+   httpServer.on('connect', (_request, socket) => {[39m
[31m+     socket.end('HTTP/1.1 405 Method Not Allowed\r\nConnection: close\r\nContent-Length: 0\r\n\r\n');[39m
[31m+   });[39m
[31m+   return httpServer;[39m
[31m+ }[39m
[31m+[39m
[31m+ async function shutdown(signal: string) { if (shuttingDown) return; shuttingDown = true; console.info(`[SPR] ${signal} received; shutting down gracefully.`); const forceTimer = setTimeout(() => process.exit(1), 15_000); forceTimer.unref(); if (server) await new Promise<void>(resolve => server!.close(() => resolve())); await closeDatabase().catch(error => console.error('[SPR] Database shutdown error:', error)); if (config.sentry.dsn) await Sentry.close(2_000).catch(() => undefined); clearTimeout(forceTimer); process.exit(0); }[39m
[31m+ export async function startServer() {[39m
[31m+   validateConfiguration();[39m
[31m+   try { await ensureInitialSelfPassport(); } catch (error) { console.error('[SPR] Initial self-passport bootstrap failed; continuing startup. /ready will report the database as unavailable.', error); }[39m
[31m+   const host = process.env.HOST || '0.0.0.0'; server = app.listen(config.port, host, () => console.info(`[SPR] listening on http://${host}:${config.port}`)); server.requestTimeout = Number.isFinite(requestTimeoutMs) && requestTimeoutMs > 0 ? requestTimeoutMs : 120_000; server.headersTimeout = Number.isFinite(requestHeaderTimeoutMs) && requestHeaderTimeoutMs > 0 ? requestHeaderTimeoutMs : 15_000; server.keepAliveTimeout = Number.isFinite(keepAliveTimeoutMs) && keepAliveTimeoutMs > 0 ? keepAliveTimeoutMs : 65_000; rejectConnectTunnels(server); return server; }[39m
[31m+ process.once('SIGTERM', () => void shutdown('SIGTERM')); process.once('SIGINT', () => void shutdown('SIGINT')); process.on('unhandledRejection', reason => console.error('[SPR] Unhandled rejection:', reason)); process.on('uncaughtException', error => { console.error('[SPR] Uncaught exception:', error); void shutdown('uncaughtException'); });[39m
[31m+ if (process.env.SPR_SKIP_AUTOSTART !== 'true') void startServer().catch(error => { console.error('[SPR] Startup failed:', error); process.exit(1); });[39m
[31m+ export { app };[39m
[31m+[39m

[36m [2m❯[22m tests/savings-routes-contract.test.ts:[2m28:15[22m[39m
    [90m 26| [39m  [34mit[39m([32m'mounts createSavingsRouter at /api/savings'[39m[33m,[39m () [33m=>[39m {
    [90m 27| [39m    [35mconst[39m s [33m=[39m [34mread[39m([32m'server.ts'[39m)[33m;[39m
    [90m 28| [39m    expect(s).toContain("import { createSavingsRouter } from './src/ro…
    [90m   | [39m              [31m^[39m
    [90m 29| [39m    expect(s).toContain("app.use('/api/savings', createSavingsRouter()…
    [90m 30| [39m  })[33m;[39m

[31m[2m⎯⎯⎯⎯⎯⎯⎯⎯⎯⎯⎯⎯⎯⎯⎯⎯⎯⎯⎯⎯⎯[91/141]⎯[22m[39m

[41m[1m FAIL [22m[49m tests/self-service-workspace-contract.test.ts[2m > [22mself-service workspace creation contract[2m > [22mauthenticates the caller with the same revocation-aware check requireAuth uses
[31m[1mAssertionError[22m: expected -1 to be greater than -1[39m
[36m [2m❯[22m workspaceRoute tests/self-service-workspace-contract.test.ts:[2m23:17[22m[39m
    [90m 21| [39m  [35mconst[39m source [33m=[39m [34mstripComments[39m([34mread[39m([32m'src/routes/auth.ts'[39m))[33m;[39m
    [90m 22| [39m  [35mconst[39m start [33m=[39m source[33m.[39m[34mindexOf[39m([32m"router.post('/auth/workspace'"[39m)[33m;[39m
    [90m 23| [39m  [34mexpect[39m(start)[33m.[39m[34mtoBeGreaterThan[39m([33m-[39m[34m1[39m)[33m;[39m
    [90m   | [39m                [31m^[39m
    [90m 24| [39m  // Scope every assertion to this handler so a match elsewhere in the…
    [90m 25| [39m  [90m// large auth router can never satisfy it by accident.[39m
[90m [2m❯[22m tests/self-service-workspace-contract.test.ts:[2m33:21[22m[39m

[31m[2m⎯⎯⎯⎯⎯⎯⎯⎯⎯⎯⎯⎯⎯⎯⎯⎯⎯⎯⎯⎯⎯[92/141]⎯[22m[39m

[41m[1m FAIL [22m[49m tests/self-service-workspace-contract.test.ts[2m > [22mself-service workspace creation contract[2m > [22mrefuses to provision an unverified email address
[31m[1mAssertionError[22m: expected -1 to be greater than -1[39m
[36m [2m❯[22m workspaceRoute tests/self-service-workspace-contract.test.ts:[2m23:17[22m[39m
    [90m 21| [39m  [35mconst[39m source [33m=[39m [34mstripComments[39m([34mread[39m([32m'src/routes/auth.ts'[39m))[33m;[39m
    [90m 22| [39m  [35mconst[39m start [33m=[39m source[33m.[39m[34mindexOf[39m([32m"router.post('/auth/workspace'"[39m)[33m;[39m
    [90m 23| [39m  [34mexpect[39m(start)[33m.[39m[34mtoBeGreaterThan[39m([33m-[39m[34m1[39m)[33m;[39m
    [90m   | [39m                [31m^[39m
    [90m 24| [39m  // Scope every assertion to this handler so a match elsewhere in the…
    [90m 25| [39m  [90m// large auth router can never satisfy it by accident.[39m
[90m [2m❯[22m tests/self-service-workspace-contract.test.ts:[2m39:21[22m[39m

[31m[2m⎯⎯⎯⎯⎯⎯⎯⎯⎯⎯⎯⎯⎯⎯⎯⎯⎯⎯⎯⎯⎯[93/141]⎯[22m[39m

[41m[1m FAIL [22m[49m tests/self-service-workspace-contract.test.ts[2m > [22mself-service workspace creation contract[2m > [22mlets an existing membership win, so it can never move a user between tenants
[31m[1mAssertionError[22m: expected -1 to be greater than -1[39m
[36m [2m❯[22m workspaceRoute tests/self-service-workspace-contract.test.ts:[2m23:17[22m[39m
    [90m 21| [39m  [35mconst[39m source [33m=[39m [34mstripComments[39m([34mread[39m([32m'src/routes/auth.ts'[39m))[33m;[39m
    [90m 22| [39m  [35mconst[39m start [33m=[39m source[33m.[39m[34mindexOf[39m([32m"router.post('/auth/workspace'"[39m)[33m;[39m
    [90m 23| [39m  [34mexpect[39m(start)[33m.[39m[34mtoBeGreaterThan[39m([33m-[39m[34m1[39m)[33m;[39m
    [90m   | [39m                [31m^[39m
    [90m 24| [39m  // Scope every assertion to this handler so a match elsewhere in the…
    [90m 25| [39m  [90m// large auth router can never satisfy it by accident.[39m
[90m [2m❯[22m tests/self-service-workspace-contract.test.ts:[2m45:21[22m[39m

[31m[2m⎯⎯⎯⎯⎯⎯⎯⎯⎯⎯⎯⎯⎯⎯⎯⎯⎯⎯⎯⎯⎯[94/141]⎯[22m[39m

[41m[1m FAIL [22m[49m tests/self-service-workspace-contract.test.ts[2m > [22mself-service workspace creation contract[2m > [22mmints a fresh tenant and never accepts one from the caller
[31m[1mAssertionError[22m: expected -1 to be greater than -1[39m
[36m [2m❯[22m workspaceRoute tests/self-service-workspace-contract.test.ts:[2m23:17[22m[39m
    [90m 21| [39m  [35mconst[39m source [33m=[39m [34mstripComments[39m([34mread[39m([32m'src/routes/auth.ts'[39m))[33m;[39m
    [90m 22| [39m  [35mconst[39m start [33m=[39m source[33m.[39m[34mindexOf[39m([32m"router.post('/auth/workspace'"[39m)[33m;[39m
    [90m 23| [39m  [34mexpect[39m(start)[33m.[39m[34mtoBeGreaterThan[39m([33m-[39m[34m1[39m)[33m;[39m
    [90m   | [39m                [31m^[39m
    [90m 24| [39m  // Scope every assertion to this handler so a match elsewhere in the…
    [90m 25| [39m  [90m// large auth router can never satisfy it by accident.[39m
[90m [2m❯[22m tests/self-service-workspace-contract.test.ts:[2m56:21[22m[39m

[31m[2m⎯⎯⎯⎯⎯⎯⎯⎯⎯⎯⎯⎯⎯⎯⎯⎯⎯⎯⎯⎯⎯[95/141]⎯[22m[39m

[41m[1m FAIL [22m[49m tests/self-service-workspace-contract.test.ts[2m > [22mself-service workspace creation contract[2m > [22mis idempotent against the users_uid_key unique index
[31m[1mAssertionError[22m: expected -1 to be greater than -1[39m
[36m [2m❯[22m workspaceRoute tests/self-service-workspace-contract.test.ts:[2m23:17[22m[39m
    [90m 21| [39m  [35mconst[39m source [33m=[39m [34mstripComments[39m([34mread[39m([32m'src/routes/auth.ts'[39m))[33m;[39m
    [90m 22| [39m  [35mconst[39m start [33m=[39m source[33m.[39m[34mindexOf[39m([32m"router.post('/auth/workspace'"[39m)[33m;[39m
    [90m 23| [39m  [34mexpect[39m(start)[33m.[39m[34mtoBeGreaterThan[39m([33m-[39m[34m1[39m)[33m;[39m
    [90m   | [39m                [31m^[39m
    [90m 24| [39m  // Scope every assertion to this handler so a match elsewhere in the…
    [90m 25| [39m  [90m// large auth router can never satisfy it by accident.[39m
[90m [2m❯[22m tests/self-service-workspace-contract.test.ts:[2m67:21[22m[39m

[31m[2m⎯⎯⎯⎯⎯⎯⎯⎯⎯⎯⎯⎯⎯⎯⎯⎯⎯⎯⎯⎯⎯[96/141]⎯[22m[39m

[41m[1m FAIL [22m[49m tests/self-service-workspace-contract.test.ts[2m > [22mself-service workspace creation contract[2m > [22mgrants Owner only over the newly created workspace
[31m[1mAssertionError[22m: expected -1 to be greater than -1[39m
[36m [2m❯[22m workspaceRoute tests/self-service-workspace-contract.test.ts:[2m23:17[22m[39m
    [90m 21| [39m  [35mconst[39m source [33m=[39m [34mstripComments[39m([34mread[39m([32m'src/routes/auth.ts'[39m))[33m;[39m
    [90m 22| [39m  [35mconst[39m start [33m=[39m source[33m.[39m[34mindexOf[39m([32m"router.post('/auth/workspace'"[39m)[33m;[39m
    [90m 23| [39m  [34mexpect[39m(start)[33m.[39m[34mtoBeGreaterThan[39m([33m-[39m[34m1[39m)[33m;[39m
    [90m   | [39m                [31m^[39m
    [90m 24| [39m  // Scope every assertion to this handler so a match elsewhere in the…
    [90m 25| [39m  [90m// large auth router can never satisfy it by accident.[39m
[90m [2m❯[22m tests/self-service-workspace-contract.test.ts:[2m72:21[22m[39m

[31m[2m⎯⎯⎯⎯⎯⎯⎯⎯⎯⎯⎯⎯⎯⎯⎯⎯⎯⎯⎯⎯⎯[97/141]⎯[22m[39m

[41m[1m FAIL [22m[49m tests/self-service-workspace-contract.test.ts[2m > [22mself-service workspace creation contract[2m > [22mrecords an audit entry scoped to the new tenant
[31m[1mAssertionError[22m: expected -1 to be greater than -1[39m
[36m [2m❯[22m workspaceRoute tests/self-service-workspace-contract.test.ts:[2m23:17[22m[39m
    [90m 21| [39m  [35mconst[39m source [33m=[39m [34mstripComments[39m([34mread[39m([32m'src/routes/auth.ts'[39m))[33m;[39m
    [90m 22| [39m  [35mconst[39m start [33m=[39m source[33m.[39m[34mindexOf[39m([32m"router.post('/auth/workspace'"[39m)[33m;[39m
    [90m 23| [39m  [34mexpect[39m(start)[33m.[39m[34mtoBeGreaterThan[39m([33m-[39m[34m1[39m)[33m;[39m
    [90m   | [39m                [31m^[39m
    [90m 24| [39m  // Scope every assertion to this handler so a match elsewhere in the…
    [90m 25| [39m  [90m// large auth router can never satisfy it by accident.[39m
[90m [2m❯[22m tests/self-service-workspace-contract.test.ts:[2m78:21[22m[39m

[31m[2m⎯⎯⎯⎯⎯⎯⎯⎯⎯⎯⎯⎯⎯⎯⎯⎯⎯⎯⎯⎯⎯[98/141]⎯[22m[39m

[41m[1m FAIL [22m[49m tests/self-service-workspace-contract.test.ts[2m > [22mself-service workspace creation contract[2m > [22mruns in the authenticated load, the one choke point every session passes through
[31m[1mAssertionError[22m: expected 'import { useEffect, useMemo, useState…' to contain 'apiFetch(\'/api/auth/workspace\', { m…'[39m

[32m- Expected[39m
[31m+ Received[39m

[32m- apiFetch('/api/auth/workspace', { method: 'POST' })[39m
[31m+ import { useEffect, useMemo, useState, type ReactNode } from 'react';[39m
[31m+ import { getRedirectResult, onAuthStateChanged, signOut, type User } from 'firebase/auth';[39m
[31m+ import type { Alert, Client, Integration, Scan, SoftwarePassport, Vendor } from './types';[39m
[31m+ import type { VerificationDecision } from './lib/verification/evaluateVerification.ts';[39m
[31m+ import { apiFetch } from './utils/apiClient';[39m
[31m+ import { auth } from './lib/firebase';[39m
[31m+ import CommandCenter from './components/CommandCenter';[39m
[31m+ import ExtensionWorkflow from './components/ExtensionWorkflow';[39m
[31m+ import ExtensionMarketplace from './components/ExtensionMarketplace';[39m
[31m+ import LoginView from './components/LoginView';[39m
[31m+ import EvidenceDashboardView from './components/EvidenceDashboardView';[39m
[31m+ import EvidenceExplorerView from './components/EvidenceExplorerView';[39m
[31m+ import AITrustCenterView from './components/AITrustCenterView';[39m
[31m+ import CoverageView from './components/CoverageView';[39m
[31m+ import AssetsView from './components/AssetsView';[39m
[31m+ import PassportsView from './components/PassportsView';[39m
[31m+ import ScansView from './components/ScansView';[39m
[31m+ import AlertsView from './components/AlertsView';[39m
[31m+ import ClientsView from './components/ClientsView';[39m
[31m+ import VendorsView from './components/VendorsView';[39m
[31m+ import IntegrationsView from './components/IntegrationsView';[39m
[31m+ import BillingView from './components/BillingView';[39m
[31m+ import ComplianceView from './components/ComplianceView';[39m
[31m+ import AgentTrustView from './components/AgentTrustView';[39m
[31m+ import EnterpriseReadinessView from './components/EnterpriseReadinessView';[39m
[31m+ import FounderDashboardView from './components/FounderDashboardView';[39m
[31m+ import InvestorHomeView from './components/InvestorHomeView';[39m
[31m+ import SettingsView from './components/SettingsView';[39m
[31m+ import TeamView from './components/TeamView';[39m
[31m+ import AuditLogView from './components/AuditLogView';[39m
[31m+ import MonitoringView from './components/MonitoringView';[39m
[31m+ import SecurityCenterView from './components/SecurityCenterView';[39m
[31m+ import MSPCommandCenter from './components/MSPCommandCenter';[39m
[31m+ import ReportsView from './components/ReportsView';[39m
[31m+ import TrustGraphView from './components/TrustGraphView';[39m
[31m+ import { EXTENSIONS } from './workflows/extensionRegistry';[39m
[31m+ const PUBLIC_PATHS = new Set(['/','/login','/free-review','/pricing']);[39m
[31m+ const EMPTY_CLIENTS: Client[] = []; const EMPTY_PASSPORTS: SoftwarePassport[] = []; const EMPTY_VENDORS: Vendor[] = []; const EMPTY_INTEGRATIONS: Integration[] = []; const EMPTY_SCANS: Scan[] = []; const EMPTY_ALERTS: Alert[] = [];[39m
[31m+ function deriveAlertStatus(remediationStatus: string | null | undefined, findingStatus: string | null | undefined): Alert['status'] { switch (remediationStatus) { case 'IN_PROGRESS': case 'READY_FOR_VERIFICATION': return 'Acknowledged'; case 'BLOCKED': return 'Snoozed'; case 'VERIFIED': case 'CLOSED': return 'Resolved'; case 'CANCELLED': return 'Cancelled'; case 'OPEN': return 'Active'; default: return String(findingStatus || '').toLowerCase() === 'resolved' ? 'Resolved' : 'Active'; } }[39m
[31m+ function navigate(path: string) { window.history.pushState({}, '', path); window.dispatchEvent(new PopStateEvent('popstate')); }[39m
[31m+ function usePath() { const [path, setPath] = useState(() => window.location.pathname || '/'); useEffect(() => { const update = () => setPath(window.location.pathname || '/'); window.addEventListener('popstate', update); return () => window.removeEventListener('popstate', update); }, []); return path; }[39m
[31m+ function AuthLoading() { return <div className="grid min-h-screen place-items-center bg-[#faf9f8] text-[#201f1e]"><div className="text-center"><div className="mx-auto grid h-10 w-10 place-items-center rounded bg-[#0f6cbd] text-xs font-bold text-white">S</div><div className="mt-4 text-[11px] font-semibold uppercase tracking-wide text-[#605e5c]">Securing workspace</div><div className="mt-1 text-[12px] text-[#8a8886]">Checking authenticated session…</div></div></div>; }[39m
[31m+ function CoverPage() { return <div className="min-h-screen bg-[#faf9f8] text-[#201f1e]"><div className="mx-auto flex min-h-screen max-w-5xl items-center px-6 py-16"><div className="max-w-3xl"><div className="mb-5 inline-flex items-center gap-1.5 rounded border border-[#e1dfdd] bg-white px-2.5 py-1 text-[11px] font-semibold uppercase tracking-wide text-[#605e5c]">Evidence-first software trust</div><h1 className="text-[28px] font-semibold tracking-tight md:text-[34px]">Software trust, operated as a system.</h1><p className="mt-4 max-w-2xl text-[14px] leading-6 text-[#605e5c]">Software Passport Registry turns software identity, security, provenance, reliability, compliance, and evidence into repeatable workflows for teams, buyers, and managed service providers.</p><div className="mt-6 flex flex-wrap gap-2"><button onClick={() => navigate('/login')} className="h-9 rounded bg-[#0f6cbd] px-4 text-[13px] font-semibold text-white hover:bg-[#004578]">Enter SPR</button><button onClick={() => navigate('/free-review')} className="h-9 rounded border border-[#c8c6c4] bg-white px-4 text-[13px] font-medium text-[#323130] hover:bg-black/[.03]">Free review</button></div></div></div></div>; }[39m
[31m+ function PublicPage({ title, description, action, onAction }: { title: string; description: string; action: string; onAction: () => void }) { return <div className="grid min-h-screen place-items-center bg-[#faf9f8] px-6 text-[#201f1e]"><div className="max-w-md rounded-md border border-[#e1dfdd] bg-white p-6 text-center"><div className="text-[11px] font-semibold uppercase tracking-wide text-[#605e5c]">Software Passport Registry</div><h1 className="mt-2 text-[20px] font-semibold">{title}</h1><p className="mt-2 text-[13px] leading-5 text-[#605e5c]">{description}</p><button onClick={onAction} className="mt-5 h-9 rounded bg-[#0f6cbd] px-4 text-[13px] font-semibold text-white hover:bg-[#004578]">{action}</button></div></div>; }[39m
[31m+ function WorkflowBoundary({ title, description, extensionId, onNavigate }: { title: string; description: string; extensionId?: string; onNavigate: (path: string) => void }) { const extension = extensionId ? EXTENSIONS.find((item) => item.id === extensionId) : undefined; return <section><div className="rounded-md border border-[#e1dfdd] bg-white p-5"><div className="text-[11px] font-semibold uppercase tracking-wide text-[#605e5c]">Workflow boundary</div><h1 className="mt-1.5 text-[20px] font-semibold tracking-tight">{title}</h1><p className="mt-2 max-w-2xl text-[13px] leading-5 text-[#605e5c]">{description}</p>{extension && <button onClick={() => onNavigate(extension.entryPath)} className="mt-4 h-8 rounded bg-[#0f6cbd] px-3 text-[12px] font-semibold text-white hover:bg-[#004578]">Open {extension.name} →</button>}</div></section>; }[39m
[31m+ export default function App() {[39m
[31m+  const path=usePath(); const [authReady,setAuthReady]=useState(false); const [user,setUser]=useState<User|null>(null); const [role,setRole]=useState('Viewer'); const [selectedClientId,setSelectedClientId]=useState(''); const [selectedPassportId,setSelectedPassportId]=useState<string|null>(null); const [assets,setAssets]=useState<any[]>([]); const [clients,setClients]=useState<Client[]>(EMPTY_CLIENTS); const [passports,setPassports]=useState<SoftwarePassport[]>(EMPTY_PASSPORTS); const [vendors,setVendors]=useState<Vendor[]>(EMPTY_VENDORS); const [alerts,setAlerts]=useState<Alert[]>(EMPTY_ALERTS); const [findings,setFindings]=useState<unknown[]>([]); const [scans,setScans]=useState<Scan[]>(EMPTY_SCANS); const [integrations,setIntegrations]=useState<Integration[]>(EMPTY_INTEGRATIONS); const [theme,setTheme]=useState<'light'|'dark'>('dark'); const [verificationDecisions,setVerificationDecisions]=useState<Record<string,VerificationDecision>>({}); const [verificationDetails,setVerificationDetails]=useState<Record<string,unknown>>({});[39m
[31m+  useEffect(()=>{let mounted=true;let redirectSettled=false;let observedUser:User|null=null;const timeoutId=window.setTimeout(()=>{if(mounted)setAuthReady(true)},10000);const unsubscribe=onAuthStateChanged(auth,(currentUser)=>{if(!mounted)return;observedUser=currentUser;if(!redirectSettled)return;setUser(currentUser);setAuthReady(true);window.clearTimeout(timeoutId)},()=>{if(mounted){setAuthReady(true);window.clearTimeout(timeoutId)}});void getRedirectResult(auth).then(result=>{redirectSettled=true;if(mounted)setUser(result?.user||observedUser);if(mounted)setAuthReady(true);window.clearTimeout(timeoutId)}).catch(error=>{redirectSettled=true;console.error('[Firebase redirect sign-in error]',error);if(mounted)setUser(observedUser);if(mounted)setAuthReady(true);window.clearTimeout(timeoutId)});return()=>{mounted=false;window.clearTimeout(timeoutId);unsubscribe()}},[]);[39m
[31m+  useEffect(()=>{if(authReady&&!user&&!PUBLIC_PATHS.has(path))navigate('/login')},[authReady,user,path]);[39m
[31m+  useEffect(()=>{if(!user)return;let cancelled=false;const load=async()=>{const responses=await Promise.all([apiFetch('/api/user/me'),apiFetch('/api/scans'),apiFetch('/api/trust-loop/findings'),apiFetch('/api/user/passports'),apiFetch('/api/user/clients'),apiFetch('/api/integrations'),apiFetch('/api/user/verification')]);if(responses.some(r=>r.status===401)){await signOut(auth);navigate('/login');return}const [me,scansResponse,findingsResponse,passportsResponse,clientsResponse,integrationsResponse,verificationResponse]=responses;if(verificationResponse.ok){const data=await verificationResponse.json().catch(()=>null);if(!cancelled){setVerificationDecisions(data?.verificationDecisions&&typeof data.verificationDecisions==='object'?data.verificationDecisions:{});setVerificationDetails(data?.verificationDetails&&typeof data.verificationDetails==='object'?data.verificationDetails:{})}}else if(!cancelled){setVerificationDecisions({});setVerificationDetails({})}if(me.ok){const data=await me.json().catch(()=>null);if(!cancelled)setRole(String(data?.role||'Viewer'))}if(scansResponse.ok){const data=await scansResponse.json().catch(()=>[]);if(!cancelled&&Array.isArray(data))setScans(data)}if(findingsResponse.ok){const data=await findingsResponse.json().catch(()=>[]);const rows=Array.isArray(data)?data:data?.findings;if(!cancelled&&Array.isArray(rows)){setFindings(rows);setAlerts(rows.map((row:any)=>({id:String(row.id),title:String(row.title||row.control_id||'Trust finding'),severity:String(row.severity||'Low').replace(/^./,(s:string)=>s.toUpperCase()),category:'Trust finding',clientName:String(row.client_id||'Tenant'),description:String(row.description||'Evidence-backed finding'),timestamp:String(row.updated_at||''),status:deriveAlertStatus(row.remediation_status,row.status),remediationId:row.remediation_id?String(row.remediation_id):null,ownerDisplay:row.remediation_owner_display||null,slaDueAt:row.remediation_sla_due_at||null})) as Alert[])}}if(passportsResponse.ok){const data=await passportsResponse.json().catch(()=>[]);const rows=Array.isArray(data)?data:data?.passports;if(!cancelled&&Array.isArray(rows)){const normalized=rows.map((row:any)=>({...row,id:String(row.id),name:String(row.name||'Unnamed software'),version:String(row.version||'unknown'),publisher:String(row.publisher||'unknown'),clientId:row.clientId?String(row.clientId):undefined,evidence:Array.isArray(row.evidence)?row.evidence:[],vulnerabilities:Array.isArray(row.vulnerabilities)?row.vulnerabilities:[],timeline:Array.isArray(row.timeline)?row.timeline:[],sbom:Array.isArray(row.sbom)?row.sbom:[],scores:null,scoreStatus:row.scoreStatus||'not_authoritatively_scored'})) as SoftwarePassport[];setPassports(normalized);setAssets(normalized.map((passport:any)=>({id:passport.id,name:passport.name,hostName:passport.name,type:passport.category||'software',clientId:passport.clientId,clientName:String(passport.clientId||'Unobserved'),environment:String(passport.environment||'Unobserved'),version:passport.version})));setVendors(EMPTY_VENDORS)}}if(clientsResponse.ok){const data=await clientsResponse.json().catch(()=>[]);const rows=Array.isArray(data)?data:data?.clients;if(!cancelled&&Array.isArray(rows))setClients(rows.map((row:any)=>({...row,id:String(row.id),name:String(row.name||row.company_name||'Unnamed client')})) as Client[])}if(integrationsResponse.ok){const data=await integrationsResponse.json().catch(()=>[]);if(!cancelled&&Array.isArray(data))setIntegrations(data)}};void load().catch(error=>console.warn('[SPR command center load]',error));return()=>{cancelled=true}},[user]);[39m
[31m+  useEffect(()=>{const refresh=()=>{if(user)window.location.reload()};window.addEventListener('refresh-data',refresh);return()=>window.removeEventListener('refresh-data',refresh)},[user]);[39m
[31m+  const onNavigateTab=(target:string,itemId?:string)=>navigate(itemId?`${target.startsWith('/')?target:`/${target}`}/${encodeURIComponent(itemId)}`:target.startsWith('/')?target:`/${target}`); const quickAction=(action:'add-client'|'register-passport'|'scan-sbom')=>navigate(action==='add-client'?'/clients':action==='register-passport'?'/passports':'/scans');[39m
[31m+  const performAlertAction=async(alert:Alert,action:'acknowledge'|'assign'|'resolve'|'escalate'|'snooze'|'reopen',assigneeDisplay?:string)=>{let remediationId=alert.remediationId;if(!remediationId){const created=await apiFetch('/api/trust-loop/remediations',{method:'POST',headers:{'Content-Type':'application/json'},body:JSON.stringify({findingId:alert.id,title:alert.title,description:alert.description,priority:alert.severity.toUpperCase()})});if(!created.ok)return;const createdBody=await created.json().catch(()=>null);remediationId=createdBody?.id?String(createdBody.id):undefined;if(!remediationId)return}const patchBody:Record<string,unknown>={acknowledge:{status:'IN_PROGRESS'},resolve:{status:'CLOSED'},snooze:{status:'BLOCKED'},reopen:{status:'OPEN'},escalate:{status:'IN_PROGRESS',slaDueAt:new Date(Date.now()+4*3600*1000).toISOString()},assign:{status:'IN_PROGRESS',ownerDisplay:assigneeDisplay||''}}[action];const response=await apiFetch(`/api/trust-loop/remediations/${encodeURIComponent(remediationId)}`,{method:'PATCH',headers:{'Content-Type':'application/json'},body:JSON.stringify(patchBody)});if(!response.ok)return;const updated=await response.json().catch(()=>null);setAlerts(current=>current.map(item=>item.id===alert.id?{...item,remediationId,status:deriveAlertStatus(updated?.status??String(patchBody.status),null),ownerDisplay:updated?.owner_display??(patchBody.ownerDisplay as string|undefined)??item.ownerDisplay,slaDueAt:updated?.sla_due_at??(patchBody.slaDueAt as string|undefined)??item.slaDueAt}:item))};[39m
[31m+  const selectedExtension=useMemo(()=>{const match=path.match(/^\/extensions\/([^/]+)/);return match?decodeURIComponent(match[1]):null},[path]);const signOutUser=async()=>{await signOut(auth);navigate('/login')};[39m
[31m+  if(!authReady)return <AuthLoading/>;if(path==='/')return <CoverPage/>;if(path==='/login')return user?<AuthLoading/>:<LoginView onLoginSuccess={()=>navigate('/dashboard')}/>;if(!user&&path==='/free-review')return <PublicPage title="Free software review" description="Start an evidence-first review from the public entry point." action="Sign in to continue" onAction={()=>navigate('/login')}/>;if(!user&&path==='/pricing')return <PublicPage title="SPR plans" description="Account and billing capabilities are available inside the authenticated workspace." action="Enter SPR" onAction={()=>navigate('/login')}/>;if(!user)return <AuthLoading/>;[39m
[31m+  let view:ReactNode;if(selectedExtension)view=<ExtensionWorkflow id={selectedExtension} onNavigate={navigate}/>;else switch(path){case '/dashboard':view=<EvidenceDashboardView clients={clients} alerts={alerts} scans={scans} passports={passports} findings={findings} onNavigateTab={onNavigateTab} onOpenQuickAction={quickAction}/>;break;case '/coverage':view=<CoverageView clients={clients} scans={scans} passports={passports} onNavigateTab={onNavigateTab}/>;break;case '/evidence-explorer':view=<EvidenceExplorerView passports={passports}/>;break;case '/assets':view=<AssetsView clients={clients} searchQuery="" assets={assets}/>;break;case '/passports':case '/registry':view=<PassportsView verificationDecisions={verificationDecisions} verificationDetails={verificationDetails} passports={passports} selectedPassportId={selectedPassportId} setSelectedPassportId={setSelectedPassportId} searchQuery="" clients={clients} assets={assets} role={role} onNavigateTab={onNavigateTab} onUpdatePassport={passport=>setPassports(current=>current.map(item=>item.id===passport.id?passport:item))}/>;break;case '/scans':view=<ScansView scans={scans} clients={clients} assets={assets} passports={passports} role={role} onTriggerNewScan={scan=>setScans(current=>[scan,...current.filter(item=>item.id!==scan.id)].slice(0,100))}/>;break;case '/alerts':view=<AlertsView alerts={alerts} onAlertAction={performAlertAction}/>;break;case '/reports':view=<ReportsView clients={clients} passports={passports} scans={scans} alerts={alerts} findings={findings} role={role}/>;break;case '/trust-graph':view=<TrustGraphView clients={clients} passports={passports} assets={assets} findings={findings}/>;break;case '/clients':view=<ClientsView clients={clients} selectedClientId={selectedClientId} setSelectedClientId={setSelectedClientId} passports={passports} onNavigateTab={onNavigateTab} searchQuery=""/>;break;case '/vendors':view=<VendorsView vendors={vendors} searchQuery=""/>;break;case '/integrations':view=<IntegrationsView passports={passports} onNavigateTab={onNavigateTab}/>;break;case '/monitoring':view=<MonitoringView role={role}/>;break;case '/security':view=<SecurityCenterView clients={clients} passports={passports}/>;break;case '/compliance':view=<ComplianceView clients={clients} role={role}/>;break;case '/msp':view=<MSPCommandCenter verificationDecisions={verificationDecisions} verificationDetails={verificationDetails} clients={clients} alerts={alerts} findings={findings} role={role} onSelectClient={setSelectedClientId} onNavigate={navigate}/>;break;case '/agent-trust':view=<AgentTrustView/>;break;case '/ai-trust-center':view=<AITrustCenterView role={role}/>;break;case '/enterprise-readiness':view=<EnterpriseReadinessView clients={clients}/>;break;case '/investor':view=<InvestorHomeView passports={passports} clients={clients} alerts={alerts} onShowTelemetry={()=>navigate('/scans')} onNavigateTab={onNavigateTab}/>;break;case '/founder':view=<FounderDashboardView userRole={role}/>;break;case '/billing':view=<BillingView/>;break;case '/settings':view=<SettingsView theme={theme} onToggleTheme={()=>setTheme(current=>current==='dark'?'light':'dark')}/>;break;case '/team':view=<TeamView role={role}/>;break;case '/audit-log':view=<AuditLogView/>;break;case '/extensions':view=<ExtensionMarketplace onNavigateTab={onNavigateTab} role={role}/>;break;default:view=<WorkflowBoundary title="Workflow" description="This authenticated capability is explicitly routed through the Command Center. Choose its owning workflow from the left rail." onNavigate={navigate}/>}[39m
[31m+  return <CommandCenter path={path} userEmail={user.email} role={role} onNavigate={navigate} onSignOut={()=>void signOutUser()}>{view}</CommandCenter>;[39m
[31m+ }[39m
[31m+[39m

[36m [2m❯[22m tests/self-service-workspace-contract.test.ts:[2m87:17[22m[39m
    [90m 85| [39m  it('runs in the authenticated load, the one choke point every sessio…
    [90m 86| [39m    [35mconst[39m app [33m=[39m [34mstripComments[39m([34mread[39m([32m'src/App.tsx'[39m))[33m;[39m
    [90m 87| [39m    expect(app).toContain("apiFetch('/api/auth/workspace', { method: '…
    [90m   | [39m                [31m^[39m
    [90m 88| [39m    [35mconst[39m call [33m=[39m app[33m.[39m[34mindexOf[39m([32m"apiFetch('/api/auth/workspace'"[39m)[33m;[39m
    [90m 89| [39m    const batch = app.indexOf("apiFetch('/api/user/me'), apiFetch('/ap…

[31m[2m⎯⎯⎯⎯⎯⎯⎯⎯⎯⎯⎯⎯⎯⎯⎯⎯⎯⎯⎯⎯⎯[99/141]⎯[22m[39m

[41m[1m FAIL [22m[49m tests/self-service-workspace-contract.test.ts[2m > [22mself-service workspace creation contract[2m > [22monly provisions a verified identity from the client side too
[31m[1mAssertionError[22m: expected 'import { useEffect, useMemo, useState…' to contain 'auth.currentUser?.emailVerified'[39m

[32m- Expected[39m
[31m+ Received[39m

[32m- auth.currentUser?.emailVerified[39m
[31m+ import { useEffect, useMemo, useState, type ReactNode } from 'react';[39m
[31m+ import { getRedirectResult, onAuthStateChanged, signOut, type User } from 'firebase/auth';[39m
[31m+ import type { Alert, Client, Integration, Scan, SoftwarePassport, Vendor } from './types';[39m
[31m+ import type { VerificationDecision } from './lib/verification/evaluateVerification.ts';[39m
[31m+ import { apiFetch } from './utils/apiClient';[39m
[31m+ import { auth } from './lib/firebase';[39m
[31m+ import CommandCenter from './components/CommandCenter';[39m
[31m+ import ExtensionWorkflow from './components/ExtensionWorkflow';[39m
[31m+ import ExtensionMarketplace from './components/ExtensionMarketplace';[39m
[31m+ import LoginView from './components/LoginView';[39m
[31m+ import EvidenceDashboardView from './components/EvidenceDashboardView';[39m
[31m+ import EvidenceExplorerView from './components/EvidenceExplorerView';[39m
[31m+ import AITrustCenterView from './components/AITrustCenterView';[39m
[31m+ import CoverageView from './components/CoverageView';[39m
[31m+ import AssetsView from './components/AssetsView';[39m
[31m+ import PassportsView from './components/PassportsView';[39m
[31m+ import ScansView from './components/ScansView';[39m
[31m+ import AlertsView from './components/AlertsView';[39m
[31m+ import ClientsView from './components/ClientsView';[39m
[31m+ import VendorsView from './components/VendorsView';[39m
[31m+ import IntegrationsView from './components/IntegrationsView';[39m
[31m+ import BillingView from './components/BillingView';[39m
[31m+ import ComplianceView from './components/ComplianceView';[39m
[31m+ import AgentTrustView from './components/AgentTrustView';[39m
[31m+ import EnterpriseReadinessView from './components/EnterpriseReadinessView';[39m
[31m+ import FounderDashboardView from './components/FounderDashboardView';[39m
[31m+ import InvestorHomeView from './components/InvestorHomeView';[39m
[31m+ import SettingsView from './components/SettingsView';[39m
[31m+ import TeamView from './components/TeamView';[39m
[31m+ import AuditLogView from './components/AuditLogView';[39m
[31m+ import MonitoringView from './components/MonitoringView';[39m
[31m+ import SecurityCenterView from './components/SecurityCenterView';[39m
[31m+ import MSPCommandCenter from './components/MSPCommandCenter';[39m
[31m+ import ReportsView from './components/ReportsView';[39m
[31m+ import TrustGraphView from './components/TrustGraphView';[39m
[31m+ import { EXTENSIONS } from './workflows/extensionRegistry';[39m
[31m+ const PUBLIC_PATHS = new Set(['/','/login','/free-review','/pricing']);[39m
[31m+ const EMPTY_CLIENTS: Client[] = []; const EMPTY_PASSPORTS: SoftwarePassport[] = []; const EMPTY_VENDORS: Vendor[] = []; const EMPTY_INTEGRATIONS: Integration[] = []; const EMPTY_SCANS: Scan[] = []; const EMPTY_ALERTS: Alert[] = [];[39m
[31m+ function deriveAlertStatus(remediationStatus: string | null | undefined, findingStatus: string | null | undefined): Alert['status'] { switch (remediationStatus) { case 'IN_PROGRESS': case 'READY_FOR_VERIFICATION': return 'Acknowledged'; case 'BLOCKED': return 'Snoozed'; case 'VERIFIED': case 'CLOSED': return 'Resolved'; case 'CANCELLED': return 'Cancelled'; case 'OPEN': return 'Active'; default: return String(findingStatus || '').toLowerCase() === 'resolved' ? 'Resolved' : 'Active'; } }[39m
[31m+ function navigate(path: string) { window.history.pushState({}, '', path); window.dispatchEvent(new PopStateEvent('popstate')); }[39m
[31m+ function usePath() { const [path, setPath] = useState(() => window.location.pathname || '/'); useEffect(() => { const update = () => setPath(window.location.pathname || '/'); window.addEventListener('popstate', update); return () => window.removeEventListener('popstate', update); }, []); return path; }[39m
[31m+ function AuthLoading() { return <div className="grid min-h-screen place-items-center bg-[#faf9f8] text-[#201f1e]"><div className="text-center"><div className="mx-auto grid h-10 w-10 place-items-center rounded bg-[#0f6cbd] text-xs font-bold text-white">S</div><div className="mt-4 text-[11px] font-semibold uppercase tracking-wide text-[#605e5c]">Securing workspace</div><div className="mt-1 text-[12px] text-[#8a8886]">Checking authenticated session…</div></div></div>; }[39m
[31m+ function CoverPage() { return <div className="min-h-screen bg-[#faf9f8] text-[#201f1e]"><div className="mx-auto flex min-h-screen max-w-5xl items-center px-6 py-16"><div className="max-w-3xl"><div className="mb-5 inline-flex items-center gap-1.5 rounded border border-[#e1dfdd] bg-white px-2.5 py-1 text-[11px] font-semibold uppercase tracking-wide text-[#605e5c]">Evidence-first software trust</div><h1 className="text-[28px] font-semibold tracking-tight md:text-[34px]">Software trust, operated as a system.</h1><p className="mt-4 max-w-2xl text-[14px] leading-6 text-[#605e5c]">Software Passport Registry turns software identity, security, provenance, reliability, compliance, and evidence into repeatable workflows for teams, buyers, and managed service providers.</p><div className="mt-6 flex flex-wrap gap-2"><button onClick={() => navigate('/login')} className="h-9 rounded bg-[#0f6cbd] px-4 text-[13px] font-semibold text-white hover:bg-[#004578]">Enter SPR</button><button onClick={() => navigate('/free-review')} className="h-9 rounded border border-[#c8c6c4] bg-white px-4 text-[13px] font-medium text-[#323130] hover:bg-black/[.03]">Free review</button></div></div></div></div>; }[39m
[31m+ function PublicPage({ title, description, action, onAction }: { title: string; description: string; action: string; onAction: () => void }) { return <div className="grid min-h-screen place-items-center bg-[#faf9f8] px-6 text-[#201f1e]"><div className="max-w-md rounded-md border border-[#e1dfdd] bg-white p-6 text-center"><div className="text-[11px] font-semibold uppercase tracking-wide text-[#605e5c]">Software Passport Registry</div><h1 className="mt-2 text-[20px] font-semibold">{title}</h1><p className="mt-2 text-[13px] leading-5 text-[#605e5c]">{description}</p><button onClick={onAction} className="mt-5 h-9 rounded bg-[#0f6cbd] px-4 text-[13px] font-semibold text-white hover:bg-[#004578]">{action}</button></div></div>; }[39m
[31m+ function WorkflowBoundary({ title, description, extensionId, onNavigate }: { title: string; description: string; extensionId?: string; onNavigate: (path: string) => void }) { const extension = extensionId ? EXTENSIONS.find((item) => item.id === extensionId) : undefined; return <section><div className="rounded-md border border-[#e1dfdd] bg-white p-5"><div className="text-[11px] font-semibold uppercase tracking-wide text-[#605e5c]">Workflow boundary</div><h1 className="mt-1.5 text-[20px] font-semibold tracking-tight">{title}</h1><p className="mt-2 max-w-2xl text-[13px] leading-5 text-[#605e5c]">{description}</p>{extension && <button onClick={() => onNavigate(extension.entryPath)} className="mt-4 h-8 rounded bg-[#0f6cbd] px-3 text-[12px] font-semibold text-white hover:bg-[#004578]">Open {extension.name} →</button>}</div></section>; }[39m
[31m+ export default function App() {[39m
[31m+  const path=usePath(); const [authReady,setAuthReady]=useState(false); const [user,setUser]=useState<User|null>(null); const [role,setRole]=useState('Viewer'); const [selectedClientId,setSelectedClientId]=useState(''); const [selectedPassportId,setSelectedPassportId]=useState<string|null>(null); const [assets,setAssets]=useState<any[]>([]); const [clients,setClients]=useState<Client[]>(EMPTY_CLIENTS); const [passports,setPassports]=useState<SoftwarePassport[]>(EMPTY_PASSPORTS); const [vendors,setVendors]=useState<Vendor[]>(EMPTY_VENDORS); const [alerts,setAlerts]=useState<Alert[]>(EMPTY_ALERTS); const [findings,setFindings]=useState<unknown[]>([]); const [scans,setScans]=useState<Scan[]>(EMPTY_SCANS); const [integrations,setIntegrations]=useState<Integration[]>(EMPTY_INTEGRATIONS); const [theme,setTheme]=useState<'light'|'dark'>('dark'); const [verificationDecisions,setVerificationDecisions]=useState<Record<string,VerificationDecision>>({}); const [verificationDetails,setVerificationDetails]=useState<Record<string,unknown>>({});[39m
[31m+  useEffect(()=>{let mounted=true;let redirectSettled=false;let observedUser:User|null=null;const timeoutId=window.setTimeout(()=>{if(mounted)setAuthReady(true)},10000);const unsubscribe=onAuthStateChanged(auth,(currentUser)=>{if(!mounted)return;observedUser=currentUser;if(!redirectSettled)return;setUser(currentUser);setAuthReady(true);window.clearTimeout(timeoutId)},()=>{if(mounted){setAuthReady(true);window.clearTimeout(timeoutId)}});void getRedirectResult(auth).then(result=>{redirectSettled=true;if(mounted)setUser(result?.user||observedUser);if(mounted)setAuthReady(true);window.clearTimeout(timeoutId)}).catch(error=>{redirectSettled=true;console.error('[Firebase redirect sign-in error]',error);if(mounted)setUser(observedUser);if(mounted)setAuthReady(true);window.clearTimeout(timeoutId)});return()=>{mounted=false;window.clearTimeout(timeoutId);unsubscribe()}},[]);[39m
[31m+  useEffect(()=>{if(authReady&&!user&&!PUBLIC_PATHS.has(path))navigate('/login')},[authReady,user,path]);[39m
[31m+  useEffect(()=>{if(!user)return;let cancelled=false;const load=async()=>{const responses=await Promise.all([apiFetch('/api/user/me'),apiFetch('/api/scans'),apiFetch('/api/trust-loop/findings'),apiFetch('/api/user/passports'),apiFetch('/api/user/clients'),apiFetch('/api/integrations'),apiFetch('/api/user/verification')]);if(responses.some(r=>r.status===401)){await signOut(auth);navigate('/login');return}const [me,scansResponse,findingsResponse,passportsResponse,clientsResponse,integrationsResponse,verificationResponse]=responses;if(verificationResponse.ok){const data=await verificationResponse.json().catch(()=>null);if(!cancelled){setVerificationDecisions(data?.verificationDecisions&&typeof data.verificationDecisions==='object'?data.verificationDecisions:{});setVerificationDetails(data?.verificationDetails&&typeof data.verificationDetails==='object'?data.verificationDetails:{})}}else if(!cancelled){setVerificationDecisions({});setVerificationDetails({})}if(me.ok){const data=await me.json().catch(()=>null);if(!cancelled)setRole(String(data?.role||'Viewer'))}if(scansResponse.ok){const data=await scansResponse.json().catch(()=>[]);if(!cancelled&&Array.isArray(data))setScans(data)}if(findingsResponse.ok){const data=await findingsResponse.json().catch(()=>[]);const rows=Array.isArray(data)?data:data?.findings;if(!cancelled&&Array.isArray(rows)){setFindings(rows);setAlerts(rows.map((row:any)=>({id:String(row.id),title:String(row.title||row.control_id||'Trust finding'),severity:String(row.severity||'Low').replace(/^./,(s:string)=>s.toUpperCase()),category:'Trust finding',clientName:String(row.client_id||'Tenant'),description:String(row.description||'Evidence-backed finding'),timestamp:String(row.updated_at||''),status:deriveAlertStatus(row.remediation_status,row.status),remediationId:row.remediation_id?String(row.remediation_id):null,ownerDisplay:row.remediation_owner_display||null,slaDueAt:row.remediation_sla_due_at||null})) as Alert[])}}if(passportsResponse.ok){const data=await passportsResponse.json().catch(()=>[]);const rows=Array.isArray(data)?data:data?.passports;if(!cancelled&&Array.isArray(rows)){const normalized=rows.map((row:any)=>({...row,id:String(row.id),name:String(row.name||'Unnamed software'),version:String(row.version||'unknown'),publisher:String(row.publisher||'unknown'),clientId:row.clientId?String(row.clientId):undefined,evidence:Array.isArray(row.evidence)?row.evidence:[],vulnerabilities:Array.isArray(row.vulnerabilities)?row.vulnerabilities:[],timeline:Array.isArray(row.timeline)?row.timeline:[],sbom:Array.isArray(row.sbom)?row.sbom:[],scores:null,scoreStatus:row.scoreStatus||'not_authoritatively_scored'})) as SoftwarePassport[];setPassports(normalized);setAssets(normalized.map((passport:any)=>({id:passport.id,name:passport.name,hostName:passport.name,type:passport.category||'software',clientId:passport.clientId,clientName:String(passport.clientId||'Unobserved'),environment:String(passport.environment||'Unobserved'),version:passport.version})));setVendors(EMPTY_VENDORS)}}if(clientsResponse.ok){const data=await clientsResponse.json().catch(()=>[]);const rows=Array.isArray(data)?data:data?.clients;if(!cancelled&&Array.isArray(rows))setClients(rows.map((row:any)=>({...row,id:String(row.id),name:String(row.name||row.company_name||'Unnamed client')})) as Client[])}if(integrationsResponse.ok){const data=await integrationsResponse.json().catch(()=>[]);if(!cancelled&&Array.isArray(data))setIntegrations(data)}};void load().catch(error=>console.warn('[SPR command center load]',error));return()=>{cancelled=true}},[user]);[39m
[31m+  useEffect(()=>{const refresh=()=>{if(user)window.location.reload()};window.addEventListener('refresh-data',refresh);return()=>window.removeEventListener('refresh-data',refresh)},[user]);[39m
[31m+  const onNavigateTab=(target:string,itemId?:string)=>navigate(itemId?`${target.startsWith('/')?target:`/${target}`}/${encodeURIComponent(itemId)}`:target.startsWith('/')?target:`/${target}`); const quickAction=(action:'add-client'|'register-passport'|'scan-sbom')=>navigate(action==='add-client'?'/clients':action==='register-passport'?'/passports':'/scans');[39m
[31m+  const performAlertAction=async(alert:Alert,action:'acknowledge'|'assign'|'resolve'|'escalate'|'snooze'|'reopen',assigneeDisplay?:string)=>{let remediationId=alert.remediationId;if(!remediationId){const created=await apiFetch('/api/trust-loop/remediations',{method:'POST',headers:{'Content-Type':'application/json'},body:JSON.stringify({findingId:alert.id,title:alert.title,description:alert.description,priority:alert.severity.toUpperCase()})});if(!created.ok)return;const createdBody=await created.json().catch(()=>null);remediationId=createdBody?.id?String(createdBody.id):undefined;if(!remediationId)return}const patchBody:Record<string,unknown>={acknowledge:{status:'IN_PROGRESS'},resolve:{status:'CLOSED'},snooze:{status:'BLOCKED'},reopen:{status:'OPEN'},escalate:{status:'IN_PROGRESS',slaDueAt:new Date(Date.now()+4*3600*1000).toISOString()},assign:{status:'IN_PROGRESS',ownerDisplay:assigneeDisplay||''}}[action];const response=await apiFetch(`/api/trust-loop/remediations/${encodeURIComponent(remediationId)}`,{method:'PATCH',headers:{'Content-Type':'application/json'},body:JSON.stringify(patchBody)});if(!response.ok)return;const updated=await response.json().catch(()=>null);setAlerts(current=>current.map(item=>item.id===alert.id?{...item,remediationId,status:deriveAlertStatus(updated?.status??String(patchBody.status),null),ownerDisplay:updated?.owner_display??(patchBody.ownerDisplay as string|undefined)??item.ownerDisplay,slaDueAt:updated?.sla_due_at??(patchBody.slaDueAt as string|undefined)??item.slaDueAt}:item))};[39m
[31m+  const selectedExtension=useMemo(()=>{const match=path.match(/^\/extensions\/([^/]+)/);return match?decodeURIComponent(match[1]):null},[path]);const signOutUser=async()=>{await signOut(auth);navigate('/login')};[39m
[31m+  if(!authReady)return <AuthLoading/>;if(path==='/')return <CoverPage/>;if(path==='/login')return user?<AuthLoading/>:<LoginView onLoginSuccess={()=>navigate('/dashboard')}/>;if(!user&&path==='/free-review')return <PublicPage title="Free software review" description="Start an evidence-first review from the public entry point." action="Sign in to continue" onAction={()=>navigate('/login')}/>;if(!user&&path==='/pricing')return <PublicPage title="SPR plans" description="Account and billing capabilities are available inside the authenticated workspace." action="Enter SPR" onAction={()=>navigate('/login')}/>;if(!user)return <AuthLoading/>;[39m
[31m+  let view:ReactNode;if(selectedExtension)view=<ExtensionWorkflow id={selectedExtension} onNavigate={navigate}/>;else switch(path){case '/dashboard':view=<EvidenceDashboardView clients={clients} alerts={alerts} scans={scans} passports={passports} findings={findings} onNavigateTab={onNavigateTab} onOpenQuickAction={quickAction}/>;break;case '/coverage':view=<CoverageView clients={clients} scans={scans} passports={passports} onNavigateTab={onNavigateTab}/>;break;case '/evidence-explorer':view=<EvidenceExplorerView passports={passports}/>;break;case '/assets':view=<AssetsView clients={clients} searchQuery="" assets={assets}/>;break;case '/passports':case '/registry':view=<PassportsView verificationDecisions={verificationDecisions} verificationDetails={verificationDetails} passports={passports} selectedPassportId={selectedPassportId} setSelectedPassportId={setSelectedPassportId} searchQuery="" clients={clients} assets={assets} role={role} onNavigateTab={onNavigateTab} onUpdatePassport={passport=>setPassports(current=>current.map(item=>item.id===passport.id?passport:item))}/>;break;case '/scans':view=<ScansView scans={scans} clients={clients} assets={assets} passports={passports} role={role} onTriggerNewScan={scan=>setScans(current=>[scan,...current.filter(item=>item.id!==scan.id)].slice(0,100))}/>;break;case '/alerts':view=<AlertsView alerts={alerts} onAlertAction={performAlertAction}/>;break;case '/reports':view=<ReportsView clients={clients} passports={passports} scans={scans} alerts={alerts} findings={findings} role={role}/>;break;case '/trust-graph':view=<TrustGraphView clients={clients} passports={passports} assets={assets} findings={findings}/>;break;case '/clients':view=<ClientsView clients={clients} selectedClientId={selectedClientId} setSelectedClientId={setSelectedClientId} passports={passports} onNavigateTab={onNavigateTab} searchQuery=""/>;break;case '/vendors':view=<VendorsView vendors={vendors} searchQuery=""/>;break;case '/integrations':view=<IntegrationsView passports={passports} onNavigateTab={onNavigateTab}/>;break;case '/monitoring':view=<MonitoringView role={role}/>;break;case '/security':view=<SecurityCenterView clients={clients} passports={passports}/>;break;case '/compliance':view=<ComplianceView clients={clients} role={role}/>;break;case '/msp':view=<MSPCommandCenter verificationDecisions={verificationDecisions} verificationDetails={verificationDetails} clients={clients} alerts={alerts} findings={findings} role={role} onSelectClient={setSelectedClientId} onNavigate={navigate}/>;break;case '/agent-trust':view=<AgentTrustView/>;break;case '/ai-trust-center':view=<AITrustCenterView role={role}/>;break;case '/enterprise-readiness':view=<EnterpriseReadinessView clients={clients}/>;break;case '/investor':view=<InvestorHomeView passports={passports} clients={clients} alerts={alerts} onShowTelemetry={()=>navigate('/scans')} onNavigateTab={onNavigateTab}/>;break;case '/founder':view=<FounderDashboardView userRole={role}/>;break;case '/billing':view=<BillingView/>;break;case '/settings':view=<SettingsView theme={theme} onToggleTheme={()=>setTheme(current=>current==='dark'?'light':'dark')}/>;break;case '/team':view=<TeamView role={role}/>;break;case '/audit-log':view=<AuditLogView/>;break;case '/extensions':view=<ExtensionMarketplace onNavigateTab={onNavigateTab} role={role}/>;break;default:view=<WorkflowBoundary title="Workflow" description="This authenticated capability is explicitly routed through the Command Center. Choose its owning workflow from the left rail." onNavigate={navigate}/>}[39m
[31m+  return <CommandCenter path={path} userEmail={user.email} role={role} onNavigate={navigate} onSignOut={()=>void signOutUser()}>{view}</CommandCenter>;[39m
[31m+ }[39m
[31m+[39m

[36m [2m❯[22m tests/self-service-workspace-contract.test.ts:[2m99:17[22m[39m
    [90m 97| [39m  it('only provisions a verified identity from the client side too', (…
    [90m 98| [39m    [35mconst[39m app [33m=[39m [34mstripComments[39m([34mread[39m([32m'src/App.tsx'[39m))[33m;[39m
    [90m 99| [39m    [34mexpect[39m(app)[33m.[39m[34mtoContain[39m([32m'auth.currentUser?.emailVerified'[39m)[33m;[39m
    [90m   | [39m                [31m^[39m
    [90m100| [39m    [34mexpect[39m(app)[33m.[39m[34mtoContain[39m([32m'probe.status === 403'[39m)[33m;[39m
    [90m101| [39m  })[33m;[39m

[31m[2m⎯⎯⎯⎯⎯⎯⎯⎯⎯⎯⎯⎯⎯⎯⎯⎯⎯⎯⎯⎯[100/141]⎯[22m[39m

[41m[1m FAIL [22m[49m tests/self-service-workspace-contract.test.ts[2m > [22mself-service workspace creation contract[2m > [22msuppresses the 403 auto-sign-out while provisioning is in flight
[31m[1mAssertionError[22m: expected -1 to be greater than -1[39m
[36m [2m❯[22m tests/self-service-workspace-contract.test.ts:[2m110:19[22m[39m
    [90m108| [39m    // Without this the 403 handler in apiClient signs the user out mi…
    [90m109| [39m    // provision and shows a stale "not a member of any workspace" not…
    [90m110| [39m    [34mexpect[39m(begin)[33m.[39m[34mtoBeGreaterThan[39m([33m-[39m[34m1[39m)[33m;[39m
    [90m   | [39m                  [31m^[39m
    [90m111| [39m    [34mexpect[39m(begin)[33m.[39m[34mtoBeLessThan[39m(call)[33m;[39m
    [90m112| [39m    [34mexpect[39m(end)[33m.[39m[34mtoBeGreaterThan[39m(call)[33m;[39m

[31m[2m⎯⎯⎯⎯⎯⎯⎯⎯⎯⎯⎯⎯⎯⎯⎯⎯⎯⎯⎯⎯[101/141]⎯[22m[39m

[41m[1m FAIL [22m[49m tests/self-service-workspace-contract.test.ts[2m > [22mself-service workspace creation contract[2m > [22mrefreshes the ID token after provisioning so stale claims are not used
[31m[1mAssertionError[22m: expected -1 to be greater than -1[39m
[36m [2m❯[22m tests/self-service-workspace-contract.test.ts:[2m119:21[22m[39m
    [90m117| [39m    [35mconst[39m call [33m=[39m app[33m.[39m[34mindexOf[39m([32m"apiFetch('/api/auth/workspace'"[39m)[33m;[39m
    [90m118| [39m    [35mconst[39m refresh [33m=[39m app[33m.[39m[34mindexOf[39m([32m'getIdToken(true)'[39m[33m,[39m call)[33m;[39m
    [90m119| [39m    [34mexpect[39m(refresh)[33m.[39m[34mtoBeGreaterThan[39m(call)[33m;[39m
    [90m   | [39m                    [31m^[39m
    [90m120| [39m  })[33m;[39m
    [90m121| [39m

[31m[2m⎯⎯⎯⎯⎯⎯⎯⎯⎯⎯⎯⎯⎯⎯⎯⎯⎯⎯⎯⎯[102/141]⎯[22m[39m

[41m[1m FAIL [22m[49m tests/seo-safety.test.ts[2m > [22mthe public route set matches the application itself[2m > [22mevery route the sitemap indexes is actually public in App.tsx
[31m[1mAssertionError[22m: expected [ '/', '/login', '/free-review', …(1) ] to include '/passport/demo'[39m
[36m [2m❯[22m tests/seo-safety.test.ts:[2m110:27[22m[39m
    [90m108| [39m    const publicPaths = [...declared![1].matchAll(/'([^']+)'/g)].map((…
    [90m109| [39m    [35mfor[39m ([35mconst[39m route [35mof[39m [33mPUBLIC_INDEXABLE[39m) {
    [90m110| [39m      [34mexpect[39m(publicPaths)[33m.[39m[34mtoContain[39m(route)[33m;[39m
    [90m   | [39m                          [31m^[39m
    [90m111| [39m    }
    [90m112| [39m  })[33m;[39m

[31m[2m⎯⎯⎯⎯⎯⎯⎯⎯⎯⎯⎯⎯⎯⎯⎯⎯⎯⎯⎯⎯[103/141]⎯[22m[39m

[41m[1m FAIL [22m[49m tests/seo-safety.test.ts[2m > [22mthe public route set matches the application itself[2m > [22m/registry is an authenticated view, not a public one
[31m[1mAssertionError[22m: expected 'import { useEffect, useMemo, useState…' to contain 'case \'/passports\': case \'/registry…'[39m

[32m- Expected[39m
[31m+ Received[39m

[32m- case '/passports': case '/registry':[39m
[31m+ import { useEffect, useMemo, useState, type ReactNode } from 'react';[39m
[31m+ import { getRedirectResult, onAuthStateChanged, signOut, type User } from 'firebase/auth';[39m
[31m+ import type { Alert, Client, Integration, Scan, SoftwarePassport, Vendor } from './types';[39m
[31m+ import type { VerificationDecision } from './lib/verification/evaluateVerification.ts';[39m
[31m+ import { apiFetch } from './utils/apiClient';[39m
[31m+ import { auth } from './lib/firebase';[39m
[31m+ import CommandCenter from './components/CommandCenter';[39m
[31m+ import ExtensionWorkflow from './components/ExtensionWorkflow';[39m
[31m+ import ExtensionMarketplace from './components/ExtensionMarketplace';[39m
[31m+ import LoginView from './components/LoginView';[39m
[31m+ import EvidenceDashboardView from './components/EvidenceDashboardView';[39m
[31m+ import EvidenceExplorerView from './components/EvidenceExplorerView';[39m
[31m+ import AITrustCenterView from './components/AITrustCenterView';[39m
[31m+ import CoverageView from './components/CoverageView';[39m
[31m+ import AssetsView from './components/AssetsView';[39m
[31m+ import PassportsView from './components/PassportsView';[39m
[31m+ import ScansView from './components/ScansView';[39m
[31m+ import AlertsView from './components/AlertsView';[39m
[31m+ import ClientsView from './components/ClientsView';[39m
[31m+ import VendorsView from './components/VendorsView';[39m
[31m+ import IntegrationsView from './components/IntegrationsView';[39m
[31m+ import BillingView from './components/BillingView';[39m
[31m+ import ComplianceView from './components/ComplianceView';[39m
[31m+ import AgentTrustView from './components/AgentTrustView';[39m
[31m+ import EnterpriseReadinessView from './components/EnterpriseReadinessView';[39m
[31m+ import FounderDashboardView from './components/FounderDashboardView';[39m
[31m+ import InvestorHomeView from './components/InvestorHomeView';[39m
[31m+ import SettingsView from './components/SettingsView';[39m
[31m+ import TeamView from './components/TeamView';[39m
[31m+ import AuditLogView from './components/AuditLogView';[39m
[31m+ import MonitoringView from './components/MonitoringView';[39m
[31m+ import SecurityCenterView from './components/SecurityCenterView';[39m
[31m+ import MSPCommandCenter from './components/MSPCommandCenter';[39m
[31m+ import ReportsView from './components/ReportsView';[39m
[31m+ import TrustGraphView from './components/TrustGraphView';[39m
[31m+ import { EXTENSIONS } from './workflows/extensionRegistry';[39m
[31m+ const PUBLIC_PATHS = new Set(['/','/login','/free-review','/pricing']);[39m
[31m+ const EMPTY_CLIENTS: Client[] = []; const EMPTY_PASSPORTS: SoftwarePassport[] = []; const EMPTY_VENDORS: Vendor[] = []; const EMPTY_INTEGRATIONS: Integration[] = []; const EMPTY_SCANS: Scan[] = []; const EMPTY_ALERTS: Alert[] = [];[39m
[31m+ function deriveAlertStatus(remediationStatus: string | null | undefined, findingStatus: string | null | undefined): Alert['status'] { switch (remediationStatus) { case 'IN_PROGRESS': case 'READY_FOR_VERIFICATION': return 'Acknowledged'; case 'BLOCKED': return 'Snoozed'; case 'VERIFIED': case 'CLOSED': return 'Resolved'; case 'CANCELLED': return 'Cancelled'; case 'OPEN': return 'Active'; default: return String(findingStatus || '').toLowerCase() === 'resolved' ? 'Resolved' : 'Active'; } }[39m
[31m+ function navigate(path: string) { window.history.pushState({}, '', path); window.dispatchEvent(new PopStateEvent('popstate')); }[39m
[31m+ function usePath() { const [path, setPath] = useState(() => window.location.pathname || '/'); useEffect(() => { const update = () => setPath(window.location.pathname || '/'); window.addEventListener('popstate', update); return () => window.removeEventListener('popstate', update); }, []); return path; }[39m
[31m+ function AuthLoading() { return <div className="grid min-h-screen place-items-center bg-[#faf9f8] text-[#201f1e]"><div className="text-center"><div className="mx-auto grid h-10 w-10 place-items-center rounded bg-[#0f6cbd] text-xs font-bold text-white">S</div><div className="mt-4 text-[11px] font-semibold uppercase tracking-wide text-[#605e5c]">Securing workspace</div><div className="mt-1 text-[12px] text-[#8a8886]">Checking authenticated session…</div></div></div>; }[39m
[31m+ function CoverPage() { return <div className="min-h-screen bg-[#faf9f8] text-[#201f1e]"><div className="mx-auto flex min-h-screen max-w-5xl items-center px-6 py-16"><div className="max-w-3xl"><div className="mb-5 inline-flex items-center gap-1.5 rounded border border-[#e1dfdd] bg-white px-2.5 py-1 text-[11px] font-semibold uppercase tracking-wide text-[#605e5c]">Evidence-first software trust</div><h1 className="text-[28px] font-semibold tracking-tight md:text-[34px]">Software trust, operated as a system.</h1><p className="mt-4 max-w-2xl text-[14px] leading-6 text-[#605e5c]">Software Passport Registry turns software identity, security, provenance, reliability, compliance, and evidence into repeatable workflows for teams, buyers, and managed service providers.</p><div className="mt-6 flex flex-wrap gap-2"><button onClick={() => navigate('/login')} className="h-9 rounded bg-[#0f6cbd] px-4 text-[13px] font-semibold text-white hover:bg-[#004578]">Enter SPR</button><button onClick={() => navigate('/free-review')} className="h-9 rounded border border-[#c8c6c4] bg-white px-4 text-[13px] font-medium text-[#323130] hover:bg-black/[.03]">Free review</button></div></div></div></div>; }[39m
[31m+ function PublicPage({ title, description, action, onAction }: { title: string; description: string; action: string; onAction: () => void }) { return <div className="grid min-h-screen place-items-center bg-[#faf9f8] px-6 text-[#201f1e]"><div className="max-w-md rounded-md border border-[#e1dfdd] bg-white p-6 text-center"><div className="text-[11px] font-semibold uppercase tracking-wide text-[#605e5c]">Software Passport Registry</div><h1 className="mt-2 text-[20px] font-semibold">{title}</h1><p className="mt-2 text-[13px] leading-5 text-[#605e5c]">{description}</p><button onClick={onAction} className="mt-5 h-9 rounded bg-[#0f6cbd] px-4 text-[13px] font-semibold text-white hover:bg-[#004578]">{action}</button></div></div>; }[39m
[31m+ function WorkflowBoundary({ title, description, extensionId, onNavigate }: { title: string; description: string; extensionId?: string; onNavigate: (path: string) => void }) { const extension = extensionId ? EXTENSIONS.find((item) => item.id === extensionId) : undefined; return <section><div className="rounded-md border border-[#e1dfdd] bg-white p-5"><div className="text-[11px] font-semibold uppercase tracking-wide text-[#605e5c]">Workflow boundary</div><h1 className="mt-1.5 text-[20px] font-semibold tracking-tight">{title}</h1><p className="mt-2 max-w-2xl text-[13px] leading-5 text-[#605e5c]">{description}</p>{extension && <button onClick={() => onNavigate(extension.entryPath)} className="mt-4 h-8 rounded bg-[#0f6cbd] px-3 text-[12px] font-semibold text-white hover:bg-[#004578]">Open {extension.name} →</button>}</div></section>; }[39m
[31m+ export default function App() {[39m
[31m+  const path=usePath(); const [authReady,setAuthReady]=useState(false); const [user,setUser]=useState<User|null>(null); const [role,setRole]=useState('Viewer'); const [selectedClientId,setSelectedClientId]=useState(''); const [selectedPassportId,setSelectedPassportId]=useState<string|null>(null); const [assets,setAssets]=useState<any[]>([]); const [clients,setClients]=useState<Client[]>(EMPTY_CLIENTS); const [passports,setPassports]=useState<SoftwarePassport[]>(EMPTY_PASSPORTS); const [vendors,setVendors]=useState<Vendor[]>(EMPTY_VENDORS); const [alerts,setAlerts]=useState<Alert[]>(EMPTY_ALERTS); const [findings,setFindings]=useState<unknown[]>([]); const [scans,setScans]=useState<Scan[]>(EMPTY_SCANS); const [integrations,setIntegrations]=useState<Integration[]>(EMPTY_INTEGRATIONS); const [theme,setTheme]=useState<'light'|'dark'>('dark'); const [verificationDecisions,setVerificationDecisions]=useState<Record<string,VerificationDecision>>({}); const [verificationDetails,setVerificationDetails]=useState<Record<string,unknown>>({});[39m
[31m+  useEffect(()=>{let mounted=true;let redirectSettled=false;let observedUser:User|null=null;const timeoutId=window.setTimeout(()=>{if(mounted)setAuthReady(true)},10000);const unsubscribe=onAuthStateChanged(auth,(currentUser)=>{if(!mounted)return;observedUser=currentUser;if(!redirectSettled)return;setUser(currentUser);setAuthReady(true);window.clearTimeout(timeoutId)},()=>{if(mounted){setAuthReady(true);window.clearTimeout(timeoutId)}});void getRedirectResult(auth).then(result=>{redirectSettled=true;if(mounted)setUser(result?.user||observedUser);if(mounted)setAuthReady(true);window.clearTimeout(timeoutId)}).catch(error=>{redirectSettled=true;console.error('[Firebase redirect sign-in error]',error);if(mounted)setUser(observedUser);if(mounted)setAuthReady(true);window.clearTimeout(timeoutId)});return()=>{mounted=false;window.clearTimeout(timeoutId);unsubscribe()}},[]);[39m
[31m+  useEffect(()=>{if(authReady&&!user&&!PUBLIC_PATHS.has(path))navigate('/login')},[authReady,user,path]);[39m
[31m+  useEffect(()=>{if(!user)return;let cancelled=false;const load=async()=>{const responses=await Promise.all([apiFetch('/api/user/me'),apiFetch('/api/scans'),apiFetch('/api/trust-loop/findings'),apiFetch('/api/user/passports'),apiFetch('/api/user/clients'),apiFetch('/api/integrations'),apiFetch('/api/user/verification')]);if(responses.some(r=>r.status===401)){await signOut(auth);navigate('/login');return}const [me,scansResponse,findingsResponse,passportsResponse,clientsResponse,integrationsResponse,verificationResponse]=responses;if(verificationResponse.ok){const data=await verificationResponse.json().catch(()=>null);if(!cancelled){setVerificationDecisions(data?.verificationDecisions&&typeof data.verificationDecisions==='object'?data.verificationDecisions:{});setVerificationDetails(data?.verificationDetails&&typeof data.verificationDetails==='object'?data.verificationDetails:{})}}else if(!cancelled){setVerificationDecisions({});setVerificationDetails({})}if(me.ok){const data=await me.json().catch(()=>null);if(!cancelled)setRole(String(data?.role||'Viewer'))}if(scansResponse.ok){const data=await scansResponse.json().catch(()=>[]);if(!cancelled&&Array.isArray(data))setScans(data)}if(findingsResponse.ok){const data=await findingsResponse.json().catch(()=>[]);const rows=Array.isArray(data)?data:data?.findings;if(!cancelled&&Array.isArray(rows)){setFindings(rows);setAlerts(rows.map((row:any)=>({id:String(row.id),title:String(row.title||row.control_id||'Trust finding'),severity:String(row.severity||'Low').replace(/^./,(s:string)=>s.toUpperCase()),category:'Trust finding',clientName:String(row.client_id||'Tenant'),description:String(row.description||'Evidence-backed finding'),timestamp:String(row.updated_at||''),status:deriveAlertStatus(row.remediation_status,row.status),remediationId:row.remediation_id?String(row.remediation_id):null,ownerDisplay:row.remediation_owner_display||null,slaDueAt:row.remediation_sla_due_at||null})) as Alert[])}}if(passportsResponse.ok){const data=await passportsResponse.json().catch(()=>[]);const rows=Array.isArray(data)?data:data?.passports;if(!cancelled&&Array.isArray(rows)){const normalized=rows.map((row:any)=>({...row,id:String(row.id),name:String(row.name||'Unnamed software'),version:String(row.version||'unknown'),publisher:String(row.publisher||'unknown'),clientId:row.clientId?String(row.clientId):undefined,evidence:Array.isArray(row.evidence)?row.evidence:[],vulnerabilities:Array.isArray(row.vulnerabilities)?row.vulnerabilities:[],timeline:Array.isArray(row.timeline)?row.timeline:[],sbom:Array.isArray(row.sbom)?row.sbom:[],scores:null,scoreStatus:row.scoreStatus||'not_authoritatively_scored'})) as SoftwarePassport[];setPassports(normalized);setAssets(normalized.map((passport:any)=>({id:passport.id,name:passport.name,hostName:passport.name,type:passport.category||'software',clientId:passport.clientId,clientName:String(passport.clientId||'Unobserved'),environment:String(passport.environment||'Unobserved'),version:passport.version})));setVendors(EMPTY_VENDORS)}}if(clientsResponse.ok){const data=await clientsResponse.json().catch(()=>[]);const rows=Array.isArray(data)?data:data?.clients;if(!cancelled&&Array.isArray(rows))setClients(rows.map((row:any)=>({...row,id:String(row.id),name:String(row.name||row.company_name||'Unnamed client')})) as Client[])}if(integrationsResponse.ok){const data=await integrationsResponse.json().catch(()=>[]);if(!cancelled&&Array.isArray(data))setIntegrations(data)}};void load().catch(error=>console.warn('[SPR command center load]',error));return()=>{cancelled=true}},[user]);[39m
[31m+  useEffect(()=>{const refresh=()=>{if(user)window.location.reload()};window.addEventListener('refresh-data',refresh);return()=>window.removeEventListener('refresh-data',refresh)},[user]);[39m
[31m+  const onNavigateTab=(target:string,itemId?:string)=>navigate(itemId?`${target.startsWith('/')?target:`/${target}`}/${encodeURIComponent(itemId)}`:target.startsWith('/')?target:`/${target}`); const quickAction=(action:'add-client'|'register-passport'|'scan-sbom')=>navigate(action==='add-client'?'/clients':action==='register-passport'?'/passports':'/scans');[39m
[31m+  const performAlertAction=async(alert:Alert,action:'acknowledge'|'assign'|'resolve'|'escalate'|'snooze'|'reopen',assigneeDisplay?:string)=>{let remediationId=alert.remediationId;if(!remediationId){const created=await apiFetch('/api/trust-loop/remediations',{method:'POST',headers:{'Content-Type':'application/json'},body:JSON.stringify({findingId:alert.id,title:alert.title,description:alert.description,priority:alert.severity.toUpperCase()})});if(!created.ok)return;const createdBody=await created.json().catch(()=>null);remediationId=createdBody?.id?String(createdBody.id):undefined;if(!remediationId)return}const patchBody:Record<string,unknown>={acknowledge:{status:'IN_PROGRESS'},resolve:{status:'CLOSED'},snooze:{status:'BLOCKED'},reopen:{status:'OPEN'},escalate:{status:'IN_PROGRESS',slaDueAt:new Date(Date.now()+4*3600*1000).toISOString()},assign:{status:'IN_PROGRESS',ownerDisplay:assigneeDisplay||''}}[action];const response=await apiFetch(`/api/trust-loop/remediations/${encodeURIComponent(remediationId)}`,{method:'PATCH',headers:{'Content-Type':'application/json'},body:JSON.stringify(patchBody)});if(!response.ok)return;const updated=await response.json().catch(()=>null);setAlerts(current=>current.map(item=>item.id===alert.id?{...item,remediationId,status:deriveAlertStatus(updated?.status??String(patchBody.status),null),ownerDisplay:updated?.owner_display??(patchBody.ownerDisplay as string|undefined)??item.ownerDisplay,slaDueAt:updated?.sla_due_at??(patchBody.slaDueAt as string|undefined)??item.slaDueAt}:item))};[39m
[31m+  const selectedExtension=useMemo(()=>{const match=path.match(/^\/extensions\/([^/]+)/);return match?decodeURIComponent(match[1]):null},[path]);const signOutUser=async()=>{await signOut(auth);navigate('/login')};[39m
[31m+  if(!authReady)return <AuthLoading/>;if(path==='/')return <CoverPage/>;if(path==='/login')return user?<AuthLoading/>:<LoginView onLoginSuccess={()=>navigate('/dashboard')}/>;if(!user&&path==='/free-review')return <PublicPage title="Free software review" description="Start an evidence-first review from the public entry point." action="Sign in to continue" onAction={()=>navigate('/login')}/>;if(!user&&path==='/pricing')return <PublicPage title="SPR plans" description="Account and billing capabilities are available inside the authenticated workspace." action="Enter SPR" onAction={()=>navigate('/login')}/>;if(!user)return <AuthLoading/>;[39m
[31m+  let view:ReactNode;if(selectedExtension)view=<ExtensionWorkflow id={selectedExtension} onNavigate={navigate}/>;else switch(path){case '/dashboard':view=<EvidenceDashboardView clients={clients} alerts={alerts} scans={scans} passports={passports} findings={findings} onNavigateTab={onNavigateTab} onOpenQuickAction={quickAction}/>;break;case '/coverage':view=<CoverageView clients={clients} scans={scans} passports={passports} onNavigateTab={onNavigateTab}/>;break;case '/evidence-explorer':view=<EvidenceExplorerView passports={passports}/>;break;case '/assets':view=<AssetsView clients={clients} searchQuery="" assets={assets}/>;break;case '/passports':case '/registry':view=<PassportsView verificationDecisions={verificationDecisions} verificationDetails={verificationDetails} passports={passports} selectedPassportId={selectedPassportId} setSelectedPassportId={setSelectedPassportId} searchQuery="" clients={clients} assets={assets} role={role} onNavigateTab={onNavigateTab} onUpdatePassport={passport=>setPassports(current=>current.map(item=>item.id===passport.id?passport:item))}/>;break;case '/scans':view=<ScansView scans={scans} clients={clients} assets={assets} passports={passports} role={role} onTriggerNewScan={scan=>setScans(current=>[scan,...current.filter(item=>item.id!==scan.id)].slice(0,100))}/>;break;case '/alerts':view=<AlertsView alerts={alerts} onAlertAction={performAlertAction}/>;break;case '/reports':view=<ReportsView clients={clients} passports={passports} scans={scans} alerts={alerts} findings={findings} role={role}/>;break;case '/trust-graph':view=<TrustGraphView clients={clients} passports={passports} assets={assets} findings={findings}/>;/* onSelectPassport={setSelectedPassportId} */break;case '/clients':view=<ClientsView clients={clients} selectedClientId={selectedClientId} setSelectedClientId={setSelectedClientId} passports={passports} onNavigateTab={onNavigateTab} searchQuery=""/>;break;case '/vendors':view=<VendorsView vendors={vendors} searchQuery=""/>;break;case '/integrations':view=<IntegrationsView passports={passports} onNavigateTab={onNavigateTab}/>;break;case '/monitoring':view=<MonitoringView role={role}/>;break;case '/security':view=<SecurityCenterView clients={clients} passports={passports}/>;break;case '/compliance':view=<ComplianceView clients={clients} role={role}/>;break;case '/msp':view=<MSPCommandCenter verificationDecisions={verificationDecisions} verificationDetails={verificationDetails} clients={clients} alerts={alerts} findings={findings} role={role} onSelectClient={setSelectedClientId} onNavigate={navigate}/>;break;case '/agent-trust':view=<AgentTrustView/>;break;case '/ai-trust-center':view=<AITrustCenterView role={role}/>;break;case '/enterprise-readiness':view=<EnterpriseReadinessView clients={clients}/>;break;case '/investor':view=<InvestorHomeView passports={passports} clients={clients} alerts={alerts} onShowTelemetry={()=>navigate('/scans')} onNavigateTab={onNavigateTab}/>;break;case '/founder':view=<FounderDashboardView userRole={role}/>;break;case '/billing':view=<BillingView/>;break;case '/settings':view=<SettingsView theme={theme} onToggleTheme={()=>setTheme(current=>current==='dark'?'light':'dark')}/>;break;case '/team':view=<TeamView role={role}/>;break;case '/audit-log':view=<AuditLogView/>;break;case '/extensions':view=<ExtensionMarketplace onNavigateTab={onNavigateTab} role={role}/>;break;default:view=<WorkflowBoundary title="Workflow" description="This authenticated capability is explicitly routed through the Command Center. Choose its owning workflow from the left rail." onNavigate={navigate}/>}[39m
[31m+  return <CommandCenter path={path} userEmail={user.email} role={role} onNavigate={navigate} onSignOut={()=>void signOutUser()}>{view}</CommandCenter>;[39m
[31m+ }[39m
[31m+[39m

[36m [2m❯[22m tests/seo-safety.test.ts:[2m118:17[22m[39m
    [90m116| [39m    const publicPaths = [...declared![1].matchAll(/'([^']+)'/g)].map((…
    [90m117| [39m    [34mexpect[39m(publicPaths)[33m.[39mnot[33m.[39m[34mtoContain[39m([32m'/registry'[39m)[33m;[39m
    [90m118| [39m    [34mexpect[39m(app)[33m.[39m[34mtoContain[39m([32m"case '/passports': case '/registry':"[39m)[33m;[39m
    [90m   | [39m                [31m^[39m
    [90m119| [39m  })[33m;[39m
    [90m120| [39m})[33m;[39m

[31m[2m⎯⎯⎯⎯⎯⎯⎯⎯⎯⎯⎯⎯⎯⎯⎯⎯⎯⎯⎯⎯[104/141]⎯[22m[39m

[41m[1m FAIL [22m[49m tests/settings-guide-contract.test.ts[2m > [22mSettings "Getting Started" guide stays honest about real gaps[2m > [22mis wired as a real tab, not dead markup
[31m[1mAssertionError[22m: expected '/**\r\n * @license\r\n * SPDX-License…' to contain 'setActiveSubTab(\'guide\')'[39m

[32m- Expected[39m
[31m+ Received[39m

[32m- setActiveSubTab('guide')[39m
[31m+ /**[39m
[31m+  * @license[39m
[31m+  * SPDX-License-Identifier: Apache-2.0[39m
[31m+  */[39m
[31m+ [39m
[31m+ import React, { useState, useEffect, useMemo } from 'react';[39m
[31m+ import {[39m
[31m+   Settings, Shield, Sliders, KeyRound, Bell, HelpCircle, CheckCircle,[39m
[31m+   Sun, Moon, RefreshCw, Trash2, Fingerprint, Lock, FileText, Globe, FileCode,[39m
[31m+   BookOpen, Search, Sparkles, PlusCircle, AlertTriangle, Play, ChevronRight, Check,[39m
[31m+   ExternalLink, Layers, Info, Filter, ShieldAlert, BadgeAlert, CheckCircle2, AlertCircle[39m
[31m+ } from 'lucide-react';[39m
[31m+ import { auth } from '../lib/firebase';[39m
[31m+ import { apiFetch } from '../utils/apiClient';[39m
[31m+ [39m
[31m+ interface SettingsViewProps {[39m
[31m+   theme: 'light' | 'dark';[39m
[31m+   onToggleTheme: () => void;[39m
[31m+ }[39m
[31m+ [39m
[31m+ export default function SettingsView({ theme, onToggleTheme }: SettingsViewProps) {[39m
[31m+   const [activeSubTab, setActiveSubTab] = useState<'configurations' | 'bible' | 'organization'>('configurations');[39m
[31m+   const [mfaEnabled, setMfaEnabled] = useState(true);[39m
[31m+   const [slaTarget, setSlaTarget] = useState(85);[39m
[31m+   const [saveSuccess, setSaveSuccess] = useState(false);[39m
[31m+   const [offboarding, setOffboarding] = useState(false);[39m
[31m+   const [testing, setTesting] = useState(false);[39m
[31m+   const [testResults, setTestResults] = useState<any[]>([]);[39m
[31m+ [39m
[31m+   // Profile & Org/Team States[39m
[31m+   const [profile, setProfile] = useState<any>(null);[39m
[31m+   const [teamMembers, setTeamMembers] = useState<any[]>([]);[39m
[31m+   const [inviteEmail, setInviteEmail] = useState('');[39m
[31m+   const [inviteRole, setInviteRole] = useState('Technician');[39m
[31m+   const [editingProfile, setEditingProfile] = useState(false);[39m
[31m+   const [profileName, setProfileName] = useState('');[39m
[31m+   const [profileJobTitle, setProfileJobTitle] = useState('');[39m
[31m+   const [profileCompany, setProfileCompany] = useState('');[39m
[31m+   const [loadingTeam, setLoadingTeam] = useState(false);[39m
[31m+   const [teamError, setTeamError] = useState<string | null>(null);[39m
[31m+   const [teamSuccess, setTeamSuccess] = useState<string | null>(null);[39m
[31m+ [39m
[31m+   // profile is fetched from /api/user/me, which already returns the caller's[39m
[31m+   // role — derive gating from it directly rather than requiring a separate[39m
[31m+   // prop. Matches backend enforcement exactly: POST /api/tenant/offboard is[39m
[31m+   // requireRole('Owner'); team invite/role-change/remove are requireRole[39m
[31m+   // (['Owner','Admin']) (auth.ts).[39m
[31m+   const currentRole: string = profile?.role || 'Viewer';[39m
[31m+   const isOwner = currentRole === 'Owner';[39m
[31m+   const canManageTeam = isOwner || currentRole === 'Admin';[39m
[31m+ [39m
[31m+   const fetchProfileAndTeam = async () => {[39m
[31m+     setLoadingTeam(true);[39m
[31m+     try {[39m
[31m+       // 1. Fetch user profile[39m
[31m+       const profRes = await apiFetch('/api/user/me');[39m
[31m+       if (profRes.ok) {[39m
[31m+         const profData = await profRes.json();[39m
[31m+         setProfile(profData);[39m
[31m+         setProfileName(profData.displayName || '');[39m
[31m+         setProfileJobTitle(profData.roleTitle || '');[39m
[31m+         setProfileCompany(profData.companyName || '');[39m
[31m+       }[39m
[31m+ [39m
[31m+       // 2. Fetch team members[39m
[31m+       const teamRes = await apiFetch('/api/organization/team');[39m
[31m+       if (teamRes.ok) {[39m
[31m+         const teamData = await teamRes.json();[39m
[31m+         setTeamMembers(teamData);[39m
[31m+       }[39m
[31m+     } catch (err) {[39m
[31m+       console.error('Error fetching profile or organization team:', err);[39m
[31m+     } finally {[39m
[31m+       setLoadingTeam(false);[39m
[31m+     }[39m
[31m+   };[39m
[31m+ [39m
[31m+   const handleInviteMember = async (e: React.FormEvent) => {[39m
[31m+     e.preventDefault();[39m
[31m+     if (!inviteEmail || !canManageTeam) return;[39m
[31m+     setTeamError(null);[39m
[31m+     setTeamSuccess(null);[39m
[31m+     try {[39m
[31m+       const res = await apiFetch('/api/organization/invite', {[39m
[31m+         method: 'POST',[39m
[31m+         headers: { 'Content-Type': 'application/json' },[39m
[31m+         body: JSON.stringify({ email: inviteEmail, role: inviteRole })[39m
[31m+       });[39m
[31m+       if (res.ok) {[39m
[31m+         setTeamSuccess(`Successfully sent security invitation to ${inviteEmail}`);[39m
[31m+         setInviteEmail('');[39m
[31m+         fetchProfileAndTeam();[39m
[31m+       } else {[39m
[31m+         const errData = await res.json();[39m
[31m+         setTeamError(errData.message || 'Failed to send workspace invitation.');[39m
[31m+       }[39m
[31m+     } catch (err) {[39m
[31m+       setTeamError('Network error while dispatching invitation.');[39m
[31m+     }[39m
[31m+   };[39m
[31m+ [39m
[31m+   const handleUpdateMemberRole = async (userId: string, newRole: string) => {[39m
[31m+     if (!canManageTeam) return;[39m
[31m+     setTeamError(null);[39m
[31m+     setTeamSuccess(null);[39m
[31m+     try {[39m
[31m+       const res = await apiFetch(`/api/organization/team/${userId}/role`, {[39m
[31m+         method: 'PUT',[39m
[31m+         headers: { 'Content-Type': 'application/json' },[39m
[31m+         body: JSON.stringify({ role: newRole })[39m
[31m+       });[39m
[31m+       if (res.ok) {[39m
[31m+         setTeamSuccess('Workspace member role updated successfully.');[39m
[31m+         fetchProfileAndTeam();[39m
[31m+       } else {[39m
[31m+         const errData = await res.json();[39m
[31m+         setTeamError(errData.message || 'Permission denied.');[39m
[31m+       }[39m
[31m+     } catch (err) {[39m
[31m+       setTeamError('Failed to synchronize updated permission rules.');[39m
[31m+     }[39m
[31m+   };[39m
[31m+ [39m
[31m+   const handleRemoveMember = async (userId: string) => {[39m
[31m+     if (!canManageTeam) return;[39m
[31m+     const confirmed = window.confirm('Are you sure you want to revoke this user\'s workspace security credentials?');[39m
[31m+     if (!confirmed) return;[39m
[31m+     setTeamError(null);[39m
[31m+     setTeamSuccess(null);[39m
[31m+     try {[39m
[31m+       const res = await apiFetch(`/api/organization/team/${userId}`, {[39m
[31m+         method: 'DELETE'[39m
[31m+       });[39m
[31m+       if (res.ok) {[39m
[31m+         setTeamSuccess('Revoked workspace access and terminated session keys.');[39m
[31m+         fetchProfileAndTeam();[39m
[31m+       } else {[39m
[31m+         const errData = await res.json();[39m
[31m+         setTeamError(errData.message || 'Rejection from database.');[39m
[31m+       }[39m
[31m+     } catch (err) {[39m
[31m+       setTeamError('Failed to remove member.');[39m
[31m+     }[39m
[31m+   };[39m
[31m+ [39m
[31m+   const handleSaveProfile = async (e: React.FormEvent) => {[39m
[31m+     e.preventDefault();[39m
[31m+     setTeamError(null);[39m
[31m+     setTeamSuccess(null);[39m
[31m+     try {[39m
[31m+       const res = await apiFetch('/api/user/profile', {[39m
[31m+         method: 'PUT',[39m
[31m+         headers: { 'Content-Type': 'application/json' },[39m
[31m+         body: JSON.stringify({[39m
[31m+           displayName: profileName,[39m
[31m+           roleTitle: profileJobTitle,[39m
[31m+           companyName: profileCompany[39m
[31m+         })[39m
[31m+       });[39m
[31m+       if (res.ok) {[39m
[31m+         setTeamSuccess('User profile details updated successfully.');[39m
[31m+         setEditingProfile(false);[39m
[31m+         fetchProfileAndTeam();[39m
[31m+       } else {[39m
[31m+         const errData = await res.json();[39m
[31m+         setTeamError(errData.message || 'Failed to save details.');[39m
[31m+       }[39m
[31m+     } catch (err) {[39m
[31m+       setTeamError('Failed to save profile changes.');[39m
[31m+     }[39m
[31m+   };[39m
[31m+ [39m
[31m+   // Product Bible list[39m
[31m+   const [bibleProducts, setBibleProducts] = useState<any[]>([[39m
[31m+     {[39m
[31m+       id: 'pb-nginx',[39m
[31m+       name: 'Nginx Web Server',[39m
[31m+       type: 'Web Infrastructure / Proxy',[39m
[31m+       baselineSecureVersion: '1.24.0',[39m
[31m+       allowedLicenses: ['BSD-2-Clause', 'MIT', 'Apache-2.0'],[39m
[31m+       disallowedLicenses: ['GPL-3.0-only', 'AGPL-3.0-only'],[39m
[31m+       riskTier: 'Low',[39m
[31m+       complianceTarget: 'SOC 2 CC6.1 / NIST SP 800-53',[39m
[31m+       safeguardPolicy: 'Enforce TLS 1.3 only, disable cleartext HTTP ports, and prune default Server header metadata.'[39m
[31m+     },[39m
[31m+     {[39m
[31m+       id: 'pb-postgres',[39m
[31m+       name: 'PostgreSQL Relational Engine',[39m
[31m+       type: 'Database Systems',[39m
[31m+       baselineSecureVersion: '15.4',[39m
[31m+       allowedLicenses: ['PostgreSQL', 'MIT', 'Apache-2.0'],[39m
[31m+       disallowedLicenses: ['AGPL-3.0-only', 'GPL-3.0-only'],[39m
[31m+       riskTier: 'Low',[39m
[31m+       complianceTarget: 'NIST SP 800-171 / HIPAA Sec. 164',[39m
[31m+       safeguardPolicy: 'Enable row-level security (RLS), mandate pgcrypto encryption for columns, and bind exclusively to localized subnets.'[39m
[31m+     },[39m
[31m+     {[39m
[31m+       id: 'pb-redis',[39m
[31m+       name: 'Redis In-Memory Key-Value Cache',[39m
[31m+       type: 'Cache Systems',[39m
[31m+       baselineSecureVersion: '7.0.12',[39m
[31m+       allowedLicenses: ['BSD-3-Clause', 'MIT'],[39m
[31m+       disallowedLicenses: ['SSPL-1.0', 'AGPL-3.0-only'],[39m
[31m+       riskTier: 'Medium',[39m
[31m+       complianceTarget: 'PCI-DSS v4.0 Req 2 & 3',[39m
[31m+       safeguardPolicy: 'Disable custom dangerous admin commands (CONFIG, FLUSHALL), set authentication passwords, and restrict container loopbacks.'[39m
[31m+     },[39m
[31m+     {[39m
[31m+       id: 'pb-log4j',[39m
[31m+       name: 'Apache Log4j Core Logging',[39m
[31m+       type: 'Open Source Logging Framework',[39m
[31m+       baselineSecureVersion: '2.17.1',[39m
[31m+       allowedLicenses: ['Apache-2.0'],[39m
[31m+       disallowedLicenses: ['GPL-3.0-only', 'AGPL-3.0-only'],[39m
[31m+       riskTier: 'High',[39m
[31m+       complianceTarget: 'CISA KEV Mitigation Directive',[39m
[31m+       safeguardPolicy: 'Ensure strict lookup disabling (formatMsgNoLookups=true) and remove JMSAppender class files from all builds to neutralize JNDI execution risks.'[39m
[31m+     },[39m
[31m+     {[39m
[31m+       id: 'pb-docker',[39m
[31m+       name: 'Docker Container base environment',[39m
[31m+       type: 'Container Foundations',[39m
[31m+       baselineSecureVersion: '24.0.5',[39m
[31m+       allowedLicenses: ['Apache-2.0', 'MIT'],[39m
[31m+       disallowedLicenses: ['GPL-3.0-only', 'AGPL-3.0-only'],[39m
[31m+       riskTier: 'Low',[39m
[31m+       complianceTarget: 'CIS Docker Benchmarks v1.6',[39m
[31m+       safeguardPolicy: 'Run containers with non-root privileges, specify readonly root filesystems, and strip all unneeded kernel capabilities (SYS_ADMIN).'[39m
[31m+     }[39m
[31m+   ]);[39m
[31m+ [39m
[31m+   // Search/Filter state for Product Bible[39m
[31m+   const [bibleSearchQuery, setBibleSearchQuery] = useState('');[39m
[31m+   const [bibleFilterRisk, setBibleFilterRisk] = useState('all');[39m
[31m+   const [selectedBibleProductId, setSelectedBibleProductId] = useState<string>('pb-nginx');[39m
[31m+ [39m
[31m+   // New Bible Product form fields[39m
[31m+   const [showAddBibleProduct, setShowAddBibleProduct] = useState(false);[39m
[31m+   const [newBpName, setNewBpName] = useState('');[39m
[31m+   const [newBpType, setNewBpType] = useState('Web Infrastructure / Proxy');[39m
[31m+   const [newBpVersion, setNewBpVersion] = useState('');[39m
[31m+   const [newBpAllowedLics, setNewBpAllowedLics] = useState('MIT, Apache-2.0, BSD-3-Clause');[39m
[31m+   const [newBpDisallowedLics, setNewBpDisallowedLics] = useState('GPL-3.0-only, AGPL-3.0-only');[39m
[31m+   const [newBpRisk, setNewBpRisk] = useState<'Low' | 'Medium' | 'High'>('Low');[39m
[31m+   const [newBpCompliance, setNewBpCompliance] = useState('');[39m
[31m+   const [newBpSafeguard, setNewBpSafeguard] = useState('');[39m
[31m+ [39m
[31m+   // Sandbox Auditor states[39m
[31m+   const [sandboxProduct, setSandboxProduct] = useState('Nginx Web Server');[39m
[31m+   const [sandboxCustomName, setSandboxCustomName] = useState('');[39m
[31m+   const [sandboxVersion, setSandboxVersion] = useState('1.25.1');[39m
[31m+   const [sandboxLicense, setSandboxLicense] = useState('MIT');[39m
[31m+   const [sandboxEnv, setSandboxEnv] = useState('Production');[39m
[31m+   const [sandboxReport, setSandboxReport] = useState<any | null>(null);[39m
[31m+ [39m
[31m+   // Multi-tenant Active Sessions, SSO and Cryptographic audit state[39m
[31m+   const [sessions, setSessions] = useState<any[]>([]);[39m
[31m+   const [history, setHistory] = useState<any[]>([]);[39m
[31m+   const [auditChain, setAuditChain] = useState<any[]>([]);[39m
[31m+   const [loadingLedgers, setLoadingLedgers] = useState(false);[39m
[31m+   const [verifyingLedger, setVerifyingLedger] = useState(false);[39m
[31m+   const [verificationResult, setVerificationResult] = useState<any | null>(null);[39m
[31m+ [39m
[31m+   // SAML SSO Form settings[39m
[31m+   const [ssoEnabled, setSsoEnabled] = useState(true);[39m
[31m+   const [ssoProvider, setSsoProvider] = useState('Okta Enterprise IdP');[39m
[31m+   const [ssoMetadataUrl, setSsoMetadataUrl] = useState('https://idp.okta.com/app/exk810/sso/saml/metadata');[39m
[31m+   const [ssoClientId, setSsoClientId] = useState('spr_msp_okta_prod_01');[39m
[31m+ [39m
[31m+   const handleVerifyLedger = async () => {[39m
[31m+     setVerifyingLedger(true);[39m
[31m+     setVerificationResult(null);[39m
[31m+     try {[39m
[31m+       const res = await apiFetch('/api/auth/audit-chain/verify');[39m
[31m+       if (res.ok) {[39m
[31m+         const data = await res.json();[39m
[31m+         setVerificationResult(data);[39m
[31m+       } else {[39m
[31m+         setVerificationResult({[39m
[31m+           isValid: false,[39m
[31m+           error: 'Verification request returned a server exception.'[39m
[31m+         });[39m
[31m+       }[39m
[31m+     } catch (err: any) {[39m
[31m+       setVerificationResult({[39m
[31m+         isValid: false,[39m
[31m+         error: err?.message || 'Network connection timeout.'[39m
[31m+       });[39m
[31m+     } finally {[39m
[31m+       setVerifyingLedger(false);[39m
[31m+     }[39m
[31m+   };[39m
[31m+ [39m
[31m+   const fetchAuthDataLedgers = async () => {[39m
[31m+     setLoadingLedgers(true);[39m
[31m+     try {[39m
[31m+       const sessRes = await apiFetch('/api/auth/sessions');[39m
[31m+       if (sessRes.ok) {[39m
[31m+         const data = await sessRes.json();[39m
[31m+         setSessions(data);[39m
[31m+       }[39m
[31m+ [39m
[31m+       const histRes = await apiFetch('/api/auth/login-history');[39m
[31m+       if (histRes.ok) {[39m
[31m+         const data = await histRes.json();[39m
[31m+         setHistory(data);[39m
[31m+       }[39m
[31m+ [39m
[31m+       const chainRes = await apiFetch('/api/auth/audit-chain');[39m
[31m+       if (chainRes.ok) {[39m
[31m+         const data = await chainRes.json();[39m
[31m+         setAuditChain(data);[39m
[31m+       }[39m
[31m+     } catch (err) {[39m
[31m+       console.error('Error fetching identity and compliance data ledgers:', err);[39m
[31m+     } finally {[39m
[31m+       setLoadingLedgers(false);[39m
[31m+     }[39m
[31m+   };[39m
[31m+ [39m
[31m+   useEffect(() => {[39m
[31m+     fetchAuthDataLedgers();[39m
[31m+     fetchProfileAndTeam();[39m
[31m+   }, []);[39m
[31m+ [39m
[31m+   const handleRevokeSession = async (sessionId: string) => {[39m
[31m+     try {[39m
[31m+       const res = await apiFetch('/api/auth/sessions/revoke', {[39m
[31m+         method: 'POST',[39m
[31m+         headers: { 'Content-Type': 'application/json' },[39m
[31m+         body: JSON.stringify({ sessionId })[39m
[31m+       });[39m
[31m+       if (res.ok) {[39m
[31m+         fetchAuthDataLedgers();[39m
[31m+       } else {[39m
[31m+         alert('Could not complete session revocation.');[39m
[31m+       }[39m
[31m+     } catch (err) {[39m
[31m+       console.error('Error during session revocation:', err);[39m
[31m+     }[39m
[31m+   };[39m
[31m+ [39m
[31m+   // There is no test-runner endpoint in the backend (running the test suite[39m
[31m+   // from an HTTP request would itself be a code-execution risk), and no[39m
[31m+   // endpoint separately verifies RLS isolation, OAuth handshakes, or API[39m
[31m+   // quota safety. This checks the one thing SPR can actually report on[39m
[31m+   // itself: real database connectivity, via the existing /api/ready[39m
[31m+   // readiness probe — the same one an orchestrator uses.[39m
[31m+   const runDiagnosticSuite = async () => {[39m
[31m+     setTesting(true);[39m
[31m+     try {[39m
[31m+       const res = await apiFetch('/api/ready');[39m
[31m+       const data = await res.json().catch(() => ({}));[39m
[31m+       const dbOk = Boolean(data?.checks?.database?.ok);[39m
[31m+       setTestResults([[39m
[31m+         { name: 'Database connectivity', status: dbOk ? 'PASS' : 'FAIL', details: dbOk ? `Responded in ${data.checks.database.latencyMs}ms` : data?.checks?.database?.error || 'Database unavailable' },[39m
[31m+         { name: 'API reachability', status: 'PASS', details: `/api/ready responded HTTP ${res.status}` },[39m
[31m+       ]);[39m
[31m+     } catch (err) {[39m
[31m+       console.error('Error running readiness check:', err);[39m
[31m+       setTestResults([{ name: 'API reachability', status: 'FAIL', details: 'The readiness request itself failed' }]);[39m
[31m+     } finally {[39m
[31m+       setTesting(false);[39m
[31m+     }[39m
[31m+   };[39m
[31m+ [39m
[31m+   const handleOffboardTenant = async () => {[39m
[31m+     if (!isOwner) { alert(`Your ${currentRole} role cannot offboard this workspace. Owner is required.`); return; }[39m
[31m+     const confirmed = window.confirm([39m
[31m+       "CRITICAL SECURITY ALERT: Are you absolutely certain you want to offboard this tenant? This will cascade-delete all databases, software passports, compliance statuses, and credentials instantly from our PostgreSQL storage nodes. This action cannot be undone."[39m
[31m+     );[39m
[31m+     if (!confirmed) return;[39m
[31m+ [39m
[31m+     setOffboarding(true);[39m
[31m+     try {[39m
[31m+       const res = await apiFetch('/api/tenant/offboard', {[39m
[31m+         method: 'POST',[39m
[31m+       });[39m
[31m+       if (res.ok) {[39m
[31m+         alert("Offboarding complete. Your tenant profile and isolated workspaces have been purged from storage nodes.");[39m
[31m+         localStorage.removeItem('msp_user');[39m
[31m+         await auth.signOut().catch(() => {});[39m
[31m+         window.location.reload();[39m
[31m+       } else {[39m
[31m+         const errorData = await res.json();[39m
[31m+         alert(`Offboarding failed: ${errorData.error || 'Server error'}`);[39m
[31m+       }[39m
[31m+     } catch (err) {[39m
[31m+       console.error('Failed to trigger tenant data offboarding:', err);[39m
[31m+       alert('Network error while completing data purge.');[39m
[31m+     } finally {[39m
[31m+       setOffboarding(false);[39m
[31m+     }[39m
[31m+   };[39m
[31m+ [39m
[31m+   // No backend endpoint persists these fields (SLA target, MFA toggle, SSO[39m
[31m+   // config, daily-scan cadence) — they are local component state only and[39m
[31m+   // reset on reload/navigation. This used to show a "Portal configuration[39m
[31m+   // updated!" success message that implied a real save; keep that claim[39m
[31m+   // honest until real persistence exists rather than build a fake one.[39m
[31m+   const handleSaveSettings = () => {[39m
[31m+     setSaveSuccess(true);[39m
[31m+     setTimeout(() => setSaveSuccess(false), 4000);[39m
[31m+   };[39m
[31m+ [39m
[31m+   const activeBibleProduct = useMemo(() => {[39m
[31m+     return bibleProducts.find(p => p.id === selectedBibleProductId) || bibleProducts[0];[39m
[31m+   }, [bibleProducts, selectedBibleProductId]);[39m
[31m+ [39m
[31m+   const filteredBibleProducts = useMemo(() => {[39m
[31m+     return bibleProducts.filter(bp => {[39m
[31m+       const matchSearch = bp.name.toLowerCase().includes(bibleSearchQuery.toLowerCase()) ||[39m
[31m+                           bp.type.toLowerCase().includes(bibleSearchQuery.toLowerCase()) ||[39m
[31m+                           bp.complianceTarget.toLowerCase().includes(bibleSearchQuery.toLowerCase());[39m
[31m+       const matchRisk = bibleFilterRisk === 'all' || bp.riskTier.toLowerCase() === bibleFilterRisk.toLowerCase();[39m
[31m+       return matchSearch && matchRisk;[39m
[31m+     });[39m
[31m+   }, [bibleProducts, bibleSearchQuery, bibleFilterRisk]);[39m
[31m+ [39m
[31m+   const handleAddBibleProduct = (e: React.FormEvent) => {[39m
[31m+     e.preventDefault();[39m
[31m+     if (!newBpName || !newBpVersion) {[39m
[31m+       alert('Please enter a product name and baseline secure version.');[39m
[31m+       return;[39m
[31m+     }[39m
[31m+ [39m
[31m+     const newProduct = {[39m
[31m+       id: `pb-custom-${Date.now()}`,[39m
[31m+       name: newBpName,[39m
[31m+       type: newBpType,[39m
[31m+       baselineSecureVersion: newBpVersion,[39m
[31m+       allowedLicenses: newBpAllowedLics.split(',').map(s => s.trim()).filter(Boolean),[39m
[31m+       disallowedLicenses: newBpDisallowedLics.split(',').map(s => s.trim()).filter(Boolean),[39m
[31m+       riskTier: newBpRisk,[39m
[31m+       complianceTarget: newBpCompliance || 'Standard Compliance Profile',[39m
[31m+       safeguardPolicy: newBpSafeguard || 'Verify cryptographic signature and restrict host execution capabilities on staging.'[39m
[31m+     };[39m
[31m+ [39m
[31m+     setBibleProducts(prev => [newProduct, ...prev]);[39m
[31m+     setSelectedBibleProductId(newProduct.id);[39m
[31m+     setShowAddBibleProduct(false);[39m
[31m+ [39m
[31m+     // Reset inputs[39m
[31m+     setNewBpName('');[39m
[31m+     setNewBpVersion('');[39m
[31m+     setNewBpCompliance('');[39m
[31m+     setNewBpSafeguard('');[39m
[31m+   };[39m
[31m+ [39m
[31m+   const handleRunSandboxAudit = () => {[39m
[31m+     let targetName = sandboxProduct;[39m
[31m+     if (sandboxProduct === 'custom' && sandboxCustomName) {[39m
[31m+       targetName = sandboxCustomName;[39m
[31m+     }[39m
[31m+ [39m
[31m+     const matchedBp = bibleProducts.find(bp =>[39m
[31m+       bp.name.toLowerCase() === targetName.toLowerCase() ||[39m
[31m+       targetName.toLowerCase().includes(bp.name.toLowerCase())[39m
[31m+     );[39m
[31m+ [39m
[31m+     let versionStatus: 'Compliant' | 'Warning' | 'Fail' = 'Compliant';[39m
[31m+     let versionDetails = '';[39m
[31m+ [39m
[31m+     const inputVer = sandboxVersion.trim();[39m
[31m+     if (!inputVer) {[39m
[31m+       versionStatus = 'Warning';[39m
[31m+       versionDetails = 'No version specified. Auditing engine cannot verify baseline standards.';[39m
[31m+     } else if (matchedBp) {[39m
[31m+       const baseline = matchedBp.baselineSecureVersion;[39m
[31m+       const baselineNum = parseFloat(baseline.replace(/[^0-9.]/g, ''));[39m
[31m+       const inputNum = parseFloat(inputVer.replace(/[^0-9.]/g, ''));[39m
[31m+ [39m
[31m+       if (!isNaN(baselineNum) && !isNaN(inputNum)) {[39m
[31m+         if (inputNum < baselineNum) {[39m
[31m+           versionStatus = 'Fail';[39m
[31m+           versionDetails = `Ingested version v${inputVer} is older than the recommended secure baseline v${baseline}. Potential known CVE exposures exist!`;[39m
[31m+         } else {[39m
[31m+           versionStatus = 'Compliant';[39m
[31m+           versionDetails = `Version v${inputVer} matches or exceeds secure baseline standards (v${baseline}).`;[39m
[31m+         }[39m
[31m+       } else {[39m
[31m+         versionDetails = `Assumed compatible with baseline standards (Recommended baseline: v${baseline}).`;[39m
[31m+       }[39m
[31m+     } else {[39m
[31m+       versionDetails = 'Unregistered custom software. Compliance baseline has not been defined in the Master Bible.';[39m
[31m+     }[39m
[31m+ [39m
[31m+     let licenseStatus: 'Compliant' | 'Warning' | 'Fail' = 'Compliant';[39m
[31m+     let licenseDetails = '';[39m
[31m+ [39m
[31m+     if (matchedBp) {[39m
[31m+       const allowed = matchedBp.allowedLicenses.map((l: string) => l.toLowerCase());[39m
[31m+       const disallowed = matchedBp.disallowedLicenses.map((l: string) => l.toLowerCase());[39m
[31m+       const queryLic = sandboxLicense.trim().toLowerCase();[39m
[31m+ [39m
[31m+       if (disallowed.includes(queryLic)) {[39m
[31m+         licenseStatus = 'Fail';[39m
[31m+         licenseDetails = `License "${sandboxLicense}" is strictly prohibited for the enterprise by corporate policy. Refuse deployments.`;[39m
[31m+       } else if (allowed.length > 0 && !allowed.includes(queryLic)) {[39m
[31m+         licenseStatus = 'Warning';[39m
[31m+         licenseDetails = `License "${sandboxLicense}" is not explicitly greenlisted in the Master Bible for ${matchedBp.name}. Legal review recommended.`;[39m
[31m+       } else {[39m
[31m+         licenseStatus = 'Compliant';[39m
[31m+         licenseDetails = `License "${sandboxLicense}" matches greenlisted standards for this software class.`;[39m
[31m+       }[39m
[31m+     } else {[39m
[31m+       const queryLic = sandboxLicense.trim().toLowerCase();[39m
[31m+       if (['gpl-3.0', 'agpl-3.0', 'gpl-3.0-only', 'agpl-3.0-only', 'sspl-1.0'].includes(queryLic)) {[39m
[31m+         licenseStatus = 'Fail';[39m
[31m+         licenseDetails = `Copyleft license "${sandboxLicense}" detected. Deploying to commercial client clouds presents critical proprietary exposure risks.`;[39m
[31m+       } else {[39m
[31m+         licenseStatus = 'Compliant';[39m
[31m+         licenseDetails = `License "${sandboxLicense}" is typical of standard permissible open-source software libraries.`;[39m
[31m+       }[39m
[31m+     }[39m
[31m+ [39m
[31m+     const complianceTarget = matchedBp ? matchedBp.complianceTarget : 'General NIST SP 800-53 Rev 5 / CIS Safeguards';[39m
[31m+     const safeguardPolicy = matchedBp ? matchedBp.safeguardPolicy : 'Verify cryptographic signature (SLSA/Cosign), restrict container capabilities, and verify dependency CVE maps prior to operational staging.';[39m
[31m+ [39m
[31m+     let overallStatus: 'PASS' | 'WARN' | 'FAIL' = 'PASS';[39m
[31m+     if (versionStatus === 'Fail' || licenseStatus === 'Fail') {[39m
[31m+       overallStatus = 'FAIL';[39m
[31m+     } else if (versionStatus === 'Warning' || licenseStatus === 'Warning') {[39m
[31m+       overallStatus = 'WARN';[39m
[31m+     }[39m
[31m+ [39m
[31m+     setSandboxReport({[39m
[31m+       productName: targetName,[39m
[31m+       version: inputVer || 'unknown',[39m
[31m+       license: sandboxLicense,[39m
[31m+       environment: sandboxEnv,[39m
[31m+       overallStatus,[39m
[31m+       versionStatus,[39m
[31m+       versionDetails,[39m
[31m+       licenseStatus,[39m
[31m+       licenseDetails,[39m
[31m+       complianceTarget,[39m
[31m+       safeguardPolicy,[39m
[31m+       timestamp: new Date().toISOString()[39m
[31m+     });[39m
[31m+   };[39m
[31m+ [39m
[31m+   return ([39m
[31m+     <div className="space-y-4" id="msp-settings-view">[39m
[31m+       {/* Page Header */}[39m
[31m+       <div className="flex flex-col gap-3 sm:flex-row sm:items-center sm:justify-between">[39m
[31m+         <div>[39m
[31m+           <h1 className="text-[22px] font-semibold text-[#201f1e] flex items-center gap-2">[39m
[31m+             <Settings className="h-4 w-4 text-[#0f6cbd]" />[39m
[31m+             <span>Platform Settings & Compliance Bible</span>[39m
[31m+           </h1>[39m
[31m+           <p className="mt-1 text-[13px] text-[#605e5c]">[39m
[31m+             Configure thresholds, SAML authentication gateways, operator sessions, and the master product security Bible.[39m
[31m+           </p>[39m
[31m+         </div>[39m
[31m+ [39m
[31m+         <button[39m
[31m+           onClick={fetchAuthDataLedgers}[39m
[31m+           disabled={loadingLedgers}[39m
[31m+           className="inline-flex h-9 items-center gap-1.5 rounded border border-[#c8c6c4] px-3 text-[13px] font-medium text-[#323130] hover:bg-black/[.03] disabled:opacity-60"[39m
[31m+         >[39m
[31m+           <RefreshCw className={`h-3.5 w-3.5 ${loadingLedgers ? 'animate-spin' : ''}`} />[39m
[31m+           <span>Sync Audits</span>[39m
[31m+         </button>[39m
[31m+       </div>[39m
[31m+ [39m
[31m+       {/* Sub-Tab Selector */}[39m
[31m+       <div className="flex gap-1 border-b border-[#e1dfdd]">[39m
[31m+         <button[39m
[31m+           type="button"[39m
[31m+           onClick={() => setActiveSubTab('configurations')}[39m
[31m+           className={`flex items-center gap-1.5 px-3 py-2 text-[13px] font-medium border-b-2 -mb-px ${[39m
[31m+             activeSubTab === 'configurations'[39m
[31m+               ? 'border-[#0f6cbd] text-[#0f6cbd]'[39m
[31m+               : 'border-transparent text-[#605e5c] hover:text-[#323130]'[39m
[31m+           }`}[39m
[31m+         >[39m
[31m+           <Sliders className="h-3.5 w-3.5" />[39m
[31m+           <span>Configurations</span>[39m
[31m+         </button>[39m
[31m+         <button[39m
[31m+           type="button"[39m
[31m+           onClick={() => setActiveSubTab('organization')}[39m
[31m+           className={`flex items-center gap-1.5 px-3 py-2 text-[13px] font-medium border-b-2 -mb-px ${[39m
[31m+             activeSubTab === 'organization'[39m
[31m+               ? 'border-[#0f6cbd] text-[#0f6cbd]'[39m
[31m+               : 'border-transparent text-[#605e5c] hover:text-[#323130]'[39m
[31m+           }`}[39m
[31m+         >[39m
[31m+           <Layers className="h-3.5 w-3.5" />[39m
[31m+           <span>Team & Profile</span>[39m
[31m+         </button>[39m
[31m+         <button[39m
[31m+           type="button"[39m
[31m+           onClick={() => setActiveSubTab('bible')}[39m
[31m+           className={`flex items-center gap-1.5 px-3 py-2 text-[13px] font-medium border-b-2 -mb-px ${[39m
[31m+             activeSubTab === 'bible'[39m
[31m+               ? 'border-[#0f6cbd] text-[#0f6cbd]'[39m
[31m+               : 'border-transparent text-[#605e5c] hover:text-[#323130]'[39m
[31m+           }`}[39m
[31m+         >[39m
[31m+           <BookOpen className="h-3.5 w-3.5" />[39m
[31m+           <span>Master Bible</span>[39m
[31m+         </button>[39m
[31m+       </div>[39m
[31m+ [39m
[31m+       {activeSubTab === 'configurations' ? ([39m
[31m+         <div className="grid grid-cols-1 lg:grid-cols-3 gap-4">[39m
[31m+           {/* Left Column: Core Preferences */}[39m
[31m+           <div className="lg:col-span-2 space-y-4">[39m
[31m+ [39m
[31m+             <details className="rounded-md border border-[#e1dfdd] bg-[#faf9f8] text-[13px]">[39m
[31m+               <summary className="cursor-pointer select-none px-3 py-2 font-medium text-[#323130]">What is this? &middot; How it works</summary>[39m
[31m+               <div className="px-3 pb-3 text-[#605e5c]">[39m
[31m+                 <p>Platform-wide thresholds, single sign-on, and session controls for this workspace.</p>[39m
[31m+                 <ol className="mt-1.5 list-decimal space-y-0.5 pl-4">[39m
[31m+                   <li>Set the trust score threshold that triggers alerts.</li>[39m
[31m+                   <li>Configure the SAML identity provider your organization uses to sign in.</li>[39m
[31m+                   <li>Review and revoke active operator sessions if needed.</li>[39m
[31m+                 </ol>[39m
[31m+               </div>[39m
[31m+             </details>[39m
[31m+ [39m
[31m+             {/* General platform settings card */}[39m
[31m+             <div className="rounded-md border border-[#e1dfdd] bg-white p-4 space-y-3">[39m
[31m+               <h3 className="flex items-center gap-1.5 border-b border-[#e1dfdd] pb-2 text-[14px] font-semibold text-[#201f1e]">[39m
[31m+                 <Sliders className="h-4 w-4 text-[#0f6cbd]" />[39m
[31m+                 <span>General platform parameters</span>[39m
[31m+               </h3>[39m
[31m+ [39m
[31m+               <div className="space-y-3 text-[13px]">[39m
[31m+                 <div className="flex flex-col gap-1">[39m
[31m+                   <label className="font-medium text-[#323130]">Audit trust SLA target threshold (score)</label>[39m
[31m+                   <div className="flex items-center gap-2">[39m
[31m+                     <input[39m
[31m+                       type="range"[39m
[31m+                       min="60"[39m
[31m+                       max="98"[39m
[31m+                       value={slaTarget}[39m
[31m+                       onChange={(e) => setSlaTarget(Number(e.target.value))}[39m
[31m+                       className="h-1.5 flex-1 cursor-pointer accent-[#0f6cbd]"[39m
[31m+                     />[39m
[31m+                     <span className="rounded border border-[#c8c6c4] bg-[#eff6fc] px-2 py-1 font-medium text-[#0f6cbd]">[39m
[31m+                       {slaTarget}/100[39m
[31m+                     </span>[39m
[31m+                   </div>[39m
[31m+                   <p className="text-[12px] text-[#605e5c]">Alerts are compiled if a software passport overall rating drops below this value.</p>[39m
[31m+                 </div>[39m
[31m+ [39m
[31m+                 <div className="flex items-center justify-between gap-4 border-t border-[#e1dfdd] pt-3">[39m
[31m+                   <div>[39m
[31m+                     <span className="block font-medium text-[#323130]">Enable automated daily recalculation scans</span>[39m
[31m+                     <p className="text-[12px] text-[#605e5c]">Automatically scan active client software inventory on CVE database updates.</p>[39m
[31m+                   </div>[39m
[31m+                   <input[39m
[31m+                     type="checkbox"[39m
[31m+                     defaultChecked[39m
[31m+                     className="h-4 w-4 rounded border-[#c8c6c4] text-[#0f6cbd] focus:ring-[#0f6cbd]"[39m
[31m+                   />[39m
[31m+                 </div>[39m
[31m+               </div>[39m
[31m+             </div>[39m
[31m+ [39m
[31m+             {/* Theme & Interface Customization Card */}[39m
[31m+             <div className="rounded-md border border-[#e1dfdd] bg-white p-4 space-y-3">[39m
[31m+               <h3 className="flex items-center gap-1.5 border-b border-[#e1dfdd] pb-2 text-[14px] font-semibold text-[#201f1e]">[39m
[31m+                 <Sun className="h-4 w-4 text-[#0f6cbd]" />[39m
[31m+                 <span>Theme & interface</span>[39m
[31m+               </h3>[39m
[31m+ [39m
[31m+               <div className="space-y-3 text-[13px]">[39m
[31m+                 <div className="flex flex-col gap-1">[39m
[31m+                   <span className="font-medium text-[#323130]">Active theme preference</span>[39m
[31m+                   <p className="text-[12px] text-[#605e5c]">Choose between a light interface or a dark interface for operating centers.</p>[39m
[31m+                 </div>[39m
[31m+ [39m
[31m+                 <div className="grid grid-cols-2 gap-2">[39m
[31m+                   <button[39m
[31m+                     type="button"[39m
[31m+                     onClick={() => theme === 'dark' && onToggleTheme()}[39m
[31m+                     className={`flex h-9 items-center justify-center gap-2 rounded border text-[13px] font-medium ${[39m
[31m+                       theme === 'light'[39m
[31m+                         ? 'border-[#0f6cbd] bg-[#eff6fc] text-[#0f6cbd]'[39m
[31m+                         : 'border-[#c8c6c4] text-[#323130] hover:bg-black/[.03]'[39m
[31m+                     }`}[39m
[31m+                   >[39m
[31m+                     <Sun className="h-3.5 w-3.5" />[39m
[31m+                     <span>Light mode</span>[39m
[31m+                   </button>[39m
[31m+ [39m
[31m+                   <button[39m
[31m+                     type="button"[39m
[31m+                     onClick={() => theme === 'light' && onToggleTheme()}[39m
[31m+                     className={`flex h-9 items-center justify-center gap-2 rounded border text-[13px] font-medium ${[39m
[31m+                       theme === 'dark'[39m
[31m+                         ? 'border-[#0f6cbd] bg-[#eff6fc] text-[#0f6cbd]'[39m
[31m+                         : 'border-[#c8c6c4] text-[#323130] hover:bg-black/[.03]'[39m
[31m+                     }`}[39m
[31m+                   >[39m
[31m+                     <Moon className="h-3.5 w-3.5" />[39m
[31m+                     <span>Dark mode</span>[39m
[31m+                   </button>[39m
[31m+                 </div>[39m
[31m+               </div>[39m
[31m+             </div>[39m
[31m+ [39m
[31m+             {/* SAML SSO Configuration Card */}[39m
[31m+             <div className="rounded-md border border-[#e1dfdd] bg-white p-4 space-y-3">[39m
[31m+               <h3 className="flex items-center gap-1.5 border-b border-[#e1dfdd] pb-2 text-[14px] font-semibold text-[#201f1e]">[39m
[31m+                 <Globe className="h-4 w-4 text-[#0f6cbd]" />[39m
[31m+                 <span>Enterprise SAML / SSO integration</span>[39m
[31m+               </h3>[39m
[31m+ [39m
[31m+               <div className="space-y-3 text-[13px]">[39m
[31m+                 <div className="flex items-center justify-between gap-4">[39m
[31m+                   <div>[39m
[31m+                     <span className="block font-medium text-[#323130]">SAML SSO access gate</span>[39m
[31m+                     <p className="text-[12px] text-[#605e5c]">Redirect unauthenticated corporate domains to the unified identity provider (IdP).</p>[39m
[31m+                   </div>[39m
[31m+                   <button[39m
[31m+                     onClick={() => setSsoEnabled(!ssoEnabled)}[39m
[31m+                     className={`inline-flex h-8 items-center gap-1.5 rounded border px-2.5 text-[12px] font-medium ${[39m
[31m+                       ssoEnabled ? 'border-[#c8c6c4] bg-[#dff6dd] text-[#0e700e]' : 'border-[#c8c6c4] bg-[#f3f2f1] text-[#605e5c]'[39m
[31m+                     }`}[39m
[31m+                   >[39m
[31m+                     <span className={`h-1.5 w-1.5 rounded-full ${ssoEnabled ? 'bg-[#0e700e]' : 'bg-[#8a8886]'}`} />[39m
[31m+                     {ssoEnabled ? 'SSO active' : 'SSO inactive'}[39m
[31m+                   </button>[39m
[31m+                 </div>[39m
[31m+ [39m
[31m+                 <div className="grid grid-cols-1 gap-3 border-t border-[#e1dfdd] pt-3 md:grid-cols-2">[39m
[31m+                   <div>[39m
[31m+                     <label className="mb-1 block text-[12px] font-medium text-[#605e5c]">Corporate identity provider</label>[39m
[31m+                     <input[39m
[31m+                       type="text"[39m
[31m+                       value={ssoProvider}[39m
[31m+                       onChange={(e) => setSsoProvider(e.target.value)}[39m
[31m+                       className="h-9 w-full rounded border border-[#c8c6c4] px-2.5 text-[13px] focus:border-[#0f6cbd] focus:outline-none focus:ring-1 focus:ring-[#0f6cbd]"[39m
[31m+                     />[39m
[31m+                   </div>[39m
[31m+                   <div>[39m
[31m+                     <label className="mb-1 block text-[12px] font-medium text-[#605e5c]">Client ID / issuer URL</label>[39m
[31m+                     <input[39m
[31m+                       type="text"[39m
[31m+                       value={ssoClientId}[39m
[31m+                       onChange={(e) => setSsoClientId(e.target.value)}[39m
[31m+                       className="h-9 w-full rounded border border-[#c8c6c4] px-2.5 font-mono text-[13px] focus:border-[#0f6cbd] focus:outline-none focus:ring-1 focus:ring-[#0f6cbd]"[39m
[31m+                     />[39m
[31m+                   </div>[39m
[31m+                   <div className="md:col-span-2">[39m
[31m+                     <label className="mb-1 block text-[12px] font-medium text-[#605e5c]">SAML 2.0 metadata XML endpoint URL</label>[39m
[31m+                     <input[39m
[31m+                       type="text"[39m
[31m+                       value={ssoMetadataUrl}[39m
[31m+                       onChange={(e) => setSsoMetadataUrl(e.target.value)}[39m
[31m+                       className="h-9 w-full rounded border border-[#c8c6c4] px-2.5 font-mono text-[13px] focus:border-[#0f6cbd] focus:outline-none focus:ring-1 focus:ring-[#0f6cbd]"[39m
[31m+                     />[39m
[31m+                   </div>[39m
[31m+                 </div>[39m
[31m+               </div>[39m
[31m+             </div>[39m
[31m+ [39m
[31m+             {/* Active Sessions Monitoring Ledger */}[39m
[31m+             <div className="rounded-md border border-[#e1dfdd] bg-white p-4 space-y-3">[39m
[31m+               <h3 className="flex items-center justify-between border-b border-[#e1dfdd] pb-2 text-[14px] font-semibold text-[#201f1e]">[39m
[31m+                 <span className="flex items-center gap-1.5">[39m
[31m+                   <Lock className="h-4 w-4 text-[#0f6cbd]" />[39m
[31m+                   <span>Active operator sessions</span>[39m
[31m+                 </span>[39m
[31m+                 <span className="rounded border border-[#c8c6c4] bg-[#eff6fc] px-2 py-0.5 text-[12px] font-medium text-[#0f6cbd]">[39m
[31m+                   {sessions.length} active[39m
[31m+                 </span>[39m
[31m+               </h3>[39m
[31m+ [39m
[31m+               <div className="overflow-x-auto">[39m
[31m+                 <table className="w-full border-collapse text-left text-[13px]">[39m
[31m+                   <thead>[39m
[31m+                     <tr className="border-b border-[#e1dfdd] text-[11px] uppercase tracking-wide text-[#605e5c]">[39m
[31m+                       <th className="py-2 font-medium">User / identity</th>[39m
[31m+                       <th className="py-2 font-medium">IP address</th>[39m
[31m+                       <th className="py-2 font-medium">Device & location</th>[39m
[31m+                       <th className="py-2 text-right font-medium">Actions</th>[39m
[31m+                     </tr>[39m
[31m+                   </thead>[39m
[31m+                   <tbody>[39m
[31m+                     {sessions.map((sess) => ([39m
[31m+                       <tr key={sess.id} className="border-b border-[#f3f2f1] hover:bg-black/[.02]">[39m
[31m+                         <td className="py-2.5 pr-2 font-medium text-[#201f1e]">[39m
[31m+                           {sess.email}[39m
[31m+                           {sess.current && ([39m
[31m+                             <span className="ml-2 rounded border border-[#c8c6c4] bg-[#dff6dd] px-1.5 py-0.5 text-[11px] font-medium text-[#0e700e]">[39m
[31m+                               Current[39m
[31m+                             </span>[39m
[31m+                           )}[39m
[31m+                         </td>[39m
[31m+                         <td className="py-2.5 font-mono text-[#605e5c]">{sess.ip}</td>[39m
[31m+                         <td className="py-2.5 text-[#605e5c]">[39m
[31m+                           <span className="block">{sess.device}</span>[39m
[31m+                           <span className="text-[12px] text-[#8a8886]">{sess.location}</span>[39m
[31m+                         </td>[39m
[31m+                         <td className="py-2.5 text-right">[39m
[31m+                           {!sess.current && ([39m
[31m+                             <button[39m
[31m+                               onClick={() => handleRevokeSession(sess.id)}[39m
[31m+                               className="rounded p-1.5 text-[#a4262c] hover:bg-[#fdf2f2]"[39m
[31m+                               title="Revoke session and force termination"[39m
[31m+                             >[39m
[31m+                               <Trash2 className="h-3.5 w-3.5" />[39m
[31m+                             </button>[39m
[31m+                           )}[39m
[31m+                         </td>[39m
[31m+                       </tr>[39m
[31m+                     ))}[39m
[31m+                     {sessions.length === 0 && ([39m
[31m+                       <tr>[39m
[31m+                         <td colSpan={4} className="py-4 text-center text-[#8a8886]">[39m
[31m+                           No active sessions identified.[39m
[31m+                         </td>[39m
[31m+                       </tr>[39m
[31m+                     )}[39m
[31m+                   </tbody>[39m
[31m+                 </table>[39m
[31m+               </div>[39m
[31m+             </div>[39m
[31m+ [39m
[31m+             {/* Cryptographically Chained Audit Ledger visualization */}[39m
[31m+             <div className="rounded-md border border-[#e1dfdd] bg-white p-4 space-y-3">[39m
[31m+               <div className="flex items-center justify-between border-b border-[#e1dfdd] pb-2">[39m
[31m+                 <h3 className="flex items-center gap-1.5 text-[14px] font-semibold text-[#201f1e]">[39m
[31m+                   <FileCode className="h-4 w-4 text-[#0f6cbd]" />[39m
[31m+                   <span>Cryptographic audit ledger</span>[39m
[31m+                 </h3>[39m
[31m+                 <span className="inline-flex items-center gap-1.5 rounded border border-[#c8c6c4] bg-[#dff6dd] px-2 py-0.5 text-[12px] font-medium text-[#0e700e]">[39m
[31m+                   <span className="h-1.5 w-1.5 rounded-full bg-[#0e700e]" />[39m
[31m+                   Tamper-proof, SLA verified[39m
[31m+                 </span>[39m
[31m+               </div>[39m
[31m+ [39m
[31m+               <p className="text-[13px] text-[#605e5c]">[39m
[31m+                 Every critical login event and administrative action is recorded into a secure hash chain. Each block references the SHA-256 hash of its predecessor, creating an unalterable audit trail.[39m
[31m+               </p>[39m
[31m+ [39m
[31m+               {/* Integrity Scanner Trigger */}[39m
[31m+               <div className="flex flex-wrap items-center gap-2">[39m
[31m+                 <button[39m
[31m+                   type="button"[39m
[31m+                   onClick={handleVerifyLedger}[39m
[31m+                   disabled={verifyingLedger}[39m
[31m+                   className="inline-flex h-9 items-center gap-2 rounded bg-[#0f6cbd] px-3 text-[13px] font-medium text-white hover:bg-[#004578] disabled:opacity-60"[39m
[31m+                 >[39m
[31m+                   {verifyingLedger ? ([39m
[31m+                     <>[39m
[31m+                       <svg className="h-3.5 w-3.5 animate-spin text-white" fill="none" viewBox="0 0 24 24">[39m
[31m+                         <circle className="opacity-25" cx="12" cy="12" r="10" stroke="currentColor" strokeWidth="4" />[39m
[31m+                         <path className="opacity-75" fill="currentColor" d="M4 12a8 8 0 018-8V0C5.373 0 0 5.373 0 12h4zm2 5.291A7.962 7.962 0 014 12H0c0 3.042 1.135 5.824 3 7.938l3-2.647z" />[39m
[31m+                       </svg>[39m
[31m+                       <span>Verifying ledger…</span>[39m
[31m+                     </>[39m
[31m+                   ) : ([39m
[31m+                     <>[39m
[31m+                       <CheckCircle2 className="h-3.5 w-3.5" />[39m
[31m+                       <span>Verify chain integrity</span>[39m
[31m+                     </>[39m
[31m+                   )}[39m
[31m+                 </button>[39m
[31m+                 {verificationResult && ([39m
[31m+                   <button[39m
[31m+                     type="button"[39m
[31m+                     onClick={() => setVerificationResult(null)}[39m
[31m+                     className="inline-flex h-9 items-center rounded border border-[#c8c6c4] px-3 text-[13px] font-medium text-[#323130] hover:bg-black/[.03]"[39m
[31m+                   >[39m
[31m+                     Clear report[39m
[31m+                   </button>[39m
[31m+                 )}[39m
[31m+               </div>[39m
[31m+ [39m
[31m+               {/* Dynamic Verification Report */}[39m
[31m+               {verificationResult && ([39m
[31m+                 <div className={`space-y-2 rounded-md border p-3 text-[13px] ${[39m
[31m+                   verificationResult.isValid[39m
[31m+                     ? 'border-[#c8c6c4] bg-[#dff6dd] text-[#0e700e]'[39m
[31m+                     : 'border-[#c8c6c4] bg-[#fdf2f2] text-[#a4262c]'[39m
[31m+                 }`}>[39m
[31m+                   <div className="flex items-center justify-between">[39m
[31m+                     <span className="flex items-center gap-1.5 text-[12px] font-semibold uppercase tracking-wide">[39m
[31m+                       {verificationResult.isValid ? ([39m
[31m+                         <CheckCircle2 className="h-4 w-4 shrink-0" />[39m
[31m+                       ) : ([39m
[31m+                         <AlertCircle className="h-4 w-4 shrink-0" />[39m
[31m+                       )}[39m
[31m+                       <span>Ledger attestation report</span>[39m
[31m+                     </span>[39m
[31m+                     <span className="text-[11px] text-[#605e5c]">[39m
[31m+                       Verified at {new Date(verificationResult.verifiedAt).toLocaleTimeString()}[39m
[31m+                     </span>[39m
[31m+                   </div>[39m
[31m+                   <p className="text-[13px] leading-relaxed">[39m
[31m+                     {verificationResult.isValid[39m
[31m+                       ? `Checked sequential block hash connections across all ${verificationResult.totalBlocksVerified} audit ledger records. No database tampering, row injection, or signature modifications were identified.`[39m
[31m+                       : `Ledger validation check failed. Cryptographic hash mismatch or missing blocks. ${verificationResult.error || 'Please contact the system security administrator immediately.'}`}[39m
[31m+                   </p>[39m
[31m+ [39m
[31m+                   {/* Verified Blocks Scrollable List */}[39m
[31m+                   {verificationResult.details && verificationResult.details.length > 0 && ([39m
[31m+                     <div className="max-h-40 space-y-1.5 overflow-y-auto rounded border border-[#e1dfdd] bg-white p-2.5 font-mono text-[11px]">[39m
[31m+                       <div className="mb-1.5 border-b border-[#e1dfdd] pb-1 text-[11px] font-medium uppercase text-[#605e5c]">[39m
[31m+                         Cryptographic signatures checked[39m
[31m+                       </div>[39m
[31m+                       {verificationResult.details.map((vBlock: any, vIdx: number) => ([39m
[31m+                         <div key={vIdx} className="flex items-center justify-between gap-2">[39m
[31m+                           <div className="truncate text-[#605e5c]">[39m
[31m+                             Block #{vBlock.id} ({vBlock.action}):[39m
[31m+                             <span className="ml-1 select-all text-[#8a8886]">{vBlock.storedHash.substring(0, 16)}...</span>[39m
[31m+                           </div>[39m
[31m+                           <span className={`shrink-0 rounded px-1.5 py-0.5 text-[11px] font-medium ${[39m
[31m+                             vBlock.valid[39m
[31m+                               ? 'bg-[#dff6dd] text-[#0e700e]'[39m
[31m+                               : 'bg-[#fdf2f2] text-[#a4262c]'[39m
[31m+                           }`}>[39m
[31m+                             {vBlock.valid ? 'Verified' : 'Corrupt'}[39m
[31m+                           </span>[39m
[31m+                         </div>[39m
[31m+                       ))}[39m
[31m+                     </div>[39m
[31m+                   )}[39m
[31m+                 </div>[39m
[31m+               )}[39m
[31m+ [39m
[31m+               <div className="space-y-2">[39m
[31m+                 {auditChain.length === 0 && <p className="text-[13px] text-[#8a8886]">No audit events recorded yet.</p>}[39m
[31m+                 {auditChain.slice(0, 3).map((blockObj, idx) => ([39m
[31m+                   <div key={idx} className="relative space-y-1 rounded-md border border-[#e1dfdd] bg-[#faf9f8] p-3 font-mono text-[11px] text-[#605e5c]">[39m
[31m+                     <div className="absolute right-2 top-2 rounded bg-[#f3f2f1] px-1.5 py-0.5 text-[11px] font-medium text-[#605e5c]">[39m
[31m+                       Block #{auditChain.length - 1 - idx}[39m
[31m+                     </div>[39m
[31m+                     <div className="flex gap-2">[39m
[31m+                       <span className="font-medium uppercase text-[#0f6cbd]">Event:</span>[39m
[31m+                       <span className="font-medium text-[#201f1e]">[39m
[31m+                         {blockObj.block?.actionType || blockObj.block?.action || 'Genesis node initiated'}[39m
[31m+                       </span>[39m
[31m+                     </div>[39m
[31m+                     {blockObj.block?.userEmail && ([39m
[31m+                       <div className="flex gap-2">[39m
[31m+                         <span className="text-[#8a8886]">Identity:</span>[39m
[31m+                         <span className="font-medium text-[#323130]">{blockObj.block?.userEmail}</span>[39m
[31m+                       </div>[39m
[31m+                     )}[39m
[31m+                     <div className="space-y-0.5">[39m
[31m+                       <div className="flex gap-2 truncate">[39m
[31m+                         <span className="shrink-0 font-medium uppercase text-[#8a8886]">Block hash:</span>[39m
[31m+                         <span className="select-all truncate text-[#0f6cbd]">{blockObj.hash}</span>[39m
[31m+                       </div>[39m
[31m+                       <div className="flex gap-2 truncate">[39m
[31m+                         <span className="shrink-0 uppercase text-[#8a8886]">Prev hash:</span>[39m
[31m+                         <span className="select-all truncate text-[#605e5c]">{blockObj.previousHash}</span>[39m
[31m+                       </div>[39m
[31m+                     </div>[39m
[31m+                   </div>[39m
[31m+                 ))}[39m
[31m+               </div>[39m
[31m+             </div>[39m
[31m+ [39m
[31m+             {/* Security Credentials settings */}[39m
[31m+             <div className="rounded-md border border-[#e1dfdd] bg-white p-4 space-y-3">[39m
[31m+               <h3 className="flex items-center gap-1.5 border-b border-[#e1dfdd] pb-2 text-[14px] font-semibold text-[#201f1e]">[39m
[31m+                 <KeyRound className="h-4 w-4 text-[#0f6cbd]" />[39m
[31m+                 <span>Operator authentication & security keys</span>[39m
[31m+               </h3>[39m
[31m+ [39m
[31m+               <div className="space-y-3 text-[13px]">[39m
[31m+                 <div className="flex items-center justify-between gap-4">[39m
[31m+                   <div>[39m
[31m+                     <span className="block font-medium text-[#323130]">Enforce multi-factor authentication (MFA)</span>[39m
[31m+                     <p className="text-[12px] text-[#605e5c]">All MSP users must provide TOTP codes on logon.</p>[39m
[31m+                   </div>[39m
[31m+                   <button[39m
[31m+                     onClick={() => setMfaEnabled(!mfaEnabled)}[39m
[31m+                     className={`inline-flex h-8 items-center gap-1.5 rounded border px-2.5 text-[12px] font-medium ${[39m
[31m+                       mfaEnabled ? 'border-[#c8c6c4] bg-[#dff6dd] text-[#0e700e]' : 'border-[#c8c6c4] bg-[#f3f2f1] text-[#605e5c]'[39m
[31m+                     }`}[39m
[31m+                   >[39m
[31m+                     <span className={`h-1.5 w-1.5 rounded-full ${mfaEnabled ? 'bg-[#0e700e]' : 'bg-[#8a8886]'}`} />[39m
[31m+                     {mfaEnabled ? 'MFA enabled' : 'MFA disabled'}[39m
[31m+                   </button>[39m
[31m+                 </div>[39m
[31m+ [39m
[31m+                 <div className="flex items-center justify-between gap-4 border-t border-[#e1dfdd] pt-3">[39m
[31m+                   <div>[39m
[31m+                     <span className="block font-medium text-[#323130]">Cryptographic PGP auditing key (private)</span>[39m
[31m+                     <p className="text-[12px] text-[#605e5c]">Used for signing generated software passports and audit attestations.</p>[39m
[31m+                   </div>[39m
[31m+                   <button className="inline-flex h-8 items-center rounded border border-[#c8c6c4] px-3 text-[13px] font-medium text-[#323130] hover:bg-black/[.03]">[39m
[31m+                     Regenerate sign key[39m
[31m+                   </button>[39m
[31m+                 </div>[39m
[31m+ [39m
[31m+                 <div className="flex items-center justify-between gap-4 rounded-md border border-[#a4262c]/30 bg-[#fdf2f2] p-3">[39m
[31m+                   <div>[39m
[31m+                     <span className="flex items-center gap-1.5 font-semibold text-[#a4262c]">[39m
[31m+                       <Shield className="h-3.5 w-3.5" /> Tenant offboarding & data deletion (DPA compliance)[39m
[31m+                     </span>[39m
[31m+                     <p className="mt-1 text-[12px] text-[#605e5c]">[39m
[31m+                       Cascading-delete all client lists, passports, vulnerability logs, and active integrations. This action is immediate and irreversible under GDPR/DPA compliance standards.[39m
[31m+                     </p>[39m
[31m+                   </div>[39m
[31m+                   <button[39m
[31m+                     onClick={handleOffboardTenant}[39m
[31m+                     disabled={!isOwner || offboarding}[39m
[31m+                     title={!isOwner ? `Your ${currentRole} role cannot offboard this workspace. Owner is required.` : undefined}[39m
[31m+                     className="inline-flex h-9 shrink-0 items-center rounded bg-[#a4262c] px-3 text-[13px] font-medium text-white hover:bg-[#8a1f24] disabled:cursor-not-allowed disabled:opacity-50"[39m
[31m+                   >[39m
[31m+                     {offboarding ? 'Purging…' : 'Offboard workspace'}[39m
[31m+                   </button>[39m
[31m+                 </div>[39m
[31m+               </div>[39m
[31m+             </div>[39m
[31m+ [39m
[31m+             <div className="flex items-center justify-end gap-3">[39m
[31m+               {saveSuccess && ([39m
[31m+                 <span className="flex items-center gap-1.5 text-[12px] font-medium text-[#8a5700]">[39m
[31m+                   <CheckCircle className="h-3.5 w-3.5" />[39m
[31m+                   <span>Not saved to a server — these fields are local to this browser session only.</span>[39m
[31m+                 </span>[39m
[31m+               )}[39m
[31m+               <button[39m
[31m+                 onClick={handleSaveSettings}[39m
[31m+                 title="These settings are not persisted to a backend yet."[39m
[31m+                 className="inline-flex h-9 items-center rounded bg-[#0f6cbd] px-4 text-[13px] font-medium text-white hover:bg-[#004578]"[39m
[31m+               >[39m
[31m+                 Save platform settings[39m
[31m+               </button>[39m
[31m+             </div>[39m
[31m+           </div>[39m
[31m+ [39m
[31m+           {/* Right Column: Information panel & Live CI/CD Diagnostics */}[39m
[31m+           <div className="space-y-4">[39m
[31m+ [39m
[31m+             {/* Active Login Audit Trail Panel */}[39m
[31m+             <div className="rounded-md border border-[#e1dfdd] bg-white p-4 space-y-3">[39m
[31m+               <h3 className="flex items-center gap-1.5 border-b border-[#e1dfdd] pb-2 text-[14px] font-semibold text-[#201f1e]">[39m
[31m+                 <Fingerprint className="h-4 w-4 text-[#0f6cbd]" />[39m
[31m+                 <span>Real-time login audit trail</span>[39m
[31m+               </h3>[39m
[31m+ [39m
[31m+               <div className="max-h-72 space-y-2 overflow-y-auto">[39m
[31m+                 {history.map((log) => ([39m
[31m+                   <div key={log.id} className="space-y-1 rounded-md border border-[#e1dfdd] bg-[#faf9f8] p-2.5 text-[12px]">[39m
[31m+                     <div className="flex items-center justify-between">[39m
[31m+                       <span className="max-w-36 truncate font-medium text-[#323130]">{log.email}</span>[39m
[31m+                       <span className={`rounded px-1.5 py-0.5 text-[11px] font-medium ${[39m
[31m+                         log.status === 'Verified' ? 'bg-[#dff6dd] text-[#0e700e]' : 'bg-[#fdf2f2] text-[#a4262c]'[39m
[31m+                       }`}>[39m
[31m+                         {log.status}[39m
[31m+                       </span>[39m
[31m+                     </div>[39m
[31m+                     <div className="text-[#605e5c]">[39m
[31m+                       <span className="block">{log.action}</span>[39m
[31m+                       <span className="mt-0.5 block text-[11px] text-[#8a8886]">{new Date(log.timestamp).toLocaleString()}</span>[39m
[31m+                     </div>[39m
[31m+                     <div className="flex justify-between border-t border-[#e1dfdd] pt-1 text-[11px] text-[#8a8886]">[39m
[31m+                       <span>IP: {log.ip}</span>[39m
[31m+                       <span>Loc: {log.location}</span>[39m
[31m+                     </div>[39m
[31m+                   </div>[39m
[31m+                 ))}[39m
[31m+                 {history.length === 0 && ([39m
[31m+                   <p className="py-4 text-center text-[13px] text-[#8a8886]">No audit logs identified.</p>[39m
[31m+                 )}[39m
[31m+               </div>[39m
[31m+             </div>[39m
[31m+ [39m
[31m+             <div className="rounded-md border border-[#e1dfdd] bg-white p-4 space-y-3">[39m
[31m+               <h3 className="flex items-center gap-1.5 border-b border-[#e1dfdd] pb-2 text-[14px] font-semibold text-[#201f1e]">[39m
[31m+                 <Shield className="h-4 w-4 text-[#8a8886]" />[39m
[31m+                 <span>Platform pedigree coordinates</span>[39m
[31m+               </h3>[39m
[31m+ [39m
[31m+               <div className="space-y-2 text-[13px] text-[#605e5c]">[39m
[31m+                 <div className="flex justify-between border-b border-[#f3f2f1] pb-1.5">[39m
[31m+                   <span>Portal service</span>[39m
[31m+                   <span className="font-medium text-[#323130]">SPR-CORE-VM</span>[39m
[31m+                 </div>[39m
[31m+                 <div className="flex justify-between border-b border-[#f3f2f1] pb-1.5">[39m
[31m+                   <span>Compilation</span>[39m
[31m+                   <span className="font-medium text-[#323130]">Docker prod v2.4</span>[39m
[31m+                 </div>[39m
[31m+                 <div className="flex justify-between pb-1.5">[39m
[31m+                   <span>SLA compliance</span>[39m
[31m+                   <span className="font-medium text-[#0e700e]">99.98%</span>[39m
[31m+                 </div>[39m
[31m+               </div>[39m
[31m+             </div>[39m
[31m+ [39m
[31m+             <div className="rounded-md border border-[#e1dfdd] bg-white p-4 space-y-3">[39m
[31m+               <h3 className="flex items-center gap-1.5 border-b border-[#e1dfdd] pb-2 text-[14px] font-semibold text-[#201f1e]">[39m
[31m+                 <CheckCircle className="h-4 w-4 text-[#0e700e]" />[39m
[31m+                 <span>Readiness diagnostics</span>[39m
[31m+               </h3>[39m
[31m+               <p className="text-[13px] text-[#605e5c]">[39m
[31m+                 Checks live database connectivity via the same /api/ready probe an orchestrator uses. This does not verify row-level isolation, OAuth handshakes, or API quota — those have no self-check endpoint yet.[39m
[31m+               </p>[39m
[31m+ [39m
[31m+               <button[39m
[31m+                 onClick={runDiagnosticSuite}[39m
[31m+                 disabled={testing}[39m
[31m+                 className="h-9 w-full rounded border border-[#c8c6c4] text-[13px] font-medium text-[#323130] hover:bg-black/[.03] disabled:opacity-60"[39m
[31m+               >[39m
[31m+                 {testing ? 'Checking…' : 'Check readiness'}[39m
[31m+               </button>[39m
[31m+ [39m
[31m+               {testResults.length > 0 && ([39m
[31m+                 <div className="space-y-2 border-t border-[#e1dfdd] pt-2">[39m
[31m+                   {testResults.map((t: any, idx: number) => ([39m
[31m+                     <div key={idx} className="space-y-0.5 text-[12px]">[39m
[31m+                       <div className="flex items-center justify-between">[39m
[31m+                         <span className="font-medium text-[#323130]">{t.name}</span>[39m
[31m+                         <span className={`rounded px-1.5 py-0.5 text-[11px] font-medium ${[39m
[31m+                           t.status === 'PASS' ? 'bg-[#dff6dd] text-[#0e700e]' : 'bg-[#fdf2f2] text-[#a4262c]'[39m
[31m+                         }`}>[39m
[31m+                           {t.status}[39m
[31m+                         </span>[39m
[31m+                       </div>[39m
[31m+                       <p className="leading-snug text-[#605e5c]">{t.details}</p>[39m
[31m+                     </div>[39m
[31m+                   ))}[39m
[31m+                 </div>[39m
[31m+               )}[39m
[31m+             </div>[39m
[31m+           </div>[39m
[31m+         </div>[39m
[31m+       ) : activeSubTab === 'organization' ? ([39m
[31m+         <div className="grid grid-cols-1 lg:grid-cols-3 gap-4">[39m
[31m+           {/* Profile Management Section */}[39m
[31m+           <div className="lg:col-span-1 space-y-4">[39m
[31m+             <div className="rounded-md border border-[#e1dfdd] bg-white p-4 space-y-3">[39m
[31m+               <h3 className="flex items-center gap-1.5 border-b border-[#e1dfdd] pb-2 text-[14px] font-semibold text-[#201f1e]">[39m
[31m+                 <Sliders className="h-4 w-4 text-[#0f6cbd]" />[39m
[31m+                 <span>User profile credentials</span>[39m
[31m+               </h3>[39m
[31m+ [39m
[31m+               {teamError && ([39m
[31m+                 <div className="flex gap-2 rounded-md border border-[#a4262c]/30 bg-[#fdf2f2] p-3 text-[13px] text-[#a4262c]">[39m
[31m+                   <ShieldAlert className="h-3.5 w-3.5 shrink-0" />[39m
[31m+                   <p>{teamError}</p>[39m
[31m+                 </div>[39m
[31m+               )}[39m
[31m+ [39m
[31m+               {teamSuccess && ([39m
[31m+                 <div className="flex gap-2 rounded-md border border-[#0e700e]/30 bg-[#dff6dd] p-3 text-[13px] text-[#0e700e]">[39m
[31m+                   <CheckCircle2 className="h-3.5 w-3.5 shrink-0" />[39m
[31m+                   <p>{teamSuccess}</p>[39m
[31m+                 </div>[39m
[31m+               )}[39m
[31m+ [39m
[31m+               {editingProfile ? ([39m
[31m+                 <form onSubmit={handleSaveProfile} className="space-y-3">[39m
[31m+                   <div className="flex flex-col gap-1">[39m
[31m+                     <label className="text-[12px] font-medium text-[#605e5c]">Display name</label>[39m
[31m+                     <input[39m
[31m+                       type="text"[39m
[31m+                       required[39m
[31m+                       value={profileName}[39m
[31m+                       onChange={(e) => setProfileName(e.target.value)}[39m
[31m+                       className="h-9 w-full rounded border border-[#c8c6c4] px-2.5 text-[13px] focus:border-[#0f6cbd] focus:outline-none focus:ring-1 focus:ring-[#0f6cbd]"[39m
[31m+                     />[39m
[31m+                   </div>[39m
[31m+ [39m
[31m+                   <div className="flex flex-col gap-1">[39m
[31m+                     <label className="text-[12px] font-medium text-[#605e5c]">Corporate job title</label>[39m
[31m+                     <input[39m
[31m+                       type="text"[39m
[31m+                       required[39m
[31m+                       value={profileJobTitle}[39m
[31m+                       onChange={(e) => setProfileJobTitle(e.target.value)}[39m
[31m+                       className="h-9 w-full rounded border border-[#c8c6c4] px-2.5 text-[13px] focus:border-[#0f6cbd] focus:outline-none focus:ring-1 focus:ring-[#0f6cbd]"[39m
[31m+                     />[39m
[31m+                   </div>[39m
[31m+ [39m
[31m+                   <div className="flex flex-col gap-1">[39m
[31m+                     <label className="text-[12px] font-medium text-[#605e5c]">Organization name</label>[39m
[31m+                     <input[39m
[31m+                       type="text"[39m
[31m+                       required[39m
[31m+                       value={profileCompany}[39m
[31m+                       onChange={(e) => setProfileCompany(e.target.value)}[39m
[31m+                       className="h-9 w-full rounded border border-[#c8c6c4] px-2.5 text-[13px] focus:border-[#0f6cbd] focus:outline-none focus:ring-1 focus:ring-[#0f6cbd]"[39m
[31m+                     />[39m
[31m+                   </div>[39m
[31m+ [39m
[31m+                   <div className="flex justify-end gap-2 pt-1">[39m
[31m+                     <button[39m
[31m+                       type="button"[39m
[31m+                       onClick={() => setEditingProfile(false)}[39m
[31m+                       className="inline-flex h-9 items-center rounded border border-[#c8c6c4] px-3 text-[13px] font-medium text-[#323130] hover:bg-black/[.03]"[39m
[31m+                     >[39m
[31m+                       Cancel[39m
[31m+                     </button>[39m
[31m+                     <button[39m
[31m+                       type="submit"[39m
[31m+                       className="inline-flex h-9 items-center rounded bg-[#0f6cbd] px-3 text-[13px] font-medium text-white hover:bg-[#004578]"[39m
[31m+                     >[39m
[31m+                       Save profile[39m
[31m+                     </button>[39m
[31m+                   </div>[39m
[31m+                 </form>[39m
[31m+               ) : ([39m
[31m+                 <div className="space-y-3">[39m
[31m+                   <div className="flex items-center gap-3">[39m
[31m+                     <div className="flex h-11 w-11 items-center justify-center rounded-full border border-[#c8c6c4] bg-[#eff6fc] text-[15px] font-semibold text-[#0f6cbd]">[39m
[31m+                       {profileName ? profileName.substring(0, 2).toUpperCase() : 'U'}[39m
[31m+                     </div>[39m
[31m+                     <div>[39m
[31m+                       <h4 className="text-[14px] font-semibold text-[#201f1e]">[39m
[31m+                         {profileName || 'Active Operator'}[39m
[31m+                       </h4>[39m
[31m+                       <p className="mt-0.5 text-[12px] text-[#605e5c]">[39m
[31m+                         {profileJobTitle || 'Workspace Administrator'}[39m
[31m+                       </p>[39m
[31m+                     </div>[39m
[31m+                   </div>[39m
[31m+ [39m
[31m+                   <div className="space-y-1.5 border-t border-[#e1dfdd] pt-3 text-[12px] text-[#605e5c]">[39m
[31m+                     <div className="flex justify-between">[39m
[31m+                       <span>Email identifier</span>[39m
[31m+                       <span className="select-all font-medium text-[#201f1e]">{profile?.email || 'N/A'}</span>[39m
[31m+                     </div>[39m
[31m+                     <div className="flex justify-between">[39m
[31m+                       <span>Active tenant ID</span>[39m
[31m+                       <span className="select-all">{profile?.tenantId || 'global'}</span>[39m
[31m+                     </div>[39m
[31m+                     <div className="flex justify-between">[39m
[31m+                       <span>MSP workspace</span>[39m
[31m+                       <span className="font-medium text-[#201f1e]">{profile?.companyName || 'Not defined'}</span>[39m
[31m+                     </div>[39m
[31m+                   </div>[39m
[31m+ [39m
[31m+                   <button[39m
[31m+                     type="button"[39m
[31m+                     onClick={() => {[39m
[31m+                       setProfileName(profile?.displayName || '');[39m
[31m+                       setProfileJobTitle(profile?.roleTitle || '');[39m
[31m+                       setProfileCompany(profile?.companyName || '');[39m
[31m+                       setEditingProfile(true);[39m
[31m+                     }}[39m
[31m+                     className="h-9 w-full rounded border border-[#c8c6c4] text-[13px] font-medium text-[#323130] hover:bg-black/[.03]"[39m
[31m+                   >[39m
[31m+                     Edit profile details[39m
[31m+                   </button>[39m
[31m+                 </div>[39m
[31m+               )}[39m
[31m+             </div>[39m
[31m+ [39m
[31m+             <div className="rounded-md border border-[#e1dfdd] bg-[#faf9f8] p-4 space-y-2">[39m
[31m+               <h4 className="text-[12px] font-semibold uppercase tracking-wide text-[#605e5c]">[39m
[31m+                 Authorized role hierarchy[39m
[31m+               </h4>[39m
[31m+               <p className="text-[12px] leading-relaxed text-[#605e5c]">[39m
[31m+                 RBAC enforces strict isolation gates. Permissions cascade in order: <strong className="text-[#323130]">Owner &gt; Admin &gt; Technician &gt; Viewer &gt; Client</strong>. Modifying team permissions automatically triggers a cryptographic token invalidation audit block.[39m
[31m+               </p>[39m
[31m+             </div>[39m
[31m+           </div>[39m
[31m+ [39m
[31m+           {/* Organization & Team Access List Section */}[39m
[31m+           <div className="lg:col-span-2 space-y-4">[39m
[31m+             {/* Invite form card */}[39m
[31m+             <div className="rounded-md border border-[#e1dfdd] bg-white p-4 space-y-3">[39m
[31m+               <h3 className="flex items-center gap-1.5 border-b border-[#e1dfdd] pb-2 text-[14px] font-semibold text-[#201f1e]">[39m
[31m+                 <PlusCircle className="h-4 w-4 text-[#0f6cbd]" />[39m
[31m+                 <span>Invite new MSP team member</span>[39m
[31m+               </h3>[39m
[31m+ [39m
[31m+               <form onSubmit={handleInviteMember} className="flex flex-col gap-3 md:flex-row md:items-end">[39m
[31m+                 <div className="flex flex-1 flex-col gap-1">[39m
[31m+                   <label className="text-[12px] font-medium text-[#605e5c]">[39m
[31m+                     Email address[39m
[31m+                   </label>[39m
[31m+                   <input[39m
[31m+                     type="email"[39m
[31m+                     required[39m
[31m+                     placeholder="e.g. associate@company.com"[39m
[31m+                     value={inviteEmail}[39m
[31m+                     onChange={(e) => setInviteEmail(e.target.value)}[39m
[31m+                     className="h-9 w-full rounded border border-[#c8c6c4] px-2.5 text-[13px] focus:border-[#0f6cbd] focus:outline-none focus:ring-1 focus:ring-[#0f6cbd]"[39m
[31m+                   />[39m
[31m+                 </div>[39m
[31m+ [39m
[31m+                 <div className="flex w-full flex-col gap-1 md:w-44">[39m
[31m+                   <label className="text-[12px] font-medium text-[#605e5c]">[39m
[31m+                     Security role[39m
[31m+                   </label>[39m
[31m+                   <select[39m
[31m+                     value={inviteRole}[39m
[31m+                     onChange={(e) => setInviteRole(e.target.value)}[39m
[31m+                     className="h-9 w-full rounded border border-[#c8c6c4] px-2.5 text-[13px] focus:border-[#0f6cbd] focus:outline-none focus:ring-1 focus:ring-[#0f6cbd]"[39m
[31m+                   >[39m
[31m+                     <option value="Admin">Admin</option>[39m
[31m+                     <option value="Technician">Technician</option>[39m
[31m+                     <option value="Viewer">Viewer</option>[39m
[31m+                     <option value="Client">Client</option>[39m
[31m+                   </select>[39m
[31m+                 </div>[39m
[31m+ [39m
[31m+                 <button[39m
[31m+                   type="submit"[39m
[31m+                   disabled={!canManageTeam}[39m
[31m+                   title={!canManageTeam ? `Your ${currentRole} role cannot invite team members.` : undefined}[39m
[31m+                   className="inline-flex h-9 shrink-0 items-center rounded bg-[#0f6cbd] px-4 text-[13px] font-medium text-white hover:bg-[#004578] disabled:cursor-not-allowed disabled:opacity-50"[39m
[31m+                 >[39m
[31m+                   Send invitation[39m
[31m+                 </button>[39m
[31m+               </form>[39m
[31m+               {!canManageTeam && <p className="text-[12px] text-[#8a5700]">Your {currentRole} role has read-only team access.</p>}[39m
[31m+             </div>[39m
[31m+ [39m
[31m+             {/* Team Members List Card */}[39m
[31m+             <div className="rounded-md border border-[#e1dfdd] bg-white p-4 space-y-3">[39m
[31m+               <h3 className="flex items-center justify-between border-b border-[#e1dfdd] pb-2 text-[14px] font-semibold text-[#201f1e]">[39m
[31m+                 <span className="flex items-center gap-1.5">[39m
[31m+                   <Lock className="h-4 w-4 text-[#0f6cbd]" />[39m
[31m+                   <span>Workspace associates</span>[39m
[31m+                 </span>[39m
[31m+                 <span className="rounded border border-[#c8c6c4] bg-[#eff6fc] px-2 py-0.5 text-[12px] font-medium text-[#0f6cbd]">[39m
[31m+                   {teamMembers.length} registered[39m
[31m+                 </span>[39m
[31m+               </h3>[39m
[31m+ [39m
[31m+               <div className="overflow-x-auto">[39m
[31m+                 <table className="w-full border-collapse text-left text-[13px]">[39m
[31m+                   <thead>[39m
[31m+                     <tr className="border-b border-[#e1dfdd] text-[11px] uppercase tracking-wide text-[#605e5c]">[39m
[31m+                       <th className="py-2 font-medium">User details</th>[39m
[31m+                       <th className="py-2 font-medium">Authority role</th>[39m
[31m+                       <th className="py-2 text-right font-medium">Actions</th>[39m
[31m+                     </tr>[39m
[31m+                   </thead>[39m
[31m+                   <tbody>[39m
[31m+                     {teamMembers.map((member) => ([39m
[31m+                       <tr key={member.id} className="border-b border-[#f3f2f1] hover:bg-black/[.02]">[39m
[31m+                         <td className="py-2.5 pr-3">[39m
[31m+                           <div className="flex items-center gap-2.5">[39m
[31m+                             <div className="flex h-8 w-8 shrink-0 items-center justify-center rounded-full border border-[#c8c6c4] bg-[#f3f2f1] text-[12px] font-semibold text-[#605e5c]">[39m
[31m+                               {member.displayName ? member.displayName.substring(0, 2).toUpperCase() : member.email.substring(0, 2).toUpperCase()}[39m
[31m+                             </div>[39m
[31m+                             <div>[39m
[31m+                               <span className="block font-medium text-[#201f1e]">[39m
[31m+                                 {member.displayName || 'Pending registration'}[39m
[31m+                               </span>[39m
[31m+                               <span className="block select-all text-[12px] text-[#8a8886]">[39m
[31m+                                 {member.email}[39m
[31m+                               </span>[39m
[31m+                             </div>[39m
[31m+                           </div>[39m
[31m+                         </td>[39m
[31m+                         <td className="py-2.5">[39m
[31m+                           {member.role === 'Owner' ? ([39m
[31m+                             <span className="rounded border border-[#c8c6c4] bg-[#eff6fc] px-2 py-0.5 text-[12px] font-medium text-[#0f6cbd]">[39m
[31m+                               Owner (root)[39m
[31m+                             </span>[39m
[31m+                           ) : ([39m
[31m+                             <select[39m
[31m+                               value={member.role}[39m
[31m+                               disabled={!canManageTeam}[39m
[31m+                               title={!canManageTeam ? `Your ${currentRole} role cannot change roles.` : undefined}[39m
[31m+                               onChange={(e) => handleUpdateMemberRole(member.id, e.target.value)}[39m
[31m+                               className="rounded border border-[#c8c6c4] p-1 text-[12px] text-[#323130] focus:border-[#0f6cbd] focus:outline-none disabled:cursor-not-allowed disabled:opacity-50"[39m
[31m+                             >[39m
[31m+                               <option value="Admin">Admin</option>[39m
[31m+                               <option value="Technician">Technician</option>[39m
[31m+                               <option value="Viewer">Viewer</option>[39m
[31m+                               <option value="Client">Client</option>[39m
[31m+                             </select>[39m
[31m+                           )}[39m
[31m+                         </td>[39m
[31m+                         <td className="py-2.5 text-right">[39m
[31m+                           {member.role !== 'Owner' && member.id !== profile?.id && canManageTeam && ([39m
[31m+                             <button[39m
[31m+                               onClick={() => handleRemoveMember(member.id)}[39m
[31m+                               className="rounded border border-[#a4262c]/30 px-2.5 py-1 text-[12px] font-medium text-[#a4262c] hover:bg-[#fdf2f2]"[39m
[31m+                             >[39m
[31m+                               Revoke access[39m
[31m+                             </button>[39m
[31m+                           )}[39m
[31m+                         </td>[39m
[31m+                       </tr>[39m
[31m+                     ))}[39m
[31m+                     {teamMembers.length === 0 && ([39m
[31m+                       <tr>[39m
[31m+                         <td colSpan={3} className="py-6 text-center text-[#8a8886]">[39m
[31m+                           {loadingTeam ? 'Securing team data…' : 'No other associates mapped to this workspace.'}[39m
[31m+                         </td>[39m
[31m+                       </tr>[39m
[31m+                     )}[39m
[31m+                   </tbody>[39m
[31m+                 </table>[39m
[31m+               </div>[39m
[31m+             </div>[39m
[31m+           </div>[39m
[31m+         </div>[39m
[31m+       ) : ([39m
[31m+         <div className="space-y-4" id="product-master-bible-container">[39m
[31m+           {/* Welcome Alert / Info Bar */}[39m
[31m+           <details className="rounded-md border border-[#e1dfdd] bg-[#faf9f8] text-[13px]">[39m
[31m+             <summary className="cursor-pointer select-none px-3 py-2 font-medium text-[#323130]">What is this? &middot; How the Master Bible works</summary>[39m
[31m+             <div className="px-3 pb-3 text-[#605e5c]">[39m
[31m+               <p>The Master Bible defines standard secure baseline versions, permitted/copyleft licenses, risk classifications, and operational NIST/ISO security safeguard guidelines. Ingested software passports are checked against these standards to prevent compliance violations.</p>[39m
[31m+               <ol className="mt-1.5 list-decimal space-y-0.5 pl-4">[39m
[31m+                 <li>Policy reference: NIST SP 800-53 r5.</li>[39m
[31m+                 <li>Legal stance: SSPL/AGPL copyleft blocked.</li>[39m
[31m+                 <li>Baseline updates: automated daily RSS synchronizations.</li>[39m
[31m+               </ol>[39m
[31m+             </div>[39m
[31m+           </details>[39m
[31m+ [39m
[31m+           {/* Grid Layout: Left Column = Product Bible Directory, Right Column = Selected Specifications & Sandbox Compliance Auditor */}[39m
[31m+           <div className="grid grid-cols-1 lg:grid-cols-3 gap-4">[39m
[31m+ [39m
[31m+             {/* Left Column: List of Products with Search & Add option */}[39m
[31m+             <div className="lg:col-span-1 space-y-3">[39m
[31m+               <div className="rounded-md border border-[#e1dfdd] bg-white p-4 space-y-3">[39m
[31m+                 <div className="flex items-center justify-between">[39m
[31m+                   <div>[39m
[31m+                     <h4 className="text-[14px] font-semibold text-[#201f1e]">Product Bible index</h4>[39m
[31m+                     <p className="text-[12px] text-[#605e5c]">Index of certified system components</p>[39m
[31m+                   </div>[39m
[31m+                   <button[39m
[31m+                     onClick={() => setShowAddBibleProduct(!showAddBibleProduct)}[39m
[31m+                     className="inline-flex items-center gap-1 rounded border border-[#c8c6c4] px-2.5 py-1.5 text-[12px] font-medium text-[#323130] hover:bg-black/[.03]"[39m
[31m+                     title="Register a new software specification"[39m
[31m+                   >[39m
[31m+                     <PlusCircle className="h-3.5 w-3.5" />[39m
[31m+                     <span>Register</span>[39m
[31m+                   </button>[39m
[31m+                 </div>[39m
[31m+ [39m
[31m+                 {/* Quick Search & Filter */}[39m
[31m+                 <div className="space-y-2">[39m
[31m+                   <div className="flex h-9 items-center gap-2 rounded border border-[#c8c6c4] px-2.5 focus-within:border-[#0f6cbd] focus-within:ring-1 focus-within:ring-[#0f6cbd]">[39m
[31m+                     <Search className="h-3.5 w-3.5 text-[#8a8886]" />[39m
[31m+                     <input[39m
[31m+                       type="text"[39m
[31m+                       placeholder="Search specifications..."[39m
[31m+                       value={bibleSearchQuery}[39m
[31m+                       onChange={(e) => setBibleSearchQuery(e.target.value)}[39m
[31m+                       className="w-full bg-transparent text-[13px] text-[#323130] focus:outline-none"[39m
[31m+                     />[39m
[31m+                   </div>[39m
[31m+ [39m
[31m+                   <div className="flex items-center justify-between pt-1 text-[12px] text-[#605e5c]">[39m
[31m+                     <span>Risk filter</span>[39m
[31m+                     <div className="flex gap-1">[39m
[31m+                       {['all', 'low', 'medium', 'high'].map(r => ([39m
[31m+                         <button[39m
[31m+                           key={r}[39m
[31m+                           onClick={() => setBibleFilterRisk(r)}[39m
[31m+                           className={`rounded px-1.5 py-0.5 capitalize ${[39m
[31m+                             bibleFilterRisk === r[39m
[31m+                               ? 'bg-[#eff6fc] font-medium text-[#0f6cbd]'[39m
[31m+                               : 'hover:text-[#323130]'[39m
[31m+                           }`}[39m
[31m+                         >[39m
[31m+                           {r}[39m
[31m+                         </button>[39m
[31m+                       ))}[39m
[31m+                     </div>[39m
[31m+                   </div>[39m
[31m+                 </div>[39m
[31m+ [39m
[31m+                 {/* Add New Specification Form Block */}[39m
[31m+                 {showAddBibleProduct && ([39m
[31m+                   <form onSubmit={handleAddBibleProduct} className="space-y-3 rounded-md border border-[#e1dfdd] bg-[#faf9f8] p-3 text-[13px]">[39m
[31m+                     <h5 className="text-[13px] font-semibold text-[#201f1e]">New standard specification registration</h5>[39m
[31m+ [39m
[31m+                     <div>[39m
[31m+                       <label className="mb-1 block text-[12px] font-medium text-[#605e5c]">Product / package name</label>[39m
[31m+                       <input[39m
[31m+                         type="text"[39m
[31m+                         placeholder="e.g. Apache Kafka"[39m
[31m+                         required[39m
[31m+                         value={newBpName}[39m
[31m+                         onChange={(e) => setNewBpName(e.target.value)}[39m
[31m+                         className="h-9 w-full rounded border border-[#c8c6c4] bg-white px-2.5 text-[13px] focus:border-[#0f6cbd] focus:outline-none focus:ring-1 focus:ring-[#0f6cbd]"[39m
[31m+                       />[39m
[31m+                     </div>[39m
[31m+ [39m
[31m+                     <div className="grid grid-cols-2 gap-2">[39m
[31m+                       <div>[39m
[31m+                         <label className="mb-1 block text-[12px] font-medium text-[#605e5c]">Class type</label>[39m
[31m+                         <select[39m
[31m+                           value={newBpType}[39m
[31m+                           onChange={(e) => setNewBpType(e.target.value)}[39m
[31m+                           className="h-9 w-full rounded border border-[#c8c6c4] bg-white px-2 text-[13px] focus:border-[#0f6cbd] focus:outline-none focus:ring-1 focus:ring-[#0f6cbd]"[39m
[31m+                         >[39m
[31m+                           <option value="Web Infrastructure / Proxy">Web / Proxy</option>[39m
[31m+                           <option value="Database Systems">Database</option>[39m
[31m+                           <option value="Cache Systems">Cache</option>[39m
[31m+                           <option value="Open Source Logging Framework">Logging</option>[39m
[31m+                           <option value="Container Foundations">Container</option>[39m
[31m+                           <option value="Framework Library">Framework</option>[39m
[31m+                         </select>[39m
[31m+                       </div>[39m
[31m+ [39m
[31m+                       <div>[39m
[31m+                         <label className="mb-1 block text-[12px] font-medium text-[#605e5c]">Secure baseline</label>[39m
[31m+                         <input[39m
[31m+                           type="text"[39m
[31m+                           placeholder="e.g. 3.4.0"[39m
[31m+                           required[39m
[31m+                           value={newBpVersion}[39m
[31m+                           onChange={(e) => setNewBpVersion(e.target.value)}[39m
[31m+                           className="h-9 w-full rounded border border-[#c8c6c4] bg-white px-2.5 text-[13px] focus:border-[#0f6cbd] focus:outline-none focus:ring-1 focus:ring-[#0f6cbd]"[39m
[31m+                         />[39m
[31m+                       </div>[39m
[31m+                     </div>[39m
[31m+ [39m
[31m+                     <div>[39m
[31m+                       <label className="mb-1 block text-[12px] font-medium text-[#605e5c]">Permitted licenses</label>[39m
[31m+                       <input[39m
[31m+                         type="text"[39m
[31m+                         value={newBpAllowedLics}[39m
[31m+                         onChange={(e) => setNewBpAllowedLics(e.target.value)}[39m
[31m+                         className="h-9 w-full rounded border border-[#c8c6c4] bg-white px-2.5 font-mono text-[12px] focus:border-[#0f6cbd] focus:outline-none focus:ring-1 focus:ring-[#0f6cbd]"[39m
[31m+                       />[39m
[31m+                       <p className="mt-1 text-[11px] text-[#8a8886]">Comma-separated SPDX identifiers.</p>[39m
[31m+                     </div>[39m
[31m+ [39m
[31m+                     <div>[39m
[31m+                       <label className="mb-1 block text-[12px] font-medium text-[#605e5c]">Prohibited copylefts</label>[39m
[31m+                       <input[39m
[31m+                         type="text"[39m
[31m+                         value={newBpDisallowedLics}[39m
[31m+                         onChange={(e) => setNewBpDisallowedLics(e.target.value)}[39m
[31m+                         className="h-9 w-full rounded border border-[#c8c6c4] bg-white px-2.5 font-mono text-[12px] focus:border-[#0f6cbd] focus:outline-none focus:ring-1 focus:ring-[#0f6cbd]"[39m
[31m+                       />[39m
[31m+                     </div>[39m
[31m+ [39m
[31m+                     <div className="grid grid-cols-2 gap-2">[39m
[31m+                       <div>[39m
[31m+                         <label className="mb-1 block text-[12px] font-medium text-[#605e5c]">Risk tier</label>[39m
[31m+                         <select[39m
[31m+                           value={newBpRisk}[39m
[31m+                           onChange={(e) => setNewBpRisk(e.target.value as any)}[39m
[31m+                           className="h-9 w-full rounded border border-[#c8c6c4] bg-white px-2 text-[13px] focus:border-[#0f6cbd] focus:outline-none focus:ring-1 focus:ring-[#0f6cbd]"[39m
[31m+                         >[39m
[31m+                           <option value="Low">Low</option>[39m
[31m+                           <option value="Medium">Medium</option>[39m
[31m+                           <option value="High">High</option>[39m
[31m+                         </select>[39m
[31m+                       </div>[39m
[31m+ [39m
[31m+                       <div>[39m
[31m+                         <label className="mb-1 block text-[12px] font-medium text-[#605e5c]">Target compliance</label>[39m
[31m+                         <input[39m
[31m+                           type="text"[39m
[31m+                           placeholder="e.g. HIPAA CC4 / ISO"[39m
[31m+                           value={newBpCompliance}[39m
[31m+                           onChange={(e) => setNewBpCompliance(e.target.value)}[39m
[31m+                           className="h-9 w-full rounded border border-[#c8c6c4] bg-white px-2.5 text-[13px] focus:border-[#0f6cbd] focus:outline-none focus:ring-1 focus:ring-[#0f6cbd]"[39m
[31m+                         />[39m
[31m+                       </div>[39m
[31m+                     </div>[39m
[31m+ [39m
[31m+                     <div>[39m
[31m+                       <label className="mb-1 block text-[12px] font-medium text-[#605e5c]">Operational safeguard policy</label>[39m
[31m+                       <textarea[39m
[31m+                         rows={2}[39m
[31m+                         placeholder="Safeguards required..."[39m
[31m+                         value={newBpSafeguard}[39m
[31m+                         onChange={(e) => setNewBpSafeguard(e.target.value)}[39m
[31m+                         className="w-full rounded border border-[#c8c6c4] bg-white px-2.5 py-2 text-[13px] focus:border-[#0f6cbd] focus:outline-none focus:ring-1 focus:ring-[#0f6cbd]"[39m
[31m+                       />[39m
[31m+                     </div>[39m
[31m+ [39m
[31m+                     <div className="flex justify-end gap-2 pt-1">[39m
[31m+                       <button[39m
[31m+                         type="button"[39m
[31m+                         onClick={() => setShowAddBibleProduct(false)}[39m
[31m+                         className="inline-flex h-9 items-center rounded border border-[#c8c6c4] px-3 text-[13px] font-medium text-[#323130] hover:bg-black/[.03]"[39m
[31m+                       >[39m
[31m+                         Cancel[39m
[31m+                       </button>[39m
[31m+                       <button[39m
[31m+                         type="submit"[39m
[31m+                         className="inline-flex h-9 items-center gap-1.5 rounded bg-[#0f6cbd] px-3 text-[13px] font-medium text-white hover:bg-[#004578]"[39m
[31m+                       >[39m
[31m+                         <Check className="h-3.5 w-3.5" />[39m
[31m+                         <span>Register spec</span>[39m
[31m+                       </button>[39m
[31m+                     </div>[39m
[31m+                   </form>[39m
[31m+                 )}[39m
[31m+ [39m
[31m+                 {/* List of Specs */}[39m
[31m+                 <div className="max-h-[400px] space-y-1 overflow-y-auto">[39m
[31m+                   {filteredBibleProducts.length === 0 ? ([39m
[31m+                     <p className="py-6 text-center text-[12px] text-[#8a8886]">No matching standard specifications found.</p>[39m
[31m+                   ) : ([39m
[31m+                     filteredBibleProducts.map(bp => {[39m
[31m+                       const isSelected = bp.id === selectedBibleProductId;[39m
[31m+                       return ([39m
[31m+                         <button[39m
[31m+                           key={bp.id}[39m
[31m+                           onClick={() => setSelectedBibleProductId(bp.id)}[39m
[31m+                           className={`flex w-full items-center justify-between rounded border p-2.5 text-left text-[13px] ${[39m
[31m+                             isSelected[39m
[31m+                               ? 'border-[#0f6cbd] bg-[#eff6fc] text-[#0f6cbd]'[39m
[31m+                               : 'border-[#e1dfdd] bg-white text-[#323130] hover:bg-black/[.02]'[39m
[31m+                           }`}[39m
[31m+                         >[39m
[31m+                           <div className="min-w-0">[39m
[31m+                             <p className="truncate leading-snug">{bp.name}</p>[39m
[31m+                             <span className="mt-0.5 block text-[11px] text-[#8a8886]">{bp.type}</span>[39m
[31m+                           </div>[39m
[31m+ [39m
[31m+                           <div className="ml-2 flex shrink-0 items-center gap-1.5">[39m
[31m+                             <span className={`rounded px-1.5 py-0.5 text-[11px] font-medium ${[39m
[31m+                               bp.riskTier === 'High' ? 'bg-[#fdf2f2] text-[#a4262c]' :[39m
[31m+                               bp.riskTier === 'Medium' ? 'bg-[#fff4ce] text-[#8a5700]' :[39m
[31m+                               'bg-[#dff6dd] text-[#0e700e]'[39m
[31m+                             }`}>[39m
[31m+                               {bp.riskTier}[39m
[31m+                             </span>[39m
[31m+                             <ChevronRight className={`h-3.5 w-3.5 ${isSelected ? 'text-[#0f6cbd]' : 'text-[#8a8886]'}`} />[39m
[31m+                           </div>[39m
[31m+                         </button>[39m
[31m+                       );[39m
[31m+                     })[39m
[31m+                   )}[39m
[31m+                 </div>[39m
[31m+               </div>[39m
[31m+             </div>[39m
[31m+ [39m
[31m+             {/* Right 2 Columns: Specification Details & Interactive Sandbox compliance auditor */}[39m
[31m+             <div className="lg:col-span-2 space-y-4">[39m
[31m+ [39m
[31m+               {/* Card 1: Active Specification detail */}[39m
[31m+               {activeBibleProduct && ([39m
[31m+                 <div className="rounded-md border border-[#e1dfdd] bg-white p-4 space-y-3">[39m
[31m+                   <div className="flex items-start justify-between border-b border-[#e1dfdd] pb-3">[39m
[31m+                     <div>[39m
[31m+                       <span className="text-[11px] font-medium uppercase tracking-wide text-[#0f6cbd]">Approved platform standard spec</span>[39m
[31m+                       <h3 className="mt-1 flex items-center gap-1.5 text-[15px] font-semibold text-[#201f1e]">[39m
[31m+                         <CheckCircle2 className="h-4 w-4 text-[#0e700e]" />[39m
[31m+                         {activeBibleProduct.name}[39m
[31m+                       </h3>[39m
[31m+                       <p className="mt-0.5 text-[12px] text-[#605e5c]">{activeBibleProduct.type}</p>[39m
[31m+                     </div>[39m
[31m+ [39m
[31m+                     <span className="rounded border border-[#c8c6c4] bg-[#eff6fc] px-2 py-0.5 text-[12px] font-medium text-[#0f6cbd]">[39m
[31m+                       Baseline v{activeBibleProduct.baselineSecureVersion}[39m
[31m+                     </span>[39m
[31m+                   </div>[39m
[31m+ [39m
[31m+                   <div className="grid grid-cols-1 gap-4 md:grid-cols-2">[39m
[31m+                     <div className="space-y-3">[39m
[31m+                       <div>[39m
[31m+                         <span className="block text-[11px] font-medium uppercase text-[#605e5c]">Permitted (greenlist) licenses</span>[39m
[31m+                         <div className="mt-1.5 flex flex-wrap gap-1.5">[39m
[31m+                           {activeBibleProduct.allowedLicenses.map((lic: string) => ([39m
[31m+                             <span key={lic} className="rounded border border-[#c8c6c4] bg-[#dff6dd] px-2 py-0.5 text-[11px] font-medium text-[#0e700e]">[39m
[31m+                               {lic}[39m
[31m+                             </span>[39m
[31m+                           ))}[39m
[31m+                           {activeBibleProduct.allowedLicenses.length === 0 && <span className="text-[12px] italic text-[#8a8886]">None specified</span>}[39m
[31m+                         </div>[39m
[31m+                       </div>[39m
[31m+ [39m
[31m+                       <div>[39m
[31m+                         <span className="block text-[11px] font-medium uppercase text-[#605e5c]">Prohibited (blacklisted) licenses</span>[39m
[31m+                         <div className="mt-1.5 flex flex-wrap gap-1.5">[39m
[31m+                           {activeBibleProduct.disallowedLicenses.map((lic: string) => ([39m
[31m+                             <span key={lic} className="rounded border border-[#c8c6c4] bg-[#fdf2f2] px-2 py-0.5 text-[11px] font-medium text-[#a4262c]">[39m
[31m+                               {lic}[39m
[31m+                             </span>[39m
[31m+                           ))}[39m
[31m+                           {activeBibleProduct.disallowedLicenses.length === 0 && <span className="text-[12px] italic text-[#8a8886]">None prohibited</span>}[39m
[31m+                         </div>[39m
[31m+                       </div>[39m
[31m+                     </div>[39m
[31m+ [39m
[31m+                     <div className="space-y-2 rounded-md border border-[#e1dfdd] bg-[#faf9f8] p-3">[39m
[31m+                       <span className="block text-[11px] font-medium uppercase text-[#605e5c]">Target regulatory framework compliance</span>[39m
[31m+                       <p className="text-[13px] font-medium text-[#323130]">{activeBibleProduct.complianceTarget}</p>[39m
[31m+                       <p className="text-[12px] leading-normal text-[#605e5c]">[39m
[31m+                         Ingested components of this product category must be validated in accordance with audit guidelines mapped to this baseline.[39m
[31m+                       </p>[39m
[31m+                     </div>[39m
[31m+                   </div>[39m
[31m+ [39m
[31m+                   <div className="space-y-1.5 rounded-md border border-[#e1dfdd] bg-[#eff6fc] p-3">[39m
[31m+                     <span className="block text-[11px] font-medium uppercase tracking-wide text-[#0f6cbd]">Standard core safeguards policy</span>[39m
[31m+                     <p className="text-[13px] leading-normal text-[#323130]">{activeBibleProduct.safeguardPolicy}</p>[39m
[31m+                   </div>[39m
[31m+                 </div>[39m
[31m+               )}[39m
[31m+ [39m
[31m+               {/* Card 2: Interactive Sandbox Compliance Auditor */}[39m
[31m+               <div className="rounded-md border border-[#e1dfdd] bg-white p-4 space-y-3">[39m
[31m+                 <div>[39m
[31m+                   <h3 className="flex items-center gap-1.5 text-[14px] font-semibold text-[#201f1e]">[39m
[31m+                     <Sparkles className="h-4 w-4 text-[#0f6cbd]" />[39m
[31m+                     <span>Interactive product compliance sandbox</span>[39m
[31m+                   </h3>[39m
[31m+                   <p className="mt-0.5 text-[12px] text-[#605e5c]">[39m
[31m+                     Simulate software ingest requests and instantly check compliance against the Master Product Bible.[39m
[31m+                   </p>[39m
[31m+                 </div>[39m
[31m+ [39m
[31m+                 <div className="grid grid-cols-1 gap-4 md:grid-cols-2">[39m
[31m+                   <div className="space-y-3">[39m
[31m+                     <div>[39m
[31m+                       <label className="mb-1 block text-[12px] font-medium text-[#605e5c]">Select target product class</label>[39m
[31m+                       <select[39m
[31m+                         value={sandboxProduct}[39m
[31m+                         onChange={(e) => {[39m
[31m+                           setSandboxProduct(e.target.value);[39m
[31m+                           const found = bibleProducts.find(bp => bp.name === e.target.value);[39m
[31m+                           if (found) {[39m
[31m+                             setSandboxVersion(found.baselineSecureVersion);[39m
[31m+                             setSandboxLicense(found.allowedLicenses[0] || 'MIT');[39m
[31m+                           }[39m
[31m+                         }}[39m
[31m+                         className="h-9 w-full rounded border border-[#c8c6c4] px-2.5 text-[13px] focus:border-[#0f6cbd] focus:outline-none focus:ring-1 focus:ring-[#0f6cbd]"[39m
[31m+                       >[39m
[31m+                         {bibleProducts.map(bp => ([39m
[31m+                           <option key={bp.id} value={bp.name}>{bp.name}</option>[39m
[31m+                         ))}[39m
[31m+                         <option value="custom">-- Custom/unregistered product --</option>[39m
[31m+                       </select>[39m
[31m+                     </div>[39m
[31m+ [39m
[31m+                     {sandboxProduct === 'custom' && ([39m
[31m+                       <div>[39m
[31m+                         <label className="mb-1 block text-[12px] font-medium text-[#605e5c]">Custom product name</label>[39m
[31m+                         <input[39m
[31m+                           type="text"[39m
[31m+                           placeholder="e.g. Apache Kafka"[39m
[31m+                           value={sandboxCustomName}[39m
[31m+                           onChange={(e) => setSandboxCustomName(e.target.value)}[39m
[31m+                           className="h-9 w-full rounded border border-[#c8c6c4] px-2.5 text-[13px] focus:border-[#0f6cbd] focus:outline-none focus:ring-1 focus:ring-[#0f6cbd]"[39m
[31m+                         />[39m
[31m+                       </div>[39m
[31m+                     )}[39m
[31m+ [39m
[31m+                     <div className="grid grid-cols-2 gap-2">[39m
[31m+                       <div>[39m
[31m+                         <label className="mb-1 block text-[12px] font-medium text-[#605e5c]">Ingested version</label>[39m
[31m+                         <input[39m
[31m+                           type="text"[39m
[31m+                           value={sandboxVersion}[39m
[31m+                           onChange={(e) => setSandboxVersion(e.target.value)}[39m
[31m+                           className="h-9 w-full rounded border border-[#c8c6c4] px-2.5 font-mono text-[13px] focus:border-[#0f6cbd] focus:outline-none focus:ring-1 focus:ring-[#0f6cbd]"[39m
[31m+                           placeholder="e.g. 1.25.0"[39m
[31m+                         />[39m
[31m+                       </div>[39m
[31m+ [39m
[31m+                       <div>[39m
[31m+                         <label className="mb-1 block text-[12px] font-medium text-[#605e5c]">License SPDX</label>[39m
[31m+                         <input[39m
[31m+                           type="text"[39m
[31m+                           value={sandboxLicense}[39m
[31m+                           onChange={(e) => setSandboxLicense(e.target.value)}[39m
[31m+                           className="h-9 w-full rounded border border-[#c8c6c4] px-2.5 font-mono text-[13px] focus:border-[#0f6cbd] focus:outline-none focus:ring-1 focus:ring-[#0f6cbd]"[39m
[31m+                           placeholder="e.g. GPL-3.0-only"[39m
[31m+                         />[39m
[31m+                       </div>[39m
[31m+                     </div>[39m
[31m+ [39m
[31m+                     <div>[39m
[31m+                       <label className="mb-1 block text-[12px] font-medium text-[#605e5c]">Target deploy environment</label>[39m
[31m+                       <div className="grid grid-cols-3 gap-2">[39m
[31m+                         {['Production', 'Staging', 'Development'].map(env => ([39m
[31m+                           <button[39m
[31m+                             key={env}[39m
[31m+                             type="button"[39m
[31m+                             onClick={() => setSandboxEnv(env)}[39m
[31m+                             className={`rounded border p-2 text-center text-[12px] font-medium ${[39m
[31m+                               sandboxEnv === env[39m
[31m+                                 ? 'border-[#0f6cbd] bg-[#eff6fc] text-[#0f6cbd]'[39m
[31m+                                 : 'border-[#c8c6c4] text-[#605e5c] hover:bg-black/[.03]'[39m
[31m+                             }`}[39m
[31m+                           >[39m
[31m+                             {env}[39m
[31m+                           </button>[39m
[31m+                         ))}[39m
[31m+                       </div>[39m
[31m+                     </div>[39m
[31m+ [39m
[31m+                     <button[39m
[31m+                       type="button"[39m
[31m+                       onClick={handleRunSandboxAudit}[39m
[31m+                       className="flex h-9 w-full items-center justify-center gap-1.5 rounded bg-[#0f6cbd] text-[13px] font-medium text-white hover:bg-[#004578]"[39m
[31m+                     >[39m
[31m+                       <Play className="h-3.5 w-3.5" />[39m
[31m+                       <span>Run sandbox compliance attestation</span>[39m
[31m+                     </button>[39m
[31m+                   </div>[39m
[31m+ [39m
[31m+                   {/* Attestation Sandbox Report panel */}[39m
[31m+                   <div className="flex min-h-[240px] flex-col justify-between rounded-md border border-[#e1dfdd] bg-[#faf9f8] p-3">[39m
[31m+                     {sandboxReport ? ([39m
[31m+                       <div className="space-y-3">[39m
[31m+                         <div className="flex items-center justify-between border-b border-[#e1dfdd] pb-2">[39m
[31m+                           <div>[39m
[31m+                             <span className="block text-[11px] font-medium text-[#605e5c]">Attestation report</span>[39m
[31m+                             <h4 className="max-w-[160px] truncate text-[13px] font-semibold text-[#201f1e]">{sandboxReport.productName}</h4>[39m
[31m+                           </div>[39m
[31m+ [39m
[31m+                           <span className={`inline-flex items-center gap-1 rounded border border-[#c8c6c4] px-2 py-0.5 text-[11px] font-medium ${[39m
[31m+                             sandboxReport.overallStatus === 'PASS' ? 'bg-[#dff6dd] text-[#0e700e]' :[39m
[31m+                             sandboxReport.overallStatus === 'WARN' ? 'bg-[#fff4ce] text-[#8a5700]' :[39m
[31m+                             'bg-[#fdf2f2] text-[#a4262c]'[39m
[31m+                           }`}>[39m
[31m+                             <span className={`h-1.5 w-1.5 rounded-full ${[39m
[31m+                               sandboxReport.overallStatus === 'PASS' ? 'bg-[#0e700e]' :[39m
[31m+                               sandboxReport.overallStatus === 'WARN' ? 'bg-[#8a5700]' :[39m
[31m+                               'bg-[#a4262c]'[39m
[31m+                             }`} />[39m
[31m+                             {sandboxReport.overallStatus}[39m
[31m+                           </span>[39m
[31m+                         </div>[39m
[31m+ [39m
[31m+                         <div className="space-y-2 text-[12px] leading-normal">[39m
[31m+                           <div className="flex items-start gap-1.5">[39m
[31m+                             {sandboxReport.versionStatus === 'Compliant' ? ([39m
[31m+                               <Check className="mt-0.5 h-3.5 w-3.5 shrink-0 text-[#0e700e]" />[39m
[31m+                             ) : sandboxReport.versionStatus === 'Warning' ? ([39m
[31m+                               <AlertTriangle className="mt-0.5 h-3.5 w-3.5 shrink-0 text-[#8a5700]" />[39m
[31m+                             ) : ([39m
[31m+                               <ShieldAlert className="mt-0.5 h-3.5 w-3.5 shrink-0 text-[#a4262c]" />[39m
[31m+                             )}[39m
[31m+                             <div>[39m
[31m+                               <span className="font-medium text-[#323130]">Version standard: </span>[39m
[31m+                               <span className="text-[#605e5c]">{sandboxReport.versionDetails}</span>[39m
[31m+                             </div>[39m
[31m+                           </div>[39m
[31m+ [39m
[31m+                           <div className="flex items-start gap-1.5">[39m
[31m+                             {sandboxReport.licenseStatus === 'Compliant' ? ([39m
[31m+                               <Check className="mt-0.5 h-3.5 w-3.5 shrink-0 text-[#0e700e]" />[39m
[31m+                             ) : sandboxReport.licenseStatus === 'Warning' ? ([39m
[31m+                               <AlertTriangle className="mt-0.5 h-3.5 w-3.5 shrink-0 text-[#8a5700]" />[39m
[31m+                             ) : ([39m
[31m+                               <ShieldAlert className="mt-0.5 h-3.5 w-3.5 shrink-0 text-[#a4262c]" />[39m
[31m+                             )}[39m
[31m+                             <div>[39m
[31m+                               <span className="font-medium text-[#323130]">License standard: </span>[39m
[31m+                               <span className="text-[#605e5c]">{sandboxReport.licenseDetails}</span>[39m
[31m+                             </div>[39m
[31m+                           </div>[39m
[31m+                         </div>[39m
[31m+ [39m
[31m+                         <div className="space-y-1 rounded border border-[#e1dfdd] bg-white p-2.5 text-[12px] leading-normal text-[#605e5c]">[39m
[31m+                           <p className="text-[11px] font-medium uppercase text-[#323130]">Compliance checklist ({sandboxReport.complianceTarget}):</p>[39m
[31m+                           <p className="italic">{sandboxReport.safeguardPolicy}</p>[39m
[31m+                         </div>[39m
[31m+                       </div>[39m
[31m+                     ) : ([39m
[31m+                       <div className="flex h-full flex-col items-center justify-center space-y-2 py-10 text-center text-[#8a8886]">[39m
[31m+                         <Sliders className="h-6 w-6 text-[#c8c6c4]" />[39m
[31m+                         <p className="mt-2 text-[13px] font-medium text-[#605e5c]">Attestation pending</p>[39m
[31m+                         <p className="max-w-[220px] text-[12px] leading-snug text-[#8a8886]">[39m
[31m+                           Configure simulation parameters and run the sandbox compliance attestation to test build parameters against standards.[39m
[31m+                         </p>[39m
[31m+                       </div>[39m
[31m+                     )}[39m
[31m+ [39m
[31m+                     <div className="mt-2 flex items-center justify-between border-t border-[#e1dfdd] pt-2 text-[11px] text-[#8a8886]">[39m
[31m+                       <span>Audit kernel: SEC_ENGINE_v1.0</span>[39m
[31m+                       {sandboxReport && ([39m
[31m+                         <span>Attested: {new Date(sandboxReport.timestamp).toLocaleTimeString()}</span>[39m
[31m+                       )}[39m
[31m+                     </div>[39m
[31m+                   </div>[39m
[31m+                 </div>[39m
[31m+ [39m
[31m+               </div>[39m
[31m+ [39m
[31m+             </div>[39m
[31m+ [39m
[31m+           </div>[39m
[31m+         </div>[39m
[31m+       )}[39m
[31m+     </div>[39m
[31m+   );[39m
[31m+ }[39m
[31m+[39m

[36m [2m❯[22m tests/settings-guide-contract.test.ts:[2m18:15[22m[39m
    [90m 16| [39m  [34mit[39m([32m'is wired as a real tab, not dead markup'[39m[33m,[39m () [33m=>[39m {
    [90m 17| [39m    [35mconst[39m s [33m=[39m [34msource[39m()[33m;[39m
    [90m 18| [39m    [34mexpect[39m(s)[33m.[39m[34mtoContain[39m([32m"setActiveSubTab('guide')"[39m)[33m;[39m
    [90m   | [39m              [31m^[39m
    [90m 19| [39m    [34mexpect[39m(s)[33m.[39m[34mtoContain[39m([32m'<GettingStartedGuide />'[39m)[33m;[39m
    [90m 20| [39m  })[33m;[39m

[31m[2m⎯⎯⎯⎯⎯⎯⎯⎯⎯⎯⎯⎯⎯⎯⎯⎯⎯⎯⎯⎯[105/141]⎯[22m[39m

[41m[1m FAIL [22m[49m tests/settings-guide-contract.test.ts[2m > [22mSettings "Getting Started" guide stays honest about real gaps[2m > [22mstill discloses billing has no backend
[31m[1mAssertionError[22m: expected '/**\r\n * @license\r\n * SPDX-License…' to contain 'no backend exists yet'[39m

[32m- Expected[39m
[31m+ Received[39m

[32m- no backend exists yet[39m
[31m+ /**[39m
[31m+  * @license[39m
[31m+  * SPDX-License-Identifier: Apache-2.0[39m
[31m+  */[39m
[31m+ [39m
[31m+ import React, { useState, useEffect, useMemo } from 'react';[39m
[31m+ import {[39m
[31m+   Settings, Shield, Sliders, KeyRound, Bell, HelpCircle, CheckCircle,[39m
[31m+   Sun, Moon, RefreshCw, Trash2, Fingerprint, Lock, FileText, Globe, FileCode,[39m
[31m+   BookOpen, Search, Sparkles, PlusCircle, AlertTriangle, Play, ChevronRight, Check,[39m
[31m+   ExternalLink, Layers, Info, Filter, ShieldAlert, BadgeAlert, CheckCircle2, AlertCircle[39m
[31m+ } from 'lucide-react';[39m
[31m+ import { auth } from '../lib/firebase';[39m
[31m+ import { apiFetch } from '../utils/apiClient';[39m
[31m+ [39m
[31m+ interface SettingsViewProps {[39m
[31m+   theme: 'light' | 'dark';[39m
[31m+   onToggleTheme: () => void;[39m
[31m+ }[39m
[31m+ [39m
[31m+ export default function SettingsView({ theme, onToggleTheme }: SettingsViewProps) {[39m
[31m+   const [activeSubTab, setActiveSubTab] = useState<'configurations' | 'bible' | 'organization'>('configurations');[39m
[31m+   const [mfaEnabled, setMfaEnabled] = useState(true);[39m
[31m+   const [slaTarget, setSlaTarget] = useState(85);[39m
[31m+   const [saveSuccess, setSaveSuccess] = useState(false);[39m
[31m+   const [offboarding, setOffboarding] = useState(false);[39m
[31m+   const [testing, setTesting] = useState(false);[39m
[31m+   const [testResults, setTestResults] = useState<any[]>([]);[39m
[31m+ [39m
[31m+   // Profile & Org/Team States[39m
[31m+   const [profile, setProfile] = useState<any>(null);[39m
[31m+   const [teamMembers, setTeamMembers] = useState<any[]>([]);[39m
[31m+   const [inviteEmail, setInviteEmail] = useState('');[39m
[31m+   const [inviteRole, setInviteRole] = useState('Technician');[39m
[31m+   const [editingProfile, setEditingProfile] = useState(false);[39m
[31m+   const [profileName, setProfileName] = useState('');[39m
[31m+   const [profileJobTitle, setProfileJobTitle] = useState('');[39m
[31m+   const [profileCompany, setProfileCompany] = useState('');[39m
[31m+   const [loadingTeam, setLoadingTeam] = useState(false);[39m
[31m+   const [teamError, setTeamError] = useState<string | null>(null);[39m
[31m+   const [teamSuccess, setTeamSuccess] = useState<string | null>(null);[39m
[31m+ [39m
[31m+   // profile is fetched from /api/user/me, which already returns the caller's[39m
[31m+   // role — derive gating from it directly rather than requiring a separate[39m
[31m+   // prop. Matches backend enforcement exactly: POST /api/tenant/offboard is[39m
[31m+   // requireRole('Owner'); team invite/role-change/remove are requireRole[39m
[31m+   // (['Owner','Admin']) (auth.ts).[39m
[31m+   const currentRole: string = profile?.role || 'Viewer';[39m
[31m+   const isOwner = currentRole === 'Owner';[39m
[31m+   const canManageTeam = isOwner || currentRole === 'Admin';[39m
[31m+ [39m
[31m+   const fetchProfileAndTeam = async () => {[39m
[31m+     setLoadingTeam(true);[39m
[31m+     try {[39m
[31m+       // 1. Fetch user profile[39m
[31m+       const profRes = await apiFetch('/api/user/me');[39m
[31m+       if (profRes.ok) {[39m
[31m+         const profData = await profRes.json();[39m
[31m+         setProfile(profData);[39m
[31m+         setProfileName(profData.displayName || '');[39m
[31m+         setProfileJobTitle(profData.roleTitle || '');[39m
[31m+         setProfileCompany(profData.companyName || '');[39m
[31m+       }[39m
[31m+ [39m
[31m+       // 2. Fetch team members[39m
[31m+       const teamRes = await apiFetch('/api/organization/team');[39m
[31m+       if (teamRes.ok) {[39m
[31m+         const teamData = await teamRes.json();[39m
[31m+         setTeamMembers(teamData);[39m
[31m+       }[39m
[31m+     } catch (err) {[39m
[31m+       console.error('Error fetching profile or organization team:', err);[39m
[31m+     } finally {[39m
[31m+       setLoadingTeam(false);[39m
[31m+     }[39m
[31m+   };[39m
[31m+ [39m
[31m+   const handleInviteMember = async (e: React.FormEvent) => {[39m
[31m+     e.preventDefault();[39m
[31m+     if (!inviteEmail || !canManageTeam) return;[39m
[31m+     setTeamError(null);[39m
[31m+     setTeamSuccess(null);[39m
[31m+     try {[39m
[31m+       const res = await apiFetch('/api/organization/invite', {[39m
[31m+         method: 'POST',[39m
[31m+         headers: { 'Content-Type': 'application/json' },[39m
[31m+         body: JSON.stringify({ email: inviteEmail, role: inviteRole })[39m
[31m+       });[39m
[31m+       if (res.ok) {[39m
[31m+         setTeamSuccess(`Successfully sent security invitation to ${inviteEmail}`);[39m
[31m+         setInviteEmail('');[39m
[31m+         fetchProfileAndTeam();[39m
[31m+       } else {[39m
[31m+         const errData = await res.json();[39m
[31m+         setTeamError(errData.message || 'Failed to send workspace invitation.');[39m
[31m+       }[39m
[31m+     } catch (err) {[39m
[31m+       setTeamError('Network error while dispatching invitation.');[39m
[31m+     }[39m
[31m+   };[39m
[31m+ [39m
[31m+   const handleUpdateMemberRole = async (userId: string, newRole: string) => {[39m
[31m+     if (!canManageTeam) return;[39m
[31m+     setTeamError(null);[39m
[31m+     setTeamSuccess(null);[39m
[31m+     try {[39m
[31m+       const res = await apiFetch(`/api/organization/team/${userId}/role`, {[39m
[31m+         method: 'PUT',[39m
[31m+         headers: { 'Content-Type': 'application/json' },[39m
[31m+         body: JSON.stringify({ role: newRole })[39m
[31m+       });[39m
[31m+       if (res.ok) {[39m
[31m+         setTeamSuccess('Workspace member role updated successfully.');[39m
[31m+         fetchProfileAndTeam();[39m
[31m+       } else {[39m
[31m+         const errData = await res.json();[39m
[31m+         setTeamError(errData.message || 'Permission denied.');[39m
[31m+       }[39m
[31m+     } catch (err) {[39m
[31m+       setTeamError('Failed to synchronize updated permission rules.');[39m
[31m+     }[39m
[31m+   };[39m
[31m+ [39m
[31m+   const handleRemoveMember = async (userId: string) => {[39m
[31m+     if (!canManageTeam) return;[39m
[31m+     const confirmed = window.confirm('Are you sure you want to revoke this user\'s workspace security credentials?');[39m
[31m+     if (!confirmed) return;[39m
[31m+     setTeamError(null);[39m
[31m+     setTeamSuccess(null);[39m
[31m+     try {[39m
[31m+       const res = await apiFetch(`/api/organization/team/${userId}`, {[39m
[31m+         method: 'DELETE'[39m
[31m+       });[39m
[31m+       if (res.ok) {[39m
[31m+         setTeamSuccess('Revoked workspace access and terminated session keys.');[39m
[31m+         fetchProfileAndTeam();[39m
[31m+       } else {[39m
[31m+         const errData = await res.json();[39m
[31m+         setTeamError(errData.message || 'Rejection from database.');[39m
[31m+       }[39m
[31m+     } catch (err) {[39m
[31m+       setTeamError('Failed to remove member.');[39m
[31m+     }[39m
[31m+   };[39m
[31m+ [39m
[31m+   const handleSaveProfile = async (e: React.FormEvent) => {[39m
[31m+     e.preventDefault();[39m
[31m+     setTeamError(null);[39m
[31m+     setTeamSuccess(null);[39m
[31m+     try {[39m
[31m+       const res = await apiFetch('/api/user/profile', {[39m
[31m+         method: 'PUT',[39m
[31m+         headers: { 'Content-Type': 'application/json' },[39m
[31m+         body: JSON.stringify({[39m
[31m+           displayName: profileName,[39m
[31m+           roleTitle: profileJobTitle,[39m
[31m+           companyName: profileCompany[39m
[31m+         })[39m
[31m+       });[39m
[31m+       if (res.ok) {[39m
[31m+         setTeamSuccess('User profile details updated successfully.');[39m
[31m+         setEditingProfile(false);[39m
[31m+         fetchProfileAndTeam();[39m
[31m+       } else {[39m
[31m+         const errData = await res.json();[39m
[31m+         setTeamError(errData.message || 'Failed to save details.');[39m
[31m+       }[39m
[31m+     } catch (err) {[39m
[31m+       setTeamError('Failed to save profile changes.');[39m
[31m+     }[39m
[31m+   };[39m
[31m+ [39m
[31m+   // Product Bible list[39m
[31m+   const [bibleProducts, setBibleProducts] = useState<any[]>([[39m
[31m+     {[39m
[31m+       id: 'pb-nginx',[39m
[31m+       name: 'Nginx Web Server',[39m
[31m+       type: 'Web Infrastructure / Proxy',[39m
[31m+       baselineSecureVersion: '1.24.0',[39m
[31m+       allowedLicenses: ['BSD-2-Clause', 'MIT', 'Apache-2.0'],[39m
[31m+       disallowedLicenses: ['GPL-3.0-only', 'AGPL-3.0-only'],[39m
[31m+       riskTier: 'Low',[39m
[31m+       complianceTarget: 'SOC 2 CC6.1 / NIST SP 800-53',[39m
[31m+       safeguardPolicy: 'Enforce TLS 1.3 only, disable cleartext HTTP ports, and prune default Server header metadata.'[39m
[31m+     },[39m
[31m+     {[39m
[31m+       id: 'pb-postgres',[39m
[31m+       name: 'PostgreSQL Relational Engine',[39m
[31m+       type: 'Database Systems',[39m
[31m+       baselineSecureVersion: '15.4',[39m
[31m+       allowedLicenses: ['PostgreSQL', 'MIT', 'Apache-2.0'],[39m
[31m+       disallowedLicenses: ['AGPL-3.0-only', 'GPL-3.0-only'],[39m
[31m+       riskTier: 'Low',[39m
[31m+       complianceTarget: 'NIST SP 800-171 / HIPAA Sec. 164',[39m
[31m+       safeguardPolicy: 'Enable row-level security (RLS), mandate pgcrypto encryption for columns, and bind exclusively to localized subnets.'[39m
[31m+     },[39m
[31m+     {[39m
[31m+       id: 'pb-redis',[39m
[31m+       name: 'Redis In-Memory Key-Value Cache',[39m
[31m+       type: 'Cache Systems',[39m
[31m+       baselineSecureVersion: '7.0.12',[39m
[31m+       allowedLicenses: ['BSD-3-Clause', 'MIT'],[39m
[31m+       disallowedLicenses: ['SSPL-1.0', 'AGPL-3.0-only'],[39m
[31m+       riskTier: 'Medium',[39m
[31m+       complianceTarget: 'PCI-DSS v4.0 Req 2 & 3',[39m
[31m+       safeguardPolicy: 'Disable custom dangerous admin commands (CONFIG, FLUSHALL), set authentication passwords, and restrict container loopbacks.'[39m
[31m+     },[39m
[31m+     {[39m
[31m+       id: 'pb-log4j',[39m
[31m+       name: 'Apache Log4j Core Logging',[39m
[31m+       type: 'Open Source Logging Framework',[39m
[31m+       baselineSecureVersion: '2.17.1',[39m
[31m+       allowedLicenses: ['Apache-2.0'],[39m
[31m+       disallowedLicenses: ['GPL-3.0-only', 'AGPL-3.0-only'],[39m
[31m+       riskTier: 'High',[39m
[31m+       complianceTarget: 'CISA KEV Mitigation Directive',[39m
[31m+       safeguardPolicy: 'Ensure strict lookup disabling (formatMsgNoLookups=true) and remove JMSAppender class files from all builds to neutralize JNDI execution risks.'[39m
[31m+     },[39m
[31m+     {[39m
[31m+       id: 'pb-docker',[39m
[31m+       name: 'Docker Container base environment',[39m
[31m+       type: 'Container Foundations',[39m
[31m+       baselineSecureVersion: '24.0.5',[39m
[31m+       allowedLicenses: ['Apache-2.0', 'MIT'],[39m
[31m+       disallowedLicenses: ['GPL-3.0-only', 'AGPL-3.0-only'],[39m
[31m+       riskTier: 'Low',[39m
[31m+       complianceTarget: 'CIS Docker Benchmarks v1.6',[39m
[31m+       safeguardPolicy: 'Run containers with non-root privileges, specify readonly root filesystems, and strip all unneeded kernel capabilities (SYS_ADMIN).'[39m
[31m+     }[39m
[31m+   ]);[39m
[31m+ [39m
[31m+   // Search/Filter state for Product Bible[39m
[31m+   const [bibleSearchQuery, setBibleSearchQuery] = useState('');[39m
[31m+   const [bibleFilterRisk, setBibleFilterRisk] = useState('all');[39m
[31m+   const [selectedBibleProductId, setSelectedBibleProductId] = useState<string>('pb-nginx');[39m
[31m+ [39m
[31m+   // New Bible Product form fields[39m
[31m+   const [showAddBibleProduct, setShowAddBibleProduct] = useState(false);[39m
[31m+   const [newBpName, setNewBpName] = useState('');[39m
[31m+   const [newBpType, setNewBpType] = useState('Web Infrastructure / Proxy');[39m
[31m+   const [newBpVersion, setNewBpVersion] = useState('');[39m
[31m+   const [newBpAllowedLics, setNewBpAllowedLics] = useState('MIT, Apache-2.0, BSD-3-Clause');[39m
[31m+   const [newBpDisallowedLics, setNewBpDisallowedLics] = useState('GPL-3.0-only, AGPL-3.0-only');[39m
[31m+   const [newBpRisk, setNewBpRisk] = useState<'Low' | 'Medium' | 'High'>('Low');[39m
[31m+   const [newBpCompliance, setNewBpCompliance] = useState('');[39m
[31m+   const [newBpSafeguard, setNewBpSafeguard] = useState('');[39m
[31m+ [39m
[31m+   // Sandbox Auditor states[39m
[31m+   const [sandboxProduct, setSandboxProduct] = useState('Nginx Web Server');[39m
[31m+   const [sandboxCustomName, setSandboxCustomName] = useState('');[39m
[31m+   const [sandboxVersion, setSandboxVersion] = useState('1.25.1');[39m
[31m+   const [sandboxLicense, setSandboxLicense] = useState('MIT');[39m
[31m+   const [sandboxEnv, setSandboxEnv] = useState('Production');[39m
[31m+   const [sandboxReport, setSandboxReport] = useState<any | null>(null);[39m
[31m+ [39m
[31m+   // Multi-tenant Active Sessions, SSO and Cryptographic audit state[39m
[31m+   const [sessions, setSessions] = useState<any[]>([]);[39m
[31m+   const [history, setHistory] = useState<any[]>([]);[39m
[31m+   const [auditChain, setAuditChain] = useState<any[]>([]);[39m
[31m+   const [loadingLedgers, setLoadingLedgers] = useState(false);[39m
[31m+   const [verifyingLedger, setVerifyingLedger] = useState(false);[39m
[31m+   const [verificationResult, setVerificationResult] = useState<any | null>(null);[39m
[31m+ [39m
[31m+   // SAML SSO Form settings[39m
[31m+   const [ssoEnabled, setSsoEnabled] = useState(true);[39m
[31m+   const [ssoProvider, setSsoProvider] = useState('Okta Enterprise IdP');[39m
[31m+   const [ssoMetadataUrl, setSsoMetadataUrl] = useState('https://idp.okta.com/app/exk810/sso/saml/metadata');[39m
[31m+   const [ssoClientId, setSsoClientId] = useState('spr_msp_okta_prod_01');[39m
[31m+ [39m
[31m+   const handleVerifyLedger = async () => {[39m
[31m+     setVerifyingLedger(true);[39m
[31m+     setVerificationResult(null);[39m
[31m+     try {[39m
[31m+       const res = await apiFetch('/api/auth/audit-chain/verify');[39m
[31m+       if (res.ok) {[39m
[31m+         const data = await res.json();[39m
[31m+         setVerificationResult(data);[39m
[31m+       } else {[39m
[31m+         setVerificationResult({[39m
[31m+           isValid: false,[39m
[31m+           error: 'Verification request returned a server exception.'[39m
[31m+         });[39m
[31m+       }[39m
[31m+     } catch (err: any) {[39m
[31m+       setVerificationResult({[39m
[31m+         isValid: false,[39m
[31m+         error: err?.message || 'Network connection timeout.'[39m
[31m+       });[39m
[31m+     } finally {[39m
[31m+       setVerifyingLedger(false);[39m
[31m+     }[39m
[31m+   };[39m
[31m+ [39m
[31m+   const fetchAuthDataLedgers = async () => {[39m
[31m+     setLoadingLedgers(true);[39m
[31m+     try {[39m
[31m+       const sessRes = await apiFetch('/api/auth/sessions');[39m
[31m+       if (sessRes.ok) {[39m
[31m+         const data = await sessRes.json();[39m
[31m+         setSessions(data);[39m
[31m+       }[39m
[31m+ [39m
[31m+       const histRes = await apiFetch('/api/auth/login-history');[39m
[31m+       if (histRes.ok) {[39m
[31m+         const data = await histRes.json();[39m
[31m+         setHistory(data);[39m
[31m+       }[39m
[31m+ [39m
[31m+       const chainRes = await apiFetch('/api/auth/audit-chain');[39m
[31m+       if (chainRes.ok) {[39m
[31m+         const data = await chainRes.json();[39m
[31m+         setAuditChain(data);[39m
[31m+       }[39m
[31m+     } catch (err) {[39m
[31m+       console.error('Error fetching identity and compliance data ledgers:', err);[39m
[31m+     } finally {[39m
[31m+       setLoadingLedgers(false);[39m
[31m+     }[39m
[31m+   };[39m
[31m+ [39m
[31m+   useEffect(() => {[39m
[31m+     fetchAuthDataLedgers();[39m
[31m+     fetchProfileAndTeam();[39m
[31m+   }, []);[39m
[31m+ [39m
[31m+   const handleRevokeSession = async (sessionId: string) => {[39m
[31m+     try {[39m
[31m+       const res = await apiFetch('/api/auth/sessions/revoke', {[39m
[31m+         method: 'POST',[39m
[31m+         headers: { 'Content-Type': 'application/json' },[39m
[31m+         body: JSON.stringify({ sessionId })[39m
[31m+       });[39m
[31m+       if (res.ok) {[39m
[31m+         fetchAuthDataLedgers();[39m
[31m+       } else {[39m
[31m+         alert('Could not complete session revocation.');[39m
[31m+       }[39m
[31m+     } catch (err) {[39m
[31m+       console.error('Error during session revocation:', err);[39m
[31m+     }[39m
[31m+   };[39m
[31m+ [39m
[31m+   // There is no test-runner endpoint in the backend (running the test suite[39m
[31m+   // from an HTTP request would itself be a code-execution risk), and no[39m
[31m+   // endpoint separately verifies RLS isolation, OAuth handshakes, or API[39m
[31m+   // quota safety. This checks the one thing SPR can actually report on[39m
[31m+   // itself: real database connectivity, via the existing /api/ready[39m
[31m+   // readiness probe — the same one an orchestrator uses.[39m
[31m+   const runDiagnosticSuite = async () => {[39m
[31m+     setTesting(true);[39m
[31m+     try {[39m
[31m+       const res = await apiFetch('/api/ready');[39m
[31m+       const data = await res.json().catch(() => ({}));[39m
[31m+       const dbOk = Boolean(data?.checks?.database?.ok);[39m
[31m+       setTestResults([[39m
[31m+         { name: 'Database connectivity', status: dbOk ? 'PASS' : 'FAIL', details: dbOk ? `Responded in ${data.checks.database.latencyMs}ms` : data?.checks?.database?.error || 'Database unavailable' },[39m
[31m+         { name: 'API reachability', status: 'PASS', details: `/api/ready responded HTTP ${res.status}` },[39m
[31m+       ]);[39m
[31m+     } catch (err) {[39m
[31m+       console.error('Error running readiness check:', err);[39m
[31m+       setTestResults([{ name: 'API reachability', status: 'FAIL', details: 'The readiness request itself failed' }]);[39m
[31m+     } finally {[39m
[31m+       setTesting(false);[39m
[31m+     }[39m
[31m+   };[39m
[31m+ [39m
[31m+   const handleOffboardTenant = async () => {[39m
[31m+     if (!isOwner) { alert(`Your ${currentRole} role cannot offboard this workspace. Owner is required.`); return; }[39m
[31m+     const confirmed = window.confirm([39m
[31m+       "CRITICAL SECURITY ALERT: Are you absolutely certain you want to offboard this tenant? This will cascade-delete all databases, software passports, compliance statuses, and credentials instantly from our PostgreSQL storage nodes. This action cannot be undone."[39m
[31m+     );[39m
[31m+     if (!confirmed) return;[39m
[31m+ [39m
[31m+     setOffboarding(true);[39m
[31m+     try {[39m
[31m+       const res = await apiFetch('/api/tenant/offboard', {[39m
[31m+         method: 'POST',[39m
[31m+       });[39m
[31m+       if (res.ok) {[39m
[31m+         alert("Offboarding complete. Your tenant profile and isolated workspaces have been purged from storage nodes.");[39m
[31m+         localStorage.removeItem('msp_user');[39m
[31m+         await auth.signOut().catch(() => {});[39m
[31m+         window.location.reload();[39m
[31m+       } else {[39m
[31m+         const errorData = await res.json();[39m
[31m+         alert(`Offboarding failed: ${errorData.error || 'Server error'}`);[39m
[31m+       }[39m
[31m+     } catch (err) {[39m
[31m+       console.error('Failed to trigger tenant data offboarding:', err);[39m
[31m+       alert('Network error while completing data purge.');[39m
[31m+     } finally {[39m
[31m+       setOffboarding(false);[39m
[31m+     }[39m
[31m+   };[39m
[31m+ [39m
[31m+   // No backend endpoint persists these fields (SLA target, MFA toggle, SSO[39m
[31m+   // config, daily-scan cadence) — they are local component state only and[39m
[31m+   // reset on reload/navigation. This used to show a "Portal configuration[39m
[31m+   // updated!" success message that implied a real save; keep that claim[39m
[31m+   // honest until real persistence exists rather than build a fake one.[39m
[31m+   const handleSaveSettings = () => {[39m
[31m+     setSaveSuccess(true);[39m
[31m+     setTimeout(() => setSaveSuccess(false), 4000);[39m
[31m+   };[39m
[31m+ [39m
[31m+   const activeBibleProduct = useMemo(() => {[39m
[31m+     return bibleProducts.find(p => p.id === selectedBibleProductId) || bibleProducts[0];[39m
[31m+   }, [bibleProducts, selectedBibleProductId]);[39m
[31m+ [39m
[31m+   const filteredBibleProducts = useMemo(() => {[39m
[31m+     return bibleProducts.filter(bp => {[39m
[31m+       const matchSearch = bp.name.toLowerCase().includes(bibleSearchQuery.toLowerCase()) ||[39m
[31m+                           bp.type.toLowerCase().includes(bibleSearchQuery.toLowerCase()) ||[39m
[31m+                           bp.complianceTarget.toLowerCase().includes(bibleSearchQuery.toLowerCase());[39m
[31m+       const matchRisk = bibleFilterRisk === 'all' || bp.riskTier.toLowerCase() === bibleFilterRisk.toLowerCase();[39m
[31m+       return matchSearch && matchRisk;[39m
[31m+     });[39m
[31m+   }, [bibleProducts, bibleSearchQuery, bibleFilterRisk]);[39m
[31m+ [39m
[31m+   const handleAddBibleProduct = (e: React.FormEvent) => {[39m
[31m+     e.preventDefault();[39m
[31m+     if (!newBpName || !newBpVersion) {[39m
[31m+       alert('Please enter a product name and baseline secure version.');[39m
[31m+       return;[39m
[31m+     }[39m
[31m+ [39m
[31m+     const newProduct = {[39m
[31m+       id: `pb-custom-${Date.now()}`,[39m
[31m+       name: newBpName,[39m
[31m+       type: newBpType,[39m
[31m+       baselineSecureVersion: newBpVersion,[39m
[31m+       allowedLicenses: newBpAllowedLics.split(',').map(s => s.trim()).filter(Boolean),[39m
[31m+       disallowedLicenses: newBpDisallowedLics.split(',').map(s => s.trim()).filter(Boolean),[39m
[31m+       riskTier: newBpRisk,[39m
[31m+       complianceTarget: newBpCompliance || 'Standard Compliance Profile',[39m
[31m+       safeguardPolicy: newBpSafeguard || 'Verify cryptographic signature and restrict host execution capabilities on staging.'[39m
[31m+     };[39m
[31m+ [39m
[31m+     setBibleProducts(prev => [newProduct, ...prev]);[39m
[31m+     setSelectedBibleProductId(newProduct.id);[39m
[31m+     setShowAddBibleProduct(false);[39m
[31m+ [39m
[31m+     // Reset inputs[39m
[31m+     setNewBpName('');[39m
[31m+     setNewBpVersion('');[39m
[31m+     setNewBpCompliance('');[39m
[31m+     setNewBpSafeguard('');[39m
[31m+   };[39m
[31m+ [39m
[31m+   const handleRunSandboxAudit = () => {[39m
[31m+     let targetName = sandboxProduct;[39m
[31m+     if (sandboxProduct === 'custom' && sandboxCustomName) {[39m
[31m+       targetName = sandboxCustomName;[39m
[31m+     }[39m
[31m+ [39m
[31m+     const matchedBp = bibleProducts.find(bp =>[39m
[31m+       bp.name.toLowerCase() === targetName.toLowerCase() ||[39m
[31m+       targetName.toLowerCase().includes(bp.name.toLowerCase())[39m
[31m+     );[39m
[31m+ [39m
[31m+     let versionStatus: 'Compliant' | 'Warning' | 'Fail' = 'Compliant';[39m
[31m+     let versionDetails = '';[39m
[31m+ [39m
[31m+     const inputVer = sandboxVersion.trim();[39m
[31m+     if (!inputVer) {[39m
[31m+       versionStatus = 'Warning';[39m
[31m+       versionDetails = 'No version specified. Auditing engine cannot verify baseline standards.';[39m
[31m+     } else if (matchedBp) {[39m
[31m+       const baseline = matchedBp.baselineSecureVersion;[39m
[31m+       const baselineNum = parseFloat(baseline.replace(/[^0-9.]/g, ''));[39m
[31m+       const inputNum = parseFloat(inputVer.replace(/[^0-9.]/g, ''));[39m
[31m+ [39m
[31m+       if (!isNaN(baselineNum) && !isNaN(inputNum)) {[39m
[31m+         if (inputNum < baselineNum) {[39m
[31m+           versionStatus = 'Fail';[39m
[31m+           versionDetails = `Ingested version v${inputVer} is older than the recommended secure baseline v${baseline}. Potential known CVE exposures exist!`;[39m
[31m+         } else {[39m
[31m+           versionStatus = 'Compliant';[39m
[31m+           versionDetails = `Version v${inputVer} matches or exceeds secure baseline standards (v${baseline}).`;[39m
[31m+         }[39m
[31m+       } else {[39m
[31m+         versionDetails = `Assumed compatible with baseline standards (Recommended baseline: v${baseline}).`;[39m
[31m+       }[39m
[31m+     } else {[39m
[31m+       versionDetails = 'Unregistered custom software. Compliance baseline has not been defined in the Master Bible.';[39m
[31m+     }[39m
[31m+ [39m
[31m+     let licenseStatus: 'Compliant' | 'Warning' | 'Fail' = 'Compliant';[39m
[31m+     let licenseDetails = '';[39m
[31m+ [39m
[31m+     if (matchedBp) {[39m
[31m+       const allowed = matchedBp.allowedLicenses.map((l: string) => l.toLowerCase());[39m
[31m+       const disallowed = matchedBp.disallowedLicenses.map((l: string) => l.toLowerCase());[39m
[31m+       const queryLic = sandboxLicense.trim().toLowerCase();[39m
[31m+ [39m
[31m+       if (disallowed.includes(queryLic)) {[39m
[31m+         licenseStatus = 'Fail';[39m
[31m+         licenseDetails = `License "${sandboxLicense}" is strictly prohibited for the enterprise by corporate policy. Refuse deployments.`;[39m
[31m+       } else if (allowed.length > 0 && !allowed.includes(queryLic)) {[39m
[31m+         licenseStatus = 'Warning';[39m
[31m+         licenseDetails = `License "${sandboxLicense}" is not explicitly greenlisted in the Master Bible for ${matchedBp.name}. Legal review recommended.`;[39m
[31m+       } else {[39m
[31m+         licenseStatus = 'Compliant';[39m
[31m+         licenseDetails = `License "${sandboxLicense}" matches greenlisted standards for this software class.`;[39m
[31m+       }[39m
[31m+     } else {[39m
[31m+       const queryLic = sandboxLicense.trim().toLowerCase();[39m
[31m+       if (['gpl-3.0', 'agpl-3.0', 'gpl-3.0-only', 'agpl-3.0-only', 'sspl-1.0'].includes(queryLic)) {[39m
[31m+         licenseStatus = 'Fail';[39m
[31m+         licenseDetails = `Copyleft license "${sandboxLicense}" detected. Deploying to commercial client clouds presents critical proprietary exposure risks.`;[39m
[31m+       } else {[39m
[31m+         licenseStatus = 'Compliant';[39m
[31m+         licenseDetails = `License "${sandboxLicense}" is typical of standard permissible open-source software libraries.`;[39m
[31m+       }[39m
[31m+     }[39m
[31m+ [39m
[31m+     const complianceTarget = matchedBp ? matchedBp.complianceTarget : 'General NIST SP 800-53 Rev 5 / CIS Safeguards';[39m
[31m+     const safeguardPolicy = matchedBp ? matchedBp.safeguardPolicy : 'Verify cryptographic signature (SLSA/Cosign), restrict container capabilities, and verify dependency CVE maps prior to operational staging.';[39m
[31m+ [39m
[31m+     let overallStatus: 'PASS' | 'WARN' | 'FAIL' = 'PASS';[39m
[31m+     if (versionStatus === 'Fail' || licenseStatus === 'Fail') {[39m
[31m+       overallStatus = 'FAIL';[39m
[31m+     } else if (versionStatus === 'Warning' || licenseStatus === 'Warning') {[39m
[31m+       overallStatus = 'WARN';[39m
[31m+     }[39m
[31m+ [39m
[31m+     setSandboxReport({[39m
[31m+       productName: targetName,[39m
[31m+       version: inputVer || 'unknown',[39m
[31m+       license: sandboxLicense,[39m
[31m+       environment: sandboxEnv,[39m
[31m+       overallStatus,[39m
[31m+       versionStatus,[39m
[31m+       versionDetails,[39m
[31m+       licenseStatus,[39m
[31m+       licenseDetails,[39m
[31m+       complianceTarget,[39m
[31m+       safeguardPolicy,[39m
[31m+       timestamp: new Date().toISOString()[39m
[31m+     });[39m
[31m+   };[39m
[31m+ [39m
[31m+   return ([39m
[31m+     <div className="space-y-4" id="msp-settings-view">[39m
[31m+       {/* Page Header */}[39m
[31m+       <div className="flex flex-col gap-3 sm:flex-row sm:items-center sm:justify-between">[39m
[31m+         <div>[39m
[31m+           <h1 className="text-[22px] font-semibold text-[#201f1e] flex items-center gap-2">[39m
[31m+             <Settings className="h-4 w-4 text-[#0f6cbd]" />[39m
[31m+             <span>Platform Settings & Compliance Bible</span>[39m
[31m+           </h1>[39m
[31m+           <p className="mt-1 text-[13px] text-[#605e5c]">[39m
[31m+             Configure thresholds, SAML authentication gateways, operator sessions, and the master product security Bible.[39m
[31m+           </p>[39m
[31m+         </div>[39m
[31m+ [39m
[31m+         <button[39m
[31m+           onClick={fetchAuthDataLedgers}[39m
[31m+           disabled={loadingLedgers}[39m
[31m+           className="inline-flex h-9 items-center gap-1.5 rounded border border-[#c8c6c4] px-3 text-[13px] font-medium text-[#323130] hover:bg-black/[.03] disabled:opacity-60"[39m
[31m+         >[39m
[31m+           <RefreshCw className={`h-3.5 w-3.5 ${loadingLedgers ? 'animate-spin' : ''}`} />[39m
[31m+           <span>Sync Audits</span>[39m
[31m+         </button>[39m
[31m+       </div>[39m
[31m+ [39m
[31m+       {/* Sub-Tab Selector */}[39m
[31m+       <div className="flex gap-1 border-b border-[#e1dfdd]">[39m
[31m+         <button[39m
[31m+           type="button"[39m
[31m+           onClick={() => setActiveSubTab('configurations')}[39m
[31m+           className={`flex items-center gap-1.5 px-3 py-2 text-[13px] font-medium border-b-2 -mb-px ${[39m
[31m+             activeSubTab === 'configurations'[39m
[31m+               ? 'border-[#0f6cbd] text-[#0f6cbd]'[39m
[31m+               : 'border-transparent text-[#605e5c] hover:text-[#323130]'[39m
[31m+           }`}[39m
[31m+         >[39m
[31m+           <Sliders className="h-3.5 w-3.5" />[39m
[31m+           <span>Configurations</span>[39m
[31m+         </button>[39m
[31m+         <button[39m
[31m+           type="button"[39m
[31m+           onClick={() => setActiveSubTab('organization')}[39m
[31m+           className={`flex items-center gap-1.5 px-3 py-2 text-[13px] font-medium border-b-2 -mb-px ${[39m
[31m+             activeSubTab === 'organization'[39m
[31m+               ? 'border-[#0f6cbd] text-[#0f6cbd]'[39m
[31m+               : 'border-transparent text-[#605e5c] hover:text-[#323130]'[39m
[31m+           }`}[39m
[31m+         >[39m
[31m+           <Layers className="h-3.5 w-3.5" />[39m
[31m+           <span>Team & Profile</span>[39m
[31m+         </button>[39m
[31m+         <button[39m
[31m+           type="button"[39m
[31m+           onClick={() => setActiveSubTab('bible')}[39m
[31m+           className={`flex items-center gap-1.5 px-3 py-2 text-[13px] font-medium border-b-2 -mb-px ${[39m
[31m+             activeSubTab === 'bible'[39m
[31m+               ? 'border-[#0f6cbd] text-[#0f6cbd]'[39m
[31m+               : 'border-transparent text-[#605e5c] hover:text-[#323130]'[39m
[31m+           }`}[39m
[31m+         >[39m
[31m+           <BookOpen className="h-3.5 w-3.5" />[39m
[31m+           <span>Master Bible</span>[39m
[31m+         </button>[39m
[31m+       </div>[39m
[31m+ [39m
[31m+       {activeSubTab === 'configurations' ? ([39m
[31m+         <div className="grid grid-cols-1 lg:grid-cols-3 gap-4">[39m
[31m+           {/* Left Column: Core Preferences */}[39m
[31m+           <div className="lg:col-span-2 space-y-4">[39m
[31m+ [39m
[31m+             <details className="rounded-md border border-[#e1dfdd] bg-[#faf9f8] text-[13px]">[39m
[31m+               <summary className="cursor-pointer select-none px-3 py-2 font-medium text-[#323130]">What is this? &middot; How it works</summary>[39m
[31m+               <div className="px-3 pb-3 text-[#605e5c]">[39m
[31m+                 <p>Platform-wide thresholds, single sign-on, and session controls for this workspace.</p>[39m
[31m+                 <ol className="mt-1.5 list-decimal space-y-0.5 pl-4">[39m
[31m+                   <li>Set the trust score threshold that triggers alerts.</li>[39m
[31m+                   <li>Configure the SAML identity provider your organization uses to sign in.</li>[39m
[31m+                   <li>Review and revoke active operator sessions if needed.</li>[39m
[31m+                 </ol>[39m
[31m+               </div>[39m
[31m+             </details>[39m
[31m+ [39m
[31m+             {/* General platform settings card */}[39m
[31m+             <div className="rounded-md border border-[#e1dfdd] bg-white p-4 space-y-3">[39m
[31m+               <h3 className="flex items-center gap-1.5 border-b border-[#e1dfdd] pb-2 text-[14px] font-semibold text-[#201f1e]">[39m
[31m+                 <Sliders className="h-4 w-4 text-[#0f6cbd]" />[39m
[31m+                 <span>General platform parameters</span>[39m
[31m+               </h3>[39m
[31m+ [39m
[31m+               <div className="space-y-3 text-[13px]">[39m
[31m+                 <div className="flex flex-col gap-1">[39m
[31m+                   <label className="font-medium text-[#323130]">Audit trust SLA target threshold (score)</label>[39m
[31m+                   <div className="flex items-center gap-2">[39m
[31m+                     <input[39m
[31m+                       type="range"[39m
[31m+                       min="60"[39m
[31m+                       max="98"[39m
[31m+                       value={slaTarget}[39m
[31m+                       onChange={(e) => setSlaTarget(Number(e.target.value))}[39m
[31m+                       className="h-1.5 flex-1 cursor-pointer accent-[#0f6cbd]"[39m
[31m+                     />[39m
[31m+                     <span className="rounded border border-[#c8c6c4] bg-[#eff6fc] px-2 py-1 font-medium text-[#0f6cbd]">[39m
[31m+                       {slaTarget}/100[39m
[31m+                     </span>[39m
[31m+                   </div>[39m
[31m+                   <p className="text-[12px] text-[#605e5c]">Alerts are compiled if a software passport overall rating drops below this value.</p>[39m
[31m+                 </div>[39m
[31m+ [39m
[31m+                 <div className="flex items-center justify-between gap-4 border-t border-[#e1dfdd] pt-3">[39m
[31m+                   <div>[39m
[31m+                     <span className="block font-medium text-[#323130]">Enable automated daily recalculation scans</span>[39m
[31m+                     <p className="text-[12px] text-[#605e5c]">Automatically scan active client software inventory on CVE database updates.</p>[39m
[31m+                   </div>[39m
[31m+                   <input[39m
[31m+                     type="checkbox"[39m
[31m+                     defaultChecked[39m
[31m+                     className="h-4 w-4 rounded border-[#c8c6c4] text-[#0f6cbd] focus:ring-[#0f6cbd]"[39m
[31m+                   />[39m
[31m+                 </div>[39m
[31m+               </div>[39m
[31m+             </div>[39m
[31m+ [39m
[31m+             {/* Theme & Interface Customization Card */}[39m
[31m+             <div className="rounded-md border border-[#e1dfdd] bg-white p-4 space-y-3">[39m
[31m+               <h3 className="flex items-center gap-1.5 border-b border-[#e1dfdd] pb-2 text-[14px] font-semibold text-[#201f1e]">[39m
[31m+                 <Sun className="h-4 w-4 text-[#0f6cbd]" />[39m
[31m+                 <span>Theme & interface</span>[39m
[31m+               </h3>[39m
[31m+ [39m
[31m+               <div className="space-y-3 text-[13px]">[39m
[31m+                 <div className="flex flex-col gap-1">[39m
[31m+                   <span className="font-medium text-[#323130]">Active theme preference</span>[39m
[31m+                   <p className="text-[12px] text-[#605e5c]">Choose between a light interface or a dark interface for operating centers.</p>[39m
[31m+                 </div>[39m
[31m+ [39m
[31m+                 <div className="grid grid-cols-2 gap-2">[39m
[31m+                   <button[39m
[31m+                     type="button"[39m
[31m+                     onClick={() => theme === 'dark' && onToggleTheme()}[39m
[31m+                     className={`flex h-9 items-center justify-center gap-2 rounded border text-[13px] font-medium ${[39m
[31m+                       theme === 'light'[39m
[31m+                         ? 'border-[#0f6cbd] bg-[#eff6fc] text-[#0f6cbd]'[39m
[31m+                         : 'border-[#c8c6c4] text-[#323130] hover:bg-black/[.03]'[39m
[31m+                     }`}[39m
[31m+                   >[39m
[31m+                     <Sun className="h-3.5 w-3.5" />[39m
[31m+                     <span>Light mode</span>[39m
[31m+                   </button>[39m
[31m+ [39m
[31m+                   <button[39m
[31m+                     type="button"[39m
[31m+                     onClick={() => theme === 'light' && onToggleTheme()}[39m
[31m+                     className={`flex h-9 items-center justify-center gap-2 rounded border text-[13px] font-medium ${[39m
[31m+                       theme === 'dark'[39m
[31m+                         ? 'border-[#0f6cbd] bg-[#eff6fc] text-[#0f6cbd]'[39m
[31m+                         : 'border-[#c8c6c4] text-[#323130] hover:bg-black/[.03]'[39m
[31m+                     }`}[39m
[31m+                   >[39m
[31m+                     <Moon className="h-3.5 w-3.5" />[39m
[31m+                     <span>Dark mode</span>[39m
[31m+                   </button>[39m
[31m+                 </div>[39m
[31m+               </div>[39m
[31m+             </div>[39m
[31m+ [39m
[31m+             {/* SAML SSO Configuration Card */}[39m
[31m+             <div className="rounded-md border border-[#e1dfdd] bg-white p-4 space-y-3">[39m
[31m+               <h3 className="flex items-center gap-1.5 border-b border-[#e1dfdd] pb-2 text-[14px] font-semibold text-[#201f1e]">[39m
[31m+                 <Globe className="h-4 w-4 text-[#0f6cbd]" />[39m
[31m+                 <span>Enterprise SAML / SSO integration</span>[39m
[31m+               </h3>[39m
[31m+ [39m
[31m+               <div className="space-y-3 text-[13px]">[39m
[31m+                 <div className="flex items-center justify-between gap-4">[39m
[31m+                   <div>[39m
[31m+                     <span className="block font-medium text-[#323130]">SAML SSO access gate</span>[39m
[31m+                     <p className="text-[12px] text-[#605e5c]">Redirect unauthenticated corporate domains to the unified identity provider (IdP).</p>[39m
[31m+                   </div>[39m
[31m+                   <button[39m
[31m+                     onClick={() => setSsoEnabled(!ssoEnabled)}[39m
[31m+                     className={`inline-flex h-8 items-center gap-1.5 rounded border px-2.5 text-[12px] font-medium ${[39m
[31m+                       ssoEnabled ? 'border-[#c8c6c4] bg-[#dff6dd] text-[#0e700e]' : 'border-[#c8c6c4] bg-[#f3f2f1] text-[#605e5c]'[39m
[31m+                     }`}[39m
[31m+                   >[39m
[31m+                     <span className={`h-1.5 w-1.5 rounded-full ${ssoEnabled ? 'bg-[#0e700e]' : 'bg-[#8a8886]'}`} />[39m
[31m+                     {ssoEnabled ? 'SSO active' : 'SSO inactive'}[39m
[31m+                   </button>[39m
[31m+                 </div>[39m
[31m+ [39m
[31m+                 <div className="grid grid-cols-1 gap-3 border-t border-[#e1dfdd] pt-3 md:grid-cols-2">[39m
[31m+                   <div>[39m
[31m+                     <label className="mb-1 block text-[12px] font-medium text-[#605e5c]">Corporate identity provider</label>[39m
[31m+                     <input[39m
[31m+                       type="text"[39m
[31m+                       value={ssoProvider}[39m
[31m+                       onChange={(e) => setSsoProvider(e.target.value)}[39m
[31m+                       className="h-9 w-full rounded border border-[#c8c6c4] px-2.5 text-[13px] focus:border-[#0f6cbd] focus:outline-none focus:ring-1 focus:ring-[#0f6cbd]"[39m
[31m+                     />[39m
[31m+                   </div>[39m
[31m+                   <div>[39m
[31m+                     <label className="mb-1 block text-[12px] font-medium text-[#605e5c]">Client ID / issuer URL</label>[39m
[31m+                     <input[39m
[31m+                       type="text"[39m
[31m+                       value={ssoClientId}[39m
[31m+                       onChange={(e) => setSsoClientId(e.target.value)}[39m
[31m+                       className="h-9 w-full rounded border border-[#c8c6c4] px-2.5 font-mono text-[13px] focus:border-[#0f6cbd] focus:outline-none focus:ring-1 focus:ring-[#0f6cbd]"[39m
[31m+                     />[39m
[31m+                   </div>[39m
[31m+                   <div className="md:col-span-2">[39m
[31m+                     <label className="mb-1 block text-[12px] font-medium text-[#605e5c]">SAML 2.0 metadata XML endpoint URL</label>[39m
[31m+                     <input[39m
[31m+                       type="text"[39m
[31m+                       value={ssoMetadataUrl}[39m
[31m+                       onChange={(e) => setSsoMetadataUrl(e.target.value)}[39m
[31m+                       className="h-9 w-full rounded border border-[#c8c6c4] px-2.5 font-mono text-[13px] focus:border-[#0f6cbd] focus:outline-none focus:ring-1 focus:ring-[#0f6cbd]"[39m
[31m+                     />[39m
[31m+                   </div>[39m
[31m+                 </div>[39m
[31m+               </div>[39m
[31m+             </div>[39m
[31m+ [39m
[31m+             {/* Active Sessions Monitoring Ledger */}[39m
[31m+             <div className="rounded-md border border-[#e1dfdd] bg-white p-4 space-y-3">[39m
[31m+               <h3 className="flex items-center justify-between border-b border-[#e1dfdd] pb-2 text-[14px] font-semibold text-[#201f1e]">[39m
[31m+                 <span className="flex items-center gap-1.5">[39m
[31m+                   <Lock className="h-4 w-4 text-[#0f6cbd]" />[39m
[31m+                   <span>Active operator sessions</span>[39m
[31m+                 </span>[39m
[31m+                 <span className="rounded border border-[#c8c6c4] bg-[#eff6fc] px-2 py-0.5 text-[12px] font-medium text-[#0f6cbd]">[39m
[31m+                   {sessions.length} active[39m
[31m+                 </span>[39m
[31m+               </h3>[39m
[31m+ [39m
[31m+               <div className="overflow-x-auto">[39m
[31m+                 <table className="w-full border-collapse text-left text-[13px]">[39m
[31m+                   <thead>[39m
[31m+                     <tr className="border-b border-[#e1dfdd] text-[11px] uppercase tracking-wide text-[#605e5c]">[39m
[31m+                       <th className="py-2 font-medium">User / identity</th>[39m
[31m+                       <th className="py-2 font-medium">IP address</th>[39m
[31m+                       <th className="py-2 font-medium">Device & location</th>[39m
[31m+                       <th className="py-2 text-right font-medium">Actions</th>[39m
[31m+                     </tr>[39m
[31m+                   </thead>[39m
[31m+                   <tbody>[39m
[31m+                     {sessions.map((sess) => ([39m
[31m+                       <tr key={sess.id} className="border-b border-[#f3f2f1] hover:bg-black/[.02]">[39m
[31m+                         <td className="py-2.5 pr-2 font-medium text-[#201f1e]">[39m
[31m+                           {sess.email}[39m
[31m+                           {sess.current && ([39m
[31m+                             <span className="ml-2 rounded border border-[#c8c6c4] bg-[#dff6dd] px-1.5 py-0.5 text-[11px] font-medium text-[#0e700e]">[39m
[31m+                               Current[39m
[31m+                             </span>[39m
[31m+                           )}[39m
[31m+                         </td>[39m
[31m+                         <td className="py-2.5 font-mono text-[#605e5c]">{sess.ip}</td>[39m
[31m+                         <td className="py-2.5 text-[#605e5c]">[39m
[31m+                           <span className="block">{sess.device}</span>[39m
[31m+                           <span className="text-[12px] text-[#8a8886]">{sess.location}</span>[39m
[31m+                         </td>[39m
[31m+                         <td className="py-2.5 text-right">[39m
[31m+                           {!sess.current && ([39m
[31m+                             <button[39m
[31m+                               onClick={() => handleRevokeSession(sess.id)}[39m
[31m+                               className="rounded p-1.5 text-[#a4262c] hover:bg-[#fdf2f2]"[39m
[31m+                               title="Revoke session and force termination"[39m
[31m+                             >[39m
[31m+                               <Trash2 className="h-3.5 w-3.5" />[39m
[31m+                             </button>[39m
[31m+                           )}[39m
[31m+                         </td>[39m
[31m+                       </tr>[39m
[31m+                     ))}[39m
[31m+                     {sessions.length === 0 && ([39m
[31m+                       <tr>[39m
[31m+                         <td colSpan={4} className="py-4 text-center text-[#8a8886]">[39m
[31m+                           No active sessions identified.[39m
[31m+                         </td>[39m
[31m+                       </tr>[39m
[31m+                     )}[39m
[31m+                   </tbody>[39m
[31m+                 </table>[39m
[31m+               </div>[39m
[31m+             </div>[39m
[31m+ [39m
[31m+             {/* Cryptographically Chained Audit Ledger visualization */}[39m
[31m+             <div className="rounded-md border border-[#e1dfdd] bg-white p-4 space-y-3">[39m
[31m+               <div className="flex items-center justify-between border-b border-[#e1dfdd] pb-2">[39m
[31m+                 <h3 className="flex items-center gap-1.5 text-[14px] font-semibold text-[#201f1e]">[39m
[31m+                   <FileCode className="h-4 w-4 text-[#0f6cbd]" />[39m
[31m+                   <span>Cryptographic audit ledger</span>[39m
[31m+                 </h3>[39m
[31m+                 <span className="inline-flex items-center gap-1.5 rounded border border-[#c8c6c4] bg-[#dff6dd] px-2 py-0.5 text-[12px] font-medium text-[#0e700e]">[39m
[31m+                   <span className="h-1.5 w-1.5 rounded-full bg-[#0e700e]" />[39m
[31m+                   Tamper-proof, SLA verified[39m
[31m+                 </span>[39m
[31m+               </div>[39m
[31m+ [39m
[31m+               <p className="text-[13px] text-[#605e5c]">[39m
[31m+                 Every critical login event and administrative action is recorded into a secure hash chain. Each block references the SHA-256 hash of its predecessor, creating an unalterable audit trail.[39m
[31m+               </p>[39m
[31m+ [39m
[31m+               {/* Integrity Scanner Trigger */}[39m
[31m+               <div className="flex flex-wrap items-center gap-2">[39m
[31m+                 <button[39m
[31m+                   type="button"[39m
[31m+                   onClick={handleVerifyLedger}[39m
[31m+                   disabled={verifyingLedger}[39m
[31m+                   className="inline-flex h-9 items-center gap-2 rounded bg-[#0f6cbd] px-3 text-[13px] font-medium text-white hover:bg-[#004578] disabled:opacity-60"[39m
[31m+                 >[39m
[31m+                   {verifyingLedger ? ([39m
[31m+                     <>[39m
[31m+                       <svg className="h-3.5 w-3.5 animate-spin text-white" fill="none" viewBox="0 0 24 24">[39m
[31m+                         <circle className="opacity-25" cx="12" cy="12" r="10" stroke="currentColor" strokeWidth="4" />[39m
[31m+                         <path className="opacity-75" fill="currentColor" d="M4 12a8 8 0 018-8V0C5.373 0 0 5.373 0 12h4zm2 5.291A7.962 7.962 0 014 12H0c0 3.042 1.135 5.824 3 7.938l3-2.647z" />[39m
[31m+                       </svg>[39m
[31m+                       <span>Verifying ledger…</span>[39m
[31m+                     </>[39m
[31m+                   ) : ([39m
[31m+                     <>[39m
[31m+                       <CheckCircle2 className="h-3.5 w-3.5" />[39m
[31m+                       <span>Verify chain integrity</span>[39m
[31m+                     </>[39m
[31m+                   )}[39m
[31m+                 </button>[39m
[31m+                 {verificationResult && ([39m
[31m+                   <button[39m
[31m+                     type="button"[39m
[31m+                     onClick={() => setVerificationResult(null)}[39m
[31m+                     className="inline-flex h-9 items-center rounded border border-[#c8c6c4] px-3 text-[13px] font-medium text-[#323130] hover:bg-black/[.03]"[39m
[31m+                   >[39m
[31m+                     Clear report[39m
[31m+                   </button>[39m
[31m+                 )}[39m
[31m+               </div>[39m
[31m+ [39m
[31m+               {/* Dynamic Verification Report */}[39m
[31m+               {verificationResult && ([39m
[31m+                 <div className={`space-y-2 rounded-md border p-3 text-[13px] ${[39m
[31m+                   verificationResult.isValid[39m
[31m+                     ? 'border-[#c8c6c4] bg-[#dff6dd] text-[#0e700e]'[39m
[31m+                     : 'border-[#c8c6c4] bg-[#fdf2f2] text-[#a4262c]'[39m
[31m+                 }`}>[39m
[31m+                   <div className="flex items-center justify-between">[39m
[31m+                     <span className="flex items-center gap-1.5 text-[12px] font-semibold uppercase tracking-wide">[39m
[31m+                       {verificationResult.isValid ? ([39m
[31m+                         <CheckCircle2 className="h-4 w-4 shrink-0" />[39m
[31m+                       ) : ([39m
[31m+                         <AlertCircle className="h-4 w-4 shrink-0" />[39m
[31m+                       )}[39m
[31m+                       <span>Ledger attestation report</span>[39m
[31m+                     </span>[39m
[31m+                     <span className="text-[11px] text-[#605e5c]">[39m
[31m+                       Verified at {new Date(verificationResult.verifiedAt).toLocaleTimeString()}[39m
[31m+                     </span>[39m
[31m+                   </div>[39m
[31m+                   <p className="text-[13px] leading-relaxed">[39m
[31m+                     {verificationResult.isValid[39m
[31m+                       ? `Checked sequential block hash connections across all ${verificationResult.totalBlocksVerified} audit ledger records. No database tampering, row injection, or signature modifications were identified.`[39m
[31m+                       : `Ledger validation check failed. Cryptographic hash mismatch or missing blocks. ${verificationResult.error || 'Please contact the system security administrator immediately.'}`}[39m
[31m+                   </p>[39m
[31m+ [39m
[31m+                   {/* Verified Blocks Scrollable List */}[39m
[31m+                   {verificationResult.details && verificationResult.details.length > 0 && ([39m
[31m+                     <div className="max-h-40 space-y-1.5 overflow-y-auto rounded border border-[#e1dfdd] bg-white p-2.5 font-mono text-[11px]">[39m
[31m+                       <div className="mb-1.5 border-b border-[#e1dfdd] pb-1 text-[11px] font-medium uppercase text-[#605e5c]">[39m
[31m+                         Cryptographic signatures checked[39m
[31m+                       </div>[39m
[31m+                       {verificationResult.details.map((vBlock: any, vIdx: number) => ([39m
[31m+                         <div key={vIdx} className="flex items-center justify-between gap-2">[39m
[31m+                           <div className="truncate text-[#605e5c]">[39m
[31m+                             Block #{vBlock.id} ({vBlock.action}):[39m
[31m+                             <span className="ml-1 select-all text-[#8a8886]">{vBlock.storedHash.substring(0, 16)}...</span>[39m
[31m+                           </div>[39m
[31m+                           <span className={`shrink-0 rounded px-1.5 py-0.5 text-[11px] font-medium ${[39m
[31m+                             vBlock.valid[39m
[31m+                               ? 'bg-[#dff6dd] text-[#0e700e]'[39m
[31m+                               : 'bg-[#fdf2f2] text-[#a4262c]'[39m
[31m+                           }`}>[39m
[31m+                             {vBlock.valid ? 'Verified' : 'Corrupt'}[39m
[31m+                           </span>[39m
[31m+                         </div>[39m
[31m+                       ))}[39m
[31m+                     </div>[39m
[31m+                   )}[39m
[31m+                 </div>[39m
[31m+               )}[39m
[31m+ [39m
[31m+               <div className="space-y-2">[39m
[31m+                 {auditChain.length === 0 && <p className="text-[13px] text-[#8a8886]">No audit events recorded yet.</p>}[39m
[31m+                 {auditChain.slice(0, 3).map((blockObj, idx) => ([39m
[31m+                   <div key={idx} className="relative space-y-1 rounded-md border border-[#e1dfdd] bg-[#faf9f8] p-3 font-mono text-[11px] text-[#605e5c]">[39m
[31m+                     <div className="absolute right-2 top-2 rounded bg-[#f3f2f1] px-1.5 py-0.5 text-[11px] font-medium text-[#605e5c]">[39m
[31m+                       Block #{auditChain.length - 1 - idx}[39m
[31m+                     </div>[39m
[31m+                     <div className="flex gap-2">[39m
[31m+                       <span className="font-medium uppercase text-[#0f6cbd]">Event:</span>[39m
[31m+                       <span className="font-medium text-[#201f1e]">[39m
[31m+                         {blockObj.block?.actionType || blockObj.block?.action || 'Genesis node initiated'}[39m
[31m+                       </span>[39m
[31m+                     </div>[39m
[31m+                     {blockObj.block?.userEmail && ([39m
[31m+                       <div className="flex gap-2">[39m
[31m+                         <span className="text-[#8a8886]">Identity:</span>[39m
[31m+                         <span className="font-medium text-[#323130]">{blockObj.block?.userEmail}</span>[39m
[31m+                       </div>[39m
[31m+                     )}[39m
[31m+                     <div className="space-y-0.5">[39m
[31m+                       <div className="flex gap-2 truncate">[39m
[31m+                         <span className="shrink-0 font-medium uppercase text-[#8a8886]">Block hash:</span>[39m
[31m+                         <span className="select-all truncate text-[#0f6cbd]">{blockObj.hash}</span>[39m
[31m+                       </div>[39m
[31m+                       <div className="flex gap-2 truncate">[39m
[31m+                         <span className="shrink-0 uppercase text-[#8a8886]">Prev hash:</span>[39m
[31m+                         <span className="select-all truncate text-[#605e5c]">{blockObj.previousHash}</span>[39m
[31m+                       </div>[39m
[31m+                     </div>[39m
[31m+                   </div>[39m
[31m+                 ))}[39m
[31m+               </div>[39m
[31m+             </div>[39m
[31m+ [39m
[31m+             {/* Security Credentials settings */}[39m
[31m+             <div className="rounded-md border border-[#e1dfdd] bg-white p-4 space-y-3">[39m
[31m+               <h3 className="flex items-center gap-1.5 border-b border-[#e1dfdd] pb-2 text-[14px] font-semibold text-[#201f1e]">[39m
[31m+                 <KeyRound className="h-4 w-4 text-[#0f6cbd]" />[39m
[31m+                 <span>Operator authentication & security keys</span>[39m
[31m+               </h3>[39m
[31m+ [39m
[31m+               <div className="space-y-3 text-[13px]">[39m
[31m+                 <div className="flex items-center justify-between gap-4">[39m
[31m+                   <div>[39m
[31m+                     <span className="block font-medium text-[#323130]">Enforce multi-factor authentication (MFA)</span>[39m
[31m+                     <p className="text-[12px] text-[#605e5c]">All MSP users must provide TOTP codes on logon.</p>[39m
[31m+                   </div>[39m
[31m+                   <button[39m
[31m+                     onClick={() => setMfaEnabled(!mfaEnabled)}[39m
[31m+                     className={`inline-flex h-8 items-center gap-1.5 rounded border px-2.5 text-[12px] font-medium ${[39m
[31m+                       mfaEnabled ? 'border-[#c8c6c4] bg-[#dff6dd] text-[#0e700e]' : 'border-[#c8c6c4] bg-[#f3f2f1] text-[#605e5c]'[39m
[31m+                     }`}[39m
[31m+                   >[39m
[31m+                     <span className={`h-1.5 w-1.5 rounded-full ${mfaEnabled ? 'bg-[#0e700e]' : 'bg-[#8a8886]'}`} />[39m
[31m+                     {mfaEnabled ? 'MFA enabled' : 'MFA disabled'}[39m
[31m+                   </button>[39m
[31m+                 </div>[39m
[31m+ [39m
[31m+                 <div className="flex items-center justify-between gap-4 border-t border-[#e1dfdd] pt-3">[39m
[31m+                   <div>[39m
[31m+                     <span className="block font-medium text-[#323130]">Cryptographic PGP auditing key (private)</span>[39m
[31m+                     <p className="text-[12px] text-[#605e5c]">Used for signing generated software passports and audit attestations.</p>[39m
[31m+                   </div>[39m
[31m+                   <button className="inline-flex h-8 items-center rounded border border-[#c8c6c4] px-3 text-[13px] font-medium text-[#323130] hover:bg-black/[.03]">[39m
[31m+                     Regenerate sign key[39m
[31m+                   </button>[39m
[31m+                 </div>[39m
[31m+ [39m
[31m+                 <div className="flex items-center justify-between gap-4 rounded-md border border-[#a4262c]/30 bg-[#fdf2f2] p-3">[39m
[31m+                   <div>[39m
[31m+                     <span className="flex items-center gap-1.5 font-semibold text-[#a4262c]">[39m
[31m+                       <Shield className="h-3.5 w-3.5" /> Tenant offboarding & data deletion (DPA compliance)[39m
[31m+                     </span>[39m
[31m+                     <p className="mt-1 text-[12px] text-[#605e5c]">[39m
[31m+                       Cascading-delete all client lists, passports, vulnerability logs, and active integrations. This action is immediate and irreversible under GDPR/DPA compliance standards.[39m
[31m+                     </p>[39m
[31m+                   </div>[39m
[31m+                   <button[39m
[31m+                     onClick={handleOffboardTenant}[39m
[31m+                     disabled={!isOwner || offboarding}[39m
[31m+                     title={!isOwner ? `Your ${currentRole} role cannot offboard this workspace. Owner is required.` : undefined}[39m
[31m+                     className="inline-flex h-9 shrink-0 items-center rounded bg-[#a4262c] px-3 text-[13px] font-medium text-white hover:bg-[#8a1f24] disabled:cursor-not-allowed disabled:opacity-50"[39m
[31m+                   >[39m
[31m+                     {offboarding ? 'Purging…' : 'Offboard workspace'}[39m
[31m+                   </button>[39m
[31m+                 </div>[39m
[31m+               </div>[39m
[31m+             </div>[39m
[31m+ [39m
[31m+             <div className="flex items-center justify-end gap-3">[39m
[31m+               {saveSuccess && ([39m
[31m+                 <span className="flex items-center gap-1.5 text-[12px] font-medium text-[#8a5700]">[39m
[31m+                   <CheckCircle className="h-3.5 w-3.5" />[39m
[31m+                   <span>Not saved to a server — these fields are local to this browser session only.</span>[39m
[31m+                 </span>[39m
[31m+               )}[39m
[31m+               <button[39m
[31m+                 onClick={handleSaveSettings}[39m
[31m+                 title="These settings are not persisted to a backend yet."[39m
[31m+                 className="inline-flex h-9 items-center rounded bg-[#0f6cbd] px-4 text-[13px] font-medium text-white hover:bg-[#004578]"[39m
[31m+               >[39m
[31m+                 Save platform settings[39m
[31m+               </button>[39m
[31m+             </div>[39m
[31m+           </div>[39m
[31m+ [39m
[31m+           {/* Right Column: Information panel & Live CI/CD Diagnostics */}[39m
[31m+           <div className="space-y-4">[39m
[31m+ [39m
[31m+             {/* Active Login Audit Trail Panel */}[39m
[31m+             <div className="rounded-md border border-[#e1dfdd] bg-white p-4 space-y-3">[39m
[31m+               <h3 className="flex items-center gap-1.5 border-b border-[#e1dfdd] pb-2 text-[14px] font-semibold text-[#201f1e]">[39m
[31m+                 <Fingerprint className="h-4 w-4 text-[#0f6cbd]" />[39m
[31m+                 <span>Real-time login audit trail</span>[39m
[31m+               </h3>[39m
[31m+ [39m
[31m+               <div className="max-h-72 space-y-2 overflow-y-auto">[39m
[31m+                 {history.map((log) => ([39m
[31m+                   <div key={log.id} className="space-y-1 rounded-md border border-[#e1dfdd] bg-[#faf9f8] p-2.5 text-[12px]">[39m
[31m+                     <div className="flex items-center justify-between">[39m
[31m+                       <span className="max-w-36 truncate font-medium text-[#323130]">{log.email}</span>[39m
[31m+                       <span className={`rounded px-1.5 py-0.5 text-[11px] font-medium ${[39m
[31m+                         log.status === 'Verified' ? 'bg-[#dff6dd] text-[#0e700e]' : 'bg-[#fdf2f2] text-[#a4262c]'[39m
[31m+                       }`}>[39m
[31m+                         {log.status}[39m
[31m+                       </span>[39m
[31m+                     </div>[39m
[31m+                     <div className="text-[#605e5c]">[39m
[31m+                       <span className="block">{log.action}</span>[39m
[31m+                       <span className="mt-0.5 block text-[11px] text-[#8a8886]">{new Date(log.timestamp).toLocaleString()}</span>[39m
[31m+                     </div>[39m
[31m+                     <div className="flex justify-between border-t border-[#e1dfdd] pt-1 text-[11px] text-[#8a8886]">[39m
[31m+                       <span>IP: {log.ip}</span>[39m
[31m+                       <span>Loc: {log.location}</span>[39m
[31m+                     </div>[39m
[31m+                   </div>[39m
[31m+                 ))}[39m
[31m+                 {history.length === 0 && ([39m
[31m+                   <p className="py-4 text-center text-[13px] text-[#8a8886]">No audit logs identified.</p>[39m
[31m+                 )}[39m
[31m+               </div>[39m
[31m+             </div>[39m
[31m+ [39m
[31m+             <div className="rounded-md border border-[#e1dfdd] bg-white p-4 space-y-3">[39m
[31m+               <h3 className="flex items-center gap-1.5 border-b border-[#e1dfdd] pb-2 text-[14px] font-semibold text-[#201f1e]">[39m
[31m+                 <Shield className="h-4 w-4 text-[#8a8886]" />[39m
[31m+                 <span>Platform pedigree coordinates</span>[39m
[31m+               </h3>[39m
[31m+ [39m
[31m+               <div className="space-y-2 text-[13px] text-[#605e5c]">[39m
[31m+                 <div className="flex justify-between border-b border-[#f3f2f1] pb-1.5">[39m
[31m+                   <span>Portal service</span>[39m
[31m+                   <span className="font-medium text-[#323130]">SPR-CORE-VM</span>[39m
[31m+                 </div>[39m
[31m+                 <div className="flex justify-between border-b border-[#f3f2f1] pb-1.5">[39m
[31m+                   <span>Compilation</span>[39m
[31m+                   <span className="font-medium text-[#323130]">Docker prod v2.4</span>[39m
[31m+                 </div>[39m
[31m+                 <div className="flex justify-between pb-1.5">[39m
[31m+                   <span>SLA compliance</span>[39m
[31m+                   <span className="font-medium text-[#0e700e]">99.98%</span>[39m
[31m+                 </div>[39m
[31m+               </div>[39m
[31m+             </div>[39m
[31m+ [39m
[31m+             <div className="rounded-md border border-[#e1dfdd] bg-white p-4 space-y-3">[39m
[31m+               <h3 className="flex items-center gap-1.5 border-b border-[#e1dfdd] pb-2 text-[14px] font-semibold text-[#201f1e]">[39m
[31m+                 <CheckCircle className="h-4 w-4 text-[#0e700e]" />[39m
[31m+                 <span>Readiness diagnostics</span>[39m
[31m+               </h3>[39m
[31m+               <p className="text-[13px] text-[#605e5c]">[39m
[31m+                 Checks live database connectivity via the same /api/ready probe an orchestrator uses. This does not verify row-level isolation, OAuth handshakes, or API quota — those have no self-check endpoint yet.[39m
[31m+               </p>[39m
[31m+ [39m
[31m+               <button[39m
[31m+                 onClick={runDiagnosticSuite}[39m
[31m+                 disabled={testing}[39m
[31m+                 className="h-9 w-full rounded border border-[#c8c6c4] text-[13px] font-medium text-[#323130] hover:bg-black/[.03] disabled:opacity-60"[39m
[31m+               >[39m
[31m+                 {testing ? 'Checking…' : 'Check readiness'}[39m
[31m+               </button>[39m
[31m+ [39m
[31m+               {testResults.length > 0 && ([39m
[31m+                 <div className="space-y-2 border-t border-[#e1dfdd] pt-2">[39m
[31m+                   {testResults.map((t: any, idx: number) => ([39m
[31m+                     <div key={idx} className="space-y-0.5 text-[12px]">[39m
[31m+                       <div className="flex items-center justify-between">[39m
[31m+                         <span className="font-medium text-[#323130]">{t.name}</span>[39m
[31m+                         <span className={`rounded px-1.5 py-0.5 text-[11px] font-medium ${[39m
[31m+                           t.status === 'PASS' ? 'bg-[#dff6dd] text-[#0e700e]' : 'bg-[#fdf2f2] text-[#a4262c]'[39m
[31m+                         }`}>[39m
[31m+                           {t.status}[39m
[31m+                         </span>[39m
[31m+                       </div>[39m
[31m+                       <p className="leading-snug text-[#605e5c]">{t.details}</p>[39m
[31m+                     </div>[39m
[31m+                   ))}[39m
[31m+                 </div>[39m
[31m+               )}[39m
[31m+             </div>[39m
[31m+           </div>[39m
[31m+         </div>[39m
[31m+       ) : activeSubTab === 'organization' ? ([39m
[31m+         <div className="grid grid-cols-1 lg:grid-cols-3 gap-4">[39m
[31m+           {/* Profile Management Section */}[39m
[31m+           <div className="lg:col-span-1 space-y-4">[39m
[31m+             <div className="rounded-md border border-[#e1dfdd] bg-white p-4 space-y-3">[39m
[31m+               <h3 className="flex items-center gap-1.5 border-b border-[#e1dfdd] pb-2 text-[14px] font-semibold text-[#201f1e]">[39m
[31m+                 <Sliders className="h-4 w-4 text-[#0f6cbd]" />[39m
[31m+                 <span>User profile credentials</span>[39m
[31m+               </h3>[39m
[31m+ [39m
[31m+               {teamError && ([39m
[31m+                 <div className="flex gap-2 rounded-md border border-[#a4262c]/30 bg-[#fdf2f2] p-3 text-[13px] text-[#a4262c]">[39m
[31m+                   <ShieldAlert className="h-3.5 w-3.5 shrink-0" />[39m
[31m+                   <p>{teamError}</p>[39m
[31m+                 </div>[39m
[31m+               )}[39m
[31m+ [39m
[31m+               {teamSuccess && ([39m
[31m+                 <div className="flex gap-2 rounded-md border border-[#0e700e]/30 bg-[#dff6dd] p-3 text-[13px] text-[#0e700e]">[39m
[31m+                   <CheckCircle2 className="h-3.5 w-3.5 shrink-0" />[39m
[31m+                   <p>{teamSuccess}</p>[39m
[31m+                 </div>[39m
[31m+               )}[39m
[31m+ [39m
[31m+               {editingProfile ? ([39m
[31m+                 <form onSubmit={handleSaveProfile} className="space-y-3">[39m
[31m+                   <div className="flex flex-col gap-1">[39m
[31m+                     <label className="text-[12px] font-medium text-[#605e5c]">Display name</label>[39m
[31m+                     <input[39m
[31m+                       type="text"[39m
[31m+                       required[39m
[31m+                       value={profileName}[39m
[31m+                       onChange={(e) => setProfileName(e.target.value)}[39m
[31m+                       className="h-9 w-full rounded border border-[#c8c6c4] px-2.5 text-[13px] focus:border-[#0f6cbd] focus:outline-none focus:ring-1 focus:ring-[#0f6cbd]"[39m
[31m+                     />[39m
[31m+                   </div>[39m
[31m+ [39m
[31m+                   <div className="flex flex-col gap-1">[39m
[31m+                     <label className="text-[12px] font-medium text-[#605e5c]">Corporate job title</label>[39m
[31m+                     <input[39m
[31m+                       type="text"[39m
[31m+                       required[39m
[31m+                       value={profileJobTitle}[39m
[31m+                       onChange={(e) => setProfileJobTitle(e.target.value)}[39m
[31m+                       className="h-9 w-full rounded border border-[#c8c6c4] px-2.5 text-[13px] focus:border-[#0f6cbd] focus:outline-none focus:ring-1 focus:ring-[#0f6cbd]"[39m
[31m+                     />[39m
[31m+                   </div>[39m
[31m+ [39m
[31m+                   <div className="flex flex-col gap-1">[39m
[31m+                     <label className="text-[12px] font-medium text-[#605e5c]">Organization name</label>[39m
[31m+                     <input[39m
[31m+                       type="text"[39m
[31m+                       required[39m
[31m+                       value={profileCompany}[39m
[31m+                       onChange={(e) => setProfileCompany(e.target.value)}[39m
[31m+                       className="h-9 w-full rounded border border-[#c8c6c4] px-2.5 text-[13px] focus:border-[#0f6cbd] focus:outline-none focus:ring-1 focus:ring-[#0f6cbd]"[39m
[31m+                     />[39m
[31m+                   </div>[39m
[31m+ [39m
[31m+                   <div className="flex justify-end gap-2 pt-1">[39m
[31m+                     <button[39m
[31m+                       type="button"[39m
[31m+                       onClick={() => setEditingProfile(false)}[39m
[31m+                       className="inline-flex h-9 items-center rounded border border-[#c8c6c4] px-3 text-[13px] font-medium text-[#323130] hover:bg-black/[.03]"[39m
[31m+                     >[39m
[31m+                       Cancel[39m
[31m+                     </button>[39m
[31m+                     <button[39m
[31m+                       type="submit"[39m
[31m+                       className="inline-flex h-9 items-center rounded bg-[#0f6cbd] px-3 text-[13px] font-medium text-white hover:bg-[#004578]"[39m
[31m+                     >[39m
[31m+                       Save profile[39m
[31m+                     </button>[39m
[31m+                   </div>[39m
[31m+                 </form>[39m
[31m+               ) : ([39m
[31m+                 <div className="space-y-3">[39m
[31m+                   <div className="flex items-center gap-3">[39m
[31m+                     <div className="flex h-11 w-11 items-center justify-center rounded-full border border-[#c8c6c4] bg-[#eff6fc] text-[15px] font-semibold text-[#0f6cbd]">[39m
[31m+                       {profileName ? profileName.substring(0, 2).toUpperCase() : 'U'}[39m
[31m+                     </div>[39m
[31m+                     <div>[39m
[31m+                       <h4 className="text-[14px] font-semibold text-[#201f1e]">[39m
[31m+                         {profileName || 'Active Operator'}[39m
[31m+                       </h4>[39m
[31m+                       <p className="mt-0.5 text-[12px] text-[#605e5c]">[39m
[31m+                         {profileJobTitle || 'Workspace Administrator'}[39m
[31m+                       </p>[39m
[31m+                     </div>[39m
[31m+                   </div>[39m
[31m+ [39m
[31m+                   <div className="space-y-1.5 border-t border-[#e1dfdd] pt-3 text-[12px] text-[#605e5c]">[39m
[31m+                     <div className="flex justify-between">[39m
[31m+                       <span>Email identifier</span>[39m
[31m+                       <span className="select-all font-medium text-[#201f1e]">{profile?.email || 'N/A'}</span>[39m
[31m+                     </div>[39m
[31m+                     <div className="flex justify-between">[39m
[31m+                       <span>Active tenant ID</span>[39m
[31m+                       <span className="select-all">{profile?.tenantId || 'global'}</span>[39m
[31m+                     </div>[39m
[31m+                     <div className="flex justify-between">[39m
[31m+                       <span>MSP workspace</span>[39m
[31m+                       <span className="font-medium text-[#201f1e]">{profile?.companyName || 'Not defined'}</span>[39m
[31m+                     </div>[39m
[31m+                   </div>[39m
[31m+ [39m
[31m+                   <button[39m
[31m+                     type="button"[39m
[31m+                     onClick={() => {[39m
[31m+                       setProfileName(profile?.displayName || '');[39m
[31m+                       setProfileJobTitle(profile?.roleTitle || '');[39m
[31m+                       setProfileCompany(profile?.companyName || '');[39m
[31m+                       setEditingProfile(true);[39m
[31m+                     }}[39m
[31m+                     className="h-9 w-full rounded border border-[#c8c6c4] text-[13px] font-medium text-[#323130] hover:bg-black/[.03]"[39m
[31m+                   >[39m
[31m+                     Edit profile details[39m
[31m+                   </button>[39m
[31m+                 </div>[39m
[31m+               )}[39m
[31m+             </div>[39m
[31m+ [39m
[31m+             <div className="rounded-md border border-[#e1dfdd] bg-[#faf9f8] p-4 space-y-2">[39m
[31m+               <h4 className="text-[12px] font-semibold uppercase tracking-wide text-[#605e5c]">[39m
[31m+                 Authorized role hierarchy[39m
[31m+               </h4>[39m
[31m+               <p className="text-[12px] leading-relaxed text-[#605e5c]">[39m
[31m+                 RBAC enforces strict isolation gates. Permissions cascade in order: <strong className="text-[#323130]">Owner &gt; Admin &gt; Technician &gt; Viewer &gt; Client</strong>. Modifying team permissions automatically triggers a cryptographic token invalidation audit block.[39m
[31m+               </p>[39m
[31m+             </div>[39m
[31m+           </div>[39m
[31m+ [39m
[31m+           {/* Organization & Team Access List Section */}[39m
[31m+           <div className="lg:col-span-2 space-y-4">[39m
[31m+             {/* Invite form card */}[39m
[31m+             <div className="rounded-md border border-[#e1dfdd] bg-white p-4 space-y-3">[39m
[31m+               <h3 className="flex items-center gap-1.5 border-b border-[#e1dfdd] pb-2 text-[14px] font-semibold text-[#201f1e]">[39m
[31m+                 <PlusCircle className="h-4 w-4 text-[#0f6cbd]" />[39m
[31m+                 <span>Invite new MSP team member</span>[39m
[31m+               </h3>[39m
[31m+ [39m
[31m+               <form onSubmit={handleInviteMember} className="flex flex-col gap-3 md:flex-row md:items-end">[39m
[31m+                 <div className="flex flex-1 flex-col gap-1">[39m
[31m+                   <label className="text-[12px] font-medium text-[#605e5c]">[39m
[31m+                     Email address[39m
[31m+                   </label>[39m
[31m+                   <input[39m
[31m+                     type="email"[39m
[31m+                     required[39m
[31m+                     placeholder="e.g. associate@company.com"[39m
[31m+                     value={inviteEmail}[39m
[31m+                     onChange={(e) => setInviteEmail(e.target.value)}[39m
[31m+                     className="h-9 w-full rounded border border-[#c8c6c4] px-2.5 text-[13px] focus:border-[#0f6cbd] focus:outline-none focus:ring-1 focus:ring-[#0f6cbd]"[39m
[31m+                   />[39m
[31m+                 </div>[39m
[31m+ [39m
[31m+                 <div className="flex w-full flex-col gap-1 md:w-44">[39m
[31m+                   <label className="text-[12px] font-medium text-[#605e5c]">[39m
[31m+                     Security role[39m
[31m+                   </label>[39m
[31m+                   <select[39m
[31m+                     value={inviteRole}[39m
[31m+                     onChange={(e) => setInviteRole(e.target.value)}[39m
[31m+                     className="h-9 w-full rounded border border-[#c8c6c4] px-2.5 text-[13px] focus:border-[#0f6cbd] focus:outline-none focus:ring-1 focus:ring-[#0f6cbd]"[39m
[31m+                   >[39m
[31m+                     <option value="Admin">Admin</option>[39m
[31m+                     <option value="Technician">Technician</option>[39m
[31m+                     <option value="Viewer">Viewer</option>[39m
[31m+                     <option value="Client">Client</option>[39m
[31m+                   </select>[39m
[31m+                 </div>[39m
[31m+ [39m
[31m+                 <button[39m
[31m+                   type="submit"[39m
[31m+                   disabled={!canManageTeam}[39m
[31m+                   title={!canManageTeam ? `Your ${currentRole} role cannot invite team members.` : undefined}[39m
[31m+                   className="inline-flex h-9 shrink-0 items-center rounded bg-[#0f6cbd] px-4 text-[13px] font-medium text-white hover:bg-[#004578] disabled:cursor-not-allowed disabled:opacity-50"[39m
[31m+                 >[39m
[31m+                   Send invitation[39m
[31m+                 </button>[39m
[31m+               </form>[39m
[31m+               {!canManageTeam && <p className="text-[12px] text-[#8a5700]">Your {currentRole} role has read-only team access.</p>}[39m
[31m+             </div>[39m
[31m+ [39m
[31m+             {/* Team Members List Card */}[39m
[31m+             <div className="rounded-md border border-[#e1dfdd] bg-white p-4 space-y-3">[39m
[31m+               <h3 className="flex items-center justify-between border-b border-[#e1dfdd] pb-2 text-[14px] font-semibold text-[#201f1e]">[39m
[31m+                 <span className="flex items-center gap-1.5">[39m
[31m+                   <Lock className="h-4 w-4 text-[#0f6cbd]" />[39m
[31m+                   <span>Workspace associates</span>[39m
[31m+                 </span>[39m
[31m+                 <span className="rounded border border-[#c8c6c4] bg-[#eff6fc] px-2 py-0.5 text-[12px] font-medium text-[#0f6cbd]">[39m
[31m+                   {teamMembers.length} registered[39m
[31m+                 </span>[39m
[31m+               </h3>[39m
[31m+ [39m
[31m+               <div className="overflow-x-auto">[39m
[31m+                 <table className="w-full border-collapse text-left text-[13px]">[39m
[31m+                   <thead>[39m
[31m+                     <tr className="border-b border-[#e1dfdd] text-[11px] uppercase tracking-wide text-[#605e5c]">[39m
[31m+                       <th className="py-2 font-medium">User details</th>[39m
[31m+                       <th className="py-2 font-medium">Authority role</th>[39m
[31m+                       <th className="py-2 text-right font-medium">Actions</th>[39m
[31m+                     </tr>[39m
[31m+                   </thead>[39m
[31m+                   <tbody>[39m
[31m+                     {teamMembers.map((member) => ([39m
[31m+                       <tr key={member.id} className="border-b border-[#f3f2f1] hover:bg-black/[.02]">[39m
[31m+                         <td className="py-2.5 pr-3">[39m
[31m+                           <div className="flex items-center gap-2.5">[39m
[31m+                             <div className="flex h-8 w-8 shrink-0 items-center justify-center rounded-full border border-[#c8c6c4] bg-[#f3f2f1] text-[12px] font-semibold text-[#605e5c]">[39m
[31m+                               {member.displayName ? member.displayName.substring(0, 2).toUpperCase() : member.email.substring(0, 2).toUpperCase()}[39m
[31m+                             </div>[39m
[31m+                             <div>[39m
[31m+                               <span className="block font-medium text-[#201f1e]">[39m
[31m+                                 {member.displayName || 'Pending registration'}[39m
[31m+                               </span>[39m
[31m+                               <span className="block select-all text-[12px] text-[#8a8886]">[39m
[31m+                                 {member.email}[39m
[31m+                               </span>[39m
[31m+                             </div>[39m
[31m+                           </div>[39m
[31m+                         </td>[39m
[31m+                         <td className="py-2.5">[39m
[31m+                           {member.role === 'Owner' ? ([39m
[31m+                             <span className="rounded border border-[#c8c6c4] bg-[#eff6fc] px-2 py-0.5 text-[12px] font-medium text-[#0f6cbd]">[39m
[31m+                               Owner (root)[39m
[31m+                             </span>[39m
[31m+                           ) : ([39m
[31m+                             <select[39m
[31m+                               value={member.role}[39m
[31m+                               disabled={!canManageTeam}[39m
[31m+                               title={!canManageTeam ? `Your ${currentRole} role cannot change roles.` : undefined}[39m
[31m+                               onChange={(e) => handleUpdateMemberRole(member.id, e.target.value)}[39m
[31m+                               className="rounded border border-[#c8c6c4] p-1 text-[12px] text-[#323130] focus:border-[#0f6cbd] focus:outline-none disabled:cursor-not-allowed disabled:opacity-50"[39m
[31m+                             >[39m
[31m+                               <option value="Admin">Admin</option>[39m
[31m+                               <option value="Technician">Technician</option>[39m
[31m+                               <option value="Viewer">Viewer</option>[39m
[31m+                               <option value="Client">Client</option>[39m
[31m+                             </select>[39m
[31m+                           )}[39m
[31m+                         </td>[39m
[31m+                         <td className="py-2.5 text-right">[39m
[31m+                           {member.role !== 'Owner' && member.id !== profile?.id && canManageTeam && ([39m
[31m+                             <button[39m
[31m+                               onClick={() => handleRemoveMember(member.id)}[39m
[31m+                               className="rounded border border-[#a4262c]/30 px-2.5 py-1 text-[12px] font-medium text-[#a4262c] hover:bg-[#fdf2f2]"[39m
[31m+                             >[39m
[31m+                               Revoke access[39m
[31m+                             </button>[39m
[31m+                           )}[39m
[31m+                         </td>[39m
[31m+                       </tr>[39m
[31m+                     ))}[39m
[31m+                     {teamMembers.length === 0 && ([39m
[31m+                       <tr>[39m
[31m+                         <td colSpan={3} className="py-6 text-center text-[#8a8886]">[39m
[31m+                           {loadingTeam ? 'Securing team data…' : 'No other associates mapped to this workspace.'}[39m
[31m+                         </td>[39m
[31m+                       </tr>[39m
[31m+                     )}[39m
[31m+                   </tbody>[39m
[31m+                 </table>[39m
[31m+               </div>[39m
[31m+             </div>[39m
[31m+           </div>[39m
[31m+         </div>[39m
[31m+       ) : ([39m
[31m+         <div className="space-y-4" id="product-master-bible-container">[39m
[31m+           {/* Welcome Alert / Info Bar */}[39m
[31m+           <details className="rounded-md border border-[#e1dfdd] bg-[#faf9f8] text-[13px]">[39m
[31m+             <summary className="cursor-pointer select-none px-3 py-2 font-medium text-[#323130]">What is this? &middot; How the Master Bible works</summary>[39m
[31m+             <div className="px-3 pb-3 text-[#605e5c]">[39m
[31m+               <p>The Master Bible defines standard secure baseline versions, permitted/copyleft licenses, risk classifications, and operational NIST/ISO security safeguard guidelines. Ingested software passports are checked against these standards to prevent compliance violations.</p>[39m
[31m+               <ol className="mt-1.5 list-decimal space-y-0.5 pl-4">[39m
[31m+                 <li>Policy reference: NIST SP 800-53 r5.</li>[39m
[31m+                 <li>Legal stance: SSPL/AGPL copyleft blocked.</li>[39m
[31m+                 <li>Baseline updates: automated daily RSS synchronizations.</li>[39m
[31m+               </ol>[39m
[31m+             </div>[39m
[31m+           </details>[39m
[31m+ [39m
[31m+           {/* Grid Layout: Left Column = Product Bible Directory, Right Column = Selected Specifications & Sandbox Compliance Auditor */}[39m
[31m+           <div className="grid grid-cols-1 lg:grid-cols-3 gap-4">[39m
[31m+ [39m
[31m+             {/* Left Column: List of Products with Search & Add option */}[39m
[31m+             <div className="lg:col-span-1 space-y-3">[39m
[31m+               <div className="rounded-md border border-[#e1dfdd] bg-white p-4 space-y-3">[39m
[31m+                 <div className="flex items-center justify-between">[39m
[31m+                   <div>[39m
[31m+                     <h4 className="text-[14px] font-semibold text-[#201f1e]">Product Bible index</h4>[39m
[31m+                     <p className="text-[12px] text-[#605e5c]">Index of certified system components</p>[39m
[31m+                   </div>[39m
[31m+                   <button[39m
[31m+                     onClick={() => setShowAddBibleProduct(!showAddBibleProduct)}[39m
[31m+                     className="inline-flex items-center gap-1 rounded border border-[#c8c6c4] px-2.5 py-1.5 text-[12px] font-medium text-[#323130] hover:bg-black/[.03]"[39m
[31m+                     title="Register a new software specification"[39m
[31m+                   >[39m
[31m+                     <PlusCircle className="h-3.5 w-3.5" />[39m
[31m+                     <span>Register</span>[39m
[31m+                   </button>[39m
[31m+                 </div>[39m
[31m+ [39m
[31m+                 {/* Quick Search & Filter */}[39m
[31m+                 <div className="space-y-2">[39m
[31m+                   <div className="flex h-9 items-center gap-2 rounded border border-[#c8c6c4] px-2.5 focus-within:border-[#0f6cbd] focus-within:ring-1 focus-within:ring-[#0f6cbd]">[39m
[31m+                     <Search className="h-3.5 w-3.5 text-[#8a8886]" />[39m
[31m+                     <input[39m
[31m+                       type="text"[39m
[31m+                       placeholder="Search specifications..."[39m
[31m+                       value={bibleSearchQuery}[39m
[31m+                       onChange={(e) => setBibleSearchQuery(e.target.value)}[39m
[31m+                       className="w-full bg-transparent text-[13px] text-[#323130] focus:outline-none"[39m
[31m+                     />[39m
[31m+                   </div>[39m
[31m+ [39m
[31m+                   <div className="flex items-center justify-between pt-1 text-[12px] text-[#605e5c]">[39m
[31m+                     <span>Risk filter</span>[39m
[31m+                     <div className="flex gap-1">[39m
[31m+                       {['all', 'low', 'medium', 'high'].map(r => ([39m
[31m+                         <button[39m
[31m+                           key={r}[39m
[31m+                           onClick={() => setBibleFilterRisk(r)}[39m
[31m+                           className={`rounded px-1.5 py-0.5 capitalize ${[39m
[31m+                             bibleFilterRisk === r[39m
[31m+                               ? 'bg-[#eff6fc] font-medium text-[#0f6cbd]'[39m
[31m+                               : 'hover:text-[#323130]'[39m
[31m+                           }`}[39m
[31m+                         >[39m
[31m+                           {r}[39m
[31m+                         </button>[39m
[31m+                       ))}[39m
[31m+                     </div>[39m
[31m+                   </div>[39m
[31m+                 </div>[39m
[31m+ [39m
[31m+                 {/* Add New Specification Form Block */}[39m
[31m+                 {showAddBibleProduct && ([39m
[31m+                   <form onSubmit={handleAddBibleProduct} className="space-y-3 rounded-md border border-[#e1dfdd] bg-[#faf9f8] p-3 text-[13px]">[39m
[31m+                     <h5 className="text-[13px] font-semibold text-[#201f1e]">New standard specification registration</h5>[39m
[31m+ [39m
[31m+                     <div>[39m
[31m+                       <label className="mb-1 block text-[12px] font-medium text-[#605e5c]">Product / package name</label>[39m
[31m+                       <input[39m
[31m+                         type="text"[39m
[31m+                         placeholder="e.g. Apache Kafka"[39m
[31m+                         required[39m
[31m+                         value={newBpName}[39m
[31m+                         onChange={(e) => setNewBpName(e.target.value)}[39m
[31m+                         className="h-9 w-full rounded border border-[#c8c6c4] bg-white px-2.5 text-[13px] focus:border-[#0f6cbd] focus:outline-none focus:ring-1 focus:ring-[#0f6cbd]"[39m
[31m+                       />[39m
[31m+                     </div>[39m
[31m+ [39m
[31m+                     <div className="grid grid-cols-2 gap-2">[39m
[31m+                       <div>[39m
[31m+                         <label className="mb-1 block text-[12px] font-medium text-[#605e5c]">Class type</label>[39m
[31m+                         <select[39m
[31m+                           value={newBpType}[39m
[31m+                           onChange={(e) => setNewBpType(e.target.value)}[39m
[31m+                           className="h-9 w-full rounded border border-[#c8c6c4] bg-white px-2 text-[13px] focus:border-[#0f6cbd] focus:outline-none focus:ring-1 focus:ring-[#0f6cbd]"[39m
[31m+                         >[39m
[31m+                           <option value="Web Infrastructure / Proxy">Web / Proxy</option>[39m
[31m+                           <option value="Database Systems">Database</option>[39m
[31m+                           <option value="Cache Systems">Cache</option>[39m
[31m+                           <option value="Open Source Logging Framework">Logging</option>[39m
[31m+                           <option value="Container Foundations">Container</option>[39m
[31m+                           <option value="Framework Library">Framework</option>[39m
[31m+                         </select>[39m
[31m+                       </div>[39m
[31m+ [39m
[31m+                       <div>[39m
[31m+                         <label className="mb-1 block text-[12px] font-medium text-[#605e5c]">Secure baseline</label>[39m
[31m+                         <input[39m
[31m+                           type="text"[39m
[31m+                           placeholder="e.g. 3.4.0"[39m
[31m+                           required[39m
[31m+                           value={newBpVersion}[39m
[31m+                           onChange={(e) => setNewBpVersion(e.target.value)}[39m
[31m+                           className="h-9 w-full rounded border border-[#c8c6c4] bg-white px-2.5 text-[13px] focus:border-[#0f6cbd] focus:outline-none focus:ring-1 focus:ring-[#0f6cbd]"[39m
[31m+                         />[39m
[31m+                       </div>[39m
[31m+                     </div>[39m
[31m+ [39m
[31m+                     <div>[39m
[31m+                       <label className="mb-1 block text-[12px] font-medium text-[#605e5c]">Permitted licenses</label>[39m
[31m+                       <input[39m
[31m+                         type="text"[39m
[31m+                         value={newBpAllowedLics}[39m
[31m+                         onChange={(e) => setNewBpAllowedLics(e.target.value)}[39m
[31m+                         className="h-9 w-full rounded border border-[#c8c6c4] bg-white px-2.5 font-mono text-[12px] focus:border-[#0f6cbd] focus:outline-none focus:ring-1 focus:ring-[#0f6cbd]"[39m
[31m+                       />[39m
[31m+                       <p className="mt-1 text-[11px] text-[#8a8886]">Comma-separated SPDX identifiers.</p>[39m
[31m+                     </div>[39m
[31m+ [39m
[31m+                     <div>[39m
[31m+                       <label className="mb-1 block text-[12px] font-medium text-[#605e5c]">Prohibited copylefts</label>[39m
[31m+                       <input[39m
[31m+                         type="text"[39m
[31m+                         value={newBpDisallowedLics}[39m
[31m+                         onChange={(e) => setNewBpDisallowedLics(e.target.value)}[39m
[31m+                         className="h-9 w-full rounded border border-[#c8c6c4] bg-white px-2.5 font-mono text-[12px] focus:border-[#0f6cbd] focus:outline-none focus:ring-1 focus:ring-[#0f6cbd]"[39m
[31m+                       />[39m
[31m+                     </div>[39m
[31m+ [39m
[31m+                     <div className="grid grid-cols-2 gap-2">[39m
[31m+                       <div>[39m
[31m+                         <label className="mb-1 block text-[12px] font-medium text-[#605e5c]">Risk tier</label>[39m
[31m+                         <select[39m
[31m+                           value={newBpRisk}[39m
[31m+                           onChange={(e) => setNewBpRisk(e.target.value as any)}[39m
[31m+                           className="h-9 w-full rounded border border-[#c8c6c4] bg-white px-2 text-[13px] focus:border-[#0f6cbd] focus:outline-none focus:ring-1 focus:ring-[#0f6cbd]"[39m
[31m+                         >[39m
[31m+                           <option value="Low">Low</option>[39m
[31m+                           <option value="Medium">Medium</option>[39m
[31m+                           <option value="High">High</option>[39m
[31m+                         </select>[39m
[31m+                       </div>[39m
[31m+ [39m
[31m+                       <div>[39m
[31m+                         <label className="mb-1 block text-[12px] font-medium text-[#605e5c]">Target compliance</label>[39m
[31m+                         <input[39m
[31m+                           type="text"[39m
[31m+                           placeholder="e.g. HIPAA CC4 / ISO"[39m
[31m+                           value={newBpCompliance}[39m
[31m+                           onChange={(e) => setNewBpCompliance(e.target.value)}[39m
[31m+                           className="h-9 w-full rounded border border-[#c8c6c4] bg-white px-2.5 text-[13px] focus:border-[#0f6cbd] focus:outline-none focus:ring-1 focus:ring-[#0f6cbd]"[39m
[31m+                         />[39m
[31m+                       </div>[39m
[31m+                     </div>[39m
[31m+ [39m
[31m+                     <div>[39m
[31m+                       <label className="mb-1 block text-[12px] font-medium text-[#605e5c]">Operational safeguard policy</label>[39m
[31m+                       <textarea[39m
[31m+                         rows={2}[39m
[31m+                         placeholder="Safeguards required..."[39m
[31m+                         value={newBpSafeguard}[39m
[31m+                         onChange={(e) => setNewBpSafeguard(e.target.value)}[39m
[31m+                         className="w-full rounded border border-[#c8c6c4] bg-white px-2.5 py-2 text-[13px] focus:border-[#0f6cbd] focus:outline-none focus:ring-1 focus:ring-[#0f6cbd]"[39m
[31m+                       />[39m
[31m+                     </div>[39m
[31m+ [39m
[31m+                     <div className="flex justify-end gap-2 pt-1">[39m
[31m+                       <button[39m
[31m+                         type="button"[39m
[31m+                         onClick={() => setShowAddBibleProduct(false)}[39m
[31m+                         className="inline-flex h-9 items-center rounded border border-[#c8c6c4] px-3 text-[13px] font-medium text-[#323130] hover:bg-black/[.03]"[39m
[31m+                       >[39m
[31m+                         Cancel[39m
[31m+                       </button>[39m
[31m+                       <button[39m
[31m+                         type="submit"[39m
[31m+                         className="inline-flex h-9 items-center gap-1.5 rounded bg-[#0f6cbd] px-3 text-[13px] font-medium text-white hover:bg-[#004578]"[39m
[31m+                       >[39m
[31m+                         <Check className="h-3.5 w-3.5" />[39m
[31m+                         <span>Register spec</span>[39m
[31m+                       </button>[39m
[31m+                     </div>[39m
[31m+                   </form>[39m
[31m+                 )}[39m
[31m+ [39m
[31m+                 {/* List of Specs */}[39m
[31m+                 <div className="max-h-[400px] space-y-1 overflow-y-auto">[39m
[31m+                   {filteredBibleProducts.length === 0 ? ([39m
[31m+                     <p className="py-6 text-center text-[12px] text-[#8a8886]">No matching standard specifications found.</p>[39m
[31m+                   ) : ([39m
[31m+                     filteredBibleProducts.map(bp => {[39m
[31m+                       const isSelected = bp.id === selectedBibleProductId;[39m
[31m+                       return ([39m
[31m+                         <button[39m
[31m+                           key={bp.id}[39m
[31m+                           onClick={() => setSelectedBibleProductId(bp.id)}[39m
[31m+                           className={`flex w-full items-center justify-between rounded border p-2.5 text-left text-[13px] ${[39m
[31m+                             isSelected[39m
[31m+                               ? 'border-[#0f6cbd] bg-[#eff6fc] text-[#0f6cbd]'[39m
[31m+                               : 'border-[#e1dfdd] bg-white text-[#323130] hover:bg-black/[.02]'[39m
[31m+                           }`}[39m
[31m+                         >[39m
[31m+                           <div className="min-w-0">[39m
[31m+                             <p className="truncate leading-snug">{bp.name}</p>[39m
[31m+                             <span className="mt-0.5 block text-[11px] text-[#8a8886]">{bp.type}</span>[39m
[31m+                           </div>[39m
[31m+ [39m
[31m+                           <div className="ml-2 flex shrink-0 items-center gap-1.5">[39m
[31m+                             <span className={`rounded px-1.5 py-0.5 text-[11px] font-medium ${[39m
[31m+                               bp.riskTier === 'High' ? 'bg-[#fdf2f2] text-[#a4262c]' :[39m
[31m+                               bp.riskTier === 'Medium' ? 'bg-[#fff4ce] text-[#8a5700]' :[39m
[31m+                               'bg-[#dff6dd] text-[#0e700e]'[39m
[31m+                             }`}>[39m
[31m+                               {bp.riskTier}[39m
[31m+                             </span>[39m
[31m+                             <ChevronRight className={`h-3.5 w-3.5 ${isSelected ? 'text-[#0f6cbd]' : 'text-[#8a8886]'}`} />[39m
[31m+                           </div>[39m
[31m+                         </button>[39m
[31m+                       );[39m
[31m+                     })[39m
[31m+                   )}[39m
[31m+                 </div>[39m
[31m+               </div>[39m
[31m+             </div>[39m
[31m+ [39m
[31m+             {/* Right 2 Columns: Specification Details & Interactive Sandbox compliance auditor */}[39m
[31m+             <div className="lg:col-span-2 space-y-4">[39m
[31m+ [39m
[31m+               {/* Card 1: Active Specification detail */}[39m
[31m+               {activeBibleProduct && ([39m
[31m+                 <div className="rounded-md border border-[#e1dfdd] bg-white p-4 space-y-3">[39m
[31m+                   <div className="flex items-start justify-between border-b border-[#e1dfdd] pb-3">[39m
[31m+                     <div>[39m
[31m+                       <span className="text-[11px] font-medium uppercase tracking-wide text-[#0f6cbd]">Approved platform standard spec</span>[39m
[31m+                       <h3 className="mt-1 flex items-center gap-1.5 text-[15px] font-semibold text-[#201f1e]">[39m
[31m+                         <CheckCircle2 className="h-4 w-4 text-[#0e700e]" />[39m
[31m+                         {activeBibleProduct.name}[39m
[31m+                       </h3>[39m
[31m+                       <p className="mt-0.5 text-[12px] text-[#605e5c]">{activeBibleProduct.type}</p>[39m
[31m+                     </div>[39m
[31m+ [39m
[31m+                     <span className="rounded border border-[#c8c6c4] bg-[#eff6fc] px-2 py-0.5 text-[12px] font-medium text-[#0f6cbd]">[39m
[31m+                       Baseline v{activeBibleProduct.baselineSecureVersion}[39m
[31m+                     </span>[39m
[31m+                   </div>[39m
[31m+ [39m
[31m+                   <div className="grid grid-cols-1 gap-4 md:grid-cols-2">[39m
[31m+                     <div className="space-y-3">[39m
[31m+                       <div>[39m
[31m+                         <span className="block text-[11px] font-medium uppercase text-[#605e5c]">Permitted (greenlist) licenses</span>[39m
[31m+                         <div className="mt-1.5 flex flex-wrap gap-1.5">[39m
[31m+                           {activeBibleProduct.allowedLicenses.map((lic: string) => ([39m
[31m+                             <span key={lic} className="rounded border border-[#c8c6c4] bg-[#dff6dd] px-2 py-0.5 text-[11px] font-medium text-[#0e700e]">[39m
[31m+                               {lic}[39m
[31m+                             </span>[39m
[31m+                           ))}[39m
[31m+                           {activeBibleProduct.allowedLicenses.length === 0 && <span className="text-[12px] italic text-[#8a8886]">None specified</span>}[39m
[31m+                         </div>[39m
[31m+                       </div>[39m
[31m+ [39m
[31m+                       <div>[39m
[31m+                         <span className="block text-[11px] font-medium uppercase text-[#605e5c]">Prohibited (blacklisted) licenses</span>[39m
[31m+                         <div className="mt-1.5 flex flex-wrap gap-1.5">[39m
[31m+                           {activeBibleProduct.disallowedLicenses.map((lic: string) => ([39m
[31m+                             <span key={lic} className="rounded border border-[#c8c6c4] bg-[#fdf2f2] px-2 py-0.5 text-[11px] font-medium text-[#a4262c]">[39m
[31m+                               {lic}[39m
[31m+                             </span>[39m
[31m+                           ))}[39m
[31m+                           {activeBibleProduct.disallowedLicenses.length === 0 && <span className="text-[12px] italic text-[#8a8886]">None prohibited</span>}[39m
[31m+                         </div>[39m
[31m+                       </div>[39m
[31m+                     </div>[39m
[31m+ [39m
[31m+                     <div className="space-y-2 rounded-md border border-[#e1dfdd] bg-[#faf9f8] p-3">[39m
[31m+                       <span className="block text-[11px] font-medium uppercase text-[#605e5c]">Target regulatory framework compliance</span>[39m
[31m+                       <p className="text-[13px] font-medium text-[#323130]">{activeBibleProduct.complianceTarget}</p>[39m
[31m+                       <p className="text-[12px] leading-normal text-[#605e5c]">[39m
[31m+                         Ingested components of this product category must be validated in accordance with audit guidelines mapped to this baseline.[39m
[31m+                       </p>[39m
[31m+                     </div>[39m
[31m+                   </div>[39m
[31m+ [39m
[31m+                   <div className="space-y-1.5 rounded-md border border-[#e1dfdd] bg-[#eff6fc] p-3">[39m
[31m+                     <span className="block text-[11px] font-medium uppercase tracking-wide text-[#0f6cbd]">Standard core safeguards policy</span>[39m
[31m+                     <p className="text-[13px] leading-normal text-[#323130]">{activeBibleProduct.safeguardPolicy}</p>[39m
[31m+                   </div>[39m
[31m+                 </div>[39m
[31m+               )}[39m
[31m+ [39m
[31m+               {/* Card 2: Interactive Sandbox Compliance Auditor */}[39m
[31m+               <div className="rounded-md border border-[#e1dfdd] bg-white p-4 space-y-3">[39m
[31m+                 <div>[39m
[31m+                   <h3 className="flex items-center gap-1.5 text-[14px] font-semibold text-[#201f1e]">[39m
[31m+                     <Sparkles className="h-4 w-4 text-[#0f6cbd]" />[39m
[31m+                     <span>Interactive product compliance sandbox</span>[39m
[31m+                   </h3>[39m
[31m+                   <p className="mt-0.5 text-[12px] text-[#605e5c]">[39m
[31m+                     Simulate software ingest requests and instantly check compliance against the Master Product Bible.[39m
[31m+                   </p>[39m
[31m+                 </div>[39m
[31m+ [39m
[31m+                 <div className="grid grid-cols-1 gap-4 md:grid-cols-2">[39m
[31m+                   <div className="space-y-3">[39m
[31m+                     <div>[39m
[31m+                       <label className="mb-1 block text-[12px] font-medium text-[#605e5c]">Select target product class</label>[39m
[31m+                       <select[39m
[31m+                         value={sandboxProduct}[39m
[31m+                         onChange={(e) => {[39m
[31m+                           setSandboxProduct(e.target.value);[39m
[31m+                           const found = bibleProducts.find(bp => bp.name === e.target.value);[39m
[31m+                           if (found) {[39m
[31m+                             setSandboxVersion(found.baselineSecureVersion);[39m
[31m+                             setSandboxLicense(found.allowedLicenses[0] || 'MIT');[39m
[31m+                           }[39m
[31m+                         }}[39m
[31m+                         className="h-9 w-full rounded border border-[#c8c6c4] px-2.5 text-[13px] focus:border-[#0f6cbd] focus:outline-none focus:ring-1 focus:ring-[#0f6cbd]"[39m
[31m+                       >[39m
[31m+                         {bibleProducts.map(bp => ([39m
[31m+                           <option key={bp.id} value={bp.name}>{bp.name}</option>[39m
[31m+                         ))}[39m
[31m+                         <option value="custom">-- Custom/unregistered product --</option>[39m
[31m+                       </select>[39m
[31m+                     </div>[39m
[31m+ [39m
[31m+                     {sandboxProduct === 'custom' && ([39m
[31m+                       <div>[39m
[31m+                         <label className="mb-1 block text-[12px] font-medium text-[#605e5c]">Custom product name</label>[39m
[31m+                         <input[39m
[31m+                           type="text"[39m
[31m+                           placeholder="e.g. Apache Kafka"[39m
[31m+                           value={sandboxCustomName}[39m
[31m+                           onChange={(e) => setSandboxCustomName(e.target.value)}[39m
[31m+                           className="h-9 w-full rounded border border-[#c8c6c4] px-2.5 text-[13px] focus:border-[#0f6cbd] focus:outline-none focus:ring-1 focus:ring-[#0f6cbd]"[39m
[31m+                         />[39m
[31m+                       </div>[39m
[31m+                     )}[39m
[31m+ [39m
[31m+                     <div className="grid grid-cols-2 gap-2">[39m
[31m+                       <div>[39m
[31m+                         <label className="mb-1 block text-[12px] font-medium text-[#605e5c]">Ingested version</label>[39m
[31m+                         <input[39m
[31m+                           type="text"[39m
[31m+                           value={sandboxVersion}[39m
[31m+                           onChange={(e) => setSandboxVersion(e.target.value)}[39m
[31m+                           className="h-9 w-full rounded border border-[#c8c6c4] px-2.5 font-mono text-[13px] focus:border-[#0f6cbd] focus:outline-none focus:ring-1 focus:ring-[#0f6cbd]"[39m
[31m+                           placeholder="e.g. 1.25.0"[39m
[31m+                         />[39m
[31m+                       </div>[39m
[31m+ [39m
[31m+                       <div>[39m
[31m+                         <label className="mb-1 block text-[12px] font-medium text-[#605e5c]">License SPDX</label>[39m
[31m+                         <input[39m
[31m+                           type="text"[39m
[31m+                           value={sandboxLicense}[39m
[31m+                           onChange={(e) => setSandboxLicense(e.target.value)}[39m
[31m+                           className="h-9 w-full rounded border border-[#c8c6c4] px-2.5 font-mono text-[13px] focus:border-[#0f6cbd] focus:outline-none focus:ring-1 focus:ring-[#0f6cbd]"[39m
[31m+                           placeholder="e.g. GPL-3.0-only"[39m
[31m+                         />[39m
[31m+                       </div>[39m
[31m+                     </div>[39m
[31m+ [39m
[31m+                     <div>[39m
[31m+                       <label className="mb-1 block text-[12px] font-medium text-[#605e5c]">Target deploy environment</label>[39m
[31m+                       <div className="grid grid-cols-3 gap-2">[39m
[31m+                         {['Production', 'Staging', 'Development'].map(env => ([39m
[31m+                           <button[39m
[31m+                             key={env}[39m
[31m+                             type="button"[39m
[31m+                             onClick={() => setSandboxEnv(env)}[39m
[31m+                             className={`rounded border p-2 text-center text-[12px] font-medium ${[39m
[31m+                               sandboxEnv === env[39m
[31m+                                 ? 'border-[#0f6cbd] bg-[#eff6fc] text-[#0f6cbd]'[39m
[31m+                                 : 'border-[#c8c6c4] text-[#605e5c] hover:bg-black/[.03]'[39m
[31m+                             }`}[39m
[31m+                           >[39m
[31m+                             {env}[39m
[31m+                           </button>[39m
[31m+                         ))}[39m
[31m+                       </div>[39m
[31m+                     </div>[39m
[31m+ [39m
[31m+                     <button[39m
[31m+                       type="button"[39m
[31m+                       onClick={handleRunSandboxAudit}[39m
[31m+                       className="flex h-9 w-full items-center justify-center gap-1.5 rounded bg-[#0f6cbd] text-[13px] font-medium text-white hover:bg-[#004578]"[39m
[31m+                     >[39m
[31m+                       <Play className="h-3.5 w-3.5" />[39m
[31m+                       <span>Run sandbox compliance attestation</span>[39m
[31m+                     </button>[39m
[31m+                   </div>[39m
[31m+ [39m
[31m+                   {/* Attestation Sandbox Report panel */}[39m
[31m+                   <div className="flex min-h-[240px] flex-col justify-between rounded-md border border-[#e1dfdd] bg-[#faf9f8] p-3">[39m
[31m+                     {sandboxReport ? ([39m
[31m+                       <div className="space-y-3">[39m
[31m+                         <div className="flex items-center justify-between border-b border-[#e1dfdd] pb-2">[39m
[31m+                           <div>[39m
[31m+                             <span className="block text-[11px] font-medium text-[#605e5c]">Attestation report</span>[39m
[31m+                             <h4 className="max-w-[160px] truncate text-[13px] font-semibold text-[#201f1e]">{sandboxReport.productName}</h4>[39m
[31m+                           </div>[39m
[31m+ [39m
[31m+                           <span className={`inline-flex items-center gap-1 rounded border border-[#c8c6c4] px-2 py-0.5 text-[11px] font-medium ${[39m
[31m+                             sandboxReport.overallStatus === 'PASS' ? 'bg-[#dff6dd] text-[#0e700e]' :[39m
[31m+                             sandboxReport.overallStatus === 'WARN' ? 'bg-[#fff4ce] text-[#8a5700]' :[39m
[31m+                             'bg-[#fdf2f2] text-[#a4262c]'[39m
[31m+                           }`}>[39m
[31m+                             <span className={`h-1.5 w-1.5 rounded-full ${[39m
[31m+                               sandboxReport.overallStatus === 'PASS' ? 'bg-[#0e700e]' :[39m
[31m+                               sandboxReport.overallStatus === 'WARN' ? 'bg-[#8a5700]' :[39m
[31m+                               'bg-[#a4262c]'[39m
[31m+                             }`} />[39m
[31m+                             {sandboxReport.overallStatus}[39m
[31m+                           </span>[39m
[31m+                         </div>[39m
[31m+ [39m
[31m+                         <div className="space-y-2 text-[12px] leading-normal">[39m
[31m+                           <div className="flex items-start gap-1.5">[39m
[31m+                             {sandboxReport.versionStatus === 'Compliant' ? ([39m
[31m+                               <Check className="mt-0.5 h-3.5 w-3.5 shrink-0 text-[#0e700e]" />[39m
[31m+                             ) : sandboxReport.versionStatus === 'Warning' ? ([39m
[31m+                               <AlertTriangle className="mt-0.5 h-3.5 w-3.5 shrink-0 text-[#8a5700]" />[39m
[31m+                             ) : ([39m
[31m+                               <ShieldAlert className="mt-0.5 h-3.5 w-3.5 shrink-0 text-[#a4262c]" />[39m
[31m+                             )}[39m
[31m+                             <div>[39m
[31m+                               <span className="font-medium text-[#323130]">Version standard: </span>[39m
[31m+                               <span className="text-[#605e5c]">{sandboxReport.versionDetails}</span>[39m
[31m+                             </div>[39m
[31m+                           </div>[39m
[31m+ [39m
[31m+                           <div className="flex items-start gap-1.5">[39m
[31m+                             {sandboxReport.licenseStatus === 'Compliant' ? ([39m
[31m+                               <Check className="mt-0.5 h-3.5 w-3.5 shrink-0 text-[#0e700e]" />[39m
[31m+                             ) : sandboxReport.licenseStatus === 'Warning' ? ([39m
[31m+                               <AlertTriangle className="mt-0.5 h-3.5 w-3.5 shrink-0 text-[#8a5700]" />[39m
[31m+                             ) : ([39m
[31m+                               <ShieldAlert className="mt-0.5 h-3.5 w-3.5 shrink-0 text-[#a4262c]" />[39m
[31m+                             )}[39m
[31m+                             <div>[39m
[31m+                               <span className="font-medium text-[#323130]">License standard: </span>[39m
[31m+                               <span className="text-[#605e5c]">{sandboxReport.licenseDetails}</span>[39m
[31m+                             </div>[39m
[31m+                           </div>[39m
[31m+                         </div>[39m
[31m+ [39m
[31m+                         <div className="space-y-1 rounded border border-[#e1dfdd] bg-white p-2.5 text-[12px] leading-normal text-[#605e5c]">[39m
[31m+                           <p className="text-[11px] font-medium uppercase text-[#323130]">Compliance checklist ({sandboxReport.complianceTarget}):</p>[39m
[31m+                           <p className="italic">{sandboxReport.safeguardPolicy}</p>[39m
[31m+                         </div>[39m
[31m+                       </div>[39m
[31m+                     ) : ([39m
[31m+                       <div className="flex h-full flex-col items-center justify-center space-y-2 py-10 text-center text-[#8a8886]">[39m
[31m+                         <Sliders className="h-6 w-6 text-[#c8c6c4]" />[39m
[31m+                         <p className="mt-2 text-[13px] font-medium text-[#605e5c]">Attestation pending</p>[39m
[31m+                         <p className="max-w-[220px] text-[12px] leading-snug text-[#8a8886]">[39m
[31m+                           Configure simulation parameters and run the sandbox compliance attestation to test build parameters against standards.[39m
[31m+                         </p>[39m
[31m+                       </div>[39m
[31m+                     )}[39m
[31m+ [39m
[31m+                     <div className="mt-2 flex items-center justify-between border-t border-[#e1dfdd] pt-2 text-[11px] text-[#8a8886]">[39m
[31m+                       <span>Audit kernel: SEC_ENGINE_v1.0</span>[39m
[31m+                       {sandboxReport && ([39m
[31m+                         <span>Attested: {new Date(sandboxReport.timestamp).toLocaleTimeString()}</span>[39m
[31m+                       )}[39m
[31m+                     </div>[39m
[31m+                   </div>[39m
[31m+                 </div>[39m
[31m+ [39m
[31m+               </div>[39m
[31m+ [39m
[31m+             </div>[39m
[31m+ [39m
[31m+           </div>[39m
[31m+         </div>[39m
[31m+       )}[39m
[31m+     </div>[39m
[31m+   );[39m
[31m+ }[39m
[31m+[39m

[36m [2m❯[22m tests/settings-guide-contract.test.ts:[2m23:22[22m[39m
    [90m 21| [39m
    [90m 22| [39m  [34mit[39m([32m'still discloses billing has no backend'[39m[33m,[39m () [33m=>[39m {
    [90m 23| [39m    [34mexpect[39m([34msource[39m())[33m.[39m[34mtoContain[39m([32m'no backend exists yet'[39m)[33m;[39m
    [90m   | [39m                     [31m^[39m
    [90m 24| [39m  })[33m;[39m
    [90m 25| [39m

[31m[2m⎯⎯⎯⎯⎯⎯⎯⎯⎯⎯⎯⎯⎯⎯⎯⎯⎯⎯⎯⎯[106/141]⎯[22m[39m

[41m[1m FAIL [22m[49m tests/settings-guide-contract.test.ts[2m > [22mSettings "Getting Started" guide stays honest about real gaps[2m > [22mstill discloses custom domains are not implemented
[31m[1mAssertionError[22m: expected '/**\r\n * @license\r\n * SPDX-License…' to contain 'Custom domains</strong> — not impleme…'[39m

[32m- Expected[39m
[31m+ Received[39m

[32m- Custom domains</strong> — not implemented[39m
[31m+ /**[39m
[31m+  * @license[39m
[31m+  * SPDX-License-Identifier: Apache-2.0[39m
[31m+  */[39m
[31m+ [39m
[31m+ import React, { useState, useEffect, useMemo } from 'react';[39m
[31m+ import {[39m
[31m+   Settings, Shield, Sliders, KeyRound, Bell, HelpCircle, CheckCircle,[39m
[31m+   Sun, Moon, RefreshCw, Trash2, Fingerprint, Lock, FileText, Globe, FileCode,[39m
[31m+   BookOpen, Search, Sparkles, PlusCircle, AlertTriangle, Play, ChevronRight, Check,[39m
[31m+   ExternalLink, Layers, Info, Filter, ShieldAlert, BadgeAlert, CheckCircle2, AlertCircle[39m
[31m+ } from 'lucide-react';[39m
[31m+ import { auth } from '../lib/firebase';[39m
[31m+ import { apiFetch } from '../utils/apiClient';[39m
[31m+ [39m
[31m+ interface SettingsViewProps {[39m
[31m+   theme: 'light' | 'dark';[39m
[31m+   onToggleTheme: () => void;[39m
[31m+ }[39m
[31m+ [39m
[31m+ export default function SettingsView({ theme, onToggleTheme }: SettingsViewProps) {[39m
[31m+   const [activeSubTab, setActiveSubTab] = useState<'configurations' | 'bible' | 'organization'>('configurations');[39m
[31m+   const [mfaEnabled, setMfaEnabled] = useState(true);[39m
[31m+   const [slaTarget, setSlaTarget] = useState(85);[39m
[31m+   const [saveSuccess, setSaveSuccess] = useState(false);[39m
[31m+   const [offboarding, setOffboarding] = useState(false);[39m
[31m+   const [testing, setTesting] = useState(false);[39m
[31m+   const [testResults, setTestResults] = useState<any[]>([]);[39m
[31m+ [39m
[31m+   // Profile & Org/Team States[39m
[31m+   const [profile, setProfile] = useState<any>(null);[39m
[31m+   const [teamMembers, setTeamMembers] = useState<any[]>([]);[39m
[31m+   const [inviteEmail, setInviteEmail] = useState('');[39m
[31m+   const [inviteRole, setInviteRole] = useState('Technician');[39m
[31m+   const [editingProfile, setEditingProfile] = useState(false);[39m
[31m+   const [profileName, setProfileName] = useState('');[39m
[31m+   const [profileJobTitle, setProfileJobTitle] = useState('');[39m
[31m+   const [profileCompany, setProfileCompany] = useState('');[39m
[31m+   const [loadingTeam, setLoadingTeam] = useState(false);[39m
[31m+   const [teamError, setTeamError] = useState<string | null>(null);[39m
[31m+   const [teamSuccess, setTeamSuccess] = useState<string | null>(null);[39m
[31m+ [39m
[31m+   // profile is fetched from /api/user/me, which already returns the caller's[39m
[31m+   // role — derive gating from it directly rather than requiring a separate[39m
[31m+   // prop. Matches backend enforcement exactly: POST /api/tenant/offboard is[39m
[31m+   // requireRole('Owner'); team invite/role-change/remove are requireRole[39m
[31m+   // (['Owner','Admin']) (auth.ts).[39m
[31m+   const currentRole: string = profile?.role || 'Viewer';[39m
[31m+   const isOwner = currentRole === 'Owner';[39m
[31m+   const canManageTeam = isOwner || currentRole === 'Admin';[39m
[31m+ [39m
[31m+   const fetchProfileAndTeam = async () => {[39m
[31m+     setLoadingTeam(true);[39m
[31m+     try {[39m
[31m+       // 1. Fetch user profile[39m
[31m+       const profRes = await apiFetch('/api/user/me');[39m
[31m+       if (profRes.ok) {[39m
[31m+         const profData = await profRes.json();[39m
[31m+         setProfile(profData);[39m
[31m+         setProfileName(profData.displayName || '');[39m
[31m+         setProfileJobTitle(profData.roleTitle || '');[39m
[31m+         setProfileCompany(profData.companyName || '');[39m
[31m+       }[39m
[31m+ [39m
[31m+       // 2. Fetch team members[39m
[31m+       const teamRes = await apiFetch('/api/organization/team');[39m
[31m+       if (teamRes.ok) {[39m
[31m+         const teamData = await teamRes.json();[39m
[31m+         setTeamMembers(teamData);[39m
[31m+       }[39m
[31m+     } catch (err) {[39m
[31m+       console.error('Error fetching profile or organization team:', err);[39m
[31m+     } finally {[39m
[31m+       setLoadingTeam(false);[39m
[31m+     }[39m
[31m+   };[39m
[31m+ [39m
[31m+   const handleInviteMember = async (e: React.FormEvent) => {[39m
[31m+     e.preventDefault();[39m
[31m+     if (!inviteEmail || !canManageTeam) return;[39m
[31m+     setTeamError(null);[39m
[31m+     setTeamSuccess(null);[39m
[31m+     try {[39m
[31m+       const res = await apiFetch('/api/organization/invite', {[39m
[31m+         method: 'POST',[39m
[31m+         headers: { 'Content-Type': 'application/json' },[39m
[31m+         body: JSON.stringify({ email: inviteEmail, role: inviteRole })[39m
[31m+       });[39m
[31m+       if (res.ok) {[39m
[31m+         setTeamSuccess(`Successfully sent security invitation to ${inviteEmail}`);[39m
[31m+         setInviteEmail('');[39m
[31m+         fetchProfileAndTeam();[39m
[31m+       } else {[39m
[31m+         const errData = await res.json();[39m
[31m+         setTeamError(errData.message || 'Failed to send workspace invitation.');[39m
[31m+       }[39m
[31m+     } catch (err) {[39m
[31m+       setTeamError('Network error while dispatching invitation.');[39m
[31m+     }[39m
[31m+   };[39m
[31m+ [39m
[31m+   const handleUpdateMemberRole = async (userId: string, newRole: string) => {[39m
[31m+     if (!canManageTeam) return;[39m
[31m+     setTeamError(null);[39m
[31m+     setTeamSuccess(null);[39m
[31m+     try {[39m
[31m+       const res = await apiFetch(`/api/organization/team/${userId}/role`, {[39m
[31m+         method: 'PUT',[39m
[31m+         headers: { 'Content-Type': 'application/json' },[39m
[31m+         body: JSON.stringify({ role: newRole })[39m
[31m+       });[39m
[31m+       if (res.ok) {[39m
[31m+         setTeamSuccess('Workspace member role updated successfully.');[39m
[31m+         fetchProfileAndTeam();[39m
[31m+       } else {[39m
[31m+         const errData = await res.json();[39m
[31m+         setTeamError(errData.message || 'Permission denied.');[39m
[31m+       }[39m
[31m+     } catch (err) {[39m
[31m+       setTeamError('Failed to synchronize updated permission rules.');[39m
[31m+     }[39m
[31m+   };[39m
[31m+ [39m
[31m+   const handleRemoveMember = async (userId: string) => {[39m
[31m+     if (!canManageTeam) return;[39m
[31m+     const confirmed = window.confirm('Are you sure you want to revoke this user\'s workspace security credentials?');[39m
[31m+     if (!confirmed) return;[39m
[31m+     setTeamError(null);[39m
[31m+     setTeamSuccess(null);[39m
[31m+     try {[39m
[31m+       const res = await apiFetch(`/api/organization/team/${userId}`, {[39m
[31m+         method: 'DELETE'[39m
[31m+       });[39m
[31m+       if (res.ok) {[39m
[31m+         setTeamSuccess('Revoked workspace access and terminated session keys.');[39m
[31m+         fetchProfileAndTeam();[39m
[31m+       } else {[39m
[31m+         const errData = await res.json();[39m
[31m+         setTeamError(errData.message || 'Rejection from database.');[39m
[31m+       }[39m
[31m+     } catch (err) {[39m
[31m+       setTeamError('Failed to remove member.');[39m
[31m+     }[39m
[31m+   };[39m
[31m+ [39m
[31m+   const handleSaveProfile = async (e: React.FormEvent) => {[39m
[31m+     e.preventDefault();[39m
[31m+     setTeamError(null);[39m
[31m+     setTeamSuccess(null);[39m
[31m+     try {[39m
[31m+       const res = await apiFetch('/api/user/profile', {[39m
[31m+         method: 'PUT',[39m
[31m+         headers: { 'Content-Type': 'application/json' },[39m
[31m+         body: JSON.stringify({[39m
[31m+           displayName: profileName,[39m
[31m+           roleTitle: profileJobTitle,[39m
[31m+           companyName: profileCompany[39m
[31m+         })[39m
[31m+       });[39m
[31m+       if (res.ok) {[39m
[31m+         setTeamSuccess('User profile details updated successfully.');[39m
[31m+         setEditingProfile(false);[39m
[31m+         fetchProfileAndTeam();[39m
[31m+       } else {[39m
[31m+         const errData = await res.json();[39m
[31m+         setTeamError(errData.message || 'Failed to save details.');[39m
[31m+       }[39m
[31m+     } catch (err) {[39m
[31m+       setTeamError('Failed to save profile changes.');[39m
[31m+     }[39m
[31m+   };[39m
[31m+ [39m
[31m+   // Product Bible list[39m
[31m+   const [bibleProducts, setBibleProducts] = useState<any[]>([[39m
[31m+     {[39m
[31m+       id: 'pb-nginx',[39m
[31m+       name: 'Nginx Web Server',[39m
[31m+       type: 'Web Infrastructure / Proxy',[39m
[31m+       baselineSecureVersion: '1.24.0',[39m
[31m+       allowedLicenses: ['BSD-2-Clause', 'MIT', 'Apache-2.0'],[39m
[31m+       disallowedLicenses: ['GPL-3.0-only', 'AGPL-3.0-only'],[39m
[31m+       riskTier: 'Low',[39m
[31m+       complianceTarget: 'SOC 2 CC6.1 / NIST SP 800-53',[39m
[31m+       safeguardPolicy: 'Enforce TLS 1.3 only, disable cleartext HTTP ports, and prune default Server header metadata.'[39m
[31m+     },[39m
[31m+     {[39m
[31m+       id: 'pb-postgres',[39m
[31m+       name: 'PostgreSQL Relational Engine',[39m
[31m+       type: 'Database Systems',[39m
[31m+       baselineSecureVersion: '15.4',[39m
[31m+       allowedLicenses: ['PostgreSQL', 'MIT', 'Apache-2.0'],[39m
[31m+       disallowedLicenses: ['AGPL-3.0-only', 'GPL-3.0-only'],[39m
[31m+       riskTier: 'Low',[39m
[31m+       complianceTarget: 'NIST SP 800-171 / HIPAA Sec. 164',[39m
[31m+       safeguardPolicy: 'Enable row-level security (RLS), mandate pgcrypto encryption for columns, and bind exclusively to localized subnets.'[39m
[31m+     },[39m
[31m+     {[39m
[31m+       id: 'pb-redis',[39m
[31m+       name: 'Redis In-Memory Key-Value Cache',[39m
[31m+       type: 'Cache Systems',[39m
[31m+       baselineSecureVersion: '7.0.12',[39m
[31m+       allowedLicenses: ['BSD-3-Clause', 'MIT'],[39m
[31m+       disallowedLicenses: ['SSPL-1.0', 'AGPL-3.0-only'],[39m
[31m+       riskTier: 'Medium',[39m
[31m+       complianceTarget: 'PCI-DSS v4.0 Req 2 & 3',[39m
[31m+       safeguardPolicy: 'Disable custom dangerous admin commands (CONFIG, FLUSHALL), set authentication passwords, and restrict container loopbacks.'[39m
[31m+     },[39m
[31m+     {[39m
[31m+       id: 'pb-log4j',[39m
[31m+       name: 'Apache Log4j Core Logging',[39m
[31m+       type: 'Open Source Logging Framework',[39m
[31m+       baselineSecureVersion: '2.17.1',[39m
[31m+       allowedLicenses: ['Apache-2.0'],[39m
[31m+       disallowedLicenses: ['GPL-3.0-only', 'AGPL-3.0-only'],[39m
[31m+       riskTier: 'High',[39m
[31m+       complianceTarget: 'CISA KEV Mitigation Directive',[39m
[31m+       safeguardPolicy: 'Ensure strict lookup disabling (formatMsgNoLookups=true) and remove JMSAppender class files from all builds to neutralize JNDI execution risks.'[39m
[31m+     },[39m
[31m+     {[39m
[31m+       id: 'pb-docker',[39m
[31m+       name: 'Docker Container base environment',[39m
[31m+       type: 'Container Foundations',[39m
[31m+       baselineSecureVersion: '24.0.5',[39m
[31m+       allowedLicenses: ['Apache-2.0', 'MIT'],[39m
[31m+       disallowedLicenses: ['GPL-3.0-only', 'AGPL-3.0-only'],[39m
[31m+       riskTier: 'Low',[39m
[31m+       complianceTarget: 'CIS Docker Benchmarks v1.6',[39m
[31m+       safeguardPolicy: 'Run containers with non-root privileges, specify readonly root filesystems, and strip all unneeded kernel capabilities (SYS_ADMIN).'[39m
[31m+     }[39m
[31m+   ]);[39m
[31m+ [39m
[31m+   // Search/Filter state for Product Bible[39m
[31m+   const [bibleSearchQuery, setBibleSearchQuery] = useState('');[39m
[31m+   const [bibleFilterRisk, setBibleFilterRisk] = useState('all');[39m
[31m+   const [selectedBibleProductId, setSelectedBibleProductId] = useState<string>('pb-nginx');[39m
[31m+ [39m
[31m+   // New Bible Product form fields[39m
[31m+   const [showAddBibleProduct, setShowAddBibleProduct] = useState(false);[39m
[31m+   const [newBpName, setNewBpName] = useState('');[39m
[31m+   const [newBpType, setNewBpType] = useState('Web Infrastructure / Proxy');[39m
[31m+   const [newBpVersion, setNewBpVersion] = useState('');[39m
[31m+   const [newBpAllowedLics, setNewBpAllowedLics] = useState('MIT, Apache-2.0, BSD-3-Clause');[39m
[31m+   const [newBpDisallowedLics, setNewBpDisallowedLics] = useState('GPL-3.0-only, AGPL-3.0-only');[39m
[31m+   const [newBpRisk, setNewBpRisk] = useState<'Low' | 'Medium' | 'High'>('Low');[39m
[31m+   const [newBpCompliance, setNewBpCompliance] = useState('');[39m
[31m+   const [newBpSafeguard, setNewBpSafeguard] = useState('');[39m
[31m+ [39m
[31m+   // Sandbox Auditor states[39m
[31m+   const [sandboxProduct, setSandboxProduct] = useState('Nginx Web Server');[39m
[31m+   const [sandboxCustomName, setSandboxCustomName] = useState('');[39m
[31m+   const [sandboxVersion, setSandboxVersion] = useState('1.25.1');[39m
[31m+   const [sandboxLicense, setSandboxLicense] = useState('MIT');[39m
[31m+   const [sandboxEnv, setSandboxEnv] = useState('Production');[39m
[31m+   const [sandboxReport, setSandboxReport] = useState<any | null>(null);[39m
[31m+ [39m
[31m+   // Multi-tenant Active Sessions, SSO and Cryptographic audit state[39m
[31m+   const [sessions, setSessions] = useState<any[]>([]);[39m
[31m+   const [history, setHistory] = useState<any[]>([]);[39m
[31m+   const [auditChain, setAuditChain] = useState<any[]>([]);[39m
[31m+   const [loadingLedgers, setLoadingLedgers] = useState(false);[39m
[31m+   const [verifyingLedger, setVerifyingLedger] = useState(false);[39m
[31m+   const [verificationResult, setVerificationResult] = useState<any | null>(null);[39m
[31m+ [39m
[31m+   // SAML SSO Form settings[39m
[31m+   const [ssoEnabled, setSsoEnabled] = useState(true);[39m
[31m+   const [ssoProvider, setSsoProvider] = useState('Okta Enterprise IdP');[39m
[31m+   const [ssoMetadataUrl, setSsoMetadataUrl] = useState('https://idp.okta.com/app/exk810/sso/saml/metadata');[39m
[31m+   const [ssoClientId, setSsoClientId] = useState('spr_msp_okta_prod_01');[39m
[31m+ [39m
[31m+   const handleVerifyLedger = async () => {[39m
[31m+     setVerifyingLedger(true);[39m
[31m+     setVerificationResult(null);[39m
[31m+     try {[39m
[31m+       const res = await apiFetch('/api/auth/audit-chain/verify');[39m
[31m+       if (res.ok) {[39m
[31m+         const data = await res.json();[39m
[31m+         setVerificationResult(data);[39m
[31m+       } else {[39m
[31m+         setVerificationResult({[39m
[31m+           isValid: false,[39m
[31m+           error: 'Verification request returned a server exception.'[39m
[31m+         });[39m
[31m+       }[39m
[31m+     } catch (err: any) {[39m
[31m+       setVerificationResult({[39m
[31m+         isValid: false,[39m
[31m+         error: err?.message || 'Network connection timeout.'[39m
[31m+       });[39m
[31m+     } finally {[39m
[31m+       setVerifyingLedger(false);[39m
[31m+     }[39m
[31m+   };[39m
[31m+ [39m
[31m+   const fetchAuthDataLedgers = async () => {[39m
[31m+     setLoadingLedgers(true);[39m
[31m+     try {[39m
[31m+       const sessRes = await apiFetch('/api/auth/sessions');[39m
[31m+       if (sessRes.ok) {[39m
[31m+         const data = await sessRes.json();[39m
[31m+         setSessions(data);[39m
[31m+       }[39m
[31m+ [39m
[31m+       const histRes = await apiFetch('/api/auth/login-history');[39m
[31m+       if (histRes.ok) {[39m
[31m+         const data = await histRes.json();[39m
[31m+         setHistory(data);[39m
[31m+       }[39m
[31m+ [39m
[31m+       const chainRes = await apiFetch('/api/auth/audit-chain');[39m
[31m+       if (chainRes.ok) {[39m
[31m+         const data = await chainRes.json();[39m
[31m+         setAuditChain(data);[39m
[31m+       }[39m
[31m+     } catch (err) {[39m
[31m+       console.error('Error fetching identity and compliance data ledgers:', err);[39m
[31m+     } finally {[39m
[31m+       setLoadingLedgers(false);[39m
[31m+     }[39m
[31m+   };[39m
[31m+ [39m
[31m+   useEffect(() => {[39m
[31m+     fetchAuthDataLedgers();[39m
[31m+     fetchProfileAndTeam();[39m
[31m+   }, []);[39m
[31m+ [39m
[31m+   const handleRevokeSession = async (sessionId: string) => {[39m
[31m+     try {[39m
[31m+       const res = await apiFetch('/api/auth/sessions/revoke', {[39m
[31m+         method: 'POST',[39m
[31m+         headers: { 'Content-Type': 'application/json' },[39m
[31m+         body: JSON.stringify({ sessionId })[39m
[31m+       });[39m
[31m+       if (res.ok) {[39m
[31m+         fetchAuthDataLedgers();[39m
[31m+       } else {[39m
[31m+         alert('Could not complete session revocation.');[39m
[31m+       }[39m
[31m+     } catch (err) {[39m
[31m+       console.error('Error during session revocation:', err);[39m
[31m+     }[39m
[31m+   };[39m
[31m+ [39m
[31m+   // There is no test-runner endpoint in the backend (running the test suite[39m
[31m+   // from an HTTP request would itself be a code-execution risk), and no[39m
[31m+   // endpoint separately verifies RLS isolation, OAuth handshakes, or API[39m
[31m+   // quota safety. This checks the one thing SPR can actually report on[39m
[31m+   // itself: real database connectivity, via the existing /api/ready[39m
[31m+   // readiness probe — the same one an orchestrator uses.[39m
[31m+   const runDiagnosticSuite = async () => {[39m
[31m+     setTesting(true);[39m
[31m+     try {[39m
[31m+       const res = await apiFetch('/api/ready');[39m
[31m+       const data = await res.json().catch(() => ({}));[39m
[31m+       const dbOk = Boolean(data?.checks?.database?.ok);[39m
[31m+       setTestResults([[39m
[31m+         { name: 'Database connectivity', status: dbOk ? 'PASS' : 'FAIL', details: dbOk ? `Responded in ${data.checks.database.latencyMs}ms` : data?.checks?.database?.error || 'Database unavailable' },[39m
[31m+         { name: 'API reachability', status: 'PASS', details: `/api/ready responded HTTP ${res.status}` },[39m
[31m+       ]);[39m
[31m+     } catch (err) {[39m
[31m+       console.error('Error running readiness check:', err);[39m
[31m+       setTestResults([{ name: 'API reachability', status: 'FAIL', details: 'The readiness request itself failed' }]);[39m
[31m+     } finally {[39m
[31m+       setTesting(false);[39m
[31m+     }[39m
[31m+   };[39m
[31m+ [39m
[31m+   const handleOffboardTenant = async () => {[39m
[31m+     if (!isOwner) { alert(`Your ${currentRole} role cannot offboard this workspace. Owner is required.`); return; }[39m
[31m+     const confirmed = window.confirm([39m
[31m+       "CRITICAL SECURITY ALERT: Are you absolutely certain you want to offboard this tenant? This will cascade-delete all databases, software passports, compliance statuses, and credentials instantly from our PostgreSQL storage nodes. This action cannot be undone."[39m
[31m+     );[39m
[31m+     if (!confirmed) return;[39m
[31m+ [39m
[31m+     setOffboarding(true);[39m
[31m+     try {[39m
[31m+       const res = await apiFetch('/api/tenant/offboard', {[39m
[31m+         method: 'POST',[39m
[31m+       });[39m
[31m+       if (res.ok) {[39m
[31m+         alert("Offboarding complete. Your tenant profile and isolated workspaces have been purged from storage nodes.");[39m
[31m+         localStorage.removeItem('msp_user');[39m
[31m+         await auth.signOut().catch(() => {});[39m
[31m+         window.location.reload();[39m
[31m+       } else {[39m
[31m+         const errorData = await res.json();[39m
[31m+         alert(`Offboarding failed: ${errorData.error || 'Server error'}`);[39m
[31m+       }[39m
[31m+     } catch (err) {[39m
[31m+       console.error('Failed to trigger tenant data offboarding:', err);[39m
[31m+       alert('Network error while completing data purge.');[39m
[31m+     } finally {[39m
[31m+       setOffboarding(false);[39m
[31m+     }[39m
[31m+   };[39m
[31m+ [39m
[31m+   // No backend endpoint persists these fields (SLA target, MFA toggle, SSO[39m
[31m+   // config, daily-scan cadence) — they are local component state only and[39m
[31m+   // reset on reload/navigation. This used to show a "Portal configuration[39m
[31m+   // updated!" success message that implied a real save; keep that claim[39m
[31m+   // honest until real persistence exists rather than build a fake one.[39m
[31m+   const handleSaveSettings = () => {[39m
[31m+     setSaveSuccess(true);[39m
[31m+     setTimeout(() => setSaveSuccess(false), 4000);[39m
[31m+   };[39m
[31m+ [39m
[31m+   const activeBibleProduct = useMemo(() => {[39m
[31m+     return bibleProducts.find(p => p.id === selectedBibleProductId) || bibleProducts[0];[39m
[31m+   }, [bibleProducts, selectedBibleProductId]);[39m
[31m+ [39m
[31m+   const filteredBibleProducts = useMemo(() => {[39m
[31m+     return bibleProducts.filter(bp => {[39m
[31m+       const matchSearch = bp.name.toLowerCase().includes(bibleSearchQuery.toLowerCase()) ||[39m
[31m+                           bp.type.toLowerCase().includes(bibleSearchQuery.toLowerCase()) ||[39m
[31m+                           bp.complianceTarget.toLowerCase().includes(bibleSearchQuery.toLowerCase());[39m
[31m+       const matchRisk = bibleFilterRisk === 'all' || bp.riskTier.toLowerCase() === bibleFilterRisk.toLowerCase();[39m
[31m+       return matchSearch && matchRisk;[39m
[31m+     });[39m
[31m+   }, [bibleProducts, bibleSearchQuery, bibleFilterRisk]);[39m
[31m+ [39m
[31m+   const handleAddBibleProduct = (e: React.FormEvent) => {[39m
[31m+     e.preventDefault();[39m
[31m+     if (!newBpName || !newBpVersion) {[39m
[31m+       alert('Please enter a product name and baseline secure version.');[39m
[31m+       return;[39m
[31m+     }[39m
[31m+ [39m
[31m+     const newProduct = {[39m
[31m+       id: `pb-custom-${Date.now()}`,[39m
[31m+       name: newBpName,[39m
[31m+       type: newBpType,[39m
[31m+       baselineSecureVersion: newBpVersion,[39m
[31m+       allowedLicenses: newBpAllowedLics.split(',').map(s => s.trim()).filter(Boolean),[39m
[31m+       disallowedLicenses: newBpDisallowedLics.split(',').map(s => s.trim()).filter(Boolean),[39m
[31m+       riskTier: newBpRisk,[39m
[31m+       complianceTarget: newBpCompliance || 'Standard Compliance Profile',[39m
[31m+       safeguardPolicy: newBpSafeguard || 'Verify cryptographic signature and restrict host execution capabilities on staging.'[39m
[31m+     };[39m
[31m+ [39m
[31m+     setBibleProducts(prev => [newProduct, ...prev]);[39m
[31m+     setSelectedBibleProductId(newProduct.id);[39m
[31m+     setShowAddBibleProduct(false);[39m
[31m+ [39m
[31m+     // Reset inputs[39m
[31m+     setNewBpName('');[39m
[31m+     setNewBpVersion('');[39m
[31m+     setNewBpCompliance('');[39m
[31m+     setNewBpSafeguard('');[39m
[31m+   };[39m
[31m+ [39m
[31m+   const handleRunSandboxAudit = () => {[39m
[31m+     let targetName = sandboxProduct;[39m
[31m+     if (sandboxProduct === 'custom' && sandboxCustomName) {[39m
[31m+       targetName = sandboxCustomName;[39m
[31m+     }[39m
[31m+ [39m
[31m+     const matchedBp = bibleProducts.find(bp =>[39m
[31m+       bp.name.toLowerCase() === targetName.toLowerCase() ||[39m
[31m+       targetName.toLowerCase().includes(bp.name.toLowerCase())[39m
[31m+     );[39m
[31m+ [39m
[31m+     let versionStatus: 'Compliant' | 'Warning' | 'Fail' = 'Compliant';[39m
[31m+     let versionDetails = '';[39m
[31m+ [39m
[31m+     const inputVer = sandboxVersion.trim();[39m
[31m+     if (!inputVer) {[39m
[31m+       versionStatus = 'Warning';[39m
[31m+       versionDetails = 'No version specified. Auditing engine cannot verify baseline standards.';[39m
[31m+     } else if (matchedBp) {[39m
[31m+       const baseline = matchedBp.baselineSecureVersion;[39m
[31m+       const baselineNum = parseFloat(baseline.replace(/[^0-9.]/g, ''));[39m
[31m+       const inputNum = parseFloat(inputVer.replace(/[^0-9.]/g, ''));[39m
[31m+ [39m
[31m+       if (!isNaN(baselineNum) && !isNaN(inputNum)) {[39m
[31m+         if (inputNum < baselineNum) {[39m
[31m+           versionStatus = 'Fail';[39m
[31m+           versionDetails = `Ingested version v${inputVer} is older than the recommended secure baseline v${baseline}. Potential known CVE exposures exist!`;[39m
[31m+         } else {[39m
[31m+           versionStatus = 'Compliant';[39m
[31m+           versionDetails = `Version v${inputVer} matches or exceeds secure baseline standards (v${baseline}).`;[39m
[31m+         }[39m
[31m+       } else {[39m
[31m+         versionDetails = `Assumed compatible with baseline standards (Recommended baseline: v${baseline}).`;[39m
[31m+       }[39m
[31m+     } else {[39m
[31m+       versionDetails = 'Unregistered custom software. Compliance baseline has not been defined in the Master Bible.';[39m
[31m+     }[39m
[31m+ [39m
[31m+     let licenseStatus: 'Compliant' | 'Warning' | 'Fail' = 'Compliant';[39m
[31m+     let licenseDetails = '';[39m
[31m+ [39m
[31m+     if (matchedBp) {[39m
[31m+       const allowed = matchedBp.allowedLicenses.map((l: string) => l.toLowerCase());[39m
[31m+       const disallowed = matchedBp.disallowedLicenses.map((l: string) => l.toLowerCase());[39m
[31m+       const queryLic = sandboxLicense.trim().toLowerCase();[39m
[31m+ [39m
[31m+       if (disallowed.includes(queryLic)) {[39m
[31m+         licenseStatus = 'Fail';[39m
[31m+         licenseDetails = `License "${sandboxLicense}" is strictly prohibited for the enterprise by corporate policy. Refuse deployments.`;[39m
[31m+       } else if (allowed.length > 0 && !allowed.includes(queryLic)) {[39m
[31m+         licenseStatus = 'Warning';[39m
[31m+         licenseDetails = `License "${sandboxLicense}" is not explicitly greenlisted in the Master Bible for ${matchedBp.name}. Legal review recommended.`;[39m
[31m+       } else {[39m
[31m+         licenseStatus = 'Compliant';[39m
[31m+         licenseDetails = `License "${sandboxLicense}" matches greenlisted standards for this software class.`;[39m
[31m+       }[39m
[31m+     } else {[39m
[31m+       const queryLic = sandboxLicense.trim().toLowerCase();[39m
[31m+       if (['gpl-3.0', 'agpl-3.0', 'gpl-3.0-only', 'agpl-3.0-only', 'sspl-1.0'].includes(queryLic)) {[39m
[31m+         licenseStatus = 'Fail';[39m
[31m+         licenseDetails = `Copyleft license "${sandboxLicense}" detected. Deploying to commercial client clouds presents critical proprietary exposure risks.`;[39m
[31m+       } else {[39m
[31m+         licenseStatus = 'Compliant';[39m
[31m+         licenseDetails = `License "${sandboxLicense}" is typical of standard permissible open-source software libraries.`;[39m
[31m+       }[39m
[31m+     }[39m
[31m+ [39m
[31m+     const complianceTarget = matchedBp ? matchedBp.complianceTarget : 'General NIST SP 800-53 Rev 5 / CIS Safeguards';[39m
[31m+     const safeguardPolicy = matchedBp ? matchedBp.safeguardPolicy : 'Verify cryptographic signature (SLSA/Cosign), restrict container capabilities, and verify dependency CVE maps prior to operational staging.';[39m
[31m+ [39m
[31m+     let overallStatus: 'PASS' | 'WARN' | 'FAIL' = 'PASS';[39m
[31m+     if (versionStatus === 'Fail' || licenseStatus === 'Fail') {[39m
[31m+       overallStatus = 'FAIL';[39m
[31m+     } else if (versionStatus === 'Warning' || licenseStatus === 'Warning') {[39m
[31m+       overallStatus = 'WARN';[39m
[31m+     }[39m
[31m+ [39m
[31m+     setSandboxReport({[39m
[31m+       productName: targetName,[39m
[31m+       version: inputVer || 'unknown',[39m
[31m+       license: sandboxLicense,[39m
[31m+       environment: sandboxEnv,[39m
[31m+       overallStatus,[39m
[31m+       versionStatus,[39m
[31m+       versionDetails,[39m
[31m+       licenseStatus,[39m
[31m+       licenseDetails,[39m
[31m+       complianceTarget,[39m
[31m+       safeguardPolicy,[39m
[31m+       timestamp: new Date().toISOString()[39m
[31m+     });[39m
[31m+   };[39m
[31m+ [39m
[31m+   return ([39m
[31m+     <div className="space-y-4" id="msp-settings-view">[39m
[31m+       {/* Page Header */}[39m
[31m+       <div className="flex flex-col gap-3 sm:flex-row sm:items-center sm:justify-between">[39m
[31m+         <div>[39m
[31m+           <h1 className="text-[22px] font-semibold text-[#201f1e] flex items-center gap-2">[39m
[31m+             <Settings className="h-4 w-4 text-[#0f6cbd]" />[39m
[31m+             <span>Platform Settings & Compliance Bible</span>[39m
[31m+           </h1>[39m
[31m+           <p className="mt-1 text-[13px] text-[#605e5c]">[39m
[31m+             Configure thresholds, SAML authentication gateways, operator sessions, and the master product security Bible.[39m
[31m+           </p>[39m
[31m+         </div>[39m
[31m+ [39m
[31m+         <button[39m
[31m+           onClick={fetchAuthDataLedgers}[39m
[31m+           disabled={loadingLedgers}[39m
[31m+           className="inline-flex h-9 items-center gap-1.5 rounded border border-[#c8c6c4] px-3 text-[13px] font-medium text-[#323130] hover:bg-black/[.03] disabled:opacity-60"[39m
[31m+         >[39m
[31m+           <RefreshCw className={`h-3.5 w-3.5 ${loadingLedgers ? 'animate-spin' : ''}`} />[39m
[31m+           <span>Sync Audits</span>[39m
[31m+         </button>[39m
[31m+       </div>[39m
[31m+ [39m
[31m+       {/* Sub-Tab Selector */}[39m
[31m+       <div className="flex gap-1 border-b border-[#e1dfdd]">[39m
[31m+         <button[39m
[31m+           type="button"[39m
[31m+           onClick={() => setActiveSubTab('configurations')}[39m
[31m+           className={`flex items-center gap-1.5 px-3 py-2 text-[13px] font-medium border-b-2 -mb-px ${[39m
[31m+             activeSubTab === 'configurations'[39m
[31m+               ? 'border-[#0f6cbd] text-[#0f6cbd]'[39m
[31m+               : 'border-transparent text-[#605e5c] hover:text-[#323130]'[39m
[31m+           }`}[39m
[31m+         >[39m
[31m+           <Sliders className="h-3.5 w-3.5" />[39m
[31m+           <span>Configurations</span>[39m
[31m+         </button>[39m
[31m+         <button[39m
[31m+           type="button"[39m
[31m+           onClick={() => setActiveSubTab('organization')}[39m
[31m+           className={`flex items-center gap-1.5 px-3 py-2 text-[13px] font-medium border-b-2 -mb-px ${[39m
[31m+             activeSubTab === 'organization'[39m
[31m+               ? 'border-[#0f6cbd] text-[#0f6cbd]'[39m
[31m+               : 'border-transparent text-[#605e5c] hover:text-[#323130]'[39m
[31m+           }`}[39m
[31m+         >[39m
[31m+           <Layers className="h-3.5 w-3.5" />[39m
[31m+           <span>Team & Profile</span>[39m
[31m+         </button>[39m
[31m+         <button[39m
[31m+           type="button"[39m
[31m+           onClick={() => setActiveSubTab('bible')}[39m
[31m+           className={`flex items-center gap-1.5 px-3 py-2 text-[13px] font-medium border-b-2 -mb-px ${[39m
[31m+             activeSubTab === 'bible'[39m
[31m+               ? 'border-[#0f6cbd] text-[#0f6cbd]'[39m
[31m+               : 'border-transparent text-[#605e5c] hover:text-[#323130]'[39m
[31m+           }`}[39m
[31m+         >[39m
[31m+           <BookOpen className="h-3.5 w-3.5" />[39m
[31m+           <span>Master Bible</span>[39m
[31m+         </button>[39m
[31m+       </div>[39m
[31m+ [39m
[31m+       {activeSubTab === 'configurations' ? ([39m
[31m+         <div className="grid grid-cols-1 lg:grid-cols-3 gap-4">[39m
[31m+           {/* Left Column: Core Preferences */}[39m
[31m+           <div className="lg:col-span-2 space-y-4">[39m
[31m+ [39m
[31m+             <details className="rounded-md border border-[#e1dfdd] bg-[#faf9f8] text-[13px]">[39m
[31m+               <summary className="cursor-pointer select-none px-3 py-2 font-medium text-[#323130]">What is this? &middot; How it works</summary>[39m
[31m+               <div className="px-3 pb-3 text-[#605e5c]">[39m
[31m+                 <p>Platform-wide thresholds, single sign-on, and session controls for this workspace.</p>[39m
[31m+                 <ol className="mt-1.5 list-decimal space-y-0.5 pl-4">[39m
[31m+                   <li>Set the trust score threshold that triggers alerts.</li>[39m
[31m+                   <li>Configure the SAML identity provider your organization uses to sign in.</li>[39m
[31m+                   <li>Review and revoke active operator sessions if needed.</li>[39m
[31m+                 </ol>[39m
[31m+               </div>[39m
[31m+             </details>[39m
[31m+ [39m
[31m+             {/* General platform settings card */}[39m
[31m+             <div className="rounded-md border border-[#e1dfdd] bg-white p-4 space-y-3">[39m
[31m+               <h3 className="flex items-center gap-1.5 border-b border-[#e1dfdd] pb-2 text-[14px] font-semibold text-[#201f1e]">[39m
[31m+                 <Sliders className="h-4 w-4 text-[#0f6cbd]" />[39m
[31m+                 <span>General platform parameters</span>[39m
[31m+               </h3>[39m
[31m+ [39m
[31m+               <div className="space-y-3 text-[13px]">[39m
[31m+                 <div className="flex flex-col gap-1">[39m
[31m+                   <label className="font-medium text-[#323130]">Audit trust SLA target threshold (score)</label>[39m
[31m+                   <div className="flex items-center gap-2">[39m
[31m+                     <input[39m
[31m+                       type="range"[39m
[31m+                       min="60"[39m
[31m+                       max="98"[39m
[31m+                       value={slaTarget}[39m
[31m+                       onChange={(e) => setSlaTarget(Number(e.target.value))}[39m
[31m+                       className="h-1.5 flex-1 cursor-pointer accent-[#0f6cbd]"[39m
[31m+                     />[39m
[31m+                     <span className="rounded border border-[#c8c6c4] bg-[#eff6fc] px-2 py-1 font-medium text-[#0f6cbd]">[39m
[31m+                       {slaTarget}/100[39m
[31m+                     </span>[39m
[31m+                   </div>[39m
[31m+                   <p className="text-[12px] text-[#605e5c]">Alerts are compiled if a software passport overall rating drops below this value.</p>[39m
[31m+                 </div>[39m
[31m+ [39m
[31m+                 <div className="flex items-center justify-between gap-4 border-t border-[#e1dfdd] pt-3">[39m
[31m+                   <div>[39m
[31m+                     <span className="block font-medium text-[#323130]">Enable automated daily recalculation scans</span>[39m
[31m+                     <p className="text-[12px] text-[#605e5c]">Automatically scan active client software inventory on CVE database updates.</p>[39m
[31m+                   </div>[39m
[31m+                   <input[39m
[31m+                     type="checkbox"[39m
[31m+                     defaultChecked[39m
[31m+                     className="h-4 w-4 rounded border-[#c8c6c4] text-[#0f6cbd] focus:ring-[#0f6cbd]"[39m
[31m+                   />[39m
[31m+                 </div>[39m
[31m+               </div>[39m
[31m+             </div>[39m
[31m+ [39m
[31m+             {/* Theme & Interface Customization Card */}[39m
[31m+             <div className="rounded-md border border-[#e1dfdd] bg-white p-4 space-y-3">[39m
[31m+               <h3 className="flex items-center gap-1.5 border-b border-[#e1dfdd] pb-2 text-[14px] font-semibold text-[#201f1e]">[39m
[31m+                 <Sun className="h-4 w-4 text-[#0f6cbd]" />[39m
[31m+                 <span>Theme & interface</span>[39m
[31m+               </h3>[39m
[31m+ [39m
[31m+               <div className="space-y-3 text-[13px]">[39m
[31m+                 <div className="flex flex-col gap-1">[39m
[31m+                   <span className="font-medium text-[#323130]">Active theme preference</span>[39m
[31m+                   <p className="text-[12px] text-[#605e5c]">Choose between a light interface or a dark interface for operating centers.</p>[39m
[31m+                 </div>[39m
[31m+ [39m
[31m+                 <div className="grid grid-cols-2 gap-2">[39m
[31m+                   <button[39m
[31m+                     type="button"[39m
[31m+                     onClick={() => theme === 'dark' && onToggleTheme()}[39m
[31m+                     className={`flex h-9 items-center justify-center gap-2 rounded border text-[13px] font-medium ${[39m
[31m+                       theme === 'light'[39m
[31m+                         ? 'border-[#0f6cbd] bg-[#eff6fc] text-[#0f6cbd]'[39m
[31m+                         : 'border-[#c8c6c4] text-[#323130] hover:bg-black/[.03]'[39m
[31m+                     }`}[39m
[31m+                   >[39m
[31m+                     <Sun className="h-3.5 w-3.5" />[39m
[31m+                     <span>Light mode</span>[39m
[31m+                   </button>[39m
[31m+ [39m
[31m+                   <button[39m
[31m+                     type="button"[39m
[31m+                     onClick={() => theme === 'light' && onToggleTheme()}[39m
[31m+                     className={`flex h-9 items-center justify-center gap-2 rounded border text-[13px] font-medium ${[39m
[31m+                       theme === 'dark'[39m
[31m+                         ? 'border-[#0f6cbd] bg-[#eff6fc] text-[#0f6cbd]'[39m
[31m+                         : 'border-[#c8c6c4] text-[#323130] hover:bg-black/[.03]'[39m
[31m+                     }`}[39m
[31m+                   >[39m
[31m+                     <Moon className="h-3.5 w-3.5" />[39m
[31m+                     <span>Dark mode</span>[39m
[31m+                   </button>[39m
[31m+                 </div>[39m
[31m+               </div>[39m
[31m+             </div>[39m
[31m+ [39m
[31m+             {/* SAML SSO Configuration Card */}[39m
[31m+             <div className="rounded-md border border-[#e1dfdd] bg-white p-4 space-y-3">[39m
[31m+               <h3 className="flex items-center gap-1.5 border-b border-[#e1dfdd] pb-2 text-[14px] font-semibold text-[#201f1e]">[39m
[31m+                 <Globe className="h-4 w-4 text-[#0f6cbd]" />[39m
[31m+                 <span>Enterprise SAML / SSO integration</span>[39m
[31m+               </h3>[39m
[31m+ [39m
[31m+               <div className="space-y-3 text-[13px]">[39m
[31m+                 <div className="flex items-center justify-between gap-4">[39m
[31m+                   <div>[39m
[31m+                     <span className="block font-medium text-[#323130]">SAML SSO access gate</span>[39m
[31m+                     <p className="text-[12px] text-[#605e5c]">Redirect unauthenticated corporate domains to the unified identity provider (IdP).</p>[39m
[31m+                   </div>[39m
[31m+                   <button[39m
[31m+                     onClick={() => setSsoEnabled(!ssoEnabled)}[39m
[31m+                     className={`inline-flex h-8 items-center gap-1.5 rounded border px-2.5 text-[12px] font-medium ${[39m
[31m+                       ssoEnabled ? 'border-[#c8c6c4] bg-[#dff6dd] text-[#0e700e]' : 'border-[#c8c6c4] bg-[#f3f2f1] text-[#605e5c]'[39m
[31m+                     }`}[39m
[31m+                   >[39m
[31m+                     <span className={`h-1.5 w-1.5 rounded-full ${ssoEnabled ? 'bg-[#0e700e]' : 'bg-[#8a8886]'}`} />[39m
[31m+                     {ssoEnabled ? 'SSO active' : 'SSO inactive'}[39m
[31m+                   </button>[39m
[31m+                 </div>[39m
[31m+ [39m
[31m+                 <div className="grid grid-cols-1 gap-3 border-t border-[#e1dfdd] pt-3 md:grid-cols-2">[39m
[31m+                   <div>[39m
[31m+                     <label className="mb-1 block text-[12px] font-medium text-[#605e5c]">Corporate identity provider</label>[39m
[31m+                     <input[39m
[31m+                       type="text"[39m
[31m+                       value={ssoProvider}[39m
[31m+                       onChange={(e) => setSsoProvider(e.target.value)}[39m
[31m+                       className="h-9 w-full rounded border border-[#c8c6c4] px-2.5 text-[13px] focus:border-[#0f6cbd] focus:outline-none focus:ring-1 focus:ring-[#0f6cbd]"[39m
[31m+                     />[39m
[31m+                   </div>[39m
[31m+                   <div>[39m
[31m+                     <label className="mb-1 block text-[12px] font-medium text-[#605e5c]">Client ID / issuer URL</label>[39m
[31m+                     <input[39m
[31m+                       type="text"[39m
[31m+                       value={ssoClientId}[39m
[31m+                       onChange={(e) => setSsoClientId(e.target.value)}[39m
[31m+                       className="h-9 w-full rounded border border-[#c8c6c4] px-2.5 font-mono text-[13px] focus:border-[#0f6cbd] focus:outline-none focus:ring-1 focus:ring-[#0f6cbd]"[39m
[31m+                     />[39m
[31m+                   </div>[39m
[31m+                   <div className="md:col-span-2">[39m
[31m+                     <label className="mb-1 block text-[12px] font-medium text-[#605e5c]">SAML 2.0 metadata XML endpoint URL</label>[39m
[31m+                     <input[39m
[31m+                       type="text"[39m
[31m+                       value={ssoMetadataUrl}[39m
[31m+                       onChange={(e) => setSsoMetadataUrl(e.target.value)}[39m
[31m+                       className="h-9 w-full rounded border border-[#c8c6c4] px-2.5 font-mono text-[13px] focus:border-[#0f6cbd] focus:outline-none focus:ring-1 focus:ring-[#0f6cbd]"[39m
[31m+                     />[39m
[31m+                   </div>[39m
[31m+                 </div>[39m
[31m+               </div>[39m
[31m+             </div>[39m
[31m+ [39m
[31m+             {/* Active Sessions Monitoring Ledger */}[39m
[31m+             <div className="rounded-md border border-[#e1dfdd] bg-white p-4 space-y-3">[39m
[31m+               <h3 className="flex items-center justify-between border-b border-[#e1dfdd] pb-2 text-[14px] font-semibold text-[#201f1e]">[39m
[31m+                 <span className="flex items-center gap-1.5">[39m
[31m+                   <Lock className="h-4 w-4 text-[#0f6cbd]" />[39m
[31m+                   <span>Active operator sessions</span>[39m
[31m+                 </span>[39m
[31m+                 <span className="rounded border border-[#c8c6c4] bg-[#eff6fc] px-2 py-0.5 text-[12px] font-medium text-[#0f6cbd]">[39m
[31m+                   {sessions.length} active[39m
[31m+                 </span>[39m
[31m+               </h3>[39m
[31m+ [39m
[31m+               <div className="overflow-x-auto">[39m
[31m+                 <table className="w-full border-collapse text-left text-[13px]">[39m
[31m+                   <thead>[39m
[31m+                     <tr className="border-b border-[#e1dfdd] text-[11px] uppercase tracking-wide text-[#605e5c]">[39m
[31m+                       <th className="py-2 font-medium">User / identity</th>[39m
[31m+                       <th className="py-2 font-medium">IP address</th>[39m
[31m+                       <th className="py-2 font-medium">Device & location</th>[39m
[31m+                       <th className="py-2 text-right font-medium">Actions</th>[39m
[31m+                     </tr>[39m
[31m+                   </thead>[39m
[31m+                   <tbody>[39m
[31m+                     {sessions.map((sess) => ([39m
[31m+                       <tr key={sess.id} className="border-b border-[#f3f2f1] hover:bg-black/[.02]">[39m
[31m+                         <td className="py-2.5 pr-2 font-medium text-[#201f1e]">[39m
[31m+                           {sess.email}[39m
[31m+                           {sess.current && ([39m
[31m+                             <span className="ml-2 rounded border border-[#c8c6c4] bg-[#dff6dd] px-1.5 py-0.5 text-[11px] font-medium text-[#0e700e]">[39m
[31m+                               Current[39m
[31m+                             </span>[39m
[31m+                           )}[39m
[31m+                         </td>[39m
[31m+                         <td className="py-2.5 font-mono text-[#605e5c]">{sess.ip}</td>[39m
[31m+                         <td className="py-2.5 text-[#605e5c]">[39m
[31m+                           <span className="block">{sess.device}</span>[39m
[31m+                           <span className="text-[12px] text-[#8a8886]">{sess.location}</span>[39m
[31m+                         </td>[39m
[31m+                         <td className="py-2.5 text-right">[39m
[31m+                           {!sess.current && ([39m
[31m+                             <button[39m
[31m+                               onClick={() => handleRevokeSession(sess.id)}[39m
[31m+                               className="rounded p-1.5 text-[#a4262c] hover:bg-[#fdf2f2]"[39m
[31m+                               title="Revoke session and force termination"[39m
[31m+                             >[39m
[31m+                               <Trash2 className="h-3.5 w-3.5" />[39m
[31m+                             </button>[39m
[31m+                           )}[39m
[31m+                         </td>[39m
[31m+                       </tr>[39m
[31m+                     ))}[39m
[31m+                     {sessions.length === 0 && ([39m
[31m+                       <tr>[39m
[31m+                         <td colSpan={4} className="py-4 text-center text-[#8a8886]">[39m
[31m+                           No active sessions identified.[39m
[31m+                         </td>[39m
[31m+                       </tr>[39m
[31m+                     )}[39m
[31m+                   </tbody>[39m
[31m+                 </table>[39m
[31m+               </div>[39m
[31m+             </div>[39m
[31m+ [39m
[31m+             {/* Cryptographically Chained Audit Ledger visualization */}[39m
[31m+             <div className="rounded-md border border-[#e1dfdd] bg-white p-4 space-y-3">[39m
[31m+               <div className="flex items-center justify-between border-b border-[#e1dfdd] pb-2">[39m
[31m+                 <h3 className="flex items-center gap-1.5 text-[14px] font-semibold text-[#201f1e]">[39m
[31m+                   <FileCode className="h-4 w-4 text-[#0f6cbd]" />[39m
[31m+                   <span>Cryptographic audit ledger</span>[39m
[31m+                 </h3>[39m
[31m+                 <span className="inline-flex items-center gap-1.5 rounded border border-[#c8c6c4] bg-[#dff6dd] px-2 py-0.5 text-[12px] font-medium text-[#0e700e]">[39m
[31m+                   <span className="h-1.5 w-1.5 rounded-full bg-[#0e700e]" />[39m
[31m+                   Tamper-proof, SLA verified[39m
[31m+                 </span>[39m
[31m+               </div>[39m
[31m+ [39m
[31m+               <p className="text-[13px] text-[#605e5c]">[39m
[31m+                 Every critical login event and administrative action is recorded into a secure hash chain. Each block references the SHA-256 hash of its predecessor, creating an unalterable audit trail.[39m
[31m+               </p>[39m
[31m+ [39m
[31m+               {/* Integrity Scanner Trigger */}[39m
[31m+               <div className="flex flex-wrap items-center gap-2">[39m
[31m+                 <button[39m
[31m+                   type="button"[39m
[31m+                   onClick={handleVerifyLedger}[39m
[31m+                   disabled={verifyingLedger}[39m
[31m+                   className="inline-flex h-9 items-center gap-2 rounded bg-[#0f6cbd] px-3 text-[13px] font-medium text-white hover:bg-[#004578] disabled:opacity-60"[39m
[31m+                 >[39m
[31m+                   {verifyingLedger ? ([39m
[31m+                     <>[39m
[31m+                       <svg className="h-3.5 w-3.5 animate-spin text-white" fill="none" viewBox="0 0 24 24">[39m
[31m+                         <circle className="opacity-25" cx="12" cy="12" r="10" stroke="currentColor" strokeWidth="4" />[39m
[31m+                         <path className="opacity-75" fill="currentColor" d="M4 12a8 8 0 018-8V0C5.373 0 0 5.373 0 12h4zm2 5.291A7.962 7.962 0 014 12H0c0 3.042 1.135 5.824 3 7.938l3-2.647z" />[39m
[31m+                       </svg>[39m
[31m+                       <span>Verifying ledger…</span>[39m
[31m+                     </>[39m
[31m+                   ) : ([39m
[31m+                     <>[39m
[31m+                       <CheckCircle2 className="h-3.5 w-3.5" />[39m
[31m+                       <span>Verify chain integrity</span>[39m
[31m+                     </>[39m
[31m+                   )}[39m
[31m+                 </button>[39m
[31m+                 {verificationResult && ([39m
[31m+                   <button[39m
[31m+                     type="button"[39m
[31m+                     onClick={() => setVerificationResult(null)}[39m
[31m+                     className="inline-flex h-9 items-center rounded border border-[#c8c6c4] px-3 text-[13px] font-medium text-[#323130] hover:bg-black/[.03]"[39m
[31m+                   >[39m
[31m+                     Clear report[39m
[31m+                   </button>[39m
[31m+                 )}[39m
[31m+               </div>[39m
[31m+ [39m
[31m+               {/* Dynamic Verification Report */}[39m
[31m+               {verificationResult && ([39m
[31m+                 <div className={`space-y-2 rounded-md border p-3 text-[13px] ${[39m
[31m+                   verificationResult.isValid[39m
[31m+                     ? 'border-[#c8c6c4] bg-[#dff6dd] text-[#0e700e]'[39m
[31m+                     : 'border-[#c8c6c4] bg-[#fdf2f2] text-[#a4262c]'[39m
[31m+                 }`}>[39m
[31m+                   <div className="flex items-center justify-between">[39m
[31m+                     <span className="flex items-center gap-1.5 text-[12px] font-semibold uppercase tracking-wide">[39m
[31m+                       {verificationResult.isValid ? ([39m
[31m+                         <CheckCircle2 className="h-4 w-4 shrink-0" />[39m
[31m+                       ) : ([39m
[31m+                         <AlertCircle className="h-4 w-4 shrink-0" />[39m
[31m+                       )}[39m
[31m+                       <span>Ledger attestation report</span>[39m
[31m+                     </span>[39m
[31m+                     <span className="text-[11px] text-[#605e5c]">[39m
[31m+                       Verified at {new Date(verificationResult.verifiedAt).toLocaleTimeString()}[39m
[31m+                     </span>[39m
[31m+                   </div>[39m
[31m+                   <p className="text-[13px] leading-relaxed">[39m
[31m+                     {verificationResult.isValid[39m
[31m+                       ? `Checked sequential block hash connections across all ${verificationResult.totalBlocksVerified} audit ledger records. No database tampering, row injection, or signature modifications were identified.`[39m
[31m+                       : `Ledger validation check failed. Cryptographic hash mismatch or missing blocks. ${verificationResult.error || 'Please contact the system security administrator immediately.'}`}[39m
[31m+                   </p>[39m
[31m+ [39m
[31m+                   {/* Verified Blocks Scrollable List */}[39m
[31m+                   {verificationResult.details && verificationResult.details.length > 0 && ([39m
[31m+                     <div className="max-h-40 space-y-1.5 overflow-y-auto rounded border border-[#e1dfdd] bg-white p-2.5 font-mono text-[11px]">[39m
[31m+                       <div className="mb-1.5 border-b border-[#e1dfdd] pb-1 text-[11px] font-medium uppercase text-[#605e5c]">[39m
[31m+                         Cryptographic signatures checked[39m
[31m+                       </div>[39m
[31m+                       {verificationResult.details.map((vBlock: any, vIdx: number) => ([39m
[31m+                         <div key={vIdx} className="flex items-center justify-between gap-2">[39m
[31m+                           <div className="truncate text-[#605e5c]">[39m
[31m+                             Block #{vBlock.id} ({vBlock.action}):[39m
[31m+                             <span className="ml-1 select-all text-[#8a8886]">{vBlock.storedHash.substring(0, 16)}...</span>[39m
[31m+                           </div>[39m
[31m+                           <span className={`shrink-0 rounded px-1.5 py-0.5 text-[11px] font-medium ${[39m
[31m+                             vBlock.valid[39m
[31m+                               ? 'bg-[#dff6dd] text-[#0e700e]'[39m
[31m+                               : 'bg-[#fdf2f2] text-[#a4262c]'[39m
[31m+                           }`}>[39m
[31m+                             {vBlock.valid ? 'Verified' : 'Corrupt'}[39m
[31m+                           </span>[39m
[31m+                         </div>[39m
[31m+                       ))}[39m
[31m+                     </div>[39m
[31m+                   )}[39m
[31m+                 </div>[39m
[31m+               )}[39m
[31m+ [39m
[31m+               <div className="space-y-2">[39m
[31m+                 {auditChain.length === 0 && <p className="text-[13px] text-[#8a8886]">No audit events recorded yet.</p>}[39m
[31m+                 {auditChain.slice(0, 3).map((blockObj, idx) => ([39m
[31m+                   <div key={idx} className="relative space-y-1 rounded-md border border-[#e1dfdd] bg-[#faf9f8] p-3 font-mono text-[11px] text-[#605e5c]">[39m
[31m+                     <div className="absolute right-2 top-2 rounded bg-[#f3f2f1] px-1.5 py-0.5 text-[11px] font-medium text-[#605e5c]">[39m
[31m+                       Block #{auditChain.length - 1 - idx}[39m
[31m+                     </div>[39m
[31m+                     <div className="flex gap-2">[39m
[31m+                       <span className="font-medium uppercase text-[#0f6cbd]">Event:</span>[39m
[31m+                       <span className="font-medium text-[#201f1e]">[39m
[31m+                         {blockObj.block?.actionType || blockObj.block?.action || 'Genesis node initiated'}[39m
[31m+                       </span>[39m
[31m+                     </div>[39m
[31m+                     {blockObj.block?.userEmail && ([39m
[31m+                       <div className="flex gap-2">[39m
[31m+                         <span className="text-[#8a8886]">Identity:</span>[39m
[31m+                         <span className="font-medium text-[#323130]">{blockObj.block?.userEmail}</span>[39m
[31m+                       </div>[39m
[31m+                     )}[39m
[31m+                     <div className="space-y-0.5">[39m
[31m+                       <div className="flex gap-2 truncate">[39m
[31m+                         <span className="shrink-0 font-medium uppercase text-[#8a8886]">Block hash:</span>[39m
[31m+                         <span className="select-all truncate text-[#0f6cbd]">{blockObj.hash}</span>[39m
[31m+                       </div>[39m
[31m+                       <div className="flex gap-2 truncate">[39m
[31m+                         <span className="shrink-0 uppercase text-[#8a8886]">Prev hash:</span>[39m
[31m+                         <span className="select-all truncate text-[#605e5c]">{blockObj.previousHash}</span>[39m
[31m+                       </div>[39m
[31m+                     </div>[39m
[31m+                   </div>[39m
[31m+                 ))}[39m
[31m+               </div>[39m
[31m+             </div>[39m
[31m+ [39m
[31m+             {/* Security Credentials settings */}[39m
[31m+             <div className="rounded-md border border-[#e1dfdd] bg-white p-4 space-y-3">[39m
[31m+               <h3 className="flex items-center gap-1.5 border-b border-[#e1dfdd] pb-2 text-[14px] font-semibold text-[#201f1e]">[39m
[31m+                 <KeyRound className="h-4 w-4 text-[#0f6cbd]" />[39m
[31m+                 <span>Operator authentication & security keys</span>[39m
[31m+               </h3>[39m
[31m+ [39m
[31m+               <div className="space-y-3 text-[13px]">[39m
[31m+                 <div className="flex items-center justify-between gap-4">[39m
[31m+                   <div>[39m
[31m+                     <span className="block font-medium text-[#323130]">Enforce multi-factor authentication (MFA)</span>[39m
[31m+                     <p className="text-[12px] text-[#605e5c]">All MSP users must provide TOTP codes on logon.</p>[39m
[31m+                   </div>[39m
[31m+                   <button[39m
[31m+                     onClick={() => setMfaEnabled(!mfaEnabled)}[39m
[31m+                     className={`inline-flex h-8 items-center gap-1.5 rounded border px-2.5 text-[12px] font-medium ${[39m
[31m+                       mfaEnabled ? 'border-[#c8c6c4] bg-[#dff6dd] text-[#0e700e]' : 'border-[#c8c6c4] bg-[#f3f2f1] text-[#605e5c]'[39m
[31m+                     }`}[39m
[31m+                   >[39m
[31m+                     <span className={`h-1.5 w-1.5 rounded-full ${mfaEnabled ? 'bg-[#0e700e]' : 'bg-[#8a8886]'}`} />[39m
[31m+                     {mfaEnabled ? 'MFA enabled' : 'MFA disabled'}[39m
[31m+                   </button>[39m
[31m+                 </div>[39m
[31m+ [39m
[31m+                 <div className="flex items-center justify-between gap-4 border-t border-[#e1dfdd] pt-3">[39m
[31m+                   <div>[39m
[31m+                     <span className="block font-medium text-[#323130]">Cryptographic PGP auditing key (private)</span>[39m
[31m+                     <p className="text-[12px] text-[#605e5c]">Used for signing generated software passports and audit attestations.</p>[39m
[31m+                   </div>[39m
[31m+                   <button className="inline-flex h-8 items-center rounded border border-[#c8c6c4] px-3 text-[13px] font-medium text-[#323130] hover:bg-black/[.03]">[39m
[31m+                     Regenerate sign key[39m
[31m+                   </button>[39m
[31m+                 </div>[39m
[31m+ [39m
[31m+                 <div className="flex items-center justify-between gap-4 rounded-md border border-[#a4262c]/30 bg-[#fdf2f2] p-3">[39m
[31m+                   <div>[39m
[31m+                     <span className="flex items-center gap-1.5 font-semibold text-[#a4262c]">[39m
[31m+                       <Shield className="h-3.5 w-3.5" /> Tenant offboarding & data deletion (DPA compliance)[39m
[31m+                     </span>[39m
[31m+                     <p className="mt-1 text-[12px] text-[#605e5c]">[39m
[31m+                       Cascading-delete all client lists, passports, vulnerability logs, and active integrations. This action is immediate and irreversible under GDPR/DPA compliance standards.[39m
[31m+                     </p>[39m
[31m+                   </div>[39m
[31m+                   <button[39m
[31m+                     onClick={handleOffboardTenant}[39m
[31m+                     disabled={!isOwner || offboarding}[39m
[31m+                     title={!isOwner ? `Your ${currentRole} role cannot offboard this workspace. Owner is required.` : undefined}[39m
[31m+                     className="inline-flex h-9 shrink-0 items-center rounded bg-[#a4262c] px-3 text-[13px] font-medium text-white hover:bg-[#8a1f24] disabled:cursor-not-allowed disabled:opacity-50"[39m
[31m+                   >[39m
[31m+                     {offboarding ? 'Purging…' : 'Offboard workspace'}[39m
[31m+                   </button>[39m
[31m+                 </div>[39m
[31m+               </div>[39m
[31m+             </div>[39m
[31m+ [39m
[31m+             <div className="flex items-center justify-end gap-3">[39m
[31m+               {saveSuccess && ([39m
[31m+                 <span className="flex items-center gap-1.5 text-[12px] font-medium text-[#8a5700]">[39m
[31m+                   <CheckCircle className="h-3.5 w-3.5" />[39m
[31m+                   <span>Not saved to a server — these fields are local to this browser session only.</span>[39m
[31m+                 </span>[39m
[31m+               )}[39m
[31m+               <button[39m
[31m+                 onClick={handleSaveSettings}[39m
[31m+                 title="These settings are not persisted to a backend yet."[39m
[31m+                 className="inline-flex h-9 items-center rounded bg-[#0f6cbd] px-4 text-[13px] font-medium text-white hover:bg-[#004578]"[39m
[31m+               >[39m
[31m+                 Save platform settings[39m
[31m+               </button>[39m
[31m+             </div>[39m
[31m+           </div>[39m
[31m+ [39m
[31m+           {/* Right Column: Information panel & Live CI/CD Diagnostics */}[39m
[31m+           <div className="space-y-4">[39m
[31m+ [39m
[31m+             {/* Active Login Audit Trail Panel */}[39m
[31m+             <div className="rounded-md border border-[#e1dfdd] bg-white p-4 space-y-3">[39m
[31m+               <h3 className="flex items-center gap-1.5 border-b border-[#e1dfdd] pb-2 text-[14px] font-semibold text-[#201f1e]">[39m
[31m+                 <Fingerprint className="h-4 w-4 text-[#0f6cbd]" />[39m
[31m+                 <span>Real-time login audit trail</span>[39m
[31m+               </h3>[39m
[31m+ [39m
[31m+               <div className="max-h-72 space-y-2 overflow-y-auto">[39m
[31m+                 {history.map((log) => ([39m
[31m+                   <div key={log.id} className="space-y-1 rounded-md border border-[#e1dfdd] bg-[#faf9f8] p-2.5 text-[12px]">[39m
[31m+                     <div className="flex items-center justify-between">[39m
[31m+                       <span className="max-w-36 truncate font-medium text-[#323130]">{log.email}</span>[39m
[31m+                       <span className={`rounded px-1.5 py-0.5 text-[11px] font-medium ${[39m
[31m+                         log.status === 'Verified' ? 'bg-[#dff6dd] text-[#0e700e]' : 'bg-[#fdf2f2] text-[#a4262c]'[39m
[31m+                       }`}>[39m
[31m+                         {log.status}[39m
[31m+                       </span>[39m
[31m+                     </div>[39m
[31m+                     <div className="text-[#605e5c]">[39m
[31m+                       <span className="block">{log.action}</span>[39m
[31m+                       <span className="mt-0.5 block text-[11px] text-[#8a8886]">{new Date(log.timestamp).toLocaleString()}</span>[39m
[31m+                     </div>[39m
[31m+                     <div className="flex justify-between border-t border-[#e1dfdd] pt-1 text-[11px] text-[#8a8886]">[39m
[31m+                       <span>IP: {log.ip}</span>[39m
[31m+                       <span>Loc: {log.location}</span>[39m
[31m+                     </div>[39m
[31m+                   </div>[39m
[31m+                 ))}[39m
[31m+                 {history.length === 0 && ([39m
[31m+                   <p className="py-4 text-center text-[13px] text-[#8a8886]">No audit logs identified.</p>[39m
[31m+                 )}[39m
[31m+               </div>[39m
[31m+             </div>[39m
[31m+ [39m
[31m+             <div className="rounded-md border border-[#e1dfdd] bg-white p-4 space-y-3">[39m
[31m+               <h3 className="flex items-center gap-1.5 border-b border-[#e1dfdd] pb-2 text-[14px] font-semibold text-[#201f1e]">[39m
[31m+                 <Shield className="h-4 w-4 text-[#8a8886]" />[39m
[31m+                 <span>Platform pedigree coordinates</span>[39m
[31m+               </h3>[39m
[31m+ [39m
[31m+               <div className="space-y-2 text-[13px] text-[#605e5c]">[39m
[31m+                 <div className="flex justify-between border-b border-[#f3f2f1] pb-1.5">[39m
[31m+                   <span>Portal service</span>[39m
[31m+                   <span className="font-medium text-[#323130]">SPR-CORE-VM</span>[39m
[31m+                 </div>[39m
[31m+                 <div className="flex justify-between border-b border-[#f3f2f1] pb-1.5">[39m
[31m+                   <span>Compilation</span>[39m
[31m+                   <span className="font-medium text-[#323130]">Docker prod v2.4</span>[39m
[31m+                 </div>[39m
[31m+                 <div className="flex justify-between pb-1.5">[39m
[31m+                   <span>SLA compliance</span>[39m
[31m+                   <span className="font-medium text-[#0e700e]">99.98%</span>[39m
[31m+                 </div>[39m
[31m+               </div>[39m
[31m+             </div>[39m
[31m+ [39m
[31m+             <div className="rounded-md border border-[#e1dfdd] bg-white p-4 space-y-3">[39m
[31m+               <h3 className="flex items-center gap-1.5 border-b border-[#e1dfdd] pb-2 text-[14px] font-semibold text-[#201f1e]">[39m
[31m+                 <CheckCircle className="h-4 w-4 text-[#0e700e]" />[39m
[31m+                 <span>Readiness diagnostics</span>[39m
[31m+               </h3>[39m
[31m+               <p className="text-[13px] text-[#605e5c]">[39m
[31m+                 Checks live database connectivity via the same /api/ready probe an orchestrator uses. This does not verify row-level isolation, OAuth handshakes, or API quota — those have no self-check endpoint yet.[39m
[31m+               </p>[39m
[31m+ [39m
[31m+               <button[39m
[31m+                 onClick={runDiagnosticSuite}[39m
[31m+                 disabled={testing}[39m
[31m+                 className="h-9 w-full rounded border border-[#c8c6c4] text-[13px] font-medium text-[#323130] hover:bg-black/[.03] disabled:opacity-60"[39m
[31m+               >[39m
[31m+                 {testing ? 'Checking…' : 'Check readiness'}[39m
[31m+               </button>[39m
[31m+ [39m
[31m+               {testResults.length > 0 && ([39m
[31m+                 <div className="space-y-2 border-t border-[#e1dfdd] pt-2">[39m
[31m+                   {testResults.map((t: any, idx: number) => ([39m
[31m+                     <div key={idx} className="space-y-0.5 text-[12px]">[39m
[31m+                       <div className="flex items-center justify-between">[39m
[31m+                         <span className="font-medium text-[#323130]">{t.name}</span>[39m
[31m+                         <span className={`rounded px-1.5 py-0.5 text-[11px] font-medium ${[39m
[31m+                           t.status === 'PASS' ? 'bg-[#dff6dd] text-[#0e700e]' : 'bg-[#fdf2f2] text-[#a4262c]'[39m
[31m+                         }`}>[39m
[31m+                           {t.status}[39m
[31m+                         </span>[39m
[31m+                       </div>[39m
[31m+                       <p className="leading-snug text-[#605e5c]">{t.details}</p>[39m
[31m+                     </div>[39m
[31m+                   ))}[39m
[31m+                 </div>[39m
[31m+               )}[39m
[31m+             </div>[39m
[31m+           </div>[39m
[31m+         </div>[39m
[31m+       ) : activeSubTab === 'organization' ? ([39m
[31m+         <div className="grid grid-cols-1 lg:grid-cols-3 gap-4">[39m
[31m+           {/* Profile Management Section */}[39m
[31m+           <div className="lg:col-span-1 space-y-4">[39m
[31m+             <div className="rounded-md border border-[#e1dfdd] bg-white p-4 space-y-3">[39m
[31m+               <h3 className="flex items-center gap-1.5 border-b border-[#e1dfdd] pb-2 text-[14px] font-semibold text-[#201f1e]">[39m
[31m+                 <Sliders className="h-4 w-4 text-[#0f6cbd]" />[39m
[31m+                 <span>User profile credentials</span>[39m
[31m+               </h3>[39m
[31m+ [39m
[31m+               {teamError && ([39m
[31m+                 <div className="flex gap-2 rounded-md border border-[#a4262c]/30 bg-[#fdf2f2] p-3 text-[13px] text-[#a4262c]">[39m
[31m+                   <ShieldAlert className="h-3.5 w-3.5 shrink-0" />[39m
[31m+                   <p>{teamError}</p>[39m
[31m+                 </div>[39m
[31m+               )}[39m
[31m+ [39m
[31m+               {teamSuccess && ([39m
[31m+                 <div className="flex gap-2 rounded-md border border-[#0e700e]/30 bg-[#dff6dd] p-3 text-[13px] text-[#0e700e]">[39m
[31m+                   <CheckCircle2 className="h-3.5 w-3.5 shrink-0" />[39m
[31m+                   <p>{teamSuccess}</p>[39m
[31m+                 </div>[39m
[31m+               )}[39m
[31m+ [39m
[31m+               {editingProfile ? ([39m
[31m+                 <form onSubmit={handleSaveProfile} className="space-y-3">[39m
[31m+                   <div className="flex flex-col gap-1">[39m
[31m+                     <label className="text-[12px] font-medium text-[#605e5c]">Display name</label>[39m
[31m+                     <input[39m
[31m+                       type="text"[39m
[31m+                       required[39m
[31m+                       value={profileName}[39m
[31m+                       onChange={(e) => setProfileName(e.target.value)}[39m
[31m+                       className="h-9 w-full rounded border border-[#c8c6c4] px-2.5 text-[13px] focus:border-[#0f6cbd] focus:outline-none focus:ring-1 focus:ring-[#0f6cbd]"[39m
[31m+                     />[39m
[31m+                   </div>[39m
[31m+ [39m
[31m+                   <div className="flex flex-col gap-1">[39m
[31m+                     <label className="text-[12px] font-medium text-[#605e5c]">Corporate job title</label>[39m
[31m+                     <input[39m
[31m+                       type="text"[39m
[31m+                       required[39m
[31m+                       value={profileJobTitle}[39m
[31m+                       onChange={(e) => setProfileJobTitle(e.target.value)}[39m
[31m+                       className="h-9 w-full rounded border border-[#c8c6c4] px-2.5 text-[13px] focus:border-[#0f6cbd] focus:outline-none focus:ring-1 focus:ring-[#0f6cbd]"[39m
[31m+                     />[39m
[31m+                   </div>[39m
[31m+ [39m
[31m+                   <div className="flex flex-col gap-1">[39m
[31m+                     <label className="text-[12px] font-medium text-[#605e5c]">Organization name</label>[39m
[31m+                     <input[39m
[31m+                       type="text"[39m
[31m+                       required[39m
[31m+                       value={profileCompany}[39m
[31m+                       onChange={(e) => setProfileCompany(e.target.value)}[39m
[31m+                       className="h-9 w-full rounded border border-[#c8c6c4] px-2.5 text-[13px] focus:border-[#0f6cbd] focus:outline-none focus:ring-1 focus:ring-[#0f6cbd]"[39m
[31m+                     />[39m
[31m+                   </div>[39m
[31m+ [39m
[31m+                   <div className="flex justify-end gap-2 pt-1">[39m
[31m+                     <button[39m
[31m+                       type="button"[39m
[31m+                       onClick={() => setEditingProfile(false)}[39m
[31m+                       className="inline-flex h-9 items-center rounded border border-[#c8c6c4] px-3 text-[13px] font-medium text-[#323130] hover:bg-black/[.03]"[39m
[31m+                     >[39m
[31m+                       Cancel[39m
[31m+                     </button>[39m
[31m+                     <button[39m
[31m+                       type="submit"[39m
[31m+                       className="inline-flex h-9 items-center rounded bg-[#0f6cbd] px-3 text-[13px] font-medium text-white hover:bg-[#004578]"[39m
[31m+                     >[39m
[31m+                       Save profile[39m
[31m+                     </button>[39m
[31m+                   </div>[39m
[31m+                 </form>[39m
[31m+               ) : ([39m
[31m+                 <div className="space-y-3">[39m
[31m+                   <div className="flex items-center gap-3">[39m
[31m+                     <div className="flex h-11 w-11 items-center justify-center rounded-full border border-[#c8c6c4] bg-[#eff6fc] text-[15px] font-semibold text-[#0f6cbd]">[39m
[31m+                       {profileName ? profileName.substring(0, 2).toUpperCase() : 'U'}[39m
[31m+                     </div>[39m
[31m+                     <div>[39m
[31m+                       <h4 className="text-[14px] font-semibold text-[#201f1e]">[39m
[31m+                         {profileName || 'Active Operator'}[39m
[31m+                       </h4>[39m
[31m+                       <p className="mt-0.5 text-[12px] text-[#605e5c]">[39m
[31m+                         {profileJobTitle || 'Workspace Administrator'}[39m
[31m+                       </p>[39m
[31m+                     </div>[39m
[31m+                   </div>[39m
[31m+ [39m
[31m+                   <div className="space-y-1.5 border-t border-[#e1dfdd] pt-3 text-[12px] text-[#605e5c]">[39m
[31m+                     <div className="flex justify-between">[39m
[31m+                       <span>Email identifier</span>[39m
[31m+                       <span className="select-all font-medium text-[#201f1e]">{profile?.email || 'N/A'}</span>[39m
[31m+                     </div>[39m
[31m+                     <div className="flex justify-between">[39m
[31m+                       <span>Active tenant ID</span>[39m
[31m+                       <span className="select-all">{profile?.tenantId || 'global'}</span>[39m
[31m+                     </div>[39m
[31m+                     <div className="flex justify-between">[39m
[31m+                       <span>MSP workspace</span>[39m
[31m+                       <span className="font-medium text-[#201f1e]">{profile?.companyName || 'Not defined'}</span>[39m
[31m+                     </div>[39m
[31m+                   </div>[39m
[31m+ [39m
[31m+                   <button[39m
[31m+                     type="button"[39m
[31m+                     onClick={() => {[39m
[31m+                       setProfileName(profile?.displayName || '');[39m
[31m+                       setProfileJobTitle(profile?.roleTitle || '');[39m
[31m+                       setProfileCompany(profile?.companyName || '');[39m
[31m+                       setEditingProfile(true);[39m
[31m+                     }}[39m
[31m+                     className="h-9 w-full rounded border border-[#c8c6c4] text-[13px] font-medium text-[#323130] hover:bg-black/[.03]"[39m
[31m+                   >[39m
[31m+                     Edit profile details[39m
[31m+                   </button>[39m
[31m+                 </div>[39m
[31m+               )}[39m
[31m+             </div>[39m
[31m+ [39m
[31m+             <div className="rounded-md border border-[#e1dfdd] bg-[#faf9f8] p-4 space-y-2">[39m
[31m+               <h4 className="text-[12px] font-semibold uppercase tracking-wide text-[#605e5c]">[39m
[31m+                 Authorized role hierarchy[39m
[31m+               </h4>[39m
[31m+               <p className="text-[12px] leading-relaxed text-[#605e5c]">[39m
[31m+                 RBAC enforces strict isolation gates. Permissions cascade in order: <strong className="text-[#323130]">Owner &gt; Admin &gt; Technician &gt; Viewer &gt; Client</strong>. Modifying team permissions automatically triggers a cryptographic token invalidation audit block.[39m
[31m+               </p>[39m
[31m+             </div>[39m
[31m+           </div>[39m
[31m+ [39m
[31m+           {/* Organization & Team Access List Section */}[39m
[31m+           <div className="lg:col-span-2 space-y-4">[39m
[31m+             {/* Invite form card */}[39m
[31m+             <div className="rounded-md border border-[#e1dfdd] bg-white p-4 space-y-3">[39m
[31m+               <h3 className="flex items-center gap-1.5 border-b border-[#e1dfdd] pb-2 text-[14px] font-semibold text-[#201f1e]">[39m
[31m+                 <PlusCircle className="h-4 w-4 text-[#0f6cbd]" />[39m
[31m+                 <span>Invite new MSP team member</span>[39m
[31m+               </h3>[39m
[31m+ [39m
[31m+               <form onSubmit={handleInviteMember} className="flex flex-col gap-3 md:flex-row md:items-end">[39m
[31m+                 <div className="flex flex-1 flex-col gap-1">[39m
[31m+                   <label className="text-[12px] font-medium text-[#605e5c]">[39m
[31m+                     Email address[39m
[31m+                   </label>[39m
[31m+                   <input[39m
[31m+                     type="email"[39m
[31m+                     required[39m
[31m+                     placeholder="e.g. associate@company.com"[39m
[31m+                     value={inviteEmail}[39m
[31m+                     onChange={(e) => setInviteEmail(e.target.value)}[39m
[31m+                     className="h-9 w-full rounded border border-[#c8c6c4] px-2.5 text-[13px] focus:border-[#0f6cbd] focus:outline-none focus:ring-1 focus:ring-[#0f6cbd]"[39m
[31m+                   />[39m
[31m+                 </div>[39m
[31m+ [39m
[31m+                 <div className="flex w-full flex-col gap-1 md:w-44">[39m
[31m+                   <label className="text-[12px] font-medium text-[#605e5c]">[39m
[31m+                     Security role[39m
[31m+                   </label>[39m
[31m+                   <select[39m
[31m+                     value={inviteRole}[39m
[31m+                     onChange={(e) => setInviteRole(e.target.value)}[39m
[31m+                     className="h-9 w-full rounded border border-[#c8c6c4] px-2.5 text-[13px] focus:border-[#0f6cbd] focus:outline-none focus:ring-1 focus:ring-[#0f6cbd]"[39m
[31m+                   >[39m
[31m+                     <option value="Admin">Admin</option>[39m
[31m+                     <option value="Technician">Technician</option>[39m
[31m+                     <option value="Viewer">Viewer</option>[39m
[31m+                     <option value="Client">Client</option>[39m
[31m+                   </select>[39m
[31m+                 </div>[39m
[31m+ [39m
[31m+                 <button[39m
[31m+                   type="submit"[39m
[31m+                   disabled={!canManageTeam}[39m
[31m+                   title={!canManageTeam ? `Your ${currentRole} role cannot invite team members.` : undefined}[39m
[31m+                   className="inline-flex h-9 shrink-0 items-center rounded bg-[#0f6cbd] px-4 text-[13px] font-medium text-white hover:bg-[#004578] disabled:cursor-not-allowed disabled:opacity-50"[39m
[31m+                 >[39m
[31m+                   Send invitation[39m
[31m+                 </button>[39m
[31m+               </form>[39m
[31m+               {!canManageTeam && <p className="text-[12px] text-[#8a5700]">Your {currentRole} role has read-only team access.</p>}[39m
[31m+             </div>[39m
[31m+ [39m
[31m+             {/* Team Members List Card */}[39m
[31m+             <div className="rounded-md border border-[#e1dfdd] bg-white p-4 space-y-3">[39m
[31m+               <h3 className="flex items-center justify-between border-b border-[#e1dfdd] pb-2 text-[14px] font-semibold text-[#201f1e]">[39m
[31m+                 <span className="flex items-center gap-1.5">[39m
[31m+                   <Lock className="h-4 w-4 text-[#0f6cbd]" />[39m
[31m+                   <span>Workspace associates</span>[39m
[31m+                 </span>[39m
[31m+                 <span className="rounded border border-[#c8c6c4] bg-[#eff6fc] px-2 py-0.5 text-[12px] font-medium text-[#0f6cbd]">[39m
[31m+                   {teamMembers.length} registered[39m
[31m+                 </span>[39m
[31m+               </h3>[39m
[31m+ [39m
[31m+               <div className="overflow-x-auto">[39m
[31m+                 <table className="w-full border-collapse text-left text-[13px]">[39m
[31m+                   <thead>[39m
[31m+                     <tr className="border-b border-[#e1dfdd] text-[11px] uppercase tracking-wide text-[#605e5c]">[39m
[31m+                       <th className="py-2 font-medium">User details</th>[39m
[31m+                       <th className="py-2 font-medium">Authority role</th>[39m
[31m+                       <th className="py-2 text-right font-medium">Actions</th>[39m
[31m+                     </tr>[39m
[31m+                   </thead>[39m
[31m+                   <tbody>[39m
[31m+                     {teamMembers.map((member) => ([39m
[31m+                       <tr key={member.id} className="border-b border-[#f3f2f1] hover:bg-black/[.02]">[39m
[31m+                         <td className="py-2.5 pr-3">[39m
[31m+                           <div className="flex items-center gap-2.5">[39m
[31m+                             <div className="flex h-8 w-8 shrink-0 items-center justify-center rounded-full border border-[#c8c6c4] bg-[#f3f2f1] text-[12px] font-semibold text-[#605e5c]">[39m
[31m+                               {member.displayName ? member.displayName.substring(0, 2).toUpperCase() : member.email.substring(0, 2).toUpperCase()}[39m
[31m+                             </div>[39m
[31m+                             <div>[39m
[31m+                               <span className="block font-medium text-[#201f1e]">[39m
[31m+                                 {member.displayName || 'Pending registration'}[39m
[31m+                               </span>[39m
[31m+                               <span className="block select-all text-[12px] text-[#8a8886]">[39m
[31m+                                 {member.email}[39m
[31m+                               </span>[39m
[31m+                             </div>[39m
[31m+                           </div>[39m
[31m+                         </td>[39m
[31m+                         <td className="py-2.5">[39m
[31m+                           {member.role === 'Owner' ? ([39m
[31m+                             <span className="rounded border border-[#c8c6c4] bg-[#eff6fc] px-2 py-0.5 text-[12px] font-medium text-[#0f6cbd]">[39m
[31m+                               Owner (root)[39m
[31m+                             </span>[39m
[31m+                           ) : ([39m
[31m+                             <select[39m
[31m+                               value={member.role}[39m
[31m+                               disabled={!canManageTeam}[39m
[31m+                               title={!canManageTeam ? `Your ${currentRole} role cannot change roles.` : undefined}[39m
[31m+                               onChange={(e) => handleUpdateMemberRole(member.id, e.target.value)}[39m
[31m+                               className="rounded border border-[#c8c6c4] p-1 text-[12px] text-[#323130] focus:border-[#0f6cbd] focus:outline-none disabled:cursor-not-allowed disabled:opacity-50"[39m
[31m+                             >[39m
[31m+                               <option value="Admin">Admin</option>[39m
[31m+                               <option value="Technician">Technician</option>[39m
[31m+                               <option value="Viewer">Viewer</option>[39m
[31m+                               <option value="Client">Client</option>[39m
[31m+                             </select>[39m
[31m+                           )}[39m
[31m+                         </td>[39m
[31m+                         <td className="py-2.5 text-right">[39m
[31m+                           {member.role !== 'Owner' && member.id !== profile?.id && canManageTeam && ([39m
[31m+                             <button[39m
[31m+                               onClick={() => handleRemoveMember(member.id)}[39m
[31m+                               className="rounded border border-[#a4262c]/30 px-2.5 py-1 text-[12px] font-medium text-[#a4262c] hover:bg-[#fdf2f2]"[39m
[31m+                             >[39m
[31m+                               Revoke access[39m
[31m+                             </button>[39m
[31m+                           )}[39m
[31m+                         </td>[39m
[31m+                       </tr>[39m
[31m+                     ))}[39m
[31m+                     {teamMembers.length === 0 && ([39m
[31m+                       <tr>[39m
[31m+                         <td colSpan={3} className="py-6 text-center text-[#8a8886]">[39m
[31m+                           {loadingTeam ? 'Securing team data…' : 'No other associates mapped to this workspace.'}[39m
[31m+                         </td>[39m
[31m+                       </tr>[39m
[31m+                     )}[39m
[31m+                   </tbody>[39m
[31m+                 </table>[39m
[31m+               </div>[39m
[31m+             </div>[39m
[31m+           </div>[39m
[31m+         </div>[39m
[31m+       ) : ([39m
[31m+         <div className="space-y-4" id="product-master-bible-container">[39m
[31m+           {/* Welcome Alert / Info Bar */}[39m
[31m+           <details className="rounded-md border border-[#e1dfdd] bg-[#faf9f8] text-[13px]">[39m
[31m+             <summary className="cursor-pointer select-none px-3 py-2 font-medium text-[#323130]">What is this? &middot; How the Master Bible works</summary>[39m
[31m+             <div className="px-3 pb-3 text-[#605e5c]">[39m
[31m+               <p>The Master Bible defines standard secure baseline versions, permitted/copyleft licenses, risk classifications, and operational NIST/ISO security safeguard guidelines. Ingested software passports are checked against these standards to prevent compliance violations.</p>[39m
[31m+               <ol className="mt-1.5 list-decimal space-y-0.5 pl-4">[39m
[31m+                 <li>Policy reference: NIST SP 800-53 r5.</li>[39m
[31m+                 <li>Legal stance: SSPL/AGPL copyleft blocked.</li>[39m
[31m+                 <li>Baseline updates: automated daily RSS synchronizations.</li>[39m
[31m+               </ol>[39m
[31m+             </div>[39m
[31m+           </details>[39m
[31m+ [39m
[31m+           {/* Grid Layout: Left Column = Product Bible Directory, Right Column = Selected Specifications & Sandbox Compliance Auditor */}[39m
[31m+           <div className="grid grid-cols-1 lg:grid-cols-3 gap-4">[39m
[31m+ [39m
[31m+             {/* Left Column: List of Products with Search & Add option */}[39m
[31m+             <div className="lg:col-span-1 space-y-3">[39m
[31m+               <div className="rounded-md border border-[#e1dfdd] bg-white p-4 space-y-3">[39m
[31m+                 <div className="flex items-center justify-between">[39m
[31m+                   <div>[39m
[31m+                     <h4 className="text-[14px] font-semibold text-[#201f1e]">Product Bible index</h4>[39m
[31m+                     <p className="text-[12px] text-[#605e5c]">Index of certified system components</p>[39m
[31m+                   </div>[39m
[31m+                   <button[39m
[31m+                     onClick={() => setShowAddBibleProduct(!showAddBibleProduct)}[39m
[31m+                     className="inline-flex items-center gap-1 rounded border border-[#c8c6c4] px-2.5 py-1.5 text-[12px] font-medium text-[#323130] hover:bg-black/[.03]"[39m
[31m+                     title="Register a new software specification"[39m
[31m+                   >[39m
[31m+                     <PlusCircle className="h-3.5 w-3.5" />[39m
[31m+                     <span>Register</span>[39m
[31m+                   </button>[39m
[31m+                 </div>[39m
[31m+ [39m
[31m+                 {/* Quick Search & Filter */}[39m
[31m+                 <div className="space-y-2">[39m
[31m+                   <div className="flex h-9 items-center gap-2 rounded border border-[#c8c6c4] px-2.5 focus-within:border-[#0f6cbd] focus-within:ring-1 focus-within:ring-[#0f6cbd]">[39m
[31m+                     <Search className="h-3.5 w-3.5 text-[#8a8886]" />[39m
[31m+                     <input[39m
[31m+                       type="text"[39m
[31m+                       placeholder="Search specifications..."[39m
[31m+                       value={bibleSearchQuery}[39m
[31m+                       onChange={(e) => setBibleSearchQuery(e.target.value)}[39m
[31m+                       className="w-full bg-transparent text-[13px] text-[#323130] focus:outline-none"[39m
[31m+                     />[39m
[31m+                   </div>[39m
[31m+ [39m
[31m+                   <div className="flex items-center justify-between pt-1 text-[12px] text-[#605e5c]">[39m
[31m+                     <span>Risk filter</span>[39m
[31m+                     <div className="flex gap-1">[39m
[31m+                       {['all', 'low', 'medium', 'high'].map(r => ([39m
[31m+                         <button[39m
[31m+                           key={r}[39m
[31m+                           onClick={() => setBibleFilterRisk(r)}[39m
[31m+                           className={`rounded px-1.5 py-0.5 capitalize ${[39m
[31m+                             bibleFilterRisk === r[39m
[31m+                               ? 'bg-[#eff6fc] font-medium text-[#0f6cbd]'[39m
[31m+                               : 'hover:text-[#323130]'[39m
[31m+                           }`}[39m
[31m+                         >[39m
[31m+                           {r}[39m
[31m+                         </button>[39m
[31m+                       ))}[39m
[31m+                     </div>[39m
[31m+                   </div>[39m
[31m+                 </div>[39m
[31m+ [39m
[31m+                 {/* Add New Specification Form Block */}[39m
[31m+                 {showAddBibleProduct && ([39m
[31m+                   <form onSubmit={handleAddBibleProduct} className="space-y-3 rounded-md border border-[#e1dfdd] bg-[#faf9f8] p-3 text-[13px]">[39m
[31m+                     <h5 className="text-[13px] font-semibold text-[#201f1e]">New standard specification registration</h5>[39m
[31m+ [39m
[31m+                     <div>[39m
[31m+                       <label className="mb-1 block text-[12px] font-medium text-[#605e5c]">Product / package name</label>[39m
[31m+                       <input[39m
[31m+                         type="text"[39m
[31m+                         placeholder="e.g. Apache Kafka"[39m
[31m+                         required[39m
[31m+                         value={newBpName}[39m
[31m+                         onChange={(e) => setNewBpName(e.target.value)}[39m
[31m+                         className="h-9 w-full rounded border border-[#c8c6c4] bg-white px-2.5 text-[13px] focus:border-[#0f6cbd] focus:outline-none focus:ring-1 focus:ring-[#0f6cbd]"[39m
[31m+                       />[39m
[31m+                     </div>[39m
[31m+ [39m
[31m+                     <div className="grid grid-cols-2 gap-2">[39m
[31m+                       <div>[39m
[31m+                         <label className="mb-1 block text-[12px] font-medium text-[#605e5c]">Class type</label>[39m
[31m+                         <select[39m
[31m+                           value={newBpType}[39m
[31m+                           onChange={(e) => setNewBpType(e.target.value)}[39m
[31m+                           className="h-9 w-full rounded border border-[#c8c6c4] bg-white px-2 text-[13px] focus:border-[#0f6cbd] focus:outline-none focus:ring-1 focus:ring-[#0f6cbd]"[39m
[31m+                         >[39m
[31m+                           <option value="Web Infrastructure / Proxy">Web / Proxy</option>[39m
[31m+                           <option value="Database Systems">Database</option>[39m
[31m+                           <option value="Cache Systems">Cache</option>[39m
[31m+                           <option value="Open Source Logging Framework">Logging</option>[39m
[31m+                           <option value="Container Foundations">Container</option>[39m
[31m+                           <option value="Framework Library">Framework</option>[39m
[31m+                         </select>[39m
[31m+                       </div>[39m
[31m+ [39m
[31m+                       <div>[39m
[31m+                         <label className="mb-1 block text-[12px] font-medium text-[#605e5c]">Secure baseline</label>[39m
[31m+                         <input[39m
[31m+                           type="text"[39m
[31m+                           placeholder="e.g. 3.4.0"[39m
[31m+                           required[39m
[31m+                           value={newBpVersion}[39m
[31m+                           onChange={(e) => setNewBpVersion(e.target.value)}[39m
[31m+                           className="h-9 w-full rounded border border-[#c8c6c4] bg-white px-2.5 text-[13px] focus:border-[#0f6cbd] focus:outline-none focus:ring-1 focus:ring-[#0f6cbd]"[39m
[31m+                         />[39m
[31m+                       </div>[39m
[31m+                     </div>[39m
[31m+ [39m
[31m+                     <div>[39m
[31m+                       <label className="mb-1 block text-[12px] font-medium text-[#605e5c]">Permitted licenses</label>[39m
[31m+                       <input[39m
[31m+                         type="text"[39m
[31m+                         value={newBpAllowedLics}[39m
[31m+                         onChange={(e) => setNewBpAllowedLics(e.target.value)}[39m
[31m+                         className="h-9 w-full rounded border border-[#c8c6c4] bg-white px-2.5 font-mono text-[12px] focus:border-[#0f6cbd] focus:outline-none focus:ring-1 focus:ring-[#0f6cbd]"[39m
[31m+                       />[39m
[31m+                       <p className="mt-1 text-[11px] text-[#8a8886]">Comma-separated SPDX identifiers.</p>[39m
[31m+                     </div>[39m
[31m+ [39m
[31m+                     <div>[39m
[31m+                       <label className="mb-1 block text-[12px] font-medium text-[#605e5c]">Prohibited copylefts</label>[39m
[31m+                       <input[39m
[31m+                         type="text"[39m
[31m+                         value={newBpDisallowedLics}[39m
[31m+                         onChange={(e) => setNewBpDisallowedLics(e.target.value)}[39m
[31m+                         className="h-9 w-full rounded border border-[#c8c6c4] bg-white px-2.5 font-mono text-[12px] focus:border-[#0f6cbd] focus:outline-none focus:ring-1 focus:ring-[#0f6cbd]"[39m
[31m+                       />[39m
[31m+                     </div>[39m
[31m+ [39m
[31m+                     <div className="grid grid-cols-2 gap-2">[39m
[31m+                       <div>[39m
[31m+                         <label className="mb-1 block text-[12px] font-medium text-[#605e5c]">Risk tier</label>[39m
[31m+                         <select[39m
[31m+                           value={newBpRisk}[39m
[31m+                           onChange={(e) => setNewBpRisk(e.target.value as any)}[39m
[31m+                           className="h-9 w-full rounded border border-[#c8c6c4] bg-white px-2 text-[13px] focus:border-[#0f6cbd] focus:outline-none focus:ring-1 focus:ring-[#0f6cbd]"[39m
[31m+                         >[39m
[31m+                           <option value="Low">Low</option>[39m
[31m+                           <option value="Medium">Medium</option>[39m
[31m+                           <option value="High">High</option>[39m
[31m+                         </select>[39m
[31m+                       </div>[39m
[31m+ [39m
[31m+                       <div>[39m
[31m+                         <label className="mb-1 block text-[12px] font-medium text-[#605e5c]">Target compliance</label>[39m
[31m+                         <input[39m
[31m+                           type="text"[39m
[31m+                           placeholder="e.g. HIPAA CC4 / ISO"[39m
[31m+                           value={newBpCompliance}[39m
[31m+                           onChange={(e) => setNewBpCompliance(e.target.value)}[39m
[31m+                           className="h-9 w-full rounded border border-[#c8c6c4] bg-white px-2.5 text-[13px] focus:border-[#0f6cbd] focus:outline-none focus:ring-1 focus:ring-[#0f6cbd]"[39m
[31m+                         />[39m
[31m+                       </div>[39m
[31m+                     </div>[39m
[31m+ [39m
[31m+                     <div>[39m
[31m+                       <label className="mb-1 block text-[12px] font-medium text-[#605e5c]">Operational safeguard policy</label>[39m
[31m+                       <textarea[39m
[31m+                         rows={2}[39m
[31m+                         placeholder="Safeguards required..."[39m
[31m+                         value={newBpSafeguard}[39m
[31m+                         onChange={(e) => setNewBpSafeguard(e.target.value)}[39m
[31m+                         className="w-full rounded border border-[#c8c6c4] bg-white px-2.5 py-2 text-[13px] focus:border-[#0f6cbd] focus:outline-none focus:ring-1 focus:ring-[#0f6cbd]"[39m
[31m+                       />[39m
[31m+                     </div>[39m
[31m+ [39m
[31m+                     <div className="flex justify-end gap-2 pt-1">[39m
[31m+                       <button[39m
[31m+                         type="button"[39m
[31m+                         onClick={() => setShowAddBibleProduct(false)}[39m
[31m+                         className="inline-flex h-9 items-center rounded border border-[#c8c6c4] px-3 text-[13px] font-medium text-[#323130] hover:bg-black/[.03]"[39m
[31m+                       >[39m
[31m+                         Cancel[39m
[31m+                       </button>[39m
[31m+                       <button[39m
[31m+                         type="submit"[39m
[31m+                         className="inline-flex h-9 items-center gap-1.5 rounded bg-[#0f6cbd] px-3 text-[13px] font-medium text-white hover:bg-[#004578]"[39m
[31m+                       >[39m
[31m+                         <Check className="h-3.5 w-3.5" />[39m
[31m+                         <span>Register spec</span>[39m
[31m+                       </button>[39m
[31m+                     </div>[39m
[31m+                   </form>[39m
[31m+                 )}[39m
[31m+ [39m
[31m+                 {/* List of Specs */}[39m
[31m+                 <div className="max-h-[400px] space-y-1 overflow-y-auto">[39m
[31m+                   {filteredBibleProducts.length === 0 ? ([39m
[31m+                     <p className="py-6 text-center text-[12px] text-[#8a8886]">No matching standard specifications found.</p>[39m
[31m+                   ) : ([39m
[31m+                     filteredBibleProducts.map(bp => {[39m
[31m+                       const isSelected = bp.id === selectedBibleProductId;[39m
[31m+                       return ([39m
[31m+                         <button[39m
[31m+                           key={bp.id}[39m
[31m+                           onClick={() => setSelectedBibleProductId(bp.id)}[39m
[31m+                           className={`flex w-full items-center justify-between rounded border p-2.5 text-left text-[13px] ${[39m
[31m+                             isSelected[39m
[31m+                               ? 'border-[#0f6cbd] bg-[#eff6fc] text-[#0f6cbd]'[39m
[31m+                               : 'border-[#e1dfdd] bg-white text-[#323130] hover:bg-black/[.02]'[39m
[31m+                           }`}[39m
[31m+                         >[39m
[31m+                           <div className="min-w-0">[39m
[31m+                             <p className="truncate leading-snug">{bp.name}</p>[39m
[31m+                             <span className="mt-0.5 block text-[11px] text-[#8a8886]">{bp.type}</span>[39m
[31m+                           </div>[39m
[31m+ [39m
[31m+                           <div className="ml-2 flex shrink-0 items-center gap-1.5">[39m
[31m+                             <span className={`rounded px-1.5 py-0.5 text-[11px] font-medium ${[39m
[31m+                               bp.riskTier === 'High' ? 'bg-[#fdf2f2] text-[#a4262c]' :[39m
[31m+                               bp.riskTier === 'Medium' ? 'bg-[#fff4ce] text-[#8a5700]' :[39m
[31m+                               'bg-[#dff6dd] text-[#0e700e]'[39m
[31m+                             }`}>[39m
[31m+                               {bp.riskTier}[39m
[31m+                             </span>[39m
[31m+                             <ChevronRight className={`h-3.5 w-3.5 ${isSelected ? 'text-[#0f6cbd]' : 'text-[#8a8886]'}`} />[39m
[31m+                           </div>[39m
[31m+                         </button>[39m
[31m+                       );[39m
[31m+                     })[39m
[31m+                   )}[39m
[31m+                 </div>[39m
[31m+               </div>[39m
[31m+             </div>[39m
[31m+ [39m
[31m+             {/* Right 2 Columns: Specification Details & Interactive Sandbox compliance auditor */}[39m
[31m+             <div className="lg:col-span-2 space-y-4">[39m
[31m+ [39m
[31m+               {/* Card 1: Active Specification detail */}[39m
[31m+               {activeBibleProduct && ([39m
[31m+                 <div className="rounded-md border border-[#e1dfdd] bg-white p-4 space-y-3">[39m
[31m+                   <div className="flex items-start justify-between border-b border-[#e1dfdd] pb-3">[39m
[31m+                     <div>[39m
[31m+                       <span className="text-[11px] font-medium uppercase tracking-wide text-[#0f6cbd]">Approved platform standard spec</span>[39m
[31m+                       <h3 className="mt-1 flex items-center gap-1.5 text-[15px] font-semibold text-[#201f1e]">[39m
[31m+                         <CheckCircle2 className="h-4 w-4 text-[#0e700e]" />[39m
[31m+                         {activeBibleProduct.name}[39m
[31m+                       </h3>[39m
[31m+                       <p className="mt-0.5 text-[12px] text-[#605e5c]">{activeBibleProduct.type}</p>[39m
[31m+                     </div>[39m
[31m+ [39m
[31m+                     <span className="rounded border border-[#c8c6c4] bg-[#eff6fc] px-2 py-0.5 text-[12px] font-medium text-[#0f6cbd]">[39m
[31m+                       Baseline v{activeBibleProduct.baselineSecureVersion}[39m
[31m+                     </span>[39m
[31m+                   </div>[39m
[31m+ [39m
[31m+                   <div className="grid grid-cols-1 gap-4 md:grid-cols-2">[39m
[31m+                     <div className="space-y-3">[39m
[31m+                       <div>[39m
[31m+                         <span className="block text-[11px] font-medium uppercase text-[#605e5c]">Permitted (greenlist) licenses</span>[39m
[31m+                         <div className="mt-1.5 flex flex-wrap gap-1.5">[39m
[31m+                           {activeBibleProduct.allowedLicenses.map((lic: string) => ([39m
[31m+                             <span key={lic} className="rounded border border-[#c8c6c4] bg-[#dff6dd] px-2 py-0.5 text-[11px] font-medium text-[#0e700e]">[39m
[31m+                               {lic}[39m
[31m+                             </span>[39m
[31m+                           ))}[39m
[31m+                           {activeBibleProduct.allowedLicenses.length === 0 && <span className="text-[12px] italic text-[#8a8886]">None specified</span>}[39m
[31m+                         </div>[39m
[31m+                       </div>[39m
[31m+ [39m
[31m+                       <div>[39m
[31m+                         <span className="block text-[11px] font-medium uppercase text-[#605e5c]">Prohibited (blacklisted) licenses</span>[39m
[31m+                         <div className="mt-1.5 flex flex-wrap gap-1.5">[39m
[31m+                           {activeBibleProduct.disallowedLicenses.map((lic: string) => ([39m
[31m+                             <span key={lic} className="rounded border border-[#c8c6c4] bg-[#fdf2f2] px-2 py-0.5 text-[11px] font-medium text-[#a4262c]">[39m
[31m+                               {lic}[39m
[31m+                             </span>[39m
[31m+                           ))}[39m
[31m+                           {activeBibleProduct.disallowedLicenses.length === 0 && <span className="text-[12px] italic text-[#8a8886]">None prohibited</span>}[39m
[31m+                         </div>[39m
[31m+                       </div>[39m
[31m+                     </div>[39m
[31m+ [39m
[31m+                     <div className="space-y-2 rounded-md border border-[#e1dfdd] bg-[#faf9f8] p-3">[39m
[31m+                       <span className="block text-[11px] font-medium uppercase text-[#605e5c]">Target regulatory framework compliance</span>[39m
[31m+                       <p className="text-[13px] font-medium text-[#323130]">{activeBibleProduct.complianceTarget}</p>[39m
[31m+                       <p className="text-[12px] leading-normal text-[#605e5c]">[39m
[31m+                         Ingested components of this product category must be validated in accordance with audit guidelines mapped to this baseline.[39m
[31m+                       </p>[39m
[31m+                     </div>[39m
[31m+                   </div>[39m
[31m+ [39m
[31m+                   <div className="space-y-1.5 rounded-md border border-[#e1dfdd] bg-[#eff6fc] p-3">[39m
[31m+                     <span className="block text-[11px] font-medium uppercase tracking-wide text-[#0f6cbd]">Standard core safeguards policy</span>[39m
[31m+                     <p className="text-[13px] leading-normal text-[#323130]">{activeBibleProduct.safeguardPolicy}</p>[39m
[31m+                   </div>[39m
[31m+                 </div>[39m
[31m+               )}[39m
[31m+ [39m
[31m+               {/* Card 2: Interactive Sandbox Compliance Auditor */}[39m
[31m+               <div className="rounded-md border border-[#e1dfdd] bg-white p-4 space-y-3">[39m
[31m+                 <div>[39m
[31m+                   <h3 className="flex items-center gap-1.5 text-[14px] font-semibold text-[#201f1e]">[39m
[31m+                     <Sparkles className="h-4 w-4 text-[#0f6cbd]" />[39m
[31m+                     <span>Interactive product compliance sandbox</span>[39m
[31m+                   </h3>[39m
[31m+                   <p className="mt-0.5 text-[12px] text-[#605e5c]">[39m
[31m+                     Simulate software ingest requests and instantly check compliance against the Master Product Bible.[39m
[31m+                   </p>[39m
[31m+                 </div>[39m
[31m+ [39m
[31m+                 <div className="grid grid-cols-1 gap-4 md:grid-cols-2">[39m
[31m+                   <div className="space-y-3">[39m
[31m+                     <div>[39m
[31m+                       <label className="mb-1 block text-[12px] font-medium text-[#605e5c]">Select target product class</label>[39m
[31m+                       <select[39m
[31m+                         value={sandboxProduct}[39m
[31m+                         onChange={(e) => {[39m
[31m+                           setSandboxProduct(e.target.value);[39m
[31m+                           const found = bibleProducts.find(bp => bp.name === e.target.value);[39m
[31m+                           if (found) {[39m
[31m+                             setSandboxVersion(found.baselineSecureVersion);[39m
[31m+                             setSandboxLicense(found.allowedLicenses[0] || 'MIT');[39m
[31m+                           }[39m
[31m+                         }}[39m
[31m+                         className="h-9 w-full rounded border border-[#c8c6c4] px-2.5 text-[13px] focus:border-[#0f6cbd] focus:outline-none focus:ring-1 focus:ring-[#0f6cbd]"[39m
[31m+                       >[39m
[31m+                         {bibleProducts.map(bp => ([39m
[31m+                           <option key={bp.id} value={bp.name}>{bp.name}</option>[39m
[31m+                         ))}[39m
[31m+                         <option value="custom">-- Custom/unregistered product --</option>[39m
[31m+                       </select>[39m
[31m+                     </div>[39m
[31m+ [39m
[31m+                     {sandboxProduct === 'custom' && ([39m
[31m+                       <div>[39m
[31m+                         <label className="mb-1 block text-[12px] font-medium text-[#605e5c]">Custom product name</label>[39m
[31m+                         <input[39m
[31m+                           type="text"[39m
[31m+                           placeholder="e.g. Apache Kafka"[39m
[31m+                           value={sandboxCustomName}[39m
[31m+                           onChange={(e) => setSandboxCustomName(e.target.value)}[39m
[31m+                           className="h-9 w-full rounded border border-[#c8c6c4] px-2.5 text-[13px] focus:border-[#0f6cbd] focus:outline-none focus:ring-1 focus:ring-[#0f6cbd]"[39m
[31m+                         />[39m
[31m+                       </div>[39m
[31m+                     )}[39m
[31m+ [39m
[31m+                     <div className="grid grid-cols-2 gap-2">[39m
[31m+                       <div>[39m
[31m+                         <label className="mb-1 block text-[12px] font-medium text-[#605e5c]">Ingested version</label>[39m
[31m+                         <input[39m
[31m+                           type="text"[39m
[31m+                           value={sandboxVersion}[39m
[31m+                           onChange={(e) => setSandboxVersion(e.target.value)}[39m
[31m+                           className="h-9 w-full rounded border border-[#c8c6c4] px-2.5 font-mono text-[13px] focus:border-[#0f6cbd] focus:outline-none focus:ring-1 focus:ring-[#0f6cbd]"[39m
[31m+                           placeholder="e.g. 1.25.0"[39m
[31m+                         />[39m
[31m+                       </div>[39m
[31m+ [39m
[31m+                       <div>[39m
[31m+                         <label className="mb-1 block text-[12px] font-medium text-[#605e5c]">License SPDX</label>[39m
[31m+                         <input[39m
[31m+                           type="text"[39m
[31m+                           value={sandboxLicense}[39m
[31m+                           onChange={(e) => setSandboxLicense(e.target.value)}[39m
[31m+                           className="h-9 w-full rounded border border-[#c8c6c4] px-2.5 font-mono text-[13px] focus:border-[#0f6cbd] focus:outline-none focus:ring-1 focus:ring-[#0f6cbd]"[39m
[31m+                           placeholder="e.g. GPL-3.0-only"[39m
[31m+                         />[39m
[31m+                       </div>[39m
[31m+                     </div>[39m
[31m+ [39m
[31m+                     <div>[39m
[31m+                       <label className="mb-1 block text-[12px] font-medium text-[#605e5c]">Target deploy environment</label>[39m
[31m+                       <div className="grid grid-cols-3 gap-2">[39m
[31m+                         {['Production', 'Staging', 'Development'].map(env => ([39m
[31m+                           <button[39m
[31m+                             key={env}[39m
[31m+                             type="button"[39m
[31m+                             onClick={() => setSandboxEnv(env)}[39m
[31m+                             className={`rounded border p-2 text-center text-[12px] font-medium ${[39m
[31m+                               sandboxEnv === env[39m
[31m+                                 ? 'border-[#0f6cbd] bg-[#eff6fc] text-[#0f6cbd]'[39m
[31m+                                 : 'border-[#c8c6c4] text-[#605e5c] hover:bg-black/[.03]'[39m
[31m+                             }`}[39m
[31m+                           >[39m
[31m+                             {env}[39m
[31m+                           </button>[39m
[31m+                         ))}[39m
[31m+                       </div>[39m
[31m+                     </div>[39m
[31m+ [39m
[31m+                     <button[39m
[31m+                       type="button"[39m
[31m+                       onClick={handleRunSandboxAudit}[39m
[31m+                       className="flex h-9 w-full items-center justify-center gap-1.5 rounded bg-[#0f6cbd] text-[13px] font-medium text-white hover:bg-[#004578]"[39m
[31m+                     >[39m
[31m+                       <Play className="h-3.5 w-3.5" />[39m
[31m+                       <span>Run sandbox compliance attestation</span>[39m
[31m+                     </button>[39m
[31m+                   </div>[39m
[31m+ [39m
[31m+                   {/* Attestation Sandbox Report panel */}[39m
[31m+                   <div className="flex min-h-[240px] flex-col justify-between rounded-md border border-[#e1dfdd] bg-[#faf9f8] p-3">[39m
[31m+                     {sandboxReport ? ([39m
[31m+                       <div className="space-y-3">[39m
[31m+                         <div className="flex items-center justify-between border-b border-[#e1dfdd] pb-2">[39m
[31m+                           <div>[39m
[31m+                             <span className="block text-[11px] font-medium text-[#605e5c]">Attestation report</span>[39m
[31m+                             <h4 className="max-w-[160px] truncate text-[13px] font-semibold text-[#201f1e]">{sandboxReport.productName}</h4>[39m
[31m+                           </div>[39m
[31m+ [39m
[31m+                           <span className={`inline-flex items-center gap-1 rounded border border-[#c8c6c4] px-2 py-0.5 text-[11px] font-medium ${[39m
[31m+                             sandboxReport.overallStatus === 'PASS' ? 'bg-[#dff6dd] text-[#0e700e]' :[39m
[31m+                             sandboxReport.overallStatus === 'WARN' ? 'bg-[#fff4ce] text-[#8a5700]' :[39m
[31m+                             'bg-[#fdf2f2] text-[#a4262c]'[39m
[31m+                           }`}>[39m
[31m+                             <span className={`h-1.5 w-1.5 rounded-full ${[39m
[31m+                               sandboxReport.overallStatus === 'PASS' ? 'bg-[#0e700e]' :[39m
[31m+                               sandboxReport.overallStatus === 'WARN' ? 'bg-[#8a5700]' :[39m
[31m+                               'bg-[#a4262c]'[39m
[31m+                             }`} />[39m
[31m+                             {sandboxReport.overallStatus}[39m
[31m+                           </span>[39m
[31m+                         </div>[39m
[31m+ [39m
[31m+                         <div className="space-y-2 text-[12px] leading-normal">[39m
[31m+                           <div className="flex items-start gap-1.5">[39m
[31m+                             {sandboxReport.versionStatus === 'Compliant' ? ([39m
[31m+                               <Check className="mt-0.5 h-3.5 w-3.5 shrink-0 text-[#0e700e]" />[39m
[31m+                             ) : sandboxReport.versionStatus === 'Warning' ? ([39m
[31m+                               <AlertTriangle className="mt-0.5 h-3.5 w-3.5 shrink-0 text-[#8a5700]" />[39m
[31m+                             ) : ([39m
[31m+                               <ShieldAlert className="mt-0.5 h-3.5 w-3.5 shrink-0 text-[#a4262c]" />[39m
[31m+                             )}[39m
[31m+                             <div>[39m
[31m+                               <span className="font-medium text-[#323130]">Version standard: </span>[39m
[31m+                               <span className="text-[#605e5c]">{sandboxReport.versionDetails}</span>[39m
[31m+                             </div>[39m
[31m+                           </div>[39m
[31m+ [39m
[31m+                           <div className="flex items-start gap-1.5">[39m
[31m+                             {sandboxReport.licenseStatus === 'Compliant' ? ([39m
[31m+                               <Check className="mt-0.5 h-3.5 w-3.5 shrink-0 text-[#0e700e]" />[39m
[31m+                             ) : sandboxReport.licenseStatus === 'Warning' ? ([39m
[31m+                               <AlertTriangle className="mt-0.5 h-3.5 w-3.5 shrink-0 text-[#8a5700]" />[39m
[31m+                             ) : ([39m
[31m+                               <ShieldAlert className="mt-0.5 h-3.5 w-3.5 shrink-0 text-[#a4262c]" />[39m
[31m+                             )}[39m
[31m+                             <div>[39m
[31m+                               <span className="font-medium text-[#323130]">License standard: </span>[39m
[31m+                               <span className="text-[#605e5c]">{sandboxReport.licenseDetails}</span>[39m
[31m+                             </div>[39m
[31m+                           </div>[39m
[31m+                         </div>[39m
[31m+ [39m
[31m+                         <div className="space-y-1 rounded border border-[#e1dfdd] bg-white p-2.5 text-[12px] leading-normal text-[#605e5c]">[39m
[31m+                           <p className="text-[11px] font-medium uppercase text-[#323130]">Compliance checklist ({sandboxReport.complianceTarget}):</p>[39m
[31m+                           <p className="italic">{sandboxReport.safeguardPolicy}</p>[39m
[31m+                         </div>[39m
[31m+                       </div>[39m
[31m+                     ) : ([39m
[31m+                       <div className="flex h-full flex-col items-center justify-center space-y-2 py-10 text-center text-[#8a8886]">[39m
[31m+                         <Sliders className="h-6 w-6 text-[#c8c6c4]" />[39m
[31m+                         <p className="mt-2 text-[13px] font-medium text-[#605e5c]">Attestation pending</p>[39m
[31m+                         <p className="max-w-[220px] text-[12px] leading-snug text-[#8a8886]">[39m
[31m+                           Configure simulation parameters and run the sandbox compliance attestation to test build parameters against standards.[39m
[31m+                         </p>[39m
[31m+                       </div>[39m
[31m+                     )}[39m
[31m+ [39m
[31m+                     <div className="mt-2 flex items-center justify-between border-t border-[#e1dfdd] pt-2 text-[11px] text-[#8a8886]">[39m
[31m+                       <span>Audit kernel: SEC_ENGINE_v1.0</span>[39m
[31m+                       {sandboxReport && ([39m
[31m+                         <span>Attested: {new Date(sandboxReport.timestamp).toLocaleTimeString()}</span>[39m
[31m+                       )}[39m
[31m+                     </div>[39m
[31m+                   </div>[39m
[31m+                 </div>[39m
[31m+ [39m
[31m+               </div>[39m
[31m+ [39m
[31m+             </div>[39m
[31m+ [39m
[31m+           </div>[39m
[31m+         </div>[39m
[31m+       )}[39m
[31m+     </div>[39m
[31m+   );[39m
[31m+ }[39m
[31m+[39m

[36m [2m❯[22m tests/settings-guide-contract.test.ts:[2m27:22[22m[39m
    [90m 25| [39m
    [90m 26| [39m  [34mit[39m([32m'still discloses custom domains are not implemented'[39m[33m,[39m () [33m=>[39m {
    [90m 27| [39m    expect(source()).toContain('Custom domains</strong> — not implemen…
    [90m   | [39m                     [31m^[39m
    [90m 28| [39m  })[33m;[39m
    [90m 29| [39m

[31m[2m⎯⎯⎯⎯⎯⎯⎯⎯⎯⎯⎯⎯⎯⎯⎯⎯⎯⎯⎯⎯[107/141]⎯[22m[39m

[41m[1m FAIL [22m[49m tests/settings-guide-contract.test.ts[2m > [22mSettings "Getting Started" guide stays honest about real gaps[2m > [22mstill discloses branding does not yet reach the public passport/emails
[31m[1mAssertionError[22m: expected '/**\r\n * @license\r\n * SPDX-License…' to contain 'only feeds the Reports PDF export, no…'[39m

[32m- Expected[39m
[31m+ Received[39m

[32m- only feeds the Reports PDF export, not yet the public passport page itself[39m
[31m+ /**[39m
[31m+  * @license[39m
[31m+  * SPDX-License-Identifier: Apache-2.0[39m
[31m+  */[39m
[31m+ [39m
[31m+ import React, { useState, useEffect, useMemo } from 'react';[39m
[31m+ import {[39m
[31m+   Settings, Shield, Sliders, KeyRound, Bell, HelpCircle, CheckCircle,[39m
[31m+   Sun, Moon, RefreshCw, Trash2, Fingerprint, Lock, FileText, Globe, FileCode,[39m
[31m+   BookOpen, Search, Sparkles, PlusCircle, AlertTriangle, Play, ChevronRight, Check,[39m
[31m+   ExternalLink, Layers, Info, Filter, ShieldAlert, BadgeAlert, CheckCircle2, AlertCircle[39m
[31m+ } from 'lucide-react';[39m
[31m+ import { auth } from '../lib/firebase';[39m
[31m+ import { apiFetch } from '../utils/apiClient';[39m
[31m+ [39m
[31m+ interface SettingsViewProps {[39m
[31m+   theme: 'light' | 'dark';[39m
[31m+   onToggleTheme: () => void;[39m
[31m+ }[39m
[31m+ [39m
[31m+ export default function SettingsView({ theme, onToggleTheme }: SettingsViewProps) {[39m
[31m+   const [activeSubTab, setActiveSubTab] = useState<'configurations' | 'bible' | 'organization'>('configurations');[39m
[31m+   const [mfaEnabled, setMfaEnabled] = useState(true);[39m
[31m+   const [slaTarget, setSlaTarget] = useState(85);[39m
[31m+   const [saveSuccess, setSaveSuccess] = useState(false);[39m
[31m+   const [offboarding, setOffboarding] = useState(false);[39m
[31m+   const [testing, setTesting] = useState(false);[39m
[31m+   const [testResults, setTestResults] = useState<any[]>([]);[39m
[31m+ [39m
[31m+   // Profile & Org/Team States[39m
[31m+   const [profile, setProfile] = useState<any>(null);[39m
[31m+   const [teamMembers, setTeamMembers] = useState<any[]>([]);[39m
[31m+   const [inviteEmail, setInviteEmail] = useState('');[39m
[31m+   const [inviteRole, setInviteRole] = useState('Technician');[39m
[31m+   const [editingProfile, setEditingProfile] = useState(false);[39m
[31m+   const [profileName, setProfileName] = useState('');[39m
[31m+   const [profileJobTitle, setProfileJobTitle] = useState('');[39m
[31m+   const [profileCompany, setProfileCompany] = useState('');[39m
[31m+   const [loadingTeam, setLoadingTeam] = useState(false);[39m
[31m+   const [teamError, setTeamError] = useState<string | null>(null);[39m
[31m+   const [teamSuccess, setTeamSuccess] = useState<string | null>(null);[39m
[31m+ [39m
[31m+   // profile is fetched from /api/user/me, which already returns the caller's[39m
[31m+   // role — derive gating from it directly rather than requiring a separate[39m
[31m+   // prop. Matches backend enforcement exactly: POST /api/tenant/offboard is[39m
[31m+   // requireRole('Owner'); team invite/role-change/remove are requireRole[39m
[31m+   // (['Owner','Admin']) (auth.ts).[39m
[31m+   const currentRole: string = profile?.role || 'Viewer';[39m
[31m+   const isOwner = currentRole === 'Owner';[39m
[31m+   const canManageTeam = isOwner || currentRole === 'Admin';[39m
[31m+ [39m
[31m+   const fetchProfileAndTeam = async () => {[39m
[31m+     setLoadingTeam(true);[39m
[31m+     try {[39m
[31m+       // 1. Fetch user profile[39m
[31m+       const profRes = await apiFetch('/api/user/me');[39m
[31m+       if (profRes.ok) {[39m
[31m+         const profData = await profRes.json();[39m
[31m+         setProfile(profData);[39m
[31m+         setProfileName(profData.displayName || '');[39m
[31m+         setProfileJobTitle(profData.roleTitle || '');[39m
[31m+         setProfileCompany(profData.companyName || '');[39m
[31m+       }[39m
[31m+ [39m
[31m+       // 2. Fetch team members[39m
[31m+       const teamRes = await apiFetch('/api/organization/team');[39m
[31m+       if (teamRes.ok) {[39m
[31m+         const teamData = await teamRes.json();[39m
[31m+         setTeamMembers(teamData);[39m
[31m+       }[39m
[31m+     } catch (err) {[39m
[31m+       console.error('Error fetching profile or organization team:', err);[39m
[31m+     } finally {[39m
[31m+       setLoadingTeam(false);[39m
[31m+     }[39m
[31m+   };[39m
[31m+ [39m
[31m+   const handleInviteMember = async (e: React.FormEvent) => {[39m
[31m+     e.preventDefault();[39m
[31m+     if (!inviteEmail || !canManageTeam) return;[39m
[31m+     setTeamError(null);[39m
[31m+     setTeamSuccess(null);[39m
[31m+     try {[39m
[31m+       const res = await apiFetch('/api/organization/invite', {[39m
[31m+         method: 'POST',[39m
[31m+         headers: { 'Content-Type': 'application/json' },[39m
[31m+         body: JSON.stringify({ email: inviteEmail, role: inviteRole })[39m
[31m+       });[39m
[31m+       if (res.ok) {[39m
[31m+         setTeamSuccess(`Successfully sent security invitation to ${inviteEmail}`);[39m
[31m+         setInviteEmail('');[39m
[31m+         fetchProfileAndTeam();[39m
[31m+       } else {[39m
[31m+         const errData = await res.json();[39m
[31m+         setTeamError(errData.message || 'Failed to send workspace invitation.');[39m
[31m+       }[39m
[31m+     } catch (err) {[39m
[31m+       setTeamError('Network error while dispatching invitation.');[39m
[31m+     }[39m
[31m+   };[39m
[31m+ [39m
[31m+   const handleUpdateMemberRole = async (userId: string, newRole: string) => {[39m
[31m+     if (!canManageTeam) return;[39m
[31m+     setTeamError(null);[39m
[31m+     setTeamSuccess(null);[39m
[31m+     try {[39m
[31m+       const res = await apiFetch(`/api/organization/team/${userId}/role`, {[39m
[31m+         method: 'PUT',[39m
[31m+         headers: { 'Content-Type': 'application/json' },[39m
[31m+         body: JSON.stringify({ role: newRole })[39m
[31m+       });[39m
[31m+       if (res.ok) {[39m
[31m+         setTeamSuccess('Workspace member role updated successfully.');[39m
[31m+         fetchProfileAndTeam();[39m
[31m+       } else {[39m
[31m+         const errData = await res.json();[39m
[31m+         setTeamError(errData.message || 'Permission denied.');[39m
[31m+       }[39m
[31m+     } catch (err) {[39m
[31m+       setTeamError('Failed to synchronize updated permission rules.');[39m
[31m+     }[39m
[31m+   };[39m
[31m+ [39m
[31m+   const handleRemoveMember = async (userId: string) => {[39m
[31m+     if (!canManageTeam) return;[39m
[31m+     const confirmed = window.confirm('Are you sure you want to revoke this user\'s workspace security credentials?');[39m
[31m+     if (!confirmed) return;[39m
[31m+     setTeamError(null);[39m
[31m+     setTeamSuccess(null);[39m
[31m+     try {[39m
[31m+       const res = await apiFetch(`/api/organization/team/${userId}`, {[39m
[31m+         method: 'DELETE'[39m
[31m+       });[39m
[31m+       if (res.ok) {[39m
[31m+         setTeamSuccess('Revoked workspace access and terminated session keys.');[39m
[31m+         fetchProfileAndTeam();[39m
[31m+       } else {[39m
[31m+         const errData = await res.json();[39m
[31m+         setTeamError(errData.message || 'Rejection from database.');[39m
[31m+       }[39m
[31m+     } catch (err) {[39m
[31m+       setTeamError('Failed to remove member.');[39m
[31m+     }[39m
[31m+   };[39m
[31m+ [39m
[31m+   const handleSaveProfile = async (e: React.FormEvent) => {[39m
[31m+     e.preventDefault();[39m
[31m+     setTeamError(null);[39m
[31m+     setTeamSuccess(null);[39m
[31m+     try {[39m
[31m+       const res = await apiFetch('/api/user/profile', {[39m
[31m+         method: 'PUT',[39m
[31m+         headers: { 'Content-Type': 'application/json' },[39m
[31m+         body: JSON.stringify({[39m
[31m+           displayName: profileName,[39m
[31m+           roleTitle: profileJobTitle,[39m
[31m+           companyName: profileCompany[39m
[31m+         })[39m
[31m+       });[39m
[31m+       if (res.ok) {[39m
[31m+         setTeamSuccess('User profile details updated successfully.');[39m
[31m+         setEditingProfile(false);[39m
[31m+         fetchProfileAndTeam();[39m
[31m+       } else {[39m
[31m+         const errData = await res.json();[39m
[31m+         setTeamError(errData.message || 'Failed to save details.');[39m
[31m+       }[39m
[31m+     } catch (err) {[39m
[31m+       setTeamError('Failed to save profile changes.');[39m
[31m+     }[39m
[31m+   };[39m
[31m+ [39m
[31m+   // Product Bible list[39m
[31m+   const [bibleProducts, setBibleProducts] = useState<any[]>([[39m
[31m+     {[39m
[31m+       id: 'pb-nginx',[39m
[31m+       name: 'Nginx Web Server',[39m
[31m+       type: 'Web Infrastructure / Proxy',[39m
[31m+       baselineSecureVersion: '1.24.0',[39m
[31m+       allowedLicenses: ['BSD-2-Clause', 'MIT', 'Apache-2.0'],[39m
[31m+       disallowedLicenses: ['GPL-3.0-only', 'AGPL-3.0-only'],[39m
[31m+       riskTier: 'Low',[39m
[31m+       complianceTarget: 'SOC 2 CC6.1 / NIST SP 800-53',[39m
[31m+       safeguardPolicy: 'Enforce TLS 1.3 only, disable cleartext HTTP ports, and prune default Server header metadata.'[39m
[31m+     },[39m
[31m+     {[39m
[31m+       id: 'pb-postgres',[39m
[31m+       name: 'PostgreSQL Relational Engine',[39m
[31m+       type: 'Database Systems',[39m
[31m+       baselineSecureVersion: '15.4',[39m
[31m+       allowedLicenses: ['PostgreSQL', 'MIT', 'Apache-2.0'],[39m
[31m+       disallowedLicenses: ['AGPL-3.0-only', 'GPL-3.0-only'],[39m
[31m+       riskTier: 'Low',[39m
[31m+       complianceTarget: 'NIST SP 800-171 / HIPAA Sec. 164',[39m
[31m+       safeguardPolicy: 'Enable row-level security (RLS), mandate pgcrypto encryption for columns, and bind exclusively to localized subnets.'[39m
[31m+     },[39m
[31m+     {[39m
[31m+       id: 'pb-redis',[39m
[31m+       name: 'Redis In-Memory Key-Value Cache',[39m
[31m+       type: 'Cache Systems',[39m
[31m+       baselineSecureVersion: '7.0.12',[39m
[31m+       allowedLicenses: ['BSD-3-Clause', 'MIT'],[39m
[31m+       disallowedLicenses: ['SSPL-1.0', 'AGPL-3.0-only'],[39m
[31m+       riskTier: 'Medium',[39m
[31m+       complianceTarget: 'PCI-DSS v4.0 Req 2 & 3',[39m
[31m+       safeguardPolicy: 'Disable custom dangerous admin commands (CONFIG, FLUSHALL), set authentication passwords, and restrict container loopbacks.'[39m
[31m+     },[39m
[31m+     {[39m
[31m+       id: 'pb-log4j',[39m
[31m+       name: 'Apache Log4j Core Logging',[39m
[31m+       type: 'Open Source Logging Framework',[39m
[31m+       baselineSecureVersion: '2.17.1',[39m
[31m+       allowedLicenses: ['Apache-2.0'],[39m
[31m+       disallowedLicenses: ['GPL-3.0-only', 'AGPL-3.0-only'],[39m
[31m+       riskTier: 'High',[39m
[31m+       complianceTarget: 'CISA KEV Mitigation Directive',[39m
[31m+       safeguardPolicy: 'Ensure strict lookup disabling (formatMsgNoLookups=true) and remove JMSAppender class files from all builds to neutralize JNDI execution risks.'[39m
[31m+     },[39m
[31m+     {[39m
[31m+       id: 'pb-docker',[39m
[31m+       name: 'Docker Container base environment',[39m
[31m+       type: 'Container Foundations',[39m
[31m+       baselineSecureVersion: '24.0.5',[39m
[31m+       allowedLicenses: ['Apache-2.0', 'MIT'],[39m
[31m+       disallowedLicenses: ['GPL-3.0-only', 'AGPL-3.0-only'],[39m
[31m+       riskTier: 'Low',[39m
[31m+       complianceTarget: 'CIS Docker Benchmarks v1.6',[39m
[31m+       safeguardPolicy: 'Run containers with non-root privileges, specify readonly root filesystems, and strip all unneeded kernel capabilities (SYS_ADMIN).'[39m
[31m+     }[39m
[31m+   ]);[39m
[31m+ [39m
[31m+   // Search/Filter state for Product Bible[39m
[31m+   const [bibleSearchQuery, setBibleSearchQuery] = useState('');[39m
[31m+   const [bibleFilterRisk, setBibleFilterRisk] = useState('all');[39m
[31m+   const [selectedBibleProductId, setSelectedBibleProductId] = useState<string>('pb-nginx');[39m
[31m+ [39m
[31m+   // New Bible Product form fields[39m
[31m+   const [showAddBibleProduct, setShowAddBibleProduct] = useState(false);[39m
[31m+   const [newBpName, setNewBpName] = useState('');[39m
[31m+   const [newBpType, setNewBpType] = useState('Web Infrastructure / Proxy');[39m
[31m+   const [newBpVersion, setNewBpVersion] = useState('');[39m
[31m+   const [newBpAllowedLics, setNewBpAllowedLics] = useState('MIT, Apache-2.0, BSD-3-Clause');[39m
[31m+   const [newBpDisallowedLics, setNewBpDisallowedLics] = useState('GPL-3.0-only, AGPL-3.0-only');[39m
[31m+   const [newBpRisk, setNewBpRisk] = useState<'Low' | 'Medium' | 'High'>('Low');[39m
[31m+   const [newBpCompliance, setNewBpCompliance] = useState('');[39m
[31m+   const [newBpSafeguard, setNewBpSafeguard] = useState('');[39m
[31m+ [39m
[31m+   // Sandbox Auditor states[39m
[31m+   const [sandboxProduct, setSandboxProduct] = useState('Nginx Web Server');[39m
[31m+   const [sandboxCustomName, setSandboxCustomName] = useState('');[39m
[31m+   const [sandboxVersion, setSandboxVersion] = useState('1.25.1');[39m
[31m+   const [sandboxLicense, setSandboxLicense] = useState('MIT');[39m
[31m+   const [sandboxEnv, setSandboxEnv] = useState('Production');[39m
[31m+   const [sandboxReport, setSandboxReport] = useState<any | null>(null);[39m
[31m+ [39m
[31m+   // Multi-tenant Active Sessions, SSO and Cryptographic audit state[39m
[31m+   const [sessions, setSessions] = useState<any[]>([]);[39m
[31m+   const [history, setHistory] = useState<any[]>([]);[39m
[31m+   const [auditChain, setAuditChain] = useState<any[]>([]);[39m
[31m+   const [loadingLedgers, setLoadingLedgers] = useState(false);[39m
[31m+   const [verifyingLedger, setVerifyingLedger] = useState(false);[39m
[31m+   const [verificationResult, setVerificationResult] = useState<any | null>(null);[39m
[31m+ [39m
[31m+   // SAML SSO Form settings[39m
[31m+   const [ssoEnabled, setSsoEnabled] = useState(true);[39m
[31m+   const [ssoProvider, setSsoProvider] = useState('Okta Enterprise IdP');[39m
[31m+   const [ssoMetadataUrl, setSsoMetadataUrl] = useState('https://idp.okta.com/app/exk810/sso/saml/metadata');[39m
[31m+   const [ssoClientId, setSsoClientId] = useState('spr_msp_okta_prod_01');[39m
[31m+ [39m
[31m+   const handleVerifyLedger = async () => {[39m
[31m+     setVerifyingLedger(true);[39m
[31m+     setVerificationResult(null);[39m
[31m+     try {[39m
[31m+       const res = await apiFetch('/api/auth/audit-chain/verify');[39m
[31m+       if (res.ok) {[39m
[31m+         const data = await res.json();[39m
[31m+         setVerificationResult(data);[39m
[31m+       } else {[39m
[31m+         setVerificationResult({[39m
[31m+           isValid: false,[39m
[31m+           error: 'Verification request returned a server exception.'[39m
[31m+         });[39m
[31m+       }[39m
[31m+     } catch (err: any) {[39m
[31m+       setVerificationResult({[39m
[31m+         isValid: false,[39m
[31m+         error: err?.message || 'Network connection timeout.'[39m
[31m+       });[39m
[31m+     } finally {[39m
[31m+       setVerifyingLedger(false);[39m
[31m+     }[39m
[31m+   };[39m
[31m+ [39m
[31m+   const fetchAuthDataLedgers = async () => {[39m
[31m+     setLoadingLedgers(true);[39m
[31m+     try {[39m
[31m+       const sessRes = await apiFetch('/api/auth/sessions');[39m
[31m+       if (sessRes.ok) {[39m
[31m+         const data = await sessRes.json();[39m
[31m+         setSessions(data);[39m
[31m+       }[39m
[31m+ [39m
[31m+       const histRes = await apiFetch('/api/auth/login-history');[39m
[31m+       if (histRes.ok) {[39m
[31m+         const data = await histRes.json();[39m
[31m+         setHistory(data);[39m
[31m+       }[39m
[31m+ [39m
[31m+       const chainRes = await apiFetch('/api/auth/audit-chain');[39m
[31m+       if (chainRes.ok) {[39m
[31m+         const data = await chainRes.json();[39m
[31m+         setAuditChain(data);[39m
[31m+       }[39m
[31m+     } catch (err) {[39m
[31m+       console.error('Error fetching identity and compliance data ledgers:', err);[39m
[31m+     } finally {[39m
[31m+       setLoadingLedgers(false);[39m
[31m+     }[39m
[31m+   };[39m
[31m+ [39m
[31m+   useEffect(() => {[39m
[31m+     fetchAuthDataLedgers();[39m
[31m+     fetchProfileAndTeam();[39m
[31m+   }, []);[39m
[31m+ [39m
[31m+   const handleRevokeSession = async (sessionId: string) => {[39m
[31m+     try {[39m
[31m+       const res = await apiFetch('/api/auth/sessions/revoke', {[39m
[31m+         method: 'POST',[39m
[31m+         headers: { 'Content-Type': 'application/json' },[39m
[31m+         body: JSON.stringify({ sessionId })[39m
[31m+       });[39m
[31m+       if (res.ok) {[39m
[31m+         fetchAuthDataLedgers();[39m
[31m+       } else {[39m
[31m+         alert('Could not complete session revocation.');[39m
[31m+       }[39m
[31m+     } catch (err) {[39m
[31m+       console.error('Error during session revocation:', err);[39m
[31m+     }[39m
[31m+   };[39m
[31m+ [39m
[31m+   // There is no test-runner endpoint in the backend (running the test suite[39m
[31m+   // from an HTTP request would itself be a code-execution risk), and no[39m
[31m+   // endpoint separately verifies RLS isolation, OAuth handshakes, or API[39m
[31m+   // quota safety. This checks the one thing SPR can actually report on[39m
[31m+   // itself: real database connectivity, via the existing /api/ready[39m
[31m+   // readiness probe — the same one an orchestrator uses.[39m
[31m+   const runDiagnosticSuite = async () => {[39m
[31m+     setTesting(true);[39m
[31m+     try {[39m
[31m+       const res = await apiFetch('/api/ready');[39m
[31m+       const data = await res.json().catch(() => ({}));[39m
[31m+       const dbOk = Boolean(data?.checks?.database?.ok);[39m
[31m+       setTestResults([[39m
[31m+         { name: 'Database connectivity', status: dbOk ? 'PASS' : 'FAIL', details: dbOk ? `Responded in ${data.checks.database.latencyMs}ms` : data?.checks?.database?.error || 'Database unavailable' },[39m
[31m+         { name: 'API reachability', status: 'PASS', details: `/api/ready responded HTTP ${res.status}` },[39m
[31m+       ]);[39m
[31m+     } catch (err) {[39m
[31m+       console.error('Error running readiness check:', err);[39m
[31m+       setTestResults([{ name: 'API reachability', status: 'FAIL', details: 'The readiness request itself failed' }]);[39m
[31m+     } finally {[39m
[31m+       setTesting(false);[39m
[31m+     }[39m
[31m+   };[39m
[31m+ [39m
[31m+   const handleOffboardTenant = async () => {[39m
[31m+     if (!isOwner) { alert(`Your ${currentRole} role cannot offboard this workspace. Owner is required.`); return; }[39m
[31m+     const confirmed = window.confirm([39m
[31m+       "CRITICAL SECURITY ALERT: Are you absolutely certain you want to offboard this tenant? This will cascade-delete all databases, software passports, compliance statuses, and credentials instantly from our PostgreSQL storage nodes. This action cannot be undone."[39m
[31m+     );[39m
[31m+     if (!confirmed) return;[39m
[31m+ [39m
[31m+     setOffboarding(true);[39m
[31m+     try {[39m
[31m+       const res = await apiFetch('/api/tenant/offboard', {[39m
[31m+         method: 'POST',[39m
[31m+       });[39m
[31m+       if (res.ok) {[39m
[31m+         alert("Offboarding complete. Your tenant profile and isolated workspaces have been purged from storage nodes.");[39m
[31m+         localStorage.removeItem('msp_user');[39m
[31m+         await auth.signOut().catch(() => {});[39m
[31m+         window.location.reload();[39m
[31m+       } else {[39m
[31m+         const errorData = await res.json();[39m
[31m+         alert(`Offboarding failed: ${errorData.error || 'Server error'}`);[39m
[31m+       }[39m
[31m+     } catch (err) {[39m
[31m+       console.error('Failed to trigger tenant data offboarding:', err);[39m
[31m+       alert('Network error while completing data purge.');[39m
[31m+     } finally {[39m
[31m+       setOffboarding(false);[39m
[31m+     }[39m
[31m+   };[39m
[31m+ [39m
[31m+   // No backend endpoint persists these fields (SLA target, MFA toggle, SSO[39m
[31m+   // config, daily-scan cadence) — they are local component state only and[39m
[31m+   // reset on reload/navigation. This used to show a "Portal configuration[39m
[31m+   // updated!" success message that implied a real save; keep that claim[39m
[31m+   // honest until real persistence exists rather than build a fake one.[39m
[31m+   const handleSaveSettings = () => {[39m
[31m+     setSaveSuccess(true);[39m
[31m+     setTimeout(() => setSaveSuccess(false), 4000);[39m
[31m+   };[39m
[31m+ [39m
[31m+   const activeBibleProduct = useMemo(() => {[39m
[31m+     return bibleProducts.find(p => p.id === selectedBibleProductId) || bibleProducts[0];[39m
[31m+   }, [bibleProducts, selectedBibleProductId]);[39m
[31m+ [39m
[31m+   const filteredBibleProducts = useMemo(() => {[39m
[31m+     return bibleProducts.filter(bp => {[39m
[31m+       const matchSearch = bp.name.toLowerCase().includes(bibleSearchQuery.toLowerCase()) ||[39m
[31m+                           bp.type.toLowerCase().includes(bibleSearchQuery.toLowerCase()) ||[39m
[31m+                           bp.complianceTarget.toLowerCase().includes(bibleSearchQuery.toLowerCase());[39m
[31m+       const matchRisk = bibleFilterRisk === 'all' || bp.riskTier.toLowerCase() === bibleFilterRisk.toLowerCase();[39m
[31m+       return matchSearch && matchRisk;[39m
[31m+     });[39m
[31m+   }, [bibleProducts, bibleSearchQuery, bibleFilterRisk]);[39m
[31m+ [39m
[31m+   const handleAddBibleProduct = (e: React.FormEvent) => {[39m
[31m+     e.preventDefault();[39m
[31m+     if (!newBpName || !newBpVersion) {[39m
[31m+       alert('Please enter a product name and baseline secure version.');[39m
[31m+       return;[39m
[31m+     }[39m
[31m+ [39m
[31m+     const newProduct = {[39m
[31m+       id: `pb-custom-${Date.now()}`,[39m
[31m+       name: newBpName,[39m
[31m+       type: newBpType,[39m
[31m+       baselineSecureVersion: newBpVersion,[39m
[31m+       allowedLicenses: newBpAllowedLics.split(',').map(s => s.trim()).filter(Boolean),[39m
[31m+       disallowedLicenses: newBpDisallowedLics.split(',').map(s => s.trim()).filter(Boolean),[39m
[31m+       riskTier: newBpRisk,[39m
[31m+       complianceTarget: newBpCompliance || 'Standard Compliance Profile',[39m
[31m+       safeguardPolicy: newBpSafeguard || 'Verify cryptographic signature and restrict host execution capabilities on staging.'[39m
[31m+     };[39m
[31m+ [39m
[31m+     setBibleProducts(prev => [newProduct, ...prev]);[39m
[31m+     setSelectedBibleProductId(newProduct.id);[39m
[31m+     setShowAddBibleProduct(false);[39m
[31m+ [39m
[31m+     // Reset inputs[39m
[31m+     setNewBpName('');[39m
[31m+     setNewBpVersion('');[39m
[31m+     setNewBpCompliance('');[39m
[31m+     setNewBpSafeguard('');[39m
[31m+   };[39m
[31m+ [39m
[31m+   const handleRunSandboxAudit = () => {[39m
[31m+     let targetName = sandboxProduct;[39m
[31m+     if (sandboxProduct === 'custom' && sandboxCustomName) {[39m
[31m+       targetName = sandboxCustomName;[39m
[31m+     }[39m
[31m+ [39m
[31m+     const matchedBp = bibleProducts.find(bp =>[39m
[31m+       bp.name.toLowerCase() === targetName.toLowerCase() ||[39m
[31m+       targetName.toLowerCase().includes(bp.name.toLowerCase())[39m
[31m+     );[39m
[31m+ [39m
[31m+     let versionStatus: 'Compliant' | 'Warning' | 'Fail' = 'Compliant';[39m
[31m+     let versionDetails = '';[39m
[31m+ [39m
[31m+     const inputVer = sandboxVersion.trim();[39m
[31m+     if (!inputVer) {[39m
[31m+       versionStatus = 'Warning';[39m
[31m+       versionDetails = 'No version specified. Auditing engine cannot verify baseline standards.';[39m
[31m+     } else if (matchedBp) {[39m
[31m+       const baseline = matchedBp.baselineSecureVersion;[39m
[31m+       const baselineNum = parseFloat(baseline.replace(/[^0-9.]/g, ''));[39m
[31m+       const inputNum = parseFloat(inputVer.replace(/[^0-9.]/g, ''));[39m
[31m+ [39m
[31m+       if (!isNaN(baselineNum) && !isNaN(inputNum)) {[39m
[31m+         if (inputNum < baselineNum) {[39m
[31m+           versionStatus = 'Fail';[39m
[31m+           versionDetails = `Ingested version v${inputVer} is older than the recommended secure baseline v${baseline}. Potential known CVE exposures exist!`;[39m
[31m+         } else {[39m
[31m+           versionStatus = 'Compliant';[39m
[31m+           versionDetails = `Version v${inputVer} matches or exceeds secure baseline standards (v${baseline}).`;[39m
[31m+         }[39m
[31m+       } else {[39m
[31m+         versionDetails = `Assumed compatible with baseline standards (Recommended baseline: v${baseline}).`;[39m
[31m+       }[39m
[31m+     } else {[39m
[31m+       versionDetails = 'Unregistered custom software. Compliance baseline has not been defined in the Master Bible.';[39m
[31m+     }[39m
[31m+ [39m
[31m+     let licenseStatus: 'Compliant' | 'Warning' | 'Fail' = 'Compliant';[39m
[31m+     let licenseDetails = '';[39m
[31m+ [39m
[31m+     if (matchedBp) {[39m
[31m+       const allowed = matchedBp.allowedLicenses.map((l: string) => l.toLowerCase());[39m
[31m+       const disallowed = matchedBp.disallowedLicenses.map((l: string) => l.toLowerCase());[39m
[31m+       const queryLic = sandboxLicense.trim().toLowerCase();[39m
[31m+ [39m
[31m+       if (disallowed.includes(queryLic)) {[39m
[31m+         licenseStatus = 'Fail';[39m
[31m+         licenseDetails = `License "${sandboxLicense}" is strictly prohibited for the enterprise by corporate policy. Refuse deployments.`;[39m
[31m+       } else if (allowed.length > 0 && !allowed.includes(queryLic)) {[39m
[31m+         licenseStatus = 'Warning';[39m
[31m+         licenseDetails = `License "${sandboxLicense}" is not explicitly greenlisted in the Master Bible for ${matchedBp.name}. Legal review recommended.`;[39m
[31m+       } else {[39m
[31m+         licenseStatus = 'Compliant';[39m
[31m+         licenseDetails = `License "${sandboxLicense}" matches greenlisted standards for this software class.`;[39m
[31m+       }[39m
[31m+     } else {[39m
[31m+       const queryLic = sandboxLicense.trim().toLowerCase();[39m
[31m+       if (['gpl-3.0', 'agpl-3.0', 'gpl-3.0-only', 'agpl-3.0-only', 'sspl-1.0'].includes(queryLic)) {[39m
[31m+         licenseStatus = 'Fail';[39m
[31m+         licenseDetails = `Copyleft license "${sandboxLicense}" detected. Deploying to commercial client clouds presents critical proprietary exposure risks.`;[39m
[31m+       } else {[39m
[31m+         licenseStatus = 'Compliant';[39m
[31m+         licenseDetails = `License "${sandboxLicense}" is typical of standard permissible open-source software libraries.`;[39m
[31m+       }[39m
[31m+     }[39m
[31m+ [39m
[31m+     const complianceTarget = matchedBp ? matchedBp.complianceTarget : 'General NIST SP 800-53 Rev 5 / CIS Safeguards';[39m
[31m+     const safeguardPolicy = matchedBp ? matchedBp.safeguardPolicy : 'Verify cryptographic signature (SLSA/Cosign), restrict container capabilities, and verify dependency CVE maps prior to operational staging.';[39m
[31m+ [39m
[31m+     let overallStatus: 'PASS' | 'WARN' | 'FAIL' = 'PASS';[39m
[31m+     if (versionStatus === 'Fail' || licenseStatus === 'Fail') {[39m
[31m+       overallStatus = 'FAIL';[39m
[31m+     } else if (versionStatus === 'Warning' || licenseStatus === 'Warning') {[39m
[31m+       overallStatus = 'WARN';[39m
[31m+     }[39m
[31m+ [39m
[31m+     setSandboxReport({[39m
[31m+       productName: targetName,[39m
[31m+       version: inputVer || 'unknown',[39m
[31m+       license: sandboxLicense,[39m
[31m+       environment: sandboxEnv,[39m
[31m+       overallStatus,[39m
[31m+       versionStatus,[39m
[31m+       versionDetails,[39m
[31m+       licenseStatus,[39m
[31m+       licenseDetails,[39m
[31m+       complianceTarget,[39m
[31m+       safeguardPolicy,[39m
[31m+       timestamp: new Date().toISOString()[39m
[31m+     });[39m
[31m+   };[39m
[31m+ [39m
[31m+   return ([39m
[31m+     <div className="space-y-4" id="msp-settings-view">[39m
[31m+       {/* Page Header */}[39m
[31m+       <div className="flex flex-col gap-3 sm:flex-row sm:items-center sm:justify-between">[39m
[31m+         <div>[39m
[31m+           <h1 className="text-[22px] font-semibold text-[#201f1e] flex items-center gap-2">[39m
[31m+             <Settings className="h-4 w-4 text-[#0f6cbd]" />[39m
[31m+             <span>Platform Settings & Compliance Bible</span>[39m
[31m+           </h1>[39m
[31m+           <p className="mt-1 text-[13px] text-[#605e5c]">[39m
[31m+             Configure thresholds, SAML authentication gateways, operator sessions, and the master product security Bible.[39m
[31m+           </p>[39m
[31m+         </div>[39m
[31m+ [39m
[31m+         <button[39m
[31m+           onClick={fetchAuthDataLedgers}[39m
[31m+           disabled={loadingLedgers}[39m
[31m+           className="inline-flex h-9 items-center gap-1.5 rounded border border-[#c8c6c4] px-3 text-[13px] font-medium text-[#323130] hover:bg-black/[.03] disabled:opacity-60"[39m
[31m+         >[39m
[31m+           <RefreshCw className={`h-3.5 w-3.5 ${loadingLedgers ? 'animate-spin' : ''}`} />[39m
[31m+           <span>Sync Audits</span>[39m
[31m+         </button>[39m
[31m+       </div>[39m
[31m+ [39m
[31m+       {/* Sub-Tab Selector */}[39m
[31m+       <div className="flex gap-1 border-b border-[#e1dfdd]">[39m
[31m+         <button[39m
[31m+           type="button"[39m
[31m+           onClick={() => setActiveSubTab('configurations')}[39m
[31m+           className={`flex items-center gap-1.5 px-3 py-2 text-[13px] font-medium border-b-2 -mb-px ${[39m
[31m+             activeSubTab === 'configurations'[39m
[31m+               ? 'border-[#0f6cbd] text-[#0f6cbd]'[39m
[31m+               : 'border-transparent text-[#605e5c] hover:text-[#323130]'[39m
[31m+           }`}[39m
[31m+         >[39m
[31m+           <Sliders className="h-3.5 w-3.5" />[39m
[31m+           <span>Configurations</span>[39m
[31m+         </button>[39m
[31m+         <button[39m
[31m+           type="button"[39m
[31m+           onClick={() => setActiveSubTab('organization')}[39m
[31m+           className={`flex items-center gap-1.5 px-3 py-2 text-[13px] font-medium border-b-2 -mb-px ${[39m
[31m+             activeSubTab === 'organization'[39m
[31m+               ? 'border-[#0f6cbd] text-[#0f6cbd]'[39m
[31m+               : 'border-transparent text-[#605e5c] hover:text-[#323130]'[39m
[31m+           }`}[39m
[31m+         >[39m
[31m+           <Layers className="h-3.5 w-3.5" />[39m
[31m+           <span>Team & Profile</span>[39m
[31m+         </button>[39m
[31m+         <button[39m
[31m+           type="button"[39m
[31m+           onClick={() => setActiveSubTab('bible')}[39m
[31m+           className={`flex items-center gap-1.5 px-3 py-2 text-[13px] font-medium border-b-2 -mb-px ${[39m
[31m+             activeSubTab === 'bible'[39m
[31m+               ? 'border-[#0f6cbd] text-[#0f6cbd]'[39m
[31m+               : 'border-transparent text-[#605e5c] hover:text-[#323130]'[39m
[31m+           }`}[39m
[31m+         >[39m
[31m+           <BookOpen className="h-3.5 w-3.5" />[39m
[31m+           <span>Master Bible</span>[39m
[31m+         </button>[39m
[31m+       </div>[39m
[31m+ [39m
[31m+       {activeSubTab === 'configurations' ? ([39m
[31m+         <div className="grid grid-cols-1 lg:grid-cols-3 gap-4">[39m
[31m+           {/* Left Column: Core Preferences */}[39m
[31m+           <div className="lg:col-span-2 space-y-4">[39m
[31m+ [39m
[31m+             <details className="rounded-md border border-[#e1dfdd] bg-[#faf9f8] text-[13px]">[39m
[31m+               <summary className="cursor-pointer select-none px-3 py-2 font-medium text-[#323130]">What is this? &middot; How it works</summary>[39m
[31m+               <div className="px-3 pb-3 text-[#605e5c]">[39m
[31m+                 <p>Platform-wide thresholds, single sign-on, and session controls for this workspace.</p>[39m
[31m+                 <ol className="mt-1.5 list-decimal space-y-0.5 pl-4">[39m
[31m+                   <li>Set the trust score threshold that triggers alerts.</li>[39m
[31m+                   <li>Configure the SAML identity provider your organization uses to sign in.</li>[39m
[31m+                   <li>Review and revoke active operator sessions if needed.</li>[39m
[31m+                 </ol>[39m
[31m+               </div>[39m
[31m+             </details>[39m
[31m+ [39m
[31m+             {/* General platform settings card */}[39m
[31m+             <div className="rounded-md border border-[#e1dfdd] bg-white p-4 space-y-3">[39m
[31m+               <h3 className="flex items-center gap-1.5 border-b border-[#e1dfdd] pb-2 text-[14px] font-semibold text-[#201f1e]">[39m
[31m+                 <Sliders className="h-4 w-4 text-[#0f6cbd]" />[39m
[31m+                 <span>General platform parameters</span>[39m
[31m+               </h3>[39m
[31m+ [39m
[31m+               <div className="space-y-3 text-[13px]">[39m
[31m+                 <div className="flex flex-col gap-1">[39m
[31m+                   <label className="font-medium text-[#323130]">Audit trust SLA target threshold (score)</label>[39m
[31m+                   <div className="flex items-center gap-2">[39m
[31m+                     <input[39m
[31m+                       type="range"[39m
[31m+                       min="60"[39m
[31m+                       max="98"[39m
[31m+                       value={slaTarget}[39m
[31m+                       onChange={(e) => setSlaTarget(Number(e.target.value))}[39m
[31m+                       className="h-1.5 flex-1 cursor-pointer accent-[#0f6cbd]"[39m
[31m+                     />[39m
[31m+                     <span className="rounded border border-[#c8c6c4] bg-[#eff6fc] px-2 py-1 font-medium text-[#0f6cbd]">[39m
[31m+                       {slaTarget}/100[39m
[31m+                     </span>[39m
[31m+                   </div>[39m
[31m+                   <p className="text-[12px] text-[#605e5c]">Alerts are compiled if a software passport overall rating drops below this value.</p>[39m
[31m+                 </div>[39m
[31m+ [39m
[31m+                 <div className="flex items-center justify-between gap-4 border-t border-[#e1dfdd] pt-3">[39m
[31m+                   <div>[39m
[31m+                     <span className="block font-medium text-[#323130]">Enable automated daily recalculation scans</span>[39m
[31m+                     <p className="text-[12px] text-[#605e5c]">Automatically scan active client software inventory on CVE database updates.</p>[39m
[31m+                   </div>[39m
[31m+                   <input[39m
[31m+                     type="checkbox"[39m
[31m+                     defaultChecked[39m
[31m+                     className="h-4 w-4 rounded border-[#c8c6c4] text-[#0f6cbd] focus:ring-[#0f6cbd]"[39m
[31m+                   />[39m
[31m+                 </div>[39m
[31m+               </div>[39m
[31m+             </div>[39m
[31m+ [39m
[31m+             {/* Theme & Interface Customization Card */}[39m
[31m+             <div className="rounded-md border border-[#e1dfdd] bg-white p-4 space-y-3">[39m
[31m+               <h3 className="flex items-center gap-1.5 border-b border-[#e1dfdd] pb-2 text-[14px] font-semibold text-[#201f1e]">[39m
[31m+                 <Sun className="h-4 w-4 text-[#0f6cbd]" />[39m
[31m+                 <span>Theme & interface</span>[39m
[31m+               </h3>[39m
[31m+ [39m
[31m+               <div className="space-y-3 text-[13px]">[39m
[31m+                 <div className="flex flex-col gap-1">[39m
[31m+                   <span className="font-medium text-[#323130]">Active theme preference</span>[39m
[31m+                   <p className="text-[12px] text-[#605e5c]">Choose between a light interface or a dark interface for operating centers.</p>[39m
[31m+                 </div>[39m
[31m+ [39m
[31m+                 <div className="grid grid-cols-2 gap-2">[39m
[31m+                   <button[39m
[31m+                     type="button"[39m
[31m+                     onClick={() => theme === 'dark' && onToggleTheme()}[39m
[31m+                     className={`flex h-9 items-center justify-center gap-2 rounded border text-[13px] font-medium ${[39m
[31m+                       theme === 'light'[39m
[31m+                         ? 'border-[#0f6cbd] bg-[#eff6fc] text-[#0f6cbd]'[39m
[31m+                         : 'border-[#c8c6c4] text-[#323130] hover:bg-black/[.03]'[39m
[31m+                     }`}[39m
[31m+                   >[39m
[31m+                     <Sun className="h-3.5 w-3.5" />[39m
[31m+                     <span>Light mode</span>[39m
[31m+                   </button>[39m
[31m+ [39m
[31m+                   <button[39m
[31m+                     type="button"[39m
[31m+                     onClick={() => theme === 'light' && onToggleTheme()}[39m
[31m+                     className={`flex h-9 items-center justify-center gap-2 rounded border text-[13px] font-medium ${[39m
[31m+                       theme === 'dark'[39m
[31m+                         ? 'border-[#0f6cbd] bg-[#eff6fc] text-[#0f6cbd]'[39m
[31m+                         : 'border-[#c8c6c4] text-[#323130] hover:bg-black/[.03]'[39m
[31m+                     }`}[39m
[31m+                   >[39m
[31m+                     <Moon className="h-3.5 w-3.5" />[39m
[31m+                     <span>Dark mode</span>[39m
[31m+                   </button>[39m
[31m+                 </div>[39m
[31m+               </div>[39m
[31m+             </div>[39m
[31m+ [39m
[31m+             {/* SAML SSO Configuration Card */}[39m
[31m+             <div className="rounded-md border border-[#e1dfdd] bg-white p-4 space-y-3">[39m
[31m+               <h3 className="flex items-center gap-1.5 border-b border-[#e1dfdd] pb-2 text-[14px] font-semibold text-[#201f1e]">[39m
[31m+                 <Globe className="h-4 w-4 text-[#0f6cbd]" />[39m
[31m+                 <span>Enterprise SAML / SSO integration</span>[39m
[31m+               </h3>[39m
[31m+ [39m
[31m+               <div className="space-y-3 text-[13px]">[39m
[31m+                 <div className="flex items-center justify-between gap-4">[39m
[31m+                   <div>[39m
[31m+                     <span className="block font-medium text-[#323130]">SAML SSO access gate</span>[39m
[31m+                     <p className="text-[12px] text-[#605e5c]">Redirect unauthenticated corporate domains to the unified identity provider (IdP).</p>[39m
[31m+                   </div>[39m
[31m+                   <button[39m
[31m+                     onClick={() => setSsoEnabled(!ssoEnabled)}[39m
[31m+                     className={`inline-flex h-8 items-center gap-1.5 rounded border px-2.5 text-[12px] font-medium ${[39m
[31m+                       ssoEnabled ? 'border-[#c8c6c4] bg-[#dff6dd] text-[#0e700e]' : 'border-[#c8c6c4] bg-[#f3f2f1] text-[#605e5c]'[39m
[31m+                     }`}[39m
[31m+                   >[39m
[31m+                     <span className={`h-1.5 w-1.5 rounded-full ${ssoEnabled ? 'bg-[#0e700e]' : 'bg-[#8a8886]'}`} />[39m
[31m+                     {ssoEnabled ? 'SSO active' : 'SSO inactive'}[39m
[31m+                   </button>[39m
[31m+                 </div>[39m
[31m+ [39m
[31m+                 <div className="grid grid-cols-1 gap-3 border-t border-[#e1dfdd] pt-3 md:grid-cols-2">[39m
[31m+                   <div>[39m
[31m+                     <label className="mb-1 block text-[12px] font-medium text-[#605e5c]">Corporate identity provider</label>[39m
[31m+                     <input[39m
[31m+                       type="text"[39m
[31m+                       value={ssoProvider}[39m
[31m+                       onChange={(e) => setSsoProvider(e.target.value)}[39m
[31m+                       className="h-9 w-full rounded border border-[#c8c6c4] px-2.5 text-[13px] focus:border-[#0f6cbd] focus:outline-none focus:ring-1 focus:ring-[#0f6cbd]"[39m
[31m+                     />[39m
[31m+                   </div>[39m
[31m+                   <div>[39m
[31m+                     <label className="mb-1 block text-[12px] font-medium text-[#605e5c]">Client ID / issuer URL</label>[39m
[31m+                     <input[39m
[31m+                       type="text"[39m
[31m+                       value={ssoClientId}[39m
[31m+                       onChange={(e) => setSsoClientId(e.target.value)}[39m
[31m+                       className="h-9 w-full rounded border border-[#c8c6c4] px-2.5 font-mono text-[13px] focus:border-[#0f6cbd] focus:outline-none focus:ring-1 focus:ring-[#0f6cbd]"[39m
[31m+                     />[39m
[31m+                   </div>[39m
[31m+                   <div className="md:col-span-2">[39m
[31m+                     <label className="mb-1 block text-[12px] font-medium text-[#605e5c]">SAML 2.0 metadata XML endpoint URL</label>[39m
[31m+                     <input[39m
[31m+                       type="text"[39m
[31m+                       value={ssoMetadataUrl}[39m
[31m+                       onChange={(e) => setSsoMetadataUrl(e.target.value)}[39m
[31m+                       className="h-9 w-full rounded border border-[#c8c6c4] px-2.5 font-mono text-[13px] focus:border-[#0f6cbd] focus:outline-none focus:ring-1 focus:ring-[#0f6cbd]"[39m
[31m+                     />[39m
[31m+                   </div>[39m
[31m+                 </div>[39m
[31m+               </div>[39m
[31m+             </div>[39m
[31m+ [39m
[31m+             {/* Active Sessions Monitoring Ledger */}[39m
[31m+             <div className="rounded-md border border-[#e1dfdd] bg-white p-4 space-y-3">[39m
[31m+               <h3 className="flex items-center justify-between border-b border-[#e1dfdd] pb-2 text-[14px] font-semibold text-[#201f1e]">[39m
[31m+                 <span className="flex items-center gap-1.5">[39m
[31m+                   <Lock className="h-4 w-4 text-[#0f6cbd]" />[39m
[31m+                   <span>Active operator sessions</span>[39m
[31m+                 </span>[39m
[31m+                 <span className="rounded border border-[#c8c6c4] bg-[#eff6fc] px-2 py-0.5 text-[12px] font-medium text-[#0f6cbd]">[39m
[31m+                   {sessions.length} active[39m
[31m+                 </span>[39m
[31m+               </h3>[39m
[31m+ [39m
[31m+               <div className="overflow-x-auto">[39m
[31m+                 <table className="w-full border-collapse text-left text-[13px]">[39m
[31m+                   <thead>[39m
[31m+                     <tr className="border-b border-[#e1dfdd] text-[11px] uppercase tracking-wide text-[#605e5c]">[39m
[31m+                       <th className="py-2 font-medium">User / identity</th>[39m
[31m+                       <th className="py-2 font-medium">IP address</th>[39m
[31m+                       <th className="py-2 font-medium">Device & location</th>[39m
[31m+                       <th className="py-2 text-right font-medium">Actions</th>[39m
[31m+                     </tr>[39m
[31m+                   </thead>[39m
[31m+                   <tbody>[39m
[31m+                     {sessions.map((sess) => ([39m
[31m+                       <tr key={sess.id} className="border-b border-[#f3f2f1] hover:bg-black/[.02]">[39m
[31m+                         <td className="py-2.5 pr-2 font-medium text-[#201f1e]">[39m
[31m+                           {sess.email}[39m
[31m+                           {sess.current && ([39m
[31m+                             <span className="ml-2 rounded border border-[#c8c6c4] bg-[#dff6dd] px-1.5 py-0.5 text-[11px] font-medium text-[#0e700e]">[39m
[31m+                               Current[39m
[31m+                             </span>[39m
[31m+                           )}[39m
[31m+                         </td>[39m
[31m+                         <td className="py-2.5 font-mono text-[#605e5c]">{sess.ip}</td>[39m
[31m+                         <td className="py-2.5 text-[#605e5c]">[39m
[31m+                           <span className="block">{sess.device}</span>[39m
[31m+                           <span className="text-[12px] text-[#8a8886]">{sess.location}</span>[39m
[31m+                         </td>[39m
[31m+                         <td className="py-2.5 text-right">[39m
[31m+                           {!sess.current && ([39m
[31m+                             <button[39m
[31m+                               onClick={() => handleRevokeSession(sess.id)}[39m
[31m+                               className="rounded p-1.5 text-[#a4262c] hover:bg-[#fdf2f2]"[39m
[31m+                               title="Revoke session and force termination"[39m
[31m+                             >[39m
[31m+                               <Trash2 className="h-3.5 w-3.5" />[39m
[31m+                             </button>[39m
[31m+                           )}[39m
[31m+                         </td>[39m
[31m+                       </tr>[39m
[31m+                     ))}[39m
[31m+                     {sessions.length === 0 && ([39m
[31m+                       <tr>[39m
[31m+                         <td colSpan={4} className="py-4 text-center text-[#8a8886]">[39m
[31m+                           No active sessions identified.[39m
[31m+                         </td>[39m
[31m+                       </tr>[39m
[31m+                     )}[39m
[31m+                   </tbody>[39m
[31m+                 </table>[39m
[31m+               </div>[39m
[31m+             </div>[39m
[31m+ [39m
[31m+             {/* Cryptographically Chained Audit Ledger visualization */}[39m
[31m+             <div className="rounded-md border border-[#e1dfdd] bg-white p-4 space-y-3">[39m
[31m+               <div className="flex items-center justify-between border-b border-[#e1dfdd] pb-2">[39m
[31m+                 <h3 className="flex items-center gap-1.5 text-[14px] font-semibold text-[#201f1e]">[39m
[31m+                   <FileCode className="h-4 w-4 text-[#0f6cbd]" />[39m
[31m+                   <span>Cryptographic audit ledger</span>[39m
[31m+                 </h3>[39m
[31m+                 <span className="inline-flex items-center gap-1.5 rounded border border-[#c8c6c4] bg-[#dff6dd] px-2 py-0.5 text-[12px] font-medium text-[#0e700e]">[39m
[31m+                   <span className="h-1.5 w-1.5 rounded-full bg-[#0e700e]" />[39m
[31m+                   Tamper-proof, SLA verified[39m
[31m+                 </span>[39m
[31m+               </div>[39m
[31m+ [39m
[31m+               <p className="text-[13px] text-[#605e5c]">[39m
[31m+                 Every critical login event and administrative action is recorded into a secure hash chain. Each block references the SHA-256 hash of its predecessor, creating an unalterable audit trail.[39m
[31m+               </p>[39m
[31m+ [39m
[31m+               {/* Integrity Scanner Trigger */}[39m
[31m+               <div className="flex flex-wrap items-center gap-2">[39m
[31m+                 <button[39m
[31m+                   type="button"[39m
[31m+                   onClick={handleVerifyLedger}[39m
[31m+                   disabled={verifyingLedger}[39m
[31m+                   className="inline-flex h-9 items-center gap-2 rounded bg-[#0f6cbd] px-3 text-[13px] font-medium text-white hover:bg-[#004578] disabled:opacity-60"[39m
[31m+                 >[39m
[31m+                   {verifyingLedger ? ([39m
[31m+                     <>[39m
[31m+                       <svg className="h-3.5 w-3.5 animate-spin text-white" fill="none" viewBox="0 0 24 24">[39m
[31m+                         <circle className="opacity-25" cx="12" cy="12" r="10" stroke="currentColor" strokeWidth="4" />[39m
[31m+                         <path className="opacity-75" fill="currentColor" d="M4 12a8 8 0 018-8V0C5.373 0 0 5.373 0 12h4zm2 5.291A7.962 7.962 0 014 12H0c0 3.042 1.135 5.824 3 7.938l3-2.647z" />[39m
[31m+                       </svg>[39m
[31m+                       <span>Verifying ledger…</span>[39m
[31m+                     </>[39m
[31m+                   ) : ([39m
[31m+                     <>[39m
[31m+                       <CheckCircle2 className="h-3.5 w-3.5" />[39m
[31m+                       <span>Verify chain integrity</span>[39m
[31m+                     </>[39m
[31m+                   )}[39m
[31m+                 </button>[39m
[31m+                 {verificationResult && ([39m
[31m+                   <button[39m
[31m+                     type="button"[39m
[31m+                     onClick={() => setVerificationResult(null)}[39m
[31m+                     className="inline-flex h-9 items-center rounded border border-[#c8c6c4] px-3 text-[13px] font-medium text-[#323130] hover:bg-black/[.03]"[39m
[31m+                   >[39m
[31m+                     Clear report[39m
[31m+                   </button>[39m
[31m+                 )}[39m
[31m+               </div>[39m
[31m+ [39m
[31m+               {/* Dynamic Verification Report */}[39m
[31m+               {verificationResult && ([39m
[31m+                 <div className={`space-y-2 rounded-md border p-3 text-[13px] ${[39m
[31m+                   verificationResult.isValid[39m
[31m+                     ? 'border-[#c8c6c4] bg-[#dff6dd] text-[#0e700e]'[39m
[31m+                     : 'border-[#c8c6c4] bg-[#fdf2f2] text-[#a4262c]'[39m
[31m+                 }`}>[39m
[31m+                   <div className="flex items-center justify-between">[39m
[31m+                     <span className="flex items-center gap-1.5 text-[12px] font-semibold uppercase tracking-wide">[39m
[31m+                       {verificationResult.isValid ? ([39m
[31m+                         <CheckCircle2 className="h-4 w-4 shrink-0" />[39m
[31m+                       ) : ([39m
[31m+                         <AlertCircle className="h-4 w-4 shrink-0" />[39m
[31m+                       )}[39m
[31m+                       <span>Ledger attestation report</span>[39m
[31m+                     </span>[39m
[31m+                     <span className="text-[11px] text-[#605e5c]">[39m
[31m+                       Verified at {new Date(verificationResult.verifiedAt).toLocaleTimeString()}[39m
[31m+                     </span>[39m
[31m+                   </div>[39m
[31m+                   <p className="text-[13px] leading-relaxed">[39m
[31m+                     {verificationResult.isValid[39m
[31m+                       ? `Checked sequential block hash connections across all ${verificationResult.totalBlocksVerified} audit ledger records. No database tampering, row injection, or signature modifications were identified.`[39m
[31m+                       : `Ledger validation check failed. Cryptographic hash mismatch or missing blocks. ${verificationResult.error || 'Please contact the system security administrator immediately.'}`}[39m
[31m+                   </p>[39m
[31m+ [39m
[31m+                   {/* Verified Blocks Scrollable List */}[39m
[31m+                   {verificationResult.details && verificationResult.details.length > 0 && ([39m
[31m+                     <div className="max-h-40 space-y-1.5 overflow-y-auto rounded border border-[#e1dfdd] bg-white p-2.5 font-mono text-[11px]">[39m
[31m+                       <div className="mb-1.5 border-b border-[#e1dfdd] pb-1 text-[11px] font-medium uppercase text-[#605e5c]">[39m
[31m+                         Cryptographic signatures checked[39m
[31m+                       </div>[39m
[31m+                       {verificationResult.details.map((vBlock: any, vIdx: number) => ([39m
[31m+                         <div key={vIdx} className="flex items-center justify-between gap-2">[39m
[31m+                           <div className="truncate text-[#605e5c]">[39m
[31m+                             Block #{vBlock.id} ({vBlock.action}):[39m
[31m+                             <span className="ml-1 select-all text-[#8a8886]">{vBlock.storedHash.substring(0, 16)}...</span>[39m
[31m+                           </div>[39m
[31m+                           <span className={`shrink-0 rounded px-1.5 py-0.5 text-[11px] font-medium ${[39m
[31m+                             vBlock.valid[39m
[31m+                               ? 'bg-[#dff6dd] text-[#0e700e]'[39m
[31m+                               : 'bg-[#fdf2f2] text-[#a4262c]'[39m
[31m+                           }`}>[39m
[31m+                             {vBlock.valid ? 'Verified' : 'Corrupt'}[39m
[31m+                           </span>[39m
[31m+                         </div>[39m
[31m+                       ))}[39m
[31m+                     </div>[39m
[31m+                   )}[39m
[31m+                 </div>[39m
[31m+               )}[39m
[31m+ [39m
[31m+               <div className="space-y-2">[39m
[31m+                 {auditChain.length === 0 && <p className="text-[13px] text-[#8a8886]">No audit events recorded yet.</p>}[39m
[31m+                 {auditChain.slice(0, 3).map((blockObj, idx) => ([39m
[31m+                   <div key={idx} className="relative space-y-1 rounded-md border border-[#e1dfdd] bg-[#faf9f8] p-3 font-mono text-[11px] text-[#605e5c]">[39m
[31m+                     <div className="absolute right-2 top-2 rounded bg-[#f3f2f1] px-1.5 py-0.5 text-[11px] font-medium text-[#605e5c]">[39m
[31m+                       Block #{auditChain.length - 1 - idx}[39m
[31m+                     </div>[39m
[31m+                     <div className="flex gap-2">[39m
[31m+                       <span className="font-medium uppercase text-[#0f6cbd]">Event:</span>[39m
[31m+                       <span className="font-medium text-[#201f1e]">[39m
[31m+                         {blockObj.block?.actionType || blockObj.block?.action || 'Genesis node initiated'}[39m
[31m+                       </span>[39m
[31m+                     </div>[39m
[31m+                     {blockObj.block?.userEmail && ([39m
[31m+                       <div className="flex gap-2">[39m
[31m+                         <span className="text-[#8a8886]">Identity:</span>[39m
[31m+                         <span className="font-medium text-[#323130]">{blockObj.block?.userEmail}</span>[39m
[31m+                       </div>[39m
[31m+                     )}[39m
[31m+                     <div className="space-y-0.5">[39m
[31m+                       <div className="flex gap-2 truncate">[39m
[31m+                         <span className="shrink-0 font-medium uppercase text-[#8a8886]">Block hash:</span>[39m
[31m+                         <span className="select-all truncate text-[#0f6cbd]">{blockObj.hash}</span>[39m
[31m+                       </div>[39m
[31m+                       <div className="flex gap-2 truncate">[39m
[31m+                         <span className="shrink-0 uppercase text-[#8a8886]">Prev hash:</span>[39m
[31m+                         <span className="select-all truncate text-[#605e5c]">{blockObj.previousHash}</span>[39m
[31m+                       </div>[39m
[31m+                     </div>[39m
[31m+                   </div>[39m
[31m+                 ))}[39m
[31m+               </div>[39m
[31m+             </div>[39m
[31m+ [39m
[31m+             {/* Security Credentials settings */}[39m
[31m+             <div className="rounded-md border border-[#e1dfdd] bg-white p-4 space-y-3">[39m
[31m+               <h3 className="flex items-center gap-1.5 border-b border-[#e1dfdd] pb-2 text-[14px] font-semibold text-[#201f1e]">[39m
[31m+                 <KeyRound className="h-4 w-4 text-[#0f6cbd]" />[39m
[31m+                 <span>Operator authentication & security keys</span>[39m
[31m+               </h3>[39m
[31m+ [39m
[31m+               <div className="space-y-3 text-[13px]">[39m
[31m+                 <div className="flex items-center justify-between gap-4">[39m
[31m+                   <div>[39m
[31m+                     <span className="block font-medium text-[#323130]">Enforce multi-factor authentication (MFA)</span>[39m
[31m+                     <p className="text-[12px] text-[#605e5c]">All MSP users must provide TOTP codes on logon.</p>[39m
[31m+                   </div>[39m
[31m+                   <button[39m
[31m+                     onClick={() => setMfaEnabled(!mfaEnabled)}[39m
[31m+                     className={`inline-flex h-8 items-center gap-1.5 rounded border px-2.5 text-[12px] font-medium ${[39m
[31m+                       mfaEnabled ? 'border-[#c8c6c4] bg-[#dff6dd] text-[#0e700e]' : 'border-[#c8c6c4] bg-[#f3f2f1] text-[#605e5c]'[39m
[31m+                     }`}[39m
[31m+                   >[39m
[31m+                     <span className={`h-1.5 w-1.5 rounded-full ${mfaEnabled ? 'bg-[#0e700e]' : 'bg-[#8a8886]'}`} />[39m
[31m+                     {mfaEnabled ? 'MFA enabled' : 'MFA disabled'}[39m
[31m+                   </button>[39m
[31m+                 </div>[39m
[31m+ [39m
[31m+                 <div className="flex items-center justify-between gap-4 border-t border-[#e1dfdd] pt-3">[39m
[31m+                   <div>[39m
[31m+                     <span className="block font-medium text-[#323130]">Cryptographic PGP auditing key (private)</span>[39m
[31m+                     <p className="text-[12px] text-[#605e5c]">Used for signing generated software passports and audit attestations.</p>[39m
[31m+                   </div>[39m
[31m+                   <button className="inline-flex h-8 items-center rounded border border-[#c8c6c4] px-3 text-[13px] font-medium text-[#323130] hover:bg-black/[.03]">[39m
[31m+                     Regenerate sign key[39m
[31m+                   </button>[39m
[31m+                 </div>[39m
[31m+ [39m
[31m+                 <div className="flex items-center justify-between gap-4 rounded-md border border-[#a4262c]/30 bg-[#fdf2f2] p-3">[39m
[31m+                   <div>[39m
[31m+                     <span className="flex items-center gap-1.5 font-semibold text-[#a4262c]">[39m
[31m+                       <Shield className="h-3.5 w-3.5" /> Tenant offboarding & data deletion (DPA compliance)[39m
[31m+                     </span>[39m
[31m+                     <p className="mt-1 text-[12px] text-[#605e5c]">[39m
[31m+                       Cascading-delete all client lists, passports, vulnerability logs, and active integrations. This action is immediate and irreversible under GDPR/DPA compliance standards.[39m
[31m+                     </p>[39m
[31m+                   </div>[39m
[31m+                   <button[39m
[31m+                     onClick={handleOffboardTenant}[39m
[31m+                     disabled={!isOwner || offboarding}[39m
[31m+                     title={!isOwner ? `Your ${currentRole} role cannot offboard this workspace. Owner is required.` : undefined}[39m
[31m+                     className="inline-flex h-9 shrink-0 items-center rounded bg-[#a4262c] px-3 text-[13px] font-medium text-white hover:bg-[#8a1f24] disabled:cursor-not-allowed disabled:opacity-50"[39m
[31m+                   >[39m
[31m+                     {offboarding ? 'Purging…' : 'Offboard workspace'}[39m
[31m+                   </button>[39m
[31m+                 </div>[39m
[31m+               </div>[39m
[31m+             </div>[39m
[31m+ [39m
[31m+             <div className="flex items-center justify-end gap-3">[39m
[31m+               {saveSuccess && ([39m
[31m+                 <span className="flex items-center gap-1.5 text-[12px] font-medium text-[#8a5700]">[39m
[31m+                   <CheckCircle className="h-3.5 w-3.5" />[39m
[31m+                   <span>Not saved to a server — these fields are local to this browser session only.</span>[39m
[31m+                 </span>[39m
[31m+               )}[39m
[31m+               <button[39m
[31m+                 onClick={handleSaveSettings}[39m
[31m+                 title="These settings are not persisted to a backend yet."[39m
[31m+                 className="inline-flex h-9 items-center rounded bg-[#0f6cbd] px-4 text-[13px] font-medium text-white hover:bg-[#004578]"[39m
[31m+               >[39m
[31m+                 Save platform settings[39m
[31m+               </button>[39m
[31m+             </div>[39m
[31m+           </div>[39m
[31m+ [39m
[31m+           {/* Right Column: Information panel & Live CI/CD Diagnostics */}[39m
[31m+           <div className="space-y-4">[39m
[31m+ [39m
[31m+             {/* Active Login Audit Trail Panel */}[39m
[31m+             <div className="rounded-md border border-[#e1dfdd] bg-white p-4 space-y-3">[39m
[31m+               <h3 className="flex items-center gap-1.5 border-b border-[#e1dfdd] pb-2 text-[14px] font-semibold text-[#201f1e]">[39m
[31m+                 <Fingerprint className="h-4 w-4 text-[#0f6cbd]" />[39m
[31m+                 <span>Real-time login audit trail</span>[39m
[31m+               </h3>[39m
[31m+ [39m
[31m+               <div className="max-h-72 space-y-2 overflow-y-auto">[39m
[31m+                 {history.map((log) => ([39m
[31m+                   <div key={log.id} className="space-y-1 rounded-md border border-[#e1dfdd] bg-[#faf9f8] p-2.5 text-[12px]">[39m
[31m+                     <div className="flex items-center justify-between">[39m
[31m+                       <span className="max-w-36 truncate font-medium text-[#323130]">{log.email}</span>[39m
[31m+                       <span className={`rounded px-1.5 py-0.5 text-[11px] font-medium ${[39m
[31m+                         log.status === 'Verified' ? 'bg-[#dff6dd] text-[#0e700e]' : 'bg-[#fdf2f2] text-[#a4262c]'[39m
[31m+                       }`}>[39m
[31m+                         {log.status}[39m
[31m+                       </span>[39m
[31m+                     </div>[39m
[31m+                     <div className="text-[#605e5c]">[39m
[31m+                       <span className="block">{log.action}</span>[39m
[31m+                       <span className="mt-0.5 block text-[11px] text-[#8a8886]">{new Date(log.timestamp).toLocaleString()}</span>[39m
[31m+                     </div>[39m
[31m+                     <div className="flex justify-between border-t border-[#e1dfdd] pt-1 text-[11px] text-[#8a8886]">[39m
[31m+                       <span>IP: {log.ip}</span>[39m
[31m+                       <span>Loc: {log.location}</span>[39m
[31m+                     </div>[39m
[31m+                   </div>[39m
[31m+                 ))}[39m
[31m+                 {history.length === 0 && ([39m
[31m+                   <p className="py-4 text-center text-[13px] text-[#8a8886]">No audit logs identified.</p>[39m
[31m+                 )}[39m
[31m+               </div>[39m
[31m+             </div>[39m
[31m+ [39m
[31m+             <div className="rounded-md border border-[#e1dfdd] bg-white p-4 space-y-3">[39m
[31m+               <h3 className="flex items-center gap-1.5 border-b border-[#e1dfdd] pb-2 text-[14px] font-semibold text-[#201f1e]">[39m
[31m+                 <Shield className="h-4 w-4 text-[#8a8886]" />[39m
[31m+                 <span>Platform pedigree coordinates</span>[39m
[31m+               </h3>[39m
[31m+ [39m
[31m+               <div className="space-y-2 text-[13px] text-[#605e5c]">[39m
[31m+                 <div className="flex justify-between border-b border-[#f3f2f1] pb-1.5">[39m
[31m+                   <span>Portal service</span>[39m
[31m+                   <span className="font-medium text-[#323130]">SPR-CORE-VM</span>[39m
[31m+                 </div>[39m
[31m+                 <div className="flex justify-between border-b border-[#f3f2f1] pb-1.5">[39m
[31m+                   <span>Compilation</span>[39m
[31m+                   <span className="font-medium text-[#323130]">Docker prod v2.4</span>[39m
[31m+                 </div>[39m
[31m+                 <div className="flex justify-between pb-1.5">[39m
[31m+                   <span>SLA compliance</span>[39m
[31m+                   <span className="font-medium text-[#0e700e]">99.98%</span>[39m
[31m+                 </div>[39m
[31m+               </div>[39m
[31m+             </div>[39m
[31m+ [39m
[31m+             <div className="rounded-md border border-[#e1dfdd] bg-white p-4 space-y-3">[39m
[31m+               <h3 className="flex items-center gap-1.5 border-b border-[#e1dfdd] pb-2 text-[14px] font-semibold text-[#201f1e]">[39m
[31m+                 <CheckCircle className="h-4 w-4 text-[#0e700e]" />[39m
[31m+                 <span>Readiness diagnostics</span>[39m
[31m+               </h3>[39m
[31m+               <p className="text-[13px] text-[#605e5c]">[39m
[31m+                 Checks live database connectivity via the same /api/ready probe an orchestrator uses. This does not verify row-level isolation, OAuth handshakes, or API quota — those have no self-check endpoint yet.[39m
[31m+               </p>[39m
[31m+ [39m
[31m+               <button[39m
[31m+                 onClick={runDiagnosticSuite}[39m
[31m+                 disabled={testing}[39m
[31m+                 className="h-9 w-full rounded border border-[#c8c6c4] text-[13px] font-medium text-[#323130] hover:bg-black/[.03] disabled:opacity-60"[39m
[31m+               >[39m
[31m+                 {testing ? 'Checking…' : 'Check readiness'}[39m
[31m+               </button>[39m
[31m+ [39m
[31m+               {testResults.length > 0 && ([39m
[31m+                 <div className="space-y-2 border-t border-[#e1dfdd] pt-2">[39m
[31m+                   {testResults.map((t: any, idx: number) => ([39m
[31m+                     <div key={idx} className="space-y-0.5 text-[12px]">[39m
[31m+                       <div className="flex items-center justify-between">[39m
[31m+                         <span className="font-medium text-[#323130]">{t.name}</span>[39m
[31m+                         <span className={`rounded px-1.5 py-0.5 text-[11px] font-medium ${[39m
[31m+                           t.status === 'PASS' ? 'bg-[#dff6dd] text-[#0e700e]' : 'bg-[#fdf2f2] text-[#a4262c]'[39m
[31m+                         }`}>[39m
[31m+                           {t.status}[39m
[31m+                         </span>[39m
[31m+                       </div>[39m
[31m+                       <p className="leading-snug text-[#605e5c]">{t.details}</p>[39m
[31m+                     </div>[39m
[31m+                   ))}[39m
[31m+                 </div>[39m
[31m+               )}[39m
[31m+             </div>[39m
[31m+           </div>[39m
[31m+         </div>[39m
[31m+       ) : activeSubTab === 'organization' ? ([39m
[31m+         <div className="grid grid-cols-1 lg:grid-cols-3 gap-4">[39m
[31m+           {/* Profile Management Section */}[39m
[31m+           <div className="lg:col-span-1 space-y-4">[39m
[31m+             <div className="rounded-md border border-[#e1dfdd] bg-white p-4 space-y-3">[39m
[31m+               <h3 className="flex items-center gap-1.5 border-b border-[#e1dfdd] pb-2 text-[14px] font-semibold text-[#201f1e]">[39m
[31m+                 <Sliders className="h-4 w-4 text-[#0f6cbd]" />[39m
[31m+                 <span>User profile credentials</span>[39m
[31m+               </h3>[39m
[31m+ [39m
[31m+               {teamError && ([39m
[31m+                 <div className="flex gap-2 rounded-md border border-[#a4262c]/30 bg-[#fdf2f2] p-3 text-[13px] text-[#a4262c]">[39m
[31m+                   <ShieldAlert className="h-3.5 w-3.5 shrink-0" />[39m
[31m+                   <p>{teamError}</p>[39m
[31m+                 </div>[39m
[31m+               )}[39m
[31m+ [39m
[31m+               {teamSuccess && ([39m
[31m+                 <div className="flex gap-2 rounded-md border border-[#0e700e]/30 bg-[#dff6dd] p-3 text-[13px] text-[#0e700e]">[39m
[31m+                   <CheckCircle2 className="h-3.5 w-3.5 shrink-0" />[39m
[31m+                   <p>{teamSuccess}</p>[39m
[31m+                 </div>[39m
[31m+               )}[39m
[31m+ [39m
[31m+               {editingProfile ? ([39m
[31m+                 <form onSubmit={handleSaveProfile} className="space-y-3">[39m
[31m+                   <div className="flex flex-col gap-1">[39m
[31m+                     <label className="text-[12px] font-medium text-[#605e5c]">Display name</label>[39m
[31m+                     <input[39m
[31m+                       type="text"[39m
[31m+                       required[39m
[31m+                       value={profileName}[39m
[31m+                       onChange={(e) => setProfileName(e.target.value)}[39m
[31m+                       className="h-9 w-full rounded border border-[#c8c6c4] px-2.5 text-[13px] focus:border-[#0f6cbd] focus:outline-none focus:ring-1 focus:ring-[#0f6cbd]"[39m
[31m+                     />[39m
[31m+                   </div>[39m
[31m+ [39m
[31m+                   <div className="flex flex-col gap-1">[39m
[31m+                     <label className="text-[12px] font-medium text-[#605e5c]">Corporate job title</label>[39m
[31m+                     <input[39m
[31m+                       type="text"[39m
[31m+                       required[39m
[31m+                       value={profileJobTitle}[39m
[31m+                       onChange={(e) => setProfileJobTitle(e.target.value)}[39m
[31m+                       className="h-9 w-full rounded border border-[#c8c6c4] px-2.5 text-[13px] focus:border-[#0f6cbd] focus:outline-none focus:ring-1 focus:ring-[#0f6cbd]"[39m
[31m+                     />[39m
[31m+                   </div>[39m
[31m+ [39m
[31m+                   <div className="flex flex-col gap-1">[39m
[31m+                     <label className="text-[12px] font-medium text-[#605e5c]">Organization name</label>[39m
[31m+                     <input[39m
[31m+                       type="text"[39m
[31m+                       required[39m
[31m+                       value={profileCompany}[39m
[31m+                       onChange={(e) => setProfileCompany(e.target.value)}[39m
[31m+                       className="h-9 w-full rounded border border-[#c8c6c4] px-2.5 text-[13px] focus:border-[#0f6cbd] focus:outline-none focus:ring-1 focus:ring-[#0f6cbd]"[39m
[31m+                     />[39m
[31m+                   </div>[39m
[31m+ [39m
[31m+                   <div className="flex justify-end gap-2 pt-1">[39m
[31m+                     <button[39m
[31m+                       type="button"[39m
[31m+                       onClick={() => setEditingProfile(false)}[39m
[31m+                       className="inline-flex h-9 items-center rounded border border-[#c8c6c4] px-3 text-[13px] font-medium text-[#323130] hover:bg-black/[.03]"[39m
[31m+                     >[39m
[31m+                       Cancel[39m
[31m+                     </button>[39m
[31m+                     <button[39m
[31m+                       type="submit"[39m
[31m+                       className="inline-flex h-9 items-center rounded bg-[#0f6cbd] px-3 text-[13px] font-medium text-white hover:bg-[#004578]"[39m
[31m+                     >[39m
[31m+                       Save profile[39m
[31m+                     </button>[39m
[31m+                   </div>[39m
[31m+                 </form>[39m
[31m+               ) : ([39m
[31m+                 <div className="space-y-3">[39m
[31m+                   <div className="flex items-center gap-3">[39m
[31m+                     <div className="flex h-11 w-11 items-center justify-center rounded-full border border-[#c8c6c4] bg-[#eff6fc] text-[15px] font-semibold text-[#0f6cbd]">[39m
[31m+                       {profileName ? profileName.substring(0, 2).toUpperCase() : 'U'}[39m
[31m+                     </div>[39m
[31m+                     <div>[39m
[31m+                       <h4 className="text-[14px] font-semibold text-[#201f1e]">[39m
[31m+                         {profileName || 'Active Operator'}[39m
[31m+                       </h4>[39m
[31m+                       <p className="mt-0.5 text-[12px] text-[#605e5c]">[39m
[31m+                         {profileJobTitle || 'Workspace Administrator'}[39m
[31m+                       </p>[39m
[31m+                     </div>[39m
[31m+                   </div>[39m
[31m+ [39m
[31m+                   <div className="space-y-1.5 border-t border-[#e1dfdd] pt-3 text-[12px] text-[#605e5c]">[39m
[31m+                     <div className="flex justify-between">[39m
[31m+                       <span>Email identifier</span>[39m
[31m+                       <span className="select-all font-medium text-[#201f1e]">{profile?.email || 'N/A'}</span>[39m
[31m+                     </div>[39m
[31m+                     <div className="flex justify-between">[39m
[31m+                       <span>Active tenant ID</span>[39m
[31m+                       <span className="select-all">{profile?.tenantId || 'global'}</span>[39m
[31m+                     </div>[39m
[31m+                     <div className="flex justify-between">[39m
[31m+                       <span>MSP workspace</span>[39m
[31m+                       <span className="font-medium text-[#201f1e]">{profile?.companyName || 'Not defined'}</span>[39m
[31m+                     </div>[39m
[31m+                   </div>[39m
[31m+ [39m
[31m+                   <button[39m
[31m+                     type="button"[39m
[31m+                     onClick={() => {[39m
[31m+                       setProfileName(profile?.displayName || '');[39m
[31m+                       setProfileJobTitle(profile?.roleTitle || '');[39m
[31m+                       setProfileCompany(profile?.companyName || '');[39m
[31m+                       setEditingProfile(true);[39m
[31m+                     }}[39m
[31m+                     className="h-9 w-full rounded border border-[#c8c6c4] text-[13px] font-medium text-[#323130] hover:bg-black/[.03]"[39m
[31m+                   >[39m
[31m+                     Edit profile details[39m
[31m+                   </button>[39m
[31m+                 </div>[39m
[31m+               )}[39m
[31m+             </div>[39m
[31m+ [39m
[31m+             <div className="rounded-md border border-[#e1dfdd] bg-[#faf9f8] p-4 space-y-2">[39m
[31m+               <h4 className="text-[12px] font-semibold uppercase tracking-wide text-[#605e5c]">[39m
[31m+                 Authorized role hierarchy[39m
[31m+               </h4>[39m
[31m+               <p className="text-[12px] leading-relaxed text-[#605e5c]">[39m
[31m+                 RBAC enforces strict isolation gates. Permissions cascade in order: <strong className="text-[#323130]">Owner &gt; Admin &gt; Technician &gt; Viewer &gt; Client</strong>. Modifying team permissions automatically triggers a cryptographic token invalidation audit block.[39m
[31m+               </p>[39m
[31m+             </div>[39m
[31m+           </div>[39m
[31m+ [39m
[31m+           {/* Organization & Team Access List Section */}[39m
[31m+           <div className="lg:col-span-2 space-y-4">[39m
[31m+             {/* Invite form card */}[39m
[31m+             <div className="rounded-md border border-[#e1dfdd] bg-white p-4 space-y-3">[39m
[31m+               <h3 className="flex items-center gap-1.5 border-b border-[#e1dfdd] pb-2 text-[14px] font-semibold text-[#201f1e]">[39m
[31m+                 <PlusCircle className="h-4 w-4 text-[#0f6cbd]" />[39m
[31m+                 <span>Invite new MSP team member</span>[39m
[31m+               </h3>[39m
[31m+ [39m
[31m+               <form onSubmit={handleInviteMember} className="flex flex-col gap-3 md:flex-row md:items-end">[39m
[31m+                 <div className="flex flex-1 flex-col gap-1">[39m
[31m+                   <label className="text-[12px] font-medium text-[#605e5c]">[39m
[31m+                     Email address[39m
[31m+                   </label>[39m
[31m+                   <input[39m
[31m+                     type="email"[39m
[31m+                     required[39m
[31m+                     placeholder="e.g. associate@company.com"[39m
[31m+                     value={inviteEmail}[39m
[31m+                     onChange={(e) => setInviteEmail(e.target.value)}[39m
[31m+                     className="h-9 w-full rounded border border-[#c8c6c4] px-2.5 text-[13px] focus:border-[#0f6cbd] focus:outline-none focus:ring-1 focus:ring-[#0f6cbd]"[39m
[31m+                   />[39m
[31m+                 </div>[39m
[31m+ [39m
[31m+                 <div className="flex w-full flex-col gap-1 md:w-44">[39m
[31m+                   <label className="text-[12px] font-medium text-[#605e5c]">[39m
[31m+                     Security role[39m
[31m+                   </label>[39m
[31m+                   <select[39m
[31m+                     value={inviteRole}[39m
[31m+                     onChange={(e) => setInviteRole(e.target.value)}[39m
[31m+                     className="h-9 w-full rounded border border-[#c8c6c4] px-2.5 text-[13px] focus:border-[#0f6cbd] focus:outline-none focus:ring-1 focus:ring-[#0f6cbd]"[39m
[31m+                   >[39m
[31m+                     <option value="Admin">Admin</option>[39m
[31m+                     <option value="Technician">Technician</option>[39m
[31m+                     <option value="Viewer">Viewer</option>[39m
[31m+                     <option value="Client">Client</option>[39m
[31m+                   </select>[39m
[31m+                 </div>[39m
[31m+ [39m
[31m+                 <button[39m
[31m+                   type="submit"[39m
[31m+                   disabled={!canManageTeam}[39m
[31m+                   title={!canManageTeam ? `Your ${currentRole} role cannot invite team members.` : undefined}[39m
[31m+                   className="inline-flex h-9 shrink-0 items-center rounded bg-[#0f6cbd] px-4 text-[13px] font-medium text-white hover:bg-[#004578] disabled:cursor-not-allowed disabled:opacity-50"[39m
[31m+                 >[39m
[31m+                   Send invitation[39m
[31m+                 </button>[39m
[31m+               </form>[39m
[31m+               {!canManageTeam && <p className="text-[12px] text-[#8a5700]">Your {currentRole} role has read-only team access.</p>}[39m
[31m+             </div>[39m
[31m+ [39m
[31m+             {/* Team Members List Card */}[39m
[31m+             <div className="rounded-md border border-[#e1dfdd] bg-white p-4 space-y-3">[39m
[31m+               <h3 className="flex items-center justify-between border-b border-[#e1dfdd] pb-2 text-[14px] font-semibold text-[#201f1e]">[39m
[31m+                 <span className="flex items-center gap-1.5">[39m
[31m+                   <Lock className="h-4 w-4 text-[#0f6cbd]" />[39m
[31m+                   <span>Workspace associates</span>[39m
[31m+                 </span>[39m
[31m+                 <span className="rounded border border-[#c8c6c4] bg-[#eff6fc] px-2 py-0.5 text-[12px] font-medium text-[#0f6cbd]">[39m
[31m+                   {teamMembers.length} registered[39m
[31m+                 </span>[39m
[31m+               </h3>[39m
[31m+ [39m
[31m+               <div className="overflow-x-auto">[39m
[31m+                 <table className="w-full border-collapse text-left text-[13px]">[39m
[31m+                   <thead>[39m
[31m+                     <tr className="border-b border-[#e1dfdd] text-[11px] uppercase tracking-wide text-[#605e5c]">[39m
[31m+                       <th className="py-2 font-medium">User details</th>[39m
[31m+                       <th className="py-2 font-medium">Authority role</th>[39m
[31m+                       <th className="py-2 text-right font-medium">Actions</th>[39m
[31m+                     </tr>[39m
[31m+                   </thead>[39m
[31m+                   <tbody>[39m
[31m+                     {teamMembers.map((member) => ([39m
[31m+                       <tr key={member.id} className="border-b border-[#f3f2f1] hover:bg-black/[.02]">[39m
[31m+                         <td className="py-2.5 pr-3">[39m
[31m+                           <div className="flex items-center gap-2.5">[39m
[31m+                             <div className="flex h-8 w-8 shrink-0 items-center justify-center rounded-full border border-[#c8c6c4] bg-[#f3f2f1] text-[12px] font-semibold text-[#605e5c]">[39m
[31m+                               {member.displayName ? member.displayName.substring(0, 2).toUpperCase() : member.email.substring(0, 2).toUpperCase()}[39m
[31m+                             </div>[39m
[31m+                             <div>[39m
[31m+                               <span className="block font-medium text-[#201f1e]">[39m
[31m+                                 {member.displayName || 'Pending registration'}[39m
[31m+                               </span>[39m
[31m+                               <span className="block select-all text-[12px] text-[#8a8886]">[39m
[31m+                                 {member.email}[39m
[31m+                               </span>[39m
[31m+                             </div>[39m
[31m+                           </div>[39m
[31m+                         </td>[39m
[31m+                         <td className="py-2.5">[39m
[31m+                           {member.role === 'Owner' ? ([39m
[31m+                             <span className="rounded border border-[#c8c6c4] bg-[#eff6fc] px-2 py-0.5 text-[12px] font-medium text-[#0f6cbd]">[39m
[31m+                               Owner (root)[39m
[31m+                             </span>[39m
[31m+                           ) : ([39m
[31m+                             <select[39m
[31m+                               value={member.role}[39m
[31m+                               disabled={!canManageTeam}[39m
[31m+                               title={!canManageTeam ? `Your ${currentRole} role cannot change roles.` : undefined}[39m
[31m+                               onChange={(e) => handleUpdateMemberRole(member.id, e.target.value)}[39m
[31m+                               className="rounded border border-[#c8c6c4] p-1 text-[12px] text-[#323130] focus:border-[#0f6cbd] focus:outline-none disabled:cursor-not-allowed disabled:opacity-50"[39m
[31m+                             >[39m
[31m+                               <option value="Admin">Admin</option>[39m
[31m+                               <option value="Technician">Technician</option>[39m
[31m+                               <option value="Viewer">Viewer</option>[39m
[31m+                               <option value="Client">Client</option>[39m
[31m+                             </select>[39m
[31m+                           )}[39m
[31m+                         </td>[39m
[31m+                         <td className="py-2.5 text-right">[39m
[31m+                           {member.role !== 'Owner' && member.id !== profile?.id && canManageTeam && ([39m
[31m+                             <button[39m
[31m+                               onClick={() => handleRemoveMember(member.id)}[39m
[31m+                               className="rounded border border-[#a4262c]/30 px-2.5 py-1 text-[12px] font-medium text-[#a4262c] hover:bg-[#fdf2f2]"[39m
[31m+                             >[39m
[31m+                               Revoke access[39m
[31m+                             </button>[39m
[31m+                           )}[39m
[31m+                         </td>[39m
[31m+                       </tr>[39m
[31m+                     ))}[39m
[31m+                     {teamMembers.length === 0 && ([39m
[31m+                       <tr>[39m
[31m+                         <td colSpan={3} className="py-6 text-center text-[#8a8886]">[39m
[31m+                           {loadingTeam ? 'Securing team data…' : 'No other associates mapped to this workspace.'}[39m
[31m+                         </td>[39m
[31m+                       </tr>[39m
[31m+                     )}[39m
[31m+                   </tbody>[39m
[31m+                 </table>[39m
[31m+               </div>[39m
[31m+             </div>[39m
[31m+           </div>[39m
[31m+         </div>[39m
[31m+       ) : ([39m
[31m+         <div className="space-y-4" id="product-master-bible-container">[39m
[31m+           {/* Welcome Alert / Info Bar */}[39m
[31m+           <details className="rounded-md border border-[#e1dfdd] bg-[#faf9f8] text-[13px]">[39m
[31m+             <summary className="cursor-pointer select-none px-3 py-2 font-medium text-[#323130]">What is this? &middot; How the Master Bible works</summary>[39m
[31m+             <div className="px-3 pb-3 text-[#605e5c]">[39m
[31m+               <p>The Master Bible defines standard secure baseline versions, permitted/copyleft licenses, risk classifications, and operational NIST/ISO security safeguard guidelines. Ingested software passports are checked against these standards to prevent compliance violations.</p>[39m
[31m+               <ol className="mt-1.5 list-decimal space-y-0.5 pl-4">[39m
[31m+                 <li>Policy reference: NIST SP 800-53 r5.</li>[39m
[31m+                 <li>Legal stance: SSPL/AGPL copyleft blocked.</li>[39m
[31m+                 <li>Baseline updates: automated daily RSS synchronizations.</li>[39m
[31m+               </ol>[39m
[31m+             </div>[39m
[31m+           </details>[39m
[31m+ [39m
[31m+           {/* Grid Layout: Left Column = Product Bible Directory, Right Column = Selected Specifications & Sandbox Compliance Auditor */}[39m
[31m+           <div className="grid grid-cols-1 lg:grid-cols-3 gap-4">[39m
[31m+ [39m
[31m+             {/* Left Column: List of Products with Search & Add option */}[39m
[31m+             <div className="lg:col-span-1 space-y-3">[39m
[31m+               <div className="rounded-md border border-[#e1dfdd] bg-white p-4 space-y-3">[39m
[31m+                 <div className="flex items-center justify-between">[39m
[31m+                   <div>[39m
[31m+                     <h4 className="text-[14px] font-semibold text-[#201f1e]">Product Bible index</h4>[39m
[31m+                     <p className="text-[12px] text-[#605e5c]">Index of certified system components</p>[39m
[31m+                   </div>[39m
[31m+                   <button[39m
[31m+                     onClick={() => setShowAddBibleProduct(!showAddBibleProduct)}[39m
[31m+                     className="inline-flex items-center gap-1 rounded border border-[#c8c6c4] px-2.5 py-1.5 text-[12px] font-medium text-[#323130] hover:bg-black/[.03]"[39m
[31m+                     title="Register a new software specification"[39m
[31m+                   >[39m
[31m+                     <PlusCircle className="h-3.5 w-3.5" />[39m
[31m+                     <span>Register</span>[39m
[31m+                   </button>[39m
[31m+                 </div>[39m
[31m+ [39m
[31m+                 {/* Quick Search & Filter */}[39m
[31m+                 <div className="space-y-2">[39m
[31m+                   <div className="flex h-9 items-center gap-2 rounded border border-[#c8c6c4] px-2.5 focus-within:border-[#0f6cbd] focus-within:ring-1 focus-within:ring-[#0f6cbd]">[39m
[31m+                     <Search className="h-3.5 w-3.5 text-[#8a8886]" />[39m
[31m+                     <input[39m
[31m+                       type="text"[39m
[31m+                       placeholder="Search specifications..."[39m
[31m+                       value={bibleSearchQuery}[39m
[31m+                       onChange={(e) => setBibleSearchQuery(e.target.value)}[39m
[31m+                       className="w-full bg-transparent text-[13px] text-[#323130] focus:outline-none"[39m
[31m+                     />[39m
[31m+                   </div>[39m
[31m+ [39m
[31m+                   <div className="flex items-center justify-between pt-1 text-[12px] text-[#605e5c]">[39m
[31m+                     <span>Risk filter</span>[39m
[31m+                     <div className="flex gap-1">[39m
[31m+                       {['all', 'low', 'medium', 'high'].map(r => ([39m
[31m+                         <button[39m
[31m+                           key={r}[39m
[31m+                           onClick={() => setBibleFilterRisk(r)}[39m
[31m+                           className={`rounded px-1.5 py-0.5 capitalize ${[39m
[31m+                             bibleFilterRisk === r[39m
[31m+                               ? 'bg-[#eff6fc] font-medium text-[#0f6cbd]'[39m
[31m+                               : 'hover:text-[#323130]'[39m
[31m+                           }`}[39m
[31m+                         >[39m
[31m+                           {r}[39m
[31m+                         </button>[39m
[31m+                       ))}[39m
[31m+                     </div>[39m
[31m+                   </div>[39m
[31m+                 </div>[39m
[31m+ [39m
[31m+                 {/* Add New Specification Form Block */}[39m
[31m+                 {showAddBibleProduct && ([39m
[31m+                   <form onSubmit={handleAddBibleProduct} className="space-y-3 rounded-md border border-[#e1dfdd] bg-[#faf9f8] p-3 text-[13px]">[39m
[31m+                     <h5 className="text-[13px] font-semibold text-[#201f1e]">New standard specification registration</h5>[39m
[31m+ [39m
[31m+                     <div>[39m
[31m+                       <label className="mb-1 block text-[12px] font-medium text-[#605e5c]">Product / package name</label>[39m
[31m+                       <input[39m
[31m+                         type="text"[39m
[31m+                         placeholder="e.g. Apache Kafka"[39m
[31m+                         required[39m
[31m+                         value={newBpName}[39m
[31m+                         onChange={(e) => setNewBpName(e.target.value)}[39m
[31m+                         className="h-9 w-full rounded border border-[#c8c6c4] bg-white px-2.5 text-[13px] focus:border-[#0f6cbd] focus:outline-none focus:ring-1 focus:ring-[#0f6cbd]"[39m
[31m+                       />[39m
[31m+                     </div>[39m
[31m+ [39m
[31m+                     <div className="grid grid-cols-2 gap-2">[39m
[31m+                       <div>[39m
[31m+                         <label className="mb-1 block text-[12px] font-medium text-[#605e5c]">Class type</label>[39m
[31m+                         <select[39m
[31m+                           value={newBpType}[39m
[31m+                           onChange={(e) => setNewBpType(e.target.value)}[39m
[31m+                           className="h-9 w-full rounded border border-[#c8c6c4] bg-white px-2 text-[13px] focus:border-[#0f6cbd] focus:outline-none focus:ring-1 focus:ring-[#0f6cbd]"[39m
[31m+                         >[39m
[31m+                           <option value="Web Infrastructure / Proxy">Web / Proxy</option>[39m
[31m+                           <option value="Database Systems">Database</option>[39m
[31m+                           <option value="Cache Systems">Cache</option>[39m
[31m+                           <option value="Open Source Logging Framework">Logging</option>[39m
[31m+                           <option value="Container Foundations">Container</option>[39m
[31m+                           <option value="Framework Library">Framework</option>[39m
[31m+                         </select>[39m
[31m+                       </div>[39m
[31m+ [39m
[31m+                       <div>[39m
[31m+                         <label className="mb-1 block text-[12px] font-medium text-[#605e5c]">Secure baseline</label>[39m
[31m+                         <input[39m
[31m+                           type="text"[39m
[31m+                           placeholder="e.g. 3.4.0"[39m
[31m+                           required[39m
[31m+                           value={newBpVersion}[39m
[31m+                           onChange={(e) => setNewBpVersion(e.target.value)}[39m
[31m+                           className="h-9 w-full rounded border border-[#c8c6c4] bg-white px-2.5 text-[13px] focus:border-[#0f6cbd] focus:outline-none focus:ring-1 focus:ring-[#0f6cbd]"[39m
[31m+                         />[39m
[31m+                       </div>[39m
[31m+                     </div>[39m
[31m+ [39m
[31m+                     <div>[39m
[31m+                       <label className="mb-1 block text-[12px] font-medium text-[#605e5c]">Permitted licenses</label>[39m
[31m+                       <input[39m
[31m+                         type="text"[39m
[31m+                         value={newBpAllowedLics}[39m
[31m+                         onChange={(e) => setNewBpAllowedLics(e.target.value)}[39m
[31m+                         className="h-9 w-full rounded border border-[#c8c6c4] bg-white px-2.5 font-mono text-[12px] focus:border-[#0f6cbd] focus:outline-none focus:ring-1 focus:ring-[#0f6cbd]"[39m
[31m+                       />[39m
[31m+                       <p className="mt-1 text-[11px] text-[#8a8886]">Comma-separated SPDX identifiers.</p>[39m
[31m+                     </div>[39m
[31m+ [39m
[31m+                     <div>[39m
[31m+                       <label className="mb-1 block text-[12px] font-medium text-[#605e5c]">Prohibited copylefts</label>[39m
[31m+                       <input[39m
[31m+                         type="text"[39m
[31m+                         value={newBpDisallowedLics}[39m
[31m+                         onChange={(e) => setNewBpDisallowedLics(e.target.value)}[39m
[31m+                         className="h-9 w-full rounded border border-[#c8c6c4] bg-white px-2.5 font-mono text-[12px] focus:border-[#0f6cbd] focus:outline-none focus:ring-1 focus:ring-[#0f6cbd]"[39m
[31m+                       />[39m
[31m+                     </div>[39m
[31m+ [39m
[31m+                     <div className="grid grid-cols-2 gap-2">[39m
[31m+                       <div>[39m
[31m+                         <label className="mb-1 block text-[12px] font-medium text-[#605e5c]">Risk tier</label>[39m
[31m+                         <select[39m
[31m+                           value={newBpRisk}[39m
[31m+                           onChange={(e) => setNewBpRisk(e.target.value as any)}[39m
[31m+                           className="h-9 w-full rounded border border-[#c8c6c4] bg-white px-2 text-[13px] focus:border-[#0f6cbd] focus:outline-none focus:ring-1 focus:ring-[#0f6cbd]"[39m
[31m+                         >[39m
[31m+                           <option value="Low">Low</option>[39m
[31m+                           <option value="Medium">Medium</option>[39m
[31m+                           <option value="High">High</option>[39m
[31m+                         </select>[39m
[31m+                       </div>[39m
[31m+ [39m
[31m+                       <div>[39m
[31m+                         <label className="mb-1 block text-[12px] font-medium text-[#605e5c]">Target compliance</label>[39m
[31m+                         <input[39m
[31m+                           type="text"[39m
[31m+                           placeholder="e.g. HIPAA CC4 / ISO"[39m
[31m+                           value={newBpCompliance}[39m
[31m+                           onChange={(e) => setNewBpCompliance(e.target.value)}[39m
[31m+                           className="h-9 w-full rounded border border-[#c8c6c4] bg-white px-2.5 text-[13px] focus:border-[#0f6cbd] focus:outline-none focus:ring-1 focus:ring-[#0f6cbd]"[39m
[31m+                         />[39m
[31m+                       </div>[39m
[31m+                     </div>[39m
[31m+ [39m
[31m+                     <div>[39m
[31m+                       <label className="mb-1 block text-[12px] font-medium text-[#605e5c]">Operational safeguard policy</label>[39m
[31m+                       <textarea[39m
[31m+                         rows={2}[39m
[31m+                         placeholder="Safeguards required..."[39m
[31m+                         value={newBpSafeguard}[39m
[31m+                         onChange={(e) => setNewBpSafeguard(e.target.value)}[39m
[31m+                         className="w-full rounded border border-[#c8c6c4] bg-white px-2.5 py-2 text-[13px] focus:border-[#0f6cbd] focus:outline-none focus:ring-1 focus:ring-[#0f6cbd]"[39m
[31m+                       />[39m
[31m+                     </div>[39m
[31m+ [39m
[31m+                     <div className="flex justify-end gap-2 pt-1">[39m
[31m+                       <button[39m
[31m+                         type="button"[39m
[31m+                         onClick={() => setShowAddBibleProduct(false)}[39m
[31m+                         className="inline-flex h-9 items-center rounded border border-[#c8c6c4] px-3 text-[13px] font-medium text-[#323130] hover:bg-black/[.03]"[39m
[31m+                       >[39m
[31m+                         Cancel[39m
[31m+                       </button>[39m
[31m+                       <button[39m
[31m+                         type="submit"[39m
[31m+                         className="inline-flex h-9 items-center gap-1.5 rounded bg-[#0f6cbd] px-3 text-[13px] font-medium text-white hover:bg-[#004578]"[39m
[31m+                       >[39m
[31m+                         <Check className="h-3.5 w-3.5" />[39m
[31m+                         <span>Register spec</span>[39m
[31m+                       </button>[39m
[31m+                     </div>[39m
[31m+                   </form>[39m
[31m+                 )}[39m
[31m+ [39m
[31m+                 {/* List of Specs */}[39m
[31m+                 <div className="max-h-[400px] space-y-1 overflow-y-auto">[39m
[31m+                   {filteredBibleProducts.length === 0 ? ([39m
[31m+                     <p className="py-6 text-center text-[12px] text-[#8a8886]">No matching standard specifications found.</p>[39m
[31m+                   ) : ([39m
[31m+                     filteredBibleProducts.map(bp => {[39m
[31m+                       const isSelected = bp.id === selectedBibleProductId;[39m
[31m+                       return ([39m
[31m+                         <button[39m
[31m+                           key={bp.id}[39m
[31m+                           onClick={() => setSelectedBibleProductId(bp.id)}[39m
[31m+                           className={`flex w-full items-center justify-between rounded border p-2.5 text-left text-[13px] ${[39m
[31m+                             isSelected[39m
[31m+                               ? 'border-[#0f6cbd] bg-[#eff6fc] text-[#0f6cbd]'[39m
[31m+                               : 'border-[#e1dfdd] bg-white text-[#323130] hover:bg-black/[.02]'[39m
[31m+                           }`}[39m
[31m+                         >[39m
[31m+                           <div className="min-w-0">[39m
[31m+                             <p className="truncate leading-snug">{bp.name}</p>[39m
[31m+                             <span className="mt-0.5 block text-[11px] text-[#8a8886]">{bp.type}</span>[39m
[31m+                           </div>[39m
[31m+ [39m
[31m+                           <div className="ml-2 flex shrink-0 items-center gap-1.5">[39m
[31m+                             <span className={`rounded px-1.5 py-0.5 text-[11px] font-medium ${[39m
[31m+                               bp.riskTier === 'High' ? 'bg-[#fdf2f2] text-[#a4262c]' :[39m
[31m+                               bp.riskTier === 'Medium' ? 'bg-[#fff4ce] text-[#8a5700]' :[39m
[31m+                               'bg-[#dff6dd] text-[#0e700e]'[39m
[31m+                             }`}>[39m
[31m+                               {bp.riskTier}[39m
[31m+                             </span>[39m
[31m+                             <ChevronRight className={`h-3.5 w-3.5 ${isSelected ? 'text-[#0f6cbd]' : 'text-[#8a8886]'}`} />[39m
[31m+                           </div>[39m
[31m+                         </button>[39m
[31m+                       );[39m
[31m+                     })[39m
[31m+                   )}[39m
[31m+                 </div>[39m
[31m+               </div>[39m
[31m+             </div>[39m
[31m+ [39m
[31m+             {/* Right 2 Columns: Specification Details & Interactive Sandbox compliance auditor */}[39m
[31m+             <div className="lg:col-span-2 space-y-4">[39m
[31m+ [39m
[31m+               {/* Card 1: Active Specification detail */}[39m
[31m+               {activeBibleProduct && ([39m
[31m+                 <div className="rounded-md border border-[#e1dfdd] bg-white p-4 space-y-3">[39m
[31m+                   <div className="flex items-start justify-between border-b border-[#e1dfdd] pb-3">[39m
[31m+                     <div>[39m
[31m+                       <span className="text-[11px] font-medium uppercase tracking-wide text-[#0f6cbd]">Approved platform standard spec</span>[39m
[31m+                       <h3 className="mt-1 flex items-center gap-1.5 text-[15px] font-semibold text-[#201f1e]">[39m
[31m+                         <CheckCircle2 className="h-4 w-4 text-[#0e700e]" />[39m
[31m+                         {activeBibleProduct.name}[39m
[31m+                       </h3>[39m
[31m+                       <p className="mt-0.5 text-[12px] text-[#605e5c]">{activeBibleProduct.type}</p>[39m
[31m+                     </div>[39m
[31m+ [39m
[31m+                     <span className="rounded border border-[#c8c6c4] bg-[#eff6fc] px-2 py-0.5 text-[12px] font-medium text-[#0f6cbd]">[39m
[31m+                       Baseline v{activeBibleProduct.baselineSecureVersion}[39m
[31m+                     </span>[39m
[31m+                   </div>[39m
[31m+ [39m
[31m+                   <div className="grid grid-cols-1 gap-4 md:grid-cols-2">[39m
[31m+                     <div className="space-y-3">[39m
[31m+                       <div>[39m
[31m+                         <span className="block text-[11px] font-medium uppercase text-[#605e5c]">Permitted (greenlist) licenses</span>[39m
[31m+                         <div className="mt-1.5 flex flex-wrap gap-1.5">[39m
[31m+                           {activeBibleProduct.allowedLicenses.map((lic: string) => ([39m
[31m+                             <span key={lic} className="rounded border border-[#c8c6c4] bg-[#dff6dd] px-2 py-0.5 text-[11px] font-medium text-[#0e700e]">[39m
[31m+                               {lic}[39m
[31m+                             </span>[39m
[31m+                           ))}[39m
[31m+                           {activeBibleProduct.allowedLicenses.length === 0 && <span className="text-[12px] italic text-[#8a8886]">None specified</span>}[39m
[31m+                         </div>[39m
[31m+                       </div>[39m
[31m+ [39m
[31m+                       <div>[39m
[31m+                         <span className="block text-[11px] font-medium uppercase text-[#605e5c]">Prohibited (blacklisted) licenses</span>[39m
[31m+                         <div className="mt-1.5 flex flex-wrap gap-1.5">[39m
[31m+                           {activeBibleProduct.disallowedLicenses.map((lic: string) => ([39m
[31m+                             <span key={lic} className="rounded border border-[#c8c6c4] bg-[#fdf2f2] px-2 py-0.5 text-[11px] font-medium text-[#a4262c]">[39m
[31m+                               {lic}[39m
[31m+                             </span>[39m
[31m+                           ))}[39m
[31m+                           {activeBibleProduct.disallowedLicenses.length === 0 && <span className="text-[12px] italic text-[#8a8886]">None prohibited</span>}[39m
[31m+                         </div>[39m
[31m+                       </div>[39m
[31m+                     </div>[39m
[31m+ [39m
[31m+                     <div className="space-y-2 rounded-md border border-[#e1dfdd] bg-[#faf9f8] p-3">[39m
[31m+                       <span className="block text-[11px] font-medium uppercase text-[#605e5c]">Target regulatory framework compliance</span>[39m
[31m+                       <p className="text-[13px] font-medium text-[#323130]">{activeBibleProduct.complianceTarget}</p>[39m
[31m+                       <p className="text-[12px] leading-normal text-[#605e5c]">[39m
[31m+                         Ingested components of this product category must be validated in accordance with audit guidelines mapped to this baseline.[39m
[31m+                       </p>[39m
[31m+                     </div>[39m
[31m+                   </div>[39m
[31m+ [39m
[31m+                   <div className="space-y-1.5 rounded-md border border-[#e1dfdd] bg-[#eff6fc] p-3">[39m
[31m+                     <span className="block text-[11px] font-medium uppercase tracking-wide text-[#0f6cbd]">Standard core safeguards policy</span>[39m
[31m+                     <p className="text-[13px] leading-normal text-[#323130]">{activeBibleProduct.safeguardPolicy}</p>[39m
[31m+                   </div>[39m
[31m+                 </div>[39m
[31m+               )}[39m
[31m+ [39m
[31m+               {/* Card 2: Interactive Sandbox Compliance Auditor */}[39m
[31m+               <div className="rounded-md border border-[#e1dfdd] bg-white p-4 space-y-3">[39m
[31m+                 <div>[39m
[31m+                   <h3 className="flex items-center gap-1.5 text-[14px] font-semibold text-[#201f1e]">[39m
[31m+                     <Sparkles className="h-4 w-4 text-[#0f6cbd]" />[39m
[31m+                     <span>Interactive product compliance sandbox</span>[39m
[31m+                   </h3>[39m
[31m+                   <p className="mt-0.5 text-[12px] text-[#605e5c]">[39m
[31m+                     Simulate software ingest requests and instantly check compliance against the Master Product Bible.[39m
[31m+                   </p>[39m
[31m+                 </div>[39m
[31m+ [39m
[31m+                 <div className="grid grid-cols-1 gap-4 md:grid-cols-2">[39m
[31m+                   <div className="space-y-3">[39m
[31m+                     <div>[39m
[31m+                       <label className="mb-1 block text-[12px] font-medium text-[#605e5c]">Select target product class</label>[39m
[31m+                       <select[39m
[31m+                         value={sandboxProduct}[39m
[31m+                         onChange={(e) => {[39m
[31m+                           setSandboxProduct(e.target.value);[39m
[31m+                           const found = bibleProducts.find(bp => bp.name === e.target.value);[39m
[31m+                           if (found) {[39m
[31m+                             setSandboxVersion(found.baselineSecureVersion);[39m
[31m+                             setSandboxLicense(found.allowedLicenses[0] || 'MIT');[39m
[31m+                           }[39m
[31m+                         }}[39m
[31m+                         className="h-9 w-full rounded border border-[#c8c6c4] px-2.5 text-[13px] focus:border-[#0f6cbd] focus:outline-none focus:ring-1 focus:ring-[#0f6cbd]"[39m
[31m+                       >[39m
[31m+                         {bibleProducts.map(bp => ([39m
[31m+                           <option key={bp.id} value={bp.name}>{bp.name}</option>[39m
[31m+                         ))}[39m
[31m+                         <option value="custom">-- Custom/unregistered product --</option>[39m
[31m+                       </select>[39m
[31m+                     </div>[39m
[31m+ [39m
[31m+                     {sandboxProduct === 'custom' && ([39m
[31m+                       <div>[39m
[31m+                         <label className="mb-1 block text-[12px] font-medium text-[#605e5c]">Custom product name</label>[39m
[31m+                         <input[39m
[31m+                           type="text"[39m
[31m+                           placeholder="e.g. Apache Kafka"[39m
[31m+                           value={sandboxCustomName}[39m
[31m+                           onChange={(e) => setSandboxCustomName(e.target.value)}[39m
[31m+                           className="h-9 w-full rounded border border-[#c8c6c4] px-2.5 text-[13px] focus:border-[#0f6cbd] focus:outline-none focus:ring-1 focus:ring-[#0f6cbd]"[39m
[31m+                         />[39m
[31m+                       </div>[39m
[31m+                     )}[39m
[31m+ [39m
[31m+                     <div className="grid grid-cols-2 gap-2">[39m
[31m+                       <div>[39m
[31m+                         <label className="mb-1 block text-[12px] font-medium text-[#605e5c]">Ingested version</label>[39m
[31m+                         <input[39m
[31m+                           type="text"[39m
[31m+                           value={sandboxVersion}[39m
[31m+                           onChange={(e) => setSandboxVersion(e.target.value)}[39m
[31m+                           className="h-9 w-full rounded border border-[#c8c6c4] px-2.5 font-mono text-[13px] focus:border-[#0f6cbd] focus:outline-none focus:ring-1 focus:ring-[#0f6cbd]"[39m
[31m+                           placeholder="e.g. 1.25.0"[39m
[31m+                         />[39m
[31m+                       </div>[39m
[31m+ [39m
[31m+                       <div>[39m
[31m+                         <label className="mb-1 block text-[12px] font-medium text-[#605e5c]">License SPDX</label>[39m
[31m+                         <input[39m
[31m+                           type="text"[39m
[31m+                           value={sandboxLicense}[39m
[31m+                           onChange={(e) => setSandboxLicense(e.target.value)}[39m
[31m+                           className="h-9 w-full rounded border border-[#c8c6c4] px-2.5 font-mono text-[13px] focus:border-[#0f6cbd] focus:outline-none focus:ring-1 focus:ring-[#0f6cbd]"[39m
[31m+                           placeholder="e.g. GPL-3.0-only"[39m
[31m+                         />[39m
[31m+                       </div>[39m
[31m+                     </div>[39m
[31m+ [39m
[31m+                     <div>[39m
[31m+                       <label className="mb-1 block text-[12px] font-medium text-[#605e5c]">Target deploy environment</label>[39m
[31m+                       <div className="grid grid-cols-3 gap-2">[39m
[31m+                         {['Production', 'Staging', 'Development'].map(env => ([39m
[31m+                           <button[39m
[31m+                             key={env}[39m
[31m+                             type="button"[39m
[31m+                             onClick={() => setSandboxEnv(env)}[39m
[31m+                             className={`rounded border p-2 text-center text-[12px] font-medium ${[39m
[31m+                               sandboxEnv === env[39m
[31m+                                 ? 'border-[#0f6cbd] bg-[#eff6fc] text-[#0f6cbd]'[39m
[31m+                                 : 'border-[#c8c6c4] text-[#605e5c] hover:bg-black/[.03]'[39m
[31m+                             }`}[39m
[31m+                           >[39m
[31m+                             {env}[39m
[31m+                           </button>[39m
[31m+                         ))}[39m
[31m+                       </div>[39m
[31m+                     </div>[39m
[31m+ [39m
[31m+                     <button[39m
[31m+                       type="button"[39m
[31m+                       onClick={handleRunSandboxAudit}[39m
[31m+                       className="flex h-9 w-full items-center justify-center gap-1.5 rounded bg-[#0f6cbd] text-[13px] font-medium text-white hover:bg-[#004578]"[39m
[31m+                     >[39m
[31m+                       <Play className="h-3.5 w-3.5" />[39m
[31m+                       <span>Run sandbox compliance attestation</span>[39m
[31m+                     </button>[39m
[31m+                   </div>[39m
[31m+ [39m
[31m+                   {/* Attestation Sandbox Report panel */}[39m
[31m+                   <div className="flex min-h-[240px] flex-col justify-between rounded-md border border-[#e1dfdd] bg-[#faf9f8] p-3">[39m
[31m+                     {sandboxReport ? ([39m
[31m+                       <div className="space-y-3">[39m
[31m+                         <div className="flex items-center justify-between border-b border-[#e1dfdd] pb-2">[39m
[31m+                           <div>[39m
[31m+                             <span className="block text-[11px] font-medium text-[#605e5c]">Attestation report</span>[39m
[31m+                             <h4 className="max-w-[160px] truncate text-[13px] font-semibold text-[#201f1e]">{sandboxReport.productName}</h4>[39m
[31m+                           </div>[39m
[31m+ [39m
[31m+                           <span className={`inline-flex items-center gap-1 rounded border border-[#c8c6c4] px-2 py-0.5 text-[11px] font-medium ${[39m
[31m+                             sandboxReport.overallStatus === 'PASS' ? 'bg-[#dff6dd] text-[#0e700e]' :[39m
[31m+                             sandboxReport.overallStatus === 'WARN' ? 'bg-[#fff4ce] text-[#8a5700]' :[39m
[31m+                             'bg-[#fdf2f2] text-[#a4262c]'[39m
[31m+                           }`}>[39m
[31m+                             <span className={`h-1.5 w-1.5 rounded-full ${[39m
[31m+                               sandboxReport.overallStatus === 'PASS' ? 'bg-[#0e700e]' :[39m
[31m+                               sandboxReport.overallStatus === 'WARN' ? 'bg-[#8a5700]' :[39m
[31m+                               'bg-[#a4262c]'[39m
[31m+                             }`} />[39m
[31m+                             {sandboxReport.overallStatus}[39m
[31m+                           </span>[39m
[31m+                         </div>[39m
[31m+ [39m
[31m+                         <div className="space-y-2 text-[12px] leading-normal">[39m
[31m+                           <div className="flex items-start gap-1.5">[39m
[31m+                             {sandboxReport.versionStatus === 'Compliant' ? ([39m
[31m+                               <Check className="mt-0.5 h-3.5 w-3.5 shrink-0 text-[#0e700e]" />[39m
[31m+                             ) : sandboxReport.versionStatus === 'Warning' ? ([39m
[31m+                               <AlertTriangle className="mt-0.5 h-3.5 w-3.5 shrink-0 text-[#8a5700]" />[39m
[31m+                             ) : ([39m
[31m+                               <ShieldAlert className="mt-0.5 h-3.5 w-3.5 shrink-0 text-[#a4262c]" />[39m
[31m+                             )}[39m
[31m+                             <div>[39m
[31m+                               <span className="font-medium text-[#323130]">Version standard: </span>[39m
[31m+                               <span className="text-[#605e5c]">{sandboxReport.versionDetails}</span>[39m
[31m+                             </div>[39m
[31m+                           </div>[39m
[31m+ [39m
[31m+                           <div className="flex items-start gap-1.5">[39m
[31m+                             {sandboxReport.licenseStatus === 'Compliant' ? ([39m
[31m+                               <Check className="mt-0.5 h-3.5 w-3.5 shrink-0 text-[#0e700e]" />[39m
[31m+                             ) : sandboxReport.licenseStatus === 'Warning' ? ([39m
[31m+                               <AlertTriangle className="mt-0.5 h-3.5 w-3.5 shrink-0 text-[#8a5700]" />[39m
[31m+                             ) : ([39m
[31m+                               <ShieldAlert className="mt-0.5 h-3.5 w-3.5 shrink-0 text-[#a4262c]" />[39m
[31m+                             )}[39m
[31m+                             <div>[39m
[31m+                               <span className="font-medium text-[#323130]">License standard: </span>[39m
[31m+                               <span className="text-[#605e5c]">{sandboxReport.licenseDetails}</span>[39m
[31m+                             </div>[39m
[31m+                           </div>[39m
[31m+                         </div>[39m
[31m+ [39m
[31m+                         <div className="space-y-1 rounded border border-[#e1dfdd] bg-white p-2.5 text-[12px] leading-normal text-[#605e5c]">[39m
[31m+                           <p className="text-[11px] font-medium uppercase text-[#323130]">Compliance checklist ({sandboxReport.complianceTarget}):</p>[39m
[31m+                           <p className="italic">{sandboxReport.safeguardPolicy}</p>[39m
[31m+                         </div>[39m
[31m+                       </div>[39m
[31m+                     ) : ([39m
[31m+                       <div className="flex h-full flex-col items-center justify-center space-y-2 py-10 text-center text-[#8a8886]">[39m
[31m+                         <Sliders className="h-6 w-6 text-[#c8c6c4]" />[39m
[31m+                         <p className="mt-2 text-[13px] font-medium text-[#605e5c]">Attestation pending</p>[39m
[31m+                         <p className="max-w-[220px] text-[12px] leading-snug text-[#8a8886]">[39m
[31m+                           Configure simulation parameters and run the sandbox compliance attestation to test build parameters against standards.[39m
[31m+                         </p>[39m
[31m+                       </div>[39m
[31m+                     )}[39m
[31m+ [39m
[31m+                     <div className="mt-2 flex items-center justify-between border-t border-[#e1dfdd] pt-2 text-[11px] text-[#8a8886]">[39m
[31m+                       <span>Audit kernel: SEC_ENGINE_v1.0</span>[39m
[31m+                       {sandboxReport && ([39m
[31m+                         <span>Attested: {new Date(sandboxReport.timestamp).toLocaleTimeString()}</span>[39m
[31m+                       )}[39m
[31m+                     </div>[39m
[31m+                   </div>[39m
[31m+                 </div>[39m
[31m+ [39m
[31m+               </div>[39m
[31m+ [39m
[31m+             </div>[39m
[31m+ [39m
[31m+           </div>[39m
[31m+         </div>[39m
[31m+       )}[39m
[31m+     </div>[39m
[31m+   );[39m
[31m+ }[39m
[31m+[39m

[36m [2m❯[22m tests/settings-guide-contract.test.ts:[2m31:22[22m[39m
    [90m 29| [39m
    [90m 30| [39m  it('still discloses branding does not yet reach the public passport/…
    [90m 31| [39m    expect(source()).toContain('only feeds the Reports PDF export, not…
    [90m   | [39m                     [31m^[39m
    [90m 32| [39m  })[33m;[39m
    [90m 33| [39m})[33m;[39m

[31m[2m⎯⎯⎯⎯⎯⎯⎯⎯⎯⎯⎯⎯⎯⎯⎯⎯⎯⎯⎯⎯[108/141]⎯[22m[39m

[41m[1m FAIL [22m[49m tests/signup-race-contract.test.ts[2m > [22m2. automatic Firebase authentication cannot overwrite the signup state[2m > [22mApp ignores a Firebase session that appears while a signup is in flight
[31m[1mAssertionError[22m: expected 'import { useEffect, useMemo, useState…' to contain 'isSignupTransitionActive'[39m

[32m- Expected[39m
[31m+ Received[39m

[32m- i[7msSignupTransitionActive[27m[39m
[31m+ i[7mmport { useEffect, useMemo, useState, type ReactNode } from 'react';[27m[39m
[31m+ import { getRedirectResult, onAuthStateChanged, signOut, type User } from 'firebase/auth';[39m
[31m+ import type { Alert, Client, Integration, Scan, SoftwarePassport, Vendor } from './types';[39m
[31m+ import type { VerificationDecision } from './lib/verification/evaluateVerification.ts';[39m
[31m+ import { apiFetch } from './utils/apiClient';[39m
[31m+ import { auth } from './lib/firebase';[39m
[31m+ import CommandCenter from './components/CommandCenter';[39m
[31m+ import ExtensionWorkflow from './components/ExtensionWorkflow';[39m
[31m+ import ExtensionMarketplace from './components/ExtensionMarketplace';[39m
[31m+ import LoginView from './components/LoginView';[39m
[31m+ import EvidenceDashboardView from './components/EvidenceDashboardView';[39m
[31m+ import EvidenceExplorerView from './components/EvidenceExplorerView';[39m
[31m+ import AITrustCenterView from './components/AITrustCenterView';[39m
[31m+ import CoverageView from './components/CoverageView';[39m
[31m+ import AssetsView from './components/AssetsView';[39m
[31m+ import PassportsView from './components/PassportsView';[39m
[31m+ import ScansView from './components/ScansView';[39m
[31m+ import AlertsView from './components/AlertsView';[39m
[31m+ import ClientsView from './components/ClientsView';[39m
[31m+ import VendorsView from './components/VendorsView';[39m
[31m+ import IntegrationsView from './components/IntegrationsView';[39m
[31m+ import BillingView from './components/BillingView';[39m
[31m+ import ComplianceView from './components/ComplianceView';[39m
[31m+ import AgentTrustView from './components/AgentTrustView';[39m
[31m+ import EnterpriseReadinessView from './components/EnterpriseReadinessView';[39m
[31m+ import FounderDashboardView from './components/FounderDashboardView';[39m
[31m+ import InvestorHomeView from './components/InvestorHomeView';[39m
[31m+ import SettingsView from './components/SettingsView';[39m
[31m+ import TeamView from './components/TeamView';[39m
[31m+ import AuditLogView from './components/AuditLogView';[39m
[31m+ import MonitoringView from './components/MonitoringView';[39m
[31m+ import SecurityCenterView from './components/SecurityCenterView';[39m
[31m+ import MSPCommandCenter from './components/MSPCommandCenter';[39m
[31m+ import ReportsView from './components/ReportsView';[39m
[31m+ import TrustGraphView from './components/TrustGraphView';[39m
[31m+ import { EXTENSIONS } from './workflows/extensionRegistry';[39m
[31m+ const PUBLIC_PATHS = new Set(['/','/login','/free-review','/pricing']);[39m
[31m+ const EMPTY_CLIENTS: Client[] = []; const EMPTY_PASSPORTS: SoftwarePassport[] = []; const EMPTY_VENDORS: Vendor[] = []; const EMPTY_INTEGRATIONS: Integration[] = []; const EMPTY_SCANS: Scan[] = []; const EMPTY_ALERTS: Alert[] = [];[39m
[31m+ function deriveAlertStatus(remediationStatus: string | null | undefined, findingStatus: string | null | undefined): Alert['status'] { switch (remediationStatus) { case 'IN_PROGRESS': case 'READY_FOR_VERIFICATION': return 'Acknowledged'; case 'BLOCKED': return 'Snoozed'; case 'VERIFIED': case 'CLOSED': return 'Resolved'; case 'CANCELLED': return 'Cancelled'; case 'OPEN': return 'Active'; default: return String(findingStatus || '').toLowerCase() === 'resolved' ? 'Resolved' : 'Active'; } }[39m
[31m+ function navigate(path: string) { window.history.pushState({}, '', path); window.dispatchEvent(new PopStateEvent('popstate')); }[39m
[31m+ function usePath() { const [path, setPath] = useState(() => window.location.pathname || '/'); useEffect(() => { const update = () => setPath(window.location.pathname || '/'); window.addEventListener('popstate', update); return () => window.removeEventListener('popstate', update); }, []); return path; }[39m
[31m+ function AuthLoading() { return <div className="grid min-h-screen place-items-center bg-[#faf9f8] text-[#201f1e]"><div className="text-center"><div className="mx-auto grid h-10 w-10 place-items-center rounded bg-[#0f6cbd] text-xs font-bold text-white">S</div><div className="mt-4 text-[11px] font-semibold uppercase tracking-wide text-[#605e5c]">Securing workspace</div><div className="mt-1 text-[12px] text-[#8a8886]">Checking authenticated session…</div></div></div>; }[39m
[31m+ function CoverPage() { return <div className="min-h-screen bg-[#faf9f8] text-[#201f1e]"><div className="mx-auto flex min-h-screen max-w-5xl items-center px-6 py-16"><div className="max-w-3xl"><div className="mb-5 inline-flex items-center gap-1.5 rounded border border-[#e1dfdd] bg-white px-2.5 py-1 text-[11px] font-semibold uppercase tracking-wide text-[#605e5c]">Evidence-first software trust</div><h1 className="text-[28px] font-semibold tracking-tight md:text-[34px]">Software trust, operated as a system.</h1><p className="mt-4 max-w-2xl text-[14px] leading-6 text-[#605e5c]">Software Passport Registry turns software identity, security, provenance, reliability, compliance, and evidence into repeatable workflows for teams, buyers, and managed service providers.</p><div className="mt-6 flex flex-wrap gap-2"><button onClick={() => navigate('/login')} className="h-9 rounded bg-[#0f6cbd] px-4 text-[13px] font-semibold text-white hover:bg-[#004578]">Enter SPR</button><button onClick={() => navigate('/free-review')} className="h-9 rounded border border-[#c8c6c4] bg-white px-4 text-[13px] font-medium text-[#323130] hover:bg-black/[.03]">Free review</button></div></div></div></div>; }[39m
[31m+ function PublicPage({ title, description, action, onAction }: { title: string; description: string; action: string; onAction: () => void }) { return <div className="grid min-h-screen place-items-center bg-[#faf9f8] px-6 text-[#201f1e]"><div className="max-w-md rounded-md border border-[#e1dfdd] bg-white p-6 text-center"><div className="text-[11px] font-semibold uppercase tracking-wide text-[#605e5c]">Software Passport Registry</div><h1 className="mt-2 text-[20px] font-semibold">{title}</h1><p className="mt-2 text-[13px] leading-5 text-[#605e5c]">{description}</p><button onClick={onAction} className="mt-5 h-9 rounded bg-[#0f6cbd] px-4 text-[13px] font-semibold text-white hover:bg-[#004578]">{action}</button></div></div>; }[39m
[31m+ function WorkflowBoundary({ title, description, extensionId, onNavigate }: { title: string; description: string; extensionId?: string; onNavigate: (path: string) => void }) { const extension = extensionId ? EXTENSIONS.find((item) => item.id === extensionId) : undefined; return <section><div className="rounded-md border border-[#e1dfdd] bg-white p-5"><div className="text-[11px] font-semibold uppercase tracking-wide text-[#605e5c]">Workflow boundary</div><h1 className="mt-1.5 text-[20px] font-semibold tracking-tight">{title}</h1><p className="mt-2 max-w-2xl text-[13px] leading-5 text-[#605e5c]">{description}</p>{extension && <button onClick={() => onNavigate(extension.entryPath)} className="mt-4 h-8 rounded bg-[#0f6cbd] px-3 text-[12px] font-semibold text-white hover:bg-[#004578]">Open {extension.name} →</button>}</div></section>; }[39m
[31m+ export default function App() {[39m
[31m+  const path=usePath(); const [authReady,setAuthReady]=useState(false); const [user,setUser]=useState<User|null>(null); const [role,setRole]=useState('Viewer'); const [selectedClientId,setSelectedClientId]=useState(''); const [selectedPassportId,setSelectedPassportId]=useState<string|null>(null); const [assets,setAssets]=useState<any[]>([]); const [clients,setClients]=useState<Client[]>(EMPTY_CLIENTS); const [passports,setPassports]=useState<SoftwarePassport[]>(EMPTY_PASSPORTS); const [vendors,setVendors]=useState<Vendor[]>(EMPTY_VENDORS); const [alerts,setAlerts]=useState<Alert[]>(EMPTY_ALERTS); const [findings,setFindings]=useState<unknown[]>([]); const [scans,setScans]=useState<Scan[]>(EMPTY_SCANS); const [integrations,setIntegrations]=useState<Integration[]>(EMPTY_INTEGRATIONS); const [theme,setTheme]=useState<'light'|'dark'>('dark'); const [verificationDecisions,setVerificationDecisions]=useState<Record<string,VerificationDecision>>({}); const [verificationDetails,setVerificationDetails]=useState<Record<string,unknown>>({});[39m
[31m+  useEffect(()=>{let mounted=true;let redirectSettled=false;let observedUser:User|null=null;const timeoutId=window.setTimeout(()=>{if(mounted)setAuthReady(true)},10000);const unsubscribe=onAuthStateChanged(auth,(currentUser)=>{if(!mounted)return;observedUser=currentUser;if(!redirectSettled)return;setUser(currentUser);setAuthReady(true);window.clearTimeout(timeoutId)},()=>{if(mounted){setAuthReady(true);window.clearTimeout(timeoutId)}});void getRedirectResult(auth).then(result=>{redirectSettled=true;if(mounted)setUser(result?.user||observedUser);if(mounted)setAuthReady(true);window.clearTimeout(timeoutId)}).catch(error=>{redirectSettled=true;console.error('[Firebase redirect sign-in error]',error);if(mounted)setUser(observedUser);if(mounted)setAuthReady(true);window.clearTimeout(timeoutId)});return()=>{mounted=false;window.clearTimeout(timeoutId);unsubscribe()}},[]);[39m
[31m+  useEffect(()=>{if(authReady&&!user&&!PUBLIC_PATHS.has(path))navigate('/login')},[authReady,user,path]);[39m
[31m+  useEffect(()=>{if(!user)return;let cancelled=false;const load=async()=>{const responses=await Promise.all([apiFetch('/api/user/me'),apiFetch('/api/scans'),apiFetch('/api/trust-loop/findings'),apiFetch('/api/user/passports'),apiFetch('/api/user/clients'),apiFetch('/api/integrations'),apiFetch('/api/user/verification')]);if(responses.some(r=>r.status===401)){await signOut(auth);navigate('/login');return}const [me,scansResponse,findingsResponse,passportsResponse,clientsResponse,integrationsResponse,verificationResponse]=responses;if(verificationResponse.ok){const data=await verificationResponse.json().catch(()=>null);if(!cancelled){setVerificationDecisions(data?.verificationDecisions&&typeof data.verificationDecisions==='object'?data.verificationDecisions:{});setVerificationDetails(data?.verificationDetails&&typeof data.verificationDetails==='object'?data.verificationDetails:{})}}else if(!cancelled){setVerificationDecisions({});setVerificationDetails({})}if(me.ok){const data=await me.json().catch(()=>null);if(!cancelled)setRole(String(data?.role||'Viewer'))}if(scansResponse.ok){const data=await scansResponse.json().catch(()=>[]);if(!cancelled&&Array.isArray(data))setScans(data)}if(findingsResponse.ok){const data=await findingsResponse.json().catch(()=>[]);const rows=Array.isArray(data)?data:data?.findings;if(!cancelled&&Array.isArray(rows)){setFindings(rows);setAlerts(rows.map((row:any)=>({id:String(row.id),title:String(row.title||row.control_id||'Trust finding'),severity:String(row.severity||'Low').replace(/^./,(s:string)=>s.toUpperCase()),category:'Trust finding',clientName:String(row.client_id||'Tenant'),description:String(row.description||'Evidence-backed finding'),timestamp:String(row.updated_at||''),status:deriveAlertStatus(row.remediation_status,row.status),remediationId:row.remediation_id?String(row.remediation_id):null,ownerDisplay:row.remediation_owner_display||null,slaDueAt:row.remediation_sla_due_at||null})) as Alert[])}}if(passportsResponse.ok){const data=await passportsResponse.json().catch(()=>[]);const rows=Array.isArray(data)?data:data?.passports;if(!cancelled&&Array.isArray(rows)){const normalized=rows.map((row:any)=>({...row,id:String(row.id),name:String(row.name||'Unnamed software'),version:String(row.version||'unknown'),publisher:String(row.publisher||'unknown'),clientId:row.clientId?String(row.clientId):undefined,evidence:Array.isArray(row.evidence)?row.evidence:[],vulnerabilities:Array.isArray(row.vulnerabilities)?row.vulnerabilities:[],timeline:Array.isArray(row.timeline)?row.timeline:[],sbom:Array.isArray(row.sbom)?row.sbom:[],scores:null,scoreStatus:row.scoreStatus||'not_authoritatively_scored'})) as SoftwarePassport[];setPassports(normalized);setAssets(normalized.map((passport:any)=>({id:passport.id,name:passport.name,hostName:passport.name,type:passport.category||'software',clientId:passport.clientId,clientName:String(passport.clientId||'Unobserved'),environment:String(passport.environment||'Unobserved'),version:passport.version})));setVendors(EMPTY_VENDORS)}}if(clientsResponse.ok){const data=await clientsResponse.json().catch(()=>[]);const rows=Array.isArray(data)?data:data?.clients;if(!cancelled&&Array.isArray(rows))setClients(rows.map((row:any)=>({...row,id:String(row.id),name:String(row.name||row.company_name||'Unnamed client')})) as Client[])}if(integrationsResponse.ok){const data=await integrationsResponse.json().catch(()=>[]);if(!cancelled&&Array.isArray(data))setIntegrations(data)}};void load().catch(error=>console.warn('[SPR command center load]',error));return()=>{cancelled=true}},[user]);[39m
[31m+  useEffect(()=>{const refresh=()=>{if(user)window.location.reload()};window.addEventListener('refresh-data',refresh);return()=>window.removeEventListener('refresh-data',refresh)},[user]);[39m
[31m+  const onNavigateTab=(target:string,itemId?:string)=>navigate(itemId?`${target.startsWith('/')?target:`/${target}`}/${encodeURIComponent(itemId)}`:target.startsWith('/')?target:`/${target}`); const quickAction=(action:'add-client'|'register-passport'|'scan-sbom')=>navigate(action==='add-client'?'/clients':action==='register-passport'?'/passports':'/scans');[39m
[31m+  const performAlertAction=async(alert:Alert,action:'acknowledge'|'assign'|'resolve'|'escalate'|'snooze'|'reopen',assigneeDisplay?:string)=>{let remediationId=alert.remediationId;if(!remediationId){const created=await apiFetch('/api/trust-loop/remediations',{method:'POST',headers:{'Content-Type':'application/json'},body:JSON.stringify({findingId:alert.id,title:alert.title,description:alert.description,priority:alert.severity.toUpperCase()})});if(!created.ok)return;const createdBody=await created.json().catch(()=>null);remediationId=createdBody?.id?String(createdBody.id):undefined;if(!remediationId)return}const patchBody:Record<string,unknown>={acknowledge:{status:'IN_PROGRESS'},resolve:{status:'CLOSED'},snooze:{status:'BLOCKED'},reopen:{status:'OPEN'},escalate:{status:'IN_PROGRESS',slaDueAt:new Date(Date.now()+4*3600*1000).toISOString()},assign:{status:'IN_PROGRESS',ownerDisplay:assigneeDisplay||''}}[action];const response=await apiFetch(`/api/trust-loop/remediations/${encodeURIComponent(remediationId)}`,{method:'PATCH',headers:{'Content-Type':'application/json'},body:JSON.stringify(patchBody)});if(!response.ok)return;const updated=await response.json().catch(()=>null);setAlerts(current=>current.map(item=>item.id===alert.id?{...item,remediationId,status:deriveAlertStatus(updated?.status??String(patchBody.status),null),ownerDisplay:updated?.owner_display??(patchBody.ownerDisplay as string|undefined)??item.ownerDisplay,slaDueAt:updated?.sla_due_at??(patchBody.slaDueAt as string|undefined)??item.slaDueAt}:item))};[39m
[31m+  const selectedExtension=useMemo(()=>{const match=path.match(/^\/extensions\/([^/]+)/);return match?decodeURIComponent(match[1]):null},[path]);const signOutUser=async()=>{await signOut(auth);navigate('/login')};[39m
[31m+  if(!authReady)return <AuthLoading/>;if(path==='/')return <CoverPage/>;if(path==='/login')return user?<AuthLoading/>:<LoginView onLoginSuccess={()=>navigate('/dashboard')}/>;if(!user&&path==='/free-review')return <PublicPage title="Free software review" description="Start an evidence-first review from the public entry point." action="Sign in to continue" onAction={()=>navigate('/login')}/>;if(!user&&path==='/pricing')return <PublicPage title="SPR plans" description="Account and billing capabilities are available inside the authenticated workspace." action="Enter SPR" onAction={()=>navigate('/login')}/>;if(!user)return <AuthLoading/>;[39m
[31m+  let view:ReactNode;if(selectedExtension)view=<ExtensionWorkflow id={selectedExtension} onNavigate={navigate}/>;else switch(path){case '/dashboard':view=<EvidenceDashboardView clients={clients} alerts={alerts} scans={scans} passports={passports} findings={findings} onNavigateTab={onNavigateTab} onOpenQuickAction={quickAction}/>;break;case '/coverage':view=<CoverageView clients={clients} scans={scans} passports={passports} onNavigateTab={onNavigateTab}/>;break;case '/evidence-explorer':view=<EvidenceExplorerView passports={passports}/>;break;case '/assets':view=<AssetsView clients={clients} searchQuery="" assets={assets}/>;break;case '/passports':case '/registry':view=<PassportsView verificationDecisions={verificationDecisions} verificationDetails={verificationDetails} passports={passports} selectedPassportId={selectedPassportId} setSelectedPassportId={setSelectedPassportId} searchQuery="" clients={clients} assets={assets} role={role} onNavigateTab={onNavigateTab} onUpdatePassport={passport=>setPassports(current=>current.map(item=>item.id===passport.id?passport:item))}/>;break;case '/scans':view=<ScansView scans={scans} clients={clients} assets={assets} passports={passports} role={role} onTriggerNewScan={scan=>setScans(current=>[scan,...current.filter(item=>item.id!==scan.id)].slice(0,100))}/>;break;case '/alerts':view=<AlertsView alerts={alerts} onAlertAction={performAlertAction}/>;break;case '/reports':view=<ReportsView clients={clients} passports={passports} scans={scans} alerts={alerts} findings={findings} role={role}/>;break;case '/trust-graph':view=<TrustGraphView clients={clients} passports={passports} assets={assets} findings={findings}/>;/* onSelectPassport={setSelectedPassportId} */break;case '/clients':view=<ClientsView clients={clients} selectedClientId={selectedClientId} setSelectedClientId={setSelectedClientId} passports={passports} onNavigateTab={onNavigateTab} searchQuery=""/>;break;case '/vendors':view=<VendorsView vendors={vendors} searchQuery=""/>;break;case '/integrations':view=<IntegrationsView passports={passports} onNavigateTab={onNavigateTab}/>;break;case '/monitoring':view=<MonitoringView role={role}/>;break;case '/security':view=<SecurityCenterView clients={clients} passports={passports}/>;break;case '/compliance':view=<ComplianceView clients={clients} role={role}/>;break;case '/msp':view=<MSPCommandCenter verificationDecisions={verificationDecisions} verificationDetails={verificationDetails} clients={clients} alerts={alerts} findings={findings} role={role} onSelectClient={setSelectedClientId} onNavigate={navigate}/>;break;case '/agent-trust':view=<AgentTrustView/>;break;case '/ai-trust-center':view=<AITrustCenterView role={role}/>;break;case '/enterprise-readiness':view=<EnterpriseReadinessView clients={clients}/>;break;case '/investor':view=<InvestorHomeView passports={passports} clients={clients} alerts={alerts} onShowTelemetry={()=>navigate('/scans')} onNavigateTab={onNavigateTab}/>;break;case '/founder':view=<FounderDashboardView userRole={role}/>;break;case '/billing':view=<BillingView/>;break;case '/settings':view=<SettingsView theme={theme} onToggleTheme={()=>setTheme(current=>current==='dark'?'light':'dark')}/>;break;case '/team':view=<TeamView role={role}/>;break;case '/audit-log':view=<AuditLogView/>;break;case '/extensions':view=<ExtensionMarketplace onNavigateTab={onNavigateTab} role={role}/>;break;default:view=<WorkflowBoundary title="Workflow" description="This authenticated capability is explicitly routed through the Command Center. Choose its owning workflow from the left rail." onNavigate={navigate}/>}[39m
[31m+  return <CommandCenter path={path} userEmail={user.email} role={role} onNavigate={navigate} onSignOut={()=>void signOutUser()}>{view}</CommandCenter>;[39m
[31m+ }[39m
[31m+[39m

[36m [2m❯[22m tests/signup-race-contract.test.ts:[2m50:20[22m[39m
    [90m 48| [39m  it('App ignores a Firebase session that appears while a signup is in…
    [90m 49| [39m    [35mconst[39m source [33m=[39m [34mread[39m([32m'src/App.tsx'[39m)[33m;[39m
    [90m 50| [39m    [34mexpect[39m(source)[33m.[39m[34mtoContain[39m([32m'isSignupTransitionActive'[39m)[33m;[39m
    [90m   | [39m                   [31m^[39m
    [90m 51| [39m    // Every path that promotes a Firebase user into SPR session state…
    [90m 52| [39m    [90m// go through the guard, not setUser directly.[39m

[31m[2m⎯⎯⎯⎯⎯⎯⎯⎯⎯⎯⎯⎯⎯⎯⎯⎯⎯⎯⎯⎯[109/141]⎯[22m[39m

[41m[1m FAIL [22m[49m tests/signup-race-contract.test.ts[2m > [22m2. automatic Firebase authentication cannot overwrite the signup state[2m > [22mthe flag is raised before the account is created, not after
[31m[1mAssertionError[22m: expected 'const register = async () => {\n    i…' to contain 'endSignupTransition()'[39m

[32m- Expected[39m
[31m+ Received[39m

[32m- endSignupTransition()[39m
[31m+ const register = async () => {[39m
[31m+     if (loading || googleLoading) return;[39m
[31m+     if (!auth || !firebaseConfigured) { setError('Firebase browser configuration is missing. Add the VITE_FIREBASE_* Production variables in Vercel and redeploy.'); return; }[39m
[31m+     setLoading(true); setError(''); setNotice('');[39m
[31m+     try { const result = await createUserWithEmailAndPassword(auth, email.trim().toLowerCase(), password); await sendEmailVerification(result.user); await signOut(auth); setNotice('Account created. Check your email, verify it, then sign in.'); }[39m
[31m+     catch (err: any) { setError(authMessage(err, 'Account creation failed.')); }[39m
[31m+     finally { setLoading(false); }[39m
[31m+   };[39m
[31m+[39m
[31m+   [39m

[36m [2m❯[22m tests/signup-race-contract.test.ts:[2m66:18[22m[39m
    [90m 64| [39m    [90m// createUserWithEmailAndPassword by name.[39m
    [90m 65| [39m    expect(body.indexOf('beginSignupTransition()')).toBeLessThan(body.…
    [90m 66| [39m    [34mexpect[39m(body)[33m.[39m[34mtoContain[39m([32m'endSignupTransition()'[39m)[33m;[39m
    [90m   | [39m                 [31m^[39m
    [90m 67| [39m  })[33m;[39m
    [90m 68| [39m})[33m;[39m

[31m[2m⎯⎯⎯⎯⎯⎯⎯⎯⎯⎯⎯⎯⎯⎯⎯⎯⎯⎯⎯⎯[110/141]⎯[22m[39m

[41m[1m FAIL [22m[49m tests/slsa-provenance-route-and-ui-contract.test.ts[2m > [22mPOST /api/passports/:id/evidence/slsa-provenance[2m > [22mrequires authentication and an Owner/Admin/Operator role, matching the scan-trigger routes
[31m[1mAssertionError[22m: expected '/**\n * @license\n * SPDX-License-Ide…' to contain 'router.post(\'/passports/:id/evidence…'[39m

[32m- Expected[39m
[31m+ Received[39m

[32m- router.post('/passports/:id/evidence/slsa-provenance', requireAuth, requireRole(['Owner', 'Admin', 'Operator'])[39m
[31m+ /**[39m
[31m+  * @license[39m
[31m+  * SPDX-License-Identifier: Apache-2.0[39m
[31m+  */[39m
[31m+[39m
[31m+ import { Router } from 'express';[39m
[31m+ import { eq } from 'drizzle-orm';[39m
[31m+ import { sql } from 'drizzle-orm';[39m
[31m+ import { z } from 'zod';[39m
[31m+ import { users } from '../db/schema.ts';[39m
[31m+ import { AuthenticatedRequest, requireAuth, requireRole } from '../middleware/security.ts';[39m
[31m+ import { adminAuth, setUserCustomClaims } from '../lib/firebase-admin.ts';[39m
[31m+ import { appendAuditEntry, verifyAuditChain } from '../security/audit-log.ts';[39m
[31m+ import { describeUserAgent, sessionFingerprint } from '../security/session-tracking.ts';[39m
[31m+ import { offboardTenantData } from '../db/sync.ts';[39m
[31m+ import { INTEGRATION_CATALOG } from '../integrations/catalog.ts';[39m
[31m+ import { adaptEvidenceForEvaluation } from '../lib/verification/evidenceAdapter.ts';[39m
[31m+ import { evaluateVerification, type VerificationDecision } from '../lib/verification/evaluateVerification.ts';[39m
[31m+[39m
[31m+ const INVITABLE_ROLES = ['Admin', 'Technician', 'Viewer', 'Client'] as const;[39m
[31m+ const inviteSchema = z.object({ email: z.string().trim().email().max(255), role: z.enum(INVITABLE_ROLES) }).strict();[39m
[31m+ const roleUpdateSchema = z.object({ role: z.enum(INVITABLE_ROLES) }).strict();[39m
[31m+ const profileUpdateSchema = z.object({[39m
[31m+   displayName: z.string().trim().max(200).optional(),[39m
[31m+   roleTitle: z.string().trim().max(200).optional(),[39m
[31m+   companyName: z.string().trim().max(200).optional(),[39m
[31m+ }).strict();[39m
[31m+ const revokeSessionSchema = z.object({ sessionId: z.string().trim().min(1).max(200) }).strict();[39m
[31m+[39m
[31m+ export function createAuthRouter() {[39m
[31m+   const router = Router();[39m
[31m+[39m
[31m+   // The Firebase ID token is the sole authentication authority. The database[39m
[31m+   // record supplies the tenant/RBAC projection after token verification.[39m
[31m+   router.get('/user/me', requireAuth, async (req: AuthenticatedRequest, res, next) => {[39m
[31m+     try {[39m
[31m+       const db = req.db!;[39m
[31m+       const user = await db.select({[39m
[31m+         id: users.id,[39m
[31m+         uid: users.uid,[39m
[31m+         email: users.email,[39m
[31m+         tenantId: users.tenantId,[39m
[31m+         role: users.role,[39m
[31m+         companyName: users.companyName,[39m
[31m+         roleTitle: users.roleTitle,[39m
[31m+         displayName: users.displayName,[39m
[31m+         numTechnicians: users.numTechnicians,[39m
[31m+         clientCount: users.clientCount,[39m
[31m+         primaryUseCase: users.primaryUseCase,[39m
[31m+         onboarded: users.onboarded,[39m
[31m+         mfaEnabled: users.mfaEnabled,[39m
[31m+         createdAt: users.createdAt,[39m
[31m+       }).from(users).where(eq(users.uid, req.user!.uid)).then(rows => rows[0]);[39m
[31m+[39m
[31m+       if (!user) return res.status(403).json({ error: 'User account is not provisioned' });[39m
[31m+       return res.json({ ...user, emailVerified: req.user!.emailVerified });[39m
[31m+     } catch (error) {[39m
[31m+       return next(error);[39m
[31m+     }[39m
[31m+   });[39m
[31m+[39m
[31m+   router.put('/user/profile', requireAuth, async (req: AuthenticatedRequest, res, next) => {[39m
[31m+     try {[39m
[31m+       const db = req.db!;[39m
[31m+       const parsed = profileUpdateSchema.safeParse(req.body);[39m
[31m+       if (!parsed.success) return res.status(400).json({ error: 'Invalid request', details: parsed.error.flatten() });[39m
[31m+       const result = await db.execute(sql`[39m
[31m+         UPDATE users SET[39m
[31m+           display_name = COALESCE(${parsed.data.displayName ?? null}, display_name),[39m
[31m+           role_title = COALESCE(${parsed.data.roleTitle ?? null}, role_title),[39m
[31m+           company_name = COALESCE(${parsed.data.companyName ?? null}, company_name)[39m
[31m+         WHERE uid = ${req.user!.uid} AND tenant_id = ${req.user!.tenantId}[39m
[31m+         RETURNING id, email, display_name AS "displayName", role_title AS "roleTitle", company_name AS "companyName"[39m
[31m+       `);[39m
[31m+       const row = (result as any).rows?.[0];[39m
[31m+       if (!row) return res.status(404).json({ error: 'User account not found' });[39m
[31m+       await appendAuditEntry(db, { tenantId: req.user!.tenantId, action: 'profile.updated', actor: req.user!.email, payload: { userId: req.user!.id } });[39m
[31m+       return res.json(row);[39m
[31m+     } catch (error) {[39m
[31m+       return next(error);[39m
[31m+     }[39m
[31m+   });[39m
[31m+[39m
[31m+   router.get('/organization/team', requireAuth, async (req: AuthenticatedRequest, res, next) => {[39m
[31m+     try {[39m
[31m+       const db = req.db!;[39m
[31m+       const result = await db.execute(sql`[39m
[31m+         SELECT id, email, display_name AS "displayName", role, onboarded, created_at AS "createdAt"[39m
[31m+         FROM users WHERE tenant_id = ${req.user!.tenantId} ORDER BY created_at ASC[39m
[31m+       `);[39m
[31m+       return res.json((result as any).rows ?? []);[39m
[31m+     } catch (error) {[39m
[31m+       return next(error);[39m
[31m+     }[39m
[31m+   });[39m
[31m+[39m
[31m+   router.post('/organization/invite', requireAuth, requireRole(['Owner', 'Admin']), async (req: AuthenticatedRequest, res, next) => {[39m
[31m+     try {[39m
[31m+       const db = req.db!;[39m
[31m+       const parsed = inviteSchema.safeParse(req.body);[39m
[31m+       if (!parsed.success) return res.status(400).json({ error: 'Invalid request', details: parsed.error.flatten() });[39m
[31m+       const email = parsed.data.email.toLowerCase();[39m
[31m+[39m
[31m+       const existing = await db.execute(sql`SELECT id FROM users WHERE tenant_id = ${req.user!.tenantId} AND lower(btrim(email)) = ${email} LIMIT 1`);[39m
[31m+       if ((existing as any).rows?.length) return res.status(409).json({ error: 'This email is already a member of your workspace.' });[39m
[31m+[39m
[31m+       let firebaseUser;[39m
[31m+       try {[39m
[31m+         firebaseUser = await adminAuth.getUserByEmail(email);[39m
[31m+       } catch {[39m
[31m+         firebaseUser = await adminAuth.createUser({ email, emailVerified: false });[39m
[31m+       }[39m
[31m+[39m
[31m+       const inserted = await db.execute(sql`[39m
[31m+         INSERT INTO users (uid, email, tenant_id, role, invited_by, onboarded)[39m
[31m+         VALUES (${firebaseUser.uid}, ${email}, ${req.user!.tenantId}, ${parsed.data.role}, ${req.user!.email}, 0)[39m
[31m+         RETURNING id, email, role[39m
[31m+       `);[39m
[31m+       await setUserCustomClaims(firebaseUser.uid, { workspaceId: req.user!.tenantId, role: parsed.data.role });[39m
[31m+[39m
[31m+       let inviteLink: string | null = null;[39m
[31m+       try { inviteLink = await adminAuth.generatePasswordResetLink(email); } catch { inviteLink = null; }[39m
[31m+[39m
[31m+       await appendAuditEntry(db, { tenantId: req.user!.tenantId, action: 'team.invited', actor: req.user!.email, payload: { invitedEmail: email, role: parsed.data.role } });[39m
[31m+       return res.status(201).json({ ...(inserted as any).rows?.[0], inviteLink });[39m
[31m+     } catch (error) {[39m
[31m+       return next(error);[39m
[31m+     }[39m
[31m+   });[39m
[31m+[39m
[31m+   router.put('/organization/team/:userId/role', requireAuth, requireRole(['Owner', 'Admin']), async (req: AuthenticatedRequest, res, next) => {[39m
[31m+     try {[39m
[31m+       const db = req.db!;[39m
[31m+       const parsed = roleUpdateSchema.safeParse(req.body);[39m
[31m+       if (!parsed.success) return res.status(400).json({ error: 'Invalid request', details: parsed.error.flatten() });[39m
[31m+       const targetId = Number(req.params.userId);[39m
[31m+       if (!Number.isInteger(targetId)) return res.status(400).json({ error: 'Invalid user id' });[39m
[31m+[39m
[31m+       const result = await db.execute(sql`[39m
[31m+         UPDATE users SET role = ${parsed.data.role}[39m
[31m+         WHERE id = ${targetId} AND tenant_id = ${req.user!.tenantId} AND role <> 'Owner'[39m
[31m+         RETURNING id, uid, email, role[39m
[31m+       `);[39m
[31m+       const row = (result as any).rows?.[0];[39m
[31m+       if (!row) return res.status(404).json({ error: 'Team member not found, or the Owner role cannot be changed here.' });[39m
[31m+       await setUserCustomClaims(row.uid, { workspaceId: req.user!.tenantId, role: parsed.data.role });[39m
[31m+       await appendAuditEntry(db, { tenantId: req.user!.tenantId, action: 'team.role_changed', actor: req.user!.email, payload: { targetUserId: targetId, newRole: parsed.data.role } });[39m
[31m+       return res.json({ id: row.id, email: row.email, role: row.role });[39m
[31m+     } catch (error) {[39m
[31m+       return next(error);[39m
[31m+     }[39m
[31m+   });[39m
[31m+[39m
[31m+   router.delete('/organization/team/:userId', requireAuth, requireRole(['Owner', 'Admin']), async (req: AuthenticatedRequest, res, next) => {[39m
[31m+     try {[39m
[31m+       const db = req.db!;[39m
[31m+       const targetId = Number(req.params.userId);[39m
[31m+       if (!Number.isInteger(targetId)) return res.status(400).json({ error: 'Invalid user id' });[39m
[31m+[39m
[31m+       const result = await db.execute(sql`[39m
[31m+         DELETE FROM users WHERE id = ${targetId} AND tenant_id = ${req.user!.tenantId} AND role <> 'Owner'[39m
[31m+         RETURNING id, uid, email[39m
[31m+       `);[39m
[31m+       const row = (result as any).rows?.[0];[39m
[31m+       if (!row) return res.status(404).json({ error: 'Team member not found, or the Owner cannot be removed.' });[39m
[31m+[39m
[31m+       try { await adminAuth.updateUser(row.uid, { disabled: true }); await adminAuth.revokeRefreshTokens(row.uid); } catch { /* Firebase account may already be gone; DB removal already took effect. */ }[39m
[31m+       await appendAuditEntry(db, { tenantId: req.user!.tenantId, action: 'team.removed', actor: req.user!.email, payload: { targetUserId: targetId, targetEmail: row.email } });[39m
[31m+       return res.status(204).send();[39m
[31m+     } catch (error) {[39m
[31m+       return next(error);[39m
[31m+     }[39m
[31m+   });[39m
[31m+[39m
[31m+   router.get('/auth/sessions', requireAuth, async (req: AuthenticatedRequest, res, next) => {[39m
[31m+     try {[39m
[31m+       const db = req.db!;[39m
[31m+       const currentIp = req.ip || req.socket.remoteAddress || 'unknown';[39m
[31m+       const currentUserAgent = typeof req.headers['user-agent'] === 'string' ? req.headers['user-agent'].slice(0, 512) : '';[39m
[31m+       const currentFingerprint = sessionFingerprint(req.user!.uid, currentIp, currentUserAgent);[39m
[31m+[39m
[31m+       const result = await db.execute(sql`[39m
[31m+         SELECT id, session_fingerprint AS "sessionFingerprint", ip, user_agent AS "userAgent", last_seen_at AS "lastSeenAt"[39m
[31m+         FROM user_sessions[39m
[31m+         WHERE tenant_id = ${req.user!.tenantId} AND user_id = ${req.user!.id} AND revoked_at IS NULL[39m
[31m+         ORDER BY last_seen_at DESC[39m
[31m+       `);[39m
[31m+       const rows = ((result as any).rows ?? []) as Array<{ id: string; sessionFingerprint: string; ip: string; userAgent: string; lastSeenAt: string }>;[39m
[31m+       return res.json(rows.map(row => ({[39m
[31m+         id: row.id,[39m
[31m+         email: req.user!.email,[39m
[31m+         current: row.sessionFingerprint === currentFingerprint,[39m
[31m+         ip: row.ip,[39m
[31m+         device: describeUserAgent(row.userAgent),[39m
[31m+         location: 'Not geolocated',[39m
[31m+         lastSeenAt: row.lastSeenAt,[39m
[31m+       })));[39m
[31m+     } catch (error) {[39m
[31m+       return next(error);[39m
[31m+     }[39m
[31m+   });[39m
[31m+[39m
[31m+   router.post('/auth/sessions/revoke', requireAuth, async (req: AuthenticatedRequest, res, next) => {[39m
[31m+     try {[39m
[31m+       const db = req.db!;[39m
[31m+       const parsed = revokeSessionSchema.safeParse(req.body);[39m
[31m+       if (!parsed.success) return res.status(400).json({ error: 'Invalid request', details: parsed.error.flatten() });[39m
[31m+       const currentIp = req.ip || req.socket.remoteAddress || 'unknown';[39m
[31m+       const currentUserAgent = typeof req.headers['user-agent'] === 'string' ? req.headers['user-agent'].slice(0, 512) : '';[39m
[31m+       const currentFingerprint = sessionFingerprint(req.user!.uid, currentIp, currentUserAgent);[39m
[31m+       if (parsed.data.sessionId === `sess_${currentFingerprint}`) return res.status(400).json({ error: 'Cannot revoke the session you are currently using. Sign out instead.' });[39m
[31m+[39m
[31m+       const result = await db.execute(sql`[39m
[31m+         UPDATE user_sessions SET revoked_at = NOW()[39m
[31m+         WHERE id = ${parsed.data.sessionId} AND tenant_id = ${req.user!.tenantId} AND user_id = ${req.user!.id} AND revoked_at IS NULL[39m
[31m+         RETURNING id[39m
[31m+       `);[39m
[31m+       if (!((result as any).rows?.length)) return res.status(404).json({ error: 'Session not found' });[39m
[31m+       await appendAuditEntry(db, { tenantId: req.user!.tenantId, action: 'session.revoked', actor: req.user!.email, payload: { sessionId: parsed.data.sessionId } });[39m
[31m+       return res.status(204).send();[39m
[31m+     } catch (error) {[39m
[31m+       return next(error);[39m
[31m+     }[39m
[31m+   });[39m
[31m+[39m
[31m+   router.get('/auth/login-history', requireAuth, async (req: AuthenticatedRequest, res, next) => {[39m
[31m+     try {[39m
[31m+       const db = req.db!;[39m
[31m+       const result = await db.execute(sql`[39m
[31m+         SELECT id, ip, user_agent AS "userAgent", status, occurred_at AS "occurredAt"[39m
[31m+         FROM login_history WHERE tenant_id = ${req.user!.tenantId} AND user_id = ${req.user!.id}[39m
[31m+         ORDER BY occurred_at DESC LIMIT 50[39m
[31m+       `);[39m
[31m+       const rows = ((result as any).rows ?? []) as Array<{ id: string; ip: string; userAgent: string; status: string; occurredAt: string }>;[39m
[31m+       return res.json(rows.map(row => ({[39m
[31m+         id: row.id,[39m
[31m+         email: req.user!.email,[39m
[31m+         status: row.status,[39m
[31m+         action: 'Sign-in',[39m
[31m+         timestamp: row.occurredAt,[39m
[31m+         ip: row.ip,[39m
[31m+         location: 'Not geolocated',[39m
[31m+       })));[39m
[31m+     } catch (error) {[39m
[31m+       return next(error);[39m
[31m+     }[39m
[31m+   });[39m
[31m+[39m
[31m+   router.get('/auth/audit-chain', requireAuth, async (req: AuthenticatedRequest, res, next) => {[39m
[31m+     try {[39m
[31m+       const db = req.db!;[39m
[31m+       const beforeRaw = typeof req.query.before === 'string' ? Number(req.query.before) : null;[39m
[31m+       const before = Number.isInteger(beforeRaw) && beforeRaw! > 0 ? beforeRaw : null;[39m
[31m+       const result = before[39m
[31m+         ? await db.execute(sql`[39m
[31m+             SELECT id, action, timestamp, actor, payload, current_hash AS "currentHash", previous_hash AS "previousHash"[39m
[31m+             FROM audit_trail WHERE tenant_id = ${req.user!.tenantId} AND id < ${before} ORDER BY id DESC LIMIT 50[39m
[31m+           `)[39m
[31m+         : await db.execute(sql`[39m
[31m+         SELECT id, action, timestamp, actor, payload, current_hash AS "currentHash", previous_hash AS "previousHash"[39m
[31m+         FROM audit_trail WHERE tenant_id = ${req.user!.tenantId} ORDER BY id DESC LIMIT 50[39m
[31m+       `);[39m
[31m+       const rows = ((result as any).rows ?? []) as Array<{ id: number; action: string; timestamp: string; actor: string; payload: string; currentHash: string; previousHash: string }>;[39m
[31m+       return res.json(rows.map(row => ({[39m
[31m+         id: row.id,[39m
[31m+         action: row.action,[39m
[31m+         timestamp: row.timestamp,[39m
[31m+         actor: row.actor,[39m
[31m+         payload: row.payload,[39m
[31m+         hash: row.currentHash,[39m
[31m+         currentHash: row.currentHash,[39m
[31m+         previousHash: row.previousHash,[39m
[31m+         block: { action: row.action, userEmail: row.actor.includes('@') ? row.actor : null },[39m
[31m+       })));[39m
[31m+     } catch (error) {[39m
[31m+       return next(error);[39m
[31m+     }[39m
[31m+   });[39m
[31m+[39m
[31m+   router.get('/auth/audit-chain/verify', requireAuth, async (req: AuthenticatedRequest, res, next) => {[39m
[31m+     try {[39m
[31m+       const db = req.db!;[39m
[31m+       return res.json(await verifyAuditChain(db, req.user!.tenantId));[39m
[31m+     } catch (error) {[39m
[31m+       return next(error);[39m
[31m+     }[39m
[31m+   });[39m
[31m+[39m
[31m+   router.post('/tenant/offboard', requireAuth, requireRole('Owner'), async (req: AuthenticatedRequest, res, next) => {[39m
[31m+     try {[39m
[31m+       // Purges via the owner-role connection (not req.db): offboarding must be[39m
[31m+       // able to see every table it enumerates from information_schema, and it[39m
[31m+       // already scopes every DELETE to exactly this caller's own tenant_id.[39m
[31m+       await offboardTenantData(req.user!.tenantId);[39m
[31m+       return res.status(200).json({ message: 'Tenant data purged.' });[39m
[31m+     } catch (error) {[39m
[31m+       return next(error);[39m
[31m+     }[39m
[31m+   });[39m
[31m+[39m
[31m+   // Owner-only founder metrics. Every value is either observed from tenant[39m
[31m+   // data or explicitly reported as not verified; this endpoint never invents[39m
[31m+   // production health, security, financial, or performance telemetry.[39m
[31m+   router.get('/founder/metrics', requireAuth, requireRole('Owner'), async (req: AuthenticatedRequest, res, next) => {[39m
[31m+     try {[39m
[31m+       const db = req.db!;[39m
[31m+       const counts = await db.execute(sql`[39m
[31m+         SELECT[39m
[31m+           (SELECT COUNT(*)::int FROM clients WHERE tenant_id = ${req.user!.tenantId}) AS "clientCount",[39m
[31m+           (SELECT COUNT(*)::int FROM passports WHERE tenant_id = ${req.user!.tenantId}) AS "passportCount",[39m
[31m+           (SELECT COUNT(*)::int FROM scans WHERE tenant_id = ${req.user!.tenantId}) AS "scanCount"[39m
[31m+       `);[39m
[31m+       const row = (counts as any).rows?.[0] || {};[39m
[31m+       return res.json({[39m
[31m+         latency: 'Not verified',[39m
[31m+         capitalProtected: 'Not verified',[39m
[31m+         throughput: 'Not verified',[39m
[31m+         mitigations: 'Not verified',[39m
[31m+         overallScore: null,[39m
[31m+         auditEvents: null,[39m
[31m+         activeThreats: null,[39m
[31m+         systemIntegrity: 'Not verified',[39m
[31m+         observed: {[39m
[31m+           clientCount: Number(row.clientCount || 0),[39m
[31m+           passportCount: Number(row.passportCount || 0),[39m
[31m+           scanCount: Number(row.scanCount || 0),[39m
[31m+         },[39m
[31m+       });[39m
[31m+     } catch (error) {[39m
[31m+       return next(error);[39m
[31m+     }[39m
[31m+   });[39m
[31m+[39m
[31m+   // Owner-only operational health for the command center. Every section reads[39m
[31m+   // from the real tables the corresponding subsystem already writes -- no[39m
[31m+   // second heartbeat, delivery ledger, integration status, or audit verifier[39m
[31m+   // is created here. Sections with no real backing data are omitted rather[39m
[31m+   // than populated with placeholder values; see the `notes` field.[39m
[31m+   router.get('/founder/operations', requireAuth, requireRole('Owner'), async (req: AuthenticatedRequest, res, next) => {[39m
[31m+     try {[39m
[31m+       const db = req.db!;[39m
[31m+       const tenantId = req.user!.tenantId;[39m
[31m+       const notes: string[] = [];[39m
[31m+[39m
[31m+       // --- A. Worker/job health ---------------------------------------------[39m
[31m+       // osv-worker.ts claims agent_jobs rows (job_type osv_manifest_scan /[39m
[31m+       // repository_scan). It has no separate heartbeat row; the queue state[39m
[31m+       // itself (locked_at/locked_by, the same 10-minute staleness window the[39m
[31m+       // worker uses to reclaim stuck jobs) is the real signal.[39m
[31m+       const [osvCounts, osvStale, osvFailures, osvActivity] = await Promise.all([[39m
[31m+         db.execute(sql`SELECT job_type AS "jobType", status, COUNT(*)::int AS count FROM agent_jobs WHERE tenant_id=${tenantId} AND job_type IN ('osv_manifest_scan','repository_scan') GROUP BY job_type, status`),[39m
[31m+         db.execute(sql`SELECT COUNT(*)::int AS count FROM agent_jobs WHERE tenant_id=${tenantId} AND job_type IN ('osv_manifest_scan','repository_scan') AND status='Running' AND locked_at < NOW() - INTERVAL '10 minutes'`),[39m
[31m+         db.execute(sql`SELECT id, job_type AS "jobType", error, attempt_count AS "attemptCount", max_attempts AS "maxAttempts", updated_at AS "updatedAt" FROM agent_jobs WHERE tenant_id=${tenantId} AND job_type IN ('osv_manifest_scan','repository_scan') AND status='Failed' ORDER BY updated_at DESC LIMIT 5`),[39m
[31m+         db.execute(sql`SELECT MAX(updated_at) AS "lastActivityAt" FROM agent_jobs WHERE tenant_id=${tenantId} AND job_type IN ('osv_manifest_scan','repository_scan')`),[39m
[31m+       ]);[39m
[31m+[39m
[31m+       // monitoring-worker.ts (the file name this dashboard's spec named) is not[39m
[31m+       // imported by worker.ts and never runs in production -- confirmed dead[39m
[31m+       // code, not a running system. trust-monitoring-worker.ts is the real,[39m
[31m+       // currently-running system that plays the equivalent role (collector_jobs[39m
[31m+       // has an actual heartbeat_at column, unlike agent_jobs).[39m
[31m+       const [monitoringCounts, monitoringHeartbeat, monitoringFailures] = await Promise.all([[39m
[31m+         db.execute(sql`SELECT state, COUNT(*)::int AS count FROM collector_jobs WHERE tenant_id=${tenantId} GROUP BY state`),[39m
[31m+         db.execute(sql`SELECT MAX(heartbeat_at) AS "lastHeartbeatAt" FROM collector_jobs WHERE tenant_id=${tenantId} AND state='running'`),[39m
[31m+         db.execute(sql`SELECT id, collector_id AS "collectorId", safe_error_code AS "errorCode", safe_error_message AS "errorMessage", completed_at AS "completedAt" FROM collector_jobs WHERE tenant_id=${tenantId} AND state IN ('failed','dead_lettered') ORDER BY completed_at DESC NULLS LAST LIMIT 5`),[39m
[31m+       ]);[39m
[31m+       notes.push('monitoring-worker.ts is dead code (never imported by worker.ts); "monitoringWorker" below reflects trust-monitoring-worker.ts, the real running system for the same role.');[39m
[31m+[39m
[31m+       // --- B. Webhook delivery health ----------------------------------------[39m
[31m+       const [webhookCounts, webhookEndpoints, webhookFailures] = await Promise.all([[39m
[31m+         db.execute(sql`SELECT status, COUNT(*)::int AS count FROM spr_webhook_deliveries WHERE tenant_id=${tenantId} AND created_at::timestamptz > NOW() - INTERVAL '7 days' GROUP BY status`),[39m
[31m+         db.execute(sql`SELECT COUNT(*) FILTER (WHERE active)::int AS "activeCount", COUNT(*) FILTER (WHERE NOT active)::int AS "disabledCount" FROM spr_webhooks WHERE tenant_id=${tenantId}`),[39m
[31m+         db.execute(sql`SELECT d.id, d.webhook_id AS "webhookId", w.url, d.event_type AS "eventType", d.safe_error_code AS "errorCode", d.safe_error_message AS "errorMessage", d.completed_at AS "completedAt" FROM spr_webhook_deliveries d JOIN spr_webhooks w ON w.id=d.webhook_id AND w.tenant_id=d.tenant_id WHERE d.tenant_id=${tenantId} AND d.status IN ('failed','dead_lettered') ORDER BY d.completed_at DESC NULLS LAST LIMIT 10`),[39m
[31m+       ]);[39m
[31m+       notes.push('Webhook failures are grouped by destination endpoint (webhookId/url), not "provider" -- SPR webhooks are user-configured destination URLs, not third-party provider connectors; there is no per-provider concept for outbound deliveries.');[39m
[31m+[39m
[31m+       // --- C. Integration health ----------------------------------------------[39m
[31m+       const [credentialRows, integrationRows] = await Promise.all([[39m
[31m+         db.execute(sql`SELECT provider, status, last_tested_at AS "lastTestedAt" FROM integration_credentials WHERE tenant_id=${tenantId}`),[39m
[31m+         db.execute(sql`SELECT name, connected, last_sync_date AS "lastSyncDate" FROM integrations WHERE tenant_id=${tenantId}`),[39m
[31m+       ]);[39m
[31m+       const credentialByProvider = new Map<string, any>((credentialRows as any).rows?.map((r: any) => [r.provider, r]) ?? []);[39m
[31m+       const integrationByName = new Map<string, any>((integrationRows as any).rows?.map((r: any) => [r.name, r]) ?? []);[39m
[31m+       const integrations = INTEGRATION_CATALOG.map((item) => ({[39m
[31m+         provider: item.provider,[39m
[31m+         name: item.name,[39m
[31m+         connected: Boolean(integrationByName.get(item.name)?.connected),[39m
[31m+         lastSyncDate: integrationByName.get(item.name)?.lastSyncDate ?? null,[39m
[31m+         credentialStatus: credentialByProvider.get(item.provider)?.status ?? 'NOT_CONFIGURED',[39m
[31m+         lastTestedAt: credentialByProvider.get(item.provider)?.lastTestedAt ?? null,[39m
[31m+       }));[39m
[31m+[39m
[31m+       // --- D. Audit chain integrity --------------------------------------------[39m
[31m+       // Reuses the exact function GET /api/auth/audit-chain/verify calls --[39m
[31m+       // no second verifier.[39m
[31m+       const auditChain = await verifyAuditChain(db, tenantId);[39m
[31m+[39m
[31m+       // --- E. Scan / job queue --------------------------------------------------[39m
[31m+       const [runningRepoScans, complianceSchedules] = await Promise.all([[39m
[31m+         db.execute(sql`SELECT id, passport_id AS "passportId", status, progress, updated_at AS "updatedAt" FROM agent_jobs WHERE tenant_id=${tenantId} AND job_type='repository_scan' AND status='Running' ORDER BY updated_at DESC LIMIT 10`),[39m
[31m+         db.execute(sql`SELECT id, client_id AS "clientId", frequency, status, last_audit_at AS "lastAuditAt", next_audit_at AS "nextAuditAt" FROM compliance_schedules WHERE tenant_id=${tenantId} ORDER BY COALESCE(last_audit_at, created_at) DESC LIMIT 10`),[39m
[31m+       ]);[39m
[31m+[39m
[31m+       return res.json({[39m
[31m+         generatedAt: new Date().toISOString(),[39m
[31m+         workers: {[39m
[31m+           osv: {[39m
[31m+             countsByStatus: (osvCounts as any).rows ?? [],[39m
[31m+             staleRunningCount: Number((osvStale as any).rows?.[0]?.count ?? 0),[39m
[31m+             recentFailures: (osvFailures as any).rows ?? [],[39m
[31m+             lastActivityAt: (osvActivity as any).rows?.[0]?.lastActivityAt ?? null,[39m
[31m+           },[39m
[31m+           monitoringWorker: {[39m
[31m+             realSource: 'trust-monitoring-worker.ts (collector_jobs)',[39m
[31m+             countsByState: (monitoringCounts as any).rows ?? [],[39m
[31m+             lastHeartbeatAt: (monitoringHeartbeat as any).rows?.[0]?.lastHeartbeatAt ?? null,[39m
[31m+             recentFailures: (monitoringFailures as any).rows ?? [],[39m
[31m+           },[39m
[31m+         },[39m
[31m+         webhooks: {[39m
[31m+           countsByStatusLast7Days: (webhookCounts as any).rows ?? [],[39m
[31m+           activeEndpoints: Number((webhookEndpoints as any).rows?.[0]?.activeCount ?? 0),[39m
[31m+           disabledEndpoints: Number((webhookEndpoints as any).rows?.[0]?.disabledCount ?? 0),[39m
[31m+           recentFailures: (webhookFailures as any).rows ?? [],[39m
[31m+         },[39m
[31m+         integrations,[39m
[31m+         auditChain,[39m
[31m+         queue: {[39m
[31m+           runningRepositoryScans: (runningRepoScans as any).rows ?? [],[39m
[31m+           recentlyFailedJobs: (osvFailures as any).rows ?? [],[39m
[31m+           complianceSchedules: (complianceSchedules as any).rows ?? [],[39m
[31m+         },[39m
[31m+         notes,[39m
[31m+       });[39m
[31m+     } catch (error) {[39m
[31m+       return next(error);[39m
[31m+     }[39m
[31m+   });[39m
[31m+[39m
[31m+   // Owner-only self-passport retrieval. Absence of evidence is represented as[39m
[31m+   // a 404 instead of a fabricated passport or trust score.[39m
[31m+   router.get('/passports/self-passport', requireAuth, requireRole('Owner'), async (req: AuthenticatedRequest, res, next) => {[39m
[31m+     try {[39m
[31m+       const db = req.db!;[39m
[31m+       const result = await db.execute(sql`[39m
[31m+         SELECT[39m
[31m+           id,[39m
[31m+           name,[39m
[31m+           version,[39m
[31m+           publisher,[39m
[31m+           release_date AS "releaseDate",[39m
[31m+           evidence[39m
[31m+         FROM passports[39m
[31m+         WHERE tenant_id = ${req.user!.tenantId}[39m
[31m+         ORDER BY release_date DESC NULLS LAST, id DESC[39m
[31m+         LIMIT 1[39m
[31m+       `);[39m
[31m+       const row = (result as any).rows?.[0];[39m
[31m+       if (!row) return res.status(404).json({ error: 'Self passport evidence not found', code: 'SELF_PASSPORT_NOT_FOUND' });[39m
[31m+       return res.json({[39m
[31m+         ...row,[39m
[31m+         overallScore: null,[39m
[31m+         healthStatus: 'Not verified',[39m
[31m+         evidence: Array.isArray(row.evidence) ? row.evidence : [],[39m
[31m+       });[39m
[31m+     } catch (error) {[39m
[31m+       return next(error);[39m
[31m+     }[39m
[31m+   });[39m
[31m+[39m
[31m+   // Firebase-authenticated, tenant-scoped reads for the first-party SPA.[39m
[31m+   // These are deliberately separate from /connect/v1, which is API-key based.[39m
[31m+   router.get('/user/clients', requireAuth, async (req: AuthenticatedRequest, res, next) => {[39m
[31m+     try {[39m
[31m+       const db = req.db!;[39m
[31m+       const result = await db.execute(sql`SELECT id, name, domain, industry, trust_score AS "trustScore", risk_level AS "riskLevel", avatar_color AS "avatarColor", subscription_tier AS "subscriptionTier", joined_date AS "joinedDate", team_count AS "teamCount", passport_count AS "passportCount", critical_risks_count AS "criticalRisksCount", compliance_progress AS "complianceProgress", software_inventory AS "softwareInventory", compliance_status AS "complianceStatus", team_members AS "teamMembers", activity_timeline AS "activityTimeline" FROM clients WHERE tenant_id=${req.user!.tenantId} ORDER BY joined_date DESC`);[39m
[31m+       return res.json((result as any).rows || []);[39m
[31m+     } catch (error) {[39m
[31m+       return next(error);[39m
[31m+     }[39m
[31m+   });[39m
[31m+[39m
[31m+   router.get('/user/passports', requireAuth, async (req: AuthenticatedRequest, res, next) => {[39m
[31m+     try {[39m
[31m+       const db = req.db!;[39m
[31m+       const result = await db.execute(sql`SELECT p.id, p.client_id AS "clientId", p.name, p.version, p.publisher, p.category, p.release_date AS "releaseDate", p.license_type AS "licenseType", p.sbom, COALESCE((SELECT json_agg(json_build_object('id', e.id, 'name', e.name, 'type', e.type, 'verified', e.verified, 'status', e.status, 'signer', e.signer, 'timestamp', e.timestamp, 'hash', e.hash, 'engineId', e.engine_id, 'verificationFailureReason', e.verification_failure_reason) ORDER BY e.timestamp DESC) FROM evidence_items e WHERE e.tenant_id=p.tenant_id AND e.asset_id=p.id), '[]'::json) AS evidence, COALESCE((SELECT json_agg(json_build_object('id', f.id, 'findingId', f.id, 'severity', f.severity, 'category', f.category, 'title', f.title, 'description', f.description, 'component', f.component, 'fixedVersion', f.fixed_version, 'status', f.status, 'detectedAt', f.detected_at, 'engineId', f.engine_id) ORDER BY f.detected_at DESC) FROM scan_findings f WHERE f.tenant_id=p.tenant_id AND f.asset_id=p.id), '[]'::json) AS vulnerabilities, p.timeline, NULL AS scores, 'not_authoritatively_scored' AS "scoreStatus" FROM passports p WHERE p.tenant_id=${req.user!.tenantId} ORDER BY p.name ASC`);[39m
[31m+       return res.json((result as any).rows || []);[39m
[31m+     } catch (error) {[39m
[31m+       return next(error);[39m
[31m+     }[39m
[31m+   });[39m
[31m+[39m
[31m+   router.get('/user/extensions', requireAuth, async (req: AuthenticatedRequest, res, next) => {[39m
[31m+     try {[39m
[31m+       const db = req.db!;[39m
[31m+       const result = await db.execute(sql`SELECT extension_id AS "extensionId", installed_at AS "installedAt" FROM extension_installations WHERE tenant_id=${req.user!.tenantId} ORDER BY installed_at DESC`);[39m
[31m+       return res.json((result as any).rows || []);[39m
[31m+     } catch (error) {[39m
[31m+       return next(error);[39m
[31m+     }[39m
[31m+   });[39m
[31m+[39m
[31m+   router.post('/user/extensions/:extensionId', requireAuth, requireRole(['Owner', 'Admin', 'Operator']), async (req: AuthenticatedRequest, res, next) => {[39m
[31m+     try {[39m
[31m+       const extensionId = String(req.params.extensionId || '').trim();[39m
[31m+       if (!/^[A-Za-z0-9_.-]{1,120}$/.test(extensionId)) return res.status(400).json({ error: 'Invalid extension id' });[39m
[31m+       const db = req.db!;[39m
[31m+       const result = await db.execute(sql`INSERT INTO extension_installations (tenant_id, extension_id, installed_at) VALUES (${req.user!.tenantId}, ${extensionId}, NOW()) ON CONFLICT (tenant_id, extension_id) DO UPDATE SET installed_at=NOW() RETURNING extension_id AS "extensionId", installed_at AS "installedAt"`);[39m
[31m+       return res.status(201).json((result as any).rows?.[0]);[39m
[31m+     } catch (error) {[39m
[31m+       return next(error);[39m
[31m+     }[39m
[31m+   });[39m
[31m+[39m
[31m+   router.delete('/user/extensions/:extensionId', requireAuth, requireRole(['Owner', 'Admin', 'Operator']), async (req: AuthenticatedRequest, res, next) => {[39m
[31m+     try {[39m
[31m+       const db = req.db!;[39m
[31m+       const extensionId = String(req.params.extensionId || '').trim();[39m
[31m+       const result = await db.execute(sql`DELETE FROM extension_installations WHERE tenant_id=${req.user!.tenantId} AND extension_id=${extensionId} RETURNING extension_id`);[39m
[31m+       if (!((result as any).rows?.length)) return res.status(404).json({ error: 'Extension installation not found' });[39m
[31m+       return res.status(204).send();[39m
[31m+     } catch (error) {[39m
[31m+       return next(error);[39m
[31m+     }[39m
[31m+   });[39m
[31m+[39m
[31m+   router.get('/auth/verify-status', requireAuth, async (req: AuthenticatedRequest, res) => {[39m
[31m+     return res.json({ verified: req.user!.emailVerified, emailVerified: req.user!.emailVerified });[39m
[31m+   });[39m
[31m+[39m
[31m+[39m
[31m+[39m
[31m+   router.get('/user/passports/:id/verification', requireAuth, async (req: AuthenticatedRequest, res, next) => {[39m
[31m+     try {[39m
[31m+       const db = req.db!;[39m
[31m+       const tenantId = req.user!.tenantId;[39m
[31m+       const clientScope = req.user!.role === 'Client' ? (req.user as any).clientId : null;[39m
[31m+       const passportResult = await db.execute(sql`SELECT id, version, evidence, client_id AS "clientId" FROM passports WHERE id=${req.params.id} AND tenant_id=${tenantId} AND (${clientScope} IS NULL OR client_id=${clientScope}) LIMIT 1`) as any;[39m
[31m+       const passport = passportResult.rows?.[0];[39m
[31m+       if (!passport) return res.status(404).json({ error: 'Passport not found' });[39m
[31m+       const findingResult = await db.execute(sql`SELECT id, passport_id AS "passportId", evidence_ids, status FROM trust_findings WHERE tenant_id=${tenantId} AND passport_id=${passport.id}`) as any;[39m
[31m+       const parseJson = (value: unknown): unknown[] => { try { const parsed = JSON.parse(String(value ?? '')); return Array.isArray(parsed) ? parsed : []; } catch { return []; } };[39m
[31m+       const openFindingEvidenceIds = (findingResult.rows ?? []).filter((row: any) => !['resolved','closed','verified'].includes(String(row.status || '').toLowerCase())).flatMap((row: any) => parseJson(row.evidence_ids)).filter((id: any): id is string => typeof id === 'string');[39m
[31m+       const adapted = adaptEvidenceForEvaluation({ evidence: parseJson(passport.evidence) as any[], passportVersion: passport.version, openFindingEvidenceIds });[39m
[31m+       const evaluatedAt = Date.now();[39m
[31m+       const decision = evaluateVerification({ evidence: adapted.evidence, evaluatedAt, targetIdentity: adapted.targetIdentity });[39m
[31m+       res.setHeader('Cache-Control', 'private, max-age=0, no-store');[39m
[31m+       return res.json({ decision, observations: decision.observationCount, independentSources: decision.independentSourceCount });[39m
[31m+     } catch (error) { return next(error); }[39m
[31m+   });[39m
[31m+[39m
[31m+   router.get('/user/verification', requireAuth, async (req: AuthenticatedRequest, res, next) => {[39m
[31m+     try {[39m
[31m+       const db = req.db!;[39m
[31m+       const tenantId = req.user!.tenantId;[39m
[31m+       const clientScope = req.user!.role === 'Client' ? (req.user as any).clientId : null;[39m
[31m+       const passportRows = (await db.execute(sql`SELECT id, version, evidence, client_id AS "clientId" FROM passports WHERE tenant_id=${tenantId} AND (${clientScope} IS NULL OR client_id=${clientScope}) ORDER BY id`) as any).rows ?? [];[39m
[31m+       const passportIds = passportRows.map((row: any) => String(row.id));[39m
[31m+       const parseJson = (value: unknown): unknown[] => { try { const parsed = JSON.parse(String(value ?? '')); return Array.isArray(parsed) ? parsed : []; } catch { return []; } };[39m
[31m+       // Drizzle's proven one-query binding shape for the passport findings is[39m
[31m+       // `asset_id IN ${passportIds}`; do not replace this with ANY(array).[39m
[31m+       const findingRows = passportIds.length ? ((await db.execute(sql`SELECT id, passport_id AS "passportId", evidence_ids, status FROM trust_findings WHERE tenant_id=${tenantId} AND passport_id IN ${passportIds}`) as any).rows ?? []) : [];[39m
[31m+       const evidenceByPassport = new Map<string, any[]>();[39m
[31m+       for (const passport of passportRows) evidenceByPassport.set(String(passport.id), parseJson(passport.evidence) as any[]);[39m
[31m+       const evaluatedAt = Date.now();[39m
[31m+       const verificationDecisions: Record<string, VerificationDecision> = {};[39m
[31m+       const verificationDetails: Record<string, unknown> = {};[39m
[31m+       for (const passport of passportRows) {[39m
[31m+         const findings = findingRows.filter((row: any) => String(row.passportId) === String(passport.id));[39m
[31m+         const openFindingEvidenceIds = findings.filter((row: any) => !['resolved','closed','verified'].includes(String(row.status || '').toLowerCase())).flatMap((row: any) => parseJson(row.evidence_ids)).filter((id: any): id is string => typeof id === 'string');[39m
[31m+         const adapted = adaptEvidenceForEvaluation({ evidence: evidenceByPassport.get(String(passport.id)) ?? [], passportVersion: passport.version, openFindingEvidenceIds });[39m
[31m+         const decision = evaluateVerification({ evidence: adapted.evidence, evaluatedAt, targetIdentity: adapted.targetIdentity });[39m
[31m+         verificationDecisions[String(passport.id)] = decision;[39m
[31m+         verificationDetails[String(passport.id)] = { unmappedCount: adapted.unmappedCount, undatedCount: adapted.undatedCount, observations: decision.observationCount, independentSources: decision.independentSourceCount };[39m
[31m+       }[39m
[31m+       res.setHeader('Cache-Control', 'private, max-age=0, no-store');[39m
[31m+       return res.json({ verificationDecisions, verificationDetails });[39m
[31m+     } catch (error) { return next(error); }[39m
[31m+   });[39m
[31m+[39m
[31m+   return router;[39m
[31m+ }[39m
[31m+[39m

[36m [2m❯[22m tests/slsa-provenance-route-and-ui-contract.test.ts:[2m19:22[22m[39m
    [90m 17| [39m
    [90m 18| [39m  it('requires authentication and an Owner/Admin/Operator role, matchi…
    [90m 19| [39m    expect(source()).toContain("router.post('/passports/:id/evidence/s…
    [90m   | [39m                     [31m^[39m
    [90m 20| [39m  })[33m;[39m
    [90m 21| [39m

[31m[2m⎯⎯⎯⎯⎯⎯⎯⎯⎯⎯⎯⎯⎯⎯⎯⎯⎯⎯⎯⎯[111/141]⎯[22m[39m

[41m[1m FAIL [22m[49m tests/slsa-provenance-route-and-ui-contract.test.ts[2m > [22mPOST /api/passports/:id/evidence/slsa-provenance[2m > [22mis scoped to the caller's own tenant when looking up the passport
[31m[1mAssertionError[22m: expected '' to contain 'WHERE id=${passportId} AND tenant_id=…'[39m

[32m- Expected[39m
[31m+ Received[39m

[32m- WHERE id=${passportId} AND tenant_id=${tenantId}[39m

[36m [2m❯[22m tests/slsa-provenance-route-and-ui-contract.test.ts:[2m24:18[22m[39m
    [90m 22| [39m  it('is scoped to the caller\'s own tenant when looking up the passpo…
    [90m 23| [39m    [35mconst[39m body [33m=[39m [34mrouteBody[39m()[33m;[39m
    [90m 24| [39m    expect(body).toContain('WHERE id=${passportId} AND tenant_id=${ten…
    [90m   | [39m                 [31m^[39m
    [90m 25| [39m  })[33m;[39m
    [90m 26| [39m

[31m[2m⎯⎯⎯⎯⎯⎯⎯⎯⎯⎯⎯⎯⎯⎯⎯⎯⎯⎯⎯⎯[112/141]⎯[22m[39m

[41m[1m FAIL [22m[49m tests/slsa-provenance-route-and-ui-contract.test.ts[2m > [22mPOST /api/passports/:id/evidence/slsa-provenance[2m > [22mindependently re-verifies the submitted statement -- it never trusts the caller's claim
[31m[1mAssertionError[22m: expected '' to contain 'verifySlsaProvenance(parsed.data.stat…'[39m

[32m- Expected[39m
[31m+ Received[39m

[32m- verifySlsaProvenance(parsed.data.statement, parsed.data.hash)[39m

[36m [2m❯[22m tests/slsa-provenance-route-and-ui-contract.test.ts:[2m29:18[22m[39m
    [90m 27| [39m  it('independently re-verifies the submitted statement -- it never tr…
    [90m 28| [39m    [35mconst[39m body [33m=[39m [34mrouteBody[39m()[33m;[39m
    [90m 29| [39m    expect(body).toContain('verifySlsaProvenance(parsed.data.statement…
    [90m   | [39m                 [31m^[39m
    [90m 30| [39m  })[33m;[39m
    [90m 31| [39m

[31m[2m⎯⎯⎯⎯⎯⎯⎯⎯⎯⎯⎯⎯⎯⎯⎯⎯⎯⎯⎯⎯[113/141]⎯[22m[39m

[41m[1m FAIL [22m[49m tests/slsa-provenance-route-and-ui-contract.test.ts[2m > [22mPOST /api/passports/:id/evidence/slsa-provenance[2m > [22mnever accumulates duplicate SLSA rows -- a prior result for this passport is replaced, not appended
[31m[1mAssertionError[22m: expected '' to contain 'DELETE FROM evidence_items WHERE tena…'[39m

[32m- Expected[39m
[31m+ Received[39m

[32m- DELETE FROM evidence_items WHERE tenant_id=${tenantId} AND asset_id=${passportId} AND type='Attestation' AND name='SLSA Provenance Attestation'[39m

[36m [2m❯[22m tests/slsa-provenance-route-and-ui-contract.test.ts:[2m34:18[22m[39m
    [90m 32| [39m  it('never accumulates duplicate SLSA rows -- a prior result for this…
    [90m 33| [39m    [35mconst[39m body [33m=[39m [34mrouteBody[39m()[33m;[39m
    [90m 34| [39m    expect(body).toContain("DELETE FROM evidence_items WHERE tenant_id…
    [90m   | [39m                 [31m^[39m
    [90m 35| [39m  })[33m;[39m
    [90m 36| [39m

[31m[2m⎯⎯⎯⎯⎯⎯⎯⎯⎯⎯⎯⎯⎯⎯⎯⎯⎯⎯⎯⎯[114/141]⎯[22m[39m

[41m[1m FAIL [22m[49m tests/slsa-provenance-route-and-ui-contract.test.ts[2m > [22mPOST /api/passports/:id/evidence/slsa-provenance[2m > [22mrecords the DB status/verified flag from the independent verification result, not a hardcoded value
[31m[1mAssertionError[22m: expected '' to contain '${result.outcome === \'VERIFIED\' ? 1…'[39m

[32m- Expected[39m
[31m+ Received[39m

[32m- ${result.outcome === 'VERIFIED' ? 1 : 0}, ${result.outcome}[39m

[36m [2m❯[22m tests/slsa-provenance-route-and-ui-contract.test.ts:[2m39:18[22m[39m
    [90m 37| [39m  it('records the DB status/verified flag from the independent verific…
    [90m 38| [39m    [35mconst[39m body [33m=[39m [34mrouteBody[39m()[33m;[39m
    [90m 39| [39m    expect(body).toContain("${result.outcome === 'VERIFIED' ? 1 : 0}, …
    [90m   | [39m                 [31m^[39m
    [90m 40| [39m  })[33m;[39m
    [90m 41| [39m

[31m[2m⎯⎯⎯⎯⎯⎯⎯⎯⎯⎯⎯⎯⎯⎯⎯⎯⎯⎯⎯⎯[115/141]⎯[22m[39m

[41m[1m FAIL [22m[49m tests/slsa-provenance-route-and-ui-contract.test.ts[2m > [22mPOST /api/passports/:id/evidence/slsa-provenance[2m > [22maudits both a verified and a failed outcome
[31m[1mAssertionError[22m: expected '' to contain 'result.outcome === \'VERIFIED\' ? \'e…'[39m

[32m- Expected[39m
[31m+ Received[39m

[32m- result.outcome === 'VERIFIED' ? 'evidence.slsa_provenance.verified' : 'evidence.slsa_provenance.failed'[39m

[36m [2m❯[22m tests/slsa-provenance-route-and-ui-contract.test.ts:[2m44:18[22m[39m
    [90m 42| [39m  [34mit[39m([32m'audits both a verified and a failed outcome'[39m[33m,[39m () [33m=>[39m {
    [90m 43| [39m    [35mconst[39m body [33m=[39m [34mrouteBody[39m()[33m;[39m
    [90m 44| [39m    expect(body).toContain("result.outcome === 'VERIFIED' ? 'evidence.…
    [90m   | [39m                 [31m^[39m
    [90m 45| [39m  })[33m;[39m
    [90m 46| [39m

[31m[2m⎯⎯⎯⎯⎯⎯⎯⎯⎯⎯⎯⎯⎯⎯⎯⎯⎯⎯⎯⎯[116/141]⎯[22m[39m

[41m[1m FAIL [22m[49m tests/slsa-provenance-route-and-ui-contract.test.ts[2m > [22mPOST /api/passports/:id/evidence/slsa-provenance[2m > [22mrecomputes the passport's trust score through the single canonical scoring engine after recording new evidence
[31m[1mAssertionError[22m: expected '' to contain 'await calculateAndStoreTrustScore(pas…'[39m

[32m- Expected[39m
[31m+ Received[39m

[32m- await calculateAndStoreTrustScore(passportId, tenantId);[39m

[36m [2m❯[22m tests/slsa-provenance-route-and-ui-contract.test.ts:[2m49:18[22m[39m
    [90m 47| [39m  it('recomputes the passport\'s trust score through the single canoni…
    [90m 48| [39m    [35mconst[39m body [33m=[39m [34mrouteBody[39m()[33m;[39m
    [90m 49| [39m    expect(body).toContain('await calculateAndStoreTrustScore(passport…
    [90m   | [39m                 [31m^[39m
    [90m 50| [39m  })[33m;[39m
    [90m 51| [39m

[31m[2m⎯⎯⎯⎯⎯⎯⎯⎯⎯⎯⎯⎯⎯⎯⎯⎯⎯⎯⎯⎯[117/141]⎯[22m[39m

[41m[1m FAIL [22m[49m tests/slsa-provenance-route-and-ui-contract.test.ts[2m > [22mPOST /api/passports/:id/evidence/slsa-provenance[2m > [22mGET /user/passports surfaces rawContent and failureReason so the UI can render real evidence detail
[31m[1mAssertionError[22m: expected '/**\n * @license\n * SPDX-License-Ide…' to contain '\'failureReason\', e.verification_fai…'[39m

[32m- Expected[39m
[31m+ Received[39m

[32m- 'failureReason', e.verification_failure_reason, 'rawContent', e.raw_content[39m
[31m+ /**[39m
[31m+  * @license[39m
[31m+  * SPDX-License-Identifier: Apache-2.0[39m
[31m+  */[39m
[31m+[39m
[31m+ import { Router } from 'express';[39m
[31m+ import { eq } from 'drizzle-orm';[39m
[31m+ import { sql } from 'drizzle-orm';[39m
[31m+ import { z } from 'zod';[39m
[31m+ import { users } from '../db/schema.ts';[39m
[31m+ import { AuthenticatedRequest, requireAuth, requireRole } from '../middleware/security.ts';[39m
[31m+ import { adminAuth, setUserCustomClaims } from '../lib/firebase-admin.ts';[39m
[31m+ import { appendAuditEntry, verifyAuditChain } from '../security/audit-log.ts';[39m
[31m+ import { describeUserAgent, sessionFingerprint } from '../security/session-tracking.ts';[39m
[31m+ import { offboardTenantData } from '../db/sync.ts';[39m
[31m+ import { INTEGRATION_CATALOG } from '../integrations/catalog.ts';[39m
[31m+ import { adaptEvidenceForEvaluation } from '../lib/verification/evidenceAdapter.ts';[39m
[31m+ import { evaluateVerification, type VerificationDecision } from '../lib/verification/evaluateVerification.ts';[39m
[31m+[39m
[31m+ const INVITABLE_ROLES = ['Admin', 'Technician', 'Viewer', 'Client'] as const;[39m
[31m+ const inviteSchema = z.object({ email: z.string().trim().email().max(255), role: z.enum(INVITABLE_ROLES) }).strict();[39m
[31m+ const roleUpdateSchema = z.object({ role: z.enum(INVITABLE_ROLES) }).strict();[39m
[31m+ const profileUpdateSchema = z.object({[39m
[31m+   displayName: z.string().trim().max(200).optional(),[39m
[31m+   roleTitle: z.string().trim().max(200).optional(),[39m
[31m+   companyName: z.string().trim().max(200).optional(),[39m
[31m+ }).strict();[39m
[31m+ const revokeSessionSchema = z.object({ sessionId: z.string().trim().min(1).max(200) }).strict();[39m
[31m+[39m
[31m+ export function createAuthRouter() {[39m
[31m+   const router = Router();[39m
[31m+[39m
[31m+   // The Firebase ID token is the sole authentication authority. The database[39m
[31m+   // record supplies the tenant/RBAC projection after token verification.[39m
[31m+   router.get('/user/me', requireAuth, async (req: AuthenticatedRequest, res, next) => {[39m
[31m+     try {[39m
[31m+       const db = req.db!;[39m
[31m+       const user = await db.select({[39m
[31m+         id: users.id,[39m
[31m+         uid: users.uid,[39m
[31m+         email: users.email,[39m
[31m+         tenantId: users.tenantId,[39m
[31m+         role: users.role,[39m
[31m+         companyName: users.companyName,[39m
[31m+         roleTitle: users.roleTitle,[39m
[31m+         displayName: users.displayName,[39m
[31m+         numTechnicians: users.numTechnicians,[39m
[31m+         clientCount: users.clientCount,[39m
[31m+         primaryUseCase: users.primaryUseCase,[39m
[31m+         onboarded: users.onboarded,[39m
[31m+         mfaEnabled: users.mfaEnabled,[39m
[31m+         createdAt: users.createdAt,[39m
[31m+       }).from(users).where(eq(users.uid, req.user!.uid)).then(rows => rows[0]);[39m
[31m+[39m
[31m+       if (!user) return res.status(403).json({ error: 'User account is not provisioned' });[39m
[31m+       return res.json({ ...user, emailVerified: req.user!.emailVerified });[39m
[31m+     } catch (error) {[39m
[31m+       return next(error);[39m
[31m+     }[39m
[31m+   });[39m
[31m+[39m
[31m+   router.put('/user/profile', requireAuth, async (req: AuthenticatedRequest, res, next) => {[39m
[31m+     try {[39m
[31m+       const db = req.db!;[39m
[31m+       const parsed = profileUpdateSchema.safeParse(req.body);[39m
[31m+       if (!parsed.success) return res.status(400).json({ error: 'Invalid request', details: parsed.error.flatten() });[39m
[31m+       const result = await db.execute(sql`[39m
[31m+         UPDATE users SET[39m
[31m+           display_name = COALESCE(${parsed.data.displayName ?? null}, display_name),[39m
[31m+           role_title = COALESCE(${parsed.data.roleTitle ?? null}, role_title),[39m
[31m+           company_name = COALESCE(${parsed.data.companyName ?? null}, company_name)[39m
[31m+         WHERE uid = ${req.user!.uid} AND tenant_id = ${req.user!.tenantId}[39m
[31m+         RETURNING id, email, display_name AS "displayName", role_title AS "roleTitle", company_name AS "companyName"[39m
[31m+       `);[39m
[31m+       const row = (result as any).rows?.[0];[39m
[31m+       if (!row) return res.status(404).json({ error: 'User account not found' });[39m
[31m+       await appendAuditEntry(db, { tenantId: req.user!.tenantId, action: 'profile.updated', actor: req.user!.email, payload: { userId: req.user!.id } });[39m
[31m+       return res.json(row);[39m
[31m+     } catch (error) {[39m
[31m+       return next(error);[39m
[31m+     }[39m
[31m+   });[39m
[31m+[39m
[31m+   router.get('/organization/team', requireAuth, async (req: AuthenticatedRequest, res, next) => {[39m
[31m+     try {[39m
[31m+       const db = req.db!;[39m
[31m+       const result = await db.execute(sql`[39m
[31m+         SELECT id, email, display_name AS "displayName", role, onboarded, created_at AS "createdAt"[39m
[31m+         FROM users WHERE tenant_id = ${req.user!.tenantId} ORDER BY created_at ASC[39m
[31m+       `);[39m
[31m+       return res.json((result as any).rows ?? []);[39m
[31m+     } catch (error) {[39m
[31m+       return next(error);[39m
[31m+     }[39m
[31m+   });[39m
[31m+[39m
[31m+   router.post('/organization/invite', requireAuth, requireRole(['Owner', 'Admin']), async (req: AuthenticatedRequest, res, next) => {[39m
[31m+     try {[39m
[31m+       const db = req.db!;[39m
[31m+       const parsed = inviteSchema.safeParse(req.body);[39m
[31m+       if (!parsed.success) return res.status(400).json({ error: 'Invalid request', details: parsed.error.flatten() });[39m
[31m+       const email = parsed.data.email.toLowerCase();[39m
[31m+[39m
[31m+       const existing = await db.execute(sql`SELECT id FROM users WHERE tenant_id = ${req.user!.tenantId} AND lower(btrim(email)) = ${email} LIMIT 1`);[39m
[31m+       if ((existing as any).rows?.length) return res.status(409).json({ error: 'This email is already a member of your workspace.' });[39m
[31m+[39m
[31m+       let firebaseUser;[39m
[31m+       try {[39m
[31m+         firebaseUser = await adminAuth.getUserByEmail(email);[39m
[31m+       } catch {[39m
[31m+         firebaseUser = await adminAuth.createUser({ email, emailVerified: false });[39m
[31m+       }[39m
[31m+[39m
[31m+       const inserted = await db.execute(sql`[39m
[31m+         INSERT INTO users (uid, email, tenant_id, role, invited_by, onboarded)[39m
[31m+         VALUES (${firebaseUser.uid}, ${email}, ${req.user!.tenantId}, ${parsed.data.role}, ${req.user!.email}, 0)[39m
[31m+         RETURNING id, email, role[39m
[31m+       `);[39m
[31m+       await setUserCustomClaims(firebaseUser.uid, { workspaceId: req.user!.tenantId, role: parsed.data.role });[39m
[31m+[39m
[31m+       let inviteLink: string | null = null;[39m
[31m+       try { inviteLink = await adminAuth.generatePasswordResetLink(email); } catch { inviteLink = null; }[39m
[31m+[39m
[31m+       await appendAuditEntry(db, { tenantId: req.user!.tenantId, action: 'team.invited', actor: req.user!.email, payload: { invitedEmail: email, role: parsed.data.role } });[39m
[31m+       return res.status(201).json({ ...(inserted as any).rows?.[0], inviteLink });[39m
[31m+     } catch (error) {[39m
[31m+       return next(error);[39m
[31m+     }[39m
[31m+   });[39m
[31m+[39m
[31m+   router.put('/organization/team/:userId/role', requireAuth, requireRole(['Owner', 'Admin']), async (req: AuthenticatedRequest, res, next) => {[39m
[31m+     try {[39m
[31m+       const db = req.db!;[39m
[31m+       const parsed = roleUpdateSchema.safeParse(req.body);[39m
[31m+       if (!parsed.success) return res.status(400).json({ error: 'Invalid request', details: parsed.error.flatten() });[39m
[31m+       const targetId = Number(req.params.userId);[39m
[31m+       if (!Number.isInteger(targetId)) return res.status(400).json({ error: 'Invalid user id' });[39m
[31m+[39m
[31m+       const result = await db.execute(sql`[39m
[31m+         UPDATE users SET role = ${parsed.data.role}[39m
[31m+         WHERE id = ${targetId} AND tenant_id = ${req.user!.tenantId} AND role <> 'Owner'[39m
[31m+         RETURNING id, uid, email, role[39m
[31m+       `);[39m
[31m+       const row = (result as any).rows?.[0];[39m
[31m+       if (!row) return res.status(404).json({ error: 'Team member not found, or the Owner role cannot be changed here.' });[39m
[31m+       await setUserCustomClaims(row.uid, { workspaceId: req.user!.tenantId, role: parsed.data.role });[39m
[31m+       await appendAuditEntry(db, { tenantId: req.user!.tenantId, action: 'team.role_changed', actor: req.user!.email, payload: { targetUserId: targetId, newRole: parsed.data.role } });[39m
[31m+       return res.json({ id: row.id, email: row.email, role: row.role });[39m
[31m+     } catch (error) {[39m
[31m+       return next(error);[39m
[31m+     }[39m
[31m+   });[39m
[31m+[39m
[31m+   router.delete('/organization/team/:userId', requireAuth, requireRole(['Owner', 'Admin']), async (req: AuthenticatedRequest, res, next) => {[39m
[31m+     try {[39m
[31m+       const db = req.db!;[39m
[31m+       const targetId = Number(req.params.userId);[39m
[31m+       if (!Number.isInteger(targetId)) return res.status(400).json({ error: 'Invalid user id' });[39m
[31m+[39m
[31m+       const result = await db.execute(sql`[39m
[31m+         DELETE FROM users WHERE id = ${targetId} AND tenant_id = ${req.user!.tenantId} AND role <> 'Owner'[39m
[31m+         RETURNING id, uid, email[39m
[31m+       `);[39m
[31m+       const row = (result as any).rows?.[0];[39m
[31m+       if (!row) return res.status(404).json({ error: 'Team member not found, or the Owner cannot be removed.' });[39m
[31m+[39m
[31m+       try { await adminAuth.updateUser(row.uid, { disabled: true }); await adminAuth.revokeRefreshTokens(row.uid); } catch { /* Firebase account may already be gone; DB removal already took effect. */ }[39m
[31m+       await appendAuditEntry(db, { tenantId: req.user!.tenantId, action: 'team.removed', actor: req.user!.email, payload: { targetUserId: targetId, targetEmail: row.email } });[39m
[31m+       return res.status(204).send();[39m
[31m+     } catch (error) {[39m
[31m+       return next(error);[39m
[31m+     }[39m
[31m+   });[39m
[31m+[39m
[31m+   router.get('/auth/sessions', requireAuth, async (req: AuthenticatedRequest, res, next) => {[39m
[31m+     try {[39m
[31m+       const db = req.db!;[39m
[31m+       const currentIp = req.ip || req.socket.remoteAddress || 'unknown';[39m
[31m+       const currentUserAgent = typeof req.headers['user-agent'] === 'string' ? req.headers['user-agent'].slice(0, 512) : '';[39m
[31m+       const currentFingerprint = sessionFingerprint(req.user!.uid, currentIp, currentUserAgent);[39m
[31m+[39m
[31m+       const result = await db.execute(sql`[39m
[31m+         SELECT id, session_fingerprint AS "sessionFingerprint", ip, user_agent AS "userAgent", last_seen_at AS "lastSeenAt"[39m
[31m+         FROM user_sessions[39m
[31m+         WHERE tenant_id = ${req.user!.tenantId} AND user_id = ${req.user!.id} AND revoked_at IS NULL[39m
[31m+         ORDER BY last_seen_at DESC[39m
[31m+       `);[39m
[31m+       const rows = ((result as any).rows ?? []) as Array<{ id: string; sessionFingerprint: string; ip: string; userAgent: string; lastSeenAt: string }>;[39m
[31m+       return res.json(rows.map(row => ({[39m
[31m+         id: row.id,[39m
[31m+         email: req.user!.email,[39m
[31m+         current: row.sessionFingerprint === currentFingerprint,[39m
[31m+         ip: row.ip,[39m
[31m+         device: describeUserAgent(row.userAgent),[39m
[31m+         location: 'Not geolocated',[39m
[31m+         lastSeenAt: row.lastSeenAt,[39m
[31m+       })));[39m
[31m+     } catch (error) {[39m
[31m+       return next(error);[39m
[31m+     }[39m
[31m+   });[39m
[31m+[39m
[31m+   router.post('/auth/sessions/revoke', requireAuth, async (req: AuthenticatedRequest, res, next) => {[39m
[31m+     try {[39m
[31m+       const db = req.db!;[39m
[31m+       const parsed = revokeSessionSchema.safeParse(req.body);[39m
[31m+       if (!parsed.success) return res.status(400).json({ error: 'Invalid request', details: parsed.error.flatten() });[39m
[31m+       const currentIp = req.ip || req.socket.remoteAddress || 'unknown';[39m
[31m+       const currentUserAgent = typeof req.headers['user-agent'] === 'string' ? req.headers['user-agent'].slice(0, 512) : '';[39m
[31m+       const currentFingerprint = sessionFingerprint(req.user!.uid, currentIp, currentUserAgent);[39m
[31m+       if (parsed.data.sessionId === `sess_${currentFingerprint}`) return res.status(400).json({ error: 'Cannot revoke the session you are currently using. Sign out instead.' });[39m
[31m+[39m
[31m+       const result = await db.execute(sql`[39m
[31m+         UPDATE user_sessions SET revoked_at = NOW()[39m
[31m+         WHERE id = ${parsed.data.sessionId} AND tenant_id = ${req.user!.tenantId} AND user_id = ${req.user!.id} AND revoked_at IS NULL[39m
[31m+         RETURNING id[39m
[31m+       `);[39m
[31m+       if (!((result as any).rows?.length)) return res.status(404).json({ error: 'Session not found' });[39m
[31m+       await appendAuditEntry(db, { tenantId: req.user!.tenantId, action: 'session.revoked', actor: req.user!.email, payload: { sessionId: parsed.data.sessionId } });[39m
[31m+       return res.status(204).send();[39m
[31m+     } catch (error) {[39m
[31m+       return next(error);[39m
[31m+     }[39m
[31m+   });[39m
[31m+[39m
[31m+   router.get('/auth/login-history', requireAuth, async (req: AuthenticatedRequest, res, next) => {[39m
[31m+     try {[39m
[31m+       const db = req.db!;[39m
[31m+       const result = await db.execute(sql`[39m
[31m+         SELECT id, ip, user_agent AS "userAgent", status, occurred_at AS "occurredAt"[39m
[31m+         FROM login_history WHERE tenant_id = ${req.user!.tenantId} AND user_id = ${req.user!.id}[39m
[31m+         ORDER BY occurred_at DESC LIMIT 50[39m
[31m+       `);[39m
[31m+       const rows = ((result as any).rows ?? []) as Array<{ id: string; ip: string; userAgent: string; status: string; occurredAt: string }>;[39m
[31m+       return res.json(rows.map(row => ({[39m
[31m+         id: row.id,[39m
[31m+         email: req.user!.email,[39m
[31m+         status: row.status,[39m
[31m+         action: 'Sign-in',[39m
[31m+         timestamp: row.occurredAt,[39m
[31m+         ip: row.ip,[39m
[31m+         location: 'Not geolocated',[39m
[31m+       })));[39m
[31m+     } catch (error) {[39m
[31m+       return next(error);[39m
[31m+     }[39m
[31m+   });[39m
[31m+[39m
[31m+   router.get('/auth/audit-chain', requireAuth, async (req: AuthenticatedRequest, res, next) => {[39m
[31m+     try {[39m
[31m+       const db = req.db!;[39m
[31m+       const beforeRaw = typeof req.query.before === 'string' ? Number(req.query.before) : null;[39m
[31m+       const before = Number.isInteger(beforeRaw) && beforeRaw! > 0 ? beforeRaw : null;[39m
[31m+       const result = before[39m
[31m+         ? await db.execute(sql`[39m
[31m+             SELECT id, action, timestamp, actor, payload, current_hash AS "currentHash", previous_hash AS "previousHash"[39m
[31m+             FROM audit_trail WHERE tenant_id = ${req.user!.tenantId} AND id < ${before} ORDER BY id DESC LIMIT 50[39m
[31m+           `)[39m
[31m+         : await db.execute(sql`[39m
[31m+         SELECT id, action, timestamp, actor, payload, current_hash AS "currentHash", previous_hash AS "previousHash"[39m
[31m+         FROM audit_trail WHERE tenant_id = ${req.user!.tenantId} ORDER BY id DESC LIMIT 50[39m
[31m+       `);[39m
[31m+       const rows = ((result as any).rows ?? []) as Array<{ id: number; action: string; timestamp: string; actor: string; payload: string; currentHash: string; previousHash: string }>;[39m
[31m+       return res.json(rows.map(row => ({[39m
[31m+         id: row.id,[39m
[31m+         action: row.action,[39m
[31m+         timestamp: row.timestamp,[39m
[31m+         actor: row.actor,[39m
[31m+         payload: row.payload,[39m
[31m+         hash: row.currentHash,[39m
[31m+         currentHash: row.currentHash,[39m
[31m+         previousHash: row.previousHash,[39m
[31m+         block: { action: row.action, userEmail: row.actor.includes('@') ? row.actor : null },[39m
[31m+       })));[39m
[31m+     } catch (error) {[39m
[31m+       return next(error);[39m
[31m+     }[39m
[31m+   });[39m
[31m+[39m
[31m+   router.get('/auth/audit-chain/verify', requireAuth, async (req: AuthenticatedRequest, res, next) => {[39m
[31m+     try {[39m
[31m+       const db = req.db!;[39m
[31m+       return res.json(await verifyAuditChain(db, req.user!.tenantId));[39m
[31m+     } catch (error) {[39m
[31m+       return next(error);[39m
[31m+     }[39m
[31m+   });[39m
[31m+[39m
[31m+   router.post('/tenant/offboard', requireAuth, requireRole('Owner'), async (req: AuthenticatedRequest, res, next) => {[39m
[31m+     try {[39m
[31m+       // Purges via the owner-role connection (not req.db): offboarding must be[39m
[31m+       // able to see every table it enumerates from information_schema, and it[39m
[31m+       // already scopes every DELETE to exactly this caller's own tenant_id.[39m
[31m+       await offboardTenantData(req.user!.tenantId);[39m
[31m+       return res.status(200).json({ message: 'Tenant data purged.' });[39m
[31m+     } catch (error) {[39m
[31m+       return next(error);[39m
[31m+     }[39m
[31m+   });[39m
[31m+[39m
[31m+   // Owner-only founder metrics. Every value is either observed from tenant[39m
[31m+   // data or explicitly reported as not verified; this endpoint never invents[39m
[31m+   // production health, security, financial, or performance telemetry.[39m
[31m+   router.get('/founder/metrics', requireAuth, requireRole('Owner'), async (req: AuthenticatedRequest, res, next) => {[39m
[31m+     try {[39m
[31m+       const db = req.db!;[39m
[31m+       const counts = await db.execute(sql`[39m
[31m+         SELECT[39m
[31m+           (SELECT COUNT(*)::int FROM clients WHERE tenant_id = ${req.user!.tenantId}) AS "clientCount",[39m
[31m+           (SELECT COUNT(*)::int FROM passports WHERE tenant_id = ${req.user!.tenantId}) AS "passportCount",[39m
[31m+           (SELECT COUNT(*)::int FROM scans WHERE tenant_id = ${req.user!.tenantId}) AS "scanCount"[39m
[31m+       `);[39m
[31m+       const row = (counts as any).rows?.[0] || {};[39m
[31m+       return res.json({[39m
[31m+         latency: 'Not verified',[39m
[31m+         capitalProtected: 'Not verified',[39m
[31m+         throughput: 'Not verified',[39m
[31m+         mitigations: 'Not verified',[39m
[31m+         overallScore: null,[39m
[31m+         auditEvents: null,[39m
[31m+         activeThreats: null,[39m
[31m+         systemIntegrity: 'Not verified',[39m
[31m+         observed: {[39m
[31m+           clientCount: Number(row.clientCount || 0),[39m
[31m+           passportCount: Number(row.passportCount || 0),[39m
[31m+           scanCount: Number(row.scanCount || 0),[39m
[31m+         },[39m
[31m+       });[39m
[31m+     } catch (error) {[39m
[31m+       return next(error);[39m
[31m+     }[39m
[31m+   });[39m
[31m+[39m
[31m+   // Owner-only operational health for the command center. Every section reads[39m
[31m+   // from the real tables the corresponding subsystem already writes -- no[39m
[31m+   // second heartbeat, delivery ledger, integration status, or audit verifier[39m
[31m+   // is created here. Sections with no real backing data are omitted rather[39m
[31m+   // than populated with placeholder values; see the `notes` field.[39m
[31m+   router.get('/founder/operations', requireAuth, requireRole('Owner'), async (req: AuthenticatedRequest, res, next) => {[39m
[31m+     try {[39m
[31m+       const db = req.db!;[39m
[31m+       const tenantId = req.user!.tenantId;[39m
[31m+       const notes: string[] = [];[39m
[31m+[39m
[31m+       // --- A. Worker/job health ---------------------------------------------[39m
[31m+       // osv-worker.ts claims agent_jobs rows (job_type osv_manifest_scan /[39m
[31m+       // repository_scan). It has no separate heartbeat row; the queue state[39m
[31m+       // itself (locked_at/locked_by, the same 10-minute staleness window the[39m
[31m+       // worker uses to reclaim stuck jobs) is the real signal.[39m
[31m+       const [osvCounts, osvStale, osvFailures, osvActivity] = await Promise.all([[39m
[31m+         db.execute(sql`SELECT job_type AS "jobType", status, COUNT(*)::int AS count FROM agent_jobs WHERE tenant_id=${tenantId} AND job_type IN ('osv_manifest_scan','repository_scan') GROUP BY job_type, status`),[39m
[31m+         db.execute(sql`SELECT COUNT(*)::int AS count FROM agent_jobs WHERE tenant_id=${tenantId} AND job_type IN ('osv_manifest_scan','repository_scan') AND status='Running' AND locked_at < NOW() - INTERVAL '10 minutes'`),[39m
[31m+         db.execute(sql`SELECT id, job_type AS "jobType", error, attempt_count AS "attemptCount", max_attempts AS "maxAttempts", updated_at AS "updatedAt" FROM agent_jobs WHERE tenant_id=${tenantId} AND job_type IN ('osv_manifest_scan','repository_scan') AND status='Failed' ORDER BY updated_at DESC LIMIT 5`),[39m
[31m+         db.execute(sql`SELECT MAX(updated_at) AS "lastActivityAt" FROM agent_jobs WHERE tenant_id=${tenantId} AND job_type IN ('osv_manifest_scan','repository_scan')`),[39m
[31m+       ]);[39m
[31m+[39m
[31m+       // monitoring-worker.ts (the file name this dashboard's spec named) is not[39m
[31m+       // imported by worker.ts and never runs in production -- confirmed dead[39m
[31m+       // code, not a running system. trust-monitoring-worker.ts is the real,[39m
[31m+       // currently-running system that plays the equivalent role (collector_jobs[39m
[31m+       // has an actual heartbeat_at column, unlike agent_jobs).[39m
[31m+       const [monitoringCounts, monitoringHeartbeat, monitoringFailures] = await Promise.all([[39m
[31m+         db.execute(sql`SELECT state, COUNT(*)::int AS count FROM collector_jobs WHERE tenant_id=${tenantId} GROUP BY state`),[39m
[31m+         db.execute(sql`SELECT MAX(heartbeat_at) AS "lastHeartbeatAt" FROM collector_jobs WHERE tenant_id=${tenantId} AND state='running'`),[39m
[31m+         db.execute(sql`SELECT id, collector_id AS "collectorId", safe_error_code AS "errorCode", safe_error_message AS "errorMessage", completed_at AS "completedAt" FROM collector_jobs WHERE tenant_id=${tenantId} AND state IN ('failed','dead_lettered') ORDER BY completed_at DESC NULLS LAST LIMIT 5`),[39m
[31m+       ]);[39m
[31m+       notes.push('monitoring-worker.ts is dead code (never imported by worker.ts); "monitoringWorker" below reflects trust-monitoring-worker.ts, the real running system for the same role.');[39m
[31m+[39m
[31m+       // --- B. Webhook delivery health ----------------------------------------[39m
[31m+       const [webhookCounts, webhookEndpoints, webhookFailures] = await Promise.all([[39m
[31m+         db.execute(sql`SELECT status, COUNT(*)::int AS count FROM spr_webhook_deliveries WHERE tenant_id=${tenantId} AND created_at::timestamptz > NOW() - INTERVAL '7 days' GROUP BY status`),[39m
[31m+         db.execute(sql`SELECT COUNT(*) FILTER (WHERE active)::int AS "activeCount", COUNT(*) FILTER (WHERE NOT active)::int AS "disabledCount" FROM spr_webhooks WHERE tenant_id=${tenantId}`),[39m
[31m+         db.execute(sql`SELECT d.id, d.webhook_id AS "webhookId", w.url, d.event_type AS "eventType", d.safe_error_code AS "errorCode", d.safe_error_message AS "errorMessage", d.completed_at AS "completedAt" FROM spr_webhook_deliveries d JOIN spr_webhooks w ON w.id=d.webhook_id AND w.tenant_id=d.tenant_id WHERE d.tenant_id=${tenantId} AND d.status IN ('failed','dead_lettered') ORDER BY d.completed_at DESC NULLS LAST LIMIT 10`),[39m
[31m+       ]);[39m
[31m+       notes.push('Webhook failures are grouped by destination endpoint (webhookId/url), not "provider" -- SPR webhooks are user-configured destination URLs, not third-party provider connectors; there is no per-provider concept for outbound deliveries.');[39m
[31m+[39m
[31m+       // --- C. Integration health ----------------------------------------------[39m
[31m+       const [credentialRows, integrationRows] = await Promise.all([[39m
[31m+         db.execute(sql`SELECT provider, status, last_tested_at AS "lastTestedAt" FROM integration_credentials WHERE tenant_id=${tenantId}`),[39m
[31m+         db.execute(sql`SELECT name, connected, last_sync_date AS "lastSyncDate" FROM integrations WHERE tenant_id=${tenantId}`),[39m
[31m+       ]);[39m
[31m+       const credentialByProvider = new Map<string, any>((credentialRows as any).rows?.map((r: any) => [r.provider, r]) ?? []);[39m
[31m+       const integrationByName = new Map<string, any>((integrationRows as any).rows?.map((r: any) => [r.name, r]) ?? []);[39m
[31m+       const integrations = INTEGRATION_CATALOG.map((item) => ({[39m
[31m+         provider: item.provider,[39m
[31m+         name: item.name,[39m
[31m+         connected: Boolean(integrationByName.get(item.name)?.connected),[39m
[31m+         lastSyncDate: integrationByName.get(item.name)?.lastSyncDate ?? null,[39m
[31m+         credentialStatus: credentialByProvider.get(item.provider)?.status ?? 'NOT_CONFIGURED',[39m
[31m+         lastTestedAt: credentialByProvider.get(item.provider)?.lastTestedAt ?? null,[39m
[31m+       }));[39m
[31m+[39m
[31m+       // --- D. Audit chain integrity --------------------------------------------[39m
[31m+       // Reuses the exact function GET /api/auth/audit-chain/verify calls --[39m
[31m+       // no second verifier.[39m
[31m+       const auditChain = await verifyAuditChain(db, tenantId);[39m
[31m+[39m
[31m+       // --- E. Scan / job queue --------------------------------------------------[39m
[31m+       const [runningRepoScans, complianceSchedules] = await Promise.all([[39m
[31m+         db.execute(sql`SELECT id, passport_id AS "passportId", status, progress, updated_at AS "updatedAt" FROM agent_jobs WHERE tenant_id=${tenantId} AND job_type='repository_scan' AND status='Running' ORDER BY updated_at DESC LIMIT 10`),[39m
[31m+         db.execute(sql`SELECT id, client_id AS "clientId", frequency, status, last_audit_at AS "lastAuditAt", next_audit_at AS "nextAuditAt" FROM compliance_schedules WHERE tenant_id=${tenantId} ORDER BY COALESCE(last_audit_at, created_at) DESC LIMIT 10`),[39m
[31m+       ]);[39m
[31m+[39m
[31m+       return res.json({[39m
[31m+         generatedAt: new Date().toISOString(),[39m
[31m+         workers: {[39m
[31m+           osv: {[39m
[31m+             countsByStatus: (osvCounts as any).rows ?? [],[39m
[31m+             staleRunningCount: Number((osvStale as any).rows?.[0]?.count ?? 0),[39m
[31m+             recentFailures: (osvFailures as any).rows ?? [],[39m
[31m+             lastActivityAt: (osvActivity as any).rows?.[0]?.lastActivityAt ?? null,[39m
[31m+           },[39m
[31m+           monitoringWorker: {[39m
[31m+             realSource: 'trust-monitoring-worker.ts (collector_jobs)',[39m
[31m+             countsByState: (monitoringCounts as any).rows ?? [],[39m
[31m+             lastHeartbeatAt: (monitoringHeartbeat as any).rows?.[0]?.lastHeartbeatAt ?? null,[39m
[31m+             recentFailures: (monitoringFailures as any).rows ?? [],[39m
[31m+           },[39m
[31m+         },[39m
[31m+         webhooks: {[39m
[31m+           countsByStatusLast7Days: (webhookCounts as any).rows ?? [],[39m
[31m+           activeEndpoints: Number((webhookEndpoints as any).rows?.[0]?.activeCount ?? 0),[39m
[31m+           disabledEndpoints: Number((webhookEndpoints as any).rows?.[0]?.disabledCount ?? 0),[39m
[31m+           recentFailures: (webhookFailures as any).rows ?? [],[39m
[31m+         },[39m
[31m+         integrations,[39m
[31m+         auditChain,[39m
[31m+         queue: {[39m
[31m+           runningRepositoryScans: (runningRepoScans as any).rows ?? [],[39m
[31m+           recentlyFailedJobs: (osvFailures as any).rows ?? [],[39m
[31m+           complianceSchedules: (complianceSchedules as any).rows ?? [],[39m
[31m+         },[39m
[31m+         notes,[39m
[31m+       });[39m
[31m+     } catch (error) {[39m
[31m+       return next(error);[39m
[31m+     }[39m
[31m+   });[39m
[31m+[39m
[31m+   // Owner-only self-passport retrieval. Absence of evidence is represented as[39m
[31m+   // a 404 instead of a fabricated passport or trust score.[39m
[31m+   router.get('/passports/self-passport', requireAuth, requireRole('Owner'), async (req: AuthenticatedRequest, res, next) => {[39m
[31m+     try {[39m
[31m+       const db = req.db!;[39m
[31m+       const result = await db.execute(sql`[39m
[31m+         SELECT[39m
[31m+           id,[39m
[31m+           name,[39m
[31m+           version,[39m
[31m+           publisher,[39m
[31m+           release_date AS "releaseDate",[39m
[31m+           evidence[39m
[31m+         FROM passports[39m
[31m+         WHERE tenant_id = ${req.user!.tenantId}[39m
[31m+         ORDER BY release_date DESC NULLS LAST, id DESC[39m
[31m+         LIMIT 1[39m
[31m+       `);[39m
[31m+       const row = (result as any).rows?.[0];[39m
[31m+       if (!row) return res.status(404).json({ error: 'Self passport evidence not found', code: 'SELF_PASSPORT_NOT_FOUND' });[39m
[31m+       return res.json({[39m
[31m+         ...row,[39m
[31m+         overallScore: null,[39m
[31m+         healthStatus: 'Not verified',[39m
[31m+         evidence: Array.isArray(row.evidence) ? row.evidence : [],[39m
[31m+       });[39m
[31m+     } catch (error) {[39m
[31m+       return next(error);[39m
[31m+     }[39m
[31m+   });[39m
[31m+[39m
[31m+   // Firebase-authenticated, tenant-scoped reads for the first-party SPA.[39m
[31m+   // These are deliberately separate from /connect/v1, which is API-key based.[39m
[31m+   router.get('/user/clients', requireAuth, async (req: AuthenticatedRequest, res, next) => {[39m
[31m+     try {[39m
[31m+       const db = req.db!;[39m
[31m+       const result = await db.execute(sql`SELECT id, name, domain, industry, trust_score AS "trustScore", risk_level AS "riskLevel", avatar_color AS "avatarColor", subscription_tier AS "subscriptionTier", joined_date AS "joinedDate", team_count AS "teamCount", passport_count AS "passportCount", critical_risks_count AS "criticalRisksCount", compliance_progress AS "complianceProgress", software_inventory AS "softwareInventory", compliance_status AS "complianceStatus", team_members AS "teamMembers", activity_timeline AS "activityTimeline" FROM clients WHERE tenant_id=${req.user!.tenantId} ORDER BY joined_date DESC`);[39m
[31m+       return res.json((result as any).rows || []);[39m
[31m+     } catch (error) {[39m
[31m+       return next(error);[39m
[31m+     }[39m
[31m+   });[39m
[31m+[39m
[31m+   router.get('/user/passports', requireAuth, async (req: AuthenticatedRequest, res, next) => {[39m
[31m+     try {[39m
[31m+       const db = req.db!;[39m
[31m+       const result = await db.execute(sql`SELECT p.id, p.client_id AS "clientId", p.name, p.version, p.publisher, p.category, p.release_date AS "releaseDate", p.license_type AS "licenseType", p.sbom, COALESCE((SELECT json_agg(json_build_object('id', e.id, 'name', e.name, 'type', e.type, 'verified', e.verified, 'status', e.status, 'signer', e.signer, 'timestamp', e.timestamp, 'hash', e.hash, 'engineId', e.engine_id, 'verificationFailureReason', e.verification_failure_reason) ORDER BY e.timestamp DESC) FROM evidence_items e WHERE e.tenant_id=p.tenant_id AND e.asset_id=p.id), '[]'::json) AS evidence, COALESCE((SELECT json_agg(json_build_object('id', f.id, 'findingId', f.id, 'severity', f.severity, 'category', f.category, 'title', f.title, 'description', f.description, 'component', f.component, 'fixedVersion', f.fixed_version, 'status', f.status, 'detectedAt', f.detected_at, 'engineId', f.engine_id) ORDER BY f.detected_at DESC) FROM scan_findings f WHERE f.tenant_id=p.tenant_id AND f.asset_id=p.id), '[]'::json) AS vulnerabilities, p.timeline, NULL AS scores, 'not_authoritatively_scored' AS "scoreStatus" FROM passports p WHERE p.tenant_id=${req.user!.tenantId} ORDER BY p.name ASC`);[39m
[31m+       return res.json((result as any).rows || []);[39m
[31m+     } catch (error) {[39m
[31m+       return next(error);[39m
[31m+     }[39m
[31m+   });[39m
[31m+[39m
[31m+   router.get('/user/extensions', requireAuth, async (req: AuthenticatedRequest, res, next) => {[39m
[31m+     try {[39m
[31m+       const db = req.db!;[39m
[31m+       const result = await db.execute(sql`SELECT extension_id AS "extensionId", installed_at AS "installedAt" FROM extension_installations WHERE tenant_id=${req.user!.tenantId} ORDER BY installed_at DESC`);[39m
[31m+       return res.json((result as any).rows || []);[39m
[31m+     } catch (error) {[39m
[31m+       return next(error);[39m
[31m+     }[39m
[31m+   });[39m
[31m+[39m
[31m+   router.post('/user/extensions/:extensionId', requireAuth, requireRole(['Owner', 'Admin', 'Operator']), async (req: AuthenticatedRequest, res, next) => {[39m
[31m+     try {[39m
[31m+       const extensionId = String(req.params.extensionId || '').trim();[39m
[31m+       if (!/^[A-Za-z0-9_.-]{1,120}$/.test(extensionId)) return res.status(400).json({ error: 'Invalid extension id' });[39m
[31m+       const db = req.db!;[39m
[31m+       const result = await db.execute(sql`INSERT INTO extension_installations (tenant_id, extension_id, installed_at) VALUES (${req.user!.tenantId}, ${extensionId}, NOW()) ON CONFLICT (tenant_id, extension_id) DO UPDATE SET installed_at=NOW() RETURNING extension_id AS "extensionId", installed_at AS "installedAt"`);[39m
[31m+       return res.status(201).json((result as any).rows?.[0]);[39m
[31m+     } catch (error) {[39m
[31m+       return next(error);[39m
[31m+     }[39m
[31m+   });[39m
[31m+[39m
[31m+   router.delete('/user/extensions/:extensionId', requireAuth, requireRole(['Owner', 'Admin', 'Operator']), async (req: AuthenticatedRequest, res, next) => {[39m
[31m+     try {[39m
[31m+       const db = req.db!;[39m
[31m+       const extensionId = String(req.params.extensionId || '').trim();[39m
[31m+       const result = await db.execute(sql`DELETE FROM extension_installations WHERE tenant_id=${req.user!.tenantId} AND extension_id=${extensionId} RETURNING extension_id`);[39m
[31m+       if (!((result as any).rows?.length)) return res.status(404).json({ error: 'Extension installation not found' });[39m
[31m+       return res.status(204).send();[39m
[31m+     } catch (error) {[39m
[31m+       return next(error);[39m
[31m+     }[39m
[31m+   });[39m
[31m+[39m
[31m+   router.get('/auth/verify-status', requireAuth, async (req: AuthenticatedRequest, res) => {[39m
[31m+     return res.json({ verified: req.user!.emailVerified, emailVerified: req.user!.emailVerified });[39m
[31m+   });[39m
[31m+[39m
[31m+[39m
[31m+[39m
[31m+   router.get('/user/passports/:id/verification', requireAuth, async (req: AuthenticatedRequest, res, next) => {[39m
[31m+     try {[39m
[31m+       const db = req.db!;[39m
[31m+       const tenantId = req.user!.tenantId;[39m
[31m+       const clientScope = req.user!.role === 'Client' ? (req.user as any).clientId : null;[39m
[31m+       const passportResult = await db.execute(sql`SELECT id, version, evidence, client_id AS "clientId" FROM passports WHERE id=${req.params.id} AND tenant_id=${tenantId} AND (${clientScope} IS NULL OR client_id=${clientScope}) LIMIT 1`) as any;[39m
[31m+       const passport = passportResult.rows?.[0];[39m
[31m+       if (!passport) return res.status(404).json({ error: 'Passport not found' });[39m
[31m+       const findingResult = await db.execute(sql`SELECT id, passport_id AS "passportId", evidence_ids, status FROM trust_findings WHERE tenant_id=${tenantId} AND passport_id=${passport.id}`) as any;[39m
[31m+       const parseJson = (value: unknown): unknown[] => { try { const parsed = JSON.parse(String(value ?? '')); return Array.isArray(parsed) ? parsed : []; } catch { return []; } };[39m
[31m+       const openFindingEvidenceIds = (findingResult.rows ?? []).filter((row: any) => !['resolved','closed','verified'].includes(String(row.status || '').toLowerCase())).flatMap((row: any) => parseJson(row.evidence_ids)).filter((id: any): id is string => typeof id === 'string');[39m
[31m+       const adapted = adaptEvidenceForEvaluation({ evidence: parseJson(passport.evidence) as any[], passportVersion: passport.version, openFindingEvidenceIds });[39m
[31m+       const evaluatedAt = Date.now();[39m
[31m+       const decision = evaluateVerification({ evidence: adapted.evidence, evaluatedAt, targetIdentity: adapted.targetIdentity });[39m
[31m+       res.setHeader('Cache-Control', 'private, max-age=0, no-store');[39m
[31m+       return res.json({ decision, observations: decision.observationCount, independentSources: decision.independentSourceCount });[39m
[31m+     } catch (error) { return next(error); }[39m
[31m+   });[39m
[31m+[39m
[31m+   router.get('/user/verification', requireAuth, async (req: AuthenticatedRequest, res, next) => {[39m
[31m+     try {[39m
[31m+       const db = req.db!;[39m
[31m+       const tenantId = req.user!.tenantId;[39m
[31m+       const clientScope = req.user!.role === 'Client' ? (req.user as any).clientId : null;[39m
[31m+       const passportRows = (await db.execute(sql`SELECT id, version, evidence, client_id AS "clientId" FROM passports WHERE tenant_id=${tenantId} AND (${clientScope} IS NULL OR client_id=${clientScope}) ORDER BY id`) as any).rows ?? [];[39m
[31m+       const passportIds = passportRows.map((row: any) => String(row.id));[39m
[31m+       const parseJson = (value: unknown): unknown[] => { try { const parsed = JSON.parse(String(value ?? '')); return Array.isArray(parsed) ? parsed : []; } catch { return []; } };[39m
[31m+       // Drizzle's proven one-query binding shape for the passport findings is[39m
[31m+       // `asset_id IN ${passportIds}`; do not replace this with ANY(array).[39m
[31m+       const findingRows = passportIds.length ? ((await db.execute(sql`SELECT id, passport_id AS "passportId", evidence_ids, status FROM trust_findings WHERE tenant_id=${tenantId} AND passport_id IN ${passportIds}`) as any).rows ?? []) : [];[39m
[31m+       const evidenceByPassport = new Map<string, any[]>();[39m
[31m+       for (const passport of passportRows) evidenceByPassport.set(String(passport.id), parseJson(passport.evidence) as any[]);[39m
[31m+       const evaluatedAt = Date.now();[39m
[31m+       const verificationDecisions: Record<string, VerificationDecision> = {};[39m
[31m+       const verificationDetails: Record<string, unknown> = {};[39m
[31m+       for (const passport of passportRows) {[39m
[31m+         const findings = findingRows.filter((row: any) => String(row.passportId) === String(passport.id));[39m
[31m+         const openFindingEvidenceIds = findings.filter((row: any) => !['resolved','closed','verified'].includes(String(row.status || '').toLowerCase())).flatMap((row: any) => parseJson(row.evidence_ids)).filter((id: any): id is string => typeof id === 'string');[39m
[31m+         const adapted = adaptEvidenceForEvaluation({ evidence: evidenceByPassport.get(String(passport.id)) ?? [], passportVersion: passport.version, openFindingEvidenceIds });[39m
[31m+         const decision = evaluateVerification({ evidence: adapted.evidence, evaluatedAt, targetIdentity: adapted.targetIdentity });[39m
[31m+         verificationDecisions[String(passport.id)] = decision;[39m
[31m+         verificationDetails[String(passport.id)] = { unmappedCount: adapted.unmappedCount, undatedCount: adapted.undatedCount, observations: decision.observationCount, independentSources: decision.independentSourceCount };[39m
[31m+       }[39m
[31m+       res.setHeader('Cache-Control', 'private, max-age=0, no-store');[39m
[31m+       return res.json({ verificationDecisions, verificationDetails });[39m
[31m+     } catch (error) { return next(error); }[39m
[31m+   });[39m
[31m+[39m
[31m+   return router;[39m
[31m+ }[39m
[31m+[39m

[36m [2m❯[22m tests/slsa-provenance-route-and-ui-contract.test.ts:[2m54:15[22m[39m
    [90m 52| [39m  it('GET /user/passports surfaces rawContent and failureReason so the…
    [90m 53| [39m    [35mconst[39m s [33m=[39m [34msource[39m()[33m;[39m
    [90m 54| [39m    expect(s).toContain("'failureReason', e.verification_failure_reaso…
    [90m   | [39m              [31m^[39m
    [90m 55| [39m  })[33m;[39m
    [90m 56| [39m})[33m;[39m

[31m[2m⎯⎯⎯⎯⎯⎯⎯⎯⎯⎯⎯⎯⎯⎯⎯⎯⎯⎯⎯⎯[118/141]⎯[22m[39m

[41m[1m FAIL [22m[49m tests/slsa-provenance-route-and-ui-contract.test.ts[2m > [22mSoftwareLineageTracker no longer fabricates provenance data[2m > [22mcontains none of the previously-fabricated repo/commit/CI/signing values
[31m[1mAssertionError[22m: expected '/**\r\n * @license\r\n * SPDX-License…' not to contain 'enterprise-registry'[39m

[32m- Expected[39m
[31m+ Received[39m

[32m- enterprise-registry[39m
[31m+ /**[39m
[31m+  * @license[39m
[31m+  * SPDX-License-Identifier: Apache-2.0[39m
[31m+  */[39m
[31m+ [39m
[31m+ import React, { useState, useMemo } from 'react';[39m
[31m+ import { motion, AnimatePresence } from 'motion/react';[39m
[31m+ import {[39m
[31m+   GitFork,[39m
[31m+   Layers,[39m
[31m+   Server,[39m
[31m+   Search,[39m
[31m+   FileSignature,[39m
[31m+   Building2,[39m
[31m+   ExternalLink,[39m
[31m+   HelpCircle,[39m
[31m+   ChevronRight,[39m
[31m+   Zap,[39m
[31m+   Info,[39m
[31m+   Sparkles[39m
[31m+ } from 'lucide-react';[39m
[31m+ import { SoftwarePassport, Client } from '../types';[39m
[31m+ [39m
[31m+ interface SoftwareLineageTrackerProps {[39m
[31m+   passports: SoftwarePassport[];[39m
[31m+   clients: Client[];[39m
[31m+   assets: any[];[39m
[31m+ }[39m
[31m+ [39m
[31m+ export default function SoftwareLineageTracker({ passports, clients, assets }: SoftwareLineageTrackerProps) {[39m
[31m+   const [selectedPassportId, setSelectedPassportId] = useState<string>(passports[0]?.id || '');[39m
[31m+   const [dependencySearchQuery, setDependencySearchQuery] = useState<string>('');[39m
[31m+   const [traceSearchQuery, setTraceSearchQuery] = useState<string>('');[39m
[31m+   const [isExplanationOpen, setIsExplanationOpen] = useState(false);[39m
[31m+ [39m
[31m+   // 1. Get currently selected passport[39m
[31m+   const activePassport = useMemo(() => {[39m
[31m+     return passports.find(p => p.id === selectedPassportId) || passports[0];[39m
[31m+   }, [passports, selectedPassportId]);[39m
[31m+ [39m
[31m+   // 2. Map downstream assets for the selected passport[39m
[31m+   const deployedAssets = useMemo(() => {[39m
[31m+     if (!activePassport) return [];[39m
[31m+     return assets.filter(a => {[39m
[31m+       const pName = activePassport.name.toLowerCase();[39m
[31m+       const aPassport = (a.activePassport || '').toLowerCase();[39m
[31m+       return ([39m
[31m+         aPassport === pName ||[39m
[31m+         aPassport.includes(pName) ||[39m
[31m+         pName.includes(aPassport) ||[39m
[31m+         (a.activePassport === `Custom/Generic: ${activePassport.name}`)[39m
[31m+       );[39m
[31m+     });[39m
[31m+   }, [assets, activePassport]);[39m
[31m+ [39m
[31m+   // Illustrative upstream topology. It is labeled in the UI and is not provenance evidence.[39m
[31m+   const provenanceDetails = useMemo(() => {[39m
[31m+     if (!activePassport) return null;[39m
[31m+     const cleanName = activePassport.name.toLowerCase().replace(/\s+/g, '-');[39m
[31m+     return {[39m
[31m+       repoUrl: `https://github.com/enterprise-registry/${cleanName}`,[39m
[31m+       branch: 'main',[39m
[31m+       commitHash: 'f4b3c2a1d0e9f8a7b6c5d4e3f2a1b0c9d8e7f6a5',[39m
[31m+       ciProvider: 'GitHub Actions Cloud Build',[39m
[31m+       buildId: `run-98421-prod-${cleanName}`,[39m
[31m+       slsaLevel: 'SLSA Level 4 Compliant',[39m
[31m+       compiler: 'GCC 12.2 / Node compiler (v18.16.0)',[39m
[31m+       signingAuthority: 'Cosign Sigstore Root CA',[39m
[31m+       signatureAlgorithm: 'ECDSA-P256-SHA256'[39m
[31m+     };[39m
[31m+   }, [activePassport]);[39m
[31m+ [39m
[31m+   // 3. Compute overall inventory dependency stats for summary badges[39m
[31m+   const totalUniqueDependencies = useMemo(() => {[39m
[31m+     const depsSet = new Set<string>();[39m
[31m+     passports.forEach(p => {[39m
[31m+       p.sbom.forEach(s => depsSet.add(s.name));[39m
[31m+     });[39m
[31m+     return depsSet.size;[39m
[31m+   }, [passports]);[39m
[31m+ [39m
[31m+   // 4. "Blast Radius Impact Tracer": Find any sub-component across all pipelines[39m
[31m+   const tracedImpact = useMemo(() => {[39m
[31m+     if (!traceSearchQuery.trim()) return [];[39m
[31m+ [39m
[31m+     const query = traceSearchQuery.toLowerCase();[39m
[31m+     const results: {[39m
[31m+       passport: SoftwarePassport;[39m
[31m+       component: any;[39m
[31m+       hosts: any[];[39m
[31m+     }[] = [];[39m
[31m+ [39m
[31m+     passports.forEach(p => {[39m
[31m+       const foundComp = p.sbom.find(s => s.name.toLowerCase().includes(query) || s.purl.toLowerCase().includes(query));[39m
[31m+       if (foundComp) {[39m
[31m+         // Find hosting assets running this parent software[39m
[31m+         const hosts = assets.filter(a => {[39m
[31m+           const pName = p.name.toLowerCase();[39m
[31m+           const aPassport = (a.activePassport || '').toLowerCase();[39m
[31m+           return ([39m
[31m+             aPassport === pName ||[39m
[31m+             aPassport.includes(pName) ||[39m
[31m+             pName.includes(aPassport) ||[39m
[31m+             (a.activePassport === `Custom/Generic: ${p.name}`)[39m
[31m+           );[39m
[31m+         });[39m
[31m+ [39m
[31m+         results.push({[39m
[31m+           passport: p,[39m
[31m+           component: foundComp,[39m
[31m+           hosts: hosts[39m
[31m+         });[39m
[31m+       }[39m
[31m+     });[39m
[31m+ [39m
[31m+     return results;[39m
[31m+   }, [passports, assets, traceSearchQuery]);[39m
[31m+ [39m
[31m+   // Filtered SBOM packages for active passport[39m
[31m+   const filteredSbom = useMemo(() => {[39m
[31m+     if (!activePassport) return [];[39m
[31m+     if (!dependencySearchQuery.trim()) return activePassport.sbom;[39m
[31m+     return activePassport.sbom.filter(s =>[39m
[31m+       s.name.toLowerCase().includes(dependencySearchQuery.toLowerCase()) ||[39m
[31m+       s.license.toLowerCase().includes(dependencySearchQuery.toLowerCase())[39m
[31m+     );[39m
[31m+   }, [activePassport, dependencySearchQuery]);[39m
[31m+ [39m
[31m+   // Dynamic digital map description generator for storytelling[39m
[31m+   const getDigitalMnemonic = (name: string) => {[39m
[31m+     const nameLower = name.toLowerCase();[39m
[31m+     if (nameLower.includes('salesforce')) {[39m
[31m+       return {[39m
[31m+         whatItDoes: 'Manages customer interactions, deals pipelines, and account records.',[39m
[31m+         whoUsesit: '35 employees in sales & service',[39m
[31m+         businessImportance: 'Critical operations node',[39m
[31m+         connections: 'Slack alerts, payment logs, secure backup instances',[39m
[31m+         explanation: 'This software manages customer pipelines and sales communications. Removing or disabling it would freeze lead intake, affecting 40% of daily transactions and disconnecting client interactions.'[39m
[31m+       };[39m
[31m+     }[39m
[31m+     if (nameLower.includes('slack')) {[39m
[31m+       return {[39m
[31m+         whatItDoes: 'Primary communication hub, notifications router, and collaboration channel.',[39m
[31m+         whoUsesit: 'All staff / 120 active employees',[39m
[31m+         businessImportance: 'High (Ops critical)',[39m
[31m+         connections: 'Salesforce CRM, OpenAI API, AWS status logs',[39m
[31m+         explanation: 'This is the communication spine of your company. It routes direct messages and security notifications instantly. It integrates automated bots to manage system outages and triggers real-time responses.'[39m
[31m+       };[39m
[31m+     }[39m
[31m+     if (nameLower.includes('stripe')) {[39m
[31m+       return {[39m
[31m+         whatItDoes: 'Handles invoice charging, checkout systems, and financial gateway flows.',[39m
[31m+         whoUsesit: 'Billing admins & payment triggers',[39m
[31m+         businessImportance: 'Immediate revenue impact',[39m
[31m+         connections: 'Corporate banking, QuickBooks, accounting DB',[39m
[31m+         explanation: 'This handles all credit-card processing and active payment endpoints. Removing it instantly disables checkout, halting incoming streams and breaking invoicing operations.'[39m
[31m+       };[39m
[31m+     }[39m
[31m+     // Default fallback[39m
[31m+     return {[39m
[31m+       whatItDoes: 'Provides central system infrastructure, service integrations, or package dependencies.',[39m
[31m+       whoUsesit: 'Engineering & operations',[39m
[31m+       businessImportance: 'High technical dependency',[39m
[31m+       connections: 'Cloud security pipelines, active virtual instances',[39m
[31m+       explanation: 'This node sits directly in the processing path. If detached, dependent backend routines would fail, triggering cascading connection errors across operational services.'[39m
[31m+     };[39m
[31m+   };[39m
[31m+ [39m
[31m+   const activeMnemonic = activePassport ? getDigitalMnemonic(activePassport.name) : getDigitalMnemonic('');[39m
[31m+ [39m
[31m+   return ([39m
[31m+     <div className="space-y-4" id="software-lineage-ledger-panel">[39m
[31m+       {/* Section header + summary strip */}[39m
[31m+       <div className="flex flex-col gap-3 sm:flex-row sm:items-center sm:justify-between">[39m
[31m+         <div>[39m
[31m+           <h2 className="text-[15px] font-semibold text-[#201f1e]">Software lineage map</h2>[39m
[31m+           <p className="mt-0.5 text-[13px] text-[#605e5c]">Trace a passport from source provenance through its SBOM to the servers running it.</p>[39m
[31m+         </div>[39m
[31m+ [39m
[31m+         <div className="flex flex-wrap gap-6 rounded-md border border-[#e1dfdd] bg-white p-3">[39m
[31m+           <div>[39m
[31m+             <div className="text-[11px] text-[#605e5c]">Mapped systems</div>[39m
[31m+             <div className="text-lg font-semibold text-[#201f1e]">{passports.length}</div>[39m
[31m+           </div>[39m
[31m+           <div>[39m
[31m+             <div className="text-[11px] text-[#605e5c]">SBOM packages</div>[39m
[31m+             <div className="text-lg font-semibold text-[#201f1e]">{totalUniqueDependencies}</div>[39m
[31m+           </div>[39m
[31m+         </div>[39m
[31m+       </div>[39m
[31m+ [39m
[31m+       {/* Main Interactive Map Grid */}[39m
[31m+       <div className="grid grid-cols-1 lg:grid-cols-4 gap-4">[39m
[31m+ [39m
[31m+         {/* Left Column: Software Passport Selector & Provenance Parameters */}[39m
[31m+         <div className="lg:col-span-1 space-y-4">[39m
[31m+           <div className="rounded-md border border-[#e1dfdd] bg-white p-3">[39m
[31m+             <h3 className="text-[13px] font-semibold text-[#201f1e]">Select a system</h3>[39m
[31m+             <p className="mt-0.5 text-[11px] text-[#8a8886]">Choose a passport to lock the tracker on it.</p>[39m
[31m+ [39m
[31m+             <div className="mt-3 space-y-1 max-h-[220px] overflow-y-auto pr-1">[39m
[31m+               {passports.map(p => {[39m
[31m+                 const isSelected = p.id === selectedPassportId;[39m
[31m+                 return ([39m
[31m+                   <button[39m
[31m+                     key={p.id}[39m
[31m+                     onClick={() => setSelectedPassportId(p.id)}[39m
[31m+                     className={`flex w-full items-center justify-between rounded px-2.5 py-2 text-left text-[13px] border ${[39m
[31m+                       isSelected[39m
[31m+                         ? 'border-[#0f6cbd] bg-[#eff6fc] font-medium text-[#0f6cbd]'[39m
[31m+                         : 'border-transparent text-[#323130] hover:bg-black/[.03]'[39m
[31m+                     }`}[39m
[31m+                   >[39m
[31m+                     <div className="min-w-0">[39m
[31m+                       <p className="truncate leading-tight">{p.name}</p>[39m
[31m+                       <span className="mt-0.5 block text-[11px] text-[#8a8886]">v{p.version} · {p.publisher}</span>[39m
[31m+                     </div>[39m
[31m+                     <ChevronRight className={`ml-2 h-3.5 w-3.5 shrink-0 ${isSelected ? 'text-[#0f6cbd]' : 'text-[#c8c6c4]'}`} />[39m
[31m+                   </button>[39m
[31m+                 );[39m
[31m+               })}[39m
[31m+             </div>[39m
[31m+           </div>[39m
[31m+ [39m
[31m+           {/* Active Passport General Info */}[39m
[31m+           {activePassport && ([39m
[31m+             <div className="space-y-3 rounded-md border border-[#e1dfdd] bg-white p-3">[39m
[31m+               <div className="flex items-start justify-between border-b border-[#f3f2f1] pb-2">[39m
[31m+                 <div>[39m
[31m+                   <span className="block text-[11px] text-[#8a8886]">Selected</span>[39m
[31m+                   <h4 className="mt-0.5 text-[13px] font-semibold leading-snug text-[#201f1e]">{activePassport.name}</h4>[39m
[31m+                 </div>[39m
[31m+                 <span className="shrink-0 rounded bg-[#f3f2f1] px-2 py-0.5 text-[11px] text-[#605e5c]">[39m
[31m+                   {activePassport.category}[39m
[31m+                 </span>[39m
[31m+               </div>[39m
[31m+ [39m
[31m+               <div className="space-y-1.5 text-[12px]">[39m
[31m+                 <div className="flex justify-between">[39m
[31m+                   <span className="text-[#8a8886]">Release date</span>[39m
[31m+                   <span className="font-medium text-[#323130]">{activePassport.releaseDate}</span>[39m
[31m+                 </div>[39m
[31m+                 <div className="flex justify-between">[39m
[31m+                   <span className="text-[#8a8886]">License</span>[39m
[31m+                   <span className="font-medium text-[#323130]">{activePassport.licenseType}</span>[39m
[31m+                 </div>[39m
[31m+                 <div className="flex justify-between">[39m
[31m+                   <span className="text-[#8a8886]">Trust score</span>[39m
[31m+                   <span className="font-semibold text-[#0e700e]">{activePassport.overallScore}/100</span>[39m
[31m+                 </div>[39m
[31m+                 <div className="flex flex-col gap-1 border-t border-[#f3f2f1] pt-2">[39m
[31m+                   <span className="text-[11px] uppercase text-[#8a8886]">File hash</span>[39m
[31m+                   <span className="select-all break-all rounded border border-[#e1dfdd] bg-[#faf9f8] p-1.5 font-mono text-[10px] leading-tight text-[#605e5c]">[39m
[31m+                     {activePassport.fileHash}[39m
[31m+                   </span>[39m
[31m+                 </div>[39m
[31m+               </div>[39m
[31m+ [39m
[31m+               {/* "Why does this exist" preview quick panel */}[39m
[31m+               <button[39m
[31m+                 onClick={() => setIsExplanationOpen(true)}[39m
[31m+                 className="flex h-8 w-full items-center justify-center gap-1.5 rounded border border-[#c8c6c4] text-[12px] font-medium text-[#323130] hover:bg-black/[.03]"[39m
[31m+               >[39m
[31m+                 <HelpCircle className="h-3.5 w-3.5 text-[#0f6cbd]" />[39m
[31m+                 <span>Explain this system</span>[39m
[31m+               </button>[39m
[31m+             </div>[39m
[31m+           )}[39m
[31m+         </div>[39m
[31m+ [39m
[31m+         {/* Right 3 Columns: Visual Lineage Flow Map */}[39m
[31m+         <div className="lg:col-span-3 space-y-4">[39m
[31m+ [39m
[31m+           {/* Unified 3-tier mapping visualizer */}[39m
[31m+           <div className="space-y-4 rounded-md border border-[#e1dfdd] bg-white p-4">[39m
[31m+             <div className="flex flex-col gap-2 sm:flex-row sm:items-center sm:justify-between">[39m
[31m+               <div>[39m
[31m+                 <h3 className="text-[13px] font-semibold text-[#201f1e]">Active lineage pathway</h3>[39m
[31m+                 <p className="text-[11px] text-[#8a8886]">Traced from build variables down to active servers</p>[39m
[31m+               </div>[39m
[31m+ [39m
[31m+               <span className="inline-flex items-center gap-1.5 text-[11px] text-[#605e5c]">[39m
[31m+                 <span className="h-1.5 w-1.5 rounded-full bg-[#0f6cbd]" />[39m
[31m+                 Live feed state[39m
[31m+               </span>[39m
[31m+             </div>[39m
[31m+ [39m
[31m+             {/* Visual grid connecting columns */}[39m
[31m+             <div className="grid grid-cols-1 gap-4 md:grid-cols-3">[39m
[31m+ [39m
[31m+               {/* TIER 1: Upstream Provenance Origin */}[39m
[31m+               <div className="flex flex-col gap-3 rounded-md border border-[#e1dfdd] bg-[#faf9f8] p-3">[39m
[31m+                 <div className="flex items-center gap-1.5 border-b border-[#e1dfdd] pb-2 text-[13px] font-semibold text-[#201f1e]">[39m
[31m+                   <GitFork className="h-3.5 w-3.5 text-[#0f6cbd]" />[39m
[31m+                   <span>1. Code provenance</span>[39m
[31m+                 </div>[39m
[31m+ [39m
[31m+                 {provenanceDetails && ([39m
[31m+                   <div className="space-y-2">[39m
[31m+                     <div className="space-y-1 rounded border border-[#e1dfdd] bg-white p-2 text-[12px]">[39m
[31m+                       <p className="text-[11px] text-[#8a8886]">Source repository</p>[39m
[31m+                       <a[39m
[31m+                         href={provenanceDetails.repoUrl}[39m
[31m+                         target="_blank"[39m
[31m+                         rel="noreferrer"[39m
[31m+                         className="flex max-w-[190px] items-center gap-1 truncate font-medium text-[#0f6cbd] hover:underline"[39m
[31m+                       >[39m
[31m+                         <span className="truncate">{provenanceDetails.repoUrl.replace('https://', '')}</span>[39m
[31m+                         <ExternalLink className="h-3 w-3 shrink-0" />[39m
[31m+                       </a>[39m
[31m+                       <p className="text-[11px] text-[#8a8886]">Branch: <span className="font-medium text-[#323130]">{provenanceDetails.branch}</span></p>[39m
[31m+                     </div>[39m
[31m+ [39m
[31m+                     <div className="space-y-1 rounded border border-[#e1dfdd] bg-white p-2 text-[12px]">[39m
[31m+                       <p className="text-[11px] text-[#8a8886]">CI/CD pipeline</p>[39m
[31m+                       <p className="font-medium text-[#323130]">{provenanceDetails.ciProvider}</p>[39m
[31m+                       <p className="truncate text-[11px] text-[#8a8886]" title={provenanceDetails.buildId}>ID: {provenanceDetails.buildId}</p>[39m
[31m+                     </div>[39m
[31m+ [39m
[31m+                     <div className="space-y-1 rounded border border-[#e1dfdd] bg-[#eff6fc] p-2 text-[12px]">[39m
[31m+                       <p className="text-[11px] text-[#0f6cbd]">Cryptographic proof</p>[39m
[31m+                       <div className="flex items-center gap-1 font-medium text-[#0f6cbd]">[39m
[31m+                         <FileSignature className="h-3.5 w-3.5 shrink-0" />[39m
[31m+                         <span>SLSA Level 4 verified</span>[39m
[31m+                       </div>[39m
[31m+                       <p className="text-[11px] leading-tight text-[#0f6cbd]/80">Authority: {provenanceDetails.signingAuthority}</p>[39m
[31m+                     </div>[39m
[31m+                   </div>[39m
[31m+                 )}[39m
[31m+               </div>[39m
[31m+ [39m
[31m+               {/* TIER 2: Central SBOM Component Lineage */}[39m
[31m+               <div className="flex flex-col gap-3 rounded-md border border-[#e1dfdd] bg-[#faf9f8] p-3">[39m
[31m+                 <div className="flex items-center gap-1.5 border-b border-[#e1dfdd] pb-2 text-[13px] font-semibold text-[#201f1e]">[39m
[31m+                   <Layers className="h-3.5 w-3.5 text-[#0f6cbd]" />[39m
[31m+                   <span>2. Core packages (SBOM)</span>[39m
[31m+                 </div>[39m
[31m+ [39m
[31m+                 <label className="flex h-8 items-center gap-1.5 rounded border border-[#c8c6c4] bg-white px-2 focus-within:border-[#0f6cbd] focus-within:ring-1 focus-within:ring-[#0f6cbd]">[39m
[31m+                   <Search className="h-3.5 w-3.5 text-[#8a8886]" />[39m
[31m+                   <input[39m
[31m+                     type="text"[39m
[31m+                     placeholder="Filter dependencies..."[39m
[31m+                     value={dependencySearchQuery}[39m
[31m+                     onChange={(e) => setDependencySearchQuery(e.target.value)}[39m
[31m+                     className="w-full bg-transparent text-[12px] text-[#323130] outline-none placeholder:text-[#8a8886]"[39m
[31m+                   />[39m
[31m+                 </label>[39m
[31m+ [39m
[31m+                 <div className="flex-1 space-y-1.5 max-h-[260px] overflow-y-auto pr-1">[39m
[31m+                   {filteredSbom.length === 0 ? ([39m
[31m+                     <div className="py-8 text-center text-[11px] text-[#8a8886]">[39m
[31m+                       No components found matching search.[39m
[31m+                     </div>[39m
[31m+                   ) : ([39m
[31m+                     filteredSbom.map((comp, idx) => ([39m
[31m+                       <div[39m
[31m+                         key={idx}[39m
[31m+                         className="flex items-center justify-between rounded border border-[#e1dfdd] bg-white px-2 py-1.5 text-[12px] hover:border-[#c8c6c4]"[39m
[31m+                       >[39m
[31m+                         <div className="min-w-0">[39m
[31m+                           <p className="truncate font-medium text-[#323130]" title={comp.name}>{comp.name}</p>[39m
[31m+                           <div className="mt-0.5 flex items-center gap-1.5 text-[11px] text-[#8a8886]">[39m
[31m+                             <span>v{comp.version}</span>[39m
[31m+                             <span className="rounded bg-[#f3f2f1] px-1 uppercase">[39m
[31m+                               {comp.dependencyType}[39m
[31m+                             </span>[39m
[31m+                           </div>[39m
[31m+                         </div>[39m
[31m+ [39m
[31m+                         <span className={`ml-1.5 inline-flex shrink-0 items-center gap-1 text-[11px] font-medium ${[39m
[31m+                           comp.trustLevel === 'Trusted' ? 'text-[#0e700e]' :[39m
[31m+                           comp.trustLevel === 'Review Required' ? 'text-[#8a5700]' :[39m
[31m+                           'text-[#a4262c]'[39m
[31m+                         }`}>[39m
[31m+                           <span className={`h-1.5 w-1.5 rounded-full ${[39m
[31m+                             comp.trustLevel === 'Trusted' ? 'bg-[#0e700e]' :[39m
[31m+                             comp.trustLevel === 'Review Required' ? 'bg-[#8a5700]' :[39m
[31m+                             'bg-[#a4262c]'[39m
[31m+                           }`} />[39m
[31m+                           {comp.trustLevel === 'Trusted' ? 'OK' : 'Audit'}[39m
[31m+                         </span>[39m
[31m+                       </div>[39m
[31m+                     ))[39m
[31m+                   )}[39m
[31m+                 </div>[39m
[31m+               </div>[39m
[31m+ [39m
[31m+               {/* TIER 3: Downstream Active Deployments */}[39m
[31m+               <div className="flex flex-col gap-3 rounded-md border border-[#e1dfdd] bg-[#faf9f8] p-3">[39m
[31m+                 <div className="flex items-center gap-1.5 border-b border-[#e1dfdd] pb-2 text-[13px] font-semibold text-[#201f1e]">[39m
[31m+                   <Server className="h-3.5 w-3.5 text-[#0f6cbd]" />[39m
[31m+                   <span>3. Downstream runtimes</span>[39m
[31m+                 </div>[39m
[31m+ [39m
[31m+                 <div className="flex-1 space-y-2 max-h-[300px] overflow-y-auto pr-1">[39m
[31m+                   {deployedAssets.length === 0 ? ([39m
[31m+                     <div className="space-y-1.5 py-8 text-center">[39m
[31m+                       <HelpCircle className="mx-auto h-5 w-5 text-[#c8c6c4]" />[39m
[31m+                       <p className="text-[12px] font-medium text-[#605e5c]">No active hosting hosts</p>[39m
[31m+                       <p className="px-2 text-[11px] leading-normal text-[#8a8886]">[39m
[31m+                         This passport is registered but has no current asset mappings running on servers or pods.[39m
[31m+                       </p>[39m
[31m+                     </div>[39m
[31m+                   ) : ([39m
[31m+                     deployedAssets.map((asset) => ([39m
[31m+                       <div[39m
[31m+                         key={asset.id}[39m
[31m+                         className="space-y-1.5 rounded border border-[#e1dfdd] bg-white p-2 text-[12px]"[39m
[31m+                       >[39m
[31m+                         <div className="flex items-start justify-between">[39m
[31m+                           <div>[39m
[31m+                             <h5 className="max-w-[130px] truncate font-medium text-[#201f1e]" title={asset.hostName}>[39m
[31m+                               {asset.hostName}[39m
[31m+                             </h5>[39m
[31m+                             <p className="text-[11px] text-[#8a8886]">{asset.type} · {asset.OS}</p>[39m
[31m+                           </div>[39m
[31m+                           <span className={`inline-flex items-center gap-1 text-[11px] font-medium ${[39m
[31m+                             asset.health === 'Compliant' ? 'text-[#0e700e]' : 'text-[#a4262c]'[39m
[31m+                           }`}>[39m
[31m+                             <span className={`h-1.5 w-1.5 rounded-full ${asset.health === 'Compliant' ? 'bg-[#0e700e]' : 'bg-[#a4262c]'}`} />[39m
[31m+                             {asset.health}[39m
[31m+                           </span>[39m
[31m+                         </div>[39m
[31m+ [39m
[31m+                         <div className="flex items-center gap-1.5 border-t border-[#f3f2f1] pt-1.5 text-[11px] text-[#605e5c]">[39m
[31m+                           <Building2 className="h-3.5 w-3.5 shrink-0 text-[#8a8886]" />[39m
[31m+                           <span className="truncate font-medium">{asset.clientName}</span>[39m
[31m+                         </div>[39m
[31m+                       </div>[39m
[31m+                     ))[39m
[31m+                   )}[39m
[31m+                 </div>[39m
[31m+               </div>[39m
[31m+ [39m
[31m+             </div>[39m
[31m+           </div>[39m
[31m+ [39m
[31m+           {/* VULNERABILITY BLAST RADIUS TRACER utility */}[39m
[31m+           <div className="space-y-3 rounded-md border border-[#e1dfdd] bg-white p-4">[39m
[31m+             <div className="border-b border-[#f3f2f1] pb-3">[39m
[31m+               <h3 className="flex items-center gap-1.5 text-[13px] font-semibold text-[#201f1e]">[39m
[31m+                 <Zap className="h-3.5 w-3.5 text-[#8a5700]" />[39m
[31m+                 <span>Transitive vulnerability blast radius tracer</span>[39m
[31m+               </h3>[39m
[31m+               <p className="mt-0.5 text-[11px] text-[#8a8886]">[39m
[31m+                 Input a sub-dependency name (e.g. "log4j", "openssl", "redis") to trace all host servers dependent on it.[39m
[31m+               </p>[39m
[31m+             </div>[39m
[31m+ [39m
[31m+             <div className="flex gap-2">[39m
[31m+               <label className="flex h-9 flex-1 items-center gap-2 rounded border border-[#c8c6c4] bg-white px-3 focus-within:border-[#0f6cbd] focus-within:ring-1 focus-within:ring-[#0f6cbd]">[39m
[31m+                 <Search className="h-3.5 w-3.5 text-[#8a8886]" />[39m
[31m+                 <input[39m
[31m+                   type="text"[39m
[31m+                   placeholder="Type package name to scan impact (e.g. openssl, redis)..."[39m
[31m+                   value={traceSearchQuery}[39m
[31m+                   onChange={(e) => setTraceSearchQuery(e.target.value)}[39m
[31m+                   className="w-full bg-transparent text-[13px] text-[#323130] outline-none placeholder:text-[#8a8886]"[39m
[31m+                 />[39m
[31m+               </label>[39m
[31m+               {traceSearchQuery && ([39m
[31m+                 <button[39m
[31m+                   type="button"[39m
[31m+                   onClick={() => setTraceSearchQuery('')}[39m
[31m+                   className="h-9 rounded border border-[#c8c6c4] px-3 text-[12px] font-medium text-[#323130] hover:bg-black/[.03]"[39m
[31m+                 >[39m
[31m+                   Clear trace[39m
[31m+                 </button>[39m
[31m+               )}[39m
[31m+             </div>[39m
[31m+ [39m
[31m+             {/* Traced impact results list */}[39m
[31m+             {traceSearchQuery.trim() ? ([39m
[31m+               <div className="space-y-2 pt-1">[39m
[31m+                 <h4 className="text-[11px] uppercase tracking-wide text-[#8a8886]">[39m
[31m+                   Impact mapping for "{traceSearchQuery}" ({tracedImpact.length} pipelines found)[39m
[31m+                 </h4>[39m
[31m+ [39m
[31m+                 {tracedImpact.length === 0 ? ([39m
[31m+                   <div className="rounded-md border border-[#e1dfdd] bg-[#faf9f8] p-4 text-center text-[12px] text-[#605e5c]">[39m
[31m+                     No active software passports or dependency chains are running components matching "{traceSearchQuery}".[39m
[31m+                   </div>[39m
[31m+                 ) : ([39m
[31m+                   <div className="space-y-2.5">[39m
[31m+                     {tracedImpact.map((item, idx) => ([39m
[31m+                       <div[39m
[31m+                         key={idx}[39m
[31m+                         className="space-y-2 rounded-md border border-[#e1dfdd] bg-[#faf9f8] p-3"[39m
[31m+                       >[39m
[31m+                         <div className="flex items-start justify-between gap-3">[39m
[31m+                           <div className="min-w-0">[39m
[31m+                             <span className="inline-block rounded bg-[#eff6fc] px-1.5 py-0.5 text-[11px] font-medium text-[#0f6cbd]">[39m
[31m+                               Dependency node found[39m
[31m+                             </span>[39m
[31m+                             <h5 className="mt-1 text-[13px] font-medium text-[#201f1e]">[39m
[31m+                               {item.component.name} <span className="font-normal text-[#8a8886]">v{item.component.version}</span>[39m
[31m+                             </h5>[39m
[31m+                             <p className="mt-0.5 text-[11px] text-[#8a8886]">Purl: {item.component.purl}</p>[39m
[31m+                           </div>[39m
[31m+ [39m
[31m+                           <div className="shrink-0 text-right">[39m
[31m+                             <span className="block text-[11px] text-[#8a8886]">Contained in</span>[39m
[31m+                             <span className="mt-0.5 block text-[13px] font-medium text-[#323130]">{item.passport.name}</span>[39m
[31m+                           </div>[39m
[31m+                         </div>[39m
[31m+ [39m
[31m+                         {/* Blast list of host targets */}[39m
[31m+                         <div className="space-y-1.5 border-t border-[#e1dfdd] pt-2">[39m
[31m+                           <p className="flex items-center gap-1 text-[11px] font-medium text-[#605e5c]">[39m
[31m+                             <Server className="h-3 w-3 text-[#0f6cbd]" />[39m
[31m+                             <span>Vulnerable deployment blast target hosts ({item.hosts.length})</span>[39m
[31m+                           </p>[39m
[31m+ [39m
[31m+                           {item.hosts.length === 0 ? ([39m
[31m+                             <p className="rounded border border-[#e1dfdd] bg-white p-2.5 text-[11px] italic text-[#8a8886]">[39m
[31m+                               Component is listed in the SBOM but currently has zero active deployment hosts. Threat exposure is minimal.[39m
[31m+                             </p>[39m
[31m+                           ) : ([39m
[31m+                             <div className="grid grid-cols-1 gap-1.5 md:grid-cols-2">[39m
[31m+                               {item.hosts.map((host) => ([39m
[31m+                                 <div[39m
[31m+                                   key={host.id}[39m
[31m+                                   className="flex items-center justify-between rounded border border-[#e1dfdd] bg-white p-2 text-[11px]"[39m
[31m+                                 >[39m
[31m+                                   <div className="min-w-0">[39m
[31m+                                     <p className="max-w-[140px] truncate font-medium text-[#323130]">{host.hostName}</p>[39m
[31m+                                     <p className="mt-0.5 text-[#8a8886]">{host.clientName} · {host.environment}</p>[39m
[31m+                                   </div>[39m
[31m+                                   <span className={`inline-flex shrink-0 items-center gap-1 font-medium ${[39m
[31m+                                     host.health === 'Compliant' ? 'text-[#0e700e]' : 'text-[#a4262c]'[39m
[31m+                                   }`}>[39m
[31m+                                     <span className={`h-1.5 w-1.5 rounded-full ${host.health === 'Compliant' ? 'bg-[#0e700e]' : 'bg-[#a4262c]'}`} />[39m
[31m+                                     {host.health}[39m
[31m+                                   </span>[39m
[31m+                                 </div>[39m
[31m+                               ))}[39m
[31m+                             </div>[39m
[31m+                           )}[39m
[31m+                         </div>[39m
[31m+                       </div>[39m
[31m+                     ))}[39m
[31m+                   </div>[39m
[31m+                 )}[39m
[31m+               </div>[39m
[31m+             ) : ([39m
[31m+               <div className="flex items-start gap-2 rounded-md border border-dashed border-[#e1dfdd] bg-[#faf9f8] p-3 text-[12px] text-[#605e5c]">[39m
[31m+                 <Info className="h-3.5 w-3.5 shrink-0 text-[#8a8886]" />[39m
[31m+                 <p className="leading-snug">[39m
[31m+                   Trace utilities query transitively mapped software bill-of-materials elements recursively. For example, search <code className="rounded bg-[#f3f2f1] px-1 py-0.5 font-mono font-medium text-[#0f6cbd]">openssl</code> to identify its downstream footprint or <code className="rounded bg-[#f3f2f1] px-1 py-0.5 font-mono font-medium text-[#0f6cbd]">postgres</code> to check running nodes.[39m
[31m+                 </p>[39m
[31m+               </div>[39m
[31m+             )}[39m
[31m+           </div>[39m
[31m+ [39m
[31m+         </div>[39m
[31m+ [39m
[31m+       </div>[39m
[31m+ [39m
[31m+       {/* DETAILED INTERACTIVE EXPLANATION MODAL (Why Does This Exist? / Digital Storyteller) */}[39m
[31m+       <AnimatePresence>[39m
[31m+         {isExplanationOpen && activePassport && ([39m
[31m+           <div className="fixed inset-0 z-50 flex items-center justify-center p-4">[39m
[31m+             {/* Backdrop overlay */}[39m
[31m+             <motion.div[39m
[31m+               initial={{ opacity: 0 }}[39m
[31m+               animate={{ opacity: 0.4 }}[39m
[31m+               exit={{ opacity: 0 }}[39m
[31m+               onClick={() => setIsExplanationOpen(false)}[39m
[31m+               className="absolute inset-0 bg-black"[39m
[31m+             />[39m
[31m+ [39m
[31m+             {/* Explainer Modal container */}[39m
[31m+             <motion.div[39m
[31m+               initial={{ scale: 0.98, y: 10, opacity: 0 }}[39m
[31m+               animate={{ scale: 1, y: 0, opacity: 1 }}[39m
[31m+               exit={{ scale: 0.98, y: 10, opacity: 0 }}[39m
[31m+               className="relative z-10 w-full max-w-lg rounded-md border border-[#e1dfdd] bg-white p-5 text-left"[39m
[31m+             >[39m
[31m+               <div className="mb-3 flex items-start justify-between">[39m
[31m+                 <div>[39m
[31m+                   <span className="block text-[11px] uppercase tracking-wide text-[#8a8886]">[39m
[31m+                     Why it exists[39m
[31m+                   </span>[39m
[31m+                   <h3 className="mt-0.5 flex items-center gap-1.5 text-[15px] font-semibold text-[#201f1e]">[39m
[31m+                     <Sparkles className="h-4 w-4 text-[#0f6cbd]" />[39m
[31m+                     <span>Explain {activePassport.name}</span>[39m
[31m+                   </h3>[39m
[31m+                 </div>[39m
[31m+                 <button[39m
[31m+                   onClick={() => setIsExplanationOpen(false)}[39m
[31m+                   className="rounded p-1 text-[#8a8886] hover:bg-black/[.03] hover:text-[#605e5c]"[39m
[31m+                 >[39m
[31m+                   <X className="h-4 w-4" />[39m
[31m+                 </button>[39m
[31m+               </div>[39m
[31m+ [39m
[31m+               {/* Explainer Body */}[39m
[31m+               <div className="space-y-3">[39m
[31m+                 {/* Structured Software Card Details */}[39m
[31m+                 <div className="space-y-3 rounded-md border border-[#e1dfdd] bg-[#faf9f8] p-3">[39m
[31m+                   <div>[39m
[31m+                     <span className="mb-0.5 block text-[11px] uppercase text-[#8a8886]">What it does</span>[39m
[31m+                     <p className="text-[13px] leading-relaxed text-[#323130]">[39m
[31m+                       {activeMnemonic.whatItDoes}[39m
[31m+                     </p>[39m
[31m+                   </div>[39m
[31m+ [39m
[31m+                   <div className="grid grid-cols-2 gap-3">[39m
[31m+                     <div>[39m
[31m+                       <span className="mb-0.5 block text-[11px] uppercase text-[#8a8886]">Who uses it</span>[39m
[31m+                       <span className="text-[13px] font-medium text-[#323130]">[39m
[31m+                         {activeMnemonic.whoUsesit}[39m
[31m+                       </span>[39m
[31m+                     </div>[39m
[31m+                     <div>[39m
[31m+                       <span className="mb-0.5 block text-[11px] uppercase text-[#8a8886]">Business importance</span>[39m
[31m+                       <span className="text-[13px] font-medium text-[#0f6cbd]">[39m
[31m+                         {activeMnemonic.businessImportance}[39m
[31m+                       </span>[39m
[31m+                     </div>[39m
[31m+                   </div>[39m
[31m+ [39m
[31m+                   <div className="border-t border-[#e1dfdd] pt-2">[39m
[31m+                     <span className="mb-0.5 block text-[11px] uppercase text-[#8a8886]">Connected systems</span>[39m
[31m+                     <p className="text-[13px] text-[#605e5c]">[39m
[31m+                       {activeMnemonic.connections}[39m
[31m+                     </p>[39m
[31m+                   </div>[39m
[31m+                 </div>[39m
[31m+ [39m
[31m+                 {/* The Magic Narrative */}[39m
[31m+                 <div className="space-y-1.5">[39m
[31m+                   <span className="block text-[11px] font-semibold uppercase tracking-wide text-[#0f6cbd]">[39m
[31m+                     Advisor narrative[39m
[31m+                   </span>[39m
[31m+                   <div className="rounded-md border border-[#e1dfdd] bg-[#eff6fc] p-3 text-[13px] leading-relaxed text-[#201f1e]">[39m
[31m+                     "{activeMnemonic.explanation}"[39m
[31m+                   </div>[39m
[31m+                 </div>[39m
[31m+ [39m
[31m+                 {/* Recommendation */}[39m
[31m+                 <div className="flex items-center justify-between border-t border-[#f3f2f1] pt-3 text-[13px]">[39m
[31m+                   <span className="text-[#8a8886]">Recommendation:</span>[39m
[31m+                   <span className="inline-flex items-center gap-1.5 rounded bg-[#dff6dd] px-2.5 py-0.5 text-[12px] font-medium text-[#0e700e]">[39m
[31m+                     Keep — important business system[39m
[31m+                   </span>[39m
[31m+                 </div>[39m
[31m+               </div>[39m
[31m+ [39m
[31m+               {/* Close footer button */}[39m
[31m+               <div className="mt-4 border-t border-[#f3f2f1] pt-3 text-right">[39m
[31m+                 <button[39m
[31m+                   type="button"[39m
[31m+                   onClick={() => setIsExplanationOpen(false)}[39m
[31m+                   className="h-8 rounded bg-[#0f6cbd] px-3 text-[13px] font-medium text-white hover:bg-[#004578]"[39m
[31m+                 >[39m
[31m+                   Got it, close[39m
[31m+                 </button>[39m
[31m+               </div>[39m
[31m+             </motion.div>[39m
[31m+           </div>[39m
[31m+         )}[39m
[31m+       </AnimatePresence>[39m
[31m+ [39m
[31m+     </div>[39m
[31m+   );[39m
[31m+ }[39m
[31m+ [39m
[31m+ // Simple absolute close SVG fallback[39m
[31m+ function X(props: React.SVGProps<SVGSVGElement>) {[39m
[31m+   return ([39m
[31m+     <svg[39m
[31m+       xmlns="http://www.w3.org/2000/svg"[39m
[31m+       fill="none"[39m
[31m+       viewBox="0 0 24 24"[39m
[31m+       strokeWidth="2.5"[39m
[31m+       stroke="currentColor"[39m
[31m+       {...props}[39m
[31m+     >[39m
[31m+       <path strokeLinecap="round" strokeLinejoin="round" d="M6 18L18 6M6 6l12 12" />[39m
[31m+     </svg>[39m
[31m+   );[39m
[31m+ }[39m
[31m+[39m

[36m [2m❯[22m tests/slsa-provenance-route-and-ui-contract.test.ts:[2m63:19[22m[39m
    [90m 61| [39m  it('contains none of the previously-fabricated repo/commit/CI/signin…
    [90m 62| [39m    [35mconst[39m s [33m=[39m [34msource[39m()[33m;[39m
    [90m 63| [39m    [34mexpect[39m(s)[33m.[39mnot[33m.[39m[34mtoContain[39m([32m'enterprise-registry'[39m)[33m;[39m
    [90m   | [39m                  [31m^[39m
    [90m 64| [39m    expect(s).not.toContain('f4b3c2a1d0e9f8a7b6c5d4e3f2a1b0c9d8e7f6a5'…
    [90m 65| [39m    [34mexpect[39m(s)[33m.[39mnot[33m.[39m[34mtoContain[39m([32m'SLSA Level 4 Compliant'[39m)[33m;[39m

[31m[2m⎯⎯⎯⎯⎯⎯⎯⎯⎯⎯⎯⎯⎯⎯⎯⎯⎯⎯⎯⎯[119/141]⎯[22m[39m

[41m[1m FAIL [22m[49m tests/slsa-provenance-route-and-ui-contract.test.ts[2m > [22mSoftwareLineageTracker no longer fabricates provenance data[2m > [22mderives SLSA state from the real evidence array, not a generated object
[31m[1mAssertionError[22m: expected '/**\r\n * @license\r\n * SPDX-License…' to contain '(activePassport.evidence || []).find(…'[39m

[32m- Expected[39m
[31m+ Received[39m

[32m- (activePassport.evidence || []).find((item) => item.type === 'Attestation' && /slsa/i.test(item.name))[39m
[31m+ /**[39m
[31m+  * @license[39m
[31m+  * SPDX-License-Identifier: Apache-2.0[39m
[31m+  */[39m
[31m+ [39m
[31m+ import React, { useState, useMemo } from 'react';[39m
[31m+ import { motion, AnimatePresence } from 'motion/react';[39m
[31m+ import {[39m
[31m+   GitFork,[39m
[31m+   Layers,[39m
[31m+   Server,[39m
[31m+   Search,[39m
[31m+   FileSignature,[39m
[31m+   Building2,[39m
[31m+   ExternalLink,[39m
[31m+   HelpCircle,[39m
[31m+   ChevronRight,[39m
[31m+   Zap,[39m
[31m+   Info,[39m
[31m+   Sparkles[39m
[31m+ } from 'lucide-react';[39m
[31m+ import { SoftwarePassport, Client } from '../types';[39m
[31m+ [39m
[31m+ interface SoftwareLineageTrackerProps {[39m
[31m+   passports: SoftwarePassport[];[39m
[31m+   clients: Client[];[39m
[31m+   assets: any[];[39m
[31m+ }[39m
[31m+ [39m
[31m+ export default function SoftwareLineageTracker({ passports, clients, assets }: SoftwareLineageTrackerProps) {[39m
[31m+   const [selectedPassportId, setSelectedPassportId] = useState<string>(passports[0]?.id || '');[39m
[31m+   const [dependencySearchQuery, setDependencySearchQuery] = useState<string>('');[39m
[31m+   const [traceSearchQuery, setTraceSearchQuery] = useState<string>('');[39m
[31m+   const [isExplanationOpen, setIsExplanationOpen] = useState(false);[39m
[31m+ [39m
[31m+   // 1. Get currently selected passport[39m
[31m+   const activePassport = useMemo(() => {[39m
[31m+     return passports.find(p => p.id === selectedPassportId) || passports[0];[39m
[31m+   }, [passports, selectedPassportId]);[39m
[31m+ [39m
[31m+   // 2. Map downstream assets for the selected passport[39m
[31m+   const deployedAssets = useMemo(() => {[39m
[31m+     if (!activePassport) return [];[39m
[31m+     return assets.filter(a => {[39m
[31m+       const pName = activePassport.name.toLowerCase();[39m
[31m+       const aPassport = (a.activePassport || '').toLowerCase();[39m
[31m+       return ([39m
[31m+         aPassport === pName ||[39m
[31m+         aPassport.includes(pName) ||[39m
[31m+         pName.includes(aPassport) ||[39m
[31m+         (a.activePassport === `Custom/Generic: ${activePassport.name}`)[39m
[31m+       );[39m
[31m+     });[39m
[31m+   }, [assets, activePassport]);[39m
[31m+ [39m
[31m+   // Illustrative upstream topology. It is labeled in the UI and is not provenance evidence.[39m
[31m+   const provenanceDetails = useMemo(() => {[39m
[31m+     if (!activePassport) return null;[39m
[31m+     const cleanName = activePassport.name.toLowerCase().replace(/\s+/g, '-');[39m
[31m+     return {[39m
[31m+       repoUrl: `https://github.com/enterprise-registry/${cleanName}`,[39m
[31m+       branch: 'main',[39m
[31m+       commitHash: 'f4b3c2a1d0e9f8a7b6c5d4e3f2a1b0c9d8e7f6a5',[39m
[31m+       ciProvider: 'GitHub Actions Cloud Build',[39m
[31m+       buildId: `run-98421-prod-${cleanName}`,[39m
[31m+       slsaLevel: 'SLSA Level 4 Compliant',[39m
[31m+       compiler: 'GCC 12.2 / Node compiler (v18.16.0)',[39m
[31m+       signingAuthority: 'Cosign Sigstore Root CA',[39m
[31m+       signatureAlgorithm: 'ECDSA-P256-SHA256'[39m
[31m+     };[39m
[31m+   }, [activePassport]);[39m
[31m+ [39m
[31m+   // 3. Compute overall inventory dependency stats for summary badges[39m
[31m+   const totalUniqueDependencies = useMemo(() => {[39m
[31m+     const depsSet = new Set<string>();[39m
[31m+     passports.forEach(p => {[39m
[31m+       p.sbom.forEach(s => depsSet.add(s.name));[39m
[31m+     });[39m
[31m+     return depsSet.size;[39m
[31m+   }, [passports]);[39m
[31m+ [39m
[31m+   // 4. "Blast Radius Impact Tracer": Find any sub-component across all pipelines[39m
[31m+   const tracedImpact = useMemo(() => {[39m
[31m+     if (!traceSearchQuery.trim()) return [];[39m
[31m+ [39m
[31m+     const query = traceSearchQuery.toLowerCase();[39m
[31m+     const results: {[39m
[31m+       passport: SoftwarePassport;[39m
[31m+       component: any;[39m
[31m+       hosts: any[];[39m
[31m+     }[] = [];[39m
[31m+ [39m
[31m+     passports.forEach(p => {[39m
[31m+       const foundComp = p.sbom.find(s => s.name.toLowerCase().includes(query) || s.purl.toLowerCase().includes(query));[39m
[31m+       if (foundComp) {[39m
[31m+         // Find hosting assets running this parent software[39m
[31m+         const hosts = assets.filter(a => {[39m
[31m+           const pName = p.name.toLowerCase();[39m
[31m+           const aPassport = (a.activePassport || '').toLowerCase();[39m
[31m+           return ([39m
[31m+             aPassport === pName ||[39m
[31m+             aPassport.includes(pName) ||[39m
[31m+             pName.includes(aPassport) ||[39m
[31m+             (a.activePassport === `Custom/Generic: ${p.name}`)[39m
[31m+           );[39m
[31m+         });[39m
[31m+ [39m
[31m+         results.push({[39m
[31m+           passport: p,[39m
[31m+           component: foundComp,[39m
[31m+           hosts: hosts[39m
[31m+         });[39m
[31m+       }[39m
[31m+     });[39m
[31m+ [39m
[31m+     return results;[39m
[31m+   }, [passports, assets, traceSearchQuery]);[39m
[31m+ [39m
[31m+   // Filtered SBOM packages for active passport[39m
[31m+   const filteredSbom = useMemo(() => {[39m
[31m+     if (!activePassport) return [];[39m
[31m+     if (!dependencySearchQuery.trim()) return activePassport.sbom;[39m
[31m+     return activePassport.sbom.filter(s =>[39m
[31m+       s.name.toLowerCase().includes(dependencySearchQuery.toLowerCase()) ||[39m
[31m+       s.license.toLowerCase().includes(dependencySearchQuery.toLowerCase())[39m
[31m+     );[39m
[31m+   }, [activePassport, dependencySearchQuery]);[39m
[31m+ [39m
[31m+   // Dynamic digital map description generator for storytelling[39m
[31m+   const getDigitalMnemonic = (name: string) => {[39m
[31m+     const nameLower = name.toLowerCase();[39m
[31m+     if (nameLower.includes('salesforce')) {[39m
[31m+       return {[39m
[31m+         whatItDoes: 'Manages customer interactions, deals pipelines, and account records.',[39m
[31m+         whoUsesit: '35 employees in sales & service',[39m
[31m+         businessImportance: 'Critical operations node',[39m
[31m+         connections: 'Slack alerts, payment logs, secure backup instances',[39m
[31m+         explanation: 'This software manages customer pipelines and sales communications. Removing or disabling it would freeze lead intake, affecting 40% of daily transactions and disconnecting client interactions.'[39m
[31m+       };[39m
[31m+     }[39m
[31m+     if (nameLower.includes('slack')) {[39m
[31m+       return {[39m
[31m+         whatItDoes: 'Primary communication hub, notifications router, and collaboration channel.',[39m
[31m+         whoUsesit: 'All staff / 120 active employees',[39m
[31m+         businessImportance: 'High (Ops critical)',[39m
[31m+         connections: 'Salesforce CRM, OpenAI API, AWS status logs',[39m
[31m+         explanation: 'This is the communication spine of your company. It routes direct messages and security notifications instantly. It integrates automated bots to manage system outages and triggers real-time responses.'[39m
[31m+       };[39m
[31m+     }[39m
[31m+     if (nameLower.includes('stripe')) {[39m
[31m+       return {[39m
[31m+         whatItDoes: 'Handles invoice charging, checkout systems, and financial gateway flows.',[39m
[31m+         whoUsesit: 'Billing admins & payment triggers',[39m
[31m+         businessImportance: 'Immediate revenue impact',[39m
[31m+         connections: 'Corporate banking, QuickBooks, accounting DB',[39m
[31m+         explanation: 'This handles all credit-card processing and active payment endpoints. Removing it instantly disables checkout, halting incoming streams and breaking invoicing operations.'[39m
[31m+       };[39m
[31m+     }[39m
[31m+     // Default fallback[39m
[31m+     return {[39m
[31m+       whatItDoes: 'Provides central system infrastructure, service integrations, or package dependencies.',[39m
[31m+       whoUsesit: 'Engineering & operations',[39m
[31m+       businessImportance: 'High technical dependency',[39m
[31m+       connections: 'Cloud security pipelines, active virtual instances',[39m
[31m+       explanation: 'This node sits directly in the processing path. If detached, dependent backend routines would fail, triggering cascading connection errors across operational services.'[39m
[31m+     };[39m
[31m+   };[39m
[31m+ [39m
[31m+   const activeMnemonic = activePassport ? getDigitalMnemonic(activePassport.name) : getDigitalMnemonic('');[39m
[31m+ [39m
[31m+   return ([39m
[31m+     <div className="space-y-4" id="software-lineage-ledger-panel">[39m
[31m+       {/* Section header + summary strip */}[39m
[31m+       <div className="flex flex-col gap-3 sm:flex-row sm:items-center sm:justify-between">[39m
[31m+         <div>[39m
[31m+           <h2 className="text-[15px] font-semibold text-[#201f1e]">Software lineage map</h2>[39m
[31m+           <p className="mt-0.5 text-[13px] text-[#605e5c]">Trace a passport from source provenance through its SBOM to the servers running it.</p>[39m
[31m+         </div>[39m
[31m+ [39m
[31m+         <div className="flex flex-wrap gap-6 rounded-md border border-[#e1dfdd] bg-white p-3">[39m
[31m+           <div>[39m
[31m+             <div className="text-[11px] text-[#605e5c]">Mapped systems</div>[39m
[31m+             <div className="text-lg font-semibold text-[#201f1e]">{passports.length}</div>[39m
[31m+           </div>[39m
[31m+           <div>[39m
[31m+             <div className="text-[11px] text-[#605e5c]">SBOM packages</div>[39m
[31m+             <div className="text-lg font-semibold text-[#201f1e]">{totalUniqueDependencies}</div>[39m
[31m+           </div>[39m
[31m+         </div>[39m
[31m+       </div>[39m
[31m+ [39m
[31m+       {/* Main Interactive Map Grid */}[39m
[31m+       <div className="grid grid-cols-1 lg:grid-cols-4 gap-4">[39m
[31m+ [39m
[31m+         {/* Left Column: Software Passport Selector & Provenance Parameters */}[39m
[31m+         <div className="lg:col-span-1 space-y-4">[39m
[31m+           <div className="rounded-md border border-[#e1dfdd] bg-white p-3">[39m
[31m+             <h3 className="text-[13px] font-semibold text-[#201f1e]">Select a system</h3>[39m
[31m+             <p className="mt-0.5 text-[11px] text-[#8a8886]">Choose a passport to lock the tracker on it.</p>[39m
[31m+ [39m
[31m+             <div className="mt-3 space-y-1 max-h-[220px] overflow-y-auto pr-1">[39m
[31m+               {passports.map(p => {[39m
[31m+                 const isSelected = p.id === selectedPassportId;[39m
[31m+                 return ([39m
[31m+                   <button[39m
[31m+                     key={p.id}[39m
[31m+                     onClick={() => setSelectedPassportId(p.id)}[39m
[31m+                     className={`flex w-full items-center justify-between rounded px-2.5 py-2 text-left text-[13px] border ${[39m
[31m+                       isSelected[39m
[31m+                         ? 'border-[#0f6cbd] bg-[#eff6fc] font-medium text-[#0f6cbd]'[39m
[31m+                         : 'border-transparent text-[#323130] hover:bg-black/[.03]'[39m
[31m+                     }`}[39m
[31m+                   >[39m
[31m+                     <div className="min-w-0">[39m
[31m+                       <p className="truncate leading-tight">{p.name}</p>[39m
[31m+                       <span className="mt-0.5 block text-[11px] text-[#8a8886]">v{p.version} · {p.publisher}</span>[39m
[31m+                     </div>[39m
[31m+                     <ChevronRight className={`ml-2 h-3.5 w-3.5 shrink-0 ${isSelected ? 'text-[#0f6cbd]' : 'text-[#c8c6c4]'}`} />[39m
[31m+                   </button>[39m
[31m+                 );[39m
[31m+               })}[39m
[31m+             </div>[39m
[31m+           </div>[39m
[31m+ [39m
[31m+           {/* Active Passport General Info */}[39m
[31m+           {activePassport && ([39m
[31m+             <div className="space-y-3 rounded-md border border-[#e1dfdd] bg-white p-3">[39m
[31m+               <div className="flex items-start justify-between border-b border-[#f3f2f1] pb-2">[39m
[31m+                 <div>[39m
[31m+                   <span className="block text-[11px] text-[#8a8886]">Selected</span>[39m
[31m+                   <h4 className="mt-0.5 text-[13px] font-semibold leading-snug text-[#201f1e]">{activePassport.name}</h4>[39m
[31m+                 </div>[39m
[31m+                 <span className="shrink-0 rounded bg-[#f3f2f1] px-2 py-0.5 text-[11px] text-[#605e5c]">[39m
[31m+                   {activePassport.category}[39m
[31m+                 </span>[39m
[31m+               </div>[39m
[31m+ [39m
[31m+               <div className="space-y-1.5 text-[12px]">[39m
[31m+                 <div className="flex justify-between">[39m
[31m+                   <span className="text-[#8a8886]">Release date</span>[39m
[31m+                   <span className="font-medium text-[#323130]">{activePassport.releaseDate}</span>[39m
[31m+                 </div>[39m
[31m+                 <div className="flex justify-between">[39m
[31m+                   <span className="text-[#8a8886]">License</span>[39m
[31m+                   <span className="font-medium text-[#323130]">{activePassport.licenseType}</span>[39m
[31m+                 </div>[39m
[31m+                 <div className="flex justify-between">[39m
[31m+                   <span className="text-[#8a8886]">Trust score</span>[39m
[31m+                   <span className="font-semibold text-[#0e700e]">{activePassport.overallScore}/100</span>[39m
[31m+                 </div>[39m
[31m+                 <div className="flex flex-col gap-1 border-t border-[#f3f2f1] pt-2">[39m
[31m+                   <span className="text-[11px] uppercase text-[#8a8886]">File hash</span>[39m
[31m+                   <span className="select-all break-all rounded border border-[#e1dfdd] bg-[#faf9f8] p-1.5 font-mono text-[10px] leading-tight text-[#605e5c]">[39m
[31m+                     {activePassport.fileHash}[39m
[31m+                   </span>[39m
[31m+                 </div>[39m
[31m+               </div>[39m
[31m+ [39m
[31m+               {/* "Why does this exist" preview quick panel */}[39m
[31m+               <button[39m
[31m+                 onClick={() => setIsExplanationOpen(true)}[39m
[31m+                 className="flex h-8 w-full items-center justify-center gap-1.5 rounded border border-[#c8c6c4] text-[12px] font-medium text-[#323130] hover:bg-black/[.03]"[39m
[31m+               >[39m
[31m+                 <HelpCircle className="h-3.5 w-3.5 text-[#0f6cbd]" />[39m
[31m+                 <span>Explain this system</span>[39m
[31m+               </button>[39m
[31m+             </div>[39m
[31m+           )}[39m
[31m+         </div>[39m
[31m+ [39m
[31m+         {/* Right 3 Columns: Visual Lineage Flow Map */}[39m
[31m+         <div className="lg:col-span-3 space-y-4">[39m
[31m+ [39m
[31m+           {/* Unified 3-tier mapping visualizer */}[39m
[31m+           <div className="space-y-4 rounded-md border border-[#e1dfdd] bg-white p-4">[39m
[31m+             <div className="flex flex-col gap-2 sm:flex-row sm:items-center sm:justify-between">[39m
[31m+               <div>[39m
[31m+                 <h3 className="text-[13px] font-semibold text-[#201f1e]">Active lineage pathway</h3>[39m
[31m+                 <p className="text-[11px] text-[#8a8886]">Traced from build variables down to active servers</p>[39m
[31m+               </div>[39m
[31m+ [39m
[31m+               <span className="inline-flex items-center gap-1.5 text-[11px] text-[#605e5c]">[39m
[31m+                 <span className="h-1.5 w-1.5 rounded-full bg-[#0f6cbd]" />[39m
[31m+                 Live feed state[39m
[31m+               </span>[39m
[31m+             </div>[39m
[31m+ [39m
[31m+             {/* Visual grid connecting columns */}[39m
[31m+             <div className="grid grid-cols-1 gap-4 md:grid-cols-3">[39m
[31m+ [39m
[31m+               {/* TIER 1: Upstream Provenance Origin */}[39m
[31m+               <div className="flex flex-col gap-3 rounded-md border border-[#e1dfdd] bg-[#faf9f8] p-3">[39m
[31m+                 <div className="flex items-center gap-1.5 border-b border-[#e1dfdd] pb-2 text-[13px] font-semibold text-[#201f1e]">[39m
[31m+                   <GitFork className="h-3.5 w-3.5 text-[#0f6cbd]" />[39m
[31m+                   <span>1. Code provenance</span>[39m
[31m+                 </div>[39m
[31m+ [39m
[31m+                 {provenanceDetails && ([39m
[31m+                   <div className="space-y-2">[39m
[31m+                     <div className="space-y-1 rounded border border-[#e1dfdd] bg-white p-2 text-[12px]">[39m
[31m+                       <p className="text-[11px] text-[#8a8886]">Source repository</p>[39m
[31m+                       <a[39m
[31m+                         href={provenanceDetails.repoUrl}[39m
[31m+                         target="_blank"[39m
[31m+                         rel="noreferrer"[39m
[31m+                         className="flex max-w-[190px] items-center gap-1 truncate font-medium text-[#0f6cbd] hover:underline"[39m
[31m+                       >[39m
[31m+                         <span className="truncate">{provenanceDetails.repoUrl.replace('https://', '')}</span>[39m
[31m+                         <ExternalLink className="h-3 w-3 shrink-0" />[39m
[31m+                       </a>[39m
[31m+                       <p className="text-[11px] text-[#8a8886]">Branch: <span className="font-medium text-[#323130]">{provenanceDetails.branch}</span></p>[39m
[31m+                     </div>[39m
[31m+ [39m
[31m+                     <div className="space-y-1 rounded border border-[#e1dfdd] bg-white p-2 text-[12px]">[39m
[31m+                       <p className="text-[11px] text-[#8a8886]">CI/CD pipeline</p>[39m
[31m+                       <p className="font-medium text-[#323130]">{provenanceDetails.ciProvider}</p>[39m
[31m+                       <p className="truncate text-[11px] text-[#8a8886]" title={provenanceDetails.buildId}>ID: {provenanceDetails.buildId}</p>[39m
[31m+                     </div>[39m
[31m+ [39m
[31m+                     <div className="space-y-1 rounded border border-[#e1dfdd] bg-[#eff6fc] p-2 text-[12px]">[39m
[31m+                       <p className="text-[11px] text-[#0f6cbd]">Cryptographic proof</p>[39m
[31m+                       <div className="flex items-center gap-1 font-medium text-[#0f6cbd]">[39m
[31m+                         <FileSignature className="h-3.5 w-3.5 shrink-0" />[39m
[31m+                         <span>SLSA Level 4 verified</span>[39m
[31m+                       </div>[39m
[31m+                       <p className="text-[11px] leading-tight text-[#0f6cbd]/80">Authority: {provenanceDetails.signingAuthority}</p>[39m
[31m+                     </div>[39m
[31m+                   </div>[39m
[31m+                 )}[39m
[31m+               </div>[39m
[31m+ [39m
[31m+               {/* TIER 2: Central SBOM Component Lineage */}[39m
[31m+               <div className="flex flex-col gap-3 rounded-md border border-[#e1dfdd] bg-[#faf9f8] p-3">[39m
[31m+                 <div className="flex items-center gap-1.5 border-b border-[#e1dfdd] pb-2 text-[13px] font-semibold text-[#201f1e]">[39m
[31m+                   <Layers className="h-3.5 w-3.5 text-[#0f6cbd]" />[39m
[31m+                   <span>2. Core packages (SBOM)</span>[39m
[31m+                 </div>[39m
[31m+ [39m
[31m+                 <label className="flex h-8 items-center gap-1.5 rounded border border-[#c8c6c4] bg-white px-2 focus-within:border-[#0f6cbd] focus-within:ring-1 focus-within:ring-[#0f6cbd]">[39m
[31m+                   <Search className="h-3.5 w-3.5 text-[#8a8886]" />[39m
[31m+                   <input[39m
[31m+                     type="text"[39m
[31m+                     placeholder="Filter dependencies..."[39m
[31m+                     value={dependencySearchQuery}[39m
[31m+                     onChange={(e) => setDependencySearchQuery(e.target.value)}[39m
[31m+                     className="w-full bg-transparent text-[12px] text-[#323130] outline-none placeholder:text-[#8a8886]"[39m
[31m+                   />[39m
[31m+                 </label>[39m
[31m+ [39m
[31m+                 <div className="flex-1 space-y-1.5 max-h-[260px] overflow-y-auto pr-1">[39m
[31m+                   {filteredSbom.length === 0 ? ([39m
[31m+                     <div className="py-8 text-center text-[11px] text-[#8a8886]">[39m
[31m+                       No components found matching search.[39m
[31m+                     </div>[39m
[31m+                   ) : ([39m
[31m+                     filteredSbom.map((comp, idx) => ([39m
[31m+                       <div[39m
[31m+                         key={idx}[39m
[31m+                         className="flex items-center justify-between rounded border border-[#e1dfdd] bg-white px-2 py-1.5 text-[12px] hover:border-[#c8c6c4]"[39m
[31m+                       >[39m
[31m+                         <div className="min-w-0">[39m
[31m+                           <p className="truncate font-medium text-[#323130]" title={comp.name}>{comp.name}</p>[39m
[31m+                           <div className="mt-0.5 flex items-center gap-1.5 text-[11px] text-[#8a8886]">[39m
[31m+                             <span>v{comp.version}</span>[39m
[31m+                             <span className="rounded bg-[#f3f2f1] px-1 uppercase">[39m
[31m+                               {comp.dependencyType}[39m
[31m+                             </span>[39m
[31m+                           </div>[39m
[31m+                         </div>[39m
[31m+ [39m
[31m+                         <span className={`ml-1.5 inline-flex shrink-0 items-center gap-1 text-[11px] font-medium ${[39m
[31m+                           comp.trustLevel === 'Trusted' ? 'text-[#0e700e]' :[39m
[31m+                           comp.trustLevel === 'Review Required' ? 'text-[#8a5700]' :[39m
[31m+                           'text-[#a4262c]'[39m
[31m+                         }`}>[39m
[31m+                           <span className={`h-1.5 w-1.5 rounded-full ${[39m
[31m+                             comp.trustLevel === 'Trusted' ? 'bg-[#0e700e]' :[39m
[31m+                             comp.trustLevel === 'Review Required' ? 'bg-[#8a5700]' :[39m
[31m+                             'bg-[#a4262c]'[39m
[31m+                           }`} />[39m
[31m+                           {comp.trustLevel === 'Trusted' ? 'OK' : 'Audit'}[39m
[31m+                         </span>[39m
[31m+                       </div>[39m
[31m+                     ))[39m
[31m+                   )}[39m
[31m+                 </div>[39m
[31m+               </div>[39m
[31m+ [39m
[31m+               {/* TIER 3: Downstream Active Deployments */}[39m
[31m+               <div className="flex flex-col gap-3 rounded-md border border-[#e1dfdd] bg-[#faf9f8] p-3">[39m
[31m+                 <div className="flex items-center gap-1.5 border-b border-[#e1dfdd] pb-2 text-[13px] font-semibold text-[#201f1e]">[39m
[31m+                   <Server className="h-3.5 w-3.5 text-[#0f6cbd]" />[39m
[31m+                   <span>3. Downstream runtimes</span>[39m
[31m+                 </div>[39m
[31m+ [39m
[31m+                 <div className="flex-1 space-y-2 max-h-[300px] overflow-y-auto pr-1">[39m
[31m+                   {deployedAssets.length === 0 ? ([39m
[31m+                     <div className="space-y-1.5 py-8 text-center">[39m
[31m+                       <HelpCircle className="mx-auto h-5 w-5 text-[#c8c6c4]" />[39m
[31m+                       <p className="text-[12px] font-medium text-[#605e5c]">No active hosting hosts</p>[39m
[31m+                       <p className="px-2 text-[11px] leading-normal text-[#8a8886]">[39m
[31m+                         This passport is registered but has no current asset mappings running on servers or pods.[39m
[31m+                       </p>[39m
[31m+                     </div>[39m
[31m+                   ) : ([39m
[31m+                     deployedAssets.map((asset) => ([39m
[31m+                       <div[39m
[31m+                         key={asset.id}[39m
[31m+                         className="space-y-1.5 rounded border border-[#e1dfdd] bg-white p-2 text-[12px]"[39m
[31m+                       >[39m
[31m+                         <div className="flex items-start justify-between">[39m
[31m+                           <div>[39m
[31m+                             <h5 className="max-w-[130px] truncate font-medium text-[#201f1e]" title={asset.hostName}>[39m
[31m+                               {asset.hostName}[39m
[31m+                             </h5>[39m
[31m+                             <p className="text-[11px] text-[#8a8886]">{asset.type} · {asset.OS}</p>[39m
[31m+                           </div>[39m
[31m+                           <span className={`inline-flex items-center gap-1 text-[11px] font-medium ${[39m
[31m+                             asset.health === 'Compliant' ? 'text-[#0e700e]' : 'text-[#a4262c]'[39m
[31m+                           }`}>[39m
[31m+                             <span className={`h-1.5 w-1.5 rounded-full ${asset.health === 'Compliant' ? 'bg-[#0e700e]' : 'bg-[#a4262c]'}`} />[39m
[31m+                             {asset.health}[39m
[31m+                           </span>[39m
[31m+                         </div>[39m
[31m+ [39m
[31m+                         <div className="flex items-center gap-1.5 border-t border-[#f3f2f1] pt-1.5 text-[11px] text-[#605e5c]">[39m
[31m+                           <Building2 className="h-3.5 w-3.5 shrink-0 text-[#8a8886]" />[39m
[31m+                           <span className="truncate font-medium">{asset.clientName}</span>[39m
[31m+                         </div>[39m
[31m+                       </div>[39m
[31m+                     ))[39m
[31m+                   )}[39m
[31m+                 </div>[39m
[31m+               </div>[39m
[31m+ [39m
[31m+             </div>[39m
[31m+           </div>[39m
[31m+ [39m
[31m+           {/* VULNERABILITY BLAST RADIUS TRACER utility */}[39m
[31m+           <div className="space-y-3 rounded-md border border-[#e1dfdd] bg-white p-4">[39m
[31m+             <div className="border-b border-[#f3f2f1] pb-3">[39m
[31m+               <h3 className="flex items-center gap-1.5 text-[13px] font-semibold text-[#201f1e]">[39m
[31m+                 <Zap className="h-3.5 w-3.5 text-[#8a5700]" />[39m
[31m+                 <span>Transitive vulnerability blast radius tracer</span>[39m
[31m+               </h3>[39m
[31m+               <p className="mt-0.5 text-[11px] text-[#8a8886]">[39m
[31m+                 Input a sub-dependency name (e.g. "log4j", "openssl", "redis") to trace all host servers dependent on it.[39m
[31m+               </p>[39m
[31m+             </div>[39m
[31m+ [39m
[31m+             <div className="flex gap-2">[39m
[31m+               <label className="flex h-9 flex-1 items-center gap-2 rounded border border-[#c8c6c4] bg-white px-3 focus-within:border-[#0f6cbd] focus-within:ring-1 focus-within:ring-[#0f6cbd]">[39m
[31m+                 <Search className="h-3.5 w-3.5 text-[#8a8886]" />[39m
[31m+                 <input[39m
[31m+                   type="text"[39m
[31m+                   placeholder="Type package name to scan impact (e.g. openssl, redis)..."[39m
[31m+                   value={traceSearchQuery}[39m
[31m+                   onChange={(e) => setTraceSearchQuery(e.target.value)}[39m
[31m+                   className="w-full bg-transparent text-[13px] text-[#323130] outline-none placeholder:text-[#8a8886]"[39m
[31m+                 />[39m
[31m+               </label>[39m
[31m+               {traceSearchQuery && ([39m
[31m+                 <button[39m
[31m+                   type="button"[39m
[31m+                   onClick={() => setTraceSearchQuery('')}[39m
[31m+                   className="h-9 rounded border border-[#c8c6c4] px-3 text-[12px] font-medium text-[#323130] hover:bg-black/[.03]"[39m
[31m+                 >[39m
[31m+                   Clear trace[39m
[31m+                 </button>[39m
[31m+               )}[39m
[31m+             </div>[39m
[31m+ [39m
[31m+             {/* Traced impact results list */}[39m
[31m+             {traceSearchQuery.trim() ? ([39m
[31m+               <div className="space-y-2 pt-1">[39m
[31m+                 <h4 className="text-[11px] uppercase tracking-wide text-[#8a8886]">[39m
[31m+                   Impact mapping for "{traceSearchQuery}" ({tracedImpact.length} pipelines found)[39m
[31m+                 </h4>[39m
[31m+ [39m
[31m+                 {tracedImpact.length === 0 ? ([39m
[31m+                   <div className="rounded-md border border-[#e1dfdd] bg-[#faf9f8] p-4 text-center text-[12px] text-[#605e5c]">[39m
[31m+                     No active software passports or dependency chains are running components matching "{traceSearchQuery}".[39m
[31m+                   </div>[39m
[31m+                 ) : ([39m
[31m+                   <div className="space-y-2.5">[39m
[31m+                     {tracedImpact.map((item, idx) => ([39m
[31m+                       <div[39m
[31m+                         key={idx}[39m
[31m+                         className="space-y-2 rounded-md border border-[#e1dfdd] bg-[#faf9f8] p-3"[39m
[31m+                       >[39m
[31m+                         <div className="flex items-start justify-between gap-3">[39m
[31m+                           <div className="min-w-0">[39m
[31m+                             <span className="inline-block rounded bg-[#eff6fc] px-1.5 py-0.5 text-[11px] font-medium text-[#0f6cbd]">[39m
[31m+                               Dependency node found[39m
[31m+                             </span>[39m
[31m+                             <h5 className="mt-1 text-[13px] font-medium text-[#201f1e]">[39m
[31m+                               {item.component.name} <span className="font-normal text-[#8a8886]">v{item.component.version}</span>[39m
[31m+                             </h5>[39m
[31m+                             <p className="mt-0.5 text-[11px] text-[#8a8886]">Purl: {item.component.purl}</p>[39m
[31m+                           </div>[39m
[31m+ [39m
[31m+                           <div className="shrink-0 text-right">[39m
[31m+                             <span className="block text-[11px] text-[#8a8886]">Contained in</span>[39m
[31m+                             <span className="mt-0.5 block text-[13px] font-medium text-[#323130]">{item.passport.name}</span>[39m
[31m+                           </div>[39m
[31m+                         </div>[39m
[31m+ [39m
[31m+                         {/* Blast list of host targets */}[39m
[31m+                         <div className="space-y-1.5 border-t border-[#e1dfdd] pt-2">[39m
[31m+                           <p className="flex items-center gap-1 text-[11px] font-medium text-[#605e5c]">[39m
[31m+                             <Server className="h-3 w-3 text-[#0f6cbd]" />[39m
[31m+                             <span>Vulnerable deployment blast target hosts ({item.hosts.length})</span>[39m
[31m+                           </p>[39m
[31m+ [39m
[31m+                           {item.hosts.length === 0 ? ([39m
[31m+                             <p className="rounded border border-[#e1dfdd] bg-white p-2.5 text-[11px] italic text-[#8a8886]">[39m
[31m+                               Component is listed in the SBOM but currently has zero active deployment hosts. Threat exposure is minimal.[39m
[31m+                             </p>[39m
[31m+                           ) : ([39m
[31m+                             <div className="grid grid-cols-1 gap-1.5 md:grid-cols-2">[39m
[31m+                               {item.hosts.map((host) => ([39m
[31m+                                 <div[39m
[31m+                                   key={host.id}[39m
[31m+                                   className="flex items-center justify-between rounded border border-[#e1dfdd] bg-white p-2 text-[11px]"[39m
[31m+                                 >[39m
[31m+                                   <div className="min-w-0">[39m
[31m+                                     <p className="max-w-[140px] truncate font-medium text-[#323130]">{host.hostName}</p>[39m
[31m+                                     <p className="mt-0.5 text-[#8a8886]">{host.clientName} · {host.environment}</p>[39m
[31m+                                   </div>[39m
[31m+                                   <span className={`inline-flex shrink-0 items-center gap-1 font-medium ${[39m
[31m+                                     host.health === 'Compliant' ? 'text-[#0e700e]' : 'text-[#a4262c]'[39m
[31m+                                   }`}>[39m
[31m+                                     <span className={`h-1.5 w-1.5 rounded-full ${host.health === 'Compliant' ? 'bg-[#0e700e]' : 'bg-[#a4262c]'}`} />[39m
[31m+                                     {host.health}[39m
[31m+                                   </span>[39m
[31m+                                 </div>[39m
[31m+                               ))}[39m
[31m+                             </div>[39m
[31m+                           )}[39m
[31m+                         </div>[39m
[31m+                       </div>[39m
[31m+                     ))}[39m
[31m+                   </div>[39m
[31m+                 )}[39m
[31m+               </div>[39m
[31m+             ) : ([39m
[31m+               <div className="flex items-start gap-2 rounded-md border border-dashed border-[#e1dfdd] bg-[#faf9f8] p-3 text-[12px] text-[#605e5c]">[39m
[31m+                 <Info className="h-3.5 w-3.5 shrink-0 text-[#8a8886]" />[39m
[31m+                 <p className="leading-snug">[39m
[31m+                   Trace utilities query transitively mapped software bill-of-materials elements recursively. For example, search <code className="rounded bg-[#f3f2f1] px-1 py-0.5 font-mono font-medium text-[#0f6cbd]">openssl</code> to identify its downstream footprint or <code className="rounded bg-[#f3f2f1] px-1 py-0.5 font-mono font-medium text-[#0f6cbd]">postgres</code> to check running nodes.[39m
[31m+                 </p>[39m
[31m+               </div>[39m
[31m+             )}[39m
[31m+           </div>[39m
[31m+ [39m
[31m+         </div>[39m
[31m+ [39m
[31m+       </div>[39m
[31m+ [39m
[31m+       {/* DETAILED INTERACTIVE EXPLANATION MODAL (Why Does This Exist? / Digital Storyteller) */}[39m
[31m+       <AnimatePresence>[39m
[31m+         {isExplanationOpen && activePassport && ([39m
[31m+           <div className="fixed inset-0 z-50 flex items-center justify-center p-4">[39m
[31m+             {/* Backdrop overlay */}[39m
[31m+             <motion.div[39m
[31m+               initial={{ opacity: 0 }}[39m
[31m+               animate={{ opacity: 0.4 }}[39m
[31m+               exit={{ opacity: 0 }}[39m
[31m+               onClick={() => setIsExplanationOpen(false)}[39m
[31m+               className="absolute inset-0 bg-black"[39m
[31m+             />[39m
[31m+ [39m
[31m+             {/* Explainer Modal container */}[39m
[31m+             <motion.div[39m
[31m+               initial={{ scale: 0.98, y: 10, opacity: 0 }}[39m
[31m+               animate={{ scale: 1, y: 0, opacity: 1 }}[39m
[31m+               exit={{ scale: 0.98, y: 10, opacity: 0 }}[39m
[31m+               className="relative z-10 w-full max-w-lg rounded-md border border-[#e1dfdd] bg-white p-5 text-left"[39m
[31m+             >[39m
[31m+               <div className="mb-3 flex items-start justify-between">[39m
[31m+                 <div>[39m
[31m+                   <span className="block text-[11px] uppercase tracking-wide text-[#8a8886]">[39m
[31m+                     Why it exists[39m
[31m+                   </span>[39m
[31m+                   <h3 className="mt-0.5 flex items-center gap-1.5 text-[15px] font-semibold text-[#201f1e]">[39m
[31m+                     <Sparkles className="h-4 w-4 text-[#0f6cbd]" />[39m
[31m+                     <span>Explain {activePassport.name}</span>[39m
[31m+                   </h3>[39m
[31m+                 </div>[39m
[31m+                 <button[39m
[31m+                   onClick={() => setIsExplanationOpen(false)}[39m
[31m+                   className="rounded p-1 text-[#8a8886] hover:bg-black/[.03] hover:text-[#605e5c]"[39m
[31m+                 >[39m
[31m+                   <X className="h-4 w-4" />[39m
[31m+                 </button>[39m
[31m+               </div>[39m
[31m+ [39m
[31m+               {/* Explainer Body */}[39m
[31m+               <div className="space-y-3">[39m
[31m+                 {/* Structured Software Card Details */}[39m
[31m+                 <div className="space-y-3 rounded-md border border-[#e1dfdd] bg-[#faf9f8] p-3">[39m
[31m+                   <div>[39m
[31m+                     <span className="mb-0.5 block text-[11px] uppercase text-[#8a8886]">What it does</span>[39m
[31m+                     <p className="text-[13px] leading-relaxed text-[#323130]">[39m
[31m+                       {activeMnemonic.whatItDoes}[39m
[31m+                     </p>[39m
[31m+                   </div>[39m
[31m+ [39m
[31m+                   <div className="grid grid-cols-2 gap-3">[39m
[31m+                     <div>[39m
[31m+                       <span className="mb-0.5 block text-[11px] uppercase text-[#8a8886]">Who uses it</span>[39m
[31m+                       <span className="text-[13px] font-medium text-[#323130]">[39m
[31m+                         {activeMnemonic.whoUsesit}[39m
[31m+                       </span>[39m
[31m+                     </div>[39m
[31m+                     <div>[39m
[31m+                       <span className="mb-0.5 block text-[11px] uppercase text-[#8a8886]">Business importance</span>[39m
[31m+                       <span className="text-[13px] font-medium text-[#0f6cbd]">[39m
[31m+                         {activeMnemonic.businessImportance}[39m
[31m+                       </span>[39m
[31m+                     </div>[39m
[31m+                   </div>[39m
[31m+ [39m
[31m+                   <div className="border-t border-[#e1dfdd] pt-2">[39m
[31m+                     <span className="mb-0.5 block text-[11px] uppercase text-[#8a8886]">Connected systems</span>[39m
[31m+                     <p className="text-[13px] text-[#605e5c]">[39m
[31m+                       {activeMnemonic.connections}[39m
[31m+                     </p>[39m
[31m+                   </div>[39m
[31m+                 </div>[39m
[31m+ [39m
[31m+                 {/* The Magic Narrative */}[39m
[31m+                 <div className="space-y-1.5">[39m
[31m+                   <span className="block text-[11px] font-semibold uppercase tracking-wide text-[#0f6cbd]">[39m
[31m+                     Advisor narrative[39m
[31m+                   </span>[39m
[31m+                   <div className="rounded-md border border-[#e1dfdd] bg-[#eff6fc] p-3 text-[13px] leading-relaxed text-[#201f1e]">[39m
[31m+                     "{activeMnemonic.explanation}"[39m
[31m+                   </div>[39m
[31m+                 </div>[39m
[31m+ [39m
[31m+                 {/* Recommendation */}[39m
[31m+                 <div className="flex items-center justify-between border-t border-[#f3f2f1] pt-3 text-[13px]">[39m
[31m+                   <span className="text-[#8a8886]">Recommendation:</span>[39m
[31m+                   <span className="inline-flex items-center gap-1.5 rounded bg-[#dff6dd] px-2.5 py-0.5 text-[12px] font-medium text-[#0e700e]">[39m
[31m+                     Keep — important business system[39m
[31m+                   </span>[39m
[31m+                 </div>[39m
[31m+               </div>[39m
[31m+ [39m
[31m+               {/* Close footer button */}[39m
[31m+               <div className="mt-4 border-t border-[#f3f2f1] pt-3 text-right">[39m
[31m+                 <button[39m
[31m+                   type="button"[39m
[31m+                   onClick={() => setIsExplanationOpen(false)}[39m
[31m+                   className="h-8 rounded bg-[#0f6cbd] px-3 text-[13px] font-medium text-white hover:bg-[#004578]"[39m
[31m+                 >[39m
[31m+                   Got it, close[39m
[31m+                 </button>[39m
[31m+               </div>[39m
[31m+             </motion.div>[39m
[31m+           </div>[39m
[31m+         )}[39m
[31m+       </AnimatePresence>[39m
[31m+ [39m
[31m+     </div>[39m
[31m+   );[39m
[31m+ }[39m
[31m+ [39m
[31m+ // Simple absolute close SVG fallback[39m
[31m+ function X(props: React.SVGProps<SVGSVGElement>) {[39m
[31m+   return ([39m
[31m+     <svg[39m
[31m+       xmlns="http://www.w3.org/2000/svg"[39m
[31m+       fill="none"[39m
[31m+       viewBox="0 0 24 24"[39m
[31m+       strokeWidth="2.5"[39m
[31m+       stroke="currentColor"[39m
[31m+       {...props}[39m
[31m+     >[39m
[31m+       <path strokeLinecap="round" strokeLinejoin="round" d="M6 18L18 6M6 6l12 12" />[39m
[31m+     </svg>[39m
[31m+   );[39m
[31m+ }[39m
[31m+[39m

[36m [2m❯[22m tests/slsa-provenance-route-and-ui-contract.test.ts:[2m73:15[22m[39m
    [90m 71| [39m  it('derives SLSA state from the real evidence array, not a generated…
    [90m 72| [39m    [35mconst[39m s [33m=[39m [34msource[39m()[33m;[39m
    [90m 73| [39m    expect(s).toContain("(activePassport.evidence || []).find((item) =…
    [90m   | [39m              [31m^[39m
    [90m 74| [39m  })[33m;[39m
    [90m 75| [39m

[31m[2m⎯⎯⎯⎯⎯⎯⎯⎯⎯⎯⎯⎯⎯⎯⎯⎯⎯⎯⎯⎯[120/141]⎯[22m[39m

[41m[1m FAIL [22m[49m tests/slsa-provenance-route-and-ui-contract.test.ts[2m > [22mSoftwareLineageTracker no longer fabricates provenance data[2m > [22m"SLSA Provenance — Verified" can only render when a real evidence item has status VERIFIED
[31m[1mAssertionError[22m: expected -1 to be greater than -1[39m
[36m [2m❯[22m tests/slsa-provenance-route-and-ui-contract.test.ts:[2m79:28[22m[39m
    [90m 77| [39m    [35mconst[39m s [33m=[39m [34msource[39m()[33m;[39m
    [90m 78| [39m    const verifiedBranch = s.indexOf("slsaEvidence && slsaEvidence.sta…
    [90m 79| [39m    [34mexpect[39m(verifiedBranch)[33m.[39m[34mtoBeGreaterThan[39m([33m-[39m[34m1[39m)[33m;[39m
    [90m   | [39m                           [31m^[39m
    [90m 80| [39m    [35mconst[39m verifiedLabelIndex [33m=[39m s[33m.[39m[34mindexOf[39m([32m'SLSA Provenance — Verified'[39m)[33m;[39m
    [90m 81| [39m    [34mexpect[39m(verifiedLabelIndex)[33m.[39m[34mtoBeGreaterThan[39m(verifiedBranch)[33m;[39m

[31m[2m⎯⎯⎯⎯⎯⎯⎯⎯⎯⎯⎯⎯⎯⎯⎯⎯⎯⎯⎯⎯[121/141]⎯[22m[39m

[41m[1m FAIL [22m[49m tests/slsa-provenance-route-and-ui-contract.test.ts[2m > [22mSoftwareLineageTracker no longer fabricates provenance data[2m > [22mshows an honest "Evidence Not Available" state when no SLSA evidence exists for the passport
[31m[1mAssertionError[22m: expected '/**\r\n * @license\r\n * SPDX-License…' to contain '{!slsaEvidence && ('[39m

[32m- Expected[39m
[31m+ Received[39m

[32m- {!slsaEvidence && ([39m
[31m+ /**[39m
[31m+  * @license[39m
[31m+  * SPDX-License-Identifier: Apache-2.0[39m
[31m+  */[39m
[31m+ [39m
[31m+ import React, { useState, useMemo } from 'react';[39m
[31m+ import { motion, AnimatePresence } from 'motion/react';[39m
[31m+ import {[39m
[31m+   GitFork,[39m
[31m+   Layers,[39m
[31m+   Server,[39m
[31m+   Search,[39m
[31m+   FileSignature,[39m
[31m+   Building2,[39m
[31m+   ExternalLink,[39m
[31m+   HelpCircle,[39m
[31m+   ChevronRight,[39m
[31m+   Zap,[39m
[31m+   Info,[39m
[31m+   Sparkles[39m
[31m+ } from 'lucide-react';[39m
[31m+ import { SoftwarePassport, Client } from '../types';[39m
[31m+ [39m
[31m+ interface SoftwareLineageTrackerProps {[39m
[31m+   passports: SoftwarePassport[];[39m
[31m+   clients: Client[];[39m
[31m+   assets: any[];[39m
[31m+ }[39m
[31m+ [39m
[31m+ export default function SoftwareLineageTracker({ passports, clients, assets }: SoftwareLineageTrackerProps) {[39m
[31m+   const [selectedPassportId, setSelectedPassportId] = useState<string>(passports[0]?.id || '');[39m
[31m+   const [dependencySearchQuery, setDependencySearchQuery] = useState<string>('');[39m
[31m+   const [traceSearchQuery, setTraceSearchQuery] = useState<string>('');[39m
[31m+   const [isExplanationOpen, setIsExplanationOpen] = useState(false);[39m
[31m+ [39m
[31m+   // 1. Get currently selected passport[39m
[31m+   const activePassport = useMemo(() => {[39m
[31m+     return passports.find(p => p.id === selectedPassportId) || passports[0];[39m
[31m+   }, [passports, selectedPassportId]);[39m
[31m+ [39m
[31m+   // 2. Map downstream assets for the selected passport[39m
[31m+   const deployedAssets = useMemo(() => {[39m
[31m+     if (!activePassport) return [];[39m
[31m+     return assets.filter(a => {[39m
[31m+       const pName = activePassport.name.toLowerCase();[39m
[31m+       const aPassport = (a.activePassport || '').toLowerCase();[39m
[31m+       return ([39m
[31m+         aPassport === pName ||[39m
[31m+         aPassport.includes(pName) ||[39m
[31m+         pName.includes(aPassport) ||[39m
[31m+         (a.activePassport === `Custom/Generic: ${activePassport.name}`)[39m
[31m+       );[39m
[31m+     });[39m
[31m+   }, [assets, activePassport]);[39m
[31m+ [39m
[31m+   // Illustrative upstream topology. It is labeled in the UI and is not provenance evidence.[39m
[31m+   const provenanceDetails = useMemo(() => {[39m
[31m+     if (!activePassport) return null;[39m
[31m+     const cleanName = activePassport.name.toLowerCase().replace(/\s+/g, '-');[39m
[31m+     return {[39m
[31m+       repoUrl: `https://github.com/enterprise-registry/${cleanName}`,[39m
[31m+       branch: 'main',[39m
[31m+       commitHash: 'f4b3c2a1d0e9f8a7b6c5d4e3f2a1b0c9d8e7f6a5',[39m
[31m+       ciProvider: 'GitHub Actions Cloud Build',[39m
[31m+       buildId: `run-98421-prod-${cleanName}`,[39m
[31m+       slsaLevel: 'SLSA Level 4 Compliant',[39m
[31m+       compiler: 'GCC 12.2 / Node compiler (v18.16.0)',[39m
[31m+       signingAuthority: 'Cosign Sigstore Root CA',[39m
[31m+       signatureAlgorithm: 'ECDSA-P256-SHA256'[39m
[31m+     };[39m
[31m+   }, [activePassport]);[39m
[31m+ [39m
[31m+   // 3. Compute overall inventory dependency stats for summary badges[39m
[31m+   const totalUniqueDependencies = useMemo(() => {[39m
[31m+     const depsSet = new Set<string>();[39m
[31m+     passports.forEach(p => {[39m
[31m+       p.sbom.forEach(s => depsSet.add(s.name));[39m
[31m+     });[39m
[31m+     return depsSet.size;[39m
[31m+   }, [passports]);[39m
[31m+ [39m
[31m+   // 4. "Blast Radius Impact Tracer": Find any sub-component across all pipelines[39m
[31m+   const tracedImpact = useMemo(() => {[39m
[31m+     if (!traceSearchQuery.trim()) return [];[39m
[31m+ [39m
[31m+     const query = traceSearchQuery.toLowerCase();[39m
[31m+     const results: {[39m
[31m+       passport: SoftwarePassport;[39m
[31m+       component: any;[39m
[31m+       hosts: any[];[39m
[31m+     }[] = [];[39m
[31m+ [39m
[31m+     passports.forEach(p => {[39m
[31m+       const foundComp = p.sbom.find(s => s.name.toLowerCase().includes(query) || s.purl.toLowerCase().includes(query));[39m
[31m+       if (foundComp) {[39m
[31m+         // Find hosting assets running this parent software[39m
[31m+         const hosts = assets.filter(a => {[39m
[31m+           const pName = p.name.toLowerCase();[39m
[31m+           const aPassport = (a.activePassport || '').toLowerCase();[39m
[31m+           return ([39m
[31m+             aPassport === pName ||[39m
[31m+             aPassport.includes(pName) ||[39m
[31m+             pName.includes(aPassport) ||[39m
[31m+             (a.activePassport === `Custom/Generic: ${p.name}`)[39m
[31m+           );[39m
[31m+         });[39m
[31m+ [39m
[31m+         results.push({[39m
[31m+           passport: p,[39m
[31m+           component: foundComp,[39m
[31m+           hosts: hosts[39m
[31m+         });[39m
[31m+       }[39m
[31m+     });[39m
[31m+ [39m
[31m+     return results;[39m
[31m+   }, [passports, assets, traceSearchQuery]);[39m
[31m+ [39m
[31m+   // Filtered SBOM packages for active passport[39m
[31m+   const filteredSbom = useMemo(() => {[39m
[31m+     if (!activePassport) return [];[39m
[31m+     if (!dependencySearchQuery.trim()) return activePassport.sbom;[39m
[31m+     return activePassport.sbom.filter(s =>[39m
[31m+       s.name.toLowerCase().includes(dependencySearchQuery.toLowerCase()) ||[39m
[31m+       s.license.toLowerCase().includes(dependencySearchQuery.toLowerCase())[39m
[31m+     );[39m
[31m+   }, [activePassport, dependencySearchQuery]);[39m
[31m+ [39m
[31m+   // Dynamic digital map description generator for storytelling[39m
[31m+   const getDigitalMnemonic = (name: string) => {[39m
[31m+     const nameLower = name.toLowerCase();[39m
[31m+     if (nameLower.includes('salesforce')) {[39m
[31m+       return {[39m
[31m+         whatItDoes: 'Manages customer interactions, deals pipelines, and account records.',[39m
[31m+         whoUsesit: '35 employees in sales & service',[39m
[31m+         businessImportance: 'Critical operations node',[39m
[31m+         connections: 'Slack alerts, payment logs, secure backup instances',[39m
[31m+         explanation: 'This software manages customer pipelines and sales communications. Removing or disabling it would freeze lead intake, affecting 40% of daily transactions and disconnecting client interactions.'[39m
[31m+       };[39m
[31m+     }[39m
[31m+     if (nameLower.includes('slack')) {[39m
[31m+       return {[39m
[31m+         whatItDoes: 'Primary communication hub, notifications router, and collaboration channel.',[39m
[31m+         whoUsesit: 'All staff / 120 active employees',[39m
[31m+         businessImportance: 'High (Ops critical)',[39m
[31m+         connections: 'Salesforce CRM, OpenAI API, AWS status logs',[39m
[31m+         explanation: 'This is the communication spine of your company. It routes direct messages and security notifications instantly. It integrates automated bots to manage system outages and triggers real-time responses.'[39m
[31m+       };[39m
[31m+     }[39m
[31m+     if (nameLower.includes('stripe')) {[39m
[31m+       return {[39m
[31m+         whatItDoes: 'Handles invoice charging, checkout systems, and financial gateway flows.',[39m
[31m+         whoUsesit: 'Billing admins & payment triggers',[39m
[31m+         businessImportance: 'Immediate revenue impact',[39m
[31m+         connections: 'Corporate banking, QuickBooks, accounting DB',[39m
[31m+         explanation: 'This handles all credit-card processing and active payment endpoints. Removing it instantly disables checkout, halting incoming streams and breaking invoicing operations.'[39m
[31m+       };[39m
[31m+     }[39m
[31m+     // Default fallback[39m
[31m+     return {[39m
[31m+       whatItDoes: 'Provides central system infrastructure, service integrations, or package dependencies.',[39m
[31m+       whoUsesit: 'Engineering & operations',[39m
[31m+       businessImportance: 'High technical dependency',[39m
[31m+       connections: 'Cloud security pipelines, active virtual instances',[39m
[31m+       explanation: 'This node sits directly in the processing path. If detached, dependent backend routines would fail, triggering cascading connection errors across operational services.'[39m
[31m+     };[39m
[31m+   };[39m
[31m+ [39m
[31m+   const activeMnemonic = activePassport ? getDigitalMnemonic(activePassport.name) : getDigitalMnemonic('');[39m
[31m+ [39m
[31m+   return ([39m
[31m+     <div className="space-y-4" id="software-lineage-ledger-panel">[39m
[31m+       {/* Section header + summary strip */}[39m
[31m+       <div className="flex flex-col gap-3 sm:flex-row sm:items-center sm:justify-between">[39m
[31m+         <div>[39m
[31m+           <h2 className="text-[15px] font-semibold text-[#201f1e]">Software lineage map</h2>[39m
[31m+           <p className="mt-0.5 text-[13px] text-[#605e5c]">Trace a passport from source provenance through its SBOM to the servers running it.</p>[39m
[31m+         </div>[39m
[31m+ [39m
[31m+         <div className="flex flex-wrap gap-6 rounded-md border border-[#e1dfdd] bg-white p-3">[39m
[31m+           <div>[39m
[31m+             <div className="text-[11px] text-[#605e5c]">Mapped systems</div>[39m
[31m+             <div className="text-lg font-semibold text-[#201f1e]">{passports.length}</div>[39m
[31m+           </div>[39m
[31m+           <div>[39m
[31m+             <div className="text-[11px] text-[#605e5c]">SBOM packages</div>[39m
[31m+             <div className="text-lg font-semibold text-[#201f1e]">{totalUniqueDependencies}</div>[39m
[31m+           </div>[39m
[31m+         </div>[39m
[31m+       </div>[39m
[31m+ [39m
[31m+       {/* Main Interactive Map Grid */}[39m
[31m+       <div className="grid grid-cols-1 lg:grid-cols-4 gap-4">[39m
[31m+ [39m
[31m+         {/* Left Column: Software Passport Selector & Provenance Parameters */}[39m
[31m+         <div className="lg:col-span-1 space-y-4">[39m
[31m+           <div className="rounded-md border border-[#e1dfdd] bg-white p-3">[39m
[31m+             <h3 className="text-[13px] font-semibold text-[#201f1e]">Select a system</h3>[39m
[31m+             <p className="mt-0.5 text-[11px] text-[#8a8886]">Choose a passport to lock the tracker on it.</p>[39m
[31m+ [39m
[31m+             <div className="mt-3 space-y-1 max-h-[220px] overflow-y-auto pr-1">[39m
[31m+               {passports.map(p => {[39m
[31m+                 const isSelected = p.id === selectedPassportId;[39m
[31m+                 return ([39m
[31m+                   <button[39m
[31m+                     key={p.id}[39m
[31m+                     onClick={() => setSelectedPassportId(p.id)}[39m
[31m+                     className={`flex w-full items-center justify-between rounded px-2.5 py-2 text-left text-[13px] border ${[39m
[31m+                       isSelected[39m
[31m+                         ? 'border-[#0f6cbd] bg-[#eff6fc] font-medium text-[#0f6cbd]'[39m
[31m+                         : 'border-transparent text-[#323130] hover:bg-black/[.03]'[39m
[31m+                     }`}[39m
[31m+                   >[39m
[31m+                     <div className="min-w-0">[39m
[31m+                       <p className="truncate leading-tight">{p.name}</p>[39m
[31m+                       <span className="mt-0.5 block text-[11px] text-[#8a8886]">v{p.version} · {p.publisher}</span>[39m
[31m+                     </div>[39m
[31m+                     <ChevronRight className={`ml-2 h-3.5 w-3.5 shrink-0 ${isSelected ? 'text-[#0f6cbd]' : 'text-[#c8c6c4]'}`} />[39m
[31m+                   </button>[39m
[31m+                 );[39m
[31m+               })}[39m
[31m+             </div>[39m
[31m+           </div>[39m
[31m+ [39m
[31m+           {/* Active Passport General Info */}[39m
[31m+           {activePassport && ([39m
[31m+             <div className="space-y-3 rounded-md border border-[#e1dfdd] bg-white p-3">[39m
[31m+               <div className="flex items-start justify-between border-b border-[#f3f2f1] pb-2">[39m
[31m+                 <div>[39m
[31m+                   <span className="block text-[11px] text-[#8a8886]">Selected</span>[39m
[31m+                   <h4 className="mt-0.5 text-[13px] font-semibold leading-snug text-[#201f1e]">{activePassport.name}</h4>[39m
[31m+                 </div>[39m
[31m+                 <span className="shrink-0 rounded bg-[#f3f2f1] px-2 py-0.5 text-[11px] text-[#605e5c]">[39m
[31m+                   {activePassport.category}[39m
[31m+                 </span>[39m
[31m+               </div>[39m
[31m+ [39m
[31m+               <div className="space-y-1.5 text-[12px]">[39m
[31m+                 <div className="flex justify-between">[39m
[31m+                   <span className="text-[#8a8886]">Release date</span>[39m
[31m+                   <span className="font-medium text-[#323130]">{activePassport.releaseDate}</span>[39m
[31m+                 </div>[39m
[31m+                 <div className="flex justify-between">[39m
[31m+                   <span className="text-[#8a8886]">License</span>[39m
[31m+                   <span className="font-medium text-[#323130]">{activePassport.licenseType}</span>[39m
[31m+                 </div>[39m
[31m+                 <div className="flex justify-between">[39m
[31m+                   <span className="text-[#8a8886]">Trust score</span>[39m
[31m+                   <span className="font-semibold text-[#0e700e]">{activePassport.overallScore}/100</span>[39m
[31m+                 </div>[39m
[31m+                 <div className="flex flex-col gap-1 border-t border-[#f3f2f1] pt-2">[39m
[31m+                   <span className="text-[11px] uppercase text-[#8a8886]">File hash</span>[39m
[31m+                   <span className="select-all break-all rounded border border-[#e1dfdd] bg-[#faf9f8] p-1.5 font-mono text-[10px] leading-tight text-[#605e5c]">[39m
[31m+                     {activePassport.fileHash}[39m
[31m+                   </span>[39m
[31m+                 </div>[39m
[31m+               </div>[39m
[31m+ [39m
[31m+               {/* "Why does this exist" preview quick panel */}[39m
[31m+               <button[39m
[31m+                 onClick={() => setIsExplanationOpen(true)}[39m
[31m+                 className="flex h-8 w-full items-center justify-center gap-1.5 rounded border border-[#c8c6c4] text-[12px] font-medium text-[#323130] hover:bg-black/[.03]"[39m
[31m+               >[39m
[31m+                 <HelpCircle className="h-3.5 w-3.5 text-[#0f6cbd]" />[39m
[31m+                 <span>Explain this system</span>[39m
[31m+               </button>[39m
[31m+             </div>[39m
[31m+           )}[39m
[31m+         </div>[39m
[31m+ [39m
[31m+         {/* Right 3 Columns: Visual Lineage Flow Map */}[39m
[31m+         <div className="lg:col-span-3 space-y-4">[39m
[31m+ [39m
[31m+           {/* Unified 3-tier mapping visualizer */}[39m
[31m+           <div className="space-y-4 rounded-md border border-[#e1dfdd] bg-white p-4">[39m
[31m+             <div className="flex flex-col gap-2 sm:flex-row sm:items-center sm:justify-between">[39m
[31m+               <div>[39m
[31m+                 <h3 className="text-[13px] font-semibold text-[#201f1e]">Active lineage pathway</h3>[39m
[31m+                 <p className="text-[11px] text-[#8a8886]">Traced from build variables down to active servers</p>[39m
[31m+               </div>[39m
[31m+ [39m
[31m+               <span className="inline-flex items-center gap-1.5 text-[11px] text-[#605e5c]">[39m
[31m+                 <span className="h-1.5 w-1.5 rounded-full bg-[#0f6cbd]" />[39m
[31m+                 Live feed state[39m
[31m+               </span>[39m
[31m+             </div>[39m
[31m+ [39m
[31m+             {/* Visual grid connecting columns */}[39m
[31m+             <div className="grid grid-cols-1 gap-4 md:grid-cols-3">[39m
[31m+ [39m
[31m+               {/* TIER 1: Upstream Provenance Origin */}[39m
[31m+               <div className="flex flex-col gap-3 rounded-md border border-[#e1dfdd] bg-[#faf9f8] p-3">[39m
[31m+                 <div className="flex items-center gap-1.5 border-b border-[#e1dfdd] pb-2 text-[13px] font-semibold text-[#201f1e]">[39m
[31m+                   <GitFork className="h-3.5 w-3.5 text-[#0f6cbd]" />[39m
[31m+                   <span>1. Code provenance</span>[39m
[31m+                 </div>[39m
[31m+ [39m
[31m+                 {provenanceDetails && ([39m
[31m+                   <div className="space-y-2">[39m
[31m+                     <div className="space-y-1 rounded border border-[#e1dfdd] bg-white p-2 text-[12px]">[39m
[31m+                       <p className="text-[11px] text-[#8a8886]">Source repository</p>[39m
[31m+                       <a[39m
[31m+                         href={provenanceDetails.repoUrl}[39m
[31m+                         target="_blank"[39m
[31m+                         rel="noreferrer"[39m
[31m+                         className="flex max-w-[190px] items-center gap-1 truncate font-medium text-[#0f6cbd] hover:underline"[39m
[31m+                       >[39m
[31m+                         <span className="truncate">{provenanceDetails.repoUrl.replace('https://', '')}</span>[39m
[31m+                         <ExternalLink className="h-3 w-3 shrink-0" />[39m
[31m+                       </a>[39m
[31m+                       <p className="text-[11px] text-[#8a8886]">Branch: <span className="font-medium text-[#323130]">{provenanceDetails.branch}</span></p>[39m
[31m+                     </div>[39m
[31m+ [39m
[31m+                     <div className="space-y-1 rounded border border-[#e1dfdd] bg-white p-2 text-[12px]">[39m
[31m+                       <p className="text-[11px] text-[#8a8886]">CI/CD pipeline</p>[39m
[31m+                       <p className="font-medium text-[#323130]">{provenanceDetails.ciProvider}</p>[39m
[31m+                       <p className="truncate text-[11px] text-[#8a8886]" title={provenanceDetails.buildId}>ID: {provenanceDetails.buildId}</p>[39m
[31m+                     </div>[39m
[31m+ [39m
[31m+                     <div className="space-y-1 rounded border border-[#e1dfdd] bg-[#eff6fc] p-2 text-[12px]">[39m
[31m+                       <p className="text-[11px] text-[#0f6cbd]">Cryptographic proof</p>[39m
[31m+                       <div className="flex items-center gap-1 font-medium text-[#0f6cbd]">[39m
[31m+                         <FileSignature className="h-3.5 w-3.5 shrink-0" />[39m
[31m+                         <span>SLSA Level 4 verified</span>[39m
[31m+                       </div>[39m
[31m+                       <p className="text-[11px] leading-tight text-[#0f6cbd]/80">Authority: {provenanceDetails.signingAuthority}</p>[39m
[31m+                     </div>[39m
[31m+                   </div>[39m
[31m+                 )}[39m
[31m+               </div>[39m
[31m+ [39m
[31m+               {/* TIER 2: Central SBOM Component Lineage */}[39m
[31m+               <div className="flex flex-col gap-3 rounded-md border border-[#e1dfdd] bg-[#faf9f8] p-3">[39m
[31m+                 <div className="flex items-center gap-1.5 border-b border-[#e1dfdd] pb-2 text-[13px] font-semibold text-[#201f1e]">[39m
[31m+                   <Layers className="h-3.5 w-3.5 text-[#0f6cbd]" />[39m
[31m+                   <span>2. Core packages (SBOM)</span>[39m
[31m+                 </div>[39m
[31m+ [39m
[31m+                 <label className="flex h-8 items-center gap-1.5 rounded border border-[#c8c6c4] bg-white px-2 focus-within:border-[#0f6cbd] focus-within:ring-1 focus-within:ring-[#0f6cbd]">[39m
[31m+                   <Search className="h-3.5 w-3.5 text-[#8a8886]" />[39m
[31m+                   <input[39m
[31m+                     type="text"[39m
[31m+                     placeholder="Filter dependencies..."[39m
[31m+                     value={dependencySearchQuery}[39m
[31m+                     onChange={(e) => setDependencySearchQuery(e.target.value)}[39m
[31m+                     className="w-full bg-transparent text-[12px] text-[#323130] outline-none placeholder:text-[#8a8886]"[39m
[31m+                   />[39m
[31m+                 </label>[39m
[31m+ [39m
[31m+                 <div className="flex-1 space-y-1.5 max-h-[260px] overflow-y-auto pr-1">[39m
[31m+                   {filteredSbom.length === 0 ? ([39m
[31m+                     <div className="py-8 text-center text-[11px] text-[#8a8886]">[39m
[31m+                       No components found matching search.[39m
[31m+                     </div>[39m
[31m+                   ) : ([39m
[31m+                     filteredSbom.map((comp, idx) => ([39m
[31m+                       <div[39m
[31m+                         key={idx}[39m
[31m+                         className="flex items-center justify-between rounded border border-[#e1dfdd] bg-white px-2 py-1.5 text-[12px] hover:border-[#c8c6c4]"[39m
[31m+                       >[39m
[31m+                         <div className="min-w-0">[39m
[31m+                           <p className="truncate font-medium text-[#323130]" title={comp.name}>{comp.name}</p>[39m
[31m+                           <div className="mt-0.5 flex items-center gap-1.5 text-[11px] text-[#8a8886]">[39m
[31m+                             <span>v{comp.version}</span>[39m
[31m+                             <span className="rounded bg-[#f3f2f1] px-1 uppercase">[39m
[31m+                               {comp.dependencyType}[39m
[31m+                             </span>[39m
[31m+                           </div>[39m
[31m+                         </div>[39m
[31m+ [39m
[31m+                         <span className={`ml-1.5 inline-flex shrink-0 items-center gap-1 text-[11px] font-medium ${[39m
[31m+                           comp.trustLevel === 'Trusted' ? 'text-[#0e700e]' :[39m
[31m+                           comp.trustLevel === 'Review Required' ? 'text-[#8a5700]' :[39m
[31m+                           'text-[#a4262c]'[39m
[31m+                         }`}>[39m
[31m+                           <span className={`h-1.5 w-1.5 rounded-full ${[39m
[31m+                             comp.trustLevel === 'Trusted' ? 'bg-[#0e700e]' :[39m
[31m+                             comp.trustLevel === 'Review Required' ? 'bg-[#8a5700]' :[39m
[31m+                             'bg-[#a4262c]'[39m
[31m+                           }`} />[39m
[31m+                           {comp.trustLevel === 'Trusted' ? 'OK' : 'Audit'}[39m
[31m+                         </span>[39m
[31m+                       </div>[39m
[31m+                     ))[39m
[31m+                   )}[39m
[31m+                 </div>[39m
[31m+               </div>[39m
[31m+ [39m
[31m+               {/* TIER 3: Downstream Active Deployments */}[39m
[31m+               <div className="flex flex-col gap-3 rounded-md border border-[#e1dfdd] bg-[#faf9f8] p-3">[39m
[31m+                 <div className="flex items-center gap-1.5 border-b border-[#e1dfdd] pb-2 text-[13px] font-semibold text-[#201f1e]">[39m
[31m+                   <Server className="h-3.5 w-3.5 text-[#0f6cbd]" />[39m
[31m+                   <span>3. Downstream runtimes</span>[39m
[31m+                 </div>[39m
[31m+ [39m
[31m+                 <div className="flex-1 space-y-2 max-h-[300px] overflow-y-auto pr-1">[39m
[31m+                   {deployedAssets.length === 0 ? ([39m
[31m+                     <div className="space-y-1.5 py-8 text-center">[39m
[31m+                       <HelpCircle className="mx-auto h-5 w-5 text-[#c8c6c4]" />[39m
[31m+                       <p className="text-[12px] font-medium text-[#605e5c]">No active hosting hosts</p>[39m
[31m+                       <p className="px-2 text-[11px] leading-normal text-[#8a8886]">[39m
[31m+                         This passport is registered but has no current asset mappings running on servers or pods.[39m
[31m+                       </p>[39m
[31m+                     </div>[39m
[31m+                   ) : ([39m
[31m+                     deployedAssets.map((asset) => ([39m
[31m+                       <div[39m
[31m+                         key={asset.id}[39m
[31m+                         className="space-y-1.5 rounded border border-[#e1dfdd] bg-white p-2 text-[12px]"[39m
[31m+                       >[39m
[31m+                         <div className="flex items-start justify-between">[39m
[31m+                           <div>[39m
[31m+                             <h5 className="max-w-[130px] truncate font-medium text-[#201f1e]" title={asset.hostName}>[39m
[31m+                               {asset.hostName}[39m
[31m+                             </h5>[39m
[31m+                             <p className="text-[11px] text-[#8a8886]">{asset.type} · {asset.OS}</p>[39m
[31m+                           </div>[39m
[31m+                           <span className={`inline-flex items-center gap-1 text-[11px] font-medium ${[39m
[31m+                             asset.health === 'Compliant' ? 'text-[#0e700e]' : 'text-[#a4262c]'[39m
[31m+                           }`}>[39m
[31m+                             <span className={`h-1.5 w-1.5 rounded-full ${asset.health === 'Compliant' ? 'bg-[#0e700e]' : 'bg-[#a4262c]'}`} />[39m
[31m+                             {asset.health}[39m
[31m+                           </span>[39m
[31m+                         </div>[39m
[31m+ [39m
[31m+                         <div className="flex items-center gap-1.5 border-t border-[#f3f2f1] pt-1.5 text-[11px] text-[#605e5c]">[39m
[31m+                           <Building2 className="h-3.5 w-3.5 shrink-0 text-[#8a8886]" />[39m
[31m+                           <span className="truncate font-medium">{asset.clientName}</span>[39m
[31m+                         </div>[39m
[31m+                       </div>[39m
[31m+                     ))[39m
[31m+                   )}[39m
[31m+                 </div>[39m
[31m+               </div>[39m
[31m+ [39m
[31m+             </div>[39m
[31m+           </div>[39m
[31m+ [39m
[31m+           {/* VULNERABILITY BLAST RADIUS TRACER utility */}[39m
[31m+           <div className="space-y-3 rounded-md border border-[#e1dfdd] bg-white p-4">[39m
[31m+             <div className="border-b border-[#f3f2f1] pb-3">[39m
[31m+               <h3 className="flex items-center gap-1.5 text-[13px] font-semibold text-[#201f1e]">[39m
[31m+                 <Zap className="h-3.5 w-3.5 text-[#8a5700]" />[39m
[31m+                 <span>Transitive vulnerability blast radius tracer</span>[39m
[31m+               </h3>[39m
[31m+               <p className="mt-0.5 text-[11px] text-[#8a8886]">[39m
[31m+                 Input a sub-dependency name (e.g. "log4j", "openssl", "redis") to trace all host servers dependent on it.[39m
[31m+               </p>[39m
[31m+             </div>[39m
[31m+ [39m
[31m+             <div className="flex gap-2">[39m
[31m+               <label className="flex h-9 flex-1 items-center gap-2 rounded border border-[#c8c6c4] bg-white px-3 focus-within:border-[#0f6cbd] focus-within:ring-1 focus-within:ring-[#0f6cbd]">[39m
[31m+                 <Search className="h-3.5 w-3.5 text-[#8a8886]" />[39m
[31m+                 <input[39m
[31m+                   type="text"[39m
[31m+                   placeholder="Type package name to scan impact (e.g. openssl, redis)..."[39m
[31m+                   value={traceSearchQuery}[39m
[31m+                   onChange={(e) => setTraceSearchQuery(e.target.value)}[39m
[31m+                   className="w-full bg-transparent text-[13px] text-[#323130] outline-none placeholder:text-[#8a8886]"[39m
[31m+                 />[39m
[31m+               </label>[39m
[31m+               {traceSearchQuery && ([39m
[31m+                 <button[39m
[31m+                   type="button"[39m
[31m+                   onClick={() => setTraceSearchQuery('')}[39m
[31m+                   className="h-9 rounded border border-[#c8c6c4] px-3 text-[12px] font-medium text-[#323130] hover:bg-black/[.03]"[39m
[31m+                 >[39m
[31m+                   Clear trace[39m
[31m+                 </button>[39m
[31m+               )}[39m
[31m+             </div>[39m
[31m+ [39m
[31m+             {/* Traced impact results list */}[39m
[31m+             {traceSearchQuery.trim() ? ([39m
[31m+               <div className="space-y-2 pt-1">[39m
[31m+                 <h4 className="text-[11px] uppercase tracking-wide text-[#8a8886]">[39m
[31m+                   Impact mapping for "{traceSearchQuery}" ({tracedImpact.length} pipelines found)[39m
[31m+                 </h4>[39m
[31m+ [39m
[31m+                 {tracedImpact.length === 0 ? ([39m
[31m+                   <div className="rounded-md border border-[#e1dfdd] bg-[#faf9f8] p-4 text-center text-[12px] text-[#605e5c]">[39m
[31m+                     No active software passports or dependency chains are running components matching "{traceSearchQuery}".[39m
[31m+                   </div>[39m
[31m+                 ) : ([39m
[31m+                   <div className="space-y-2.5">[39m
[31m+                     {tracedImpact.map((item, idx) => ([39m
[31m+                       <div[39m
[31m+                         key={idx}[39m
[31m+                         className="space-y-2 rounded-md border border-[#e1dfdd] bg-[#faf9f8] p-3"[39m
[31m+                       >[39m
[31m+                         <div className="flex items-start justify-between gap-3">[39m
[31m+                           <div className="min-w-0">[39m
[31m+                             <span className="inline-block rounded bg-[#eff6fc] px-1.5 py-0.5 text-[11px] font-medium text-[#0f6cbd]">[39m
[31m+                               Dependency node found[39m
[31m+                             </span>[39m
[31m+                             <h5 className="mt-1 text-[13px] font-medium text-[#201f1e]">[39m
[31m+                               {item.component.name} <span className="font-normal text-[#8a8886]">v{item.component.version}</span>[39m
[31m+                             </h5>[39m
[31m+                             <p className="mt-0.5 text-[11px] text-[#8a8886]">Purl: {item.component.purl}</p>[39m
[31m+                           </div>[39m
[31m+ [39m
[31m+                           <div className="shrink-0 text-right">[39m
[31m+                             <span className="block text-[11px] text-[#8a8886]">Contained in</span>[39m
[31m+                             <span className="mt-0.5 block text-[13px] font-medium text-[#323130]">{item.passport.name}</span>[39m
[31m+                           </div>[39m
[31m+                         </div>[39m
[31m+ [39m
[31m+                         {/* Blast list of host targets */}[39m
[31m+                         <div className="space-y-1.5 border-t border-[#e1dfdd] pt-2">[39m
[31m+                           <p className="flex items-center gap-1 text-[11px] font-medium text-[#605e5c]">[39m
[31m+                             <Server className="h-3 w-3 text-[#0f6cbd]" />[39m
[31m+                             <span>Vulnerable deployment blast target hosts ({item.hosts.length})</span>[39m
[31m+                           </p>[39m
[31m+ [39m
[31m+                           {item.hosts.length === 0 ? ([39m
[31m+                             <p className="rounded border border-[#e1dfdd] bg-white p-2.5 text-[11px] italic text-[#8a8886]">[39m
[31m+                               Component is listed in the SBOM but currently has zero active deployment hosts. Threat exposure is minimal.[39m
[31m+                             </p>[39m
[31m+                           ) : ([39m
[31m+                             <div className="grid grid-cols-1 gap-1.5 md:grid-cols-2">[39m
[31m+                               {item.hosts.map((host) => ([39m
[31m+                                 <div[39m
[31m+                                   key={host.id}[39m
[31m+                                   className="flex items-center justify-between rounded border border-[#e1dfdd] bg-white p-2 text-[11px]"[39m
[31m+                                 >[39m
[31m+                                   <div className="min-w-0">[39m
[31m+                                     <p className="max-w-[140px] truncate font-medium text-[#323130]">{host.hostName}</p>[39m
[31m+                                     <p className="mt-0.5 text-[#8a8886]">{host.clientName} · {host.environment}</p>[39m
[31m+                                   </div>[39m
[31m+                                   <span className={`inline-flex shrink-0 items-center gap-1 font-medium ${[39m
[31m+                                     host.health === 'Compliant' ? 'text-[#0e700e]' : 'text-[#a4262c]'[39m
[31m+                                   }`}>[39m
[31m+                                     <span className={`h-1.5 w-1.5 rounded-full ${host.health === 'Compliant' ? 'bg-[#0e700e]' : 'bg-[#a4262c]'}`} />[39m
[31m+                                     {host.health}[39m
[31m+                                   </span>[39m
[31m+                                 </div>[39m
[31m+                               ))}[39m
[31m+                             </div>[39m
[31m+                           )}[39m
[31m+                         </div>[39m
[31m+                       </div>[39m
[31m+                     ))}[39m
[31m+                   </div>[39m
[31m+                 )}[39m
[31m+               </div>[39m
[31m+             ) : ([39m
[31m+               <div className="flex items-start gap-2 rounded-md border border-dashed border-[#e1dfdd] bg-[#faf9f8] p-3 text-[12px] text-[#605e5c]">[39m
[31m+                 <Info className="h-3.5 w-3.5 shrink-0 text-[#8a8886]" />[39m
[31m+                 <p className="leading-snug">[39m
[31m+                   Trace utilities query transitively mapped software bill-of-materials elements recursively. For example, search <code className="rounded bg-[#f3f2f1] px-1 py-0.5 font-mono font-medium text-[#0f6cbd]">openssl</code> to identify its downstream footprint or <code className="rounded bg-[#f3f2f1] px-1 py-0.5 font-mono font-medium text-[#0f6cbd]">postgres</code> to check running nodes.[39m
[31m+                 </p>[39m
[31m+               </div>[39m
[31m+             )}[39m
[31m+           </div>[39m
[31m+ [39m
[31m+         </div>[39m
[31m+ [39m
[31m+       </div>[39m
[31m+ [39m
[31m+       {/* DETAILED INTERACTIVE EXPLANATION MODAL (Why Does This Exist? / Digital Storyteller) */}[39m
[31m+       <AnimatePresence>[39m
[31m+         {isExplanationOpen && activePassport && ([39m
[31m+           <div className="fixed inset-0 z-50 flex items-center justify-center p-4">[39m
[31m+             {/* Backdrop overlay */}[39m
[31m+             <motion.div[39m
[31m+               initial={{ opacity: 0 }}[39m
[31m+               animate={{ opacity: 0.4 }}[39m
[31m+               exit={{ opacity: 0 }}[39m
[31m+               onClick={() => setIsExplanationOpen(false)}[39m
[31m+               className="absolute inset-0 bg-black"[39m
[31m+             />[39m
[31m+ [39m
[31m+             {/* Explainer Modal container */}[39m
[31m+             <motion.div[39m
[31m+               initial={{ scale: 0.98, y: 10, opacity: 0 }}[39m
[31m+               animate={{ scale: 1, y: 0, opacity: 1 }}[39m
[31m+               exit={{ scale: 0.98, y: 10, opacity: 0 }}[39m
[31m+               className="relative z-10 w-full max-w-lg rounded-md border border-[#e1dfdd] bg-white p-5 text-left"[39m
[31m+             >[39m
[31m+               <div className="mb-3 flex items-start justify-between">[39m
[31m+                 <div>[39m
[31m+                   <span className="block text-[11px] uppercase tracking-wide text-[#8a8886]">[39m
[31m+                     Why it exists[39m
[31m+                   </span>[39m
[31m+                   <h3 className="mt-0.5 flex items-center gap-1.5 text-[15px] font-semibold text-[#201f1e]">[39m
[31m+                     <Sparkles className="h-4 w-4 text-[#0f6cbd]" />[39m
[31m+                     <span>Explain {activePassport.name}</span>[39m
[31m+                   </h3>[39m
[31m+                 </div>[39m
[31m+                 <button[39m
[31m+                   onClick={() => setIsExplanationOpen(false)}[39m
[31m+                   className="rounded p-1 text-[#8a8886] hover:bg-black/[.03] hover:text-[#605e5c]"[39m
[31m+                 >[39m
[31m+                   <X className="h-4 w-4" />[39m
[31m+                 </button>[39m
[31m+               </div>[39m
[31m+ [39m
[31m+               {/* Explainer Body */}[39m
[31m+               <div className="space-y-3">[39m
[31m+                 {/* Structured Software Card Details */}[39m
[31m+                 <div className="space-y-3 rounded-md border border-[#e1dfdd] bg-[#faf9f8] p-3">[39m
[31m+                   <div>[39m
[31m+                     <span className="mb-0.5 block text-[11px] uppercase text-[#8a8886]">What it does</span>[39m
[31m+                     <p className="text-[13px] leading-relaxed text-[#323130]">[39m
[31m+                       {activeMnemonic.whatItDoes}[39m
[31m+                     </p>[39m
[31m+                   </div>[39m
[31m+ [39m
[31m+                   <div className="grid grid-cols-2 gap-3">[39m
[31m+                     <div>[39m
[31m+                       <span className="mb-0.5 block text-[11px] uppercase text-[#8a8886]">Who uses it</span>[39m
[31m+                       <span className="text-[13px] font-medium text-[#323130]">[39m
[31m+                         {activeMnemonic.whoUsesit}[39m
[31m+                       </span>[39m
[31m+                     </div>[39m
[31m+                     <div>[39m
[31m+                       <span className="mb-0.5 block text-[11px] uppercase text-[#8a8886]">Business importance</span>[39m
[31m+                       <span className="text-[13px] font-medium text-[#0f6cbd]">[39m
[31m+                         {activeMnemonic.businessImportance}[39m
[31m+                       </span>[39m
[31m+                     </div>[39m
[31m+                   </div>[39m
[31m+ [39m
[31m+                   <div className="border-t border-[#e1dfdd] pt-2">[39m
[31m+                     <span className="mb-0.5 block text-[11px] uppercase text-[#8a8886]">Connected systems</span>[39m
[31m+                     <p className="text-[13px] text-[#605e5c]">[39m
[31m+                       {activeMnemonic.connections}[39m
[31m+                     </p>[39m
[31m+                   </div>[39m
[31m+                 </div>[39m
[31m+ [39m
[31m+                 {/* The Magic Narrative */}[39m
[31m+                 <div className="space-y-1.5">[39m
[31m+                   <span className="block text-[11px] font-semibold uppercase tracking-wide text-[#0f6cbd]">[39m
[31m+                     Advisor narrative[39m
[31m+                   </span>[39m
[31m+                   <div className="rounded-md border border-[#e1dfdd] bg-[#eff6fc] p-3 text-[13px] leading-relaxed text-[#201f1e]">[39m
[31m+                     "{activeMnemonic.explanation}"[39m
[31m+                   </div>[39m
[31m+                 </div>[39m
[31m+ [39m
[31m+                 {/* Recommendation */}[39m
[31m+                 <div className="flex items-center justify-between border-t border-[#f3f2f1] pt-3 text-[13px]">[39m
[31m+                   <span className="text-[#8a8886]">Recommendation:</span>[39m
[31m+                   <span className="inline-flex items-center gap-1.5 rounded bg-[#dff6dd] px-2.5 py-0.5 text-[12px] font-medium text-[#0e700e]">[39m
[31m+                     Keep — important business system[39m
[31m+                   </span>[39m
[31m+                 </div>[39m
[31m+               </div>[39m
[31m+ [39m
[31m+               {/* Close footer button */}[39m
[31m+               <div className="mt-4 border-t border-[#f3f2f1] pt-3 text-right">[39m
[31m+                 <button[39m
[31m+                   type="button"[39m
[31m+                   onClick={() => setIsExplanationOpen(false)}[39m
[31m+                   className="h-8 rounded bg-[#0f6cbd] px-3 text-[13px] font-medium text-white hover:bg-[#004578]"[39m
[31m+                 >[39m
[31m+                   Got it, close[39m
[31m+                 </button>[39m
[31m+               </div>[39m
[31m+             </motion.div>[39m
[31m+           </div>[39m
[31m+         )}[39m
[31m+       </AnimatePresence>[39m
[31m+ [39m
[31m+     </div>[39m
[31m+   );[39m
[31m+ }[39m
[31m+ [39m
[31m+ // Simple absolute close SVG fallback[39m
[31m+ function X(props: React.SVGProps<SVGSVGElement>) {[39m
[31m+   return ([39m
[31m+     <svg[39m
[31m+       xmlns="http://www.w3.org/2000/svg"[39m
[31m+       fill="none"[39m
[31m+       viewBox="0 0 24 24"[39m
[31m+       strokeWidth="2.5"[39m
[31m+       stroke="currentColor"[39m
[31m+       {...props}[39m
[31m+     >[39m
[31m+       <path strokeLinecap="round" strokeLinejoin="round" d="M6 18L18 6M6 6l12 12" />[39m
[31m+     </svg>[39m
[31m+   );[39m
[31m+ }[39m
[31m+[39m

[36m [2m❯[22m tests/slsa-provenance-route-and-ui-contract.test.ts:[2m88:15[22m[39m
    [90m 86| [39m  it('shows an honest "Evidence Not Available" state when no SLSA evid…
    [90m 87| [39m    [35mconst[39m s [33m=[39m [34msource[39m()[33m;[39m
    [90m 88| [39m    [34mexpect[39m(s)[33m.[39m[34mtoContain[39m([32m'{!slsaEvidence && ('[39m)[33m;[39m
    [90m   | [39m              [31m^[39m
    [90m 89| [39m    [34mexpect[39m(s)[33m.[39m[34mtoContain[39m([32m'Evidence Not Available'[39m)[33m;[39m
    [90m 90| [39m  })[33m;[39m

[31m[2m⎯⎯⎯⎯⎯⎯⎯⎯⎯⎯⎯⎯⎯⎯⎯⎯⎯⎯⎯⎯[122/141]⎯[22m[39m

[41m[1m FAIL [22m[49m tests/slsa-provenance-route-and-ui-contract.test.ts[2m > [22mSoftwareLineageTracker no longer fabricates provenance data[2m > [22mshows a failure state with the real failureReason, and lets the user resubmit
[31m[1mAssertionError[22m: expected '/**\r\n * @license\r\n * SPDX-License…' to contain 'slsaEvidence && slsaEvidence.status =…'[39m

[32m- Expected[39m
[31m+ Received[39m

[32m- slsaEvidence && slsaEvidence.status === 'FAILED'[39m
[31m+ /**[39m
[31m+  * @license[39m
[31m+  * SPDX-License-Identifier: Apache-2.0[39m
[31m+  */[39m
[31m+ [39m
[31m+ import React, { useState, useMemo } from 'react';[39m
[31m+ import { motion, AnimatePresence } from 'motion/react';[39m
[31m+ import {[39m
[31m+   GitFork,[39m
[31m+   Layers,[39m
[31m+   Server,[39m
[31m+   Search,[39m
[31m+   FileSignature,[39m
[31m+   Building2,[39m
[31m+   ExternalLink,[39m
[31m+   HelpCircle,[39m
[31m+   ChevronRight,[39m
[31m+   Zap,[39m
[31m+   Info,[39m
[31m+   Sparkles[39m
[31m+ } from 'lucide-react';[39m
[31m+ import { SoftwarePassport, Client } from '../types';[39m
[31m+ [39m
[31m+ interface SoftwareLineageTrackerProps {[39m
[31m+   passports: SoftwarePassport[];[39m
[31m+   clients: Client[];[39m
[31m+   assets: any[];[39m
[31m+ }[39m
[31m+ [39m
[31m+ export default function SoftwareLineageTracker({ passports, clients, assets }: SoftwareLineageTrackerProps) {[39m
[31m+   const [selectedPassportId, setSelectedPassportId] = useState<string>(passports[0]?.id || '');[39m
[31m+   const [dependencySearchQuery, setDependencySearchQuery] = useState<string>('');[39m
[31m+   const [traceSearchQuery, setTraceSearchQuery] = useState<string>('');[39m
[31m+   const [isExplanationOpen, setIsExplanationOpen] = useState(false);[39m
[31m+ [39m
[31m+   // 1. Get currently selected passport[39m
[31m+   const activePassport = useMemo(() => {[39m
[31m+     return passports.find(p => p.id === selectedPassportId) || passports[0];[39m
[31m+   }, [passports, selectedPassportId]);[39m
[31m+ [39m
[31m+   // 2. Map downstream assets for the selected passport[39m
[31m+   const deployedAssets = useMemo(() => {[39m
[31m+     if (!activePassport) return [];[39m
[31m+     return assets.filter(a => {[39m
[31m+       const pName = activePassport.name.toLowerCase();[39m
[31m+       const aPassport = (a.activePassport || '').toLowerCase();[39m
[31m+       return ([39m
[31m+         aPassport === pName ||[39m
[31m+         aPassport.includes(pName) ||[39m
[31m+         pName.includes(aPassport) ||[39m
[31m+         (a.activePassport === `Custom/Generic: ${activePassport.name}`)[39m
[31m+       );[39m
[31m+     });[39m
[31m+   }, [assets, activePassport]);[39m
[31m+ [39m
[31m+   // Illustrative upstream topology. It is labeled in the UI and is not provenance evidence.[39m
[31m+   const provenanceDetails = useMemo(() => {[39m
[31m+     if (!activePassport) return null;[39m
[31m+     const cleanName = activePassport.name.toLowerCase().replace(/\s+/g, '-');[39m
[31m+     return {[39m
[31m+       repoUrl: `https://github.com/enterprise-registry/${cleanName}`,[39m
[31m+       branch: 'main',[39m
[31m+       commitHash: 'f4b3c2a1d0e9f8a7b6c5d4e3f2a1b0c9d8e7f6a5',[39m
[31m+       ciProvider: 'GitHub Actions Cloud Build',[39m
[31m+       buildId: `run-98421-prod-${cleanName}`,[39m
[31m+       slsaLevel: 'SLSA Level 4 Compliant',[39m
[31m+       compiler: 'GCC 12.2 / Node compiler (v18.16.0)',[39m
[31m+       signingAuthority: 'Cosign Sigstore Root CA',[39m
[31m+       signatureAlgorithm: 'ECDSA-P256-SHA256'[39m
[31m+     };[39m
[31m+   }, [activePassport]);[39m
[31m+ [39m
[31m+   // 3. Compute overall inventory dependency stats for summary badges[39m
[31m+   const totalUniqueDependencies = useMemo(() => {[39m
[31m+     const depsSet = new Set<string>();[39m
[31m+     passports.forEach(p => {[39m
[31m+       p.sbom.forEach(s => depsSet.add(s.name));[39m
[31m+     });[39m
[31m+     return depsSet.size;[39m
[31m+   }, [passports]);[39m
[31m+ [39m
[31m+   // 4. "Blast Radius Impact Tracer": Find any sub-component across all pipelines[39m
[31m+   const tracedImpact = useMemo(() => {[39m
[31m+     if (!traceSearchQuery.trim()) return [];[39m
[31m+ [39m
[31m+     const query = traceSearchQuery.toLowerCase();[39m
[31m+     const results: {[39m
[31m+       passport: SoftwarePassport;[39m
[31m+       component: any;[39m
[31m+       hosts: any[];[39m
[31m+     }[] = [];[39m
[31m+ [39m
[31m+     passports.forEach(p => {[39m
[31m+       const foundComp = p.sbom.find(s => s.name.toLowerCase().includes(query) || s.purl.toLowerCase().includes(query));[39m
[31m+       if (foundComp) {[39m
[31m+         // Find hosting assets running this parent software[39m
[31m+         const hosts = assets.filter(a => {[39m
[31m+           const pName = p.name.toLowerCase();[39m
[31m+           const aPassport = (a.activePassport || '').toLowerCase();[39m
[31m+           return ([39m
[31m+             aPassport === pName ||[39m
[31m+             aPassport.includes(pName) ||[39m
[31m+             pName.includes(aPassport) ||[39m
[31m+             (a.activePassport === `Custom/Generic: ${p.name}`)[39m
[31m+           );[39m
[31m+         });[39m
[31m+ [39m
[31m+         results.push({[39m
[31m+           passport: p,[39m
[31m+           component: foundComp,[39m
[31m+           hosts: hosts[39m
[31m+         });[39m
[31m+       }[39m
[31m+     });[39m
[31m+ [39m
[31m+     return results;[39m
[31m+   }, [passports, assets, traceSearchQuery]);[39m
[31m+ [39m
[31m+   // Filtered SBOM packages for active passport[39m
[31m+   const filteredSbom = useMemo(() => {[39m
[31m+     if (!activePassport) return [];[39m
[31m+     if (!dependencySearchQuery.trim()) return activePassport.sbom;[39m
[31m+     return activePassport.sbom.filter(s =>[39m
[31m+       s.name.toLowerCase().includes(dependencySearchQuery.toLowerCase()) ||[39m
[31m+       s.license.toLowerCase().includes(dependencySearchQuery.toLowerCase())[39m
[31m+     );[39m
[31m+   }, [activePassport, dependencySearchQuery]);[39m
[31m+ [39m
[31m+   // Dynamic digital map description generator for storytelling[39m
[31m+   const getDigitalMnemonic = (name: string) => {[39m
[31m+     const nameLower = name.toLowerCase();[39m
[31m+     if (nameLower.includes('salesforce')) {[39m
[31m+       return {[39m
[31m+         whatItDoes: 'Manages customer interactions, deals pipelines, and account records.',[39m
[31m+         whoUsesit: '35 employees in sales & service',[39m
[31m+         businessImportance: 'Critical operations node',[39m
[31m+         connections: 'Slack alerts, payment logs, secure backup instances',[39m
[31m+         explanation: 'This software manages customer pipelines and sales communications. Removing or disabling it would freeze lead intake, affecting 40% of daily transactions and disconnecting client interactions.'[39m
[31m+       };[39m
[31m+     }[39m
[31m+     if (nameLower.includes('slack')) {[39m
[31m+       return {[39m
[31m+         whatItDoes: 'Primary communication hub, notifications router, and collaboration channel.',[39m
[31m+         whoUsesit: 'All staff / 120 active employees',[39m
[31m+         businessImportance: 'High (Ops critical)',[39m
[31m+         connections: 'Salesforce CRM, OpenAI API, AWS status logs',[39m
[31m+         explanation: 'This is the communication spine of your company. It routes direct messages and security notifications instantly. It integrates automated bots to manage system outages and triggers real-time responses.'[39m
[31m+       };[39m
[31m+     }[39m
[31m+     if (nameLower.includes('stripe')) {[39m
[31m+       return {[39m
[31m+         whatItDoes: 'Handles invoice charging, checkout systems, and financial gateway flows.',[39m
[31m+         whoUsesit: 'Billing admins & payment triggers',[39m
[31m+         businessImportance: 'Immediate revenue impact',[39m
[31m+         connections: 'Corporate banking, QuickBooks, accounting DB',[39m
[31m+         explanation: 'This handles all credit-card processing and active payment endpoints. Removing it instantly disables checkout, halting incoming streams and breaking invoicing operations.'[39m
[31m+       };[39m
[31m+     }[39m
[31m+     // Default fallback[39m
[31m+     return {[39m
[31m+       whatItDoes: 'Provides central system infrastructure, service integrations, or package dependencies.',[39m
[31m+       whoUsesit: 'Engineering & operations',[39m
[31m+       businessImportance: 'High technical dependency',[39m
[31m+       connections: 'Cloud security pipelines, active virtual instances',[39m
[31m+       explanation: 'This node sits directly in the processing path. If detached, dependent backend routines would fail, triggering cascading connection errors across operational services.'[39m
[31m+     };[39m
[31m+   };[39m
[31m+ [39m
[31m+   const activeMnemonic = activePassport ? getDigitalMnemonic(activePassport.name) : getDigitalMnemonic('');[39m
[31m+ [39m
[31m+   return ([39m
[31m+     <div className="space-y-4" id="software-lineage-ledger-panel">[39m
[31m+       {/* Section header + summary strip */}[39m
[31m+       <div className="flex flex-col gap-3 sm:flex-row sm:items-center sm:justify-between">[39m
[31m+         <div>[39m
[31m+           <h2 className="text-[15px] font-semibold text-[#201f1e]">Software lineage map</h2>[39m
[31m+           <p className="mt-0.5 text-[13px] text-[#605e5c]">Trace a passport from source provenance through its SBOM to the servers running it.</p>[39m
[31m+         </div>[39m
[31m+ [39m
[31m+         <div className="flex flex-wrap gap-6 rounded-md border border-[#e1dfdd] bg-white p-3">[39m
[31m+           <div>[39m
[31m+             <div className="text-[11px] text-[#605e5c]">Mapped systems</div>[39m
[31m+             <div className="text-lg font-semibold text-[#201f1e]">{passports.length}</div>[39m
[31m+           </div>[39m
[31m+           <div>[39m
[31m+             <div className="text-[11px] text-[#605e5c]">SBOM packages</div>[39m
[31m+             <div className="text-lg font-semibold text-[#201f1e]">{totalUniqueDependencies}</div>[39m
[31m+           </div>[39m
[31m+         </div>[39m
[31m+       </div>[39m
[31m+ [39m
[31m+       {/* Main Interactive Map Grid */}[39m
[31m+       <div className="grid grid-cols-1 lg:grid-cols-4 gap-4">[39m
[31m+ [39m
[31m+         {/* Left Column: Software Passport Selector & Provenance Parameters */}[39m
[31m+         <div className="lg:col-span-1 space-y-4">[39m
[31m+           <div className="rounded-md border border-[#e1dfdd] bg-white p-3">[39m
[31m+             <h3 className="text-[13px] font-semibold text-[#201f1e]">Select a system</h3>[39m
[31m+             <p className="mt-0.5 text-[11px] text-[#8a8886]">Choose a passport to lock the tracker on it.</p>[39m
[31m+ [39m
[31m+             <div className="mt-3 space-y-1 max-h-[220px] overflow-y-auto pr-1">[39m
[31m+               {passports.map(p => {[39m
[31m+                 const isSelected = p.id === selectedPassportId;[39m
[31m+                 return ([39m
[31m+                   <button[39m
[31m+                     key={p.id}[39m
[31m+                     onClick={() => setSelectedPassportId(p.id)}[39m
[31m+                     className={`flex w-full items-center justify-between rounded px-2.5 py-2 text-left text-[13px] border ${[39m
[31m+                       isSelected[39m
[31m+                         ? 'border-[#0f6cbd] bg-[#eff6fc] font-medium text-[#0f6cbd]'[39m
[31m+                         : 'border-transparent text-[#323130] hover:bg-black/[.03]'[39m
[31m+                     }`}[39m
[31m+                   >[39m
[31m+                     <div className="min-w-0">[39m
[31m+                       <p className="truncate leading-tight">{p.name}</p>[39m
[31m+                       <span className="mt-0.5 block text-[11px] text-[#8a8886]">v{p.version} · {p.publisher}</span>[39m
[31m+                     </div>[39m
[31m+                     <ChevronRight className={`ml-2 h-3.5 w-3.5 shrink-0 ${isSelected ? 'text-[#0f6cbd]' : 'text-[#c8c6c4]'}`} />[39m
[31m+                   </button>[39m
[31m+                 );[39m
[31m+               })}[39m
[31m+             </div>[39m
[31m+           </div>[39m
[31m+ [39m
[31m+           {/* Active Passport General Info */}[39m
[31m+           {activePassport && ([39m
[31m+             <div className="space-y-3 rounded-md border border-[#e1dfdd] bg-white p-3">[39m
[31m+               <div className="flex items-start justify-between border-b border-[#f3f2f1] pb-2">[39m
[31m+                 <div>[39m
[31m+                   <span className="block text-[11px] text-[#8a8886]">Selected</span>[39m
[31m+                   <h4 className="mt-0.5 text-[13px] font-semibold leading-snug text-[#201f1e]">{activePassport.name}</h4>[39m
[31m+                 </div>[39m
[31m+                 <span className="shrink-0 rounded bg-[#f3f2f1] px-2 py-0.5 text-[11px] text-[#605e5c]">[39m
[31m+                   {activePassport.category}[39m
[31m+                 </span>[39m
[31m+               </div>[39m
[31m+ [39m
[31m+               <div className="space-y-1.5 text-[12px]">[39m
[31m+                 <div className="flex justify-between">[39m
[31m+                   <span className="text-[#8a8886]">Release date</span>[39m
[31m+                   <span className="font-medium text-[#323130]">{activePassport.releaseDate}</span>[39m
[31m+                 </div>[39m
[31m+                 <div className="flex justify-between">[39m
[31m+                   <span className="text-[#8a8886]">License</span>[39m
[31m+                   <span className="font-medium text-[#323130]">{activePassport.licenseType}</span>[39m
[31m+                 </div>[39m
[31m+                 <div className="flex justify-between">[39m
[31m+                   <span className="text-[#8a8886]">Trust score</span>[39m
[31m+                   <span className="font-semibold text-[#0e700e]">{activePassport.overallScore}/100</span>[39m
[31m+                 </div>[39m
[31m+                 <div className="flex flex-col gap-1 border-t border-[#f3f2f1] pt-2">[39m
[31m+                   <span className="text-[11px] uppercase text-[#8a8886]">File hash</span>[39m
[31m+                   <span className="select-all break-all rounded border border-[#e1dfdd] bg-[#faf9f8] p-1.5 font-mono text-[10px] leading-tight text-[#605e5c]">[39m
[31m+                     {activePassport.fileHash}[39m
[31m+                   </span>[39m
[31m+                 </div>[39m
[31m+               </div>[39m
[31m+ [39m
[31m+               {/* "Why does this exist" preview quick panel */}[39m
[31m+               <button[39m
[31m+                 onClick={() => setIsExplanationOpen(true)}[39m
[31m+                 className="flex h-8 w-full items-center justify-center gap-1.5 rounded border border-[#c8c6c4] text-[12px] font-medium text-[#323130] hover:bg-black/[.03]"[39m
[31m+               >[39m
[31m+                 <HelpCircle className="h-3.5 w-3.5 text-[#0f6cbd]" />[39m
[31m+                 <span>Explain this system</span>[39m
[31m+               </button>[39m
[31m+             </div>[39m
[31m+           )}[39m
[31m+         </div>[39m
[31m+ [39m
[31m+         {/* Right 3 Columns: Visual Lineage Flow Map */}[39m
[31m+         <div className="lg:col-span-3 space-y-4">[39m
[31m+ [39m
[31m+           {/* Unified 3-tier mapping visualizer */}[39m
[31m+           <div className="space-y-4 rounded-md border border-[#e1dfdd] bg-white p-4">[39m
[31m+             <div className="flex flex-col gap-2 sm:flex-row sm:items-center sm:justify-between">[39m
[31m+               <div>[39m
[31m+                 <h3 className="text-[13px] font-semibold text-[#201f1e]">Active lineage pathway</h3>[39m
[31m+                 <p className="text-[11px] text-[#8a8886]">Traced from build variables down to active servers</p>[39m
[31m+               </div>[39m
[31m+ [39m
[31m+               <span className="inline-flex items-center gap-1.5 text-[11px] text-[#605e5c]">[39m
[31m+                 <span className="h-1.5 w-1.5 rounded-full bg-[#0f6cbd]" />[39m
[31m+                 Live feed state[39m
[31m+               </span>[39m
[31m+             </div>[39m
[31m+ [39m
[31m+             {/* Visual grid connecting columns */}[39m
[31m+             <div className="grid grid-cols-1 gap-4 md:grid-cols-3">[39m
[31m+ [39m
[31m+               {/* TIER 1: Upstream Provenance Origin */}[39m
[31m+               <div className="flex flex-col gap-3 rounded-md border border-[#e1dfdd] bg-[#faf9f8] p-3">[39m
[31m+                 <div className="flex items-center gap-1.5 border-b border-[#e1dfdd] pb-2 text-[13px] font-semibold text-[#201f1e]">[39m
[31m+                   <GitFork className="h-3.5 w-3.5 text-[#0f6cbd]" />[39m
[31m+                   <span>1. Code provenance</span>[39m
[31m+                 </div>[39m
[31m+ [39m
[31m+                 {provenanceDetails && ([39m
[31m+                   <div className="space-y-2">[39m
[31m+                     <div className="space-y-1 rounded border border-[#e1dfdd] bg-white p-2 text-[12px]">[39m
[31m+                       <p className="text-[11px] text-[#8a8886]">Source repository</p>[39m
[31m+                       <a[39m
[31m+                         href={provenanceDetails.repoUrl}[39m
[31m+                         target="_blank"[39m
[31m+                         rel="noreferrer"[39m
[31m+                         className="flex max-w-[190px] items-center gap-1 truncate font-medium text-[#0f6cbd] hover:underline"[39m
[31m+                       >[39m
[31m+                         <span className="truncate">{provenanceDetails.repoUrl.replace('https://', '')}</span>[39m
[31m+                         <ExternalLink className="h-3 w-3 shrink-0" />[39m
[31m+                       </a>[39m
[31m+                       <p className="text-[11px] text-[#8a8886]">Branch: <span className="font-medium text-[#323130]">{provenanceDetails.branch}</span></p>[39m
[31m+                     </div>[39m
[31m+ [39m
[31m+                     <div className="space-y-1 rounded border border-[#e1dfdd] bg-white p-2 text-[12px]">[39m
[31m+                       <p className="text-[11px] text-[#8a8886]">CI/CD pipeline</p>[39m
[31m+                       <p className="font-medium text-[#323130]">{provenanceDetails.ciProvider}</p>[39m
[31m+                       <p className="truncate text-[11px] text-[#8a8886]" title={provenanceDetails.buildId}>ID: {provenanceDetails.buildId}</p>[39m
[31m+                     </div>[39m
[31m+ [39m
[31m+                     <div className="space-y-1 rounded border border-[#e1dfdd] bg-[#eff6fc] p-2 text-[12px]">[39m
[31m+                       <p className="text-[11px] text-[#0f6cbd]">Cryptographic proof</p>[39m
[31m+                       <div className="flex items-center gap-1 font-medium text-[#0f6cbd]">[39m
[31m+                         <FileSignature className="h-3.5 w-3.5 shrink-0" />[39m
[31m+                         <span>SLSA Level 4 verified</span>[39m
[31m+                       </div>[39m
[31m+                       <p className="text-[11px] leading-tight text-[#0f6cbd]/80">Authority: {provenanceDetails.signingAuthority}</p>[39m
[31m+                     </div>[39m
[31m+                   </div>[39m
[31m+                 )}[39m
[31m+               </div>[39m
[31m+ [39m
[31m+               {/* TIER 2: Central SBOM Component Lineage */}[39m
[31m+               <div className="flex flex-col gap-3 rounded-md border border-[#e1dfdd] bg-[#faf9f8] p-3">[39m
[31m+                 <div className="flex items-center gap-1.5 border-b border-[#e1dfdd] pb-2 text-[13px] font-semibold text-[#201f1e]">[39m
[31m+                   <Layers className="h-3.5 w-3.5 text-[#0f6cbd]" />[39m
[31m+                   <span>2. Core packages (SBOM)</span>[39m
[31m+                 </div>[39m
[31m+ [39m
[31m+                 <label className="flex h-8 items-center gap-1.5 rounded border border-[#c8c6c4] bg-white px-2 focus-within:border-[#0f6cbd] focus-within:ring-1 focus-within:ring-[#0f6cbd]">[39m
[31m+                   <Search className="h-3.5 w-3.5 text-[#8a8886]" />[39m
[31m+                   <input[39m
[31m+                     type="text"[39m
[31m+                     placeholder="Filter dependencies..."[39m
[31m+                     value={dependencySearchQuery}[39m
[31m+                     onChange={(e) => setDependencySearchQuery(e.target.value)}[39m
[31m+                     className="w-full bg-transparent text-[12px] text-[#323130] outline-none placeholder:text-[#8a8886]"[39m
[31m+                   />[39m
[31m+                 </label>[39m
[31m+ [39m
[31m+                 <div className="flex-1 space-y-1.5 max-h-[260px] overflow-y-auto pr-1">[39m
[31m+                   {filteredSbom.length === 0 ? ([39m
[31m+                     <div className="py-8 text-center text-[11px] text-[#8a8886]">[39m
[31m+                       No components found matching search.[39m
[31m+                     </div>[39m
[31m+                   ) : ([39m
[31m+                     filteredSbom.map((comp, idx) => ([39m
[31m+                       <div[39m
[31m+                         key={idx}[39m
[31m+                         className="flex items-center justify-between rounded border border-[#e1dfdd] bg-white px-2 py-1.5 text-[12px] hover:border-[#c8c6c4]"[39m
[31m+                       >[39m
[31m+                         <div className="min-w-0">[39m
[31m+                           <p className="truncate font-medium text-[#323130]" title={comp.name}>{comp.name}</p>[39m
[31m+                           <div className="mt-0.5 flex items-center gap-1.5 text-[11px] text-[#8a8886]">[39m
[31m+                             <span>v{comp.version}</span>[39m
[31m+                             <span className="rounded bg-[#f3f2f1] px-1 uppercase">[39m
[31m+                               {comp.dependencyType}[39m
[31m+                             </span>[39m
[31m+                           </div>[39m
[31m+                         </div>[39m
[31m+ [39m
[31m+                         <span className={`ml-1.5 inline-flex shrink-0 items-center gap-1 text-[11px] font-medium ${[39m
[31m+                           comp.trustLevel === 'Trusted' ? 'text-[#0e700e]' :[39m
[31m+                           comp.trustLevel === 'Review Required' ? 'text-[#8a5700]' :[39m
[31m+                           'text-[#a4262c]'[39m
[31m+                         }`}>[39m
[31m+                           <span className={`h-1.5 w-1.5 rounded-full ${[39m
[31m+                             comp.trustLevel === 'Trusted' ? 'bg-[#0e700e]' :[39m
[31m+                             comp.trustLevel === 'Review Required' ? 'bg-[#8a5700]' :[39m
[31m+                             'bg-[#a4262c]'[39m
[31m+                           }`} />[39m
[31m+                           {comp.trustLevel === 'Trusted' ? 'OK' : 'Audit'}[39m
[31m+                         </span>[39m
[31m+                       </div>[39m
[31m+                     ))[39m
[31m+                   )}[39m
[31m+                 </div>[39m
[31m+               </div>[39m
[31m+ [39m
[31m+               {/* TIER 3: Downstream Active Deployments */}[39m
[31m+               <div className="flex flex-col gap-3 rounded-md border border-[#e1dfdd] bg-[#faf9f8] p-3">[39m
[31m+                 <div className="flex items-center gap-1.5 border-b border-[#e1dfdd] pb-2 text-[13px] font-semibold text-[#201f1e]">[39m
[31m+                   <Server className="h-3.5 w-3.5 text-[#0f6cbd]" />[39m
[31m+                   <span>3. Downstream runtimes</span>[39m
[31m+                 </div>[39m
[31m+ [39m
[31m+                 <div className="flex-1 space-y-2 max-h-[300px] overflow-y-auto pr-1">[39m
[31m+                   {deployedAssets.length === 0 ? ([39m
[31m+                     <div className="space-y-1.5 py-8 text-center">[39m
[31m+                       <HelpCircle className="mx-auto h-5 w-5 text-[#c8c6c4]" />[39m
[31m+                       <p className="text-[12px] font-medium text-[#605e5c]">No active hosting hosts</p>[39m
[31m+                       <p className="px-2 text-[11px] leading-normal text-[#8a8886]">[39m
[31m+                         This passport is registered but has no current asset mappings running on servers or pods.[39m
[31m+                       </p>[39m
[31m+                     </div>[39m
[31m+                   ) : ([39m
[31m+                     deployedAssets.map((asset) => ([39m
[31m+                       <div[39m
[31m+                         key={asset.id}[39m
[31m+                         className="space-y-1.5 rounded border border-[#e1dfdd] bg-white p-2 text-[12px]"[39m
[31m+                       >[39m
[31m+                         <div className="flex items-start justify-between">[39m
[31m+                           <div>[39m
[31m+                             <h5 className="max-w-[130px] truncate font-medium text-[#201f1e]" title={asset.hostName}>[39m
[31m+                               {asset.hostName}[39m
[31m+                             </h5>[39m
[31m+                             <p className="text-[11px] text-[#8a8886]">{asset.type} · {asset.OS}</p>[39m
[31m+                           </div>[39m
[31m+                           <span className={`inline-flex items-center gap-1 text-[11px] font-medium ${[39m
[31m+                             asset.health === 'Compliant' ? 'text-[#0e700e]' : 'text-[#a4262c]'[39m
[31m+                           }`}>[39m
[31m+                             <span className={`h-1.5 w-1.5 rounded-full ${asset.health === 'Compliant' ? 'bg-[#0e700e]' : 'bg-[#a4262c]'}`} />[39m
[31m+                             {asset.health}[39m
[31m+                           </span>[39m
[31m+                         </div>[39m
[31m+ [39m
[31m+                         <div className="flex items-center gap-1.5 border-t border-[#f3f2f1] pt-1.5 text-[11px] text-[#605e5c]">[39m
[31m+                           <Building2 className="h-3.5 w-3.5 shrink-0 text-[#8a8886]" />[39m
[31m+                           <span className="truncate font-medium">{asset.clientName}</span>[39m
[31m+                         </div>[39m
[31m+                       </div>[39m
[31m+                     ))[39m
[31m+                   )}[39m
[31m+                 </div>[39m
[31m+               </div>[39m
[31m+ [39m
[31m+             </div>[39m
[31m+           </div>[39m
[31m+ [39m
[31m+           {/* VULNERABILITY BLAST RADIUS TRACER utility */}[39m
[31m+           <div className="space-y-3 rounded-md border border-[#e1dfdd] bg-white p-4">[39m
[31m+             <div className="border-b border-[#f3f2f1] pb-3">[39m
[31m+               <h3 className="flex items-center gap-1.5 text-[13px] font-semibold text-[#201f1e]">[39m
[31m+                 <Zap className="h-3.5 w-3.5 text-[#8a5700]" />[39m
[31m+                 <span>Transitive vulnerability blast radius tracer</span>[39m
[31m+               </h3>[39m
[31m+               <p className="mt-0.5 text-[11px] text-[#8a8886]">[39m
[31m+                 Input a sub-dependency name (e.g. "log4j", "openssl", "redis") to trace all host servers dependent on it.[39m
[31m+               </p>[39m
[31m+             </div>[39m
[31m+ [39m
[31m+             <div className="flex gap-2">[39m
[31m+               <label className="flex h-9 flex-1 items-center gap-2 rounded border border-[#c8c6c4] bg-white px-3 focus-within:border-[#0f6cbd] focus-within:ring-1 focus-within:ring-[#0f6cbd]">[39m
[31m+                 <Search className="h-3.5 w-3.5 text-[#8a8886]" />[39m
[31m+                 <input[39m
[31m+                   type="text"[39m
[31m+                   placeholder="Type package name to scan impact (e.g. openssl, redis)..."[39m
[31m+                   value={traceSearchQuery}[39m
[31m+                   onChange={(e) => setTraceSearchQuery(e.target.value)}[39m
[31m+                   className="w-full bg-transparent text-[13px] text-[#323130] outline-none placeholder:text-[#8a8886]"[39m
[31m+                 />[39m
[31m+               </label>[39m
[31m+               {traceSearchQuery && ([39m
[31m+                 <button[39m
[31m+                   type="button"[39m
[31m+                   onClick={() => setTraceSearchQuery('')}[39m
[31m+                   className="h-9 rounded border border-[#c8c6c4] px-3 text-[12px] font-medium text-[#323130] hover:bg-black/[.03]"[39m
[31m+                 >[39m
[31m+                   Clear trace[39m
[31m+                 </button>[39m
[31m+               )}[39m
[31m+             </div>[39m
[31m+ [39m
[31m+             {/* Traced impact results list */}[39m
[31m+             {traceSearchQuery.trim() ? ([39m
[31m+               <div className="space-y-2 pt-1">[39m
[31m+                 <h4 className="text-[11px] uppercase tracking-wide text-[#8a8886]">[39m
[31m+                   Impact mapping for "{traceSearchQuery}" ({tracedImpact.length} pipelines found)[39m
[31m+                 </h4>[39m
[31m+ [39m
[31m+                 {tracedImpact.length === 0 ? ([39m
[31m+                   <div className="rounded-md border border-[#e1dfdd] bg-[#faf9f8] p-4 text-center text-[12px] text-[#605e5c]">[39m
[31m+                     No active software passports or dependency chains are running components matching "{traceSearchQuery}".[39m
[31m+                   </div>[39m
[31m+                 ) : ([39m
[31m+                   <div className="space-y-2.5">[39m
[31m+                     {tracedImpact.map((item, idx) => ([39m
[31m+                       <div[39m
[31m+                         key={idx}[39m
[31m+                         className="space-y-2 rounded-md border border-[#e1dfdd] bg-[#faf9f8] p-3"[39m
[31m+                       >[39m
[31m+                         <div className="flex items-start justify-between gap-3">[39m
[31m+                           <div className="min-w-0">[39m
[31m+                             <span className="inline-block rounded bg-[#eff6fc] px-1.5 py-0.5 text-[11px] font-medium text-[#0f6cbd]">[39m
[31m+                               Dependency node found[39m
[31m+                             </span>[39m
[31m+                             <h5 className="mt-1 text-[13px] font-medium text-[#201f1e]">[39m
[31m+                               {item.component.name} <span className="font-normal text-[#8a8886]">v{item.component.version}</span>[39m
[31m+                             </h5>[39m
[31m+                             <p className="mt-0.5 text-[11px] text-[#8a8886]">Purl: {item.component.purl}</p>[39m
[31m+                           </div>[39m
[31m+ [39m
[31m+                           <div className="shrink-0 text-right">[39m
[31m+                             <span className="block text-[11px] text-[#8a8886]">Contained in</span>[39m
[31m+                             <span className="mt-0.5 block text-[13px] font-medium text-[#323130]">{item.passport.name}</span>[39m
[31m+                           </div>[39m
[31m+                         </div>[39m
[31m+ [39m
[31m+                         {/* Blast list of host targets */}[39m
[31m+                         <div className="space-y-1.5 border-t border-[#e1dfdd] pt-2">[39m
[31m+                           <p className="flex items-center gap-1 text-[11px] font-medium text-[#605e5c]">[39m
[31m+                             <Server className="h-3 w-3 text-[#0f6cbd]" />[39m
[31m+                             <span>Vulnerable deployment blast target hosts ({item.hosts.length})</span>[39m
[31m+                           </p>[39m
[31m+ [39m
[31m+                           {item.hosts.length === 0 ? ([39m
[31m+                             <p className="rounded border border-[#e1dfdd] bg-white p-2.5 text-[11px] italic text-[#8a8886]">[39m
[31m+                               Component is listed in the SBOM but currently has zero active deployment hosts. Threat exposure is minimal.[39m
[31m+                             </p>[39m
[31m+                           ) : ([39m
[31m+                             <div className="grid grid-cols-1 gap-1.5 md:grid-cols-2">[39m
[31m+                               {item.hosts.map((host) => ([39m
[31m+                                 <div[39m
[31m+                                   key={host.id}[39m
[31m+                                   className="flex items-center justify-between rounded border border-[#e1dfdd] bg-white p-2 text-[11px]"[39m
[31m+                                 >[39m
[31m+                                   <div className="min-w-0">[39m
[31m+                                     <p className="max-w-[140px] truncate font-medium text-[#323130]">{host.hostName}</p>[39m
[31m+                                     <p className="mt-0.5 text-[#8a8886]">{host.clientName} · {host.environment}</p>[39m
[31m+                                   </div>[39m
[31m+                                   <span className={`inline-flex shrink-0 items-center gap-1 font-medium ${[39m
[31m+                                     host.health === 'Compliant' ? 'text-[#0e700e]' : 'text-[#a4262c]'[39m
[31m+                                   }`}>[39m
[31m+                                     <span className={`h-1.5 w-1.5 rounded-full ${host.health === 'Compliant' ? 'bg-[#0e700e]' : 'bg-[#a4262c]'}`} />[39m
[31m+                                     {host.health}[39m
[31m+                                   </span>[39m
[31m+                                 </div>[39m
[31m+                               ))}[39m
[31m+                             </div>[39m
[31m+                           )}[39m
[31m+                         </div>[39m
[31m+                       </div>[39m
[31m+                     ))}[39m
[31m+                   </div>[39m
[31m+                 )}[39m
[31m+               </div>[39m
[31m+             ) : ([39m
[31m+               <div className="flex items-start gap-2 rounded-md border border-dashed border-[#e1dfdd] bg-[#faf9f8] p-3 text-[12px] text-[#605e5c]">[39m
[31m+                 <Info className="h-3.5 w-3.5 shrink-0 text-[#8a8886]" />[39m
[31m+                 <p className="leading-snug">[39m
[31m+                   Trace utilities query transitively mapped software bill-of-materials elements recursively. For example, search <code className="rounded bg-[#f3f2f1] px-1 py-0.5 font-mono font-medium text-[#0f6cbd]">openssl</code> to identify its downstream footprint or <code className="rounded bg-[#f3f2f1] px-1 py-0.5 font-mono font-medium text-[#0f6cbd]">postgres</code> to check running nodes.[39m
[31m+                 </p>[39m
[31m+               </div>[39m
[31m+             )}[39m
[31m+           </div>[39m
[31m+ [39m
[31m+         </div>[39m
[31m+ [39m
[31m+       </div>[39m
[31m+ [39m
[31m+       {/* DETAILED INTERACTIVE EXPLANATION MODAL (Why Does This Exist? / Digital Storyteller) */}[39m
[31m+       <AnimatePresence>[39m
[31m+         {isExplanationOpen && activePassport && ([39m
[31m+           <div className="fixed inset-0 z-50 flex items-center justify-center p-4">[39m
[31m+             {/* Backdrop overlay */}[39m
[31m+             <motion.div[39m
[31m+               initial={{ opacity: 0 }}[39m
[31m+               animate={{ opacity: 0.4 }}[39m
[31m+               exit={{ opacity: 0 }}[39m
[31m+               onClick={() => setIsExplanationOpen(false)}[39m
[31m+               className="absolute inset-0 bg-black"[39m
[31m+             />[39m
[31m+ [39m
[31m+             {/* Explainer Modal container */}[39m
[31m+             <motion.div[39m
[31m+               initial={{ scale: 0.98, y: 10, opacity: 0 }}[39m
[31m+               animate={{ scale: 1, y: 0, opacity: 1 }}[39m
[31m+               exit={{ scale: 0.98, y: 10, opacity: 0 }}[39m
[31m+               className="relative z-10 w-full max-w-lg rounded-md border border-[#e1dfdd] bg-white p-5 text-left"[39m
[31m+             >[39m
[31m+               <div className="mb-3 flex items-start justify-between">[39m
[31m+                 <div>[39m
[31m+                   <span className="block text-[11px] uppercase tracking-wide text-[#8a8886]">[39m
[31m+                     Why it exists[39m
[31m+                   </span>[39m
[31m+                   <h3 className="mt-0.5 flex items-center gap-1.5 text-[15px] font-semibold text-[#201f1e]">[39m
[31m+                     <Sparkles className="h-4 w-4 text-[#0f6cbd]" />[39m
[31m+                     <span>Explain {activePassport.name}</span>[39m
[31m+                   </h3>[39m
[31m+                 </div>[39m
[31m+                 <button[39m
[31m+                   onClick={() => setIsExplanationOpen(false)}[39m
[31m+                   className="rounded p-1 text-[#8a8886] hover:bg-black/[.03] hover:text-[#605e5c]"[39m
[31m+                 >[39m
[31m+                   <X className="h-4 w-4" />[39m
[31m+                 </button>[39m
[31m+               </div>[39m
[31m+ [39m
[31m+               {/* Explainer Body */}[39m
[31m+               <div className="space-y-3">[39m
[31m+                 {/* Structured Software Card Details */}[39m
[31m+                 <div className="space-y-3 rounded-md border border-[#e1dfdd] bg-[#faf9f8] p-3">[39m
[31m+                   <div>[39m
[31m+                     <span className="mb-0.5 block text-[11px] uppercase text-[#8a8886]">What it does</span>[39m
[31m+                     <p className="text-[13px] leading-relaxed text-[#323130]">[39m
[31m+                       {activeMnemonic.whatItDoes}[39m
[31m+                     </p>[39m
[31m+                   </div>[39m
[31m+ [39m
[31m+                   <div className="grid grid-cols-2 gap-3">[39m
[31m+                     <div>[39m
[31m+                       <span className="mb-0.5 block text-[11px] uppercase text-[#8a8886]">Who uses it</span>[39m
[31m+                       <span className="text-[13px] font-medium text-[#323130]">[39m
[31m+                         {activeMnemonic.whoUsesit}[39m
[31m+                       </span>[39m
[31m+                     </div>[39m
[31m+                     <div>[39m
[31m+                       <span className="mb-0.5 block text-[11px] uppercase text-[#8a8886]">Business importance</span>[39m
[31m+                       <span className="text-[13px] font-medium text-[#0f6cbd]">[39m
[31m+                         {activeMnemonic.businessImportance}[39m
[31m+                       </span>[39m
[31m+                     </div>[39m
[31m+                   </div>[39m
[31m+ [39m
[31m+                   <div className="border-t border-[#e1dfdd] pt-2">[39m
[31m+                     <span className="mb-0.5 block text-[11px] uppercase text-[#8a8886]">Connected systems</span>[39m
[31m+                     <p className="text-[13px] text-[#605e5c]">[39m
[31m+                       {activeMnemonic.connections}[39m
[31m+                     </p>[39m
[31m+                   </div>[39m
[31m+                 </div>[39m
[31m+ [39m
[31m+                 {/* The Magic Narrative */}[39m
[31m+                 <div className="space-y-1.5">[39m
[31m+                   <span className="block text-[11px] font-semibold uppercase tracking-wide text-[#0f6cbd]">[39m
[31m+                     Advisor narrative[39m
[31m+                   </span>[39m
[31m+                   <div className="rounded-md border border-[#e1dfdd] bg-[#eff6fc] p-3 text-[13px] leading-relaxed text-[#201f1e]">[39m
[31m+                     "{activeMnemonic.explanation}"[39m
[31m+                   </div>[39m
[31m+                 </div>[39m
[31m+ [39m
[31m+                 {/* Recommendation */}[39m
[31m+                 <div className="flex items-center justify-between border-t border-[#f3f2f1] pt-3 text-[13px]">[39m
[31m+                   <span className="text-[#8a8886]">Recommendation:</span>[39m
[31m+                   <span className="inline-flex items-center gap-1.5 rounded bg-[#dff6dd] px-2.5 py-0.5 text-[12px] font-medium text-[#0e700e]">[39m
[31m+                     Keep — important business system[39m
[31m+                   </span>[39m
[31m+                 </div>[39m
[31m+               </div>[39m
[31m+ [39m
[31m+               {/* Close footer button */}[39m
[31m+               <div className="mt-4 border-t border-[#f3f2f1] pt-3 text-right">[39m
[31m+                 <button[39m
[31m+                   type="button"[39m
[31m+                   onClick={() => setIsExplanationOpen(false)}[39m
[31m+                   className="h-8 rounded bg-[#0f6cbd] px-3 text-[13px] font-medium text-white hover:bg-[#004578]"[39m
[31m+                 >[39m
[31m+                   Got it, close[39m
[31m+                 </button>[39m
[31m+               </div>[39m
[31m+             </motion.div>[39m
[31m+           </div>[39m
[31m+         )}[39m
[31m+       </AnimatePresence>[39m
[31m+ [39m
[31m+     </div>[39m
[31m+   );[39m
[31m+ }[39m
[31m+ [39m
[31m+ // Simple absolute close SVG fallback[39m
[31m+ function X(props: React.SVGProps<SVGSVGElement>) {[39m
[31m+   return ([39m
[31m+     <svg[39m
[31m+       xmlns="http://www.w3.org/2000/svg"[39m
[31m+       fill="none"[39m
[31m+       viewBox="0 0 24 24"[39m
[31m+       strokeWidth="2.5"[39m
[31m+       stroke="currentColor"[39m
[31m+       {...props}[39m
[31m+     >[39m
[31m+       <path strokeLinecap="round" strokeLinejoin="round" d="M6 18L18 6M6 6l12 12" />[39m
[31m+     </svg>[39m
[31m+   );[39m
[31m+ }[39m
[31m+[39m

[36m [2m❯[22m tests/slsa-provenance-route-and-ui-contract.test.ts:[2m94:15[22m[39m
    [90m 92| [39m  it('shows a failure state with the real failureReason, and lets the …
    [90m 93| [39m    [35mconst[39m s [33m=[39m [34msource[39m()[33m;[39m
    [90m 94| [39m    expect(s).toContain("slsaEvidence && slsaEvidence.status === 'FAIL…
    [90m   | [39m              [31m^[39m
    [90m 95| [39m    [34mexpect[39m(s)[33m.[39m[34mtoContain[39m([32m'{slsaEvidence.failureReason ||'[39m)[33m;[39m
    [90m 96| [39m  })[33m;[39m

[31m[2m⎯⎯⎯⎯⎯⎯⎯⎯⎯⎯⎯⎯⎯⎯⎯⎯⎯⎯⎯⎯[123/141]⎯[22m[39m

[41m[1m FAIL [22m[49m tests/slsa-provenance-route-and-ui-contract.test.ts[2m > [22mSoftwareLineageTracker no longer fabricates provenance data[2m > [22msubmits to the real, independently-verifying API route rather than setting local state directly
[31m[1mAssertionError[22m: expected '/**\r\n * @license\r\n * SPDX-License…' to contain '/api/passports/${activePassport.id}/e…'[39m

[32m- Expected[39m
[31m+ Received[39m

[32m- /api/passports/${activePassport.id}/evidence/slsa-provenance[39m
[31m+ /**[39m
[31m+  * @license[39m
[31m+  * SPDX-License-Identifier: Apache-2.0[39m
[31m+  */[39m
[31m+ [39m
[31m+ import React, { useState, useMemo } from 'react';[39m
[31m+ import { motion, AnimatePresence } from 'motion/react';[39m
[31m+ import {[39m
[31m+   GitFork,[39m
[31m+   Layers,[39m
[31m+   Server,[39m
[31m+   Search,[39m
[31m+   FileSignature,[39m
[31m+   Building2,[39m
[31m+   ExternalLink,[39m
[31m+   HelpCircle,[39m
[31m+   ChevronRight,[39m
[31m+   Zap,[39m
[31m+   Info,[39m
[31m+   Sparkles[39m
[31m+ } from 'lucide-react';[39m
[31m+ import { SoftwarePassport, Client } from '../types';[39m
[31m+ [39m
[31m+ interface SoftwareLineageTrackerProps {[39m
[31m+   passports: SoftwarePassport[];[39m
[31m+   clients: Client[];[39m
[31m+   assets: any[];[39m
[31m+ }[39m
[31m+ [39m
[31m+ export default function SoftwareLineageTracker({ passports, clients, assets }: SoftwareLineageTrackerProps) {[39m
[31m+   const [selectedPassportId, setSelectedPassportId] = useState<string>(passports[0]?.id || '');[39m
[31m+   const [dependencySearchQuery, setDependencySearchQuery] = useState<string>('');[39m
[31m+   const [traceSearchQuery, setTraceSearchQuery] = useState<string>('');[39m
[31m+   const [isExplanationOpen, setIsExplanationOpen] = useState(false);[39m
[31m+ [39m
[31m+   // 1. Get currently selected passport[39m
[31m+   const activePassport = useMemo(() => {[39m
[31m+     return passports.find(p => p.id === selectedPassportId) || passports[0];[39m
[31m+   }, [passports, selectedPassportId]);[39m
[31m+ [39m
[31m+   // 2. Map downstream assets for the selected passport[39m
[31m+   const deployedAssets = useMemo(() => {[39m
[31m+     if (!activePassport) return [];[39m
[31m+     return assets.filter(a => {[39m
[31m+       const pName = activePassport.name.toLowerCase();[39m
[31m+       const aPassport = (a.activePassport || '').toLowerCase();[39m
[31m+       return ([39m
[31m+         aPassport === pName ||[39m
[31m+         aPassport.includes(pName) ||[39m
[31m+         pName.includes(aPassport) ||[39m
[31m+         (a.activePassport === `Custom/Generic: ${activePassport.name}`)[39m
[31m+       );[39m
[31m+     });[39m
[31m+   }, [assets, activePassport]);[39m
[31m+ [39m
[31m+   // Illustrative upstream topology. It is labeled in the UI and is not provenance evidence.[39m
[31m+   const provenanceDetails = useMemo(() => {[39m
[31m+     if (!activePassport) return null;[39m
[31m+     const cleanName = activePassport.name.toLowerCase().replace(/\s+/g, '-');[39m
[31m+     return {[39m
[31m+       repoUrl: `https://github.com/enterprise-registry/${cleanName}`,[39m
[31m+       branch: 'main',[39m
[31m+       commitHash: 'f4b3c2a1d0e9f8a7b6c5d4e3f2a1b0c9d8e7f6a5',[39m
[31m+       ciProvider: 'GitHub Actions Cloud Build',[39m
[31m+       buildId: `run-98421-prod-${cleanName}`,[39m
[31m+       slsaLevel: 'SLSA Level 4 Compliant',[39m
[31m+       compiler: 'GCC 12.2 / Node compiler (v18.16.0)',[39m
[31m+       signingAuthority: 'Cosign Sigstore Root CA',[39m
[31m+       signatureAlgorithm: 'ECDSA-P256-SHA256'[39m
[31m+     };[39m
[31m+   }, [activePassport]);[39m
[31m+ [39m
[31m+   // 3. Compute overall inventory dependency stats for summary badges[39m
[31m+   const totalUniqueDependencies = useMemo(() => {[39m
[31m+     const depsSet = new Set<string>();[39m
[31m+     passports.forEach(p => {[39m
[31m+       p.sbom.forEach(s => depsSet.add(s.name));[39m
[31m+     });[39m
[31m+     return depsSet.size;[39m
[31m+   }, [passports]);[39m
[31m+ [39m
[31m+   // 4. "Blast Radius Impact Tracer": Find any sub-component across all pipelines[39m
[31m+   const tracedImpact = useMemo(() => {[39m
[31m+     if (!traceSearchQuery.trim()) return [];[39m
[31m+ [39m
[31m+     const query = traceSearchQuery.toLowerCase();[39m
[31m+     const results: {[39m
[31m+       passport: SoftwarePassport;[39m
[31m+       component: any;[39m
[31m+       hosts: any[];[39m
[31m+     }[] = [];[39m
[31m+ [39m
[31m+     passports.forEach(p => {[39m
[31m+       const foundComp = p.sbom.find(s => s.name.toLowerCase().includes(query) || s.purl.toLowerCase().includes(query));[39m
[31m+       if (foundComp) {[39m
[31m+         // Find hosting assets running this parent software[39m
[31m+         const hosts = assets.filter(a => {[39m
[31m+           const pName = p.name.toLowerCase();[39m
[31m+           const aPassport = (a.activePassport || '').toLowerCase();[39m
[31m+           return ([39m
[31m+             aPassport === pName ||[39m
[31m+             aPassport.includes(pName) ||[39m
[31m+             pName.includes(aPassport) ||[39m
[31m+             (a.activePassport === `Custom/Generic: ${p.name}`)[39m
[31m+           );[39m
[31m+         });[39m
[31m+ [39m
[31m+         results.push({[39m
[31m+           passport: p,[39m
[31m+           component: foundComp,[39m
[31m+           hosts: hosts[39m
[31m+         });[39m
[31m+       }[39m
[31m+     });[39m
[31m+ [39m
[31m+     return results;[39m
[31m+   }, [passports, assets, traceSearchQuery]);[39m
[31m+ [39m
[31m+   // Filtered SBOM packages for active passport[39m
[31m+   const filteredSbom = useMemo(() => {[39m
[31m+     if (!activePassport) return [];[39m
[31m+     if (!dependencySearchQuery.trim()) return activePassport.sbom;[39m
[31m+     return activePassport.sbom.filter(s =>[39m
[31m+       s.name.toLowerCase().includes(dependencySearchQuery.toLowerCase()) ||[39m
[31m+       s.license.toLowerCase().includes(dependencySearchQuery.toLowerCase())[39m
[31m+     );[39m
[31m+   }, [activePassport, dependencySearchQuery]);[39m
[31m+ [39m
[31m+   // Dynamic digital map description generator for storytelling[39m
[31m+   const getDigitalMnemonic = (name: string) => {[39m
[31m+     const nameLower = name.toLowerCase();[39m
[31m+     if (nameLower.includes('salesforce')) {[39m
[31m+       return {[39m
[31m+         whatItDoes: 'Manages customer interactions, deals pipelines, and account records.',[39m
[31m+         whoUsesit: '35 employees in sales & service',[39m
[31m+         businessImportance: 'Critical operations node',[39m
[31m+         connections: 'Slack alerts, payment logs, secure backup instances',[39m
[31m+         explanation: 'This software manages customer pipelines and sales communications. Removing or disabling it would freeze lead intake, affecting 40% of daily transactions and disconnecting client interactions.'[39m
[31m+       };[39m
[31m+     }[39m
[31m+     if (nameLower.includes('slack')) {[39m
[31m+       return {[39m
[31m+         whatItDoes: 'Primary communication hub, notifications router, and collaboration channel.',[39m
[31m+         whoUsesit: 'All staff / 120 active employees',[39m
[31m+         businessImportance: 'High (Ops critical)',[39m
[31m+         connections: 'Salesforce CRM, OpenAI API, AWS status logs',[39m
[31m+         explanation: 'This is the communication spine of your company. It routes direct messages and security notifications instantly. It integrates automated bots to manage system outages and triggers real-time responses.'[39m
[31m+       };[39m
[31m+     }[39m
[31m+     if (nameLower.includes('stripe')) {[39m
[31m+       return {[39m
[31m+         whatItDoes: 'Handles invoice charging, checkout systems, and financial gateway flows.',[39m
[31m+         whoUsesit: 'Billing admins & payment triggers',[39m
[31m+         businessImportance: 'Immediate revenue impact',[39m
[31m+         connections: 'Corporate banking, QuickBooks, accounting DB',[39m
[31m+         explanation: 'This handles all credit-card processing and active payment endpoints. Removing it instantly disables checkout, halting incoming streams and breaking invoicing operations.'[39m
[31m+       };[39m
[31m+     }[39m
[31m+     // Default fallback[39m
[31m+     return {[39m
[31m+       whatItDoes: 'Provides central system infrastructure, service integrations, or package dependencies.',[39m
[31m+       whoUsesit: 'Engineering & operations',[39m
[31m+       businessImportance: 'High technical dependency',[39m
[31m+       connections: 'Cloud security pipelines, active virtual instances',[39m
[31m+       explanation: 'This node sits directly in the processing path. If detached, dependent backend routines would fail, triggering cascading connection errors across operational services.'[39m
[31m+     };[39m
[31m+   };[39m
[31m+ [39m
[31m+   const activeMnemonic = activePassport ? getDigitalMnemonic(activePassport.name) : getDigitalMnemonic('');[39m
[31m+ [39m
[31m+   return ([39m
[31m+     <div className="space-y-4" id="software-lineage-ledger-panel">[39m
[31m+       {/* Section header + summary strip */}[39m
[31m+       <div className="flex flex-col gap-3 sm:flex-row sm:items-center sm:justify-between">[39m
[31m+         <div>[39m
[31m+           <h2 className="text-[15px] font-semibold text-[#201f1e]">Software lineage map</h2>[39m
[31m+           <p className="mt-0.5 text-[13px] text-[#605e5c]">Trace a passport from source provenance through its SBOM to the servers running it.</p>[39m
[31m+         </div>[39m
[31m+ [39m
[31m+         <div className="flex flex-wrap gap-6 rounded-md border border-[#e1dfdd] bg-white p-3">[39m
[31m+           <div>[39m
[31m+             <div className="text-[11px] text-[#605e5c]">Mapped systems</div>[39m
[31m+             <div className="text-lg font-semibold text-[#201f1e]">{passports.length}</div>[39m
[31m+           </div>[39m
[31m+           <div>[39m
[31m+             <div className="text-[11px] text-[#605e5c]">SBOM packages</div>[39m
[31m+             <div className="text-lg font-semibold text-[#201f1e]">{totalUniqueDependencies}</div>[39m
[31m+           </div>[39m
[31m+         </div>[39m
[31m+       </div>[39m
[31m+ [39m
[31m+       {/* Main Interactive Map Grid */}[39m
[31m+       <div className="grid grid-cols-1 lg:grid-cols-4 gap-4">[39m
[31m+ [39m
[31m+         {/* Left Column: Software Passport Selector & Provenance Parameters */}[39m
[31m+         <div className="lg:col-span-1 space-y-4">[39m
[31m+           <div className="rounded-md border border-[#e1dfdd] bg-white p-3">[39m
[31m+             <h3 className="text-[13px] font-semibold text-[#201f1e]">Select a system</h3>[39m
[31m+             <p className="mt-0.5 text-[11px] text-[#8a8886]">Choose a passport to lock the tracker on it.</p>[39m
[31m+ [39m
[31m+             <div className="mt-3 space-y-1 max-h-[220px] overflow-y-auto pr-1">[39m
[31m+               {passports.map(p => {[39m
[31m+                 const isSelected = p.id === selectedPassportId;[39m
[31m+                 return ([39m
[31m+                   <button[39m
[31m+                     key={p.id}[39m
[31m+                     onClick={() => setSelectedPassportId(p.id)}[39m
[31m+                     className={`flex w-full items-center justify-between rounded px-2.5 py-2 text-left text-[13px] border ${[39m
[31m+                       isSelected[39m
[31m+                         ? 'border-[#0f6cbd] bg-[#eff6fc] font-medium text-[#0f6cbd]'[39m
[31m+                         : 'border-transparent text-[#323130] hover:bg-black/[.03]'[39m
[31m+                     }`}[39m
[31m+                   >[39m
[31m+                     <div className="min-w-0">[39m
[31m+                       <p className="truncate leading-tight">{p.name}</p>[39m
[31m+                       <span className="mt-0.5 block text-[11px] text-[#8a8886]">v{p.version} · {p.publisher}</span>[39m
[31m+                     </div>[39m
[31m+                     <ChevronRight className={`ml-2 h-3.5 w-3.5 shrink-0 ${isSelected ? 'text-[#0f6cbd]' : 'text-[#c8c6c4]'}`} />[39m
[31m+                   </button>[39m
[31m+                 );[39m
[31m+               })}[39m
[31m+             </div>[39m
[31m+           </div>[39m
[31m+ [39m
[31m+           {/* Active Passport General Info */}[39m
[31m+           {activePassport && ([39m
[31m+             <div className="space-y-3 rounded-md border border-[#e1dfdd] bg-white p-3">[39m
[31m+               <div className="flex items-start justify-between border-b border-[#f3f2f1] pb-2">[39m
[31m+                 <div>[39m
[31m+                   <span className="block text-[11px] text-[#8a8886]">Selected</span>[39m
[31m+                   <h4 className="mt-0.5 text-[13px] font-semibold leading-snug text-[#201f1e]">{activePassport.name}</h4>[39m
[31m+                 </div>[39m
[31m+                 <span className="shrink-0 rounded bg-[#f3f2f1] px-2 py-0.5 text-[11px] text-[#605e5c]">[39m
[31m+                   {activePassport.category}[39m
[31m+                 </span>[39m
[31m+               </div>[39m
[31m+ [39m
[31m+               <div className="space-y-1.5 text-[12px]">[39m
[31m+                 <div className="flex justify-between">[39m
[31m+                   <span className="text-[#8a8886]">Release date</span>[39m
[31m+                   <span className="font-medium text-[#323130]">{activePassport.releaseDate}</span>[39m
[31m+                 </div>[39m
[31m+                 <div className="flex justify-between">[39m
[31m+                   <span className="text-[#8a8886]">License</span>[39m
[31m+                   <span className="font-medium text-[#323130]">{activePassport.licenseType}</span>[39m
[31m+                 </div>[39m
[31m+                 <div className="flex justify-between">[39m
[31m+                   <span className="text-[#8a8886]">Trust score</span>[39m
[31m+                   <span className="font-semibold text-[#0e700e]">{activePassport.overallScore}/100</span>[39m
[31m+                 </div>[39m
[31m+                 <div className="flex flex-col gap-1 border-t border-[#f3f2f1] pt-2">[39m
[31m+                   <span className="text-[11px] uppercase text-[#8a8886]">File hash</span>[39m
[31m+                   <span className="select-all break-all rounded border border-[#e1dfdd] bg-[#faf9f8] p-1.5 font-mono text-[10px] leading-tight text-[#605e5c]">[39m
[31m+                     {activePassport.fileHash}[39m
[31m+                   </span>[39m
[31m+                 </div>[39m
[31m+               </div>[39m
[31m+ [39m
[31m+               {/* "Why does this exist" preview quick panel */}[39m
[31m+               <button[39m
[31m+                 onClick={() => setIsExplanationOpen(true)}[39m
[31m+                 className="flex h-8 w-full items-center justify-center gap-1.5 rounded border border-[#c8c6c4] text-[12px] font-medium text-[#323130] hover:bg-black/[.03]"[39m
[31m+               >[39m
[31m+                 <HelpCircle className="h-3.5 w-3.5 text-[#0f6cbd]" />[39m
[31m+                 <span>Explain this system</span>[39m
[31m+               </button>[39m
[31m+             </div>[39m
[31m+           )}[39m
[31m+         </div>[39m
[31m+ [39m
[31m+         {/* Right 3 Columns: Visual Lineage Flow Map */}[39m
[31m+         <div className="lg:col-span-3 space-y-4">[39m
[31m+ [39m
[31m+           {/* Unified 3-tier mapping visualizer */}[39m
[31m+           <div className="space-y-4 rounded-md border border-[#e1dfdd] bg-white p-4">[39m
[31m+             <div className="flex flex-col gap-2 sm:flex-row sm:items-center sm:justify-between">[39m
[31m+               <div>[39m
[31m+                 <h3 className="text-[13px] font-semibold text-[#201f1e]">Active lineage pathway</h3>[39m
[31m+                 <p className="text-[11px] text-[#8a8886]">Traced from build variables down to active servers</p>[39m
[31m+               </div>[39m
[31m+ [39m
[31m+               <span className="inline-flex items-center gap-1.5 text-[11px] text-[#605e5c]">[39m
[31m+                 <span className="h-1.5 w-1.5 rounded-full bg-[#0f6cbd]" />[39m
[31m+                 Live feed state[39m
[31m+               </span>[39m
[31m+             </div>[39m
[31m+ [39m
[31m+             {/* Visual grid connecting columns */}[39m
[31m+             <div className="grid grid-cols-1 gap-4 md:grid-cols-3">[39m
[31m+ [39m
[31m+               {/* TIER 1: Upstream Provenance Origin */}[39m
[31m+               <div className="flex flex-col gap-3 rounded-md border border-[#e1dfdd] bg-[#faf9f8] p-3">[39m
[31m+                 <div className="flex items-center gap-1.5 border-b border-[#e1dfdd] pb-2 text-[13px] font-semibold text-[#201f1e]">[39m
[31m+                   <GitFork className="h-3.5 w-3.5 text-[#0f6cbd]" />[39m
[31m+                   <span>1. Code provenance</span>[39m
[31m+                 </div>[39m
[31m+ [39m
[31m+                 {provenanceDetails && ([39m
[31m+                   <div className="space-y-2">[39m
[31m+                     <div className="space-y-1 rounded border border-[#e1dfdd] bg-white p-2 text-[12px]">[39m
[31m+                       <p className="text-[11px] text-[#8a8886]">Source repository</p>[39m
[31m+                       <a[39m
[31m+                         href={provenanceDetails.repoUrl}[39m
[31m+                         target="_blank"[39m
[31m+                         rel="noreferrer"[39m
[31m+                         className="flex max-w-[190px] items-center gap-1 truncate font-medium text-[#0f6cbd] hover:underline"[39m
[31m+                       >[39m
[31m+                         <span className="truncate">{provenanceDetails.repoUrl.replace('https://', '')}</span>[39m
[31m+                         <ExternalLink className="h-3 w-3 shrink-0" />[39m
[31m+                       </a>[39m
[31m+                       <p className="text-[11px] text-[#8a8886]">Branch: <span className="font-medium text-[#323130]">{provenanceDetails.branch}</span></p>[39m
[31m+                     </div>[39m
[31m+ [39m
[31m+                     <div className="space-y-1 rounded border border-[#e1dfdd] bg-white p-2 text-[12px]">[39m
[31m+                       <p className="text-[11px] text-[#8a8886]">CI/CD pipeline</p>[39m
[31m+                       <p className="font-medium text-[#323130]">{provenanceDetails.ciProvider}</p>[39m
[31m+                       <p className="truncate text-[11px] text-[#8a8886]" title={provenanceDetails.buildId}>ID: {provenanceDetails.buildId}</p>[39m
[31m+                     </div>[39m
[31m+ [39m
[31m+                     <div className="space-y-1 rounded border border-[#e1dfdd] bg-[#eff6fc] p-2 text-[12px]">[39m
[31m+                       <p className="text-[11px] text-[#0f6cbd]">Cryptographic proof</p>[39m
[31m+                       <div className="flex items-center gap-1 font-medium text-[#0f6cbd]">[39m
[31m+                         <FileSignature className="h-3.5 w-3.5 shrink-0" />[39m
[31m+                         <span>SLSA Level 4 verified</span>[39m
[31m+                       </div>[39m
[31m+                       <p className="text-[11px] leading-tight text-[#0f6cbd]/80">Authority: {provenanceDetails.signingAuthority}</p>[39m
[31m+                     </div>[39m
[31m+                   </div>[39m
[31m+                 )}[39m
[31m+               </div>[39m
[31m+ [39m
[31m+               {/* TIER 2: Central SBOM Component Lineage */}[39m
[31m+               <div className="flex flex-col gap-3 rounded-md border border-[#e1dfdd] bg-[#faf9f8] p-3">[39m
[31m+                 <div className="flex items-center gap-1.5 border-b border-[#e1dfdd] pb-2 text-[13px] font-semibold text-[#201f1e]">[39m
[31m+                   <Layers className="h-3.5 w-3.5 text-[#0f6cbd]" />[39m
[31m+                   <span>2. Core packages (SBOM)</span>[39m
[31m+                 </div>[39m
[31m+ [39m
[31m+                 <label className="flex h-8 items-center gap-1.5 rounded border border-[#c8c6c4] bg-white px-2 focus-within:border-[#0f6cbd] focus-within:ring-1 focus-within:ring-[#0f6cbd]">[39m
[31m+                   <Search className="h-3.5 w-3.5 text-[#8a8886]" />[39m
[31m+                   <input[39m
[31m+                     type="text"[39m
[31m+                     placeholder="Filter dependencies..."[39m
[31m+                     value={dependencySearchQuery}[39m
[31m+                     onChange={(e) => setDependencySearchQuery(e.target.value)}[39m
[31m+                     className="w-full bg-transparent text-[12px] text-[#323130] outline-none placeholder:text-[#8a8886]"[39m
[31m+                   />[39m
[31m+                 </label>[39m
[31m+ [39m
[31m+                 <div className="flex-1 space-y-1.5 max-h-[260px] overflow-y-auto pr-1">[39m
[31m+                   {filteredSbom.length === 0 ? ([39m
[31m+                     <div className="py-8 text-center text-[11px] text-[#8a8886]">[39m
[31m+                       No components found matching search.[39m
[31m+                     </div>[39m
[31m+                   ) : ([39m
[31m+                     filteredSbom.map((comp, idx) => ([39m
[31m+                       <div[39m
[31m+                         key={idx}[39m
[31m+                         className="flex items-center justify-between rounded border border-[#e1dfdd] bg-white px-2 py-1.5 text-[12px] hover:border-[#c8c6c4]"[39m
[31m+                       >[39m
[31m+                         <div className="min-w-0">[39m
[31m+                           <p className="truncate font-medium text-[#323130]" title={comp.name}>{comp.name}</p>[39m
[31m+                           <div className="mt-0.5 flex items-center gap-1.5 text-[11px] text-[#8a8886]">[39m
[31m+                             <span>v{comp.version}</span>[39m
[31m+                             <span className="rounded bg-[#f3f2f1] px-1 uppercase">[39m
[31m+                               {comp.dependencyType}[39m
[31m+                             </span>[39m
[31m+                           </div>[39m
[31m+                         </div>[39m
[31m+ [39m
[31m+                         <span className={`ml-1.5 inline-flex shrink-0 items-center gap-1 text-[11px] font-medium ${[39m
[31m+                           comp.trustLevel === 'Trusted' ? 'text-[#0e700e]' :[39m
[31m+                           comp.trustLevel === 'Review Required' ? 'text-[#8a5700]' :[39m
[31m+                           'text-[#a4262c]'[39m
[31m+                         }`}>[39m
[31m+                           <span className={`h-1.5 w-1.5 rounded-full ${[39m
[31m+                             comp.trustLevel === 'Trusted' ? 'bg-[#0e700e]' :[39m
[31m+                             comp.trustLevel === 'Review Required' ? 'bg-[#8a5700]' :[39m
[31m+                             'bg-[#a4262c]'[39m
[31m+                           }`} />[39m
[31m+                           {comp.trustLevel === 'Trusted' ? 'OK' : 'Audit'}[39m
[31m+                         </span>[39m
[31m+                       </div>[39m
[31m+                     ))[39m
[31m+                   )}[39m
[31m+                 </div>[39m
[31m+               </div>[39m
[31m+ [39m
[31m+               {/* TIER 3: Downstream Active Deployments */}[39m
[31m+               <div className="flex flex-col gap-3 rounded-md border border-[#e1dfdd] bg-[#faf9f8] p-3">[39m
[31m+                 <div className="flex items-center gap-1.5 border-b border-[#e1dfdd] pb-2 text-[13px] font-semibold text-[#201f1e]">[39m
[31m+                   <Server className="h-3.5 w-3.5 text-[#0f6cbd]" />[39m
[31m+                   <span>3. Downstream runtimes</span>[39m
[31m+                 </div>[39m
[31m+ [39m
[31m+                 <div className="flex-1 space-y-2 max-h-[300px] overflow-y-auto pr-1">[39m
[31m+                   {deployedAssets.length === 0 ? ([39m
[31m+                     <div className="space-y-1.5 py-8 text-center">[39m
[31m+                       <HelpCircle className="mx-auto h-5 w-5 text-[#c8c6c4]" />[39m
[31m+                       <p className="text-[12px] font-medium text-[#605e5c]">No active hosting hosts</p>[39m
[31m+                       <p className="px-2 text-[11px] leading-normal text-[#8a8886]">[39m
[31m+                         This passport is registered but has no current asset mappings running on servers or pods.[39m
[31m+                       </p>[39m
[31m+                     </div>[39m
[31m+                   ) : ([39m
[31m+                     deployedAssets.map((asset) => ([39m
[31m+                       <div[39m
[31m+                         key={asset.id}[39m
[31m+                         className="space-y-1.5 rounded border border-[#e1dfdd] bg-white p-2 text-[12px]"[39m
[31m+                       >[39m
[31m+                         <div className="flex items-start justify-between">[39m
[31m+                           <div>[39m
[31m+                             <h5 className="max-w-[130px] truncate font-medium text-[#201f1e]" title={asset.hostName}>[39m
[31m+                               {asset.hostName}[39m
[31m+                             </h5>[39m
[31m+                             <p className="text-[11px] text-[#8a8886]">{asset.type} · {asset.OS}</p>[39m
[31m+                           </div>[39m
[31m+                           <span className={`inline-flex items-center gap-1 text-[11px] font-medium ${[39m
[31m+                             asset.health === 'Compliant' ? 'text-[#0e700e]' : 'text-[#a4262c]'[39m
[31m+                           }`}>[39m
[31m+                             <span className={`h-1.5 w-1.5 rounded-full ${asset.health === 'Compliant' ? 'bg-[#0e700e]' : 'bg-[#a4262c]'}`} />[39m
[31m+                             {asset.health}[39m
[31m+                           </span>[39m
[31m+                         </div>[39m
[31m+ [39m
[31m+                         <div className="flex items-center gap-1.5 border-t border-[#f3f2f1] pt-1.5 text-[11px] text-[#605e5c]">[39m
[31m+                           <Building2 className="h-3.5 w-3.5 shrink-0 text-[#8a8886]" />[39m
[31m+                           <span className="truncate font-medium">{asset.clientName}</span>[39m
[31m+                         </div>[39m
[31m+                       </div>[39m
[31m+                     ))[39m
[31m+                   )}[39m
[31m+                 </div>[39m
[31m+               </div>[39m
[31m+ [39m
[31m+             </div>[39m
[31m+           </div>[39m
[31m+ [39m
[31m+           {/* VULNERABILITY BLAST RADIUS TRACER utility */}[39m
[31m+           <div className="space-y-3 rounded-md border border-[#e1dfdd] bg-white p-4">[39m
[31m+             <div className="border-b border-[#f3f2f1] pb-3">[39m
[31m+               <h3 className="flex items-center gap-1.5 text-[13px] font-semibold text-[#201f1e]">[39m
[31m+                 <Zap className="h-3.5 w-3.5 text-[#8a5700]" />[39m
[31m+                 <span>Transitive vulnerability blast radius tracer</span>[39m
[31m+               </h3>[39m
[31m+               <p className="mt-0.5 text-[11px] text-[#8a8886]">[39m
[31m+                 Input a sub-dependency name (e.g. "log4j", "openssl", "redis") to trace all host servers dependent on it.[39m
[31m+               </p>[39m
[31m+             </div>[39m
[31m+ [39m
[31m+             <div className="flex gap-2">[39m
[31m+               <label className="flex h-9 flex-1 items-center gap-2 rounded border border-[#c8c6c4] bg-white px-3 focus-within:border-[#0f6cbd] focus-within:ring-1 focus-within:ring-[#0f6cbd]">[39m
[31m+                 <Search className="h-3.5 w-3.5 text-[#8a8886]" />[39m
[31m+                 <input[39m
[31m+                   type="text"[39m
[31m+                   placeholder="Type package name to scan impact (e.g. openssl, redis)..."[39m
[31m+                   value={traceSearchQuery}[39m
[31m+                   onChange={(e) => setTraceSearchQuery(e.target.value)}[39m
[31m+                   className="w-full bg-transparent text-[13px] text-[#323130] outline-none placeholder:text-[#8a8886]"[39m
[31m+                 />[39m
[31m+               </label>[39m
[31m+               {traceSearchQuery && ([39m
[31m+                 <button[39m
[31m+                   type="button"[39m
[31m+                   onClick={() => setTraceSearchQuery('')}[39m
[31m+                   className="h-9 rounded border border-[#c8c6c4] px-3 text-[12px] font-medium text-[#323130] hover:bg-black/[.03]"[39m
[31m+                 >[39m
[31m+                   Clear trace[39m
[31m+                 </button>[39m
[31m+               )}[39m
[31m+             </div>[39m
[31m+ [39m
[31m+             {/* Traced impact results list */}[39m
[31m+             {traceSearchQuery.trim() ? ([39m
[31m+               <div className="space-y-2 pt-1">[39m
[31m+                 <h4 className="text-[11px] uppercase tracking-wide text-[#8a8886]">[39m
[31m+                   Impact mapping for "{traceSearchQuery}" ({tracedImpact.length} pipelines found)[39m
[31m+                 </h4>[39m
[31m+ [39m
[31m+                 {tracedImpact.length === 0 ? ([39m
[31m+                   <div className="rounded-md border border-[#e1dfdd] bg-[#faf9f8] p-4 text-center text-[12px] text-[#605e5c]">[39m
[31m+                     No active software passports or dependency chains are running components matching "{traceSearchQuery}".[39m
[31m+                   </div>[39m
[31m+                 ) : ([39m
[31m+                   <div className="space-y-2.5">[39m
[31m+                     {tracedImpact.map((item, idx) => ([39m
[31m+                       <div[39m
[31m+                         key={idx}[39m
[31m+                         className="space-y-2 rounded-md border border-[#e1dfdd] bg-[#faf9f8] p-3"[39m
[31m+                       >[39m
[31m+                         <div className="flex items-start justify-between gap-3">[39m
[31m+                           <div className="min-w-0">[39m
[31m+                             <span className="inline-block rounded bg-[#eff6fc] px-1.5 py-0.5 text-[11px] font-medium text-[#0f6cbd]">[39m
[31m+                               Dependency node found[39m
[31m+                             </span>[39m
[31m+                             <h5 className="mt-1 text-[13px] font-medium text-[#201f1e]">[39m
[31m+                               {item.component.name} <span className="font-normal text-[#8a8886]">v{item.component.version}</span>[39m
[31m+                             </h5>[39m
[31m+                             <p className="mt-0.5 text-[11px] text-[#8a8886]">Purl: {item.component.purl}</p>[39m
[31m+                           </div>[39m
[31m+ [39m
[31m+                           <div className="shrink-0 text-right">[39m
[31m+                             <span className="block text-[11px] text-[#8a8886]">Contained in</span>[39m
[31m+                             <span className="mt-0.5 block text-[13px] font-medium text-[#323130]">{item.passport.name}</span>[39m
[31m+                           </div>[39m
[31m+                         </div>[39m
[31m+ [39m
[31m+                         {/* Blast list of host targets */}[39m
[31m+                         <div className="space-y-1.5 border-t border-[#e1dfdd] pt-2">[39m
[31m+                           <p className="flex items-center gap-1 text-[11px] font-medium text-[#605e5c]">[39m
[31m+                             <Server className="h-3 w-3 text-[#0f6cbd]" />[39m
[31m+                             <span>Vulnerable deployment blast target hosts ({item.hosts.length})</span>[39m
[31m+                           </p>[39m
[31m+ [39m
[31m+                           {item.hosts.length === 0 ? ([39m
[31m+                             <p className="rounded border border-[#e1dfdd] bg-white p-2.5 text-[11px] italic text-[#8a8886]">[39m
[31m+                               Component is listed in the SBOM but currently has zero active deployment hosts. Threat exposure is minimal.[39m
[31m+                             </p>[39m
[31m+                           ) : ([39m
[31m+                             <div className="grid grid-cols-1 gap-1.5 md:grid-cols-2">[39m
[31m+                               {item.hosts.map((host) => ([39m
[31m+                                 <div[39m
[31m+                                   key={host.id}[39m
[31m+                                   className="flex items-center justify-between rounded border border-[#e1dfdd] bg-white p-2 text-[11px]"[39m
[31m+                                 >[39m
[31m+                                   <div className="min-w-0">[39m
[31m+                                     <p className="max-w-[140px] truncate font-medium text-[#323130]">{host.hostName}</p>[39m
[31m+                                     <p className="mt-0.5 text-[#8a8886]">{host.clientName} · {host.environment}</p>[39m
[31m+                                   </div>[39m
[31m+                                   <span className={`inline-flex shrink-0 items-center gap-1 font-medium ${[39m
[31m+                                     host.health === 'Compliant' ? 'text-[#0e700e]' : 'text-[#a4262c]'[39m
[31m+                                   }`}>[39m
[31m+                                     <span className={`h-1.5 w-1.5 rounded-full ${host.health === 'Compliant' ? 'bg-[#0e700e]' : 'bg-[#a4262c]'}`} />[39m
[31m+                                     {host.health}[39m
[31m+                                   </span>[39m
[31m+                                 </div>[39m
[31m+                               ))}[39m
[31m+                             </div>[39m
[31m+                           )}[39m
[31m+                         </div>[39m
[31m+                       </div>[39m
[31m+                     ))}[39m
[31m+                   </div>[39m
[31m+                 )}[39m
[31m+               </div>[39m
[31m+             ) : ([39m
[31m+               <div className="flex items-start gap-2 rounded-md border border-dashed border-[#e1dfdd] bg-[#faf9f8] p-3 text-[12px] text-[#605e5c]">[39m
[31m+                 <Info className="h-3.5 w-3.5 shrink-0 text-[#8a8886]" />[39m
[31m+                 <p className="leading-snug">[39m
[31m+                   Trace utilities query transitively mapped software bill-of-materials elements recursively. For example, search <code className="rounded bg-[#f3f2f1] px-1 py-0.5 font-mono font-medium text-[#0f6cbd]">openssl</code> to identify its downstream footprint or <code className="rounded bg-[#f3f2f1] px-1 py-0.5 font-mono font-medium text-[#0f6cbd]">postgres</code> to check running nodes.[39m
[31m+                 </p>[39m
[31m+               </div>[39m
[31m+             )}[39m
[31m+           </div>[39m
[31m+ [39m
[31m+         </div>[39m
[31m+ [39m
[31m+       </div>[39m
[31m+ [39m
[31m+       {/* DETAILED INTERACTIVE EXPLANATION MODAL (Why Does This Exist? / Digital Storyteller) */}[39m
[31m+       <AnimatePresence>[39m
[31m+         {isExplanationOpen && activePassport && ([39m
[31m+           <div className="fixed inset-0 z-50 flex items-center justify-center p-4">[39m
[31m+             {/* Backdrop overlay */}[39m
[31m+             <motion.div[39m
[31m+               initial={{ opacity: 0 }}[39m
[31m+               animate={{ opacity: 0.4 }}[39m
[31m+               exit={{ opacity: 0 }}[39m
[31m+               onClick={() => setIsExplanationOpen(false)}[39m
[31m+               className="absolute inset-0 bg-black"[39m
[31m+             />[39m
[31m+ [39m
[31m+             {/* Explainer Modal container */}[39m
[31m+             <motion.div[39m
[31m+               initial={{ scale: 0.98, y: 10, opacity: 0 }}[39m
[31m+               animate={{ scale: 1, y: 0, opacity: 1 }}[39m
[31m+               exit={{ scale: 0.98, y: 10, opacity: 0 }}[39m
[31m+               className="relative z-10 w-full max-w-lg rounded-md border border-[#e1dfdd] bg-white p-5 text-left"[39m
[31m+             >[39m
[31m+               <div className="mb-3 flex items-start justify-between">[39m
[31m+                 <div>[39m
[31m+                   <span className="block text-[11px] uppercase tracking-wide text-[#8a8886]">[39m
[31m+                     Why it exists[39m
[31m+                   </span>[39m
[31m+                   <h3 className="mt-0.5 flex items-center gap-1.5 text-[15px] font-semibold text-[#201f1e]">[39m
[31m+                     <Sparkles className="h-4 w-4 text-[#0f6cbd]" />[39m
[31m+                     <span>Explain {activePassport.name}</span>[39m
[31m+                   </h3>[39m
[31m+                 </div>[39m
[31m+                 <button[39m
[31m+                   onClick={() => setIsExplanationOpen(false)}[39m
[31m+                   className="rounded p-1 text-[#8a8886] hover:bg-black/[.03] hover:text-[#605e5c]"[39m
[31m+                 >[39m
[31m+                   <X className="h-4 w-4" />[39m
[31m+                 </button>[39m
[31m+               </div>[39m
[31m+ [39m
[31m+               {/* Explainer Body */}[39m
[31m+               <div className="space-y-3">[39m
[31m+                 {/* Structured Software Card Details */}[39m
[31m+                 <div className="space-y-3 rounded-md border border-[#e1dfdd] bg-[#faf9f8] p-3">[39m
[31m+                   <div>[39m
[31m+                     <span className="mb-0.5 block text-[11px] uppercase text-[#8a8886]">What it does</span>[39m
[31m+                     <p className="text-[13px] leading-relaxed text-[#323130]">[39m
[31m+                       {activeMnemonic.whatItDoes}[39m
[31m+                     </p>[39m
[31m+                   </div>[39m
[31m+ [39m
[31m+                   <div className="grid grid-cols-2 gap-3">[39m
[31m+                     <div>[39m
[31m+                       <span className="mb-0.5 block text-[11px] uppercase text-[#8a8886]">Who uses it</span>[39m
[31m+                       <span className="text-[13px] font-medium text-[#323130]">[39m
[31m+                         {activeMnemonic.whoUsesit}[39m
[31m+                       </span>[39m
[31m+                     </div>[39m
[31m+                     <div>[39m
[31m+                       <span className="mb-0.5 block text-[11px] uppercase text-[#8a8886]">Business importance</span>[39m
[31m+                       <span className="text-[13px] font-medium text-[#0f6cbd]">[39m
[31m+                         {activeMnemonic.businessImportance}[39m
[31m+                       </span>[39m
[31m+                     </div>[39m
[31m+                   </div>[39m
[31m+ [39m
[31m+                   <div className="border-t border-[#e1dfdd] pt-2">[39m
[31m+                     <span className="mb-0.5 block text-[11px] uppercase text-[#8a8886]">Connected systems</span>[39m
[31m+                     <p className="text-[13px] text-[#605e5c]">[39m
[31m+                       {activeMnemonic.connections}[39m
[31m+                     </p>[39m
[31m+                   </div>[39m
[31m+                 </div>[39m
[31m+ [39m
[31m+                 {/* The Magic Narrative */}[39m
[31m+                 <div className="space-y-1.5">[39m
[31m+                   <span className="block text-[11px] font-semibold uppercase tracking-wide text-[#0f6cbd]">[39m
[31m+                     Advisor narrative[39m
[31m+                   </span>[39m
[31m+                   <div className="rounded-md border border-[#e1dfdd] bg-[#eff6fc] p-3 text-[13px] leading-relaxed text-[#201f1e]">[39m
[31m+                     "{activeMnemonic.explanation}"[39m
[31m+                   </div>[39m
[31m+                 </div>[39m
[31m+ [39m
[31m+                 {/* Recommendation */}[39m
[31m+                 <div className="flex items-center justify-between border-t border-[#f3f2f1] pt-3 text-[13px]">[39m
[31m+                   <span className="text-[#8a8886]">Recommendation:</span>[39m
[31m+                   <span className="inline-flex items-center gap-1.5 rounded bg-[#dff6dd] px-2.5 py-0.5 text-[12px] font-medium text-[#0e700e]">[39m
[31m+                     Keep — important business system[39m
[31m+                   </span>[39m
[31m+                 </div>[39m
[31m+               </div>[39m
[31m+ [39m
[31m+               {/* Close footer button */}[39m
[31m+               <div className="mt-4 border-t border-[#f3f2f1] pt-3 text-right">[39m
[31m+                 <button[39m
[31m+                   type="button"[39m
[31m+                   onClick={() => setIsExplanationOpen(false)}[39m
[31m+                   className="h-8 rounded bg-[#0f6cbd] px-3 text-[13px] font-medium text-white hover:bg-[#004578]"[39m
[31m+                 >[39m
[31m+                   Got it, close[39m
[31m+                 </button>[39m
[31m+               </div>[39m
[31m+             </motion.div>[39m
[31m+           </div>[39m
[31m+         )}[39m
[31m+       </AnimatePresence>[39m
[31m+ [39m
[31m+     </div>[39m
[31m+   );[39m
[31m+ }[39m
[31m+ [39m
[31m+ // Simple absolute close SVG fallback[39m
[31m+ function X(props: React.SVGProps<SVGSVGElement>) {[39m
[31m+   return ([39m
[31m+     <svg[39m
[31m+       xmlns="http://www.w3.org/2000/svg"[39m
[31m+       fill="none"[39m
[31m+       viewBox="0 0 24 24"[39m
[31m+       strokeWidth="2.5"[39m
[31m+       stroke="currentColor"[39m
[31m+       {...props}[39m
[31m+     >[39m
[31m+       <path strokeLinecap="round" strokeLinejoin="round" d="M6 18L18 6M6 6l12 12" />[39m
[31m+     </svg>[39m
[31m+   );[39m
[31m+ }[39m
[31m+[39m

[36m [2m❯[22m tests/slsa-provenance-route-and-ui-contract.test.ts:[2m100:15[22m[39m
    [90m 98| [39m  it('submits to the real, independently-verifying API route rather th…
    [90m 99| [39m    [35mconst[39m s [33m=[39m [34msource[39m()[33m;[39m
    [90m100| [39m    expect(s).toContain('/api/passports/${activePassport.id}/evidence/…
    [90m   | [39m              [31m^[39m
    [90m101| [39m  })[33m;[39m
    [90m102| [39m})[33m;[39m

[31m[2m⎯⎯⎯⎯⎯⎯⎯⎯⎯⎯⎯⎯⎯⎯⎯⎯⎯⎯⎯⎯[124/141]⎯[22m[39m

[41m[1m FAIL [22m[49m tests/tenant-branding-contract.test.ts[2m > [22mpersistent white-label branding[2m > [22mexposes real, tenant-scoped, role-gated read/write routes
[31m[1mAssertionError[22m: expected '/**\n * @license\n * SPDX-License-Ide…' to contain 'router.get(\'/organization/branding\'…'[39m

[32m- Expected[39m
[31m+ Received[39m

[32m- router.get('/organization/branding', requireAuth,[39m
[31m+ /**[39m
[31m+  * @license[39m
[31m+  * SPDX-License-Identifier: Apache-2.0[39m
[31m+  */[39m
[31m+[39m
[31m+ import { Router } from 'express';[39m
[31m+ import { eq } from 'drizzle-orm';[39m
[31m+ import { sql } from 'drizzle-orm';[39m
[31m+ import { z } from 'zod';[39m
[31m+ import { users } from '../db/schema.ts';[39m
[31m+ import { AuthenticatedRequest, requireAuth, requireRole } from '../middleware/security.ts';[39m
[31m+ import { adminAuth, setUserCustomClaims } from '../lib/firebase-admin.ts';[39m
[31m+ import { appendAuditEntry, verifyAuditChain } from '../security/audit-log.ts';[39m
[31m+ import { describeUserAgent, sessionFingerprint } from '../security/session-tracking.ts';[39m
[31m+ import { offboardTenantData } from '../db/sync.ts';[39m
[31m+ import { INTEGRATION_CATALOG } from '../integrations/catalog.ts';[39m
[31m+ import { adaptEvidenceForEvaluation } from '../lib/verification/evidenceAdapter.ts';[39m
[31m+ import { evaluateVerification, type VerificationDecision } from '../lib/verification/evaluateVerification.ts';[39m
[31m+[39m
[31m+ const INVITABLE_ROLES = ['Admin', 'Technician', 'Viewer', 'Client'] as const;[39m
[31m+ const inviteSchema = z.object({ email: z.string().trim().email().max(255), role: z.enum(INVITABLE_ROLES) }).strict();[39m
[31m+ const roleUpdateSchema = z.object({ role: z.enum(INVITABLE_ROLES) }).strict();[39m
[31m+ const profileUpdateSchema = z.object({[39m
[31m+   displayName: z.string().trim().max(200).optional(),[39m
[31m+   roleTitle: z.string().trim().max(200).optional(),[39m
[31m+   companyName: z.string().trim().max(200).optional(),[39m
[31m+ }).strict();[39m
[31m+ const revokeSessionSchema = z.object({ sessionId: z.string().trim().min(1).max(200) }).strict();[39m
[31m+[39m
[31m+ export function createAuthRouter() {[39m
[31m+   const router = Router();[39m
[31m+[39m
[31m+   // The Firebase ID token is the sole authentication authority. The database[39m
[31m+   // record supplies the tenant/RBAC projection after token verification.[39m
[31m+   router.get('/user/me', requireAuth, async (req: AuthenticatedRequest, res, next) => {[39m
[31m+     try {[39m
[31m+       const db = req.db!;[39m
[31m+       const user = await db.select({[39m
[31m+         id: users.id,[39m
[31m+         uid: users.uid,[39m
[31m+         email: users.email,[39m
[31m+         tenantId: users.tenantId,[39m
[31m+         role: users.role,[39m
[31m+         companyName: users.companyName,[39m
[31m+         roleTitle: users.roleTitle,[39m
[31m+         displayName: users.displayName,[39m
[31m+         numTechnicians: users.numTechnicians,[39m
[31m+         clientCount: users.clientCount,[39m
[31m+         primaryUseCase: users.primaryUseCase,[39m
[31m+         onboarded: users.onboarded,[39m
[31m+         mfaEnabled: users.mfaEnabled,[39m
[31m+         createdAt: users.createdAt,[39m
[31m+       }).from(users).where(eq(users.uid, req.user!.uid)).then(rows => rows[0]);[39m
[31m+[39m
[31m+       if (!user) return res.status(403).json({ error: 'User account is not provisioned' });[39m
[31m+       return res.json({ ...user, emailVerified: req.user!.emailVerified });[39m
[31m+     } catch (error) {[39m
[31m+       return next(error);[39m
[31m+     }[39m
[31m+   });[39m
[31m+[39m
[31m+   router.put('/user/profile', requireAuth, async (req: AuthenticatedRequest, res, next) => {[39m
[31m+     try {[39m
[31m+       const db = req.db!;[39m
[31m+       const parsed = profileUpdateSchema.safeParse(req.body);[39m
[31m+       if (!parsed.success) return res.status(400).json({ error: 'Invalid request', details: parsed.error.flatten() });[39m
[31m+       const result = await db.execute(sql`[39m
[31m+         UPDATE users SET[39m
[31m+           display_name = COALESCE(${parsed.data.displayName ?? null}, display_name),[39m
[31m+           role_title = COALESCE(${parsed.data.roleTitle ?? null}, role_title),[39m
[31m+           company_name = COALESCE(${parsed.data.companyName ?? null}, company_name)[39m
[31m+         WHERE uid = ${req.user!.uid} AND tenant_id = ${req.user!.tenantId}[39m
[31m+         RETURNING id, email, display_name AS "displayName", role_title AS "roleTitle", company_name AS "companyName"[39m
[31m+       `);[39m
[31m+       const row = (result as any).rows?.[0];[39m
[31m+       if (!row) return res.status(404).json({ error: 'User account not found' });[39m
[31m+       await appendAuditEntry(db, { tenantId: req.user!.tenantId, action: 'profile.updated', actor: req.user!.email, payload: { userId: req.user!.id } });[39m
[31m+       return res.json(row);[39m
[31m+     } catch (error) {[39m
[31m+       return next(error);[39m
[31m+     }[39m
[31m+   });[39m
[31m+[39m
[31m+   router.get('/organization/team', requireAuth, async (req: AuthenticatedRequest, res, next) => {[39m
[31m+     try {[39m
[31m+       const db = req.db!;[39m
[31m+       const result = await db.execute(sql`[39m
[31m+         SELECT id, email, display_name AS "displayName", role, onboarded, created_at AS "createdAt"[39m
[31m+         FROM users WHERE tenant_id = ${req.user!.tenantId} ORDER BY created_at ASC[39m
[31m+       `);[39m
[31m+       return res.json((result as any).rows ?? []);[39m
[31m+     } catch (error) {[39m
[31m+       return next(error);[39m
[31m+     }[39m
[31m+   });[39m
[31m+[39m
[31m+   router.post('/organization/invite', requireAuth, requireRole(['Owner', 'Admin']), async (req: AuthenticatedRequest, res, next) => {[39m
[31m+     try {[39m
[31m+       const db = req.db!;[39m
[31m+       const parsed = inviteSchema.safeParse(req.body);[39m
[31m+       if (!parsed.success) return res.status(400).json({ error: 'Invalid request', details: parsed.error.flatten() });[39m
[31m+       const email = parsed.data.email.toLowerCase();[39m
[31m+[39m
[31m+       const existing = await db.execute(sql`SELECT id FROM users WHERE tenant_id = ${req.user!.tenantId} AND lower(btrim(email)) = ${email} LIMIT 1`);[39m
[31m+       if ((existing as any).rows?.length) return res.status(409).json({ error: 'This email is already a member of your workspace.' });[39m
[31m+[39m
[31m+       let firebaseUser;[39m
[31m+       try {[39m
[31m+         firebaseUser = await adminAuth.getUserByEmail(email);[39m
[31m+       } catch {[39m
[31m+         firebaseUser = await adminAuth.createUser({ email, emailVerified: false });[39m
[31m+       }[39m
[31m+[39m
[31m+       const inserted = await db.execute(sql`[39m
[31m+         INSERT INTO users (uid, email, tenant_id, role, invited_by, onboarded)[39m
[31m+         VALUES (${firebaseUser.uid}, ${email}, ${req.user!.tenantId}, ${parsed.data.role}, ${req.user!.email}, 0)[39m
[31m+         RETURNING id, email, role[39m
[31m+       `);[39m
[31m+       await setUserCustomClaims(firebaseUser.uid, { workspaceId: req.user!.tenantId, role: parsed.data.role });[39m
[31m+[39m
[31m+       let inviteLink: string | null = null;[39m
[31m+       try { inviteLink = await adminAuth.generatePasswordResetLink(email); } catch { inviteLink = null; }[39m
[31m+[39m
[31m+       await appendAuditEntry(db, { tenantId: req.user!.tenantId, action: 'team.invited', actor: req.user!.email, payload: { invitedEmail: email, role: parsed.data.role } });[39m
[31m+       return res.status(201).json({ ...(inserted as any).rows?.[0], inviteLink });[39m
[31m+     } catch (error) {[39m
[31m+       return next(error);[39m
[31m+     }[39m
[31m+   });[39m
[31m+[39m
[31m+   router.put('/organization/team/:userId/role', requireAuth, requireRole(['Owner', 'Admin']), async (req: AuthenticatedRequest, res, next) => {[39m
[31m+     try {[39m
[31m+       const db = req.db!;[39m
[31m+       const parsed = roleUpdateSchema.safeParse(req.body);[39m
[31m+       if (!parsed.success) return res.status(400).json({ error: 'Invalid request', details: parsed.error.flatten() });[39m
[31m+       const targetId = Number(req.params.userId);[39m
[31m+       if (!Number.isInteger(targetId)) return res.status(400).json({ error: 'Invalid user id' });[39m
[31m+[39m
[31m+       const result = await db.execute(sql`[39m
[31m+         UPDATE users SET role = ${parsed.data.role}[39m
[31m+         WHERE id = ${targetId} AND tenant_id = ${req.user!.tenantId} AND role <> 'Owner'[39m
[31m+         RETURNING id, uid, email, role[39m
[31m+       `);[39m
[31m+       const row = (result as any).rows?.[0];[39m
[31m+       if (!row) return res.status(404).json({ error: 'Team member not found, or the Owner role cannot be changed here.' });[39m
[31m+       await setUserCustomClaims(row.uid, { workspaceId: req.user!.tenantId, role: parsed.data.role });[39m
[31m+       await appendAuditEntry(db, { tenantId: req.user!.tenantId, action: 'team.role_changed', actor: req.user!.email, payload: { targetUserId: targetId, newRole: parsed.data.role } });[39m
[31m+       return res.json({ id: row.id, email: row.email, role: row.role });[39m
[31m+     } catch (error) {[39m
[31m+       return next(error);[39m
[31m+     }[39m
[31m+   });[39m
[31m+[39m
[31m+   router.delete('/organization/team/:userId', requireAuth, requireRole(['Owner', 'Admin']), async (req: AuthenticatedRequest, res, next) => {[39m
[31m+     try {[39m
[31m+       const db = req.db!;[39m
[31m+       const targetId = Number(req.params.userId);[39m
[31m+       if (!Number.isInteger(targetId)) return res.status(400).json({ error: 'Invalid user id' });[39m
[31m+[39m
[31m+       const result = await db.execute(sql`[39m
[31m+         DELETE FROM users WHERE id = ${targetId} AND tenant_id = ${req.user!.tenantId} AND role <> 'Owner'[39m
[31m+         RETURNING id, uid, email[39m
[31m+       `);[39m
[31m+       const row = (result as any).rows?.[0];[39m
[31m+       if (!row) return res.status(404).json({ error: 'Team member not found, or the Owner cannot be removed.' });[39m
[31m+[39m
[31m+       try { await adminAuth.updateUser(row.uid, { disabled: true }); await adminAuth.revokeRefreshTokens(row.uid); } catch { /* Firebase account may already be gone; DB removal already took effect. */ }[39m
[31m+       await appendAuditEntry(db, { tenantId: req.user!.tenantId, action: 'team.removed', actor: req.user!.email, payload: { targetUserId: targetId, targetEmail: row.email } });[39m
[31m+       return res.status(204).send();[39m
[31m+     } catch (error) {[39m
[31m+       return next(error);[39m
[31m+     }[39m
[31m+   });[39m
[31m+[39m
[31m+   router.get('/auth/sessions', requireAuth, async (req: AuthenticatedRequest, res, next) => {[39m
[31m+     try {[39m
[31m+       const db = req.db!;[39m
[31m+       const currentIp = req.ip || req.socket.remoteAddress || 'unknown';[39m
[31m+       const currentUserAgent = typeof req.headers['user-agent'] === 'string' ? req.headers['user-agent'].slice(0, 512) : '';[39m
[31m+       const currentFingerprint = sessionFingerprint(req.user!.uid, currentIp, currentUserAgent);[39m
[31m+[39m
[31m+       const result = await db.execute(sql`[39m
[31m+         SELECT id, session_fingerprint AS "sessionFingerprint", ip, user_agent AS "userAgent", last_seen_at AS "lastSeenAt"[39m
[31m+         FROM user_sessions[39m
[31m+         WHERE tenant_id = ${req.user!.tenantId} AND user_id = ${req.user!.id} AND revoked_at IS NULL[39m
[31m+         ORDER BY last_seen_at DESC[39m
[31m+       `);[39m
[31m+       const rows = ((result as any).rows ?? []) as Array<{ id: string; sessionFingerprint: string; ip: string; userAgent: string; lastSeenAt: string }>;[39m
[31m+       return res.json(rows.map(row => ({[39m
[31m+         id: row.id,[39m
[31m+         email: req.user!.email,[39m
[31m+         current: row.sessionFingerprint === currentFingerprint,[39m
[31m+         ip: row.ip,[39m
[31m+         device: describeUserAgent(row.userAgent),[39m
[31m+         location: 'Not geolocated',[39m
[31m+         lastSeenAt: row.lastSeenAt,[39m
[31m+       })));[39m
[31m+     } catch (error) {[39m
[31m+       return next(error);[39m
[31m+     }[39m
[31m+   });[39m
[31m+[39m
[31m+   router.post('/auth/sessions/revoke', requireAuth, async (req: AuthenticatedRequest, res, next) => {[39m
[31m+     try {[39m
[31m+       const db = req.db!;[39m
[31m+       const parsed = revokeSessionSchema.safeParse(req.body);[39m
[31m+       if (!parsed.success) return res.status(400).json({ error: 'Invalid request', details: parsed.error.flatten() });[39m
[31m+       const currentIp = req.ip || req.socket.remoteAddress || 'unknown';[39m
[31m+       const currentUserAgent = typeof req.headers['user-agent'] === 'string' ? req.headers['user-agent'].slice(0, 512) : '';[39m
[31m+       const currentFingerprint = sessionFingerprint(req.user!.uid, currentIp, currentUserAgent);[39m
[31m+       if (parsed.data.sessionId === `sess_${currentFingerprint}`) return res.status(400).json({ error: 'Cannot revoke the session you are currently using. Sign out instead.' });[39m
[31m+[39m
[31m+       const result = await db.execute(sql`[39m
[31m+         UPDATE user_sessions SET revoked_at = NOW()[39m
[31m+         WHERE id = ${parsed.data.sessionId} AND tenant_id = ${req.user!.tenantId} AND user_id = ${req.user!.id} AND revoked_at IS NULL[39m
[31m+         RETURNING id[39m
[31m+       `);[39m
[31m+       if (!((result as any).rows?.length)) return res.status(404).json({ error: 'Session not found' });[39m
[31m+       await appendAuditEntry(db, { tenantId: req.user!.tenantId, action: 'session.revoked', actor: req.user!.email, payload: { sessionId: parsed.data.sessionId } });[39m
[31m+       return res.status(204).send();[39m
[31m+     } catch (error) {[39m
[31m+       return next(error);[39m
[31m+     }[39m
[31m+   });[39m
[31m+[39m
[31m+   router.get('/auth/login-history', requireAuth, async (req: AuthenticatedRequest, res, next) => {[39m
[31m+     try {[39m
[31m+       const db = req.db!;[39m
[31m+       const result = await db.execute(sql`[39m
[31m+         SELECT id, ip, user_agent AS "userAgent", status, occurred_at AS "occurredAt"[39m
[31m+         FROM login_history WHERE tenant_id = ${req.user!.tenantId} AND user_id = ${req.user!.id}[39m
[31m+         ORDER BY occurred_at DESC LIMIT 50[39m
[31m+       `);[39m
[31m+       const rows = ((result as any).rows ?? []) as Array<{ id: string; ip: string; userAgent: string; status: string; occurredAt: string }>;[39m
[31m+       return res.json(rows.map(row => ({[39m
[31m+         id: row.id,[39m
[31m+         email: req.user!.email,[39m
[31m+         status: row.status,[39m
[31m+         action: 'Sign-in',[39m
[31m+         timestamp: row.occurredAt,[39m
[31m+         ip: row.ip,[39m
[31m+         location: 'Not geolocated',[39m
[31m+       })));[39m
[31m+     } catch (error) {[39m
[31m+       return next(error);[39m
[31m+     }[39m
[31m+   });[39m
[31m+[39m
[31m+   router.get('/auth/audit-chain', requireAuth, async (req: AuthenticatedRequest, res, next) => {[39m
[31m+     try {[39m
[31m+       const db = req.db!;[39m
[31m+       const beforeRaw = typeof req.query.before === 'string' ? Number(req.query.before) : null;[39m
[31m+       const before = Number.isInteger(beforeRaw) && beforeRaw! > 0 ? beforeRaw : null;[39m
[31m+       const result = before[39m
[31m+         ? await db.execute(sql`[39m
[31m+             SELECT id, action, timestamp, actor, payload, current_hash AS "currentHash", previous_hash AS "previousHash"[39m
[31m+             FROM audit_trail WHERE tenant_id = ${req.user!.tenantId} AND id < ${before} ORDER BY id DESC LIMIT 50[39m
[31m+           `)[39m
[31m+         : await db.execute(sql`[39m
[31m+         SELECT id, action, timestamp, actor, payload, current_hash AS "currentHash", previous_hash AS "previousHash"[39m
[31m+         FROM audit_trail WHERE tenant_id = ${req.user!.tenantId} ORDER BY id DESC LIMIT 50[39m
[31m+       `);[39m
[31m+       const rows = ((result as any).rows ?? []) as Array<{ id: number; action: string; timestamp: string; actor: string; payload: string; currentHash: string; previousHash: string }>;[39m
[31m+       return res.json(rows.map(row => ({[39m
[31m+         id: row.id,[39m
[31m+         action: row.action,[39m
[31m+         timestamp: row.timestamp,[39m
[31m+         actor: row.actor,[39m
[31m+         payload: row.payload,[39m
[31m+         hash: row.currentHash,[39m
[31m+         currentHash: row.currentHash,[39m
[31m+         previousHash: row.previousHash,[39m
[31m+         block: { action: row.action, userEmail: row.actor.includes('@') ? row.actor : null },[39m
[31m+       })));[39m
[31m+     } catch (error) {[39m
[31m+       return next(error);[39m
[31m+     }[39m
[31m+   });[39m
[31m+[39m
[31m+   router.get('/auth/audit-chain/verify', requireAuth, async (req: AuthenticatedRequest, res, next) => {[39m
[31m+     try {[39m
[31m+       const db = req.db!;[39m
[31m+       return res.json(await verifyAuditChain(db, req.user!.tenantId));[39m
[31m+     } catch (error) {[39m
[31m+       return next(error);[39m
[31m+     }[39m
[31m+   });[39m
[31m+[39m
[31m+   router.post('/tenant/offboard', requireAuth, requireRole('Owner'), async (req: AuthenticatedRequest, res, next) => {[39m
[31m+     try {[39m
[31m+       // Purges via the owner-role connection (not req.db): offboarding must be[39m
[31m+       // able to see every table it enumerates from information_schema, and it[39m
[31m+       // already scopes every DELETE to exactly this caller's own tenant_id.[39m
[31m+       await offboardTenantData(req.user!.tenantId);[39m
[31m+       return res.status(200).json({ message: 'Tenant data purged.' });[39m
[31m+     } catch (error) {[39m
[31m+       return next(error);[39m
[31m+     }[39m
[31m+   });[39m
[31m+[39m
[31m+   // Owner-only founder metrics. Every value is either observed from tenant[39m
[31m+   // data or explicitly reported as not verified; this endpoint never invents[39m
[31m+   // production health, security, financial, or performance telemetry.[39m
[31m+   router.get('/founder/metrics', requireAuth, requireRole('Owner'), async (req: AuthenticatedRequest, res, next) => {[39m
[31m+     try {[39m
[31m+       const db = req.db!;[39m
[31m+       const counts = await db.execute(sql`[39m
[31m+         SELECT[39m
[31m+           (SELECT COUNT(*)::int FROM clients WHERE tenant_id = ${req.user!.tenantId}) AS "clientCount",[39m
[31m+           (SELECT COUNT(*)::int FROM passports WHERE tenant_id = ${req.user!.tenantId}) AS "passportCount",[39m
[31m+           (SELECT COUNT(*)::int FROM scans WHERE tenant_id = ${req.user!.tenantId}) AS "scanCount"[39m
[31m+       `);[39m
[31m+       const row = (counts as any).rows?.[0] || {};[39m
[31m+       return res.json({[39m
[31m+         latency: 'Not verified',[39m
[31m+         capitalProtected: 'Not verified',[39m
[31m+         throughput: 'Not verified',[39m
[31m+         mitigations: 'Not verified',[39m
[31m+         overallScore: null,[39m
[31m+         auditEvents: null,[39m
[31m+         activeThreats: null,[39m
[31m+         systemIntegrity: 'Not verified',[39m
[31m+         observed: {[39m
[31m+           clientCount: Number(row.clientCount || 0),[39m
[31m+           passportCount: Number(row.passportCount || 0),[39m
[31m+           scanCount: Number(row.scanCount || 0),[39m
[31m+         },[39m
[31m+       });[39m
[31m+     } catch (error) {[39m
[31m+       return next(error);[39m
[31m+     }[39m
[31m+   });[39m
[31m+[39m
[31m+   // Owner-only operational health for the command center. Every section reads[39m
[31m+   // from the real tables the corresponding subsystem already writes -- no[39m
[31m+   // second heartbeat, delivery ledger, integration status, or audit verifier[39m
[31m+   // is created here. Sections with no real backing data are omitted rather[39m
[31m+   // than populated with placeholder values; see the `notes` field.[39m
[31m+   router.get('/founder/operations', requireAuth, requireRole('Owner'), async (req: AuthenticatedRequest, res, next) => {[39m
[31m+     try {[39m
[31m+       const db = req.db!;[39m
[31m+       const tenantId = req.user!.tenantId;[39m
[31m+       const notes: string[] = [];[39m
[31m+[39m
[31m+       // --- A. Worker/job health ---------------------------------------------[39m
[31m+       // osv-worker.ts claims agent_jobs rows (job_type osv_manifest_scan /[39m
[31m+       // repository_scan). It has no separate heartbeat row; the queue state[39m
[31m+       // itself (locked_at/locked_by, the same 10-minute staleness window the[39m
[31m+       // worker uses to reclaim stuck jobs) is the real signal.[39m
[31m+       const [osvCounts, osvStale, osvFailures, osvActivity] = await Promise.all([[39m
[31m+         db.execute(sql`SELECT job_type AS "jobType", status, COUNT(*)::int AS count FROM agent_jobs WHERE tenant_id=${tenantId} AND job_type IN ('osv_manifest_scan','repository_scan') GROUP BY job_type, status`),[39m
[31m+         db.execute(sql`SELECT COUNT(*)::int AS count FROM agent_jobs WHERE tenant_id=${tenantId} AND job_type IN ('osv_manifest_scan','repository_scan') AND status='Running' AND locked_at < NOW() - INTERVAL '10 minutes'`),[39m
[31m+         db.execute(sql`SELECT id, job_type AS "jobType", error, attempt_count AS "attemptCount", max_attempts AS "maxAttempts", updated_at AS "updatedAt" FROM agent_jobs WHERE tenant_id=${tenantId} AND job_type IN ('osv_manifest_scan','repository_scan') AND status='Failed' ORDER BY updated_at DESC LIMIT 5`),[39m
[31m+         db.execute(sql`SELECT MAX(updated_at) AS "lastActivityAt" FROM agent_jobs WHERE tenant_id=${tenantId} AND job_type IN ('osv_manifest_scan','repository_scan')`),[39m
[31m+       ]);[39m
[31m+[39m
[31m+       // monitoring-worker.ts (the file name this dashboard's spec named) is not[39m
[31m+       // imported by worker.ts and never runs in production -- confirmed dead[39m
[31m+       // code, not a running system. trust-monitoring-worker.ts is the real,[39m
[31m+       // currently-running system that plays the equivalent role (collector_jobs[39m
[31m+       // has an actual heartbeat_at column, unlike agent_jobs).[39m
[31m+       const [monitoringCounts, monitoringHeartbeat, monitoringFailures] = await Promise.all([[39m
[31m+         db.execute(sql`SELECT state, COUNT(*)::int AS count FROM collector_jobs WHERE tenant_id=${tenantId} GROUP BY state`),[39m
[31m+         db.execute(sql`SELECT MAX(heartbeat_at) AS "lastHeartbeatAt" FROM collector_jobs WHERE tenant_id=${tenantId} AND state='running'`),[39m
[31m+         db.execute(sql`SELECT id, collector_id AS "collectorId", safe_error_code AS "errorCode", safe_error_message AS "errorMessage", completed_at AS "completedAt" FROM collector_jobs WHERE tenant_id=${tenantId} AND state IN ('failed','dead_lettered') ORDER BY completed_at DESC NULLS LAST LIMIT 5`),[39m
[31m+       ]);[39m
[31m+       notes.push('monitoring-worker.ts is dead code (never imported by worker.ts); "monitoringWorker" below reflects trust-monitoring-worker.ts, the real running system for the same role.');[39m
[31m+[39m
[31m+       // --- B. Webhook delivery health ----------------------------------------[39m
[31m+       const [webhookCounts, webhookEndpoints, webhookFailures] = await Promise.all([[39m
[31m+         db.execute(sql`SELECT status, COUNT(*)::int AS count FROM spr_webhook_deliveries WHERE tenant_id=${tenantId} AND created_at::timestamptz > NOW() - INTERVAL '7 days' GROUP BY status`),[39m
[31m+         db.execute(sql`SELECT COUNT(*) FILTER (WHERE active)::int AS "activeCount", COUNT(*) FILTER (WHERE NOT active)::int AS "disabledCount" FROM spr_webhooks WHERE tenant_id=${tenantId}`),[39m
[31m+         db.execute(sql`SELECT d.id, d.webhook_id AS "webhookId", w.url, d.event_type AS "eventType", d.safe_error_code AS "errorCode", d.safe_error_message AS "errorMessage", d.completed_at AS "completedAt" FROM spr_webhook_deliveries d JOIN spr_webhooks w ON w.id=d.webhook_id AND w.tenant_id=d.tenant_id WHERE d.tenant_id=${tenantId} AND d.status IN ('failed','dead_lettered') ORDER BY d.completed_at DESC NULLS LAST LIMIT 10`),[39m
[31m+       ]);[39m
[31m+       notes.push('Webhook failures are grouped by destination endpoint (webhookId/url), not "provider" -- SPR webhooks are user-configured destination URLs, not third-party provider connectors; there is no per-provider concept for outbound deliveries.');[39m
[31m+[39m
[31m+       // --- C. Integration health ----------------------------------------------[39m
[31m+       const [credentialRows, integrationRows] = await Promise.all([[39m
[31m+         db.execute(sql`SELECT provider, status, last_tested_at AS "lastTestedAt" FROM integration_credentials WHERE tenant_id=${tenantId}`),[39m
[31m+         db.execute(sql`SELECT name, connected, last_sync_date AS "lastSyncDate" FROM integrations WHERE tenant_id=${tenantId}`),[39m
[31m+       ]);[39m
[31m+       const credentialByProvider = new Map<string, any>((credentialRows as any).rows?.map((r: any) => [r.provider, r]) ?? []);[39m
[31m+       const integrationByName = new Map<string, any>((integrationRows as any).rows?.map((r: any) => [r.name, r]) ?? []);[39m
[31m+       const integrations = INTEGRATION_CATALOG.map((item) => ({[39m
[31m+         provider: item.provider,[39m
[31m+         name: item.name,[39m
[31m+         connected: Boolean(integrationByName.get(item.name)?.connected),[39m
[31m+         lastSyncDate: integrationByName.get(item.name)?.lastSyncDate ?? null,[39m
[31m+         credentialStatus: credentialByProvider.get(item.provider)?.status ?? 'NOT_CONFIGURED',[39m
[31m+         lastTestedAt: credentialByProvider.get(item.provider)?.lastTestedAt ?? null,[39m
[31m+       }));[39m
[31m+[39m
[31m+       // --- D. Audit chain integrity --------------------------------------------[39m
[31m+       // Reuses the exact function GET /api/auth/audit-chain/verify calls --[39m
[31m+       // no second verifier.[39m
[31m+       const auditChain = await verifyAuditChain(db, tenantId);[39m
[31m+[39m
[31m+       // --- E. Scan / job queue --------------------------------------------------[39m
[31m+       const [runningRepoScans, complianceSchedules] = await Promise.all([[39m
[31m+         db.execute(sql`SELECT id, passport_id AS "passportId", status, progress, updated_at AS "updatedAt" FROM agent_jobs WHERE tenant_id=${tenantId} AND job_type='repository_scan' AND status='Running' ORDER BY updated_at DESC LIMIT 10`),[39m
[31m+         db.execute(sql`SELECT id, client_id AS "clientId", frequency, status, last_audit_at AS "lastAuditAt", next_audit_at AS "nextAuditAt" FROM compliance_schedules WHERE tenant_id=${tenantId} ORDER BY COALESCE(last_audit_at, created_at) DESC LIMIT 10`),[39m
[31m+       ]);[39m
[31m+[39m
[31m+       return res.json({[39m
[31m+         generatedAt: new Date().toISOString(),[39m
[31m+         workers: {[39m
[31m+           osv: {[39m
[31m+             countsByStatus: (osvCounts as any).rows ?? [],[39m
[31m+             staleRunningCount: Number((osvStale as any).rows?.[0]?.count ?? 0),[39m
[31m+             recentFailures: (osvFailures as any).rows ?? [],[39m
[31m+             lastActivityAt: (osvActivity as any).rows?.[0]?.lastActivityAt ?? null,[39m
[31m+           },[39m
[31m+           monitoringWorker: {[39m
[31m+             realSource: 'trust-monitoring-worker.ts (collector_jobs)',[39m
[31m+             countsByState: (monitoringCounts as any).rows ?? [],[39m
[31m+             lastHeartbeatAt: (monitoringHeartbeat as any).rows?.[0]?.lastHeartbeatAt ?? null,[39m
[31m+             recentFailures: (monitoringFailures as any).rows ?? [],[39m
[31m+           },[39m
[31m+         },[39m
[31m+         webhooks: {[39m
[31m+           countsByStatusLast7Days: (webhookCounts as any).rows ?? [],[39m
[31m+           activeEndpoints: Number((webhookEndpoints as any).rows?.[0]?.activeCount ?? 0),[39m
[31m+           disabledEndpoints: Number((webhookEndpoints as any).rows?.[0]?.disabledCount ?? 0),[39m
[31m+           recentFailures: (webhookFailures as any).rows ?? [],[39m
[31m+         },[39m
[31m+         integrations,[39m
[31m+         auditChain,[39m
[31m+         queue: {[39m
[31m+           runningRepositoryScans: (runningRepoScans as any).rows ?? [],[39m
[31m+           recentlyFailedJobs: (osvFailures as any).rows ?? [],[39m
[31m+           complianceSchedules: (complianceSchedules as any).rows ?? [],[39m
[31m+         },[39m
[31m+         notes,[39m
[31m+       });[39m
[31m+     } catch (error) {[39m
[31m+       return next(error);[39m
[31m+     }[39m
[31m+   });[39m
[31m+[39m
[31m+   // Owner-only self-passport retrieval. Absence of evidence is represented as[39m
[31m+   // a 404 instead of a fabricated passport or trust score.[39m
[31m+   router.get('/passports/self-passport', requireAuth, requireRole('Owner'), async (req: AuthenticatedRequest, res, next) => {[39m
[31m+     try {[39m
[31m+       const db = req.db!;[39m
[31m+       const result = await db.execute(sql`[39m
[31m+         SELECT[39m
[31m+           id,[39m
[31m+           name,[39m
[31m+           version,[39m
[31m+           publisher,[39m
[31m+           release_date AS "releaseDate",[39m
[31m+           evidence[39m
[31m+         FROM passports[39m
[31m+         WHERE tenant_id = ${req.user!.tenantId}[39m
[31m+         ORDER BY release_date DESC NULLS LAST, id DESC[39m
[31m+         LIMIT 1[39m
[31m+       `);[39m
[31m+       const row = (result as any).rows?.[0];[39m
[31m+       if (!row) return res.status(404).json({ error: 'Self passport evidence not found', code: 'SELF_PASSPORT_NOT_FOUND' });[39m
[31m+       return res.json({[39m
[31m+         ...row,[39m
[31m+         overallScore: null,[39m
[31m+         healthStatus: 'Not verified',[39m
[31m+         evidence: Array.isArray(row.evidence) ? row.evidence : [],[39m
[31m+       });[39m
[31m+     } catch (error) {[39m
[31m+       return next(error);[39m
[31m+     }[39m
[31m+   });[39m
[31m+[39m
[31m+   // Firebase-authenticated, tenant-scoped reads for the first-party SPA.[39m
[31m+   // These are deliberately separate from /connect/v1, which is API-key based.[39m
[31m+   router.get('/user/clients', requireAuth, async (req: AuthenticatedRequest, res, next) => {[39m
[31m+     try {[39m
[31m+       const db = req.db!;[39m
[31m+       const result = await db.execute(sql`SELECT id, name, domain, industry, trust_score AS "trustScore", risk_level AS "riskLevel", avatar_color AS "avatarColor", subscription_tier AS "subscriptionTier", joined_date AS "joinedDate", team_count AS "teamCount", passport_count AS "passportCount", critical_risks_count AS "criticalRisksCount", compliance_progress AS "complianceProgress", software_inventory AS "softwareInventory", compliance_status AS "complianceStatus", team_members AS "teamMembers", activity_timeline AS "activityTimeline" FROM clients WHERE tenant_id=${req.user!.tenantId} ORDER BY joined_date DESC`);[39m
[31m+       return res.json((result as any).rows || []);[39m
[31m+     } catch (error) {[39m
[31m+       return next(error);[39m
[31m+     }[39m
[31m+   });[39m
[31m+[39m
[31m+   router.get('/user/passports', requireAuth, async (req: AuthenticatedRequest, res, next) => {[39m
[31m+     try {[39m
[31m+       const db = req.db!;[39m
[31m+       const result = await db.execute(sql`SELECT p.id, p.client_id AS "clientId", p.name, p.version, p.publisher, p.category, p.release_date AS "releaseDate", p.license_type AS "licenseType", p.sbom, COALESCE((SELECT json_agg(json_build_object('id', e.id, 'name', e.name, 'type', e.type, 'verified', e.verified, 'status', e.status, 'signer', e.signer, 'timestamp', e.timestamp, 'hash', e.hash, 'engineId', e.engine_id, 'verificationFailureReason', e.verification_failure_reason) ORDER BY e.timestamp DESC) FROM evidence_items e WHERE e.tenant_id=p.tenant_id AND e.asset_id=p.id), '[]'::json) AS evidence, COALESCE((SELECT json_agg(json_build_object('id', f.id, 'findingId', f.id, 'severity', f.severity, 'category', f.category, 'title', f.title, 'description', f.description, 'component', f.component, 'fixedVersion', f.fixed_version, 'status', f.status, 'detectedAt', f.detected_at, 'engineId', f.engine_id) ORDER BY f.detected_at DESC) FROM scan_findings f WHERE f.tenant_id=p.tenant_id AND f.asset_id=p.id), '[]'::json) AS vulnerabilities, p.timeline, NULL AS scores, 'not_authoritatively_scored' AS "scoreStatus" FROM passports p WHERE p.tenant_id=${req.user!.tenantId} ORDER BY p.name ASC`);[39m
[31m+       return res.json((result as any).rows || []);[39m
[31m+     } catch (error) {[39m
[31m+       return next(error);[39m
[31m+     }[39m
[31m+   });[39m
[31m+[39m
[31m+   router.get('/user/extensions', requireAuth, async (req: AuthenticatedRequest, res, next) => {[39m
[31m+     try {[39m
[31m+       const db = req.db!;[39m
[31m+       const result = await db.execute(sql`SELECT extension_id AS "extensionId", installed_at AS "installedAt" FROM extension_installations WHERE tenant_id=${req.user!.tenantId} ORDER BY installed_at DESC`);[39m
[31m+       return res.json((result as any).rows || []);[39m
[31m+     } catch (error) {[39m
[31m+       return next(error);[39m
[31m+     }[39m
[31m+   });[39m
[31m+[39m
[31m+   router.post('/user/extensions/:extensionId', requireAuth, requireRole(['Owner', 'Admin', 'Operator']), async (req: AuthenticatedRequest, res, next) => {[39m
[31m+     try {[39m
[31m+       const extensionId = String(req.params.extensionId || '').trim();[39m
[31m+       if (!/^[A-Za-z0-9_.-]{1,120}$/.test(extensionId)) return res.status(400).json({ error: 'Invalid extension id' });[39m
[31m+       const db = req.db!;[39m
[31m+       const result = await db.execute(sql`INSERT INTO extension_installations (tenant_id, extension_id, installed_at) VALUES (${req.user!.tenantId}, ${extensionId}, NOW()) ON CONFLICT (tenant_id, extension_id) DO UPDATE SET installed_at=NOW() RETURNING extension_id AS "extensionId", installed_at AS "installedAt"`);[39m
[31m+       return res.status(201).json((result as any).rows?.[0]);[39m
[31m+     } catch (error) {[39m
[31m+       return next(error);[39m
[31m+     }[39m
[31m+   });[39m
[31m+[39m
[31m+   router.delete('/user/extensions/:extensionId', requireAuth, requireRole(['Owner', 'Admin', 'Operator']), async (req: AuthenticatedRequest, res, next) => {[39m
[31m+     try {[39m
[31m+       const db = req.db!;[39m
[31m+       const extensionId = String(req.params.extensionId || '').trim();[39m
[31m+       const result = await db.execute(sql`DELETE FROM extension_installations WHERE tenant_id=${req.user!.tenantId} AND extension_id=${extensionId} RETURNING extension_id`);[39m
[31m+       if (!((result as any).rows?.length)) return res.status(404).json({ error: 'Extension installation not found' });[39m
[31m+       return res.status(204).send();[39m
[31m+     } catch (error) {[39m
[31m+       return next(error);[39m
[31m+     }[39m
[31m+   });[39m
[31m+[39m
[31m+   router.get('/auth/verify-status', requireAuth, async (req: AuthenticatedRequest, res) => {[39m
[31m+     return res.json({ verified: req.user!.emailVerified, emailVerified: req.user!.emailVerified });[39m
[31m+   });[39m
[31m+[39m
[31m+[39m
[31m+[39m
[31m+   router.get('/user/passports/:id/verification', requireAuth, async (req: AuthenticatedRequest, res, next) => {[39m
[31m+     try {[39m
[31m+       const db = req.db!;[39m
[31m+       const tenantId = req.user!.tenantId;[39m
[31m+       const clientScope = req.user!.role === 'Client' ? (req.user as any).clientId : null;[39m
[31m+       const passportResult = await db.execute(sql`SELECT id, version, evidence, client_id AS "clientId" FROM passports WHERE id=${req.params.id} AND tenant_id=${tenantId} AND (${clientScope} IS NULL OR client_id=${clientScope}) LIMIT 1`) as any;[39m
[31m+       const passport = passportResult.rows?.[0];[39m
[31m+       if (!passport) return res.status(404).json({ error: 'Passport not found' });[39m
[31m+       const findingResult = await db.execute(sql`SELECT id, passport_id AS "passportId", evidence_ids, status FROM trust_findings WHERE tenant_id=${tenantId} AND passport_id=${passport.id}`) as any;[39m
[31m+       const parseJson = (value: unknown): unknown[] => { try { const parsed = JSON.parse(String(value ?? '')); return Array.isArray(parsed) ? parsed : []; } catch { return []; } };[39m
[31m+       const openFindingEvidenceIds = (findingResult.rows ?? []).filter((row: any) => !['resolved','closed','verified'].includes(String(row.status || '').toLowerCase())).flatMap((row: any) => parseJson(row.evidence_ids)).filter((id: any): id is string => typeof id === 'string');[39m
[31m+       const adapted = adaptEvidenceForEvaluation({ evidence: parseJson(passport.evidence) as any[], passportVersion: passport.version, openFindingEvidenceIds });[39m
[31m+       const evaluatedAt = Date.now();[39m
[31m+       const decision = evaluateVerification({ evidence: adapted.evidence, evaluatedAt, targetIdentity: adapted.targetIdentity });[39m
[31m+       res.setHeader('Cache-Control', 'private, max-age=0, no-store');[39m
[31m+       return res.json({ decision, observations: decision.observationCount, independentSources: decision.independentSourceCount });[39m
[31m+     } catch (error) { return next(error); }[39m
[31m+   });[39m
[31m+[39m
[31m+   router.get('/user/verification', requireAuth, async (req: AuthenticatedRequest, res, next) => {[39m
[31m+     try {[39m
[31m+       const db = req.db!;[39m
[31m+       const tenantId = req.user!.tenantId;[39m
[31m+       const clientScope = req.user!.role === 'Client' ? (req.user as any).clientId : null;[39m
[31m+       const passportRows = (await db.execute(sql`SELECT id, version, evidence, client_id AS "clientId" FROM passports WHERE tenant_id=${tenantId} AND (${clientScope} IS NULL OR client_id=${clientScope}) ORDER BY id`) as any).rows ?? [];[39m
[31m+       const passportIds = passportRows.map((row: any) => String(row.id));[39m
[31m+       const parseJson = (value: unknown): unknown[] => { try { const parsed = JSON.parse(String(value ?? '')); return Array.isArray(parsed) ? parsed : []; } catch { return []; } };[39m
[31m+       // Drizzle's proven one-query binding shape for the passport findings is[39m
[31m+       // `asset_id IN ${passportIds}`; do not replace this with ANY(array).[39m
[31m+       const findingRows = passportIds.length ? ((await db.execute(sql`SELECT id, passport_id AS "passportId", evidence_ids, status FROM trust_findings WHERE tenant_id=${tenantId} AND passport_id IN ${passportIds}`) as any).rows ?? []) : [];[39m
[31m+       const evidenceByPassport = new Map<string, any[]>();[39m
[31m+       for (const passport of passportRows) evidenceByPassport.set(String(passport.id), parseJson(passport.evidence) as any[]);[39m
[31m+       const evaluatedAt = Date.now();[39m
[31m+       const verificationDecisions: Record<string, VerificationDecision> = {};[39m
[31m+       const verificationDetails: Record<string, unknown> = {};[39m
[31m+       for (const passport of passportRows) {[39m
[31m+         const findings = findingRows.filter((row: any) => String(row.passportId) === String(passport.id));[39m
[31m+         const openFindingEvidenceIds = findings.filter((row: any) => !['resolved','closed','verified'].includes(String(row.status || '').toLowerCase())).flatMap((row: any) => parseJson(row.evidence_ids)).filter((id: any): id is string => typeof id === 'string');[39m
[31m+         const adapted = adaptEvidenceForEvaluation({ evidence: evidenceByPassport.get(String(passport.id)) ?? [], passportVersion: passport.version, openFindingEvidenceIds });[39m
[31m+         const decision = evaluateVerification({ evidence: adapted.evidence, evaluatedAt, targetIdentity: adapted.targetIdentity });[39m
[31m+         verificationDecisions[String(passport.id)] = decision;[39m
[31m+         verificationDetails[String(passport.id)] = { unmappedCount: adapted.unmappedCount, undatedCount: adapted.undatedCount, observations: decision.observationCount, independentSources: decision.independentSourceCount };[39m
[31m+       }[39m
[31m+       res.setHeader('Cache-Control', 'private, max-age=0, no-store');[39m
[31m+       return res.json({ verificationDecisions, verificationDetails });[39m
[31m+     } catch (error) { return next(error); }[39m
[31m+   });[39m
[31m+[39m
[31m+   return router;[39m
[31m+ }[39m
[31m+[39m

[36m [2m❯[22m tests/tenant-branding-contract.test.ts:[2m12:18[22m[39m
    [90m 10| [39m  it('exposes real, tenant-scoped, role-gated read/write routes', () =…
    [90m 11| [39m    [35mconst[39m auth [33m=[39m [34mread[39m([32m'src/routes/auth.ts'[39m)[33m;[39m
    [90m 12| [39m    expect(auth).toContain("router.get('/organization/branding', requi…
    [90m   | [39m                 [31m^[39m
    [90m 13| [39m    expect(auth).toContain("router.put('/organization/branding', requi…
    [90m 14| [39m    // Every query is scoped by the caller's own tenant, never a clien…

[31m[2m⎯⎯⎯⎯⎯⎯⎯⎯⎯⎯⎯⎯⎯⎯⎯⎯⎯⎯⎯⎯[125/141]⎯[22m[39m

[41m[1m FAIL [22m[49m tests/tenant-branding-contract.test.ts[2m > [22mpersistent white-label branding[2m > [22mvalidates brand color and logo shape server-side, not just in the UI
[31m[1mAssertionError[22m: expected '/**\n * @license\n * SPDX-License-Ide…' to contain 'brandColor must be a #rrggbb hex color'[39m

[32m- Expected[39m
[31m+ Received[39m

[32m- brandColor must be a #rrggbb hex color[39m
[31m+ /**[39m
[31m+  * @license[39m
[31m+  * SPDX-License-Identifier: Apache-2.0[39m
[31m+  */[39m
[31m+[39m
[31m+ import { Router } from 'express';[39m
[31m+ import { eq } from 'drizzle-orm';[39m
[31m+ import { sql } from 'drizzle-orm';[39m
[31m+ import { z } from 'zod';[39m
[31m+ import { users } from '../db/schema.ts';[39m
[31m+ import { AuthenticatedRequest, requireAuth, requireRole } from '../middleware/security.ts';[39m
[31m+ import { adminAuth, setUserCustomClaims } from '../lib/firebase-admin.ts';[39m
[31m+ import { appendAuditEntry, verifyAuditChain } from '../security/audit-log.ts';[39m
[31m+ import { describeUserAgent, sessionFingerprint } from '../security/session-tracking.ts';[39m
[31m+ import { offboardTenantData } from '../db/sync.ts';[39m
[31m+ import { INTEGRATION_CATALOG } from '../integrations/catalog.ts';[39m
[31m+ import { adaptEvidenceForEvaluation } from '../lib/verification/evidenceAdapter.ts';[39m
[31m+ import { evaluateVerification, type VerificationDecision } from '../lib/verification/evaluateVerification.ts';[39m
[31m+[39m
[31m+ const INVITABLE_ROLES = ['Admin', 'Technician', 'Viewer', 'Client'] as const;[39m
[31m+ const inviteSchema = z.object({ email: z.string().trim().email().max(255), role: z.enum(INVITABLE_ROLES) }).strict();[39m
[31m+ const roleUpdateSchema = z.object({ role: z.enum(INVITABLE_ROLES) }).strict();[39m
[31m+ const profileUpdateSchema = z.object({[39m
[31m+   displayName: z.string().trim().max(200).optional(),[39m
[31m+   roleTitle: z.string().trim().max(200).optional(),[39m
[31m+   companyName: z.string().trim().max(200).optional(),[39m
[31m+ }).strict();[39m
[31m+ const revokeSessionSchema = z.object({ sessionId: z.string().trim().min(1).max(200) }).strict();[39m
[31m+[39m
[31m+ export function createAuthRouter() {[39m
[31m+   const router = Router();[39m
[31m+[39m
[31m+   // The Firebase ID token is the sole authentication authority. The database[39m
[31m+   // record supplies the tenant/RBAC projection after token verification.[39m
[31m+   router.get('/user/me', requireAuth, async (req: AuthenticatedRequest, res, next) => {[39m
[31m+     try {[39m
[31m+       const db = req.db!;[39m
[31m+       const user = await db.select({[39m
[31m+         id: users.id,[39m
[31m+         uid: users.uid,[39m
[31m+         email: users.email,[39m
[31m+         tenantId: users.tenantId,[39m
[31m+         role: users.role,[39m
[31m+         companyName: users.companyName,[39m
[31m+         roleTitle: users.roleTitle,[39m
[31m+         displayName: users.displayName,[39m
[31m+         numTechnicians: users.numTechnicians,[39m
[31m+         clientCount: users.clientCount,[39m
[31m+         primaryUseCase: users.primaryUseCase,[39m
[31m+         onboarded: users.onboarded,[39m
[31m+         mfaEnabled: users.mfaEnabled,[39m
[31m+         createdAt: users.createdAt,[39m
[31m+       }).from(users).where(eq(users.uid, req.user!.uid)).then(rows => rows[0]);[39m
[31m+[39m
[31m+       if (!user) return res.status(403).json({ error: 'User account is not provisioned' });[39m
[31m+       return res.json({ ...user, emailVerified: req.user!.emailVerified });[39m
[31m+     } catch (error) {[39m
[31m+       return next(error);[39m
[31m+     }[39m
[31m+   });[39m
[31m+[39m
[31m+   router.put('/user/profile', requireAuth, async (req: AuthenticatedRequest, res, next) => {[39m
[31m+     try {[39m
[31m+       const db = req.db!;[39m
[31m+       const parsed = profileUpdateSchema.safeParse(req.body);[39m
[31m+       if (!parsed.success) return res.status(400).json({ error: 'Invalid request', details: parsed.error.flatten() });[39m
[31m+       const result = await db.execute(sql`[39m
[31m+         UPDATE users SET[39m
[31m+           display_name = COALESCE(${parsed.data.displayName ?? null}, display_name),[39m
[31m+           role_title = COALESCE(${parsed.data.roleTitle ?? null}, role_title),[39m
[31m+           company_name = COALESCE(${parsed.data.companyName ?? null}, company_name)[39m
[31m+         WHERE uid = ${req.user!.uid} AND tenant_id = ${req.user!.tenantId}[39m
[31m+         RETURNING id, email, display_name AS "displayName", role_title AS "roleTitle", company_name AS "companyName"[39m
[31m+       `);[39m
[31m+       const row = (result as any).rows?.[0];[39m
[31m+       if (!row) return res.status(404).json({ error: 'User account not found' });[39m
[31m+       await appendAuditEntry(db, { tenantId: req.user!.tenantId, action: 'profile.updated', actor: req.user!.email, payload: { userId: req.user!.id } });[39m
[31m+       return res.json(row);[39m
[31m+     } catch (error) {[39m
[31m+       return next(error);[39m
[31m+     }[39m
[31m+   });[39m
[31m+[39m
[31m+   router.get('/organization/team', requireAuth, async (req: AuthenticatedRequest, res, next) => {[39m
[31m+     try {[39m
[31m+       const db = req.db!;[39m
[31m+       const result = await db.execute(sql`[39m
[31m+         SELECT id, email, display_name AS "displayName", role, onboarded, created_at AS "createdAt"[39m
[31m+         FROM users WHERE tenant_id = ${req.user!.tenantId} ORDER BY created_at ASC[39m
[31m+       `);[39m
[31m+       return res.json((result as any).rows ?? []);[39m
[31m+     } catch (error) {[39m
[31m+       return next(error);[39m
[31m+     }[39m
[31m+   });[39m
[31m+[39m
[31m+   router.post('/organization/invite', requireAuth, requireRole(['Owner', 'Admin']), async (req: AuthenticatedRequest, res, next) => {[39m
[31m+     try {[39m
[31m+       const db = req.db!;[39m
[31m+       const parsed = inviteSchema.safeParse(req.body);[39m
[31m+       if (!parsed.success) return res.status(400).json({ error: 'Invalid request', details: parsed.error.flatten() });[39m
[31m+       const email = parsed.data.email.toLowerCase();[39m
[31m+[39m
[31m+       const existing = await db.execute(sql`SELECT id FROM users WHERE tenant_id = ${req.user!.tenantId} AND lower(btrim(email)) = ${email} LIMIT 1`);[39m
[31m+       if ((existing as any).rows?.length) return res.status(409).json({ error: 'This email is already a member of your workspace.' });[39m
[31m+[39m
[31m+       let firebaseUser;[39m
[31m+       try {[39m
[31m+         firebaseUser = await adminAuth.getUserByEmail(email);[39m
[31m+       } catch {[39m
[31m+         firebaseUser = await adminAuth.createUser({ email, emailVerified: false });[39m
[31m+       }[39m
[31m+[39m
[31m+       const inserted = await db.execute(sql`[39m
[31m+         INSERT INTO users (uid, email, tenant_id, role, invited_by, onboarded)[39m
[31m+         VALUES (${firebaseUser.uid}, ${email}, ${req.user!.tenantId}, ${parsed.data.role}, ${req.user!.email}, 0)[39m
[31m+         RETURNING id, email, role[39m
[31m+       `);[39m
[31m+       await setUserCustomClaims(firebaseUser.uid, { workspaceId: req.user!.tenantId, role: parsed.data.role });[39m
[31m+[39m
[31m+       let inviteLink: string | null = null;[39m
[31m+       try { inviteLink = await adminAuth.generatePasswordResetLink(email); } catch { inviteLink = null; }[39m
[31m+[39m
[31m+       await appendAuditEntry(db, { tenantId: req.user!.tenantId, action: 'team.invited', actor: req.user!.email, payload: { invitedEmail: email, role: parsed.data.role } });[39m
[31m+       return res.status(201).json({ ...(inserted as any).rows?.[0], inviteLink });[39m
[31m+     } catch (error) {[39m
[31m+       return next(error);[39m
[31m+     }[39m
[31m+   });[39m
[31m+[39m
[31m+   router.put('/organization/team/:userId/role', requireAuth, requireRole(['Owner', 'Admin']), async (req: AuthenticatedRequest, res, next) => {[39m
[31m+     try {[39m
[31m+       const db = req.db!;[39m
[31m+       const parsed = roleUpdateSchema.safeParse(req.body);[39m
[31m+       if (!parsed.success) return res.status(400).json({ error: 'Invalid request', details: parsed.error.flatten() });[39m
[31m+       const targetId = Number(req.params.userId);[39m
[31m+       if (!Number.isInteger(targetId)) return res.status(400).json({ error: 'Invalid user id' });[39m
[31m+[39m
[31m+       const result = await db.execute(sql`[39m
[31m+         UPDATE users SET role = ${parsed.data.role}[39m
[31m+         WHERE id = ${targetId} AND tenant_id = ${req.user!.tenantId} AND role <> 'Owner'[39m
[31m+         RETURNING id, uid, email, role[39m
[31m+       `);[39m
[31m+       const row = (result as any).rows?.[0];[39m
[31m+       if (!row) return res.status(404).json({ error: 'Team member not found, or the Owner role cannot be changed here.' });[39m
[31m+       await setUserCustomClaims(row.uid, { workspaceId: req.user!.tenantId, role: parsed.data.role });[39m
[31m+       await appendAuditEntry(db, { tenantId: req.user!.tenantId, action: 'team.role_changed', actor: req.user!.email, payload: { targetUserId: targetId, newRole: parsed.data.role } });[39m
[31m+       return res.json({ id: row.id, email: row.email, role: row.role });[39m
[31m+     } catch (error) {[39m
[31m+       return next(error);[39m
[31m+     }[39m
[31m+   });[39m
[31m+[39m
[31m+   router.delete('/organization/team/:userId', requireAuth, requireRole(['Owner', 'Admin']), async (req: AuthenticatedRequest, res, next) => {[39m
[31m+     try {[39m
[31m+       const db = req.db!;[39m
[31m+       const targetId = Number(req.params.userId);[39m
[31m+       if (!Number.isInteger(targetId)) return res.status(400).json({ error: 'Invalid user id' });[39m
[31m+[39m
[31m+       const result = await db.execute(sql`[39m
[31m+         DELETE FROM users WHERE id = ${targetId} AND tenant_id = ${req.user!.tenantId} AND role <> 'Owner'[39m
[31m+         RETURNING id, uid, email[39m
[31m+       `);[39m
[31m+       const row = (result as any).rows?.[0];[39m
[31m+       if (!row) return res.status(404).json({ error: 'Team member not found, or the Owner cannot be removed.' });[39m
[31m+[39m
[31m+       try { await adminAuth.updateUser(row.uid, { disabled: true }); await adminAuth.revokeRefreshTokens(row.uid); } catch { /* Firebase account may already be gone; DB removal already took effect. */ }[39m
[31m+       await appendAuditEntry(db, { tenantId: req.user!.tenantId, action: 'team.removed', actor: req.user!.email, payload: { targetUserId: targetId, targetEmail: row.email } });[39m
[31m+       return res.status(204).send();[39m
[31m+     } catch (error) {[39m
[31m+       return next(error);[39m
[31m+     }[39m
[31m+   });[39m
[31m+[39m
[31m+   router.get('/auth/sessions', requireAuth, async (req: AuthenticatedRequest, res, next) => {[39m
[31m+     try {[39m
[31m+       const db = req.db!;[39m
[31m+       const currentIp = req.ip || req.socket.remoteAddress || 'unknown';[39m
[31m+       const currentUserAgent = typeof req.headers['user-agent'] === 'string' ? req.headers['user-agent'].slice(0, 512) : '';[39m
[31m+       const currentFingerprint = sessionFingerprint(req.user!.uid, currentIp, currentUserAgent);[39m
[31m+[39m
[31m+       const result = await db.execute(sql`[39m
[31m+         SELECT id, session_fingerprint AS "sessionFingerprint", ip, user_agent AS "userAgent", last_seen_at AS "lastSeenAt"[39m
[31m+         FROM user_sessions[39m
[31m+         WHERE tenant_id = ${req.user!.tenantId} AND user_id = ${req.user!.id} AND revoked_at IS NULL[39m
[31m+         ORDER BY last_seen_at DESC[39m
[31m+       `);[39m
[31m+       const rows = ((result as any).rows ?? []) as Array<{ id: string; sessionFingerprint: string; ip: string; userAgent: string; lastSeenAt: string }>;[39m
[31m+       return res.json(rows.map(row => ({[39m
[31m+         id: row.id,[39m
[31m+         email: req.user!.email,[39m
[31m+         current: row.sessionFingerprint === currentFingerprint,[39m
[31m+         ip: row.ip,[39m
[31m+         device: describeUserAgent(row.userAgent),[39m
[31m+         location: 'Not geolocated',[39m
[31m+         lastSeenAt: row.lastSeenAt,[39m
[31m+       })));[39m
[31m+     } catch (error) {[39m
[31m+       return next(error);[39m
[31m+     }[39m
[31m+   });[39m
[31m+[39m
[31m+   router.post('/auth/sessions/revoke', requireAuth, async (req: AuthenticatedRequest, res, next) => {[39m
[31m+     try {[39m
[31m+       const db = req.db!;[39m
[31m+       const parsed = revokeSessionSchema.safeParse(req.body);[39m
[31m+       if (!parsed.success) return res.status(400).json({ error: 'Invalid request', details: parsed.error.flatten() });[39m
[31m+       const currentIp = req.ip || req.socket.remoteAddress || 'unknown';[39m
[31m+       const currentUserAgent = typeof req.headers['user-agent'] === 'string' ? req.headers['user-agent'].slice(0, 512) : '';[39m
[31m+       const currentFingerprint = sessionFingerprint(req.user!.uid, currentIp, currentUserAgent);[39m
[31m+       if (parsed.data.sessionId === `sess_${currentFingerprint}`) return res.status(400).json({ error: 'Cannot revoke the session you are currently using. Sign out instead.' });[39m
[31m+[39m
[31m+       const result = await db.execute(sql`[39m
[31m+         UPDATE user_sessions SET revoked_at = NOW()[39m
[31m+         WHERE id = ${parsed.data.sessionId} AND tenant_id = ${req.user!.tenantId} AND user_id = ${req.user!.id} AND revoked_at IS NULL[39m
[31m+         RETURNING id[39m
[31m+       `);[39m
[31m+       if (!((result as any).rows?.length)) return res.status(404).json({ error: 'Session not found' });[39m
[31m+       await appendAuditEntry(db, { tenantId: req.user!.tenantId, action: 'session.revoked', actor: req.user!.email, payload: { sessionId: parsed.data.sessionId } });[39m
[31m+       return res.status(204).send();[39m
[31m+     } catch (error) {[39m
[31m+       return next(error);[39m
[31m+     }[39m
[31m+   });[39m
[31m+[39m
[31m+   router.get('/auth/login-history', requireAuth, async (req: AuthenticatedRequest, res, next) => {[39m
[31m+     try {[39m
[31m+       const db = req.db!;[39m
[31m+       const result = await db.execute(sql`[39m
[31m+         SELECT id, ip, user_agent AS "userAgent", status, occurred_at AS "occurredAt"[39m
[31m+         FROM login_history WHERE tenant_id = ${req.user!.tenantId} AND user_id = ${req.user!.id}[39m
[31m+         ORDER BY occurred_at DESC LIMIT 50[39m
[31m+       `);[39m
[31m+       const rows = ((result as any).rows ?? []) as Array<{ id: string; ip: string; userAgent: string; status: string; occurredAt: string }>;[39m
[31m+       return res.json(rows.map(row => ({[39m
[31m+         id: row.id,[39m
[31m+         email: req.user!.email,[39m
[31m+         status: row.status,[39m
[31m+         action: 'Sign-in',[39m
[31m+         timestamp: row.occurredAt,[39m
[31m+         ip: row.ip,[39m
[31m+         location: 'Not geolocated',[39m
[31m+       })));[39m
[31m+     } catch (error) {[39m
[31m+       return next(error);[39m
[31m+     }[39m
[31m+   });[39m
[31m+[39m
[31m+   router.get('/auth/audit-chain', requireAuth, async (req: AuthenticatedRequest, res, next) => {[39m
[31m+     try {[39m
[31m+       const db = req.db!;[39m
[31m+       const beforeRaw = typeof req.query.before === 'string' ? Number(req.query.before) : null;[39m
[31m+       const before = Number.isInteger(beforeRaw) && beforeRaw! > 0 ? beforeRaw : null;[39m
[31m+       const result = before[39m
[31m+         ? await db.execute(sql`[39m
[31m+             SELECT id, action, timestamp, actor, payload, current_hash AS "currentHash", previous_hash AS "previousHash"[39m
[31m+             FROM audit_trail WHERE tenant_id = ${req.user!.tenantId} AND id < ${before} ORDER BY id DESC LIMIT 50[39m
[31m+           `)[39m
[31m+         : await db.execute(sql`[39m
[31m+         SELECT id, action, timestamp, actor, payload, current_hash AS "currentHash", previous_hash AS "previousHash"[39m
[31m+         FROM audit_trail WHERE tenant_id = ${req.user!.tenantId} ORDER BY id DESC LIMIT 50[39m
[31m+       `);[39m
[31m+       const rows = ((result as any).rows ?? []) as Array<{ id: number; action: string; timestamp: string; actor: string; payload: string; currentHash: string; previousHash: string }>;[39m
[31m+       return res.json(rows.map(row => ({[39m
[31m+         id: row.id,[39m
[31m+         action: row.action,[39m
[31m+         timestamp: row.timestamp,[39m
[31m+         actor: row.actor,[39m
[31m+         payload: row.payload,[39m
[31m+         hash: row.currentHash,[39m
[31m+         currentHash: row.currentHash,[39m
[31m+         previousHash: row.previousHash,[39m
[31m+         block: { action: row.action, userEmail: row.actor.includes('@') ? row.actor : null },[39m
[31m+       })));[39m
[31m+     } catch (error) {[39m
[31m+       return next(error);[39m
[31m+     }[39m
[31m+   });[39m
[31m+[39m
[31m+   router.get('/auth/audit-chain/verify', requireAuth, async (req: AuthenticatedRequest, res, next) => {[39m
[31m+     try {[39m
[31m+       const db = req.db!;[39m
[31m+       return res.json(await verifyAuditChain(db, req.user!.tenantId));[39m
[31m+     } catch (error) {[39m
[31m+       return next(error);[39m
[31m+     }[39m
[31m+   });[39m
[31m+[39m
[31m+   router.post('/tenant/offboard', requireAuth, requireRole('Owner'), async (req: AuthenticatedRequest, res, next) => {[39m
[31m+     try {[39m
[31m+       // Purges via the owner-role connection (not req.db): offboarding must be[39m
[31m+       // able to see every table it enumerates from information_schema, and it[39m
[31m+       // already scopes every DELETE to exactly this caller's own tenant_id.[39m
[31m+       await offboardTenantData(req.user!.tenantId);[39m
[31m+       return res.status(200).json({ message: 'Tenant data purged.' });[39m
[31m+     } catch (error) {[39m
[31m+       return next(error);[39m
[31m+     }[39m
[31m+   });[39m
[31m+[39m
[31m+   // Owner-only founder metrics. Every value is either observed from tenant[39m
[31m+   // data or explicitly reported as not verified; this endpoint never invents[39m
[31m+   // production health, security, financial, or performance telemetry.[39m
[31m+   router.get('/founder/metrics', requireAuth, requireRole('Owner'), async (req: AuthenticatedRequest, res, next) => {[39m
[31m+     try {[39m
[31m+       const db = req.db!;[39m
[31m+       const counts = await db.execute(sql`[39m
[31m+         SELECT[39m
[31m+           (SELECT COUNT(*)::int FROM clients WHERE tenant_id = ${req.user!.tenantId}) AS "clientCount",[39m
[31m+           (SELECT COUNT(*)::int FROM passports WHERE tenant_id = ${req.user!.tenantId}) AS "passportCount",[39m
[31m+           (SELECT COUNT(*)::int FROM scans WHERE tenant_id = ${req.user!.tenantId}) AS "scanCount"[39m
[31m+       `);[39m
[31m+       const row = (counts as any).rows?.[0] || {};[39m
[31m+       return res.json({[39m
[31m+         latency: 'Not verified',[39m
[31m+         capitalProtected: 'Not verified',[39m
[31m+         throughput: 'Not verified',[39m
[31m+         mitigations: 'Not verified',[39m
[31m+         overallScore: null,[39m
[31m+         auditEvents: null,[39m
[31m+         activeThreats: null,[39m
[31m+         systemIntegrity: 'Not verified',[39m
[31m+         observed: {[39m
[31m+           clientCount: Number(row.clientCount || 0),[39m
[31m+           passportCount: Number(row.passportCount || 0),[39m
[31m+           scanCount: Number(row.scanCount || 0),[39m
[31m+         },[39m
[31m+       });[39m
[31m+     } catch (error) {[39m
[31m+       return next(error);[39m
[31m+     }[39m
[31m+   });[39m
[31m+[39m
[31m+   // Owner-only operational health for the command center. Every section reads[39m
[31m+   // from the real tables the corresponding subsystem already writes -- no[39m
[31m+   // second heartbeat, delivery ledger, integration status, or audit verifier[39m
[31m+   // is created here. Sections with no real backing data are omitted rather[39m
[31m+   // than populated with placeholder values; see the `notes` field.[39m
[31m+   router.get('/founder/operations', requireAuth, requireRole('Owner'), async (req: AuthenticatedRequest, res, next) => {[39m
[31m+     try {[39m
[31m+       const db = req.db!;[39m
[31m+       const tenantId = req.user!.tenantId;[39m
[31m+       const notes: string[] = [];[39m
[31m+[39m
[31m+       // --- A. Worker/job health ---------------------------------------------[39m
[31m+       // osv-worker.ts claims agent_jobs rows (job_type osv_manifest_scan /[39m
[31m+       // repository_scan). It has no separate heartbeat row; the queue state[39m
[31m+       // itself (locked_at/locked_by, the same 10-minute staleness window the[39m
[31m+       // worker uses to reclaim stuck jobs) is the real signal.[39m
[31m+       const [osvCounts, osvStale, osvFailures, osvActivity] = await Promise.all([[39m
[31m+         db.execute(sql`SELECT job_type AS "jobType", status, COUNT(*)::int AS count FROM agent_jobs WHERE tenant_id=${tenantId} AND job_type IN ('osv_manifest_scan','repository_scan') GROUP BY job_type, status`),[39m
[31m+         db.execute(sql`SELECT COUNT(*)::int AS count FROM agent_jobs WHERE tenant_id=${tenantId} AND job_type IN ('osv_manifest_scan','repository_scan') AND status='Running' AND locked_at < NOW() - INTERVAL '10 minutes'`),[39m
[31m+         db.execute(sql`SELECT id, job_type AS "jobType", error, attempt_count AS "attemptCount", max_attempts AS "maxAttempts", updated_at AS "updatedAt" FROM agent_jobs WHERE tenant_id=${tenantId} AND job_type IN ('osv_manifest_scan','repository_scan') AND status='Failed' ORDER BY updated_at DESC LIMIT 5`),[39m
[31m+         db.execute(sql`SELECT MAX(updated_at) AS "lastActivityAt" FROM agent_jobs WHERE tenant_id=${tenantId} AND job_type IN ('osv_manifest_scan','repository_scan')`),[39m
[31m+       ]);[39m
[31m+[39m
[31m+       // monitoring-worker.ts (the file name this dashboard's spec named) is not[39m
[31m+       // imported by worker.ts and never runs in production -- confirmed dead[39m
[31m+       // code, not a running system. trust-monitoring-worker.ts is the real,[39m
[31m+       // currently-running system that plays the equivalent role (collector_jobs[39m
[31m+       // has an actual heartbeat_at column, unlike agent_jobs).[39m
[31m+       const [monitoringCounts, monitoringHeartbeat, monitoringFailures] = await Promise.all([[39m
[31m+         db.execute(sql`SELECT state, COUNT(*)::int AS count FROM collector_jobs WHERE tenant_id=${tenantId} GROUP BY state`),[39m
[31m+         db.execute(sql`SELECT MAX(heartbeat_at) AS "lastHeartbeatAt" FROM collector_jobs WHERE tenant_id=${tenantId} AND state='running'`),[39m
[31m+         db.execute(sql`SELECT id, collector_id AS "collectorId", safe_error_code AS "errorCode", safe_error_message AS "errorMessage", completed_at AS "completedAt" FROM collector_jobs WHERE tenant_id=${tenantId} AND state IN ('failed','dead_lettered') ORDER BY completed_at DESC NULLS LAST LIMIT 5`),[39m
[31m+       ]);[39m
[31m+       notes.push('monitoring-worker.ts is dead code (never imported by worker.ts); "monitoringWorker" below reflects trust-monitoring-worker.ts, the real running system for the same role.');[39m
[31m+[39m
[31m+       // --- B. Webhook delivery health ----------------------------------------[39m
[31m+       const [webhookCounts, webhookEndpoints, webhookFailures] = await Promise.all([[39m
[31m+         db.execute(sql`SELECT status, COUNT(*)::int AS count FROM spr_webhook_deliveries WHERE tenant_id=${tenantId} AND created_at::timestamptz > NOW() - INTERVAL '7 days' GROUP BY status`),[39m
[31m+         db.execute(sql`SELECT COUNT(*) FILTER (WHERE active)::int AS "activeCount", COUNT(*) FILTER (WHERE NOT active)::int AS "disabledCount" FROM spr_webhooks WHERE tenant_id=${tenantId}`),[39m
[31m+         db.execute(sql`SELECT d.id, d.webhook_id AS "webhookId", w.url, d.event_type AS "eventType", d.safe_error_code AS "errorCode", d.safe_error_message AS "errorMessage", d.completed_at AS "completedAt" FROM spr_webhook_deliveries d JOIN spr_webhooks w ON w.id=d.webhook_id AND w.tenant_id=d.tenant_id WHERE d.tenant_id=${tenantId} AND d.status IN ('failed','dead_lettered') ORDER BY d.completed_at DESC NULLS LAST LIMIT 10`),[39m
[31m+       ]);[39m
[31m+       notes.push('Webhook failures are grouped by destination endpoint (webhookId/url), not "provider" -- SPR webhooks are user-configured destination URLs, not third-party provider connectors; there is no per-provider concept for outbound deliveries.');[39m
[31m+[39m
[31m+       // --- C. Integration health ----------------------------------------------[39m
[31m+       const [credentialRows, integrationRows] = await Promise.all([[39m
[31m+         db.execute(sql`SELECT provider, status, last_tested_at AS "lastTestedAt" FROM integration_credentials WHERE tenant_id=${tenantId}`),[39m
[31m+         db.execute(sql`SELECT name, connected, last_sync_date AS "lastSyncDate" FROM integrations WHERE tenant_id=${tenantId}`),[39m
[31m+       ]);[39m
[31m+       const credentialByProvider = new Map<string, any>((credentialRows as any).rows?.map((r: any) => [r.provider, r]) ?? []);[39m
[31m+       const integrationByName = new Map<string, any>((integrationRows as any).rows?.map((r: any) => [r.name, r]) ?? []);[39m
[31m+       const integrations = INTEGRATION_CATALOG.map((item) => ({[39m
[31m+         provider: item.provider,[39m
[31m+         name: item.name,[39m
[31m+         connected: Boolean(integrationByName.get(item.name)?.connected),[39m
[31m+         lastSyncDate: integrationByName.get(item.name)?.lastSyncDate ?? null,[39m
[31m+         credentialStatus: credentialByProvider.get(item.provider)?.status ?? 'NOT_CONFIGURED',[39m
[31m+         lastTestedAt: credentialByProvider.get(item.provider)?.lastTestedAt ?? null,[39m
[31m+       }));[39m
[31m+[39m
[31m+       // --- D. Audit chain integrity --------------------------------------------[39m
[31m+       // Reuses the exact function GET /api/auth/audit-chain/verify calls --[39m
[31m+       // no second verifier.[39m
[31m+       const auditChain = await verifyAuditChain(db, tenantId);[39m
[31m+[39m
[31m+       // --- E. Scan / job queue --------------------------------------------------[39m
[31m+       const [runningRepoScans, complianceSchedules] = await Promise.all([[39m
[31m+         db.execute(sql`SELECT id, passport_id AS "passportId", status, progress, updated_at AS "updatedAt" FROM agent_jobs WHERE tenant_id=${tenantId} AND job_type='repository_scan' AND status='Running' ORDER BY updated_at DESC LIMIT 10`),[39m
[31m+         db.execute(sql`SELECT id, client_id AS "clientId", frequency, status, last_audit_at AS "lastAuditAt", next_audit_at AS "nextAuditAt" FROM compliance_schedules WHERE tenant_id=${tenantId} ORDER BY COALESCE(last_audit_at, created_at) DESC LIMIT 10`),[39m
[31m+       ]);[39m
[31m+[39m
[31m+       return res.json({[39m
[31m+         generatedAt: new Date().toISOString(),[39m
[31m+         workers: {[39m
[31m+           osv: {[39m
[31m+             countsByStatus: (osvCounts as any).rows ?? [],[39m
[31m+             staleRunningCount: Number((osvStale as any).rows?.[0]?.count ?? 0),[39m
[31m+             recentFailures: (osvFailures as any).rows ?? [],[39m
[31m+             lastActivityAt: (osvActivity as any).rows?.[0]?.lastActivityAt ?? null,[39m
[31m+           },[39m
[31m+           monitoringWorker: {[39m
[31m+             realSource: 'trust-monitoring-worker.ts (collector_jobs)',[39m
[31m+             countsByState: (monitoringCounts as any).rows ?? [],[39m
[31m+             lastHeartbeatAt: (monitoringHeartbeat as any).rows?.[0]?.lastHeartbeatAt ?? null,[39m
[31m+             recentFailures: (monitoringFailures as any).rows ?? [],[39m
[31m+           },[39m
[31m+         },[39m
[31m+         webhooks: {[39m
[31m+           countsByStatusLast7Days: (webhookCounts as any).rows ?? [],[39m
[31m+           activeEndpoints: Number((webhookEndpoints as any).rows?.[0]?.activeCount ?? 0),[39m
[31m+           disabledEndpoints: Number((webhookEndpoints as any).rows?.[0]?.disabledCount ?? 0),[39m
[31m+           recentFailures: (webhookFailures as any).rows ?? [],[39m
[31m+         },[39m
[31m+         integrations,[39m
[31m+         auditChain,[39m
[31m+         queue: {[39m
[31m+           runningRepositoryScans: (runningRepoScans as any).rows ?? [],[39m
[31m+           recentlyFailedJobs: (osvFailures as any).rows ?? [],[39m
[31m+           complianceSchedules: (complianceSchedules as any).rows ?? [],[39m
[31m+         },[39m
[31m+         notes,[39m
[31m+       });[39m
[31m+     } catch (error) {[39m
[31m+       return next(error);[39m
[31m+     }[39m
[31m+   });[39m
[31m+[39m
[31m+   // Owner-only self-passport retrieval. Absence of evidence is represented as[39m
[31m+   // a 404 instead of a fabricated passport or trust score.[39m
[31m+   router.get('/passports/self-passport', requireAuth, requireRole('Owner'), async (req: AuthenticatedRequest, res, next) => {[39m
[31m+     try {[39m
[31m+       const db = req.db!;[39m
[31m+       const result = await db.execute(sql`[39m
[31m+         SELECT[39m
[31m+           id,[39m
[31m+           name,[39m
[31m+           version,[39m
[31m+           publisher,[39m
[31m+           release_date AS "releaseDate",[39m
[31m+           evidence[39m
[31m+         FROM passports[39m
[31m+         WHERE tenant_id = ${req.user!.tenantId}[39m
[31m+         ORDER BY release_date DESC NULLS LAST, id DESC[39m
[31m+         LIMIT 1[39m
[31m+       `);[39m
[31m+       const row = (result as any).rows?.[0];[39m
[31m+       if (!row) return res.status(404).json({ error: 'Self passport evidence not found', code: 'SELF_PASSPORT_NOT_FOUND' });[39m
[31m+       return res.json({[39m
[31m+         ...row,[39m
[31m+         overallScore: null,[39m
[31m+         healthStatus: 'Not verified',[39m
[31m+         evidence: Array.isArray(row.evidence) ? row.evidence : [],[39m
[31m+       });[39m
[31m+     } catch (error) {[39m
[31m+       return next(error);[39m
[31m+     }[39m
[31m+   });[39m
[31m+[39m
[31m+   // Firebase-authenticated, tenant-scoped reads for the first-party SPA.[39m
[31m+   // These are deliberately separate from /connect/v1, which is API-key based.[39m
[31m+   router.get('/user/clients', requireAuth, async (req: AuthenticatedRequest, res, next) => {[39m
[31m+     try {[39m
[31m+       const db = req.db!;[39m
[31m+       const result = await db.execute(sql`SELECT id, name, domain, industry, trust_score AS "trustScore", risk_level AS "riskLevel", avatar_color AS "avatarColor", subscription_tier AS "subscriptionTier", joined_date AS "joinedDate", team_count AS "teamCount", passport_count AS "passportCount", critical_risks_count AS "criticalRisksCount", compliance_progress AS "complianceProgress", software_inventory AS "softwareInventory", compliance_status AS "complianceStatus", team_members AS "teamMembers", activity_timeline AS "activityTimeline" FROM clients WHERE tenant_id=${req.user!.tenantId} ORDER BY joined_date DESC`);[39m
[31m+       return res.json((result as any).rows || []);[39m
[31m+     } catch (error) {[39m
[31m+       return next(error);[39m
[31m+     }[39m
[31m+   });[39m
[31m+[39m
[31m+   router.get('/user/passports', requireAuth, async (req: AuthenticatedRequest, res, next) => {[39m
[31m+     try {[39m
[31m+       const db = req.db!;[39m
[31m+       const result = await db.execute(sql`SELECT p.id, p.client_id AS "clientId", p.name, p.version, p.publisher, p.category, p.release_date AS "releaseDate", p.license_type AS "licenseType", p.sbom, COALESCE((SELECT json_agg(json_build_object('id', e.id, 'name', e.name, 'type', e.type, 'verified', e.verified, 'status', e.status, 'signer', e.signer, 'timestamp', e.timestamp, 'hash', e.hash, 'engineId', e.engine_id, 'verificationFailureReason', e.verification_failure_reason) ORDER BY e.timestamp DESC) FROM evidence_items e WHERE e.tenant_id=p.tenant_id AND e.asset_id=p.id), '[]'::json) AS evidence, COALESCE((SELECT json_agg(json_build_object('id', f.id, 'findingId', f.id, 'severity', f.severity, 'category', f.category, 'title', f.title, 'description', f.description, 'component', f.component, 'fixedVersion', f.fixed_version, 'status', f.status, 'detectedAt', f.detected_at, 'engineId', f.engine_id) ORDER BY f.detected_at DESC) FROM scan_findings f WHERE f.tenant_id=p.tenant_id AND f.asset_id=p.id), '[]'::json) AS vulnerabilities, p.timeline, NULL AS scores, 'not_authoritatively_scored' AS "scoreStatus" FROM passports p WHERE p.tenant_id=${req.user!.tenantId} ORDER BY p.name ASC`);[39m
[31m+       return res.json((result as any).rows || []);[39m
[31m+     } catch (error) {[39m
[31m+       return next(error);[39m
[31m+     }[39m
[31m+   });[39m
[31m+[39m
[31m+   router.get('/user/extensions', requireAuth, async (req: AuthenticatedRequest, res, next) => {[39m
[31m+     try {[39m
[31m+       const db = req.db!;[39m
[31m+       const result = await db.execute(sql`SELECT extension_id AS "extensionId", installed_at AS "installedAt" FROM extension_installations WHERE tenant_id=${req.user!.tenantId} ORDER BY installed_at DESC`);[39m
[31m+       return res.json((result as any).rows || []);[39m
[31m+     } catch (error) {[39m
[31m+       return next(error);[39m
[31m+     }[39m
[31m+   });[39m
[31m+[39m
[31m+   router.post('/user/extensions/:extensionId', requireAuth, requireRole(['Owner', 'Admin', 'Operator']), async (req: AuthenticatedRequest, res, next) => {[39m
[31m+     try {[39m
[31m+       const extensionId = String(req.params.extensionId || '').trim();[39m
[31m+       if (!/^[A-Za-z0-9_.-]{1,120}$/.test(extensionId)) return res.status(400).json({ error: 'Invalid extension id' });[39m
[31m+       const db = req.db!;[39m
[31m+       const result = await db.execute(sql`INSERT INTO extension_installations (tenant_id, extension_id, installed_at) VALUES (${req.user!.tenantId}, ${extensionId}, NOW()) ON CONFLICT (tenant_id, extension_id) DO UPDATE SET installed_at=NOW() RETURNING extension_id AS "extensionId", installed_at AS "installedAt"`);[39m
[31m+       return res.status(201).json((result as any).rows?.[0]);[39m
[31m+     } catch (error) {[39m
[31m+       return next(error);[39m
[31m+     }[39m
[31m+   });[39m
[31m+[39m
[31m+   router.delete('/user/extensions/:extensionId', requireAuth, requireRole(['Owner', 'Admin', 'Operator']), async (req: AuthenticatedRequest, res, next) => {[39m
[31m+     try {[39m
[31m+       const db = req.db!;[39m
[31m+       const extensionId = String(req.params.extensionId || '').trim();[39m
[31m+       const result = await db.execute(sql`DELETE FROM extension_installations WHERE tenant_id=${req.user!.tenantId} AND extension_id=${extensionId} RETURNING extension_id`);[39m
[31m+       if (!((result as any).rows?.length)) return res.status(404).json({ error: 'Extension installation not found' });[39m
[31m+       return res.status(204).send();[39m
[31m+     } catch (error) {[39m
[31m+       return next(error);[39m
[31m+     }[39m
[31m+   });[39m
[31m+[39m
[31m+   router.get('/auth/verify-status', requireAuth, async (req: AuthenticatedRequest, res) => {[39m
[31m+     return res.json({ verified: req.user!.emailVerified, emailVerified: req.user!.emailVerified });[39m
[31m+   });[39m
[31m+[39m
[31m+[39m
[31m+[39m
[31m+   router.get('/user/passports/:id/verification', requireAuth, async (req: AuthenticatedRequest, res, next) => {[39m
[31m+     try {[39m
[31m+       const db = req.db!;[39m
[31m+       const tenantId = req.user!.tenantId;[39m
[31m+       const clientScope = req.user!.role === 'Client' ? (req.user as any).clientId : null;[39m
[31m+       const passportResult = await db.execute(sql`SELECT id, version, evidence, client_id AS "clientId" FROM passports WHERE id=${req.params.id} AND tenant_id=${tenantId} AND (${clientScope} IS NULL OR client_id=${clientScope}) LIMIT 1`) as any;[39m
[31m+       const passport = passportResult.rows?.[0];[39m
[31m+       if (!passport) return res.status(404).json({ error: 'Passport not found' });[39m
[31m+       const findingResult = await db.execute(sql`SELECT id, passport_id AS "passportId", evidence_ids, status FROM trust_findings WHERE tenant_id=${tenantId} AND passport_id=${passport.id}`) as any;[39m
[31m+       const parseJson = (value: unknown): unknown[] => { try { const parsed = JSON.parse(String(value ?? '')); return Array.isArray(parsed) ? parsed : []; } catch { return []; } };[39m
[31m+       const openFindingEvidenceIds = (findingResult.rows ?? []).filter((row: any) => !['resolved','closed','verified'].includes(String(row.status || '').toLowerCase())).flatMap((row: any) => parseJson(row.evidence_ids)).filter((id: any): id is string => typeof id === 'string');[39m
[31m+       const adapted = adaptEvidenceForEvaluation({ evidence: parseJson(passport.evidence) as any[], passportVersion: passport.version, openFindingEvidenceIds });[39m
[31m+       const evaluatedAt = Date.now();[39m
[31m+       const decision = evaluateVerification({ evidence: adapted.evidence, evaluatedAt, targetIdentity: adapted.targetIdentity });[39m
[31m+       res.setHeader('Cache-Control', 'private, max-age=0, no-store');[39m
[31m+       return res.json({ decision, observations: decision.observationCount, independentSources: decision.independentSourceCount });[39m
[31m+     } catch (error) { return next(error); }[39m
[31m+   });[39m
[31m+[39m
[31m+   router.get('/user/verification', requireAuth, async (req: AuthenticatedRequest, res, next) => {[39m
[31m+     try {[39m
[31m+       const db = req.db!;[39m
[31m+       const tenantId = req.user!.tenantId;[39m
[31m+       const clientScope = req.user!.role === 'Client' ? (req.user as any).clientId : null;[39m
[31m+       const passportRows = (await db.execute(sql`SELECT id, version, evidence, client_id AS "clientId" FROM passports WHERE tenant_id=${tenantId} AND (${clientScope} IS NULL OR client_id=${clientScope}) ORDER BY id`) as any).rows ?? [];[39m
[31m+       const passportIds = passportRows.map((row: any) => String(row.id));[39m
[31m+       const parseJson = (value: unknown): unknown[] => { try { const parsed = JSON.parse(String(value ?? '')); return Array.isArray(parsed) ? parsed : []; } catch { return []; } };[39m
[31m+       // Drizzle's proven one-query binding shape for the passport findings is[39m
[31m+       // `asset_id IN ${passportIds}`; do not replace this with ANY(array).[39m
[31m+       const findingRows = passportIds.length ? ((await db.execute(sql`SELECT id, passport_id AS "passportId", evidence_ids, status FROM trust_findings WHERE tenant_id=${tenantId} AND passport_id IN ${passportIds}`) as any).rows ?? []) : [];[39m
[31m+       const evidenceByPassport = new Map<string, any[]>();[39m
[31m+       for (const passport of passportRows) evidenceByPassport.set(String(passport.id), parseJson(passport.evidence) as any[]);[39m
[31m+       const evaluatedAt = Date.now();[39m
[31m+       const verificationDecisions: Record<string, VerificationDecision> = {};[39m
[31m+       const verificationDetails: Record<string, unknown> = {};[39m
[31m+       for (const passport of passportRows) {[39m
[31m+         const findings = findingRows.filter((row: any) => String(row.passportId) === String(passport.id));[39m
[31m+         const openFindingEvidenceIds = findings.filter((row: any) => !['resolved','closed','verified'].includes(String(row.status || '').toLowerCase())).flatMap((row: any) => parseJson(row.evidence_ids)).filter((id: any): id is string => typeof id === 'string');[39m
[31m+         const adapted = adaptEvidenceForEvaluation({ evidence: evidenceByPassport.get(String(passport.id)) ?? [], passportVersion: passport.version, openFindingEvidenceIds });[39m
[31m+         const decision = evaluateVerification({ evidence: adapted.evidence, evaluatedAt, targetIdentity: adapted.targetIdentity });[39m
[31m+         verificationDecisions[String(passport.id)] = decision;[39m
[31m+         verificationDetails[String(passport.id)] = { unmappedCount: adapted.unmappedCount, undatedCount: adapted.undatedCount, observations: decision.observationCount, independentSources: decision.independentSourceCount };[39m
[31m+       }[39m
[31m+       res.setHeader('Cache-Control', 'private, max-age=0, no-store');[39m
[31m+       return res.json({ verificationDecisions, verificationDetails });[39m
[31m+     } catch (error) { return next(error); }[39m
[31m+   });[39m
[31m+[39m
[31m+   return router;[39m
[31m+ }[39m
[31m+[39m

[36m [2m❯[22m tests/tenant-branding-contract.test.ts:[2m21:18[22m[39m
    [90m 19| [39m  it('validates brand color and logo shape server-side, not just in th…
    [90m 20| [39m    [35mconst[39m auth [33m=[39m [34mread[39m([32m'src/routes/auth.ts'[39m)[33m;[39m
    [90m 21| [39m    [34mexpect[39m(auth)[33m.[39m[34mtoContain[39m([32m'brandColor must be a #rrggbb hex color'[39m)[33m;[39m
    [90m   | [39m                 [31m^[39m
    [90m 22| [39m    expect(auth).toContain('logoDataUrl must be a base64 image data UR…
    [90m 23| [39m  })[33m;[39m

[31m[2m⎯⎯⎯⎯⎯⎯⎯⎯⎯⎯⎯⎯⎯⎯⎯⎯⎯⎯⎯⎯[126/141]⎯[22m[39m

[41m[1m FAIL [22m[49m tests/tenant-branding-contract.test.ts[2m > [22mpersistent white-label branding[2m > [22mReportsView pre-fills the white-label export from saved branding instead of leaving it blank every time
[31m[1mAssertionError[22m: expected 'import { useEffect, useMemo, useState…' to contain 'apiFetch(\'/api/organization/branding…'[39m

[32m- Expected[39m
[31m+ Received[39m

[32m- apiFetch('/api/organization/branding')[39m
[31m+ import { useEffect, useMemo, useState, type ChangeEvent } from 'react';[39m
[31m+ import { Copy, Download, FileJson, FileText, History, Package, Printer, RefreshCw, Share2, ShieldCheck, Upload, Users } from 'lucide-react';[39m
[31m+ import type { Alert, Client, Scan, SoftwarePassport } from '../types';[39m
[31m+ import { apiFetch } from '../utils/apiClient';[39m
[31m+ import { generateCoBrandedTrustReport, generatePassportEvidenceReport } from '../utils/pdfGenerator';[39m
[31m+[39m
[31m+ type ReportPayload = {[39m
[31m+   schemaVersion?: string;[39m
[31m+   reportType?: string;[39m
[31m+   generatedAt?: string;[39m
[31m+   passport?: { id?: string; name?: string };[39m
[31m+   risk?: { overall?: number | null; security?: number | null; compliance?: number | null };[39m
[31m+   evidenceQuality?: { completenessBasisPoints?: number; unknownDimensions?: number; latestObservationAt?: string | null };[39m
[31m+   findings?: unknown[];[39m
[31m+   evidence?: unknown[];[39m
[31m+   observations?: unknown[];[39m
[31m+   remediation?: unknown[];[39m
[31m+   verification?: unknown[];[39m
[31m+   traceability?: string;[39m
[31m+   limitations?: Array<{ evidenceId?: string; limitation?: string }>;[39m
[31m+   reportHash?: string;[39m
[31m+   sbom?: Array<{ name?: string; version?: string; license?: string; vulnerabilityCount?: number; criticalOrHighCount?: number }>;[39m
[31m+   controls?: Array<{ controlId?: string; findingCount?: number; openCount?: number; worstSeverity?: string }>;[39m
[31m+ };[39m
[31m+[39m
[31m+ type ReportSnapshot = {[39m
[31m+   id: string;[39m
[31m+   report_type: string;[39m
[31m+   generated_at: string;[39m
[31m+   score: number;[39m
[31m+   completeness_basis_points: number;[39m
[31m+   canonical_payload_hash: string;[39m
[31m+ };[39m
[31m+[39m
[31m+ type ShareInfo = { shareUrl: string; expiresAt: string; reportType: string };[39m
[31m+[39m
[31m+ const REPORT_TYPES: Array<{ value: string; label: string }> = [[39m
[31m+   { value: 'executive', label: 'Executive trust report' },[39m
[31m+   { value: 'technical', label: 'Technical / engineering' },[39m
[31m+   { value: 'compliance', label: 'Compliance (by control)' },[39m
[31m+   { value: 'sbom', label: 'SBOM report' },[39m
[31m+   { value: 'vendor', label: 'Vendor risk' },[39m
[31m+   { value: 'msp', label: 'MSP / client' },[39m
[31m+   { value: 'customer', label: 'Customer-facing' },[39m
[31m+   { value: 'auditor', label: 'Auditor' },[39m
[31m+   { value: 'evidence-ledger', label: 'Evidence ledger' },[39m
[31m+ ];[39m
[31m+[39m
[31m+ const SHARE_ROLES = new Set(['Owner', 'Admin', 'Operator']);[39m
[31m+[39m
[31m+ interface ReportsViewProps {[39m
[31m+   clients?: Client[];[39m
[31m+   passports?: SoftwarePassport[];[39m
[31m+   scans?: Scan[];[39m
[31m+   alerts?: Alert[];[39m
[31m+   findings?: unknown[];[39m
[31m+   role?: string;[39m
[31m+ }[39m
[31m+[39m
[31m+ function download(name: string, body: string, type: string) {[39m
[31m+   const url = URL.createObjectURL(new Blob([body], { type }));[39m
[31m+   const link = document.createElement('a');[39m
[31m+   link.href = url;[39m
[31m+   link.download = name;[39m
[31m+   document.body.appendChild(link);[39m
[31m+   link.click();[39m
[31m+   link.remove();[39m
[31m+   URL.revokeObjectURL(url);[39m
[31m+ }[39m
[31m+[39m
[31m+ function csvCell(value: unknown) {[39m
[31m+   return `"${String(value ?? '').replace(/"/g, '""')}"`;[39m
[31m+ }[39m
[31m+[39m
[31m+ function clientName(passport: SoftwarePassport, clients: Client[]) {[39m
[31m+   const clientId = String((passport as SoftwarePassport & { clientId?: string }).clientId || '');[39m
[31m+   return clients.find((client) => client.id === clientId)?.name || 'Unassigned client';[39m
[31m+ }[39m
[31m+[39m
[31m+ export default function ReportsView({ clients = [], passports = [], scans = [], alerts = [], findings = [], role = 'Viewer' }: ReportsViewProps) {[39m
[31m+   const [selectedPassportId, setSelectedPassportId] = useState(passports[0]?.id || '');[39m
[31m+   const [reportType, setReportType] = useState('executive');[39m
[31m+   const [report, setReport] = useState<ReportPayload | null>(null);[39m
[31m+   const [loading, setLoading] = useState(false);[39m
[31m+   const [message, setMessage] = useState('');[39m
[31m+   const [history, setHistory] = useState<ReportSnapshot[]>([]);[39m
[31m+   const [historyLoading, setHistoryLoading] = useState(false);[39m
[31m+   const [shareInfo, setShareInfo] = useState<ShareInfo | null>(null);[39m
[31m+   const [sharing, setSharing] = useState(false);[39m
[31m+   const [shareMessage, setShareMessage] = useState('');[39m
[31m+   const [exportClientIds, setExportClientIds] = useState<Set<string>>(new Set());[39m
[31m+[39m
[31m+   const [whiteLabelClientId, setWhiteLabelClientId] = useState(clients[0]?.id || '');[39m
[31m+   const [mspName, setMspName] = useState('');[39m
[31m+   const [brandColor, setBrandColor] = useState('#22d3ee');[39m
[31m+   const [reportTitle, setReportTitle] = useState('Software Trust & Compliance Ledger');[39m
[31m+   const [executiveSummary, setExecutiveSummary] = useState('');[39m
[31m+   const [logoBase64, setLogoBase64] = useState<string | undefined>(undefined);[39m
[31m+   const [sections, setSections] = useState({ summary: true, metrics: true, inventory: true, compliance: true, signatures: true });[39m
[31m+[39m
[31m+   const canShare = SHARE_ROLES.has(role);[39m
[31m+[39m
[31m+   useEffect(() => {[39m
[31m+     if (!passports.some((passport) => passport.id === selectedPassportId)) {[39m
[31m+       setSelectedPassportId(passports[0]?.id || '');[39m
[31m+     }[39m
[31m+   }, [passports, selectedPassportId]);[39m
[31m+[39m
[31m+   useEffect(() => {[39m
[31m+     if (!clients.some((client) => client.id === whiteLabelClientId)) {[39m
[31m+       setWhiteLabelClientId(clients[0]?.id || '');[39m
[31m+     }[39m
[31m+   }, [clients, whiteLabelClientId]);[39m
[31m+[39m
[31m+   useEffect(() => {[39m
[31m+     setReport(null);[39m
[31m+     setHistory([]);[39m
[31m+     setShareInfo(null);[39m
[31m+     setShareMessage('');[39m
[31m+     setMessage('');[39m
[31m+   }, [selectedPassportId, reportType]);[39m
[31m+[39m
[31m+   const selectedPassport = passports.find((passport) => passport.id === selectedPassportId);[39m
[31m+   const evidenceCount = passports.reduce((total, passport) => total + passport.evidence.length, 0);[39m
[31m+   const vulnerabilityCount = passports.reduce((total, passport) => total + passport.vulnerabilities.length, 0);[39m
[31m+   const findingCount = findings.length;[39m
[31m+[39m
[31m+   const loadHistory = async (passportId: string) => {[39m
[31m+     setHistoryLoading(true);[39m
[31m+     try {[39m
[31m+       const response = await apiFetch(`/api/trust-loop/reports/${encodeURIComponent(passportId)}/history?type=${encodeURIComponent(reportType)}`);[39m
[31m+       const payload = await response.json().catch(() => null);[39m
[31m+       if (response.ok) setHistory(Array.isArray(payload?.snapshots) ? payload.snapshots : []);[39m
[31m+     } finally {[39m
[31m+       setHistoryLoading(false);[39m
[31m+     }[39m
[31m+   };[39m
[31m+[39m
[31m+   const loadReport = async () => {[39m
[31m+     if (!selectedPassport) return;[39m
[31m+     setLoading(true);[39m
[31m+     setMessage('');[39m
[31m+     try {[39m
[31m+       const response = await apiFetch(`/api/trust-loop/reports/${encodeURIComponent(selectedPassport.id)}?type=${encodeURIComponent(reportType)}`);[39m
[31m+       const payload = await response.json().catch(() => null);[39m
[31m+       if (!response.ok) throw new Error(String(payload?.error || `Report request failed (${response.status})`));[39m
[31m+       setReport(payload as ReportPayload);[39m
[31m+       setMessage('Authoritative report loaded from the tenant-scoped trust report endpoint.');[39m
[31m+       void loadHistory(selectedPassport.id);[39m
[31m+     } catch (error) {[39m
[31m+       setReport(null);[39m
[31m+       setMessage(error instanceof Error ? error.message : 'Unable to load the report.');[39m
[31m+     } finally {[39m
[31m+       setLoading(false);[39m
[31m+     }[39m
[31m+   };[39m
[31m+[39m
[31m+   const loadSnapshot = async (snapshotId: string) => {[39m
[31m+     if (!selectedPassport) return;[39m
[31m+     setLoading(true);[39m
[31m+     setMessage('');[39m
[31m+     try {[39m
[31m+       const response = await apiFetch(`/api/trust-loop/reports/${encodeURIComponent(selectedPassport.id)}/history/${encodeURIComponent(snapshotId)}`);[39m
[31m+       const payload = await response.json().catch(() => null);[39m
[31m+       if (!response.ok) throw new Error(String(payload?.error || `Snapshot request failed (${response.status})`));[39m
[31m+       setReport(payload as ReportPayload);[39m
[31m+       setMessage('Loaded a historical snapshot of this report. Re-run "Load report" for the current state.');[39m
[31m+     } catch (error) {[39m
[31m+       setMessage(error instanceof Error ? error.message : 'Unable to load that snapshot.');[39m
[31m+     } finally {[39m
[31m+       setLoading(false);[39m
[31m+     }[39m
[31m+   };[39m
[31m+[39m
[31m+   const createShareLink = async () => {[39m
[31m+     if (!selectedPassport) return;[39m
[31m+     setSharing(true);[39m
[31m+     setShareMessage('');[39m
[31m+     try {[39m
[31m+       const response = await apiFetch(`/api/public/v1/reports/${encodeURIComponent(selectedPassport.id)}/token`, {[39m
[31m+         method: 'POST',[39m
[31m+         headers: { 'Content-Type': 'application/json' },[39m
[31m+         body: JSON.stringify({ type: reportType }),[39m
[31m+       });[39m
[31m+       const payload = await response.json().catch(() => null);[39m
[31m+       if (!response.ok) throw new Error(String(payload?.error || `Share link request failed (${response.status})`));[39m
[31m+       setShareInfo({ shareUrl: payload.shareUrl, expiresAt: payload.expiresAt, reportType: payload.reportType });[39m
[31m+     } catch (error) {[39m
[31m+       setShareInfo(null);[39m
[31m+       setShareMessage(error instanceof Error ? error.message : 'Unable to create a share link.');[39m
[31m+     } finally {[39m
[31m+       setSharing(false);[39m
[31m+     }[39m
[31m+   };[39m
[31m+[39m
[31m+   const copyShareLink = async () => {[39m
[31m+     if (!shareInfo) return;[39m
[31m+     try {[39m
[31m+       await navigator.clipboard.writeText(shareInfo.shareUrl);[39m
[31m+       setShareMessage('Share link copied to clipboard.');[39m
[31m+     } catch {[39m
[31m+       setShareMessage('Copy failed — select and copy the link manually.');[39m
[31m+     }[39m
[31m+   };[39m
[31m+[39m
[31m+   const downloadPdf = () => {[39m
[31m+     if (!selectedPassport) return;[39m
[31m+     generatePassportEvidenceReport(selectedPassport, 'SPR Reports Center', '#22d3ee');[39m
[31m+   };[39m
[31m+[39m
[31m+   const exportReportJson = () => {[39m
[31m+     if (!report || !selectedPassport) return;[39m
[31m+     download(`spr-report-${selectedPassport.id}-${reportType}.json`, JSON.stringify(report, null, 2), 'application/json');[39m
[31m+   };[39m
[31m+[39m
[31m+   const exportRegistryCsv = () => {[39m
[31m+     const clientFilter = exportClientIds.size > 0 ? exportClientIds : null;[39m
[31m+     const passportInScope = (passport: SoftwarePassport) => !clientFilter || clientFilter.has(String((passport as SoftwarePassport & { clientId?: string }).clientId || ''));[39m
[31m+     const scopedPassports = passports.filter(passportInScope);[39m
[31m+     const scopedClients = clientFilter ? clients.filter((client) => clientFilter.has(client.id)) : clients;[39m
[31m+     const rows = [[39m
[31m+       ['recordType', 'id', 'name', 'version', 'client', 'status', 'severity', 'observedAt'],[39m
[31m+       ...scopedPassports.map((passport) => ['passport', passport.id, passport.name, passport.version, clientName(passport, clients), 'registered', '', passport.releaseDate]),[39m
[31m+       ...scopedPassports.flatMap((passport) => passport.evidence.map((item: any) => ['evidence', item.id, item.name, '', clientName(passport, clients), item.status || item.verificationStatus, '', item.timestamp])),[39m
[31m+       ...scopedPassports.flatMap((passport) => passport.vulnerabilities.map((item: any) => ['vulnerability', item.id, item.title || item.id, item.component || '', clientName(passport, clients), item.status, item.severity, item.detectedAt || item.publishedDate])),[39m
[31m+       ...findings.filter((finding: any) => !clientFilter || clientFilter.has(String(finding.client_id || ''))).map((finding: any) => ['finding', finding.id, finding.title || finding.control_id, '', clients.find((client) => client.id === String(finding.client_id || ''))?.name || 'Unassigned client', finding.status, finding.severity, finding.updated_at]),[39m
[31m+       ...scans.filter((scan) => !clientFilter || scopedClients.some((client) => client.name === scan.clientName)).map((scan) => ['scan', scan.id, scan.targetName, '', scan.clientName, scan.status, '', scan.timestamp]),[39m
[31m+       ...alerts.filter((alert) => !clientFilter || scopedClients.some((client) => client.name === alert.clientName)).map((alert) => ['alert', alert.id, alert.title, '', alert.clientName, alert.status, alert.severity, alert.timestamp]),[39m
[31m+     ];[39m
[31m+     const suffix = clientFilter ? `-${scopedClients.length}-clients` : '';[39m
[31m+     download(`spr-registry-records${suffix}.csv`, rows.map((row) => row.map(csvCell).join(',')).join('\n'), 'text/csv;charset=utf-8');[39m
[31m+   };[39m
[31m+[39m
[31m+   const toggleExportClient = (clientId: string) => {[39m
[31m+     setExportClientIds((current) => { const next = new Set(current); if (next.has(clientId)) next.delete(clientId); else next.add(clientId); return next; });[39m
[31m+   };[39m
[31m+[39m
[31m+   const handleLogoUpload = (event: ChangeEvent<HTMLInputElement>) => {[39m
[31m+     const file = event.target.files?.[0];[39m
[31m+     if (!file) return;[39m
[31m+     const reader = new FileReader();[39m
[31m+     reader.onload = () => setLogoBase64(typeof reader.result === 'string' ? reader.result : undefined);[39m
[31m+     reader.readAsDataURL(file);[39m
[31m+   };[39m
[31m+[39m
[31m+   const generateWhiteLabelReport = () => {[39m
[31m+     const client = clients.find((item) => item.id === whiteLabelClientId);[39m
[31m+     if (!client || !mspName.trim()) return;[39m
[31m+     generateCoBrandedTrustReport(client, mspName.trim(), brandColor, reportTitle, 0, executiveSummary, logoBase64, sections.summary, sections.metrics, sections.inventory, sections.compliance, sections.signatures);[39m
[31m+   };[39m
[31m+[39m
[31m+   const reportText = useMemo(() => {[39m
[31m+     if (!report) return '';[39m
[31m+     return [[39m
[31m+       `SPR ${report.reportType || reportType} report: ${report.passport?.name || selectedPassport?.name || 'Passport'}`,[39m
[31m+       `Generated: ${report.generatedAt || 'unknown'}`,[39m
[31m+       `Report hash: ${report.reportHash || 'not returned'}`,[39m
[31m+       `Evidence records: ${report.evidence?.length ?? 0}`,[39m
[31m+       `Findings: ${report.findings?.length ?? 0}`,[39m
[31m+       `Observations: ${report.observations?.length ?? 0}`,[39m
[31m+       `Remediation records: ${report.remediation?.length ?? 0}`,[39m
[31m+       `Traceability: ${report.traceability || 'not returned'}`,[39m
[31m+       ...(report.limitations || []).map((item) => `Limitation (${item.evidenceId || 'evidence'}): ${item.limitation || 'not specified'}`),[39m
[31m+     ].join('\n');[39m
[31m+   }, [report, selectedPassport, reportType]);[39m
[31m+[39m
[31m+   return ([39m
[31m+     <section aria-labelledby="reports-title">[39m
[31m+       <div className="mb-4 flex flex-wrap items-center justify-between gap-3">[39m
[31m+         <div>[39m
[31m+           <h1 id="reports-title" className="text-[22px] font-semibold text-[#201f1e]">Reports center</h1>[39m
[31m+           <p className="mt-1 text-[13px] text-[#605e5c]">Evidence-backed exports and reports loaded from this tenant's existing APIs.</p>[39m
[31m+         </div>[39m
[31m+         <button onClick={() => window.print()} className="inline-flex h-8 items-center gap-1.5 rounded border border-[#c8c6c4] px-3 text-[13px] font-medium text-[#323130] hover:bg-black/[.03]"><Printer size={14} /> Print / save PDF</button>[39m
[31m+       </div>[39m
[31m+[39m
[31m+       <details className="mb-4 rounded-md border border-[#e1dfdd] bg-[#faf9f8] text-[13px]">[39m
[31m+         <summary className="cursor-pointer select-none px-3 py-2 font-medium text-[#323130]">ⓘ What is this? · How it works</summary>[39m
[31m+         <div className="px-3 pb-3 text-[#605e5c]">[39m
[31m+           <p>Exports contain only records loaded from this tenant's existing APIs. No trust score, compliance claim, or finding is inferred in this view.</p>[39m
[31m+           <ol className="mt-1.5 list-decimal space-y-0.5 pl-4">[39m
[31m+             <li>Export a registry CSV, or select a passport and report type to load a server-generated report.</li>[39m
[31m+             <li>Download the loaded report as JSON/PDF, or create a signed, expiring share link.</li>[39m
[31m+             <li>Optionally generate a co-branded white-label PDF for one client.</li>[39m
[31m+           </ol>[39m
[31m+         </div>[39m
[31m+       </details>[39m
[31m+[39m
[31m+       <div className="mb-4 flex flex-wrap gap-6 rounded-md border border-[#e1dfdd] bg-white p-3">[39m
[31m+         {[[39m
[31m+           ['Clients', clients.length, 'Persisted client records'],[39m
[31m+           ['Passports', passports.length, 'Registered software identity'],[39m
[31m+           ['Evidence', evidenceCount, 'Nested passport evidence'],[39m
[31m+           ['Findings / vulnerabilities', findingCount + vulnerabilityCount, 'Loaded finding and vulnerability records'],[39m
[31m+         ].map(([label, value, detail]) => ([39m
[31m+           <div key={String(label)}>[39m
[31m+             <div className="text-[11px] text-[#605e5c]">{label}</div>[39m
[31m+             <div className="text-lg font-semibold text-[#201f1e]">{value}</div>[39m
[31m+             <div className="text-[11px] text-[#8a8886]">{detail}</div>[39m
[31m+           </div>[39m
[31m+         ))}[39m
[31m+       </div>[39m
[31m+[39m
[31m+       <div className="mb-4 grid gap-4 xl:grid-cols-[1.1fr_.9fr]">[39m
[31m+         <div className="rounded-md border border-[#e1dfdd] bg-white p-4">[39m
[31m+           <div className="flex items-center gap-1.5"><ShieldCheck size={16} className="text-[#605e5c]" /><h2 className="text-[14px] font-semibold text-[#201f1e]">Tenant registry exports</h2></div>[39m
[31m+           <p className="mt-1 text-[13px] text-[#605e5c]">CSV includes the loaded client, passport, evidence, vulnerability, finding, scan, and alert records.</p>[39m
[31m+           {clients.length > 0 && ([39m
[31m+             <div className="mt-3 flex flex-wrap items-center gap-2">[39m
[31m+               <Users size={13} className="text-[#8a8886]" />[39m
[31m+               <span className="text-[12px] text-[#605e5c]">{exportClientIds.size === 0 ? 'All clients' : `${exportClientIds.size} of ${clients.length} clients selected`}</span>[39m
[31m+               <div className="flex flex-wrap gap-1.5">[39m
[31m+                 {clients.map((client) => ([39m
[31m+                   <button key={client.id} onClick={() => toggleExportClient(client.id)} className={`rounded-full border px-2 py-0.5 text-[11px] font-medium ${exportClientIds.has(client.id) ? 'border-[#0f6cbd] bg-[#eff6fc] text-[#0f6cbd]' : 'border-[#c8c6c4] bg-white text-[#605e5c]'}`}>{client.name}</button>[39m
[31m+                 ))}[39m
[31m+               </div>[39m
[31m+             </div>[39m
[31m+           )}[39m
[31m+           <div className="mt-3 flex flex-wrap gap-2">[39m
[31m+             <button onClick={exportRegistryCsv} disabled={!passports.length && !clients.length} className="inline-flex h-8 items-center gap-1.5 rounded bg-[#0f6cbd] px-3 text-[13px] font-medium text-white hover:bg-[#004578] disabled:cursor-not-allowed disabled:opacity-40"><Download size={14} /> Export registry CSV</button>[39m
[31m+           </div>[39m
[31m+           <div className="mt-4 border-t border-[#e1dfdd] pt-4">[39m
[31m+             <h3 className="text-[13px] font-semibold text-[#201f1e]">Server report snapshot</h3>[39m
[31m+             <p className="mt-1 text-[12px] leading-5 text-[#605e5c]">Loads <code className="rounded bg-[#f3f2f1] px-1 py-0.5">/api/trust-loop/reports/:passportId</code>, which returns persisted findings, evidence, observations, remediation, verification, limitations, and a report hash.</p>[39m
[31m+             <div className="mt-3 flex flex-col gap-2 sm:flex-row">[39m
[31m+               <select value={selectedPassportId} onChange={(event) => setSelectedPassportId(event.target.value)} className="h-9 min-w-0 flex-1 rounded border border-[#c8c6c4] bg-white px-3 text-[13px] text-[#201f1e] focus:border-[#0f6cbd] focus:ring-1 focus:ring-[#0f6cbd]">[39m
[31m+                 {!passports.length && <option value="">No passports loaded</option>}[39m
[31m+                 {passports.map((passport) => <option key={passport.id} value={passport.id}>{passport.name} · {passport.version}</option>)}[39m
[31m+               </select>[39m
[31m+               <select value={reportType} onChange={(event) => setReportType(event.target.value)} className="h-9 min-w-0 flex-1 rounded border border-[#c8c6c4] bg-white px-3 text-[13px] text-[#201f1e] focus:border-[#0f6cbd] focus:ring-1 focus:ring-[#0f6cbd]">[39m
[31m+                 {REPORT_TYPES.map((type) => <option key={type.value} value={type.value}>{type.label}</option>)}[39m
[31m+               </select>[39m
[31m+               <button onClick={() => void loadReport()} disabled={!selectedPassport || loading} className="inline-flex h-9 items-center justify-center gap-1.5 whitespace-nowrap rounded border border-[#0f6cbd] bg-[#eff6fc] px-3 text-[13px] font-medium text-[#0f6cbd] disabled:cursor-not-allowed disabled:opacity-40"><RefreshCw size={14} className={loading ? 'animate-spin' : ''} /> {loading ? 'Loading…' : 'Load report'}</button>[39m
[31m+             </div>[39m
[31m+             {message && <p className="mt-2 text-[12px] text-[#605e5c]" role="status">{message}</p>}[39m
[31m+           </div>[39m
[31m+[39m
[31m+           <div className="mt-4 border-t border-[#e1dfdd] pt-4">[39m
[31m+             <div className="flex items-center gap-1.5"><History size={14} className="text-[#605e5c]" /><h3 className="text-[13px] font-semibold text-[#201f1e]">Report history</h3></div>[39m
[31m+             <p className="mt-1 text-[12px] leading-5 text-[#605e5c]">Every generated report is hashed and versioned. Load a passport report above to populate history for the selected type.</p>[39m
[31m+             {historyLoading && <p className="mt-2 text-[12px] text-[#605e5c]">Loading history…</p>}[39m
[31m+             {!historyLoading && history.length === 0 && <p className="mt-2 text-[12px] text-[#605e5c]">No prior snapshots for this passport and report type yet.</p>}[39m
[31m+             {history.length > 0 && ([39m
[31m+               <ul className="mt-2 max-h-48 space-y-1.5 overflow-auto pr-1">[39m
[31m+                 {history.map((snapshot) => ([39m
[31m+                   <li key={snapshot.id}>[39m
[31m+                     <button onClick={() => void loadSnapshot(snapshot.id)} className="w-full rounded border border-[#e1dfdd] bg-[#faf9f8] px-3 py-2 text-left text-[12px] text-[#323130] hover:border-[#0f6cbd] hover:bg-[#eff6fc]">[39m
[31m+                       <div className="flex items-center justify-between gap-2">[39m
[31m+                         <span>{new Date(snapshot.generated_at).toLocaleString()}</span>[39m
[31m+                         <span className="text-[#605e5c]">score {snapshot.score}</span>[39m
[31m+                       </div>[39m
[31m+                       <div className="mt-0.5 truncate font-mono text-[11px] text-[#8a8886]">{snapshot.canonical_payload_hash}</div>[39m
[31m+                     </button>[39m
[31m+                   </li>[39m
[31m+                 ))}[39m
[31m+               </ul>[39m
[31m+             )}[39m
[31m+           </div>[39m
[31m+         </div>[39m
[31m+[39m
[31m+         <div className="rounded-md border border-[#e1dfdd] bg-white p-4">[39m
[31m+           <h2 className="text-[14px] font-semibold text-[#201f1e]">Download loaded report</h2>[39m
[31m+           <p className="mt-1 text-[13px] text-[#605e5c]">JSON is the exact server response. PDF is generated client-side from the loaded passport's SBOM, evidence, and timeline.</p>[39m
[31m+           <div className="mt-3 flex flex-wrap gap-2">[39m
[31m+             <button onClick={exportReportJson} disabled={!report} className="inline-flex h-8 items-center gap-1.5 rounded border border-[#c8c6c4] px-3 text-[13px] font-medium text-[#323130] hover:bg-black/[.03] disabled:cursor-not-allowed disabled:opacity-40"><FileJson size={14} /> Export JSON</button>[39m
[31m+             <button onClick={downloadPdf} disabled={!selectedPassport} className="inline-flex h-8 items-center gap-1.5 rounded border border-[#c8c6c4] px-3 text-[13px] font-medium text-[#323130] hover:bg-black/[.03] disabled:cursor-not-allowed disabled:opacity-40"><FileText size={14} /> Download PDF</button>[39m
[31m+           </div>[39m
[31m+[39m
[31m+           <div className="mt-4 border-t border-[#e1dfdd] pt-4">[39m
[31m+             <div className="flex items-center gap-1.5"><Share2 size={14} className="text-[#605e5c]" /><h3 className="text-[13px] font-semibold text-[#201f1e]">Shareable link</h3></div>[39m
[31m+             <p className="mt-1 text-[12px] leading-5 text-[#605e5c]">[39m
[31m+               {canShare[39m
[31m+                 ? 'Creates a signed, tenant-scoped link that expires in 7 days. Anyone with the link sees a redacted, evidence-backed summary — no internal remediation or verification detail.'[39m
[31m+                 : `Your ${role} role cannot create share links. Owner, Admin, or Operator is required.`}[39m
[31m+             </p>[39m
[31m+             <div className="mt-2 flex flex-wrap items-center gap-2">[39m
[31m+               <button onClick={() => void createShareLink()} disabled={!canShare || !selectedPassport || sharing} className="inline-flex h-8 items-center gap-1.5 rounded border border-[#c8c6c4] px-3 text-[13px] font-medium text-[#323130] hover:bg-black/[.03] disabled:cursor-not-allowed disabled:opacity-40">[39m
[31m+                 <Share2 size={14} className={sharing ? 'animate-pulse' : ''} /> {sharing ? 'Creating…' : 'Create share link'}[39m
[31m+               </button>[39m
[31m+               {shareInfo && ([39m
[31m+                 <button onClick={() => void copyShareLink()} className="inline-flex h-8 items-center gap-1.5 rounded border border-[#0f6cbd] bg-[#eff6fc] px-2.5 text-[12px] font-medium text-[#0f6cbd]"><Copy size={13} /> Copy link</button>[39m
[31m+               )}[39m
[31m+             </div>[39m
[31m+             {shareInfo && ([39m
[31m+               <div className="mt-2 rounded border border-[#e1dfdd] bg-[#faf9f8] p-2.5 text-[12px] text-[#605e5c]">[39m
[31m+                 <div className="truncate font-mono text-[#323130]">{shareInfo.shareUrl}</div>[39m
[31m+                 <div className="mt-0.5 text-[#8a8886]">Expires {new Date(shareInfo.expiresAt).toLocaleString()}</div>[39m
[31m+               </div>[39m
[31m+             )}[39m
[31m+             {shareMessage && <p className="mt-1.5 text-[12px] text-[#605e5c]" role="status">{shareMessage}</p>}[39m
[31m+           </div>[39m
[31m+[39m
[31m+           <pre className="mt-4 max-h-64 overflow-auto rounded-md border border-[#e1dfdd] bg-[#faf9f8] p-3 text-[12px] leading-5 text-[#605e5c] whitespace-pre-wrap">{reportText || 'Load a passport report to preview its persisted traceability and limitations.'}</pre>[39m
[31m+         </div>[39m
[31m+       </div>[39m
[31m+[39m
[31m+       {report?.sbom && ([39m
[31m+         <div className="mb-4 rounded-md border border-[#e1dfdd] bg-white p-4">[39m
[31m+           <div className="flex items-center gap-1.5"><Package size={16} className="text-[#605e5c]" /><h2 className="text-[14px] font-semibold text-[#201f1e]">SBOM components</h2></div>[39m
[31m+           <p className="mt-1 text-[13px] text-[#605e5c]">Each component is cross-referenced against this passport's recorded vulnerabilities by name.</p>[39m
[31m+           <div className="mt-3 overflow-auto">[39m
[31m+             <table className="w-full min-w-[560px] text-left text-[13px]">[39m
[31m+               <thead className="border-b border-[#e1dfdd] text-[11px] uppercase tracking-wide text-[#605e5c]"><tr><th className="px-3 py-2">Component</th><th className="px-3 py-2">Version</th><th className="px-3 py-2">License</th><th className="px-3 py-2">Vulnerabilities</th><th className="px-3 py-2">Critical/High</th></tr></thead>[39m
[31m+               <tbody>[39m
[31m+                 {report.sbom.length === 0 && <tr><td colSpan={5} className="px-3 py-2.5 text-[#605e5c]">No SBOM components recorded for this passport.</td></tr>}[39m
[31m+                 {report.sbom.map((component, index) => ([39m
[31m+                   <tr key={`${component.name}-${index}`} className="border-b border-[#f3f2f1] hover:bg-black/[.02]">[39m
[31m+                     <td className="px-3 py-2.5 text-[#201f1e]">{component.name || '—'}</td>[39m
[31m+                     <td className="px-3 py-2.5 text-[#605e5c]">{component.version || '—'}</td>[39m
[31m+                     <td className="px-3 py-2.5 text-[#605e5c]">{component.license || '—'}</td>[39m
[31m+                     <td className="px-3 py-2.5 text-[#605e5c]">{component.vulnerabilityCount ?? 0}</td>[39m
[31m+                     <td className="px-3 py-2.5 text-[#605e5c]">{component.criticalOrHighCount ?? 0}</td>[39m
[31m+                   </tr>[39m
[31m+                 ))}[39m
[31m+               </tbody>[39m
[31m+             </table>[39m
[31m+           </div>[39m
[31m+         </div>[39m
[31m+       )}[39m
[31m+[39m
[31m+       {report?.controls && ([39m
[31m+         <div className="mb-4 rounded-md border border-[#e1dfdd] bg-white p-4">[39m
[31m+           <div className="flex items-center gap-1.5"><ShieldCheck size={16} className="text-[#605e5c]" /><h2 className="text-[14px] font-semibold text-[#201f1e]">Findings by control</h2></div>[39m
[31m+           <p className="mt-1 text-[13px] text-[#605e5c]">Open trust findings grouped by control ID, worst-observed severity first.</p>[39m
[31m+           <div className="mt-3 overflow-auto">[39m
[31m+             <table className="w-full min-w-[480px] text-left text-[13px]">[39m
[31m+               <thead className="border-b border-[#e1dfdd] text-[11px] uppercase tracking-wide text-[#605e5c]"><tr><th className="px-3 py-2">Control</th><th className="px-3 py-2">Findings</th><th className="px-3 py-2">Open</th><th className="px-3 py-2">Worst severity</th></tr></thead>[39m
[31m+               <tbody>[39m
[31m+                 {report.controls.length === 0 && <tr><td colSpan={4} className="px-3 py-2.5 text-[#605e5c]">No control-mapped findings for this passport.</td></tr>}[39m
[31m+                 {report.controls.map((control) => ([39m
[31m+                   <tr key={control.controlId} className="border-b border-[#f3f2f1] hover:bg-black/[.02]">[39m
[31m+                     <td className="px-3 py-2.5 font-mono text-[#201f1e]">{control.controlId || '—'}</td>[39m
[31m+                     <td className="px-3 py-2.5 text-[#605e5c]">{control.findingCount ?? 0}</td>[39m
[31m+                     <td className="px-3 py-2.5 text-[#605e5c]">{control.openCount ?? 0}</td>[39m
[31m+                     <td className="px-3 py-2.5 capitalize text-[#605e5c]">{control.worstSeverity || '—'}</td>[39m
[31m+                   </tr>[39m
[31m+                 ))}[39m
[31m+               </tbody>[39m
[31m+             </table>[39m
[31m+           </div>[39m
[31m+         </div>[39m
[31m+       )}[39m
[31m+[39m
[31m+       {clients.length > 0 && ([39m
[31m+         <div className="mb-4 rounded-md border border-[#e1dfdd] bg-white p-4">[39m
[31m+           <h2 className="text-[14px] font-semibold text-[#201f1e]">White-label client report</h2>[39m
[31m+           <p className="mt-1 text-[13px] text-[#605e5c]">Generates a co-branded PDF for one client using your MSP name, logo, and brand color. Runs entirely in the browser from already-loaded client data.</p>[39m
[31m+           <div className="mt-3 grid gap-3 lg:grid-cols-2">[39m
[31m+             <div className="space-y-2">[39m
[31m+               <select value={whiteLabelClientId} onChange={(event) => setWhiteLabelClientId(event.target.value)} className="h-9 w-full rounded border border-[#c8c6c4] bg-white px-3 text-[13px] text-[#201f1e] focus:border-[#0f6cbd] focus:ring-1 focus:ring-[#0f6cbd]">[39m
[31m+                 {clients.map((client) => <option key={client.id} value={client.id}>{client.name}</option>)}[39m
[31m+               </select>[39m
[31m+               <input value={mspName} onChange={(event) => setMspName(event.target.value)} placeholder="Your MSP / firm name *" className="h-9 w-full rounded border border-[#c8c6c4] bg-white px-3 text-[13px] text-[#201f1e] placeholder:text-[#8a8886] focus:border-[#0f6cbd] focus:ring-1 focus:ring-[#0f6cbd]" />[39m
[31m+               <input value={reportTitle} onChange={(event) => setReportTitle(event.target.value)} placeholder="Report title" className="h-9 w-full rounded border border-[#c8c6c4] bg-white px-3 text-[13px] text-[#201f1e] focus:border-[#0f6cbd] focus:ring-1 focus:ring-[#0f6cbd]" />[39m
[31m+               <div className="flex items-center gap-3">[39m
[31m+                 <label className="flex items-center gap-2 text-[12px] text-[#605e5c]">Brand color <input type="color" value={brandColor} onChange={(event) => setBrandColor(event.target.value)} className="h-8 w-8 rounded border border-[#c8c6c4] bg-transparent" /></label>[39m
[31m+                 <label className="inline-flex h-9 cursor-pointer items-center gap-1.5 rounded border border-[#c8c6c4] px-3 text-[12px] text-[#323130] hover:bg-black/[.03]"><Upload size={13} /> {logoBase64 ? 'Logo uploaded' : 'Upload logo'}<input type="file" accept="image/png,image/jpeg,image/webp" onChange={handleLogoUpload} className="hidden" /></label>[39m
[31m+               </div>[39m
[31m+               <textarea value={executiveSummary} onChange={(event) => setExecutiveSummary(event.target.value)} placeholder="Executive summary (optional)" rows={3} className="w-full rounded border border-[#c8c6c4] bg-white px-3 py-2 text-[13px] text-[#201f1e] placeholder:text-[#8a8886] focus:border-[#0f6cbd] focus:ring-1 focus:ring-[#0f6cbd]" />[39m
[31m+             </div>[39m
[31m+             <div className="space-y-2">[39m
[31m+               <div className="grid grid-cols-2 gap-2 text-[12px] text-[#323130]">[39m
[31m+                 {(Object.keys(sections) as Array<keyof typeof sections>).map((key) => ([39m
[31m+                   <label key={key} className="flex items-center gap-2 rounded border border-[#e1dfdd] bg-[#faf9f8] px-3 py-2 capitalize"><input type="checkbox" checked={sections[key]} onChange={(event) => setSections((current) => ({ ...current, [key]: event.target.checked }))} /> {key}</label>[39m
[31m+                 ))}[39m
[31m+               </div>[39m
[31m+               <button onClick={generateWhiteLabelReport} disabled={!whiteLabelClientId || !mspName.trim()} className="inline-flex h-9 w-full items-center justify-center gap-1.5 rounded bg-[#0f6cbd] px-3 text-[13px] font-medium text-white hover:bg-[#004578] disabled:cursor-not-allowed disabled:opacity-40"><FileText size={14} /> Generate white-label PDF</button>[39m
[31m+               <p className="text-[11px] leading-5 text-[#8a8886]">Uses the client's already-loaded software inventory and compliance status. No score is fabricated beyond what SPR already has on record for this client.</p>[39m
[31m+             </div>[39m
[31m+           </div>[39m
[31m+         </div>[39m
[31m+       )}[39m
[31m+[39m
[31m+       <div className="rounded-md border border-[#e1dfdd] bg-[#fff4ce] p-3 text-[12px] leading-5 text-[#8a5700]">[39m
[31m+         <strong>Capability boundary:</strong> PDF export runs entirely in the browser from already-loaded passport data; there is no server-rendered PDF. Share links are stateless signed URLs with a 7-day expiry and cannot be individually revoked before then. "Print / save PDF" still uses the browser's print dialog for a full-page copy. Empty datasets remain empty and are not replaced with sample values.[39m
[31m+       </div>[39m
[31m+     </section>[39m
[31m+   );[39m
[31m+ }[39m
[31m+[39m

[36m [2m❯[22m tests/tenant-branding-contract.test.ts:[2m34:25[22m[39m
    [90m 32| [39m  it('ReportsView pre-fills the white-label export from saved branding…
    [90m 33| [39m    [35mconst[39m reportsView [33m=[39m [34mread[39m([32m'src/components/ReportsView.tsx'[39m)[33m;[39m
    [90m 34| [39m    expect(reportsView).toContain("apiFetch('/api/organization/brandin…
    [90m   | [39m                        [31m^[39m
    [90m 35| [39m    [34mexpect[39m(reportsView)[33m.[39m[34mtoContain[39m([32m'setMspName(data.companyName)'[39m)[33m;[39m
    [90m 36| [39m  })[33m;[39m

[31m[2m⎯⎯⎯⎯⎯⎯⎯⎯⎯⎯⎯⎯⎯⎯⎯⎯⎯⎯⎯⎯[127/141]⎯[22m[39m

[41m[1m FAIL [22m[49m tests/tenant-branding-contract.test.ts[2m > [22mpersistent white-label branding[2m > [22mSettingsView lets only Owner/Admin edit branding, matching the same canManageTeam gate as team management
[31m[1mAssertionError[22m: expected '/**\r\n * @license\r\n * SPDX-License…' to contain 'apiFetch(\'/api/organization/branding…'[39m

[32m- Expected[39m
[31m+ Received[39m

[32m- apiFetch('/api/organization/branding')[39m
[31m+ /**[39m
[31m+  * @license[39m
[31m+  * SPDX-License-Identifier: Apache-2.0[39m
[31m+  */[39m
[31m+ [39m
[31m+ import React, { useState, useEffect, useMemo } from 'react';[39m
[31m+ import {[39m
[31m+   Settings, Shield, Sliders, KeyRound, Bell, HelpCircle, CheckCircle,[39m
[31m+   Sun, Moon, RefreshCw, Trash2, Fingerprint, Lock, FileText, Globe, FileCode,[39m
[31m+   BookOpen, Search, Sparkles, PlusCircle, AlertTriangle, Play, ChevronRight, Check,[39m
[31m+   ExternalLink, Layers, Info, Filter, ShieldAlert, BadgeAlert, CheckCircle2, AlertCircle[39m
[31m+ } from 'lucide-react';[39m
[31m+ import { auth } from '../lib/firebase';[39m
[31m+ import { apiFetch } from '../utils/apiClient';[39m
[31m+ [39m
[31m+ interface SettingsViewProps {[39m
[31m+   theme: 'light' | 'dark';[39m
[31m+   onToggleTheme: () => void;[39m
[31m+ }[39m
[31m+ [39m
[31m+ export default function SettingsView({ theme, onToggleTheme }: SettingsViewProps) {[39m
[31m+   const [activeSubTab, setActiveSubTab] = useState<'configurations' | 'bible' | 'organization'>('configurations');[39m
[31m+   const [mfaEnabled, setMfaEnabled] = useState(true);[39m
[31m+   const [slaTarget, setSlaTarget] = useState(85);[39m
[31m+   const [saveSuccess, setSaveSuccess] = useState(false);[39m
[31m+   const [offboarding, setOffboarding] = useState(false);[39m
[31m+   const [testing, setTesting] = useState(false);[39m
[31m+   const [testResults, setTestResults] = useState<any[]>([]);[39m
[31m+ [39m
[31m+   // Profile & Org/Team States[39m
[31m+   const [profile, setProfile] = useState<any>(null);[39m
[31m+   const [teamMembers, setTeamMembers] = useState<any[]>([]);[39m
[31m+   const [inviteEmail, setInviteEmail] = useState('');[39m
[31m+   const [inviteRole, setInviteRole] = useState('Technician');[39m
[31m+   const [editingProfile, setEditingProfile] = useState(false);[39m
[31m+   const [profileName, setProfileName] = useState('');[39m
[31m+   const [profileJobTitle, setProfileJobTitle] = useState('');[39m
[31m+   const [profileCompany, setProfileCompany] = useState('');[39m
[31m+   const [loadingTeam, setLoadingTeam] = useState(false);[39m
[31m+   const [teamError, setTeamError] = useState<string | null>(null);[39m
[31m+   const [teamSuccess, setTeamSuccess] = useState<string | null>(null);[39m
[31m+ [39m
[31m+   // profile is fetched from /api/user/me, which already returns the caller's[39m
[31m+   // role — derive gating from it directly rather than requiring a separate[39m
[31m+   // prop. Matches backend enforcement exactly: POST /api/tenant/offboard is[39m
[31m+   // requireRole('Owner'); team invite/role-change/remove are requireRole[39m
[31m+   // (['Owner','Admin']) (auth.ts).[39m
[31m+   const currentRole: string = profile?.role || 'Viewer';[39m
[31m+   const isOwner = currentRole === 'Owner';[39m
[31m+   const canManageTeam = isOwner || currentRole === 'Admin';[39m
[31m+ [39m
[31m+   const fetchProfileAndTeam = async () => {[39m
[31m+     setLoadingTeam(true);[39m
[31m+     try {[39m
[31m+       // 1. Fetch user profile[39m
[31m+       const profRes = await apiFetch('/api/user/me');[39m
[31m+       if (profRes.ok) {[39m
[31m+         const profData = await profRes.json();[39m
[31m+         setProfile(profData);[39m
[31m+         setProfileName(profData.displayName || '');[39m
[31m+         setProfileJobTitle(profData.roleTitle || '');[39m
[31m+         setProfileCompany(profData.companyName || '');[39m
[31m+       }[39m
[31m+ [39m
[31m+       // 2. Fetch team members[39m
[31m+       const teamRes = await apiFetch('/api/organization/team');[39m
[31m+       if (teamRes.ok) {[39m
[31m+         const teamData = await teamRes.json();[39m
[31m+         setTeamMembers(teamData);[39m
[31m+       }[39m
[31m+     } catch (err) {[39m
[31m+       console.error('Error fetching profile or organization team:', err);[39m
[31m+     } finally {[39m
[31m+       setLoadingTeam(false);[39m
[31m+     }[39m
[31m+   };[39m
[31m+ [39m
[31m+   const handleInviteMember = async (e: React.FormEvent) => {[39m
[31m+     e.preventDefault();[39m
[31m+     if (!inviteEmail || !canManageTeam) return;[39m
[31m+     setTeamError(null);[39m
[31m+     setTeamSuccess(null);[39m
[31m+     try {[39m
[31m+       const res = await apiFetch('/api/organization/invite', {[39m
[31m+         method: 'POST',[39m
[31m+         headers: { 'Content-Type': 'application/json' },[39m
[31m+         body: JSON.stringify({ email: inviteEmail, role: inviteRole })[39m
[31m+       });[39m
[31m+       if (res.ok) {[39m
[31m+         setTeamSuccess(`Successfully sent security invitation to ${inviteEmail}`);[39m
[31m+         setInviteEmail('');[39m
[31m+         fetchProfileAndTeam();[39m
[31m+       } else {[39m
[31m+         const errData = await res.json();[39m
[31m+         setTeamError(errData.message || 'Failed to send workspace invitation.');[39m
[31m+       }[39m
[31m+     } catch (err) {[39m
[31m+       setTeamError('Network error while dispatching invitation.');[39m
[31m+     }[39m
[31m+   };[39m
[31m+ [39m
[31m+   const handleUpdateMemberRole = async (userId: string, newRole: string) => {[39m
[31m+     if (!canManageTeam) return;[39m
[31m+     setTeamError(null);[39m
[31m+     setTeamSuccess(null);[39m
[31m+     try {[39m
[31m+       const res = await apiFetch(`/api/organization/team/${userId}/role`, {[39m
[31m+         method: 'PUT',[39m
[31m+         headers: { 'Content-Type': 'application/json' },[39m
[31m+         body: JSON.stringify({ role: newRole })[39m
[31m+       });[39m
[31m+       if (res.ok) {[39m
[31m+         setTeamSuccess('Workspace member role updated successfully.');[39m
[31m+         fetchProfileAndTeam();[39m
[31m+       } else {[39m
[31m+         const errData = await res.json();[39m
[31m+         setTeamError(errData.message || 'Permission denied.');[39m
[31m+       }[39m
[31m+     } catch (err) {[39m
[31m+       setTeamError('Failed to synchronize updated permission rules.');[39m
[31m+     }[39m
[31m+   };[39m
[31m+ [39m
[31m+   const handleRemoveMember = async (userId: string) => {[39m
[31m+     if (!canManageTeam) return;[39m
[31m+     const confirmed = window.confirm('Are you sure you want to revoke this user\'s workspace security credentials?');[39m
[31m+     if (!confirmed) return;[39m
[31m+     setTeamError(null);[39m
[31m+     setTeamSuccess(null);[39m
[31m+     try {[39m
[31m+       const res = await apiFetch(`/api/organization/team/${userId}`, {[39m
[31m+         method: 'DELETE'[39m
[31m+       });[39m
[31m+       if (res.ok) {[39m
[31m+         setTeamSuccess('Revoked workspace access and terminated session keys.');[39m
[31m+         fetchProfileAndTeam();[39m
[31m+       } else {[39m
[31m+         const errData = await res.json();[39m
[31m+         setTeamError(errData.message || 'Rejection from database.');[39m
[31m+       }[39m
[31m+     } catch (err) {[39m
[31m+       setTeamError('Failed to remove member.');[39m
[31m+     }[39m
[31m+   };[39m
[31m+ [39m
[31m+   const handleSaveProfile = async (e: React.FormEvent) => {[39m
[31m+     e.preventDefault();[39m
[31m+     setTeamError(null);[39m
[31m+     setTeamSuccess(null);[39m
[31m+     try {[39m
[31m+       const res = await apiFetch('/api/user/profile', {[39m
[31m+         method: 'PUT',[39m
[31m+         headers: { 'Content-Type': 'application/json' },[39m
[31m+         body: JSON.stringify({[39m
[31m+           displayName: profileName,[39m
[31m+           roleTitle: profileJobTitle,[39m
[31m+           companyName: profileCompany[39m
[31m+         })[39m
[31m+       });[39m
[31m+       if (res.ok) {[39m
[31m+         setTeamSuccess('User profile details updated successfully.');[39m
[31m+         setEditingProfile(false);[39m
[31m+         fetchProfileAndTeam();[39m
[31m+       } else {[39m
[31m+         const errData = await res.json();[39m
[31m+         setTeamError(errData.message || 'Failed to save details.');[39m
[31m+       }[39m
[31m+     } catch (err) {[39m
[31m+       setTeamError('Failed to save profile changes.');[39m
[31m+     }[39m
[31m+   };[39m
[31m+ [39m
[31m+   // Product Bible list[39m
[31m+   const [bibleProducts, setBibleProducts] = useState<any[]>([[39m
[31m+     {[39m
[31m+       id: 'pb-nginx',[39m
[31m+       name: 'Nginx Web Server',[39m
[31m+       type: 'Web Infrastructure / Proxy',[39m
[31m+       baselineSecureVersion: '1.24.0',[39m
[31m+       allowedLicenses: ['BSD-2-Clause', 'MIT', 'Apache-2.0'],[39m
[31m+       disallowedLicenses: ['GPL-3.0-only', 'AGPL-3.0-only'],[39m
[31m+       riskTier: 'Low',[39m
[31m+       complianceTarget: 'SOC 2 CC6.1 / NIST SP 800-53',[39m
[31m+       safeguardPolicy: 'Enforce TLS 1.3 only, disable cleartext HTTP ports, and prune default Server header metadata.'[39m
[31m+     },[39m
[31m+     {[39m
[31m+       id: 'pb-postgres',[39m
[31m+       name: 'PostgreSQL Relational Engine',[39m
[31m+       type: 'Database Systems',[39m
[31m+       baselineSecureVersion: '15.4',[39m
[31m+       allowedLicenses: ['PostgreSQL', 'MIT', 'Apache-2.0'],[39m
[31m+       disallowedLicenses: ['AGPL-3.0-only', 'GPL-3.0-only'],[39m
[31m+       riskTier: 'Low',[39m
[31m+       complianceTarget: 'NIST SP 800-171 / HIPAA Sec. 164',[39m
[31m+       safeguardPolicy: 'Enable row-level security (RLS), mandate pgcrypto encryption for columns, and bind exclusively to localized subnets.'[39m
[31m+     },[39m
[31m+     {[39m
[31m+       id: 'pb-redis',[39m
[31m+       name: 'Redis In-Memory Key-Value Cache',[39m
[31m+       type: 'Cache Systems',[39m
[31m+       baselineSecureVersion: '7.0.12',[39m
[31m+       allowedLicenses: ['BSD-3-Clause', 'MIT'],[39m
[31m+       disallowedLicenses: ['SSPL-1.0', 'AGPL-3.0-only'],[39m
[31m+       riskTier: 'Medium',[39m
[31m+       complianceTarget: 'PCI-DSS v4.0 Req 2 & 3',[39m
[31m+       safeguardPolicy: 'Disable custom dangerous admin commands (CONFIG, FLUSHALL), set authentication passwords, and restrict container loopbacks.'[39m
[31m+     },[39m
[31m+     {[39m
[31m+       id: 'pb-log4j',[39m
[31m+       name: 'Apache Log4j Core Logging',[39m
[31m+       type: 'Open Source Logging Framework',[39m
[31m+       baselineSecureVersion: '2.17.1',[39m
[31m+       allowedLicenses: ['Apache-2.0'],[39m
[31m+       disallowedLicenses: ['GPL-3.0-only', 'AGPL-3.0-only'],[39m
[31m+       riskTier: 'High',[39m
[31m+       complianceTarget: 'CISA KEV Mitigation Directive',[39m
[31m+       safeguardPolicy: 'Ensure strict lookup disabling (formatMsgNoLookups=true) and remove JMSAppender class files from all builds to neutralize JNDI execution risks.'[39m
[31m+     },[39m
[31m+     {[39m
[31m+       id: 'pb-docker',[39m
[31m+       name: 'Docker Container base environment',[39m
[31m+       type: 'Container Foundations',[39m
[31m+       baselineSecureVersion: '24.0.5',[39m
[31m+       allowedLicenses: ['Apache-2.0', 'MIT'],[39m
[31m+       disallowedLicenses: ['GPL-3.0-only', 'AGPL-3.0-only'],[39m
[31m+       riskTier: 'Low',[39m
[31m+       complianceTarget: 'CIS Docker Benchmarks v1.6',[39m
[31m+       safeguardPolicy: 'Run containers with non-root privileges, specify readonly root filesystems, and strip all unneeded kernel capabilities (SYS_ADMIN).'[39m
[31m+     }[39m
[31m+   ]);[39m
[31m+ [39m
[31m+   // Search/Filter state for Product Bible[39m
[31m+   const [bibleSearchQuery, setBibleSearchQuery] = useState('');[39m
[31m+   const [bibleFilterRisk, setBibleFilterRisk] = useState('all');[39m
[31m+   const [selectedBibleProductId, setSelectedBibleProductId] = useState<string>('pb-nginx');[39m
[31m+ [39m
[31m+   // New Bible Product form fields[39m
[31m+   const [showAddBibleProduct, setShowAddBibleProduct] = useState(false);[39m
[31m+   const [newBpName, setNewBpName] = useState('');[39m
[31m+   const [newBpType, setNewBpType] = useState('Web Infrastructure / Proxy');[39m
[31m+   const [newBpVersion, setNewBpVersion] = useState('');[39m
[31m+   const [newBpAllowedLics, setNewBpAllowedLics] = useState('MIT, Apache-2.0, BSD-3-Clause');[39m
[31m+   const [newBpDisallowedLics, setNewBpDisallowedLics] = useState('GPL-3.0-only, AGPL-3.0-only');[39m
[31m+   const [newBpRisk, setNewBpRisk] = useState<'Low' | 'Medium' | 'High'>('Low');[39m
[31m+   const [newBpCompliance, setNewBpCompliance] = useState('');[39m
[31m+   const [newBpSafeguard, setNewBpSafeguard] = useState('');[39m
[31m+ [39m
[31m+   // Sandbox Auditor states[39m
[31m+   const [sandboxProduct, setSandboxProduct] = useState('Nginx Web Server');[39m
[31m+   const [sandboxCustomName, setSandboxCustomName] = useState('');[39m
[31m+   const [sandboxVersion, setSandboxVersion] = useState('1.25.1');[39m
[31m+   const [sandboxLicense, setSandboxLicense] = useState('MIT');[39m
[31m+   const [sandboxEnv, setSandboxEnv] = useState('Production');[39m
[31m+   const [sandboxReport, setSandboxReport] = useState<any | null>(null);[39m
[31m+ [39m
[31m+   // Multi-tenant Active Sessions, SSO and Cryptographic audit state[39m
[31m+   const [sessions, setSessions] = useState<any[]>([]);[39m
[31m+   const [history, setHistory] = useState<any[]>([]);[39m
[31m+   const [auditChain, setAuditChain] = useState<any[]>([]);[39m
[31m+   const [loadingLedgers, setLoadingLedgers] = useState(false);[39m
[31m+   const [verifyingLedger, setVerifyingLedger] = useState(false);[39m
[31m+   const [verificationResult, setVerificationResult] = useState<any | null>(null);[39m
[31m+ [39m
[31m+   // SAML SSO Form settings[39m
[31m+   const [ssoEnabled, setSsoEnabled] = useState(true);[39m
[31m+   const [ssoProvider, setSsoProvider] = useState('Okta Enterprise IdP');[39m
[31m+   const [ssoMetadataUrl, setSsoMetadataUrl] = useState('https://idp.okta.com/app/exk810/sso/saml/metadata');[39m
[31m+   const [ssoClientId, setSsoClientId] = useState('spr_msp_okta_prod_01');[39m
[31m+ [39m
[31m+   const handleVerifyLedger = async () => {[39m
[31m+     setVerifyingLedger(true);[39m
[31m+     setVerificationResult(null);[39m
[31m+     try {[39m
[31m+       const res = await apiFetch('/api/auth/audit-chain/verify');[39m
[31m+       if (res.ok) {[39m
[31m+         const data = await res.json();[39m
[31m+         setVerificationResult(data);[39m
[31m+       } else {[39m
[31m+         setVerificationResult({[39m
[31m+           isValid: false,[39m
[31m+           error: 'Verification request returned a server exception.'[39m
[31m+         });[39m
[31m+       }[39m
[31m+     } catch (err: any) {[39m
[31m+       setVerificationResult({[39m
[31m+         isValid: false,[39m
[31m+         error: err?.message || 'Network connection timeout.'[39m
[31m+       });[39m
[31m+     } finally {[39m
[31m+       setVerifyingLedger(false);[39m
[31m+     }[39m
[31m+   };[39m
[31m+ [39m
[31m+   const fetchAuthDataLedgers = async () => {[39m
[31m+     setLoadingLedgers(true);[39m
[31m+     try {[39m
[31m+       const sessRes = await apiFetch('/api/auth/sessions');[39m
[31m+       if (sessRes.ok) {[39m
[31m+         const data = await sessRes.json();[39m
[31m+         setSessions(data);[39m
[31m+       }[39m
[31m+ [39m
[31m+       const histRes = await apiFetch('/api/auth/login-history');[39m
[31m+       if (histRes.ok) {[39m
[31m+         const data = await histRes.json();[39m
[31m+         setHistory(data);[39m
[31m+       }[39m
[31m+ [39m
[31m+       const chainRes = await apiFetch('/api/auth/audit-chain');[39m
[31m+       if (chainRes.ok) {[39m
[31m+         const data = await chainRes.json();[39m
[31m+         setAuditChain(data);[39m
[31m+       }[39m
[31m+     } catch (err) {[39m
[31m+       console.error('Error fetching identity and compliance data ledgers:', err);[39m
[31m+     } finally {[39m
[31m+       setLoadingLedgers(false);[39m
[31m+     }[39m
[31m+   };[39m
[31m+ [39m
[31m+   useEffect(() => {[39m
[31m+     fetchAuthDataLedgers();[39m
[31m+     fetchProfileAndTeam();[39m
[31m+   }, []);[39m
[31m+ [39m
[31m+   const handleRevokeSession = async (sessionId: string) => {[39m
[31m+     try {[39m
[31m+       const res = await apiFetch('/api/auth/sessions/revoke', {[39m
[31m+         method: 'POST',[39m
[31m+         headers: { 'Content-Type': 'application/json' },[39m
[31m+         body: JSON.stringify({ sessionId })[39m
[31m+       });[39m
[31m+       if (res.ok) {[39m
[31m+         fetchAuthDataLedgers();[39m
[31m+       } else {[39m
[31m+         alert('Could not complete session revocation.');[39m
[31m+       }[39m
[31m+     } catch (err) {[39m
[31m+       console.error('Error during session revocation:', err);[39m
[31m+     }[39m
[31m+   };[39m
[31m+ [39m
[31m+   // There is no test-runner endpoint in the backend (running the test suite[39m
[31m+   // from an HTTP request would itself be a code-execution risk), and no[39m
[31m+   // endpoint separately verifies RLS isolation, OAuth handshakes, or API[39m
[31m+   // quota safety. This checks the one thing SPR can actually report on[39m
[31m+   // itself: real database connectivity, via the existing /api/ready[39m
[31m+   // readiness probe — the same one an orchestrator uses.[39m
[31m+   const runDiagnosticSuite = async () => {[39m
[31m+     setTesting(true);[39m
[31m+     try {[39m
[31m+       const res = await apiFetch('/api/ready');[39m
[31m+       const data = await res.json().catch(() => ({}));[39m
[31m+       const dbOk = Boolean(data?.checks?.database?.ok);[39m
[31m+       setTestResults([[39m
[31m+         { name: 'Database connectivity', status: dbOk ? 'PASS' : 'FAIL', details: dbOk ? `Responded in ${data.checks.database.latencyMs}ms` : data?.checks?.database?.error || 'Database unavailable' },[39m
[31m+         { name: 'API reachability', status: 'PASS', details: `/api/ready responded HTTP ${res.status}` },[39m
[31m+       ]);[39m
[31m+     } catch (err) {[39m
[31m+       console.error('Error running readiness check:', err);[39m
[31m+       setTestResults([{ name: 'API reachability', status: 'FAIL', details: 'The readiness request itself failed' }]);[39m
[31m+     } finally {[39m
[31m+       setTesting(false);[39m
[31m+     }[39m
[31m+   };[39m
[31m+ [39m
[31m+   const handleOffboardTenant = async () => {[39m
[31m+     if (!isOwner) { alert(`Your ${currentRole} role cannot offboard this workspace. Owner is required.`); return; }[39m
[31m+     const confirmed = window.confirm([39m
[31m+       "CRITICAL SECURITY ALERT: Are you absolutely certain you want to offboard this tenant? This will cascade-delete all databases, software passports, compliance statuses, and credentials instantly from our PostgreSQL storage nodes. This action cannot be undone."[39m
[31m+     );[39m
[31m+     if (!confirmed) return;[39m
[31m+ [39m
[31m+     setOffboarding(true);[39m
[31m+     try {[39m
[31m+       const res = await apiFetch('/api/tenant/offboard', {[39m
[31m+         method: 'POST',[39m
[31m+       });[39m
[31m+       if (res.ok) {[39m
[31m+         alert("Offboarding complete. Your tenant profile and isolated workspaces have been purged from storage nodes.");[39m
[31m+         localStorage.removeItem('msp_user');[39m
[31m+         await auth.signOut().catch(() => {});[39m
[31m+         window.location.reload();[39m
[31m+       } else {[39m
[31m+         const errorData = await res.json();[39m
[31m+         alert(`Offboarding failed: ${errorData.error || 'Server error'}`);[39m
[31m+       }[39m
[31m+     } catch (err) {[39m
[31m+       console.error('Failed to trigger tenant data offboarding:', err);[39m
[31m+       alert('Network error while completing data purge.');[39m
[31m+     } finally {[39m
[31m+       setOffboarding(false);[39m
[31m+     }[39m
[31m+   };[39m
[31m+ [39m
[31m+   // No backend endpoint persists these fields (SLA target, MFA toggle, SSO[39m
[31m+   // config, daily-scan cadence) — they are local component state only and[39m
[31m+   // reset on reload/navigation. This used to show a "Portal configuration[39m
[31m+   // updated!" success message that implied a real save; keep that claim[39m
[31m+   // honest until real persistence exists rather than build a fake one.[39m
[31m+   const handleSaveSettings = () => {[39m
[31m+     setSaveSuccess(true);[39m
[31m+     setTimeout(() => setSaveSuccess(false), 4000);[39m
[31m+   };[39m
[31m+ [39m
[31m+   const activeBibleProduct = useMemo(() => {[39m
[31m+     return bibleProducts.find(p => p.id === selectedBibleProductId) || bibleProducts[0];[39m
[31m+   }, [bibleProducts, selectedBibleProductId]);[39m
[31m+ [39m
[31m+   const filteredBibleProducts = useMemo(() => {[39m
[31m+     return bibleProducts.filter(bp => {[39m
[31m+       const matchSearch = bp.name.toLowerCase().includes(bibleSearchQuery.toLowerCase()) ||[39m
[31m+                           bp.type.toLowerCase().includes(bibleSearchQuery.toLowerCase()) ||[39m
[31m+                           bp.complianceTarget.toLowerCase().includes(bibleSearchQuery.toLowerCase());[39m
[31m+       const matchRisk = bibleFilterRisk === 'all' || bp.riskTier.toLowerCase() === bibleFilterRisk.toLowerCase();[39m
[31m+       return matchSearch && matchRisk;[39m
[31m+     });[39m
[31m+   }, [bibleProducts, bibleSearchQuery, bibleFilterRisk]);[39m
[31m+ [39m
[31m+   const handleAddBibleProduct = (e: React.FormEvent) => {[39m
[31m+     e.preventDefault();[39m
[31m+     if (!newBpName || !newBpVersion) {[39m
[31m+       alert('Please enter a product name and baseline secure version.');[39m
[31m+       return;[39m
[31m+     }[39m
[31m+ [39m
[31m+     const newProduct = {[39m
[31m+       id: `pb-custom-${Date.now()}`,[39m
[31m+       name: newBpName,[39m
[31m+       type: newBpType,[39m
[31m+       baselineSecureVersion: newBpVersion,[39m
[31m+       allowedLicenses: newBpAllowedLics.split(',').map(s => s.trim()).filter(Boolean),[39m
[31m+       disallowedLicenses: newBpDisallowedLics.split(',').map(s => s.trim()).filter(Boolean),[39m
[31m+       riskTier: newBpRisk,[39m
[31m+       complianceTarget: newBpCompliance || 'Standard Compliance Profile',[39m
[31m+       safeguardPolicy: newBpSafeguard || 'Verify cryptographic signature and restrict host execution capabilities on staging.'[39m
[31m+     };[39m
[31m+ [39m
[31m+     setBibleProducts(prev => [newProduct, ...prev]);[39m
[31m+     setSelectedBibleProductId(newProduct.id);[39m
[31m+     setShowAddBibleProduct(false);[39m
[31m+ [39m
[31m+     // Reset inputs[39m
[31m+     setNewBpName('');[39m
[31m+     setNewBpVersion('');[39m
[31m+     setNewBpCompliance('');[39m
[31m+     setNewBpSafeguard('');[39m
[31m+   };[39m
[31m+ [39m
[31m+   const handleRunSandboxAudit = () => {[39m
[31m+     let targetName = sandboxProduct;[39m
[31m+     if (sandboxProduct === 'custom' && sandboxCustomName) {[39m
[31m+       targetName = sandboxCustomName;[39m
[31m+     }[39m
[31m+ [39m
[31m+     const matchedBp = bibleProducts.find(bp =>[39m
[31m+       bp.name.toLowerCase() === targetName.toLowerCase() ||[39m
[31m+       targetName.toLowerCase().includes(bp.name.toLowerCase())[39m
[31m+     );[39m
[31m+ [39m
[31m+     let versionStatus: 'Compliant' | 'Warning' | 'Fail' = 'Compliant';[39m
[31m+     let versionDetails = '';[39m
[31m+ [39m
[31m+     const inputVer = sandboxVersion.trim();[39m
[31m+     if (!inputVer) {[39m
[31m+       versionStatus = 'Warning';[39m
[31m+       versionDetails = 'No version specified. Auditing engine cannot verify baseline standards.';[39m
[31m+     } else if (matchedBp) {[39m
[31m+       const baseline = matchedBp.baselineSecureVersion;[39m
[31m+       const baselineNum = parseFloat(baseline.replace(/[^0-9.]/g, ''));[39m
[31m+       const inputNum = parseFloat(inputVer.replace(/[^0-9.]/g, ''));[39m
[31m+ [39m
[31m+       if (!isNaN(baselineNum) && !isNaN(inputNum)) {[39m
[31m+         if (inputNum < baselineNum) {[39m
[31m+           versionStatus = 'Fail';[39m
[31m+           versionDetails = `Ingested version v${inputVer} is older than the recommended secure baseline v${baseline}. Potential known CVE exposures exist!`;[39m
[31m+         } else {[39m
[31m+           versionStatus = 'Compliant';[39m
[31m+           versionDetails = `Version v${inputVer} matches or exceeds secure baseline standards (v${baseline}).`;[39m
[31m+         }[39m
[31m+       } else {[39m
[31m+         versionDetails = `Assumed compatible with baseline standards (Recommended baseline: v${baseline}).`;[39m
[31m+       }[39m
[31m+     } else {[39m
[31m+       versionDetails = 'Unregistered custom software. Compliance baseline has not been defined in the Master Bible.';[39m
[31m+     }[39m
[31m+ [39m
[31m+     let licenseStatus: 'Compliant' | 'Warning' | 'Fail' = 'Compliant';[39m
[31m+     let licenseDetails = '';[39m
[31m+ [39m
[31m+     if (matchedBp) {[39m
[31m+       const allowed = matchedBp.allowedLicenses.map((l: string) => l.toLowerCase());[39m
[31m+       const disallowed = matchedBp.disallowedLicenses.map((l: string) => l.toLowerCase());[39m
[31m+       const queryLic = sandboxLicense.trim().toLowerCase();[39m
[31m+ [39m
[31m+       if (disallowed.includes(queryLic)) {[39m
[31m+         licenseStatus = 'Fail';[39m
[31m+         licenseDetails = `License "${sandboxLicense}" is strictly prohibited for the enterprise by corporate policy. Refuse deployments.`;[39m
[31m+       } else if (allowed.length > 0 && !allowed.includes(queryLic)) {[39m
[31m+         licenseStatus = 'Warning';[39m
[31m+         licenseDetails = `License "${sandboxLicense}" is not explicitly greenlisted in the Master Bible for ${matchedBp.name}. Legal review recommended.`;[39m
[31m+       } else {[39m
[31m+         licenseStatus = 'Compliant';[39m
[31m+         licenseDetails = `License "${sandboxLicense}" matches greenlisted standards for this software class.`;[39m
[31m+       }[39m
[31m+     } else {[39m
[31m+       const queryLic = sandboxLicense.trim().toLowerCase();[39m
[31m+       if (['gpl-3.0', 'agpl-3.0', 'gpl-3.0-only', 'agpl-3.0-only', 'sspl-1.0'].includes(queryLic)) {[39m
[31m+         licenseStatus = 'Fail';[39m
[31m+         licenseDetails = `Copyleft license "${sandboxLicense}" detected. Deploying to commercial client clouds presents critical proprietary exposure risks.`;[39m
[31m+       } else {[39m
[31m+         licenseStatus = 'Compliant';[39m
[31m+         licenseDetails = `License "${sandboxLicense}" is typical of standard permissible open-source software libraries.`;[39m
[31m+       }[39m
[31m+     }[39m
[31m+ [39m
[31m+     const complianceTarget = matchedBp ? matchedBp.complianceTarget : 'General NIST SP 800-53 Rev 5 / CIS Safeguards';[39m
[31m+     const safeguardPolicy = matchedBp ? matchedBp.safeguardPolicy : 'Verify cryptographic signature (SLSA/Cosign), restrict container capabilities, and verify dependency CVE maps prior to operational staging.';[39m
[31m+ [39m
[31m+     let overallStatus: 'PASS' | 'WARN' | 'FAIL' = 'PASS';[39m
[31m+     if (versionStatus === 'Fail' || licenseStatus === 'Fail') {[39m
[31m+       overallStatus = 'FAIL';[39m
[31m+     } else if (versionStatus === 'Warning' || licenseStatus === 'Warning') {[39m
[31m+       overallStatus = 'WARN';[39m
[31m+     }[39m
[31m+ [39m
[31m+     setSandboxReport({[39m
[31m+       productName: targetName,[39m
[31m+       version: inputVer || 'unknown',[39m
[31m+       license: sandboxLicense,[39m
[31m+       environment: sandboxEnv,[39m
[31m+       overallStatus,[39m
[31m+       versionStatus,[39m
[31m+       versionDetails,[39m
[31m+       licenseStatus,[39m
[31m+       licenseDetails,[39m
[31m+       complianceTarget,[39m
[31m+       safeguardPolicy,[39m
[31m+       timestamp: new Date().toISOString()[39m
[31m+     });[39m
[31m+   };[39m
[31m+ [39m
[31m+   return ([39m
[31m+     <div className="space-y-4" id="msp-settings-view">[39m
[31m+       {/* Page Header */}[39m
[31m+       <div className="flex flex-col gap-3 sm:flex-row sm:items-center sm:justify-between">[39m
[31m+         <div>[39m
[31m+           <h1 className="text-[22px] font-semibold text-[#201f1e] flex items-center gap-2">[39m
[31m+             <Settings className="h-4 w-4 text-[#0f6cbd]" />[39m
[31m+             <span>Platform Settings & Compliance Bible</span>[39m
[31m+           </h1>[39m
[31m+           <p className="mt-1 text-[13px] text-[#605e5c]">[39m
[31m+             Configure thresholds, SAML authentication gateways, operator sessions, and the master product security Bible.[39m
[31m+           </p>[39m
[31m+         </div>[39m
[31m+ [39m
[31m+         <button[39m
[31m+           onClick={fetchAuthDataLedgers}[39m
[31m+           disabled={loadingLedgers}[39m
[31m+           className="inline-flex h-9 items-center gap-1.5 rounded border border-[#c8c6c4] px-3 text-[13px] font-medium text-[#323130] hover:bg-black/[.03] disabled:opacity-60"[39m
[31m+         >[39m
[31m+           <RefreshCw className={`h-3.5 w-3.5 ${loadingLedgers ? 'animate-spin' : ''}`} />[39m
[31m+           <span>Sync Audits</span>[39m
[31m+         </button>[39m
[31m+       </div>[39m
[31m+ [39m
[31m+       {/* Sub-Tab Selector */}[39m
[31m+       <div className="flex gap-1 border-b border-[#e1dfdd]">[39m
[31m+         <button[39m
[31m+           type="button"[39m
[31m+           onClick={() => setActiveSubTab('configurations')}[39m
[31m+           className={`flex items-center gap-1.5 px-3 py-2 text-[13px] font-medium border-b-2 -mb-px ${[39m
[31m+             activeSubTab === 'configurations'[39m
[31m+               ? 'border-[#0f6cbd] text-[#0f6cbd]'[39m
[31m+               : 'border-transparent text-[#605e5c] hover:text-[#323130]'[39m
[31m+           }`}[39m
[31m+         >[39m
[31m+           <Sliders className="h-3.5 w-3.5" />[39m
[31m+           <span>Configurations</span>[39m
[31m+         </button>[39m
[31m+         <button[39m
[31m+           type="button"[39m
[31m+           onClick={() => setActiveSubTab('organization')}[39m
[31m+           className={`flex items-center gap-1.5 px-3 py-2 text-[13px] font-medium border-b-2 -mb-px ${[39m
[31m+             activeSubTab === 'organization'[39m
[31m+               ? 'border-[#0f6cbd] text-[#0f6cbd]'[39m
[31m+               : 'border-transparent text-[#605e5c] hover:text-[#323130]'[39m
[31m+           }`}[39m
[31m+         >[39m
[31m+           <Layers className="h-3.5 w-3.5" />[39m
[31m+           <span>Team & Profile</span>[39m
[31m+         </button>[39m
[31m+         <button[39m
[31m+           type="button"[39m
[31m+           onClick={() => setActiveSubTab('bible')}[39m
[31m+           className={`flex items-center gap-1.5 px-3 py-2 text-[13px] font-medium border-b-2 -mb-px ${[39m
[31m+             activeSubTab === 'bible'[39m
[31m+               ? 'border-[#0f6cbd] text-[#0f6cbd]'[39m
[31m+               : 'border-transparent text-[#605e5c] hover:text-[#323130]'[39m
[31m+           }`}[39m
[31m+         >[39m
[31m+           <BookOpen className="h-3.5 w-3.5" />[39m
[31m+           <span>Master Bible</span>[39m
[31m+         </button>[39m
[31m+       </div>[39m
[31m+ [39m
[31m+       {activeSubTab === 'configurations' ? ([39m
[31m+         <div className="grid grid-cols-1 lg:grid-cols-3 gap-4">[39m
[31m+           {/* Left Column: Core Preferences */}[39m
[31m+           <div className="lg:col-span-2 space-y-4">[39m
[31m+ [39m
[31m+             <details className="rounded-md border border-[#e1dfdd] bg-[#faf9f8] text-[13px]">[39m
[31m+               <summary className="cursor-pointer select-none px-3 py-2 font-medium text-[#323130]">What is this? &middot; How it works</summary>[39m
[31m+               <div className="px-3 pb-3 text-[#605e5c]">[39m
[31m+                 <p>Platform-wide thresholds, single sign-on, and session controls for this workspace.</p>[39m
[31m+                 <ol className="mt-1.5 list-decimal space-y-0.5 pl-4">[39m
[31m+                   <li>Set the trust score threshold that triggers alerts.</li>[39m
[31m+                   <li>Configure the SAML identity provider your organization uses to sign in.</li>[39m
[31m+                   <li>Review and revoke active operator sessions if needed.</li>[39m
[31m+                 </ol>[39m
[31m+               </div>[39m
[31m+             </details>[39m
[31m+ [39m
[31m+             {/* General platform settings card */}[39m
[31m+             <div className="rounded-md border border-[#e1dfdd] bg-white p-4 space-y-3">[39m
[31m+               <h3 className="flex items-center gap-1.5 border-b border-[#e1dfdd] pb-2 text-[14px] font-semibold text-[#201f1e]">[39m
[31m+                 <Sliders className="h-4 w-4 text-[#0f6cbd]" />[39m
[31m+                 <span>General platform parameters</span>[39m
[31m+               </h3>[39m
[31m+ [39m
[31m+               <div className="space-y-3 text-[13px]">[39m
[31m+                 <div className="flex flex-col gap-1">[39m
[31m+                   <label className="font-medium text-[#323130]">Audit trust SLA target threshold (score)</label>[39m
[31m+                   <div className="flex items-center gap-2">[39m
[31m+                     <input[39m
[31m+                       type="range"[39m
[31m+                       min="60"[39m
[31m+                       max="98"[39m
[31m+                       value={slaTarget}[39m
[31m+                       onChange={(e) => setSlaTarget(Number(e.target.value))}[39m
[31m+                       className="h-1.5 flex-1 cursor-pointer accent-[#0f6cbd]"[39m
[31m+                     />[39m
[31m+                     <span className="rounded border border-[#c8c6c4] bg-[#eff6fc] px-2 py-1 font-medium text-[#0f6cbd]">[39m
[31m+                       {slaTarget}/100[39m
[31m+                     </span>[39m
[31m+                   </div>[39m
[31m+                   <p className="text-[12px] text-[#605e5c]">Alerts are compiled if a software passport overall rating drops below this value.</p>[39m
[31m+                 </div>[39m
[31m+ [39m
[31m+                 <div className="flex items-center justify-between gap-4 border-t border-[#e1dfdd] pt-3">[39m
[31m+                   <div>[39m
[31m+                     <span className="block font-medium text-[#323130]">Enable automated daily recalculation scans</span>[39m
[31m+                     <p className="text-[12px] text-[#605e5c]">Automatically scan active client software inventory on CVE database updates.</p>[39m
[31m+                   </div>[39m
[31m+                   <input[39m
[31m+                     type="checkbox"[39m
[31m+                     defaultChecked[39m
[31m+                     className="h-4 w-4 rounded border-[#c8c6c4] text-[#0f6cbd] focus:ring-[#0f6cbd]"[39m
[31m+                   />[39m
[31m+                 </div>[39m
[31m+               </div>[39m
[31m+             </div>[39m
[31m+ [39m
[31m+             {/* Theme & Interface Customization Card */}[39m
[31m+             <div className="rounded-md border border-[#e1dfdd] bg-white p-4 space-y-3">[39m
[31m+               <h3 className="flex items-center gap-1.5 border-b border-[#e1dfdd] pb-2 text-[14px] font-semibold text-[#201f1e]">[39m
[31m+                 <Sun className="h-4 w-4 text-[#0f6cbd]" />[39m
[31m+                 <span>Theme & interface</span>[39m
[31m+               </h3>[39m
[31m+ [39m
[31m+               <div className="space-y-3 text-[13px]">[39m
[31m+                 <div className="flex flex-col gap-1">[39m
[31m+                   <span className="font-medium text-[#323130]">Active theme preference</span>[39m
[31m+                   <p className="text-[12px] text-[#605e5c]">Choose between a light interface or a dark interface for operating centers.</p>[39m
[31m+                 </div>[39m
[31m+ [39m
[31m+                 <div className="grid grid-cols-2 gap-2">[39m
[31m+                   <button[39m
[31m+                     type="button"[39m
[31m+                     onClick={() => theme === 'dark' && onToggleTheme()}[39m
[31m+                     className={`flex h-9 items-center justify-center gap-2 rounded border text-[13px] font-medium ${[39m
[31m+                       theme === 'light'[39m
[31m+                         ? 'border-[#0f6cbd] bg-[#eff6fc] text-[#0f6cbd]'[39m
[31m+                         : 'border-[#c8c6c4] text-[#323130] hover:bg-black/[.03]'[39m
[31m+                     }`}[39m
[31m+                   >[39m
[31m+                     <Sun className="h-3.5 w-3.5" />[39m
[31m+                     <span>Light mode</span>[39m
[31m+                   </button>[39m
[31m+ [39m
[31m+                   <button[39m
[31m+                     type="button"[39m
[31m+                     onClick={() => theme === 'light' && onToggleTheme()}[39m
[31m+                     className={`flex h-9 items-center justify-center gap-2 rounded border text-[13px] font-medium ${[39m
[31m+                       theme === 'dark'[39m
[31m+                         ? 'border-[#0f6cbd] bg-[#eff6fc] text-[#0f6cbd]'[39m
[31m+                         : 'border-[#c8c6c4] text-[#323130] hover:bg-black/[.03]'[39m
[31m+                     }`}[39m
[31m+                   >[39m
[31m+                     <Moon className="h-3.5 w-3.5" />[39m
[31m+                     <span>Dark mode</span>[39m
[31m+                   </button>[39m
[31m+                 </div>[39m
[31m+               </div>[39m
[31m+             </div>[39m
[31m+ [39m
[31m+             {/* SAML SSO Configuration Card */}[39m
[31m+             <div className="rounded-md border border-[#e1dfdd] bg-white p-4 space-y-3">[39m
[31m+               <h3 className="flex items-center gap-1.5 border-b border-[#e1dfdd] pb-2 text-[14px] font-semibold text-[#201f1e]">[39m
[31m+                 <Globe className="h-4 w-4 text-[#0f6cbd]" />[39m
[31m+                 <span>Enterprise SAML / SSO integration</span>[39m
[31m+               </h3>[39m
[31m+ [39m
[31m+               <div className="space-y-3 text-[13px]">[39m
[31m+                 <div className="flex items-center justify-between gap-4">[39m
[31m+                   <div>[39m
[31m+                     <span className="block font-medium text-[#323130]">SAML SSO access gate</span>[39m
[31m+                     <p className="text-[12px] text-[#605e5c]">Redirect unauthenticated corporate domains to the unified identity provider (IdP).</p>[39m
[31m+                   </div>[39m
[31m+                   <button[39m
[31m+                     onClick={() => setSsoEnabled(!ssoEnabled)}[39m
[31m+                     className={`inline-flex h-8 items-center gap-1.5 rounded border px-2.5 text-[12px] font-medium ${[39m
[31m+                       ssoEnabled ? 'border-[#c8c6c4] bg-[#dff6dd] text-[#0e700e]' : 'border-[#c8c6c4] bg-[#f3f2f1] text-[#605e5c]'[39m
[31m+                     }`}[39m
[31m+                   >[39m
[31m+                     <span className={`h-1.5 w-1.5 rounded-full ${ssoEnabled ? 'bg-[#0e700e]' : 'bg-[#8a8886]'}`} />[39m
[31m+                     {ssoEnabled ? 'SSO active' : 'SSO inactive'}[39m
[31m+                   </button>[39m
[31m+                 </div>[39m
[31m+ [39m
[31m+                 <div className="grid grid-cols-1 gap-3 border-t border-[#e1dfdd] pt-3 md:grid-cols-2">[39m
[31m+                   <div>[39m
[31m+                     <label className="mb-1 block text-[12px] font-medium text-[#605e5c]">Corporate identity provider</label>[39m
[31m+                     <input[39m
[31m+                       type="text"[39m
[31m+                       value={ssoProvider}[39m
[31m+                       onChange={(e) => setSsoProvider(e.target.value)}[39m
[31m+                       className="h-9 w-full rounded border border-[#c8c6c4] px-2.5 text-[13px] focus:border-[#0f6cbd] focus:outline-none focus:ring-1 focus:ring-[#0f6cbd]"[39m
[31m+                     />[39m
[31m+                   </div>[39m
[31m+                   <div>[39m
[31m+                     <label className="mb-1 block text-[12px] font-medium text-[#605e5c]">Client ID / issuer URL</label>[39m
[31m+                     <input[39m
[31m+                       type="text"[39m
[31m+                       value={ssoClientId}[39m
[31m+                       onChange={(e) => setSsoClientId(e.target.value)}[39m
[31m+                       className="h-9 w-full rounded border border-[#c8c6c4] px-2.5 font-mono text-[13px] focus:border-[#0f6cbd] focus:outline-none focus:ring-1 focus:ring-[#0f6cbd]"[39m
[31m+                     />[39m
[31m+                   </div>[39m
[31m+                   <div className="md:col-span-2">[39m
[31m+                     <label className="mb-1 block text-[12px] font-medium text-[#605e5c]">SAML 2.0 metadata XML endpoint URL</label>[39m
[31m+                     <input[39m
[31m+                       type="text"[39m
[31m+                       value={ssoMetadataUrl}[39m
[31m+                       onChange={(e) => setSsoMetadataUrl(e.target.value)}[39m
[31m+                       className="h-9 w-full rounded border border-[#c8c6c4] px-2.5 font-mono text-[13px] focus:border-[#0f6cbd] focus:outline-none focus:ring-1 focus:ring-[#0f6cbd]"[39m
[31m+                     />[39m
[31m+                   </div>[39m
[31m+                 </div>[39m
[31m+               </div>[39m
[31m+             </div>[39m
[31m+ [39m
[31m+             {/* Active Sessions Monitoring Ledger */}[39m
[31m+             <div className="rounded-md border border-[#e1dfdd] bg-white p-4 space-y-3">[39m
[31m+               <h3 className="flex items-center justify-between border-b border-[#e1dfdd] pb-2 text-[14px] font-semibold text-[#201f1e]">[39m
[31m+                 <span className="flex items-center gap-1.5">[39m
[31m+                   <Lock className="h-4 w-4 text-[#0f6cbd]" />[39m
[31m+                   <span>Active operator sessions</span>[39m
[31m+                 </span>[39m
[31m+                 <span className="rounded border border-[#c8c6c4] bg-[#eff6fc] px-2 py-0.5 text-[12px] font-medium text-[#0f6cbd]">[39m
[31m+                   {sessions.length} active[39m
[31m+                 </span>[39m
[31m+               </h3>[39m
[31m+ [39m
[31m+               <div className="overflow-x-auto">[39m
[31m+                 <table className="w-full border-collapse text-left text-[13px]">[39m
[31m+                   <thead>[39m
[31m+                     <tr className="border-b border-[#e1dfdd] text-[11px] uppercase tracking-wide text-[#605e5c]">[39m
[31m+                       <th className="py-2 font-medium">User / identity</th>[39m
[31m+                       <th className="py-2 font-medium">IP address</th>[39m
[31m+                       <th className="py-2 font-medium">Device & location</th>[39m
[31m+                       <th className="py-2 text-right font-medium">Actions</th>[39m
[31m+                     </tr>[39m
[31m+                   </thead>[39m
[31m+                   <tbody>[39m
[31m+                     {sessions.map((sess) => ([39m
[31m+                       <tr key={sess.id} className="border-b border-[#f3f2f1] hover:bg-black/[.02]">[39m
[31m+                         <td className="py-2.5 pr-2 font-medium text-[#201f1e]">[39m
[31m+                           {sess.email}[39m
[31m+                           {sess.current && ([39m
[31m+                             <span className="ml-2 rounded border border-[#c8c6c4] bg-[#dff6dd] px-1.5 py-0.5 text-[11px] font-medium text-[#0e700e]">[39m
[31m+                               Current[39m
[31m+                             </span>[39m
[31m+                           )}[39m
[31m+                         </td>[39m
[31m+                         <td className="py-2.5 font-mono text-[#605e5c]">{sess.ip}</td>[39m
[31m+                         <td className="py-2.5 text-[#605e5c]">[39m
[31m+                           <span className="block">{sess.device}</span>[39m
[31m+                           <span className="text-[12px] text-[#8a8886]">{sess.location}</span>[39m
[31m+                         </td>[39m
[31m+                         <td className="py-2.5 text-right">[39m
[31m+                           {!sess.current && ([39m
[31m+                             <button[39m
[31m+                               onClick={() => handleRevokeSession(sess.id)}[39m
[31m+                               className="rounded p-1.5 text-[#a4262c] hover:bg-[#fdf2f2]"[39m
[31m+                               title="Revoke session and force termination"[39m
[31m+                             >[39m
[31m+                               <Trash2 className="h-3.5 w-3.5" />[39m
[31m+                             </button>[39m
[31m+                           )}[39m
[31m+                         </td>[39m
[31m+                       </tr>[39m
[31m+                     ))}[39m
[31m+                     {sessions.length === 0 && ([39m
[31m+                       <tr>[39m
[31m+                         <td colSpan={4} className="py-4 text-center text-[#8a8886]">[39m
[31m+                           No active sessions identified.[39m
[31m+                         </td>[39m
[31m+                       </tr>[39m
[31m+                     )}[39m
[31m+                   </tbody>[39m
[31m+                 </table>[39m
[31m+               </div>[39m
[31m+             </div>[39m
[31m+ [39m
[31m+             {/* Cryptographically Chained Audit Ledger visualization */}[39m
[31m+             <div className="rounded-md border border-[#e1dfdd] bg-white p-4 space-y-3">[39m
[31m+               <div className="flex items-center justify-between border-b border-[#e1dfdd] pb-2">[39m
[31m+                 <h3 className="flex items-center gap-1.5 text-[14px] font-semibold text-[#201f1e]">[39m
[31m+                   <FileCode className="h-4 w-4 text-[#0f6cbd]" />[39m
[31m+                   <span>Cryptographic audit ledger</span>[39m
[31m+                 </h3>[39m
[31m+                 <span className="inline-flex items-center gap-1.5 rounded border border-[#c8c6c4] bg-[#dff6dd] px-2 py-0.5 text-[12px] font-medium text-[#0e700e]">[39m
[31m+                   <span className="h-1.5 w-1.5 rounded-full bg-[#0e700e]" />[39m
[31m+                   Tamper-proof, SLA verified[39m
[31m+                 </span>[39m
[31m+               </div>[39m
[31m+ [39m
[31m+               <p className="text-[13px] text-[#605e5c]">[39m
[31m+                 Every critical login event and administrative action is recorded into a secure hash chain. Each block references the SHA-256 hash of its predecessor, creating an unalterable audit trail.[39m
[31m+               </p>[39m
[31m+ [39m
[31m+               {/* Integrity Scanner Trigger */}[39m
[31m+               <div className="flex flex-wrap items-center gap-2">[39m
[31m+                 <button[39m
[31m+                   type="button"[39m
[31m+                   onClick={handleVerifyLedger}[39m
[31m+                   disabled={verifyingLedger}[39m
[31m+                   className="inline-flex h-9 items-center gap-2 rounded bg-[#0f6cbd] px-3 text-[13px] font-medium text-white hover:bg-[#004578] disabled:opacity-60"[39m
[31m+                 >[39m
[31m+                   {verifyingLedger ? ([39m
[31m+                     <>[39m
[31m+                       <svg className="h-3.5 w-3.5 animate-spin text-white" fill="none" viewBox="0 0 24 24">[39m
[31m+                         <circle className="opacity-25" cx="12" cy="12" r="10" stroke="currentColor" strokeWidth="4" />[39m
[31m+                         <path className="opacity-75" fill="currentColor" d="M4 12a8 8 0 018-8V0C5.373 0 0 5.373 0 12h4zm2 5.291A7.962 7.962 0 014 12H0c0 3.042 1.135 5.824 3 7.938l3-2.647z" />[39m
[31m+                       </svg>[39m
[31m+                       <span>Verifying ledger…</span>[39m
[31m+                     </>[39m
[31m+                   ) : ([39m
[31m+                     <>[39m
[31m+                       <CheckCircle2 className="h-3.5 w-3.5" />[39m
[31m+                       <span>Verify chain integrity</span>[39m
[31m+                     </>[39m
[31m+                   )}[39m
[31m+                 </button>[39m
[31m+                 {verificationResult && ([39m
[31m+                   <button[39m
[31m+                     type="button"[39m
[31m+                     onClick={() => setVerificationResult(null)}[39m
[31m+                     className="inline-flex h-9 items-center rounded border border-[#c8c6c4] px-3 text-[13px] font-medium text-[#323130] hover:bg-black/[.03]"[39m
[31m+                   >[39m
[31m+                     Clear report[39m
[31m+                   </button>[39m
[31m+                 )}[39m
[31m+               </div>[39m
[31m+ [39m
[31m+               {/* Dynamic Verification Report */}[39m
[31m+               {verificationResult && ([39m
[31m+                 <div className={`space-y-2 rounded-md border p-3 text-[13px] ${[39m
[31m+                   verificationResult.isValid[39m
[31m+                     ? 'border-[#c8c6c4] bg-[#dff6dd] text-[#0e700e]'[39m
[31m+                     : 'border-[#c8c6c4] bg-[#fdf2f2] text-[#a4262c]'[39m
[31m+                 }`}>[39m
[31m+                   <div className="flex items-center justify-between">[39m
[31m+                     <span className="flex items-center gap-1.5 text-[12px] font-semibold uppercase tracking-wide">[39m
[31m+                       {verificationResult.isValid ? ([39m
[31m+                         <CheckCircle2 className="h-4 w-4 shrink-0" />[39m
[31m+                       ) : ([39m
[31m+                         <AlertCircle className="h-4 w-4 shrink-0" />[39m
[31m+                       )}[39m
[31m+                       <span>Ledger attestation report</span>[39m
[31m+                     </span>[39m
[31m+                     <span className="text-[11px] text-[#605e5c]">[39m
[31m+                       Verified at {new Date(verificationResult.verifiedAt).toLocaleTimeString()}[39m
[31m+                     </span>[39m
[31m+                   </div>[39m
[31m+                   <p className="text-[13px] leading-relaxed">[39m
[31m+                     {verificationResult.isValid[39m
[31m+                       ? `Checked sequential block hash connections across all ${verificationResult.totalBlocksVerified} audit ledger records. No database tampering, row injection, or signature modifications were identified.`[39m
[31m+                       : `Ledger validation check failed. Cryptographic hash mismatch or missing blocks. ${verificationResult.error || 'Please contact the system security administrator immediately.'}`}[39m
[31m+                   </p>[39m
[31m+ [39m
[31m+                   {/* Verified Blocks Scrollable List */}[39m
[31m+                   {verificationResult.details && verificationResult.details.length > 0 && ([39m
[31m+                     <div className="max-h-40 space-y-1.5 overflow-y-auto rounded border border-[#e1dfdd] bg-white p-2.5 font-mono text-[11px]">[39m
[31m+                       <div className="mb-1.5 border-b border-[#e1dfdd] pb-1 text-[11px] font-medium uppercase text-[#605e5c]">[39m
[31m+                         Cryptographic signatures checked[39m
[31m+                       </div>[39m
[31m+                       {verificationResult.details.map((vBlock: any, vIdx: number) => ([39m
[31m+                         <div key={vIdx} className="flex items-center justify-between gap-2">[39m
[31m+                           <div className="truncate text-[#605e5c]">[39m
[31m+                             Block #{vBlock.id} ({vBlock.action}):[39m
[31m+                             <span className="ml-1 select-all text-[#8a8886]">{vBlock.storedHash.substring(0, 16)}...</span>[39m
[31m+                           </div>[39m
[31m+                           <span className={`shrink-0 rounded px-1.5 py-0.5 text-[11px] font-medium ${[39m
[31m+                             vBlock.valid[39m
[31m+                               ? 'bg-[#dff6dd] text-[#0e700e]'[39m
[31m+                               : 'bg-[#fdf2f2] text-[#a4262c]'[39m
[31m+                           }`}>[39m
[31m+                             {vBlock.valid ? 'Verified' : 'Corrupt'}[39m
[31m+                           </span>[39m
[31m+                         </div>[39m
[31m+                       ))}[39m
[31m+                     </div>[39m
[31m+                   )}[39m
[31m+                 </div>[39m
[31m+               )}[39m
[31m+ [39m
[31m+               <div className="space-y-2">[39m
[31m+                 {auditChain.length === 0 && <p className="text-[13px] text-[#8a8886]">No audit events recorded yet.</p>}[39m
[31m+                 {auditChain.slice(0, 3).map((blockObj, idx) => ([39m
[31m+                   <div key={idx} className="relative space-y-1 rounded-md border border-[#e1dfdd] bg-[#faf9f8] p-3 font-mono text-[11px] text-[#605e5c]">[39m
[31m+                     <div className="absolute right-2 top-2 rounded bg-[#f3f2f1] px-1.5 py-0.5 text-[11px] font-medium text-[#605e5c]">[39m
[31m+                       Block #{auditChain.length - 1 - idx}[39m
[31m+                     </div>[39m
[31m+                     <div className="flex gap-2">[39m
[31m+                       <span className="font-medium uppercase text-[#0f6cbd]">Event:</span>[39m
[31m+                       <span className="font-medium text-[#201f1e]">[39m
[31m+                         {blockObj.block?.actionType || blockObj.block?.action || 'Genesis node initiated'}[39m
[31m+                       </span>[39m
[31m+                     </div>[39m
[31m+                     {blockObj.block?.userEmail && ([39m
[31m+                       <div className="flex gap-2">[39m
[31m+                         <span className="text-[#8a8886]">Identity:</span>[39m
[31m+                         <span className="font-medium text-[#323130]">{blockObj.block?.userEmail}</span>[39m
[31m+                       </div>[39m
[31m+                     )}[39m
[31m+                     <div className="space-y-0.5">[39m
[31m+                       <div className="flex gap-2 truncate">[39m
[31m+                         <span className="shrink-0 font-medium uppercase text-[#8a8886]">Block hash:</span>[39m
[31m+                         <span className="select-all truncate text-[#0f6cbd]">{blockObj.hash}</span>[39m
[31m+                       </div>[39m
[31m+                       <div className="flex gap-2 truncate">[39m
[31m+                         <span className="shrink-0 uppercase text-[#8a8886]">Prev hash:</span>[39m
[31m+                         <span className="select-all truncate text-[#605e5c]">{blockObj.previousHash}</span>[39m
[31m+                       </div>[39m
[31m+                     </div>[39m
[31m+                   </div>[39m
[31m+                 ))}[39m
[31m+               </div>[39m
[31m+             </div>[39m
[31m+ [39m
[31m+             {/* Security Credentials settings */}[39m
[31m+             <div className="rounded-md border border-[#e1dfdd] bg-white p-4 space-y-3">[39m
[31m+               <h3 className="flex items-center gap-1.5 border-b border-[#e1dfdd] pb-2 text-[14px] font-semibold text-[#201f1e]">[39m
[31m+                 <KeyRound className="h-4 w-4 text-[#0f6cbd]" />[39m
[31m+                 <span>Operator authentication & security keys</span>[39m
[31m+               </h3>[39m
[31m+ [39m
[31m+               <div className="space-y-3 text-[13px]">[39m
[31m+                 <div className="flex items-center justify-between gap-4">[39m
[31m+                   <div>[39m
[31m+                     <span className="block font-medium text-[#323130]">Enforce multi-factor authentication (MFA)</span>[39m
[31m+                     <p className="text-[12px] text-[#605e5c]">All MSP users must provide TOTP codes on logon.</p>[39m
[31m+                   </div>[39m
[31m+                   <button[39m
[31m+                     onClick={() => setMfaEnabled(!mfaEnabled)}[39m
[31m+                     className={`inline-flex h-8 items-center gap-1.5 rounded border px-2.5 text-[12px] font-medium ${[39m
[31m+                       mfaEnabled ? 'border-[#c8c6c4] bg-[#dff6dd] text-[#0e700e]' : 'border-[#c8c6c4] bg-[#f3f2f1] text-[#605e5c]'[39m
[31m+                     }`}[39m
[31m+                   >[39m
[31m+                     <span className={`h-1.5 w-1.5 rounded-full ${mfaEnabled ? 'bg-[#0e700e]' : 'bg-[#8a8886]'}`} />[39m
[31m+                     {mfaEnabled ? 'MFA enabled' : 'MFA disabled'}[39m
[31m+                   </button>[39m
[31m+                 </div>[39m
[31m+ [39m
[31m+                 <div className="flex items-center justify-between gap-4 border-t border-[#e1dfdd] pt-3">[39m
[31m+                   <div>[39m
[31m+                     <span className="block font-medium text-[#323130]">Cryptographic PGP auditing key (private)</span>[39m
[31m+                     <p className="text-[12px] text-[#605e5c]">Used for signing generated software passports and audit attestations.</p>[39m
[31m+                   </div>[39m
[31m+                   <button className="inline-flex h-8 items-center rounded border border-[#c8c6c4] px-3 text-[13px] font-medium text-[#323130] hover:bg-black/[.03]">[39m
[31m+                     Regenerate sign key[39m
[31m+                   </button>[39m
[31m+                 </div>[39m
[31m+ [39m
[31m+                 <div className="flex items-center justify-between gap-4 rounded-md border border-[#a4262c]/30 bg-[#fdf2f2] p-3">[39m
[31m+                   <div>[39m
[31m+                     <span className="flex items-center gap-1.5 font-semibold text-[#a4262c]">[39m
[31m+                       <Shield className="h-3.5 w-3.5" /> Tenant offboarding & data deletion (DPA compliance)[39m
[31m+                     </span>[39m
[31m+                     <p className="mt-1 text-[12px] text-[#605e5c]">[39m
[31m+                       Cascading-delete all client lists, passports, vulnerability logs, and active integrations. This action is immediate and irreversible under GDPR/DPA compliance standards.[39m
[31m+                     </p>[39m
[31m+                   </div>[39m
[31m+                   <button[39m
[31m+                     onClick={handleOffboardTenant}[39m
[31m+                     disabled={!isOwner || offboarding}[39m
[31m+                     title={!isOwner ? `Your ${currentRole} role cannot offboard this workspace. Owner is required.` : undefined}[39m
[31m+                     className="inline-flex h-9 shrink-0 items-center rounded bg-[#a4262c] px-3 text-[13px] font-medium text-white hover:bg-[#8a1f24] disabled:cursor-not-allowed disabled:opacity-50"[39m
[31m+                   >[39m
[31m+                     {offboarding ? 'Purging…' : 'Offboard workspace'}[39m
[31m+                   </button>[39m
[31m+                 </div>[39m
[31m+               </div>[39m
[31m+             </div>[39m
[31m+ [39m
[31m+             <div className="flex items-center justify-end gap-3">[39m
[31m+               {saveSuccess && ([39m
[31m+                 <span className="flex items-center gap-1.5 text-[12px] font-medium text-[#8a5700]">[39m
[31m+                   <CheckCircle className="h-3.5 w-3.5" />[39m
[31m+                   <span>Not saved to a server — these fields are local to this browser session only.</span>[39m
[31m+                 </span>[39m
[31m+               )}[39m
[31m+               <button[39m
[31m+                 onClick={handleSaveSettings}[39m
[31m+                 title="These settings are not persisted to a backend yet."[39m
[31m+                 className="inline-flex h-9 items-center rounded bg-[#0f6cbd] px-4 text-[13px] font-medium text-white hover:bg-[#004578]"[39m
[31m+               >[39m
[31m+                 Save platform settings[39m
[31m+               </button>[39m
[31m+             </div>[39m
[31m+           </div>[39m
[31m+ [39m
[31m+           {/* Right Column: Information panel & Live CI/CD Diagnostics */}[39m
[31m+           <div className="space-y-4">[39m
[31m+ [39m
[31m+             {/* Active Login Audit Trail Panel */}[39m
[31m+             <div className="rounded-md border border-[#e1dfdd] bg-white p-4 space-y-3">[39m
[31m+               <h3 className="flex items-center gap-1.5 border-b border-[#e1dfdd] pb-2 text-[14px] font-semibold text-[#201f1e]">[39m
[31m+                 <Fingerprint className="h-4 w-4 text-[#0f6cbd]" />[39m
[31m+                 <span>Real-time login audit trail</span>[39m
[31m+               </h3>[39m
[31m+ [39m
[31m+               <div className="max-h-72 space-y-2 overflow-y-auto">[39m
[31m+                 {history.map((log) => ([39m
[31m+                   <div key={log.id} className="space-y-1 rounded-md border border-[#e1dfdd] bg-[#faf9f8] p-2.5 text-[12px]">[39m
[31m+                     <div className="flex items-center justify-between">[39m
[31m+                       <span className="max-w-36 truncate font-medium text-[#323130]">{log.email}</span>[39m
[31m+                       <span className={`rounded px-1.5 py-0.5 text-[11px] font-medium ${[39m
[31m+                         log.status === 'Verified' ? 'bg-[#dff6dd] text-[#0e700e]' : 'bg-[#fdf2f2] text-[#a4262c]'[39m
[31m+                       }`}>[39m
[31m+                         {log.status}[39m
[31m+                       </span>[39m
[31m+                     </div>[39m
[31m+                     <div className="text-[#605e5c]">[39m
[31m+                       <span className="block">{log.action}</span>[39m
[31m+                       <span className="mt-0.5 block text-[11px] text-[#8a8886]">{new Date(log.timestamp).toLocaleString()}</span>[39m
[31m+                     </div>[39m
[31m+                     <div className="flex justify-between border-t border-[#e1dfdd] pt-1 text-[11px] text-[#8a8886]">[39m
[31m+                       <span>IP: {log.ip}</span>[39m
[31m+                       <span>Loc: {log.location}</span>[39m
[31m+                     </div>[39m
[31m+                   </div>[39m
[31m+                 ))}[39m
[31m+                 {history.length === 0 && ([39m
[31m+                   <p className="py-4 text-center text-[13px] text-[#8a8886]">No audit logs identified.</p>[39m
[31m+                 )}[39m
[31m+               </div>[39m
[31m+             </div>[39m
[31m+ [39m
[31m+             <div className="rounded-md border border-[#e1dfdd] bg-white p-4 space-y-3">[39m
[31m+               <h3 className="flex items-center gap-1.5 border-b border-[#e1dfdd] pb-2 text-[14px] font-semibold text-[#201f1e]">[39m
[31m+                 <Shield className="h-4 w-4 text-[#8a8886]" />[39m
[31m+                 <span>Platform pedigree coordinates</span>[39m
[31m+               </h3>[39m
[31m+ [39m
[31m+               <div className="space-y-2 text-[13px] text-[#605e5c]">[39m
[31m+                 <div className="flex justify-between border-b border-[#f3f2f1] pb-1.5">[39m
[31m+                   <span>Portal service</span>[39m
[31m+                   <span className="font-medium text-[#323130]">SPR-CORE-VM</span>[39m
[31m+                 </div>[39m
[31m+                 <div className="flex justify-between border-b border-[#f3f2f1] pb-1.5">[39m
[31m+                   <span>Compilation</span>[39m
[31m+                   <span className="font-medium text-[#323130]">Docker prod v2.4</span>[39m
[31m+                 </div>[39m
[31m+                 <div className="flex justify-between pb-1.5">[39m
[31m+                   <span>SLA compliance</span>[39m
[31m+                   <span className="font-medium text-[#0e700e]">99.98%</span>[39m
[31m+                 </div>[39m
[31m+               </div>[39m
[31m+             </div>[39m
[31m+ [39m
[31m+             <div className="rounded-md border border-[#e1dfdd] bg-white p-4 space-y-3">[39m
[31m+               <h3 className="flex items-center gap-1.5 border-b border-[#e1dfdd] pb-2 text-[14px] font-semibold text-[#201f1e]">[39m
[31m+                 <CheckCircle className="h-4 w-4 text-[#0e700e]" />[39m
[31m+                 <span>Readiness diagnostics</span>[39m
[31m+               </h3>[39m
[31m+               <p className="text-[13px] text-[#605e5c]">[39m
[31m+                 Checks live database connectivity via the same /api/ready probe an orchestrator uses. This does not verify row-level isolation, OAuth handshakes, or API quota — those have no self-check endpoint yet.[39m
[31m+               </p>[39m
[31m+ [39m
[31m+               <button[39m
[31m+                 onClick={runDiagnosticSuite}[39m
[31m+                 disabled={testing}[39m
[31m+                 className="h-9 w-full rounded border border-[#c8c6c4] text-[13px] font-medium text-[#323130] hover:bg-black/[.03] disabled:opacity-60"[39m
[31m+               >[39m
[31m+                 {testing ? 'Checking…' : 'Check readiness'}[39m
[31m+               </button>[39m
[31m+ [39m
[31m+               {testResults.length > 0 && ([39m
[31m+                 <div className="space-y-2 border-t border-[#e1dfdd] pt-2">[39m
[31m+                   {testResults.map((t: any, idx: number) => ([39m
[31m+                     <div key={idx} className="space-y-0.5 text-[12px]">[39m
[31m+                       <div className="flex items-center justify-between">[39m
[31m+                         <span className="font-medium text-[#323130]">{t.name}</span>[39m
[31m+                         <span className={`rounded px-1.5 py-0.5 text-[11px] font-medium ${[39m
[31m+                           t.status === 'PASS' ? 'bg-[#dff6dd] text-[#0e700e]' : 'bg-[#fdf2f2] text-[#a4262c]'[39m
[31m+                         }`}>[39m
[31m+                           {t.status}[39m
[31m+                         </span>[39m
[31m+                       </div>[39m
[31m+                       <p className="leading-snug text-[#605e5c]">{t.details}</p>[39m
[31m+                     </div>[39m
[31m+                   ))}[39m
[31m+                 </div>[39m
[31m+               )}[39m
[31m+             </div>[39m
[31m+           </div>[39m
[31m+         </div>[39m
[31m+       ) : activeSubTab === 'organization' ? ([39m
[31m+         <div className="grid grid-cols-1 lg:grid-cols-3 gap-4">[39m
[31m+           {/* Profile Management Section */}[39m
[31m+           <div className="lg:col-span-1 space-y-4">[39m
[31m+             <div className="rounded-md border border-[#e1dfdd] bg-white p-4 space-y-3">[39m
[31m+               <h3 className="flex items-center gap-1.5 border-b border-[#e1dfdd] pb-2 text-[14px] font-semibold text-[#201f1e]">[39m
[31m+                 <Sliders className="h-4 w-4 text-[#0f6cbd]" />[39m
[31m+                 <span>User profile credentials</span>[39m
[31m+               </h3>[39m
[31m+ [39m
[31m+               {teamError && ([39m
[31m+                 <div className="flex gap-2 rounded-md border border-[#a4262c]/30 bg-[#fdf2f2] p-3 text-[13px] text-[#a4262c]">[39m
[31m+                   <ShieldAlert className="h-3.5 w-3.5 shrink-0" />[39m
[31m+                   <p>{teamError}</p>[39m
[31m+                 </div>[39m
[31m+               )}[39m
[31m+ [39m
[31m+               {teamSuccess && ([39m
[31m+                 <div className="flex gap-2 rounded-md border border-[#0e700e]/30 bg-[#dff6dd] p-3 text-[13px] text-[#0e700e]">[39m
[31m+                   <CheckCircle2 className="h-3.5 w-3.5 shrink-0" />[39m
[31m+                   <p>{teamSuccess}</p>[39m
[31m+                 </div>[39m
[31m+               )}[39m
[31m+ [39m
[31m+               {editingProfile ? ([39m
[31m+                 <form onSubmit={handleSaveProfile} className="space-y-3">[39m
[31m+                   <div className="flex flex-col gap-1">[39m
[31m+                     <label className="text-[12px] font-medium text-[#605e5c]">Display name</label>[39m
[31m+                     <input[39m
[31m+                       type="text"[39m
[31m+                       required[39m
[31m+                       value={profileName}[39m
[31m+                       onChange={(e) => setProfileName(e.target.value)}[39m
[31m+                       className="h-9 w-full rounded border border-[#c8c6c4] px-2.5 text-[13px] focus:border-[#0f6cbd] focus:outline-none focus:ring-1 focus:ring-[#0f6cbd]"[39m
[31m+                     />[39m
[31m+                   </div>[39m
[31m+ [39m
[31m+                   <div className="flex flex-col gap-1">[39m
[31m+                     <label className="text-[12px] font-medium text-[#605e5c]">Corporate job title</label>[39m
[31m+                     <input[39m
[31m+                       type="text"[39m
[31m+                       required[39m
[31m+                       value={profileJobTitle}[39m
[31m+                       onChange={(e) => setProfileJobTitle(e.target.value)}[39m
[31m+                       className="h-9 w-full rounded border border-[#c8c6c4] px-2.5 text-[13px] focus:border-[#0f6cbd] focus:outline-none focus:ring-1 focus:ring-[#0f6cbd]"[39m
[31m+                     />[39m
[31m+                   </div>[39m
[31m+ [39m
[31m+                   <div className="flex flex-col gap-1">[39m
[31m+                     <label className="text-[12px] font-medium text-[#605e5c]">Organization name</label>[39m
[31m+                     <input[39m
[31m+                       type="text"[39m
[31m+                       required[39m
[31m+                       value={profileCompany}[39m
[31m+                       onChange={(e) => setProfileCompany(e.target.value)}[39m
[31m+                       className="h-9 w-full rounded border border-[#c8c6c4] px-2.5 text-[13px] focus:border-[#0f6cbd] focus:outline-none focus:ring-1 focus:ring-[#0f6cbd]"[39m
[31m+                     />[39m
[31m+                   </div>[39m
[31m+ [39m
[31m+                   <div className="flex justify-end gap-2 pt-1">[39m
[31m+                     <button[39m
[31m+                       type="button"[39m
[31m+                       onClick={() => setEditingProfile(false)}[39m
[31m+                       className="inline-flex h-9 items-center rounded border border-[#c8c6c4] px-3 text-[13px] font-medium text-[#323130] hover:bg-black/[.03]"[39m
[31m+                     >[39m
[31m+                       Cancel[39m
[31m+                     </button>[39m
[31m+                     <button[39m
[31m+                       type="submit"[39m
[31m+                       className="inline-flex h-9 items-center rounded bg-[#0f6cbd] px-3 text-[13px] font-medium text-white hover:bg-[#004578]"[39m
[31m+                     >[39m
[31m+                       Save profile[39m
[31m+                     </button>[39m
[31m+                   </div>[39m
[31m+                 </form>[39m
[31m+               ) : ([39m
[31m+                 <div className="space-y-3">[39m
[31m+                   <div className="flex items-center gap-3">[39m
[31m+                     <div className="flex h-11 w-11 items-center justify-center rounded-full border border-[#c8c6c4] bg-[#eff6fc] text-[15px] font-semibold text-[#0f6cbd]">[39m
[31m+                       {profileName ? profileName.substring(0, 2).toUpperCase() : 'U'}[39m
[31m+                     </div>[39m
[31m+                     <div>[39m
[31m+                       <h4 className="text-[14px] font-semibold text-[#201f1e]">[39m
[31m+                         {profileName || 'Active Operator'}[39m
[31m+                       </h4>[39m
[31m+                       <p className="mt-0.5 text-[12px] text-[#605e5c]">[39m
[31m+                         {profileJobTitle || 'Workspace Administrator'}[39m
[31m+                       </p>[39m
[31m+                     </div>[39m
[31m+                   </div>[39m
[31m+ [39m
[31m+                   <div className="space-y-1.5 border-t border-[#e1dfdd] pt-3 text-[12px] text-[#605e5c]">[39m
[31m+                     <div className="flex justify-between">[39m
[31m+                       <span>Email identifier</span>[39m
[31m+                       <span className="select-all font-medium text-[#201f1e]">{profile?.email || 'N/A'}</span>[39m
[31m+                     </div>[39m
[31m+                     <div className="flex justify-between">[39m
[31m+                       <span>Active tenant ID</span>[39m
[31m+                       <span className="select-all">{profile?.tenantId || 'global'}</span>[39m
[31m+                     </div>[39m
[31m+                     <div className="flex justify-between">[39m
[31m+                       <span>MSP workspace</span>[39m
[31m+                       <span className="font-medium text-[#201f1e]">{profile?.companyName || 'Not defined'}</span>[39m
[31m+                     </div>[39m
[31m+                   </div>[39m
[31m+ [39m
[31m+                   <button[39m
[31m+                     type="button"[39m
[31m+                     onClick={() => {[39m
[31m+                       setProfileName(profile?.displayName || '');[39m
[31m+                       setProfileJobTitle(profile?.roleTitle || '');[39m
[31m+                       setProfileCompany(profile?.companyName || '');[39m
[31m+                       setEditingProfile(true);[39m
[31m+                     }}[39m
[31m+                     className="h-9 w-full rounded border border-[#c8c6c4] text-[13px] font-medium text-[#323130] hover:bg-black/[.03]"[39m
[31m+                   >[39m
[31m+                     Edit profile details[39m
[31m+                   </button>[39m
[31m+                 </div>[39m
[31m+               )}[39m
[31m+             </div>[39m
[31m+ [39m
[31m+             <div className="rounded-md border border-[#e1dfdd] bg-[#faf9f8] p-4 space-y-2">[39m
[31m+               <h4 className="text-[12px] font-semibold uppercase tracking-wide text-[#605e5c]">[39m
[31m+                 Authorized role hierarchy[39m
[31m+               </h4>[39m
[31m+               <p className="text-[12px] leading-relaxed text-[#605e5c]">[39m
[31m+                 RBAC enforces strict isolation gates. Permissions cascade in order: <strong className="text-[#323130]">Owner &gt; Admin &gt; Technician &gt; Viewer &gt; Client</strong>. Modifying team permissions automatically triggers a cryptographic token invalidation audit block.[39m
[31m+               </p>[39m
[31m+             </div>[39m
[31m+           </div>[39m
[31m+ [39m
[31m+           {/* Organization & Team Access List Section */}[39m
[31m+           <div className="lg:col-span-2 space-y-4">[39m
[31m+             {/* Invite form card */}[39m
[31m+             <div className="rounded-md border border-[#e1dfdd] bg-white p-4 space-y-3">[39m
[31m+               <h3 className="flex items-center gap-1.5 border-b border-[#e1dfdd] pb-2 text-[14px] font-semibold text-[#201f1e]">[39m
[31m+                 <PlusCircle className="h-4 w-4 text-[#0f6cbd]" />[39m
[31m+                 <span>Invite new MSP team member</span>[39m
[31m+               </h3>[39m
[31m+ [39m
[31m+               <form onSubmit={handleInviteMember} className="flex flex-col gap-3 md:flex-row md:items-end">[39m
[31m+                 <div className="flex flex-1 flex-col gap-1">[39m
[31m+                   <label className="text-[12px] font-medium text-[#605e5c]">[39m
[31m+                     Email address[39m
[31m+                   </label>[39m
[31m+                   <input[39m
[31m+                     type="email"[39m
[31m+                     required[39m
[31m+                     placeholder="e.g. associate@company.com"[39m
[31m+                     value={inviteEmail}[39m
[31m+                     onChange={(e) => setInviteEmail(e.target.value)}[39m
[31m+                     className="h-9 w-full rounded border border-[#c8c6c4] px-2.5 text-[13px] focus:border-[#0f6cbd] focus:outline-none focus:ring-1 focus:ring-[#0f6cbd]"[39m
[31m+                   />[39m
[31m+                 </div>[39m
[31m+ [39m
[31m+                 <div className="flex w-full flex-col gap-1 md:w-44">[39m
[31m+                   <label className="text-[12px] font-medium text-[#605e5c]">[39m
[31m+                     Security role[39m
[31m+                   </label>[39m
[31m+                   <select[39m
[31m+                     value={inviteRole}[39m
[31m+                     onChange={(e) => setInviteRole(e.target.value)}[39m
[31m+                     className="h-9 w-full rounded border border-[#c8c6c4] px-2.5 text-[13px] focus:border-[#0f6cbd] focus:outline-none focus:ring-1 focus:ring-[#0f6cbd]"[39m
[31m+                   >[39m
[31m+                     <option value="Admin">Admin</option>[39m
[31m+                     <option value="Technician">Technician</option>[39m
[31m+                     <option value="Viewer">Viewer</option>[39m
[31m+                     <option value="Client">Client</option>[39m
[31m+                   </select>[39m
[31m+                 </div>[39m
[31m+ [39m
[31m+                 <button[39m
[31m+                   type="submit"[39m
[31m+                   disabled={!canManageTeam}[39m
[31m+                   title={!canManageTeam ? `Your ${currentRole} role cannot invite team members.` : undefined}[39m
[31m+                   className="inline-flex h-9 shrink-0 items-center rounded bg-[#0f6cbd] px-4 text-[13px] font-medium text-white hover:bg-[#004578] disabled:cursor-not-allowed disabled:opacity-50"[39m
[31m+                 >[39m
[31m+                   Send invitation[39m
[31m+                 </button>[39m
[31m+               </form>[39m
[31m+               {!canManageTeam && <p className="text-[12px] text-[#8a5700]">Your {currentRole} role has read-only team access.</p>}[39m
[31m+             </div>[39m
[31m+ [39m
[31m+             {/* Team Members List Card */}[39m
[31m+             <div className="rounded-md border border-[#e1dfdd] bg-white p-4 space-y-3">[39m
[31m+               <h3 className="flex items-center justify-between border-b border-[#e1dfdd] pb-2 text-[14px] font-semibold text-[#201f1e]">[39m
[31m+                 <span className="flex items-center gap-1.5">[39m
[31m+                   <Lock className="h-4 w-4 text-[#0f6cbd]" />[39m
[31m+                   <span>Workspace associates</span>[39m
[31m+                 </span>[39m
[31m+                 <span className="rounded border border-[#c8c6c4] bg-[#eff6fc] px-2 py-0.5 text-[12px] font-medium text-[#0f6cbd]">[39m
[31m+                   {teamMembers.length} registered[39m
[31m+                 </span>[39m
[31m+               </h3>[39m
[31m+ [39m
[31m+               <div className="overflow-x-auto">[39m
[31m+                 <table className="w-full border-collapse text-left text-[13px]">[39m
[31m+                   <thead>[39m
[31m+                     <tr className="border-b border-[#e1dfdd] text-[11px] uppercase tracking-wide text-[#605e5c]">[39m
[31m+                       <th className="py-2 font-medium">User details</th>[39m
[31m+                       <th className="py-2 font-medium">Authority role</th>[39m
[31m+                       <th className="py-2 text-right font-medium">Actions</th>[39m
[31m+                     </tr>[39m
[31m+                   </thead>[39m
[31m+                   <tbody>[39m
[31m+                     {teamMembers.map((member) => ([39m
[31m+                       <tr key={member.id} className="border-b border-[#f3f2f1] hover:bg-black/[.02]">[39m
[31m+                         <td className="py-2.5 pr-3">[39m
[31m+                           <div className="flex items-center gap-2.5">[39m
[31m+                             <div className="flex h-8 w-8 shrink-0 items-center justify-center rounded-full border border-[#c8c6c4] bg-[#f3f2f1] text-[12px] font-semibold text-[#605e5c]">[39m
[31m+                               {member.displayName ? member.displayName.substring(0, 2).toUpperCase() : member.email.substring(0, 2).toUpperCase()}[39m
[31m+                             </div>[39m
[31m+                             <div>[39m
[31m+                               <span className="block font-medium text-[#201f1e]">[39m
[31m+                                 {member.displayName || 'Pending registration'}[39m
[31m+                               </span>[39m
[31m+                               <span className="block select-all text-[12px] text-[#8a8886]">[39m
[31m+                                 {member.email}[39m
[31m+                               </span>[39m
[31m+                             </div>[39m
[31m+                           </div>[39m
[31m+                         </td>[39m
[31m+                         <td className="py-2.5">[39m
[31m+                           {member.role === 'Owner' ? ([39m
[31m+                             <span className="rounded border border-[#c8c6c4] bg-[#eff6fc] px-2 py-0.5 text-[12px] font-medium text-[#0f6cbd]">[39m
[31m+                               Owner (root)[39m
[31m+                             </span>[39m
[31m+                           ) : ([39m
[31m+                             <select[39m
[31m+                               value={member.role}[39m
[31m+                               disabled={!canManageTeam}[39m
[31m+                               title={!canManageTeam ? `Your ${currentRole} role cannot change roles.` : undefined}[39m
[31m+                               onChange={(e) => handleUpdateMemberRole(member.id, e.target.value)}[39m
[31m+                               className="rounded border border-[#c8c6c4] p-1 text-[12px] text-[#323130] focus:border-[#0f6cbd] focus:outline-none disabled:cursor-not-allowed disabled:opacity-50"[39m
[31m+                             >[39m
[31m+                               <option value="Admin">Admin</option>[39m
[31m+                               <option value="Technician">Technician</option>[39m
[31m+                               <option value="Viewer">Viewer</option>[39m
[31m+                               <option value="Client">Client</option>[39m
[31m+                             </select>[39m
[31m+                           )}[39m
[31m+                         </td>[39m
[31m+                         <td className="py-2.5 text-right">[39m
[31m+                           {member.role !== 'Owner' && member.id !== profile?.id && canManageTeam && ([39m
[31m+                             <button[39m
[31m+                               onClick={() => handleRemoveMember(member.id)}[39m
[31m+                               className="rounded border border-[#a4262c]/30 px-2.5 py-1 text-[12px] font-medium text-[#a4262c] hover:bg-[#fdf2f2]"[39m
[31m+                             >[39m
[31m+                               Revoke access[39m
[31m+                             </button>[39m
[31m+                           )}[39m
[31m+                         </td>[39m
[31m+                       </tr>[39m
[31m+                     ))}[39m
[31m+                     {teamMembers.length === 0 && ([39m
[31m+                       <tr>[39m
[31m+                         <td colSpan={3} className="py-6 text-center text-[#8a8886]">[39m
[31m+                           {loadingTeam ? 'Securing team data…' : 'No other associates mapped to this workspace.'}[39m
[31m+                         </td>[39m
[31m+                       </tr>[39m
[31m+                     )}[39m
[31m+                   </tbody>[39m
[31m+                 </table>[39m
[31m+               </div>[39m
[31m+             </div>[39m
[31m+           </div>[39m
[31m+         </div>[39m
[31m+       ) : ([39m
[31m+         <div className="space-y-4" id="product-master-bible-container">[39m
[31m+           {/* Welcome Alert / Info Bar */}[39m
[31m+           <details className="rounded-md border border-[#e1dfdd] bg-[#faf9f8] text-[13px]">[39m
[31m+             <summary className="cursor-pointer select-none px-3 py-2 font-medium text-[#323130]">What is this? &middot; How the Master Bible works</summary>[39m
[31m+             <div className="px-3 pb-3 text-[#605e5c]">[39m
[31m+               <p>The Master Bible defines standard secure baseline versions, permitted/copyleft licenses, risk classifications, and operational NIST/ISO security safeguard guidelines. Ingested software passports are checked against these standards to prevent compliance violations.</p>[39m
[31m+               <ol className="mt-1.5 list-decimal space-y-0.5 pl-4">[39m
[31m+                 <li>Policy reference: NIST SP 800-53 r5.</li>[39m
[31m+                 <li>Legal stance: SSPL/AGPL copyleft blocked.</li>[39m
[31m+                 <li>Baseline updates: automated daily RSS synchronizations.</li>[39m
[31m+               </ol>[39m
[31m+             </div>[39m
[31m+           </details>[39m
[31m+ [39m
[31m+           {/* Grid Layout: Left Column = Product Bible Directory, Right Column = Selected Specifications & Sandbox Compliance Auditor */}[39m
[31m+           <div className="grid grid-cols-1 lg:grid-cols-3 gap-4">[39m
[31m+ [39m
[31m+             {/* Left Column: List of Products with Search & Add option */}[39m
[31m+             <div className="lg:col-span-1 space-y-3">[39m
[31m+               <div className="rounded-md border border-[#e1dfdd] bg-white p-4 space-y-3">[39m
[31m+                 <div className="flex items-center justify-between">[39m
[31m+                   <div>[39m
[31m+                     <h4 className="text-[14px] font-semibold text-[#201f1e]">Product Bible index</h4>[39m
[31m+                     <p className="text-[12px] text-[#605e5c]">Index of certified system components</p>[39m
[31m+                   </div>[39m
[31m+                   <button[39m
[31m+                     onClick={() => setShowAddBibleProduct(!showAddBibleProduct)}[39m
[31m+                     className="inline-flex items-center gap-1 rounded border border-[#c8c6c4] px-2.5 py-1.5 text-[12px] font-medium text-[#323130] hover:bg-black/[.03]"[39m
[31m+                     title="Register a new software specification"[39m
[31m+                   >[39m
[31m+                     <PlusCircle className="h-3.5 w-3.5" />[39m
[31m+                     <span>Register</span>[39m
[31m+                   </button>[39m
[31m+                 </div>[39m
[31m+ [39m
[31m+                 {/* Quick Search & Filter */}[39m
[31m+                 <div className="space-y-2">[39m
[31m+                   <div className="flex h-9 items-center gap-2 rounded border border-[#c8c6c4] px-2.5 focus-within:border-[#0f6cbd] focus-within:ring-1 focus-within:ring-[#0f6cbd]">[39m
[31m+                     <Search className="h-3.5 w-3.5 text-[#8a8886]" />[39m
[31m+                     <input[39m
[31m+                       type="text"[39m
[31m+                       placeholder="Search specifications..."[39m
[31m+                       value={bibleSearchQuery}[39m
[31m+                       onChange={(e) => setBibleSearchQuery(e.target.value)}[39m
[31m+                       className="w-full bg-transparent text-[13px] text-[#323130] focus:outline-none"[39m
[31m+                     />[39m
[31m+                   </div>[39m
[31m+ [39m
[31m+                   <div className="flex items-center justify-between pt-1 text-[12px] text-[#605e5c]">[39m
[31m+                     <span>Risk filter</span>[39m
[31m+                     <div className="flex gap-1">[39m
[31m+                       {['all', 'low', 'medium', 'high'].map(r => ([39m
[31m+                         <button[39m
[31m+                           key={r}[39m
[31m+                           onClick={() => setBibleFilterRisk(r)}[39m
[31m+                           className={`rounded px-1.5 py-0.5 capitalize ${[39m
[31m+                             bibleFilterRisk === r[39m
[31m+                               ? 'bg-[#eff6fc] font-medium text-[#0f6cbd]'[39m
[31m+                               : 'hover:text-[#323130]'[39m
[31m+                           }`}[39m
[31m+                         >[39m
[31m+                           {r}[39m
[31m+                         </button>[39m
[31m+                       ))}[39m
[31m+                     </div>[39m
[31m+                   </div>[39m
[31m+                 </div>[39m
[31m+ [39m
[31m+                 {/* Add New Specification Form Block */}[39m
[31m+                 {showAddBibleProduct && ([39m
[31m+                   <form onSubmit={handleAddBibleProduct} className="space-y-3 rounded-md border border-[#e1dfdd] bg-[#faf9f8] p-3 text-[13px]">[39m
[31m+                     <h5 className="text-[13px] font-semibold text-[#201f1e]">New standard specification registration</h5>[39m
[31m+ [39m
[31m+                     <div>[39m
[31m+                       <label className="mb-1 block text-[12px] font-medium text-[#605e5c]">Product / package name</label>[39m
[31m+                       <input[39m
[31m+                         type="text"[39m
[31m+                         placeholder="e.g. Apache Kafka"[39m
[31m+                         required[39m
[31m+                         value={newBpName}[39m
[31m+                         onChange={(e) => setNewBpName(e.target.value)}[39m
[31m+                         className="h-9 w-full rounded border border-[#c8c6c4] bg-white px-2.5 text-[13px] focus:border-[#0f6cbd] focus:outline-none focus:ring-1 focus:ring-[#0f6cbd]"[39m
[31m+                       />[39m
[31m+                     </div>[39m
[31m+ [39m
[31m+                     <div className="grid grid-cols-2 gap-2">[39m
[31m+                       <div>[39m
[31m+                         <label className="mb-1 block text-[12px] font-medium text-[#605e5c]">Class type</label>[39m
[31m+                         <select[39m
[31m+                           value={newBpType}[39m
[31m+                           onChange={(e) => setNewBpType(e.target.value)}[39m
[31m+                           className="h-9 w-full rounded border border-[#c8c6c4] bg-white px-2 text-[13px] focus:border-[#0f6cbd] focus:outline-none focus:ring-1 focus:ring-[#0f6cbd]"[39m
[31m+                         >[39m
[31m+                           <option value="Web Infrastructure / Proxy">Web / Proxy</option>[39m
[31m+                           <option value="Database Systems">Database</option>[39m
[31m+                           <option value="Cache Systems">Cache</option>[39m
[31m+                           <option value="Open Source Logging Framework">Logging</option>[39m
[31m+                           <option value="Container Foundations">Container</option>[39m
[31m+                           <option value="Framework Library">Framework</option>[39m
[31m+                         </select>[39m
[31m+                       </div>[39m
[31m+ [39m
[31m+                       <div>[39m
[31m+                         <label className="mb-1 block text-[12px] font-medium text-[#605e5c]">Secure baseline</label>[39m
[31m+                         <input[39m
[31m+                           type="text"[39m
[31m+                           placeholder="e.g. 3.4.0"[39m
[31m+                           required[39m
[31m+                           value={newBpVersion}[39m
[31m+                           onChange={(e) => setNewBpVersion(e.target.value)}[39m
[31m+                           className="h-9 w-full rounded border border-[#c8c6c4] bg-white px-2.5 text-[13px] focus:border-[#0f6cbd] focus:outline-none focus:ring-1 focus:ring-[#0f6cbd]"[39m
[31m+                         />[39m
[31m+                       </div>[39m
[31m+                     </div>[39m
[31m+ [39m
[31m+                     <div>[39m
[31m+                       <label className="mb-1 block text-[12px] font-medium text-[#605e5c]">Permitted licenses</label>[39m
[31m+                       <input[39m
[31m+                         type="text"[39m
[31m+                         value={newBpAllowedLics}[39m
[31m+                         onChange={(e) => setNewBpAllowedLics(e.target.value)}[39m
[31m+                         className="h-9 w-full rounded border border-[#c8c6c4] bg-white px-2.5 font-mono text-[12px] focus:border-[#0f6cbd] focus:outline-none focus:ring-1 focus:ring-[#0f6cbd]"[39m
[31m+                       />[39m
[31m+                       <p className="mt-1 text-[11px] text-[#8a8886]">Comma-separated SPDX identifiers.</p>[39m
[31m+                     </div>[39m
[31m+ [39m
[31m+                     <div>[39m
[31m+                       <label className="mb-1 block text-[12px] font-medium text-[#605e5c]">Prohibited copylefts</label>[39m
[31m+                       <input[39m
[31m+                         type="text"[39m
[31m+                         value={newBpDisallowedLics}[39m
[31m+                         onChange={(e) => setNewBpDisallowedLics(e.target.value)}[39m
[31m+                         className="h-9 w-full rounded border border-[#c8c6c4] bg-white px-2.5 font-mono text-[12px] focus:border-[#0f6cbd] focus:outline-none focus:ring-1 focus:ring-[#0f6cbd]"[39m
[31m+                       />[39m
[31m+                     </div>[39m
[31m+ [39m
[31m+                     <div className="grid grid-cols-2 gap-2">[39m
[31m+                       <div>[39m
[31m+                         <label className="mb-1 block text-[12px] font-medium text-[#605e5c]">Risk tier</label>[39m
[31m+                         <select[39m
[31m+                           value={newBpRisk}[39m
[31m+                           onChange={(e) => setNewBpRisk(e.target.value as any)}[39m
[31m+                           className="h-9 w-full rounded border border-[#c8c6c4] bg-white px-2 text-[13px] focus:border-[#0f6cbd] focus:outline-none focus:ring-1 focus:ring-[#0f6cbd]"[39m
[31m+                         >[39m
[31m+                           <option value="Low">Low</option>[39m
[31m+                           <option value="Medium">Medium</option>[39m
[31m+                           <option value="High">High</option>[39m
[31m+                         </select>[39m
[31m+                       </div>[39m
[31m+ [39m
[31m+                       <div>[39m
[31m+                         <label className="mb-1 block text-[12px] font-medium text-[#605e5c]">Target compliance</label>[39m
[31m+                         <input[39m
[31m+                           type="text"[39m
[31m+                           placeholder="e.g. HIPAA CC4 / ISO"[39m
[31m+                           value={newBpCompliance}[39m
[31m+                           onChange={(e) => setNewBpCompliance(e.target.value)}[39m
[31m+                           className="h-9 w-full rounded border border-[#c8c6c4] bg-white px-2.5 text-[13px] focus:border-[#0f6cbd] focus:outline-none focus:ring-1 focus:ring-[#0f6cbd]"[39m
[31m+                         />[39m
[31m+                       </div>[39m
[31m+                     </div>[39m
[31m+ [39m
[31m+                     <div>[39m
[31m+                       <label className="mb-1 block text-[12px] font-medium text-[#605e5c]">Operational safeguard policy</label>[39m
[31m+                       <textarea[39m
[31m+                         rows={2}[39m
[31m+                         placeholder="Safeguards required..."[39m
[31m+                         value={newBpSafeguard}[39m
[31m+                         onChange={(e) => setNewBpSafeguard(e.target.value)}[39m
[31m+                         className="w-full rounded border border-[#c8c6c4] bg-white px-2.5 py-2 text-[13px] focus:border-[#0f6cbd] focus:outline-none focus:ring-1 focus:ring-[#0f6cbd]"[39m
[31m+                       />[39m
[31m+                     </div>[39m
[31m+ [39m
[31m+                     <div className="flex justify-end gap-2 pt-1">[39m
[31m+                       <button[39m
[31m+                         type="button"[39m
[31m+                         onClick={() => setShowAddBibleProduct(false)}[39m
[31m+                         className="inline-flex h-9 items-center rounded border border-[#c8c6c4] px-3 text-[13px] font-medium text-[#323130] hover:bg-black/[.03]"[39m
[31m+                       >[39m
[31m+                         Cancel[39m
[31m+                       </button>[39m
[31m+                       <button[39m
[31m+                         type="submit"[39m
[31m+                         className="inline-flex h-9 items-center gap-1.5 rounded bg-[#0f6cbd] px-3 text-[13px] font-medium text-white hover:bg-[#004578]"[39m
[31m+                       >[39m
[31m+                         <Check className="h-3.5 w-3.5" />[39m
[31m+                         <span>Register spec</span>[39m
[31m+                       </button>[39m
[31m+                     </div>[39m
[31m+                   </form>[39m
[31m+                 )}[39m
[31m+ [39m
[31m+                 {/* List of Specs */}[39m
[31m+                 <div className="max-h-[400px] space-y-1 overflow-y-auto">[39m
[31m+                   {filteredBibleProducts.length === 0 ? ([39m
[31m+                     <p className="py-6 text-center text-[12px] text-[#8a8886]">No matching standard specifications found.</p>[39m
[31m+                   ) : ([39m
[31m+                     filteredBibleProducts.map(bp => {[39m
[31m+                       const isSelected = bp.id === selectedBibleProductId;[39m
[31m+                       return ([39m
[31m+                         <button[39m
[31m+                           key={bp.id}[39m
[31m+                           onClick={() => setSelectedBibleProductId(bp.id)}[39m
[31m+                           className={`flex w-full items-center justify-between rounded border p-2.5 text-left text-[13px] ${[39m
[31m+                             isSelected[39m
[31m+                               ? 'border-[#0f6cbd] bg-[#eff6fc] text-[#0f6cbd]'[39m
[31m+                               : 'border-[#e1dfdd] bg-white text-[#323130] hover:bg-black/[.02]'[39m
[31m+                           }`}[39m
[31m+                         >[39m
[31m+                           <div className="min-w-0">[39m
[31m+                             <p className="truncate leading-snug">{bp.name}</p>[39m
[31m+                             <span className="mt-0.5 block text-[11px] text-[#8a8886]">{bp.type}</span>[39m
[31m+                           </div>[39m
[31m+ [39m
[31m+                           <div className="ml-2 flex shrink-0 items-center gap-1.5">[39m
[31m+                             <span className={`rounded px-1.5 py-0.5 text-[11px] font-medium ${[39m
[31m+                               bp.riskTier === 'High' ? 'bg-[#fdf2f2] text-[#a4262c]' :[39m
[31m+                               bp.riskTier === 'Medium' ? 'bg-[#fff4ce] text-[#8a5700]' :[39m
[31m+                               'bg-[#dff6dd] text-[#0e700e]'[39m
[31m+                             }`}>[39m
[31m+                               {bp.riskTier}[39m
[31m+                             </span>[39m
[31m+                             <ChevronRight className={`h-3.5 w-3.5 ${isSelected ? 'text-[#0f6cbd]' : 'text-[#8a8886]'}`} />[39m
[31m+                           </div>[39m
[31m+                         </button>[39m
[31m+                       );[39m
[31m+                     })[39m
[31m+                   )}[39m
[31m+                 </div>[39m
[31m+               </div>[39m
[31m+             </div>[39m
[31m+ [39m
[31m+             {/* Right 2 Columns: Specification Details & Interactive Sandbox compliance auditor */}[39m
[31m+             <div className="lg:col-span-2 space-y-4">[39m
[31m+ [39m
[31m+               {/* Card 1: Active Specification detail */}[39m
[31m+               {activeBibleProduct && ([39m
[31m+                 <div className="rounded-md border border-[#e1dfdd] bg-white p-4 space-y-3">[39m
[31m+                   <div className="flex items-start justify-between border-b border-[#e1dfdd] pb-3">[39m
[31m+                     <div>[39m
[31m+                       <span className="text-[11px] font-medium uppercase tracking-wide text-[#0f6cbd]">Approved platform standard spec</span>[39m
[31m+                       <h3 className="mt-1 flex items-center gap-1.5 text-[15px] font-semibold text-[#201f1e]">[39m
[31m+                         <CheckCircle2 className="h-4 w-4 text-[#0e700e]" />[39m
[31m+                         {activeBibleProduct.name}[39m
[31m+                       </h3>[39m
[31m+                       <p className="mt-0.5 text-[12px] text-[#605e5c]">{activeBibleProduct.type}</p>[39m
[31m+                     </div>[39m
[31m+ [39m
[31m+                     <span className="rounded border border-[#c8c6c4] bg-[#eff6fc] px-2 py-0.5 text-[12px] font-medium text-[#0f6cbd]">[39m
[31m+                       Baseline v{activeBibleProduct.baselineSecureVersion}[39m
[31m+                     </span>[39m
[31m+                   </div>[39m
[31m+ [39m
[31m+                   <div className="grid grid-cols-1 gap-4 md:grid-cols-2">[39m
[31m+                     <div className="space-y-3">[39m
[31m+                       <div>[39m
[31m+                         <span className="block text-[11px] font-medium uppercase text-[#605e5c]">Permitted (greenlist) licenses</span>[39m
[31m+                         <div className="mt-1.5 flex flex-wrap gap-1.5">[39m
[31m+                           {activeBibleProduct.allowedLicenses.map((lic: string) => ([39m
[31m+                             <span key={lic} className="rounded border border-[#c8c6c4] bg-[#dff6dd] px-2 py-0.5 text-[11px] font-medium text-[#0e700e]">[39m
[31m+                               {lic}[39m
[31m+                             </span>[39m
[31m+                           ))}[39m
[31m+                           {activeBibleProduct.allowedLicenses.length === 0 && <span className="text-[12px] italic text-[#8a8886]">None specified</span>}[39m
[31m+                         </div>[39m
[31m+                       </div>[39m
[31m+ [39m
[31m+                       <div>[39m
[31m+                         <span className="block text-[11px] font-medium uppercase text-[#605e5c]">Prohibited (blacklisted) licenses</span>[39m
[31m+                         <div className="mt-1.5 flex flex-wrap gap-1.5">[39m
[31m+                           {activeBibleProduct.disallowedLicenses.map((lic: string) => ([39m
[31m+                             <span key={lic} className="rounded border border-[#c8c6c4] bg-[#fdf2f2] px-2 py-0.5 text-[11px] font-medium text-[#a4262c]">[39m
[31m+                               {lic}[39m
[31m+                             </span>[39m
[31m+                           ))}[39m
[31m+                           {activeBibleProduct.disallowedLicenses.length === 0 && <span className="text-[12px] italic text-[#8a8886]">None prohibited</span>}[39m
[31m+                         </div>[39m
[31m+                       </div>[39m
[31m+                     </div>[39m
[31m+ [39m
[31m+                     <div className="space-y-2 rounded-md border border-[#e1dfdd] bg-[#faf9f8] p-3">[39m
[31m+                       <span className="block text-[11px] font-medium uppercase text-[#605e5c]">Target regulatory framework compliance</span>[39m
[31m+                       <p className="text-[13px] font-medium text-[#323130]">{activeBibleProduct.complianceTarget}</p>[39m
[31m+                       <p className="text-[12px] leading-normal text-[#605e5c]">[39m
[31m+                         Ingested components of this product category must be validated in accordance with audit guidelines mapped to this baseline.[39m
[31m+                       </p>[39m
[31m+                     </div>[39m
[31m+                   </div>[39m
[31m+ [39m
[31m+                   <div className="space-y-1.5 rounded-md border border-[#e1dfdd] bg-[#eff6fc] p-3">[39m
[31m+                     <span className="block text-[11px] font-medium uppercase tracking-wide text-[#0f6cbd]">Standard core safeguards policy</span>[39m
[31m+                     <p className="text-[13px] leading-normal text-[#323130]">{activeBibleProduct.safeguardPolicy}</p>[39m
[31m+                   </div>[39m
[31m+                 </div>[39m
[31m+               )}[39m
[31m+ [39m
[31m+               {/* Card 2: Interactive Sandbox Compliance Auditor */}[39m
[31m+               <div className="rounded-md border border-[#e1dfdd] bg-white p-4 space-y-3">[39m
[31m+                 <div>[39m
[31m+                   <h3 className="flex items-center gap-1.5 text-[14px] font-semibold text-[#201f1e]">[39m
[31m+                     <Sparkles className="h-4 w-4 text-[#0f6cbd]" />[39m
[31m+                     <span>Interactive product compliance sandbox</span>[39m
[31m+                   </h3>[39m
[31m+                   <p className="mt-0.5 text-[12px] text-[#605e5c]">[39m
[31m+                     Simulate software ingest requests and instantly check compliance against the Master Product Bible.[39m
[31m+                   </p>[39m
[31m+                 </div>[39m
[31m+ [39m
[31m+                 <div className="grid grid-cols-1 gap-4 md:grid-cols-2">[39m
[31m+                   <div className="space-y-3">[39m
[31m+                     <div>[39m
[31m+                       <label className="mb-1 block text-[12px] font-medium text-[#605e5c]">Select target product class</label>[39m
[31m+                       <select[39m
[31m+                         value={sandboxProduct}[39m
[31m+                         onChange={(e) => {[39m
[31m+                           setSandboxProduct(e.target.value);[39m
[31m+                           const found = bibleProducts.find(bp => bp.name === e.target.value);[39m
[31m+                           if (found) {[39m
[31m+                             setSandboxVersion(found.baselineSecureVersion);[39m
[31m+                             setSandboxLicense(found.allowedLicenses[0] || 'MIT');[39m
[31m+                           }[39m
[31m+                         }}[39m
[31m+                         className="h-9 w-full rounded border border-[#c8c6c4] px-2.5 text-[13px] focus:border-[#0f6cbd] focus:outline-none focus:ring-1 focus:ring-[#0f6cbd]"[39m
[31m+                       >[39m
[31m+                         {bibleProducts.map(bp => ([39m
[31m+                           <option key={bp.id} value={bp.name}>{bp.name}</option>[39m
[31m+                         ))}[39m
[31m+                         <option value="custom">-- Custom/unregistered product --</option>[39m
[31m+                       </select>[39m
[31m+                     </div>[39m
[31m+ [39m
[31m+                     {sandboxProduct === 'custom' && ([39m
[31m+                       <div>[39m
[31m+                         <label className="mb-1 block text-[12px] font-medium text-[#605e5c]">Custom product name</label>[39m
[31m+                         <input[39m
[31m+                           type="text"[39m
[31m+                           placeholder="e.g. Apache Kafka"[39m
[31m+                           value={sandboxCustomName}[39m
[31m+                           onChange={(e) => setSandboxCustomName(e.target.value)}[39m
[31m+                           className="h-9 w-full rounded border border-[#c8c6c4] px-2.5 text-[13px] focus:border-[#0f6cbd] focus:outline-none focus:ring-1 focus:ring-[#0f6cbd]"[39m
[31m+                         />[39m
[31m+                       </div>[39m
[31m+                     )}[39m
[31m+ [39m
[31m+                     <div className="grid grid-cols-2 gap-2">[39m
[31m+                       <div>[39m
[31m+                         <label className="mb-1 block text-[12px] font-medium text-[#605e5c]">Ingested version</label>[39m
[31m+                         <input[39m
[31m+                           type="text"[39m
[31m+                           value={sandboxVersion}[39m
[31m+                           onChange={(e) => setSandboxVersion(e.target.value)}[39m
[31m+                           className="h-9 w-full rounded border border-[#c8c6c4] px-2.5 font-mono text-[13px] focus:border-[#0f6cbd] focus:outline-none focus:ring-1 focus:ring-[#0f6cbd]"[39m
[31m+                           placeholder="e.g. 1.25.0"[39m
[31m+                         />[39m
[31m+                       </div>[39m
[31m+ [39m
[31m+                       <div>[39m
[31m+                         <label className="mb-1 block text-[12px] font-medium text-[#605e5c]">License SPDX</label>[39m
[31m+                         <input[39m
[31m+                           type="text"[39m
[31m+                           value={sandboxLicense}[39m
[31m+                           onChange={(e) => setSandboxLicense(e.target.value)}[39m
[31m+                           className="h-9 w-full rounded border border-[#c8c6c4] px-2.5 font-mono text-[13px] focus:border-[#0f6cbd] focus:outline-none focus:ring-1 focus:ring-[#0f6cbd]"[39m
[31m+                           placeholder="e.g. GPL-3.0-only"[39m
[31m+                         />[39m
[31m+                       </div>[39m
[31m+                     </div>[39m
[31m+ [39m
[31m+                     <div>[39m
[31m+                       <label className="mb-1 block text-[12px] font-medium text-[#605e5c]">Target deploy environment</label>[39m
[31m+                       <div className="grid grid-cols-3 gap-2">[39m
[31m+                         {['Production', 'Staging', 'Development'].map(env => ([39m
[31m+                           <button[39m
[31m+                             key={env}[39m
[31m+                             type="button"[39m
[31m+                             onClick={() => setSandboxEnv(env)}[39m
[31m+                             className={`rounded border p-2 text-center text-[12px] font-medium ${[39m
[31m+                               sandboxEnv === env[39m
[31m+                                 ? 'border-[#0f6cbd] bg-[#eff6fc] text-[#0f6cbd]'[39m
[31m+                                 : 'border-[#c8c6c4] text-[#605e5c] hover:bg-black/[.03]'[39m
[31m+                             }`}[39m
[31m+                           >[39m
[31m+                             {env}[39m
[31m+                           </button>[39m
[31m+                         ))}[39m
[31m+                       </div>[39m
[31m+                     </div>[39m
[31m+ [39m
[31m+                     <button[39m
[31m+                       type="button"[39m
[31m+                       onClick={handleRunSandboxAudit}[39m
[31m+                       className="flex h-9 w-full items-center justify-center gap-1.5 rounded bg-[#0f6cbd] text-[13px] font-medium text-white hover:bg-[#004578]"[39m
[31m+                     >[39m
[31m+                       <Play className="h-3.5 w-3.5" />[39m
[31m+                       <span>Run sandbox compliance attestation</span>[39m
[31m+                     </button>[39m
[31m+                   </div>[39m
[31m+ [39m
[31m+                   {/* Attestation Sandbox Report panel */}[39m
[31m+                   <div className="flex min-h-[240px] flex-col justify-between rounded-md border border-[#e1dfdd] bg-[#faf9f8] p-3">[39m
[31m+                     {sandboxReport ? ([39m
[31m+                       <div className="space-y-3">[39m
[31m+                         <div className="flex items-center justify-between border-b border-[#e1dfdd] pb-2">[39m
[31m+                           <div>[39m
[31m+                             <span className="block text-[11px] font-medium text-[#605e5c]">Attestation report</span>[39m
[31m+                             <h4 className="max-w-[160px] truncate text-[13px] font-semibold text-[#201f1e]">{sandboxReport.productName}</h4>[39m
[31m+                           </div>[39m
[31m+ [39m
[31m+                           <span className={`inline-flex items-center gap-1 rounded border border-[#c8c6c4] px-2 py-0.5 text-[11px] font-medium ${[39m
[31m+                             sandboxReport.overallStatus === 'PASS' ? 'bg-[#dff6dd] text-[#0e700e]' :[39m
[31m+                             sandboxReport.overallStatus === 'WARN' ? 'bg-[#fff4ce] text-[#8a5700]' :[39m
[31m+                             'bg-[#fdf2f2] text-[#a4262c]'[39m
[31m+                           }`}>[39m
[31m+                             <span className={`h-1.5 w-1.5 rounded-full ${[39m
[31m+                               sandboxReport.overallStatus === 'PASS' ? 'bg-[#0e700e]' :[39m
[31m+                               sandboxReport.overallStatus === 'WARN' ? 'bg-[#8a5700]' :[39m
[31m+                               'bg-[#a4262c]'[39m
[31m+                             }`} />[39m
[31m+                             {sandboxReport.overallStatus}[39m
[31m+                           </span>[39m
[31m+                         </div>[39m
[31m+ [39m
[31m+                         <div className="space-y-2 text-[12px] leading-normal">[39m
[31m+                           <div className="flex items-start gap-1.5">[39m
[31m+                             {sandboxReport.versionStatus === 'Compliant' ? ([39m
[31m+                               <Check className="mt-0.5 h-3.5 w-3.5 shrink-0 text-[#0e700e]" />[39m
[31m+                             ) : sandboxReport.versionStatus === 'Warning' ? ([39m
[31m+                               <AlertTriangle className="mt-0.5 h-3.5 w-3.5 shrink-0 text-[#8a5700]" />[39m
[31m+                             ) : ([39m
[31m+                               <ShieldAlert className="mt-0.5 h-3.5 w-3.5 shrink-0 text-[#a4262c]" />[39m
[31m+                             )}[39m
[31m+                             <div>[39m
[31m+                               <span className="font-medium text-[#323130]">Version standard: </span>[39m
[31m+                               <span className="text-[#605e5c]">{sandboxReport.versionDetails}</span>[39m
[31m+                             </div>[39m
[31m+                           </div>[39m
[31m+ [39m
[31m+                           <div className="flex items-start gap-1.5">[39m
[31m+                             {sandboxReport.licenseStatus === 'Compliant' ? ([39m
[31m+                               <Check className="mt-0.5 h-3.5 w-3.5 shrink-0 text-[#0e700e]" />[39m
[31m+                             ) : sandboxReport.licenseStatus === 'Warning' ? ([39m
[31m+                               <AlertTriangle className="mt-0.5 h-3.5 w-3.5 shrink-0 text-[#8a5700]" />[39m
[31m+                             ) : ([39m
[31m+                               <ShieldAlert className="mt-0.5 h-3.5 w-3.5 shrink-0 text-[#a4262c]" />[39m
[31m+                             )}[39m
[31m+                             <div>[39m
[31m+                               <span className="font-medium text-[#323130]">License standard: </span>[39m
[31m+                               <span className="text-[#605e5c]">{sandboxReport.licenseDetails}</span>[39m
[31m+                             </div>[39m
[31m+                           </div>[39m
[31m+                         </div>[39m
[31m+ [39m
[31m+                         <div className="space-y-1 rounded border border-[#e1dfdd] bg-white p-2.5 text-[12px] leading-normal text-[#605e5c]">[39m
[31m+                           <p className="text-[11px] font-medium uppercase text-[#323130]">Compliance checklist ({sandboxReport.complianceTarget}):</p>[39m
[31m+                           <p className="italic">{sandboxReport.safeguardPolicy}</p>[39m
[31m+                         </div>[39m
[31m+                       </div>[39m
[31m+                     ) : ([39m
[31m+                       <div className="flex h-full flex-col items-center justify-center space-y-2 py-10 text-center text-[#8a8886]">[39m
[31m+                         <Sliders className="h-6 w-6 text-[#c8c6c4]" />[39m
[31m+                         <p className="mt-2 text-[13px] font-medium text-[#605e5c]">Attestation pending</p>[39m
[31m+                         <p className="max-w-[220px] text-[12px] leading-snug text-[#8a8886]">[39m
[31m+                           Configure simulation parameters and run the sandbox compliance attestation to test build parameters against standards.[39m
[31m+                         </p>[39m
[31m+                       </div>[39m
[31m+                     )}[39m
[31m+ [39m
[31m+                     <div className="mt-2 flex items-center justify-between border-t border-[#e1dfdd] pt-2 text-[11px] text-[#8a8886]">[39m
[31m+                       <span>Audit kernel: SEC_ENGINE_v1.0</span>[39m
[31m+                       {sandboxReport && ([39m
[31m+                         <span>Attested: {new Date(sandboxReport.timestamp).toLocaleTimeString()}</span>[39m
[31m+                       )}[39m
[31m+                     </div>[39m
[31m+                   </div>[39m
[31m+                 </div>[39m
[31m+ [39m
[31m+               </div>[39m
[31m+ [39m
[31m+             </div>[39m
[31m+ [39m
[31m+           </div>[39m
[31m+         </div>[39m
[31m+       )}[39m
[31m+     </div>[39m
[31m+   );[39m
[31m+ }[39m
[31m+[39m

[36m [2m❯[22m tests/tenant-branding-contract.test.ts:[2m40:26[22m[39m
    [90m 38| [39m  it('SettingsView lets only Owner/Admin edit branding, matching the s…
    [90m 39| [39m    [35mconst[39m settingsView [33m=[39m [34mread[39m([32m'src/components/SettingsView.tsx'[39m)[33m;[39m
    [90m 40| [39m    expect(settingsView).toContain("apiFetch('/api/organization/brandi…
    [90m   | [39m                         [31m^[39m
    [90m 41| [39m    [34mexpect[39m(settingsView)[33m.[39m[34mtoContain[39m([32m'disabled={!canManageTeam}'[39m)[33m;[39m
    [90m 42| [39m  })[33m;[39m

[31m[2m⎯⎯⎯⎯⎯⎯⎯⎯⎯⎯⎯⎯⎯⎯⎯⎯⎯⎯⎯⎯[128/141]⎯[22m[39m

[41m[1m FAIL [22m[49m tests/trust-field-contract.test.ts[2m > [22mHomePage only shows the real 4 scoring-engine dimensions, not a fabricated 12[2m > [22mCTAs route to real, existing paths only
[31m[1mAssertionError[22m: expected 'import { useEffect, useMemo, useState…' to contain 'onCreatePassport={() => navigate(\'/l…'[39m

[32m- Expected[39m
[31m+ Received[39m

[32m- onCreatePassport={() => navigate('/login')}[39m
[31m+ import { useEffect, useMemo, useState, type ReactNode } from 'react';[39m
[31m+ import { getRedirectResult, onAuthStateChanged, signOut, type User } from 'firebase/auth';[39m
[31m+ import type { Alert, Client, Integration, Scan, SoftwarePassport, Vendor } from './types';[39m
[31m+ import type { VerificationDecision } from './lib/verification/evaluateVerification.ts';[39m
[31m+ import { apiFetch } from './utils/apiClient';[39m
[31m+ import { auth } from './lib/firebase';[39m
[31m+ import CommandCenter from './components/CommandCenter';[39m
[31m+ import ExtensionWorkflow from './components/ExtensionWorkflow';[39m
[31m+ import ExtensionMarketplace from './components/ExtensionMarketplace';[39m
[31m+ import LoginView from './components/LoginView';[39m
[31m+ import EvidenceDashboardView from './components/EvidenceDashboardView';[39m
[31m+ import EvidenceExplorerView from './components/EvidenceExplorerView';[39m
[31m+ import AITrustCenterView from './components/AITrustCenterView';[39m
[31m+ import CoverageView from './components/CoverageView';[39m
[31m+ import AssetsView from './components/AssetsView';[39m
[31m+ import PassportsView from './components/PassportsView';[39m
[31m+ import ScansView from './components/ScansView';[39m
[31m+ import AlertsView from './components/AlertsView';[39m
[31m+ import ClientsView from './components/ClientsView';[39m
[31m+ import VendorsView from './components/VendorsView';[39m
[31m+ import IntegrationsView from './components/IntegrationsView';[39m
[31m+ import BillingView from './components/BillingView';[39m
[31m+ import ComplianceView from './components/ComplianceView';[39m
[31m+ import AgentTrustView from './components/AgentTrustView';[39m
[31m+ import EnterpriseReadinessView from './components/EnterpriseReadinessView';[39m
[31m+ import FounderDashboardView from './components/FounderDashboardView';[39m
[31m+ import InvestorHomeView from './components/InvestorHomeView';[39m
[31m+ import SettingsView from './components/SettingsView';[39m
[31m+ import TeamView from './components/TeamView';[39m
[31m+ import AuditLogView from './components/AuditLogView';[39m
[31m+ import MonitoringView from './components/MonitoringView';[39m
[31m+ import SecurityCenterView from './components/SecurityCenterView';[39m
[31m+ import MSPCommandCenter from './components/MSPCommandCenter';[39m
[31m+ import ReportsView from './components/ReportsView';[39m
[31m+ import TrustGraphView from './components/TrustGraphView';[39m
[31m+ import { EXTENSIONS } from './workflows/extensionRegistry';[39m
[31m+ const PUBLIC_PATHS = new Set(['/','/login','/free-review','/pricing']);[39m
[31m+ const EMPTY_CLIENTS: Client[] = []; const EMPTY_PASSPORTS: SoftwarePassport[] = []; const EMPTY_VENDORS: Vendor[] = []; const EMPTY_INTEGRATIONS: Integration[] = []; const EMPTY_SCANS: Scan[] = []; const EMPTY_ALERTS: Alert[] = [];[39m
[31m+ function deriveAlertStatus(remediationStatus: string | null | undefined, findingStatus: string | null | undefined): Alert['status'] { switch (remediationStatus) { case 'IN_PROGRESS': case 'READY_FOR_VERIFICATION': return 'Acknowledged'; case 'BLOCKED': return 'Snoozed'; case 'VERIFIED': case 'CLOSED': return 'Resolved'; case 'CANCELLED': return 'Cancelled'; case 'OPEN': return 'Active'; default: return String(findingStatus || '').toLowerCase() === 'resolved' ? 'Resolved' : 'Active'; } }[39m
[31m+ function navigate(path: string) { window.history.pushState({}, '', path); window.dispatchEvent(new PopStateEvent('popstate')); }[39m
[31m+ function usePath() { const [path, setPath] = useState(() => window.location.pathname || '/'); useEffect(() => { const update = () => setPath(window.location.pathname || '/'); window.addEventListener('popstate', update); return () => window.removeEventListener('popstate', update); }, []); return path; }[39m
[31m+ function AuthLoading() { return <div className="grid min-h-screen place-items-center bg-[#faf9f8] text-[#201f1e]"><div className="text-center"><div className="mx-auto grid h-10 w-10 place-items-center rounded bg-[#0f6cbd] text-xs font-bold text-white">S</div><div className="mt-4 text-[11px] font-semibold uppercase tracking-wide text-[#605e5c]">Securing workspace</div><div className="mt-1 text-[12px] text-[#8a8886]">Checking authenticated session…</div></div></div>; }[39m
[31m+ function CoverPage() { return <div className="min-h-screen bg-[#faf9f8] text-[#201f1e]"><div className="mx-auto flex min-h-screen max-w-5xl items-center px-6 py-16"><div className="max-w-3xl"><div className="mb-5 inline-flex items-center gap-1.5 rounded border border-[#e1dfdd] bg-white px-2.5 py-1 text-[11px] font-semibold uppercase tracking-wide text-[#605e5c]">Evidence-first software trust</div><h1 className="text-[28px] font-semibold tracking-tight md:text-[34px]">Software trust, operated as a system.</h1><p className="mt-4 max-w-2xl text-[14px] leading-6 text-[#605e5c]">Software Passport Registry turns software identity, security, provenance, reliability, compliance, and evidence into repeatable workflows for teams, buyers, and managed service providers.</p><div className="mt-6 flex flex-wrap gap-2"><button onClick={() => navigate('/login')} className="h-9 rounded bg-[#0f6cbd] px-4 text-[13px] font-semibold text-white hover:bg-[#004578]">Enter SPR</button><button onClick={() => navigate('/free-review')} className="h-9 rounded border border-[#c8c6c4] bg-white px-4 text-[13px] font-medium text-[#323130] hover:bg-black/[.03]">Free review</button></div></div></div></div>; }[39m
[31m+ function PublicPage({ title, description, action, onAction }: { title: string; description: string; action: string; onAction: () => void }) { return <div className="grid min-h-screen place-items-center bg-[#faf9f8] px-6 text-[#201f1e]"><div className="max-w-md rounded-md border border-[#e1dfdd] bg-white p-6 text-center"><div className="text-[11px] font-semibold uppercase tracking-wide text-[#605e5c]">Software Passport Registry</div><h1 className="mt-2 text-[20px] font-semibold">{title}</h1><p className="mt-2 text-[13px] leading-5 text-[#605e5c]">{description}</p><button onClick={onAction} className="mt-5 h-9 rounded bg-[#0f6cbd] px-4 text-[13px] font-semibold text-white hover:bg-[#004578]">{action}</button></div></div>; }[39m
[31m+ function WorkflowBoundary({ title, description, extensionId, onNavigate }: { title: string; description: string; extensionId?: string; onNavigate: (path: string) => void }) { const extension = extensionId ? EXTENSIONS.find((item) => item.id === extensionId) : undefined; return <section><div className="rounded-md border border-[#e1dfdd] bg-white p-5"><div className="text-[11px] font-semibold uppercase tracking-wide text-[#605e5c]">Workflow boundary</div><h1 className="mt-1.5 text-[20px] font-semibold tracking-tight">{title}</h1><p className="mt-2 max-w-2xl text-[13px] leading-5 text-[#605e5c]">{description}</p>{extension && <button onClick={() => onNavigate(extension.entryPath)} className="mt-4 h-8 rounded bg-[#0f6cbd] px-3 text-[12px] font-semibold text-white hover:bg-[#004578]">Open {extension.name} →</button>}</div></section>; }[39m
[31m+ export default function App() {[39m
[31m+  const path=usePath(); const [authReady,setAuthReady]=useState(false); const [user,setUser]=useState<User|null>(null); const [role,setRole]=useState('Viewer'); const [selectedClientId,setSelectedClientId]=useState(''); const [selectedPassportId,setSelectedPassportId]=useState<string|null>(null); const [assets,setAssets]=useState<any[]>([]); const [clients,setClients]=useState<Client[]>(EMPTY_CLIENTS); const [passports,setPassports]=useState<SoftwarePassport[]>(EMPTY_PASSPORTS); const [vendors,setVendors]=useState<Vendor[]>(EMPTY_VENDORS); const [alerts,setAlerts]=useState<Alert[]>(EMPTY_ALERTS); const [findings,setFindings]=useState<unknown[]>([]); const [scans,setScans]=useState<Scan[]>(EMPTY_SCANS); const [integrations,setIntegrations]=useState<Integration[]>(EMPTY_INTEGRATIONS); const [theme,setTheme]=useState<'light'|'dark'>('dark'); const [verificationDecisions,setVerificationDecisions]=useState<Record<string,VerificationDecision>>({}); const [verificationDetails,setVerificationDetails]=useState<Record<string,unknown>>({});[39m
[31m+  useEffect(()=>{let mounted=true;let redirectSettled=false;let observedUser:User|null=null;const timeoutId=window.setTimeout(()=>{if(mounted)setAuthReady(true)},10000);const unsubscribe=onAuthStateChanged(auth,(currentUser)=>{if(!mounted)return;observedUser=currentUser;if(!redirectSettled)return;setUser(currentUser);setAuthReady(true);window.clearTimeout(timeoutId)},()=>{if(mounted){setAuthReady(true);window.clearTimeout(timeoutId)}});void getRedirectResult(auth).then(result=>{redirectSettled=true;if(mounted)setUser(result?.user||observedUser);if(mounted)setAuthReady(true);window.clearTimeout(timeoutId)}).catch(error=>{redirectSettled=true;console.error('[Firebase redirect sign-in error]',error);if(mounted)setUser(observedUser);if(mounted)setAuthReady(true);window.clearTimeout(timeoutId)});return()=>{mounted=false;window.clearTimeout(timeoutId);unsubscribe()}},[]);[39m
[31m+  useEffect(()=>{if(authReady&&!user&&!PUBLIC_PATHS.has(path))navigate('/login')},[authReady,user,path]);[39m
[31m+  useEffect(()=>{if(!user)return;let cancelled=false;const load=async()=>{const responses=await Promise.all([apiFetch('/api/user/me'),apiFetch('/api/scans'),apiFetch('/api/trust-loop/findings'),apiFetch('/api/user/passports'),apiFetch('/api/user/clients'),apiFetch('/api/integrations'),apiFetch('/api/user/verification')]);if(responses.some(r=>r.status===401)){await signOut(auth);navigate('/login');return}const [me,scansResponse,findingsResponse,passportsResponse,clientsResponse,integrationsResponse,verificationResponse]=responses;if(verificationResponse.ok){const data=await verificationResponse.json().catch(()=>null);if(!cancelled){setVerificationDecisions(data?.verificationDecisions&&typeof data.verificationDecisions==='object'?data.verificationDecisions:{});setVerificationDetails(data?.verificationDetails&&typeof data.verificationDetails==='object'?data.verificationDetails:{})}}else if(!cancelled){setVerificationDecisions({});setVerificationDetails({})}if(me.ok){const data=await me.json().catch(()=>null);if(!cancelled)setRole(String(data?.role||'Viewer'))}if(scansResponse.ok){const data=await scansResponse.json().catch(()=>[]);if(!cancelled&&Array.isArray(data))setScans(data)}if(findingsResponse.ok){const data=await findingsResponse.json().catch(()=>[]);const rows=Array.isArray(data)?data:data?.findings;if(!cancelled&&Array.isArray(rows)){setFindings(rows);setAlerts(rows.map((row:any)=>({id:String(row.id),title:String(row.title||row.control_id||'Trust finding'),severity:String(row.severity||'Low').replace(/^./,(s:string)=>s.toUpperCase()),category:'Trust finding',clientName:String(row.client_id||'Tenant'),description:String(row.description||'Evidence-backed finding'),timestamp:String(row.updated_at||''),status:deriveAlertStatus(row.remediation_status,row.status),remediationId:row.remediation_id?String(row.remediation_id):null,ownerDisplay:row.remediation_owner_display||null,slaDueAt:row.remediation_sla_due_at||null})) as Alert[])}}if(passportsResponse.ok){const data=await passportsResponse.json().catch(()=>[]);const rows=Array.isArray(data)?data:data?.passports;if(!cancelled&&Array.isArray(rows)){const normalized=rows.map((row:any)=>({...row,id:String(row.id),name:String(row.name||'Unnamed software'),version:String(row.version||'unknown'),publisher:String(row.publisher||'unknown'),clientId:row.clientId?String(row.clientId):undefined,evidence:Array.isArray(row.evidence)?row.evidence:[],vulnerabilities:Array.isArray(row.vulnerabilities)?row.vulnerabilities:[],timeline:Array.isArray(row.timeline)?row.timeline:[],sbom:Array.isArray(row.sbom)?row.sbom:[],scores:null,scoreStatus:row.scoreStatus||'not_authoritatively_scored'})) as SoftwarePassport[];setPassports(normalized);setAssets(normalized.map((passport:any)=>({id:passport.id,name:passport.name,hostName:passport.name,type:passport.category||'software',clientId:passport.clientId,clientName:String(passport.clientId||'Unobserved'),environment:String(passport.environment||'Unobserved'),version:passport.version})));setVendors(EMPTY_VENDORS)}}if(clientsResponse.ok){const data=await clientsResponse.json().catch(()=>[]);const rows=Array.isArray(data)?data:data?.clients;if(!cancelled&&Array.isArray(rows))setClients(rows.map((row:any)=>({...row,id:String(row.id),name:String(row.name||row.company_name||'Unnamed client')})) as Client[])}if(integrationsResponse.ok){const data=await integrationsResponse.json().catch(()=>[]);if(!cancelled&&Array.isArray(data))setIntegrations(data)}};void load().catch(error=>console.warn('[SPR command center load]',error));return()=>{cancelled=true}},[user]);[39m
[31m+  useEffect(()=>{const refresh=()=>{if(user)window.location.reload()};window.addEventListener('refresh-data',refresh);return()=>window.removeEventListener('refresh-data',refresh)},[user]);[39m
[31m+  const onNavigateTab=(target:string,itemId?:string)=>navigate(itemId?`${target.startsWith('/')?target:`/${target}`}/${encodeURIComponent(itemId)}`:target.startsWith('/')?target:`/${target}`); const quickAction=(action:'add-client'|'register-passport'|'scan-sbom')=>navigate(action==='add-client'?'/clients':action==='register-passport'?'/passports':'/scans');[39m
[31m+  const performAlertAction=async(alert:Alert,action:'acknowledge'|'assign'|'resolve'|'escalate'|'snooze'|'reopen',assigneeDisplay?:string)=>{let remediationId=alert.remediationId;if(!remediationId){const created=await apiFetch('/api/trust-loop/remediations',{method:'POST',headers:{'Content-Type':'application/json'},body:JSON.stringify({findingId:alert.id,title:alert.title,description:alert.description,priority:alert.severity.toUpperCase()})});if(!created.ok)return;const createdBody=await created.json().catch(()=>null);remediationId=createdBody?.id?String(createdBody.id):undefined;if(!remediationId)return}const patchBody:Record<string,unknown>={acknowledge:{status:'IN_PROGRESS'},resolve:{status:'CLOSED'},snooze:{status:'BLOCKED'},reopen:{status:'OPEN'},escalate:{status:'IN_PROGRESS',slaDueAt:new Date(Date.now()+4*3600*1000).toISOString()},assign:{status:'IN_PROGRESS',ownerDisplay:assigneeDisplay||''}}[action];const response=await apiFetch(`/api/trust-loop/remediations/${encodeURIComponent(remediationId)}`,{method:'PATCH',headers:{'Content-Type':'application/json'},body:JSON.stringify(patchBody)});if(!response.ok)return;const updated=await response.json().catch(()=>null);setAlerts(current=>current.map(item=>item.id===alert.id?{...item,remediationId,status:deriveAlertStatus(updated?.status??String(patchBody.status),null),ownerDisplay:updated?.owner_display??(patchBody.ownerDisplay as string|undefined)??item.ownerDisplay,slaDueAt:updated?.sla_due_at??(patchBody.slaDueAt as string|undefined)??item.slaDueAt}:item))};[39m
[31m+  const selectedExtension=useMemo(()=>{const match=path.match(/^\/extensions\/([^/]+)/);return match?decodeURIComponent(match[1]):null},[path]);const signOutUser=async()=>{await signOut(auth);navigate('/login')};[39m
[31m+  if(!authReady)return <AuthLoading/>;if(path==='/')return <CoverPage/>;if(path==='/login')return user?<AuthLoading/>:<LoginView onLoginSuccess={()=>navigate('/dashboard')}/>;if(!user&&path==='/free-review')return <PublicPage title="Free software review" description="Start an evidence-first review from the public entry point." action="Sign in to continue" onAction={()=>navigate('/login')}/>;if(!user&&path==='/pricing')return <PublicPage title="SPR plans" description="Account and billing capabilities are available inside the authenticated workspace." action="Enter SPR" onAction={()=>navigate('/login')}/>;if(!user)return <AuthLoading/>;[39m
[31m+  let view:ReactNode;if(selectedExtension)view=<ExtensionWorkflow id={selectedExtension} onNavigate={navigate}/>;else switch(path){case '/dashboard':view=<EvidenceDashboardView clients={clients} alerts={alerts} scans={scans} passports={passports} findings={findings} onNavigateTab={onNavigateTab} onOpenQuickAction={quickAction}/>;break;case '/coverage':view=<CoverageView clients={clients} scans={scans} passports={passports} onNavigateTab={onNavigateTab}/>;break;case '/evidence-explorer':view=<EvidenceExplorerView passports={passports}/>;break;case '/assets':view=<AssetsView clients={clients} searchQuery="" assets={assets}/>;break;case '/passports':case '/registry':view=<PassportsView verificationDecisions={verificationDecisions} verificationDetails={verificationDetails} passports={passports} selectedPassportId={selectedPassportId} setSelectedPassportId={setSelectedPassportId} searchQuery="" clients={clients} assets={assets} role={role} onNavigateTab={onNavigateTab} onUpdatePassport={passport=>setPassports(current=>current.map(item=>item.id===passport.id?passport:item))}/>;break;case '/scans':view=<ScansView scans={scans} clients={clients} assets={assets} passports={passports} role={role} onTriggerNewScan={scan=>setScans(current=>[scan,...current.filter(item=>item.id!==scan.id)].slice(0,100))}/>;break;case '/alerts':view=<AlertsView alerts={alerts} onAlertAction={performAlertAction}/>;break;case '/reports':view=<ReportsView clients={clients} passports={passports} scans={scans} alerts={alerts} findings={findings} role={role}/>;break;case '/trust-graph':view=<TrustGraphView clients={clients} passports={passports} assets={assets} findings={findings}/>;/* onSelectPassport={setSelectedPassportId} */break;case '/clients':view=<ClientsView clients={clients} selectedClientId={selectedClientId} setSelectedClientId={setSelectedClientId} passports={passports} onNavigateTab={onNavigateTab} searchQuery=""/>;break;case '/vendors':view=<VendorsView vendors={vendors} searchQuery=""/>;break;case '/integrations':view=<IntegrationsView passports={passports} onNavigateTab={onNavigateTab}/>;break;case '/monitoring':view=<MonitoringView role={role}/>;break;case '/security':view=<SecurityCenterView clients={clients} passports={passports}/>;break;case '/compliance':view=<ComplianceView clients={clients} role={role}/>;break;case '/msp':view=<MSPCommandCenter verificationDecisions={verificationDecisions} verificationDetails={verificationDetails} clients={clients} alerts={alerts} findings={findings} role={role} onSelectClient={setSelectedClientId} onNavigate={navigate}/>;break;case '/agent-trust':view=<AgentTrustView/>;break;case '/ai-trust-center':view=<AITrustCenterView role={role}/>;break;case '/enterprise-readiness':view=<EnterpriseReadinessView clients={clients}/>;break;case '/investor':view=<InvestorHomeView passports={passports} clients={clients} alerts={alerts} onShowTelemetry={()=>navigate('/scans')} onNavigateTab={onNavigateTab}/>;break;case '/founder':view=<FounderDashboardView userRole={role}/>;break;case '/billing':view=<BillingView/>;break;case '/settings':view=<SettingsView theme={theme} onToggleTheme={()=>setTheme(current=>current==='dark'?'light':'dark')}/>;break;case '/team':view=<TeamView role={role}/>;break;case '/audit-log':view=<AuditLogView/>;break;case '/extensions':view=<ExtensionMarketplace onNavigateTab={onNavigateTab} role={role}/>;break;default:view=<WorkflowBoundary title="Workflow" description="This authenticated capability is explicitly routed through the Command Center. Choose its owning workflow from the left rail." onNavigate={navigate}/>}[39m
[31m+  return <CommandCenter path={path} userEmail={user.email} role={role} onNavigate={navigate} onSignOut={()=>void signOutUser()}>{view}</CommandCenter>;[39m
[31m+ }[39m
[31m+[39m

[36m [2m❯[22m tests/trust-field-contract.test.ts:[2m84:15[22m[39m
    [90m 82| [39m  [34mit[39m([32m'CTAs route to real, existing paths only'[39m[33m,[39m () [33m=>[39m {
    [90m 83| [39m    [35mconst[39m s [33m=[39m [34mread[39m([32m'src/App.tsx'[39m)[33m;[39m
    [90m 84| [39m    [34mexpect[39m(s)[33m.[39m[34mtoContain[39m([32m"onCreatePassport={() => navigate('/login')}"[39m)[33m;[39m
    [90m   | [39m              [31m^[39m
    [90m 85| [39m    expect(s).toContain("onExploreTrustNetwork={() => navigate('/free-…
    [90m 86| [39m  })[33m;[39m

[31m[2m⎯⎯⎯⎯⎯⎯⎯⎯⎯⎯⎯⎯⎯⎯⎯⎯⎯⎯⎯⎯[129/141]⎯[22m[39m

[41m[1m FAIL [22m[49m tests/trust-loop-client-id-integrity.test.ts[2m > [22mtrust-loop /collect never fabricates a client id for a client-less passport[2m > [22mdoes not substitute passport.id for a missing client_id
[31m[1mAssertionError[22m: expected 'import { Router } from \'express\';\n…' not to contain 'clientId: passport.client_id || passp…'[39m

[32m- Expected[39m
[31m+ Received[39m

[32m- clientId: passport.client_id || passport.id[39m
[31m+ import { Router } from 'express';[39m
[31m+ import { sql } from 'drizzle-orm';[39m
[31m+ import crypto from 'node:crypto';[39m
[31m+ import { z } from 'zod';[39m
[31m+ import { AuthenticatedRequest } from '../middleware/security.ts';[39m
[31m+ import { decryptCredentials } from '../integrations/credential-vault.ts';[39m
[31m+ import { collectDeepProviderEvidence } from '../integrations/deep-collectors.ts';[39m
[31m+ import { collectGitHubDeepEvidence } from '../integrations/github-deep.ts';[39m
[31m+ import { persistTrustLoop, verifyRemediation } from '../trust/trust-loop.ts';[39m
[31m+[39m
[31m+ const collectSchema = z.object({ passportId: z.string().trim().min(1).max(255), provider: z.string().trim().min(1).max(64) }).strict();[39m
[31m+ const remediationSchema = z.object({[39m
[31m+   findingId: z.string().trim().min(1),[39m
[31m+   title: z.string().trim().min(1).max(255),[39m
[31m+   description: z.string().max(4000).optional(),[39m
[31m+   assigneeId: z.string().max(255).optional(),[39m
[31m+   assigneeDisplay: z.string().max(255).optional(),[39m
[31m+   externalSystem: z.string().trim().min(1).max(64).default('SPR'),[39m
[31m+   externalTicketId: z.string().max(255).optional(),[39m
[31m+   slaDueAt: z.string().datetime().optional(),[39m
[31m+   priority: z.enum(['LOW', 'MEDIUM', 'HIGH', 'CRITICAL']).default('HIGH'),[39m
[31m+ }).strict();[39m
[31m+ const remediationUpdateSchema = z.object({ status: z.enum(['OPEN', 'IN_PROGRESS', 'BLOCKED', 'READY_FOR_VERIFICATION', 'VERIFIED', 'CLOSED', 'CANCELLED']), ownerId: z.string().max(255).optional(), ownerDisplay: z.string().max(255).optional(), slaDueAt: z.string().datetime().nullable().optional() }).strict();[39m
[31m+ const verifySchema = z.object({ findingId: z.string().trim().min(1), observationIds: z.array(z.string().min(1)).max(50), evidenceIds: z.array(z.string().min(1)).max(200) }).strict();[39m
[31m+ const reportTypes = z.enum(['executive', 'technical', 'msp', 'customer', 'compliance', 'vendor', 'auditor', 'evidence-ledger']);[39m
[31m+ function id(prefix: string) { return `${prefix}_${crypto.randomUUID().replaceAll('-', '')}`; }[39m
[31m+ function parseJson(value: unknown, fallback: unknown = []) { try { return value ? JSON.parse(String(value)) : fallback; } catch { return fallback; } }[39m
[31m+[39m
[31m+ const SEVERITY_ORDER = ['critical', 'high', 'medium', 'low'];[39m
[31m+[39m
[31m+ export type ReportPassportRow = {[39m
[31m+   overall_score: number | null;[39m
[31m+   security_score: number | null;[39m
[31m+   compliance_score: number | null;[39m
[31m+   verification_status: string | null;[39m
[31m+   confidence_score: number | null;[39m
[31m+   evidence_completeness: number | null;[39m
[31m+ };[39m
[31m+[39m
[31m+ export function deriveReportRiskFields(passport: ReportPassportRow) {[39m
[31m+   const verificationStatus = passport.verification_status || 'unverified';[39m
[31m+   const isMeasured = verificationStatus !== 'unverified';[39m
[31m+   return {[39m
[31m+     canonicalScore: isMeasured ? passport.overall_score : null,[39m
[31m+     verificationStatus,[39m
[31m+     confidenceBasisPoints: isMeasured && passport.confidence_score != null ? Math.round(passport.confidence_score * 100) : null,[39m
[31m+     completenessBasisPoints: isMeasured && passport.evidence_completeness != null ? Math.round(passport.evidence_completeness * 100) : null,[39m
[31m+   };[39m
[31m+ }[39m
[31m+[39m
[31m+ function buildReportTypeExtras(reportType: string, passport: any, findings: any[]) {[39m
[31m+   if (reportType === 'sbom') {[39m
[31m+     const components = parseJson(passport.sbom, []) as any[];[39m
[31m+     const vulnerabilities = parseJson(passport.vulnerabilities, []) as any[];[39m
[31m+     const sbom = components.map((component) => {[39m
[31m+       const name = component?.name || component?.packageName || component?.component;[39m
[31m+       const matched = vulnerabilities.filter((vuln) => (vuln?.component || vuln?.packageName || vuln?.package) === name);[39m
[31m+       return { ...component, vulnerabilityCount: matched.length, criticalOrHighCount: matched.filter((vuln) => SEVERITY_ORDER.slice(0, 2).includes(String(vuln?.severity || '').toLowerCase())).length };[39m
[31m+     });[39m
[31m+     return { sbom };[39m
[31m+   }[39m
[31m+   if (reportType === 'compliance') {[39m
[31m+     const byControl = new Map<string, { controlId: string; findingCount: number; openCount: number; worstSeverity: string; findingIds: string[] }>();[39m
[31m+     for (const finding of findings) {[39m
[31m+       const controlId = finding.control_id || 'unmapped';[39m
[31m+       const entry = byControl.get(controlId) || { controlId, findingCount: 0, openCount: 0, worstSeverity: 'low', findingIds: [] as string[] };[39m
[31m+       entry.findingCount += 1;[39m
[31m+       entry.findingIds.push(finding.id);[39m
[31m+       if (!['resolved', 'closed', 'verified'].includes(String(finding.status || '').toLowerCase())) entry.openCount += 1;[39m
[31m+       const severity = String(finding.severity || '').toLowerCase();[39m
[31m+       if (SEVERITY_ORDER.includes(severity) && SEVERITY_ORDER.indexOf(severity) < SEVERITY_ORDER.indexOf(entry.worstSeverity)) entry.worstSeverity = severity;[39m
[31m+       byControl.set(controlId, entry);[39m
[31m+     }[39m
[31m+     return { controls: [...byControl.values()] };[39m
[31m+   }[39m
[31m+   return {};[39m
[31m+ }[39m
[31m+[39m
[31m+ export function createTrustLoopRouter() {[39m
[31m+   const router = Router();[39m
[31m+[39m
[31m+   router.post('/collect', async (req: AuthenticatedRequest, res, next) => {[39m
[31m+     const parsed = collectSchema.safeParse(req.body);[39m
[31m+     if (!parsed.success) return res.status(400).json({ error: 'INVALID_PAYLOAD', details: parsed.error.flatten() });[39m
[31m+     const { passportId, provider } = parsed.data;[39m
[31m+     const tenantId = req.user!.tenantId;[39m
[31m+     const runId = id('collect');[39m
[31m+     const startedAt = new Date().toISOString();[39m
[31m+     const db = req.db!;[39m
[31m+     try {[39m
[31m+       const passport = (await db.execute(sql`SELECT id,client_id FROM passports WHERE id=${passportId} AND tenant_id=${tenantId} LIMIT 1`) as any).rows?.[0];[39m
[31m+       if (!passport) return res.status(404).json({ error: 'PASSPORT_NOT_FOUND' });[39m
[31m+       const stored = (await db.execute(sql`SELECT encrypted_payload FROM integration_credentials WHERE tenant_id=${tenantId} AND provider=${provider} LIMIT 1`) as any).rows?.[0];[39m
[31m+       if (!stored?.encrypted_payload) return res.status(409).json({ error: 'CREDENTIAL_NOT_CONFIGURED' });[39m
[31m+[39m
[31m+       await db.execute(sql`INSERT INTO trust_collection_runs (id,tenant_id,passport_id,provider,started_at,status,idempotency_key,created_at) VALUES (${runId},${tenantId},${passportId},${provider},${startedAt},'RUNNING',${`${tenantId}:${passportId}:${provider}:${startedAt}`},${startedAt})`);[39m
[31m+       const credentials = decryptCredentials(stored.encrypted_payload) as Record<string, string>;[39m
[31m+       const observations = provider === 'github' ? await collectGitHubDeepEvidence(credentials) : await collectDeepProviderEvidence(provider as any, credentials);[39m
[31m+       const result = await persistTrustLoop({ tenantId, passportId, clientId: passport.client_id || passport.id, assetId: passport.id, observations, generationReason: 'provider_collection', actorType: 'worker', collectorVersionMap: { [provider]: 'deep-v2' } });[39m
[31m+       const completedAt = new Date().toISOString();[39m
[31m+       await db.execute(sql`UPDATE trust_collection_runs SET completed_at=${completedAt},status='SUCCEEDED',observation_count=${observations.length},evidence_count=${result.evidenceIds.length},failure_count=${observations.filter((o) => o.status === 'FAIL').length},collector_version='deep-v2' WHERE id=${runId} AND tenant_id=${tenantId}`);[39m
[31m+       await db.execute(sql`INSERT INTO trust_monitoring_state (id,tenant_id,passport_id,provider,next_run_at,last_run_at,last_success_at,last_evidence_hash,consecutive_failures,status,updated_at) VALUES (${id('monitor')},${tenantId},${passportId},${provider},${new Date(Date.now()+3600000).toISOString()},${completedAt},${completedAt},${result.payloadHash},0,'HEALTHY',${completedAt}) ON CONFLICT (tenant_id,passport_id,provider) DO UPDATE SET next_run_at=EXCLUDED.next_run_at,last_run_at=EXCLUDED.last_run_at,last_success_at=EXCLUDED.last_success_at,last_evidence_hash=EXCLUDED.last_evidence_hash,consecutive_failures=0,status='HEALTHY',updated_at=EXCLUDED.updated_at`);[39m
[31m+       return res.json({ runId, provider, observationCount: observations.length, ...result });[39m
[31m+     } catch (error) {[39m
[31m+       const completedAt = new Date().toISOString();[39m
[31m+       await db.execute(sql`UPDATE trust_collection_runs SET completed_at=${completedAt},status='FAILED',error_code='COLLECTION_FAILED',error_message=${error instanceof Error ? error.message.slice(0,1000) : 'COLLECTION_FAILED'} WHERE id=${runId} AND tenant_id=${tenantId}`).catch(() => undefined);[39m
[31m+       await db.execute(sql`UPDATE trust_monitoring_state SET last_run_at=${completedAt},last_failure_at=${completedAt},consecutive_failures=consecutive_failures+1,status=CASE WHEN consecutive_failures+1 >= 5 THEN 'FAILED' ELSE 'DEGRADED' END,updated_at=${completedAt} WHERE tenant_id=${tenantId} AND passport_id=${passportId} AND provider=${provider}`).catch(() => undefined);[39m
[31m+       return next(error);[39m
[31m+     }[39m
[31m+   });[39m
[31m+[39m
[31m+   const findingsWithRemediationSelect = sql`[39m
[31m+     SELECT f.*, r.id AS remediation_id, r.status AS remediation_status, r.owner_id AS remediation_owner_id,[39m
[31m+            r.owner_display AS remediation_owner_display, r.sla_due_at AS remediation_sla_due_at, r.updated_at AS remediation_updated_at[39m
[31m+     FROM trust_findings f[39m
[31m+     LEFT JOIN LATERAL ([39m
[31m+       SELECT * FROM trust_remediation_work_items w[39m
[31m+       WHERE w.tenant_id = f.tenant_id AND w.finding_id = f.id[39m
[31m+       ORDER BY w.created_at DESC LIMIT 1[39m
[31m+     ) r ON true[39m
[31m+   `;[39m
[31m+   router.get('/findings', async (req: AuthenticatedRequest, res, next) => {[39m
[31m+     try {[39m
[31m+       const db = req.db!;[39m
[31m+       const tenantId = req.user!.tenantId;[39m
[31m+       const passportId = typeof req.query.passportId === 'string' ? req.query.passportId : null;[39m
[31m+       const rows = passportId[39m
[31m+         ? await db.execute(sql`${findingsWithRemediationSelect} WHERE f.tenant_id=${tenantId} AND f.passport_id=${passportId} ORDER BY CASE f.severity WHEN 'critical' THEN 1 WHEN 'high' THEN 2 WHEN 'medium' THEN 3 WHEN 'low' THEN 4 ELSE 5 END,f.updated_at DESC`)[39m
[31m+         : await db.execute(sql`${findingsWithRemediationSelect} WHERE f.tenant_id=${tenantId} ORDER BY f.updated_at DESC`);[39m
[31m+       return res.json({ findings: (rows as any).rows || [] });[39m
[31m+     } catch (error) { return next(error); }[39m
[31m+   });[39m
[31m+[39m
[31m+   router.post('/remediations', async (req: AuthenticatedRequest, res, next) => {[39m
[31m+     const parsed = remediationSchema.safeParse(req.body);[39m
[31m+     if (!parsed.success) return res.status(400).json({ error: 'INVALID_PAYLOAD', details: parsed.error.flatten() });[39m
[31m+     try {[39m
[31m+       const db = req.db!;[39m
[31m+       const p = parsed.data;[39m
[31m+       const tenantId = req.user!.tenantId;[39m
[31m+       const finding = (await db.execute(sql`SELECT id,client_id,passport_id,title,description FROM trust_findings WHERE id=${p.findingId} AND tenant_id=${tenantId} LIMIT 1`) as any).rows?.[0];[39m
[31m+       if (!finding) return res.status(404).json({ error: 'FINDING_NOT_FOUND' });[39m
[31m+       const now = new Date().toISOString();[39m
[31m+       const workId = id('remed');[39m
[31m+       await db.execute(sql`INSERT INTO trust_remediation_work_items (id,tenant_id,passport_id,finding_id,external_system,external_ticket_id,owner_id,owner_display,sla_due_at,status,remediation_plan,created_at,updated_at) VALUES (${workId},${tenantId},${finding.passport_id},${finding.id},${p.externalSystem},${p.externalTicketId ?? null},${p.assigneeId ?? null},${p.assigneeDisplay ?? null},${p.slaDueAt ?? null},'OPEN',${p.description || finding.description},${now},${now})`);[39m
[31m+       await db.execute(sql`INSERT INTO remediation_tasks (id,tenant_id,client_id,alert_id,title,description,priority,status,assignee_id,created_by,created_at,updated_at) VALUES (${workId},${tenantId},${finding.client_id},${finding.id},${p.title},${p.description || finding.description},${p.priority},'OPEN',${p.assigneeId ?? null},${req.user!.uid},${now},${now})`);[39m
[31m+       const created = (await db.execute(sql`SELECT * FROM trust_remediation_work_items WHERE id=${workId} AND tenant_id=${tenantId} LIMIT 1`) as any).rows?.[0];[39m
[31m+       return res.status(201).json({ ...created, title: p.title });[39m
[31m+     } catch (error) { return next(error); }[39m
[31m+   });[39m
[31m+[39m
[31m+   router.get('/remediations/:id', async (req: AuthenticatedRequest, res, next) => {[39m
[31m+     try {[39m
[31m+       const db = req.db!;[39m
[31m+       const tenantId = req.user!.tenantId;[39m
[31m+       const row = (await db.execute(sql`SELECT w.*, f.title AS finding_title FROM trust_remediation_work_items w JOIN trust_findings f ON f.id = w.finding_id AND f.tenant_id = w.tenant_id WHERE w.id=${req.params.id} AND w.tenant_id=${tenantId} LIMIT 1`) as any).rows?.[0];[39m
[31m+       if (!row) return res.status(404).json({ error: 'REMEDIATION_NOT_FOUND' });[39m
[31m+       return res.json({ ...row, title: row.finding_title });[39m
[31m+     } catch (error) { return next(error); }[39m
[31m+   });[39m
[31m+[39m
[31m+   router.post('/remediations/:id/verify-latest', async (req: AuthenticatedRequest, res, next) => {[39m
[31m+     try {[39m
[31m+       const db = req.db!;[39m
[31m+       const tenantId = req.user!.tenantId;[39m
[31m+       const work = (await db.execute(sql`SELECT id,finding_id,passport_id FROM trust_remediation_work_items WHERE id=${req.params.id} AND tenant_id=${tenantId} LIMIT 1`) as any).rows?.[0];[39m
[31m+       if (!work) return res.status(404).json({ error: 'REMEDIATION_NOT_FOUND' });[39m
[31m+       const latestObservation = (await db.execute(sql`SELECT id,evidence_ids FROM trust_observations WHERE tenant_id=${tenantId} AND passport_id=${work.passport_id} ORDER BY observation_version DESC LIMIT 1`) as any).rows?.[0];[39m
[31m+       if (!latestObservation) return res.status(409).json({ error: 'NO_OBSERVATION_ON_FILE', message: 'SPR has no recorded observation for this software yet. Collect evidence before verifying.' });[39m
[31m+       const evidenceIds: string[] = parseJson(latestObservation.evidence_ids, []) as string[];[39m
[31m+       const result = await verifyRemediation({ tenantId, findingId: work.finding_id, observationIds: [latestObservation.id], evidenceIds, actorId: req.user!.uid });[39m
[31m+       const now = new Date().toISOString();[39m
[31m+       await db.execute(sql`UPDATE trust_remediation_work_items SET status='VERIFIED',updated_at=${now},closed_at=${now} WHERE id=${work.id} AND tenant_id=${tenantId}`);[39m
[31m+       const row = (await db.execute(sql`SELECT * FROM trust_remediation_work_items WHERE id=${work.id} AND tenant_id=${tenantId} LIMIT 1`) as any).rows?.[0];[39m
[31m+       return res.json({ ...row, verification: result });[39m
[31m+     } catch (error: any) {[39m
[31m+       const message = error instanceof Error ? error.message : String(error);[39m
[31m+       if (/^VERIFICATION_|^FINDING_NOT_FOUND$/.test(message)) return res.status(409).json({ error: message });[39m
[31m+       return next(error);[39m
[31m+     }[39m
[31m+   });[39m
[31m+[39m
[31m+   router.patch('/remediations/:id', async (req: AuthenticatedRequest, res, next) => {[39m
[31m+     const parsed = remediationUpdateSchema.safeParse(req.body);[39m
[31m+     if (!parsed.success) return res.status(400).json({ error: 'INVALID_PAYLOAD', details: parsed.error.flatten() });[39m
[31m+     try {[39m
[31m+       const db = req.db!;[39m
[31m+       const tenantId = req.user!.tenantId;[39m
[31m+       const p = parsed.data;[39m
[31m+       const now = new Date().toISOString();[39m
[31m+       const rows = await db.execute(sql`UPDATE trust_remediation_work_items SET status=${p.status},owner_id=COALESCE(${p.ownerId ?? null},owner_id),owner_display=COALESCE(${p.ownerDisplay ?? null},owner_display),sla_due_at=CASE WHEN ${p.slaDueAt === undefined} THEN sla_due_at ELSE ${p.slaDueAt} END,updated_at=${now},closed_at=CASE WHEN ${p.status} IN ('CLOSED','VERIFIED') THEN ${now} ELSE closed_at END WHERE id=${req.params.id} AND tenant_id=${tenantId} RETURNING *`);[39m
[31m+       const row = (rows as any).rows?.[0];[39m
[31m+       if (!row) return res.status(404).json({ error: 'REMEDIATION_NOT_FOUND' });[39m
[31m+       return res.json(row);[39m
[31m+     } catch (error) { return next(error); }[39m
[31m+   });[39m
[31m+[39m
[31m+   router.post('/verify', async (req: AuthenticatedRequest, res, next) => {[39m
[31m+     const parsed = verifySchema.safeParse(req.body);[39m
[31m+     if (!parsed.success) return res.status(400).json({ error: 'INVALID_PAYLOAD', details: parsed.error.flatten() });[39m
[31m+     try {[39m
[31m+       const db = req.db!;[39m
[31m+       const result = await verifyRemediation({ ...parsed.data, tenantId: req.user!.tenantId, actorId: req.user!.uid });[39m
[31m+       await db.execute(sql`UPDATE trust_remediation_work_items SET status='VERIFIED',updated_at=${new Date().toISOString()},closed_at=${new Date().toISOString()} WHERE tenant_id=${req.user!.tenantId} AND finding_id=${parsed.data.findingId}`);[39m
[31m+       return res.json(result);[39m
[31m+     } catch (error) { return next(error); }[39m
[31m+   });[39m
[31m+[39m
[31m+   router.get('/monitoring', async (req: AuthenticatedRequest, res, next) => {[39m
[31m+     try {[39m
[31m+       const db = req.db!;[39m
[31m+       const tenantId = req.user!.tenantId;[39m
[31m+       const passportId = typeof req.query.passportId === 'string' ? req.query.passportId : null;[39m
[31m+       const rows = passportId ? await db.execute(sql`SELECT * FROM trust_monitoring_state WHERE tenant_id=${tenantId} AND passport_id=${passportId} ORDER BY provider`) : await db.execute(sql`SELECT * FROM trust_monitoring_state WHERE tenant_id=${tenantId} ORDER BY passport_id,provider`);[39m
[31m+       const alerts = passportId ? await db.execute(sql`SELECT * FROM trust_alerts WHERE tenant_id=${tenantId} AND passport_id=${passportId} ORDER BY created_at DESC`) : await db.execute(sql`SELECT * FROM trust_alerts WHERE tenant_id=${tenantId} ORDER BY created_at DESC`);[39m
[31m+       return res.json({ monitoring: (rows as any).rows || [], alerts: (alerts as any).rows || [] });[39m
[31m+     } catch (error) { return next(error); }[39m
[31m+   });[39m
[31m+[39m
[31m+   router.get('/ledger/:passportId', async (req: AuthenticatedRequest, res, next) => {[39m
[31m+     try {[39m
[31m+       const db = req.db!;[39m
[31m+       const tenantId = req.user!.tenantId;[39m
[31m+       const passportId = req.params.passportId;[39m
[31m+       const scope = await db.execute(sql`SELECT id FROM passports WHERE id=${passportId} AND tenant_id=${tenantId} LIMIT 1`);[39m
[31m+       if (!(scope as any).rows?.length) return res.status(404).json({ error: 'PASSPORT_NOT_FOUND' });[39m
[31m+       const observations = await db.execute(sql`SELECT id,observation_version,generated_at,previous_observation_id,evidence_ids,finding_ids,canonical_payload_hash,completeness_basis_points,open_finding_count,unknown_dimension_count FROM trust_observations WHERE tenant_id=${tenantId} AND passport_id=${passportId} ORDER BY observation_version DESC`);[39m
[31m+       const evidence = await db.execute(sql`SELECT id,provider,control_id,subject,source_url,observed_at,verification_method,status,severity,evidence_hash,limitation FROM evidence_ledger WHERE tenant_id=${tenantId} AND passport_id=${passportId} ORDER BY observed_at DESC`);[39m
[31m+       const findings = await db.execute(sql`SELECT id,control_id,title,severity,status,evidence_ids,fingerprint,updated_at,resolved_at FROM trust_findings WHERE tenant_id=${tenantId} AND passport_id=${passportId} ORDER BY updated_at DESC`);[39m
[31m+       const remediation = await db.execute(sql`SELECT * FROM trust_remediation_work_items WHERE tenant_id=${tenantId} AND passport_id=${passportId} ORDER BY updated_at DESC`);[39m
[31m+       const verification = await db.execute(sql`SELECT * FROM remediation_verification_ledger WHERE tenant_id=${tenantId} AND finding_id IN (SELECT id FROM trust_findings WHERE tenant_id=${tenantId} AND passport_id=${passportId}) ORDER BY created_at DESC`);[39m
[31m+       return res.json({ observations: (observations as any).rows || [], findings: (findings as any).rows || [], evidence: (evidence as any).rows || [], remediation: (remediation as any).rows || [], verification: (verification as any).rows || [], trace: 'Report -> Passport -> Risk -> Finding -> Observation -> Provider -> Source -> Timestamp -> Hash' });[39m
[31m+     } catch (error) { return next(error); }[39m
[31m+   });[39m
[31m+[39m
[31m+   router.get('/reports/:passportId/history', async (req: AuthenticatedRequest, res, next) => {[39m
[31m+     try {[39m
[31m+       const db = req.db!;[39m
[31m+       const tenantId = req.user!.tenantId;[39m
[31m+       const passportId = req.params.passportId;[39m
[31m+       const typeFilter = typeof req.query.type === 'string' ? reportTypes.safeParse(req.query.type) : null;[39m
[31m+       if (typeFilter && !typeFilter.success) return res.status(400).json({ error: 'INVALID_REPORT_TYPE' });[39m
[31m+       const rows = typeFilter?.success[39m
[31m+         ? await db.execute(sql`SELECT id,report_type,generated_at,score,confidence_basis_points,completeness_basis_points,canonical_payload_hash FROM trust_report_snapshots WHERE tenant_id=${tenantId} AND passport_id=${passportId} AND report_type=${typeFilter.data} ORDER BY generated_at DESC LIMIT 50`)[39m
[31m+         : await db.execute(sql`SELECT id,report_type,generated_at,score,confidence_basis_points,completeness_basis_points,canonical_payload_hash FROM trust_report_snapshots WHERE tenant_id=${tenantId} AND passport_id=${passportId} ORDER BY generated_at DESC LIMIT 50`);[39m
[31m+       return res.json({ snapshots: (rows as any).rows || [] });[39m
[31m+     } catch (error) { return next(error); }[39m
[31m+   });[39m
[31m+[39m
[31m+   router.get('/reports/:passportId/history/:snapshotId', async (req: AuthenticatedRequest, res, next) => {[39m
[31m+     try {[39m
[31m+       const db = req.db!;[39m
[31m+       const tenantId = req.user!.tenantId;[39m
[31m+       const row = (await db.execute(sql`SELECT payload,canonical_payload_hash,generated_at,report_type FROM trust_report_snapshots WHERE id=${req.params.snapshotId} AND tenant_id=${tenantId} AND passport_id=${req.params.passportId} LIMIT 1`) as any).rows?.[0];[39m
[31m+       if (!row) return res.status(404).json({ error: 'REPORT_SNAPSHOT_NOT_FOUND' });[39m
[31m+       const payload = parseJson(row.payload, {});[39m
[31m+       return res.json({ ...(payload as object), reportHash: row.canonical_payload_hash });[39m
[31m+     } catch (error) { return next(error); }[39m
[31m+   });[39m
[31m+[39m
[31m+   router.get('/reports/:passportId', async (req: AuthenticatedRequest, res, next) => {[39m
[31m+     try {[39m
[31m+       const parsed = reportTypes.safeParse(req.query.type || 'executive');[39m
[31m+       if (!parsed.success) return res.status(400).json({ error: 'INVALID_REPORT_TYPE' });[39m
[31m+       const report = await buildAndPersistReport(req.db!, req.user!.tenantId, String(req.params.passportId), parsed.data);[39m
[31m+       if (!report) return res.status(404).json({ error: 'PASSPORT_NOT_FOUND' });[39m
[31m+       return res.json(report);[39m
[31m+     } catch (error) { return next(error); }[39m
[31m+   });[39m
[31m+[39m
[31m+   return router;[39m
[31m+ }[39m
[31m+[39m
[31m+ export async function buildAndPersistReport(db: any, tenantId: string, passportId: string, reportType: string) {[39m
[31m+   const passport = (await db.execute(sql`SELECT id,name,overall_score,security_score,compliance_score,verification_status,confidence_score,evidence_completeness,sbom,evidence,vulnerabilities,timeline FROM passports WHERE id=${passportId} AND tenant_id=${tenantId} LIMIT 1`) as any).rows?.[0];[39m
[31m+   if (!passport) return null;[39m
[31m+   const findings = (await db.execute(sql`SELECT id,control_id,title,severity,status,description,remediation,evidence_ids,updated_at,resolved_at FROM trust_findings WHERE tenant_id=${tenantId} AND passport_id=${passportId} ORDER BY CASE severity WHEN 'critical' THEN 1 WHEN 'high' THEN 2 WHEN 'medium' THEN 3 WHEN 'low' THEN 4 ELSE 5 END,updated_at DESC`) as any).rows || [];[39m
[31m+   const evidence = (await db.execute(sql`SELECT id,provider,control_id,subject,source_url,observed_at,verification_method,status,severity,evidence_hash,limitation FROM evidence_ledger WHERE tenant_id=${tenantId} AND passport_id=${passportId} ORDER BY observed_at DESC`) as any).rows || [];[39m
[31m+   const observations = (await db.execute(sql`SELECT id,observation_version,generated_at,previous_observation_id,evidence_ids,finding_ids,canonical_payload_hash,completeness_basis_points,confidence_basis_points,open_finding_count,unknown_dimension_count FROM trust_observations WHERE tenant_id=${tenantId} AND passport_id=${passportId} ORDER BY observation_version DESC`) as any).rows || [];[39m
[31m+   const remediation = (await db.execute(sql`SELECT * FROM trust_remediation_work_items WHERE tenant_id=${tenantId} AND passport_id=${passportId} ORDER BY updated_at DESC`) as any).rows || [];[39m
[31m+   const verification = (await db.execute(sql`SELECT * FROM remediation_verification_ledger WHERE tenant_id=${tenantId} AND finding_id IN (SELECT id FROM trust_findings WHERE tenant_id=${tenantId} AND passport_id=${passportId}) ORDER BY created_at DESC`) as any).rows || [];[39m
[31m+   const latest = observations[0];[39m
[31m+   const risk = deriveReportRiskFields(passport as ReportPassportRow);[39m
[31m+   const report = {[39m
[31m+     schemaVersion: 'spr.report.v2', reportType, generatedAt: new Date().toISOString(), passport: { id: passport.id, name: passport.name },[39m
[31m+     risk: { overall: risk.canonicalScore, security: passport.security_score, compliance: passport.compliance_score, verificationStatus: risk.verificationStatus },[39m
[31m+     evidenceQuality: { completenessBasisPoints: risk.completenessBasisPoints, confidenceBasisPoints: risk.confidenceBasisPoints, unknownDimensions: latest?.unknown_dimension_count ?? 0, latestObservationAt: latest?.generated_at ?? null },[39m
[31m+     findings, evidence, observations, remediation, verification,[39m
[31m+     traceability: 'Report -> Passport -> Risk -> Finding -> Observation -> Provider -> Source -> Timestamp -> Hash',[39m
[31m+     resolutionTraceability: 'Finding -> remediation -> new observation -> independent verification',[39m
[31m+     limitations: evidence.filter((item: any) => item.limitation).map((item: any) => ({ evidenceId: item.id, limitation: item.limitation })),[39m
[31m+     ...buildReportTypeExtras(reportType, passport, findings),[39m
[31m+   };[39m
[31m+   const canonicalPayload = JSON.stringify(report);[39m
[31m+   const reportHash = crypto.createHash('sha256').update(canonicalPayload).digest('hex');[39m
[31m+   await db.execute(sql`INSERT INTO trust_report_snapshots (id,tenant_id,passport_id,report_type,generated_at,score,confidence_basis_points,completeness_basis_points,evidence_ids,finding_ids,observation_id,canonical_payload_hash,payload,created_at) VALUES (${id('report')},${tenantId},${passportId},${reportType},${report.generatedAt},${risk.canonicalScore},${risk.confidenceBasisPoints},${risk.completenessBasisPoints},${JSON.stringify(evidence.map((item: any) => item.id))},${JSON.stringify(findings.map((item: any) => item.id))},${latest?.id ?? null},${reportHash},${canonicalPayload},${report.generatedAt}) ON CONFLICT (tenant_id,passport_id,report_type,canonical_payload_hash) DO NOTHING`);[39m
[31m+   return { ...report, reportHash };[39m
[31m+ }[39m
[31m+[39m

[36m [2m❯[22m tests/trust-loop-client-id-integrity.test.ts:[2m19:29[22m[39m
    [90m 17| [39m  [34mit[39m([32m'does not substitute passport.id for a missing client_id'[39m[33m,[39m () [33m=>[39m {
    [90m 18| [39m    [35mconst[39m routeSource [33m=[39m [34mread[39m([32m'src/routes/trust-loop.ts'[39m)[33m;[39m
    [90m 19| [39m    expect(routeSource).not.toContain('clientId: passport.client_id ||…
    [90m   | [39m                            [31m^[39m
    [90m 20| [39m    expect(routeSource).toContain('clientId: passport.client_id ?? nul…
    [90m 21| [39m  })[33m;[39m

[31m[2m⎯⎯⎯⎯⎯⎯⎯⎯⎯⎯⎯⎯⎯⎯⎯⎯⎯⎯⎯⎯[130/141]⎯[22m[39m

[41m[1m FAIL [22m[49m tests/trust-network-contract.test.ts[2m > [22mTrust Network (MSP Command Center rebuild) preserves existing functionality[2m > [22mkeeps the real client switcher, assignment API calls, and finding/remediation workflow untouched
[31m[1mAssertionError[22m: expected 'import React, { useEffect, useMemo, u…' to contain 'apiFetch(\'/api/remediation-tasks\''[39m

[32m- Expected[39m
[31m+ Received[39m

[32m- apiFetch('/api/remediation-tasks'[39m
[31m+ import React, { useEffect, useMemo, useState } from 'react';[39m
[31m+ import { AlertTriangle, ArrowRight, Building2, CheckCircle2, FileSearch, ShieldAlert, User, X } from 'lucide-react';[39m
[31m+ import { Alert, Client } from '../types';[39m
[31m+ import { apiFetch } from '../utils/apiClient';[39m
[31m+ import type { VerificationDecision } from '../lib/verification/evaluateVerification';[39m
[31m+[39m
[31m+ interface Props {[39m
[31m+   clients: Client[];[39m
[31m+   alerts: Alert[];[39m
[31m+   findings: any[];[39m
[31m+   role?: string;[39m
[31m+   onSelectClient: (id: string) => void;[39m
[31m+   onSelectPassport?: (passportId: string) => void;[39m
[31m+   onNavigate: (tab: string) => void;[39m
[31m+   verificationDecisions?: Record<string, VerificationDecision>;[39m
[31m+   verificationDetails?: Record<string, unknown>;[39m
[31m+ }[39m
[31m+[39m
[31m+ type Assignment = { id: string; client_id: string; technician_display: string; assigned_by: string; updated_at: string };[39m
[31m+ type TeamMember = { id: number; email: string; displayName?: string | null; role: string };[39m
[31m+[39m
[31m+ const severityClass = (severity: Alert['severity']) => severity === 'Critical'[39m
[31m+   ? 'border-[#a4262c]/30 bg-[#fdf2f2] text-[#a4262c]'[39m
[31m+   : severity === 'High' ? 'border-[#8a5700]/30 bg-[#fff4ce] text-[#8a5700]'[39m
[31m+   : 'border-[#0f6cbd]/30 bg-[#eff6fc] text-[#0f6cbd]';[39m
[31m+[39m
[31m+ export default function MSPCommandCenter({ clients, alerts, findings, role = 'Viewer', onSelectClient, onNavigate, onSelectPassport, verificationDecisions = {}, verificationDetails = {} }: Props) {[39m
[31m+   const [selected, setSelected] = useState<Alert | null>(null);[39m
[31m+   const [assignments, setAssignments] = useState<Assignment[]>([]);[39m
[31m+   const [team, setTeam] = useState<TeamMember[]>([]);[39m
[31m+   const [assigningClientId, setAssigningClientId] = useState<string | null>(null);[39m
[31m+   const canAssign = role === 'Owner' || role === 'Admin';[39m
[31m+   const trustStateFromDecision = (decision?: VerificationDecision) => decision?.state ?? 'UNINITIALIZED';[39m
[31m+   const trustStateForPassportItem = (item: { passportId: string }) => trustStateFromDecision(verificationDecisions?.[item.passportId]);[39m
[31m+   const selectPassport = (passportId: string) => { onSelectPassport?.(passportId); };[39m
[31m+   const passportDecision = (passport: { id: string }) => { const decision = verificationDecisions?.[passport.id]; return decision; };[39m
[31m+   void verificationDetails;[39m
[31m+[39m
[31m+   const loadAssignments = () => { apiFetch('/api/msp/assignments').then((r) => r.ok ? r.json() : null).then((data) => { if (Array.isArray(data?.assignments)) setAssignments(data.assignments); }).catch(() => {}); };[39m
[31m+   useEffect(() => { loadAssignments(); apiFetch('/api/organization/team').then((r) => r.ok ? r.json() : null).then((data) => { if (Array.isArray(data)) setTeam(data); }).catch(() => {}); }, []);[39m
[31m+[39m
[31m+   const assignmentByClient = useMemo(() => new Map(assignments.map((a) => [a.client_id, a])), [assignments]);[39m
[31m+   const assignTechnician = async (clientId: string, member: TeamMember) => {[39m
[31m+     const response = await apiFetch('/api/msp/assignments', { method: 'PUT', headers: { 'Content-Type': 'application/json' }, body: JSON.stringify({ clientId, technicianUserId: member.id, technicianDisplay: member.displayName || member.email }) });[39m
[31m+     if (response.ok) { loadAssignments(); setAssigningClientId(null); }[39m
[31m+   };[39m
[31m+   const unassignTechnician = async (clientId: string) => {[39m
[31m+     const response = await apiFetch(`/api/msp/assignments/${encodeURIComponent(clientId)}`, { method: 'DELETE' });[39m
[31m+     if (response.ok) loadAssignments();[39m
[31m+   };[39m
[31m+[39m
[31m+   const clientRiskRollup = useMemo(() => clients.map((client) => {[39m
[31m+     const clientAlerts = alerts.filter((a) => a.clientName === client.name);[39m
[31m+     const active = clientAlerts.filter((a) => a.status !== 'Resolved' && a.status !== 'Cancelled');[39m
[31m+     const critical = active.filter((a) => a.severity === 'Critical').length;[39m
[31m+     const high = active.filter((a) => a.severity === 'High').length;[39m
[31m+     return { client, activeCount: active.length, critical, high, assignment: assignmentByClient.get(client.id) };[39m
[31m+   }).sort((a, b) => (b.critical - a.critical) || (b.high - a.high) || (b.activeCount - a.activeCount)), [clients, alerts, assignmentByClient]);[39m
[31m+   // Sourced from the same /api/trust-loop/findings data App.tsx already fetched[39m
[31m+   // to build `alerts` -- no second network round trip for finding detail.[39m
[31m+   const finding = useMemo(() => selected ? findings.find((item: any) => String(item.id) === selected.id) || null : null, [selected?.id, findings]);[39m
[31m+   const findingError = selected && !finding ? 'Finding details are unavailable.' : null;[39m
[31m+   const [task, setTask] = useState<any | null>(null);[39m
[31m+   const [taskLoading, setTaskLoading] = useState(false);[39m
[31m+   const [taskError, setTaskError] = useState<string | null>(null);[39m
[31m+   const attention = useMemo(() => alerts.filter(item => item.status === 'Active').sort((a, b) => {[39m
[31m+     const rank = { Critical: 3, High: 2, Medium: 1, Low: 0 };[39m
[31m+     return rank[b.severity] - rank[a.severity];[39m
[31m+   }), [alerts]);[39m
[31m+   const criticalClients = new Set(attention.filter(item => item.severity === 'Critical').map(item => item.clientName)).size;[39m
[31m+   const attentionClients = new Set(attention.filter(item => item.severity !== 'Critical').map(item => item.clientName)).size;[39m
[31m+   // A remediation may already exist for this finding (created from the Alerts[39m
[31m+   // view via the same /api/trust-loop/remediations backend) -- load it by the[39m
[31m+   // id the findings join already gives us instead of scanning a task list.[39m
[31m+   useEffect(() => {[39m
[31m+     setTask(null); setTaskError(null);[39m
[31m+     if (!selected?.remediationId) return;[39m
[31m+     let cancelled = false;[39m
[31m+     apiFetch(`/api/trust-loop/remediations/${encodeURIComponent(selected.remediationId)}`).then(response => response.ok ? response.json() : null).then(data => { if (!cancelled && data) setTask(data); }).catch(() => {});[39m
[31m+     return () => { cancelled = true; };[39m
[31m+   }, [selected?.id, selected?.remediationId]);[39m
[31m+   const createTask = async () => {[39m
[31m+     if (!selected || !finding || taskLoading) return;[39m
[31m+     setTaskLoading(true); setTaskError(null);[39m
[31m+     try {[39m
[31m+       const response = await apiFetch('/api/trust-loop/remediations', {[39m
[31m+         method: 'POST', headers: { 'Content-Type': 'application/json' },[39m
[31m+         body: JSON.stringify({ findingId: selected.id, title: selected.title, description: selected.description, priority: selected.severity.toUpperCase() }),[39m
[31m+       });[39m
[31m+       const body = await response.json().catch(() => ({}));[39m
[31m+       if (!response.ok) throw new Error(body?.error || 'SPR could not create the remediation task.');[39m
[31m+       setTask(body);[39m
[31m+     } catch (cause: any) { setTaskError(cause?.message || 'SPR could not create the remediation task.'); }[39m
[31m+     finally { setTaskLoading(false); }[39m
[31m+   };[39m
[31m+   const transitionTask = async (status: 'IN_PROGRESS' | 'READY_FOR_VERIFICATION') => {[39m
[31m+     if (!task || taskLoading) return;[39m
[31m+     setTaskLoading(true); setTaskError(null);[39m
[31m+     try {[39m
[31m+       const response = await apiFetch(`/api/trust-loop/remediations/${encodeURIComponent(task.id)}`, { method: 'PATCH', headers: { 'Content-Type': 'application/json' }, body: JSON.stringify({ status }) });[39m
[31m+       const body = await response.json().catch(() => ({}));[39m
[31m+       if (!response.ok) throw new Error(body?.error || 'SPR could not update the task.');[39m
[31m+       setTask(body);[39m
[31m+     } catch (cause: any) { setTaskError(cause?.message || 'SPR could not update the task.'); }[39m
[31m+     finally { setTaskLoading(false); }[39m
[31m+   };[39m
[31m+   // Re-verifies against the most recent trust_observation SPR already has on[39m
[31m+   // file for this software -- there is no live "run a check now" job queue,[39m
[31m+   // so this is honestly a re-check of existing evidence, not a fresh scan.[39m
[31m+   const verifyWithLatestEvidence = async () => {[39m
[31m+     if (!task || taskLoading) return;[39m
[31m+     setTaskLoading(true); setTaskError(null);[39m
[31m+     try {[39m
[31m+       const response = await apiFetch(`/api/trust-loop/remediations/${encodeURIComponent(task.id)}/verify-latest`, { method: 'POST' });[39m
[31m+       const body = await response.json().catch(() => ({}));[39m
[31m+       if (!response.ok) throw new Error(body?.error || 'SPR could not verify this task against current evidence.');[39m
[31m+       setTask(body);[39m
[31m+     } catch (cause: any) { setTaskError(cause?.message || 'SPR could not verify this task against current evidence.'); }[39m
[31m+     finally { setTaskLoading(false); }[39m
[31m+   };[39m
[31m+[39m
[31m+   return <section id="msp-command-center" aria-labelledby="msp-command-center-title">[39m
[31m+     <div className="mb-4 flex flex-wrap items-center justify-between gap-3">[39m
[31m+       <div>[39m
[31m+         <h1 id="msp-command-center-title" className="text-[22px] font-semibold text-[#201f1e]">Who needs you today?</h1>[39m
[31m+         <p className="mt-1 text-[13px] text-[#605e5c]">Prioritized work from the evidence and findings SPR currently has on record. A closed task is not a verified fix.</p>[39m
[31m+       </div>[39m
[31m+       <button type="button" onClick={() => onNavigate('clients')} className="inline-flex h-8 items-center gap-1.5 rounded border border-[#c8c6c4] px-3 text-[13px] font-medium text-[#323130] hover:bg-black/[.03]">[39m
[31m+         View all clients <ArrowRight className="h-3.5 w-3.5" />[39m
[31m+       </button>[39m
[31m+     </div>[39m
[31m+[39m
[31m+     <div className="mb-4 flex flex-wrap gap-6 rounded-md border border-[#e1dfdd] bg-white p-3">[39m
[31m+       <Metric label="Clients" value={clients.length} icon={<Building2 className="h-3.5 w-3.5" />} />[39m
[31m+       <Metric label="Healthy" value={Math.max(0, clients.length - criticalClients - attentionClients)} icon={<CheckCircle2 className="h-3.5 w-3.5 text-[#0e700e]" />} />[39m
[31m+       <Metric label="Need attention" value={attentionClients} icon={<AlertTriangle className="h-3.5 w-3.5 text-[#8a5700]" />} />[39m
[31m+       <Metric label="Critical" value={criticalClients} icon={<ShieldAlert className="h-3.5 w-3.5 text-[#a4262c]" />} />[39m
[31m+     </div>[39m
[31m+[39m
[31m+     <div className="mb-4 rounded-md border border-[#e1dfdd] bg-white">[39m
[31m+       <div className="border-b border-[#e1dfdd] px-4 py-3"><h2 className="text-[14px] font-semibold text-[#201f1e]">Cross-client risk</h2><p className="mt-0.5 text-[12px] text-[#605e5c]">Every client ranked by active critical and high findings, with technician assignment.</p></div>[39m
[31m+       <div className="overflow-x-auto">[39m
[31m+         <table className="w-full min-w-[640px] text-left text-[13px]">[39m
[31m+           <thead className="border-b border-[#e1dfdd] text-[11px] uppercase tracking-wide text-[#605e5c]"><tr><th className="px-4 py-2">Client</th><th className="px-4 py-2">Critical</th><th className="px-4 py-2">High</th><th className="px-4 py-2">Active findings</th><th className="px-4 py-2">Assigned technician</th></tr></thead>[39m
[31m+           <tbody>[39m
[31m+             {clientRiskRollup.map(({ client, activeCount, critical, high, assignment }) => ([39m
[31m+               <tr key={client.id} className="border-b border-[#f3f2f1] hover:bg-black/[.02]">[39m
[31m+                 <td className="px-4 py-2.5 font-medium text-[#201f1e]">{client.name}</td>[39m
[31m+                 <td className="px-4 py-2.5">{critical > 0 ? <span className="rounded border border-[#a4262c]/30 bg-[#fdf2f2] px-1.5 py-0.5 text-[11px] font-semibold text-[#a4262c]">{critical}</span> : <span className="text-[#8a8886]">0</span>}</td>[39m
[31m+                 <td className="px-4 py-2.5">{high > 0 ? <span className="rounded border border-[#8a5700]/30 bg-[#fff4ce] px-1.5 py-0.5 text-[11px] font-semibold text-[#8a5700]">{high}</span> : <span className="text-[#8a8886]">0</span>}</td>[39m
[31m+                 <td className="px-4 py-2.5 text-[#323130]">{activeCount}</td>[39m
[31m+                 <td className="px-4 py-2.5">[39m
[31m+                   {assigningClientId === client.id ? ([39m
[31m+                     <select autoFocus onBlur={() => setAssigningClientId(null)} onChange={(e) => { const member = team.find((m) => String(m.id) === e.target.value); if (member) void assignTechnician(client.id, member); }} className="h-8 rounded border border-[#c8c6c4] bg-white px-2 text-[12px] text-[#201f1e] focus:border-[#0f6cbd] focus:outline-none focus:ring-1 focus:ring-[#0f6cbd]">[39m
[31m+                       <option value="">Select technician…</option>[39m
[31m+                       {team.map((member) => <option key={member.id} value={member.id}>{member.displayName || member.email}</option>)}[39m
[31m+                     </select>[39m
[31m+                   ) : assignment ? ([39m
[31m+                     <div className="flex items-center gap-2 text-[12px] text-[#323130]"><User className="h-3 w-3 text-[#8a8886]" />{assignment.technician_display}[39m
[31m+                       {canAssign && <button type="button" onClick={() => void unassignTechnician(client.id)} className="text-[#8a8886] hover:text-[#a4262c]">×</button>}[39m
[31m+                       {canAssign && <button type="button" onClick={() => setAssigningClientId(client.id)} className="text-[#0f6cbd] hover:text-[#004578]">change</button>}[39m
[31m+                     </div>[39m
[31m+                   ) : canAssign ? ([39m
[31m+                     <button type="button" onClick={() => setAssigningClientId(client.id)} className="rounded border border-[#c8c6c4] px-2 py-1 text-[12px] text-[#605e5c] hover:bg-black/[.03]">Assign…</button>[39m
[31m+                   ) : <span className="text-[12px] text-[#8a8886]">Unassigned</span>}[39m
[31m+                 </td>[39m
[31m+               </tr>[39m
[31m+             ))}[39m
[31m+           </tbody>[39m
[31m+         </table>[39m
[31m+       </div>[39m
[31m+     </div>[39m
[31m+[39m
[31m+     <div className="rounded-md border border-[#e1dfdd] bg-white">[39m
[31m+       <div className="flex flex-col gap-2 border-b border-[#e1dfdd] px-4 py-3 sm:flex-row sm:items-center sm:justify-between">[39m
[31m+         <div><h2 className="text-[14px] font-semibold text-[#201f1e]">Clients needing action</h2><p className="mt-0.5 text-[12px] text-[#605e5c]">Most urgent first, based on active recorded findings.</p></div>[39m
[31m+         <span className="w-fit rounded border border-[#c8c6c4] bg-[#faf9f8] px-2 py-0.5 text-[11px] font-medium text-[#605e5c]">{attention.length} active findings</span>[39m
[31m+       </div>[39m
[31m+       {attention.length ? <div>[39m
[31m+         {attention.map(alert => {[39m
[31m+           const client = clients.find(item => item.name === alert.clientName);[39m
[31m+           return <article key={alert.id} className="grid gap-3 border-b border-[#f3f2f1] px-4 py-3 last:border-b-0 lg:grid-cols-[minmax(180px,0.8fr)_minmax(260px,1.5fr)_auto] lg:items-center">[39m
[31m+             <div>[39m
[31m+               <p className="font-medium text-[#201f1e]">{alert.clientName}</p>[39m
[31m+               <p className="mt-0.5 text-[11px] text-[#8a8886]">Observed {alert.timestamp}</p>[39m
[31m+             </div>[39m
[31m+             <div>[39m
[31m+               <div className="mb-1.5 flex flex-wrap gap-1.5"><span className={`rounded border px-1.5 py-0.5 text-[11px] font-semibold ${severityClass(alert.severity)}`}>{alert.severity}</span><span className="rounded bg-[#f3f2f1] px-1.5 py-0.5 text-[11px] text-[#605e5c]">{alert.category}</span></div>[39m
[31m+               <p className="text-[13px] font-medium text-[#201f1e]">{alert.title}</p><p className="mt-0.5 text-[12px] leading-5 text-[#605e5c]">{alert.description}</p>[39m
[31m+             </div>[39m
[31m+             <div className="flex gap-2 lg:flex-col"><button type="button" onClick={() => setSelected(alert)} className="inline-flex h-8 items-center justify-center gap-1.5 rounded bg-[#0f6cbd] px-3 text-[13px] font-medium text-white hover:bg-[#004578]">Investigate <ArrowRight className="h-3.5 w-3.5" /></button>{client && <button type="button" onClick={() => onSelectClient(client.id)} className="h-8 rounded border border-[#c8c6c4] px-3 text-[13px] font-medium text-[#323130] hover:bg-black/[.03]">Client</button>}</div>[39m
[31m+           </article>;[39m
[31m+         })}[39m
[31m+       </div> : <div className="px-6 py-10 text-center"><CheckCircle2 className="mx-auto h-6 w-6 text-[#0e700e]" /><h3 className="mt-2 text-[13px] font-semibold text-[#201f1e]">No clients need attention</h3><p className="mt-1 text-[12px] text-[#605e5c]">Your monitored clients currently have no active recorded findings requiring action.</p></div>}[39m
[31m+     </div>[39m
[31m+[39m
[31m+     {selected && <div className="fixed inset-0 z-50 flex items-end bg-black/40 p-0 md:items-center md:justify-center md:p-6" role="dialog" aria-modal="true" aria-labelledby="finding-title">[39m
[31m+       <div className="max-h-[92vh] w-full max-w-2xl overflow-y-auto rounded-t-md border border-[#e1dfdd] bg-white p-5 md:rounded-md"><div className="flex items-start justify-between gap-4"><div><p className="text-[11px] font-semibold uppercase tracking-wide text-[#605e5c]">Finding detail · Explain this</p><h2 id="finding-title" className="mt-1 text-[18px] font-semibold text-[#201f1e]">{selected.title}</h2></div><button type="button" onClick={() => setSelected(null)} aria-label="Close finding" className="rounded p-1.5 text-[#605e5c] hover:bg-black/[.05]"><X className="h-4 w-4" /></button></div>[39m
[31m+         {findingError && <div role="alert" className="mt-4 rounded-md border border-[#a4262c]/30 bg-[#fdf2f2] p-3 text-[13px] text-[#a4262c]"><p className="font-semibold">Finding detail unavailable</p><p className="mt-0.5">{findingError}</p></div>}[39m
[31m+         {finding && <><div className="mt-4 grid gap-3 sm:grid-cols-2"><Detail label="Client" value={selected.clientName} /><Detail label="Severity and status" value={`${finding.severity} — ${finding.status}`} /><Detail label="First observed" value={formatStoredTime(finding.created_at)} /><Detail label="Last observed" value={formatStoredTime(finding.updated_at)} /></div>[39m
[31m+         <section className="mt-3 rounded-md border border-[#e1dfdd] bg-[#faf9f8] p-3"><h3 className="text-[13px] font-semibold text-[#201f1e]">Observed</h3><p className="mt-1 text-[13px] leading-6 text-[#323130]">{finding.description || 'No observation description is available.'}</p></section><div className="mt-3 grid gap-3 sm:grid-cols-2"><Detail label="Why it matters" value="Review this recorded finding with its evidence before choosing remediation." /><Detail label="What you can do" value="Create a remediation task, then collect a new observation before treating the finding as resolved." /></div>[39m
[31m+         <section className="mt-3 rounded-md border border-[#e1dfdd] bg-[#faf9f8] p-3"><h3 className="text-[13px] font-semibold text-[#201f1e]">Evidence chain</h3><p className="mt-0.5 text-[11px] text-[#8a8886]">Finding → observed artifact → source evidence → verification time</p>{evidenceList(finding.evidence_ids).length ? <ul className="mt-3 space-y-1.5">{evidenceList(finding.evidence_ids).map((id: string) => <li key={id} className="rounded border border-[#e1dfdd] bg-white px-2.5 py-1.5 font-mono text-[11px] text-[#323130]">Evidence reference: {id}</li>)}</ul> : <p className="mt-3 text-[13px] text-[#605e5c]">Evidence unavailable. This finding has no stored evidence references.</p>}</section></>}[39m
[31m+         {taskError && <p role="alert" className="mt-3 text-[13px] text-[#a4262c]">{taskError}</p>}[39m
[31m+         {task && <section className="mt-3 rounded-md border border-[#0f6cbd]/30 bg-[#eff6fc] p-3"><p className="text-[11px] font-semibold uppercase tracking-wide text-[#0f6cbd]">Remediation task</p><p className="mt-1 text-[13px] font-semibold text-[#201f1e]">{task.title}</p><p className="mt-0.5 text-[12px] text-[#323130]">{task.status.replaceAll('_', ' ')} · created {formatStoredTime(task.created_at)}</p>{task.status === 'OPEN' && <button type="button" onClick={() => void transitionTask('IN_PROGRESS')} disabled={taskLoading} className="mt-3 inline-flex h-8 items-center rounded bg-[#0f6cbd] px-3 text-[13px] font-medium text-white hover:bg-[#004578] disabled:opacity-50">{taskLoading ? 'Updating task…' : 'Start remediation'}</button>}{task.status === 'IN_PROGRESS' && <button type="button" onClick={() => void transitionTask('READY_FOR_VERIFICATION')} disabled={taskLoading} className="mt-3 inline-flex h-8 items-center rounded bg-[#0f6cbd] px-3 text-[13px] font-medium text-white hover:bg-[#004578] disabled:opacity-50">{taskLoading ? 'Updating task…' : 'Mark ready for verification'}</button>}{task.status === 'READY_FOR_VERIFICATION' && <div className="mt-2"><p className="text-[13px] text-[#8a5700]">Remediation marked complete. Verification required.</p><p className="mt-0.5 text-[11px] text-[#605e5c]">Re-checks the most recent evidence SPR already has on file for this software — this is not a live scan.</p><button type="button" onClick={() => void verifyWithLatestEvidence()} disabled={taskLoading} className="mt-2 inline-flex h-8 items-center rounded bg-[#0f6cbd] px-3 text-[13px] font-medium text-white hover:bg-[#004578] disabled:opacity-50">{taskLoading ? 'Verifying…' : 'Verify with latest evidence'}</button></div>}{task.status === 'VERIFIED' && <p className="mt-2 text-[13px] text-[#0e700e]">Verified against evidence SPR collected. The underlying finding is now marked resolved.</p>}</section>}[39m
[31m+         <div className="mt-4 flex flex-wrap gap-2"><button type="button" onClick={() => { setSelected(null); onNavigate('alerts'); }} disabled={!finding} className="inline-flex h-8 items-center gap-1.5 rounded bg-[#0f6cbd] px-3 text-[13px] font-medium text-white hover:bg-[#004578] disabled:opacity-50"><FileSearch className="h-3.5 w-3.5" /> Show evidence</button>{task ? <span className="inline-flex h-8 items-center rounded border border-[#c8c6c4] px-3 text-[13px] font-medium text-[#323130]">Task created</span> : <button type="button" onClick={() => void createTask()} disabled={!finding || taskLoading} className="inline-flex h-8 items-center rounded border border-[#c8c6c4] px-3 text-[13px] font-medium text-[#323130] hover:bg-black/[.03] disabled:opacity-50">{taskLoading ? 'Creating task…' : 'Create remediation task'}</button>}</div>[39m
[31m+       </div>[39m
[31m+     </div>}[39m
[31m+   </section>;[39m
[31m+ }[39m
[31m+[39m
[31m+ function Metric({ label, value, icon }: { label: string; value: number; icon: React.ReactNode }) { return <div className="flex items-center gap-1.5">{icon}<div><div className="text-[11px] text-[#605e5c]">{label}</div><div className="text-lg font-semibold text-[#201f1e]">{value}</div></div></div>; }[39m
[31m+ function Detail({ label, value }: { label: string; value: string }) { return <div className="rounded-md border border-[#e1dfdd] bg-[#faf9f8] p-3"><p className="text-[11px] font-semibold uppercase tracking-wide text-[#605e5c]">{label}</p><p className="mt-1 text-[13px] leading-5 text-[#201f1e]">{value}</p></div>; }[39m
[31m+ function formatStoredTime(value?: string | null) { return value ? new Date(value).toLocaleString() : 'Not observed'; }[39m
[31m+ function evidenceList(value?: string | null) { try { const parsed = JSON.parse(value || '[]'); return Array.isArray(parsed) ? parsed.filter((item): item is string => typeof item === 'string') : []; } catch { return []; } }[39m
[31m+[39m

[36m [2m❯[22m tests/trust-network-contract.test.ts:[2m20:15[22m[39m
    [90m 18| [39m    [90m// the route-inventory audit that found it. Everything else in this[39m
    [90m 19| [39m    // block now has a real backend, proven below, not just preserved …
    [90m 20| [39m    [34mexpect[39m(s)[33m.[39m[34mtoContain[39m([32m"apiFetch('/api/remediation-tasks'"[39m)[33m;[39m
    [90m   | [39m              [31m^[39m
    [90m 21| [39m    expect(s).toContain("apiFetch('/api/monitoring/monitoring-configur…
    [90m 22| [39m    expect(s).toContain("onSelectClient(client.id); onNavigate('client…

[31m[2m⎯⎯⎯⎯⎯⎯⎯⎯⎯⎯⎯⎯⎯⎯⎯⎯⎯⎯⎯⎯[131/141]⎯[22m[39m

[41m[1m FAIL [22m[49m tests/trust-network-contract.test.ts[2m > [22mTrust Network (MSP Command Center rebuild) preserves existing functionality[2m > [22mevery /api/remediation-tasks call the frontend makes has a matching real backend route
[31m[1mAssertionError[22m: expected 'import React, { useEffect, useMemo, u…' to contain 'apiFetch(\'/api/remediation-tasks\')'[39m

[32m- Expected[39m
[31m+ Received[39m

[32m- apiFetch('/api/remediation-tasks')[39m
[31m+ import React, { useEffect, useMemo, useState } from 'react';[39m
[31m+ import { AlertTriangle, ArrowRight, Building2, CheckCircle2, FileSearch, ShieldAlert, User, X } from 'lucide-react';[39m
[31m+ import { Alert, Client } from '../types';[39m
[31m+ import { apiFetch } from '../utils/apiClient';[39m
[31m+ import type { VerificationDecision } from '../lib/verification/evaluateVerification';[39m
[31m+[39m
[31m+ interface Props {[39m
[31m+   clients: Client[];[39m
[31m+   alerts: Alert[];[39m
[31m+   findings: any[];[39m
[31m+   role?: string;[39m
[31m+   onSelectClient: (id: string) => void;[39m
[31m+   onSelectPassport?: (passportId: string) => void;[39m
[31m+   onNavigate: (tab: string) => void;[39m
[31m+   verificationDecisions?: Record<string, VerificationDecision>;[39m
[31m+   verificationDetails?: Record<string, unknown>;[39m
[31m+ }[39m
[31m+[39m
[31m+ type Assignment = { id: string; client_id: string; technician_display: string; assigned_by: string; updated_at: string };[39m
[31m+ type TeamMember = { id: number; email: string; displayName?: string | null; role: string };[39m
[31m+[39m
[31m+ const severityClass = (severity: Alert['severity']) => severity === 'Critical'[39m
[31m+   ? 'border-[#a4262c]/30 bg-[#fdf2f2] text-[#a4262c]'[39m
[31m+   : severity === 'High' ? 'border-[#8a5700]/30 bg-[#fff4ce] text-[#8a5700]'[39m
[31m+   : 'border-[#0f6cbd]/30 bg-[#eff6fc] text-[#0f6cbd]';[39m
[31m+[39m
[31m+ export default function MSPCommandCenter({ clients, alerts, findings, role = 'Viewer', onSelectClient, onNavigate, onSelectPassport, verificationDecisions = {}, verificationDetails = {} }: Props) {[39m
[31m+   const [selected, setSelected] = useState<Alert | null>(null);[39m
[31m+   const [assignments, setAssignments] = useState<Assignment[]>([]);[39m
[31m+   const [team, setTeam] = useState<TeamMember[]>([]);[39m
[31m+   const [assigningClientId, setAssigningClientId] = useState<string | null>(null);[39m
[31m+   const canAssign = role === 'Owner' || role === 'Admin';[39m
[31m+   const trustStateFromDecision = (decision?: VerificationDecision) => decision?.state ?? 'UNINITIALIZED';[39m
[31m+   const trustStateForPassportItem = (item: { passportId: string }) => trustStateFromDecision(verificationDecisions?.[item.passportId]);[39m
[31m+   const selectPassport = (passportId: string) => { onSelectPassport?.(passportId); };[39m
[31m+   const passportDecision = (passport: { id: string }) => { const decision = verificationDecisions?.[passport.id]; return decision; };[39m
[31m+   void verificationDetails;[39m
[31m+[39m
[31m+   const loadAssignments = () => { apiFetch('/api/msp/assignments').then((r) => r.ok ? r.json() : null).then((data) => { if (Array.isArray(data?.assignments)) setAssignments(data.assignments); }).catch(() => {}); };[39m
[31m+   useEffect(() => { loadAssignments(); apiFetch('/api/organization/team').then((r) => r.ok ? r.json() : null).then((data) => { if (Array.isArray(data)) setTeam(data); }).catch(() => {}); }, []);[39m
[31m+[39m
[31m+   const assignmentByClient = useMemo(() => new Map(assignments.map((a) => [a.client_id, a])), [assignments]);[39m
[31m+   const assignTechnician = async (clientId: string, member: TeamMember) => {[39m
[31m+     const response = await apiFetch('/api/msp/assignments', { method: 'PUT', headers: { 'Content-Type': 'application/json' }, body: JSON.stringify({ clientId, technicianUserId: member.id, technicianDisplay: member.displayName || member.email }) });[39m
[31m+     if (response.ok) { loadAssignments(); setAssigningClientId(null); }[39m
[31m+   };[39m
[31m+   const unassignTechnician = async (clientId: string) => {[39m
[31m+     const response = await apiFetch(`/api/msp/assignments/${encodeURIComponent(clientId)}`, { method: 'DELETE' });[39m
[31m+     if (response.ok) loadAssignments();[39m
[31m+   };[39m
[31m+[39m
[31m+   const clientRiskRollup = useMemo(() => clients.map((client) => {[39m
[31m+     const clientAlerts = alerts.filter((a) => a.clientName === client.name);[39m
[31m+     const active = clientAlerts.filter((a) => a.status !== 'Resolved' && a.status !== 'Cancelled');[39m
[31m+     const critical = active.filter((a) => a.severity === 'Critical').length;[39m
[31m+     const high = active.filter((a) => a.severity === 'High').length;[39m
[31m+     return { client, activeCount: active.length, critical, high, assignment: assignmentByClient.get(client.id) };[39m
[31m+   }).sort((a, b) => (b.critical - a.critical) || (b.high - a.high) || (b.activeCount - a.activeCount)), [clients, alerts, assignmentByClient]);[39m
[31m+   // Sourced from the same /api/trust-loop/findings data App.tsx already fetched[39m
[31m+   // to build `alerts` -- no second network round trip for finding detail.[39m
[31m+   const finding = useMemo(() => selected ? findings.find((item: any) => String(item.id) === selected.id) || null : null, [selected?.id, findings]);[39m
[31m+   const findingError = selected && !finding ? 'Finding details are unavailable.' : null;[39m
[31m+   const [task, setTask] = useState<any | null>(null);[39m
[31m+   const [taskLoading, setTaskLoading] = useState(false);[39m
[31m+   const [taskError, setTaskError] = useState<string | null>(null);[39m
[31m+   const attention = useMemo(() => alerts.filter(item => item.status === 'Active').sort((a, b) => {[39m
[31m+     const rank = { Critical: 3, High: 2, Medium: 1, Low: 0 };[39m
[31m+     return rank[b.severity] - rank[a.severity];[39m
[31m+   }), [alerts]);[39m
[31m+   const criticalClients = new Set(attention.filter(item => item.severity === 'Critical').map(item => item.clientName)).size;[39m
[31m+   const attentionClients = new Set(attention.filter(item => item.severity !== 'Critical').map(item => item.clientName)).size;[39m
[31m+   // A remediation may already exist for this finding (created from the Alerts[39m
[31m+   // view via the same /api/trust-loop/remediations backend) -- load it by the[39m
[31m+   // id the findings join already gives us instead of scanning a task list.[39m
[31m+   useEffect(() => {[39m
[31m+     setTask(null); setTaskError(null);[39m
[31m+     if (!selected?.remediationId) return;[39m
[31m+     let cancelled = false;[39m
[31m+     apiFetch(`/api/trust-loop/remediations/${encodeURIComponent(selected.remediationId)}`).then(response => response.ok ? response.json() : null).then(data => { if (!cancelled && data) setTask(data); }).catch(() => {});[39m
[31m+     return () => { cancelled = true; };[39m
[31m+   }, [selected?.id, selected?.remediationId]);[39m
[31m+   const createTask = async () => {[39m
[31m+     if (!selected || !finding || taskLoading) return;[39m
[31m+     setTaskLoading(true); setTaskError(null);[39m
[31m+     try {[39m
[31m+       const response = await apiFetch('/api/trust-loop/remediations', {[39m
[31m+         method: 'POST', headers: { 'Content-Type': 'application/json' },[39m
[31m+         body: JSON.stringify({ findingId: selected.id, title: selected.title, description: selected.description, priority: selected.severity.toUpperCase() }),[39m
[31m+       });[39m
[31m+       const body = await response.json().catch(() => ({}));[39m
[31m+       if (!response.ok) throw new Error(body?.error || 'SPR could not create the remediation task.');[39m
[31m+       setTask(body);[39m
[31m+     } catch (cause: any) { setTaskError(cause?.message || 'SPR could not create the remediation task.'); }[39m
[31m+     finally { setTaskLoading(false); }[39m
[31m+   };[39m
[31m+   const transitionTask = async (status: 'IN_PROGRESS' | 'READY_FOR_VERIFICATION') => {[39m
[31m+     if (!task || taskLoading) return;[39m
[31m+     setTaskLoading(true); setTaskError(null);[39m
[31m+     try {[39m
[31m+       const response = await apiFetch(`/api/trust-loop/remediations/${encodeURIComponent(task.id)}`, { method: 'PATCH', headers: { 'Content-Type': 'application/json' }, body: JSON.stringify({ status }) });[39m
[31m+       const body = await response.json().catch(() => ({}));[39m
[31m+       if (!response.ok) throw new Error(body?.error || 'SPR could not update the task.');[39m
[31m+       setTask(body);[39m
[31m+     } catch (cause: any) { setTaskError(cause?.message || 'SPR could not update the task.'); }[39m
[31m+     finally { setTaskLoading(false); }[39m
[31m+   };[39m
[31m+   // Re-verifies against the most recent trust_observation SPR already has on[39m
[31m+   // file for this software -- there is no live "run a check now" job queue,[39m
[31m+   // so this is honestly a re-check of existing evidence, not a fresh scan.[39m
[31m+   const verifyWithLatestEvidence = async () => {[39m
[31m+     if (!task || taskLoading) return;[39m
[31m+     setTaskLoading(true); setTaskError(null);[39m
[31m+     try {[39m
[31m+       const response = await apiFetch(`/api/trust-loop/remediations/${encodeURIComponent(task.id)}/verify-latest`, { method: 'POST' });[39m
[31m+       const body = await response.json().catch(() => ({}));[39m
[31m+       if (!response.ok) throw new Error(body?.error || 'SPR could not verify this task against current evidence.');[39m
[31m+       setTask(body);[39m
[31m+     } catch (cause: any) { setTaskError(cause?.message || 'SPR could not verify this task against current evidence.'); }[39m
[31m+     finally { setTaskLoading(false); }[39m
[31m+   };[39m
[31m+[39m
[31m+   return <section id="msp-command-center" aria-labelledby="msp-command-center-title">[39m
[31m+     <div className="mb-4 flex flex-wrap items-center justify-between gap-3">[39m
[31m+       <div>[39m
[31m+         <h1 id="msp-command-center-title" className="text-[22px] font-semibold text-[#201f1e]">Who needs you today?</h1>[39m
[31m+         <p className="mt-1 text-[13px] text-[#605e5c]">Prioritized work from the evidence and findings SPR currently has on record. A closed task is not a verified fix.</p>[39m
[31m+       </div>[39m
[31m+       <button type="button" onClick={() => onNavigate('clients')} className="inline-flex h-8 items-center gap-1.5 rounded border border-[#c8c6c4] px-3 text-[13px] font-medium text-[#323130] hover:bg-black/[.03]">[39m
[31m+         View all clients <ArrowRight className="h-3.5 w-3.5" />[39m
[31m+       </button>[39m
[31m+     </div>[39m
[31m+[39m
[31m+     <div className="mb-4 flex flex-wrap gap-6 rounded-md border border-[#e1dfdd] bg-white p-3">[39m
[31m+       <Metric label="Clients" value={clients.length} icon={<Building2 className="h-3.5 w-3.5" />} />[39m
[31m+       <Metric label="Healthy" value={Math.max(0, clients.length - criticalClients - attentionClients)} icon={<CheckCircle2 className="h-3.5 w-3.5 text-[#0e700e]" />} />[39m
[31m+       <Metric label="Need attention" value={attentionClients} icon={<AlertTriangle className="h-3.5 w-3.5 text-[#8a5700]" />} />[39m
[31m+       <Metric label="Critical" value={criticalClients} icon={<ShieldAlert className="h-3.5 w-3.5 text-[#a4262c]" />} />[39m
[31m+     </div>[39m
[31m+[39m
[31m+     <div className="mb-4 rounded-md border border-[#e1dfdd] bg-white">[39m
[31m+       <div className="border-b border-[#e1dfdd] px-4 py-3"><h2 className="text-[14px] font-semibold text-[#201f1e]">Cross-client risk</h2><p className="mt-0.5 text-[12px] text-[#605e5c]">Every client ranked by active critical and high findings, with technician assignment.</p></div>[39m
[31m+       <div className="overflow-x-auto">[39m
[31m+         <table className="w-full min-w-[640px] text-left text-[13px]">[39m
[31m+           <thead className="border-b border-[#e1dfdd] text-[11px] uppercase tracking-wide text-[#605e5c]"><tr><th className="px-4 py-2">Client</th><th className="px-4 py-2">Critical</th><th className="px-4 py-2">High</th><th className="px-4 py-2">Active findings</th><th className="px-4 py-2">Assigned technician</th></tr></thead>[39m
[31m+           <tbody>[39m
[31m+             {clientRiskRollup.map(({ client, activeCount, critical, high, assignment }) => ([39m
[31m+               <tr key={client.id} className="border-b border-[#f3f2f1] hover:bg-black/[.02]">[39m
[31m+                 <td className="px-4 py-2.5 font-medium text-[#201f1e]">{client.name}</td>[39m
[31m+                 <td className="px-4 py-2.5">{critical > 0 ? <span className="rounded border border-[#a4262c]/30 bg-[#fdf2f2] px-1.5 py-0.5 text-[11px] font-semibold text-[#a4262c]">{critical}</span> : <span className="text-[#8a8886]">0</span>}</td>[39m
[31m+                 <td className="px-4 py-2.5">{high > 0 ? <span className="rounded border border-[#8a5700]/30 bg-[#fff4ce] px-1.5 py-0.5 text-[11px] font-semibold text-[#8a5700]">{high}</span> : <span className="text-[#8a8886]">0</span>}</td>[39m
[31m+                 <td className="px-4 py-2.5 text-[#323130]">{activeCount}</td>[39m
[31m+                 <td className="px-4 py-2.5">[39m
[31m+                   {assigningClientId === client.id ? ([39m
[31m+                     <select autoFocus onBlur={() => setAssigningClientId(null)} onChange={(e) => { const member = team.find((m) => String(m.id) === e.target.value); if (member) void assignTechnician(client.id, member); }} className="h-8 rounded border border-[#c8c6c4] bg-white px-2 text-[12px] text-[#201f1e] focus:border-[#0f6cbd] focus:outline-none focus:ring-1 focus:ring-[#0f6cbd]">[39m
[31m+                       <option value="">Select technician…</option>[39m
[31m+                       {team.map((member) => <option key={member.id} value={member.id}>{member.displayName || member.email}</option>)}[39m
[31m+                     </select>[39m
[31m+                   ) : assignment ? ([39m
[31m+                     <div className="flex items-center gap-2 text-[12px] text-[#323130]"><User className="h-3 w-3 text-[#8a8886]" />{assignment.technician_display}[39m
[31m+                       {canAssign && <button type="button" onClick={() => void unassignTechnician(client.id)} className="text-[#8a8886] hover:text-[#a4262c]">×</button>}[39m
[31m+                       {canAssign && <button type="button" onClick={() => setAssigningClientId(client.id)} className="text-[#0f6cbd] hover:text-[#004578]">change</button>}[39m
[31m+                     </div>[39m
[31m+                   ) : canAssign ? ([39m
[31m+                     <button type="button" onClick={() => setAssigningClientId(client.id)} className="rounded border border-[#c8c6c4] px-2 py-1 text-[12px] text-[#605e5c] hover:bg-black/[.03]">Assign…</button>[39m
[31m+                   ) : <span className="text-[12px] text-[#8a8886]">Unassigned</span>}[39m
[31m+                 </td>[39m
[31m+               </tr>[39m
[31m+             ))}[39m
[31m+           </tbody>[39m
[31m+         </table>[39m
[31m+       </div>[39m
[31m+     </div>[39m
[31m+[39m
[31m+     <div className="rounded-md border border-[#e1dfdd] bg-white">[39m
[31m+       <div className="flex flex-col gap-2 border-b border-[#e1dfdd] px-4 py-3 sm:flex-row sm:items-center sm:justify-between">[39m
[31m+         <div><h2 className="text-[14px] font-semibold text-[#201f1e]">Clients needing action</h2><p className="mt-0.5 text-[12px] text-[#605e5c]">Most urgent first, based on active recorded findings.</p></div>[39m
[31m+         <span className="w-fit rounded border border-[#c8c6c4] bg-[#faf9f8] px-2 py-0.5 text-[11px] font-medium text-[#605e5c]">{attention.length} active findings</span>[39m
[31m+       </div>[39m
[31m+       {attention.length ? <div>[39m
[31m+         {attention.map(alert => {[39m
[31m+           const client = clients.find(item => item.name === alert.clientName);[39m
[31m+           return <article key={alert.id} className="grid gap-3 border-b border-[#f3f2f1] px-4 py-3 last:border-b-0 lg:grid-cols-[minmax(180px,0.8fr)_minmax(260px,1.5fr)_auto] lg:items-center">[39m
[31m+             <div>[39m
[31m+               <p className="font-medium text-[#201f1e]">{alert.clientName}</p>[39m
[31m+               <p className="mt-0.5 text-[11px] text-[#8a8886]">Observed {alert.timestamp}</p>[39m
[31m+             </div>[39m
[31m+             <div>[39m
[31m+               <div className="mb-1.5 flex flex-wrap gap-1.5"><span className={`rounded border px-1.5 py-0.5 text-[11px] font-semibold ${severityClass(alert.severity)}`}>{alert.severity}</span><span className="rounded bg-[#f3f2f1] px-1.5 py-0.5 text-[11px] text-[#605e5c]">{alert.category}</span></div>[39m
[31m+               <p className="text-[13px] font-medium text-[#201f1e]">{alert.title}</p><p className="mt-0.5 text-[12px] leading-5 text-[#605e5c]">{alert.description}</p>[39m
[31m+             </div>[39m
[31m+             <div className="flex gap-2 lg:flex-col"><button type="button" onClick={() => setSelected(alert)} className="inline-flex h-8 items-center justify-center gap-1.5 rounded bg-[#0f6cbd] px-3 text-[13px] font-medium text-white hover:bg-[#004578]">Investigate <ArrowRight className="h-3.5 w-3.5" /></button>{client && <button type="button" onClick={() => onSelectClient(client.id)} className="h-8 rounded border border-[#c8c6c4] px-3 text-[13px] font-medium text-[#323130] hover:bg-black/[.03]">Client</button>}</div>[39m
[31m+           </article>;[39m
[31m+         })}[39m
[31m+       </div> : <div className="px-6 py-10 text-center"><CheckCircle2 className="mx-auto h-6 w-6 text-[#0e700e]" /><h3 className="mt-2 text-[13px] font-semibold text-[#201f1e]">No clients need attention</h3><p className="mt-1 text-[12px] text-[#605e5c]">Your monitored clients currently have no active recorded findings requiring action.</p></div>}[39m
[31m+     </div>[39m
[31m+[39m
[31m+     {selected && <div className="fixed inset-0 z-50 flex items-end bg-black/40 p-0 md:items-center md:justify-center md:p-6" role="dialog" aria-modal="true" aria-labelledby="finding-title">[39m
[31m+       <div className="max-h-[92vh] w-full max-w-2xl overflow-y-auto rounded-t-md border border-[#e1dfdd] bg-white p-5 md:rounded-md"><div className="flex items-start justify-between gap-4"><div><p className="text-[11px] font-semibold uppercase tracking-wide text-[#605e5c]">Finding detail · Explain this</p><h2 id="finding-title" className="mt-1 text-[18px] font-semibold text-[#201f1e]">{selected.title}</h2></div><button type="button" onClick={() => setSelected(null)} aria-label="Close finding" className="rounded p-1.5 text-[#605e5c] hover:bg-black/[.05]"><X className="h-4 w-4" /></button></div>[39m
[31m+         {findingError && <div role="alert" className="mt-4 rounded-md border border-[#a4262c]/30 bg-[#fdf2f2] p-3 text-[13px] text-[#a4262c]"><p className="font-semibold">Finding detail unavailable</p><p className="mt-0.5">{findingError}</p></div>}[39m
[31m+         {finding && <><div className="mt-4 grid gap-3 sm:grid-cols-2"><Detail label="Client" value={selected.clientName} /><Detail label="Severity and status" value={`${finding.severity} — ${finding.status}`} /><Detail label="First observed" value={formatStoredTime(finding.created_at)} /><Detail label="Last observed" value={formatStoredTime(finding.updated_at)} /></div>[39m
[31m+         <section className="mt-3 rounded-md border border-[#e1dfdd] bg-[#faf9f8] p-3"><h3 className="text-[13px] font-semibold text-[#201f1e]">Observed</h3><p className="mt-1 text-[13px] leading-6 text-[#323130]">{finding.description || 'No observation description is available.'}</p></section><div className="mt-3 grid gap-3 sm:grid-cols-2"><Detail label="Why it matters" value="Review this recorded finding with its evidence before choosing remediation." /><Detail label="What you can do" value="Create a remediation task, then collect a new observation before treating the finding as resolved." /></div>[39m
[31m+         <section className="mt-3 rounded-md border border-[#e1dfdd] bg-[#faf9f8] p-3"><h3 className="text-[13px] font-semibold text-[#201f1e]">Evidence chain</h3><p className="mt-0.5 text-[11px] text-[#8a8886]">Finding → observed artifact → source evidence → verification time</p>{evidenceList(finding.evidence_ids).length ? <ul className="mt-3 space-y-1.5">{evidenceList(finding.evidence_ids).map((id: string) => <li key={id} className="rounded border border-[#e1dfdd] bg-white px-2.5 py-1.5 font-mono text-[11px] text-[#323130]">Evidence reference: {id}</li>)}</ul> : <p className="mt-3 text-[13px] text-[#605e5c]">Evidence unavailable. This finding has no stored evidence references.</p>}</section></>}[39m
[31m+         {taskError && <p role="alert" className="mt-3 text-[13px] text-[#a4262c]">{taskError}</p>}[39m
[31m+         {task && <section className="mt-3 rounded-md border border-[#0f6cbd]/30 bg-[#eff6fc] p-3"><p className="text-[11px] font-semibold uppercase tracking-wide text-[#0f6cbd]">Remediation task</p><p className="mt-1 text-[13px] font-semibold text-[#201f1e]">{task.title}</p><p className="mt-0.5 text-[12px] text-[#323130]">{task.status.replaceAll('_', ' ')} · created {formatStoredTime(task.created_at)}</p>{task.status === 'OPEN' && <button type="button" onClick={() => void transitionTask('IN_PROGRESS')} disabled={taskLoading} className="mt-3 inline-flex h-8 items-center rounded bg-[#0f6cbd] px-3 text-[13px] font-medium text-white hover:bg-[#004578] disabled:opacity-50">{taskLoading ? 'Updating task…' : 'Start remediation'}</button>}{task.status === 'IN_PROGRESS' && <button type="button" onClick={() => void transitionTask('READY_FOR_VERIFICATION')} disabled={taskLoading} className="mt-3 inline-flex h-8 items-center rounded bg-[#0f6cbd] px-3 text-[13px] font-medium text-white hover:bg-[#004578] disabled:opacity-50">{taskLoading ? 'Updating task…' : 'Mark ready for verification'}</button>}{task.status === 'READY_FOR_VERIFICATION' && <div className="mt-2"><p className="text-[13px] text-[#8a5700]">Remediation marked complete. Verification required.</p><p className="mt-0.5 text-[11px] text-[#605e5c]">Re-checks the most recent evidence SPR already has on file for this software — this is not a live scan.</p><button type="button" onClick={() => void verifyWithLatestEvidence()} disabled={taskLoading} className="mt-2 inline-flex h-8 items-center rounded bg-[#0f6cbd] px-3 text-[13px] font-medium text-white hover:bg-[#004578] disabled:opacity-50">{taskLoading ? 'Verifying…' : 'Verify with latest evidence'}</button></div>}{task.status === 'VERIFIED' && <p className="mt-2 text-[13px] text-[#0e700e]">Verified against evidence SPR collected. The underlying finding is now marked resolved.</p>}</section>}[39m
[31m+         <div className="mt-4 flex flex-wrap gap-2"><button type="button" onClick={() => { setSelected(null); onNavigate('alerts'); }} disabled={!finding} className="inline-flex h-8 items-center gap-1.5 rounded bg-[#0f6cbd] px-3 text-[13px] font-medium text-white hover:bg-[#004578] disabled:opacity-50"><FileSearch className="h-3.5 w-3.5" /> Show evidence</button>{task ? <span className="inline-flex h-8 items-center rounded border border-[#c8c6c4] px-3 text-[13px] font-medium text-[#323130]">Task created</span> : <button type="button" onClick={() => void createTask()} disabled={!finding || taskLoading} className="inline-flex h-8 items-center rounded border border-[#c8c6c4] px-3 text-[13px] font-medium text-[#323130] hover:bg-black/[.03] disabled:opacity-50">{taskLoading ? 'Creating task…' : 'Create remediation task'}</button>}</div>[39m
[31m+       </div>[39m
[31m+     </div>}[39m
[31m+   </section>;[39m
[31m+ }[39m
[31m+[39m
[31m+ function Metric({ label, value, icon }: { label: string; value: number; icon: React.ReactNode }) { return <div className="flex items-center gap-1.5">{icon}<div><div className="text-[11px] text-[#605e5c]">{label}</div><div className="text-lg font-semibold text-[#201f1e]">{value}</div></div></div>; }[39m
[31m+ function Detail({ label, value }: { label: string; value: string }) { return <div className="rounded-md border border-[#e1dfdd] bg-[#faf9f8] p-3"><p className="text-[11px] font-semibold uppercase tracking-wide text-[#605e5c]">{label}</p><p className="mt-1 text-[13px] leading-5 text-[#201f1e]">{value}</p></div>; }[39m
[31m+ function formatStoredTime(value?: string | null) { return value ? new Date(value).toLocaleString() : 'Not observed'; }[39m
[31m+ function evidenceList(value?: string | null) { try { const parsed = JSON.parse(value || '[]'); return Array.isArray(parsed) ? parsed.filter((item): item is string => typeof item === 'string') : []; } catch { return []; } }[39m
[31m+[39m

[36m [2m❯[22m tests/trust-network-contract.test.ts:[2m34:22[22m[39m
    [90m 32| [39m    [35mconst[39m frontend [33m=[39m [34msource[39m()[33m;[39m
    [90m 33| [39m    [35mconst[39m backend [33m=[39m [34mread[39m([32m'src/routes/remediation-tasks.ts'[39m)[33m;[39m
    [90m 34| [39m    [34mexpect[39m(frontend)[33m.[39m[34mtoContain[39m([32m"apiFetch('/api/remediation-tasks')"[39m)[33m;[39m
    [90m   | [39m                     [31m^[39m
    [90m 35| [39m    [34mexpect[39m(backend)[33m.[39m[34mtoContain[39m([32m"router.get('/'"[39m)[33m;[39m
    [90m 36| [39m    expect(frontend).toContain("apiFetch(`/api/remediation-tasks/${enc…

[31m[2m⎯⎯⎯⎯⎯⎯⎯⎯⎯⎯⎯⎯⎯⎯⎯⎯⎯⎯⎯⎯[132/141]⎯[22m[39m

[41m[1m FAIL [22m[49m tests/trust-network-contract.test.ts[2m > [22mTrust Network (MSP Command Center rebuild) preserves existing functionality[2m > [22mrenamed the page to Trust Network with the MSP control plane framing
[31m[1mAssertionError[22m: expected 'import React, { useEffect, useMemo, u…' to contain '>Trust Network</h1>'[39m

[32m- Expected[39m
[31m+ Received[39m

[32m- >Trust Network</h1>[39m
[31m+ import React, { useEffect, useMemo, useState } from 'react';[39m
[31m+ import { AlertTriangle, ArrowRight, Building2, CheckCircle2, FileSearch, ShieldAlert, User, X } from 'lucide-react';[39m
[31m+ import { Alert, Client } from '../types';[39m
[31m+ import { apiFetch } from '../utils/apiClient';[39m
[31m+ import type { VerificationDecision } from '../lib/verification/evaluateVerification';[39m
[31m+[39m
[31m+ interface Props {[39m
[31m+   clients: Client[];[39m
[31m+   alerts: Alert[];[39m
[31m+   findings: any[];[39m
[31m+   role?: string;[39m
[31m+   onSelectClient: (id: string) => void;[39m
[31m+   onSelectPassport?: (passportId: string) => void;[39m
[31m+   onNavigate: (tab: string) => void;[39m
[31m+   verificationDecisions?: Record<string, VerificationDecision>;[39m
[31m+   verificationDetails?: Record<string, unknown>;[39m
[31m+ }[39m
[31m+[39m
[31m+ type Assignment = { id: string; client_id: string; technician_display: string; assigned_by: string; updated_at: string };[39m
[31m+ type TeamMember = { id: number; email: string; displayName?: string | null; role: string };[39m
[31m+[39m
[31m+ const severityClass = (severity: Alert['severity']) => severity === 'Critical'[39m
[31m+   ? 'border-[#a4262c]/30 bg-[#fdf2f2] text-[#a4262c]'[39m
[31m+   : severity === 'High' ? 'border-[#8a5700]/30 bg-[#fff4ce] text-[#8a5700]'[39m
[31m+   : 'border-[#0f6cbd]/30 bg-[#eff6fc] text-[#0f6cbd]';[39m
[31m+[39m
[31m+ export default function MSPCommandCenter({ clients, alerts, findings, role = 'Viewer', onSelectClient, onNavigate, onSelectPassport, verificationDecisions = {}, verificationDetails = {} }: Props) {[39m
[31m+   const [selected, setSelected] = useState<Alert | null>(null);[39m
[31m+   const [assignments, setAssignments] = useState<Assignment[]>([]);[39m
[31m+   const [team, setTeam] = useState<TeamMember[]>([]);[39m
[31m+   const [assigningClientId, setAssigningClientId] = useState<string | null>(null);[39m
[31m+   const canAssign = role === 'Owner' || role === 'Admin';[39m
[31m+   const trustStateFromDecision = (decision?: VerificationDecision) => decision?.state ?? 'UNINITIALIZED';[39m
[31m+   const trustStateForPassportItem = (item: { passportId: string }) => trustStateFromDecision(verificationDecisions?.[item.passportId]);[39m
[31m+   const selectPassport = (passportId: string) => { onSelectPassport?.(passportId); };[39m
[31m+   const passportDecision = (passport: { id: string }) => { const decision = verificationDecisions?.[passport.id]; return decision; };[39m
[31m+   void verificationDetails;[39m
[31m+[39m
[31m+   const loadAssignments = () => { apiFetch('/api/msp/assignments').then((r) => r.ok ? r.json() : null).then((data) => { if (Array.isArray(data?.assignments)) setAssignments(data.assignments); }).catch(() => {}); };[39m
[31m+   useEffect(() => { loadAssignments(); apiFetch('/api/organization/team').then((r) => r.ok ? r.json() : null).then((data) => { if (Array.isArray(data)) setTeam(data); }).catch(() => {}); }, []);[39m
[31m+[39m
[31m+   const assignmentByClient = useMemo(() => new Map(assignments.map((a) => [a.client_id, a])), [assignments]);[39m
[31m+   const assignTechnician = async (clientId: string, member: TeamMember) => {[39m
[31m+     const response = await apiFetch('/api/msp/assignments', { method: 'PUT', headers: { 'Content-Type': 'application/json' }, body: JSON.stringify({ clientId, technicianUserId: member.id, technicianDisplay: member.displayName || member.email }) });[39m
[31m+     if (response.ok) { loadAssignments(); setAssigningClientId(null); }[39m
[31m+   };[39m
[31m+   const unassignTechnician = async (clientId: string) => {[39m
[31m+     const response = await apiFetch(`/api/msp/assignments/${encodeURIComponent(clientId)}`, { method: 'DELETE' });[39m
[31m+     if (response.ok) loadAssignments();[39m
[31m+   };[39m
[31m+[39m
[31m+   const clientRiskRollup = useMemo(() => clients.map((client) => {[39m
[31m+     const clientAlerts = alerts.filter((a) => a.clientName === client.name);[39m
[31m+     const active = clientAlerts.filter((a) => a.status !== 'Resolved' && a.status !== 'Cancelled');[39m
[31m+     const critical = active.filter((a) => a.severity === 'Critical').length;[39m
[31m+     const high = active.filter((a) => a.severity === 'High').length;[39m
[31m+     return { client, activeCount: active.length, critical, high, assignment: assignmentByClient.get(client.id) };[39m
[31m+   }).sort((a, b) => (b.critical - a.critical) || (b.high - a.high) || (b.activeCount - a.activeCount)), [clients, alerts, assignmentByClient]);[39m
[31m+   // Sourced from the same /api/trust-loop/findings data App.tsx already fetched[39m
[31m+   // to build `alerts` -- no second network round trip for finding detail.[39m
[31m+   const finding = useMemo(() => selected ? findings.find((item: any) => String(item.id) === selected.id) || null : null, [selected?.id, findings]);[39m
[31m+   const findingError = selected && !finding ? 'Finding details are unavailable.' : null;[39m
[31m+   const [task, setTask] = useState<any | null>(null);[39m
[31m+   const [taskLoading, setTaskLoading] = useState(false);[39m
[31m+   const [taskError, setTaskError] = useState<string | null>(null);[39m
[31m+   const attention = useMemo(() => alerts.filter(item => item.status === 'Active').sort((a, b) => {[39m
[31m+     const rank = { Critical: 3, High: 2, Medium: 1, Low: 0 };[39m
[31m+     return rank[b.severity] - rank[a.severity];[39m
[31m+   }), [alerts]);[39m
[31m+   const criticalClients = new Set(attention.filter(item => item.severity === 'Critical').map(item => item.clientName)).size;[39m
[31m+   const attentionClients = new Set(attention.filter(item => item.severity !== 'Critical').map(item => item.clientName)).size;[39m
[31m+   // A remediation may already exist for this finding (created from the Alerts[39m
[31m+   // view via the same /api/trust-loop/remediations backend) -- load it by the[39m
[31m+   // id the findings join already gives us instead of scanning a task list.[39m
[31m+   useEffect(() => {[39m
[31m+     setTask(null); setTaskError(null);[39m
[31m+     if (!selected?.remediationId) return;[39m
[31m+     let cancelled = false;[39m
[31m+     apiFetch(`/api/trust-loop/remediations/${encodeURIComponent(selected.remediationId)}`).then(response => response.ok ? response.json() : null).then(data => { if (!cancelled && data) setTask(data); }).catch(() => {});[39m
[31m+     return () => { cancelled = true; };[39m
[31m+   }, [selected?.id, selected?.remediationId]);[39m
[31m+   const createTask = async () => {[39m
[31m+     if (!selected || !finding || taskLoading) return;[39m
[31m+     setTaskLoading(true); setTaskError(null);[39m
[31m+     try {[39m
[31m+       const response = await apiFetch('/api/trust-loop/remediations', {[39m
[31m+         method: 'POST', headers: { 'Content-Type': 'application/json' },[39m
[31m+         body: JSON.stringify({ findingId: selected.id, title: selected.title, description: selected.description, priority: selected.severity.toUpperCase() }),[39m
[31m+       });[39m
[31m+       const body = await response.json().catch(() => ({}));[39m
[31m+       if (!response.ok) throw new Error(body?.error || 'SPR could not create the remediation task.');[39m
[31m+       setTask(body);[39m
[31m+     } catch (cause: any) { setTaskError(cause?.message || 'SPR could not create the remediation task.'); }[39m
[31m+     finally { setTaskLoading(false); }[39m
[31m+   };[39m
[31m+   const transitionTask = async (status: 'IN_PROGRESS' | 'READY_FOR_VERIFICATION') => {[39m
[31m+     if (!task || taskLoading) return;[39m
[31m+     setTaskLoading(true); setTaskError(null);[39m
[31m+     try {[39m
[31m+       const response = await apiFetch(`/api/trust-loop/remediations/${encodeURIComponent(task.id)}`, { method: 'PATCH', headers: { 'Content-Type': 'application/json' }, body: JSON.stringify({ status }) });[39m
[31m+       const body = await response.json().catch(() => ({}));[39m
[31m+       if (!response.ok) throw new Error(body?.error || 'SPR could not update the task.');[39m
[31m+       setTask(body);[39m
[31m+     } catch (cause: any) { setTaskError(cause?.message || 'SPR could not update the task.'); }[39m
[31m+     finally { setTaskLoading(false); }[39m
[31m+   };[39m
[31m+   // Re-verifies against the most recent trust_observation SPR already has on[39m
[31m+   // file for this software -- there is no live "run a check now" job queue,[39m
[31m+   // so this is honestly a re-check of existing evidence, not a fresh scan.[39m
[31m+   const verifyWithLatestEvidence = async () => {[39m
[31m+     if (!task || taskLoading) return;[39m
[31m+     setTaskLoading(true); setTaskError(null);[39m
[31m+     try {[39m
[31m+       const response = await apiFetch(`/api/trust-loop/remediations/${encodeURIComponent(task.id)}/verify-latest`, { method: 'POST' });[39m
[31m+       const body = await response.json().catch(() => ({}));[39m
[31m+       if (!response.ok) throw new Error(body?.error || 'SPR could not verify this task against current evidence.');[39m
[31m+       setTask(body);[39m
[31m+     } catch (cause: any) { setTaskError(cause?.message || 'SPR could not verify this task against current evidence.'); }[39m
[31m+     finally { setTaskLoading(false); }[39m
[31m+   };[39m
[31m+[39m
[31m+   return <section id="msp-command-center" aria-labelledby="msp-command-center-title">[39m
[31m+     <div className="mb-4 flex flex-wrap items-center justify-between gap-3">[39m
[31m+       <div>[39m
[31m+         <h1 id="msp-command-center-title" className="text-[22px] font-semibold text-[#201f1e]">Who needs you today?</h1>[39m
[31m+         <p className="mt-1 text-[13px] text-[#605e5c]">Prioritized work from the evidence and findings SPR currently has on record. A closed task is not a verified fix.</p>[39m
[31m+       </div>[39m
[31m+       <button type="button" onClick={() => onNavigate('clients')} className="inline-flex h-8 items-center gap-1.5 rounded border border-[#c8c6c4] px-3 text-[13px] font-medium text-[#323130] hover:bg-black/[.03]">[39m
[31m+         View all clients <ArrowRight className="h-3.5 w-3.5" />[39m
[31m+       </button>[39m
[31m+     </div>[39m
[31m+[39m
[31m+     <div className="mb-4 flex flex-wrap gap-6 rounded-md border border-[#e1dfdd] bg-white p-3">[39m
[31m+       <Metric label="Clients" value={clients.length} icon={<Building2 className="h-3.5 w-3.5" />} />[39m
[31m+       <Metric label="Healthy" value={Math.max(0, clients.length - criticalClients - attentionClients)} icon={<CheckCircle2 className="h-3.5 w-3.5 text-[#0e700e]" />} />[39m
[31m+       <Metric label="Need attention" value={attentionClients} icon={<AlertTriangle className="h-3.5 w-3.5 text-[#8a5700]" />} />[39m
[31m+       <Metric label="Critical" value={criticalClients} icon={<ShieldAlert className="h-3.5 w-3.5 text-[#a4262c]" />} />[39m
[31m+     </div>[39m
[31m+[39m
[31m+     <div className="mb-4 rounded-md border border-[#e1dfdd] bg-white">[39m
[31m+       <div className="border-b border-[#e1dfdd] px-4 py-3"><h2 className="text-[14px] font-semibold text-[#201f1e]">Cross-client risk</h2><p className="mt-0.5 text-[12px] text-[#605e5c]">Every client ranked by active critical and high findings, with technician assignment.</p></div>[39m
[31m+       <div className="overflow-x-auto">[39m
[31m+         <table className="w-full min-w-[640px] text-left text-[13px]">[39m
[31m+           <thead className="border-b border-[#e1dfdd] text-[11px] uppercase tracking-wide text-[#605e5c]"><tr><th className="px-4 py-2">Client</th><th className="px-4 py-2">Critical</th><th className="px-4 py-2">High</th><th className="px-4 py-2">Active findings</th><th className="px-4 py-2">Assigned technician</th></tr></thead>[39m
[31m+           <tbody>[39m
[31m+             {clientRiskRollup.map(({ client, activeCount, critical, high, assignment }) => ([39m
[31m+               <tr key={client.id} className="border-b border-[#f3f2f1] hover:bg-black/[.02]">[39m
[31m+                 <td className="px-4 py-2.5 font-medium text-[#201f1e]">{client.name}</td>[39m
[31m+                 <td className="px-4 py-2.5">{critical > 0 ? <span className="rounded border border-[#a4262c]/30 bg-[#fdf2f2] px-1.5 py-0.5 text-[11px] font-semibold text-[#a4262c]">{critical}</span> : <span className="text-[#8a8886]">0</span>}</td>[39m
[31m+                 <td className="px-4 py-2.5">{high > 0 ? <span className="rounded border border-[#8a5700]/30 bg-[#fff4ce] px-1.5 py-0.5 text-[11px] font-semibold text-[#8a5700]">{high}</span> : <span className="text-[#8a8886]">0</span>}</td>[39m
[31m+                 <td className="px-4 py-2.5 text-[#323130]">{activeCount}</td>[39m
[31m+                 <td className="px-4 py-2.5">[39m
[31m+                   {assigningClientId === client.id ? ([39m
[31m+                     <select autoFocus onBlur={() => setAssigningClientId(null)} onChange={(e) => { const member = team.find((m) => String(m.id) === e.target.value); if (member) void assignTechnician(client.id, member); }} className="h-8 rounded border border-[#c8c6c4] bg-white px-2 text-[12px] text-[#201f1e] focus:border-[#0f6cbd] focus:outline-none focus:ring-1 focus:ring-[#0f6cbd]">[39m
[31m+                       <option value="">Select technician…</option>[39m
[31m+                       {team.map((member) => <option key={member.id} value={member.id}>{member.displayName || member.email}</option>)}[39m
[31m+                     </select>[39m
[31m+                   ) : assignment ? ([39m
[31m+                     <div className="flex items-center gap-2 text-[12px] text-[#323130]"><User className="h-3 w-3 text-[#8a8886]" />{assignment.technician_display}[39m
[31m+                       {canAssign && <button type="button" onClick={() => void unassignTechnician(client.id)} className="text-[#8a8886] hover:text-[#a4262c]">×</button>}[39m
[31m+                       {canAssign && <button type="button" onClick={() => setAssigningClientId(client.id)} className="text-[#0f6cbd] hover:text-[#004578]">change</button>}[39m
[31m+                     </div>[39m
[31m+                   ) : canAssign ? ([39m
[31m+                     <button type="button" onClick={() => setAssigningClientId(client.id)} className="rounded border border-[#c8c6c4] px-2 py-1 text-[12px] text-[#605e5c] hover:bg-black/[.03]">Assign…</button>[39m
[31m+                   ) : <span className="text-[12px] text-[#8a8886]">Unassigned</span>}[39m
[31m+                 </td>[39m
[31m+               </tr>[39m
[31m+             ))}[39m
[31m+           </tbody>[39m
[31m+         </table>[39m
[31m+       </div>[39m
[31m+     </div>[39m
[31m+[39m
[31m+     <div className="rounded-md border border-[#e1dfdd] bg-white">[39m
[31m+       <div className="flex flex-col gap-2 border-b border-[#e1dfdd] px-4 py-3 sm:flex-row sm:items-center sm:justify-between">[39m
[31m+         <div><h2 className="text-[14px] font-semibold text-[#201f1e]">Clients needing action</h2><p className="mt-0.5 text-[12px] text-[#605e5c]">Most urgent first, based on active recorded findings.</p></div>[39m
[31m+         <span className="w-fit rounded border border-[#c8c6c4] bg-[#faf9f8] px-2 py-0.5 text-[11px] font-medium text-[#605e5c]">{attention.length} active findings</span>[39m
[31m+       </div>[39m
[31m+       {attention.length ? <div>[39m
[31m+         {attention.map(alert => {[39m
[31m+           const client = clients.find(item => item.name === alert.clientName);[39m
[31m+           return <article key={alert.id} className="grid gap-3 border-b border-[#f3f2f1] px-4 py-3 last:border-b-0 lg:grid-cols-[minmax(180px,0.8fr)_minmax(260px,1.5fr)_auto] lg:items-center">[39m
[31m+             <div>[39m
[31m+               <p className="font-medium text-[#201f1e]">{alert.clientName}</p>[39m
[31m+               <p className="mt-0.5 text-[11px] text-[#8a8886]">Observed {alert.timestamp}</p>[39m
[31m+             </div>[39m
[31m+             <div>[39m
[31m+               <div className="mb-1.5 flex flex-wrap gap-1.5"><span className={`rounded border px-1.5 py-0.5 text-[11px] font-semibold ${severityClass(alert.severity)}`}>{alert.severity}</span><span className="rounded bg-[#f3f2f1] px-1.5 py-0.5 text-[11px] text-[#605e5c]">{alert.category}</span></div>[39m
[31m+               <p className="text-[13px] font-medium text-[#201f1e]">{alert.title}</p><p className="mt-0.5 text-[12px] leading-5 text-[#605e5c]">{alert.description}</p>[39m
[31m+             </div>[39m
[31m+             <div className="flex gap-2 lg:flex-col"><button type="button" onClick={() => setSelected(alert)} className="inline-flex h-8 items-center justify-center gap-1.5 rounded bg-[#0f6cbd] px-3 text-[13px] font-medium text-white hover:bg-[#004578]">Investigate <ArrowRight className="h-3.5 w-3.5" /></button>{client && <button type="button" onClick={() => onSelectClient(client.id)} className="h-8 rounded border border-[#c8c6c4] px-3 text-[13px] font-medium text-[#323130] hover:bg-black/[.03]">Client</button>}</div>[39m
[31m+           </article>;[39m
[31m+         })}[39m
[31m+       </div> : <div className="px-6 py-10 text-center"><CheckCircle2 className="mx-auto h-6 w-6 text-[#0e700e]" /><h3 className="mt-2 text-[13px] font-semibold text-[#201f1e]">No clients need attention</h3><p className="mt-1 text-[12px] text-[#605e5c]">Your monitored clients currently have no active recorded findings requiring action.</p></div>}[39m
[31m+     </div>[39m
[31m+[39m
[31m+     {selected && <div className="fixed inset-0 z-50 flex items-end bg-black/40 p-0 md:items-center md:justify-center md:p-6" role="dialog" aria-modal="true" aria-labelledby="finding-title">[39m
[31m+       <div className="max-h-[92vh] w-full max-w-2xl overflow-y-auto rounded-t-md border border-[#e1dfdd] bg-white p-5 md:rounded-md"><div className="flex items-start justify-between gap-4"><div><p className="text-[11px] font-semibold uppercase tracking-wide text-[#605e5c]">Finding detail · Explain this</p><h2 id="finding-title" className="mt-1 text-[18px] font-semibold text-[#201f1e]">{selected.title}</h2></div><button type="button" onClick={() => setSelected(null)} aria-label="Close finding" className="rounded p-1.5 text-[#605e5c] hover:bg-black/[.05]"><X className="h-4 w-4" /></button></div>[39m
[31m+         {findingError && <div role="alert" className="mt-4 rounded-md border border-[#a4262c]/30 bg-[#fdf2f2] p-3 text-[13px] text-[#a4262c]"><p className="font-semibold">Finding detail unavailable</p><p className="mt-0.5">{findingError}</p></div>}[39m
[31m+         {finding && <><div className="mt-4 grid gap-3 sm:grid-cols-2"><Detail label="Client" value={selected.clientName} /><Detail label="Severity and status" value={`${finding.severity} — ${finding.status}`} /><Detail label="First observed" value={formatStoredTime(finding.created_at)} /><Detail label="Last observed" value={formatStoredTime(finding.updated_at)} /></div>[39m
[31m+         <section className="mt-3 rounded-md border border-[#e1dfdd] bg-[#faf9f8] p-3"><h3 className="text-[13px] font-semibold text-[#201f1e]">Observed</h3><p className="mt-1 text-[13px] leading-6 text-[#323130]">{finding.description || 'No observation description is available.'}</p></section><div className="mt-3 grid gap-3 sm:grid-cols-2"><Detail label="Why it matters" value="Review this recorded finding with its evidence before choosing remediation." /><Detail label="What you can do" value="Create a remediation task, then collect a new observation before treating the finding as resolved." /></div>[39m
[31m+         <section className="mt-3 rounded-md border border-[#e1dfdd] bg-[#faf9f8] p-3"><h3 className="text-[13px] font-semibold text-[#201f1e]">Evidence chain</h3><p className="mt-0.5 text-[11px] text-[#8a8886]">Finding → observed artifact → source evidence → verification time</p>{evidenceList(finding.evidence_ids).length ? <ul className="mt-3 space-y-1.5">{evidenceList(finding.evidence_ids).map((id: string) => <li key={id} className="rounded border border-[#e1dfdd] bg-white px-2.5 py-1.5 font-mono text-[11px] text-[#323130]">Evidence reference: {id}</li>)}</ul> : <p className="mt-3 text-[13px] text-[#605e5c]">Evidence unavailable. This finding has no stored evidence references.</p>}</section></>}[39m
[31m+         {taskError && <p role="alert" className="mt-3 text-[13px] text-[#a4262c]">{taskError}</p>}[39m
[31m+         {task && <section className="mt-3 rounded-md border border-[#0f6cbd]/30 bg-[#eff6fc] p-3"><p className="text-[11px] font-semibold uppercase tracking-wide text-[#0f6cbd]">Remediation task</p><p className="mt-1 text-[13px] font-semibold text-[#201f1e]">{task.title}</p><p className="mt-0.5 text-[12px] text-[#323130]">{task.status.replaceAll('_', ' ')} · created {formatStoredTime(task.created_at)}</p>{task.status === 'OPEN' && <button type="button" onClick={() => void transitionTask('IN_PROGRESS')} disabled={taskLoading} className="mt-3 inline-flex h-8 items-center rounded bg-[#0f6cbd] px-3 text-[13px] font-medium text-white hover:bg-[#004578] disabled:opacity-50">{taskLoading ? 'Updating task…' : 'Start remediation'}</button>}{task.status === 'IN_PROGRESS' && <button type="button" onClick={() => void transitionTask('READY_FOR_VERIFICATION')} disabled={taskLoading} className="mt-3 inline-flex h-8 items-center rounded bg-[#0f6cbd] px-3 text-[13px] font-medium text-white hover:bg-[#004578] disabled:opacity-50">{taskLoading ? 'Updating task…' : 'Mark ready for verification'}</button>}{task.status === 'READY_FOR_VERIFICATION' && <div className="mt-2"><p className="text-[13px] text-[#8a5700]">Remediation marked complete. Verification required.</p><p className="mt-0.5 text-[11px] text-[#605e5c]">Re-checks the most recent evidence SPR already has on file for this software — this is not a live scan.</p><button type="button" onClick={() => void verifyWithLatestEvidence()} disabled={taskLoading} className="mt-2 inline-flex h-8 items-center rounded bg-[#0f6cbd] px-3 text-[13px] font-medium text-white hover:bg-[#004578] disabled:opacity-50">{taskLoading ? 'Verifying…' : 'Verify with latest evidence'}</button></div>}{task.status === 'VERIFIED' && <p className="mt-2 text-[13px] text-[#0e700e]">Verified against evidence SPR collected. The underlying finding is now marked resolved.</p>}</section>}[39m
[31m+         <div className="mt-4 flex flex-wrap gap-2"><button type="button" onClick={() => { setSelected(null); onNavigate('alerts'); }} disabled={!finding} className="inline-flex h-8 items-center gap-1.5 rounded bg-[#0f6cbd] px-3 text-[13px] font-medium text-white hover:bg-[#004578] disabled:opacity-50"><FileSearch className="h-3.5 w-3.5" /> Show evidence</button>{task ? <span className="inline-flex h-8 items-center rounded border border-[#c8c6c4] px-3 text-[13px] font-medium text-[#323130]">Task created</span> : <button type="button" onClick={() => void createTask()} disabled={!finding || taskLoading} className="inline-flex h-8 items-center rounded border border-[#c8c6c4] px-3 text-[13px] font-medium text-[#323130] hover:bg-black/[.03] disabled:opacity-50">{taskLoading ? 'Creating task…' : 'Create remediation task'}</button>}</div>[39m
[31m+       </div>[39m
[31m+     </div>}[39m
[31m+   </section>;[39m
[31m+ }[39m
[31m+[39m
[31m+ function Metric({ label, value, icon }: { label: string; value: number; icon: React.ReactNode }) { return <div className="flex items-center gap-1.5">{icon}<div><div className="text-[11px] text-[#605e5c]">{label}</div><div className="text-lg font-semibold text-[#201f1e]">{value}</div></div></div>; }[39m
[31m+ function Detail({ label, value }: { label: string; value: string }) { return <div className="rounded-md border border-[#e1dfdd] bg-[#faf9f8] p-3"><p className="text-[11px] font-semibold uppercase tracking-wide text-[#605e5c]">{label}</p><p className="mt-1 text-[13px] leading-5 text-[#201f1e]">{value}</p></div>; }[39m
[31m+ function formatStoredTime(value?: string | null) { return value ? new Date(value).toLocaleString() : 'Not observed'; }[39m
[31m+ function evidenceList(value?: string | null) { try { const parsed = JSON.parse(value || '[]'); return Array.isArray(parsed) ? parsed.filter((item): item is string => typeof item === 'string') : []; } catch { return []; } }[39m
[31m+[39m

[36m [2m❯[22m tests/trust-network-contract.test.ts:[2m56:15[22m[39m
    [90m 54| [39m  it('renamed the page to Trust Network with the MSP control plane fra…
    [90m 55| [39m    [35mconst[39m s [33m=[39m [34msource[39m()[33m;[39m
    [90m 56| [39m    [34mexpect[39m(s)[33m.[39m[34mtoContain[39m([32m'>Trust Network</h1>'[39m)[33m;[39m
    [90m   | [39m              [31m^[39m
    [90m 57| [39m    [34mexpect[39m(s)[33m.[39m[34mtoContain[39m([32m'MSP control plane'[39m)[33m;[39m
    [90m 58| [39m    expect(s).toContain('A live view of software trust across your cli…

[31m[2m⎯⎯⎯⎯⎯⎯⎯⎯⎯⎯⎯⎯⎯⎯⎯⎯⎯⎯⎯⎯[133/141]⎯[22m[39m

[41m[1m FAIL [22m[49m tests/trust-network-contract.test.ts[2m > [22mTrust Network (MSP Command Center rebuild) preserves existing functionality[2m > [22mquick-jump navigation only points at real, existing routes
[31m[1mAssertionError[22m: expected '' to contain 'path: \'/msp\''[39m

[32m- Expected[39m
[31m+ Received[39m

[32m- path: '/msp'[39m

[36m [2m❯[22m tests/trust-network-contract.test.ts:[2m65:24[22m[39m
    [90m 63| [39m    const navBlock = s.slice(s.indexOf('const NETWORK_NAV'), s.indexOf…
    [90m 64| [39m    for (const path of ['/msp', '/clients', '/assets', '/passports', '…
    [90m 65| [39m      [34mexpect[39m(navBlock)[33m.[39m[34mtoContain[39m([32m`path: '[39m[36m${[39mpath[36m}[39m[32m'`[39m)[33m;[39m
    [90m   | [39m                       [31m^[39m
    [90m 66| [39m    }
    [90m 67| [39m  })[33m;[39m

[31m[2m⎯⎯⎯⎯⎯⎯⎯⎯⎯⎯⎯⎯⎯⎯⎯⎯⎯⎯⎯⎯[134/141]⎯[22m[39m

[41m[1m FAIL [22m[49m tests/trust-network-contract.test.ts[2m > [22mTrust Network never fabricates counts, scores, or history[2m > [22mCurrent Trust State reads real verificationStatus and a real critical-client count, not invented numbers
[31m[1mAssertionError[22m: expected 'import React, { useEffect, useMemo, u…' to contain 'if (decision === \'VERIFIED\') verifi…'[39m

[32m- Expected[39m
[31m+ Received[39m

[32m- if (decision === 'VERIFIED') verified += 1;[39m
[31m+ import React, { useEffect, useMemo, useState } from 'react';[39m
[31m+ import { AlertTriangle, ArrowRight, Building2, CheckCircle2, FileSearch, ShieldAlert, User, X } from 'lucide-react';[39m
[31m+ import { Alert, Client } from '../types';[39m
[31m+ import { apiFetch } from '../utils/apiClient';[39m
[31m+ import type { VerificationDecision } from '../lib/verification/evaluateVerification';[39m
[31m+[39m
[31m+ interface Props {[39m
[31m+   clients: Client[];[39m
[31m+   alerts: Alert[];[39m
[31m+   findings: any[];[39m
[31m+   role?: string;[39m
[31m+   onSelectClient: (id: string) => void;[39m
[31m+   onSelectPassport?: (passportId: string) => void;[39m
[31m+   onNavigate: (tab: string) => void;[39m
[31m+   verificationDecisions?: Record<string, VerificationDecision>;[39m
[31m+   verificationDetails?: Record<string, unknown>;[39m
[31m+ }[39m
[31m+[39m
[31m+ type Assignment = { id: string; client_id: string; technician_display: string; assigned_by: string; updated_at: string };[39m
[31m+ type TeamMember = { id: number; email: string; displayName?: string | null; role: string };[39m
[31m+[39m
[31m+ const severityClass = (severity: Alert['severity']) => severity === 'Critical'[39m
[31m+   ? 'border-[#a4262c]/30 bg-[#fdf2f2] text-[#a4262c]'[39m
[31m+   : severity === 'High' ? 'border-[#8a5700]/30 bg-[#fff4ce] text-[#8a5700]'[39m
[31m+   : 'border-[#0f6cbd]/30 bg-[#eff6fc] text-[#0f6cbd]';[39m
[31m+[39m
[31m+ export default function MSPCommandCenter({ clients, alerts, findings, role = 'Viewer', onSelectClient, onNavigate, onSelectPassport, verificationDecisions = {}, verificationDetails = {} }: Props) {[39m
[31m+   const [selected, setSelected] = useState<Alert | null>(null);[39m
[31m+   const [assignments, setAssignments] = useState<Assignment[]>([]);[39m
[31m+   const [team, setTeam] = useState<TeamMember[]>([]);[39m
[31m+   const [assigningClientId, setAssigningClientId] = useState<string | null>(null);[39m
[31m+   const canAssign = role === 'Owner' || role === 'Admin';[39m
[31m+   const trustStateFromDecision = (decision?: VerificationDecision) => decision?.state ?? 'UNINITIALIZED';[39m
[31m+   const trustStateForPassportItem = (item: { passportId: string }) => trustStateFromDecision(verificationDecisions?.[item.passportId]);[39m
[31m+   const selectPassport = (passportId: string) => { onSelectPassport?.(passportId); };[39m
[31m+   const passportDecision = (passport: { id: string }) => { const decision = verificationDecisions?.[passport.id]; return decision; };[39m
[31m+   void verificationDetails;[39m
[31m+[39m
[31m+   const loadAssignments = () => { apiFetch('/api/msp/assignments').then((r) => r.ok ? r.json() : null).then((data) => { if (Array.isArray(data?.assignments)) setAssignments(data.assignments); }).catch(() => {}); };[39m
[31m+   useEffect(() => { loadAssignments(); apiFetch('/api/organization/team').then((r) => r.ok ? r.json() : null).then((data) => { if (Array.isArray(data)) setTeam(data); }).catch(() => {}); }, []);[39m
[31m+[39m
[31m+   const assignmentByClient = useMemo(() => new Map(assignments.map((a) => [a.client_id, a])), [assignments]);[39m
[31m+   const assignTechnician = async (clientId: string, member: TeamMember) => {[39m
[31m+     const response = await apiFetch('/api/msp/assignments', { method: 'PUT', headers: { 'Content-Type': 'application/json' }, body: JSON.stringify({ clientId, technicianUserId: member.id, technicianDisplay: member.displayName || member.email }) });[39m
[31m+     if (response.ok) { loadAssignments(); setAssigningClientId(null); }[39m
[31m+   };[39m
[31m+   const unassignTechnician = async (clientId: string) => {[39m
[31m+     const response = await apiFetch(`/api/msp/assignments/${encodeURIComponent(clientId)}`, { method: 'DELETE' });[39m
[31m+     if (response.ok) loadAssignments();[39m
[31m+   };[39m
[31m+[39m
[31m+   const clientRiskRollup = useMemo(() => clients.map((client) => {[39m
[31m+     const clientAlerts = alerts.filter((a) => a.clientName === client.name);[39m
[31m+     const active = clientAlerts.filter((a) => a.status !== 'Resolved' && a.status !== 'Cancelled');[39m
[31m+     const critical = active.filter((a) => a.severity === 'Critical').length;[39m
[31m+     const high = active.filter((a) => a.severity === 'High').length;[39m
[31m+     return { client, activeCount: active.length, critical, high, assignment: assignmentByClient.get(client.id) };[39m
[31m+   }).sort((a, b) => (b.critical - a.critical) || (b.high - a.high) || (b.activeCount - a.activeCount)), [clients, alerts, assignmentByClient]);[39m
[31m+   // Sourced from the same /api/trust-loop/findings data App.tsx already fetched[39m
[31m+   // to build `alerts` -- no second network round trip for finding detail.[39m
[31m+   const finding = useMemo(() => selected ? findings.find((item: any) => String(item.id) === selected.id) || null : null, [selected?.id, findings]);[39m
[31m+   const findingError = selected && !finding ? 'Finding details are unavailable.' : null;[39m
[31m+   const [task, setTask] = useState<any | null>(null);[39m
[31m+   const [taskLoading, setTaskLoading] = useState(false);[39m
[31m+   const [taskError, setTaskError] = useState<string | null>(null);[39m
[31m+   const attention = useMemo(() => alerts.filter(item => item.status === 'Active').sort((a, b) => {[39m
[31m+     const rank = { Critical: 3, High: 2, Medium: 1, Low: 0 };[39m
[31m+     return rank[b.severity] - rank[a.severity];[39m
[31m+   }), [alerts]);[39m
[31m+   const criticalClients = new Set(attention.filter(item => item.severity === 'Critical').map(item => item.clientName)).size;[39m
[31m+   const attentionClients = new Set(attention.filter(item => item.severity !== 'Critical').map(item => item.clientName)).size;[39m
[31m+   // A remediation may already exist for this finding (created from the Alerts[39m
[31m+   // view via the same /api/trust-loop/remediations backend) -- load it by the[39m
[31m+   // id the findings join already gives us instead of scanning a task list.[39m
[31m+   useEffect(() => {[39m
[31m+     setTask(null); setTaskError(null);[39m
[31m+     if (!selected?.remediationId) return;[39m
[31m+     let cancelled = false;[39m
[31m+     apiFetch(`/api/trust-loop/remediations/${encodeURIComponent(selected.remediationId)}`).then(response => response.ok ? response.json() : null).then(data => { if (!cancelled && data) setTask(data); }).catch(() => {});[39m
[31m+     return () => { cancelled = true; };[39m
[31m+   }, [selected?.id, selected?.remediationId]);[39m
[31m+   const createTask = async () => {[39m
[31m+     if (!selected || !finding || taskLoading) return;[39m
[31m+     setTaskLoading(true); setTaskError(null);[39m
[31m+     try {[39m
[31m+       const response = await apiFetch('/api/trust-loop/remediations', {[39m
[31m+         method: 'POST', headers: { 'Content-Type': 'application/json' },[39m
[31m+         body: JSON.stringify({ findingId: selected.id, title: selected.title, description: selected.description, priority: selected.severity.toUpperCase() }),[39m
[31m+       });[39m
[31m+       const body = await response.json().catch(() => ({}));[39m
[31m+       if (!response.ok) throw new Error(body?.error || 'SPR could not create the remediation task.');[39m
[31m+       setTask(body);[39m
[31m+     } catch (cause: any) { setTaskError(cause?.message || 'SPR could not create the remediation task.'); }[39m
[31m+     finally { setTaskLoading(false); }[39m
[31m+   };[39m
[31m+   const transitionTask = async (status: 'IN_PROGRESS' | 'READY_FOR_VERIFICATION') => {[39m
[31m+     if (!task || taskLoading) return;[39m
[31m+     setTaskLoading(true); setTaskError(null);[39m
[31m+     try {[39m
[31m+       const response = await apiFetch(`/api/trust-loop/remediations/${encodeURIComponent(task.id)}`, { method: 'PATCH', headers: { 'Content-Type': 'application/json' }, body: JSON.stringify({ status }) });[39m
[31m+       const body = await response.json().catch(() => ({}));[39m
[31m+       if (!response.ok) throw new Error(body?.error || 'SPR could not update the task.');[39m
[31m+       setTask(body);[39m
[31m+     } catch (cause: any) { setTaskError(cause?.message || 'SPR could not update the task.'); }[39m
[31m+     finally { setTaskLoading(false); }[39m
[31m+   };[39m
[31m+   // Re-verifies against the most recent trust_observation SPR already has on[39m
[31m+   // file for this software -- there is no live "run a check now" job queue,[39m
[31m+   // so this is honestly a re-check of existing evidence, not a fresh scan.[39m
[31m+   const verifyWithLatestEvidence = async () => {[39m
[31m+     if (!task || taskLoading) return;[39m
[31m+     setTaskLoading(true); setTaskError(null);[39m
[31m+     try {[39m
[31m+       const response = await apiFetch(`/api/trust-loop/remediations/${encodeURIComponent(task.id)}/verify-latest`, { method: 'POST' });[39m
[31m+       const body = await response.json().catch(() => ({}));[39m
[31m+       if (!response.ok) throw new Error(body?.error || 'SPR could not verify this task against current evidence.');[39m
[31m+       setTask(body);[39m
[31m+     } catch (cause: any) { setTaskError(cause?.message || 'SPR could not verify this task against current evidence.'); }[39m
[31m+     finally { setTaskLoading(false); }[39m
[31m+   };[39m
[31m+[39m
[31m+   return <section id="msp-command-center" aria-labelledby="msp-command-center-title">[39m
[31m+     <div className="mb-4 flex flex-wrap items-center justify-between gap-3">[39m
[31m+       <div>[39m
[31m+         <h1 id="msp-command-center-title" className="text-[22px] font-semibold text-[#201f1e]">Who needs you today?</h1>[39m
[31m+         <p className="mt-1 text-[13px] text-[#605e5c]">Prioritized work from the evidence and findings SPR currently has on record. A closed task is not a verified fix.</p>[39m
[31m+       </div>[39m
[31m+       <button type="button" onClick={() => onNavigate('clients')} className="inline-flex h-8 items-center gap-1.5 rounded border border-[#c8c6c4] px-3 text-[13px] font-medium text-[#323130] hover:bg-black/[.03]">[39m
[31m+         View all clients <ArrowRight className="h-3.5 w-3.5" />[39m
[31m+       </button>[39m
[31m+     </div>[39m
[31m+[39m
[31m+     <div className="mb-4 flex flex-wrap gap-6 rounded-md border border-[#e1dfdd] bg-white p-3">[39m
[31m+       <Metric label="Clients" value={clients.length} icon={<Building2 className="h-3.5 w-3.5" />} />[39m
[31m+       <Metric label="Healthy" value={Math.max(0, clients.length - criticalClients - attentionClients)} icon={<CheckCircle2 className="h-3.5 w-3.5 text-[#0e700e]" />} />[39m
[31m+       <Metric label="Need attention" value={attentionClients} icon={<AlertTriangle className="h-3.5 w-3.5 text-[#8a5700]" />} />[39m
[31m+       <Metric label="Critical" value={criticalClients} icon={<ShieldAlert className="h-3.5 w-3.5 text-[#a4262c]" />} />[39m
[31m+     </div>[39m
[31m+[39m
[31m+     <div className="mb-4 rounded-md border border-[#e1dfdd] bg-white">[39m
[31m+       <div className="border-b border-[#e1dfdd] px-4 py-3"><h2 className="text-[14px] font-semibold text-[#201f1e]">Cross-client risk</h2><p className="mt-0.5 text-[12px] text-[#605e5c]">Every client ranked by active critical and high findings, with technician assignment.</p></div>[39m
[31m+       <div className="overflow-x-auto">[39m
[31m+         <table className="w-full min-w-[640px] text-left text-[13px]">[39m
[31m+           <thead className="border-b border-[#e1dfdd] text-[11px] uppercase tracking-wide text-[#605e5c]"><tr><th className="px-4 py-2">Client</th><th className="px-4 py-2">Critical</th><th className="px-4 py-2">High</th><th className="px-4 py-2">Active findings</th><th className="px-4 py-2">Assigned technician</th></tr></thead>[39m
[31m+           <tbody>[39m
[31m+             {clientRiskRollup.map(({ client, activeCount, critical, high, assignment }) => ([39m
[31m+               <tr key={client.id} className="border-b border-[#f3f2f1] hover:bg-black/[.02]">[39m
[31m+                 <td className="px-4 py-2.5 font-medium text-[#201f1e]">{client.name}</td>[39m
[31m+                 <td className="px-4 py-2.5">{critical > 0 ? <span className="rounded border border-[#a4262c]/30 bg-[#fdf2f2] px-1.5 py-0.5 text-[11px] font-semibold text-[#a4262c]">{critical}</span> : <span className="text-[#8a8886]">0</span>}</td>[39m
[31m+                 <td className="px-4 py-2.5">{high > 0 ? <span className="rounded border border-[#8a5700]/30 bg-[#fff4ce] px-1.5 py-0.5 text-[11px] font-semibold text-[#8a5700]">{high}</span> : <span className="text-[#8a8886]">0</span>}</td>[39m
[31m+                 <td className="px-4 py-2.5 text-[#323130]">{activeCount}</td>[39m
[31m+                 <td className="px-4 py-2.5">[39m
[31m+                   {assigningClientId === client.id ? ([39m
[31m+                     <select autoFocus onBlur={() => setAssigningClientId(null)} onChange={(e) => { const member = team.find((m) => String(m.id) === e.target.value); if (member) void assignTechnician(client.id, member); }} className="h-8 rounded border border-[#c8c6c4] bg-white px-2 text-[12px] text-[#201f1e] focus:border-[#0f6cbd] focus:outline-none focus:ring-1 focus:ring-[#0f6cbd]">[39m
[31m+                       <option value="">Select technician…</option>[39m
[31m+                       {team.map((member) => <option key={member.id} value={member.id}>{member.displayName || member.email}</option>)}[39m
[31m+                     </select>[39m
[31m+                   ) : assignment ? ([39m
[31m+                     <div className="flex items-center gap-2 text-[12px] text-[#323130]"><User className="h-3 w-3 text-[#8a8886]" />{assignment.technician_display}[39m
[31m+                       {canAssign && <button type="button" onClick={() => void unassignTechnician(client.id)} className="text-[#8a8886] hover:text-[#a4262c]">×</button>}[39m
[31m+                       {canAssign && <button type="button" onClick={() => setAssigningClientId(client.id)} className="text-[#0f6cbd] hover:text-[#004578]">change</button>}[39m
[31m+                     </div>[39m
[31m+                   ) : canAssign ? ([39m
[31m+                     <button type="button" onClick={() => setAssigningClientId(client.id)} className="rounded border border-[#c8c6c4] px-2 py-1 text-[12px] text-[#605e5c] hover:bg-black/[.03]">Assign…</button>[39m
[31m+                   ) : <span className="text-[12px] text-[#8a8886]">Unassigned</span>}[39m
[31m+                 </td>[39m
[31m+               </tr>[39m
[31m+             ))}[39m
[31m+           </tbody>[39m
[31m+         </table>[39m
[31m+       </div>[39m
[31m+     </div>[39m
[31m+[39m
[31m+     <div className="rounded-md border border-[#e1dfdd] bg-white">[39m
[31m+       <div className="flex flex-col gap-2 border-b border-[#e1dfdd] px-4 py-3 sm:flex-row sm:items-center sm:justify-between">[39m
[31m+         <div><h2 className="text-[14px] font-semibold text-[#201f1e]">Clients needing action</h2><p className="mt-0.5 text-[12px] text-[#605e5c]">Most urgent first, based on active recorded findings.</p></div>[39m
[31m+         <span className="w-fit rounded border border-[#c8c6c4] bg-[#faf9f8] px-2 py-0.5 text-[11px] font-medium text-[#605e5c]">{attention.length} active findings</span>[39m
[31m+       </div>[39m
[31m+       {attention.length ? <div>[39m
[31m+         {attention.map(alert => {[39m
[31m+           const client = clients.find(item => item.name === alert.clientName);[39m
[31m+           return <article key={alert.id} className="grid gap-3 border-b border-[#f3f2f1] px-4 py-3 last:border-b-0 lg:grid-cols-[minmax(180px,0.8fr)_minmax(260px,1.5fr)_auto] lg:items-center">[39m
[31m+             <div>[39m
[31m+               <p className="font-medium text-[#201f1e]">{alert.clientName}</p>[39m
[31m+               <p className="mt-0.5 text-[11px] text-[#8a8886]">Observed {alert.timestamp}</p>[39m
[31m+             </div>[39m
[31m+             <div>[39m
[31m+               <div className="mb-1.5 flex flex-wrap gap-1.5"><span className={`rounded border px-1.5 py-0.5 text-[11px] font-semibold ${severityClass(alert.severity)}`}>{alert.severity}</span><span className="rounded bg-[#f3f2f1] px-1.5 py-0.5 text-[11px] text-[#605e5c]">{alert.category}</span></div>[39m
[31m+               <p className="text-[13px] font-medium text-[#201f1e]">{alert.title}</p><p className="mt-0.5 text-[12px] leading-5 text-[#605e5c]">{alert.description}</p>[39m
[31m+             </div>[39m
[31m+             <div className="flex gap-2 lg:flex-col"><button type="button" onClick={() => setSelected(alert)} className="inline-flex h-8 items-center justify-center gap-1.5 rounded bg-[#0f6cbd] px-3 text-[13px] font-medium text-white hover:bg-[#004578]">Investigate <ArrowRight className="h-3.5 w-3.5" /></button>{client && <button type="button" onClick={() => onSelectClient(client.id)} className="h-8 rounded border border-[#c8c6c4] px-3 text-[13px] font-medium text-[#323130] hover:bg-black/[.03]">Client</button>}</div>[39m
[31m+           </article>;[39m
[31m+         })}[39m
[31m+       </div> : <div className="px-6 py-10 text-center"><CheckCircle2 className="mx-auto h-6 w-6 text-[#0e700e]" /><h3 className="mt-2 text-[13px] font-semibold text-[#201f1e]">No clients need attention</h3><p className="mt-1 text-[12px] text-[#605e5c]">Your monitored clients currently have no active recorded findings requiring action.</p></div>}[39m
[31m+     </div>[39m
[31m+[39m
[31m+     {selected && <div className="fixed inset-0 z-50 flex items-end bg-black/40 p-0 md:items-center md:justify-center md:p-6" role="dialog" aria-modal="true" aria-labelledby="finding-title">[39m
[31m+       <div className="max-h-[92vh] w-full max-w-2xl overflow-y-auto rounded-t-md border border-[#e1dfdd] bg-white p-5 md:rounded-md"><div className="flex items-start justify-between gap-4"><div><p className="text-[11px] font-semibold uppercase tracking-wide text-[#605e5c]">Finding detail · Explain this</p><h2 id="finding-title" className="mt-1 text-[18px] font-semibold text-[#201f1e]">{selected.title}</h2></div><button type="button" onClick={() => setSelected(null)} aria-label="Close finding" className="rounded p-1.5 text-[#605e5c] hover:bg-black/[.05]"><X className="h-4 w-4" /></button></div>[39m
[31m+         {findingError && <div role="alert" className="mt-4 rounded-md border border-[#a4262c]/30 bg-[#fdf2f2] p-3 text-[13px] text-[#a4262c]"><p className="font-semibold">Finding detail unavailable</p><p className="mt-0.5">{findingError}</p></div>}[39m
[31m+         {finding && <><div className="mt-4 grid gap-3 sm:grid-cols-2"><Detail label="Client" value={selected.clientName} /><Detail label="Severity and status" value={`${finding.severity} — ${finding.status}`} /><Detail label="First observed" value={formatStoredTime(finding.created_at)} /><Detail label="Last observed" value={formatStoredTime(finding.updated_at)} /></div>[39m
[31m+         <section className="mt-3 rounded-md border border-[#e1dfdd] bg-[#faf9f8] p-3"><h3 className="text-[13px] font-semibold text-[#201f1e]">Observed</h3><p className="mt-1 text-[13px] leading-6 text-[#323130]">{finding.description || 'No observation description is available.'}</p></section><div className="mt-3 grid gap-3 sm:grid-cols-2"><Detail label="Why it matters" value="Review this recorded finding with its evidence before choosing remediation." /><Detail label="What you can do" value="Create a remediation task, then collect a new observation before treating the finding as resolved." /></div>[39m
[31m+         <section className="mt-3 rounded-md border border-[#e1dfdd] bg-[#faf9f8] p-3"><h3 className="text-[13px] font-semibold text-[#201f1e]">Evidence chain</h3><p className="mt-0.5 text-[11px] text-[#8a8886]">Finding → observed artifact → source evidence → verification time</p>{evidenceList(finding.evidence_ids).length ? <ul className="mt-3 space-y-1.5">{evidenceList(finding.evidence_ids).map((id: string) => <li key={id} className="rounded border border-[#e1dfdd] bg-white px-2.5 py-1.5 font-mono text-[11px] text-[#323130]">Evidence reference: {id}</li>)}</ul> : <p className="mt-3 text-[13px] text-[#605e5c]">Evidence unavailable. This finding has no stored evidence references.</p>}</section></>}[39m
[31m+         {taskError && <p role="alert" className="mt-3 text-[13px] text-[#a4262c]">{taskError}</p>}[39m
[31m+         {task && <section className="mt-3 rounded-md border border-[#0f6cbd]/30 bg-[#eff6fc] p-3"><p className="text-[11px] font-semibold uppercase tracking-wide text-[#0f6cbd]">Remediation task</p><p className="mt-1 text-[13px] font-semibold text-[#201f1e]">{task.title}</p><p className="mt-0.5 text-[12px] text-[#323130]">{task.status.replaceAll('_', ' ')} · created {formatStoredTime(task.created_at)}</p>{task.status === 'OPEN' && <button type="button" onClick={() => void transitionTask('IN_PROGRESS')} disabled={taskLoading} className="mt-3 inline-flex h-8 items-center rounded bg-[#0f6cbd] px-3 text-[13px] font-medium text-white hover:bg-[#004578] disabled:opacity-50">{taskLoading ? 'Updating task…' : 'Start remediation'}</button>}{task.status === 'IN_PROGRESS' && <button type="button" onClick={() => void transitionTask('READY_FOR_VERIFICATION')} disabled={taskLoading} className="mt-3 inline-flex h-8 items-center rounded bg-[#0f6cbd] px-3 text-[13px] font-medium text-white hover:bg-[#004578] disabled:opacity-50">{taskLoading ? 'Updating task…' : 'Mark ready for verification'}</button>}{task.status === 'READY_FOR_VERIFICATION' && <div className="mt-2"><p className="text-[13px] text-[#8a5700]">Remediation marked complete. Verification required.</p><p className="mt-0.5 text-[11px] text-[#605e5c]">Re-checks the most recent evidence SPR already has on file for this software — this is not a live scan.</p><button type="button" onClick={() => void verifyWithLatestEvidence()} disabled={taskLoading} className="mt-2 inline-flex h-8 items-center rounded bg-[#0f6cbd] px-3 text-[13px] font-medium text-white hover:bg-[#004578] disabled:opacity-50">{taskLoading ? 'Verifying…' : 'Verify with latest evidence'}</button></div>}{task.status === 'VERIFIED' && <p className="mt-2 text-[13px] text-[#0e700e]">Verified against evidence SPR collected. The underlying finding is now marked resolved.</p>}</section>}[39m
[31m+         <div className="mt-4 flex flex-wrap gap-2"><button type="button" onClick={() => { setSelected(null); onNavigate('alerts'); }} disabled={!finding} className="inline-flex h-8 items-center gap-1.5 rounded bg-[#0f6cbd] px-3 text-[13px] font-medium text-white hover:bg-[#004578] disabled:opacity-50"><FileSearch className="h-3.5 w-3.5" /> Show evidence</button>{task ? <span className="inline-flex h-8 items-center rounded border border-[#c8c6c4] px-3 text-[13px] font-medium text-[#323130]">Task created</span> : <button type="button" onClick={() => void createTask()} disabled={!finding || taskLoading} className="inline-flex h-8 items-center rounded border border-[#c8c6c4] px-3 text-[13px] font-medium text-[#323130] hover:bg-black/[.03] disabled:opacity-50">{taskLoading ? 'Creating task…' : 'Create remediation task'}</button>}</div>[39m
[31m+       </div>[39m
[31m+     </div>}[39m
[31m+   </section>;[39m
[31m+ }[39m
[31m+[39m
[31m+ function Metric({ label, value, icon }: { label: string; value: number; icon: React.ReactNode }) { return <div className="flex items-center gap-1.5">{icon}<div><div className="text-[11px] text-[#605e5c]">{label}</div><div className="text-lg font-semibold text-[#201f1e]">{value}</div></div></div>; }[39m
[31m+ function Detail({ label, value }: { label: string; value: string }) { return <div className="rounded-md border border-[#e1dfdd] bg-[#faf9f8] p-3"><p className="text-[11px] font-semibold uppercase tracking-wide text-[#605e5c]">{label}</p><p className="mt-1 text-[13px] leading-5 text-[#201f1e]">{value}</p></div>; }[39m
[31m+ function formatStoredTime(value?: string | null) { return value ? new Date(value).toLocaleString() : 'Not observed'; }[39m
[31m+ function evidenceList(value?: string | null) { try { const parsed = JSON.parse(value || '[]'); return Array.isArray(parsed) ? parsed.filter((item): item is string => typeof item === 'string') : []; } catch { return []; } }[39m
[31m+[39m

[36m [2m❯[22m tests/trust-network-contract.test.ts:[2m75:15[22m[39m
    [90m 73| [39m  it('Current Trust State reads real verificationStatus and a real cri…
    [90m 74| [39m    [35mconst[39m s [33m=[39m [34msource[39m()[33m;[39m
    [90m 75| [39m    [34mexpect[39m(s)[33m.[39m[34mtoContain[39m([32m"if (decision === 'VERIFIED') verified += 1;"[39m)[33m;[39m
    [90m   | [39m              [31m^[39m
    [90m 76| [39m    expect(s).toContain("else if (decision === 'PARTIAL' || decision =…
    [90m 77| [39m    [34mexpect[39m(s)[33m.[39m[34mtoContain[39m([32m'value={criticalClients}'[39m)[33m;[39m

[31m[2m⎯⎯⎯⎯⎯⎯⎯⎯⎯⎯⎯⎯⎯⎯⎯⎯⎯⎯⎯⎯[135/141]⎯[22m[39m

[41m[1m FAIL [22m[49m tests/trust-network-contract.test.ts[2m > [22mTrust Network never fabricates counts, scores, or history[2m > [22mdistinguishes Unknown from Critical explicitly, and never treats missing evidence as unsafe
[31m[1mAssertionError[22m: expected 'import React, { useEffect, useMemo, u…' to contain 'Unknown means evidence unavailable or…'[39m

[32m- Expected[39m
[31m+ Received[39m

[32m- Unknown means evidence unavailable or insufficient[39m
[31m+ import React, { useEffect, useMemo, useState } from 'react';[39m
[31m+ import { AlertTriangle, ArrowRight, Building2, CheckCircle2, FileSearch, ShieldAlert, User, X } from 'lucide-react';[39m
[31m+ import { Alert, Client } from '../types';[39m
[31m+ import { apiFetch } from '../utils/apiClient';[39m
[31m+ import type { VerificationDecision } from '../lib/verification/evaluateVerification';[39m
[31m+[39m
[31m+ interface Props {[39m
[31m+   clients: Client[];[39m
[31m+   alerts: Alert[];[39m
[31m+   findings: any[];[39m
[31m+   role?: string;[39m
[31m+   onSelectClient: (id: string) => void;[39m
[31m+   onSelectPassport?: (passportId: string) => void;[39m
[31m+   onNavigate: (tab: string) => void;[39m
[31m+   verificationDecisions?: Record<string, VerificationDecision>;[39m
[31m+   verificationDetails?: Record<string, unknown>;[39m
[31m+ }[39m
[31m+[39m
[31m+ type Assignment = { id: string; client_id: string; technician_display: string; assigned_by: string; updated_at: string };[39m
[31m+ type TeamMember = { id: number; email: string; displayName?: string | null; role: string };[39m
[31m+[39m
[31m+ const severityClass = (severity: Alert['severity']) => severity === 'Critical'[39m
[31m+   ? 'border-[#a4262c]/30 bg-[#fdf2f2] text-[#a4262c]'[39m
[31m+   : severity === 'High' ? 'border-[#8a5700]/30 bg-[#fff4ce] text-[#8a5700]'[39m
[31m+   : 'border-[#0f6cbd]/30 bg-[#eff6fc] text-[#0f6cbd]';[39m
[31m+[39m
[31m+ export default function MSPCommandCenter({ clients, alerts, findings, role = 'Viewer', onSelectClient, onNavigate, onSelectPassport, verificationDecisions = {}, verificationDetails = {} }: Props) {[39m
[31m+   const [selected, setSelected] = useState<Alert | null>(null);[39m
[31m+   const [assignments, setAssignments] = useState<Assignment[]>([]);[39m
[31m+   const [team, setTeam] = useState<TeamMember[]>([]);[39m
[31m+   const [assigningClientId, setAssigningClientId] = useState<string | null>(null);[39m
[31m+   const canAssign = role === 'Owner' || role === 'Admin';[39m
[31m+   const trustStateFromDecision = (decision?: VerificationDecision) => decision?.state ?? 'UNINITIALIZED';[39m
[31m+   const trustStateForPassportItem = (item: { passportId: string }) => trustStateFromDecision(verificationDecisions?.[item.passportId]);[39m
[31m+   const selectPassport = (passportId: string) => { onSelectPassport?.(passportId); };[39m
[31m+   const passportDecision = (passport: { id: string }) => { const decision = verificationDecisions?.[passport.id]; return decision; };[39m
[31m+   void verificationDetails;[39m
[31m+[39m
[31m+   const loadAssignments = () => { apiFetch('/api/msp/assignments').then((r) => r.ok ? r.json() : null).then((data) => { if (Array.isArray(data?.assignments)) setAssignments(data.assignments); }).catch(() => {}); };[39m
[31m+   useEffect(() => { loadAssignments(); apiFetch('/api/organization/team').then((r) => r.ok ? r.json() : null).then((data) => { if (Array.isArray(data)) setTeam(data); }).catch(() => {}); }, []);[39m
[31m+[39m
[31m+   const assignmentByClient = useMemo(() => new Map(assignments.map((a) => [a.client_id, a])), [assignments]);[39m
[31m+   const assignTechnician = async (clientId: string, member: TeamMember) => {[39m
[31m+     const response = await apiFetch('/api/msp/assignments', { method: 'PUT', headers: { 'Content-Type': 'application/json' }, body: JSON.stringify({ clientId, technicianUserId: member.id, technicianDisplay: member.displayName || member.email }) });[39m
[31m+     if (response.ok) { loadAssignments(); setAssigningClientId(null); }[39m
[31m+   };[39m
[31m+   const unassignTechnician = async (clientId: string) => {[39m
[31m+     const response = await apiFetch(`/api/msp/assignments/${encodeURIComponent(clientId)}`, { method: 'DELETE' });[39m
[31m+     if (response.ok) loadAssignments();[39m
[31m+   };[39m
[31m+[39m
[31m+   const clientRiskRollup = useMemo(() => clients.map((client) => {[39m
[31m+     const clientAlerts = alerts.filter((a) => a.clientName === client.name);[39m
[31m+     const active = clientAlerts.filter((a) => a.status !== 'Resolved' && a.status !== 'Cancelled');[39m
[31m+     const critical = active.filter((a) => a.severity === 'Critical').length;[39m
[31m+     const high = active.filter((a) => a.severity === 'High').length;[39m
[31m+     return { client, activeCount: active.length, critical, high, assignment: assignmentByClient.get(client.id) };[39m
[31m+   }).sort((a, b) => (b.critical - a.critical) || (b.high - a.high) || (b.activeCount - a.activeCount)), [clients, alerts, assignmentByClient]);[39m
[31m+   // Sourced from the same /api/trust-loop/findings data App.tsx already fetched[39m
[31m+   // to build `alerts` -- no second network round trip for finding detail.[39m
[31m+   const finding = useMemo(() => selected ? findings.find((item: any) => String(item.id) === selected.id) || null : null, [selected?.id, findings]);[39m
[31m+   const findingError = selected && !finding ? 'Finding details are unavailable.' : null;[39m
[31m+   const [task, setTask] = useState<any | null>(null);[39m
[31m+   const [taskLoading, setTaskLoading] = useState(false);[39m
[31m+   const [taskError, setTaskError] = useState<string | null>(null);[39m
[31m+   const attention = useMemo(() => alerts.filter(item => item.status === 'Active').sort((a, b) => {[39m
[31m+     const rank = { Critical: 3, High: 2, Medium: 1, Low: 0 };[39m
[31m+     return rank[b.severity] - rank[a.severity];[39m
[31m+   }), [alerts]);[39m
[31m+   const criticalClients = new Set(attention.filter(item => item.severity === 'Critical').map(item => item.clientName)).size;[39m
[31m+   const attentionClients = new Set(attention.filter(item => item.severity !== 'Critical').map(item => item.clientName)).size;[39m
[31m+   // A remediation may already exist for this finding (created from the Alerts[39m
[31m+   // view via the same /api/trust-loop/remediations backend) -- load it by the[39m
[31m+   // id the findings join already gives us instead of scanning a task list.[39m
[31m+   useEffect(() => {[39m
[31m+     setTask(null); setTaskError(null);[39m
[31m+     if (!selected?.remediationId) return;[39m
[31m+     let cancelled = false;[39m
[31m+     apiFetch(`/api/trust-loop/remediations/${encodeURIComponent(selected.remediationId)}`).then(response => response.ok ? response.json() : null).then(data => { if (!cancelled && data) setTask(data); }).catch(() => {});[39m
[31m+     return () => { cancelled = true; };[39m
[31m+   }, [selected?.id, selected?.remediationId]);[39m
[31m+   const createTask = async () => {[39m
[31m+     if (!selected || !finding || taskLoading) return;[39m
[31m+     setTaskLoading(true); setTaskError(null);[39m
[31m+     try {[39m
[31m+       const response = await apiFetch('/api/trust-loop/remediations', {[39m
[31m+         method: 'POST', headers: { 'Content-Type': 'application/json' },[39m
[31m+         body: JSON.stringify({ findingId: selected.id, title: selected.title, description: selected.description, priority: selected.severity.toUpperCase() }),[39m
[31m+       });[39m
[31m+       const body = await response.json().catch(() => ({}));[39m
[31m+       if (!response.ok) throw new Error(body?.error || 'SPR could not create the remediation task.');[39m
[31m+       setTask(body);[39m
[31m+     } catch (cause: any) { setTaskError(cause?.message || 'SPR could not create the remediation task.'); }[39m
[31m+     finally { setTaskLoading(false); }[39m
[31m+   };[39m
[31m+   const transitionTask = async (status: 'IN_PROGRESS' | 'READY_FOR_VERIFICATION') => {[39m
[31m+     if (!task || taskLoading) return;[39m
[31m+     setTaskLoading(true); setTaskError(null);[39m
[31m+     try {[39m
[31m+       const response = await apiFetch(`/api/trust-loop/remediations/${encodeURIComponent(task.id)}`, { method: 'PATCH', headers: { 'Content-Type': 'application/json' }, body: JSON.stringify({ status }) });[39m
[31m+       const body = await response.json().catch(() => ({}));[39m
[31m+       if (!response.ok) throw new Error(body?.error || 'SPR could not update the task.');[39m
[31m+       setTask(body);[39m
[31m+     } catch (cause: any) { setTaskError(cause?.message || 'SPR could not update the task.'); }[39m
[31m+     finally { setTaskLoading(false); }[39m
[31m+   };[39m
[31m+   // Re-verifies against the most recent trust_observation SPR already has on[39m
[31m+   // file for this software -- there is no live "run a check now" job queue,[39m
[31m+   // so this is honestly a re-check of existing evidence, not a fresh scan.[39m
[31m+   const verifyWithLatestEvidence = async () => {[39m
[31m+     if (!task || taskLoading) return;[39m
[31m+     setTaskLoading(true); setTaskError(null);[39m
[31m+     try {[39m
[31m+       const response = await apiFetch(`/api/trust-loop/remediations/${encodeURIComponent(task.id)}/verify-latest`, { method: 'POST' });[39m
[31m+       const body = await response.json().catch(() => ({}));[39m
[31m+       if (!response.ok) throw new Error(body?.error || 'SPR could not verify this task against current evidence.');[39m
[31m+       setTask(body);[39m
[31m+     } catch (cause: any) { setTaskError(cause?.message || 'SPR could not verify this task against current evidence.'); }[39m
[31m+     finally { setTaskLoading(false); }[39m
[31m+   };[39m
[31m+[39m
[31m+   return <section id="msp-command-center" aria-labelledby="msp-command-center-title">[39m
[31m+     <div className="mb-4 flex flex-wrap items-center justify-between gap-3">[39m
[31m+       <div>[39m
[31m+         <h1 id="msp-command-center-title" className="text-[22px] font-semibold text-[#201f1e]">Who needs you today?</h1>[39m
[31m+         <p className="mt-1 text-[13px] text-[#605e5c]">Prioritized work from the evidence and findings SPR currently has on record. A closed task is not a verified fix.</p>[39m
[31m+       </div>[39m
[31m+       <button type="button" onClick={() => onNavigate('clients')} className="inline-flex h-8 items-center gap-1.5 rounded border border-[#c8c6c4] px-3 text-[13px] font-medium text-[#323130] hover:bg-black/[.03]">[39m
[31m+         View all clients <ArrowRight className="h-3.5 w-3.5" />[39m
[31m+       </button>[39m
[31m+     </div>[39m
[31m+[39m
[31m+     <div className="mb-4 flex flex-wrap gap-6 rounded-md border border-[#e1dfdd] bg-white p-3">[39m
[31m+       <Metric label="Clients" value={clients.length} icon={<Building2 className="h-3.5 w-3.5" />} />[39m
[31m+       <Metric label="Healthy" value={Math.max(0, clients.length - criticalClients - attentionClients)} icon={<CheckCircle2 className="h-3.5 w-3.5 text-[#0e700e]" />} />[39m
[31m+       <Metric label="Need attention" value={attentionClients} icon={<AlertTriangle className="h-3.5 w-3.5 text-[#8a5700]" />} />[39m
[31m+       <Metric label="Critical" value={criticalClients} icon={<ShieldAlert className="h-3.5 w-3.5 text-[#a4262c]" />} />[39m
[31m+     </div>[39m
[31m+[39m
[31m+     <div className="mb-4 rounded-md border border-[#e1dfdd] bg-white">[39m
[31m+       <div className="border-b border-[#e1dfdd] px-4 py-3"><h2 className="text-[14px] font-semibold text-[#201f1e]">Cross-client risk</h2><p className="mt-0.5 text-[12px] text-[#605e5c]">Every client ranked by active critical and high findings, with technician assignment.</p></div>[39m
[31m+       <div className="overflow-x-auto">[39m
[31m+         <table className="w-full min-w-[640px] text-left text-[13px]">[39m
[31m+           <thead className="border-b border-[#e1dfdd] text-[11px] uppercase tracking-wide text-[#605e5c]"><tr><th className="px-4 py-2">Client</th><th className="px-4 py-2">Critical</th><th className="px-4 py-2">High</th><th className="px-4 py-2">Active findings</th><th className="px-4 py-2">Assigned technician</th></tr></thead>[39m
[31m+           <tbody>[39m
[31m+             {clientRiskRollup.map(({ client, activeCount, critical, high, assignment }) => ([39m
[31m+               <tr key={client.id} className="border-b border-[#f3f2f1] hover:bg-black/[.02]">[39m
[31m+                 <td className="px-4 py-2.5 font-medium text-[#201f1e]">{client.name}</td>[39m
[31m+                 <td className="px-4 py-2.5">{critical > 0 ? <span className="rounded border border-[#a4262c]/30 bg-[#fdf2f2] px-1.5 py-0.5 text-[11px] font-semibold text-[#a4262c]">{critical}</span> : <span className="text-[#8a8886]">0</span>}</td>[39m
[31m+                 <td className="px-4 py-2.5">{high > 0 ? <span className="rounded border border-[#8a5700]/30 bg-[#fff4ce] px-1.5 py-0.5 text-[11px] font-semibold text-[#8a5700]">{high}</span> : <span className="text-[#8a8886]">0</span>}</td>[39m
[31m+                 <td className="px-4 py-2.5 text-[#323130]">{activeCount}</td>[39m
[31m+                 <td className="px-4 py-2.5">[39m
[31m+                   {assigningClientId === client.id ? ([39m
[31m+                     <select autoFocus onBlur={() => setAssigningClientId(null)} onChange={(e) => { const member = team.find((m) => String(m.id) === e.target.value); if (member) void assignTechnician(client.id, member); }} className="h-8 rounded border border-[#c8c6c4] bg-white px-2 text-[12px] text-[#201f1e] focus:border-[#0f6cbd] focus:outline-none focus:ring-1 focus:ring-[#0f6cbd]">[39m
[31m+                       <option value="">Select technician…</option>[39m
[31m+                       {team.map((member) => <option key={member.id} value={member.id}>{member.displayName || member.email}</option>)}[39m
[31m+                     </select>[39m
[31m+                   ) : assignment ? ([39m
[31m+                     <div className="flex items-center gap-2 text-[12px] text-[#323130]"><User className="h-3 w-3 text-[#8a8886]" />{assignment.technician_display}[39m
[31m+                       {canAssign && <button type="button" onClick={() => void unassignTechnician(client.id)} className="text-[#8a8886] hover:text-[#a4262c]">×</button>}[39m
[31m+                       {canAssign && <button type="button" onClick={() => setAssigningClientId(client.id)} className="text-[#0f6cbd] hover:text-[#004578]">change</button>}[39m
[31m+                     </div>[39m
[31m+                   ) : canAssign ? ([39m
[31m+                     <button type="button" onClick={() => setAssigningClientId(client.id)} className="rounded border border-[#c8c6c4] px-2 py-1 text-[12px] text-[#605e5c] hover:bg-black/[.03]">Assign…</button>[39m
[31m+                   ) : <span className="text-[12px] text-[#8a8886]">Unassigned</span>}[39m
[31m+                 </td>[39m
[31m+               </tr>[39m
[31m+             ))}[39m
[31m+           </tbody>[39m
[31m+         </table>[39m
[31m+       </div>[39m
[31m+     </div>[39m
[31m+[39m
[31m+     <div className="rounded-md border border-[#e1dfdd] bg-white">[39m
[31m+       <div className="flex flex-col gap-2 border-b border-[#e1dfdd] px-4 py-3 sm:flex-row sm:items-center sm:justify-between">[39m
[31m+         <div><h2 className="text-[14px] font-semibold text-[#201f1e]">Clients needing action</h2><p className="mt-0.5 text-[12px] text-[#605e5c]">Most urgent first, based on active recorded findings.</p></div>[39m
[31m+         <span className="w-fit rounded border border-[#c8c6c4] bg-[#faf9f8] px-2 py-0.5 text-[11px] font-medium text-[#605e5c]">{attention.length} active findings</span>[39m
[31m+       </div>[39m
[31m+       {attention.length ? <div>[39m
[31m+         {attention.map(alert => {[39m
[31m+           const client = clients.find(item => item.name === alert.clientName);[39m
[31m+           return <article key={alert.id} className="grid gap-3 border-b border-[#f3f2f1] px-4 py-3 last:border-b-0 lg:grid-cols-[minmax(180px,0.8fr)_minmax(260px,1.5fr)_auto] lg:items-center">[39m
[31m+             <div>[39m
[31m+               <p className="font-medium text-[#201f1e]">{alert.clientName}</p>[39m
[31m+               <p className="mt-0.5 text-[11px] text-[#8a8886]">Observed {alert.timestamp}</p>[39m
[31m+             </div>[39m
[31m+             <div>[39m
[31m+               <div className="mb-1.5 flex flex-wrap gap-1.5"><span className={`rounded border px-1.5 py-0.5 text-[11px] font-semibold ${severityClass(alert.severity)}`}>{alert.severity}</span><span className="rounded bg-[#f3f2f1] px-1.5 py-0.5 text-[11px] text-[#605e5c]">{alert.category}</span></div>[39m
[31m+               <p className="text-[13px] font-medium text-[#201f1e]">{alert.title}</p><p className="mt-0.5 text-[12px] leading-5 text-[#605e5c]">{alert.description}</p>[39m
[31m+             </div>[39m
[31m+             <div className="flex gap-2 lg:flex-col"><button type="button" onClick={() => setSelected(alert)} className="inline-flex h-8 items-center justify-center gap-1.5 rounded bg-[#0f6cbd] px-3 text-[13px] font-medium text-white hover:bg-[#004578]">Investigate <ArrowRight className="h-3.5 w-3.5" /></button>{client && <button type="button" onClick={() => onSelectClient(client.id)} className="h-8 rounded border border-[#c8c6c4] px-3 text-[13px] font-medium text-[#323130] hover:bg-black/[.03]">Client</button>}</div>[39m
[31m+           </article>;[39m
[31m+         })}[39m
[31m+       </div> : <div className="px-6 py-10 text-center"><CheckCircle2 className="mx-auto h-6 w-6 text-[#0e700e]" /><h3 className="mt-2 text-[13px] font-semibold text-[#201f1e]">No clients need attention</h3><p className="mt-1 text-[12px] text-[#605e5c]">Your monitored clients currently have no active recorded findings requiring action.</p></div>}[39m
[31m+     </div>[39m
[31m+[39m
[31m+     {selected && <div className="fixed inset-0 z-50 flex items-end bg-black/40 p-0 md:items-center md:justify-center md:p-6" role="dialog" aria-modal="true" aria-labelledby="finding-title">[39m
[31m+       <div className="max-h-[92vh] w-full max-w-2xl overflow-y-auto rounded-t-md border border-[#e1dfdd] bg-white p-5 md:rounded-md"><div className="flex items-start justify-between gap-4"><div><p className="text-[11px] font-semibold uppercase tracking-wide text-[#605e5c]">Finding detail · Explain this</p><h2 id="finding-title" className="mt-1 text-[18px] font-semibold text-[#201f1e]">{selected.title}</h2></div><button type="button" onClick={() => setSelected(null)} aria-label="Close finding" className="rounded p-1.5 text-[#605e5c] hover:bg-black/[.05]"><X className="h-4 w-4" /></button></div>[39m
[31m+         {findingError && <div role="alert" className="mt-4 rounded-md border border-[#a4262c]/30 bg-[#fdf2f2] p-3 text-[13px] text-[#a4262c]"><p className="font-semibold">Finding detail unavailable</p><p className="mt-0.5">{findingError}</p></div>}[39m
[31m+         {finding && <><div className="mt-4 grid gap-3 sm:grid-cols-2"><Detail label="Client" value={selected.clientName} /><Detail label="Severity and status" value={`${finding.severity} — ${finding.status}`} /><Detail label="First observed" value={formatStoredTime(finding.created_at)} /><Detail label="Last observed" value={formatStoredTime(finding.updated_at)} /></div>[39m
[31m+         <section className="mt-3 rounded-md border border-[#e1dfdd] bg-[#faf9f8] p-3"><h3 className="text-[13px] font-semibold text-[#201f1e]">Observed</h3><p className="mt-1 text-[13px] leading-6 text-[#323130]">{finding.description || 'No observation description is available.'}</p></section><div className="mt-3 grid gap-3 sm:grid-cols-2"><Detail label="Why it matters" value="Review this recorded finding with its evidence before choosing remediation." /><Detail label="What you can do" value="Create a remediation task, then collect a new observation before treating the finding as resolved." /></div>[39m
[31m+         <section className="mt-3 rounded-md border border-[#e1dfdd] bg-[#faf9f8] p-3"><h3 className="text-[13px] font-semibold text-[#201f1e]">Evidence chain</h3><p className="mt-0.5 text-[11px] text-[#8a8886]">Finding → observed artifact → source evidence → verification time</p>{evidenceList(finding.evidence_ids).length ? <ul className="mt-3 space-y-1.5">{evidenceList(finding.evidence_ids).map((id: string) => <li key={id} className="rounded border border-[#e1dfdd] bg-white px-2.5 py-1.5 font-mono text-[11px] text-[#323130]">Evidence reference: {id}</li>)}</ul> : <p className="mt-3 text-[13px] text-[#605e5c]">Evidence unavailable. This finding has no stored evidence references.</p>}</section></>}[39m
[31m+         {taskError && <p role="alert" className="mt-3 text-[13px] text-[#a4262c]">{taskError}</p>}[39m
[31m+         {task && <section className="mt-3 rounded-md border border-[#0f6cbd]/30 bg-[#eff6fc] p-3"><p className="text-[11px] font-semibold uppercase tracking-wide text-[#0f6cbd]">Remediation task</p><p className="mt-1 text-[13px] font-semibold text-[#201f1e]">{task.title}</p><p className="mt-0.5 text-[12px] text-[#323130]">{task.status.replaceAll('_', ' ')} · created {formatStoredTime(task.created_at)}</p>{task.status === 'OPEN' && <button type="button" onClick={() => void transitionTask('IN_PROGRESS')} disabled={taskLoading} className="mt-3 inline-flex h-8 items-center rounded bg-[#0f6cbd] px-3 text-[13px] font-medium text-white hover:bg-[#004578] disabled:opacity-50">{taskLoading ? 'Updating task…' : 'Start remediation'}</button>}{task.status === 'IN_PROGRESS' && <button type="button" onClick={() => void transitionTask('READY_FOR_VERIFICATION')} disabled={taskLoading} className="mt-3 inline-flex h-8 items-center rounded bg-[#0f6cbd] px-3 text-[13px] font-medium text-white hover:bg-[#004578] disabled:opacity-50">{taskLoading ? 'Updating task…' : 'Mark ready for verification'}</button>}{task.status === 'READY_FOR_VERIFICATION' && <div className="mt-2"><p className="text-[13px] text-[#8a5700]">Remediation marked complete. Verification required.</p><p className="mt-0.5 text-[11px] text-[#605e5c]">Re-checks the most recent evidence SPR already has on file for this software — this is not a live scan.</p><button type="button" onClick={() => void verifyWithLatestEvidence()} disabled={taskLoading} className="mt-2 inline-flex h-8 items-center rounded bg-[#0f6cbd] px-3 text-[13px] font-medium text-white hover:bg-[#004578] disabled:opacity-50">{taskLoading ? 'Verifying…' : 'Verify with latest evidence'}</button></div>}{task.status === 'VERIFIED' && <p className="mt-2 text-[13px] text-[#0e700e]">Verified against evidence SPR collected. The underlying finding is now marked resolved.</p>}</section>}[39m
[31m+         <div className="mt-4 flex flex-wrap gap-2"><button type="button" onClick={() => { setSelected(null); onNavigate('alerts'); }} disabled={!finding} className="inline-flex h-8 items-center gap-1.5 rounded bg-[#0f6cbd] px-3 text-[13px] font-medium text-white hover:bg-[#004578] disabled:opacity-50"><FileSearch className="h-3.5 w-3.5" /> Show evidence</button>{task ? <span className="inline-flex h-8 items-center rounded border border-[#c8c6c4] px-3 text-[13px] font-medium text-[#323130]">Task created</span> : <button type="button" onClick={() => void createTask()} disabled={!finding || taskLoading} className="inline-flex h-8 items-center rounded border border-[#c8c6c4] px-3 text-[13px] font-medium text-[#323130] hover:bg-black/[.03] disabled:opacity-50">{taskLoading ? 'Creating task…' : 'Create remediation task'}</button>}</div>[39m
[31m+       </div>[39m
[31m+     </div>}[39m
[31m+   </section>;[39m
[31m+ }[39m
[31m+[39m
[31m+ function Metric({ label, value, icon }: { label: string; value: number; icon: React.ReactNode }) { return <div className="flex items-center gap-1.5">{icon}<div><div className="text-[11px] text-[#605e5c]">{label}</div><div className="text-lg font-semibold text-[#201f1e]">{value}</div></div></div>; }[39m
[31m+ function Detail({ label, value }: { label: string; value: string }) { return <div className="rounded-md border border-[#e1dfdd] bg-[#faf9f8] p-3"><p className="text-[11px] font-semibold uppercase tracking-wide text-[#605e5c]">{label}</p><p className="mt-1 text-[13px] leading-5 text-[#201f1e]">{value}</p></div>; }[39m
[31m+ function formatStoredTime(value?: string | null) { return value ? new Date(value).toLocaleString() : 'Not observed'; }[39m
[31m+ function evidenceList(value?: string | null) { try { const parsed = JSON.parse(value || '[]'); return Array.isArray(parsed) ? parsed.filter((item): item is string => typeof item === 'string') : []; } catch { return []; } }[39m
[31m+[39m

[36m [2m❯[22m tests/trust-network-contract.test.ts:[2m82:15[22m[39m
    [90m 80| [39m  it('distinguishes Unknown from Critical explicitly, and never treats…
    [90m 81| [39m    [35mconst[39m s [33m=[39m [34msource[39m()[33m;[39m
    [90m 82| [39m    expect(s).toContain('Unknown means evidence unavailable or insuffi…
    [90m   | [39m              [31m^[39m
    [90m 83| [39m    [34mexpect[39m(s)[33m.[39m[34mtoContain[39m([32m'Unknown is not the same as Critical.'[39m)[33m;[39m
    [90m 84| [39m  })[33m;[39m

[31m[2m⎯⎯⎯⎯⎯⎯⎯⎯⎯⎯⎯⎯⎯⎯⎯⎯⎯⎯⎯⎯[136/141]⎯[22m[39m

[41m[1m FAIL [22m[49m tests/trust-network-contract.test.ts[2m > [22mTrust Network never fabricates counts, scores, or history[2m > [22mEvidence Coverage and Verification Coverage show "no data" states instead of a misleading 0%/100%
[31m[1mAssertionError[22m: expected 'import React, { useEffect, useMemo, u…' to contain 'evidenceCoverage.total > 0 ? ('[39m

[32m- Expected[39m
[31m+ Received[39m

[32m- evidenceCoverage.total > 0 ? ([39m
[31m+ import React, { useEffect, useMemo, useState } from 'react';[39m
[31m+ import { AlertTriangle, ArrowRight, Building2, CheckCircle2, FileSearch, ShieldAlert, User, X } from 'lucide-react';[39m
[31m+ import { Alert, Client } from '../types';[39m
[31m+ import { apiFetch } from '../utils/apiClient';[39m
[31m+ import type { VerificationDecision } from '../lib/verification/evaluateVerification';[39m
[31m+[39m
[31m+ interface Props {[39m
[31m+   clients: Client[];[39m
[31m+   alerts: Alert[];[39m
[31m+   findings: any[];[39m
[31m+   role?: string;[39m
[31m+   onSelectClient: (id: string) => void;[39m
[31m+   onSelectPassport?: (passportId: string) => void;[39m
[31m+   onNavigate: (tab: string) => void;[39m
[31m+   verificationDecisions?: Record<string, VerificationDecision>;[39m
[31m+   verificationDetails?: Record<string, unknown>;[39m
[31m+ }[39m
[31m+[39m
[31m+ type Assignment = { id: string; client_id: string; technician_display: string; assigned_by: string; updated_at: string };[39m
[31m+ type TeamMember = { id: number; email: string; displayName?: string | null; role: string };[39m
[31m+[39m
[31m+ const severityClass = (severity: Alert['severity']) => severity === 'Critical'[39m
[31m+   ? 'border-[#a4262c]/30 bg-[#fdf2f2] text-[#a4262c]'[39m
[31m+   : severity === 'High' ? 'border-[#8a5700]/30 bg-[#fff4ce] text-[#8a5700]'[39m
[31m+   : 'border-[#0f6cbd]/30 bg-[#eff6fc] text-[#0f6cbd]';[39m
[31m+[39m
[31m+ export default function MSPCommandCenter({ clients, alerts, findings, role = 'Viewer', onSelectClient, onNavigate, onSelectPassport, verificationDecisions = {}, verificationDetails = {} }: Props) {[39m
[31m+   const [selected, setSelected] = useState<Alert | null>(null);[39m
[31m+   const [assignments, setAssignments] = useState<Assignment[]>([]);[39m
[31m+   const [team, setTeam] = useState<TeamMember[]>([]);[39m
[31m+   const [assigningClientId, setAssigningClientId] = useState<string | null>(null);[39m
[31m+   const canAssign = role === 'Owner' || role === 'Admin';[39m
[31m+   const trustStateFromDecision = (decision?: VerificationDecision) => decision?.state ?? 'UNINITIALIZED';[39m
[31m+   const trustStateForPassportItem = (item: { passportId: string }) => trustStateFromDecision(verificationDecisions?.[item.passportId]);[39m
[31m+   const selectPassport = (passportId: string) => { onSelectPassport?.(passportId); };[39m
[31m+   const passportDecision = (passport: { id: string }) => { const decision = verificationDecisions?.[passport.id]; return decision; };[39m
[31m+   void verificationDetails;[39m
[31m+[39m
[31m+   const loadAssignments = () => { apiFetch('/api/msp/assignments').then((r) => r.ok ? r.json() : null).then((data) => { if (Array.isArray(data?.assignments)) setAssignments(data.assignments); }).catch(() => {}); };[39m
[31m+   useEffect(() => { loadAssignments(); apiFetch('/api/organization/team').then((r) => r.ok ? r.json() : null).then((data) => { if (Array.isArray(data)) setTeam(data); }).catch(() => {}); }, []);[39m
[31m+[39m
[31m+   const assignmentByClient = useMemo(() => new Map(assignments.map((a) => [a.client_id, a])), [assignments]);[39m
[31m+   const assignTechnician = async (clientId: string, member: TeamMember) => {[39m
[31m+     const response = await apiFetch('/api/msp/assignments', { method: 'PUT', headers: { 'Content-Type': 'application/json' }, body: JSON.stringify({ clientId, technicianUserId: member.id, technicianDisplay: member.displayName || member.email }) });[39m
[31m+     if (response.ok) { loadAssignments(); setAssigningClientId(null); }[39m
[31m+   };[39m
[31m+   const unassignTechnician = async (clientId: string) => {[39m
[31m+     const response = await apiFetch(`/api/msp/assignments/${encodeURIComponent(clientId)}`, { method: 'DELETE' });[39m
[31m+     if (response.ok) loadAssignments();[39m
[31m+   };[39m
[31m+[39m
[31m+   const clientRiskRollup = useMemo(() => clients.map((client) => {[39m
[31m+     const clientAlerts = alerts.filter((a) => a.clientName === client.name);[39m
[31m+     const active = clientAlerts.filter((a) => a.status !== 'Resolved' && a.status !== 'Cancelled');[39m
[31m+     const critical = active.filter((a) => a.severity === 'Critical').length;[39m
[31m+     const high = active.filter((a) => a.severity === 'High').length;[39m
[31m+     return { client, activeCount: active.length, critical, high, assignment: assignmentByClient.get(client.id) };[39m
[31m+   }).sort((a, b) => (b.critical - a.critical) || (b.high - a.high) || (b.activeCount - a.activeCount)), [clients, alerts, assignmentByClient]);[39m
[31m+   // Sourced from the same /api/trust-loop/findings data App.tsx already fetched[39m
[31m+   // to build `alerts` -- no second network round trip for finding detail.[39m
[31m+   const finding = useMemo(() => selected ? findings.find((item: any) => String(item.id) === selected.id) || null : null, [selected?.id, findings]);[39m
[31m+   const findingError = selected && !finding ? 'Finding details are unavailable.' : null;[39m
[31m+   const [task, setTask] = useState<any | null>(null);[39m
[31m+   const [taskLoading, setTaskLoading] = useState(false);[39m
[31m+   const [taskError, setTaskError] = useState<string | null>(null);[39m
[31m+   const attention = useMemo(() => alerts.filter(item => item.status === 'Active').sort((a, b) => {[39m
[31m+     const rank = { Critical: 3, High: 2, Medium: 1, Low: 0 };[39m
[31m+     return rank[b.severity] - rank[a.severity];[39m
[31m+   }), [alerts]);[39m
[31m+   const criticalClients = new Set(attention.filter(item => item.severity === 'Critical').map(item => item.clientName)).size;[39m
[31m+   const attentionClients = new Set(attention.filter(item => item.severity !== 'Critical').map(item => item.clientName)).size;[39m
[31m+   // A remediation may already exist for this finding (created from the Alerts[39m
[31m+   // view via the same /api/trust-loop/remediations backend) -- load it by the[39m
[31m+   // id the findings join already gives us instead of scanning a task list.[39m
[31m+   useEffect(() => {[39m
[31m+     setTask(null); setTaskError(null);[39m
[31m+     if (!selected?.remediationId) return;[39m
[31m+     let cancelled = false;[39m
[31m+     apiFetch(`/api/trust-loop/remediations/${encodeURIComponent(selected.remediationId)}`).then(response => response.ok ? response.json() : null).then(data => { if (!cancelled && data) setTask(data); }).catch(() => {});[39m
[31m+     return () => { cancelled = true; };[39m
[31m+   }, [selected?.id, selected?.remediationId]);[39m
[31m+   const createTask = async () => {[39m
[31m+     if (!selected || !finding || taskLoading) return;[39m
[31m+     setTaskLoading(true); setTaskError(null);[39m
[31m+     try {[39m
[31m+       const response = await apiFetch('/api/trust-loop/remediations', {[39m
[31m+         method: 'POST', headers: { 'Content-Type': 'application/json' },[39m
[31m+         body: JSON.stringify({ findingId: selected.id, title: selected.title, description: selected.description, priority: selected.severity.toUpperCase() }),[39m
[31m+       });[39m
[31m+       const body = await response.json().catch(() => ({}));[39m
[31m+       if (!response.ok) throw new Error(body?.error || 'SPR could not create the remediation task.');[39m
[31m+       setTask(body);[39m
[31m+     } catch (cause: any) { setTaskError(cause?.message || 'SPR could not create the remediation task.'); }[39m
[31m+     finally { setTaskLoading(false); }[39m
[31m+   };[39m
[31m+   const transitionTask = async (status: 'IN_PROGRESS' | 'READY_FOR_VERIFICATION') => {[39m
[31m+     if (!task || taskLoading) return;[39m
[31m+     setTaskLoading(true); setTaskError(null);[39m
[31m+     try {[39m
[31m+       const response = await apiFetch(`/api/trust-loop/remediations/${encodeURIComponent(task.id)}`, { method: 'PATCH', headers: { 'Content-Type': 'application/json' }, body: JSON.stringify({ status }) });[39m
[31m+       const body = await response.json().catch(() => ({}));[39m
[31m+       if (!response.ok) throw new Error(body?.error || 'SPR could not update the task.');[39m
[31m+       setTask(body);[39m
[31m+     } catch (cause: any) { setTaskError(cause?.message || 'SPR could not update the task.'); }[39m
[31m+     finally { setTaskLoading(false); }[39m
[31m+   };[39m
[31m+   // Re-verifies against the most recent trust_observation SPR already has on[39m
[31m+   // file for this software -- there is no live "run a check now" job queue,[39m
[31m+   // so this is honestly a re-check of existing evidence, not a fresh scan.[39m
[31m+   const verifyWithLatestEvidence = async () => {[39m
[31m+     if (!task || taskLoading) return;[39m
[31m+     setTaskLoading(true); setTaskError(null);[39m
[31m+     try {[39m
[31m+       const response = await apiFetch(`/api/trust-loop/remediations/${encodeURIComponent(task.id)}/verify-latest`, { method: 'POST' });[39m
[31m+       const body = await response.json().catch(() => ({}));[39m
[31m+       if (!response.ok) throw new Error(body?.error || 'SPR could not verify this task against current evidence.');[39m
[31m+       setTask(body);[39m
[31m+     } catch (cause: any) { setTaskError(cause?.message || 'SPR could not verify this task against current evidence.'); }[39m
[31m+     finally { setTaskLoading(false); }[39m
[31m+   };[39m
[31m+[39m
[31m+   return <section id="msp-command-center" aria-labelledby="msp-command-center-title">[39m
[31m+     <div className="mb-4 flex flex-wrap items-center justify-between gap-3">[39m
[31m+       <div>[39m
[31m+         <h1 id="msp-command-center-title" className="text-[22px] font-semibold text-[#201f1e]">Who needs you today?</h1>[39m
[31m+         <p className="mt-1 text-[13px] text-[#605e5c]">Prioritized work from the evidence and findings SPR currently has on record. A closed task is not a verified fix.</p>[39m
[31m+       </div>[39m
[31m+       <button type="button" onClick={() => onNavigate('clients')} className="inline-flex h-8 items-center gap-1.5 rounded border border-[#c8c6c4] px-3 text-[13px] font-medium text-[#323130] hover:bg-black/[.03]">[39m
[31m+         View all clients <ArrowRight className="h-3.5 w-3.5" />[39m
[31m+       </button>[39m
[31m+     </div>[39m
[31m+[39m
[31m+     <div className="mb-4 flex flex-wrap gap-6 rounded-md border border-[#e1dfdd] bg-white p-3">[39m
[31m+       <Metric label="Clients" value={clients.length} icon={<Building2 className="h-3.5 w-3.5" />} />[39m
[31m+       <Metric label="Healthy" value={Math.max(0, clients.length - criticalClients - attentionClients)} icon={<CheckCircle2 className="h-3.5 w-3.5 text-[#0e700e]" />} />[39m
[31m+       <Metric label="Need attention" value={attentionClients} icon={<AlertTriangle className="h-3.5 w-3.5 text-[#8a5700]" />} />[39m
[31m+       <Metric label="Critical" value={criticalClients} icon={<ShieldAlert className="h-3.5 w-3.5 text-[#a4262c]" />} />[39m
[31m+     </div>[39m
[31m+[39m
[31m+     <div className="mb-4 rounded-md border border-[#e1dfdd] bg-white">[39m
[31m+       <div className="border-b border-[#e1dfdd] px-4 py-3"><h2 className="text-[14px] font-semibold text-[#201f1e]">Cross-client risk</h2><p className="mt-0.5 text-[12px] text-[#605e5c]">Every client ranked by active critical and high findings, with technician assignment.</p></div>[39m
[31m+       <div className="overflow-x-auto">[39m
[31m+         <table className="w-full min-w-[640px] text-left text-[13px]">[39m
[31m+           <thead className="border-b border-[#e1dfdd] text-[11px] uppercase tracking-wide text-[#605e5c]"><tr><th className="px-4 py-2">Client</th><th className="px-4 py-2">Critical</th><th className="px-4 py-2">High</th><th className="px-4 py-2">Active findings</th><th className="px-4 py-2">Assigned technician</th></tr></thead>[39m
[31m+           <tbody>[39m
[31m+             {clientRiskRollup.map(({ client, activeCount, critical, high, assignment }) => ([39m
[31m+               <tr key={client.id} className="border-b border-[#f3f2f1] hover:bg-black/[.02]">[39m
[31m+                 <td className="px-4 py-2.5 font-medium text-[#201f1e]">{client.name}</td>[39m
[31m+                 <td className="px-4 py-2.5">{critical > 0 ? <span className="rounded border border-[#a4262c]/30 bg-[#fdf2f2] px-1.5 py-0.5 text-[11px] font-semibold text-[#a4262c]">{critical}</span> : <span className="text-[#8a8886]">0</span>}</td>[39m
[31m+                 <td className="px-4 py-2.5">{high > 0 ? <span className="rounded border border-[#8a5700]/30 bg-[#fff4ce] px-1.5 py-0.5 text-[11px] font-semibold text-[#8a5700]">{high}</span> : <span className="text-[#8a8886]">0</span>}</td>[39m
[31m+                 <td className="px-4 py-2.5 text-[#323130]">{activeCount}</td>[39m
[31m+                 <td className="px-4 py-2.5">[39m
[31m+                   {assigningClientId === client.id ? ([39m
[31m+                     <select autoFocus onBlur={() => setAssigningClientId(null)} onChange={(e) => { const member = team.find((m) => String(m.id) === e.target.value); if (member) void assignTechnician(client.id, member); }} className="h-8 rounded border border-[#c8c6c4] bg-white px-2 text-[12px] text-[#201f1e] focus:border-[#0f6cbd] focus:outline-none focus:ring-1 focus:ring-[#0f6cbd]">[39m
[31m+                       <option value="">Select technician…</option>[39m
[31m+                       {team.map((member) => <option key={member.id} value={member.id}>{member.displayName || member.email}</option>)}[39m
[31m+                     </select>[39m
[31m+                   ) : assignment ? ([39m
[31m+                     <div className="flex items-center gap-2 text-[12px] text-[#323130]"><User className="h-3 w-3 text-[#8a8886]" />{assignment.technician_display}[39m
[31m+                       {canAssign && <button type="button" onClick={() => void unassignTechnician(client.id)} className="text-[#8a8886] hover:text-[#a4262c]">×</button>}[39m
[31m+                       {canAssign && <button type="button" onClick={() => setAssigningClientId(client.id)} className="text-[#0f6cbd] hover:text-[#004578]">change</button>}[39m
[31m+                     </div>[39m
[31m+                   ) : canAssign ? ([39m
[31m+                     <button type="button" onClick={() => setAssigningClientId(client.id)} className="rounded border border-[#c8c6c4] px-2 py-1 text-[12px] text-[#605e5c] hover:bg-black/[.03]">Assign…</button>[39m
[31m+                   ) : <span className="text-[12px] text-[#8a8886]">Unassigned</span>}[39m
[31m+                 </td>[39m
[31m+               </tr>[39m
[31m+             ))}[39m
[31m+           </tbody>[39m
[31m+         </table>[39m
[31m+       </div>[39m
[31m+     </div>[39m
[31m+[39m
[31m+     <div className="rounded-md border border-[#e1dfdd] bg-white">[39m
[31m+       <div className="flex flex-col gap-2 border-b border-[#e1dfdd] px-4 py-3 sm:flex-row sm:items-center sm:justify-between">[39m
[31m+         <div><h2 className="text-[14px] font-semibold text-[#201f1e]">Clients needing action</h2><p className="mt-0.5 text-[12px] text-[#605e5c]">Most urgent first, based on active recorded findings.</p></div>[39m
[31m+         <span className="w-fit rounded border border-[#c8c6c4] bg-[#faf9f8] px-2 py-0.5 text-[11px] font-medium text-[#605e5c]">{attention.length} active findings</span>[39m
[31m+       </div>[39m
[31m+       {attention.length ? <div>[39m
[31m+         {attention.map(alert => {[39m
[31m+           const client = clients.find(item => item.name === alert.clientName);[39m
[31m+           return <article key={alert.id} className="grid gap-3 border-b border-[#f3f2f1] px-4 py-3 last:border-b-0 lg:grid-cols-[minmax(180px,0.8fr)_minmax(260px,1.5fr)_auto] lg:items-center">[39m
[31m+             <div>[39m
[31m+               <p className="font-medium text-[#201f1e]">{alert.clientName}</p>[39m
[31m+               <p className="mt-0.5 text-[11px] text-[#8a8886]">Observed {alert.timestamp}</p>[39m
[31m+             </div>[39m
[31m+             <div>[39m
[31m+               <div className="mb-1.5 flex flex-wrap gap-1.5"><span className={`rounded border px-1.5 py-0.5 text-[11px] font-semibold ${severityClass(alert.severity)}`}>{alert.severity}</span><span className="rounded bg-[#f3f2f1] px-1.5 py-0.5 text-[11px] text-[#605e5c]">{alert.category}</span></div>[39m
[31m+               <p className="text-[13px] font-medium text-[#201f1e]">{alert.title}</p><p className="mt-0.5 text-[12px] leading-5 text-[#605e5c]">{alert.description}</p>[39m
[31m+             </div>[39m
[31m+             <div className="flex gap-2 lg:flex-col"><button type="button" onClick={() => setSelected(alert)} className="inline-flex h-8 items-center justify-center gap-1.5 rounded bg-[#0f6cbd] px-3 text-[13px] font-medium text-white hover:bg-[#004578]">Investigate <ArrowRight className="h-3.5 w-3.5" /></button>{client && <button type="button" onClick={() => onSelectClient(client.id)} className="h-8 rounded border border-[#c8c6c4] px-3 text-[13px] font-medium text-[#323130] hover:bg-black/[.03]">Client</button>}</div>[39m
[31m+           </article>;[39m
[31m+         })}[39m
[31m+       </div> : <div className="px-6 py-10 text-center"><CheckCircle2 className="mx-auto h-6 w-6 text-[#0e700e]" /><h3 className="mt-2 text-[13px] font-semibold text-[#201f1e]">No clients need attention</h3><p className="mt-1 text-[12px] text-[#605e5c]">Your monitored clients currently have no active recorded findings requiring action.</p></div>}[39m
[31m+     </div>[39m
[31m+[39m
[31m+     {selected && <div className="fixed inset-0 z-50 flex items-end bg-black/40 p-0 md:items-center md:justify-center md:p-6" role="dialog" aria-modal="true" aria-labelledby="finding-title">[39m
[31m+       <div className="max-h-[92vh] w-full max-w-2xl overflow-y-auto rounded-t-md border border-[#e1dfdd] bg-white p-5 md:rounded-md"><div className="flex items-start justify-between gap-4"><div><p className="text-[11px] font-semibold uppercase tracking-wide text-[#605e5c]">Finding detail · Explain this</p><h2 id="finding-title" className="mt-1 text-[18px] font-semibold text-[#201f1e]">{selected.title}</h2></div><button type="button" onClick={() => setSelected(null)} aria-label="Close finding" className="rounded p-1.5 text-[#605e5c] hover:bg-black/[.05]"><X className="h-4 w-4" /></button></div>[39m
[31m+         {findingError && <div role="alert" className="mt-4 rounded-md border border-[#a4262c]/30 bg-[#fdf2f2] p-3 text-[13px] text-[#a4262c]"><p className="font-semibold">Finding detail unavailable</p><p className="mt-0.5">{findingError}</p></div>}[39m
[31m+         {finding && <><div className="mt-4 grid gap-3 sm:grid-cols-2"><Detail label="Client" value={selected.clientName} /><Detail label="Severity and status" value={`${finding.severity} — ${finding.status}`} /><Detail label="First observed" value={formatStoredTime(finding.created_at)} /><Detail label="Last observed" value={formatStoredTime(finding.updated_at)} /></div>[39m
[31m+         <section className="mt-3 rounded-md border border-[#e1dfdd] bg-[#faf9f8] p-3"><h3 className="text-[13px] font-semibold text-[#201f1e]">Observed</h3><p className="mt-1 text-[13px] leading-6 text-[#323130]">{finding.description || 'No observation description is available.'}</p></section><div className="mt-3 grid gap-3 sm:grid-cols-2"><Detail label="Why it matters" value="Review this recorded finding with its evidence before choosing remediation." /><Detail label="What you can do" value="Create a remediation task, then collect a new observation before treating the finding as resolved." /></div>[39m
[31m+         <section className="mt-3 rounded-md border border-[#e1dfdd] bg-[#faf9f8] p-3"><h3 className="text-[13px] font-semibold text-[#201f1e]">Evidence chain</h3><p className="mt-0.5 text-[11px] text-[#8a8886]">Finding → observed artifact → source evidence → verification time</p>{evidenceList(finding.evidence_ids).length ? <ul className="mt-3 space-y-1.5">{evidenceList(finding.evidence_ids).map((id: string) => <li key={id} className="rounded border border-[#e1dfdd] bg-white px-2.5 py-1.5 font-mono text-[11px] text-[#323130]">Evidence reference: {id}</li>)}</ul> : <p className="mt-3 text-[13px] text-[#605e5c]">Evidence unavailable. This finding has no stored evidence references.</p>}</section></>}[39m
[31m+         {taskError && <p role="alert" className="mt-3 text-[13px] text-[#a4262c]">{taskError}</p>}[39m
[31m+         {task && <section className="mt-3 rounded-md border border-[#0f6cbd]/30 bg-[#eff6fc] p-3"><p className="text-[11px] font-semibold uppercase tracking-wide text-[#0f6cbd]">Remediation task</p><p className="mt-1 text-[13px] font-semibold text-[#201f1e]">{task.title}</p><p className="mt-0.5 text-[12px] text-[#323130]">{task.status.replaceAll('_', ' ')} · created {formatStoredTime(task.created_at)}</p>{task.status === 'OPEN' && <button type="button" onClick={() => void transitionTask('IN_PROGRESS')} disabled={taskLoading} className="mt-3 inline-flex h-8 items-center rounded bg-[#0f6cbd] px-3 text-[13px] font-medium text-white hover:bg-[#004578] disabled:opacity-50">{taskLoading ? 'Updating task…' : 'Start remediation'}</button>}{task.status === 'IN_PROGRESS' && <button type="button" onClick={() => void transitionTask('READY_FOR_VERIFICATION')} disabled={taskLoading} className="mt-3 inline-flex h-8 items-center rounded bg-[#0f6cbd] px-3 text-[13px] font-medium text-white hover:bg-[#004578] disabled:opacity-50">{taskLoading ? 'Updating task…' : 'Mark ready for verification'}</button>}{task.status === 'READY_FOR_VERIFICATION' && <div className="mt-2"><p className="text-[13px] text-[#8a5700]">Remediation marked complete. Verification required.</p><p className="mt-0.5 text-[11px] text-[#605e5c]">Re-checks the most recent evidence SPR already has on file for this software — this is not a live scan.</p><button type="button" onClick={() => void verifyWithLatestEvidence()} disabled={taskLoading} className="mt-2 inline-flex h-8 items-center rounded bg-[#0f6cbd] px-3 text-[13px] font-medium text-white hover:bg-[#004578] disabled:opacity-50">{taskLoading ? 'Verifying…' : 'Verify with latest evidence'}</button></div>}{task.status === 'VERIFIED' && <p className="mt-2 text-[13px] text-[#0e700e]">Verified against evidence SPR collected. The underlying finding is now marked resolved.</p>}</section>}[39m
[31m+         <div className="mt-4 flex flex-wrap gap-2"><button type="button" onClick={() => { setSelected(null); onNavigate('alerts'); }} disabled={!finding} className="inline-flex h-8 items-center gap-1.5 rounded bg-[#0f6cbd] px-3 text-[13px] font-medium text-white hover:bg-[#004578] disabled:opacity-50"><FileSearch className="h-3.5 w-3.5" /> Show evidence</button>{task ? <span className="inline-flex h-8 items-center rounded border border-[#c8c6c4] px-3 text-[13px] font-medium text-[#323130]">Task created</span> : <button type="button" onClick={() => void createTask()} disabled={!finding || taskLoading} className="inline-flex h-8 items-center rounded border border-[#c8c6c4] px-3 text-[13px] font-medium text-[#323130] hover:bg-black/[.03] disabled:opacity-50">{taskLoading ? 'Creating task…' : 'Create remediation task'}</button>}</div>[39m
[31m+       </div>[39m
[31m+     </div>}[39m
[31m+   </section>;[39m
[31m+ }[39m
[31m+[39m
[31m+ function Metric({ label, value, icon }: { label: string; value: number; icon: React.ReactNode }) { return <div className="flex items-center gap-1.5">{icon}<div><div className="text-[11px] text-[#605e5c]">{label}</div><div className="text-lg font-semibold text-[#201f1e]">{value}</div></div></div>; }[39m
[31m+ function Detail({ label, value }: { label: string; value: string }) { return <div className="rounded-md border border-[#e1dfdd] bg-[#faf9f8] p-3"><p className="text-[11px] font-semibold uppercase tracking-wide text-[#605e5c]">{label}</p><p className="mt-1 text-[13px] leading-5 text-[#201f1e]">{value}</p></div>; }[39m
[31m+ function formatStoredTime(value?: string | null) { return value ? new Date(value).toLocaleString() : 'Not observed'; }[39m
[31m+ function evidenceList(value?: string | null) { try { const parsed = JSON.parse(value || '[]'); return Array.isArray(parsed) ? parsed.filter((item): item is string => typeof item === 'string') : []; } catch { return []; } }[39m
[31m+[39m

[36m [2m❯[22m tests/trust-network-contract.test.ts:[2m88:15[22m[39m
    [90m 86| [39m  it('Evidence Coverage and Verification Coverage show "no data" state…
    [90m 87| [39m    [35mconst[39m s [33m=[39m [34msource[39m()[33m;[39m
    [90m 88| [39m    [34mexpect[39m(s)[33m.[39m[34mtoContain[39m([32m'evidenceCoverage.total > 0 ? ('[39m)[33m;[39m
    [90m   | [39m              [31m^[39m
    [90m 89| [39m    expect(s).toContain('No data — no evidence has been recorded yet.'…
    [90m 90| [39m    [34mexpect[39m(s)[33m.[39m[34mtoContain[39m([32m'softwareVerification.total > 0 ? ('[39m)[33m;[39m

[31m[2m⎯⎯⎯⎯⎯⎯⎯⎯⎯⎯⎯⎯⎯⎯⎯⎯⎯⎯⎯⎯[137/141]⎯[22m[39m

[41m[1m FAIL [22m[49m tests/trust-network-contract.test.ts[2m > [22mTrust Network never fabricates counts, scores, or history[2m > [22mRecent Observations comes only from real passport.timeline entries, with an honest empty state
[31m[1mAssertionError[22m: expected 'import React, { useEffect, useMemo, u…' to contain 'for (const entry of passport.timeline…'[39m

[32m- Expected[39m
[31m+ Received[39m

[32m- for (const entry of passport.timeline || [])[39m
[31m+ import React, { useEffect, useMemo, useState } from 'react';[39m
[31m+ import { AlertTriangle, ArrowRight, Building2, CheckCircle2, FileSearch, ShieldAlert, User, X } from 'lucide-react';[39m
[31m+ import { Alert, Client } from '../types';[39m
[31m+ import { apiFetch } from '../utils/apiClient';[39m
[31m+ import type { VerificationDecision } from '../lib/verification/evaluateVerification';[39m
[31m+[39m
[31m+ interface Props {[39m
[31m+   clients: Client[];[39m
[31m+   alerts: Alert[];[39m
[31m+   findings: any[];[39m
[31m+   role?: string;[39m
[31m+   onSelectClient: (id: string) => void;[39m
[31m+   onSelectPassport?: (passportId: string) => void;[39m
[31m+   onNavigate: (tab: string) => void;[39m
[31m+   verificationDecisions?: Record<string, VerificationDecision>;[39m
[31m+   verificationDetails?: Record<string, unknown>;[39m
[31m+ }[39m
[31m+[39m
[31m+ type Assignment = { id: string; client_id: string; technician_display: string; assigned_by: string; updated_at: string };[39m
[31m+ type TeamMember = { id: number; email: string; displayName?: string | null; role: string };[39m
[31m+[39m
[31m+ const severityClass = (severity: Alert['severity']) => severity === 'Critical'[39m
[31m+   ? 'border-[#a4262c]/30 bg-[#fdf2f2] text-[#a4262c]'[39m
[31m+   : severity === 'High' ? 'border-[#8a5700]/30 bg-[#fff4ce] text-[#8a5700]'[39m
[31m+   : 'border-[#0f6cbd]/30 bg-[#eff6fc] text-[#0f6cbd]';[39m
[31m+[39m
[31m+ export default function MSPCommandCenter({ clients, alerts, findings, role = 'Viewer', onSelectClient, onNavigate, onSelectPassport, verificationDecisions = {}, verificationDetails = {} }: Props) {[39m
[31m+   const [selected, setSelected] = useState<Alert | null>(null);[39m
[31m+   const [assignments, setAssignments] = useState<Assignment[]>([]);[39m
[31m+   const [team, setTeam] = useState<TeamMember[]>([]);[39m
[31m+   const [assigningClientId, setAssigningClientId] = useState<string | null>(null);[39m
[31m+   const canAssign = role === 'Owner' || role === 'Admin';[39m
[31m+   const trustStateFromDecision = (decision?: VerificationDecision) => decision?.state ?? 'UNINITIALIZED';[39m
[31m+   const trustStateForPassportItem = (item: { passportId: string }) => trustStateFromDecision(verificationDecisions?.[item.passportId]);[39m
[31m+   const selectPassport = (passportId: string) => { onSelectPassport?.(passportId); };[39m
[31m+   const passportDecision = (passport: { id: string }) => { const decision = verificationDecisions?.[passport.id]; return decision; };[39m
[31m+   void verificationDetails;[39m
[31m+[39m
[31m+   const loadAssignments = () => { apiFetch('/api/msp/assignments').then((r) => r.ok ? r.json() : null).then((data) => { if (Array.isArray(data?.assignments)) setAssignments(data.assignments); }).catch(() => {}); };[39m
[31m+   useEffect(() => { loadAssignments(); apiFetch('/api/organization/team').then((r) => r.ok ? r.json() : null).then((data) => { if (Array.isArray(data)) setTeam(data); }).catch(() => {}); }, []);[39m
[31m+[39m
[31m+   const assignmentByClient = useMemo(() => new Map(assignments.map((a) => [a.client_id, a])), [assignments]);[39m
[31m+   const assignTechnician = async (clientId: string, member: TeamMember) => {[39m
[31m+     const response = await apiFetch('/api/msp/assignments', { method: 'PUT', headers: { 'Content-Type': 'application/json' }, body: JSON.stringify({ clientId, technicianUserId: member.id, technicianDisplay: member.displayName || member.email }) });[39m
[31m+     if (response.ok) { loadAssignments(); setAssigningClientId(null); }[39m
[31m+   };[39m
[31m+   const unassignTechnician = async (clientId: string) => {[39m
[31m+     const response = await apiFetch(`/api/msp/assignments/${encodeURIComponent(clientId)}`, { method: 'DELETE' });[39m
[31m+     if (response.ok) loadAssignments();[39m
[31m+   };[39m
[31m+[39m
[31m+   const clientRiskRollup = useMemo(() => clients.map((client) => {[39m
[31m+     const clientAlerts = alerts.filter((a) => a.clientName === client.name);[39m
[31m+     const active = clientAlerts.filter((a) => a.status !== 'Resolved' && a.status !== 'Cancelled');[39m
[31m+     const critical = active.filter((a) => a.severity === 'Critical').length;[39m
[31m+     const high = active.filter((a) => a.severity === 'High').length;[39m
[31m+     return { client, activeCount: active.length, critical, high, assignment: assignmentByClient.get(client.id) };[39m
[31m+   }).sort((a, b) => (b.critical - a.critical) || (b.high - a.high) || (b.activeCount - a.activeCount)), [clients, alerts, assignmentByClient]);[39m
[31m+   // Sourced from the same /api/trust-loop/findings data App.tsx already fetched[39m
[31m+   // to build `alerts` -- no second network round trip for finding detail.[39m
[31m+   const finding = useMemo(() => selected ? findings.find((item: any) => String(item.id) === selected.id) || null : null, [selected?.id, findings]);[39m
[31m+   const findingError = selected && !finding ? 'Finding details are unavailable.' : null;[39m
[31m+   const [task, setTask] = useState<any | null>(null);[39m
[31m+   const [taskLoading, setTaskLoading] = useState(false);[39m
[31m+   const [taskError, setTaskError] = useState<string | null>(null);[39m
[31m+   const attention = useMemo(() => alerts.filter(item => item.status === 'Active').sort((a, b) => {[39m
[31m+     const rank = { Critical: 3, High: 2, Medium: 1, Low: 0 };[39m
[31m+     return rank[b.severity] - rank[a.severity];[39m
[31m+   }), [alerts]);[39m
[31m+   const criticalClients = new Set(attention.filter(item => item.severity === 'Critical').map(item => item.clientName)).size;[39m
[31m+   const attentionClients = new Set(attention.filter(item => item.severity !== 'Critical').map(item => item.clientName)).size;[39m
[31m+   // A remediation may already exist for this finding (created from the Alerts[39m
[31m+   // view via the same /api/trust-loop/remediations backend) -- load it by the[39m
[31m+   // id the findings join already gives us instead of scanning a task list.[39m
[31m+   useEffect(() => {[39m
[31m+     setTask(null); setTaskError(null);[39m
[31m+     if (!selected?.remediationId) return;[39m
[31m+     let cancelled = false;[39m
[31m+     apiFetch(`/api/trust-loop/remediations/${encodeURIComponent(selected.remediationId)}`).then(response => response.ok ? response.json() : null).then(data => { if (!cancelled && data) setTask(data); }).catch(() => {});[39m
[31m+     return () => { cancelled = true; };[39m
[31m+   }, [selected?.id, selected?.remediationId]);[39m
[31m+   const createTask = async () => {[39m
[31m+     if (!selected || !finding || taskLoading) return;[39m
[31m+     setTaskLoading(true); setTaskError(null);[39m
[31m+     try {[39m
[31m+       const response = await apiFetch('/api/trust-loop/remediations', {[39m
[31m+         method: 'POST', headers: { 'Content-Type': 'application/json' },[39m
[31m+         body: JSON.stringify({ findingId: selected.id, title: selected.title, description: selected.description, priority: selected.severity.toUpperCase() }),[39m
[31m+       });[39m
[31m+       const body = await response.json().catch(() => ({}));[39m
[31m+       if (!response.ok) throw new Error(body?.error || 'SPR could not create the remediation task.');[39m
[31m+       setTask(body);[39m
[31m+     } catch (cause: any) { setTaskError(cause?.message || 'SPR could not create the remediation task.'); }[39m
[31m+     finally { setTaskLoading(false); }[39m
[31m+   };[39m
[31m+   const transitionTask = async (status: 'IN_PROGRESS' | 'READY_FOR_VERIFICATION') => {[39m
[31m+     if (!task || taskLoading) return;[39m
[31m+     setTaskLoading(true); setTaskError(null);[39m
[31m+     try {[39m
[31m+       const response = await apiFetch(`/api/trust-loop/remediations/${encodeURIComponent(task.id)}`, { method: 'PATCH', headers: { 'Content-Type': 'application/json' }, body: JSON.stringify({ status }) });[39m
[31m+       const body = await response.json().catch(() => ({}));[39m
[31m+       if (!response.ok) throw new Error(body?.error || 'SPR could not update the task.');[39m
[31m+       setTask(body);[39m
[31m+     } catch (cause: any) { setTaskError(cause?.message || 'SPR could not update the task.'); }[39m
[31m+     finally { setTaskLoading(false); }[39m
[31m+   };[39m
[31m+   // Re-verifies against the most recent trust_observation SPR already has on[39m
[31m+   // file for this software -- there is no live "run a check now" job queue,[39m
[31m+   // so this is honestly a re-check of existing evidence, not a fresh scan.[39m
[31m+   const verifyWithLatestEvidence = async () => {[39m
[31m+     if (!task || taskLoading) return;[39m
[31m+     setTaskLoading(true); setTaskError(null);[39m
[31m+     try {[39m
[31m+       const response = await apiFetch(`/api/trust-loop/remediations/${encodeURIComponent(task.id)}/verify-latest`, { method: 'POST' });[39m
[31m+       const body = await response.json().catch(() => ({}));[39m
[31m+       if (!response.ok) throw new Error(body?.error || 'SPR could not verify this task against current evidence.');[39m
[31m+       setTask(body);[39m
[31m+     } catch (cause: any) { setTaskError(cause?.message || 'SPR could not verify this task against current evidence.'); }[39m
[31m+     finally { setTaskLoading(false); }[39m
[31m+   };[39m
[31m+[39m
[31m+   return <section id="msp-command-center" aria-labelledby="msp-command-center-title">[39m
[31m+     <div className="mb-4 flex flex-wrap items-center justify-between gap-3">[39m
[31m+       <div>[39m
[31m+         <h1 id="msp-command-center-title" className="text-[22px] font-semibold text-[#201f1e]">Who needs you today?</h1>[39m
[31m+         <p className="mt-1 text-[13px] text-[#605e5c]">Prioritized work from the evidence and findings SPR currently has on record. A closed task is not a verified fix.</p>[39m
[31m+       </div>[39m
[31m+       <button type="button" onClick={() => onNavigate('clients')} className="inline-flex h-8 items-center gap-1.5 rounded border border-[#c8c6c4] px-3 text-[13px] font-medium text-[#323130] hover:bg-black/[.03]">[39m
[31m+         View all clients <ArrowRight className="h-3.5 w-3.5" />[39m
[31m+       </button>[39m
[31m+     </div>[39m
[31m+[39m
[31m+     <div className="mb-4 flex flex-wrap gap-6 rounded-md border border-[#e1dfdd] bg-white p-3">[39m
[31m+       <Metric label="Clients" value={clients.length} icon={<Building2 className="h-3.5 w-3.5" />} />[39m
[31m+       <Metric label="Healthy" value={Math.max(0, clients.length - criticalClients - attentionClients)} icon={<CheckCircle2 className="h-3.5 w-3.5 text-[#0e700e]" />} />[39m
[31m+       <Metric label="Need attention" value={attentionClients} icon={<AlertTriangle className="h-3.5 w-3.5 text-[#8a5700]" />} />[39m
[31m+       <Metric label="Critical" value={criticalClients} icon={<ShieldAlert className="h-3.5 w-3.5 text-[#a4262c]" />} />[39m
[31m+     </div>[39m
[31m+[39m
[31m+     <div className="mb-4 rounded-md border border-[#e1dfdd] bg-white">[39m
[31m+       <div className="border-b border-[#e1dfdd] px-4 py-3"><h2 className="text-[14px] font-semibold text-[#201f1e]">Cross-client risk</h2><p className="mt-0.5 text-[12px] text-[#605e5c]">Every client ranked by active critical and high findings, with technician assignment.</p></div>[39m
[31m+       <div className="overflow-x-auto">[39m
[31m+         <table className="w-full min-w-[640px] text-left text-[13px]">[39m
[31m+           <thead className="border-b border-[#e1dfdd] text-[11px] uppercase tracking-wide text-[#605e5c]"><tr><th className="px-4 py-2">Client</th><th className="px-4 py-2">Critical</th><th className="px-4 py-2">High</th><th className="px-4 py-2">Active findings</th><th className="px-4 py-2">Assigned technician</th></tr></thead>[39m
[31m+           <tbody>[39m
[31m+             {clientRiskRollup.map(({ client, activeCount, critical, high, assignment }) => ([39m
[31m+               <tr key={client.id} className="border-b border-[#f3f2f1] hover:bg-black/[.02]">[39m
[31m+                 <td className="px-4 py-2.5 font-medium text-[#201f1e]">{client.name}</td>[39m
[31m+                 <td className="px-4 py-2.5">{critical > 0 ? <span className="rounded border border-[#a4262c]/30 bg-[#fdf2f2] px-1.5 py-0.5 text-[11px] font-semibold text-[#a4262c]">{critical}</span> : <span className="text-[#8a8886]">0</span>}</td>[39m
[31m+                 <td className="px-4 py-2.5">{high > 0 ? <span className="rounded border border-[#8a5700]/30 bg-[#fff4ce] px-1.5 py-0.5 text-[11px] font-semibold text-[#8a5700]">{high}</span> : <span className="text-[#8a8886]">0</span>}</td>[39m
[31m+                 <td className="px-4 py-2.5 text-[#323130]">{activeCount}</td>[39m
[31m+                 <td className="px-4 py-2.5">[39m
[31m+                   {assigningClientId === client.id ? ([39m
[31m+                     <select autoFocus onBlur={() => setAssigningClientId(null)} onChange={(e) => { const member = team.find((m) => String(m.id) === e.target.value); if (member) void assignTechnician(client.id, member); }} className="h-8 rounded border border-[#c8c6c4] bg-white px-2 text-[12px] text-[#201f1e] focus:border-[#0f6cbd] focus:outline-none focus:ring-1 focus:ring-[#0f6cbd]">[39m
[31m+                       <option value="">Select technician…</option>[39m
[31m+                       {team.map((member) => <option key={member.id} value={member.id}>{member.displayName || member.email}</option>)}[39m
[31m+                     </select>[39m
[31m+                   ) : assignment ? ([39m
[31m+                     <div className="flex items-center gap-2 text-[12px] text-[#323130]"><User className="h-3 w-3 text-[#8a8886]" />{assignment.technician_display}[39m
[31m+                       {canAssign && <button type="button" onClick={() => void unassignTechnician(client.id)} className="text-[#8a8886] hover:text-[#a4262c]">×</button>}[39m
[31m+                       {canAssign && <button type="button" onClick={() => setAssigningClientId(client.id)} className="text-[#0f6cbd] hover:text-[#004578]">change</button>}[39m
[31m+                     </div>[39m
[31m+                   ) : canAssign ? ([39m
[31m+                     <button type="button" onClick={() => setAssigningClientId(client.id)} className="rounded border border-[#c8c6c4] px-2 py-1 text-[12px] text-[#605e5c] hover:bg-black/[.03]">Assign…</button>[39m
[31m+                   ) : <span className="text-[12px] text-[#8a8886]">Unassigned</span>}[39m
[31m+                 </td>[39m
[31m+               </tr>[39m
[31m+             ))}[39m
[31m+           </tbody>[39m
[31m+         </table>[39m
[31m+       </div>[39m
[31m+     </div>[39m
[31m+[39m
[31m+     <div className="rounded-md border border-[#e1dfdd] bg-white">[39m
[31m+       <div className="flex flex-col gap-2 border-b border-[#e1dfdd] px-4 py-3 sm:flex-row sm:items-center sm:justify-between">[39m
[31m+         <div><h2 className="text-[14px] font-semibold text-[#201f1e]">Clients needing action</h2><p className="mt-0.5 text-[12px] text-[#605e5c]">Most urgent first, based on active recorded findings.</p></div>[39m
[31m+         <span className="w-fit rounded border border-[#c8c6c4] bg-[#faf9f8] px-2 py-0.5 text-[11px] font-medium text-[#605e5c]">{attention.length} active findings</span>[39m
[31m+       </div>[39m
[31m+       {attention.length ? <div>[39m
[31m+         {attention.map(alert => {[39m
[31m+           const client = clients.find(item => item.name === alert.clientName);[39m
[31m+           return <article key={alert.id} className="grid gap-3 border-b border-[#f3f2f1] px-4 py-3 last:border-b-0 lg:grid-cols-[minmax(180px,0.8fr)_minmax(260px,1.5fr)_auto] lg:items-center">[39m
[31m+             <div>[39m
[31m+               <p className="font-medium text-[#201f1e]">{alert.clientName}</p>[39m
[31m+               <p className="mt-0.5 text-[11px] text-[#8a8886]">Observed {alert.timestamp}</p>[39m
[31m+             </div>[39m
[31m+             <div>[39m
[31m+               <div className="mb-1.5 flex flex-wrap gap-1.5"><span className={`rounded border px-1.5 py-0.5 text-[11px] font-semibold ${severityClass(alert.severity)}`}>{alert.severity}</span><span className="rounded bg-[#f3f2f1] px-1.5 py-0.5 text-[11px] text-[#605e5c]">{alert.category}</span></div>[39m
[31m+               <p className="text-[13px] font-medium text-[#201f1e]">{alert.title}</p><p className="mt-0.5 text-[12px] leading-5 text-[#605e5c]">{alert.description}</p>[39m
[31m+             </div>[39m
[31m+             <div className="flex gap-2 lg:flex-col"><button type="button" onClick={() => setSelected(alert)} className="inline-flex h-8 items-center justify-center gap-1.5 rounded bg-[#0f6cbd] px-3 text-[13px] font-medium text-white hover:bg-[#004578]">Investigate <ArrowRight className="h-3.5 w-3.5" /></button>{client && <button type="button" onClick={() => onSelectClient(client.id)} className="h-8 rounded border border-[#c8c6c4] px-3 text-[13px] font-medium text-[#323130] hover:bg-black/[.03]">Client</button>}</div>[39m
[31m+           </article>;[39m
[31m+         })}[39m
[31m+       </div> : <div className="px-6 py-10 text-center"><CheckCircle2 className="mx-auto h-6 w-6 text-[#0e700e]" /><h3 className="mt-2 text-[13px] font-semibold text-[#201f1e]">No clients need attention</h3><p className="mt-1 text-[12px] text-[#605e5c]">Your monitored clients currently have no active recorded findings requiring action.</p></div>}[39m
[31m+     </div>[39m
[31m+[39m
[31m+     {selected && <div className="fixed inset-0 z-50 flex items-end bg-black/40 p-0 md:items-center md:justify-center md:p-6" role="dialog" aria-modal="true" aria-labelledby="finding-title">[39m
[31m+       <div className="max-h-[92vh] w-full max-w-2xl overflow-y-auto rounded-t-md border border-[#e1dfdd] bg-white p-5 md:rounded-md"><div className="flex items-start justify-between gap-4"><div><p className="text-[11px] font-semibold uppercase tracking-wide text-[#605e5c]">Finding detail · Explain this</p><h2 id="finding-title" className="mt-1 text-[18px] font-semibold text-[#201f1e]">{selected.title}</h2></div><button type="button" onClick={() => setSelected(null)} aria-label="Close finding" className="rounded p-1.5 text-[#605e5c] hover:bg-black/[.05]"><X className="h-4 w-4" /></button></div>[39m
[31m+         {findingError && <div role="alert" className="mt-4 rounded-md border border-[#a4262c]/30 bg-[#fdf2f2] p-3 text-[13px] text-[#a4262c]"><p className="font-semibold">Finding detail unavailable</p><p className="mt-0.5">{findingError}</p></div>}[39m
[31m+         {finding && <><div className="mt-4 grid gap-3 sm:grid-cols-2"><Detail label="Client" value={selected.clientName} /><Detail label="Severity and status" value={`${finding.severity} — ${finding.status}`} /><Detail label="First observed" value={formatStoredTime(finding.created_at)} /><Detail label="Last observed" value={formatStoredTime(finding.updated_at)} /></div>[39m
[31m+         <section className="mt-3 rounded-md border border-[#e1dfdd] bg-[#faf9f8] p-3"><h3 className="text-[13px] font-semibold text-[#201f1e]">Observed</h3><p className="mt-1 text-[13px] leading-6 text-[#323130]">{finding.description || 'No observation description is available.'}</p></section><div className="mt-3 grid gap-3 sm:grid-cols-2"><Detail label="Why it matters" value="Review this recorded finding with its evidence before choosing remediation." /><Detail label="What you can do" value="Create a remediation task, then collect a new observation before treating the finding as resolved." /></div>[39m
[31m+         <section className="mt-3 rounded-md border border-[#e1dfdd] bg-[#faf9f8] p-3"><h3 className="text-[13px] font-semibold text-[#201f1e]">Evidence chain</h3><p className="mt-0.5 text-[11px] text-[#8a8886]">Finding → observed artifact → source evidence → verification time</p>{evidenceList(finding.evidence_ids).length ? <ul className="mt-3 space-y-1.5">{evidenceList(finding.evidence_ids).map((id: string) => <li key={id} className="rounded border border-[#e1dfdd] bg-white px-2.5 py-1.5 font-mono text-[11px] text-[#323130]">Evidence reference: {id}</li>)}</ul> : <p className="mt-3 text-[13px] text-[#605e5c]">Evidence unavailable. This finding has no stored evidence references.</p>}</section></>}[39m
[31m+         {taskError && <p role="alert" className="mt-3 text-[13px] text-[#a4262c]">{taskError}</p>}[39m
[31m+         {task && <section className="mt-3 rounded-md border border-[#0f6cbd]/30 bg-[#eff6fc] p-3"><p className="text-[11px] font-semibold uppercase tracking-wide text-[#0f6cbd]">Remediation task</p><p className="mt-1 text-[13px] font-semibold text-[#201f1e]">{task.title}</p><p className="mt-0.5 text-[12px] text-[#323130]">{task.status.replaceAll('_', ' ')} · created {formatStoredTime(task.created_at)}</p>{task.status === 'OPEN' && <button type="button" onClick={() => void transitionTask('IN_PROGRESS')} disabled={taskLoading} className="mt-3 inline-flex h-8 items-center rounded bg-[#0f6cbd] px-3 text-[13px] font-medium text-white hover:bg-[#004578] disabled:opacity-50">{taskLoading ? 'Updating task…' : 'Start remediation'}</button>}{task.status === 'IN_PROGRESS' && <button type="button" onClick={() => void transitionTask('READY_FOR_VERIFICATION')} disabled={taskLoading} className="mt-3 inline-flex h-8 items-center rounded bg-[#0f6cbd] px-3 text-[13px] font-medium text-white hover:bg-[#004578] disabled:opacity-50">{taskLoading ? 'Updating task…' : 'Mark ready for verification'}</button>}{task.status === 'READY_FOR_VERIFICATION' && <div className="mt-2"><p className="text-[13px] text-[#8a5700]">Remediation marked complete. Verification required.</p><p className="mt-0.5 text-[11px] text-[#605e5c]">Re-checks the most recent evidence SPR already has on file for this software — this is not a live scan.</p><button type="button" onClick={() => void verifyWithLatestEvidence()} disabled={taskLoading} className="mt-2 inline-flex h-8 items-center rounded bg-[#0f6cbd] px-3 text-[13px] font-medium text-white hover:bg-[#004578] disabled:opacity-50">{taskLoading ? 'Verifying…' : 'Verify with latest evidence'}</button></div>}{task.status === 'VERIFIED' && <p className="mt-2 text-[13px] text-[#0e700e]">Verified against evidence SPR collected. The underlying finding is now marked resolved.</p>}</section>}[39m
[31m+         <div className="mt-4 flex flex-wrap gap-2"><button type="button" onClick={() => { setSelected(null); onNavigate('alerts'); }} disabled={!finding} className="inline-flex h-8 items-center gap-1.5 rounded bg-[#0f6cbd] px-3 text-[13px] font-medium text-white hover:bg-[#004578] disabled:opacity-50"><FileSearch className="h-3.5 w-3.5" /> Show evidence</button>{task ? <span className="inline-flex h-8 items-center rounded border border-[#c8c6c4] px-3 text-[13px] font-medium text-[#323130]">Task created</span> : <button type="button" onClick={() => void createTask()} disabled={!finding || taskLoading} className="inline-flex h-8 items-center rounded border border-[#c8c6c4] px-3 text-[13px] font-medium text-[#323130] hover:bg-black/[.03] disabled:opacity-50">{taskLoading ? 'Creating task…' : 'Create remediation task'}</button>}</div>[39m
[31m+       </div>[39m
[31m+     </div>}[39m
[31m+   </section>;[39m
[31m+ }[39m
[31m+[39m
[31m+ function Metric({ label, value, icon }: { label: string; value: number; icon: React.ReactNode }) { return <div className="flex items-center gap-1.5">{icon}<div><div className="text-[11px] text-[#605e5c]">{label}</div><div className="text-lg font-semibold text-[#201f1e]">{value}</div></div></div>; }[39m
[31m+ function Detail({ label, value }: { label: string; value: string }) { return <div className="rounded-md border border-[#e1dfdd] bg-[#faf9f8] p-3"><p className="text-[11px] font-semibold uppercase tracking-wide text-[#605e5c]">{label}</p><p className="mt-1 text-[13px] leading-5 text-[#201f1e]">{value}</p></div>; }[39m
[31m+ function formatStoredTime(value?: string | null) { return value ? new Date(value).toLocaleString() : 'Not observed'; }[39m
[31m+ function evidenceList(value?: string | null) { try { const parsed = JSON.parse(value || '[]'); return Array.isArray(parsed) ? parsed.filter((item): item is string => typeof item === 'string') : []; } catch { return []; } }[39m
[31m+[39m

[36m [2m❯[22m tests/trust-network-contract.test.ts:[2m96:15[22m[39m
    [90m 94| [39m  it('Recent Observations comes only from real passport.timeline entri…
    [90m 95| [39m    [35mconst[39m s [33m=[39m [34msource[39m()[33m;[39m
    [90m 96| [39m    expect(s).toContain('for (const entry of passport.timeline || [])'…
    [90m   | [39m              [31m^[39m
    [90m 97| [39m    [34mexpect[39m(s)[33m.[39m[34mtoContain[39m([32m'No recorded observations yet.'[39m)[33m;[39m
    [90m 98| [39m  })[33m;[39m

[31m[2m⎯⎯⎯⎯⎯⎯⎯⎯⎯⎯⎯⎯⎯⎯⎯⎯⎯⎯⎯⎯[138/141]⎯[22m[39m

[41m[1m FAIL [22m[49m tests/trust-network-contract.test.ts[2m > [22mTrust Network never fabricates counts, scores, or history[2m > [22mthe Trust Network map is built from each client's real softwareInventory joined to real passport verification state, with an honest fallback for unresolved software
[31m[1mAssertionError[22m: expected 'import React, { useEffect, useMemo, u…' to contain 'client.softwareInventory || []'[39m

[32m- Expected[39m
[31m+ Received[39m

[32m- client.softwareInventory || [][39m
[31m+ import React, { useEffect, useMemo, useState } from 'react';[39m
[31m+ import { AlertTriangle, ArrowRight, Building2, CheckCircle2, FileSearch, ShieldAlert, User, X } from 'lucide-react';[39m
[31m+ import { Alert, Client } from '../types';[39m
[31m+ import { apiFetch } from '../utils/apiClient';[39m
[31m+ import type { VerificationDecision } from '../lib/verification/evaluateVerification';[39m
[31m+[39m
[31m+ interface Props {[39m
[31m+   clients: Client[];[39m
[31m+   alerts: Alert[];[39m
[31m+   findings: any[];[39m
[31m+   role?: string;[39m
[31m+   onSelectClient: (id: string) => void;[39m
[31m+   onSelectPassport?: (passportId: string) => void;[39m
[31m+   onNavigate: (tab: string) => void;[39m
[31m+   verificationDecisions?: Record<string, VerificationDecision>;[39m
[31m+   verificationDetails?: Record<string, unknown>;[39m
[31m+ }[39m
[31m+[39m
[31m+ type Assignment = { id: string; client_id: string; technician_display: string; assigned_by: string; updated_at: string };[39m
[31m+ type TeamMember = { id: number; email: string; displayName?: string | null; role: string };[39m
[31m+[39m
[31m+ const severityClass = (severity: Alert['severity']) => severity === 'Critical'[39m
[31m+   ? 'border-[#a4262c]/30 bg-[#fdf2f2] text-[#a4262c]'[39m
[31m+   : severity === 'High' ? 'border-[#8a5700]/30 bg-[#fff4ce] text-[#8a5700]'[39m
[31m+   : 'border-[#0f6cbd]/30 bg-[#eff6fc] text-[#0f6cbd]';[39m
[31m+[39m
[31m+ export default function MSPCommandCenter({ clients, alerts, findings, role = 'Viewer', onSelectClient, onNavigate, onSelectPassport, verificationDecisions = {}, verificationDetails = {} }: Props) {[39m
[31m+   const [selected, setSelected] = useState<Alert | null>(null);[39m
[31m+   const [assignments, setAssignments] = useState<Assignment[]>([]);[39m
[31m+   const [team, setTeam] = useState<TeamMember[]>([]);[39m
[31m+   const [assigningClientId, setAssigningClientId] = useState<string | null>(null);[39m
[31m+   const canAssign = role === 'Owner' || role === 'Admin';[39m
[31m+   const trustStateFromDecision = (decision?: VerificationDecision) => decision?.state ?? 'UNINITIALIZED';[39m
[31m+   const trustStateForPassportItem = (item: { passportId: string }) => trustStateFromDecision(verificationDecisions?.[item.passportId]);[39m
[31m+   const selectPassport = (passportId: string) => { onSelectPassport?.(passportId); };[39m
[31m+   const passportDecision = (passport: { id: string }) => { const decision = verificationDecisions?.[passport.id]; return decision; };[39m
[31m+   void verificationDetails;[39m
[31m+[39m
[31m+   const loadAssignments = () => { apiFetch('/api/msp/assignments').then((r) => r.ok ? r.json() : null).then((data) => { if (Array.isArray(data?.assignments)) setAssignments(data.assignments); }).catch(() => {}); };[39m
[31m+   useEffect(() => { loadAssignments(); apiFetch('/api/organization/team').then((r) => r.ok ? r.json() : null).then((data) => { if (Array.isArray(data)) setTeam(data); }).catch(() => {}); }, []);[39m
[31m+[39m
[31m+   const assignmentByClient = useMemo(() => new Map(assignments.map((a) => [a.client_id, a])), [assignments]);[39m
[31m+   const assignTechnician = async (clientId: string, member: TeamMember) => {[39m
[31m+     const response = await apiFetch('/api/msp/assignments', { method: 'PUT', headers: { 'Content-Type': 'application/json' }, body: JSON.stringify({ clientId, technicianUserId: member.id, technicianDisplay: member.displayName || member.email }) });[39m
[31m+     if (response.ok) { loadAssignments(); setAssigningClientId(null); }[39m
[31m+   };[39m
[31m+   const unassignTechnician = async (clientId: string) => {[39m
[31m+     const response = await apiFetch(`/api/msp/assignments/${encodeURIComponent(clientId)}`, { method: 'DELETE' });[39m
[31m+     if (response.ok) loadAssignments();[39m
[31m+   };[39m
[31m+[39m
[31m+   const clientRiskRollup = useMemo(() => clients.map((client) => {[39m
[31m+     const clientAlerts = alerts.filter((a) => a.clientName === client.name);[39m
[31m+     const active = clientAlerts.filter((a) => a.status !== 'Resolved' && a.status !== 'Cancelled');[39m
[31m+     const critical = active.filter((a) => a.severity === 'Critical').length;[39m
[31m+     const high = active.filter((a) => a.severity === 'High').length;[39m
[31m+     return { client, activeCount: active.length, critical, high, assignment: assignmentByClient.get(client.id) };[39m
[31m+   }).sort((a, b) => (b.critical - a.critical) || (b.high - a.high) || (b.activeCount - a.activeCount)), [clients, alerts, assignmentByClient]);[39m
[31m+   // Sourced from the same /api/trust-loop/findings data App.tsx already fetched[39m
[31m+   // to build `alerts` -- no second network round trip for finding detail.[39m
[31m+   const finding = useMemo(() => selected ? findings.find((item: any) => String(item.id) === selected.id) || null : null, [selected?.id, findings]);[39m
[31m+   const findingError = selected && !finding ? 'Finding details are unavailable.' : null;[39m
[31m+   const [task, setTask] = useState<any | null>(null);[39m
[31m+   const [taskLoading, setTaskLoading] = useState(false);[39m
[31m+   const [taskError, setTaskError] = useState<string | null>(null);[39m
[31m+   const attention = useMemo(() => alerts.filter(item => item.status === 'Active').sort((a, b) => {[39m
[31m+     const rank = { Critical: 3, High: 2, Medium: 1, Low: 0 };[39m
[31m+     return rank[b.severity] - rank[a.severity];[39m
[31m+   }), [alerts]);[39m
[31m+   const criticalClients = new Set(attention.filter(item => item.severity === 'Critical').map(item => item.clientName)).size;[39m
[31m+   const attentionClients = new Set(attention.filter(item => item.severity !== 'Critical').map(item => item.clientName)).size;[39m
[31m+   // A remediation may already exist for this finding (created from the Alerts[39m
[31m+   // view via the same /api/trust-loop/remediations backend) -- load it by the[39m
[31m+   // id the findings join already gives us instead of scanning a task list.[39m
[31m+   useEffect(() => {[39m
[31m+     setTask(null); setTaskError(null);[39m
[31m+     if (!selected?.remediationId) return;[39m
[31m+     let cancelled = false;[39m
[31m+     apiFetch(`/api/trust-loop/remediations/${encodeURIComponent(selected.remediationId)}`).then(response => response.ok ? response.json() : null).then(data => { if (!cancelled && data) setTask(data); }).catch(() => {});[39m
[31m+     return () => { cancelled = true; };[39m
[31m+   }, [selected?.id, selected?.remediationId]);[39m
[31m+   const createTask = async () => {[39m
[31m+     if (!selected || !finding || taskLoading) return;[39m
[31m+     setTaskLoading(true); setTaskError(null);[39m
[31m+     try {[39m
[31m+       const response = await apiFetch('/api/trust-loop/remediations', {[39m
[31m+         method: 'POST', headers: { 'Content-Type': 'application/json' },[39m
[31m+         body: JSON.stringify({ findingId: selected.id, title: selected.title, description: selected.description, priority: selected.severity.toUpperCase() }),[39m
[31m+       });[39m
[31m+       const body = await response.json().catch(() => ({}));[39m
[31m+       if (!response.ok) throw new Error(body?.error || 'SPR could not create the remediation task.');[39m
[31m+       setTask(body);[39m
[31m+     } catch (cause: any) { setTaskError(cause?.message || 'SPR could not create the remediation task.'); }[39m
[31m+     finally { setTaskLoading(false); }[39m
[31m+   };[39m
[31m+   const transitionTask = async (status: 'IN_PROGRESS' | 'READY_FOR_VERIFICATION') => {[39m
[31m+     if (!task || taskLoading) return;[39m
[31m+     setTaskLoading(true); setTaskError(null);[39m
[31m+     try {[39m
[31m+       const response = await apiFetch(`/api/trust-loop/remediations/${encodeURIComponent(task.id)}`, { method: 'PATCH', headers: { 'Content-Type': 'application/json' }, body: JSON.stringify({ status }) });[39m
[31m+       const body = await response.json().catch(() => ({}));[39m
[31m+       if (!response.ok) throw new Error(body?.error || 'SPR could not update the task.');[39m
[31m+       setTask(body);[39m
[31m+     } catch (cause: any) { setTaskError(cause?.message || 'SPR could not update the task.'); }[39m
[31m+     finally { setTaskLoading(false); }[39m
[31m+   };[39m
[31m+   // Re-verifies against the most recent trust_observation SPR already has on[39m
[31m+   // file for this software -- there is no live "run a check now" job queue,[39m
[31m+   // so this is honestly a re-check of existing evidence, not a fresh scan.[39m
[31m+   const verifyWithLatestEvidence = async () => {[39m
[31m+     if (!task || taskLoading) return;[39m
[31m+     setTaskLoading(true); setTaskError(null);[39m
[31m+     try {[39m
[31m+       const response = await apiFetch(`/api/trust-loop/remediations/${encodeURIComponent(task.id)}/verify-latest`, { method: 'POST' });[39m
[31m+       const body = await response.json().catch(() => ({}));[39m
[31m+       if (!response.ok) throw new Error(body?.error || 'SPR could not verify this task against current evidence.');[39m
[31m+       setTask(body);[39m
[31m+     } catch (cause: any) { setTaskError(cause?.message || 'SPR could not verify this task against current evidence.'); }[39m
[31m+     finally { setTaskLoading(false); }[39m
[31m+   };[39m
[31m+[39m
[31m+   return <section id="msp-command-center" aria-labelledby="msp-command-center-title">[39m
[31m+     <div className="mb-4 flex flex-wrap items-center justify-between gap-3">[39m
[31m+       <div>[39m
[31m+         <h1 id="msp-command-center-title" className="text-[22px] font-semibold text-[#201f1e]">Who needs you today?</h1>[39m
[31m+         <p className="mt-1 text-[13px] text-[#605e5c]">Prioritized work from the evidence and findings SPR currently has on record. A closed task is not a verified fix.</p>[39m
[31m+       </div>[39m
[31m+       <button type="button" onClick={() => onNavigate('clients')} className="inline-flex h-8 items-center gap-1.5 rounded border border-[#c8c6c4] px-3 text-[13px] font-medium text-[#323130] hover:bg-black/[.03]">[39m
[31m+         View all clients <ArrowRight className="h-3.5 w-3.5" />[39m
[31m+       </button>[39m
[31m+     </div>[39m
[31m+[39m
[31m+     <div className="mb-4 flex flex-wrap gap-6 rounded-md border border-[#e1dfdd] bg-white p-3">[39m
[31m+       <Metric label="Clients" value={clients.length} icon={<Building2 className="h-3.5 w-3.5" />} />[39m
[31m+       <Metric label="Healthy" value={Math.max(0, clients.length - criticalClients - attentionClients)} icon={<CheckCircle2 className="h-3.5 w-3.5 text-[#0e700e]" />} />[39m
[31m+       <Metric label="Need attention" value={attentionClients} icon={<AlertTriangle className="h-3.5 w-3.5 text-[#8a5700]" />} />[39m
[31m+       <Metric label="Critical" value={criticalClients} icon={<ShieldAlert className="h-3.5 w-3.5 text-[#a4262c]" />} />[39m
[31m+     </div>[39m
[31m+[39m
[31m+     <div className="mb-4 rounded-md border border-[#e1dfdd] bg-white">[39m
[31m+       <div className="border-b border-[#e1dfdd] px-4 py-3"><h2 className="text-[14px] font-semibold text-[#201f1e]">Cross-client risk</h2><p className="mt-0.5 text-[12px] text-[#605e5c]">Every client ranked by active critical and high findings, with technician assignment.</p></div>[39m
[31m+       <div className="overflow-x-auto">[39m
[31m+         <table className="w-full min-w-[640px] text-left text-[13px]">[39m
[31m+           <thead className="border-b border-[#e1dfdd] text-[11px] uppercase tracking-wide text-[#605e5c]"><tr><th className="px-4 py-2">Client</th><th className="px-4 py-2">Critical</th><th className="px-4 py-2">High</th><th className="px-4 py-2">Active findings</th><th className="px-4 py-2">Assigned technician</th></tr></thead>[39m
[31m+           <tbody>[39m
[31m+             {clientRiskRollup.map(({ client, activeCount, critical, high, assignment }) => ([39m
[31m+               <tr key={client.id} className="border-b border-[#f3f2f1] hover:bg-black/[.02]">[39m
[31m+                 <td className="px-4 py-2.5 font-medium text-[#201f1e]">{client.name}</td>[39m
[31m+                 <td className="px-4 py-2.5">{critical > 0 ? <span className="rounded border border-[#a4262c]/30 bg-[#fdf2f2] px-1.5 py-0.5 text-[11px] font-semibold text-[#a4262c]">{critical}</span> : <span className="text-[#8a8886]">0</span>}</td>[39m
[31m+                 <td className="px-4 py-2.5">{high > 0 ? <span className="rounded border border-[#8a5700]/30 bg-[#fff4ce] px-1.5 py-0.5 text-[11px] font-semibold text-[#8a5700]">{high}</span> : <span className="text-[#8a8886]">0</span>}</td>[39m
[31m+                 <td className="px-4 py-2.5 text-[#323130]">{activeCount}</td>[39m
[31m+                 <td className="px-4 py-2.5">[39m
[31m+                   {assigningClientId === client.id ? ([39m
[31m+                     <select autoFocus onBlur={() => setAssigningClientId(null)} onChange={(e) => { const member = team.find((m) => String(m.id) === e.target.value); if (member) void assignTechnician(client.id, member); }} className="h-8 rounded border border-[#c8c6c4] bg-white px-2 text-[12px] text-[#201f1e] focus:border-[#0f6cbd] focus:outline-none focus:ring-1 focus:ring-[#0f6cbd]">[39m
[31m+                       <option value="">Select technician…</option>[39m
[31m+                       {team.map((member) => <option key={member.id} value={member.id}>{member.displayName || member.email}</option>)}[39m
[31m+                     </select>[39m
[31m+                   ) : assignment ? ([39m
[31m+                     <div className="flex items-center gap-2 text-[12px] text-[#323130]"><User className="h-3 w-3 text-[#8a8886]" />{assignment.technician_display}[39m
[31m+                       {canAssign && <button type="button" onClick={() => void unassignTechnician(client.id)} className="text-[#8a8886] hover:text-[#a4262c]">×</button>}[39m
[31m+                       {canAssign && <button type="button" onClick={() => setAssigningClientId(client.id)} className="text-[#0f6cbd] hover:text-[#004578]">change</button>}[39m
[31m+                     </div>[39m
[31m+                   ) : canAssign ? ([39m
[31m+                     <button type="button" onClick={() => setAssigningClientId(client.id)} className="rounded border border-[#c8c6c4] px-2 py-1 text-[12px] text-[#605e5c] hover:bg-black/[.03]">Assign…</button>[39m
[31m+                   ) : <span className="text-[12px] text-[#8a8886]">Unassigned</span>}[39m
[31m+                 </td>[39m
[31m+               </tr>[39m
[31m+             ))}[39m
[31m+           </tbody>[39m
[31m+         </table>[39m
[31m+       </div>[39m
[31m+     </div>[39m
[31m+[39m
[31m+     <div className="rounded-md border border-[#e1dfdd] bg-white">[39m
[31m+       <div className="flex flex-col gap-2 border-b border-[#e1dfdd] px-4 py-3 sm:flex-row sm:items-center sm:justify-between">[39m
[31m+         <div><h2 className="text-[14px] font-semibold text-[#201f1e]">Clients needing action</h2><p className="mt-0.5 text-[12px] text-[#605e5c]">Most urgent first, based on active recorded findings.</p></div>[39m
[31m+         <span className="w-fit rounded border border-[#c8c6c4] bg-[#faf9f8] px-2 py-0.5 text-[11px] font-medium text-[#605e5c]">{attention.length} active findings</span>[39m
[31m+       </div>[39m
[31m+       {attention.length ? <div>[39m
[31m+         {attention.map(alert => {[39m
[31m+           const client = clients.find(item => item.name === alert.clientName);[39m
[31m+           return <article key={alert.id} className="grid gap-3 border-b border-[#f3f2f1] px-4 py-3 last:border-b-0 lg:grid-cols-[minmax(180px,0.8fr)_minmax(260px,1.5fr)_auto] lg:items-center">[39m
[31m+             <div>[39m
[31m+               <p className="font-medium text-[#201f1e]">{alert.clientName}</p>[39m
[31m+               <p className="mt-0.5 text-[11px] text-[#8a8886]">Observed {alert.timestamp}</p>[39m
[31m+             </div>[39m
[31m+             <div>[39m
[31m+               <div className="mb-1.5 flex flex-wrap gap-1.5"><span className={`rounded border px-1.5 py-0.5 text-[11px] font-semibold ${severityClass(alert.severity)}`}>{alert.severity}</span><span className="rounded bg-[#f3f2f1] px-1.5 py-0.5 text-[11px] text-[#605e5c]">{alert.category}</span></div>[39m
[31m+               <p className="text-[13px] font-medium text-[#201f1e]">{alert.title}</p><p className="mt-0.5 text-[12px] leading-5 text-[#605e5c]">{alert.description}</p>[39m
[31m+             </div>[39m
[31m+             <div className="flex gap-2 lg:flex-col"><button type="button" onClick={() => setSelected(alert)} className="inline-flex h-8 items-center justify-center gap-1.5 rounded bg-[#0f6cbd] px-3 text-[13px] font-medium text-white hover:bg-[#004578]">Investigate <ArrowRight className="h-3.5 w-3.5" /></button>{client && <button type="button" onClick={() => onSelectClient(client.id)} className="h-8 rounded border border-[#c8c6c4] px-3 text-[13px] font-medium text-[#323130] hover:bg-black/[.03]">Client</button>}</div>[39m
[31m+           </article>;[39m
[31m+         })}[39m
[31m+       </div> : <div className="px-6 py-10 text-center"><CheckCircle2 className="mx-auto h-6 w-6 text-[#0e700e]" /><h3 className="mt-2 text-[13px] font-semibold text-[#201f1e]">No clients need attention</h3><p className="mt-1 text-[12px] text-[#605e5c]">Your monitored clients currently have no active recorded findings requiring action.</p></div>}[39m
[31m+     </div>[39m
[31m+[39m
[31m+     {selected && <div className="fixed inset-0 z-50 flex items-end bg-black/40 p-0 md:items-center md:justify-center md:p-6" role="dialog" aria-modal="true" aria-labelledby="finding-title">[39m
[31m+       <div className="max-h-[92vh] w-full max-w-2xl overflow-y-auto rounded-t-md border border-[#e1dfdd] bg-white p-5 md:rounded-md"><div className="flex items-start justify-between gap-4"><div><p className="text-[11px] font-semibold uppercase tracking-wide text-[#605e5c]">Finding detail · Explain this</p><h2 id="finding-title" className="mt-1 text-[18px] font-semibold text-[#201f1e]">{selected.title}</h2></div><button type="button" onClick={() => setSelected(null)} aria-label="Close finding" className="rounded p-1.5 text-[#605e5c] hover:bg-black/[.05]"><X className="h-4 w-4" /></button></div>[39m
[31m+         {findingError && <div role="alert" className="mt-4 rounded-md border border-[#a4262c]/30 bg-[#fdf2f2] p-3 text-[13px] text-[#a4262c]"><p className="font-semibold">Finding detail unavailable</p><p className="mt-0.5">{findingError}</p></div>}[39m
[31m+         {finding && <><div className="mt-4 grid gap-3 sm:grid-cols-2"><Detail label="Client" value={selected.clientName} /><Detail label="Severity and status" value={`${finding.severity} — ${finding.status}`} /><Detail label="First observed" value={formatStoredTime(finding.created_at)} /><Detail label="Last observed" value={formatStoredTime(finding.updated_at)} /></div>[39m
[31m+         <section className="mt-3 rounded-md border border-[#e1dfdd] bg-[#faf9f8] p-3"><h3 className="text-[13px] font-semibold text-[#201f1e]">Observed</h3><p className="mt-1 text-[13px] leading-6 text-[#323130]">{finding.description || 'No observation description is available.'}</p></section><div className="mt-3 grid gap-3 sm:grid-cols-2"><Detail label="Why it matters" value="Review this recorded finding with its evidence before choosing remediation." /><Detail label="What you can do" value="Create a remediation task, then collect a new observation before treating the finding as resolved." /></div>[39m
[31m+         <section className="mt-3 rounded-md border border-[#e1dfdd] bg-[#faf9f8] p-3"><h3 className="text-[13px] font-semibold text-[#201f1e]">Evidence chain</h3><p className="mt-0.5 text-[11px] text-[#8a8886]">Finding → observed artifact → source evidence → verification time</p>{evidenceList(finding.evidence_ids).length ? <ul className="mt-3 space-y-1.5">{evidenceList(finding.evidence_ids).map((id: string) => <li key={id} className="rounded border border-[#e1dfdd] bg-white px-2.5 py-1.5 font-mono text-[11px] text-[#323130]">Evidence reference: {id}</li>)}</ul> : <p className="mt-3 text-[13px] text-[#605e5c]">Evidence unavailable. This finding has no stored evidence references.</p>}</section></>}[39m
[31m+         {taskError && <p role="alert" className="mt-3 text-[13px] text-[#a4262c]">{taskError}</p>}[39m
[31m+         {task && <section className="mt-3 rounded-md border border-[#0f6cbd]/30 bg-[#eff6fc] p-3"><p className="text-[11px] font-semibold uppercase tracking-wide text-[#0f6cbd]">Remediation task</p><p className="mt-1 text-[13px] font-semibold text-[#201f1e]">{task.title}</p><p className="mt-0.5 text-[12px] text-[#323130]">{task.status.replaceAll('_', ' ')} · created {formatStoredTime(task.created_at)}</p>{task.status === 'OPEN' && <button type="button" onClick={() => void transitionTask('IN_PROGRESS')} disabled={taskLoading} className="mt-3 inline-flex h-8 items-center rounded bg-[#0f6cbd] px-3 text-[13px] font-medium text-white hover:bg-[#004578] disabled:opacity-50">{taskLoading ? 'Updating task…' : 'Start remediation'}</button>}{task.status === 'IN_PROGRESS' && <button type="button" onClick={() => void transitionTask('READY_FOR_VERIFICATION')} disabled={taskLoading} className="mt-3 inline-flex h-8 items-center rounded bg-[#0f6cbd] px-3 text-[13px] font-medium text-white hover:bg-[#004578] disabled:opacity-50">{taskLoading ? 'Updating task…' : 'Mark ready for verification'}</button>}{task.status === 'READY_FOR_VERIFICATION' && <div className="mt-2"><p className="text-[13px] text-[#8a5700]">Remediation marked complete. Verification required.</p><p className="mt-0.5 text-[11px] text-[#605e5c]">Re-checks the most recent evidence SPR already has on file for this software — this is not a live scan.</p><button type="button" onClick={() => void verifyWithLatestEvidence()} disabled={taskLoading} className="mt-2 inline-flex h-8 items-center rounded bg-[#0f6cbd] px-3 text-[13px] font-medium text-white hover:bg-[#004578] disabled:opacity-50">{taskLoading ? 'Verifying…' : 'Verify with latest evidence'}</button></div>}{task.status === 'VERIFIED' && <p className="mt-2 text-[13px] text-[#0e700e]">Verified against evidence SPR collected. The underlying finding is now marked resolved.</p>}</section>}[39m
[31m+         <div className="mt-4 flex flex-wrap gap-2"><button type="button" onClick={() => { setSelected(null); onNavigate('alerts'); }} disabled={!finding} className="inline-flex h-8 items-center gap-1.5 rounded bg-[#0f6cbd] px-3 text-[13px] font-medium text-white hover:bg-[#004578] disabled:opacity-50"><FileSearch className="h-3.5 w-3.5" /> Show evidence</button>{task ? <span className="inline-flex h-8 items-center rounded border border-[#c8c6c4] px-3 text-[13px] font-medium text-[#323130]">Task created</span> : <button type="button" onClick={() => void createTask()} disabled={!finding || taskLoading} className="inline-flex h-8 items-center rounded border border-[#c8c6c4] px-3 text-[13px] font-medium text-[#323130] hover:bg-black/[.03] disabled:opacity-50">{taskLoading ? 'Creating task…' : 'Create remediation task'}</button>}</div>[39m
[31m+       </div>[39m
[31m+     </div>}[39m
[31m+   </section>;[39m
[31m+ }[39m
[31m+[39m
[31m+ function Metric({ label, value, icon }: { label: string; value: number; icon: React.ReactNode }) { return <div className="flex items-center gap-1.5">{icon}<div><div className="text-[11px] text-[#605e5c]">{label}</div><div className="text-lg font-semibold text-[#201f1e]">{value}</div></div></div>; }[39m
[31m+ function Detail({ label, value }: { label: string; value: string }) { return <div className="rounded-md border border-[#e1dfdd] bg-[#faf9f8] p-3"><p className="text-[11px] font-semibold uppercase tracking-wide text-[#605e5c]">{label}</p><p className="mt-1 text-[13px] leading-5 text-[#201f1e]">{value}</p></div>; }[39m
[31m+ function formatStoredTime(value?: string | null) { return value ? new Date(value).toLocaleString() : 'Not observed'; }[39m
[31m+ function evidenceList(value?: string | null) { try { const parsed = JSON.parse(value || '[]'); return Array.isArray(parsed) ? parsed.filter((item): item is string => typeof item === 'string') : []; } catch { return []; } }[39m
[31m+[39m

[36m [2m❯[22m tests/trust-network-contract.test.ts:[2m102:15[22m[39m
    [90m100| [39m  it('the Trust Network map is built from each client\'s real software…
    [90m101| [39m    [35mconst[39m s [33m=[39m [34msource[39m()[33m;[39m
    [90m102| [39m    [34mexpect[39m(s)[33m.[39m[34mtoContain[39m([32m'client.softwareInventory || []'[39m)[33m;[39m
    [90m   | [39m              [31m^[39m
    [90m103| [39m    expect(s).toContain("const state: TrustState = trustStateFromDecis…
    [90m104| [39m  })[33m;[39m

[31m[2m⎯⎯⎯⎯⎯⎯⎯⎯⎯⎯⎯⎯⎯⎯⎯⎯⎯⎯⎯⎯[139/141]⎯[22m[39m

[41m[1m FAIL [22m[49m tests/trust-network-contract.test.ts[2m > [22mTrust Network never fabricates counts, scores, or history[2m > [22mthe Attention list never invents a software/passport link for a finding that has none
[31m[1mAssertionError[22m: expected 'import React, { useEffect, useMemo, u…' to contain 'Not linked to a specific software pas…'[39m

[32m- Expected[39m
[31m+ Received[39m

[32m- Not linked to a specific software passport[39m
[31m+ import React, { useEffect, useMemo, useState } from 'react';[39m
[31m+ import { AlertTriangle, ArrowRight, Building2, CheckCircle2, FileSearch, ShieldAlert, User, X } from 'lucide-react';[39m
[31m+ import { Alert, Client } from '../types';[39m
[31m+ import { apiFetch } from '../utils/apiClient';[39m
[31m+ import type { VerificationDecision } from '../lib/verification/evaluateVerification';[39m
[31m+[39m
[31m+ interface Props {[39m
[31m+   clients: Client[];[39m
[31m+   alerts: Alert[];[39m
[31m+   findings: any[];[39m
[31m+   role?: string;[39m
[31m+   onSelectClient: (id: string) => void;[39m
[31m+   onSelectPassport?: (passportId: string) => void;[39m
[31m+   onNavigate: (tab: string) => void;[39m
[31m+   verificationDecisions?: Record<string, VerificationDecision>;[39m
[31m+   verificationDetails?: Record<string, unknown>;[39m
[31m+ }[39m
[31m+[39m
[31m+ type Assignment = { id: string; client_id: string; technician_display: string; assigned_by: string; updated_at: string };[39m
[31m+ type TeamMember = { id: number; email: string; displayName?: string | null; role: string };[39m
[31m+[39m
[31m+ const severityClass = (severity: Alert['severity']) => severity === 'Critical'[39m
[31m+   ? 'border-[#a4262c]/30 bg-[#fdf2f2] text-[#a4262c]'[39m
[31m+   : severity === 'High' ? 'border-[#8a5700]/30 bg-[#fff4ce] text-[#8a5700]'[39m
[31m+   : 'border-[#0f6cbd]/30 bg-[#eff6fc] text-[#0f6cbd]';[39m
[31m+[39m
[31m+ export default function MSPCommandCenter({ clients, alerts, findings, role = 'Viewer', onSelectClient, onNavigate, onSelectPassport, verificationDecisions = {}, verificationDetails = {} }: Props) {[39m
[31m+   const [selected, setSelected] = useState<Alert | null>(null);[39m
[31m+   const [assignments, setAssignments] = useState<Assignment[]>([]);[39m
[31m+   const [team, setTeam] = useState<TeamMember[]>([]);[39m
[31m+   const [assigningClientId, setAssigningClientId] = useState<string | null>(null);[39m
[31m+   const canAssign = role === 'Owner' || role === 'Admin';[39m
[31m+   const trustStateFromDecision = (decision?: VerificationDecision) => decision?.state ?? 'UNINITIALIZED';[39m
[31m+   const trustStateForPassportItem = (item: { passportId: string }) => trustStateFromDecision(verificationDecisions?.[item.passportId]);[39m
[31m+   const selectPassport = (passportId: string) => { onSelectPassport?.(passportId); };[39m
[31m+   const passportDecision = (passport: { id: string }) => { const decision = verificationDecisions?.[passport.id]; return decision; };[39m
[31m+   void verificationDetails;[39m
[31m+[39m
[31m+   const loadAssignments = () => { apiFetch('/api/msp/assignments').then((r) => r.ok ? r.json() : null).then((data) => { if (Array.isArray(data?.assignments)) setAssignments(data.assignments); }).catch(() => {}); };[39m
[31m+   useEffect(() => { loadAssignments(); apiFetch('/api/organization/team').then((r) => r.ok ? r.json() : null).then((data) => { if (Array.isArray(data)) setTeam(data); }).catch(() => {}); }, []);[39m
[31m+[39m
[31m+   const assignmentByClient = useMemo(() => new Map(assignments.map((a) => [a.client_id, a])), [assignments]);[39m
[31m+   const assignTechnician = async (clientId: string, member: TeamMember) => {[39m
[31m+     const response = await apiFetch('/api/msp/assignments', { method: 'PUT', headers: { 'Content-Type': 'application/json' }, body: JSON.stringify({ clientId, technicianUserId: member.id, technicianDisplay: member.displayName || member.email }) });[39m
[31m+     if (response.ok) { loadAssignments(); setAssigningClientId(null); }[39m
[31m+   };[39m
[31m+   const unassignTechnician = async (clientId: string) => {[39m
[31m+     const response = await apiFetch(`/api/msp/assignments/${encodeURIComponent(clientId)}`, { method: 'DELETE' });[39m
[31m+     if (response.ok) loadAssignments();[39m
[31m+   };[39m
[31m+[39m
[31m+   const clientRiskRollup = useMemo(() => clients.map((client) => {[39m
[31m+     const clientAlerts = alerts.filter((a) => a.clientName === client.name);[39m
[31m+     const active = clientAlerts.filter((a) => a.status !== 'Resolved' && a.status !== 'Cancelled');[39m
[31m+     const critical = active.filter((a) => a.severity === 'Critical').length;[39m
[31m+     const high = active.filter((a) => a.severity === 'High').length;[39m
[31m+     return { client, activeCount: active.length, critical, high, assignment: assignmentByClient.get(client.id) };[39m
[31m+   }).sort((a, b) => (b.critical - a.critical) || (b.high - a.high) || (b.activeCount - a.activeCount)), [clients, alerts, assignmentByClient]);[39m
[31m+   // Sourced from the same /api/trust-loop/findings data App.tsx already fetched[39m
[31m+   // to build `alerts` -- no second network round trip for finding detail.[39m
[31m+   const finding = useMemo(() => selected ? findings.find((item: any) => String(item.id) === selected.id) || null : null, [selected?.id, findings]);[39m
[31m+   const findingError = selected && !finding ? 'Finding details are unavailable.' : null;[39m
[31m+   const [task, setTask] = useState<any | null>(null);[39m
[31m+   const [taskLoading, setTaskLoading] = useState(false);[39m
[31m+   const [taskError, setTaskError] = useState<string | null>(null);[39m
[31m+   const attention = useMemo(() => alerts.filter(item => item.status === 'Active').sort((a, b) => {[39m
[31m+     const rank = { Critical: 3, High: 2, Medium: 1, Low: 0 };[39m
[31m+     return rank[b.severity] - rank[a.severity];[39m
[31m+   }), [alerts]);[39m
[31m+   const criticalClients = new Set(attention.filter(item => item.severity === 'Critical').map(item => item.clientName)).size;[39m
[31m+   const attentionClients = new Set(attention.filter(item => item.severity !== 'Critical').map(item => item.clientName)).size;[39m
[31m+   // A remediation may already exist for this finding (created from the Alerts[39m
[31m+   // view via the same /api/trust-loop/remediations backend) -- load it by the[39m
[31m+   // id the findings join already gives us instead of scanning a task list.[39m
[31m+   useEffect(() => {[39m
[31m+     setTask(null); setTaskError(null);[39m
[31m+     if (!selected?.remediationId) return;[39m
[31m+     let cancelled = false;[39m
[31m+     apiFetch(`/api/trust-loop/remediations/${encodeURIComponent(selected.remediationId)}`).then(response => response.ok ? response.json() : null).then(data => { if (!cancelled && data) setTask(data); }).catch(() => {});[39m
[31m+     return () => { cancelled = true; };[39m
[31m+   }, [selected?.id, selected?.remediationId]);[39m
[31m+   const createTask = async () => {[39m
[31m+     if (!selected || !finding || taskLoading) return;[39m
[31m+     setTaskLoading(true); setTaskError(null);[39m
[31m+     try {[39m
[31m+       const response = await apiFetch('/api/trust-loop/remediations', {[39m
[31m+         method: 'POST', headers: { 'Content-Type': 'application/json' },[39m
[31m+         body: JSON.stringify({ findingId: selected.id, title: selected.title, description: selected.description, priority: selected.severity.toUpperCase() }),[39m
[31m+       });[39m
[31m+       const body = await response.json().catch(() => ({}));[39m
[31m+       if (!response.ok) throw new Error(body?.error || 'SPR could not create the remediation task.');[39m
[31m+       setTask(body);[39m
[31m+     } catch (cause: any) { setTaskError(cause?.message || 'SPR could not create the remediation task.'); }[39m
[31m+     finally { setTaskLoading(false); }[39m
[31m+   };[39m
[31m+   const transitionTask = async (status: 'IN_PROGRESS' | 'READY_FOR_VERIFICATION') => {[39m
[31m+     if (!task || taskLoading) return;[39m
[31m+     setTaskLoading(true); setTaskError(null);[39m
[31m+     try {[39m
[31m+       const response = await apiFetch(`/api/trust-loop/remediations/${encodeURIComponent(task.id)}`, { method: 'PATCH', headers: { 'Content-Type': 'application/json' }, body: JSON.stringify({ status }) });[39m
[31m+       const body = await response.json().catch(() => ({}));[39m
[31m+       if (!response.ok) throw new Error(body?.error || 'SPR could not update the task.');[39m
[31m+       setTask(body);[39m
[31m+     } catch (cause: any) { setTaskError(cause?.message || 'SPR could not update the task.'); }[39m
[31m+     finally { setTaskLoading(false); }[39m
[31m+   };[39m
[31m+   // Re-verifies against the most recent trust_observation SPR already has on[39m
[31m+   // file for this software -- there is no live "run a check now" job queue,[39m
[31m+   // so this is honestly a re-check of existing evidence, not a fresh scan.[39m
[31m+   const verifyWithLatestEvidence = async () => {[39m
[31m+     if (!task || taskLoading) return;[39m
[31m+     setTaskLoading(true); setTaskError(null);[39m
[31m+     try {[39m
[31m+       const response = await apiFetch(`/api/trust-loop/remediations/${encodeURIComponent(task.id)}/verify-latest`, { method: 'POST' });[39m
[31m+       const body = await response.json().catch(() => ({}));[39m
[31m+       if (!response.ok) throw new Error(body?.error || 'SPR could not verify this task against current evidence.');[39m
[31m+       setTask(body);[39m
[31m+     } catch (cause: any) { setTaskError(cause?.message || 'SPR could not verify this task against current evidence.'); }[39m
[31m+     finally { setTaskLoading(false); }[39m
[31m+   };[39m
[31m+[39m
[31m+   return <section id="msp-command-center" aria-labelledby="msp-command-center-title">[39m
[31m+     <div className="mb-4 flex flex-wrap items-center justify-between gap-3">[39m
[31m+       <div>[39m
[31m+         <h1 id="msp-command-center-title" className="text-[22px] font-semibold text-[#201f1e]">Who needs you today?</h1>[39m
[31m+         <p className="mt-1 text-[13px] text-[#605e5c]">Prioritized work from the evidence and findings SPR currently has on record. A closed task is not a verified fix.</p>[39m
[31m+       </div>[39m
[31m+       <button type="button" onClick={() => onNavigate('clients')} className="inline-flex h-8 items-center gap-1.5 rounded border border-[#c8c6c4] px-3 text-[13px] font-medium text-[#323130] hover:bg-black/[.03]">[39m
[31m+         View all clients <ArrowRight className="h-3.5 w-3.5" />[39m
[31m+       </button>[39m
[31m+     </div>[39m
[31m+[39m
[31m+     <div className="mb-4 flex flex-wrap gap-6 rounded-md border border-[#e1dfdd] bg-white p-3">[39m
[31m+       <Metric label="Clients" value={clients.length} icon={<Building2 className="h-3.5 w-3.5" />} />[39m
[31m+       <Metric label="Healthy" value={Math.max(0, clients.length - criticalClients - attentionClients)} icon={<CheckCircle2 className="h-3.5 w-3.5 text-[#0e700e]" />} />[39m
[31m+       <Metric label="Need attention" value={attentionClients} icon={<AlertTriangle className="h-3.5 w-3.5 text-[#8a5700]" />} />[39m
[31m+       <Metric label="Critical" value={criticalClients} icon={<ShieldAlert className="h-3.5 w-3.5 text-[#a4262c]" />} />[39m
[31m+     </div>[39m
[31m+[39m
[31m+     <div className="mb-4 rounded-md border border-[#e1dfdd] bg-white">[39m
[31m+       <div className="border-b border-[#e1dfdd] px-4 py-3"><h2 className="text-[14px] font-semibold text-[#201f1e]">Cross-client risk</h2><p className="mt-0.5 text-[12px] text-[#605e5c]">Every client ranked by active critical and high findings, with technician assignment.</p></div>[39m
[31m+       <div className="overflow-x-auto">[39m
[31m+         <table className="w-full min-w-[640px] text-left text-[13px]">[39m
[31m+           <thead className="border-b border-[#e1dfdd] text-[11px] uppercase tracking-wide text-[#605e5c]"><tr><th className="px-4 py-2">Client</th><th className="px-4 py-2">Critical</th><th className="px-4 py-2">High</th><th className="px-4 py-2">Active findings</th><th className="px-4 py-2">Assigned technician</th></tr></thead>[39m
[31m+           <tbody>[39m
[31m+             {clientRiskRollup.map(({ client, activeCount, critical, high, assignment }) => ([39m
[31m+               <tr key={client.id} className="border-b border-[#f3f2f1] hover:bg-black/[.02]">[39m
[31m+                 <td className="px-4 py-2.5 font-medium text-[#201f1e]">{client.name}</td>[39m
[31m+                 <td className="px-4 py-2.5">{critical > 0 ? <span className="rounded border border-[#a4262c]/30 bg-[#fdf2f2] px-1.5 py-0.5 text-[11px] font-semibold text-[#a4262c]">{critical}</span> : <span className="text-[#8a8886]">0</span>}</td>[39m
[31m+                 <td className="px-4 py-2.5">{high > 0 ? <span className="rounded border border-[#8a5700]/30 bg-[#fff4ce] px-1.5 py-0.5 text-[11px] font-semibold text-[#8a5700]">{high}</span> : <span className="text-[#8a8886]">0</span>}</td>[39m
[31m+                 <td className="px-4 py-2.5 text-[#323130]">{activeCount}</td>[39m
[31m+                 <td className="px-4 py-2.5">[39m
[31m+                   {assigningClientId === client.id ? ([39m
[31m+                     <select autoFocus onBlur={() => setAssigningClientId(null)} onChange={(e) => { const member = team.find((m) => String(m.id) === e.target.value); if (member) void assignTechnician(client.id, member); }} className="h-8 rounded border border-[#c8c6c4] bg-white px-2 text-[12px] text-[#201f1e] focus:border-[#0f6cbd] focus:outline-none focus:ring-1 focus:ring-[#0f6cbd]">[39m
[31m+                       <option value="">Select technician…</option>[39m
[31m+                       {team.map((member) => <option key={member.id} value={member.id}>{member.displayName || member.email}</option>)}[39m
[31m+                     </select>[39m
[31m+                   ) : assignment ? ([39m
[31m+                     <div className="flex items-center gap-2 text-[12px] text-[#323130]"><User className="h-3 w-3 text-[#8a8886]" />{assignment.technician_display}[39m
[31m+                       {canAssign && <button type="button" onClick={() => void unassignTechnician(client.id)} className="text-[#8a8886] hover:text-[#a4262c]">×</button>}[39m
[31m+                       {canAssign && <button type="button" onClick={() => setAssigningClientId(client.id)} className="text-[#0f6cbd] hover:text-[#004578]">change</button>}[39m
[31m+                     </div>[39m
[31m+                   ) : canAssign ? ([39m
[31m+                     <button type="button" onClick={() => setAssigningClientId(client.id)} className="rounded border border-[#c8c6c4] px-2 py-1 text-[12px] text-[#605e5c] hover:bg-black/[.03]">Assign…</button>[39m
[31m+                   ) : <span className="text-[12px] text-[#8a8886]">Unassigned</span>}[39m
[31m+                 </td>[39m
[31m+               </tr>[39m
[31m+             ))}[39m
[31m+           </tbody>[39m
[31m+         </table>[39m
[31m+       </div>[39m
[31m+     </div>[39m
[31m+[39m
[31m+     <div className="rounded-md border border-[#e1dfdd] bg-white">[39m
[31m+       <div className="flex flex-col gap-2 border-b border-[#e1dfdd] px-4 py-3 sm:flex-row sm:items-center sm:justify-between">[39m
[31m+         <div><h2 className="text-[14px] font-semibold text-[#201f1e]">Clients needing action</h2><p className="mt-0.5 text-[12px] text-[#605e5c]">Most urgent first, based on active recorded findings.</p></div>[39m
[31m+         <span className="w-fit rounded border border-[#c8c6c4] bg-[#faf9f8] px-2 py-0.5 text-[11px] font-medium text-[#605e5c]">{attention.length} active findings</span>[39m
[31m+       </div>[39m
[31m+       {attention.length ? <div>[39m
[31m+         {attention.map(alert => {[39m
[31m+           const client = clients.find(item => item.name === alert.clientName);[39m
[31m+           return <article key={alert.id} className="grid gap-3 border-b border-[#f3f2f1] px-4 py-3 last:border-b-0 lg:grid-cols-[minmax(180px,0.8fr)_minmax(260px,1.5fr)_auto] lg:items-center">[39m
[31m+             <div>[39m
[31m+               <p className="font-medium text-[#201f1e]">{alert.clientName}</p>[39m
[31m+               <p className="mt-0.5 text-[11px] text-[#8a8886]">Observed {alert.timestamp}</p>[39m
[31m+             </div>[39m
[31m+             <div>[39m
[31m+               <div className="mb-1.5 flex flex-wrap gap-1.5"><span className={`rounded border px-1.5 py-0.5 text-[11px] font-semibold ${severityClass(alert.severity)}`}>{alert.severity}</span><span className="rounded bg-[#f3f2f1] px-1.5 py-0.5 text-[11px] text-[#605e5c]">{alert.category}</span></div>[39m
[31m+               <p className="text-[13px] font-medium text-[#201f1e]">{alert.title}</p><p className="mt-0.5 text-[12px] leading-5 text-[#605e5c]">{alert.description}</p>[39m
[31m+             </div>[39m
[31m+             <div className="flex gap-2 lg:flex-col"><button type="button" onClick={() => setSelected(alert)} className="inline-flex h-8 items-center justify-center gap-1.5 rounded bg-[#0f6cbd] px-3 text-[13px] font-medium text-white hover:bg-[#004578]">Investigate <ArrowRight className="h-3.5 w-3.5" /></button>{client && <button type="button" onClick={() => onSelectClient(client.id)} className="h-8 rounded border border-[#c8c6c4] px-3 text-[13px] font-medium text-[#323130] hover:bg-black/[.03]">Client</button>}</div>[39m
[31m+           </article>;[39m
[31m+         })}[39m
[31m+       </div> : <div className="px-6 py-10 text-center"><CheckCircle2 className="mx-auto h-6 w-6 text-[#0e700e]" /><h3 className="mt-2 text-[13px] font-semibold text-[#201f1e]">No clients need attention</h3><p className="mt-1 text-[12px] text-[#605e5c]">Your monitored clients currently have no active recorded findings requiring action.</p></div>}[39m
[31m+     </div>[39m
[31m+[39m
[31m+     {selected && <div className="fixed inset-0 z-50 flex items-end bg-black/40 p-0 md:items-center md:justify-center md:p-6" role="dialog" aria-modal="true" aria-labelledby="finding-title">[39m
[31m+       <div className="max-h-[92vh] w-full max-w-2xl overflow-y-auto rounded-t-md border border-[#e1dfdd] bg-white p-5 md:rounded-md"><div className="flex items-start justify-between gap-4"><div><p className="text-[11px] font-semibold uppercase tracking-wide text-[#605e5c]">Finding detail · Explain this</p><h2 id="finding-title" className="mt-1 text-[18px] font-semibold text-[#201f1e]">{selected.title}</h2></div><button type="button" onClick={() => setSelected(null)} aria-label="Close finding" className="rounded p-1.5 text-[#605e5c] hover:bg-black/[.05]"><X className="h-4 w-4" /></button></div>[39m
[31m+         {findingError && <div role="alert" className="mt-4 rounded-md border border-[#a4262c]/30 bg-[#fdf2f2] p-3 text-[13px] text-[#a4262c]"><p className="font-semibold">Finding detail unavailable</p><p className="mt-0.5">{findingError}</p></div>}[39m
[31m+         {finding && <><div className="mt-4 grid gap-3 sm:grid-cols-2"><Detail label="Client" value={selected.clientName} /><Detail label="Severity and status" value={`${finding.severity} — ${finding.status}`} /><Detail label="First observed" value={formatStoredTime(finding.created_at)} /><Detail label="Last observed" value={formatStoredTime(finding.updated_at)} /></div>[39m
[31m+         <section className="mt-3 rounded-md border border-[#e1dfdd] bg-[#faf9f8] p-3"><h3 className="text-[13px] font-semibold text-[#201f1e]">Observed</h3><p className="mt-1 text-[13px] leading-6 text-[#323130]">{finding.description || 'No observation description is available.'}</p></section><div className="mt-3 grid gap-3 sm:grid-cols-2"><Detail label="Why it matters" value="Review this recorded finding with its evidence before choosing remediation." /><Detail label="What you can do" value="Create a remediation task, then collect a new observation before treating the finding as resolved." /></div>[39m
[31m+         <section className="mt-3 rounded-md border border-[#e1dfdd] bg-[#faf9f8] p-3"><h3 className="text-[13px] font-semibold text-[#201f1e]">Evidence chain</h3><p className="mt-0.5 text-[11px] text-[#8a8886]">Finding → observed artifact → source evidence → verification time</p>{evidenceList(finding.evidence_ids).length ? <ul className="mt-3 space-y-1.5">{evidenceList(finding.evidence_ids).map((id: string) => <li key={id} className="rounded border border-[#e1dfdd] bg-white px-2.5 py-1.5 font-mono text-[11px] text-[#323130]">Evidence reference: {id}</li>)}</ul> : <p className="mt-3 text-[13px] text-[#605e5c]">Evidence unavailable. This finding has no stored evidence references.</p>}</section></>}[39m
[31m+         {taskError && <p role="alert" className="mt-3 text-[13px] text-[#a4262c]">{taskError}</p>}[39m
[31m+         {task && <section className="mt-3 rounded-md border border-[#0f6cbd]/30 bg-[#eff6fc] p-3"><p className="text-[11px] font-semibold uppercase tracking-wide text-[#0f6cbd]">Remediation task</p><p className="mt-1 text-[13px] font-semibold text-[#201f1e]">{task.title}</p><p className="mt-0.5 text-[12px] text-[#323130]">{task.status.replaceAll('_', ' ')} · created {formatStoredTime(task.created_at)}</p>{task.status === 'OPEN' && <button type="button" onClick={() => void transitionTask('IN_PROGRESS')} disabled={taskLoading} className="mt-3 inline-flex h-8 items-center rounded bg-[#0f6cbd] px-3 text-[13px] font-medium text-white hover:bg-[#004578] disabled:opacity-50">{taskLoading ? 'Updating task…' : 'Start remediation'}</button>}{task.status === 'IN_PROGRESS' && <button type="button" onClick={() => void transitionTask('READY_FOR_VERIFICATION')} disabled={taskLoading} className="mt-3 inline-flex h-8 items-center rounded bg-[#0f6cbd] px-3 text-[13px] font-medium text-white hover:bg-[#004578] disabled:opacity-50">{taskLoading ? 'Updating task…' : 'Mark ready for verification'}</button>}{task.status === 'READY_FOR_VERIFICATION' && <div className="mt-2"><p className="text-[13px] text-[#8a5700]">Remediation marked complete. Verification required.</p><p className="mt-0.5 text-[11px] text-[#605e5c]">Re-checks the most recent evidence SPR already has on file for this software — this is not a live scan.</p><button type="button" onClick={() => void verifyWithLatestEvidence()} disabled={taskLoading} className="mt-2 inline-flex h-8 items-center rounded bg-[#0f6cbd] px-3 text-[13px] font-medium text-white hover:bg-[#004578] disabled:opacity-50">{taskLoading ? 'Verifying…' : 'Verify with latest evidence'}</button></div>}{task.status === 'VERIFIED' && <p className="mt-2 text-[13px] text-[#0e700e]">Verified against evidence SPR collected. The underlying finding is now marked resolved.</p>}</section>}[39m
[31m+         <div className="mt-4 flex flex-wrap gap-2"><button type="button" onClick={() => { setSelected(null); onNavigate('alerts'); }} disabled={!finding} className="inline-flex h-8 items-center gap-1.5 rounded bg-[#0f6cbd] px-3 text-[13px] font-medium text-white hover:bg-[#004578] disabled:opacity-50"><FileSearch className="h-3.5 w-3.5" /> Show evidence</button>{task ? <span className="inline-flex h-8 items-center rounded border border-[#c8c6c4] px-3 text-[13px] font-medium text-[#323130]">Task created</span> : <button type="button" onClick={() => void createTask()} disabled={!finding || taskLoading} className="inline-flex h-8 items-center rounded border border-[#c8c6c4] px-3 text-[13px] font-medium text-[#323130] hover:bg-black/[.03] disabled:opacity-50">{taskLoading ? 'Creating task…' : 'Create remediation task'}</button>}</div>[39m
[31m+       </div>[39m
[31m+     </div>}[39m
[31m+   </section>;[39m
[31m+ }[39m
[31m+[39m
[31m+ function Metric({ label, value, icon }: { label: string; value: number; icon: React.ReactNode }) { return <div className="flex items-center gap-1.5">{icon}<div><div className="text-[11px] text-[#605e5c]">{label}</div><div className="text-lg font-semibold text-[#201f1e]">{value}</div></div></div>; }[39m
[31m+ function Detail({ label, value }: { label: string; value: string }) { return <div className="rounded-md border border-[#e1dfdd] bg-[#faf9f8] p-3"><p className="text-[11px] font-semibold uppercase tracking-wide text-[#605e5c]">{label}</p><p className="mt-1 text-[13px] leading-5 text-[#201f1e]">{value}</p></div>; }[39m
[31m+ function formatStoredTime(value?: string | null) { return value ? new Date(value).toLocaleString() : 'Not observed'; }[39m
[31m+ function evidenceList(value?: string | null) { try { const parsed = JSON.parse(value || '[]'); return Array.isArray(parsed) ? parsed.filter((item): item is string => typeof item === 'string') : []; } catch { return []; } }[39m
[31m+[39m

[36m [2m❯[22m tests/trust-network-contract.test.ts:[2m108:15[22m[39m
    [90m106| [39m  it('the Attention list never invents a software/passport link for a …
    [90m107| [39m    [35mconst[39m s [33m=[39m [34msource[39m()[33m;[39m
    [90m108| [39m    [34mexpect[39m(s)[33m.[39m[34mtoContain[39m([32m'Not linked to a specific software passport'[39m)[33m;[39m
    [90m   | [39m              [31m^[39m
    [90m109| [39m  })[33m;[39m
    [90m110| [39m

[31m[2m⎯⎯⎯⎯⎯⎯⎯⎯⎯⎯⎯⎯⎯⎯⎯⎯⎯⎯⎯⎯[140/141]⎯[22m[39m

[41m[1m FAIL [22m[49m tests/trust-network-contract.test.ts[2m > [22mTrust Network never fabricates counts, scores, or history[2m > [22mhas empty states for zero clients and zero software, without a fabricated health percentage
[31m[1mAssertionError[22m: expected 'import React, { useEffect, useMemo, u…' to contain 'Build your trust network'[39m

[32m- Expected[39m
[31m+ Received[39m

[32m- Build your trust network[39m
[31m+ import React, { useEffect, useMemo, useState } from 'react';[39m
[31m+ import { AlertTriangle, ArrowRight, Building2, CheckCircle2, FileSearch, ShieldAlert, User, X } from 'lucide-react';[39m
[31m+ import { Alert, Client } from '../types';[39m
[31m+ import { apiFetch } from '../utils/apiClient';[39m
[31m+ import type { VerificationDecision } from '../lib/verification/evaluateVerification';[39m
[31m+[39m
[31m+ interface Props {[39m
[31m+   clients: Client[];[39m
[31m+   alerts: Alert[];[39m
[31m+   findings: any[];[39m
[31m+   role?: string;[39m
[31m+   onSelectClient: (id: string) => void;[39m
[31m+   onSelectPassport?: (passportId: string) => void;[39m
[31m+   onNavigate: (tab: string) => void;[39m
[31m+   verificationDecisions?: Record<string, VerificationDecision>;[39m
[31m+   verificationDetails?: Record<string, unknown>;[39m
[31m+ }[39m
[31m+[39m
[31m+ type Assignment = { id: string; client_id: string; technician_display: string; assigned_by: string; updated_at: string };[39m
[31m+ type TeamMember = { id: number; email: string; displayName?: string | null; role: string };[39m
[31m+[39m
[31m+ const severityClass = (severity: Alert['severity']) => severity === 'Critical'[39m
[31m+   ? 'border-[#a4262c]/30 bg-[#fdf2f2] text-[#a4262c]'[39m
[31m+   : severity === 'High' ? 'border-[#8a5700]/30 bg-[#fff4ce] text-[#8a5700]'[39m
[31m+   : 'border-[#0f6cbd]/30 bg-[#eff6fc] text-[#0f6cbd]';[39m
[31m+[39m
[31m+ export default function MSPCommandCenter({ clients, alerts, findings, role = 'Viewer', onSelectClient, onNavigate, onSelectPassport, verificationDecisions = {}, verificationDetails = {} }: Props) {[39m
[31m+   const [selected, setSelected] = useState<Alert | null>(null);[39m
[31m+   const [assignments, setAssignments] = useState<Assignment[]>([]);[39m
[31m+   const [team, setTeam] = useState<TeamMember[]>([]);[39m
[31m+   const [assigningClientId, setAssigningClientId] = useState<string | null>(null);[39m
[31m+   const canAssign = role === 'Owner' || role === 'Admin';[39m
[31m+   const trustStateFromDecision = (decision?: VerificationDecision) => decision?.state ?? 'UNINITIALIZED';[39m
[31m+   const trustStateForPassportItem = (item: { passportId: string }) => trustStateFromDecision(verificationDecisions?.[item.passportId]);[39m
[31m+   const selectPassport = (passportId: string) => { onSelectPassport?.(passportId); };[39m
[31m+   const passportDecision = (passport: { id: string }) => { const decision = verificationDecisions?.[passport.id]; return decision; };[39m
[31m+   void verificationDetails;[39m
[31m+[39m
[31m+   const loadAssignments = () => { apiFetch('/api/msp/assignments').then((r) => r.ok ? r.json() : null).then((data) => { if (Array.isArray(data?.assignments)) setAssignments(data.assignments); }).catch(() => {}); };[39m
[31m+   useEffect(() => { loadAssignments(); apiFetch('/api/organization/team').then((r) => r.ok ? r.json() : null).then((data) => { if (Array.isArray(data)) setTeam(data); }).catch(() => {}); }, []);[39m
[31m+[39m
[31m+   const assignmentByClient = useMemo(() => new Map(assignments.map((a) => [a.client_id, a])), [assignments]);[39m
[31m+   const assignTechnician = async (clientId: string, member: TeamMember) => {[39m
[31m+     const response = await apiFetch('/api/msp/assignments', { method: 'PUT', headers: { 'Content-Type': 'application/json' }, body: JSON.stringify({ clientId, technicianUserId: member.id, technicianDisplay: member.displayName || member.email }) });[39m
[31m+     if (response.ok) { loadAssignments(); setAssigningClientId(null); }[39m
[31m+   };[39m
[31m+   const unassignTechnician = async (clientId: string) => {[39m
[31m+     const response = await apiFetch(`/api/msp/assignments/${encodeURIComponent(clientId)}`, { method: 'DELETE' });[39m
[31m+     if (response.ok) loadAssignments();[39m
[31m+   };[39m
[31m+[39m
[31m+   const clientRiskRollup = useMemo(() => clients.map((client) => {[39m
[31m+     const clientAlerts = alerts.filter((a) => a.clientName === client.name);[39m
[31m+     const active = clientAlerts.filter((a) => a.status !== 'Resolved' && a.status !== 'Cancelled');[39m
[31m+     const critical = active.filter((a) => a.severity === 'Critical').length;[39m
[31m+     const high = active.filter((a) => a.severity === 'High').length;[39m
[31m+     return { client, activeCount: active.length, critical, high, assignment: assignmentByClient.get(client.id) };[39m
[31m+   }).sort((a, b) => (b.critical - a.critical) || (b.high - a.high) || (b.activeCount - a.activeCount)), [clients, alerts, assignmentByClient]);[39m
[31m+   // Sourced from the same /api/trust-loop/findings data App.tsx already fetched[39m
[31m+   // to build `alerts` -- no second network round trip for finding detail.[39m
[31m+   const finding = useMemo(() => selected ? findings.find((item: any) => String(item.id) === selected.id) || null : null, [selected?.id, findings]);[39m
[31m+   const findingError = selected && !finding ? 'Finding details are unavailable.' : null;[39m
[31m+   const [task, setTask] = useState<any | null>(null);[39m
[31m+   const [taskLoading, setTaskLoading] = useState(false);[39m
[31m+   const [taskError, setTaskError] = useState<string | null>(null);[39m
[31m+   const attention = useMemo(() => alerts.filter(item => item.status === 'Active').sort((a, b) => {[39m
[31m+     const rank = { Critical: 3, High: 2, Medium: 1, Low: 0 };[39m
[31m+     return rank[b.severity] - rank[a.severity];[39m
[31m+   }), [alerts]);[39m
[31m+   const criticalClients = new Set(attention.filter(item => item.severity === 'Critical').map(item => item.clientName)).size;[39m
[31m+   const attentionClients = new Set(attention.filter(item => item.severity !== 'Critical').map(item => item.clientName)).size;[39m
[31m+   // A remediation may already exist for this finding (created from the Alerts[39m
[31m+   // view via the same /api/trust-loop/remediations backend) -- load it by the[39m
[31m+   // id the findings join already gives us instead of scanning a task list.[39m
[31m+   useEffect(() => {[39m
[31m+     setTask(null); setTaskError(null);[39m
[31m+     if (!selected?.remediationId) return;[39m
[31m+     let cancelled = false;[39m
[31m+     apiFetch(`/api/trust-loop/remediations/${encodeURIComponent(selected.remediationId)}`).then(response => response.ok ? response.json() : null).then(data => { if (!cancelled && data) setTask(data); }).catch(() => {});[39m
[31m+     return () => { cancelled = true; };[39m
[31m+   }, [selected?.id, selected?.remediationId]);[39m
[31m+   const createTask = async () => {[39m
[31m+     if (!selected || !finding || taskLoading) return;[39m
[31m+     setTaskLoading(true); setTaskError(null);[39m
[31m+     try {[39m
[31m+       const response = await apiFetch('/api/trust-loop/remediations', {[39m
[31m+         method: 'POST', headers: { 'Content-Type': 'application/json' },[39m
[31m+         body: JSON.stringify({ findingId: selected.id, title: selected.title, description: selected.description, priority: selected.severity.toUpperCase() }),[39m
[31m+       });[39m
[31m+       const body = await response.json().catch(() => ({}));[39m
[31m+       if (!response.ok) throw new Error(body?.error || 'SPR could not create the remediation task.');[39m
[31m+       setTask(body);[39m
[31m+     } catch (cause: any) { setTaskError(cause?.message || 'SPR could not create the remediation task.'); }[39m
[31m+     finally { setTaskLoading(false); }[39m
[31m+   };[39m
[31m+   const transitionTask = async (status: 'IN_PROGRESS' | 'READY_FOR_VERIFICATION') => {[39m
[31m+     if (!task || taskLoading) return;[39m
[31m+     setTaskLoading(true); setTaskError(null);[39m
[31m+     try {[39m
[31m+       const response = await apiFetch(`/api/trust-loop/remediations/${encodeURIComponent(task.id)}`, { method: 'PATCH', headers: { 'Content-Type': 'application/json' }, body: JSON.stringify({ status }) });[39m
[31m+       const body = await response.json().catch(() => ({}));[39m
[31m+       if (!response.ok) throw new Error(body?.error || 'SPR could not update the task.');[39m
[31m+       setTask(body);[39m
[31m+     } catch (cause: any) { setTaskError(cause?.message || 'SPR could not update the task.'); }[39m
[31m+     finally { setTaskLoading(false); }[39m
[31m+   };[39m
[31m+   // Re-verifies against the most recent trust_observation SPR already has on[39m
[31m+   // file for this software -- there is no live "run a check now" job queue,[39m
[31m+   // so this is honestly a re-check of existing evidence, not a fresh scan.[39m
[31m+   const verifyWithLatestEvidence = async () => {[39m
[31m+     if (!task || taskLoading) return;[39m
[31m+     setTaskLoading(true); setTaskError(null);[39m
[31m+     try {[39m
[31m+       const response = await apiFetch(`/api/trust-loop/remediations/${encodeURIComponent(task.id)}/verify-latest`, { method: 'POST' });[39m
[31m+       const body = await response.json().catch(() => ({}));[39m
[31m+       if (!response.ok) throw new Error(body?.error || 'SPR could not verify this task against current evidence.');[39m
[31m+       setTask(body);[39m
[31m+     } catch (cause: any) { setTaskError(cause?.message || 'SPR could not verify this task against current evidence.'); }[39m
[31m+     finally { setTaskLoading(false); }[39m
[31m+   };[39m
[31m+[39m
[31m+   return <section id="msp-command-center" aria-labelledby="msp-command-center-title">[39m
[31m+     <div className="mb-4 flex flex-wrap items-center justify-between gap-3">[39m
[31m+       <div>[39m
[31m+         <h1 id="msp-command-center-title" className="text-[22px] font-semibold text-[#201f1e]">Who needs you today?</h1>[39m
[31m+         <p className="mt-1 text-[13px] text-[#605e5c]">Prioritized work from the evidence and findings SPR currently has on record. A closed task is not a verified fix.</p>[39m
[31m+       </div>[39m
[31m+       <button type="button" onClick={() => onNavigate('clients')} className="inline-flex h-8 items-center gap-1.5 rounded border border-[#c8c6c4] px-3 text-[13px] font-medium text-[#323130] hover:bg-black/[.03]">[39m
[31m+         View all clients <ArrowRight className="h-3.5 w-3.5" />[39m
[31m+       </button>[39m
[31m+     </div>[39m
[31m+[39m
[31m+     <div className="mb-4 flex flex-wrap gap-6 rounded-md border border-[#e1dfdd] bg-white p-3">[39m
[31m+       <Metric label="Clients" value={clients.length} icon={<Building2 className="h-3.5 w-3.5" />} />[39m
[31m+       <Metric label="Healthy" value={Math.max(0, clients.length - criticalClients - attentionClients)} icon={<CheckCircle2 className="h-3.5 w-3.5 text-[#0e700e]" />} />[39m
[31m+       <Metric label="Need attention" value={attentionClients} icon={<AlertTriangle className="h-3.5 w-3.5 text-[#8a5700]" />} />[39m
[31m+       <Metric label="Critical" value={criticalClients} icon={<ShieldAlert className="h-3.5 w-3.5 text-[#a4262c]" />} />[39m
[31m+     </div>[39m
[31m+[39m
[31m+     <div className="mb-4 rounded-md border border-[#e1dfdd] bg-white">[39m
[31m+       <div className="border-b border-[#e1dfdd] px-4 py-3"><h2 className="text-[14px] font-semibold text-[#201f1e]">Cross-client risk</h2><p className="mt-0.5 text-[12px] text-[#605e5c]">Every client ranked by active critical and high findings, with technician assignment.</p></div>[39m
[31m+       <div className="overflow-x-auto">[39m
[31m+         <table className="w-full min-w-[640px] text-left text-[13px]">[39m
[31m+           <thead className="border-b border-[#e1dfdd] text-[11px] uppercase tracking-wide text-[#605e5c]"><tr><th className="px-4 py-2">Client</th><th className="px-4 py-2">Critical</th><th className="px-4 py-2">High</th><th className="px-4 py-2">Active findings</th><th className="px-4 py-2">Assigned technician</th></tr></thead>[39m
[31m+           <tbody>[39m
[31m+             {clientRiskRollup.map(({ client, activeCount, critical, high, assignment }) => ([39m
[31m+               <tr key={client.id} className="border-b border-[#f3f2f1] hover:bg-black/[.02]">[39m
[31m+                 <td className="px-4 py-2.5 font-medium text-[#201f1e]">{client.name}</td>[39m
[31m+                 <td className="px-4 py-2.5">{critical > 0 ? <span className="rounded border border-[#a4262c]/30 bg-[#fdf2f2] px-1.5 py-0.5 text-[11px] font-semibold text-[#a4262c]">{critical}</span> : <span className="text-[#8a8886]">0</span>}</td>[39m
[31m+                 <td className="px-4 py-2.5">{high > 0 ? <span className="rounded border border-[#8a5700]/30 bg-[#fff4ce] px-1.5 py-0.5 text-[11px] font-semibold text-[#8a5700]">{high}</span> : <span className="text-[#8a8886]">0</span>}</td>[39m
[31m+                 <td className="px-4 py-2.5 text-[#323130]">{activeCount}</td>[39m
[31m+                 <td className="px-4 py-2.5">[39m
[31m+                   {assigningClientId === client.id ? ([39m
[31m+                     <select autoFocus onBlur={() => setAssigningClientId(null)} onChange={(e) => { const member = team.find((m) => String(m.id) === e.target.value); if (member) void assignTechnician(client.id, member); }} className="h-8 rounded border border-[#c8c6c4] bg-white px-2 text-[12px] text-[#201f1e] focus:border-[#0f6cbd] focus:outline-none focus:ring-1 focus:ring-[#0f6cbd]">[39m
[31m+                       <option value="">Select technician…</option>[39m
[31m+                       {team.map((member) => <option key={member.id} value={member.id}>{member.displayName || member.email}</option>)}[39m
[31m+                     </select>[39m
[31m+                   ) : assignment ? ([39m
[31m+                     <div className="flex items-center gap-2 text-[12px] text-[#323130]"><User className="h-3 w-3 text-[#8a8886]" />{assignment.technician_display}[39m
[31m+                       {canAssign && <button type="button" onClick={() => void unassignTechnician(client.id)} className="text-[#8a8886] hover:text-[#a4262c]">×</button>}[39m
[31m+                       {canAssign && <button type="button" onClick={() => setAssigningClientId(client.id)} className="text-[#0f6cbd] hover:text-[#004578]">change</button>}[39m
[31m+                     </div>[39m
[31m+                   ) : canAssign ? ([39m
[31m+                     <button type="button" onClick={() => setAssigningClientId(client.id)} className="rounded border border-[#c8c6c4] px-2 py-1 text-[12px] text-[#605e5c] hover:bg-black/[.03]">Assign…</button>[39m
[31m+                   ) : <span className="text-[12px] text-[#8a8886]">Unassigned</span>}[39m
[31m+                 </td>[39m
[31m+               </tr>[39m
[31m+             ))}[39m
[31m+           </tbody>[39m
[31m+         </table>[39m
[31m+       </div>[39m
[31m+     </div>[39m
[31m+[39m
[31m+     <div className="rounded-md border border-[#e1dfdd] bg-white">[39m
[31m+       <div className="flex flex-col gap-2 border-b border-[#e1dfdd] px-4 py-3 sm:flex-row sm:items-center sm:justify-between">[39m
[31m+         <div><h2 className="text-[14px] font-semibold text-[#201f1e]">Clients needing action</h2><p className="mt-0.5 text-[12px] text-[#605e5c]">Most urgent first, based on active recorded findings.</p></div>[39m
[31m+         <span className="w-fit rounded border border-[#c8c6c4] bg-[#faf9f8] px-2 py-0.5 text-[11px] font-medium text-[#605e5c]">{attention.length} active findings</span>[39m
[31m+       </div>[39m
[31m+       {attention.length ? <div>[39m
[31m+         {attention.map(alert => {[39m
[31m+           const client = clients.find(item => item.name === alert.clientName);[39m
[31m+           return <article key={alert.id} className="grid gap-3 border-b border-[#f3f2f1] px-4 py-3 last:border-b-0 lg:grid-cols-[minmax(180px,0.8fr)_minmax(260px,1.5fr)_auto] lg:items-center">[39m
[31m+             <div>[39m
[31m+               <p className="font-medium text-[#201f1e]">{alert.clientName}</p>[39m
[31m+               <p className="mt-0.5 text-[11px] text-[#8a8886]">Observed {alert.timestamp}</p>[39m
[31m+             </div>[39m
[31m+             <div>[39m
[31m+               <div className="mb-1.5 flex flex-wrap gap-1.5"><span className={`rounded border px-1.5 py-0.5 text-[11px] font-semibold ${severityClass(alert.severity)}`}>{alert.severity}</span><span className="rounded bg-[#f3f2f1] px-1.5 py-0.5 text-[11px] text-[#605e5c]">{alert.category}</span></div>[39m
[31m+               <p className="text-[13px] font-medium text-[#201f1e]">{alert.title}</p><p className="mt-0.5 text-[12px] leading-5 text-[#605e5c]">{alert.description}</p>[39m
[31m+             </div>[39m
[31m+             <div className="flex gap-2 lg:flex-col"><button type="button" onClick={() => setSelected(alert)} className="inline-flex h-8 items-center justify-center gap-1.5 rounded bg-[#0f6cbd] px-3 text-[13px] font-medium text-white hover:bg-[#004578]">Investigate <ArrowRight className="h-3.5 w-3.5" /></button>{client && <button type="button" onClick={() => onSelectClient(client.id)} className="h-8 rounded border border-[#c8c6c4] px-3 text-[13px] font-medium text-[#323130] hover:bg-black/[.03]">Client</button>}</div>[39m
[31m+           </article>;[39m
[31m+         })}[39m
[31m+       </div> : <div className="px-6 py-10 text-center"><CheckCircle2 className="mx-auto h-6 w-6 text-[#0e700e]" /><h3 className="mt-2 text-[13px] font-semibold text-[#201f1e]">No clients need attention</h3><p className="mt-1 text-[12px] text-[#605e5c]">Your monitored clients currently have no active recorded findings requiring action.</p></div>}[39m
[31m+     </div>[39m
[31m+[39m
[31m+     {selected && <div className="fixed inset-0 z-50 flex items-end bg-black/40 p-0 md:items-center md:justify-center md:p-6" role="dialog" aria-modal="true" aria-labelledby="finding-title">[39m
[31m+       <div className="max-h-[92vh] w-full max-w-2xl overflow-y-auto rounded-t-md border border-[#e1dfdd] bg-white p-5 md:rounded-md"><div className="flex items-start justify-between gap-4"><div><p className="text-[11px] font-semibold uppercase tracking-wide text-[#605e5c]">Finding detail · Explain this</p><h2 id="finding-title" className="mt-1 text-[18px] font-semibold text-[#201f1e]">{selected.title}</h2></div><button type="button" onClick={() => setSelected(null)} aria-label="Close finding" className="rounded p-1.5 text-[#605e5c] hover:bg-black/[.05]"><X className="h-4 w-4" /></button></div>[39m
[31m+         {findingError && <div role="alert" className="mt-4 rounded-md border border-[#a4262c]/30 bg-[#fdf2f2] p-3 text-[13px] text-[#a4262c]"><p className="font-semibold">Finding detail unavailable</p><p className="mt-0.5">{findingError}</p></div>}[39m
[31m+         {finding && <><div className="mt-4 grid gap-3 sm:grid-cols-2"><Detail label="Client" value={selected.clientName} /><Detail label="Severity and status" value={`${finding.severity} — ${finding.status}`} /><Detail label="First observed" value={formatStoredTime(finding.created_at)} /><Detail label="Last observed" value={formatStoredTime(finding.updated_at)} /></div>[39m
[31m+         <section className="mt-3 rounded-md border border-[#e1dfdd] bg-[#faf9f8] p-3"><h3 className="text-[13px] font-semibold text-[#201f1e]">Observed</h3><p className="mt-1 text-[13px] leading-6 text-[#323130]">{finding.description || 'No observation description is available.'}</p></section><div className="mt-3 grid gap-3 sm:grid-cols-2"><Detail label="Why it matters" value="Review this recorded finding with its evidence before choosing remediation." /><Detail label="What you can do" value="Create a remediation task, then collect a new observation before treating the finding as resolved." /></div>[39m
[31m+         <section className="mt-3 rounded-md border border-[#e1dfdd] bg-[#faf9f8] p-3"><h3 className="text-[13px] font-semibold text-[#201f1e]">Evidence chain</h3><p className="mt-0.5 text-[11px] text-[#8a8886]">Finding → observed artifact → source evidence → verification time</p>{evidenceList(finding.evidence_ids).length ? <ul className="mt-3 space-y-1.5">{evidenceList(finding.evidence_ids).map((id: string) => <li key={id} className="rounded border border-[#e1dfdd] bg-white px-2.5 py-1.5 font-mono text-[11px] text-[#323130]">Evidence reference: {id}</li>)}</ul> : <p className="mt-3 text-[13px] text-[#605e5c]">Evidence unavailable. This finding has no stored evidence references.</p>}</section></>}[39m
[31m+         {taskError && <p role="alert" className="mt-3 text-[13px] text-[#a4262c]">{taskError}</p>}[39m
[31m+         {task && <section className="mt-3 rounded-md border border-[#0f6cbd]/30 bg-[#eff6fc] p-3"><p className="text-[11px] font-semibold uppercase tracking-wide text-[#0f6cbd]">Remediation task</p><p className="mt-1 text-[13px] font-semibold text-[#201f1e]">{task.title}</p><p className="mt-0.5 text-[12px] text-[#323130]">{task.status.replaceAll('_', ' ')} · created {formatStoredTime(task.created_at)}</p>{task.status === 'OPEN' && <button type="button" onClick={() => void transitionTask('IN_PROGRESS')} disabled={taskLoading} className="mt-3 inline-flex h-8 items-center rounded bg-[#0f6cbd] px-3 text-[13px] font-medium text-white hover:bg-[#004578] disabled:opacity-50">{taskLoading ? 'Updating task…' : 'Start remediation'}</button>}{task.status === 'IN_PROGRESS' && <button type="button" onClick={() => void transitionTask('READY_FOR_VERIFICATION')} disabled={taskLoading} className="mt-3 inline-flex h-8 items-center rounded bg-[#0f6cbd] px-3 text-[13px] font-medium text-white hover:bg-[#004578] disabled:opacity-50">{taskLoading ? 'Updating task…' : 'Mark ready for verification'}</button>}{task.status === 'READY_FOR_VERIFICATION' && <div className="mt-2"><p className="text-[13px] text-[#8a5700]">Remediation marked complete. Verification required.</p><p className="mt-0.5 text-[11px] text-[#605e5c]">Re-checks the most recent evidence SPR already has on file for this software — this is not a live scan.</p><button type="button" onClick={() => void verifyWithLatestEvidence()} disabled={taskLoading} className="mt-2 inline-flex h-8 items-center rounded bg-[#0f6cbd] px-3 text-[13px] font-medium text-white hover:bg-[#004578] disabled:opacity-50">{taskLoading ? 'Verifying…' : 'Verify with latest evidence'}</button></div>}{task.status === 'VERIFIED' && <p className="mt-2 text-[13px] text-[#0e700e]">Verified against evidence SPR collected. The underlying finding is now marked resolved.</p>}</section>}[39m
[31m+         <div className="mt-4 flex flex-wrap gap-2"><button type="button" onClick={() => { setSelected(null); onNavigate('alerts'); }} disabled={!finding} className="inline-flex h-8 items-center gap-1.5 rounded bg-[#0f6cbd] px-3 text-[13px] font-medium text-white hover:bg-[#004578] disabled:opacity-50"><FileSearch className="h-3.5 w-3.5" /> Show evidence</button>{task ? <span className="inline-flex h-8 items-center rounded border border-[#c8c6c4] px-3 text-[13px] font-medium text-[#323130]">Task created</span> : <button type="button" onClick={() => void createTask()} disabled={!finding || taskLoading} className="inline-flex h-8 items-center rounded border border-[#c8c6c4] px-3 text-[13px] font-medium text-[#323130] hover:bg-black/[.03] disabled:opacity-50">{taskLoading ? 'Creating task…' : 'Create remediation task'}</button>}</div>[39m
[31m+       </div>[39m
[31m+     </div>}[39m
[31m+   </section>;[39m
[31m+ }[39m
[31m+[39m
[31m+ function Metric({ label, value, icon }: { label: string; value: number; icon: React.ReactNode }) { return <div className="flex items-center gap-1.5">{icon}<div><div className="text-[11px] text-[#605e5c]">{label}</div><div className="text-lg font-semibold text-[#201f1e]">{value}</div></div></div>; }[39m
[31m+ function Detail({ label, value }: { label: string; value: string }) { return <div className="rounded-md border border-[#e1dfdd] bg-[#faf9f8] p-3"><p className="text-[11px] font-semibold uppercase tracking-wide text-[#605e5c]">{label}</p><p className="mt-1 text-[13px] leading-5 text-[#201f1e]">{value}</p></div>; }[39m
[31m+ function formatStoredTime(value?: string | null) { return value ? new Date(value).toLocaleString() : 'Not observed'; }[39m
[31m+ function evidenceList(value?: string | null) { try { const parsed = JSON.parse(value || '[]'); return Array.isArray(parsed) ? parsed.filter((item): item is string => typeof item === 'string') : []; } catch { return []; } }[39m
[31m+[39m

[36m [2m❯[22m tests/trust-network-contract.test.ts:[2m113:15[22m[39m
    [90m111| [39m  it('has empty states for zero clients and zero software, without a f…
    [90m112| [39m    [35mconst[39m s [33m=[39m [34msource[39m()[33m;[39m
    [90m113| [39m    [34mexpect[39m(s)[33m.[39m[34mtoContain[39m([32m'Build your trust network'[39m)[33m;[39m
    [90m   | [39m              [31m^[39m
    [90m114| [39m    expect(s).toContain('Add your first client to begin observing soft…
    [90m115| [39m    [34mexpect[39m(s)[33m.[39m[34mtoContain[39m([32m'Client trust environment ready'[39m)[33m;[39m

[31m[2m⎯⎯⎯⎯⎯⎯⎯⎯⎯⎯⎯⎯⎯⎯⎯⎯⎯⎯⎯⎯[141/141]⎯[22m[39m


[2m Test Files [22m [1m[31m39 failed[39m[22m[2m | [22m[1m[32m67 passed[39m[22m[2m | [22m[33m4 skipped[39m[90m (110)[39m
[2m      Tests [22m [1m[31m141 failed[39m[22m[2m | [22m[1m[32m750 passed[39m[22m[2m | [22m[33m14 skipped[39m[90m (905)[39m
[2m   Start at [22m 22:15:38
[2m   Duration [22m 16.75s[2m (transform 2.08s, setup 0ms, collect 15.18s, tests 3.53s, environment 21ms, prepare 10.36s)[22m


::error file=/home/runner/work/software-passport-registry/software-passport-registry/tests/alert-lifecycle-contract.test.ts,title=tests/alert-lifecycle-contract.test.ts > SPR alert lifecycle contracts > creates a remediation work item on demand before patching one that might not exist yet,line=21,column=17::AssertionError: expected 'import { useEffect, useMemo, useState…' to contain 'if (!remediationId)'%0A%0A- Expected%0A+ Received%0A%0A- if (!remediationId)%0A+ import { useEffect, useMemo, useState, type ReactNode } from 'react';%0A+ import { getRedirectResult, onAuthStateChanged, signOut, type User } from 'firebase/auth';%0A+ import type { Alert, Client, Integration, Scan, SoftwarePassport, Vendor } from './types';%0A+ import type { VerificationDecision } from './lib/verification/evaluateVerification.ts';%0A+ import { apiFetch } from './utils/apiClient';%0A+ import { auth } from './lib/firebase';%0A+ import CommandCenter from './components/CommandCenter';%0A+ import ExtensionWorkflow from './components/ExtensionWorkflow';%0A+ import ExtensionMarketplace from './components/ExtensionMarketplace';%0A+ import LoginView from './components/LoginView';%0A+ import EvidenceDashboardView from './components/EvidenceDashboardView';%0A+ import EvidenceExplorerView from './components/EvidenceExplorerView';%0A+ import AITrustCenterView from './components/AITrustCenterView';%0A+ import CoverageView from './components/CoverageView';%0A+ import AssetsView from './components/AssetsView';%0A+ import PassportsView from './components/PassportsView';%0A+ import ScansView from './components/ScansView';%0A+ import AlertsView from './components/AlertsView';%0A+ import ClientsView from './components/ClientsView';%0A+ import VendorsView from './components/VendorsView';%0A+ import IntegrationsView from './components/IntegrationsView';%0A+ import BillingView from './components/BillingView';%0A+ import ComplianceView from './components/ComplianceView';%0A+ import AgentTrustView from './components/AgentTrustView';%0A+ import EnterpriseReadinessView from './components/EnterpriseReadinessView';%0A+ import FounderDashboardView from './components/FounderDashboardView';%0A+ import InvestorHomeView from './components/InvestorHomeView';%0A+ import SettingsView from './components/SettingsView';%0A+ import TeamView from './components/TeamView';%0A+ import AuditLogView from './components/AuditLogView';%0A+ import MonitoringView from './components/MonitoringView';%0A+ import SecurityCenterView from './components/SecurityCenterView';%0A+ import MSPCommandCenter from './components/MSPCommandCenter';%0A+ import ReportsView from './components/ReportsView';%0A+ import TrustGraphView from './components/TrustGraphView';%0A+ import { EXTENSIONS } from './workflows/extensionRegistry';%0A+ const PUBLIC_PATHS = new Set(['/','/login','/free-review','/pricing']);%0A+ const EMPTY_CLIENTS: Client[] = []; const EMPTY_PASSPORTS: SoftwarePassport[] = []; const EMPTY_VENDORS: Vendor[] = []; const EMPTY_INTEGRATIONS: Integration[] = []; const EMPTY_SCANS: Scan[] = []; const EMPTY_ALERTS: Alert[] = [];%0A+ function deriveAlertStatus(remediationStatus: string | null | undefined, findingStatus: string | null | undefined): Alert['status'] { switch (remediationStatus) { case 'IN_PROGRESS': case 'READY_FOR_VERIFICATION': return 'Acknowledged'; case 'BLOCKED': return 'Snoozed'; case 'VERIFIED': case 'CLOSED': return 'Resolved'; case 'CANCELLED': return 'Cancelled'; case 'OPEN': return 'Active'; default: return String(findingStatus || '').toLowerCase() === 'resolved' ? 'Resolved' : 'Active'; } }%0A+ function navigate(path: string) { window.history.pushState({}, '', path); window.dispatchEvent(new PopStateEvent('popstate')); }%0A+ function usePath() { const [path, setPath] = useState(() => window.location.pathname || '/'); useEffect(() => { const update = () => setPath(window.location.pathname || '/'); window.addEventListener('popstate', update); return () => window.removeEventListener('popstate', update); }, []); return path; }%0A+ function AuthLoading() { return <div className="grid min-h-screen place-items-center bg-[#faf9f8] text-[#201f1e]"><div className="text-center"><div className="mx-auto grid h-10 w-10 place-items-center rounded bg-[#0f6cbd] text-xs font-bold text-white">S</div><div className="mt-4 text-[11px] font-semibold uppercase tracking-wide text-[#605e5c]">Securing workspace</div><div className="mt-1 text-[12px] text-[#8a8886]">Checking authenticated session…</div></div></div>; }%0A+ function CoverPage() { return <div className="min-h-screen bg-[#faf9f8] text-[#201f1e]"><div className="mx-auto flex min-h-screen max-w-5xl items-center px-6 py-16"><div className="max-w-3xl"><div className="mb-5 inline-flex items-center gap-1.5 rounded border border-[#e1dfdd] bg-white px-2.5 py-1 text-[11px] font-semibold uppercase tracking-wide text-[#605e5c]">Evidence-first software trust</div><h1 className="text-[28px] font-semibold tracking-tight md:text-[34px]">Software trust, operated as a system.</h1><p className="mt-4 max-w-2xl text-[14px] leading-6 text-[#605e5c]">Software Passport Registry turns software identity, security, provenance, reliability, compliance, and evidence into repeatable workflows for teams, buyers, and managed service providers.</p><div className="mt-6 flex flex-wrap gap-2"><button onClick={() => navigate('/login')} className="h-9 rounded bg-[#0f6cbd] px-4 text-[13px] font-semibold text-white hover:bg-[#004578]">Enter SPR</button><button onClick={() => navigate('/free-review')} className="h-9 rounded border border-[#c8c6c4] bg-white px-4 text-[13px] font-medium text-[#323130] hover:bg-black/[.03]">Free review</button></div></div></div></div>; }%0A+ function PublicPage({ title, description, action, onAction }: { title: string; description: string; action: string; onAction: () => void }) { return <div className="grid min-h-screen place-items-center bg-[#faf9f8] px-6 text-[#201f1e]"><div className="max-w-md rounded-md border border-[#e1dfdd] bg-white p-6 text-center"><div className="text-[11px] font-semibold uppercase tracking-wide text-[#605e5c]">Software Passport Registry</div><h1 className="mt-2 text-[20px] font-semibold">{title}</h1><p className="mt-2 text-[13px] leading-5 text-[#605e5c]">{description}</p><button onClick={onAction} className="mt-5 h-9 rounded bg-[#0f6cbd] px-4 text-[13px] font-semibold text-white hover:bg-[#004578]">{action}</button></div></div>; }%0A+ function WorkflowBoundary({ title, description, extensionId, onNavigate }: { title: string; description: string; extensionId?: string; onNavigate: (path: string) => void }) { const extension = extensionId ? EXTENSIONS.find((item) => item.id === extensionId) : undefined; return <section><div className="rounded-md border border-[#e1dfdd] bg-white p-5"><div className="text-[11px] font-semibold uppercase tracking-wide text-[#605e5c]">Workflow boundary</div><h1 className="mt-1.5 text-[20px] font-semibold tracking-tight">{title}</h1><p className="mt-2 max-w-2xl text-[13px] leading-5 text-[#605e5c]">{description}</p>{extension && <button onClick={() => onNavigate(extension.entryPath)} className="mt-4 h-8 rounded bg-[#0f6cbd] px-3 text-[12px] font-semibold text-white hover:bg-[#004578]">Open {extension.name} →</button>}</div></section>; }%0A+ export default function App() {%0A+  const path=usePath(); const [authReady,setAuthReady]=useState(false); const [user,setUser]=useState<User|null>(null); const [role,setRole]=useState('Viewer'); const [selectedClientId,setSelectedClientId]=useState(''); const [selectedPassportId,setSelectedPassportId]=useState<string|null>(null); const [assets,setAssets]=useState<any[]>([]); const [clients,setClients]=useState<Client[]>(EMPTY_CLIENTS); const [passports,setPassports]=useState<SoftwarePassport[]>(EMPTY_PASSPORTS); const [vendors,setVendors]=useState<Vendor[]>(EMPTY_VENDORS); const [alerts,setAlerts]=useState<Alert[]>(EMPTY_ALERTS); const [findings,setFindings]=useState<unknown[]>([]); const [scans,setScans]=useState<Scan[]>(EMPTY_SCANS); const [integrations,setIntegrations]=useState<Integration[]>(EMPTY_INTEGRATIONS); const [theme,setTheme]=useState<'light'|'dark'>('dark'); const [verificationDecisions,setVerificationDecisions]=useState<Record<string,VerificationDecision>>({}); const [verificationDetails,setVerificationDetails]=useState<Record<string,unknown>>({});%0A+  useEffect(()=>{let mounted=true;let redirectSettled=false;let observedUser:User|null=null;const timeoutId=window.setTimeout(()=>{if(mounted)setAuthReady(true)},10000);const unsubscribe=onAuthStateChanged(auth,(currentUser)=>{if(!mounted)return;observedUser=currentUser;if(!redirectSettled)return;setUser(currentUser);setAuthReady(true);window.clearTimeout(timeoutId)},()=>{if(mounted){setAuthReady(true);window.clearTimeout(timeoutId)}});void getRedirectResult(auth).then(result=>{redirectSettled=true;if(mounted)setUser(result?.user||observedUser);if(mounted)setAuthReady(true);window.clearTimeout(timeoutId)}).catch(error=>{redirectSettled=true;console.error('[Firebase redirect sign-in error]',error);if(mounted)setUser(observedUser);if(mounted)setAuthReady(true);window.clearTimeout(timeoutId)});return()=>{mounted=false;window.clearTimeout(timeoutId);unsubscribe()}},[]);%0A+  useEffect(()=>{if(authReady&&!user&&!PUBLIC_PATHS.has(path))navigate('/login')},[authReady,user,path]);%0A+  useEffect(()=>{if(!user)return;let cancelled=false;const load=async()=>{const responses=await Promise.all([apiFetch('/api/user/me'),apiFetch('/api/scans'),apiFetch('/api/trust-loop/findings'),apiFetch('/api/user/passports'),apiFetch('/api/user/clients'),apiFetch('/api/integrations'),apiFetch('/api/user/verification')]);if(responses.some(r=>r.status===401)){await signOut(auth);navigate('/login');return}const [me,scansResponse,findingsResponse,passportsResponse,clientsResponse,integrationsResponse,verificationResponse]=responses;if(verificationResponse.ok){const data=await verificationResponse.json().catch(()=>null);if(!cancelled){setVerificationDecisions(data?.verificationDecisions&&typeof data.verificationDecisions==='object'?data.verificationDecisions:{});setVerificationDetails(data?.verificationDetails&&typeof data.verificationDetails==='object'?data.verificationDetails:{})}}else if(!cancelled){setVerificationDecisions({});setVerificationDetails({})}if(me.ok){const data=await me.json().catch(()=>null);if(!cancelled)setRole(String(data?.role||'Viewer'))}if(scansResponse.ok){const data=await scansResponse.json().catch(()=>[]);if(!cancelled&&Array.isArray(data))setScans(data)}if(findingsResponse.ok){const data=await findingsResponse.json().catch(()=>[]);const rows=Array.isArray(data)?data:data?.findings;if(!cancelled&&Array.isArray(rows)){setFindings(rows);setAlerts(rows.map((row:any)=>({id:String(row.id),title:String(row.title||row.control_id||'Trust finding'),severity:String(row.severity||'Low').replace(/^./,(s:string)=>s.toUpperCase()),category:'Trust finding',clientName:String(row.client_id||'Tenant'),description:String(row.description||'Evidence-backed finding'),timestamp:String(row.updated_at||''),status:deriveAlertStatus(row.remediation_status,row.status),remediationId:row.remediation_id?String(row.remediation_id):null,ownerDisplay:row.remediation_owner_display||null,slaDueAt:row.remediation_sla_due_at||null})) as Alert[])}}if(passportsResponse.ok){const data=await passportsResponse.json().catch(()=>[]);const rows=Array.isArray(data)?data:data?.passports;if(!cancelled&&Array.isArray(rows)){const normalized=rows.map((row:any)=>({...row,id:String(row.id),name:String(row.name||'Unnamed software'),version:String(row.version||'unknown'),publisher:String(row.publisher||'unknown'),clientId:row.clientId?String(row.clientId):undefined,evidence:Array.isArray(row.evidence)?row.evidence:[],vulnerabilities:Array.isArray(row.vulnerabilities)?row.vulnerabilities:[],timeline:Array.isArray(row.timeline)?row.timeline:[],sbom:Array.isArray(row.sbom)?row.sbom:[],scores:null,scoreStatus:row.scoreStatus||'not_authoritatively_scored'})) as SoftwarePassport[];setPassports(normalized);setAssets(normalized.map((passport:any)=>({id:passport.id,name:passport.name,hostName:passport.name,type:passport.category||'software',clientId:passport.clientId,clientName:String(passport.clientId||'Unobserved'),environment:String(passport.environment||'Unobserved'),version:passport.version})));setVendors(EMPTY_VENDORS)}}if(clientsResponse.ok){const data=await clientsResponse.json().catch(()=>[]);const rows=Array.isArray(data)?data:data?.clients;if(!cancelled&&Array.isArray(rows))setClients(rows.map((row:any)=>({...row,id:String(row.id),name:String(row.name||row.company_name||'Unnamed client')})) as Client[])}if(integrationsResponse.ok){const data=await integrationsResponse.json().catch(()=>[]);if(!cancelled&&Array.isArray(data))setIntegrations(data)}};void load().catch(error=>console.warn('[SPR command center load]',error));return()=>{cancelled=true}},[user]);%0A+  useEffect(()=>{const refresh=()=>{if(user)window.location.reload()};window.addEventListener('refresh-data',refresh);return()=>window.removeEventListener('refresh-data',refresh)},[user]);%0A+  const onNavigateTab=(target:string,itemId?:string)=>navigate(itemId?`${target.startsWith('/')?target:`/${target}`}/${encodeURIComponent(itemId)}`:target.startsWith('/')?target:`/${target}`); const quickAction=(action:'add-client'|'register-passport'|'scan-sbom')=>navigate(action==='add-client'?'/clients':action==='register-passport'?'/passports':'/scans');%0A+  const performAlertAction=async(alert:Alert,action:'acknowledge'|'assign'|'resolve'|'escalate'|'snooze'|'reopen',assigneeDisplay?:string)=>{let remediationId=alert.remediationId;if(!remediationId){const created=await apiFetch('/api/trust-loop/remediations',{method:'POST',headers:{'Content-Type':'application/json'},body:JSON.stringify({findingId:alert.id,title:alert.title,description:alert.description,priority:alert.severity.toUpperCase()})});if(!created.ok)return;const createdBody=await created.json().catch(()=>null);remediationId=createdBody?.id?String(createdBody.id):undefined;if(!remediationId)return}const patchBody:Record<string,unknown>={acknowledge:{status:'IN_PROGRESS'},resolve:{status:'CLOSED'},snooze:{status:'BLOCKED'},reopen:{status:'OPEN'},escalate:{status:'IN_PROGRESS',slaDueAt:new Date(Date.now()+4*3600*1000).toISOString()},assign:{status:'IN_PROGRESS',ownerDisplay:assigneeDisplay||''}}[action];const response=await apiFetch(`/api/trust-loop/remediations/${encodeURIComponent(remediationId)}`,{method:'PATCH',headers:{'Content-Type':'application/json'},body:JSON.stringify(patchBody)});if(!response.ok)return;const updated=await response.json().catch(()=>null);setAlerts(current=>current.map(item=>item.id===alert.id?{...item,remediationId,status:deriveAlertStatus(updated?.status??String(patchBody.status),null),ownerDisplay:updated?.owner_display??(patchBody.ownerDisplay as string|undefined)??item.ownerDisplay,slaDueAt:updated?.sla_due_at??(patchBody.slaDueAt as string|undefined)??item.slaDueAt}:item))};%0A+  const selectedExtension=useMemo(()=>{const match=path.match(/^\/extensions\/([^/]+)/);return match?decodeURIComponent(match[1]):null},[path]);const signOutUser=async()=>{await signOut(auth);navigate('/login')};%0A+  if(!authReady)return <AuthLoading/>;if(path==='/')return <CoverPage/>;if(path==='/login')return user?<AuthLoading/>:<LoginView onLoginSuccess={()=>navigate('/dashboard')}/>;if(!user&&path==='/free-review')return <PublicPage title="Free software review" description="Start an evidence-first review from the public entry point." action="Sign in to continue" onAction={()=>navigate('/login')}/>;if(!user&&path==='/pricing')return <PublicPage title="SPR plans" description="Account and billing capabilities are available inside the authenticated workspace." action="Enter SPR" onAction={()=>navigate('/login')}/>;if(!user)return <AuthLoading/>;%0A+  let view:ReactNode;if(selectedExtension)view=<ExtensionWorkflow id={selectedExtension} onNavigate={navigate}/>;else switch(path){case '/dashboard':view=<EvidenceDashboardView clients={clients} alerts={alerts} scans={scans} passports={passports} findings={findings} onNavigateTab={onNavigateTab} onOpenQuickAction={quickAction}/>;break;case '/coverage':view=<CoverageView clients={clients} scans={scans} passports={passports} onNavigateTab={onNavigateTab}/>;break;case '/evidence-explorer':view=<EvidenceExplorerView passports={passports}/>;break;case '/assets':view=<AssetsView clients={clients} searchQuery="" assets={assets}/>;break;case '/passports':case '/registry':view=<PassportsView verificationDecisions={verificationDecisions} verificationDetails={verificationDetails} passports={passports} selectedPassportId={selectedPassportId} setSelectedPassportId={setSelectedPassportId} searchQuery="" clients={clients} assets={assets} role={role} onNavigateTab={onNavigateTab} onUpdatePassport={passport=>setPassports(current=>current.map(item=>item.id===passport.id?passport:item))}/>;break;case '/scans':view=<ScansView scans={scans} clients={clients} assets={assets} passports={passports} role={role} onTriggerNewScan={scan=>setScans(current=>[scan,...current.filter(item=>item.id!==scan.id)].slice(0,100))}/>;break;case '/alerts':view=<AlertsView alerts={alerts} onAlertAction={performAlertAction}/>;break;case '/reports':view=<ReportsView clients={clients} passports={passports} scans={scans} alerts={alerts} findings={findings} role={role}/>;break;case '/trust-graph':view=<TrustGraphView clients={clients} passports={passports} assets={assets} findings={findings}/>;/* onSelectPassport={setSelectedPassportId} */break;case '/clients':view=<ClientsView clients={clients} selectedClientId={selectedClientId} setSelectedClientId={setSelectedClientId} passports={passports} onNavigateTab={onNavigateTab} searchQuery=""/>;break;case '/vendors':view=<VendorsView vendors={vendors} searchQuery=""/>;break;case '/integrations':view=<IntegrationsView passports={passports} onNavigateTab={onNavigateTab}/>;break;case '/monitoring':view=<MonitoringView role={role}/>;break;case '/security':view=<SecurityCenterView clients={clients} passports={passports}/>;break;case '/compliance':view=<ComplianceView clients={clients} role={role}/>;break;case '/msp':view=<MSPCommandCenter verificationDecisions={verificationDecisions} verificationDetails={verificationDetails} clients={clients} alerts={alerts} findings={findings} role={role} onSelectClient={setSelectedClientId} onNavigate={navigate}/>;break;case '/agent-trust':view=<AgentTrustView/>;break;case '/ai-trust-center':view=<AITrustCenterView role={role}/>;break;case '/enterprise-readiness':view=<EnterpriseReadinessView clients={clients}/>;break;case '/investor':view=<InvestorHomeView passports={passports} clients={clients} alerts={alerts} onShowTelemetry={()=>navigate('/scans')} onNavigateTab={onNavigateTab}/>;break;case '/founder':view=<FounderDashboardView userRole={role}/>;break;case '/billing':view=<BillingView/>;break;case '/settings':view=<SettingsView theme={theme} onToggleTheme={()=>setTheme(current=>current==='dark'?'light':'dark')}/>;break;case '/team':view=<TeamView role={role}/>;break;case '/audit-log':view=<AuditLogView/>;break;case '/extensions':view=<ExtensionMarketplace onNavigateTab={onNavigateTab} role={role}/>;break;default:view=<WorkflowBoundary title="Workflow" description="This authenticated capability is explicitly routed through the Command Center. Choose its owning workflow from the left rail." onNavigate={navigate}/>}%0A+  return <CommandCenter path={path} userEmail={user.email} role={role} onNavigate={navigate} onSignOut={()=>void signOutUser()}>{view}</CommandCenter>;%0A+ }%0A+%0A%0A ❯ tests/alert-lifecycle-contract.test.ts:21:17%0A%0A

::error file=/home/runner/work/software-passport-registry/software-passport-registry/tests/api-fetch-trailing-slash.test.ts,title=tests/api-fetch-trailing-slash.test.ts > apiFetch calls never use a bare trailing-slash path > IntegrationsView.tsx does not call apiFetch with a trailing-slash literal path,line=28,column=25::AssertionError: expected [ Array(1) ] to deeply equal []%0A%0A- Expected%0A+ Received%0A%0A- []%0A+ [%0A+   "apiFetch('/api/integrations-live/')",%0A+ ]%0A%0A ❯ tests/api-fetch-trailing-slash.test.ts:28:25%0A%0A

::error file=/home/runner/work/software-passport-registry/software-passport-registry/tests/auth-notice-contract.test.ts,title=tests/auth-notice-contract.test.ts > the notice is actually wired into both failure paths > App.tsx's batch-load 401 branch sets a notice before signing out and navigating away,line=56,column=25::AssertionError: expected -1 to be greater than -1%0A ❯ tests/auth-notice-contract.test.ts:56:25%0A%0A

::error file=/home/runner/work/software-passport-registry/software-passport-registry/tests/auth-notice-contract.test.ts,title=tests/auth-notice-contract.test.ts > the notice is actually wired into both failure paths > LoginView consumes the pending notice on mount,line=72,column=50::AssertionError: expected 'import React, { useEffect, useState }…' to contain 'consumeAuthNotice()'%0A%0A- Expected%0A+ Received%0A%0A- consumeAuthNotice()%0A+ import React, { useEffect, useState } from 'react';%0A+ import {%0A+   createUserWithEmailAndPassword,%0A+   onAuthStateChanged,%0A+   reload,%0A+   sendEmailVerification,%0A+   sendPasswordResetEmail,%0A+   signInWithEmailAndPassword,%0A+   signInWithPopup,%0A+   signInWithRedirect,%0A+   signOut,%0A+   type User,%0A+ } from 'firebase/auth';%0A+ import { AlertCircle, ArrowRight, CheckCircle2, Eye, EyeOff, Loader, ShieldCheck } from 'lucide-react';%0A+ import { auth, googleAuthProvider, firebaseConfigured } from '../lib/firebase';%0A+%0A+ interface LoginViewProps {%0A+   onLoginSuccess: (user: { uid: string; email: string | null; displayName: string; token: string; emailVerified: boolean; onboarded: 0 }) => void;%0A+ }%0A+%0A+ const authMessage = (error: any, fallback: string) => {%0A+   switch (error?.code) {%0A+     case 'auth/invalid-credential':%0A+     case 'auth/user-not-found':%0A+     case 'auth/wrong-password': return 'The email or password is incorrect.';%0A+     case 'auth/email-already-in-use': return 'An account already exists for this email. Sign in instead.';%0A+     case 'auth/invalid-email': return 'Enter a valid email address.';%0A+     case 'auth/weak-password': return 'Choose a stronger password with at least 6 characters.';%0A+     case 'auth/too-many-requests': return 'Too many attempts. Please wait a few minutes and try again.';%0A+     case 'auth/unauthorized-domain': return `This site is not authorized for Firebase sign-in (${window.location.hostname}). Add this domain in Firebase Authentication → Settings → Authorized domains.`;%0A+     case 'auth/operation-not-allowed': return 'Google sign-in is not enabled in Firebase Authentication.';%0A+     case 'auth/popup-blocked': return 'Your browser blocked the Google sign-in window. We will retry with a redirect.';%0A+     case 'auth/popup-closed-by-user': return '';%0A+     case 'auth/cancelled-popup-request': return '';%0A+     case 'auth/account-exists-with-different-credential': return 'This email already uses a different sign-in method.';%0A+     case 'auth/network-request-failed': return 'Authentication could not reach Firebase. Check your connection and try again.';%0A+     case 'auth/web-storage-unsupported': return 'Browser storage is unavailable. Enable cookies/site data for this site and try again.';%0A+     case 'auth/argument-error': return 'Firebase authentication is not initialized correctly for this deployment. Check the Vercel VITE_FIREBASE_* production variables and redeploy.';%0A+     default: return error?.message ? `${fallback} (${error.code || 'unknown-error'})` : fallback;%0A+   }%0A+ };%0A+%0A+ export default function LoginView({ onLoginSuccess }: LoginViewProps) {%0A+   const [email, setEmail] = useState('');%0A+   const [password, setPassword] = useState('');%0A+   const [showPassword, setShowPassword] = useState(false);%0A+   const [loading, setLoading] = useState(false);%0A+   const [googleLoading, setGoogleLoading] = useState(false);%0A+   const [error, setError] = useState('');%0A+   const [notice, setNotice] = useState('');%0A+%0A+   const complete = async (user: User) => {%0A+     if (!auth) throw new Error('Firebase authentication is not initialized.');%0A+     await reload(user);%0A+     if (!user.emailVerified) {%0A+       try { await sendEmailVerification(user); } catch { /* Firebase may rate-limit repeated verification emails. */ }%0A+       await signOut(auth);%0A+       setNotice('Verify your email before entering SPR. We sent a fresh verification email. Then sign in again.');%0A+       return;%0A+     }%0A+     const token = await user.getIdToken(true);%0A+     onLoginSuccess({ uid: user.uid, email: user.email, displayName: user.displayName || user.email?.split('@')[0] || 'User', token, emailVerified: true, onboarded: 0 });%0A+   };%0A+%0A+   useEffect(() => {%0A+     if (!auth) {%0A+       setNotice('Authentication is temporarily unavailable. The frontend loaded, but Firebase browser configuration is missing from this deployment.');%0A+       return;%0A+     }%0A+     const unsubscribe = onAuthStateChanged(auth, (currentUser) => {%0A+       if (!currentUser || currentUser.emailVerified) return;%0A+       setNotice('Verify your email before entering the protected workspace.');%0A+     });%0A+     const onProvisioningFailure = () => {%0A+       setError('Your Firebase account is valid, but SPR has not provisioned this account in its workspace yet.');%0A+       setNotice('Authentication succeeded; workspace authorization is still required.');%0A+     };%0A+     window.addEventListener('auth-provisioning-failed', onProvisioningFailure);%0A+     return () => { unsubscribe(); window.removeEventListener('auth-provisioning-failed', onProvisioningFailure); };%0A+   }, []);%0A+%0A+   const submit = async (event: React.FormEvent) => {%0A+     event.preventDefault();%0A+     if (loading || googleLoading) return;%0A+     if (!auth || !firebaseConfigured) { setError('Firebase browser configuration is missing. Add the VITE_FIREBASE_* Production variables in Vercel and redeploy.'); return; }%0A+     setLoading(true); setError(''); setNotice('');%0A+     try { const result = await signInWithEmailAndPassword(auth, email.trim().toLowerCase(), password); await complete(result.user); }%0A+     catch (err: any) { const message = authMessage(err, 'Sign-in failed.'); if (message) setError(message); }%0A+     finally { setLoading(false); }%0A+   };%0A+%0A+   const register = async () => {%0A+     if (loading || googleLoading) return;%0A+     if (!auth || !firebaseConfigured) { setError('Firebase browser configuration is missing. Add the VITE_FIREBASE_* Production variables in Vercel and redeploy.'); return; }%0A+     setLoading(true); setError(''); setNotice('');%0A+     try { const result = await createUserWithEmailAndPassword(auth, email.trim().toLowerCase(), password); await sendEmailVerification(result.user); await signOut(auth); setNotice('Account created. Check your email, verify it, then sign in.'); }%0A+     catch (err: any) { setError(authMessage(err, 'Account creation failed.')); }%0A+     finally { setLoading(false); }%0A+   };%0A+%0A+   const google = async () => {%0A+     if (loading || googleLoading) return;%0A+     if (!auth || !firebaseConfigured) { setError('Firebase browser configuration is missing. Add the VITE_FIREBASE_* Production variables in Vercel and redeploy.'); return; }%0A+     setGoogleLoading(true); setError(''); setNotice('Opening secure Google sign-in…');%0A+     try {%0A+       try {%0A+         const result = await signInWithPopup(auth, googleAuthProvider);%0A+         await complete(result.user);%0A+       } catch (err: any) {%0A+         if (['auth/popup-blocked', 'auth/operation-not-supported-in-this-environment'].includes(err?.code)) {%0A+           await signInWithRedirect(auth, googleAuthProvider);%0A+           return;%0A+         }%0A+         throw err;%0A+       }%0A+     } catch (err: any) {%0A+       const message = authMessage(err, 'Google sign-in failed.');%0A+       if (message) setError(message); else setNotice('');%0A+     } finally { setGoogleLoading(false); }%0A+   };%0A+%0A+   const reset = async () => {%0A+     if (!email.trim()) { setError('Enter your email first.'); return; }%0A+     if (!auth || !firebaseConfigured) { setError('Firebase browser configuration is missing.'); return; }%0A+     setLoading(true); setError(''); setNotice('');%0A+     try { await sendPasswordResetEmail(auth, email.trim().toLowerCase()); setNotice('Password reset email sent.'); }%0A+     catch (err: any) { setError(authMessage(err, 'Could not send the reset email.')); }%0A+     finally { setLoading(false); }%0A+   };%0A+%0A+   const resendVerification = async () => {%0A+     const currentUser = auth?.currentUser;%0A+     if (!currentUser || currentUser.emailVerified) return;%0A+     setLoading(true); setError(''); setNotice('');%0A+     try { await sendEmailVerification(currentUser); setNotice('A fresh verification email has been sent.'); }%0A+     catch (err: any) { setError(authMessage(err, 'Could not resend the verification email.')); }%0A+     finally { setLoading(false); }%0A+   };%0A+%0A+   const busy = loading || googleLoading;%0A+%0A+   return (%0A+     <div className="flex min-h-screen items-center justify-center bg-[#faf9f8] p-6 text-[#201f1e]">%0A+       <form onSubmit={submit} className="w-full max-w-[360px] space-y-4 rounded-md border border-[#e1dfdd] bg-white p-6" noValidate>%0A+         <div className="mb-1 text-center">%0A+           <div className="mx-auto mb-2 grid h-8 w-8 place-items-center rounded bg-[#0f6cbd] text-xs font-bold text-white">S</div>%0A+           <div className="text-[13px] font-semibold">SPR</div>%0A+           <p className="mt-0.5 text-[12px] text-[#605e5c]">Software Trust Infrastructure</p>%0A+         </div>%0A+         {error && <div role="alert" className="flex items-start gap-2 rounded border border-[#a4262c]/20 bg-[#fdf2f2] p-2.5 text-[12px] text-[#a4262c]"><AlertCircle className="mt-0.5 h-3.5 w-3.5 shrink-0" />{error}</div>}%0A+         {notice && <div role="status" className="flex items-start gap-2 rounded border border-[#0f6cbd]/20 bg-[#eff6fc] p-2.5 text-[12px] text-[#004578]"><CheckCircle2 className="mt-0.5 h-3.5 w-3.5 shrink-0" />{notice}</div>}%0A+         <label className="block text-[12px] font-semibold text-[#323130]">Email%0A+           <input className="mt-1 h-9 w-full rounded border border-[#c8c6c4] bg-white px-3 text-[13px] text-[#201f1e] outline-none focus:border-[#0f6cbd] focus:ring-1 focus:ring-[#0f6cbd]" type="email" autoComplete="email" value={email} onChange={(e) => setEmail(e.target.value)} required />%0A+         </label>%0A+         <label className="block text-[12px] font-semibold text-[#323130]">Password%0A+           <span className="relative mt-1 block">%0A+             <input className="h-9 w-full rounded border border-[#c8c6c4] bg-white px-3 pr-10 text-[13px] text-[#201f1e] outline-none focus:border-[#0f6cbd] focus:ring-1 focus:ring-[#0f6cbd]" type={showPassword ? 'text' : 'password'} autoComplete="current-password" value={password} onChange={(e) => setPassword(e.target.value)} minLength={6} required />%0A+             <button type="button" onClick={() => setShowPassword((v) => !v)} aria-label={showPassword ? 'Hide password' : 'Show password'} className="absolute inset-y-0 right-0 px-3 text-[#605e5c]">{showPassword ? <EyeOff className="h-3.5 w-3.5" /> : <Eye className="h-3.5 w-3.5" />}</button>%0A+           </span>%0A+         </label>%0A+         <button type="submit" disabled={busy} className="flex h-9 w-full items-center justify-center gap-1.5 rounded bg-[#0f6cbd] text-[13px] font-semibold text-white hover:bg-[#004578] disabled:opacity-50">{loading ? <Loader className="h-4 w-4 animate-spin" /> : <>Sign in <ArrowRight className="h-3.5 w-3.5" /></>}</button>%0A+         <button type="button" disabled={busy} onClick={register} className="flex h-9 w-full items-center justify-center gap-1.5 rounded border border-[#c8c6c4] text-[13px] font-medium text-[#323130] hover:bg-black/[.03] disabled:opacity-50"><ShieldCheck className="h-3.5 w-3.5" />Create account</button>%0A+         <div className="flex items-center gap-2 py-1 text-[11px] text-[#8a8886]"><span className="h-px flex-1 bg-[#e1dfdd]" />or<span className="h-px flex-1 bg-[#e1dfdd]" /></div>%0A+         <button type="button" disabled={busy} onClick={google} className="flex h-9 w-full items-center justify-center gap-1.5 rounded border border-[#c8c6c4] bg-white text-[13px] font-medium text-[#323130] hover:bg-black/[.03] disabled:opacity-50">{googleLoading ? <Loader className="h-4 w-4 animate-spin" /> : 'Continue with Google'}</button>%0A+         <div className="flex justify-between pt-1 text-[11px]"><button type="button" disabled={busy} onClick={reset} className="text-[#0f6cbd] hover:text-[#004578]">Forgot password?</button><button type="button" disabled={busy} onClick={resendVerification} className="text-[#605e5c] hover:text-[#323130]">Resend verification</button></div>%0A+       </form>%0A+     </div>%0A+   );%0A+ }%0A+%0A%0A ❯ tests/auth-notice-contract.test.ts:72:50%0A%0A

::error file=/home/runner/work/software-passport-registry/software-passport-registry/tests/billing-contract.test.ts,title=tests/billing-contract.test.ts > Stripe webhook handling > is mounted with the raw body before the global JSON parser%2C not after,line=82,column=26::AssertionError: expected -1 to be greater than -1%0A ❯ tests/billing-contract.test.ts:82:26%0A%0A

::error file=/home/runner/work/software-passport-registry/software-passport-registry/tests/billing-contract.test.ts,title=tests/billing-contract.test.ts > entitlement enforcement is real%2C wired into the actual client-creation route%2C not just displayed > POST /api/user/clients actually calls canCreateClient before inserting%2C and returns a structured 402 with usage/upgrade info when blocked,line=101,column=23::AssertionError: expected '' to contain 'await canCreateClient(tenantId, db)'%0A%0A- Expected%0A+ Received%0A%0A- await canCreateClient(tenantId, db)%0A%0A ❯ tests/billing-contract.test.ts:101:23%0A%0A

::error file=/home/runner/work/software-passport-registry/software-passport-registry/tests/billing-contract.test.ts,title=tests/billing-contract.test.ts > entitlement enforcement is real%2C wired into the actual client-creation route%2C not just displayed > a limit-reached attempt is recorded to the audit trail,line=113,column=23::AssertionError: expected '' to contain 'action: \'billing.limit.reached\''%0A%0A- Expected%0A+ Received%0A%0A- action: 'billing.limit.reached'%0A%0A ❯ tests/billing-contract.test.ts:113:23%0A%0A

::error file=/home/runner/work/software-passport-registry/software-passport-registry/tests/billing-contract.test.ts,title=tests/billing-contract.test.ts > entitlement enforcement is real%2C wired into the actual client-creation route%2C not just displayed > a race that slips past the app-level check is still rejected by the DB trigger%2C not silently allowed,line=120,column=23::AssertionError: expected '' to contain 'CLIENT_LIMIT_REACHED'%0A%0A- Expected%0A+ Received%0A%0A- CLIENT_LIMIT_REACHED%0A%0A ❯ tests/billing-contract.test.ts:120:23%0A%0A

::error file=/home/runner/work/software-passport-registry/software-passport-registry/tests/client-creation-contract.test.ts,title=tests/client-creation-contract.test.ts > POST /api/user/clients > requires Owner/Admin%2C not any authenticated user,line=20,column=22::AssertionError: expected '/**\n * @license\n * SPDX-License-Ide…' to contain 'router.post(\'/user/clients\', requir…'%0A%0A- Expected%0A+ Received%0A%0A- router.post('/user/clients', requireAuth, requireRole(['Owner', 'Admin'])%0A+ /**%0A+  * @license%0A+  * SPDX-License-Identifier: Apache-2.0%0A+  */%0A+%0A+ import { Router } from 'express';%0A+ import { eq } from 'drizzle-orm';%0A+ import { sql } from 'drizzle-orm';%0A+ import { z } from 'zod';%0A+ import { users } from '../db/schema.ts';%0A+ import { AuthenticatedRequest, requireAuth, requireRole } from '../middleware/security.ts';%0A+ import { adminAuth, setUserCustomClaims } from '../lib/firebase-admin.ts';%0A+ import { appendAuditEntry, verifyAuditChain } from '../security/audit-log.ts';%0A+ import { describeUserAgent, sessionFingerprint } from '../security/session-tracking.ts';%0A+ import { offboardTenantData } from '../db/sync.ts';%0A+ import { INTEGRATION_CATALOG } from '../integrations/catalog.ts';%0A+ import { adaptEvidenceForEvaluation } from '../lib/verification/evidenceAdapter.ts';%0A+ import { evaluateVerification, type VerificationDecision } from '../lib/verification/evaluateVerification.ts';%0A+%0A+ const INVITABLE_ROLES = ['Admin', 'Technician', 'Viewer', 'Client'] as const;%0A+ const inviteSchema = z.object({ email: z.string().trim().email().max(255), role: z.enum(INVITABLE_ROLES) }).strict();%0A+ const roleUpdateSchema = z.object({ role: z.enum(INVITABLE_ROLES) }).strict();%0A+ const profileUpdateSchema = z.object({%0A+   displayName: z.string().trim().max(200).optional(),%0A+   roleTitle: z.string().trim().max(200).optional(),%0A+   companyName: z.string().trim().max(200).optional(),%0A+ }).strict();%0A+ const revokeSessionSchema = z.object({ sessionId: z.string().trim().min(1).max(200) }).strict();%0A+%0A+ export function createAuthRouter() {%0A+   const router = Router();%0A+%0A+   // The Firebase ID token is the sole authentication authority. The database%0A+   // record supplies the tenant/RBAC projection after token verification.%0A+   router.get('/user/me', requireAuth, async (req: AuthenticatedRequest, res, next) => {%0A+     try {%0A+       const db = req.db!;%0A+       const user = await db.select({%0A+         id: users.id,%0A+         uid: users.uid,%0A+         email: users.email,%0A+         tenantId: users.tenantId,%0A+         role: users.role,%0A+         companyName: users.companyName,%0A+         roleTitle: users.roleTitle,%0A+         displayName: users.displayName,%0A+         numTechnicians: users.numTechnicians,%0A+         clientCount: users.clientCount,%0A+         primaryUseCase: users.primaryUseCase,%0A+         onboarded: users.onboarded,%0A+         mfaEnabled: users.mfaEnabled,%0A+         createdAt: users.createdAt,%0A+       }).from(users).where(eq(users.uid, req.user!.uid)).then(rows => rows[0]);%0A+%0A+       if (!user) return res.status(403).json({ error: 'User account is not provisioned' });%0A+       return res.json({ ...user, emailVerified: req.user!.emailVerified });%0A+     } catch (error) {%0A+       return next(error);%0A+     }%0A+   });%0A+%0A+   router.put('/user/profile', requireAuth, async (req: AuthenticatedRequest, res, next) => {%0A+     try {%0A+       const db = req.db!;%0A+       const parsed = profileUpdateSchema.safeParse(req.body);%0A+       if (!parsed.success) return res.status(400).json({ error: 'Invalid request', details: parsed.error.flatten() });%0A+       const result = await db.execute(sql`%0A+         UPDATE users SET%0A+           display_name = COALESCE(${parsed.data.displayName ?? null}, display_name),%0A+           role_title = COALESCE(${parsed.data.roleTitle ?? null}, role_title),%0A+           company_name = COALESCE(${parsed.data.companyName ?? null}, company_name)%0A+         WHERE uid = ${req.user!.uid} AND tenant_id = ${req.user!.tenantId}%0A+         RETURNING id, email, display_name AS "displayName", role_title AS "roleTitle", company_name AS "companyName"%0A+       `);%0A+       const row = (result as any).rows?.[0];%0A+       if (!row) return res.status(404).json({ error: 'User account not found' });%0A+       await appendAuditEntry(db, { tenantId: req.user!.tenantId, action: 'profile.updated', actor: req.user!.email, payload: { userId: req.user!.id } });%0A+       return res.json(row);%0A+     } catch (error) {%0A+       return next(error);%0A+     }%0A+   });%0A+%0A+   router.get('/organization/team', requireAuth, async (req: AuthenticatedRequest, res, next) => {%0A+     try {%0A+       const db = req.db!;%0A+       const result = await db.execute(sql`%0A+         SELECT id, email, display_name AS "displayName", role, onboarded, created_at AS "createdAt"%0A+         FROM users WHERE tenant_id = ${req.user!.tenantId} ORDER BY created_at ASC%0A+       `);%0A+       return res.json((result as any).rows ?? []);%0A+     } catch (error) {%0A+       return next(error);%0A+     }%0A+   });%0A+%0A+   router.post('/organization/invite', requireAuth, requireRole(['Owner', 'Admin']), async (req: AuthenticatedRequest, res, next) => {%0A+     try {%0A+       const db = req.db!;%0A+       const parsed = inviteSchema.safeParse(req.body);%0A+       if (!parsed.success) return res.status(400).json({ error: 'Invalid request', details: parsed.error.flatten() });%0A+       const email = parsed.data.email.toLowerCase();%0A+%0A+       const existing = await db.execute(sql`SELECT id FROM users WHERE tenant_id = ${req.user!.tenantId} AND lower(btrim(email)) = ${email} LIMIT 1`);%0A+       if ((existing as any).rows?.length) return res.status(409).json({ error: 'This email is already a member of your workspace.' });%0A+%0A+       let firebaseUser;%0A+       try {%0A+         firebaseUser = await adminAuth.getUserByEmail(email);%0A+       } catch {%0A+         firebaseUser = await adminAuth.createUser({ email, emailVerified: false });%0A+       }%0A+%0A+       const inserted = await db.execute(sql`%0A+         INSERT INTO users (uid, email, tenant_id, role, invited_by, onboarded)%0A+         VALUES (${firebaseUser.uid}, ${email}, ${req.user!.tenantId}, ${parsed.data.role}, ${req.user!.email}, 0)%0A+         RETURNING id, email, role%0A+       `);%0A+       await setUserCustomClaims(firebaseUser.uid, { workspaceId: req.user!.tenantId, role: parsed.data.role });%0A+%0A+       let inviteLink: string | null = null;%0A+       try { inviteLink = await adminAuth.generatePasswordResetLink(email); } catch { inviteLink = null; }%0A+%0A+       await appendAuditEntry(db, { tenantId: req.user!.tenantId, action: 'team.invited', actor: req.user!.email, payload: { invitedEmail: email, role: parsed.data.role } });%0A+       return res.status(201).json({ ...(inserted as any).rows?.[0], inviteLink });%0A+     } catch (error) {%0A+       return next(error);%0A+     }%0A+   });%0A+%0A+   router.put('/organization/team/:userId/role', requireAuth, requireRole(['Owner', 'Admin']), async (req: AuthenticatedRequest, res, next) => {%0A+     try {%0A+       const db = req.db!;%0A+       const parsed = roleUpdateSchema.safeParse(req.body);%0A+       if (!parsed.success) return res.status(400).json({ error: 'Invalid request', details: parsed.error.flatten() });%0A+       const targetId = Number(req.params.userId);%0A+       if (!Number.isInteger(targetId)) return res.status(400).json({ error: 'Invalid user id' });%0A+%0A+       const result = await db.execute(sql`%0A+         UPDATE users SET role = ${parsed.data.role}%0A+         WHERE id = ${targetId} AND tenant_id = ${req.user!.tenantId} AND role <> 'Owner'%0A+         RETURNING id, uid, email, role%0A+       `);%0A+       const row = (result as any).rows?.[0];%0A+       if (!row) return res.status(404).json({ error: 'Team member not found, or the Owner role cannot be changed here.' });%0A+       await setUserCustomClaims(row.uid, { workspaceId: req.user!.tenantId, role: parsed.data.role });%0A+       await appendAuditEntry(db, { tenantId: req.user!.tenantId, action: 'team.role_changed', actor: req.user!.email, payload: { targetUserId: targetId, newRole: parsed.data.role } });%0A+       return res.json({ id: row.id, email: row.email, role: row.role });%0A+     } catch (error) {%0A+       return next(error);%0A+     }%0A+   });%0A+%0A+   router.delete('/organization/team/:userId', requireAuth, requireRole(['Owner', 'Admin']), async (req: AuthenticatedRequest, res, next) => {%0A+     try {%0A+       const db = req.db!;%0A+       const targetId = Number(req.params.userId);%0A+       if (!Number.isInteger(targetId)) return res.status(400).json({ error: 'Invalid user id' });%0A+%0A+       const result = await db.execute(sql`%0A+         DELETE FROM users WHERE id = ${targetId} AND tenant_id = ${req.user!.tenantId} AND role <> 'Owner'%0A+         RETURNING id, uid, email%0A+       `);%0A+       const row = (result as any).rows?.[0];%0A+       if (!row) return res.status(404).json({ error: 'Team member not found, or the Owner cannot be removed.' });%0A+%0A+       try { await adminAuth.updateUser(row.uid, { disabled: true }); await adminAuth.revokeRefreshTokens(row.uid); } catch { /* Firebase account may already be gone; DB removal already took effect. */ }%0A+       await appendAuditEntry(db, { tenantId: req.user!.tenantId, action: 'team.removed', actor: req.user!.email, payload: { targetUserId: targetId, targetEmail: row.email } });%0A+       return res.status(204).send();%0A+     } catch (error) {%0A+       return next(error);%0A+     }%0A+   });%0A+%0A+   router.get('/auth/sessions', requireAuth, async (req: AuthenticatedRequest, res, next) => {%0A+     try {%0A+       const db = req.db!;%0A+       const currentIp = req.ip || req.socket.remoteAddress || 'unknown';%0A+       const currentUserAgent = typeof req.headers['user-agent'] === 'string' ? req.headers['user-agent'].slice(0, 512) : '';%0A+       const currentFingerprint = sessionFingerprint(req.user!.uid, currentIp, currentUserAgent);%0A+%0A+       const result = await db.execute(sql`%0A+         SELECT id, session_fingerprint AS "sessionFingerprint", ip, user_agent AS "userAgent", last_seen_at AS "lastSeenAt"%0A+         FROM user_sessions%0A+         WHERE tenant_id = ${req.user!.tenantId} AND user_id = ${req.user!.id} AND revoked_at IS NULL%0A+         ORDER BY last_seen_at DESC%0A+       `);%0A+       const rows = ((result as any).rows ?? []) as Array<{ id: string; sessionFingerprint: string; ip: string; userAgent: string; lastSeenAt: string }>;%0A+       return res.json(rows.map(row => ({%0A+         id: row.id,%0A+         email: req.user!.email,%0A+         current: row.sessionFingerprint === currentFingerprint,%0A+         ip: row.ip,%0A+         device: describeUserAgent(row.userAgent),%0A+         location: 'Not geolocated',%0A+         lastSeenAt: row.lastSeenAt,%0A+       })));%0A+     } catch (error) {%0A+       return next(error);%0A+     }%0A+   });%0A+%0A+   router.post('/auth/sessions/revoke', requireAuth, async (req: AuthenticatedRequest, res, next) => {%0A+     try {%0A+       const db = req.db!;%0A+       const parsed = revokeSessionSchema.safeParse(req.body);%0A+       if (!parsed.success) return res.status(400).json({ error: 'Invalid request', details: parsed.error.flatten() });%0A+       const currentIp = req.ip || req.socket.remoteAddress || 'unknown';%0A+       const currentUserAgent = typeof req.headers['user-agent'] === 'string' ? req.headers['user-agent'].slice(0, 512) : '';%0A+       const currentFingerprint = sessionFingerprint(req.user!.uid, currentIp, currentUserAgent);%0A+       if (parsed.data.sessionId === `sess_${currentFingerprint}`) return res.status(400).json({ error: 'Cannot revoke the session you are currently using. Sign out instead.' });%0A+%0A+       const result = await db.execute(sql`%0A+         UPDATE user_sessions SET revoked_at = NOW()%0A+         WHERE id = ${parsed.data.sessionId} AND tenant_id = ${req.user!.tenantId} AND user_id = ${req.user!.id} AND revoked_at IS NULL%0A+         RETURNING id%0A+       `);%0A+       if (!((result as any).rows?.length)) return res.status(404).json({ error: 'Session not found' });%0A+       await appendAuditEntry(db, { tenantId: req.user!.tenantId, action: 'session.revoked', actor: req.user!.email, payload: { sessionId: parsed.data.sessionId } });%0A+       return res.status(204).send();%0A+     } catch (error) {%0A+       return next(error);%0A+     }%0A+   });%0A+%0A+   router.get('/auth/login-history', requireAuth, async (req: AuthenticatedRequest, res, next) => {%0A+     try {%0A+       const db = req.db!;%0A+       const result = await db.execute(sql`%0A+         SELECT id, ip, user_agent AS "userAgent", status, occurred_at AS "occurredAt"%0A+         FROM login_history WHERE tenant_id = ${req.user!.tenantId} AND user_id = ${req.user!.id}%0A+         ORDER BY occurred_at DESC LIMIT 50%0A+       `);%0A+       const rows = ((result as any).rows ?? []) as Array<{ id: string; ip: string; userAgent: string; status: string; occurredAt: string }>;%0A+       return res.json(rows.map(row => ({%0A+         id: row.id,%0A+         email: req.user!.email,%0A+         status: row.status,%0A+         action: 'Sign-in',%0A+         timestamp: row.occurredAt,%0A+         ip: row.ip,%0A+         location: 'Not geolocated',%0A+       })));%0A+     } catch (error) {%0A+       return next(error);%0A+     }%0A+   });%0A+%0A+   router.get('/auth/audit-chain', requireAuth, async (req: AuthenticatedRequest, res, next) => {%0A+     try {%0A+       const db = req.db!;%0A+       const beforeRaw = typeof req.query.before === 'string' ? Number(req.query.before) : null;%0A+       const before = Number.isInteger(beforeRaw) && beforeRaw! > 0 ? beforeRaw : null;%0A+       const result = before%0A+         ? await db.execute(sql`%0A+             SELECT id, action, timestamp, actor, payload, current_hash AS "currentHash", previous_hash AS "previousHash"%0A+             FROM audit_trail WHERE tenant_id = ${req.user!.tenantId} AND id < ${before} ORDER BY id DESC LIMIT 50%0A+           `)%0A+         : await db.execute(sql`%0A+         SELECT id, action, timestamp, actor, payload, current_hash AS "currentHash", previous_hash AS "previousHash"%0A+         FROM audit_trail WHERE tenant_id = ${req.user!.tenantId} ORDER BY id DESC LIMIT 50%0A+       `);%0A+       const rows = ((result as any).rows ?? []) as Array<{ id: number; action: string; timestamp: string; actor: string; payload: string; currentHash: string; previousHash: string }>;%0A+       return res.json(rows.map(row => ({%0A+         id: row.id,%0A+         action: row.action,%0A+         timestamp: row.timestamp,%0A+         actor: row.actor,%0A+         payload: row.payload,%0A+         hash: row.currentHash,%0A+         currentHash: row.currentHash,%0A+         previousHash: row.previousHash,%0A+         block: { action: row.action, userEmail: row.actor.includes('@') ? row.actor : null },%0A+       })));%0A+     } catch (error) {%0A+       return next(error);%0A+     }%0A+   });%0A+%0A+   router.get('/auth/audit-chain/verify', requireAuth, async (req: AuthenticatedRequest, res, next) => {%0A+     try {%0A+       const db = req.db!;%0A+       return res.json(await verifyAuditChain(db, req.user!.tenantId));%0A+     } catch (error) {%0A+       return next(error);%0A+     }%0A+   });%0A+%0A+   router.post('/tenant/offboard', requireAuth, requireRole('Owner'), async (req: AuthenticatedRequest, res, next) => {%0A+     try {%0A+       // Purges via the owner-role connection (not req.db): offboarding must be%0A+       // able to see every table it enumerates from information_schema, and it%0A+       // already scopes every DELETE to exactly this caller's own tenant_id.%0A+       await offboardTenantData(req.user!.tenantId);%0A+       return res.status(200).json({ message: 'Tenant data purged.' });%0A+     } catch (error) {%0A+       return next(error);%0A+     }%0A+   });%0A+%0A+   // Owner-only founder metrics. Every value is either observed from tenant%0A+   // data or explicitly reported as not verified; this endpoint never invents%0A+   // production health, security, financial, or performance telemetry.%0A+   router.get('/founder/metrics', requireAuth, requireRole('Owner'), async (req: AuthenticatedRequest, res, next) => {%0A+     try {%0A+       const db = req.db!;%0A+       const counts = await db.execute(sql`%0A+         SELECT%0A+           (SELECT COUNT(*)::int FROM clients WHERE tenant_id = ${req.user!.tenantId}) AS "clientCount",%0A+           (SELECT COUNT(*)::int FROM passports WHERE tenant_id = ${req.user!.tenantId}) AS "passportCount",%0A+           (SELECT COUNT(*)::int FROM scans WHERE tenant_id = ${req.user!.tenantId}) AS "scanCount"%0A+       `);%0A+       const row = (counts as any).rows?.[0] || {};%0A+       return res.json({%0A+         latency: 'Not verified',%0A+         capitalProtected: 'Not verified',%0A+         throughput: 'Not verified',%0A+         mitigations: 'Not verified',%0A+         overallScore: null,%0A+         auditEvents: null,%0A+         activeThreats: null,%0A+         systemIntegrity: 'Not verified',%0A+         observed: {%0A+           clientCount: Number(row.clientCount || 0),%0A+           passportCount: Number(row.passportCount || 0),%0A+           scanCount: Number(row.scanCount || 0),%0A+         },%0A+       });%0A+     } catch (error) {%0A+       return next(error);%0A+     }%0A+   });%0A+%0A+   // Owner-only operational health for the command center. Every section reads%0A+   // from the real tables the corresponding subsystem already writes -- no%0A+   // second heartbeat, delivery ledger, integration status, or audit verifier%0A+   // is created here. Sections with no real backing data are omitted rather%0A+   // than populated with placeholder values; see the `notes` field.%0A+   router.get('/founder/operations', requireAuth, requireRole('Owner'), async (req: AuthenticatedRequest, res, next) => {%0A+     try {%0A+       const db = req.db!;%0A+       const tenantId = req.user!.tenantId;%0A+       const notes: string[] = [];%0A+%0A+       // --- A. Worker/job health ---------------------------------------------%0A+       // osv-worker.ts claims agent_jobs rows (job_type osv_manifest_scan /%0A+       // repository_scan). It has no separate heartbeat row; the queue state%0A+       // itself (locked_at/locked_by, the same 10-minute staleness window the%0A+       // worker uses to reclaim stuck jobs) is the real signal.%0A+       const [osvCounts, osvStale, osvFailures, osvActivity] = await Promise.all([%0A+         db.execute(sql`SELECT job_type AS "jobType", status, COUNT(*)::int AS count FROM agent_jobs WHERE tenant_id=${tenantId} AND job_type IN ('osv_manifest_scan','repository_scan') GROUP BY job_type, status`),%0A+         db.execute(sql`SELECT COUNT(*)::int AS count FROM agent_jobs WHERE tenant_id=${tenantId} AND job_type IN ('osv_manifest_scan','repository_scan') AND status='Running' AND locked_at < NOW() - INTERVAL '10 minutes'`),%0A+         db.execute(sql`SELECT id, job_type AS "jobType", error, attempt_count AS "attemptCount", max_attempts AS "maxAttempts", updated_at AS "updatedAt" FROM agent_jobs WHERE tenant_id=${tenantId} AND job_type IN ('osv_manifest_scan','repository_scan') AND status='Failed' ORDER BY updated_at DESC LIMIT 5`),%0A+         db.execute(sql`SELECT MAX(updated_at) AS "lastActivityAt" FROM agent_jobs WHERE tenant_id=${tenantId} AND job_type IN ('osv_manifest_scan','repository_scan')`),%0A+       ]);%0A+%0A+       // monitoring-worker.ts (the file name this dashboard's spec named) is not%0A+       // imported by worker.ts and never runs in production -- confirmed dead%0A+       // code, not a running system. trust-monitoring-worker.ts is the real,%0A+       // currently-running system that plays the equivalent role (collector_jobs%0A+       // has an actual heartbeat_at column, unlike agent_jobs).%0A+       const [monitoringCounts, monitoringHeartbeat, monitoringFailures] = await Promise.all([%0A+         db.execute(sql`SELECT state, COUNT(*)::int AS count FROM collector_jobs WHERE tenant_id=${tenantId} GROUP BY state`),%0A+         db.execute(sql`SELECT MAX(heartbeat_at) AS "lastHeartbeatAt" FROM collector_jobs WHERE tenant_id=${tenantId} AND state='running'`),%0A+         db.execute(sql`SELECT id, collector_id AS "collectorId", safe_error_code AS "errorCode", safe_error_message AS "errorMessage", completed_at AS "completedAt" FROM collector_jobs WHERE tenant_id=${tenantId} AND state IN ('failed','dead_lettered') ORDER BY completed_at DESC NULLS LAST LIMIT 5`),%0A+       ]);%0A+       notes.push('monitoring-worker.ts is dead code (never imported by worker.ts); "monitoringWorker" below reflects trust-monitoring-worker.ts, the real running system for the same role.');%0A+%0A+       // --- B. Webhook delivery health ----------------------------------------%0A+       const [webhookCounts, webhookEndpoints, webhookFailures] = await Promise.all([%0A+         db.execute(sql`SELECT status, COUNT(*)::int AS count FROM spr_webhook_deliveries WHERE tenant_id=${tenantId} AND created_at::timestamptz > NOW() - INTERVAL '7 days' GROUP BY status`),%0A+         db.execute(sql`SELECT COUNT(*) FILTER (WHERE active)::int AS "activeCount", COUNT(*) FILTER (WHERE NOT active)::int AS "disabledCount" FROM spr_webhooks WHERE tenant_id=${tenantId}`),%0A+         db.execute(sql`SELECT d.id, d.webhook_id AS "webhookId", w.url, d.event_type AS "eventType", d.safe_error_code AS "errorCode", d.safe_error_message AS "errorMessage", d.completed_at AS "completedAt" FROM spr_webhook_deliveries d JOIN spr_webhooks w ON w.id=d.webhook_id AND w.tenant_id=d.tenant_id WHERE d.tenant_id=${tenantId} AND d.status IN ('failed','dead_lettered') ORDER BY d.completed_at DESC NULLS LAST LIMIT 10`),%0A+       ]);%0A+       notes.push('Webhook failures are grouped by destination endpoint (webhookId/url), not "provider" -- SPR webhooks are user-configured destination URLs, not third-party provider connectors; there is no per-provider concept for outbound deliveries.');%0A+%0A+       // --- C. Integration health ----------------------------------------------%0A+       const [credentialRows, integrationRows] = await Promise.all([%0A+         db.execute(sql`SELECT provider, status, last_tested_at AS "lastTestedAt" FROM integration_credentials WHERE tenant_id=${tenantId}`),%0A+         db.execute(sql`SELECT name, connected, last_sync_date AS "lastSyncDate" FROM integrations WHERE tenant_id=${tenantId}`),%0A+       ]);%0A+       const credentialByProvider = new Map<string, any>((credentialRows as any).rows?.map((r: any) => [r.provider, r]) ?? []);%0A+       const integrationByName = new Map<string, any>((integrationRows as any).rows?.map((r: any) => [r.name, r]) ?? []);%0A+       const integrations = INTEGRATION_CATALOG.map((item) => ({%0A+         provider: item.provider,%0A+         name: item.name,%0A+         connected: Boolean(integrationByName.get(item.name)?.connected),%0A+         lastSyncDate: integrationByName.get(item.name)?.lastSyncDate ?? null,%0A+         credentialStatus: credentialByProvider.get(item.provider)?.status ?? 'NOT_CONFIGURED',%0A+         lastTestedAt: credentialByProvider.get(item.provider)?.lastTestedAt ?? null,%0A+       }));%0A+%0A+       // --- D. Audit chain integrity --------------------------------------------%0A+       // Reuses the exact function GET /api/auth/audit-chain/verify calls --%0A+       // no second verifier.%0A+       const auditChain = await verifyAuditChain(db, tenantId);%0A+%0A+       // --- E. Scan / job queue --------------------------------------------------%0A+       const [runningRepoScans, complianceSchedules] = await Promise.all([%0A+         db.execute(sql`SELECT id, passport_id AS "passportId", status, progress, updated_at AS "updatedAt" FROM agent_jobs WHERE tenant_id=${tenantId} AND job_type='repository_scan' AND status='Running' ORDER BY updated_at DESC LIMIT 10`),%0A+         db.execute(sql`SELECT id, client_id AS "clientId", frequency, status, last_audit_at AS "lastAuditAt", next_audit_at AS "nextAuditAt" FROM compliance_schedules WHERE tenant_id=${tenantId} ORDER BY COALESCE(last_audit_at, created_at) DESC LIMIT 10`),%0A+       ]);%0A+%0A+       return res.json({%0A+         generatedAt: new Date().toISOString(),%0A+         workers: {%0A+           osv: {%0A+             countsByStatus: (osvCounts as any).rows ?? [],%0A+             staleRunningCount: Number((osvStale as any).rows?.[0]?.count ?? 0),%0A+             recentFailures: (osvFailures as any).rows ?? [],%0A+             lastActivityAt: (osvActivity as any).rows?.[0]?.lastActivityAt ?? null,%0A+           },%0A+           monitoringWorker: {%0A+             realSource: 'trust-monitoring-worker.ts (collector_jobs)',%0A+             countsByState: (monitoringCounts as any).rows ?? [],%0A+             lastHeartbeatAt: (monitoringHeartbeat as any).rows?.[0]?.lastHeartbeatAt ?? null,%0A+             recentFailures: (monitoringFailures as any).rows ?? [],%0A+           },%0A+         },%0A+         webhooks: {%0A+           countsByStatusLast7Days: (webhookCounts as any).rows ?? [],%0A+           activeEndpoints: Number((webhookEndpoints as any).rows?.[0]?.activeCount ?? 0),%0A+           disabledEndpoints: Number((webhookEndpoints as any).rows?.[0]?.disabledCount ?? 0),%0A+           recentFailures: (webhookFailures as any).rows ?? [],%0A+         },%0A+         integrations,%0A+         auditChain,%0A+         queue: {%0A+           runningRepositoryScans: (runningRepoScans as any).rows ?? [],%0A+           recentlyFailedJobs: (osvFailures as any).rows ?? [],%0A+           complianceSchedules: (complianceSchedules as any).rows ?? [],%0A+         },%0A+         notes,%0A+       });%0A+     } catch (error) {%0A+       return next(error);%0A+     }%0A+   });%0A+%0A+   // Owner-only self-passport retrieval. Absence of evidence is represented as%0A+   // a 404 instead of a fabricated passport or trust score.%0A+   router.get('/passports/self-passport', requireAuth, requireRole('Owner'), async (req: AuthenticatedRequest, res, next) => {%0A+     try {%0A+       const db = req.db!;%0A+       const result = await db.execute(sql`%0A+         SELECT%0A+           id,%0A+           name,%0A+           version,%0A+           publisher,%0A+           release_date AS "releaseDate",%0A+           evidence%0A+         FROM passports%0A+         WHERE tenant_id = ${req.user!.tenantId}%0A+         ORDER BY release_date DESC NULLS LAST, id DESC%0A+         LIMIT 1%0A+       `);%0A+       const row = (result as any).rows?.[0];%0A+       if (!row) return res.status(404).json({ error: 'Self passport evidence not found', code: 'SELF_PASSPORT_NOT_FOUND' });%0A+       return res.json({%0A+         ...row,%0A+         overallScore: null,%0A+         healthStatus: 'Not verified',%0A+         evidence: Array.isArray(row.evidence) ? row.evidence : [],%0A+       });%0A+     } catch (error) {%0A+       return next(error);%0A+     }%0A+   });%0A+%0A+   // Firebase-authenticated, tenant-scoped reads for the first-party SPA.%0A+   // These are deliberately separate from /connect/v1, which is API-key based.%0A+   router.get('/user/clients', requireAuth, async (req: AuthenticatedRequest, res, next) => {%0A+     try {%0A+       const db = req.db!;%0A+       const result = await db.execute(sql`SELECT id, name, domain, industry, trust_score AS "trustScore", risk_level AS "riskLevel", avatar_color AS "avatarColor", subscription_tier AS "subscriptionTier", joined_date AS "joinedDate", team_count AS "teamCount", passport_count AS "passportCount", critical_risks_count AS "criticalRisksCount", compliance_progress AS "complianceProgress", software_inventory AS "softwareInventory", compliance_status AS "complianceStatus", team_members AS "teamMembers", activity_timeline AS "activityTimeline" FROM clients WHERE tenant_id=${req.user!.tenantId} ORDER BY joined_date DESC`);%0A+       return res.json((result as any).rows || []);%0A+     } catch (error) {%0A+       return next(error);%0A+     }%0A+   });%0A+%0A+   router.get('/user/passports', requireAuth, async (req: AuthenticatedRequest, res, next) => {%0A+     try {%0A+       const db = req.db!;%0A+       const result = await db.execute(sql`SELECT p.id, p.client_id AS "clientId", p.name, p.version, p.publisher, p.category, p.release_date AS "releaseDate", p.license_type AS "licenseType", p.sbom, COALESCE((SELECT json_agg(json_build_object('id', e.id, 'name', e.name, 'type', e.type, 'verified', e.verified, 'status', e.status, 'signer', e.signer, 'timestamp', e.timestamp, 'hash', e.hash, 'engineId', e.engine_id, 'verificationFailureReason', e.verification_failure_reason) ORDER BY e.timestamp DESC) FROM evidence_items e WHERE e.tenant_id=p.tenant_id AND e.asset_id=p.id), '[]'::json) AS evidence, COALESCE((SELECT json_agg(json_build_object('id', f.id, 'findingId', f.id, 'severity', f.severity, 'category', f.category, 'title', f.title, 'description', f.description, 'component', f.component, 'fixedVersion', f.fixed_version, 'status', f.status, 'detectedAt', f.detected_at, 'engineId', f.engine_id) ORDER BY f.detected_at DESC) FROM scan_findings f WHERE f.tenant_id=p.tenant_id AND f.asset_id=p.id), '[]'::json) AS vulnerabilities, p.timeline, NULL AS scores, 'not_authoritatively_scored' AS "scoreStatus" FROM passports p WHERE p.tenant_id=${req.user!.tenantId} ORDER BY p.name ASC`);%0A+       return res.json((result as any).rows || []);%0A+     } catch (error) {%0A+       return next(error);%0A+     }%0A+   });%0A+%0A+   router.get('/user/extensions', requireAuth, async (req: AuthenticatedRequest, res, next) => {%0A+     try {%0A+       const db = req.db!;%0A+       const result = await db.execute(sql`SELECT extension_id AS "extensionId", installed_at AS "installedAt" FROM extension_installations WHERE tenant_id=${req.user!.tenantId} ORDER BY installed_at DESC`);%0A+       return res.json((result as any).rows || []);%0A+     } catch (error) {%0A+       return next(error);%0A+     }%0A+   });%0A+%0A+   router.post('/user/extensions/:extensionId', requireAuth, requireRole(['Owner', 'Admin', 'Operator']), async (req: AuthenticatedRequest, res, next) => {%0A+     try {%0A+       const extensionId = String(req.params.extensionId || '').trim();%0A+       if (!/^[A-Za-z0-9_.-]{1,120}$/.test(extensionId)) return res.status(400).json({ error: 'Invalid extension id' });%0A+       const db = req.db!;%0A+       const result = await db.execute(sql`INSERT INTO extension_installations (tenant_id, extension_id, installed_at) VALUES (${req.user!.tenantId}, ${extensionId}, NOW()) ON CONFLICT (tenant_id, extension_id) DO UPDATE SET installed_at=NOW() RETURNING extension_id AS "extensionId", installed_at AS "installedAt"`);%0A+       return res.status(201).json((result as any).rows?.[0]);%0A+     } catch (error) {%0A+       return next(error);%0A+     }%0A+   });%0A+%0A+   router.delete('/user/extensions/:extensionId', requireAuth, requireRole(['Owner', 'Admin', 'Operator']), async (req: AuthenticatedRequest, res, next) => {%0A+     try {%0A+       const db = req.db!;%0A+       const extensionId = String(req.params.extensionId || '').trim();%0A+       const result = await db.execute(sql`DELETE FROM extension_installations WHERE tenant_id=${req.user!.tenantId} AND extension_id=${extensionId} RETURNING extension_id`);%0A+       if (!((result as any).rows?.length)) return res.status(404).json({ error: 'Extension installation not found' });%0A+       return res.status(204).send();%0A+     } catch (error) {%0A+       return next(error);%0A+     }%0A+   });%0A+%0A+   router.get('/auth/verify-status', requireAuth, async (req: AuthenticatedRequest, res) => {%0A+     return res.json({ verified: req.user!.emailVerified, emailVerified: req.user!.emailVerified });%0A+   });%0A+%0A+%0A+%0A+   router.get('/user/passports/:id/verification', requireAuth, async (req: AuthenticatedRequest, res, next) => {%0A+     try {%0A+       const db = req.db!;%0A+       const tenantId = req.user!.tenantId;%0A+       const clientScope = req.user!.role === 'Client' ? (req.user as any).clientId : null;%0A+       const passportResult = await db.execute(sql`SELECT id, version, evidence, client_id AS "clientId" FROM passports WHERE id=${req.params.id} AND tenant_id=${tenantId} AND (${clientScope} IS NULL OR client_id=${clientScope}) LIMIT 1`) as any;%0A+       const passport = passportResult.rows?.[0];%0A+       if (!passport) return res.status(404).json({ error: 'Passport not found' });%0A+       const findingResult = await db.execute(sql`SELECT id, passport_id AS "passportId", evidence_ids, status FROM trust_findings WHERE tenant_id=${tenantId} AND passport_id=${passport.id}`) as any;%0A+       const parseJson = (value: unknown): unknown[] => { try { const parsed = JSON.parse(String(value ?? '')); return Array.isArray(parsed) ? parsed : []; } catch { return []; } };%0A+       const openFindingEvidenceIds = (findingResult.rows ?? []).filter((row: any) => !['resolved','closed','verified'].includes(String(row.status || '').toLowerCase())).flatMap((row: any) => parseJson(row.evidence_ids)).filter((id: any): id is string => typeof id === 'string');%0A+       const adapted = adaptEvidenceForEvaluation({ evidence: parseJson(passport.evidence) as any[], passportVersion: passport.version, openFindingEvidenceIds });%0A+       const evaluatedAt = Date.now();%0A+       const decision = evaluateVerification({ evidence: adapted.evidence, evaluatedAt, targetIdentity: adapted.targetIdentity });%0A+       res.setHeader('Cache-Control', 'private, max-age=0, no-store');%0A+       return res.json({ decision, observations: decision.observationCount, independentSources: decision.independentSourceCount });%0A+     } catch (error) { return next(error); }%0A+   });%0A+%0A+   router.get('/user/verification', requireAuth, async (req: AuthenticatedRequest, res, next) => {%0A+     try {%0A+       const db = req.db!;%0A+       const tenantId = req.user!.tenantId;%0A+       const clientScope = req.user!.role === 'Client' ? (req.user as any).clientId : null;%0A+       const passportRows = (await db.execute(sql`SELECT id, version, evidence, client_id AS "clientId" FROM passports WHERE tenant_id=${tenantId} AND (${clientScope} IS NULL OR client_id=${clientScope}) ORDER BY id`) as any).rows ?? [];%0A+       const passportIds = passportRows.map((row: any) => String(row.id));%0A+       const parseJson = (value: unknown): unknown[] => { try { const parsed = JSON.parse(String(value ?? '')); return Array.isArray(parsed) ? parsed : []; } catch { return []; } };%0A+       // Drizzle's proven one-query binding shape for the passport findings is%0A+       // `asset_id IN ${passportIds}`; do not replace this with ANY(array).%0A+       const findingRows = passportIds.length ? ((await db.execute(sql`SELECT id, passport_id AS "passportId", evidence_ids, status FROM trust_findings WHERE tenant_id=${tenantId} AND passport_id IN ${passportIds}`) as any).rows ?? []) : [];%0A+       const evidenceByPassport = new Map<string, any[]>();%0A+       for (const passport of passportRows) evidenceByPassport.set(String(passport.id), parseJson(passport.evidence) as any[]);%0A+       const evaluatedAt = Date.now();%0A+       const verificationDecisions: Record<string, VerificationDecision> = {};%0A+       const verificationDetails: Record<string, unknown> = {};%0A+       for (const passport of passportRows) {%0A+         const findings = findingRows.filter((row: any) => String(row.passportId) === String(passport.id));%0A+         const openFindingEvidenceIds = findings.filter((row: any) => !['resolved','closed','verified'].includes(String(row.status || '').toLowerCase())).flatMap((row: any) => parseJson(row.evidence_ids)).filter((id: any): id is string => typeof id === 'string');%0A+         const adapted = adaptEvidenceForEvaluation({ evidence: evidenceByPassport.get(String(passport.id)) ?? [], passportVersion: passport.version, openFindingEvidenceIds });%0A+         const decision = evaluateVerification({ evidence: adapted.evidence, evaluatedAt, targetIdentity: adapted.targetIdentity });%0A+         verificationDecisions[String(passport.id)] = decision;%0A+         verificationDetails[String(passport.id)] = { unmappedCount: adapted.unmappedCount, undatedCount: adapted.undatedCount, observations: decision.observationCount, independentSources: decision.independentSourceCount };%0A+       }%0A+       res.setHeader('Cache-Control', 'private, max-age=0, no-store');%0A+       return res.json({ verificationDecisions, verificationDetails });%0A+     } catch (error) { return next(error); }%0A+   });%0A+%0A+   return router;%0A+ }%0A+%0A%0A ❯ tests/client-creation-contract.test.ts:20:22%0A%0A

::error file=/home/runner/work/software-passport-registry/software-passport-registry/tests/client-creation-contract.test.ts,title=tests/client-creation-contract.test.ts > POST /api/user/clients > never accepts a tenant id from the request body -- it is always the caller's own tenant,line=28,column=29::AssertionError: expected null not to be null%0A ❯ tests/client-creation-contract.test.ts:28:29%0A%0A

::error file=/home/runner/work/software-passport-registry/software-passport-registry/tests/client-creation-contract.test.ts,title=tests/client-creation-contract.test.ts > POST /api/user/clients > handles duplicate domains with a real database constraint%2C not just an app-level check,line=36,column=15::AssertionError: expected '/**\n * @license\n * SPDX-License-Ide…' to contain 'if (error?.code === \'23505\' || erro…'%0A%0A- Expected%0A+ Received%0A%0A- if (error?.code === '23505' || error?.cause?.code === '23505') return res.status(409)%0A+ /**%0A+  * @license%0A+  * SPDX-License-Identifier: Apache-2.0%0A+  */%0A+%0A+ import { Router } from 'express';%0A+ import { eq } from 'drizzle-orm';%0A+ import { sql } from 'drizzle-orm';%0A+ import { z } from 'zod';%0A+ import { users } from '../db/schema.ts';%0A+ import { AuthenticatedRequest, requireAuth, requireRole } from '../middleware/security.ts';%0A+ import { adminAuth, setUserCustomClaims } from '../lib/firebase-admin.ts';%0A+ import { appendAuditEntry, verifyAuditChain } from '../security/audit-log.ts';%0A+ import { describeUserAgent, sessionFingerprint } from '../security/session-tracking.ts';%0A+ import { offboardTenantData } from '../db/sync.ts';%0A+ import { INTEGRATION_CATALOG } from '../integrations/catalog.ts';%0A+ import { adaptEvidenceForEvaluation } from '../lib/verification/evidenceAdapter.ts';%0A+ import { evaluateVerification, type VerificationDecision } from '../lib/verification/evaluateVerification.ts';%0A+%0A+ const INVITABLE_ROLES = ['Admin', 'Technician', 'Viewer', 'Client'] as const;%0A+ const inviteSchema = z.object({ email: z.string().trim().email().max(255), role: z.enum(INVITABLE_ROLES) }).strict();%0A+ const roleUpdateSchema = z.object({ role: z.enum(INVITABLE_ROLES) }).strict();%0A+ const profileUpdateSchema = z.object({%0A+   displayName: z.string().trim().max(200).optional(),%0A+   roleTitle: z.string().trim().max(200).optional(),%0A+   companyName: z.string().trim().max(200).optional(),%0A+ }).strict();%0A+ const revokeSessionSchema = z.object({ sessionId: z.string().trim().min(1).max(200) }).strict();%0A+%0A+ export function createAuthRouter() {%0A+   const router = Router();%0A+%0A+   // The Firebase ID token is the sole authentication authority. The database%0A+   // record supplies the tenant/RBAC projection after token verification.%0A+   router.get('/user/me', requireAuth, async (req: AuthenticatedRequest, res, next) => {%0A+     try {%0A+       const db = req.db!;%0A+       const user = await db.select({%0A+         id: users.id,%0A+         uid: users.uid,%0A+         email: users.email,%0A+         tenantId: users.tenantId,%0A+         role: users.role,%0A+         companyName: users.companyName,%0A+         roleTitle: users.roleTitle,%0A+         displayName: users.displayName,%0A+         numTechnicians: users.numTechnicians,%0A+         clientCount: users.clientCount,%0A+         primaryUseCase: users.primaryUseCase,%0A+         onboarded: users.onboarded,%0A+         mfaEnabled: users.mfaEnabled,%0A+         createdAt: users.createdAt,%0A+       }).from(users).where(eq(users.uid, req.user!.uid)).then(rows => rows[0]);%0A+%0A+       if (!user) return res.status(403).json({ error: 'User account is not provisioned' });%0A+       return res.json({ ...user, emailVerified: req.user!.emailVerified });%0A+     } catch (error) {%0A+       return next(error);%0A+     }%0A+   });%0A+%0A+   router.put('/user/profile', requireAuth, async (req: AuthenticatedRequest, res, next) => {%0A+     try {%0A+       const db = req.db!;%0A+       const parsed = profileUpdateSchema.safeParse(req.body);%0A+       if (!parsed.success) return res.status(400).json({ error: 'Invalid request', details: parsed.error.flatten() });%0A+       const result = await db.execute(sql`%0A+         UPDATE users SET%0A+           display_name = COALESCE(${parsed.data.displayName ?? null}, display_name),%0A+           role_title = COALESCE(${parsed.data.roleTitle ?? null}, role_title),%0A+           company_name = COALESCE(${parsed.data.companyName ?? null}, company_name)%0A+         WHERE uid = ${req.user!.uid} AND tenant_id = ${req.user!.tenantId}%0A+         RETURNING id, email, display_name AS "displayName", role_title AS "roleTitle", company_name AS "companyName"%0A+       `);%0A+       const row = (result as any).rows?.[0];%0A+       if (!row) return res.status(404).json({ error: 'User account not found' });%0A+       await appendAuditEntry(db, { tenantId: req.user!.tenantId, action: 'profile.updated', actor: req.user!.email, payload: { userId: req.user!.id } });%0A+       return res.json(row);%0A+     } catch (error) {%0A+       return next(error);%0A+     }%0A+   });%0A+%0A+   router.get('/organization/team', requireAuth, async (req: AuthenticatedRequest, res, next) => {%0A+     try {%0A+       const db = req.db!;%0A+       const result = await db.execute(sql`%0A+         SELECT id, email, display_name AS "displayName", role, onboarded, created_at AS "createdAt"%0A+         FROM users WHERE tenant_id = ${req.user!.tenantId} ORDER BY created_at ASC%0A+       `);%0A+       return res.json((result as any).rows ?? []);%0A+     } catch (error) {%0A+       return next(error);%0A+     }%0A+   });%0A+%0A+   router.post('/organization/invite', requireAuth, requireRole(['Owner', 'Admin']), async (req: AuthenticatedRequest, res, next) => {%0A+     try {%0A+       const db = req.db!;%0A+       const parsed = inviteSchema.safeParse(req.body);%0A+       if (!parsed.success) return res.status(400).json({ error: 'Invalid request', details: parsed.error.flatten() });%0A+       const email = parsed.data.email.toLowerCase();%0A+%0A+       const existing = await db.execute(sql`SELECT id FROM users WHERE tenant_id = ${req.user!.tenantId} AND lower(btrim(email)) = ${email} LIMIT 1`);%0A+       if ((existing as any).rows?.length) return res.status(409).json({ error: 'This email is already a member of your workspace.' });%0A+%0A+       let firebaseUser;%0A+       try {%0A+         firebaseUser = await adminAuth.getUserByEmail(email);%0A+       } catch {%0A+         firebaseUser = await adminAuth.createUser({ email, emailVerified: false });%0A+       }%0A+%0A+       const inserted = await db.execute(sql`%0A+         INSERT INTO users (uid, email, tenant_id, role, invited_by, onboarded)%0A+         VALUES (${firebaseUser.uid}, ${email}, ${req.user!.tenantId}, ${parsed.data.role}, ${req.user!.email}, 0)%0A+         RETURNING id, email, role%0A+       `);%0A+       await setUserCustomClaims(firebaseUser.uid, { workspaceId: req.user!.tenantId, role: parsed.data.role });%0A+%0A+       let inviteLink: string | null = null;%0A+       try { inviteLink = await adminAuth.generatePasswordResetLink(email); } catch { inviteLink = null; }%0A+%0A+       await appendAuditEntry(db, { tenantId: req.user!.tenantId, action: 'team.invited', actor: req.user!.email, payload: { invitedEmail: email, role: parsed.data.role } });%0A+       return res.status(201).json({ ...(inserted as any).rows?.[0], inviteLink });%0A+     } catch (error) {%0A+       return next(error);%0A+     }%0A+   });%0A+%0A+   router.put('/organization/team/:userId/role', requireAuth, requireRole(['Owner', 'Admin']), async (req: AuthenticatedRequest, res, next) => {%0A+     try {%0A+       const db = req.db!;%0A+       const parsed = roleUpdateSchema.safeParse(req.body);%0A+       if (!parsed.success) return res.status(400).json({ error: 'Invalid request', details: parsed.error.flatten() });%0A+       const targetId = Number(req.params.userId);%0A+       if (!Number.isInteger(targetId)) return res.status(400).json({ error: 'Invalid user id' });%0A+%0A+       const result = await db.execute(sql`%0A+         UPDATE users SET role = ${parsed.data.role}%0A+         WHERE id = ${targetId} AND tenant_id = ${req.user!.tenantId} AND role <> 'Owner'%0A+         RETURNING id, uid, email, role%0A+       `);%0A+       const row = (result as any).rows?.[0];%0A+       if (!row) return res.status(404).json({ error: 'Team member not found, or the Owner role cannot be changed here.' });%0A+       await setUserCustomClaims(row.uid, { workspaceId: req.user!.tenantId, role: parsed.data.role });%0A+       await appendAuditEntry(db, { tenantId: req.user!.tenantId, action: 'team.role_changed', actor: req.user!.email, payload: { targetUserId: targetId, newRole: parsed.data.role } });%0A+       return res.json({ id: row.id, email: row.email, role: row.role });%0A+     } catch (error) {%0A+       return next(error);%0A+     }%0A+   });%0A+%0A+   router.delete('/organization/team/:userId', requireAuth, requireRole(['Owner', 'Admin']), async (req: AuthenticatedRequest, res, next) => {%0A+     try {%0A+       const db = req.db!;%0A+       const targetId = Number(req.params.userId);%0A+       if (!Number.isInteger(targetId)) return res.status(400).json({ error: 'Invalid user id' });%0A+%0A+       const result = await db.execute(sql`%0A+         DELETE FROM users WHERE id = ${targetId} AND tenant_id = ${req.user!.tenantId} AND role <> 'Owner'%0A+         RETURNING id, uid, email%0A+       `);%0A+       const row = (result as any).rows?.[0];%0A+       if (!row) return res.status(404).json({ error: 'Team member not found, or the Owner cannot be removed.' });%0A+%0A+       try { await adminAuth.updateUser(row.uid, { disabled: true }); await adminAuth.revokeRefreshTokens(row.uid); } catch { /* Firebase account may already be gone; DB removal already took effect. */ }%0A+       await appendAuditEntry(db, { tenantId: req.user!.tenantId, action: 'team.removed', actor: req.user!.email, payload: { targetUserId: targetId, targetEmail: row.email } });%0A+       return res.status(204).send();%0A+     } catch (error) {%0A+       return next(error);%0A+     }%0A+   });%0A+%0A+   router.get('/auth/sessions', requireAuth, async (req: AuthenticatedRequest, res, next) => {%0A+     try {%0A+       const db = req.db!;%0A+       const currentIp = req.ip || req.socket.remoteAddress || 'unknown';%0A+       const currentUserAgent = typeof req.headers['user-agent'] === 'string' ? req.headers['user-agent'].slice(0, 512) : '';%0A+       const currentFingerprint = sessionFingerprint(req.user!.uid, currentIp, currentUserAgent);%0A+%0A+       const result = await db.execute(sql`%0A+         SELECT id, session_fingerprint AS "sessionFingerprint", ip, user_agent AS "userAgent", last_seen_at AS "lastSeenAt"%0A+         FROM user_sessions%0A+         WHERE tenant_id = ${req.user!.tenantId} AND user_id = ${req.user!.id} AND revoked_at IS NULL%0A+         ORDER BY last_seen_at DESC%0A+       `);%0A+       const rows = ((result as any).rows ?? []) as Array<{ id: string; sessionFingerprint: string; ip: string; userAgent: string; lastSeenAt: string }>;%0A+       return res.json(rows.map(row => ({%0A+         id: row.id,%0A+         email: req.user!.email,%0A+         current: row.sessionFingerprint === currentFingerprint,%0A+         ip: row.ip,%0A+         device: describeUserAgent(row.userAgent),%0A+         location: 'Not geolocated',%0A+         lastSeenAt: row.lastSeenAt,%0A+       })));%0A+     } catch (error) {%0A+       return next(error);%0A+     }%0A+   });%0A+%0A+   router.post('/auth/sessions/revoke', requireAuth, async (req: AuthenticatedRequest, res, next) => {%0A+     try {%0A+       const db = req.db!;%0A+       const parsed = revokeSessionSchema.safeParse(req.body);%0A+       if (!parsed.success) return res.status(400).json({ error: 'Invalid request', details: parsed.error.flatten() });%0A+       const currentIp = req.ip || req.socket.remoteAddress || 'unknown';%0A+       const currentUserAgent = typeof req.headers['user-agent'] === 'string' ? req.headers['user-agent'].slice(0, 512) : '';%0A+       const currentFingerprint = sessionFingerprint(req.user!.uid, currentIp, currentUserAgent);%0A+       if (parsed.data.sessionId === `sess_${currentFingerprint}`) return res.status(400).json({ error: 'Cannot revoke the session you are currently using. Sign out instead.' });%0A+%0A+       const result = await db.execute(sql`%0A+         UPDATE user_sessions SET revoked_at = NOW()%0A+         WHERE id = ${parsed.data.sessionId} AND tenant_id = ${req.user!.tenantId} AND user_id = ${req.user!.id} AND revoked_at IS NULL%0A+         RETURNING id%0A+       `);%0A+       if (!((result as any).rows?.length)) return res.status(404).json({ error: 'Session not found' });%0A+       await appendAuditEntry(db, { tenantId: req.user!.tenantId, action: 'session.revoked', actor: req.user!.email, payload: { sessionId: parsed.data.sessionId } });%0A+       return res.status(204).send();%0A+     } catch (error) {%0A+       return next(error);%0A+     }%0A+   });%0A+%0A+   router.get('/auth/login-history', requireAuth, async (req: AuthenticatedRequest, res, next) => {%0A+     try {%0A+       const db = req.db!;%0A+       const result = await db.execute(sql`%0A+         SELECT id, ip, user_agent AS "userAgent", status, occurred_at AS "occurredAt"%0A+         FROM login_history WHERE tenant_id = ${req.user!.tenantId} AND user_id = ${req.user!.id}%0A+         ORDER BY occurred_at DESC LIMIT 50%0A+       `);%0A+       const rows = ((result as any).rows ?? []) as Array<{ id: string; ip: string; userAgent: string; status: string; occurredAt: string }>;%0A+       return res.json(rows.map(row => ({%0A+         id: row.id,%0A+         email: req.user!.email,%0A+         status: row.status,%0A+         action: 'Sign-in',%0A+         timestamp: row.occurredAt,%0A+         ip: row.ip,%0A+         location: 'Not geolocated',%0A+       })));%0A+     } catch (error) {%0A+       return next(error);%0A+     }%0A+   });%0A+%0A+   router.get('/auth/audit-chain', requireAuth, async (req: AuthenticatedRequest, res, next) => {%0A+     try {%0A+       const db = req.db!;%0A+       const beforeRaw = typeof req.query.before === 'string' ? Number(req.query.before) : null;%0A+       const before = Number.isInteger(beforeRaw) && beforeRaw! > 0 ? beforeRaw : null;%0A+       const result = before%0A+         ? await db.execute(sql`%0A+             SELECT id, action, timestamp, actor, payload, current_hash AS "currentHash", previous_hash AS "previousHash"%0A+             FROM audit_trail WHERE tenant_id = ${req.user!.tenantId} AND id < ${before} ORDER BY id DESC LIMIT 50%0A+           `)%0A+         : await db.execute(sql`%0A+         SELECT id, action, timestamp, actor, payload, current_hash AS "currentHash", previous_hash AS "previousHash"%0A+         FROM audit_trail WHERE tenant_id = ${req.user!.tenantId} ORDER BY id DESC LIMIT 50%0A+       `);%0A+       const rows = ((result as any).rows ?? []) as Array<{ id: number; action: string; timestamp: string; actor: string; payload: string; currentHash: string; previousHash: string }>;%0A+       return res.json(rows.map(row => ({%0A+         id: row.id,%0A+         action: row.action,%0A+         timestamp: row.timestamp,%0A+         actor: row.actor,%0A+         payload: row.payload,%0A+         hash: row.currentHash,%0A+         currentHash: row.currentHash,%0A+         previousHash: row.previousHash,%0A+         block: { action: row.action, userEmail: row.actor.includes('@') ? row.actor : null },%0A+       })));%0A+     } catch (error) {%0A+       return next(error);%0A+     }%0A+   });%0A+%0A+   router.get('/auth/audit-chain/verify', requireAuth, async (req: AuthenticatedRequest, res, next) => {%0A+     try {%0A+       const db = req.db!;%0A+       return res.json(await verifyAuditChain(db, req.user!.tenantId));%0A+     } catch (error) {%0A+       return next(error);%0A+     }%0A+   });%0A+%0A+   router.post('/tenant/offboard', requireAuth, requireRole('Owner'), async (req: AuthenticatedRequest, res, next) => {%0A+     try {%0A+       // Purges via the owner-role connection (not req.db): offboarding must be%0A+       // able to see every table it enumerates from information_schema, and it%0A+       // already scopes every DELETE to exactly this caller's own tenant_id.%0A+       await offboardTenantData(req.user!.tenantId);%0A+       return res.status(200).json({ message: 'Tenant data purged.' });%0A+     } catch (error) {%0A+       return next(error);%0A+     }%0A+   });%0A+%0A+   // Owner-only founder metrics. Every value is either observed from tenant%0A+   // data or explicitly reported as not verified; this endpoint never invents%0A+   // production health, security, financial, or performance telemetry.%0A+   router.get('/founder/metrics', requireAuth, requireRole('Owner'), async (req: AuthenticatedRequest, res, next) => {%0A+     try {%0A+       const db = req.db!;%0A+       const counts = await db.execute(sql`%0A+         SELECT%0A+           (SELECT COUNT(*)::int FROM clients WHERE tenant_id = ${req.user!.tenantId}) AS "clientCount",%0A+           (SELECT COUNT(*)::int FROM passports WHERE tenant_id = ${req.user!.tenantId}) AS "passportCount",%0A+           (SELECT COUNT(*)::int FROM scans WHERE tenant_id = ${req.user!.tenantId}) AS "scanCount"%0A+       `);%0A+       const row = (counts as any).rows?.[0] || {};%0A+       return res.json({%0A+         latency: 'Not verified',%0A+         capitalProtected: 'Not verified',%0A+         throughput: 'Not verified',%0A+         mitigations: 'Not verified',%0A+         overallScore: null,%0A+         auditEvents: null,%0A+         activeThreats: null,%0A+         systemIntegrity: 'Not verified',%0A+         observed: {%0A+           clientCount: Number(row.clientCount || 0),%0A+           passportCount: Number(row.passportCount || 0),%0A+           scanCount: Number(row.scanCount || 0),%0A+         },%0A+       });%0A+     } catch (error) {%0A+       return next(error);%0A+     }%0A+   });%0A+%0A+   // Owner-only operational health for the command center. Every section reads%0A+   // from the real tables the corresponding subsystem already writes -- no%0A+   // second heartbeat, delivery ledger, integration status, or audit verifier%0A+   // is created here. Sections with no real backing data are omitted rather%0A+   // than populated with placeholder values; see the `notes` field.%0A+   router.get('/founder/operations', requireAuth, requireRole('Owner'), async (req: AuthenticatedRequest, res, next) => {%0A+     try {%0A+       const db = req.db!;%0A+       const tenantId = req.user!.tenantId;%0A+       const notes: string[] = [];%0A+%0A+       // --- A. Worker/job health ---------------------------------------------%0A+       // osv-worker.ts claims agent_jobs rows (job_type osv_manifest_scan /%0A+       // repository_scan). It has no separate heartbeat row; the queue state%0A+       // itself (locked_at/locked_by, the same 10-minute staleness window the%0A+       // worker uses to reclaim stuck jobs) is the real signal.%0A+       const [osvCounts, osvStale, osvFailures, osvActivity] = await Promise.all([%0A+         db.execute(sql`SELECT job_type AS "jobType", status, COUNT(*)::int AS count FROM agent_jobs WHERE tenant_id=${tenantId} AND job_type IN ('osv_manifest_scan','repository_scan') GROUP BY job_type, status`),%0A+         db.execute(sql`SELECT COUNT(*)::int AS count FROM agent_jobs WHERE tenant_id=${tenantId} AND job_type IN ('osv_manifest_scan','repository_scan') AND status='Running' AND locked_at < NOW() - INTERVAL '10 minutes'`),%0A+         db.execute(sql`SELECT id, job_type AS "jobType", error, attempt_count AS "attemptCount", max_attempts AS "maxAttempts", updated_at AS "updatedAt" FROM agent_jobs WHERE tenant_id=${tenantId} AND job_type IN ('osv_manifest_scan','repository_scan') AND status='Failed' ORDER BY updated_at DESC LIMIT 5`),%0A+         db.execute(sql`SELECT MAX(updated_at) AS "lastActivityAt" FROM agent_jobs WHERE tenant_id=${tenantId} AND job_type IN ('osv_manifest_scan','repository_scan')`),%0A+       ]);%0A+%0A+       // monitoring-worker.ts (the file name this dashboard's spec named) is not%0A+       // imported by worker.ts and never runs in production -- confirmed dead%0A+       // code, not a running system. trust-monitoring-worker.ts is the real,%0A+       // currently-running system that plays the equivalent role (collector_jobs%0A+       // has an actual heartbeat_at column, unlike agent_jobs).%0A+       const [monitoringCounts, monitoringHeartbeat, monitoringFailures] = await Promise.all([%0A+         db.execute(sql`SELECT state, COUNT(*)::int AS count FROM collector_jobs WHERE tenant_id=${tenantId} GROUP BY state`),%0A+         db.execute(sql`SELECT MAX(heartbeat_at) AS "lastHeartbeatAt" FROM collector_jobs WHERE tenant_id=${tenantId} AND state='running'`),%0A+         db.execute(sql`SELECT id, collector_id AS "collectorId", safe_error_code AS "errorCode", safe_error_message AS "errorMessage", completed_at AS "completedAt" FROM collector_jobs WHERE tenant_id=${tenantId} AND state IN ('failed','dead_lettered') ORDER BY completed_at DESC NULLS LAST LIMIT 5`),%0A+       ]);%0A+       notes.push('monitoring-worker.ts is dead code (never imported by worker.ts); "monitoringWorker" below reflects trust-monitoring-worker.ts, the real running system for the same role.');%0A+%0A+       // --- B. Webhook delivery health ----------------------------------------%0A+       const [webhookCounts, webhookEndpoints, webhookFailures] = await Promise.all([%0A+         db.execute(sql`SELECT status, COUNT(*)::int AS count FROM spr_webhook_deliveries WHERE tenant_id=${tenantId} AND created_at::timestamptz > NOW() - INTERVAL '7 days' GROUP BY status`),%0A+         db.execute(sql`SELECT COUNT(*) FILTER (WHERE active)::int AS "activeCount", COUNT(*) FILTER (WHERE NOT active)::int AS "disabledCount" FROM spr_webhooks WHERE tenant_id=${tenantId}`),%0A+         db.execute(sql`SELECT d.id, d.webhook_id AS "webhookId", w.url, d.event_type AS "eventType", d.safe_error_code AS "errorCode", d.safe_error_message AS "errorMessage", d.completed_at AS "completedAt" FROM spr_webhook_deliveries d JOIN spr_webhooks w ON w.id=d.webhook_id AND w.tenant_id=d.tenant_id WHERE d.tenant_id=${tenantId} AND d.status IN ('failed','dead_lettered') ORDER BY d.completed_at DESC NULLS LAST LIMIT 10`),%0A+       ]);%0A+       notes.push('Webhook failures are grouped by destination endpoint (webhookId/url), not "provider" -- SPR webhooks are user-configured destination URLs, not third-party provider connectors; there is no per-provider concept for outbound deliveries.');%0A+%0A+       // --- C. Integration health ----------------------------------------------%0A+       const [credentialRows, integrationRows] = await Promise.all([%0A+         db.execute(sql`SELECT provider, status, last_tested_at AS "lastTestedAt" FROM integration_credentials WHERE tenant_id=${tenantId}`),%0A+         db.execute(sql`SELECT name, connected, last_sync_date AS "lastSyncDate" FROM integrations WHERE tenant_id=${tenantId}`),%0A+       ]);%0A+       const credentialByProvider = new Map<string, any>((credentialRows as any).rows?.map((r: any) => [r.provider, r]) ?? []);%0A+       const integrationByName = new Map<string, any>((integrationRows as any).rows?.map((r: any) => [r.name, r]) ?? []);%0A+       const integrations = INTEGRATION_CATALOG.map((item) => ({%0A+         provider: item.provider,%0A+         name: item.name,%0A+         connected: Boolean(integrationByName.get(item.name)?.connected),%0A+         lastSyncDate: integrationByName.get(item.name)?.lastSyncDate ?? null,%0A+         credentialStatus: credentialByProvider.get(item.provider)?.status ?? 'NOT_CONFIGURED',%0A+         lastTestedAt: credentialByProvider.get(item.provider)?.lastTestedAt ?? null,%0A+       }));%0A+%0A+       // --- D. Audit chain integrity --------------------------------------------%0A+       // Reuses the exact function GET /api/auth/audit-chain/verify calls --%0A+       // no second verifier.%0A+       const auditChain = await verifyAuditChain(db, tenantId);%0A+%0A+       // --- E. Scan / job queue --------------------------------------------------%0A+       const [runningRepoScans, complianceSchedules] = await Promise.all([%0A+         db.execute(sql`SELECT id, passport_id AS "passportId", status, progress, updated_at AS "updatedAt" FROM agent_jobs WHERE tenant_id=${tenantId} AND job_type='repository_scan' AND status='Running' ORDER BY updated_at DESC LIMIT 10`),%0A+         db.execute(sql`SELECT id, client_id AS "clientId", frequency, status, last_audit_at AS "lastAuditAt", next_audit_at AS "nextAuditAt" FROM compliance_schedules WHERE tenant_id=${tenantId} ORDER BY COALESCE(last_audit_at, created_at) DESC LIMIT 10`),%0A+       ]);%0A+%0A+       return res.json({%0A+         generatedAt: new Date().toISOString(),%0A+         workers: {%0A+           osv: {%0A+             countsByStatus: (osvCounts as any).rows ?? [],%0A+             staleRunningCount: Number((osvStale as any).rows?.[0]?.count ?? 0),%0A+             recentFailures: (osvFailures as any).rows ?? [],%0A+             lastActivityAt: (osvActivity as any).rows?.[0]?.lastActivityAt ?? null,%0A+           },%0A+           monitoringWorker: {%0A+             realSource: 'trust-monitoring-worker.ts (collector_jobs)',%0A+             countsByState: (monitoringCounts as any).rows ?? [],%0A+             lastHeartbeatAt: (monitoringHeartbeat as any).rows?.[0]?.lastHeartbeatAt ?? null,%0A+             recentFailures: (monitoringFailures as any).rows ?? [],%0A+           },%0A+         },%0A+         webhooks: {%0A+           countsByStatusLast7Days: (webhookCounts as any).rows ?? [],%0A+           activeEndpoints: Number((webhookEndpoints as any).rows?.[0]?.activeCount ?? 0),%0A+           disabledEndpoints: Number((webhookEndpoints as any).rows?.[0]?.disabledCount ?? 0),%0A+           recentFailures: (webhookFailures as any).rows ?? [],%0A+         },%0A+         integrations,%0A+         auditChain,%0A+         queue: {%0A+           runningRepositoryScans: (runningRepoScans as any).rows ?? [],%0A+           recentlyFailedJobs: (osvFailures as any).rows ?? [],%0A+           complianceSchedules: (complianceSchedules as any).rows ?? [],%0A+         },%0A+         notes,%0A+       });%0A+     } catch (error) {%0A+       return next(error);%0A+     }%0A+   });%0A+%0A+   // Owner-only self-passport retrieval. Absence of evidence is represented as%0A+   // a 404 instead of a fabricated passport or trust score.%0A+   router.get('/passports/self-passport', requireAuth, requireRole('Owner'), async (req: AuthenticatedRequest, res, next) => {%0A+     try {%0A+       const db = req.db!;%0A+       const result = await db.execute(sql`%0A+         SELECT%0A+           id,%0A+           name,%0A+           version,%0A+           publisher,%0A+           release_date AS "releaseDate",%0A+           evidence%0A+         FROM passports%0A+         WHERE tenant_id = ${req.user!.tenantId}%0A+         ORDER BY release_date DESC NULLS LAST, id DESC%0A+         LIMIT 1%0A+       `);%0A+       const row = (result as any).rows?.[0];%0A+       if (!row) return res.status(404).json({ error: 'Self passport evidence not found', code: 'SELF_PASSPORT_NOT_FOUND' });%0A+       return res.json({%0A+         ...row,%0A+         overallScore: null,%0A+         healthStatus: 'Not verified',%0A+         evidence: Array.isArray(row.evidence) ? row.evidence : [],%0A+       });%0A+     } catch (error) {%0A+       return next(error);%0A+     }%0A+   });%0A+%0A+   // Firebase-authenticated, tenant-scoped reads for the first-party SPA.%0A+   // These are deliberately separate from /connect/v1, which is API-key based.%0A+   router.get('/user/clients', requireAuth, async (req: AuthenticatedRequest, res, next) => {%0A+     try {%0A+       const db = req.db!;%0A+       const result = await db.execute(sql`SELECT id, name, domain, industry, trust_score AS "trustScore", risk_level AS "riskLevel", avatar_color AS "avatarColor", subscription_tier AS "subscriptionTier", joined_date AS "joinedDate", team_count AS "teamCount", passport_count AS "passportCount", critical_risks_count AS "criticalRisksCount", compliance_progress AS "complianceProgress", software_inventory AS "softwareInventory", compliance_status AS "complianceStatus", team_members AS "teamMembers", activity_timeline AS "activityTimeline" FROM clients WHERE tenant_id=${req.user!.tenantId} ORDER BY joined_date DESC`);%0A+       return res.json((result as any).rows || []);%0A+     } catch (error) {%0A+       return next(error);%0A+     }%0A+   });%0A+%0A+   router.get('/user/passports', requireAuth, async (req: AuthenticatedRequest, res, next) => {%0A+     try {%0A+       const db = req.db!;%0A+       const result = await db.execute(sql`SELECT p.id, p.client_id AS "clientId", p.name, p.version, p.publisher, p.category, p.release_date AS "releaseDate", p.license_type AS "licenseType", p.sbom, COALESCE((SELECT json_agg(json_build_object('id', e.id, 'name', e.name, 'type', e.type, 'verified', e.verified, 'status', e.status, 'signer', e.signer, 'timestamp', e.timestamp, 'hash', e.hash, 'engineId', e.engine_id, 'verificationFailureReason', e.verification_failure_reason) ORDER BY e.timestamp DESC) FROM evidence_items e WHERE e.tenant_id=p.tenant_id AND e.asset_id=p.id), '[]'::json) AS evidence, COALESCE((SELECT json_agg(json_build_object('id', f.id, 'findingId', f.id, 'severity', f.severity, 'category', f.category, 'title', f.title, 'description', f.description, 'component', f.component, 'fixedVersion', f.fixed_version, 'status', f.status, 'detectedAt', f.detected_at, 'engineId', f.engine_id) ORDER BY f.detected_at DESC) FROM scan_findings f WHERE f.tenant_id=p.tenant_id AND f.asset_id=p.id), '[]'::json) AS vulnerabilities, p.timeline, NULL AS scores, 'not_authoritatively_scored' AS "scoreStatus" FROM passports p WHERE p.tenant_id=${req.user!.tenantId} ORDER BY p.name ASC`);%0A+       return res.json((result as any).rows || []);%0A+     } catch (error) {%0A+       return next(error);%0A+     }%0A+   });%0A+%0A+   router.get('/user/extensions', requireAuth, async (req: AuthenticatedRequest, res, next) => {%0A+     try {%0A+       const db = req.db!;%0A+       const result = await db.execute(sql`SELECT extension_id AS "extensionId", installed_at AS "installedAt" FROM extension_installations WHERE tenant_id=${req.user!.tenantId} ORDER BY installed_at DESC`);%0A+       return res.json((result as any).rows || []);%0A+     } catch (error) {%0A+       return next(error);%0A+     }%0A+   });%0A+%0A+   router.post('/user/extensions/:extensionId', requireAuth, requireRole(['Owner', 'Admin', 'Operator']), async (req: AuthenticatedRequest, res, next) => {%0A+     try {%0A+       const extensionId = String(req.params.extensionId || '').trim();%0A+       if (!/^[A-Za-z0-9_.-]{1,120}$/.test(extensionId)) return res.status(400).json({ error: 'Invalid extension id' });%0A+       const db = req.db!;%0A+       const result = await db.execute(sql`INSERT INTO extension_installations (tenant_id, extension_id, installed_at) VALUES (${req.user!.tenantId}, ${extensionId}, NOW()) ON CONFLICT (tenant_id, extension_id) DO UPDATE SET installed_at=NOW() RETURNING extension_id AS "extensionId", installed_at AS "installedAt"`);%0A+       return res.status(201).json((result as any).rows?.[0]);%0A+     } catch (error) {%0A+       return next(error);%0A+     }%0A+   });%0A+%0A+   router.delete('/user/extensions/:extensionId', requireAuth, requireRole(['Owner', 'Admin', 'Operator']), async (req: AuthenticatedRequest, res, next) => {%0A+     try {%0A+       const db = req.db!;%0A+       const extensionId = String(req.params.extensionId || '').trim();%0A+       const result = await db.execute(sql`DELETE FROM extension_installations WHERE tenant_id=${req.user!.tenantId} AND extension_id=${extensionId} RETURNING extension_id`);%0A+       if (!((result as any).rows?.length)) return res.status(404).json({ error: 'Extension installation not found' });%0A+       return res.status(204).send();%0A+     } catch (error) {%0A+       return next(error);%0A+     }%0A+   });%0A+%0A+   router.get('/auth/verify-status', requireAuth, async (req: AuthenticatedRequest, res) => {%0A+     return res.json({ verified: req.user!.emailVerified, emailVerified: req.user!.emailVerified });%0A+   });%0A+%0A+%0A+%0A+   router.get('/user/passports/:id/verification', requireAuth, async (req: AuthenticatedRequest, res, next) => {%0A+     try {%0A+       const db = req.db!;%0A+       const tenantId = req.user!.tenantId;%0A+       const clientScope = req.user!.role === 'Client' ? (req.user as any).clientId : null;%0A+       const passportResult = await db.execute(sql`SELECT id, version, evidence, client_id AS "clientId" FROM passports WHERE id=${req.params.id} AND tenant_id=${tenantId} AND (${clientScope} IS NULL OR client_id=${clientScope}) LIMIT 1`) as any;%0A+       const passport = passportResult.rows?.[0];%0A+       if (!passport) return res.status(404).json({ error: 'Passport not found' });%0A+       const findingResult = await db.execute(sql`SELECT id, passport_id AS "passportId", evidence_ids, status FROM trust_findings WHERE tenant_id=${tenantId} AND passport_id=${passport.id}`) as any;%0A+       const parseJson = (value: unknown): unknown[] => { try { const parsed = JSON.parse(String(value ?? '')); return Array.isArray(parsed) ? parsed : []; } catch { return []; } };%0A+       const openFindingEvidenceIds = (findingResult.rows ?? []).filter((row: any) => !['resolved','closed','verified'].includes(String(row.status || '').toLowerCase())).flatMap((row: any) => parseJson(row.evidence_ids)).filter((id: any): id is string => typeof id === 'string');%0A+       const adapted = adaptEvidenceForEvaluation({ evidence: parseJson(passport.evidence) as any[], passportVersion: passport.version, openFindingEvidenceIds });%0A+       const evaluatedAt = Date.now();%0A+       const decision = evaluateVerification({ evidence: adapted.evidence, evaluatedAt, targetIdentity: adapted.targetIdentity });%0A+       res.setHeader('Cache-Control', 'private, max-age=0, no-store');%0A+       return res.json({ decision, observations: decision.observationCount, independentSources: decision.independentSourceCount });%0A+     } catch (error) { return next(error); }%0A+   });%0A+%0A+   router.get('/user/verification', requireAuth, async (req: AuthenticatedRequest, res, next) => {%0A+     try {%0A+       const db = req.db!;%0A+       const tenantId = req.user!.tenantId;%0A+       const clientScope = req.user!.role === 'Client' ? (req.user as any).clientId : null;%0A+       const passportRows = (await db.execute(sql`SELECT id, version, evidence, client_id AS "clientId" FROM passports WHERE tenant_id=${tenantId} AND (${clientScope} IS NULL OR client_id=${clientScope}) ORDER BY id`) as any).rows ?? [];%0A+       const passportIds = passportRows.map((row: any) => String(row.id));%0A+       const parseJson = (value: unknown): unknown[] => { try { const parsed = JSON.parse(String(value ?? '')); return Array.isArray(parsed) ? parsed : []; } catch { return []; } };%0A+       // Drizzle's proven one-query binding shape for the passport findings is%0A+       // `asset_id IN ${passportIds}`; do not replace this with ANY(array).%0A+       const findingRows = passportIds.length ? ((await db.execute(sql`SELECT id, passport_id AS "passportId", evidence_ids, status FROM trust_findings WHERE tenant_id=${tenantId} AND passport_id IN ${passportIds}`) as any).rows ?? []) : [];%0A+       const evidenceByPassport = new Map<string, any[]>();%0A+       for (const passport of passportRows) evidenceByPassport.set(String(passport.id), parseJson(passport.evidence) as any[]);%0A+       const evaluatedAt = Date.now();%0A+       const verificationDecisions: Record<string, VerificationDecision> = {};%0A+       const verificationDetails: Record<string, unknown> = {};%0A+       for (const passport of passportRows) {%0A+         const findings = findingRows.filter((row: any) => String(row.passportId) === String(passport.id));%0A+         const openFindingEvidenceIds = findings.filter((row: any) => !['resolved','closed','verified'].includes(String(row.status || '').toLowerCase())).flatMap((row: any) => parseJson(row.evidence_ids)).filter((id: any): id is string => typeof id === 'string');%0A+         const adapted = adaptEvidenceForEvaluation({ evidence: evidenceByPassport.get(String(passport.id)) ?? [], passportVersion: passport.version, openFindingEvidenceIds });%0A+         const decision = evaluateVerification({ evidence: adapted.evidence, evaluatedAt, targetIdentity: adapted.targetIdentity });%0A+         verificationDecisions[String(passport.id)] = decision;%0A+         verificationDetails[String(passport.id)] = { unmappedCount: adapted.unmappedCount, undatedCount: adapted.undatedCount, observations: decision.observationCount, independentSources: decision.independentSourceCount };%0A+       }%0A+       res.setHeader('Cache-Control', 'private, max-age=0, no-store');%0A+       return res.json({ verificationDecisions, verificationDetails });%0A+     } catch (error) { return next(error); }%0A+   });%0A+%0A+   return router;%0A+ }%0A+%0A%0A ❯ tests/client-creation-contract.test.ts:36:15%0A%0A

::error file=/home/runner/work/software-passport-registry/software-passport-registry/tests/client-creation-contract.test.ts,title=tests/client-creation-contract.test.ts > POST /api/user/clients > audits the creation event,line=42,column=22::AssertionError: expected '/**\n * @license\n * SPDX-License-Ide…' to contain 'action: \'client.created\''%0A%0A- Expected%0A+ Received%0A%0A- action: 'client.created'%0A+ /**%0A+  * @license%0A+  * SPDX-License-Identifier: Apache-2.0%0A+  */%0A+%0A+ import { Router } from 'express';%0A+ import { eq } from 'drizzle-orm';%0A+ import { sql } from 'drizzle-orm';%0A+ import { z } from 'zod';%0A+ import { users } from '../db/schema.ts';%0A+ import { AuthenticatedRequest, requireAuth, requireRole } from '../middleware/security.ts';%0A+ import { adminAuth, setUserCustomClaims } from '../lib/firebase-admin.ts';%0A+ import { appendAuditEntry, verifyAuditChain } from '../security/audit-log.ts';%0A+ import { describeUserAgent, sessionFingerprint } from '../security/session-tracking.ts';%0A+ import { offboardTenantData } from '../db/sync.ts';%0A+ import { INTEGRATION_CATALOG } from '../integrations/catalog.ts';%0A+ import { adaptEvidenceForEvaluation } from '../lib/verification/evidenceAdapter.ts';%0A+ import { evaluateVerification, type VerificationDecision } from '../lib/verification/evaluateVerification.ts';%0A+%0A+ const INVITABLE_ROLES = ['Admin', 'Technician', 'Viewer', 'Client'] as const;%0A+ const inviteSchema = z.object({ email: z.string().trim().email().max(255), role: z.enum(INVITABLE_ROLES) }).strict();%0A+ const roleUpdateSchema = z.object({ role: z.enum(INVITABLE_ROLES) }).strict();%0A+ const profileUpdateSchema = z.object({%0A+   displayName: z.string().trim().max(200).optional(),%0A+   roleTitle: z.string().trim().max(200).optional(),%0A+   companyName: z.string().trim().max(200).optional(),%0A+ }).strict();%0A+ const revokeSessionSchema = z.object({ sessionId: z.string().trim().min(1).max(200) }).strict();%0A+%0A+ export function createAuthRouter() {%0A+   const router = Router();%0A+%0A+   // The Firebase ID token is the sole authentication authority. The database%0A+   // record supplies the tenant/RBAC projection after token verification.%0A+   router.get('/user/me', requireAuth, async (req: AuthenticatedRequest, res, next) => {%0A+     try {%0A+       const db = req.db!;%0A+       const user = await db.select({%0A+         id: users.id,%0A+         uid: users.uid,%0A+         email: users.email,%0A+         tenantId: users.tenantId,%0A+         role: users.role,%0A+         companyName: users.companyName,%0A+         roleTitle: users.roleTitle,%0A+         displayName: users.displayName,%0A+         numTechnicians: users.numTechnicians,%0A+         clientCount: users.clientCount,%0A+         primaryUseCase: users.primaryUseCase,%0A+         onboarded: users.onboarded,%0A+         mfaEnabled: users.mfaEnabled,%0A+         createdAt: users.createdAt,%0A+       }).from(users).where(eq(users.uid, req.user!.uid)).then(rows => rows[0]);%0A+%0A+       if (!user) return res.status(403).json({ error: 'User account is not provisioned' });%0A+       return res.json({ ...user, emailVerified: req.user!.emailVerified });%0A+     } catch (error) {%0A+       return next(error);%0A+     }%0A+   });%0A+%0A+   router.put('/user/profile', requireAuth, async (req: AuthenticatedRequest, res, next) => {%0A+     try {%0A+       const db = req.db!;%0A+       const parsed = profileUpdateSchema.safeParse(req.body);%0A+       if (!parsed.success) return res.status(400).json({ error: 'Invalid request', details: parsed.error.flatten() });%0A+       const result = await db.execute(sql`%0A+         UPDATE users SET%0A+           display_name = COALESCE(${parsed.data.displayName ?? null}, display_name),%0A+           role_title = COALESCE(${parsed.data.roleTitle ?? null}, role_title),%0A+           company_name = COALESCE(${parsed.data.companyName ?? null}, company_name)%0A+         WHERE uid = ${req.user!.uid} AND tenant_id = ${req.user!.tenantId}%0A+         RETURNING id, email, display_name AS "displayName", role_title AS "roleTitle", company_name AS "companyName"%0A+       `);%0A+       const row = (result as any).rows?.[0];%0A+       if (!row) return res.status(404).json({ error: 'User account not found' });%0A+       await appendAuditEntry(db, { tenantId: req.user!.tenantId, action: 'profile.updated', actor: req.user!.email, payload: { userId: req.user!.id } });%0A+       return res.json(row);%0A+     } catch (error) {%0A+       return next(error);%0A+     }%0A+   });%0A+%0A+   router.get('/organization/team', requireAuth, async (req: AuthenticatedRequest, res, next) => {%0A+     try {%0A+       const db = req.db!;%0A+       const result = await db.execute(sql`%0A+         SELECT id, email, display_name AS "displayName", role, onboarded, created_at AS "createdAt"%0A+         FROM users WHERE tenant_id = ${req.user!.tenantId} ORDER BY created_at ASC%0A+       `);%0A+       return res.json((result as any).rows ?? []);%0A+     } catch (error) {%0A+       return next(error);%0A+     }%0A+   });%0A+%0A+   router.post('/organization/invite', requireAuth, requireRole(['Owner', 'Admin']), async (req: AuthenticatedRequest, res, next) => {%0A+     try {%0A+       const db = req.db!;%0A+       const parsed = inviteSchema.safeParse(req.body);%0A+       if (!parsed.success) return res.status(400).json({ error: 'Invalid request', details: parsed.error.flatten() });%0A+       const email = parsed.data.email.toLowerCase();%0A+%0A+       const existing = await db.execute(sql`SELECT id FROM users WHERE tenant_id = ${req.user!.tenantId} AND lower(btrim(email)) = ${email} LIMIT 1`);%0A+       if ((existing as any).rows?.length) return res.status(409).json({ error: 'This email is already a member of your workspace.' });%0A+%0A+       let firebaseUser;%0A+       try {%0A+         firebaseUser = await adminAuth.getUserByEmail(email);%0A+       } catch {%0A+         firebaseUser = await adminAuth.createUser({ email, emailVerified: false });%0A+       }%0A+%0A+       const inserted = await db.execute(sql`%0A+         INSERT INTO users (uid, email, tenant_id, role, invited_by, onboarded)%0A+         VALUES (${firebaseUser.uid}, ${email}, ${req.user!.tenantId}, ${parsed.data.role}, ${req.user!.email}, 0)%0A+         RETURNING id, email, role%0A+       `);%0A+       await setUserCustomClaims(firebaseUser.uid, { workspaceId: req.user!.tenantId, role: parsed.data.role });%0A+%0A+       let inviteLink: string | null = null;%0A+       try { inviteLink = await adminAuth.generatePasswordResetLink(email); } catch { inviteLink = null; }%0A+%0A+       await appendAuditEntry(db, { tenantId: req.user!.tenantId, action: 'team.invited', actor: req.user!.email, payload: { invitedEmail: email, role: parsed.data.role } });%0A+       return res.status(201).json({ ...(inserted as any).rows?.[0], inviteLink });%0A+     } catch (error) {%0A+       return next(error);%0A+     }%0A+   });%0A+%0A+   router.put('/organization/team/:userId/role', requireAuth, requireRole(['Owner', 'Admin']), async (req: AuthenticatedRequest, res, next) => {%0A+     try {%0A+       const db = req.db!;%0A+       const parsed = roleUpdateSchema.safeParse(req.body);%0A+       if (!parsed.success) return res.status(400).json({ error: 'Invalid request', details: parsed.error.flatten() });%0A+       const targetId = Number(req.params.userId);%0A+       if (!Number.isInteger(targetId)) return res.status(400).json({ error: 'Invalid user id' });%0A+%0A+       const result = await db.execute(sql`%0A+         UPDATE users SET role = ${parsed.data.role}%0A+         WHERE id = ${targetId} AND tenant_id = ${req.user!.tenantId} AND role <> 'Owner'%0A+         RETURNING id, uid, email, role%0A+       `);%0A+       const row = (result as any).rows?.[0];%0A+       if (!row) return res.status(404).json({ error: 'Team member not found, or the Owner role cannot be changed here.' });%0A+       await setUserCustomClaims(row.uid, { workspaceId: req.user!.tenantId, role: parsed.data.role });%0A+       await appendAuditEntry(db, { tenantId: req.user!.tenantId, action: 'team.role_changed', actor: req.user!.email, payload: { targetUserId: targetId, newRole: parsed.data.role } });%0A+       return res.json({ id: row.id, email: row.email, role: row.role });%0A+     } catch (error) {%0A+       return next(error);%0A+     }%0A+   });%0A+%0A+   router.delete('/organization/team/:userId', requireAuth, requireRole(['Owner', 'Admin']), async (req: AuthenticatedRequest, res, next) => {%0A+     try {%0A+       const db = req.db!;%0A+       const targetId = Number(req.params.userId);%0A+       if (!Number.isInteger(targetId)) return res.status(400).json({ error: 'Invalid user id' });%0A+%0A+       const result = await db.execute(sql`%0A+         DELETE FROM users WHERE id = ${targetId} AND tenant_id = ${req.user!.tenantId} AND role <> 'Owner'%0A+         RETURNING id, uid, email%0A+       `);%0A+       const row = (result as any).rows?.[0];%0A+       if (!row) return res.status(404).json({ error: 'Team member not found, or the Owner cannot be removed.' });%0A+%0A+       try { await adminAuth.updateUser(row.uid, { disabled: true }); await adminAuth.revokeRefreshTokens(row.uid); } catch { /* Firebase account may already be gone; DB removal already took effect. */ }%0A+       await appendAuditEntry(db, { tenantId: req.user!.tenantId, action: 'team.removed', actor: req.user!.email, payload: { targetUserId: targetId, targetEmail: row.email } });%0A+       return res.status(204).send();%0A+     } catch (error) {%0A+       return next(error);%0A+     }%0A+   });%0A+%0A+   router.get('/auth/sessions', requireAuth, async (req: AuthenticatedRequest, res, next) => {%0A+     try {%0A+       const db = req.db!;%0A+       const currentIp = req.ip || req.socket.remoteAddress || 'unknown';%0A+       const currentUserAgent = typeof req.headers['user-agent'] === 'string' ? req.headers['user-agent'].slice(0, 512) : '';%0A+       const currentFingerprint = sessionFingerprint(req.user!.uid, currentIp, currentUserAgent);%0A+%0A+       const result = await db.execute(sql`%0A+         SELECT id, session_fingerprint AS "sessionFingerprint", ip, user_agent AS "userAgent", last_seen_at AS "lastSeenAt"%0A+         FROM user_sessions%0A+         WHERE tenant_id = ${req.user!.tenantId} AND user_id = ${req.user!.id} AND revoked_at IS NULL%0A+         ORDER BY last_seen_at DESC%0A+       `);%0A+       const rows = ((result as any).rows ?? []) as Array<{ id: string; sessionFingerprint: string; ip: string; userAgent: string; lastSeenAt: string }>;%0A+       return res.json(rows.map(row => ({%0A+         id: row.id,%0A+         email: req.user!.email,%0A+         current: row.sessionFingerprint === currentFingerprint,%0A+         ip: row.ip,%0A+         device: describeUserAgent(row.userAgent),%0A+         location: 'Not geolocated',%0A+         lastSeenAt: row.lastSeenAt,%0A+       })));%0A+     } catch (error) {%0A+       return next(error);%0A+     }%0A+   });%0A+%0A+   router.post('/auth/sessions/revoke', requireAuth, async (req: AuthenticatedRequest, res, next) => {%0A+     try {%0A+       const db = req.db!;%0A+       const parsed = revokeSessionSchema.safeParse(req.body);%0A+       if (!parsed.success) return res.status(400).json({ error: 'Invalid request', details: parsed.error.flatten() });%0A+       const currentIp = req.ip || req.socket.remoteAddress || 'unknown';%0A+       const currentUserAgent = typeof req.headers['user-agent'] === 'string' ? req.headers['user-agent'].slice(0, 512) : '';%0A+       const currentFingerprint = sessionFingerprint(req.user!.uid, currentIp, currentUserAgent);%0A+       if (parsed.data.sessionId === `sess_${currentFingerprint}`) return res.status(400).json({ error: 'Cannot revoke the session you are currently using. Sign out instead.' });%0A+%0A+       const result = await db.execute(sql`%0A+         UPDATE user_sessions SET revoked_at = NOW()%0A+         WHERE id = ${parsed.data.sessionId} AND tenant_id = ${req.user!.tenantId} AND user_id = ${req.user!.id} AND revoked_at IS NULL%0A+         RETURNING id%0A+       `);%0A+       if (!((result as any).rows?.length)) return res.status(404).json({ error: 'Session not found' });%0A+       await appendAuditEntry(db, { tenantId: req.user!.tenantId, action: 'session.revoked', actor: req.user!.email, payload: { sessionId: parsed.data.sessionId } });%0A+       return res.status(204).send();%0A+     } catch (error) {%0A+       return next(error);%0A+     }%0A+   });%0A+%0A+   router.get('/auth/login-history', requireAuth, async (req: AuthenticatedRequest, res, next) => {%0A+     try {%0A+       const db = req.db!;%0A+       const result = await db.execute(sql`%0A+         SELECT id, ip, user_agent AS "userAgent", status, occurred_at AS "occurredAt"%0A+         FROM login_history WHERE tenant_id = ${req.user!.tenantId} AND user_id = ${req.user!.id}%0A+         ORDER BY occurred_at DESC LIMIT 50%0A+       `);%0A+       const rows = ((result as any).rows ?? []) as Array<{ id: string; ip: string; userAgent: string; status: string; occurredAt: string }>;%0A+       return res.json(rows.map(row => ({%0A+         id: row.id,%0A+         email: req.user!.email,%0A+         status: row.status,%0A+         action: 'Sign-in',%0A+         timestamp: row.occurredAt,%0A+         ip: row.ip,%0A+         location: 'Not geolocated',%0A+       })));%0A+     } catch (error) {%0A+       return next(error);%0A+     }%0A+   });%0A+%0A+   router.get('/auth/audit-chain', requireAuth, async (req: AuthenticatedRequest, res, next) => {%0A+     try {%0A+       const db = req.db!;%0A+       const beforeRaw = typeof req.query.before === 'string' ? Number(req.query.before) : null;%0A+       const before = Number.isInteger(beforeRaw) && beforeRaw! > 0 ? beforeRaw : null;%0A+       const result = before%0A+         ? await db.execute(sql`%0A+             SELECT id, action, timestamp, actor, payload, current_hash AS "currentHash", previous_hash AS "previousHash"%0A+             FROM audit_trail WHERE tenant_id = ${req.user!.tenantId} AND id < ${before} ORDER BY id DESC LIMIT 50%0A+           `)%0A+         : await db.execute(sql`%0A+         SELECT id, action, timestamp, actor, payload, current_hash AS "currentHash", previous_hash AS "previousHash"%0A+         FROM audit_trail WHERE tenant_id = ${req.user!.tenantId} ORDER BY id DESC LIMIT 50%0A+       `);%0A+       const rows = ((result as any).rows ?? []) as Array<{ id: number; action: string; timestamp: string; actor: string; payload: string; currentHash: string; previousHash: string }>;%0A+       return res.json(rows.map(row => ({%0A+         id: row.id,%0A+         action: row.action,%0A+         timestamp: row.timestamp,%0A+         actor: row.actor,%0A+         payload: row.payload,%0A+         hash: row.currentHash,%0A+         currentHash: row.currentHash,%0A+         previousHash: row.previousHash,%0A+         block: { action: row.action, userEmail: row.actor.includes('@') ? row.actor : null },%0A+       })));%0A+     } catch (error) {%0A+       return next(error);%0A+     }%0A+   });%0A+%0A+   router.get('/auth/audit-chain/verify', requireAuth, async (req: AuthenticatedRequest, res, next) => {%0A+     try {%0A+       const db = req.db!;%0A+       return res.json(await verifyAuditChain(db, req.user!.tenantId));%0A+     } catch (error) {%0A+       return next(error);%0A+     }%0A+   });%0A+%0A+   router.post('/tenant/offboard', requireAuth, requireRole('Owner'), async (req: AuthenticatedRequest, res, next) => {%0A+     try {%0A+       // Purges via the owner-role connection (not req.db): offboarding must be%0A+       // able to see every table it enumerates from information_schema, and it%0A+       // already scopes every DELETE to exactly this caller's own tenant_id.%0A+       await offboardTenantData(req.user!.tenantId);%0A+       return res.status(200).json({ message: 'Tenant data purged.' });%0A+     } catch (error) {%0A+       return next(error);%0A+     }%0A+   });%0A+%0A+   // Owner-only founder metrics. Every value is either observed from tenant%0A+   // data or explicitly reported as not verified; this endpoint never invents%0A+   // production health, security, financial, or performance telemetry.%0A+   router.get('/founder/metrics', requireAuth, requireRole('Owner'), async (req: AuthenticatedRequest, res, next) => {%0A+     try {%0A+       const db = req.db!;%0A+       const counts = await db.execute(sql`%0A+         SELECT%0A+           (SELECT COUNT(*)::int FROM clients WHERE tenant_id = ${req.user!.tenantId}) AS "clientCount",%0A+           (SELECT COUNT(*)::int FROM passports WHERE tenant_id = ${req.user!.tenantId}) AS "passportCount",%0A+           (SELECT COUNT(*)::int FROM scans WHERE tenant_id = ${req.user!.tenantId}) AS "scanCount"%0A+       `);%0A+       const row = (counts as any).rows?.[0] || {};%0A+       return res.json({%0A+         latency: 'Not verified',%0A+         capitalProtected: 'Not verified',%0A+         throughput: 'Not verified',%0A+         mitigations: 'Not verified',%0A+         overallScore: null,%0A+         auditEvents: null,%0A+         activeThreats: null,%0A+         systemIntegrity: 'Not verified',%0A+         observed: {%0A+           clientCount: Number(row.clientCount || 0),%0A+           passportCount: Number(row.passportCount || 0),%0A+           scanCount: Number(row.scanCount || 0),%0A+         },%0A+       });%0A+     } catch (error) {%0A+       return next(error);%0A+     }%0A+   });%0A+%0A+   // Owner-only operational health for the command center. Every section reads%0A+   // from the real tables the corresponding subsystem already writes -- no%0A+   // second heartbeat, delivery ledger, integration status, or audit verifier%0A+   // is created here. Sections with no real backing data are omitted rather%0A+   // than populated with placeholder values; see the `notes` field.%0A+   router.get('/founder/operations', requireAuth, requireRole('Owner'), async (req: AuthenticatedRequest, res, next) => {%0A+     try {%0A+       const db = req.db!;%0A+       const tenantId = req.user!.tenantId;%0A+       const notes: string[] = [];%0A+%0A+       // --- A. Worker/job health ---------------------------------------------%0A+       // osv-worker.ts claims agent_jobs rows (job_type osv_manifest_scan /%0A+       // repository_scan). It has no separate heartbeat row; the queue state%0A+       // itself (locked_at/locked_by, the same 10-minute staleness window the%0A+       // worker uses to reclaim stuck jobs) is the real signal.%0A+       const [osvCounts, osvStale, osvFailures, osvActivity] = await Promise.all([%0A+         db.execute(sql`SELECT job_type AS "jobType", status, COUNT(*)::int AS count FROM agent_jobs WHERE tenant_id=${tenantId} AND job_type IN ('osv_manifest_scan','repository_scan') GROUP BY job_type, status`),%0A+         db.execute(sql`SELECT COUNT(*)::int AS count FROM agent_jobs WHERE tenant_id=${tenantId} AND job_type IN ('osv_manifest_scan','repository_scan') AND status='Running' AND locked_at < NOW() - INTERVAL '10 minutes'`),%0A+         db.execute(sql`SELECT id, job_type AS "jobType", error, attempt_count AS "attemptCount", max_attempts AS "maxAttempts", updated_at AS "updatedAt" FROM agent_jobs WHERE tenant_id=${tenantId} AND job_type IN ('osv_manifest_scan','repository_scan') AND status='Failed' ORDER BY updated_at DESC LIMIT 5`),%0A+         db.execute(sql`SELECT MAX(updated_at) AS "lastActivityAt" FROM agent_jobs WHERE tenant_id=${tenantId} AND job_type IN ('osv_manifest_scan','repository_scan')`),%0A+       ]);%0A+%0A+       // monitoring-worker.ts (the file name this dashboard's spec named) is not%0A+       // imported by worker.ts and never runs in production -- confirmed dead%0A+       // code, not a running system. trust-monitoring-worker.ts is the real,%0A+       // currently-running system that plays the equivalent role (collector_jobs%0A+       // has an actual heartbeat_at column, unlike agent_jobs).%0A+       const [monitoringCounts, monitoringHeartbeat, monitoringFailures] = await Promise.all([%0A+         db.execute(sql`SELECT state, COUNT(*)::int AS count FROM collector_jobs WHERE tenant_id=${tenantId} GROUP BY state`),%0A+         db.execute(sql`SELECT MAX(heartbeat_at) AS "lastHeartbeatAt" FROM collector_jobs WHERE tenant_id=${tenantId} AND state='running'`),%0A+         db.execute(sql`SELECT id, collector_id AS "collectorId", safe_error_code AS "errorCode", safe_error_message AS "errorMessage", completed_at AS "completedAt" FROM collector_jobs WHERE tenant_id=${tenantId} AND state IN ('failed','dead_lettered') ORDER BY completed_at DESC NULLS LAST LIMIT 5`),%0A+       ]);%0A+       notes.push('monitoring-worker.ts is dead code (never imported by worker.ts); "monitoringWorker" below reflects trust-monitoring-worker.ts, the real running system for the same role.');%0A+%0A+       // --- B. Webhook delivery health ----------------------------------------%0A+       const [webhookCounts, webhookEndpoints, webhookFailures] = await Promise.all([%0A+         db.execute(sql`SELECT status, COUNT(*)::int AS count FROM spr_webhook_deliveries WHERE tenant_id=${tenantId} AND created_at::timestamptz > NOW() - INTERVAL '7 days' GROUP BY status`),%0A+         db.execute(sql`SELECT COUNT(*) FILTER (WHERE active)::int AS "activeCount", COUNT(*) FILTER (WHERE NOT active)::int AS "disabledCount" FROM spr_webhooks WHERE tenant_id=${tenantId}`),%0A+         db.execute(sql`SELECT d.id, d.webhook_id AS "webhookId", w.url, d.event_type AS "eventType", d.safe_error_code AS "errorCode", d.safe_error_message AS "errorMessage", d.completed_at AS "completedAt" FROM spr_webhook_deliveries d JOIN spr_webhooks w ON w.id=d.webhook_id AND w.tenant_id=d.tenant_id WHERE d.tenant_id=${tenantId} AND d.status IN ('failed','dead_lettered') ORDER BY d.completed_at DESC NULLS LAST LIMIT 10`),%0A+       ]);%0A+       notes.push('Webhook failures are grouped by destination endpoint (webhookId/url), not "provider" -- SPR webhooks are user-configured destination URLs, not third-party provider connectors; there is no per-provider concept for outbound deliveries.');%0A+%0A+       // --- C. Integration health ----------------------------------------------%0A+       const [credentialRows, integrationRows] = await Promise.all([%0A+         db.execute(sql`SELECT provider, status, last_tested_at AS "lastTestedAt" FROM integration_credentials WHERE tenant_id=${tenantId}`),%0A+         db.execute(sql`SELECT name, connected, last_sync_date AS "lastSyncDate" FROM integrations WHERE tenant_id=${tenantId}`),%0A+       ]);%0A+       const credentialByProvider = new Map<string, any>((credentialRows as any).rows?.map((r: any) => [r.provider, r]) ?? []);%0A+       const integrationByName = new Map<string, any>((integrationRows as any).rows?.map((r: any) => [r.name, r]) ?? []);%0A+       const integrations = INTEGRATION_CATALOG.map((item) => ({%0A+         provider: item.provider,%0A+         name: item.name,%0A+         connected: Boolean(integrationByName.get(item.name)?.connected),%0A+         lastSyncDate: integrationByName.get(item.name)?.lastSyncDate ?? null,%0A+         credentialStatus: credentialByProvider.get(item.provider)?.status ?? 'NOT_CONFIGURED',%0A+         lastTestedAt: credentialByProvider.get(item.provider)?.lastTestedAt ?? null,%0A+       }));%0A+%0A+       // --- D. Audit chain integrity --------------------------------------------%0A+       // Reuses the exact function GET /api/auth/audit-chain/verify calls --%0A+       // no second verifier.%0A+       const auditChain = await verifyAuditChain(db, tenantId);%0A+%0A+       // --- E. Scan / job queue --------------------------------------------------%0A+       const [runningRepoScans, complianceSchedules] = await Promise.all([%0A+         db.execute(sql`SELECT id, passport_id AS "passportId", status, progress, updated_at AS "updatedAt" FROM agent_jobs WHERE tenant_id=${tenantId} AND job_type='repository_scan' AND status='Running' ORDER BY updated_at DESC LIMIT 10`),%0A+         db.execute(sql`SELECT id, client_id AS "clientId", frequency, status, last_audit_at AS "lastAuditAt", next_audit_at AS "nextAuditAt" FROM compliance_schedules WHERE tenant_id=${tenantId} ORDER BY COALESCE(last_audit_at, created_at) DESC LIMIT 10`),%0A+       ]);%0A+%0A+       return res.json({%0A+         generatedAt: new Date().toISOString(),%0A+         workers: {%0A+           osv: {%0A+             countsByStatus: (osvCounts as any).rows ?? [],%0A+             staleRunningCount: Number((osvStale as any).rows?.[0]?.count ?? 0),%0A+             recentFailures: (osvFailures as any).rows ?? [],%0A+             lastActivityAt: (osvActivity as any).rows?.[0]?.lastActivityAt ?? null,%0A+           },%0A+           monitoringWorker: {%0A+             realSource: 'trust-monitoring-worker.ts (collector_jobs)',%0A+             countsByState: (monitoringCounts as any).rows ?? [],%0A+             lastHeartbeatAt: (monitoringHeartbeat as any).rows?.[0]?.lastHeartbeatAt ?? null,%0A+             recentFailures: (monitoringFailures as any).rows ?? [],%0A+           },%0A+         },%0A+         webhooks: {%0A+           countsByStatusLast7Days: (webhookCounts as any).rows ?? [],%0A+           activeEndpoints: Number((webhookEndpoints as any).rows?.[0]?.activeCount ?? 0),%0A+           disabledEndpoints: Number((webhookEndpoints as any).rows?.[0]?.disabledCount ?? 0),%0A+           recentFailures: (webhookFailures as any).rows ?? [],%0A+         },%0A+         integrations,%0A+         auditChain,%0A+         queue: {%0A+           runningRepositoryScans: (runningRepoScans as any).rows ?? [],%0A+           recentlyFailedJobs: (osvFailures as any).rows ?? [],%0A+           complianceSchedules: (complianceSchedules as any).rows ?? [],%0A+         },%0A+         notes,%0A+       });%0A+     } catch (error) {%0A+       return next(error);%0A+     }%0A+   });%0A+%0A+   // Owner-only self-passport retrieval. Absence of evidence is represented as%0A+   // a 404 instead of a fabricated passport or trust score.%0A+   router.get('/passports/self-passport', requireAuth, requireRole('Owner'), async (req: AuthenticatedRequest, res, next) => {%0A+     try {%0A+       const db = req.db!;%0A+       const result = await db.execute(sql`%0A+         SELECT%0A+           id,%0A+           name,%0A+           version,%0A+           publisher,%0A+           release_date AS "releaseDate",%0A+           evidence%0A+         FROM passports%0A+         WHERE tenant_id = ${req.user!.tenantId}%0A+         ORDER BY release_date DESC NULLS LAST, id DESC%0A+         LIMIT 1%0A+       `);%0A+       const row = (result as any).rows?.[0];%0A+       if (!row) return res.status(404).json({ error: 'Self passport evidence not found', code: 'SELF_PASSPORT_NOT_FOUND' });%0A+       return res.json({%0A+         ...row,%0A+         overallScore: null,%0A+         healthStatus: 'Not verified',%0A+         evidence: Array.isArray(row.evidence) ? row.evidence : [],%0A+       });%0A+     } catch (error) {%0A+       return next(error);%0A+     }%0A+   });%0A+%0A+   // Firebase-authenticated, tenant-scoped reads for the first-party SPA.%0A+   // These are deliberately separate from /connect/v1, which is API-key based.%0A+   router.get('/user/clients', requireAuth, async (req: AuthenticatedRequest, res, next) => {%0A+     try {%0A+       const db = req.db!;%0A+       const result = await db.execute(sql`SELECT id, name, domain, industry, trust_score AS "trustScore", risk_level AS "riskLevel", avatar_color AS "avatarColor", subscription_tier AS "subscriptionTier", joined_date AS "joinedDate", team_count AS "teamCount", passport_count AS "passportCount", critical_risks_count AS "criticalRisksCount", compliance_progress AS "complianceProgress", software_inventory AS "softwareInventory", compliance_status AS "complianceStatus", team_members AS "teamMembers", activity_timeline AS "activityTimeline" FROM clients WHERE tenant_id=${req.user!.tenantId} ORDER BY joined_date DESC`);%0A+       return res.json((result as any).rows || []);%0A+     } catch (error) {%0A+       return next(error);%0A+     }%0A+   });%0A+%0A+   router.get('/user/passports', requireAuth, async (req: AuthenticatedRequest, res, next) => {%0A+     try {%0A+       const db = req.db!;%0A+       const result = await db.execute(sql`SELECT p.id, p.client_id AS "clientId", p.name, p.version, p.publisher, p.category, p.release_date AS "releaseDate", p.license_type AS "licenseType", p.sbom, COALESCE((SELECT json_agg(json_build_object('id', e.id, 'name', e.name, 'type', e.type, 'verified', e.verified, 'status', e.status, 'signer', e.signer, 'timestamp', e.timestamp, 'hash', e.hash, 'engineId', e.engine_id, 'verificationFailureReason', e.verification_failure_reason) ORDER BY e.timestamp DESC) FROM evidence_items e WHERE e.tenant_id=p.tenant_id AND e.asset_id=p.id), '[]'::json) AS evidence, COALESCE((SELECT json_agg(json_build_object('id', f.id, 'findingId', f.id, 'severity', f.severity, 'category', f.category, 'title', f.title, 'description', f.description, 'component', f.component, 'fixedVersion', f.fixed_version, 'status', f.status, 'detectedAt', f.detected_at, 'engineId', f.engine_id) ORDER BY f.detected_at DESC) FROM scan_findings f WHERE f.tenant_id=p.tenant_id AND f.asset_id=p.id), '[]'::json) AS vulnerabilities, p.timeline, NULL AS scores, 'not_authoritatively_scored' AS "scoreStatus" FROM passports p WHERE p.tenant_id=${req.user!.tenantId} ORDER BY p.name ASC`);%0A+       return res.json((result as any).rows || []);%0A+     } catch (error) {%0A+       return next(error);%0A+     }%0A+   });%0A+%0A+   router.get('/user/extensions', requireAuth, async (req: AuthenticatedRequest, res, next) => {%0A+     try {%0A+       const db = req.db!;%0A+       const result = await db.execute(sql`SELECT extension_id AS "extensionId", installed_at AS "installedAt" FROM extension_installations WHERE tenant_id=${req.user!.tenantId} ORDER BY installed_at DESC`);%0A+       return res.json((result as any).rows || []);%0A+     } catch (error) {%0A+       return next(error);%0A+     }%0A+   });%0A+%0A+   router.post('/user/extensions/:extensionId', requireAuth, requireRole(['Owner', 'Admin', 'Operator']), async (req: AuthenticatedRequest, res, next) => {%0A+     try {%0A+       const extensionId = String(req.params.extensionId || '').trim();%0A+       if (!/^[A-Za-z0-9_.-]{1,120}$/.test(extensionId)) return res.status(400).json({ error: 'Invalid extension id' });%0A+       const db = req.db!;%0A+       const result = await db.execute(sql`INSERT INTO extension_installations (tenant_id, extension_id, installed_at) VALUES (${req.user!.tenantId}, ${extensionId}, NOW()) ON CONFLICT (tenant_id, extension_id) DO UPDATE SET installed_at=NOW() RETURNING extension_id AS "extensionId", installed_at AS "installedAt"`);%0A+       return res.status(201).json((result as any).rows?.[0]);%0A+     } catch (error) {%0A+       return next(error);%0A+     }%0A+   });%0A+%0A+   router.delete('/user/extensions/:extensionId', requireAuth, requireRole(['Owner', 'Admin', 'Operator']), async (req: AuthenticatedRequest, res, next) => {%0A+     try {%0A+       const db = req.db!;%0A+       const extensionId = String(req.params.extensionId || '').trim();%0A+       const result = await db.execute(sql`DELETE FROM extension_installations WHERE tenant_id=${req.user!.tenantId} AND extension_id=${extensionId} RETURNING extension_id`);%0A+       if (!((result as any).rows?.length)) return res.status(404).json({ error: 'Extension installation not found' });%0A+       return res.status(204).send();%0A+     } catch (error) {%0A+       return next(error);%0A+     }%0A+   });%0A+%0A+   router.get('/auth/verify-status', requireAuth, async (req: AuthenticatedRequest, res) => {%0A+     return res.json({ verified: req.user!.emailVerified, emailVerified: req.user!.emailVerified });%0A+   });%0A+%0A+%0A+%0A+   router.get('/user/passports/:id/verification', requireAuth, async (req: AuthenticatedRequest, res, next) => {%0A+     try {%0A+       const db = req.db!;%0A+       const tenantId = req.user!.tenantId;%0A+       const clientScope = req.user!.role === 'Client' ? (req.user as any).clientId : null;%0A+       const passportResult = await db.execute(sql`SELECT id, version, evidence, client_id AS "clientId" FROM passports WHERE id=${req.params.id} AND tenant_id=${tenantId} AND (${clientScope} IS NULL OR client_id=${clientScope}) LIMIT 1`) as any;%0A+       const passport = passportResult.rows?.[0];%0A+       if (!passport) return res.status(404).json({ error: 'Passport not found' });%0A+       const findingResult = await db.execute(sql`SELECT id, passport_id AS "passportId", evidence_ids, status FROM trust_findings WHERE tenant_id=${tenantId} AND passport_id=${passport.id}`) as any;%0A+       const parseJson = (value: unknown): unknown[] => { try { const parsed = JSON.parse(String(value ?? '')); return Array.isArray(parsed) ? parsed : []; } catch { return []; } };%0A+       const openFindingEvidenceIds = (findingResult.rows ?? []).filter((row: any) => !['resolved','closed','verified'].includes(String(row.status || '').toLowerCase())).flatMap((row: any) => parseJson(row.evidence_ids)).filter((id: any): id is string => typeof id === 'string');%0A+       const adapted = adaptEvidenceForEvaluation({ evidence: parseJson(passport.evidence) as any[], passportVersion: passport.version, openFindingEvidenceIds });%0A+       const evaluatedAt = Date.now();%0A+       const decision = evaluateVerification({ evidence: adapted.evidence, evaluatedAt, targetIdentity: adapted.targetIdentity });%0A+       res.setHeader('Cache-Control', 'private, max-age=0, no-store');%0A+       return res.json({ decision, observations: decision.observationCount, independentSources: decision.independentSourceCount });%0A+     } catch (error) { return next(error); }%0A+   });%0A+%0A+   router.get('/user/verification', requireAuth, async (req: AuthenticatedRequest, res, next) => {%0A+     try {%0A+       const db = req.db!;%0A+       const tenantId = req.user!.tenantId;%0A+       const clientScope = req.user!.role === 'Client' ? (req.user as any).clientId : null;%0A+       const passportRows = (await db.execute(sql`SELECT id, version, evidence, client_id AS "clientId" FROM passports WHERE tenant_id=${tenantId} AND (${clientScope} IS NULL OR client_id=${clientScope}) ORDER BY id`) as any).rows ?? [];%0A+       const passportIds = passportRows.map((row: any) => String(row.id));%0A+       const parseJson = (value: unknown): unknown[] => { try { const parsed = JSON.parse(String(value ?? '')); return Array.isArray(parsed) ? parsed : []; } catch { return []; } };%0A+       // Drizzle's proven one-query binding shape for the passport findings is%0A+       // `asset_id IN ${passportIds}`; do not replace this with ANY(array).%0A+       const findingRows = passportIds.length ? ((await db.execute(sql`SELECT id, passport_id AS "passportId", evidence_ids, status FROM trust_findings WHERE tenant_id=${tenantId} AND passport_id IN ${passportIds}`) as any).rows ?? []) : [];%0A+       const evidenceByPassport = new Map<string, any[]>();%0A+       for (const passport of passportRows) evidenceByPassport.set(String(passport.id), parseJson(passport.evidence) as any[]);%0A+       const evaluatedAt = Date.now();%0A+       const verificationDecisions: Record<string, VerificationDecision> = {};%0A+       const verificationDetails: Record<string, unknown> = {};%0A+       for (const passport of passportRows) {%0A+         const findings = findingRows.filter((row: any) => String(row.passportId) === String(passport.id));%0A+         const openFindingEvidenceIds = findings.filter((row: any) => !['resolved','closed','verified'].includes(String(row.status || '').toLowerCase())).flatMap((row: any) => parseJson(row.evidence_ids)).filter((id: any): id is string => typeof id === 'string');%0A+         const adapted = adaptEvidenceForEvaluation({ evidence: evidenceByPassport.get(String(passport.id)) ?? [], passportVersion: passport.version, openFindingEvidenceIds });%0A+         const decision = evaluateVerification({ evidence: adapted.evidence, evaluatedAt, targetIdentity: adapted.targetIdentity });%0A+         verificationDecisions[String(passport.id)] = decision;%0A+         verificationDetails[String(passport.id)] = { unmappedCount: adapted.unmappedCount, undatedCount: adapted.undatedCount, observations: decision.observationCount, independentSources: decision.independentSourceCount };%0A+       }%0A+       res.setHeader('Cache-Control', 'private, max-age=0, no-store');%0A+       return res.json({ verificationDecisions, verificationDetails });%0A+     } catch (error) { return next(error); }%0A+   });%0A+%0A+   return router;%0A+ }%0A+%0A%0A ❯ tests/client-creation-contract.test.ts:42:22%0A%0A

::error file=/home/runner/work/software-passport-registry/software-passport-registry/tests/client-creation-contract.test.ts,title=tests/client-creation-contract.test.ts > client-level data isolation for the Client role > GET /user/clients scopes to a single client only when role is Client,line=59,column=15::AssertionError: expected '/**\n * @license\n * SPDX-License-Ide…' to contain 'const clientScope = req.user!.role ==…'%0A%0A- Expected%0A+ Received%0A%0A- const clientScope = req.user!.role === 'Client' ? req.user!.clientId : null;%0A+ /**%0A+  * @license%0A+  * SPDX-License-Identifier: Apache-2.0%0A+  */%0A+%0A+ import { Router } from 'express';%0A+ import { eq } from 'drizzle-orm';%0A+ import { sql } from 'drizzle-orm';%0A+ import { z } from 'zod';%0A+ import { users } from '../db/schema.ts';%0A+ import { AuthenticatedRequest, requireAuth, requireRole } from '../middleware/security.ts';%0A+ import { adminAuth, setUserCustomClaims } from '../lib/firebase-admin.ts';%0A+ import { appendAuditEntry, verifyAuditChain } from '../security/audit-log.ts';%0A+ import { describeUserAgent, sessionFingerprint } from '../security/session-tracking.ts';%0A+ import { offboardTenantData } from '../db/sync.ts';%0A+ import { INTEGRATION_CATALOG } from '../integrations/catalog.ts';%0A+ import { adaptEvidenceForEvaluation } from '../lib/verification/evidenceAdapter.ts';%0A+ import { evaluateVerification, type VerificationDecision } from '../lib/verification/evaluateVerification.ts';%0A+%0A+ const INVITABLE_ROLES = ['Admin', 'Technician', 'Viewer', 'Client'] as const;%0A+ const inviteSchema = z.object({ email: z.string().trim().email().max(255), role: z.enum(INVITABLE_ROLES) }).strict();%0A+ const roleUpdateSchema = z.object({ role: z.enum(INVITABLE_ROLES) }).strict();%0A+ const profileUpdateSchema = z.object({%0A+   displayName: z.string().trim().max(200).optional(),%0A+   roleTitle: z.string().trim().max(200).optional(),%0A+   companyName: z.string().trim().max(200).optional(),%0A+ }).strict();%0A+ const revokeSessionSchema = z.object({ sessionId: z.string().trim().min(1).max(200) }).strict();%0A+%0A+ export function createAuthRouter() {%0A+   const router = Router();%0A+%0A+   // The Firebase ID token is the sole authentication authority. The database%0A+   // record supplies the tenant/RBAC projection after token verification.%0A+   router.get('/user/me', requireAuth, async (req: AuthenticatedRequest, res, next) => {%0A+     try {%0A+       const db = req.db!;%0A+       const user = await db.select({%0A+         id: users.id,%0A+         uid: users.uid,%0A+         email: users.email,%0A+         tenantId: users.tenantId,%0A+         role: users.role,%0A+         companyName: users.companyName,%0A+         roleTitle: users.roleTitle,%0A+         displayName: users.displayName,%0A+         numTechnicians: users.numTechnicians,%0A+         clientCount: users.clientCount,%0A+         primaryUseCase: users.primaryUseCase,%0A+         onboarded: users.onboarded,%0A+         mfaEnabled: users.mfaEnabled,%0A+         createdAt: users.createdAt,%0A+       }).from(users).where(eq(users.uid, req.user!.uid)).then(rows => rows[0]);%0A+%0A+       if (!user) return res.status(403).json({ error: 'User account is not provisioned' });%0A+       return res.json({ ...user, emailVerified: req.user!.emailVerified });%0A+     } catch (error) {%0A+       return next(error);%0A+     }%0A+   });%0A+%0A+   router.put('/user/profile', requireAuth, async (req: AuthenticatedRequest, res, next) => {%0A+     try {%0A+       const db = req.db!;%0A+       const parsed = profileUpdateSchema.safeParse(req.body);%0A+       if (!parsed.success) return res.status(400).json({ error: 'Invalid request', details: parsed.error.flatten() });%0A+       const result = await db.execute(sql`%0A+         UPDATE users SET%0A+           display_name = COALESCE(${parsed.data.displayName ?? null}, display_name),%0A+           role_title = COALESCE(${parsed.data.roleTitle ?? null}, role_title),%0A+           company_name = COALESCE(${parsed.data.companyName ?? null}, company_name)%0A+         WHERE uid = ${req.user!.uid} AND tenant_id = ${req.user!.tenantId}%0A+         RETURNING id, email, display_name AS "displayName", role_title AS "roleTitle", company_name AS "companyName"%0A+       `);%0A+       const row = (result as any).rows?.[0];%0A+       if (!row) return res.status(404).json({ error: 'User account not found' });%0A+       await appendAuditEntry(db, { tenantId: req.user!.tenantId, action: 'profile.updated', actor: req.user!.email, payload: { userId: req.user!.id } });%0A+       return res.json(row);%0A+     } catch (error) {%0A+       return next(error);%0A+     }%0A+   });%0A+%0A+   router.get('/organization/team', requireAuth, async (req: AuthenticatedRequest, res, next) => {%0A+     try {%0A+       const db = req.db!;%0A+       const result = await db.execute(sql`%0A+         SELECT id, email, display_name AS "displayName", role, onboarded, created_at AS "createdAt"%0A+         FROM users WHERE tenant_id = ${req.user!.tenantId} ORDER BY created_at ASC%0A+       `);%0A+       return res.json((result as any).rows ?? []);%0A+     } catch (error) {%0A+       return next(error);%0A+     }%0A+   });%0A+%0A+   router.post('/organization/invite', requireAuth, requireRole(['Owner', 'Admin']), async (req: AuthenticatedRequest, res, next) => {%0A+     try {%0A+       const db = req.db!;%0A+       const parsed = inviteSchema.safeParse(req.body);%0A+       if (!parsed.success) return res.status(400).json({ error: 'Invalid request', details: parsed.error.flatten() });%0A+       const email = parsed.data.email.toLowerCase();%0A+%0A+       const existing = await db.execute(sql`SELECT id FROM users WHERE tenant_id = ${req.user!.tenantId} AND lower(btrim(email)) = ${email} LIMIT 1`);%0A+       if ((existing as any).rows?.length) return res.status(409).json({ error: 'This email is already a member of your workspace.' });%0A+%0A+       let firebaseUser;%0A+       try {%0A+         firebaseUser = await adminAuth.getUserByEmail(email);%0A+       } catch {%0A+         firebaseUser = await adminAuth.createUser({ email, emailVerified: false });%0A+       }%0A+%0A+       const inserted = await db.execute(sql`%0A+         INSERT INTO users (uid, email, tenant_id, role, invited_by, onboarded)%0A+         VALUES (${firebaseUser.uid}, ${email}, ${req.user!.tenantId}, ${parsed.data.role}, ${req.user!.email}, 0)%0A+         RETURNING id, email, role%0A+       `);%0A+       await setUserCustomClaims(firebaseUser.uid, { workspaceId: req.user!.tenantId, role: parsed.data.role });%0A+%0A+       let inviteLink: string | null = null;%0A+       try { inviteLink = await adminAuth.generatePasswordResetLink(email); } catch { inviteLink = null; }%0A+%0A+       await appendAuditEntry(db, { tenantId: req.user!.tenantId, action: 'team.invited', actor: req.user!.email, payload: { invitedEmail: email, role: parsed.data.role } });%0A+       return res.status(201).json({ ...(inserted as any).rows?.[0], inviteLink });%0A+     } catch (error) {%0A+       return next(error);%0A+     }%0A+   });%0A+%0A+   router.put('/organization/team/:userId/role', requireAuth, requireRole(['Owner', 'Admin']), async (req: AuthenticatedRequest, res, next) => {%0A+     try {%0A+       const db = req.db!;%0A+       const parsed = roleUpdateSchema.safeParse(req.body);%0A+       if (!parsed.success) return res.status(400).json({ error: 'Invalid request', details: parsed.error.flatten() });%0A+       const targetId = Number(req.params.userId);%0A+       if (!Number.isInteger(targetId)) return res.status(400).json({ error: 'Invalid user id' });%0A+%0A+       const result = await db.execute(sql`%0A+         UPDATE users SET role = ${parsed.data.role}%0A+         WHERE id = ${targetId} AND tenant_id = ${req.user!.tenantId} AND role <> 'Owner'%0A+         RETURNING id, uid, email, role%0A+       `);%0A+       const row = (result as any).rows?.[0];%0A+       if (!row) return res.status(404).json({ error: 'Team member not found, or the Owner role cannot be changed here.' });%0A+       await setUserCustomClaims(row.uid, { workspaceId: req.user!.tenantId, role: parsed.data.role });%0A+       await appendAuditEntry(db, { tenantId: req.user!.tenantId, action: 'team.role_changed', actor: req.user!.email, payload: { targetUserId: targetId, newRole: parsed.data.role } });%0A+       return res.json({ id: row.id, email: row.email, role: row.role });%0A+     } catch (error) {%0A+       return next(error);%0A+     }%0A+   });%0A+%0A+   router.delete('/organization/team/:userId', requireAuth, requireRole(['Owner', 'Admin']), async (req: AuthenticatedRequest, res, next) => {%0A+     try {%0A+       const db = req.db!;%0A+       const targetId = Number(req.params.userId);%0A+       if (!Number.isInteger(targetId)) return res.status(400).json({ error: 'Invalid user id' });%0A+%0A+       const result = await db.execute(sql`%0A+         DELETE FROM users WHERE id = ${targetId} AND tenant_id = ${req.user!.tenantId} AND role <> 'Owner'%0A+         RETURNING id, uid, email%0A+       `);%0A+       const row = (result as any).rows?.[0];%0A+       if (!row) return res.status(404).json({ error: 'Team member not found, or the Owner cannot be removed.' });%0A+%0A+       try { await adminAuth.updateUser(row.uid, { disabled: true }); await adminAuth.revokeRefreshTokens(row.uid); } catch { /* Firebase account may already be gone; DB removal already took effect. */ }%0A+       await appendAuditEntry(db, { tenantId: req.user!.tenantId, action: 'team.removed', actor: req.user!.email, payload: { targetUserId: targetId, targetEmail: row.email } });%0A+       return res.status(204).send();%0A+     } catch (error) {%0A+       return next(error);%0A+     }%0A+   });%0A+%0A+   router.get('/auth/sessions', requireAuth, async (req: AuthenticatedRequest, res, next) => {%0A+     try {%0A+       const db = req.db!;%0A+       const currentIp = req.ip || req.socket.remoteAddress || 'unknown';%0A+       const currentUserAgent = typeof req.headers['user-agent'] === 'string' ? req.headers['user-agent'].slice(0, 512) : '';%0A+       const currentFingerprint = sessionFingerprint(req.user!.uid, currentIp, currentUserAgent);%0A+%0A+       const result = await db.execute(sql`%0A+         SELECT id, session_fingerprint AS "sessionFingerprint", ip, user_agent AS "userAgent", last_seen_at AS "lastSeenAt"%0A+         FROM user_sessions%0A+         WHERE tenant_id = ${req.user!.tenantId} AND user_id = ${req.user!.id} AND revoked_at IS NULL%0A+         ORDER BY last_seen_at DESC%0A+       `);%0A+       const rows = ((result as any).rows ?? []) as Array<{ id: string; sessionFingerprint: string; ip: string; userAgent: string; lastSeenAt: string }>;%0A+       return res.json(rows.map(row => ({%0A+         id: row.id,%0A+         email: req.user!.email,%0A+         current: row.sessionFingerprint === currentFingerprint,%0A+         ip: row.ip,%0A+         device: describeUserAgent(row.userAgent),%0A+         location: 'Not geolocated',%0A+         lastSeenAt: row.lastSeenAt,%0A+       })));%0A+     } catch (error) {%0A+       return next(error);%0A+     }%0A+   });%0A+%0A+   router.post('/auth/sessions/revoke', requireAuth, async (req: AuthenticatedRequest, res, next) => {%0A+     try {%0A+       const db = req.db!;%0A+       const parsed = revokeSessionSchema.safeParse(req.body);%0A+       if (!parsed.success) return res.status(400).json({ error: 'Invalid request', details: parsed.error.flatten() });%0A+       const currentIp = req.ip || req.socket.remoteAddress || 'unknown';%0A+       const currentUserAgent = typeof req.headers['user-agent'] === 'string' ? req.headers['user-agent'].slice(0, 512) : '';%0A+       const currentFingerprint = sessionFingerprint(req.user!.uid, currentIp, currentUserAgent);%0A+       if (parsed.data.sessionId === `sess_${currentFingerprint}`) return res.status(400).json({ error: 'Cannot revoke the session you are currently using. Sign out instead.' });%0A+%0A+       const result = await db.execute(sql`%0A+         UPDATE user_sessions SET revoked_at = NOW()%0A+         WHERE id = ${parsed.data.sessionId} AND tenant_id = ${req.user!.tenantId} AND user_id = ${req.user!.id} AND revoked_at IS NULL%0A+         RETURNING id%0A+       `);%0A+       if (!((result as any).rows?.length)) return res.status(404).json({ error: 'Session not found' });%0A+       await appendAuditEntry(db, { tenantId: req.user!.tenantId, action: 'session.revoked', actor: req.user!.email, payload: { sessionId: parsed.data.sessionId } });%0A+       return res.status(204).send();%0A+     } catch (error) {%0A+       return next(error);%0A+     }%0A+   });%0A+%0A+   router.get('/auth/login-history', requireAuth, async (req: AuthenticatedRequest, res, next) => {%0A+     try {%0A+       const db = req.db!;%0A+       const result = await db.execute(sql`%0A+         SELECT id, ip, user_agent AS "userAgent", status, occurred_at AS "occurredAt"%0A+         FROM login_history WHERE tenant_id = ${req.user!.tenantId} AND user_id = ${req.user!.id}%0A+         ORDER BY occurred_at DESC LIMIT 50%0A+       `);%0A+       const rows = ((result as any).rows ?? []) as Array<{ id: string; ip: string; userAgent: string; status: string; occurredAt: string }>;%0A+       return res.json(rows.map(row => ({%0A+         id: row.id,%0A+         email: req.user!.email,%0A+         status: row.status,%0A+         action: 'Sign-in',%0A+         timestamp: row.occurredAt,%0A+         ip: row.ip,%0A+         location: 'Not geolocated',%0A+       })));%0A+     } catch (error) {%0A+       return next(error);%0A+     }%0A+   });%0A+%0A+   router.get('/auth/audit-chain', requireAuth, async (req: AuthenticatedRequest, res, next) => {%0A+     try {%0A+       const db = req.db!;%0A+       const beforeRaw = typeof req.query.before === 'string' ? Number(req.query.before) : null;%0A+       const before = Number.isInteger(beforeRaw) && beforeRaw! > 0 ? beforeRaw : null;%0A+       const result = before%0A+         ? await db.execute(sql`%0A+             SELECT id, action, timestamp, actor, payload, current_hash AS "currentHash", previous_hash AS "previousHash"%0A+             FROM audit_trail WHERE tenant_id = ${req.user!.tenantId} AND id < ${before} ORDER BY id DESC LIMIT 50%0A+           `)%0A+         : await db.execute(sql`%0A+         SELECT id, action, timestamp, actor, payload, current_hash AS "currentHash", previous_hash AS "previousHash"%0A+         FROM audit_trail WHERE tenant_id = ${req.user!.tenantId} ORDER BY id DESC LIMIT 50%0A+       `);%0A+       const rows = ((result as any).rows ?? []) as Array<{ id: number; action: string; timestamp: string; actor: string; payload: string; currentHash: string; previousHash: string }>;%0A+       return res.json(rows.map(row => ({%0A+         id: row.id,%0A+         action: row.action,%0A+         timestamp: row.timestamp,%0A+         actor: row.actor,%0A+         payload: row.payload,%0A+         hash: row.currentHash,%0A+         currentHash: row.currentHash,%0A+         previousHash: row.previousHash,%0A+         block: { action: row.action, userEmail: row.actor.includes('@') ? row.actor : null },%0A+       })));%0A+     } catch (error) {%0A+       return next(error);%0A+     }%0A+   });%0A+%0A+   router.get('/auth/audit-chain/verify', requireAuth, async (req: AuthenticatedRequest, res, next) => {%0A+     try {%0A+       const db = req.db!;%0A+       return res.json(await verifyAuditChain(db, req.user!.tenantId));%0A+     } catch (error) {%0A+       return next(error);%0A+     }%0A+   });%0A+%0A+   router.post('/tenant/offboard', requireAuth, requireRole('Owner'), async (req: AuthenticatedRequest, res, next) => {%0A+     try {%0A+       // Purges via the owner-role connection (not req.db): offboarding must be%0A+       // able to see every table it enumerates from information_schema, and it%0A+       // already scopes every DELETE to exactly this caller's own tenant_id.%0A+       await offboardTenantData(req.user!.tenantId);%0A+       return res.status(200).json({ message: 'Tenant data purged.' });%0A+     } catch (error) {%0A+       return next(error);%0A+     }%0A+   });%0A+%0A+   // Owner-only founder metrics. Every value is either observed from tenant%0A+   // data or explicitly reported as not verified; this endpoint never invents%0A+   // production health, security, financial, or performance telemetry.%0A+   router.get('/founder/metrics', requireAuth, requireRole('Owner'), async (req: AuthenticatedRequest, res, next) => {%0A+     try {%0A+       const db = req.db!;%0A+       const counts = await db.execute(sql`%0A+         SELECT%0A+           (SELECT COUNT(*)::int FROM clients WHERE tenant_id = ${req.user!.tenantId}) AS "clientCount",%0A+           (SELECT COUNT(*)::int FROM passports WHERE tenant_id = ${req.user!.tenantId}) AS "passportCount",%0A+           (SELECT COUNT(*)::int FROM scans WHERE tenant_id = ${req.user!.tenantId}) AS "scanCount"%0A+       `);%0A+       const row = (counts as any).rows?.[0] || {};%0A+       return res.json({%0A+         latency: 'Not verified',%0A+         capitalProtected: 'Not verified',%0A+         throughput: 'Not verified',%0A+         mitigations: 'Not verified',%0A+         overallScore: null,%0A+         auditEvents: null,%0A+         activeThreats: null,%0A+         systemIntegrity: 'Not verified',%0A+         observed: {%0A+           clientCount: Number(row.clientCount || 0),%0A+           passportCount: Number(row.passportCount || 0),%0A+           scanCount: Number(row.scanCount || 0),%0A+         },%0A+       });%0A+     } catch (error) {%0A+       return next(error);%0A+     }%0A+   });%0A+%0A+   // Owner-only operational health for the command center. Every section reads%0A+   // from the real tables the corresponding subsystem already writes -- no%0A+   // second heartbeat, delivery ledger, integration status, or audit verifier%0A+   // is created here. Sections with no real backing data are omitted rather%0A+   // than populated with placeholder values; see the `notes` field.%0A+   router.get('/founder/operations', requireAuth, requireRole('Owner'), async (req: AuthenticatedRequest, res, next) => {%0A+     try {%0A+       const db = req.db!;%0A+       const tenantId = req.user!.tenantId;%0A+       const notes: string[] = [];%0A+%0A+       // --- A. Worker/job health ---------------------------------------------%0A+       // osv-worker.ts claims agent_jobs rows (job_type osv_manifest_scan /%0A+       // repository_scan). It has no separate heartbeat row; the queue state%0A+       // itself (locked_at/locked_by, the same 10-minute staleness window the%0A+       // worker uses to reclaim stuck jobs) is the real signal.%0A+       const [osvCounts, osvStale, osvFailures, osvActivity] = await Promise.all([%0A+         db.execute(sql`SELECT job_type AS "jobType", status, COUNT(*)::int AS count FROM agent_jobs WHERE tenant_id=${tenantId} AND job_type IN ('osv_manifest_scan','repository_scan') GROUP BY job_type, status`),%0A+         db.execute(sql`SELECT COUNT(*)::int AS count FROM agent_jobs WHERE tenant_id=${tenantId} AND job_type IN ('osv_manifest_scan','repository_scan') AND status='Running' AND locked_at < NOW() - INTERVAL '10 minutes'`),%0A+         db.execute(sql`SELECT id, job_type AS "jobType", error, attempt_count AS "attemptCount", max_attempts AS "maxAttempts", updated_at AS "updatedAt" FROM agent_jobs WHERE tenant_id=${tenantId} AND job_type IN ('osv_manifest_scan','repository_scan') AND status='Failed' ORDER BY updated_at DESC LIMIT 5`),%0A+         db.execute(sql`SELECT MAX(updated_at) AS "lastActivityAt" FROM agent_jobs WHERE tenant_id=${tenantId} AND job_type IN ('osv_manifest_scan','repository_scan')`),%0A+       ]);%0A+%0A+       // monitoring-worker.ts (the file name this dashboard's spec named) is not%0A+       // imported by worker.ts and never runs in production -- confirmed dead%0A+       // code, not a running system. trust-monitoring-worker.ts is the real,%0A+       // currently-running system that plays the equivalent role (collector_jobs%0A+       // has an actual heartbeat_at column, unlike agent_jobs).%0A+       const [monitoringCounts, monitoringHeartbeat, monitoringFailures] = await Promise.all([%0A+         db.execute(sql`SELECT state, COUNT(*)::int AS count FROM collector_jobs WHERE tenant_id=${tenantId} GROUP BY state`),%0A+         db.execute(sql`SELECT MAX(heartbeat_at) AS "lastHeartbeatAt" FROM collector_jobs WHERE tenant_id=${tenantId} AND state='running'`),%0A+         db.execute(sql`SELECT id, collector_id AS "collectorId", safe_error_code AS "errorCode", safe_error_message AS "errorMessage", completed_at AS "completedAt" FROM collector_jobs WHERE tenant_id=${tenantId} AND state IN ('failed','dead_lettered') ORDER BY completed_at DESC NULLS LAST LIMIT 5`),%0A+       ]);%0A+       notes.push('monitoring-worker.ts is dead code (never imported by worker.ts); "monitoringWorker" below reflects trust-monitoring-worker.ts, the real running system for the same role.');%0A+%0A+       // --- B. Webhook delivery health ----------------------------------------%0A+       const [webhookCounts, webhookEndpoints, webhookFailures] = await Promise.all([%0A+         db.execute(sql`SELECT status, COUNT(*)::int AS count FROM spr_webhook_deliveries WHERE tenant_id=${tenantId} AND created_at::timestamptz > NOW() - INTERVAL '7 days' GROUP BY status`),%0A+         db.execute(sql`SELECT COUNT(*) FILTER (WHERE active)::int AS "activeCount", COUNT(*) FILTER (WHERE NOT active)::int AS "disabledCount" FROM spr_webhooks WHERE tenant_id=${tenantId}`),%0A+         db.execute(sql`SELECT d.id, d.webhook_id AS "webhookId", w.url, d.event_type AS "eventType", d.safe_error_code AS "errorCode", d.safe_error_message AS "errorMessage", d.completed_at AS "completedAt" FROM spr_webhook_deliveries d JOIN spr_webhooks w ON w.id=d.webhook_id AND w.tenant_id=d.tenant_id WHERE d.tenant_id=${tenantId} AND d.status IN ('failed','dead_lettered') ORDER BY d.completed_at DESC NULLS LAST LIMIT 10`),%0A+       ]);%0A+       notes.push('Webhook failures are grouped by destination endpoint (webhookId/url), not "provider" -- SPR webhooks are user-configured destination URLs, not third-party provider connectors; there is no per-provider concept for outbound deliveries.');%0A+%0A+       // --- C. Integration health ----------------------------------------------%0A+       const [credentialRows, integrationRows] = await Promise.all([%0A+         db.execute(sql`SELECT provider, status, last_tested_at AS "lastTestedAt" FROM integration_credentials WHERE tenant_id=${tenantId}`),%0A+         db.execute(sql`SELECT name, connected, last_sync_date AS "lastSyncDate" FROM integrations WHERE tenant_id=${tenantId}`),%0A+       ]);%0A+       const credentialByProvider = new Map<string, any>((credentialRows as any).rows?.map((r: any) => [r.provider, r]) ?? []);%0A+       const integrationByName = new Map<string, any>((integrationRows as any).rows?.map((r: any) => [r.name, r]) ?? []);%0A+       const integrations = INTEGRATION_CATALOG.map((item) => ({%0A+         provider: item.provider,%0A+         name: item.name,%0A+         connected: Boolean(integrationByName.get(item.name)?.connected),%0A+         lastSyncDate: integrationByName.get(item.name)?.lastSyncDate ?? null,%0A+         credentialStatus: credentialByProvider.get(item.provider)?.status ?? 'NOT_CONFIGURED',%0A+         lastTestedAt: credentialByProvider.get(item.provider)?.lastTestedAt ?? null,%0A+       }));%0A+%0A+       // --- D. Audit chain integrity --------------------------------------------%0A+       // Reuses the exact function GET /api/auth/audit-chain/verify calls --%0A+       // no second verifier.%0A+       const auditChain = await verifyAuditChain(db, tenantId);%0A+%0A+       // --- E. Scan / job queue --------------------------------------------------%0A+       const [runningRepoScans, complianceSchedules] = await Promise.all([%0A+         db.execute(sql`SELECT id, passport_id AS "passportId", status, progress, updated_at AS "updatedAt" FROM agent_jobs WHERE tenant_id=${tenantId} AND job_type='repository_scan' AND status='Running' ORDER BY updated_at DESC LIMIT 10`),%0A+         db.execute(sql`SELECT id, client_id AS "clientId", frequency, status, last_audit_at AS "lastAuditAt", next_audit_at AS "nextAuditAt" FROM compliance_schedules WHERE tenant_id=${tenantId} ORDER BY COALESCE(last_audit_at, created_at) DESC LIMIT 10`),%0A+       ]);%0A+%0A+       return res.json({%0A+         generatedAt: new Date().toISOString(),%0A+         workers: {%0A+           osv: {%0A+             countsByStatus: (osvCounts as any).rows ?? [],%0A+             staleRunningCount: Number((osvStale as any).rows?.[0]?.count ?? 0),%0A+             recentFailures: (osvFailures as any).rows ?? [],%0A+             lastActivityAt: (osvActivity as any).rows?.[0]?.lastActivityAt ?? null,%0A+           },%0A+           monitoringWorker: {%0A+             realSource: 'trust-monitoring-worker.ts (collector_jobs)',%0A+             countsByState: (monitoringCounts as any).rows ?? [],%0A+             lastHeartbeatAt: (monitoringHeartbeat as any).rows?.[0]?.lastHeartbeatAt ?? null,%0A+             recentFailures: (monitoringFailures as any).rows ?? [],%0A+           },%0A+         },%0A+         webhooks: {%0A+           countsByStatusLast7Days: (webhookCounts as any).rows ?? [],%0A+           activeEndpoints: Number((webhookEndpoints as any).rows?.[0]?.activeCount ?? 0),%0A+           disabledEndpoints: Number((webhookEndpoints as any).rows?.[0]?.disabledCount ?? 0),%0A+           recentFailures: (webhookFailures as any).rows ?? [],%0A+         },%0A+         integrations,%0A+         auditChain,%0A+         queue: {%0A+           runningRepositoryScans: (runningRepoScans as any).rows ?? [],%0A+           recentlyFailedJobs: (osvFailures as any).rows ?? [],%0A+           complianceSchedules: (complianceSchedules as any).rows ?? [],%0A+         },%0A+         notes,%0A+       });%0A+     } catch (error) {%0A+       return next(error);%0A+     }%0A+   });%0A+%0A+   // Owner-only self-passport retrieval. Absence of evidence is represented as%0A+   // a 404 instead of a fabricated passport or trust score.%0A+   router.get('/passports/self-passport', requireAuth, requireRole('Owner'), async (req: AuthenticatedRequest, res, next) => {%0A+     try {%0A+       const db = req.db!;%0A+       const result = await db.execute(sql`%0A+         SELECT%0A+           id,%0A+           name,%0A+           version,%0A+           publisher,%0A+           release_date AS "releaseDate",%0A+           evidence%0A+         FROM passports%0A+         WHERE tenant_id = ${req.user!.tenantId}%0A+         ORDER BY release_date DESC NULLS LAST, id DESC%0A+         LIMIT 1%0A+       `);%0A+       const row = (result as any).rows?.[0];%0A+       if (!row) return res.status(404).json({ error: 'Self passport evidence not found', code: 'SELF_PASSPORT_NOT_FOUND' });%0A+       return res.json({%0A+         ...row,%0A+         overallScore: null,%0A+         healthStatus: 'Not verified',%0A+         evidence: Array.isArray(row.evidence) ? row.evidence : [],%0A+       });%0A+     } catch (error) {%0A+       return next(error);%0A+     }%0A+   });%0A+%0A+   // Firebase-authenticated, tenant-scoped reads for the first-party SPA.%0A+   // These are deliberately separate from /connect/v1, which is API-key based.%0A+   router.get('/user/clients', requireAuth, async (req: AuthenticatedRequest, res, next) => {%0A+     try {%0A+       const db = req.db!;%0A+       const result = await db.execute(sql`SELECT id, name, domain, industry, trust_score AS "trustScore", risk_level AS "riskLevel", avatar_color AS "avatarColor", subscription_tier AS "subscriptionTier", joined_date AS "joinedDate", team_count AS "teamCount", passport_count AS "passportCount", critical_risks_count AS "criticalRisksCount", compliance_progress AS "complianceProgress", software_inventory AS "softwareInventory", compliance_status AS "complianceStatus", team_members AS "teamMembers", activity_timeline AS "activityTimeline" FROM clients WHERE tenant_id=${req.user!.tenantId} ORDER BY joined_date DESC`);%0A+       return res.json((result as any).rows || []);%0A+     } catch (error) {%0A+       return next(error);%0A+     }%0A+   });%0A+%0A+   router.get('/user/passports', requireAuth, async (req: AuthenticatedRequest, res, next) => {%0A+     try {%0A+       const db = req.db!;%0A+       const result = await db.execute(sql`SELECT p.id, p.client_id AS "clientId", p.name, p.version, p.publisher, p.category, p.release_date AS "releaseDate", p.license_type AS "licenseType", p.sbom, COALESCE((SELECT json_agg(json_build_object('id', e.id, 'name', e.name, 'type', e.type, 'verified', e.verified, 'status', e.status, 'signer', e.signer, 'timestamp', e.timestamp, 'hash', e.hash, 'engineId', e.engine_id, 'verificationFailureReason', e.verification_failure_reason) ORDER BY e.timestamp DESC) FROM evidence_items e WHERE e.tenant_id=p.tenant_id AND e.asset_id=p.id), '[]'::json) AS evidence, COALESCE((SELECT json_agg(json_build_object('id', f.id, 'findingId', f.id, 'severity', f.severity, 'category', f.category, 'title', f.title, 'description', f.description, 'component', f.component, 'fixedVersion', f.fixed_version, 'status', f.status, 'detectedAt', f.detected_at, 'engineId', f.engine_id) ORDER BY f.detected_at DESC) FROM scan_findings f WHERE f.tenant_id=p.tenant_id AND f.asset_id=p.id), '[]'::json) AS vulnerabilities, p.timeline, NULL AS scores, 'not_authoritatively_scored' AS "scoreStatus" FROM passports p WHERE p.tenant_id=${req.user!.tenantId} ORDER BY p.name ASC`);%0A+       return res.json((result as any).rows || []);%0A+     } catch (error) {%0A+       return next(error);%0A+     }%0A+   });%0A+%0A+   router.get('/user/extensions', requireAuth, async (req: AuthenticatedRequest, res, next) => {%0A+     try {%0A+       const db = req.db!;%0A+       const result = await db.execute(sql`SELECT extension_id AS "extensionId", installed_at AS "installedAt" FROM extension_installations WHERE tenant_id=${req.user!.tenantId} ORDER BY installed_at DESC`);%0A+       return res.json((result as any).rows || []);%0A+     } catch (error) {%0A+       return next(error);%0A+     }%0A+   });%0A+%0A+   router.post('/user/extensions/:extensionId', requireAuth, requireRole(['Owner', 'Admin', 'Operator']), async (req: AuthenticatedRequest, res, next) => {%0A+     try {%0A+       const extensionId = String(req.params.extensionId || '').trim();%0A+       if (!/^[A-Za-z0-9_.-]{1,120}$/.test(extensionId)) return res.status(400).json({ error: 'Invalid extension id' });%0A+       const db = req.db!;%0A+       const result = await db.execute(sql`INSERT INTO extension_installations (tenant_id, extension_id, installed_at) VALUES (${req.user!.tenantId}, ${extensionId}, NOW()) ON CONFLICT (tenant_id, extension_id) DO UPDATE SET installed_at=NOW() RETURNING extension_id AS "extensionId", installed_at AS "installedAt"`);%0A+       return res.status(201).json((result as any).rows?.[0]);%0A+     } catch (error) {%0A+       return next(error);%0A+     }%0A+   });%0A+%0A+   router.delete('/user/extensions/:extensionId', requireAuth, requireRole(['Owner', 'Admin', 'Operator']), async (req: AuthenticatedRequest, res, next) => {%0A+     try {%0A+       const db = req.db!;%0A+       const extensionId = String(req.params.extensionId || '').trim();%0A+       const result = await db.execute(sql`DELETE FROM extension_installations WHERE tenant_id=${req.user!.tenantId} AND extension_id=${extensionId} RETURNING extension_id`);%0A+       if (!((result as any).rows?.length)) return res.status(404).json({ error: 'Extension installation not found' });%0A+       return res.status(204).send();%0A+     } catch (error) {%0A+       return next(error);%0A+     }%0A+   });%0A+%0A+   router.get('/auth/verify-status', requireAuth, async (req: AuthenticatedRequest, res) => {%0A+     return res.json({ verified: req.user!.emailVerified, emailVerified: req.user!.emailVerified });%0A+   });%0A+%0A+%0A+%0A+   router.get('/user/passports/:id/verification', requireAuth, async (req: AuthenticatedRequest, res, next) => {%0A+     try {%0A+       const db = req.db!;%0A+       const tenantId = req.user!.tenantId;%0A+       const clientScope = req.user!.role === 'Client' ? (req.user as any).clientId : null;%0A+       const passportResult = await db.execute(sql`SELECT id, version, evidence, client_id AS "clientId" FROM passports WHERE id=${req.params.id} AND tenant_id=${tenantId} AND (${clientScope} IS NULL OR client_id=${clientScope}) LIMIT 1`) as any;%0A+       const passport = passportResult.rows?.[0];%0A+       if (!passport) return res.status(404).json({ error: 'Passport not found' });%0A+       const findingResult = await db.execute(sql`SELECT id, passport_id AS "passportId", evidence_ids, status FROM trust_findings WHERE tenant_id=${tenantId} AND passport_id=${passport.id}`) as any;%0A+       const parseJson = (value: unknown): unknown[] => { try { const parsed = JSON.parse(String(value ?? '')); return Array.isArray(parsed) ? parsed : []; } catch { return []; } };%0A+       const openFindingEvidenceIds = (findingResult.rows ?? []).filter((row: any) => !['resolved','closed','verified'].includes(String(row.status || '').toLowerCase())).flatMap((row: any) => parseJson(row.evidence_ids)).filter((id: any): id is string => typeof id === 'string');%0A+       const adapted = adaptEvidenceForEvaluation({ evidence: parseJson(passport.evidence) as any[], passportVersion: passport.version, openFindingEvidenceIds });%0A+       const evaluatedAt = Date.now();%0A+       const decision = evaluateVerification({ evidence: adapted.evidence, evaluatedAt, targetIdentity: adapted.targetIdentity });%0A+       res.setHeader('Cache-Control', 'private, max-age=0, no-store');%0A+       return res.json({ decision, observations: decision.observationCount, independentSources: decision.independentSourceCount });%0A+     } catch (error) { return next(error); }%0A+   });%0A+%0A+   router.get('/user/verification', requireAuth, async (req: AuthenticatedRequest, res, next) => {%0A+     try {%0A+       const db = req.db!;%0A+       const tenantId = req.user!.tenantId;%0A+       const clientScope = req.user!.role === 'Client' ? (req.user as any).clientId : null;%0A+       const passportRows = (await db.execute(sql`SELECT id, version, evidence, client_id AS "clientId" FROM passports WHERE tenant_id=${tenantId} AND (${clientScope} IS NULL OR client_id=${clientScope}) ORDER BY id`) as any).rows ?? [];%0A+       const passportIds = passportRows.map((row: any) => String(row.id));%0A+       const parseJson = (value: unknown): unknown[] => { try { const parsed = JSON.parse(String(value ?? '')); return Array.isArray(parsed) ? parsed : []; } catch { return []; } };%0A+       // Drizzle's proven one-query binding shape for the passport findings is%0A+       // `asset_id IN ${passportIds}`; do not replace this with ANY(array).%0A+       const findingRows = passportIds.length ? ((await db.execute(sql`SELECT id, passport_id AS "passportId", evidence_ids, status FROM trust_findings WHERE tenant_id=${tenantId} AND passport_id IN ${passportIds}`) as any).rows ?? []) : [];%0A+       const evidenceByPassport = new Map<string, any[]>();%0A+       for (const passport of passportRows) evidenceByPassport.set(String(passport.id), parseJson(passport.evidence) as any[]);%0A+       const evaluatedAt = Date.now();%0A+       const verificationDecisions: Record<string, VerificationDecision> = {};%0A+       const verificationDetails: Record<string, unknown> = {};%0A+       for (const passport of passportRows) {%0A+         const findings = findingRows.filter((row: any) => String(row.passportId) === String(passport.id));%0A+         const openFindingEvidenceIds = findings.filter((row: any) => !['resolved','closed','verified'].includes(String(row.status || '').toLowerCase())).flatMap((row: any) => parseJson(row.evidence_ids)).filter((id: any): id is string => typeof id === 'string');%0A+         const adapted = adaptEvidenceForEvaluation({ evidence: evidenceByPassport.get(String(passport.id)) ?? [], passportVersion: passport.version, openFindingEvidenceIds });%0A+         const decision = evaluateVerification({ evidence: adapted.evidence, evaluatedAt, targetIdentity: adapted.targetIdentity });%0A+         verificationDecisions[String(passport.id)] = decision;%0A+         verificationDetails[String(passport.id)] = { unmappedCount: adapted.unmappedCount, undatedCount: adapted.undatedCount, observations: decision.observationCount, independentSources: decision.independentSourceCount };%0A+       }%0A+       res.setHeader('Cache-Control', 'private, max-age=0, no-store');%0A+       return res.json({ verificationDecisions, verificationDetails });%0A+     } catch (error) { return next(error); }%0A+   });%0A+%0A+   return router;%0A+ }%0A+%0A%0A ❯ tests/client-creation-contract.test.ts:59:15%0A%0A

::error file=/home/runner/work/software-passport-registry/software-passport-registry/tests/client-creation-contract.test.ts,title=tests/client-creation-contract.test.ts > client-level data isolation for the Client role > GET /user/passports applies the same client scoping,line=64,column=26::AssertionError: expected '/**\n * @license\n * SPDX-License-Ide…' to contain 'AND (${clientScope}::text IS NULL OR …'%0A%0A- Expected%0A+ Received%0A%0A- AND (${clientScope}::text IS NULL OR p.client_id = ${clientScope})%0A+ /**%0A+  * @license%0A+  * SPDX-License-Identifier: Apache-2.0%0A+  */%0A+%0A+ import { Router } from 'express';%0A+ import { eq } from 'drizzle-orm';%0A+ import { sql } from 'drizzle-orm';%0A+ import { z } from 'zod';%0A+ import { users } from '../db/schema.ts';%0A+ import { AuthenticatedRequest, requireAuth, requireRole } from '../middleware/security.ts';%0A+ import { adminAuth, setUserCustomClaims } from '../lib/firebase-admin.ts';%0A+ import { appendAuditEntry, verifyAuditChain } from '../security/audit-log.ts';%0A+ import { describeUserAgent, sessionFingerprint } from '../security/session-tracking.ts';%0A+ import { offboardTenantData } from '../db/sync.ts';%0A+ import { INTEGRATION_CATALOG } from '../integrations/catalog.ts';%0A+ import { adaptEvidenceForEvaluation } from '../lib/verification/evidenceAdapter.ts';%0A+ import { evaluateVerification, type VerificationDecision } from '../lib/verification/evaluateVerification.ts';%0A+%0A+ const INVITABLE_ROLES = ['Admin', 'Technician', 'Viewer', 'Client'] as const;%0A+ const inviteSchema = z.object({ email: z.string().trim().email().max(255), role: z.enum(INVITABLE_ROLES) }).strict();%0A+ const roleUpdateSchema = z.object({ role: z.enum(INVITABLE_ROLES) }).strict();%0A+ const profileUpdateSchema = z.object({%0A+   displayName: z.string().trim().max(200).optional(),%0A+   roleTitle: z.string().trim().max(200).optional(),%0A+   companyName: z.string().trim().max(200).optional(),%0A+ }).strict();%0A+ const revokeSessionSchema = z.object({ sessionId: z.string().trim().min(1).max(200) }).strict();%0A+%0A+ export function createAuthRouter() {%0A+   const router = Router();%0A+%0A+   // The Firebase ID token is the sole authentication authority. The database%0A+   // record supplies the tenant/RBAC projection after token verification.%0A+   router.get('/user/me', requireAuth, async (req: AuthenticatedRequest, res, next) => {%0A+     try {%0A+       const db = req.db!;%0A+       const user = await db.select({%0A+         id: users.id,%0A+         uid: users.uid,%0A+         email: users.email,%0A+         tenantId: users.tenantId,%0A+         role: users.role,%0A+         companyName: users.companyName,%0A+         roleTitle: users.roleTitle,%0A+         displayName: users.displayName,%0A+         numTechnicians: users.numTechnicians,%0A+         clientCount: users.clientCount,%0A+         primaryUseCase: users.primaryUseCase,%0A+         onboarded: users.onboarded,%0A+         mfaEnabled: users.mfaEnabled,%0A+         createdAt: users.createdAt,%0A+       }).from(users).where(eq(users.uid, req.user!.uid)).then(rows => rows[0]);%0A+%0A+       if (!user) return res.status(403).json({ error: 'User account is not provisioned' });%0A+       return res.json({ ...user, emailVerified: req.user!.emailVerified });%0A+     } catch (error) {%0A+       return next(error);%0A+     }%0A+   });%0A+%0A+   router.put('/user/profile', requireAuth, async (req: AuthenticatedRequest, res, next) => {%0A+     try {%0A+       const db = req.db!;%0A+       const parsed = profileUpdateSchema.safeParse(req.body);%0A+       if (!parsed.success) return res.status(400).json({ error: 'Invalid request', details: parsed.error.flatten() });%0A+       const result = await db.execute(sql`%0A+         UPDATE users SET%0A+           display_name = COALESCE(${parsed.data.displayName ?? null}, display_name),%0A+           role_title = COALESCE(${parsed.data.roleTitle ?? null}, role_title),%0A+           company_name = COALESCE(${parsed.data.companyName ?? null}, company_name)%0A+         WHERE uid = ${req.user!.uid} AND tenant_id = ${req.user!.tenantId}%0A+         RETURNING id, email, display_name AS "displayName", role_title AS "roleTitle", company_name AS "companyName"%0A+       `);%0A+       const row = (result as any).rows?.[0];%0A+       if (!row) return res.status(404).json({ error: 'User account not found' });%0A+       await appendAuditEntry(db, { tenantId: req.user!.tenantId, action: 'profile.updated', actor: req.user!.email, payload: { userId: req.user!.id } });%0A+       return res.json(row);%0A+     } catch (error) {%0A+       return next(error);%0A+     }%0A+   });%0A+%0A+   router.get('/organization/team', requireAuth, async (req: AuthenticatedRequest, res, next) => {%0A+     try {%0A+       const db = req.db!;%0A+       const result = await db.execute(sql`%0A+         SELECT id, email, display_name AS "displayName", role, onboarded, created_at AS "createdAt"%0A+         FROM users WHERE tenant_id = ${req.user!.tenantId} ORDER BY created_at ASC%0A+       `);%0A+       return res.json((result as any).rows ?? []);%0A+     } catch (error) {%0A+       return next(error);%0A+     }%0A+   });%0A+%0A+   router.post('/organization/invite', requireAuth, requireRole(['Owner', 'Admin']), async (req: AuthenticatedRequest, res, next) => {%0A+     try {%0A+       const db = req.db!;%0A+       const parsed = inviteSchema.safeParse(req.body);%0A+       if (!parsed.success) return res.status(400).json({ error: 'Invalid request', details: parsed.error.flatten() });%0A+       const email = parsed.data.email.toLowerCase();%0A+%0A+       const existing = await db.execute(sql`SELECT id FROM users WHERE tenant_id = ${req.user!.tenantId} AND lower(btrim(email)) = ${email} LIMIT 1`);%0A+       if ((existing as any).rows?.length) return res.status(409).json({ error: 'This email is already a member of your workspace.' });%0A+%0A+       let firebaseUser;%0A+       try {%0A+         firebaseUser = await adminAuth.getUserByEmail(email);%0A+       } catch {%0A+         firebaseUser = await adminAuth.createUser({ email, emailVerified: false });%0A+       }%0A+%0A+       const inserted = await db.execute(sql`%0A+         INSERT INTO users (uid, email, tenant_id, role, invited_by, onboarded)%0A+         VALUES (${firebaseUser.uid}, ${email}, ${req.user!.tenantId}, ${parsed.data.role}, ${req.user!.email}, 0)%0A+         RETURNING id, email, role%0A+       `);%0A+       await setUserCustomClaims(firebaseUser.uid, { workspaceId: req.user!.tenantId, role: parsed.data.role });%0A+%0A+       let inviteLink: string | null = null;%0A+       try { inviteLink = await adminAuth.generatePasswordResetLink(email); } catch { inviteLink = null; }%0A+%0A+       await appendAuditEntry(db, { tenantId: req.user!.tenantId, action: 'team.invited', actor: req.user!.email, payload: { invitedEmail: email, role: parsed.data.role } });%0A+       return res.status(201).json({ ...(inserted as any).rows?.[0], inviteLink });%0A+     } catch (error) {%0A+       return next(error);%0A+     }%0A+   });%0A+%0A+   router.put('/organization/team/:userId/role', requireAuth, requireRole(['Owner', 'Admin']), async (req: AuthenticatedRequest, res, next) => {%0A+     try {%0A+       const db = req.db!;%0A+       const parsed = roleUpdateSchema.safeParse(req.body);%0A+       if (!parsed.success) return res.status(400).json({ error: 'Invalid request', details: parsed.error.flatten() });%0A+       const targetId = Number(req.params.userId);%0A+       if (!Number.isInteger(targetId)) return res.status(400).json({ error: 'Invalid user id' });%0A+%0A+       const result = await db.execute(sql`%0A+         UPDATE users SET role = ${parsed.data.role}%0A+         WHERE id = ${targetId} AND tenant_id = ${req.user!.tenantId} AND role <> 'Owner'%0A+         RETURNING id, uid, email, role%0A+       `);%0A+       const row = (result as any).rows?.[0];%0A+       if (!row) return res.status(404).json({ error: 'Team member not found, or the Owner role cannot be changed here.' });%0A+       await setUserCustomClaims(row.uid, { workspaceId: req.user!.tenantId, role: parsed.data.role });%0A+       await appendAuditEntry(db, { tenantId: req.user!.tenantId, action: 'team.role_changed', actor: req.user!.email, payload: { targetUserId: targetId, newRole: parsed.data.role } });%0A+       return res.json({ id: row.id, email: row.email, role: row.role });%0A+     } catch (error) {%0A+       return next(error);%0A+     }%0A+   });%0A+%0A+   router.delete('/organization/team/:userId', requireAuth, requireRole(['Owner', 'Admin']), async (req: AuthenticatedRequest, res, next) => {%0A+     try {%0A+       const db = req.db!;%0A+       const targetId = Number(req.params.userId);%0A+       if (!Number.isInteger(targetId)) return res.status(400).json({ error: 'Invalid user id' });%0A+%0A+       const result = await db.execute(sql`%0A+         DELETE FROM users WHERE id = ${targetId} AND tenant_id = ${req.user!.tenantId} AND role <> 'Owner'%0A+         RETURNING id, uid, email%0A+       `);%0A+       const row = (result as any).rows?.[0];%0A+       if (!row) return res.status(404).json({ error: 'Team member not found, or the Owner cannot be removed.' });%0A+%0A+       try { await adminAuth.updateUser(row.uid, { disabled: true }); await adminAuth.revokeRefreshTokens(row.uid); } catch { /* Firebase account may already be gone; DB removal already took effect. */ }%0A+       await appendAuditEntry(db, { tenantId: req.user!.tenantId, action: 'team.removed', actor: req.user!.email, payload: { targetUserId: targetId, targetEmail: row.email } });%0A+       return res.status(204).send();%0A+     } catch (error) {%0A+       return next(error);%0A+     }%0A+   });%0A+%0A+   router.get('/auth/sessions', requireAuth, async (req: AuthenticatedRequest, res, next) => {%0A+     try {%0A+       const db = req.db!;%0A+       const currentIp = req.ip || req.socket.remoteAddress || 'unknown';%0A+       const currentUserAgent = typeof req.headers['user-agent'] === 'string' ? req.headers['user-agent'].slice(0, 512) : '';%0A+       const currentFingerprint = sessionFingerprint(req.user!.uid, currentIp, currentUserAgent);%0A+%0A+       const result = await db.execute(sql`%0A+         SELECT id, session_fingerprint AS "sessionFingerprint", ip, user_agent AS "userAgent", last_seen_at AS "lastSeenAt"%0A+         FROM user_sessions%0A+         WHERE tenant_id = ${req.user!.tenantId} AND user_id = ${req.user!.id} AND revoked_at IS NULL%0A+         ORDER BY last_seen_at DESC%0A+       `);%0A+       const rows = ((result as any).rows ?? []) as Array<{ id: string; sessionFingerprint: string; ip: string; userAgent: string; lastSeenAt: string }>;%0A+       return res.json(rows.map(row => ({%0A+         id: row.id,%0A+         email: req.user!.email,%0A+         current: row.sessionFingerprint === currentFingerprint,%0A+         ip: row.ip,%0A+         device: describeUserAgent(row.userAgent),%0A+         location: 'Not geolocated',%0A+         lastSeenAt: row.lastSeenAt,%0A+       })));%0A+     } catch (error) {%0A+       return next(error);%0A+     }%0A+   });%0A+%0A+   router.post('/auth/sessions/revoke', requireAuth, async (req: AuthenticatedRequest, res, next) => {%0A+     try {%0A+       const db = req.db!;%0A+       const parsed = revokeSessionSchema.safeParse(req.body);%0A+       if (!parsed.success) return res.status(400).json({ error: 'Invalid request', details: parsed.error.flatten() });%0A+       const currentIp = req.ip || req.socket.remoteAddress || 'unknown';%0A+       const currentUserAgent = typeof req.headers['user-agent'] === 'string' ? req.headers['user-agent'].slice(0, 512) : '';%0A+       const currentFingerprint = sessionFingerprint(req.user!.uid, currentIp, currentUserAgent);%0A+       if (parsed.data.sessionId === `sess_${currentFingerprint}`) return res.status(400).json({ error: 'Cannot revoke the session you are currently using. Sign out instead.' });%0A+%0A+       const result = await db.execute(sql`%0A+         UPDATE user_sessions SET revoked_at = NOW()%0A+         WHERE id = ${parsed.data.sessionId} AND tenant_id = ${req.user!.tenantId} AND user_id = ${req.user!.id} AND revoked_at IS NULL%0A+         RETURNING id%0A+       `);%0A+       if (!((result as any).rows?.length)) return res.status(404).json({ error: 'Session not found' });%0A+       await appendAuditEntry(db, { tenantId: req.user!.tenantId, action: 'session.revoked', actor: req.user!.email, payload: { sessionId: parsed.data.sessionId } });%0A+       return res.status(204).send();%0A+     } catch (error) {%0A+       return next(error);%0A+     }%0A+   });%0A+%0A+   router.get('/auth/login-history', requireAuth, async (req: AuthenticatedRequest, res, next) => {%0A+     try {%0A+       const db = req.db!;%0A+       const result = await db.execute(sql`%0A+         SELECT id, ip, user_agent AS "userAgent", status, occurred_at AS "occurredAt"%0A+         FROM login_history WHERE tenant_id = ${req.user!.tenantId} AND user_id = ${req.user!.id}%0A+         ORDER BY occurred_at DESC LIMIT 50%0A+       `);%0A+       const rows = ((result as any).rows ?? []) as Array<{ id: string; ip: string; userAgent: string; status: string; occurredAt: string }>;%0A+       return res.json(rows.map(row => ({%0A+         id: row.id,%0A+         email: req.user!.email,%0A+         status: row.status,%0A+         action: 'Sign-in',%0A+         timestamp: row.occurredAt,%0A+         ip: row.ip,%0A+         location: 'Not geolocated',%0A+       })));%0A+     } catch (error) {%0A+       return next(error);%0A+     }%0A+   });%0A+%0A+   router.get('/auth/audit-chain', requireAuth, async (req: AuthenticatedRequest, res, next) => {%0A+     try {%0A+       const db = req.db!;%0A+       const beforeRaw = typeof req.query.before === 'string' ? Number(req.query.before) : null;%0A+       const before = Number.isInteger(beforeRaw) && beforeRaw! > 0 ? beforeRaw : null;%0A+       const result = before%0A+         ? await db.execute(sql`%0A+             SELECT id, action, timestamp, actor, payload, current_hash AS "currentHash", previous_hash AS "previousHash"%0A+             FROM audit_trail WHERE tenant_id = ${req.user!.tenantId} AND id < ${before} ORDER BY id DESC LIMIT 50%0A+           `)%0A+         : await db.execute(sql`%0A+         SELECT id, action, timestamp, actor, payload, current_hash AS "currentHash", previous_hash AS "previousHash"%0A+         FROM audit_trail WHERE tenant_id = ${req.user!.tenantId} ORDER BY id DESC LIMIT 50%0A+       `);%0A+       const rows = ((result as any).rows ?? []) as Array<{ id: number; action: string; timestamp: string; actor: string; payload: string; currentHash: string; previousHash: string }>;%0A+       return res.json(rows.map(row => ({%0A+         id: row.id,%0A+         action: row.action,%0A+         timestamp: row.timestamp,%0A+         actor: row.actor,%0A+         payload: row.payload,%0A+         hash: row.currentHash,%0A+         currentHash: row.currentHash,%0A+         previousHash: row.previousHash,%0A+         block: { action: row.action, userEmail: row.actor.includes('@') ? row.actor : null },%0A+       })));%0A+     } catch (error) {%0A+       return next(error);%0A+     }%0A+   });%0A+%0A+   router.get('/auth/audit-chain/verify', requireAuth, async (req: AuthenticatedRequest, res, next) => {%0A+     try {%0A+       const db = req.db!;%0A+       return res.json(await verifyAuditChain(db, req.user!.tenantId));%0A+     } catch (error) {%0A+       return next(error);%0A+     }%0A+   });%0A+%0A+   router.post('/tenant/offboard', requireAuth, requireRole('Owner'), async (req: AuthenticatedRequest, res, next) => {%0A+     try {%0A+       // Purges via the owner-role connection (not req.db): offboarding must be%0A+       // able to see every table it enumerates from information_schema, and it%0A+       // already scopes every DELETE to exactly this caller's own tenant_id.%0A+       await offboardTenantData(req.user!.tenantId);%0A+       return res.status(200).json({ message: 'Tenant data purged.' });%0A+     } catch (error) {%0A+       return next(error);%0A+     }%0A+   });%0A+%0A+   // Owner-only founder metrics. Every value is either observed from tenant%0A+   // data or explicitly reported as not verified; this endpoint never invents%0A+   // production health, security, financial, or performance telemetry.%0A+   router.get('/founder/metrics', requireAuth, requireRole('Owner'), async (req: AuthenticatedRequest, res, next) => {%0A+     try {%0A+       const db = req.db!;%0A+       const counts = await db.execute(sql`%0A+         SELECT%0A+           (SELECT COUNT(*)::int FROM clients WHERE tenant_id = ${req.user!.tenantId}) AS "clientCount",%0A+           (SELECT COUNT(*)::int FROM passports WHERE tenant_id = ${req.user!.tenantId}) AS "passportCount",%0A+           (SELECT COUNT(*)::int FROM scans WHERE tenant_id = ${req.user!.tenantId}) AS "scanCount"%0A+       `);%0A+       const row = (counts as any).rows?.[0] || {};%0A+       return res.json({%0A+         latency: 'Not verified',%0A+         capitalProtected: 'Not verified',%0A+         throughput: 'Not verified',%0A+         mitigations: 'Not verified',%0A+         overallScore: null,%0A+         auditEvents: null,%0A+         activeThreats: null,%0A+         systemIntegrity: 'Not verified',%0A+         observed: {%0A+           clientCount: Number(row.clientCount || 0),%0A+           passportCount: Number(row.passportCount || 0),%0A+           scanCount: Number(row.scanCount || 0),%0A+         },%0A+       });%0A+     } catch (error) {%0A+       return next(error);%0A+     }%0A+   });%0A+%0A+   // Owner-only operational health for the command center. Every section reads%0A+   // from the real tables the corresponding subsystem already writes -- no%0A+   // second heartbeat, delivery ledger, integration status, or audit verifier%0A+   // is created here. Sections with no real backing data are omitted rather%0A+   // than populated with placeholder values; see the `notes` field.%0A+   router.get('/founder/operations', requireAuth, requireRole('Owner'), async (req: AuthenticatedRequest, res, next) => {%0A+     try {%0A+       const db = req.db!;%0A+       const tenantId = req.user!.tenantId;%0A+       const notes: string[] = [];%0A+%0A+       // --- A. Worker/job health ---------------------------------------------%0A+       // osv-worker.ts claims agent_jobs rows (job_type osv_manifest_scan /%0A+       // repository_scan). It has no separate heartbeat row; the queue state%0A+       // itself (locked_at/locked_by, the same 10-minute staleness window the%0A+       // worker uses to reclaim stuck jobs) is the real signal.%0A+       const [osvCounts, osvStale, osvFailures, osvActivity] = await Promise.all([%0A+         db.execute(sql`SELECT job_type AS "jobType", status, COUNT(*)::int AS count FROM agent_jobs WHERE tenant_id=${tenantId} AND job_type IN ('osv_manifest_scan','repository_scan') GROUP BY job_type, status`),%0A+         db.execute(sql`SELECT COUNT(*)::int AS count FROM agent_jobs WHERE tenant_id=${tenantId} AND job_type IN ('osv_manifest_scan','repository_scan') AND status='Running' AND locked_at < NOW() - INTERVAL '10 minutes'`),%0A+         db.execute(sql`SELECT id, job_type AS "jobType", error, attempt_count AS "attemptCount", max_attempts AS "maxAttempts", updated_at AS "updatedAt" FROM agent_jobs WHERE tenant_id=${tenantId} AND job_type IN ('osv_manifest_scan','repository_scan') AND status='Failed' ORDER BY updated_at DESC LIMIT 5`),%0A+         db.execute(sql`SELECT MAX(updated_at) AS "lastActivityAt" FROM agent_jobs WHERE tenant_id=${tenantId} AND job_type IN ('osv_manifest_scan','repository_scan')`),%0A+       ]);%0A+%0A+       // monitoring-worker.ts (the file name this dashboard's spec named) is not%0A+       // imported by worker.ts and never runs in production -- confirmed dead%0A+       // code, not a running system. trust-monitoring-worker.ts is the real,%0A+       // currently-running system that plays the equivalent role (collector_jobs%0A+       // has an actual heartbeat_at column, unlike agent_jobs).%0A+       const [monitoringCounts, monitoringHeartbeat, monitoringFailures] = await Promise.all([%0A+         db.execute(sql`SELECT state, COUNT(*)::int AS count FROM collector_jobs WHERE tenant_id=${tenantId} GROUP BY state`),%0A+         db.execute(sql`SELECT MAX(heartbeat_at) AS "lastHeartbeatAt" FROM collector_jobs WHERE tenant_id=${tenantId} AND state='running'`),%0A+         db.execute(sql`SELECT id, collector_id AS "collectorId", safe_error_code AS "errorCode", safe_error_message AS "errorMessage", completed_at AS "completedAt" FROM collector_jobs WHERE tenant_id=${tenantId} AND state IN ('failed','dead_lettered') ORDER BY completed_at DESC NULLS LAST LIMIT 5`),%0A+       ]);%0A+       notes.push('monitoring-worker.ts is dead code (never imported by worker.ts); "monitoringWorker" below reflects trust-monitoring-worker.ts, the real running system for the same role.');%0A+%0A+       // --- B. Webhook delivery health ----------------------------------------%0A+       const [webhookCounts, webhookEndpoints, webhookFailures] = await Promise.all([%0A+         db.execute(sql`SELECT status, COUNT(*)::int AS count FROM spr_webhook_deliveries WHERE tenant_id=${tenantId} AND created_at::timestamptz > NOW() - INTERVAL '7 days' GROUP BY status`),%0A+         db.execute(sql`SELECT COUNT(*) FILTER (WHERE active)::int AS "activeCount", COUNT(*) FILTER (WHERE NOT active)::int AS "disabledCount" FROM spr_webhooks WHERE tenant_id=${tenantId}`),%0A+         db.execute(sql`SELECT d.id, d.webhook_id AS "webhookId", w.url, d.event_type AS "eventType", d.safe_error_code AS "errorCode", d.safe_error_message AS "errorMessage", d.completed_at AS "completedAt" FROM spr_webhook_deliveries d JOIN spr_webhooks w ON w.id=d.webhook_id AND w.tenant_id=d.tenant_id WHERE d.tenant_id=${tenantId} AND d.status IN ('failed','dead_lettered') ORDER BY d.completed_at DESC NULLS LAST LIMIT 10`),%0A+       ]);%0A+       notes.push('Webhook failures are grouped by destination endpoint (webhookId/url), not "provider" -- SPR webhooks are user-configured destination URLs, not third-party provider connectors; there is no per-provider concept for outbound deliveries.');%0A+%0A+       // --- C. Integration health ----------------------------------------------%0A+       const [credentialRows, integrationRows] = await Promise.all([%0A+         db.execute(sql`SELECT provider, status, last_tested_at AS "lastTestedAt" FROM integration_credentials WHERE tenant_id=${tenantId}`),%0A+         db.execute(sql`SELECT name, connected, last_sync_date AS "lastSyncDate" FROM integrations WHERE tenant_id=${tenantId}`),%0A+       ]);%0A+       const credentialByProvider = new Map<string, any>((credentialRows as any).rows?.map((r: any) => [r.provider, r]) ?? []);%0A+       const integrationByName = new Map<string, any>((integrationRows as any).rows?.map((r: any) => [r.name, r]) ?? []);%0A+       const integrations = INTEGRATION_CATALOG.map((item) => ({%0A+         provider: item.provider,%0A+         name: item.name,%0A+         connected: Boolean(integrationByName.get(item.name)?.connected),%0A+         lastSyncDate: integrationByName.get(item.name)?.lastSyncDate ?? null,%0A+         credentialStatus: credentialByProvider.get(item.provider)?.status ?? 'NOT_CONFIGURED',%0A+         lastTestedAt: credentialByProvider.get(item.provider)?.lastTestedAt ?? null,%0A+       }));%0A+%0A+       // --- D. Audit chain integrity --------------------------------------------%0A+       // Reuses the exact function GET /api/auth/audit-chain/verify calls --%0A+       // no second verifier.%0A+       const auditChain = await verifyAuditChain(db, tenantId);%0A+%0A+       // --- E. Scan / job queue --------------------------------------------------%0A+       const [runningRepoScans, complianceSchedules] = await Promise.all([%0A+         db.execute(sql`SELECT id, passport_id AS "passportId", status, progress, updated_at AS "updatedAt" FROM agent_jobs WHERE tenant_id=${tenantId} AND job_type='repository_scan' AND status='Running' ORDER BY updated_at DESC LIMIT 10`),%0A+         db.execute(sql`SELECT id, client_id AS "clientId", frequency, status, last_audit_at AS "lastAuditAt", next_audit_at AS "nextAuditAt" FROM compliance_schedules WHERE tenant_id=${tenantId} ORDER BY COALESCE(last_audit_at, created_at) DESC LIMIT 10`),%0A+       ]);%0A+%0A+       return res.json({%0A+         generatedAt: new Date().toISOString(),%0A+         workers: {%0A+           osv: {%0A+             countsByStatus: (osvCounts as any).rows ?? [],%0A+             staleRunningCount: Number((osvStale as any).rows?.[0]?.count ?? 0),%0A+             recentFailures: (osvFailures as any).rows ?? [],%0A+             lastActivityAt: (osvActivity as any).rows?.[0]?.lastActivityAt ?? null,%0A+           },%0A+           monitoringWorker: {%0A+             realSource: 'trust-monitoring-worker.ts (collector_jobs)',%0A+             countsByState: (monitoringCounts as any).rows ?? [],%0A+             lastHeartbeatAt: (monitoringHeartbeat as any).rows?.[0]?.lastHeartbeatAt ?? null,%0A+             recentFailures: (monitoringFailures as any).rows ?? [],%0A+           },%0A+         },%0A+         webhooks: {%0A+           countsByStatusLast7Days: (webhookCounts as any).rows ?? [],%0A+           activeEndpoints: Number((webhookEndpoints as any).rows?.[0]?.activeCount ?? 0),%0A+           disabledEndpoints: Number((webhookEndpoints as any).rows?.[0]?.disabledCount ?? 0),%0A+           recentFailures: (webhookFailures as any).rows ?? [],%0A+         },%0A+         integrations,%0A+         auditChain,%0A+         queue: {%0A+           runningRepositoryScans: (runningRepoScans as any).rows ?? [],%0A+           recentlyFailedJobs: (osvFailures as any).rows ?? [],%0A+           complianceSchedules: (complianceSchedules as any).rows ?? [],%0A+         },%0A+         notes,%0A+       });%0A+     } catch (error) {%0A+       return next(error);%0A+     }%0A+   });%0A+%0A+   // Owner-only self-passport retrieval. Absence of evidence is represented as%0A+   // a 404 instead of a fabricated passport or trust score.%0A+   router.get('/passports/self-passport', requireAuth, requireRole('Owner'), async (req: AuthenticatedRequest, res, next) => {%0A+     try {%0A+       const db = req.db!;%0A+       const result = await db.execute(sql`%0A+         SELECT%0A+           id,%0A+           name,%0A+           version,%0A+           publisher,%0A+           release_date AS "releaseDate",%0A+           evidence%0A+         FROM passports%0A+         WHERE tenant_id = ${req.user!.tenantId}%0A+         ORDER BY release_date DESC NULLS LAST, id DESC%0A+         LIMIT 1%0A+       `);%0A+       const row = (result as any).rows?.[0];%0A+       if (!row) return res.status(404).json({ error: 'Self passport evidence not found', code: 'SELF_PASSPORT_NOT_FOUND' });%0A+       return res.json({%0A+         ...row,%0A+         overallScore: null,%0A+         healthStatus: 'Not verified',%0A+         evidence: Array.isArray(row.evidence) ? row.evidence : [],%0A+       });%0A+     } catch (error) {%0A+       return next(error);%0A+     }%0A+   });%0A+%0A+   // Firebase-authenticated, tenant-scoped reads for the first-party SPA.%0A+   // These are deliberately separate from /connect/v1, which is API-key based.%0A+   router.get('/user/clients', requireAuth, async (req: AuthenticatedRequest, res, next) => {%0A+     try {%0A+       const db = req.db!;%0A+       const result = await db.execute(sql`SELECT id, name, domain, industry, trust_score AS "trustScore", risk_level AS "riskLevel", avatar_color AS "avatarColor", subscription_tier AS "subscriptionTier", joined_date AS "joinedDate", team_count AS "teamCount", passport_count AS "passportCount", critical_risks_count AS "criticalRisksCount", compliance_progress AS "complianceProgress", software_inventory AS "softwareInventory", compliance_status AS "complianceStatus", team_members AS "teamMembers", activity_timeline AS "activityTimeline" FROM clients WHERE tenant_id=${req.user!.tenantId} ORDER BY joined_date DESC`);%0A+       return res.json((result as any).rows || []);%0A+     } catch (error) {%0A+       return next(error);%0A+     }%0A+   });%0A+%0A+   router.get('/user/passports', requireAuth, async (req: AuthenticatedRequest, res, next) => {%0A+     try {%0A+       const db = req.db!;%0A+       const result = await db.execute(sql`SELECT p.id, p.client_id AS "clientId", p.name, p.version, p.publisher, p.category, p.release_date AS "releaseDate", p.license_type AS "licenseType", p.sbom, COALESCE((SELECT json_agg(json_build_object('id', e.id, 'name', e.name, 'type', e.type, 'verified', e.verified, 'status', e.status, 'signer', e.signer, 'timestamp', e.timestamp, 'hash', e.hash, 'engineId', e.engine_id, 'verificationFailureReason', e.verification_failure_reason) ORDER BY e.timestamp DESC) FROM evidence_items e WHERE e.tenant_id=p.tenant_id AND e.asset_id=p.id), '[]'::json) AS evidence, COALESCE((SELECT json_agg(json_build_object('id', f.id, 'findingId', f.id, 'severity', f.severity, 'category', f.category, 'title', f.title, 'description', f.description, 'component', f.component, 'fixedVersion', f.fixed_version, 'status', f.status, 'detectedAt', f.detected_at, 'engineId', f.engine_id) ORDER BY f.detected_at DESC) FROM scan_findings f WHERE f.tenant_id=p.tenant_id AND f.asset_id=p.id), '[]'::json) AS vulnerabilities, p.timeline, NULL AS scores, 'not_authoritatively_scored' AS "scoreStatus" FROM passports p WHERE p.tenant_id=${req.user!.tenantId} ORDER BY p.name ASC`);%0A+       return res.json((result as any).rows || []);%0A+     } catch (error) {%0A+       return next(error);%0A+     }%0A+   });%0A+%0A+   router.get('/user/extensions', requireAuth, async (req: AuthenticatedRequest, res, next) => {%0A+     try {%0A+       const db = req.db!;%0A+       const result = await db.execute(sql`SELECT extension_id AS "extensionId", installed_at AS "installedAt" FROM extension_installations WHERE tenant_id=${req.user!.tenantId} ORDER BY installed_at DESC`);%0A+       return res.json((result as any).rows || []);%0A+     } catch (error) {%0A+       return next(error);%0A+     }%0A+   });%0A+%0A+   router.post('/user/extensions/:extensionId', requireAuth, requireRole(['Owner', 'Admin', 'Operator']), async (req: AuthenticatedRequest, res, next) => {%0A+     try {%0A+       const extensionId = String(req.params.extensionId || '').trim();%0A+       if (!/^[A-Za-z0-9_.-]{1,120}$/.test(extensionId)) return res.status(400).json({ error: 'Invalid extension id' });%0A+       const db = req.db!;%0A+       const result = await db.execute(sql`INSERT INTO extension_installations (tenant_id, extension_id, installed_at) VALUES (${req.user!.tenantId}, ${extensionId}, NOW()) ON CONFLICT (tenant_id, extension_id) DO UPDATE SET installed_at=NOW() RETURNING extension_id AS "extensionId", installed_at AS "installedAt"`);%0A+       return res.status(201).json((result as any).rows?.[0]);%0A+     } catch (error) {%0A+       return next(error);%0A+     }%0A+   });%0A+%0A+   router.delete('/user/extensions/:extensionId', requireAuth, requireRole(['Owner', 'Admin', 'Operator']), async (req: AuthenticatedRequest, res, next) => {%0A+     try {%0A+       const db = req.db!;%0A+       const extensionId = String(req.params.extensionId || '').trim();%0A+       const result = await db.execute(sql`DELETE FROM extension_installations WHERE tenant_id=${req.user!.tenantId} AND extension_id=${extensionId} RETURNING extension_id`);%0A+       if (!((result as any).rows?.length)) return res.status(404).json({ error: 'Extension installation not found' });%0A+       return res.status(204).send();%0A+     } catch (error) {%0A+       return next(error);%0A+     }%0A+   });%0A+%0A+   router.get('/auth/verify-status', requireAuth, async (req: AuthenticatedRequest, res) => {%0A+     return res.json({ verified: req.user!.emailVerified, emailVerified: req.user!.emailVerified });%0A+   });%0A+%0A+%0A+%0A+   router.get('/user/passports/:id/verification', requireAuth, async (req: AuthenticatedRequest, res, next) => {%0A+     try {%0A+       const db = req.db!;%0A+       const tenantId = req.user!.tenantId;%0A+       const clientScope = req.user!.role === 'Client' ? (req.user as any).clientId : null;%0A+       const passportResult = await db.execute(sql`SELECT id, version, evidence, client_id AS "clientId" FROM passports WHERE id=${req.params.id} AND tenant_id=${tenantId} AND (${clientScope} IS NULL OR client_id=${clientScope}) LIMIT 1`) as any;%0A+       const passport = passportResult.rows?.[0];%0A+       if (!passport) return res.status(404).json({ error: 'Passport not found' });%0A+       const findingResult = await db.execute(sql`SELECT id, passport_id AS "passportId", evidence_ids, status FROM trust_findings WHERE tenant_id=${tenantId} AND passport_id=${passport.id}`) as any;%0A+       const parseJson = (value: unknown): unknown[] => { try { const parsed = JSON.parse(String(value ?? '')); return Array.isArray(parsed) ? parsed : []; } catch { return []; } };%0A+       const openFindingEvidenceIds = (findingResult.rows ?? []).filter((row: any) => !['resolved','closed','verified'].includes(String(row.status || '').toLowerCase())).flatMap((row: any) => parseJson(row.evidence_ids)).filter((id: any): id is string => typeof id === 'string');%0A+       const adapted = adaptEvidenceForEvaluation({ evidence: parseJson(passport.evidence) as any[], passportVersion: passport.version, openFindingEvidenceIds });%0A+       const evaluatedAt = Date.now();%0A+       const decision = evaluateVerification({ evidence: adapted.evidence, evaluatedAt, targetIdentity: adapted.targetIdentity });%0A+       res.setHeader('Cache-Control', 'private, max-age=0, no-store');%0A+       return res.json({ decision, observations: decision.observationCount, independentSources: decision.independentSourceCount });%0A+     } catch (error) { return next(error); }%0A+   });%0A+%0A+   router.get('/user/verification', requireAuth, async (req: AuthenticatedRequest, res, next) => {%0A+     try {%0A+       const db = req.db!;%0A+       const tenantId = req.user!.tenantId;%0A+       const clientScope = req.user!.role === 'Client' ? (req.user as any).clientId : null;%0A+       const passportRows = (await db.execute(sql`SELECT id, version, evidence, client_id AS "clientId" FROM passports WHERE tenant_id=${tenantId} AND (${clientScope} IS NULL OR client_id=${clientScope}) ORDER BY id`) as any).rows ?? [];%0A+       const passportIds = passportRows.map((row: any) => String(row.id));%0A+       const parseJson = (value: unknown): unknown[] => { try { const parsed = JSON.parse(String(value ?? '')); return Array.isArray(parsed) ? parsed : []; } catch { return []; } };%0A+       // Drizzle's proven one-query binding shape for the passport findings is%0A+       // `asset_id IN ${passportIds}`; do not replace this with ANY(array).%0A+       const findingRows = passportIds.length ? ((await db.execute(sql`SELECT id, passport_id AS "passportId", evidence_ids, status FROM trust_findings WHERE tenant_id=${tenantId} AND passport_id IN ${passportIds}`) as any).rows ?? []) : [];%0A+       const evidenceByPassport = new Map<string, any[]>();%0A+       for (const passport of passportRows) evidenceByPassport.set(String(passport.id), parseJson(passport.evidence) as any[]);%0A+       const evaluatedAt = Date.now();%0A+       const verificationDecisions: Record<string, VerificationDecision> = {};%0A+       const verificationDetails: Record<string, unknown> = {};%0A+       for (const passport of passportRows) {%0A+         const findings = findingRows.filter((row: any) => String(row.passportId) === String(passport.id));%0A+         const openFindingEvidenceIds = findings.filter((row: any) => !['resolved','closed','verified'].includes(String(row.status || '').toLowerCase())).flatMap((row: any) => parseJson(row.evidence_ids)).filter((id: any): id is string => typeof id === 'string');%0A+         const adapted = adaptEvidenceForEvaluation({ evidence: evidenceByPassport.get(String(passport.id)) ?? [], passportVersion: passport.version, openFindingEvidenceIds });%0A+         const decision = evaluateVerification({ evidence: adapted.evidence, evaluatedAt, targetIdentity: adapted.targetIdentity });%0A+         verificationDecisions[String(passport.id)] = decision;%0A+         verificationDetails[String(passport.id)] = { unmappedCount: adapted.unmappedCount, undatedCount: adapted.undatedCount, observations: decision.observationCount, independentSources: decision.independentSourceCount };%0A+       }%0A+       res.setHeader('Cache-Control', 'private, max-age=0, no-store');%0A+       return res.json({ verificationDecisions, verificationDetails });%0A+     } catch (error) { return next(error); }%0A+   });%0A+%0A+   return router;%0A+ }%0A+%0A%0A ❯ tests/client-creation-contract.test.ts:64:26%0A%0A

::error file=/home/runner/work/software-passport-registry/software-passport-registry/tests/client-creation-contract.test.ts,title=tests/client-creation-contract.test.ts > client-level data isolation for the Client role > GET /trust-loop/findings applies the same client scoping,line=68,column=31::AssertionError: expected 'import { Router } from \'express\';\n…' to contain 'AND (${clientScope}::text IS NULL OR …'%0A%0A- Expected%0A+ Received%0A%0A- AND (${clientScope}::text IS NULL OR f.client_id = ${clientScope})%0A+ import { Router } from 'express';%0A+ import { sql } from 'drizzle-orm';%0A+ import crypto from 'node:crypto';%0A+ import { z } from 'zod';%0A+ import { AuthenticatedRequest } from '../middleware/security.ts';%0A+ import { decryptCredentials } from '../integrations/credential-vault.ts';%0A+ import { collectDeepProviderEvidence } from '../integrations/deep-collectors.ts';%0A+ import { collectGitHubDeepEvidence } from '../integrations/github-deep.ts';%0A+ import { persistTrustLoop, verifyRemediation } from '../trust/trust-loop.ts';%0A+%0A+ const collectSchema = z.object({ passportId: z.string().trim().min(1).max(255), provider: z.string().trim().min(1).max(64) }).strict();%0A+ const remediationSchema = z.object({%0A+   findingId: z.string().trim().min(1),%0A+   title: z.string().trim().min(1).max(255),%0A+   description: z.string().max(4000).optional(),%0A+   assigneeId: z.string().max(255).optional(),%0A+   assigneeDisplay: z.string().max(255).optional(),%0A+   externalSystem: z.string().trim().min(1).max(64).default('SPR'),%0A+   externalTicketId: z.string().max(255).optional(),%0A+   slaDueAt: z.string().datetime().optional(),%0A+   priority: z.enum(['LOW', 'MEDIUM', 'HIGH', 'CRITICAL']).default('HIGH'),%0A+ }).strict();%0A+ const remediationUpdateSchema = z.object({ status: z.enum(['OPEN', 'IN_PROGRESS', 'BLOCKED', 'READY_FOR_VERIFICATION', 'VERIFIED', 'CLOSED', 'CANCELLED']), ownerId: z.string().max(255).optional(), ownerDisplay: z.string().max(255).optional(), slaDueAt: z.string().datetime().nullable().optional() }).strict();%0A+ const verifySchema = z.object({ findingId: z.string().trim().min(1), observationIds: z.array(z.string().min(1)).max(50), evidenceIds: z.array(z.string().min(1)).max(200) }).strict();%0A+ const reportTypes = z.enum(['executive', 'technical', 'msp', 'customer', 'compliance', 'vendor', 'auditor', 'evidence-ledger']);%0A+ function id(prefix: string) { return `${prefix}_${crypto.randomUUID().replaceAll('-', '')}`; }%0A+ function parseJson(value: unknown, fallback: unknown = []) { try { return value ? JSON.parse(String(value)) : fallback; } catch { return fallback; } }%0A+%0A+ const SEVERITY_ORDER = ['critical', 'high', 'medium', 'low'];%0A+%0A+ export type ReportPassportRow = {%0A+   overall_score: number | null;%0A+   security_score: number | null;%0A+   compliance_score: number | null;%0A+   verification_status: string | null;%0A+   confidence_score: number | null;%0A+   evidence_completeness: number | null;%0A+ };%0A+%0A+ export function deriveReportRiskFields(passport: ReportPassportRow) {%0A+   const verificationStatus = passport.verification_status || 'unverified';%0A+   const isMeasured = verificationStatus !== 'unverified';%0A+   return {%0A+     canonicalScore: isMeasured ? passport.overall_score : null,%0A+     verificationStatus,%0A+     confidenceBasisPoints: isMeasured && passport.confidence_score != null ? Math.round(passport.confidence_score * 100) : null,%0A+     completenessBasisPoints: isMeasured && passport.evidence_completeness != null ? Math.round(passport.evidence_completeness * 100) : null,%0A+   };%0A+ }%0A+%0A+ function buildReportTypeExtras(reportType: string, passport: any, findings: any[]) {%0A+   if (reportType === 'sbom') {%0A+     const components = parseJson(passport.sbom, []) as any[];%0A+     const vulnerabilities = parseJson(passport.vulnerabilities, []) as any[];%0A+     const sbom = components.map((component) => {%0A+       const name = component?.name || component?.packageName || component?.component;%0A+       const matched = vulnerabilities.filter((vuln) => (vuln?.component || vuln?.packageName || vuln?.package) === name);%0A+       return { ...component, vulnerabilityCount: matched.length, criticalOrHighCount: matched.filter((vuln) => SEVERITY_ORDER.slice(0, 2).includes(String(vuln?.severity || '').toLowerCase())).length };%0A+     });%0A+     return { sbom };%0A+   }%0A+   if (reportType === 'compliance') {%0A+     const byControl = new Map<string, { controlId: string; findingCount: number; openCount: number; worstSeverity: string; findingIds: string[] }>();%0A+     for (const finding of findings) {%0A+       const controlId = finding.control_id || 'unmapped';%0A+       const entry = byControl.get(controlId) || { controlId, findingCount: 0, openCount: 0, worstSeverity: 'low', findingIds: [] as string[] };%0A+       entry.findingCount += 1;%0A+       entry.findingIds.push(finding.id);%0A+       if (!['resolved', 'closed', 'verified'].includes(String(finding.status || '').toLowerCase())) entry.openCount += 1;%0A+       const severity = String(finding.severity || '').toLowerCase();%0A+       if (SEVERITY_ORDER.includes(severity) && SEVERITY_ORDER.indexOf(severity) < SEVERITY_ORDER.indexOf(entry.worstSeverity)) entry.worstSeverity = severity;%0A+       byControl.set(controlId, entry);%0A+     }%0A+     return { controls: [...byControl.values()] };%0A+   }%0A+   return {};%0A+ }%0A+%0A+ export function createTrustLoopRouter() {%0A+   const router = Router();%0A+%0A+   router.post('/collect', async (req: AuthenticatedRequest, res, next) => {%0A+     const parsed = collectSchema.safeParse(req.body);%0A+     if (!parsed.success) return res.status(400).json({ error: 'INVALID_PAYLOAD', details: parsed.error.flatten() });%0A+     const { passportId, provider } = parsed.data;%0A+     const tenantId = req.user!.tenantId;%0A+     const runId = id('collect');%0A+     const startedAt = new Date().toISOString();%0A+     const db = req.db!;%0A+     try {%0A+       const passport = (await db.execute(sql`SELECT id,client_id FROM passports WHERE id=${passportId} AND tenant_id=${tenantId} LIMIT 1`) as any).rows?.[0];%0A+       if (!passport) return res.status(404).json({ error: 'PASSPORT_NOT_FOUND' });%0A+       const stored = (await db.execute(sql`SELECT encrypted_payload FROM integration_credentials WHERE tenant_id=${tenantId} AND provider=${provider} LIMIT 1`) as any).rows?.[0];%0A+       if (!stored?.encrypted_payload) return res.status(409).json({ error: 'CREDENTIAL_NOT_CONFIGURED' });%0A+%0A+       await db.execute(sql`INSERT INTO trust_collection_runs (id,tenant_id,passport_id,provider,started_at,status,idempotency_key,created_at) VALUES (${runId},${tenantId},${passportId},${provider},${startedAt},'RUNNING',${`${tenantId}:${passportId}:${provider}:${startedAt}`},${startedAt})`);%0A+       const credentials = decryptCredentials(stored.encrypted_payload) as Record<string, string>;%0A+       const observations = provider === 'github' ? await collectGitHubDeepEvidence(credentials) : await collectDeepProviderEvidence(provider as any, credentials);%0A+       const result = await persistTrustLoop({ tenantId, passportId, clientId: passport.client_id || passport.id, assetId: passport.id, observations, generationReason: 'provider_collection', actorType: 'worker', collectorVersionMap: { [provider]: 'deep-v2' } });%0A+       const completedAt = new Date().toISOString();%0A+       await db.execute(sql`UPDATE trust_collection_runs SET completed_at=${completedAt},status='SUCCEEDED',observation_count=${observations.length},evidence_count=${result.evidenceIds.length},failure_count=${observations.filter((o) => o.status === 'FAIL').length},collector_version='deep-v2' WHERE id=${runId} AND tenant_id=${tenantId}`);%0A+       await db.execute(sql`INSERT INTO trust_monitoring_state (id,tenant_id,passport_id,provider,next_run_at,last_run_at,last_success_at,last_evidence_hash,consecutive_failures,status,updated_at) VALUES (${id('monitor')},${tenantId},${passportId},${provider},${new Date(Date.now()+3600000).toISOString()},${completedAt},${completedAt},${result.payloadHash},0,'HEALTHY',${completedAt}) ON CONFLICT (tenant_id,passport_id,provider) DO UPDATE SET next_run_at=EXCLUDED.next_run_at,last_run_at=EXCLUDED.last_run_at,last_success_at=EXCLUDED.last_success_at,last_evidence_hash=EXCLUDED.last_evidence_hash,consecutive_failures=0,status='HEALTHY',updated_at=EXCLUDED.updated_at`);%0A+       return res.json({ runId, provider, observationCount: observations.length, ...result });%0A+     } catch (error) {%0A+       const completedAt = new Date().toISOString();%0A+       await db.execute(sql`UPDATE trust_collection_runs SET completed_at=${completedAt},status='FAILED',error_code='COLLECTION_FAILED',error_message=${error instanceof Error ? error.message.slice(0,1000) : 'COLLECTION_FAILED'} WHERE id=${runId} AND tenant_id=${tenantId}`).catch(() => undefined);%0A+       await db.execute(sql`UPDATE trust_monitoring_state SET last_run_at=${completedAt},last_failure_at=${completedAt},consecutive_failures=consecutive_failures+1,status=CASE WHEN consecutive_failures+1 >= 5 THEN 'FAILED' ELSE 'DEGRADED' END,updated_at=${completedAt} WHERE tenant_id=${tenantId} AND passport_id=${passportId} AND provider=${provider}`).catch(() => undefined);%0A+       return next(error);%0A+     }%0A+   });%0A+%0A+   const findingsWithRemediationSelect = sql`%0A+     SELECT f.*, r.id AS remediation_id, r.status AS remediation_status, r.owner_id AS remediation_owner_id,%0A+            r.owner_display AS remediation_owner_display, r.sla_due_at AS remediation_sla_due_at, r.updated_at AS remediation_updated_at%0A+     FROM trust_findings f%0A+     LEFT JOIN LATERAL (%0A+       SELECT * FROM trust_remediation_work_items w%0A+       WHERE w.tenant_id = f.tenant_id AND w.finding_id = f.id%0A+       ORDER BY w.created_at DESC LIMIT 1%0A+     ) r ON true%0A+   `;%0A+   router.get('/findings', async (req: AuthenticatedRequest, res, next) => {%0A+     try {%0A+       const db = req.db!;%0A+       const tenantId = req.user!.tenantId;%0A+       const passportId = typeof req.query.passportId === 'string' ? req.query.passportId : null;%0A+       const rows = passportId%0A+         ? await db.execute(sql`${findingsWithRemediationSelect} WHERE f.tenant_id=${tenantId} AND f.passport_id=${passportId} ORDER BY CASE f.severity WHEN 'critical' THEN 1 WHEN 'high' THEN 2 WHEN 'medium' THEN 3 WHEN 'low' THEN 4 ELSE 5 END,f.updated_at DESC`)%0A+         : await db.execute(sql`${findingsWithRemediationSelect} WHERE f.tenant_id=${tenantId} ORDER BY f.updated_at DESC`);%0A+       return res.json({ findings: (rows as any).rows || [] });%0A+     } catch (error) { return next(error); }%0A+   });%0A+%0A+   router.post('/remediations', async (req: AuthenticatedRequest, res, next) => {%0A+     const parsed = remediationSchema.safeParse(req.body);%0A+     if (!parsed.success) return res.status(400).json({ error: 'INVALID_PAYLOAD', details: parsed.error.flatten() });%0A+     try {%0A+       const db = req.db!;%0A+       const p = parsed.data;%0A+       const tenantId = req.user!.tenantId;%0A+       const finding = (await db.execute(sql`SELECT id,client_id,passport_id,title,description FROM trust_findings WHERE id=${p.findingId} AND tenant_id=${tenantId} LIMIT 1`) as any).rows?.[0];%0A+       if (!finding) return res.status(404).json({ error: 'FINDING_NOT_FOUND' });%0A+       const now = new Date().toISOString();%0A+       const workId = id('remed');%0A+       await db.execute(sql`INSERT INTO trust_remediation_work_items (id,tenant_id,passport_id,finding_id,external_system,external_ticket_id,owner_id,owner_display,sla_due_at,status,remediation_plan,created_at,updated_at) VALUES (${workId},${tenantId},${finding.passport_id},${finding.id},${p.externalSystem},${p.externalTicketId ?? null},${p.assigneeId ?? null},${p.assigneeDisplay ?? null},${p.slaDueAt ?? null},'OPEN',${p.description || finding.description},${now},${now})`);%0A+       await db.execute(sql`INSERT INTO remediation_tasks (id,tenant_id,client_id,alert_id,title,description,priority,status,assignee_id,created_by,created_at,updated_at) VALUES (${workId},${tenantId},${finding.client_id},${finding.id},${p.title},${p.description || finding.description},${p.priority},'OPEN',${p.assigneeId ?? null},${req.user!.uid},${now},${now})`);%0A+       const created = (await db.execute(sql`SELECT * FROM trust_remediation_work_items WHERE id=${workId} AND tenant_id=${tenantId} LIMIT 1`) as any).rows?.[0];%0A+       return res.status(201).json({ ...created, title: p.title });%0A+     } catch (error) { return next(error); }%0A+   });%0A+%0A+   router.get('/remediations/:id', async (req: AuthenticatedRequest, res, next) => {%0A+     try {%0A+       const db = req.db!;%0A+       const tenantId = req.user!.tenantId;%0A+       const row = (await db.execute(sql`SELECT w.*, f.title AS finding_title FROM trust_remediation_work_items w JOIN trust_findings f ON f.id = w.finding_id AND f.tenant_id = w.tenant_id WHERE w.id=${req.params.id} AND w.tenant_id=${tenantId} LIMIT 1`) as any).rows?.[0];%0A+       if (!row) return res.status(404).json({ error: 'REMEDIATION_NOT_FOUND' });%0A+       return res.json({ ...row, title: row.finding_title });%0A+     } catch (error) { return next(error); }%0A+   });%0A+%0A+   router.post('/remediations/:id/verify-latest', async (req: AuthenticatedRequest, res, next) => {%0A+     try {%0A+       const db = req.db!;%0A+       const tenantId = req.user!.tenantId;%0A+       const work = (await db.execute(sql`SELECT id,finding_id,passport_id FROM trust_remediation_work_items WHERE id=${req.params.id} AND tenant_id=${tenantId} LIMIT 1`) as any).rows?.[0];%0A+       if (!work) return res.status(404).json({ error: 'REMEDIATION_NOT_FOUND' });%0A+       const latestObservation = (await db.execute(sql`SELECT id,evidence_ids FROM trust_observations WHERE tenant_id=${tenantId} AND passport_id=${work.passport_id} ORDER BY observation_version DESC LIMIT 1`) as any).rows?.[0];%0A+       if (!latestObservation) return res.status(409).json({ error: 'NO_OBSERVATION_ON_FILE', message: 'SPR has no recorded observation for this software yet. Collect evidence before verifying.' });%0A+       const evidenceIds: string[] = parseJson(latestObservation.evidence_ids, []) as string[];%0A+       const result = await verifyRemediation({ tenantId, findingId: work.finding_id, observationIds: [latestObservation.id], evidenceIds, actorId: req.user!.uid });%0A+       const now = new Date().toISOString();%0A+       await db.execute(sql`UPDATE trust_remediation_work_items SET status='VERIFIED',updated_at=${now},closed_at=${now} WHERE id=${work.id} AND tenant_id=${tenantId}`);%0A+       const row = (await db.execute(sql`SELECT * FROM trust_remediation_work_items WHERE id=${work.id} AND tenant_id=${tenantId} LIMIT 1`) as any).rows?.[0];%0A+       return res.json({ ...row, verification: result });%0A+     } catch (error: any) {%0A+       const message = error instanceof Error ? error.message : String(error);%0A+       if (/^VERIFICATION_|^FINDING_NOT_FOUND$/.test(message)) return res.status(409).json({ error: message });%0A+       return next(error);%0A+     }%0A+   });%0A+%0A+   router.patch('/remediations/:id', async (req: AuthenticatedRequest, res, next) => {%0A+     const parsed = remediationUpdateSchema.safeParse(req.body);%0A+     if (!parsed.success) return res.status(400).json({ error: 'INVALID_PAYLOAD', details: parsed.error.flatten() });%0A+     try {%0A+       const db = req.db!;%0A+       const tenantId = req.user!.tenantId;%0A+       const p = parsed.data;%0A+       const now = new Date().toISOString();%0A+       const rows = await db.execute(sql`UPDATE trust_remediation_work_items SET status=${p.status},owner_id=COALESCE(${p.ownerId ?? null},owner_id),owner_display=COALESCE(${p.ownerDisplay ?? null},owner_display),sla_due_at=CASE WHEN ${p.slaDueAt === undefined} THEN sla_due_at ELSE ${p.slaDueAt} END,updated_at=${now},closed_at=CASE WHEN ${p.status} IN ('CLOSED','VERIFIED') THEN ${now} ELSE closed_at END WHERE id=${req.params.id} AND tenant_id=${tenantId} RETURNING *`);%0A+       const row = (rows as any).rows?.[0];%0A+       if (!row) return res.status(404).json({ error: 'REMEDIATION_NOT_FOUND' });%0A+       return res.json(row);%0A+     } catch (error) { return next(error); }%0A+   });%0A+%0A+   router.post('/verify', async (req: AuthenticatedRequest, res, next) => {%0A+     const parsed = verifySchema.safeParse(req.body);%0A+     if (!parsed.success) return res.status(400).json({ error: 'INVALID_PAYLOAD', details: parsed.error.flatten() });%0A+     try {%0A+       const db = req.db!;%0A+       const result = await verifyRemediation({ ...parsed.data, tenantId: req.user!.tenantId, actorId: req.user!.uid });%0A+       await db.execute(sql`UPDATE trust_remediation_work_items SET status='VERIFIED',updated_at=${new Date().toISOString()},closed_at=${new Date().toISOString()} WHERE tenant_id=${req.user!.tenantId} AND finding_id=${parsed.data.findingId}`);%0A+       return res.json(result);%0A+     } catch (error) { return next(error); }%0A+   });%0A+%0A+   router.get('/monitoring', async (req: AuthenticatedRequest, res, next) => {%0A+     try {%0A+       const db = req.db!;%0A+       const tenantId = req.user!.tenantId;%0A+       const passportId = typeof req.query.passportId === 'string' ? req.query.passportId : null;%0A+       const rows = passportId ? await db.execute(sql`SELECT * FROM trust_monitoring_state WHERE tenant_id=${tenantId} AND passport_id=${passportId} ORDER BY provider`) : await db.execute(sql`SELECT * FROM trust_monitoring_state WHERE tenant_id=${tenantId} ORDER BY passport_id,provider`);%0A+       const alerts = passportId ? await db.execute(sql`SELECT * FROM trust_alerts WHERE tenant_id=${tenantId} AND passport_id=${passportId} ORDER BY created_at DESC`) : await db.execute(sql`SELECT * FROM trust_alerts WHERE tenant_id=${tenantId} ORDER BY created_at DESC`);%0A+       return res.json({ monitoring: (rows as any).rows || [], alerts: (alerts as any).rows || [] });%0A+     } catch (error) { return next(error); }%0A+   });%0A+%0A+   router.get('/ledger/:passportId', async (req: AuthenticatedRequest, res, next) => {%0A+     try {%0A+       const db = req.db!;%0A+       const tenantId = req.user!.tenantId;%0A+       const passportId = req.params.passportId;%0A+       const scope = await db.execute(sql`SELECT id FROM passports WHERE id=${passportId} AND tenant_id=${tenantId} LIMIT 1`);%0A+       if (!(scope as any).rows?.length) return res.status(404).json({ error: 'PASSPORT_NOT_FOUND' });%0A+       const observations = await db.execute(sql`SELECT id,observation_version,generated_at,previous_observation_id,evidence_ids,finding_ids,canonical_payload_hash,completeness_basis_points,open_finding_count,unknown_dimension_count FROM trust_observations WHERE tenant_id=${tenantId} AND passport_id=${passportId} ORDER BY observation_version DESC`);%0A+       const evidence = await db.execute(sql`SELECT id,provider,control_id,subject,source_url,observed_at,verification_method,status,severity,evidence_hash,limitation FROM evidence_ledger WHERE tenant_id=${tenantId} AND passport_id=${passportId} ORDER BY observed_at DESC`);%0A+       const findings = await db.execute(sql`SELECT id,control_id,title,severity,status,evidence_ids,fingerprint,updated_at,resolved_at FROM trust_findings WHERE tenant_id=${tenantId} AND passport_id=${passportId} ORDER BY updated_at DESC`);%0A+       const remediation = await db.execute(sql`SELECT * FROM trust_remediation_work_items WHERE tenant_id=${tenantId} AND passport_id=${passportId} ORDER BY updated_at DESC`);%0A+       const verification = await db.execute(sql`SELECT * FROM remediation_verification_ledger WHERE tenant_id=${tenantId} AND finding_id IN (SELECT id FROM trust_findings WHERE tenant_id=${tenantId} AND passport_id=${passportId}) ORDER BY created_at DESC`);%0A+       return res.json({ observations: (observations as any).rows || [], findings: (findings as any).rows || [], evidence: (evidence as any).rows || [], remediation: (remediation as any).rows || [], verification: (verification as any).rows || [], trace: 'Report -> Passport -> Risk -> Finding -> Observation -> Provider -> Source -> Timestamp -> Hash' });%0A+     } catch (error) { return next(error); }%0A+   });%0A+%0A+   router.get('/reports/:passportId/history', async (req: AuthenticatedRequest, res, next) => {%0A+     try {%0A+       const db = req.db!;%0A+       const tenantId = req.user!.tenantId;%0A+       const passportId = req.params.passportId;%0A+       const typeFilter = typeof req.query.type === 'string' ? reportTypes.safeParse(req.query.type) : null;%0A+       if (typeFilter && !typeFilter.success) return res.status(400).json({ error: 'INVALID_REPORT_TYPE' });%0A+       const rows = typeFilter?.success%0A+         ? await db.execute(sql`SELECT id,report_type,generated_at,score,confidence_basis_points,completeness_basis_points,canonical_payload_hash FROM trust_report_snapshots WHERE tenant_id=${tenantId} AND passport_id=${passportId} AND report_type=${typeFilter.data} ORDER BY generated_at DESC LIMIT 50`)%0A+         : await db.execute(sql`SELECT id,report_type,generated_at,score,confidence_basis_points,completeness_basis_points,canonical_payload_hash FROM trust_report_snapshots WHERE tenant_id=${tenantId} AND passport_id=${passportId} ORDER BY generated_at DESC LIMIT 50`);%0A+       return res.json({ snapshots: (rows as any).rows || [] });%0A+     } catch (error) { return next(error); }%0A+   });%0A+%0A+   router.get('/reports/:passportId/history/:snapshotId', async (req: AuthenticatedRequest, res, next) => {%0A+     try {%0A+       const db = req.db!;%0A+       const tenantId = req.user!.tenantId;%0A+       const row = (await db.execute(sql`SELECT payload,canonical_payload_hash,generated_at,report_type FROM trust_report_snapshots WHERE id=${req.params.snapshotId} AND tenant_id=${tenantId} AND passport_id=${req.params.passportId} LIMIT 1`) as any).rows?.[0];%0A+       if (!row) return res.status(404).json({ error: 'REPORT_SNAPSHOT_NOT_FOUND' });%0A+       const payload = parseJson(row.payload, {});%0A+       return res.json({ ...(payload as object), reportHash: row.canonical_payload_hash });%0A+     } catch (error) { return next(error); }%0A+   });%0A+%0A+   router.get('/reports/:passportId', async (req: AuthenticatedRequest, res, next) => {%0A+     try {%0A+       const parsed = reportTypes.safeParse(req.query.type || 'executive');%0A+       if (!parsed.success) return res.status(400).json({ error: 'INVALID_REPORT_TYPE' });%0A+       const report = await buildAndPersistReport(req.db!, req.user!.tenantId, String(req.params.passportId), parsed.data);%0A+       if (!report) return res.status(404).json({ error: 'PASSPORT_NOT_FOUND' });%0A+       return res.json(report);%0A+     } catch (error) { return next(error); }%0A+   });%0A+%0A+   return router;%0A+ }%0A+%0A+ export async function buildAndPersistReport(db: any, tenantId: string, passportId: string, reportType: string) {%0A+   const passport = (await db.execute(sql`SELECT id,name,overall_score,security_score,compliance_score,verification_status,confidence_score,evidence_completeness,sbom,evidence,vulnerabilities,timeline FROM passports WHERE id=${passportId} AND tenant_id=${tenantId} LIMIT 1`) as any).rows?.[0];%0A+   if (!passport) return null;%0A+   const findings = (await db.execute(sql`SELECT id,control_id,title,severity,status,description,remediation,evidence_ids,updated_at,resolved_at FROM trust_findings WHERE tenant_id=${tenantId} AND passport_id=${passportId} ORDER BY CASE severity WHEN 'critical' THEN 1 WHEN 'high' THEN 2 WHEN 'medium' THEN 3 WHEN 'low' THEN 4 ELSE 5 END,updated_at DESC`) as any).rows || [];%0A+   const evidence = (await db.execute(sql`SELECT id,provider,control_id,subject,source_url,observed_at,verification_method,status,severity,evidence_hash,limitation FROM evidence_ledger WHERE tenant_id=${tenantId} AND passport_id=${passportId} ORDER BY observed_at DESC`) as any).rows || [];%0A+   const observations = (await db.execute(sql`SELECT id,observation_version,generated_at,previous_observation_id,evidence_ids,finding_ids,canonical_payload_hash,completeness_basis_points,confidence_basis_points,open_finding_count,unknown_dimension_count FROM trust_observations WHERE tenant_id=${tenantId} AND passport_id=${passportId} ORDER BY observation_version DESC`) as any).rows || [];%0A+   const remediation = (await db.execute(sql`SELECT * FROM trust_remediation_work_items WHERE tenant_id=${tenantId} AND passport_id=${passportId} ORDER BY updated_at DESC`) as any).rows || [];%0A+   const verification = (await db.execute(sql`SELECT * FROM remediation_verification_ledger WHERE tenant_id=${tenantId} AND finding_id IN (SELECT id FROM trust_findings WHERE tenant_id=${tenantId} AND passport_id=${passportId}) ORDER BY created_at DESC`) as any).rows || [];%0A+   const latest = observations[0];%0A+   const risk = deriveReportRiskFields(passport as ReportPassportRow);%0A+   const report = {%0A+     schemaVersion: 'spr.report.v2', reportType, generatedAt: new Date().toISOString(), passport: { id: passport.id, name: passport.name },%0A+     risk: { overall: risk.canonicalScore, security: passport.security_score, compliance: passport.compliance_score, verificationStatus: risk.verificationStatus },%0A+     evidenceQuality: { completenessBasisPoints: risk.completenessBasisPoints, confidenceBasisPoints: risk.confidenceBasisPoints, unknownDimensions: latest?.unknown_dimension_count ?? 0, latestObservationAt: latest?.generated_at ?? null },%0A+     findings, evidence, observations, remediation, verification,%0A+     traceability: 'Report -> Passport -> Risk -> Finding -> Observation -> Provider -> Source -> Timestamp -> Hash',%0A+     resolutionTraceability: 'Finding -> remediation -> new observation -> independent verification',%0A+     limitations: evidence.filter((item: any) => item.limitation).map((item: any) => ({ evidenceId: item.id, limitation: item.limitation })),%0A+     ...buildReportTypeExtras(reportType, passport, findings),%0A+   };%0A+   const canonicalPayload = JSON.stringify(report);%0A+   const reportHash = crypto.createHash('sha256').update(canonicalPayload).digest('hex');%0A+   await db.execute(sql`INSERT INTO trust_report_snapshots (id,tenant_id,passport_id,report_type,generated_at,score,confidence_basis_points,completeness_basis_points,evidence_ids,finding_ids,observation_id,canonical_payload_hash,payload,created_at) VALUES (${id('report')},${tenantId},${passportId},${reportType},${report.generatedAt},${risk.canonicalScore},${risk.confidenceBasisPoints},${risk.completenessBasisPoints},${JSON.stringify(evidence.map((item: any) => item.id))},${JSON.stringify(findings.map((item: any) => item.id))},${latest?.id ?? null},${reportHash},${canonicalPayload},${report.generatedAt}) ON CONFLICT (tenant_id,passport_id,report_type,canonical_payload_hash) DO NOTHING`);%0A+   return { ...report, reportHash };%0A+ }%0A+%0A%0A ❯ tests/client-creation-contract.test.ts:68:31%0A%0A

::error file=/home/runner/work/software-passport-registry/software-passport-registry/tests/client-creation-contract.test.ts,title=tests/client-creation-contract.test.ts > client-scoped invitation > requires a clientId exactly when role is Client%2C and forbids it otherwise,line=77,column=15::AssertionError: expected '/**\n * @license\n * SPDX-License-Ide…' to contain '(body.role === \'Client\') === Boolea…'%0A%0A- Expected%0A+ Received%0A%0A- (body.role === 'Client') === Boolean(body.clientId)%0A+ /**%0A+  * @license%0A+  * SPDX-License-Identifier: Apache-2.0%0A+  */%0A+%0A+ import { Router } from 'express';%0A+ import { eq } from 'drizzle-orm';%0A+ import { sql } from 'drizzle-orm';%0A+ import { z } from 'zod';%0A+ import { users } from '../db/schema.ts';%0A+ import { AuthenticatedRequest, requireAuth, requireRole } from '../middleware/security.ts';%0A+ import { adminAuth, setUserCustomClaims } from '../lib/firebase-admin.ts';%0A+ import { appendAuditEntry, verifyAuditChain } from '../security/audit-log.ts';%0A+ import { describeUserAgent, sessionFingerprint } from '../security/session-tracking.ts';%0A+ import { offboardTenantData } from '../db/sync.ts';%0A+ import { INTEGRATION_CATALOG } from '../integrations/catalog.ts';%0A+ import { adaptEvidenceForEvaluation } from '../lib/verification/evidenceAdapter.ts';%0A+ import { evaluateVerification, type VerificationDecision } from '../lib/verification/evaluateVerification.ts';%0A+%0A+ const INVITABLE_ROLES = ['Admin', 'Technician', 'Viewer', 'Client'] as const;%0A+ const inviteSchema = z.object({ email: z.string().trim().email().max(255), role: z.enum(INVITABLE_ROLES) }).strict();%0A+ const roleUpdateSchema = z.object({ role: z.enum(INVITABLE_ROLES) }).strict();%0A+ const profileUpdateSchema = z.object({%0A+   displayName: z.string().trim().max(200).optional(),%0A+   roleTitle: z.string().trim().max(200).optional(),%0A+   companyName: z.string().trim().max(200).optional(),%0A+ }).strict();%0A+ const revokeSessionSchema = z.object({ sessionId: z.string().trim().min(1).max(200) }).strict();%0A+%0A+ export function createAuthRouter() {%0A+   const router = Router();%0A+%0A+   // The Firebase ID token is the sole authentication authority. The database%0A+   // record supplies the tenant/RBAC projection after token verification.%0A+   router.get('/user/me', requireAuth, async (req: AuthenticatedRequest, res, next) => {%0A+     try {%0A+       const db = req.db!;%0A+       const user = await db.select({%0A+         id: users.id,%0A+         uid: users.uid,%0A+         email: users.email,%0A+         tenantId: users.tenantId,%0A+         role: users.role,%0A+         companyName: users.companyName,%0A+         roleTitle: users.roleTitle,%0A+         displayName: users.displayName,%0A+         numTechnicians: users.numTechnicians,%0A+         clientCount: users.clientCount,%0A+         primaryUseCase: users.primaryUseCase,%0A+         onboarded: users.onboarded,%0A+         mfaEnabled: users.mfaEnabled,%0A+         createdAt: users.createdAt,%0A+       }).from(users).where(eq(users.uid, req.user!.uid)).then(rows => rows[0]);%0A+%0A+       if (!user) return res.status(403).json({ error: 'User account is not provisioned' });%0A+       return res.json({ ...user, emailVerified: req.user!.emailVerified });%0A+     } catch (error) {%0A+       return next(error);%0A+     }%0A+   });%0A+%0A+   router.put('/user/profile', requireAuth, async (req: AuthenticatedRequest, res, next) => {%0A+     try {%0A+       const db = req.db!;%0A+       const parsed = profileUpdateSchema.safeParse(req.body);%0A+       if (!parsed.success) return res.status(400).json({ error: 'Invalid request', details: parsed.error.flatten() });%0A+       const result = await db.execute(sql`%0A+         UPDATE users SET%0A+           display_name = COALESCE(${parsed.data.displayName ?? null}, display_name),%0A+           role_title = COALESCE(${parsed.data.roleTitle ?? null}, role_title),%0A+           company_name = COALESCE(${parsed.data.companyName ?? null}, company_name)%0A+         WHERE uid = ${req.user!.uid} AND tenant_id = ${req.user!.tenantId}%0A+         RETURNING id, email, display_name AS "displayName", role_title AS "roleTitle", company_name AS "companyName"%0A+       `);%0A+       const row = (result as any).rows?.[0];%0A+       if (!row) return res.status(404).json({ error: 'User account not found' });%0A+       await appendAuditEntry(db, { tenantId: req.user!.tenantId, action: 'profile.updated', actor: req.user!.email, payload: { userId: req.user!.id } });%0A+       return res.json(row);%0A+     } catch (error) {%0A+       return next(error);%0A+     }%0A+   });%0A+%0A+   router.get('/organization/team', requireAuth, async (req: AuthenticatedRequest, res, next) => {%0A+     try {%0A+       const db = req.db!;%0A+       const result = await db.execute(sql`%0A+         SELECT id, email, display_name AS "displayName", role, onboarded, created_at AS "createdAt"%0A+         FROM users WHERE tenant_id = ${req.user!.tenantId} ORDER BY created_at ASC%0A+       `);%0A+       return res.json((result as any).rows ?? []);%0A+     } catch (error) {%0A+       return next(error);%0A+     }%0A+   });%0A+%0A+   router.post('/organization/invite', requireAuth, requireRole(['Owner', 'Admin']), async (req: AuthenticatedRequest, res, next) => {%0A+     try {%0A+       const db = req.db!;%0A+       const parsed = inviteSchema.safeParse(req.body);%0A+       if (!parsed.success) return res.status(400).json({ error: 'Invalid request', details: parsed.error.flatten() });%0A+       const email = parsed.data.email.toLowerCase();%0A+%0A+       const existing = await db.execute(sql`SELECT id FROM users WHERE tenant_id = ${req.user!.tenantId} AND lower(btrim(email)) = ${email} LIMIT 1`);%0A+       if ((existing as any).rows?.length) return res.status(409).json({ error: 'This email is already a member of your workspace.' });%0A+%0A+       let firebaseUser;%0A+       try {%0A+         firebaseUser = await adminAuth.getUserByEmail(email);%0A+       } catch {%0A+         firebaseUser = await adminAuth.createUser({ email, emailVerified: false });%0A+       }%0A+%0A+       const inserted = await db.execute(sql`%0A+         INSERT INTO users (uid, email, tenant_id, role, invited_by, onboarded)%0A+         VALUES (${firebaseUser.uid}, ${email}, ${req.user!.tenantId}, ${parsed.data.role}, ${req.user!.email}, 0)%0A+         RETURNING id, email, role%0A+       `);%0A+       await setUserCustomClaims(firebaseUser.uid, { workspaceId: req.user!.tenantId, role: parsed.data.role });%0A+%0A+       let inviteLink: string | null = null;%0A+       try { inviteLink = await adminAuth.generatePasswordResetLink(email); } catch { inviteLink = null; }%0A+%0A+       await appendAuditEntry(db, { tenantId: req.user!.tenantId, action: 'team.invited', actor: req.user!.email, payload: { invitedEmail: email, role: parsed.data.role } });%0A+       return res.status(201).json({ ...(inserted as any).rows?.[0], inviteLink });%0A+     } catch (error) {%0A+       return next(error);%0A+     }%0A+   });%0A+%0A+   router.put('/organization/team/:userId/role', requireAuth, requireRole(['Owner', 'Admin']), async (req: AuthenticatedRequest, res, next) => {%0A+     try {%0A+       const db = req.db!;%0A+       const parsed = roleUpdateSchema.safeParse(req.body);%0A+       if (!parsed.success) return res.status(400).json({ error: 'Invalid request', details: parsed.error.flatten() });%0A+       const targetId = Number(req.params.userId);%0A+       if (!Number.isInteger(targetId)) return res.status(400).json({ error: 'Invalid user id' });%0A+%0A+       const result = await db.execute(sql`%0A+         UPDATE users SET role = ${parsed.data.role}%0A+         WHERE id = ${targetId} AND tenant_id = ${req.user!.tenantId} AND role <> 'Owner'%0A+         RETURNING id, uid, email, role%0A+       `);%0A+       const row = (result as any).rows?.[0];%0A+       if (!row) return res.status(404).json({ error: 'Team member not found, or the Owner role cannot be changed here.' });%0A+       await setUserCustomClaims(row.uid, { workspaceId: req.user!.tenantId, role: parsed.data.role });%0A+       await appendAuditEntry(db, { tenantId: req.user!.tenantId, action: 'team.role_changed', actor: req.user!.email, payload: { targetUserId: targetId, newRole: parsed.data.role } });%0A+       return res.json({ id: row.id, email: row.email, role: row.role });%0A+     } catch (error) {%0A+       return next(error);%0A+     }%0A+   });%0A+%0A+   router.delete('/organization/team/:userId', requireAuth, requireRole(['Owner', 'Admin']), async (req: AuthenticatedRequest, res, next) => {%0A+     try {%0A+       const db = req.db!;%0A+       const targetId = Number(req.params.userId);%0A+       if (!Number.isInteger(targetId)) return res.status(400).json({ error: 'Invalid user id' });%0A+%0A+       const result = await db.execute(sql`%0A+         DELETE FROM users WHERE id = ${targetId} AND tenant_id = ${req.user!.tenantId} AND role <> 'Owner'%0A+         RETURNING id, uid, email%0A+       `);%0A+       const row = (result as any).rows?.[0];%0A+       if (!row) return res.status(404).json({ error: 'Team member not found, or the Owner cannot be removed.' });%0A+%0A+       try { await adminAuth.updateUser(row.uid, { disabled: true }); await adminAuth.revokeRefreshTokens(row.uid); } catch { /* Firebase account may already be gone; DB removal already took effect. */ }%0A+       await appendAuditEntry(db, { tenantId: req.user!.tenantId, action: 'team.removed', actor: req.user!.email, payload: { targetUserId: targetId, targetEmail: row.email } });%0A+       return res.status(204).send();%0A+     } catch (error) {%0A+       return next(error);%0A+     }%0A+   });%0A+%0A+   router.get('/auth/sessions', requireAuth, async (req: AuthenticatedRequest, res, next) => {%0A+     try {%0A+       const db = req.db!;%0A+       const currentIp = req.ip || req.socket.remoteAddress || 'unknown';%0A+       const currentUserAgent = typeof req.headers['user-agent'] === 'string' ? req.headers['user-agent'].slice(0, 512) : '';%0A+       const currentFingerprint = sessionFingerprint(req.user!.uid, currentIp, currentUserAgent);%0A+%0A+       const result = await db.execute(sql`%0A+         SELECT id, session_fingerprint AS "sessionFingerprint", ip, user_agent AS "userAgent", last_seen_at AS "lastSeenAt"%0A+         FROM user_sessions%0A+         WHERE tenant_id = ${req.user!.tenantId} AND user_id = ${req.user!.id} AND revoked_at IS NULL%0A+         ORDER BY last_seen_at DESC%0A+       `);%0A+       const rows = ((result as any).rows ?? []) as Array<{ id: string; sessionFingerprint: string; ip: string; userAgent: string; lastSeenAt: string }>;%0A+       return res.json(rows.map(row => ({%0A+         id: row.id,%0A+         email: req.user!.email,%0A+         current: row.sessionFingerprint === currentFingerprint,%0A+         ip: row.ip,%0A+         device: describeUserAgent(row.userAgent),%0A+         location: 'Not geolocated',%0A+         lastSeenAt: row.lastSeenAt,%0A+       })));%0A+     } catch (error) {%0A+       return next(error);%0A+     }%0A+   });%0A+%0A+   router.post('/auth/sessions/revoke', requireAuth, async (req: AuthenticatedRequest, res, next) => {%0A+     try {%0A+       const db = req.db!;%0A+       const parsed = revokeSessionSchema.safeParse(req.body);%0A+       if (!parsed.success) return res.status(400).json({ error: 'Invalid request', details: parsed.error.flatten() });%0A+       const currentIp = req.ip || req.socket.remoteAddress || 'unknown';%0A+       const currentUserAgent = typeof req.headers['user-agent'] === 'string' ? req.headers['user-agent'].slice(0, 512) : '';%0A+       const currentFingerprint = sessionFingerprint(req.user!.uid, currentIp, currentUserAgent);%0A+       if (parsed.data.sessionId === `sess_${currentFingerprint}`) return res.status(400).json({ error: 'Cannot revoke the session you are currently using. Sign out instead.' });%0A+%0A+       const result = await db.execute(sql`%0A+         UPDATE user_sessions SET revoked_at = NOW()%0A+         WHERE id = ${parsed.data.sessionId} AND tenant_id = ${req.user!.tenantId} AND user_id = ${req.user!.id} AND revoked_at IS NULL%0A+         RETURNING id%0A+       `);%0A+       if (!((result as any).rows?.length)) return res.status(404).json({ error: 'Session not found' });%0A+       await appendAuditEntry(db, { tenantId: req.user!.tenantId, action: 'session.revoked', actor: req.user!.email, payload: { sessionId: parsed.data.sessionId } });%0A+       return res.status(204).send();%0A+     } catch (error) {%0A+       return next(error);%0A+     }%0A+   });%0A+%0A+   router.get('/auth/login-history', requireAuth, async (req: AuthenticatedRequest, res, next) => {%0A+     try {%0A+       const db = req.db!;%0A+       const result = await db.execute(sql`%0A+         SELECT id, ip, user_agent AS "userAgent", status, occurred_at AS "occurredAt"%0A+         FROM login_history WHERE tenant_id = ${req.user!.tenantId} AND user_id = ${req.user!.id}%0A+         ORDER BY occurred_at DESC LIMIT 50%0A+       `);%0A+       const rows = ((result as any).rows ?? []) as Array<{ id: string; ip: string; userAgent: string; status: string; occurredAt: string }>;%0A+       return res.json(rows.map(row => ({%0A+         id: row.id,%0A+         email: req.user!.email,%0A+         status: row.status,%0A+         action: 'Sign-in',%0A+         timestamp: row.occurredAt,%0A+         ip: row.ip,%0A+         location: 'Not geolocated',%0A+       })));%0A+     } catch (error) {%0A+       return next(error);%0A+     }%0A+   });%0A+%0A+   router.get('/auth/audit-chain', requireAuth, async (req: AuthenticatedRequest, res, next) => {%0A+     try {%0A+       const db = req.db!;%0A+       const beforeRaw = typeof req.query.before === 'string' ? Number(req.query.before) : null;%0A+       const before = Number.isInteger(beforeRaw) && beforeRaw! > 0 ? beforeRaw : null;%0A+       const result = before%0A+         ? await db.execute(sql`%0A+             SELECT id, action, timestamp, actor, payload, current_hash AS "currentHash", previous_hash AS "previousHash"%0A+             FROM audit_trail WHERE tenant_id = ${req.user!.tenantId} AND id < ${before} ORDER BY id DESC LIMIT 50%0A+           `)%0A+         : await db.execute(sql`%0A+         SELECT id, action, timestamp, actor, payload, current_hash AS "currentHash", previous_hash AS "previousHash"%0A+         FROM audit_trail WHERE tenant_id = ${req.user!.tenantId} ORDER BY id DESC LIMIT 50%0A+       `);%0A+       const rows = ((result as any).rows ?? []) as Array<{ id: number; action: string; timestamp: string; actor: string; payload: string; currentHash: string; previousHash: string }>;%0A+       return res.json(rows.map(row => ({%0A+         id: row.id,%0A+         action: row.action,%0A+         timestamp: row.timestamp,%0A+         actor: row.actor,%0A+         payload: row.payload,%0A+         hash: row.currentHash,%0A+         currentHash: row.currentHash,%0A+         previousHash: row.previousHash,%0A+         block: { action: row.action, userEmail: row.actor.includes('@') ? row.actor : null },%0A+       })));%0A+     } catch (error) {%0A+       return next(error);%0A+     }%0A+   });%0A+%0A+   router.get('/auth/audit-chain/verify', requireAuth, async (req: AuthenticatedRequest, res, next) => {%0A+     try {%0A+       const db = req.db!;%0A+       return res.json(await verifyAuditChain(db, req.user!.tenantId));%0A+     } catch (error) {%0A+       return next(error);%0A+     }%0A+   });%0A+%0A+   router.post('/tenant/offboard', requireAuth, requireRole('Owner'), async (req: AuthenticatedRequest, res, next) => {%0A+     try {%0A+       // Purges via the owner-role connection (not req.db): offboarding must be%0A+       // able to see every table it enumerates from information_schema, and it%0A+       // already scopes every DELETE to exactly this caller's own tenant_id.%0A+       await offboardTenantData(req.user!.tenantId);%0A+       return res.status(200).json({ message: 'Tenant data purged.' });%0A+     } catch (error) {%0A+       return next(error);%0A+     }%0A+   });%0A+%0A+   // Owner-only founder metrics. Every value is either observed from tenant%0A+   // data or explicitly reported as not verified; this endpoint never invents%0A+   // production health, security, financial, or performance telemetry.%0A+   router.get('/founder/metrics', requireAuth, requireRole('Owner'), async (req: AuthenticatedRequest, res, next) => {%0A+     try {%0A+       const db = req.db!;%0A+       const counts = await db.execute(sql`%0A+         SELECT%0A+           (SELECT COUNT(*)::int FROM clients WHERE tenant_id = ${req.user!.tenantId}) AS "clientCount",%0A+           (SELECT COUNT(*)::int FROM passports WHERE tenant_id = ${req.user!.tenantId}) AS "passportCount",%0A+           (SELECT COUNT(*)::int FROM scans WHERE tenant_id = ${req.user!.tenantId}) AS "scanCount"%0A+       `);%0A+       const row = (counts as any).rows?.[0] || {};%0A+       return res.json({%0A+         latency: 'Not verified',%0A+         capitalProtected: 'Not verified',%0A+         throughput: 'Not verified',%0A+         mitigations: 'Not verified',%0A+         overallScore: null,%0A+         auditEvents: null,%0A+         activeThreats: null,%0A+         systemIntegrity: 'Not verified',%0A+         observed: {%0A+           clientCount: Number(row.clientCount || 0),%0A+           passportCount: Number(row.passportCount || 0),%0A+           scanCount: Number(row.scanCount || 0),%0A+         },%0A+       });%0A+     } catch (error) {%0A+       return next(error);%0A+     }%0A+   });%0A+%0A+   // Owner-only operational health for the command center. Every section reads%0A+   // from the real tables the corresponding subsystem already writes -- no%0A+   // second heartbeat, delivery ledger, integration status, or audit verifier%0A+   // is created here. Sections with no real backing data are omitted rather%0A+   // than populated with placeholder values; see the `notes` field.%0A+   router.get('/founder/operations', requireAuth, requireRole('Owner'), async (req: AuthenticatedRequest, res, next) => {%0A+     try {%0A+       const db = req.db!;%0A+       const tenantId = req.user!.tenantId;%0A+       const notes: string[] = [];%0A+%0A+       // --- A. Worker/job health ---------------------------------------------%0A+       // osv-worker.ts claims agent_jobs rows (job_type osv_manifest_scan /%0A+       // repository_scan). It has no separate heartbeat row; the queue state%0A+       // itself (locked_at/locked_by, the same 10-minute staleness window the%0A+       // worker uses to reclaim stuck jobs) is the real signal.%0A+       const [osvCounts, osvStale, osvFailures, osvActivity] = await Promise.all([%0A+         db.execute(sql`SELECT job_type AS "jobType", status, COUNT(*)::int AS count FROM agent_jobs WHERE tenant_id=${tenantId} AND job_type IN ('osv_manifest_scan','repository_scan') GROUP BY job_type, status`),%0A+         db.execute(sql`SELECT COUNT(*)::int AS count FROM agent_jobs WHERE tenant_id=${tenantId} AND job_type IN ('osv_manifest_scan','repository_scan') AND status='Running' AND locked_at < NOW() - INTERVAL '10 minutes'`),%0A+         db.execute(sql`SELECT id, job_type AS "jobType", error, attempt_count AS "attemptCount", max_attempts AS "maxAttempts", updated_at AS "updatedAt" FROM agent_jobs WHERE tenant_id=${tenantId} AND job_type IN ('osv_manifest_scan','repository_scan') AND status='Failed' ORDER BY updated_at DESC LIMIT 5`),%0A+         db.execute(sql`SELECT MAX(updated_at) AS "lastActivityAt" FROM agent_jobs WHERE tenant_id=${tenantId} AND job_type IN ('osv_manifest_scan','repository_scan')`),%0A+       ]);%0A+%0A+       // monitoring-worker.ts (the file name this dashboard's spec named) is not%0A+       // imported by worker.ts and never runs in production -- confirmed dead%0A+       // code, not a running system. trust-monitoring-worker.ts is the real,%0A+       // currently-running system that plays the equivalent role (collector_jobs%0A+       // has an actual heartbeat_at column, unlike agent_jobs).%0A+       const [monitoringCounts, monitoringHeartbeat, monitoringFailures] = await Promise.all([%0A+         db.execute(sql`SELECT state, COUNT(*)::int AS count FROM collector_jobs WHERE tenant_id=${tenantId} GROUP BY state`),%0A+         db.execute(sql`SELECT MAX(heartbeat_at) AS "lastHeartbeatAt" FROM collector_jobs WHERE tenant_id=${tenantId} AND state='running'`),%0A+         db.execute(sql`SELECT id, collector_id AS "collectorId", safe_error_code AS "errorCode", safe_error_message AS "errorMessage", completed_at AS "completedAt" FROM collector_jobs WHERE tenant_id=${tenantId} AND state IN ('failed','dead_lettered') ORDER BY completed_at DESC NULLS LAST LIMIT 5`),%0A+       ]);%0A+       notes.push('monitoring-worker.ts is dead code (never imported by worker.ts); "monitoringWorker" below reflects trust-monitoring-worker.ts, the real running system for the same role.');%0A+%0A+       // --- B. Webhook delivery health ----------------------------------------%0A+       const [webhookCounts, webhookEndpoints, webhookFailures] = await Promise.all([%0A+         db.execute(sql`SELECT status, COUNT(*)::int AS count FROM spr_webhook_deliveries WHERE tenant_id=${tenantId} AND created_at::timestamptz > NOW() - INTERVAL '7 days' GROUP BY status`),%0A+         db.execute(sql`SELECT COUNT(*) FILTER (WHERE active)::int AS "activeCount", COUNT(*) FILTER (WHERE NOT active)::int AS "disabledCount" FROM spr_webhooks WHERE tenant_id=${tenantId}`),%0A+         db.execute(sql`SELECT d.id, d.webhook_id AS "webhookId", w.url, d.event_type AS "eventType", d.safe_error_code AS "errorCode", d.safe_error_message AS "errorMessage", d.completed_at AS "completedAt" FROM spr_webhook_deliveries d JOIN spr_webhooks w ON w.id=d.webhook_id AND w.tenant_id=d.tenant_id WHERE d.tenant_id=${tenantId} AND d.status IN ('failed','dead_lettered') ORDER BY d.completed_at DESC NULLS LAST LIMIT 10`),%0A+       ]);%0A+       notes.push('Webhook failures are grouped by destination endpoint (webhookId/url), not "provider" -- SPR webhooks are user-configured destination URLs, not third-party provider connectors; there is no per-provider concept for outbound deliveries.');%0A+%0A+       // --- C. Integration health ----------------------------------------------%0A+       const [credentialRows, integrationRows] = await Promise.all([%0A+         db.execute(sql`SELECT provider, status, last_tested_at AS "lastTestedAt" FROM integration_credentials WHERE tenant_id=${tenantId}`),%0A+         db.execute(sql`SELECT name, connected, last_sync_date AS "lastSyncDate" FROM integrations WHERE tenant_id=${tenantId}`),%0A+       ]);%0A+       const credentialByProvider = new Map<string, any>((credentialRows as any).rows?.map((r: any) => [r.provider, r]) ?? []);%0A+       const integrationByName = new Map<string, any>((integrationRows as any).rows?.map((r: any) => [r.name, r]) ?? []);%0A+       const integrations = INTEGRATION_CATALOG.map((item) => ({%0A+         provider: item.provider,%0A+         name: item.name,%0A+         connected: Boolean(integrationByName.get(item.name)?.connected),%0A+         lastSyncDate: integrationByName.get(item.name)?.lastSyncDate ?? null,%0A+         credentialStatus: credentialByProvider.get(item.provider)?.status ?? 'NOT_CONFIGURED',%0A+         lastTestedAt: credentialByProvider.get(item.provider)?.lastTestedAt ?? null,%0A+       }));%0A+%0A+       // --- D. Audit chain integrity --------------------------------------------%0A+       // Reuses the exact function GET /api/auth/audit-chain/verify calls --%0A+       // no second verifier.%0A+       const auditChain = await verifyAuditChain(db, tenantId);%0A+%0A+       // --- E. Scan / job queue --------------------------------------------------%0A+       const [runningRepoScans, complianceSchedules] = await Promise.all([%0A+         db.execute(sql`SELECT id, passport_id AS "passportId", status, progress, updated_at AS "updatedAt" FROM agent_jobs WHERE tenant_id=${tenantId} AND job_type='repository_scan' AND status='Running' ORDER BY updated_at DESC LIMIT 10`),%0A+         db.execute(sql`SELECT id, client_id AS "clientId", frequency, status, last_audit_at AS "lastAuditAt", next_audit_at AS "nextAuditAt" FROM compliance_schedules WHERE tenant_id=${tenantId} ORDER BY COALESCE(last_audit_at, created_at) DESC LIMIT 10`),%0A+       ]);%0A+%0A+       return res.json({%0A+         generatedAt: new Date().toISOString(),%0A+         workers: {%0A+           osv: {%0A+             countsByStatus: (osvCounts as any).rows ?? [],%0A+             staleRunningCount: Number((osvStale as any).rows?.[0]?.count ?? 0),%0A+             recentFailures: (osvFailures as any).rows ?? [],%0A+             lastActivityAt: (osvActivity as any).rows?.[0]?.lastActivityAt ?? null,%0A+           },%0A+           monitoringWorker: {%0A+             realSource: 'trust-monitoring-worker.ts (collector_jobs)',%0A+             countsByState: (monitoringCounts as any).rows ?? [],%0A+             lastHeartbeatAt: (monitoringHeartbeat as any).rows?.[0]?.lastHeartbeatAt ?? null,%0A+             recentFailures: (monitoringFailures as any).rows ?? [],%0A+           },%0A+         },%0A+         webhooks: {%0A+           countsByStatusLast7Days: (webhookCounts as any).rows ?? [],%0A+           activeEndpoints: Number((webhookEndpoints as any).rows?.[0]?.activeCount ?? 0),%0A+           disabledEndpoints: Number((webhookEndpoints as any).rows?.[0]?.disabledCount ?? 0),%0A+           recentFailures: (webhookFailures as any).rows ?? [],%0A+         },%0A+         integrations,%0A+         auditChain,%0A+         queue: {%0A+           runningRepositoryScans: (runningRepoScans as any).rows ?? [],%0A+           recentlyFailedJobs: (osvFailures as any).rows ?? [],%0A+           complianceSchedules: (complianceSchedules as any).rows ?? [],%0A+         },%0A+         notes,%0A+       });%0A+     } catch (error) {%0A+       return next(error);%0A+     }%0A+   });%0A+%0A+   // Owner-only self-passport retrieval. Absence of evidence is represented as%0A+   // a 404 instead of a fabricated passport or trust score.%0A+   router.get('/passports/self-passport', requireAuth, requireRole('Owner'), async (req: AuthenticatedRequest, res, next) => {%0A+     try {%0A+       const db = req.db!;%0A+       const result = await db.execute(sql`%0A+         SELECT%0A+           id,%0A+           name,%0A+           version,%0A+           publisher,%0A+           release_date AS "releaseDate",%0A+           evidence%0A+         FROM passports%0A+         WHERE tenant_id = ${req.user!.tenantId}%0A+         ORDER BY release_date DESC NULLS LAST, id DESC%0A+         LIMIT 1%0A+       `);%0A+       const row = (result as any).rows?.[0];%0A+       if (!row) return res.status(404).json({ error: 'Self passport evidence not found', code: 'SELF_PASSPORT_NOT_FOUND' });%0A+       return res.json({%0A+         ...row,%0A+         overallScore: null,%0A+         healthStatus: 'Not verified',%0A+         evidence: Array.isArray(row.evidence) ? row.evidence : [],%0A+       });%0A+     } catch (error) {%0A+       return next(error);%0A+     }%0A+   });%0A+%0A+   // Firebase-authenticated, tenant-scoped reads for the first-party SPA.%0A+   // These are deliberately separate from /connect/v1, which is API-key based.%0A+   router.get('/user/clients', requireAuth, async (req: AuthenticatedRequest, res, next) => {%0A+     try {%0A+       const db = req.db!;%0A+       const result = await db.execute(sql`SELECT id, name, domain, industry, trust_score AS "trustScore", risk_level AS "riskLevel", avatar_color AS "avatarColor", subscription_tier AS "subscriptionTier", joined_date AS "joinedDate", team_count AS "teamCount", passport_count AS "passportCount", critical_risks_count AS "criticalRisksCount", compliance_progress AS "complianceProgress", software_inventory AS "softwareInventory", compliance_status AS "complianceStatus", team_members AS "teamMembers", activity_timeline AS "activityTimeline" FROM clients WHERE tenant_id=${req.user!.tenantId} ORDER BY joined_date DESC`);%0A+       return res.json((result as any).rows || []);%0A+     } catch (error) {%0A+       return next(error);%0A+     }%0A+   });%0A+%0A+   router.get('/user/passports', requireAuth, async (req: AuthenticatedRequest, res, next) => {%0A+     try {%0A+       const db = req.db!;%0A+       const result = await db.execute(sql`SELECT p.id, p.client_id AS "clientId", p.name, p.version, p.publisher, p.category, p.release_date AS "releaseDate", p.license_type AS "licenseType", p.sbom, COALESCE((SELECT json_agg(json_build_object('id', e.id, 'name', e.name, 'type', e.type, 'verified', e.verified, 'status', e.status, 'signer', e.signer, 'timestamp', e.timestamp, 'hash', e.hash, 'engineId', e.engine_id, 'verificationFailureReason', e.verification_failure_reason) ORDER BY e.timestamp DESC) FROM evidence_items e WHERE e.tenant_id=p.tenant_id AND e.asset_id=p.id), '[]'::json) AS evidence, COALESCE((SELECT json_agg(json_build_object('id', f.id, 'findingId', f.id, 'severity', f.severity, 'category', f.category, 'title', f.title, 'description', f.description, 'component', f.component, 'fixedVersion', f.fixed_version, 'status', f.status, 'detectedAt', f.detected_at, 'engineId', f.engine_id) ORDER BY f.detected_at DESC) FROM scan_findings f WHERE f.tenant_id=p.tenant_id AND f.asset_id=p.id), '[]'::json) AS vulnerabilities, p.timeline, NULL AS scores, 'not_authoritatively_scored' AS "scoreStatus" FROM passports p WHERE p.tenant_id=${req.user!.tenantId} ORDER BY p.name ASC`);%0A+       return res.json((result as any).rows || []);%0A+     } catch (error) {%0A+       return next(error);%0A+     }%0A+   });%0A+%0A+   router.get('/user/extensions', requireAuth, async (req: AuthenticatedRequest, res, next) => {%0A+     try {%0A+       const db = req.db!;%0A+       const result = await db.execute(sql`SELECT extension_id AS "extensionId", installed_at AS "installedAt" FROM extension_installations WHERE tenant_id=${req.user!.tenantId} ORDER BY installed_at DESC`);%0A+       return res.json((result as any).rows || []);%0A+     } catch (error) {%0A+       return next(error);%0A+     }%0A+   });%0A+%0A+   router.post('/user/extensions/:extensionId', requireAuth, requireRole(['Owner', 'Admin', 'Operator']), async (req: AuthenticatedRequest, res, next) => {%0A+     try {%0A+       const extensionId = String(req.params.extensionId || '').trim();%0A+       if (!/^[A-Za-z0-9_.-]{1,120}$/.test(extensionId)) return res.status(400).json({ error: 'Invalid extension id' });%0A+       const db = req.db!;%0A+       const result = await db.execute(sql`INSERT INTO extension_installations (tenant_id, extension_id, installed_at) VALUES (${req.user!.tenantId}, ${extensionId}, NOW()) ON CONFLICT (tenant_id, extension_id) DO UPDATE SET installed_at=NOW() RETURNING extension_id AS "extensionId", installed_at AS "installedAt"`);%0A+       return res.status(201).json((result as any).rows?.[0]);%0A+     } catch (error) {%0A+       return next(error);%0A+     }%0A+   });%0A+%0A+   router.delete('/user/extensions/:extensionId', requireAuth, requireRole(['Owner', 'Admin', 'Operator']), async (req: AuthenticatedRequest, res, next) => {%0A+     try {%0A+       const db = req.db!;%0A+       const extensionId = String(req.params.extensionId || '').trim();%0A+       const result = await db.execute(sql`DELETE FROM extension_installations WHERE tenant_id=${req.user!.tenantId} AND extension_id=${extensionId} RETURNING extension_id`);%0A+       if (!((result as any).rows?.length)) return res.status(404).json({ error: 'Extension installation not found' });%0A+       return res.status(204).send();%0A+     } catch (error) {%0A+       return next(error);%0A+     }%0A+   });%0A+%0A+   router.get('/auth/verify-status', requireAuth, async (req: AuthenticatedRequest, res) => {%0A+     return res.json({ verified: req.user!.emailVerified, emailVerified: req.user!.emailVerified });%0A+   });%0A+%0A+%0A+%0A+   router.get('/user/passports/:id/verification', requireAuth, async (req: AuthenticatedRequest, res, next) => {%0A+     try {%0A+       const db = req.db!;%0A+       const tenantId = req.user!.tenantId;%0A+       const clientScope = req.user!.role === 'Client' ? (req.user as any).clientId : null;%0A+       const passportResult = await db.execute(sql`SELECT id, version, evidence, client_id AS "clientId" FROM passports WHERE id=${req.params.id} AND tenant_id=${tenantId} AND (${clientScope} IS NULL OR client_id=${clientScope}) LIMIT 1`) as any;%0A+       const passport = passportResult.rows?.[0];%0A+       if (!passport) return res.status(404).json({ error: 'Passport not found' });%0A+       const findingResult = await db.execute(sql`SELECT id, passport_id AS "passportId", evidence_ids, status FROM trust_findings WHERE tenant_id=${tenantId} AND passport_id=${passport.id}`) as any;%0A+       const parseJson = (value: unknown): unknown[] => { try { const parsed = JSON.parse(String(value ?? '')); return Array.isArray(parsed) ? parsed : []; } catch { return []; } };%0A+       const openFindingEvidenceIds = (findingResult.rows ?? []).filter((row: any) => !['resolved','closed','verified'].includes(String(row.status || '').toLowerCase())).flatMap((row: any) => parseJson(row.evidence_ids)).filter((id: any): id is string => typeof id === 'string');%0A+       const adapted = adaptEvidenceForEvaluation({ evidence: parseJson(passport.evidence) as any[], passportVersion: passport.version, openFindingEvidenceIds });%0A+       const evaluatedAt = Date.now();%0A+       const decision = evaluateVerification({ evidence: adapted.evidence, evaluatedAt, targetIdentity: adapted.targetIdentity });%0A+       res.setHeader('Cache-Control', 'private, max-age=0, no-store');%0A+       return res.json({ decision, observations: decision.observationCount, independentSources: decision.independentSourceCount });%0A+     } catch (error) { return next(error); }%0A+   });%0A+%0A+   router.get('/user/verification', requireAuth, async (req: AuthenticatedRequest, res, next) => {%0A+     try {%0A+       const db = req.db!;%0A+       const tenantId = req.user!.tenantId;%0A+       const clientScope = req.user!.role === 'Client' ? (req.user as any).clientId : null;%0A+       const passportRows = (await db.execute(sql`SELECT id, version, evidence, client_id AS "clientId" FROM passports WHERE tenant_id=${tenantId} AND (${clientScope} IS NULL OR client_id=${clientScope}) ORDER BY id`) as any).rows ?? [];%0A+       const passportIds = passportRows.map((row: any) => String(row.id));%0A+       const parseJson = (value: unknown): unknown[] => { try { const parsed = JSON.parse(String(value ?? '')); return Array.isArray(parsed) ? parsed : []; } catch { return []; } };%0A+       // Drizzle's proven one-query binding shape for the passport findings is%0A+       // `asset_id IN ${passportIds}`; do not replace this with ANY(array).%0A+       const findingRows = passportIds.length ? ((await db.execute(sql`SELECT id, passport_id AS "passportId", evidence_ids, status FROM trust_findings WHERE tenant_id=${tenantId} AND passport_id IN ${passportIds}`) as any).rows ?? []) : [];%0A+       const evidenceByPassport = new Map<string, any[]>();%0A+       for (const passport of passportRows) evidenceByPassport.set(String(passport.id), parseJson(passport.evidence) as any[]);%0A+       const evaluatedAt = Date.now();%0A+       const verificationDecisions: Record<string, VerificationDecision> = {};%0A+       const verificationDetails: Record<string, unknown> = {};%0A+       for (const passport of passportRows) {%0A+         const findings = findingRows.filter((row: any) => String(row.passportId) === String(passport.id));%0A+         const openFindingEvidenceIds = findings.filter((row: any) => !['resolved','closed','verified'].includes(String(row.status || '').toLowerCase())).flatMap((row: any) => parseJson(row.evidence_ids)).filter((id: any): id is string => typeof id === 'string');%0A+         const adapted = adaptEvidenceForEvaluation({ evidence: evidenceByPassport.get(String(passport.id)) ?? [], passportVersion: passport.version, openFindingEvidenceIds });%0A+         const decision = evaluateVerification({ evidence: adapted.evidence, evaluatedAt, targetIdentity: adapted.targetIdentity });%0A+         verificationDecisions[String(passport.id)] = decision;%0A+         verificationDetails[String(passport.id)] = { unmappedCount: adapted.unmappedCount, undatedCount: adapted.undatedCount, observations: decision.observationCount, independentSources: decision.independentSourceCount };%0A+       }%0A+       res.setHeader('Cache-Control', 'private, max-age=0, no-store');%0A+       return res.json({ verificationDecisions, verificationDetails });%0A+     } catch (error) { return next(error); }%0A+   });%0A+%0A+   return router;%0A+ }%0A+%0A%0A ❯ tests/client-creation-contract.test.ts:77:15%0A%0A

::error file=/home/runner/work/software-passport-registry/software-passport-registry/tests/client-creation-contract.test.ts,title=tests/client-creation-contract.test.ts > client-scoped invitation > verifies the invited client actually belongs to the inviter's own tenant before using it,line=82,column=15::AssertionError: expected '/**\n * @license\n * SPDX-License-Ide…' to contain 'SELECT id FROM clients WHERE id = ${p…'%0A%0A- Expected%0A+ Received%0A%0A- SELECT id FROM clients WHERE id = ${parsed.data.clientId} AND tenant_id = ${req.user!.tenantId}%0A+ /**%0A+  * @license%0A+  * SPDX-License-Identifier: Apache-2.0%0A+  */%0A+%0A+ import { Router } from 'express';%0A+ import { eq } from 'drizzle-orm';%0A+ import { sql } from 'drizzle-orm';%0A+ import { z } from 'zod';%0A+ import { users } from '../db/schema.ts';%0A+ import { AuthenticatedRequest, requireAuth, requireRole } from '../middleware/security.ts';%0A+ import { adminAuth, setUserCustomClaims } from '../lib/firebase-admin.ts';%0A+ import { appendAuditEntry, verifyAuditChain } from '../security/audit-log.ts';%0A+ import { describeUserAgent, sessionFingerprint } from '../security/session-tracking.ts';%0A+ import { offboardTenantData } from '../db/sync.ts';%0A+ import { INTEGRATION_CATALOG } from '../integrations/catalog.ts';%0A+ import { adaptEvidenceForEvaluation } from '../lib/verification/evidenceAdapter.ts';%0A+ import { evaluateVerification, type VerificationDecision } from '../lib/verification/evaluateVerification.ts';%0A+%0A+ const INVITABLE_ROLES = ['Admin', 'Technician', 'Viewer', 'Client'] as const;%0A+ const inviteSchema = z.object({ email: z.string().trim().email().max(255), role: z.enum(INVITABLE_ROLES) }).strict();%0A+ const roleUpdateSchema = z.object({ role: z.enum(INVITABLE_ROLES) }).strict();%0A+ const profileUpdateSchema = z.object({%0A+   displayName: z.string().trim().max(200).optional(),%0A+   roleTitle: z.string().trim().max(200).optional(),%0A+   companyName: z.string().trim().max(200).optional(),%0A+ }).strict();%0A+ const revokeSessionSchema = z.object({ sessionId: z.string().trim().min(1).max(200) }).strict();%0A+%0A+ export function createAuthRouter() {%0A+   const router = Router();%0A+%0A+   // The Firebase ID token is the sole authentication authority. The database%0A+   // record supplies the tenant/RBAC projection after token verification.%0A+   router.get('/user/me', requireAuth, async (req: AuthenticatedRequest, res, next) => {%0A+     try {%0A+       const db = req.db!;%0A+       const user = await db.select({%0A+         id: users.id,%0A+         uid: users.uid,%0A+         email: users.email,%0A+         tenantId: users.tenantId,%0A+         role: users.role,%0A+         companyName: users.companyName,%0A+         roleTitle: users.roleTitle,%0A+         displayName: users.displayName,%0A+         numTechnicians: users.numTechnicians,%0A+         clientCount: users.clientCount,%0A+         primaryUseCase: users.primaryUseCase,%0A+         onboarded: users.onboarded,%0A+         mfaEnabled: users.mfaEnabled,%0A+         createdAt: users.createdAt,%0A+       }).from(users).where(eq(users.uid, req.user!.uid)).then(rows => rows[0]);%0A+%0A+       if (!user) return res.status(403).json({ error: 'User account is not provisioned' });%0A+       return res.json({ ...user, emailVerified: req.user!.emailVerified });%0A+     } catch (error) {%0A+       return next(error);%0A+     }%0A+   });%0A+%0A+   router.put('/user/profile', requireAuth, async (req: AuthenticatedRequest, res, next) => {%0A+     try {%0A+       const db = req.db!;%0A+       const parsed = profileUpdateSchema.safeParse(req.body);%0A+       if (!parsed.success) return res.status(400).json({ error: 'Invalid request', details: parsed.error.flatten() });%0A+       const result = await db.execute(sql`%0A+         UPDATE users SET%0A+           display_name = COALESCE(${parsed.data.displayName ?? null}, display_name),%0A+           role_title = COALESCE(${parsed.data.roleTitle ?? null}, role_title),%0A+           company_name = COALESCE(${parsed.data.companyName ?? null}, company_name)%0A+         WHERE uid = ${req.user!.uid} AND tenant_id = ${req.user!.tenantId}%0A+         RETURNING id, email, display_name AS "displayName", role_title AS "roleTitle", company_name AS "companyName"%0A+       `);%0A+       const row = (result as any).rows?.[0];%0A+       if (!row) return res.status(404).json({ error: 'User account not found' });%0A+       await appendAuditEntry(db, { tenantId: req.user!.tenantId, action: 'profile.updated', actor: req.user!.email, payload: { userId: req.user!.id } });%0A+       return res.json(row);%0A+     } catch (error) {%0A+       return next(error);%0A+     }%0A+   });%0A+%0A+   router.get('/organization/team', requireAuth, async (req: AuthenticatedRequest, res, next) => {%0A+     try {%0A+       const db = req.db!;%0A+       const result = await db.execute(sql`%0A+         SELECT id, email, display_name AS "displayName", role, onboarded, created_at AS "createdAt"%0A+         FROM users WHERE tenant_id = ${req.user!.tenantId} ORDER BY created_at ASC%0A+       `);%0A+       return res.json((result as any).rows ?? []);%0A+     } catch (error) {%0A+       return next(error);%0A+     }%0A+   });%0A+%0A+   router.post('/organization/invite', requireAuth, requireRole(['Owner', 'Admin']), async (req: AuthenticatedRequest, res, next) => {%0A+     try {%0A+       const db = req.db!;%0A+       const parsed = inviteSchema.safeParse(req.body);%0A+       if (!parsed.success) return res.status(400).json({ error: 'Invalid request', details: parsed.error.flatten() });%0A+       const email = parsed.data.email.toLowerCase();%0A+%0A+       const existing = await db.execute(sql`SELECT id FROM users WHERE tenant_id = ${req.user!.tenantId} AND lower(btrim(email)) = ${email} LIMIT 1`);%0A+       if ((existing as any).rows?.length) return res.status(409).json({ error: 'This email is already a member of your workspace.' });%0A+%0A+       let firebaseUser;%0A+       try {%0A+         firebaseUser = await adminAuth.getUserByEmail(email);%0A+       } catch {%0A+         firebaseUser = await adminAuth.createUser({ email, emailVerified: false });%0A+       }%0A+%0A+       const inserted = await db.execute(sql`%0A+         INSERT INTO users (uid, email, tenant_id, role, invited_by, onboarded)%0A+         VALUES (${firebaseUser.uid}, ${email}, ${req.user!.tenantId}, ${parsed.data.role}, ${req.user!.email}, 0)%0A+         RETURNING id, email, role%0A+       `);%0A+       await setUserCustomClaims(firebaseUser.uid, { workspaceId: req.user!.tenantId, role: parsed.data.role });%0A+%0A+       let inviteLink: string | null = null;%0A+       try { inviteLink = await adminAuth.generatePasswordResetLink(email); } catch { inviteLink = null; }%0A+%0A+       await appendAuditEntry(db, { tenantId: req.user!.tenantId, action: 'team.invited', actor: req.user!.email, payload: { invitedEmail: email, role: parsed.data.role } });%0A+       return res.status(201).json({ ...(inserted as any).rows?.[0], inviteLink });%0A+     } catch (error) {%0A+       return next(error);%0A+     }%0A+   });%0A+%0A+   router.put('/organization/team/:userId/role', requireAuth, requireRole(['Owner', 'Admin']), async (req: AuthenticatedRequest, res, next) => {%0A+     try {%0A+       const db = req.db!;%0A+       const parsed = roleUpdateSchema.safeParse(req.body);%0A+       if (!parsed.success) return res.status(400).json({ error: 'Invalid request', details: parsed.error.flatten() });%0A+       const targetId = Number(req.params.userId);%0A+       if (!Number.isInteger(targetId)) return res.status(400).json({ error: 'Invalid user id' });%0A+%0A+       const result = await db.execute(sql`%0A+         UPDATE users SET role = ${parsed.data.role}%0A+         WHERE id = ${targetId} AND tenant_id = ${req.user!.tenantId} AND role <> 'Owner'%0A+         RETURNING id, uid, email, role%0A+       `);%0A+       const row = (result as any).rows?.[0];%0A+       if (!row) return res.status(404).json({ error: 'Team member not found, or the Owner role cannot be changed here.' });%0A+       await setUserCustomClaims(row.uid, { workspaceId: req.user!.tenantId, role: parsed.data.role });%0A+       await appendAuditEntry(db, { tenantId: req.user!.tenantId, action: 'team.role_changed', actor: req.user!.email, payload: { targetUserId: targetId, newRole: parsed.data.role } });%0A+       return res.json({ id: row.id, email: row.email, role: row.role });%0A+     } catch (error) {%0A+       return next(error);%0A+     }%0A+   });%0A+%0A+   router.delete('/organization/team/:userId', requireAuth, requireRole(['Owner', 'Admin']), async (req: AuthenticatedRequest, res, next) => {%0A+     try {%0A+       const db = req.db!;%0A+       const targetId = Number(req.params.userId);%0A+       if (!Number.isInteger(targetId)) return res.status(400).json({ error: 'Invalid user id' });%0A+%0A+       const result = await db.execute(sql`%0A+         DELETE FROM users WHERE id = ${targetId} AND tenant_id = ${req.user!.tenantId} AND role <> 'Owner'%0A+         RETURNING id, uid, email%0A+       `);%0A+       const row = (result as any).rows?.[0];%0A+       if (!row) return res.status(404).json({ error: 'Team member not found, or the Owner cannot be removed.' });%0A+%0A+       try { await adminAuth.updateUser(row.uid, { disabled: true }); await adminAuth.revokeRefreshTokens(row.uid); } catch { /* Firebase account may already be gone; DB removal already took effect. */ }%0A+       await appendAuditEntry(db, { tenantId: req.user!.tenantId, action: 'team.removed', actor: req.user!.email, payload: { targetUserId: targetId, targetEmail: row.email } });%0A+       return res.status(204).send();%0A+     } catch (error) {%0A+       return next(error);%0A+     }%0A+   });%0A+%0A+   router.get('/auth/sessions', requireAuth, async (req: AuthenticatedRequest, res, next) => {%0A+     try {%0A+       const db = req.db!;%0A+       const currentIp = req.ip || req.socket.remoteAddress || 'unknown';%0A+       const currentUserAgent = typeof req.headers['user-agent'] === 'string' ? req.headers['user-agent'].slice(0, 512) : '';%0A+       const currentFingerprint = sessionFingerprint(req.user!.uid, currentIp, currentUserAgent);%0A+%0A+       const result = await db.execute(sql`%0A+         SELECT id, session_fingerprint AS "sessionFingerprint", ip, user_agent AS "userAgent", last_seen_at AS "lastSeenAt"%0A+         FROM user_sessions%0A+         WHERE tenant_id = ${req.user!.tenantId} AND user_id = ${req.user!.id} AND revoked_at IS NULL%0A+         ORDER BY last_seen_at DESC%0A+       `);%0A+       const rows = ((result as any).rows ?? []) as Array<{ id: string; sessionFingerprint: string; ip: string; userAgent: string; lastSeenAt: string }>;%0A+       return res.json(rows.map(row => ({%0A+         id: row.id,%0A+         email: req.user!.email,%0A+         current: row.sessionFingerprint === currentFingerprint,%0A+         ip: row.ip,%0A+         device: describeUserAgent(row.userAgent),%0A+         location: 'Not geolocated',%0A+         lastSeenAt: row.lastSeenAt,%0A+       })));%0A+     } catch (error) {%0A+       return next(error);%0A+     }%0A+   });%0A+%0A+   router.post('/auth/sessions/revoke', requireAuth, async (req: AuthenticatedRequest, res, next) => {%0A+     try {%0A+       const db = req.db!;%0A+       const parsed = revokeSessionSchema.safeParse(req.body);%0A+       if (!parsed.success) return res.status(400).json({ error: 'Invalid request', details: parsed.error.flatten() });%0A+       const currentIp = req.ip || req.socket.remoteAddress || 'unknown';%0A+       const currentUserAgent = typeof req.headers['user-agent'] === 'string' ? req.headers['user-agent'].slice(0, 512) : '';%0A+       const currentFingerprint = sessionFingerprint(req.user!.uid, currentIp, currentUserAgent);%0A+       if (parsed.data.sessionId === `sess_${currentFingerprint}`) return res.status(400).json({ error: 'Cannot revoke the session you are currently using. Sign out instead.' });%0A+%0A+       const result = await db.execute(sql`%0A+         UPDATE user_sessions SET revoked_at = NOW()%0A+         WHERE id = ${parsed.data.sessionId} AND tenant_id = ${req.user!.tenantId} AND user_id = ${req.user!.id} AND revoked_at IS NULL%0A+         RETURNING id%0A+       `);%0A+       if (!((result as any).rows?.length)) return res.status(404).json({ error: 'Session not found' });%0A+       await appendAuditEntry(db, { tenantId: req.user!.tenantId, action: 'session.revoked', actor: req.user!.email, payload: { sessionId: parsed.data.sessionId } });%0A+       return res.status(204).send();%0A+     } catch (error) {%0A+       return next(error);%0A+     }%0A+   });%0A+%0A+   router.get('/auth/login-history', requireAuth, async (req: AuthenticatedRequest, res, next) => {%0A+     try {%0A+       const db = req.db!;%0A+       const result = await db.execute(sql`%0A+         SELECT id, ip, user_agent AS "userAgent", status, occurred_at AS "occurredAt"%0A+         FROM login_history WHERE tenant_id = ${req.user!.tenantId} AND user_id = ${req.user!.id}%0A+         ORDER BY occurred_at DESC LIMIT 50%0A+       `);%0A+       const rows = ((result as any).rows ?? []) as Array<{ id: string; ip: string; userAgent: string; status: string; occurredAt: string }>;%0A+       return res.json(rows.map(row => ({%0A+         id: row.id,%0A+         email: req.user!.email,%0A+         status: row.status,%0A+         action: 'Sign-in',%0A+         timestamp: row.occurredAt,%0A+         ip: row.ip,%0A+         location: 'Not geolocated',%0A+       })));%0A+     } catch (error) {%0A+       return next(error);%0A+     }%0A+   });%0A+%0A+   router.get('/auth/audit-chain', requireAuth, async (req: AuthenticatedRequest, res, next) => {%0A+     try {%0A+       const db = req.db!;%0A+       const beforeRaw = typeof req.query.before === 'string' ? Number(req.query.before) : null;%0A+       const before = Number.isInteger(beforeRaw) && beforeRaw! > 0 ? beforeRaw : null;%0A+       const result = before%0A+         ? await db.execute(sql`%0A+             SELECT id, action, timestamp, actor, payload, current_hash AS "currentHash", previous_hash AS "previousHash"%0A+             FROM audit_trail WHERE tenant_id = ${req.user!.tenantId} AND id < ${before} ORDER BY id DESC LIMIT 50%0A+           `)%0A+         : await db.execute(sql`%0A+         SELECT id, action, timestamp, actor, payload, current_hash AS "currentHash", previous_hash AS "previousHash"%0A+         FROM audit_trail WHERE tenant_id = ${req.user!.tenantId} ORDER BY id DESC LIMIT 50%0A+       `);%0A+       const rows = ((result as any).rows ?? []) as Array<{ id: number; action: string; timestamp: string; actor: string; payload: string; currentHash: string; previousHash: string }>;%0A+       return res.json(rows.map(row => ({%0A+         id: row.id,%0A+         action: row.action,%0A+         timestamp: row.timestamp,%0A+         actor: row.actor,%0A+         payload: row.payload,%0A+         hash: row.currentHash,%0A+         currentHash: row.currentHash,%0A+         previousHash: row.previousHash,%0A+         block: { action: row.action, userEmail: row.actor.includes('@') ? row.actor : null },%0A+       })));%0A+     } catch (error) {%0A+       return next(error);%0A+     }%0A+   });%0A+%0A+   router.get('/auth/audit-chain/verify', requireAuth, async (req: AuthenticatedRequest, res, next) => {%0A+     try {%0A+       const db = req.db!;%0A+       return res.json(await verifyAuditChain(db, req.user!.tenantId));%0A+     } catch (error) {%0A+       return next(error);%0A+     }%0A+   });%0A+%0A+   router.post('/tenant/offboard', requireAuth, requireRole('Owner'), async (req: AuthenticatedRequest, res, next) => {%0A+     try {%0A+       // Purges via the owner-role connection (not req.db): offboarding must be%0A+       // able to see every table it enumerates from information_schema, and it%0A+       // already scopes every DELETE to exactly this caller's own tenant_id.%0A+       await offboardTenantData(req.user!.tenantId);%0A+       return res.status(200).json({ message: 'Tenant data purged.' });%0A+     } catch (error) {%0A+       return next(error);%0A+     }%0A+   });%0A+%0A+   // Owner-only founder metrics. Every value is either observed from tenant%0A+   // data or explicitly reported as not verified; this endpoint never invents%0A+   // production health, security, financial, or performance telemetry.%0A+   router.get('/founder/metrics', requireAuth, requireRole('Owner'), async (req: AuthenticatedRequest, res, next) => {%0A+     try {%0A+       const db = req.db!;%0A+       const counts = await db.execute(sql`%0A+         SELECT%0A+           (SELECT COUNT(*)::int FROM clients WHERE tenant_id = ${req.user!.tenantId}) AS "clientCount",%0A+           (SELECT COUNT(*)::int FROM passports WHERE tenant_id = ${req.user!.tenantId}) AS "passportCount",%0A+           (SELECT COUNT(*)::int FROM scans WHERE tenant_id = ${req.user!.tenantId}) AS "scanCount"%0A+       `);%0A+       const row = (counts as any).rows?.[0] || {};%0A+       return res.json({%0A+         latency: 'Not verified',%0A+         capitalProtected: 'Not verified',%0A+         throughput: 'Not verified',%0A+         mitigations: 'Not verified',%0A+         overallScore: null,%0A+         auditEvents: null,%0A+         activeThreats: null,%0A+         systemIntegrity: 'Not verified',%0A+         observed: {%0A+           clientCount: Number(row.clientCount || 0),%0A+           passportCount: Number(row.passportCount || 0),%0A+           scanCount: Number(row.scanCount || 0),%0A+         },%0A+       });%0A+     } catch (error) {%0A+       return next(error);%0A+     }%0A+   });%0A+%0A+   // Owner-only operational health for the command center. Every section reads%0A+   // from the real tables the corresponding subsystem already writes -- no%0A+   // second heartbeat, delivery ledger, integration status, or audit verifier%0A+   // is created here. Sections with no real backing data are omitted rather%0A+   // than populated with placeholder values; see the `notes` field.%0A+   router.get('/founder/operations', requireAuth, requireRole('Owner'), async (req: AuthenticatedRequest, res, next) => {%0A+     try {%0A+       const db = req.db!;%0A+       const tenantId = req.user!.tenantId;%0A+       const notes: string[] = [];%0A+%0A+       // --- A. Worker/job health ---------------------------------------------%0A+       // osv-worker.ts claims agent_jobs rows (job_type osv_manifest_scan /%0A+       // repository_scan). It has no separate heartbeat row; the queue state%0A+       // itself (locked_at/locked_by, the same 10-minute staleness window the%0A+       // worker uses to reclaim stuck jobs) is the real signal.%0A+       const [osvCounts, osvStale, osvFailures, osvActivity] = await Promise.all([%0A+         db.execute(sql`SELECT job_type AS "jobType", status, COUNT(*)::int AS count FROM agent_jobs WHERE tenant_id=${tenantId} AND job_type IN ('osv_manifest_scan','repository_scan') GROUP BY job_type, status`),%0A+         db.execute(sql`SELECT COUNT(*)::int AS count FROM agent_jobs WHERE tenant_id=${tenantId} AND job_type IN ('osv_manifest_scan','repository_scan') AND status='Running' AND locked_at < NOW() - INTERVAL '10 minutes'`),%0A+         db.execute(sql`SELECT id, job_type AS "jobType", error, attempt_count AS "attemptCount", max_attempts AS "maxAttempts", updated_at AS "updatedAt" FROM agent_jobs WHERE tenant_id=${tenantId} AND job_type IN ('osv_manifest_scan','repository_scan') AND status='Failed' ORDER BY updated_at DESC LIMIT 5`),%0A+         db.execute(sql`SELECT MAX(updated_at) AS "lastActivityAt" FROM agent_jobs WHERE tenant_id=${tenantId} AND job_type IN ('osv_manifest_scan','repository_scan')`),%0A+       ]);%0A+%0A+       // monitoring-worker.ts (the file name this dashboard's spec named) is not%0A+       // imported by worker.ts and never runs in production -- confirmed dead%0A+       // code, not a running system. trust-monitoring-worker.ts is the real,%0A+       // currently-running system that plays the equivalent role (collector_jobs%0A+       // has an actual heartbeat_at column, unlike agent_jobs).%0A+       const [monitoringCounts, monitoringHeartbeat, monitoringFailures] = await Promise.all([%0A+         db.execute(sql`SELECT state, COUNT(*)::int AS count FROM collector_jobs WHERE tenant_id=${tenantId} GROUP BY state`),%0A+         db.execute(sql`SELECT MAX(heartbeat_at) AS "lastHeartbeatAt" FROM collector_jobs WHERE tenant_id=${tenantId} AND state='running'`),%0A+         db.execute(sql`SELECT id, collector_id AS "collectorId", safe_error_code AS "errorCode", safe_error_message AS "errorMessage", completed_at AS "completedAt" FROM collector_jobs WHERE tenant_id=${tenantId} AND state IN ('failed','dead_lettered') ORDER BY completed_at DESC NULLS LAST LIMIT 5`),%0A+       ]);%0A+       notes.push('monitoring-worker.ts is dead code (never imported by worker.ts); "monitoringWorker" below reflects trust-monitoring-worker.ts, the real running system for the same role.');%0A+%0A+       // --- B. Webhook delivery health ----------------------------------------%0A+       const [webhookCounts, webhookEndpoints, webhookFailures] = await Promise.all([%0A+         db.execute(sql`SELECT status, COUNT(*)::int AS count FROM spr_webhook_deliveries WHERE tenant_id=${tenantId} AND created_at::timestamptz > NOW() - INTERVAL '7 days' GROUP BY status`),%0A+         db.execute(sql`SELECT COUNT(*) FILTER (WHERE active)::int AS "activeCount", COUNT(*) FILTER (WHERE NOT active)::int AS "disabledCount" FROM spr_webhooks WHERE tenant_id=${tenantId}`),%0A+         db.execute(sql`SELECT d.id, d.webhook_id AS "webhookId", w.url, d.event_type AS "eventType", d.safe_error_code AS "errorCode", d.safe_error_message AS "errorMessage", d.completed_at AS "completedAt" FROM spr_webhook_deliveries d JOIN spr_webhooks w ON w.id=d.webhook_id AND w.tenant_id=d.tenant_id WHERE d.tenant_id=${tenantId} AND d.status IN ('failed','dead_lettered') ORDER BY d.completed_at DESC NULLS LAST LIMIT 10`),%0A+       ]);%0A+       notes.push('Webhook failures are grouped by destination endpoint (webhookId/url), not "provider" -- SPR webhooks are user-configured destination URLs, not third-party provider connectors; there is no per-provider concept for outbound deliveries.');%0A+%0A+       // --- C. Integration health ----------------------------------------------%0A+       const [credentialRows, integrationRows] = await Promise.all([%0A+         db.execute(sql`SELECT provider, status, last_tested_at AS "lastTestedAt" FROM integration_credentials WHERE tenant_id=${tenantId}`),%0A+         db.execute(sql`SELECT name, connected, last_sync_date AS "lastSyncDate" FROM integrations WHERE tenant_id=${tenantId}`),%0A+       ]);%0A+       const credentialByProvider = new Map<string, any>((credentialRows as any).rows?.map((r: any) => [r.provider, r]) ?? []);%0A+       const integrationByName = new Map<string, any>((integrationRows as any).rows?.map((r: any) => [r.name, r]) ?? []);%0A+       const integrations = INTEGRATION_CATALOG.map((item) => ({%0A+         provider: item.provider,%0A+         name: item.name,%0A+         connected: Boolean(integrationByName.get(item.name)?.connected),%0A+         lastSyncDate: integrationByName.get(item.name)?.lastSyncDate ?? null,%0A+         credentialStatus: credentialByProvider.get(item.provider)?.status ?? 'NOT_CONFIGURED',%0A+         lastTestedAt: credentialByProvider.get(item.provider)?.lastTestedAt ?? null,%0A+       }));%0A+%0A+       // --- D. Audit chain integrity --------------------------------------------%0A+       // Reuses the exact function GET /api/auth/audit-chain/verify calls --%0A+       // no second verifier.%0A+       const auditChain = await verifyAuditChain(db, tenantId);%0A+%0A+       // --- E. Scan / job queue --------------------------------------------------%0A+       const [runningRepoScans, complianceSchedules] = await Promise.all([%0A+         db.execute(sql`SELECT id, passport_id AS "passportId", status, progress, updated_at AS "updatedAt" FROM agent_jobs WHERE tenant_id=${tenantId} AND job_type='repository_scan' AND status='Running' ORDER BY updated_at DESC LIMIT 10`),%0A+         db.execute(sql`SELECT id, client_id AS "clientId", frequency, status, last_audit_at AS "lastAuditAt", next_audit_at AS "nextAuditAt" FROM compliance_schedules WHERE tenant_id=${tenantId} ORDER BY COALESCE(last_audit_at, created_at) DESC LIMIT 10`),%0A+       ]);%0A+%0A+       return res.json({%0A+         generatedAt: new Date().toISOString(),%0A+         workers: {%0A+           osv: {%0A+             countsByStatus: (osvCounts as any).rows ?? [],%0A+             staleRunningCount: Number((osvStale as any).rows?.[0]?.count ?? 0),%0A+             recentFailures: (osvFailures as any).rows ?? [],%0A+             lastActivityAt: (osvActivity as any).rows?.[0]?.lastActivityAt ?? null,%0A+           },%0A+           monitoringWorker: {%0A+             realSource: 'trust-monitoring-worker.ts (collector_jobs)',%0A+             countsByState: (monitoringCounts as any).rows ?? [],%0A+             lastHeartbeatAt: (monitoringHeartbeat as any).rows?.[0]?.lastHeartbeatAt ?? null,%0A+             recentFailures: (monitoringFailures as any).rows ?? [],%0A+           },%0A+         },%0A+         webhooks: {%0A+           countsByStatusLast7Days: (webhookCounts as any).rows ?? [],%0A+           activeEndpoints: Number((webhookEndpoints as any).rows?.[0]?.activeCount ?? 0),%0A+           disabledEndpoints: Number((webhookEndpoints as any).rows?.[0]?.disabledCount ?? 0),%0A+           recentFailures: (webhookFailures as any).rows ?? [],%0A+         },%0A+         integrations,%0A+         auditChain,%0A+         queue: {%0A+           runningRepositoryScans: (runningRepoScans as any).rows ?? [],%0A+           recentlyFailedJobs: (osvFailures as any).rows ?? [],%0A+           complianceSchedules: (complianceSchedules as any).rows ?? [],%0A+         },%0A+         notes,%0A+       });%0A+     } catch (error) {%0A+       return next(error);%0A+     }%0A+   });%0A+%0A+   // Owner-only self-passport retrieval. Absence of evidence is represented as%0A+   // a 404 instead of a fabricated passport or trust score.%0A+   router.get('/passports/self-passport', requireAuth, requireRole('Owner'), async (req: AuthenticatedRequest, res, next) => {%0A+     try {%0A+       const db = req.db!;%0A+       const result = await db.execute(sql`%0A+         SELECT%0A+           id,%0A+           name,%0A+           version,%0A+           publisher,%0A+           release_date AS "releaseDate",%0A+           evidence%0A+         FROM passports%0A+         WHERE tenant_id = ${req.user!.tenantId}%0A+         ORDER BY release_date DESC NULLS LAST, id DESC%0A+         LIMIT 1%0A+       `);%0A+       const row = (result as any).rows?.[0];%0A+       if (!row) return res.status(404).json({ error: 'Self passport evidence not found', code: 'SELF_PASSPORT_NOT_FOUND' });%0A+       return res.json({%0A+         ...row,%0A+         overallScore: null,%0A+         healthStatus: 'Not verified',%0A+         evidence: Array.isArray(row.evidence) ? row.evidence : [],%0A+       });%0A+     } catch (error) {%0A+       return next(error);%0A+     }%0A+   });%0A+%0A+   // Firebase-authenticated, tenant-scoped reads for the first-party SPA.%0A+   // These are deliberately separate from /connect/v1, which is API-key based.%0A+   router.get('/user/clients', requireAuth, async (req: AuthenticatedRequest, res, next) => {%0A+     try {%0A+       const db = req.db!;%0A+       const result = await db.execute(sql`SELECT id, name, domain, industry, trust_score AS "trustScore", risk_level AS "riskLevel", avatar_color AS "avatarColor", subscription_tier AS "subscriptionTier", joined_date AS "joinedDate", team_count AS "teamCount", passport_count AS "passportCount", critical_risks_count AS "criticalRisksCount", compliance_progress AS "complianceProgress", software_inventory AS "softwareInventory", compliance_status AS "complianceStatus", team_members AS "teamMembers", activity_timeline AS "activityTimeline" FROM clients WHERE tenant_id=${req.user!.tenantId} ORDER BY joined_date DESC`);%0A+       return res.json((result as any).rows || []);%0A+     } catch (error) {%0A+       return next(error);%0A+     }%0A+   });%0A+%0A+   router.get('/user/passports', requireAuth, async (req: AuthenticatedRequest, res, next) => {%0A+     try {%0A+       const db = req.db!;%0A+       const result = await db.execute(sql`SELECT p.id, p.client_id AS "clientId", p.name, p.version, p.publisher, p.category, p.release_date AS "releaseDate", p.license_type AS "licenseType", p.sbom, COALESCE((SELECT json_agg(json_build_object('id', e.id, 'name', e.name, 'type', e.type, 'verified', e.verified, 'status', e.status, 'signer', e.signer, 'timestamp', e.timestamp, 'hash', e.hash, 'engineId', e.engine_id, 'verificationFailureReason', e.verification_failure_reason) ORDER BY e.timestamp DESC) FROM evidence_items e WHERE e.tenant_id=p.tenant_id AND e.asset_id=p.id), '[]'::json) AS evidence, COALESCE((SELECT json_agg(json_build_object('id', f.id, 'findingId', f.id, 'severity', f.severity, 'category', f.category, 'title', f.title, 'description', f.description, 'component', f.component, 'fixedVersion', f.fixed_version, 'status', f.status, 'detectedAt', f.detected_at, 'engineId', f.engine_id) ORDER BY f.detected_at DESC) FROM scan_findings f WHERE f.tenant_id=p.tenant_id AND f.asset_id=p.id), '[]'::json) AS vulnerabilities, p.timeline, NULL AS scores, 'not_authoritatively_scored' AS "scoreStatus" FROM passports p WHERE p.tenant_id=${req.user!.tenantId} ORDER BY p.name ASC`);%0A+       return res.json((result as any).rows || []);%0A+     } catch (error) {%0A+       return next(error);%0A+     }%0A+   });%0A+%0A+   router.get('/user/extensions', requireAuth, async (req: AuthenticatedRequest, res, next) => {%0A+     try {%0A+       const db = req.db!;%0A+       const result = await db.execute(sql`SELECT extension_id AS "extensionId", installed_at AS "installedAt" FROM extension_installations WHERE tenant_id=${req.user!.tenantId} ORDER BY installed_at DESC`);%0A+       return res.json((result as any).rows || []);%0A+     } catch (error) {%0A+       return next(error);%0A+     }%0A+   });%0A+%0A+   router.post('/user/extensions/:extensionId', requireAuth, requireRole(['Owner', 'Admin', 'Operator']), async (req: AuthenticatedRequest, res, next) => {%0A+     try {%0A+       const extensionId = String(req.params.extensionId || '').trim();%0A+       if (!/^[A-Za-z0-9_.-]{1,120}$/.test(extensionId)) return res.status(400).json({ error: 'Invalid extension id' });%0A+       const db = req.db!;%0A+       const result = await db.execute(sql`INSERT INTO extension_installations (tenant_id, extension_id, installed_at) VALUES (${req.user!.tenantId}, ${extensionId}, NOW()) ON CONFLICT (tenant_id, extension_id) DO UPDATE SET installed_at=NOW() RETURNING extension_id AS "extensionId", installed_at AS "installedAt"`);%0A+       return res.status(201).json((result as any).rows?.[0]);%0A+     } catch (error) {%0A+       return next(error);%0A+     }%0A+   });%0A+%0A+   router.delete('/user/extensions/:extensionId', requireAuth, requireRole(['Owner', 'Admin', 'Operator']), async (req: AuthenticatedRequest, res, next) => {%0A+     try {%0A+       const db = req.db!;%0A+       const extensionId = String(req.params.extensionId || '').trim();%0A+       const result = await db.execute(sql`DELETE FROM extension_installations WHERE tenant_id=${req.user!.tenantId} AND extension_id=${extensionId} RETURNING extension_id`);%0A+       if (!((result as any).rows?.length)) return res.status(404).json({ error: 'Extension installation not found' });%0A+       return res.status(204).send();%0A+     } catch (error) {%0A+       return next(error);%0A+     }%0A+   });%0A+%0A+   router.get('/auth/verify-status', requireAuth, async (req: AuthenticatedRequest, res) => {%0A+     return res.json({ verified: req.user!.emailVerified, emailVerified: req.user!.emailVerified });%0A+   });%0A+%0A+%0A+%0A+   router.get('/user/passports/:id/verification', requireAuth, async (req: AuthenticatedRequest, res, next) => {%0A+     try {%0A+       const db = req.db!;%0A+       const tenantId = req.user!.tenantId;%0A+       const clientScope = req.user!.role === 'Client' ? (req.user as any).clientId : null;%0A+       const passportResult = await db.execute(sql`SELECT id, version, evidence, client_id AS "clientId" FROM passports WHERE id=${req.params.id} AND tenant_id=${tenantId} AND (${clientScope} IS NULL OR client_id=${clientScope}) LIMIT 1`) as any;%0A+       const passport = passportResult.rows?.[0];%0A+       if (!passport) return res.status(404).json({ error: 'Passport not found' });%0A+       const findingResult = await db.execute(sql`SELECT id, passport_id AS "passportId", evidence_ids, status FROM trust_findings WHERE tenant_id=${tenantId} AND passport_id=${passport.id}`) as any;%0A+       const parseJson = (value: unknown): unknown[] => { try { const parsed = JSON.parse(String(value ?? '')); return Array.isArray(parsed) ? parsed : []; } catch { return []; } };%0A+       const openFindingEvidenceIds = (findingResult.rows ?? []).filter((row: any) => !['resolved','closed','verified'].includes(String(row.status || '').toLowerCase())).flatMap((row: any) => parseJson(row.evidence_ids)).filter((id: any): id is string => typeof id === 'string');%0A+       const adapted = adaptEvidenceForEvaluation({ evidence: parseJson(passport.evidence) as any[], passportVersion: passport.version, openFindingEvidenceIds });%0A+       const evaluatedAt = Date.now();%0A+       const decision = evaluateVerification({ evidence: adapted.evidence, evaluatedAt, targetIdentity: adapted.targetIdentity });%0A+       res.setHeader('Cache-Control', 'private, max-age=0, no-store');%0A+       return res.json({ decision, observations: decision.observationCount, independentSources: decision.independentSourceCount });%0A+     } catch (error) { return next(error); }%0A+   });%0A+%0A+   router.get('/user/verification', requireAuth, async (req: AuthenticatedRequest, res, next) => {%0A+     try {%0A+       const db = req.db!;%0A+       const tenantId = req.user!.tenantId;%0A+       const clientScope = req.user!.role === 'Client' ? (req.user as any).clientId : null;%0A+       const passportRows = (await db.execute(sql`SELECT id, version, evidence, client_id AS "clientId" FROM passports WHERE tenant_id=${tenantId} AND (${clientScope} IS NULL OR client_id=${clientScope}) ORDER BY id`) as any).rows ?? [];%0A+       const passportIds = passportRows.map((row: any) => String(row.id));%0A+       const parseJson = (value: unknown): unknown[] => { try { const parsed = JSON.parse(String(value ?? '')); return Array.isArray(parsed) ? parsed : []; } catch { return []; } };%0A+       // Drizzle's proven one-query binding shape for the passport findings is%0A+       // `asset_id IN ${passportIds}`; do not replace this with ANY(array).%0A+       const findingRows = passportIds.length ? ((await db.execute(sql`SELECT id, passport_id AS "passportId", evidence_ids, status FROM trust_findings WHERE tenant_id=${tenantId} AND passport_id IN ${passportIds}`) as any).rows ?? []) : [];%0A+       const evidenceByPassport = new Map<string, any[]>();%0A+       for (const passport of passportRows) evidenceByPassport.set(String(passport.id), parseJson(passport.evidence) as any[]);%0A+       const evaluatedAt = Date.now();%0A+       const verificationDecisions: Record<string, VerificationDecision> = {};%0A+       const verificationDetails: Record<string, unknown> = {};%0A+       for (const passport of passportRows) {%0A+         const findings = findingRows.filter((row: any) => String(row.passportId) === String(passport.id));%0A+         const openFindingEvidenceIds = findings.filter((row: any) => !['resolved','closed','verified'].includes(String(row.status || '').toLowerCase())).flatMap((row: any) => parseJson(row.evidence_ids)).filter((id: any): id is string => typeof id === 'string');%0A+         const adapted = adaptEvidenceForEvaluation({ evidence: evidenceByPassport.get(String(passport.id)) ?? [], passportVersion: passport.version, openFindingEvidenceIds });%0A+         const decision = evaluateVerification({ evidence: adapted.evidence, evaluatedAt, targetIdentity: adapted.targetIdentity });%0A+         verificationDecisions[String(passport.id)] = decision;%0A+         verificationDetails[String(passport.id)] = { unmappedCount: adapted.unmappedCount, undatedCount: adapted.undatedCount, observations: decision.observationCount, independentSources: decision.independentSourceCount };%0A+       }%0A+       res.setHeader('Cache-Control', 'private, max-age=0, no-store');%0A+       return res.json({ verificationDecisions, verificationDetails });%0A+     } catch (error) { return next(error); }%0A+   });%0A+%0A+   return router;%0A+ }%0A+%0A%0A ❯ tests/client-creation-contract.test.ts:82:15%0A%0A

::error file=/home/runner/work/software-passport-registry/software-passport-registry/tests/client-creation-contract.test.ts,title=tests/client-creation-contract.test.ts > client-scoped invitation > persists client_id on the invited user record,line=88,column=15::AssertionError: expected '/**\n * @license\n * SPDX-License-Ide…' to contain 'INSERT INTO users (uid, email, tenant…'%0A%0A- Expected%0A+ Received%0A%0A- INSERT INTO users (uid, email, tenant_id, role, client_id, invited_by, onboarded)%0A+ /**%0A+  * @license%0A+  * SPDX-License-Identifier: Apache-2.0%0A+  */%0A+%0A+ import { Router } from 'express';%0A+ import { eq } from 'drizzle-orm';%0A+ import { sql } from 'drizzle-orm';%0A+ import { z } from 'zod';%0A+ import { users } from '../db/schema.ts';%0A+ import { AuthenticatedRequest, requireAuth, requireRole } from '../middleware/security.ts';%0A+ import { adminAuth, setUserCustomClaims } from '../lib/firebase-admin.ts';%0A+ import { appendAuditEntry, verifyAuditChain } from '../security/audit-log.ts';%0A+ import { describeUserAgent, sessionFingerprint } from '../security/session-tracking.ts';%0A+ import { offboardTenantData } from '../db/sync.ts';%0A+ import { INTEGRATION_CATALOG } from '../integrations/catalog.ts';%0A+ import { adaptEvidenceForEvaluation } from '../lib/verification/evidenceAdapter.ts';%0A+ import { evaluateVerification, type VerificationDecision } from '../lib/verification/evaluateVerification.ts';%0A+%0A+ const INVITABLE_ROLES = ['Admin', 'Technician', 'Viewer', 'Client'] as const;%0A+ const inviteSchema = z.object({ email: z.string().trim().email().max(255), role: z.enum(INVITABLE_ROLES) }).strict();%0A+ const roleUpdateSchema = z.object({ role: z.enum(INVITABLE_ROLES) }).strict();%0A+ const profileUpdateSchema = z.object({%0A+   displayName: z.string().trim().max(200).optional(),%0A+   roleTitle: z.string().trim().max(200).optional(),%0A+   companyName: z.string().trim().max(200).optional(),%0A+ }).strict();%0A+ const revokeSessionSchema = z.object({ sessionId: z.string().trim().min(1).max(200) }).strict();%0A+%0A+ export function createAuthRouter() {%0A+   const router = Router();%0A+%0A+   // The Firebase ID token is the sole authentication authority. The database%0A+   // record supplies the tenant/RBAC projection after token verification.%0A+   router.get('/user/me', requireAuth, async (req: AuthenticatedRequest, res, next) => {%0A+     try {%0A+       const db = req.db!;%0A+       const user = await db.select({%0A+         id: users.id,%0A+         uid: users.uid,%0A+         email: users.email,%0A+         tenantId: users.tenantId,%0A+         role: users.role,%0A+         companyName: users.companyName,%0A+         roleTitle: users.roleTitle,%0A+         displayName: users.displayName,%0A+         numTechnicians: users.numTechnicians,%0A+         clientCount: users.clientCount,%0A+         primaryUseCase: users.primaryUseCase,%0A+         onboarded: users.onboarded,%0A+         mfaEnabled: users.mfaEnabled,%0A+         createdAt: users.createdAt,%0A+       }).from(users).where(eq(users.uid, req.user!.uid)).then(rows => rows[0]);%0A+%0A+       if (!user) return res.status(403).json({ error: 'User account is not provisioned' });%0A+       return res.json({ ...user, emailVerified: req.user!.emailVerified });%0A+     } catch (error) {%0A+       return next(error);%0A+     }%0A+   });%0A+%0A+   router.put('/user/profile', requireAuth, async (req: AuthenticatedRequest, res, next) => {%0A+     try {%0A+       const db = req.db!;%0A+       const parsed = profileUpdateSchema.safeParse(req.body);%0A+       if (!parsed.success) return res.status(400).json({ error: 'Invalid request', details: parsed.error.flatten() });%0A+       const result = await db.execute(sql`%0A+         UPDATE users SET%0A+           display_name = COALESCE(${parsed.data.displayName ?? null}, display_name),%0A+           role_title = COALESCE(${parsed.data.roleTitle ?? null}, role_title),%0A+           company_name = COALESCE(${parsed.data.companyName ?? null}, company_name)%0A+         WHERE uid = ${req.user!.uid} AND tenant_id = ${req.user!.tenantId}%0A+         RETURNING id, email, display_name AS "displayName", role_title AS "roleTitle", company_name AS "companyName"%0A+       `);%0A+       const row = (result as any).rows?.[0];%0A+       if (!row) return res.status(404).json({ error: 'User account not found' });%0A+       await appendAuditEntry(db, { tenantId: req.user!.tenantId, action: 'profile.updated', actor: req.user!.email, payload: { userId: req.user!.id } });%0A+       return res.json(row);%0A+     } catch (error) {%0A+       return next(error);%0A+     }%0A+   });%0A+%0A+   router.get('/organization/team', requireAuth, async (req: AuthenticatedRequest, res, next) => {%0A+     try {%0A+       const db = req.db!;%0A+       const result = await db.execute(sql`%0A+         SELECT id, email, display_name AS "displayName", role, onboarded, created_at AS "createdAt"%0A+         FROM users WHERE tenant_id = ${req.user!.tenantId} ORDER BY created_at ASC%0A+       `);%0A+       return res.json((result as any).rows ?? []);%0A+     } catch (error) {%0A+       return next(error);%0A+     }%0A+   });%0A+%0A+   router.post('/organization/invite', requireAuth, requireRole(['Owner', 'Admin']), async (req: AuthenticatedRequest, res, next) => {%0A+     try {%0A+       const db = req.db!;%0A+       const parsed = inviteSchema.safeParse(req.body);%0A+       if (!parsed.success) return res.status(400).json({ error: 'Invalid request', details: parsed.error.flatten() });%0A+       const email = parsed.data.email.toLowerCase();%0A+%0A+       const existing = await db.execute(sql`SELECT id FROM users WHERE tenant_id = ${req.user!.tenantId} AND lower(btrim(email)) = ${email} LIMIT 1`);%0A+       if ((existing as any).rows?.length) return res.status(409).json({ error: 'This email is already a member of your workspace.' });%0A+%0A+       let firebaseUser;%0A+       try {%0A+         firebaseUser = await adminAuth.getUserByEmail(email);%0A+       } catch {%0A+         firebaseUser = await adminAuth.createUser({ email, emailVerified: false });%0A+       }%0A+%0A+       const inserted = await db.execute(sql`%0A+         INSERT INTO users (uid, email, tenant_id, role, invited_by, onboarded)%0A+         VALUES (${firebaseUser.uid}, ${email}, ${req.user!.tenantId}, ${parsed.data.role}, ${req.user!.email}, 0)%0A+         RETURNING id, email, role%0A+       `);%0A+       await setUserCustomClaims(firebaseUser.uid, { workspaceId: req.user!.tenantId, role: parsed.data.role });%0A+%0A+       let inviteLink: string | null = null;%0A+       try { inviteLink = await adminAuth.generatePasswordResetLink(email); } catch { inviteLink = null; }%0A+%0A+       await appendAuditEntry(db, { tenantId: req.user!.tenantId, action: 'team.invited', actor: req.user!.email, payload: { invitedEmail: email, role: parsed.data.role } });%0A+       return res.status(201).json({ ...(inserted as any).rows?.[0], inviteLink });%0A+     } catch (error) {%0A+       return next(error);%0A+     }%0A+   });%0A+%0A+   router.put('/organization/team/:userId/role', requireAuth, requireRole(['Owner', 'Admin']), async (req: AuthenticatedRequest, res, next) => {%0A+     try {%0A+       const db = req.db!;%0A+       const parsed = roleUpdateSchema.safeParse(req.body);%0A+       if (!parsed.success) return res.status(400).json({ error: 'Invalid request', details: parsed.error.flatten() });%0A+       const targetId = Number(req.params.userId);%0A+       if (!Number.isInteger(targetId)) return res.status(400).json({ error: 'Invalid user id' });%0A+%0A+       const result = await db.execute(sql`%0A+         UPDATE users SET role = ${parsed.data.role}%0A+         WHERE id = ${targetId} AND tenant_id = ${req.user!.tenantId} AND role <> 'Owner'%0A+         RETURNING id, uid, email, role%0A+       `);%0A+       const row = (result as any).rows?.[0];%0A+       if (!row) return res.status(404).json({ error: 'Team member not found, or the Owner role cannot be changed here.' });%0A+       await setUserCustomClaims(row.uid, { workspaceId: req.user!.tenantId, role: parsed.data.role });%0A+       await appendAuditEntry(db, { tenantId: req.user!.tenantId, action: 'team.role_changed', actor: req.user!.email, payload: { targetUserId: targetId, newRole: parsed.data.role } });%0A+       return res.json({ id: row.id, email: row.email, role: row.role });%0A+     } catch (error) {%0A+       return next(error);%0A+     }%0A+   });%0A+%0A+   router.delete('/organization/team/:userId', requireAuth, requireRole(['Owner', 'Admin']), async (req: AuthenticatedRequest, res, next) => {%0A+     try {%0A+       const db = req.db!;%0A+       const targetId = Number(req.params.userId);%0A+       if (!Number.isInteger(targetId)) return res.status(400).json({ error: 'Invalid user id' });%0A+%0A+       const result = await db.execute(sql`%0A+         DELETE FROM users WHERE id = ${targetId} AND tenant_id = ${req.user!.tenantId} AND role <> 'Owner'%0A+         RETURNING id, uid, email%0A+       `);%0A+       const row = (result as any).rows?.[0];%0A+       if (!row) return res.status(404).json({ error: 'Team member not found, or the Owner cannot be removed.' });%0A+%0A+       try { await adminAuth.updateUser(row.uid, { disabled: true }); await adminAuth.revokeRefreshTokens(row.uid); } catch { /* Firebase account may already be gone; DB removal already took effect. */ }%0A+       await appendAuditEntry(db, { tenantId: req.user!.tenantId, action: 'team.removed', actor: req.user!.email, payload: { targetUserId: targetId, targetEmail: row.email } });%0A+       return res.status(204).send();%0A+     } catch (error) {%0A+       return next(error);%0A+     }%0A+   });%0A+%0A+   router.get('/auth/sessions', requireAuth, async (req: AuthenticatedRequest, res, next) => {%0A+     try {%0A+       const db = req.db!;%0A+       const currentIp = req.ip || req.socket.remoteAddress || 'unknown';%0A+       const currentUserAgent = typeof req.headers['user-agent'] === 'string' ? req.headers['user-agent'].slice(0, 512) : '';%0A+       const currentFingerprint = sessionFingerprint(req.user!.uid, currentIp, currentUserAgent);%0A+%0A+       const result = await db.execute(sql`%0A+         SELECT id, session_fingerprint AS "sessionFingerprint", ip, user_agent AS "userAgent", last_seen_at AS "lastSeenAt"%0A+         FROM user_sessions%0A+         WHERE tenant_id = ${req.user!.tenantId} AND user_id = ${req.user!.id} AND revoked_at IS NULL%0A+         ORDER BY last_seen_at DESC%0A+       `);%0A+       const rows = ((result as any).rows ?? []) as Array<{ id: string; sessionFingerprint: string; ip: string; userAgent: string; lastSeenAt: string }>;%0A+       return res.json(rows.map(row => ({%0A+         id: row.id,%0A+         email: req.user!.email,%0A+         current: row.sessionFingerprint === currentFingerprint,%0A+         ip: row.ip,%0A+         device: describeUserAgent(row.userAgent),%0A+         location: 'Not geolocated',%0A+         lastSeenAt: row.lastSeenAt,%0A+       })));%0A+     } catch (error) {%0A+       return next(error);%0A+     }%0A+   });%0A+%0A+   router.post('/auth/sessions/revoke', requireAuth, async (req: AuthenticatedRequest, res, next) => {%0A+     try {%0A+       const db = req.db!;%0A+       const parsed = revokeSessionSchema.safeParse(req.body);%0A+       if (!parsed.success) return res.status(400).json({ error: 'Invalid request', details: parsed.error.flatten() });%0A+       const currentIp = req.ip || req.socket.remoteAddress || 'unknown';%0A+       const currentUserAgent = typeof req.headers['user-agent'] === 'string' ? req.headers['user-agent'].slice(0, 512) : '';%0A+       const currentFingerprint = sessionFingerprint(req.user!.uid, currentIp, currentUserAgent);%0A+       if (parsed.data.sessionId === `sess_${currentFingerprint}`) return res.status(400).json({ error: 'Cannot revoke the session you are currently using. Sign out instead.' });%0A+%0A+       const result = await db.execute(sql`%0A+         UPDATE user_sessions SET revoked_at = NOW()%0A+         WHERE id = ${parsed.data.sessionId} AND tenant_id = ${req.user!.tenantId} AND user_id = ${req.user!.id} AND revoked_at IS NULL%0A+         RETURNING id%0A+       `);%0A+       if (!((result as any).rows?.length)) return res.status(404).json({ error: 'Session not found' });%0A+       await appendAuditEntry(db, { tenantId: req.user!.tenantId, action: 'session.revoked', actor: req.user!.email, payload: { sessionId: parsed.data.sessionId } });%0A+       return res.status(204).send();%0A+     } catch (error) {%0A+       return next(error);%0A+     }%0A+   });%0A+%0A+   router.get('/auth/login-history', requireAuth, async (req: AuthenticatedRequest, res, next) => {%0A+     try {%0A+       const db = req.db!;%0A+       const result = await db.execute(sql`%0A+         SELECT id, ip, user_agent AS "userAgent", status, occurred_at AS "occurredAt"%0A+         FROM login_history WHERE tenant_id = ${req.user!.tenantId} AND user_id = ${req.user!.id}%0A+         ORDER BY occurred_at DESC LIMIT 50%0A+       `);%0A+       const rows = ((result as any).rows ?? []) as Array<{ id: string; ip: string; userAgent: string; status: string; occurredAt: string }>;%0A+       return res.json(rows.map(row => ({%0A+         id: row.id,%0A+         email: req.user!.email,%0A+         status: row.status,%0A+         action: 'Sign-in',%0A+         timestamp: row.occurredAt,%0A+         ip: row.ip,%0A+         location: 'Not geolocated',%0A+       })));%0A+     } catch (error) {%0A+       return next(error);%0A+     }%0A+   });%0A+%0A+   router.get('/auth/audit-chain', requireAuth, async (req: AuthenticatedRequest, res, next) => {%0A+     try {%0A+       const db = req.db!;%0A+       const beforeRaw = typeof req.query.before === 'string' ? Number(req.query.before) : null;%0A+       const before = Number.isInteger(beforeRaw) && beforeRaw! > 0 ? beforeRaw : null;%0A+       const result = before%0A+         ? await db.execute(sql`%0A+             SELECT id, action, timestamp, actor, payload, current_hash AS "currentHash", previous_hash AS "previousHash"%0A+             FROM audit_trail WHERE tenant_id = ${req.user!.tenantId} AND id < ${before} ORDER BY id DESC LIMIT 50%0A+           `)%0A+         : await db.execute(sql`%0A+         SELECT id, action, timestamp, actor, payload, current_hash AS "currentHash", previous_hash AS "previousHash"%0A+         FROM audit_trail WHERE tenant_id = ${req.user!.tenantId} ORDER BY id DESC LIMIT 50%0A+       `);%0A+       const rows = ((result as any).rows ?? []) as Array<{ id: number; action: string; timestamp: string; actor: string; payload: string; currentHash: string; previousHash: string }>;%0A+       return res.json(rows.map(row => ({%0A+         id: row.id,%0A+         action: row.action,%0A+         timestamp: row.timestamp,%0A+         actor: row.actor,%0A+         payload: row.payload,%0A+         hash: row.currentHash,%0A+         currentHash: row.currentHash,%0A+         previousHash: row.previousHash,%0A+         block: { action: row.action, userEmail: row.actor.includes('@') ? row.actor : null },%0A+       })));%0A+     } catch (error) {%0A+       return next(error);%0A+     }%0A+   });%0A+%0A+   router.get('/auth/audit-chain/verify', requireAuth, async (req: AuthenticatedRequest, res, next) => {%0A+     try {%0A+       const db = req.db!;%0A+       return res.json(await verifyAuditChain(db, req.user!.tenantId));%0A+     } catch (error) {%0A+       return next(error);%0A+     }%0A+   });%0A+%0A+   router.post('/tenant/offboard', requireAuth, requireRole('Owner'), async (req: AuthenticatedRequest, res, next) => {%0A+     try {%0A+       // Purges via the owner-role connection (not req.db): offboarding must be%0A+       // able to see every table it enumerates from information_schema, and it%0A+       // already scopes every DELETE to exactly this caller's own tenant_id.%0A+       await offboardTenantData(req.user!.tenantId);%0A+       return res.status(200).json({ message: 'Tenant data purged.' });%0A+     } catch (error) {%0A+       return next(error);%0A+     }%0A+   });%0A+%0A+   // Owner-only founder metrics. Every value is either observed from tenant%0A+   // data or explicitly reported as not verified; this endpoint never invents%0A+   // production health, security, financial, or performance telemetry.%0A+   router.get('/founder/metrics', requireAuth, requireRole('Owner'), async (req: AuthenticatedRequest, res, next) => {%0A+     try {%0A+       const db = req.db!;%0A+       const counts = await db.execute(sql`%0A+         SELECT%0A+           (SELECT COUNT(*)::int FROM clients WHERE tenant_id = ${req.user!.tenantId}) AS "clientCount",%0A+           (SELECT COUNT(*)::int FROM passports WHERE tenant_id = ${req.user!.tenantId}) AS "passportCount",%0A+           (SELECT COUNT(*)::int FROM scans WHERE tenant_id = ${req.user!.tenantId}) AS "scanCount"%0A+       `);%0A+       const row = (counts as any).rows?.[0] || {};%0A+       return res.json({%0A+         latency: 'Not verified',%0A+         capitalProtected: 'Not verified',%0A+         throughput: 'Not verified',%0A+         mitigations: 'Not verified',%0A+         overallScore: null,%0A+         auditEvents: null,%0A+         activeThreats: null,%0A+         systemIntegrity: 'Not verified',%0A+         observed: {%0A+           clientCount: Number(row.clientCount || 0),%0A+           passportCount: Number(row.passportCount || 0),%0A+           scanCount: Number(row.scanCount || 0),%0A+         },%0A+       });%0A+     } catch (error) {%0A+       return next(error);%0A+     }%0A+   });%0A+%0A+   // Owner-only operational health for the command center. Every section reads%0A+   // from the real tables the corresponding subsystem already writes -- no%0A+   // second heartbeat, delivery ledger, integration status, or audit verifier%0A+   // is created here. Sections with no real backing data are omitted rather%0A+   // than populated with placeholder values; see the `notes` field.%0A+   router.get('/founder/operations', requireAuth, requireRole('Owner'), async (req: AuthenticatedRequest, res, next) => {%0A+     try {%0A+       const db = req.db!;%0A+       const tenantId = req.user!.tenantId;%0A+       const notes: string[] = [];%0A+%0A+       // --- A. Worker/job health ---------------------------------------------%0A+       // osv-worker.ts claims agent_jobs rows (job_type osv_manifest_scan /%0A+       // repository_scan). It has no separate heartbeat row; the queue state%0A+       // itself (locked_at/locked_by, the same 10-minute staleness window the%0A+       // worker uses to reclaim stuck jobs) is the real signal.%0A+       const [osvCounts, osvStale, osvFailures, osvActivity] = await Promise.all([%0A+         db.execute(sql`SELECT job_type AS "jobType", status, COUNT(*)::int AS count FROM agent_jobs WHERE tenant_id=${tenantId} AND job_type IN ('osv_manifest_scan','repository_scan') GROUP BY job_type, status`),%0A+         db.execute(sql`SELECT COUNT(*)::int AS count FROM agent_jobs WHERE tenant_id=${tenantId} AND job_type IN ('osv_manifest_scan','repository_scan') AND status='Running' AND locked_at < NOW() - INTERVAL '10 minutes'`),%0A+         db.execute(sql`SELECT id, job_type AS "jobType", error, attempt_count AS "attemptCount", max_attempts AS "maxAttempts", updated_at AS "updatedAt" FROM agent_jobs WHERE tenant_id=${tenantId} AND job_type IN ('osv_manifest_scan','repository_scan') AND status='Failed' ORDER BY updated_at DESC LIMIT 5`),%0A+         db.execute(sql`SELECT MAX(updated_at) AS "lastActivityAt" FROM agent_jobs WHERE tenant_id=${tenantId} AND job_type IN ('osv_manifest_scan','repository_scan')`),%0A+       ]);%0A+%0A+       // monitoring-worker.ts (the file name this dashboard's spec named) is not%0A+       // imported by worker.ts and never runs in production -- confirmed dead%0A+       // code, not a running system. trust-monitoring-worker.ts is the real,%0A+       // currently-running system that plays the equivalent role (collector_jobs%0A+       // has an actual heartbeat_at column, unlike agent_jobs).%0A+       const [monitoringCounts, monitoringHeartbeat, monitoringFailures] = await Promise.all([%0A+         db.execute(sql`SELECT state, COUNT(*)::int AS count FROM collector_jobs WHERE tenant_id=${tenantId} GROUP BY state`),%0A+         db.execute(sql`SELECT MAX(heartbeat_at) AS "lastHeartbeatAt" FROM collector_jobs WHERE tenant_id=${tenantId} AND state='running'`),%0A+         db.execute(sql`SELECT id, collector_id AS "collectorId", safe_error_code AS "errorCode", safe_error_message AS "errorMessage", completed_at AS "completedAt" FROM collector_jobs WHERE tenant_id=${tenantId} AND state IN ('failed','dead_lettered') ORDER BY completed_at DESC NULLS LAST LIMIT 5`),%0A+       ]);%0A+       notes.push('monitoring-worker.ts is dead code (never imported by worker.ts); "monitoringWorker" below reflects trust-monitoring-worker.ts, the real running system for the same role.');%0A+%0A+       // --- B. Webhook delivery health ----------------------------------------%0A+       const [webhookCounts, webhookEndpoints, webhookFailures] = await Promise.all([%0A+         db.execute(sql`SELECT status, COUNT(*)::int AS count FROM spr_webhook_deliveries WHERE tenant_id=${tenantId} AND created_at::timestamptz > NOW() - INTERVAL '7 days' GROUP BY status`),%0A+         db.execute(sql`SELECT COUNT(*) FILTER (WHERE active)::int AS "activeCount", COUNT(*) FILTER (WHERE NOT active)::int AS "disabledCount" FROM spr_webhooks WHERE tenant_id=${tenantId}`),%0A+         db.execute(sql`SELECT d.id, d.webhook_id AS "webhookId", w.url, d.event_type AS "eventType", d.safe_error_code AS "errorCode", d.safe_error_message AS "errorMessage", d.completed_at AS "completedAt" FROM spr_webhook_deliveries d JOIN spr_webhooks w ON w.id=d.webhook_id AND w.tenant_id=d.tenant_id WHERE d.tenant_id=${tenantId} AND d.status IN ('failed','dead_lettered') ORDER BY d.completed_at DESC NULLS LAST LIMIT 10`),%0A+       ]);%0A+       notes.push('Webhook failures are grouped by destination endpoint (webhookId/url), not "provider" -- SPR webhooks are user-configured destination URLs, not third-party provider connectors; there is no per-provider concept for outbound deliveries.');%0A+%0A+       // --- C. Integration health ----------------------------------------------%0A+       const [credentialRows, integrationRows] = await Promise.all([%0A+         db.execute(sql`SELECT provider, status, last_tested_at AS "lastTestedAt" FROM integration_credentials WHERE tenant_id=${tenantId}`),%0A+         db.execute(sql`SELECT name, connected, last_sync_date AS "lastSyncDate" FROM integrations WHERE tenant_id=${tenantId}`),%0A+       ]);%0A+       const credentialByProvider = new Map<string, any>((credentialRows as any).rows?.map((r: any) => [r.provider, r]) ?? []);%0A+       const integrationByName = new Map<string, any>((integrationRows as any).rows?.map((r: any) => [r.name, r]) ?? []);%0A+       const integrations = INTEGRATION_CATALOG.map((item) => ({%0A+         provider: item.provider,%0A+         name: item.name,%0A+         connected: Boolean(integrationByName.get(item.name)?.connected),%0A+         lastSyncDate: integrationByName.get(item.name)?.lastSyncDate ?? null,%0A+         credentialStatus: credentialByProvider.get(item.provider)?.status ?? 'NOT_CONFIGURED',%0A+         lastTestedAt: credentialByProvider.get(item.provider)?.lastTestedAt ?? null,%0A+       }));%0A+%0A+       // --- D. Audit chain integrity --------------------------------------------%0A+       // Reuses the exact function GET /api/auth/audit-chain/verify calls --%0A+       // no second verifier.%0A+       const auditChain = await verifyAuditChain(db, tenantId);%0A+%0A+       // --- E. Scan / job queue --------------------------------------------------%0A+       const [runningRepoScans, complianceSchedules] = await Promise.all([%0A+         db.execute(sql`SELECT id, passport_id AS "passportId", status, progress, updated_at AS "updatedAt" FROM agent_jobs WHERE tenant_id=${tenantId} AND job_type='repository_scan' AND status='Running' ORDER BY updated_at DESC LIMIT 10`),%0A+         db.execute(sql`SELECT id, client_id AS "clientId", frequency, status, last_audit_at AS "lastAuditAt", next_audit_at AS "nextAuditAt" FROM compliance_schedules WHERE tenant_id=${tenantId} ORDER BY COALESCE(last_audit_at, created_at) DESC LIMIT 10`),%0A+       ]);%0A+%0A+       return res.json({%0A+         generatedAt: new Date().toISOString(),%0A+         workers: {%0A+           osv: {%0A+             countsByStatus: (osvCounts as any).rows ?? [],%0A+             staleRunningCount: Number((osvStale as any).rows?.[0]?.count ?? 0),%0A+             recentFailures: (osvFailures as any).rows ?? [],%0A+             lastActivityAt: (osvActivity as any).rows?.[0]?.lastActivityAt ?? null,%0A+           },%0A+           monitoringWorker: {%0A+             realSource: 'trust-monitoring-worker.ts (collector_jobs)',%0A+             countsByState: (monitoringCounts as any).rows ?? [],%0A+             lastHeartbeatAt: (monitoringHeartbeat as any).rows?.[0]?.lastHeartbeatAt ?? null,%0A+             recentFailures: (monitoringFailures as any).rows ?? [],%0A+           },%0A+         },%0A+         webhooks: {%0A+           countsByStatusLast7Days: (webhookCounts as any).rows ?? [],%0A+           activeEndpoints: Number((webhookEndpoints as any).rows?.[0]?.activeCount ?? 0),%0A+           disabledEndpoints: Number((webhookEndpoints as any).rows?.[0]?.disabledCount ?? 0),%0A+           recentFailures: (webhookFailures as any).rows ?? [],%0A+         },%0A+         integrations,%0A+         auditChain,%0A+         queue: {%0A+           runningRepositoryScans: (runningRepoScans as any).rows ?? [],%0A+           recentlyFailedJobs: (osvFailures as any).rows ?? [],%0A+           complianceSchedules: (complianceSchedules as any).rows ?? [],%0A+         },%0A+         notes,%0A+       });%0A+     } catch (error) {%0A+       return next(error);%0A+     }%0A+   });%0A+%0A+   // Owner-only self-passport retrieval. Absence of evidence is represented as%0A+   // a 404 instead of a fabricated passport or trust score.%0A+   router.get('/passports/self-passport', requireAuth, requireRole('Owner'), async (req: AuthenticatedRequest, res, next) => {%0A+     try {%0A+       const db = req.db!;%0A+       const result = await db.execute(sql`%0A+         SELECT%0A+           id,%0A+           name,%0A+           version,%0A+           publisher,%0A+           release_date AS "releaseDate",%0A+           evidence%0A+         FROM passports%0A+         WHERE tenant_id = ${req.user!.tenantId}%0A+         ORDER BY release_date DESC NULLS LAST, id DESC%0A+         LIMIT 1%0A+       `);%0A+       const row = (result as any).rows?.[0];%0A+       if (!row) return res.status(404).json({ error: 'Self passport evidence not found', code: 'SELF_PASSPORT_NOT_FOUND' });%0A+       return res.json({%0A+         ...row,%0A+         overallScore: null,%0A+         healthStatus: 'Not verified',%0A+         evidence: Array.isArray(row.evidence) ? row.evidence : [],%0A+       });%0A+     } catch (error) {%0A+       return next(error);%0A+     }%0A+   });%0A+%0A+   // Firebase-authenticated, tenant-scoped reads for the first-party SPA.%0A+   // These are deliberately separate from /connect/v1, which is API-key based.%0A+   router.get('/user/clients', requireAuth, async (req: AuthenticatedRequest, res, next) => {%0A+     try {%0A+       const db = req.db!;%0A+       const result = await db.execute(sql`SELECT id, name, domain, industry, trust_score AS "trustScore", risk_level AS "riskLevel", avatar_color AS "avatarColor", subscription_tier AS "subscriptionTier", joined_date AS "joinedDate", team_count AS "teamCount", passport_count AS "passportCount", critical_risks_count AS "criticalRisksCount", compliance_progress AS "complianceProgress", software_inventory AS "softwareInventory", compliance_status AS "complianceStatus", team_members AS "teamMembers", activity_timeline AS "activityTimeline" FROM clients WHERE tenant_id=${req.user!.tenantId} ORDER BY joined_date DESC`);%0A+       return res.json((result as any).rows || []);%0A+     } catch (error) {%0A+       return next(error);%0A+     }%0A+   });%0A+%0A+   router.get('/user/passports', requireAuth, async (req: AuthenticatedRequest, res, next) => {%0A+     try {%0A+       const db = req.db!;%0A+       const result = await db.execute(sql`SELECT p.id, p.client_id AS "clientId", p.name, p.version, p.publisher, p.category, p.release_date AS "releaseDate", p.license_type AS "licenseType", p.sbom, COALESCE((SELECT json_agg(json_build_object('id', e.id, 'name', e.name, 'type', e.type, 'verified', e.verified, 'status', e.status, 'signer', e.signer, 'timestamp', e.timestamp, 'hash', e.hash, 'engineId', e.engine_id, 'verificationFailureReason', e.verification_failure_reason) ORDER BY e.timestamp DESC) FROM evidence_items e WHERE e.tenant_id=p.tenant_id AND e.asset_id=p.id), '[]'::json) AS evidence, COALESCE((SELECT json_agg(json_build_object('id', f.id, 'findingId', f.id, 'severity', f.severity, 'category', f.category, 'title', f.title, 'description', f.description, 'component', f.component, 'fixedVersion', f.fixed_version, 'status', f.status, 'detectedAt', f.detected_at, 'engineId', f.engine_id) ORDER BY f.detected_at DESC) FROM scan_findings f WHERE f.tenant_id=p.tenant_id AND f.asset_id=p.id), '[]'::json) AS vulnerabilities, p.timeline, NULL AS scores, 'not_authoritatively_scored' AS "scoreStatus" FROM passports p WHERE p.tenant_id=${req.user!.tenantId} ORDER BY p.name ASC`);%0A+       return res.json((result as any).rows || []);%0A+     } catch (error) {%0A+       return next(error);%0A+     }%0A+   });%0A+%0A+   router.get('/user/extensions', requireAuth, async (req: AuthenticatedRequest, res, next) => {%0A+     try {%0A+       const db = req.db!;%0A+       const result = await db.execute(sql`SELECT extension_id AS "extensionId", installed_at AS "installedAt" FROM extension_installations WHERE tenant_id=${req.user!.tenantId} ORDER BY installed_at DESC`);%0A+       return res.json((result as any).rows || []);%0A+     } catch (error) {%0A+       return next(error);%0A+     }%0A+   });%0A+%0A+   router.post('/user/extensions/:extensionId', requireAuth, requireRole(['Owner', 'Admin', 'Operator']), async (req: AuthenticatedRequest, res, next) => {%0A+     try {%0A+       const extensionId = String(req.params.extensionId || '').trim();%0A+       if (!/^[A-Za-z0-9_.-]{1,120}$/.test(extensionId)) return res.status(400).json({ error: 'Invalid extension id' });%0A+       const db = req.db!;%0A+       const result = await db.execute(sql`INSERT INTO extension_installations (tenant_id, extension_id, installed_at) VALUES (${req.user!.tenantId}, ${extensionId}, NOW()) ON CONFLICT (tenant_id, extension_id) DO UPDATE SET installed_at=NOW() RETURNING extension_id AS "extensionId", installed_at AS "installedAt"`);%0A+       return res.status(201).json((result as any).rows?.[0]);%0A+     } catch (error) {%0A+       return next(error);%0A+     }%0A+   });%0A+%0A+   router.delete('/user/extensions/:extensionId', requireAuth, requireRole(['Owner', 'Admin', 'Operator']), async (req: AuthenticatedRequest, res, next) => {%0A+     try {%0A+       const db = req.db!;%0A+       const extensionId = String(req.params.extensionId || '').trim();%0A+       const result = await db.execute(sql`DELETE FROM extension_installations WHERE tenant_id=${req.user!.tenantId} AND extension_id=${extensionId} RETURNING extension_id`);%0A+       if (!((result as any).rows?.length)) return res.status(404).json({ error: 'Extension installation not found' });%0A+       return res.status(204).send();%0A+     } catch (error) {%0A+       return next(error);%0A+     }%0A+   });%0A+%0A+   router.get('/auth/verify-status', requireAuth, async (req: AuthenticatedRequest, res) => {%0A+     return res.json({ verified: req.user!.emailVerified, emailVerified: req.user!.emailVerified });%0A+   });%0A+%0A+%0A+%0A+   router.get('/user/passports/:id/verification', requireAuth, async (req: AuthenticatedRequest, res, next) => {%0A+     try {%0A+       const db = req.db!;%0A+       const tenantId = req.user!.tenantId;%0A+       const clientScope = req.user!.role === 'Client' ? (req.user as any).clientId : null;%0A+       const passportResult = await db.execute(sql`SELECT id, version, evidence, client_id AS "clientId" FROM passports WHERE id=${req.params.id} AND tenant_id=${tenantId} AND (${clientScope} IS NULL OR client_id=${clientScope}) LIMIT 1`) as any;%0A+       const passport = passportResult.rows?.[0];%0A+       if (!passport) return res.status(404).json({ error: 'Passport not found' });%0A+       const findingResult = await db.execute(sql`SELECT id, passport_id AS "passportId", evidence_ids, status FROM trust_findings WHERE tenant_id=${tenantId} AND passport_id=${passport.id}`) as any;%0A+       const parseJson = (value: unknown): unknown[] => { try { const parsed = JSON.parse(String(value ?? '')); return Array.isArray(parsed) ? parsed : []; } catch { return []; } };%0A+       const openFindingEvidenceIds = (findingResult.rows ?? []).filter((row: any) => !['resolved','closed','verified'].includes(String(row.status || '').toLowerCase())).flatMap((row: any) => parseJson(row.evidence_ids)).filter((id: any): id is string => typeof id === 'string');%0A+       const adapted = adaptEvidenceForEvaluation({ evidence: parseJson(passport.evidence) as any[], passportVersion: passport.version, openFindingEvidenceIds });%0A+       const evaluatedAt = Date.now();%0A+       const decision = evaluateVerification({ evidence: adapted.evidence, evaluatedAt, targetIdentity: adapted.targetIdentity });%0A+       res.setHeader('Cache-Control', 'private, max-age=0, no-store');%0A+       return res.json({ decision, observations: decision.observationCount, independentSources: decision.independentSourceCount });%0A+     } catch (error) { return next(error); }%0A+   });%0A+%0A+   router.get('/user/verification', requireAuth, async (req: AuthenticatedRequest, res, next) => {%0A+     try {%0A+       const db = req.db!;%0A+       const tenantId = req.user!.tenantId;%0A+       const clientScope = req.user!.role === 'Client' ? (req.user as any).clientId : null;%0A+       const passportRows = (await db.execute(sql`SELECT id, version, evidence, client_id AS "clientId" FROM passports WHERE tenant_id=${tenantId} AND (${clientScope} IS NULL OR client_id=${clientScope}) ORDER BY id`) as any).rows ?? [];%0A+       const passportIds = passportRows.map((row: any) => String(row.id));%0A+       const parseJson = (value: unknown): unknown[] => { try { const parsed = JSON.parse(String(value ?? '')); return Array.isArray(parsed) ? parsed : []; } catch { return []; } };%0A+       // Drizzle's proven one-query binding shape for the passport findings is%0A+       // `asset_id IN ${passportIds}`; do not replace this with ANY(array).%0A+       const findingRows = passportIds.length ? ((await db.execute(sql`SELECT id, passport_id AS "passportId", evidence_ids, status FROM trust_findings WHERE tenant_id=${tenantId} AND passport_id IN ${passportIds}`) as any).rows ?? []) : [];%0A+       const evidenceByPassport = new Map<string, any[]>();%0A+       for (const passport of passportRows) evidenceByPassport.set(String(passport.id), parseJson(passport.evidence) as any[]);%0A+       const evaluatedAt = Date.now();%0A+       const verificationDecisions: Record<string, VerificationDecision> = {};%0A+       const verificationDetails: Record<string, unknown> = {};%0A+       for (const passport of passportRows) {%0A+         const findings = findingRows.filter((row: any) => String(row.passportId) === String(passport.id));%0A+         const openFindingEvidenceIds = findings.filter((row: any) => !['resolved','closed','verified'].includes(String(row.status || '').toLowerCase())).flatMap((row: any) => parseJson(row.evidence_ids)).filter((id: any): id is string => typeof id === 'string');%0A+         const adapted = adaptEvidenceForEvaluation({ evidence: evidenceByPassport.get(String(passport.id)) ?? [], passportVersion: passport.version, openFindingEvidenceIds });%0A+         const decision = evaluateVerification({ evidence: adapted.evidence, evaluatedAt, targetIdentity: adapted.targetIdentity });%0A+         verificationDecisions[String(passport.id)] = decision;%0A+         verificationDetails[String(passport.id)] = { unmappedCount: adapted.unmappedCount, undatedCount: adapted.undatedCount, observations: decision.observationCount, independentSources: decision.independentSourceCount };%0A+       }%0A+       res.setHeader('Cache-Control', 'private, max-age=0, no-store');%0A+       return res.json({ verificationDecisions, verificationDetails });%0A+     } catch (error) { return next(error); }%0A+   });%0A+%0A+   return router;%0A+ }%0A+%0A%0A ❯ tests/client-creation-contract.test.ts:88:15%0A%0A

::error file=/home/runner/work/software-passport-registry/software-passport-registry/tests/client-creation-contract.test.ts,title=tests/client-creation-contract.test.ts > client-creation error messages are readable%2C not "[object Object]" > the global 404/error handlers return error as a plain string%2C matching every route's own JSON shape,line=96,column=15::AssertionError: expected 'import express, { type NextFunction, …' to contain 'error: status === 500 ? \'An unexpect…'%0A%0A- Expected%0A+ Received%0A%0A- error: status === 500 ? 'An unexpected server error occurred.' : err?.message || 'Request failed.', code: status === 500 ? 'INTERNAL_SERVER_ERROR' : 'REQUEST_FAILED'%0A+ import express, { type NextFunction, type Request, type Response } from 'express';%0A+ import cors from 'cors';%0A+ import helmet from 'helmet';%0A+ import * as Sentry from '@sentry/node';%0A+ import path from 'node:path';%0A+ import { fileURLToPath } from 'node:url';%0A+ import { randomUUID } from 'node:crypto';%0A+ import { config, validateConfiguration } from './src/config.ts';%0A+ import { checkDatabaseHealth, closeDatabase, db } from './src/db/index.ts';%0A+ import { sql } from 'drizzle-orm';%0A+ import { AuthenticatedRequest, rateLimiter, requireAuth, requireRole } from './src/middleware/security.ts';%0A+ import { createAuthRouter } from './src/routes/auth.ts';%0A+ import { createConnectRouter } from './src/routes/connect.ts';%0A+ import { createIntegrationsRouter } from './src/routes/integrations.ts';%0A+ import { createLiveIntegrationsRouter } from './src/routes/integrations-live.ts';%0A+ import { createMonitoringRouter } from './src/routes/monitoring.ts';%0A+ import { createPublicConnectRouter } from './src/routes/public-connect.ts';%0A+ import { createScansRouter } from './src/routes/scans.ts';%0A+ import { createComplianceRouter } from './src/routes/compliance.ts';%0A+ import { createTrustLoopRouter } from './src/routes/trust-loop.ts';%0A+ import { createIntegrationMonitoringRouter } from './src/routes/integration-monitoring.ts';%0A+ import { createAgentApiRouter } from './src/routes/agent-api.ts';%0A+ import { createMspRouter } from './src/routes/msp.ts';%0A+ import { createAiTrustRouter } from './src/routes/ai-trust.ts';%0A+ import { createMcpTransport } from './src/mcp/transport.ts';%0A+ import { executePublicMcpTool } from './src/mcp/execute.ts';%0A+%0A+ const app = express();%0A+ const startedAt = Date.now();%0A+ const requestBodyLimit = process.env.REQUEST_BODY_LIMIT || '2mb';%0A+ const requestHeaderTimeoutMs = Number(process.env.REQUEST_HEADER_TIMEOUT_MS || 15_000);%0A+ const requestTimeoutMs = Number(process.env.REQUEST_TIMEOUT_MS || 120_000);%0A+ const keepAliveTimeoutMs = Number(process.env.KEEP_ALIVE_TIMEOUT_MS || 65_000);%0A+%0A+ async function ensureInitialSelfPassport() {%0A+   const owner = (await db.execute(sql`SELECT tenant_id AS "tenantId" FROM users WHERE role = 'Owner' ORDER BY created_at ASC LIMIT 1`)).rows?.[0] as { tenantId?: string } | undefined;%0A+   if (!owner?.tenantId) {%0A+     console.warn('[SPR] Initial self-passport skipped: no Owner tenant exists yet.');%0A+     return;%0A+   }%0A+   await db.execute(sql`%0A+     INSERT INTO passports (%0A+       id, tenant_id, name, version, publisher, category, overall_score,%0A+       security_score, compliance_score, vendor_reputation_score, release_date,%0A+       file_hash, license_type, ai_summary, sbom, evidence, vulnerabilities, timeline%0A+     ) VALUES (%0A+       'passport_spr_self', ${owner.tenantId}, 'Software Passport Registry', '1.0.0',%0A+       'SPR', 'Platform', 0, 0, 0, 0, CURRENT_DATE::text, 'not-observed',%0A+       'Unknown', 'Initial SPR self-passport. Evidence collection is pending.',%0A+       '[]', '[]', '[]', '[]'%0A+     )%0A+     ON CONFLICT (id) DO NOTHING%0A+   `);%0A+   console.info('[SPR] Initial self-passport ready.');%0A+ }%0A+%0A+ export function normalizeAllowedOrigins(origins: string[]): string[] {%0A+   return [...new Set(origins.map((origin) => new URL(origin).origin))].sort();%0A+ }%0A+%0A+ if (config.trustProxy) app.set('trust proxy', 1);%0A+ app.disable('x-powered-by');%0A+ if (config.sentry.dsn) Sentry.init({ dsn: config.sentry.dsn, environment: config.nodeEnv, tracesSampleRate: config.isProduction ? 0.1 : 1.0 });%0A+ const allowedOrigins = new Set(normalizeAllowedOrigins(config.allowedOrigins));%0A+ const appOrigin = config.appUrl ? new URL(config.appUrl).origin : undefined;%0A+ const corsOrigin = (origin: string | undefined, callback: (error: Error | null, allow?: boolean) => void) => {%0A+   if (!origin) return callback(null, true);%0A+   try {%0A+     const normalizedOrigin = new URL(origin).origin;%0A+     if (allowedOrigins.has(normalizedOrigin)) return callback(null, true);%0A+   } catch (_) {}%0A+   return callback(new Error('CORS origin denied'));%0A+ };%0A+ app.use(helmet({ contentSecurityPolicy: { useDefaults: false, directives: { defaultSrc: ["'self'"], baseUri: ["'self'"], objectSrc: ["'none'"], frameAncestors: ["'none'"], formAction: ["'self'"], scriptSrc: ["'self'"], styleSrc: ["'self'", "'unsafe-inline'"], imgSrc: ["'self'", 'data:', 'blob:', 'https:'], fontSrc: ["'self'", 'data:', 'https:'], connectSrc: ["'self'", ...(appOrigin ? [appOrigin] : [])], frameSrc: ["'self'", 'https:'], workerSrc: ["'self'", 'blob:'], manifestSrc: ["'self'"], upgradeInsecureRequests: [] } }, crossOriginEmbedderPolicy: false, frameguard: { action: 'deny' }, referrerPolicy: { policy: 'no-referrer' } }));%0A+ app.use(cors({ origin: corsOrigin, credentials: true, methods: ['GET', 'HEAD', 'POST', 'PUT', 'PATCH', 'DELETE', 'OPTIONS'], allowedHeaders: ['Authorization', 'Content-Type', 'X-Request-ID', 'X-API-Key'] }));%0A+ app.use((req, res, next) => { if (req.method === 'TRACE' || req.method === 'CONNECT') return res.status(405).json({ error: { code: 'METHOD_NOT_ALLOWED', message: 'HTTP method is not allowed.' } }); if (req.headers['content-length'] && !/^\d+$/.test(String(req.headers['content-length']))) return res.status(400).json({ error: { code: 'INVALID_CONTENT_LENGTH', message: 'Invalid Content-Length header.' } }); return next(); });%0A+ app.use(express.json({ limit: requestBodyLimit, strict: true, type: ['application/json', 'application/*+json'] }));%0A+ app.use(express.urlencoded({ extended: false, limit: requestBodyLimit }));%0A+ app.use((req, res, next) => { const supplied = req.headers['x-request-id']; const requestId = typeof supplied === 'string' && /^[A-Za-z0-9._:-]{1,100}$/.test(supplied) ? supplied : `req_${randomUUID()}`; res.setHeader('X-Request-ID', requestId); res.setHeader('Cache-Control', req.path.startsWith('/api/') ? 'no-store, max-age=0' : 'public, max-age=0, must-revalidate'); res.locals.requestId = requestId; next(); });%0A+ app.use((req, res, next) => { if (config.isProduction && config.enforceHttps && !req.secure && req.path !== '/health' && req.path !== '/ready' && req.path !== '/api/health' && req.path !== '/api/ready') { if (!appOrigin) return res.status(503).json({ error: { code: 'HTTPS_CONFIGURATION_ERROR', message: 'HTTPS redirect target is not configured.' } }); return res.redirect(308, `${appOrigin}${req.originalUrl}`); } return next(); });%0A+ app.get('/health', (_req, res) => res.status(200).json({ status: 'ok', service: 'spr-app', uptimeSeconds: Math.floor((Date.now() - startedAt) / 1000) }));%0A+ const readinessHandler = async (_req: Request, res: Response) => { const database = await checkDatabaseHealth(); const ready = database.ok; res.status(ready ? 200 : 503).json({ status: ready ? 'ready' : 'not_ready', checks: { database: database.ok ? database : { ok: false, latencyMs: database.latencyMs, error: 'DATABASE_UNAVAILABLE' } }, uptimeSeconds: Math.floor((Date.now() - startedAt) / 1000) }); };%0A+ app.get('/ready', readinessHandler);%0A+ app.get('/api/ready', readinessHandler);%0A+ app.get('/api/health', async (_req, res) => { const database = await checkDatabaseHealth(); res.status(database.ok ? 200 : 503).json({ status: database.ok ? 'ok' : 'degraded', database: database.ok ? database : { ok: false, latencyMs: database.latencyMs, error: 'DATABASE_UNAVAILABLE' } }); });%0A+ app.use('/api', rateLimiter);%0A+ app.use('/api', createAuthRouter());%0A+ app.use('/api', createPublicConnectRouter());%0A+ const connectRouter = createConnectRouter();%0A+ app.use('/api', connectRouter);%0A+ app.use('/api/connect', connectRouter);%0A+ app.use('/api/integrations/connect', connectRouter);%0A+ app.post('/api/ai/analyze-passport', requireAuth, async (req: AuthenticatedRequest, res, next) => {%0A+   try {%0A+     const passportId = typeof req.body?.passportId === 'string' ? req.body.passportId.trim() : '';%0A+     if (!passportId) return res.status(400).json({ error: { code: 'PASSPORT_ID_REQUIRED', message: 'passportId is required.' } });%0A+     const db = req.db!;%0A+     const result = await db.execute(sql`%0A+       SELECT name, version, publisher, overall_score AS "overallScore",%0A+              jsonb_array_length(COALESCE(NULLIF(evidence, '')::jsonb, '[]'::jsonb)) AS "evidenceCount",%0A+              jsonb_array_length(COALESCE(NULLIF(vulnerabilities, '')::jsonb, '[]'::jsonb)) AS "findingCount"%0A+       FROM passports%0A+       WHERE id = ${passportId} AND tenant_id = ${req.user!.tenantId}%0A+       LIMIT 1%0A+     `);%0A+     const passport = (result.rows?.[0] ?? null) as {%0A+       name?: string; version?: string; publisher?: string; overallScore?: number | null;%0A+       evidenceCount?: number; findingCount?: number;%0A+     } | null;%0A+     if (!passport) return res.status(404).json({ error: { code: 'PASSPORT_NOT_FOUND', message: 'Passport not found.' } });%0A+     const status = passport.overallScore == null ? 'not verified' : `score ${passport.overallScore}`;%0A+     return res.json({ passportId, analysis: `${passport.name ?? 'Passport'} ${passport.version ?? ''} by ${passport.publisher ?? 'unknown publisher'} is ${status}. Evidence records: ${passport.evidenceCount ?? 0}. Findings: ${passport.findingCount ?? 0}. Authoritative verification requires durable backend evidence.` });%0A+   } catch (error) { return next(error); }%0A+ });%0A+ app.use('/api/integrations', createIntegrationsRouter());%0A+ app.use('/api/integrations-live', createLiveIntegrationsRouter());%0A+ const requireTrustMutationRole = (req: Request, res: Response, next: NextFunction) => { if (['GET', 'HEAD', 'OPTIONS'].includes(req.method)) return next(); return requireRole(['Owner', 'Admin', 'Operator', 'Technician'])(req as AuthenticatedRequest, res, next); };%0A+ app.use('/api/trust-loop', requireAuth, requireTrustMutationRole);%0A+ app.use('/api/trust-loop', createTrustLoopRouter());%0A+ app.use('/api/integration-monitoring', createIntegrationMonitoringRouter());%0A+ app.use('/api/monitoring', createMonitoringRouter());%0A+ app.use('/api/agent/v1', createAgentApiRouter());%0A+ app.use('/api/msp', requireAuth, createMspRouter());%0A+ app.use('/api/ai-trust', requireAuth, createAiTrustRouter());%0A+%0A+ const mcpBearer = process.env.SPR_MCP_BEARER_TOKEN;%0A+ if (mcpBearer) {%0A+   const mcpTransport = createMcpTransport({ expectedBearer: mcpBearer, executeTool: async (tool, args) => executePublicMcpTool(tool, args) });%0A+   app.post('/mcp', async (req, res) => { const response = await mcpTransport(new Request(`${config.appUrl || 'https://localhost'}/mcp`, { method: 'POST', headers: req.headers as Record<string, string>, body: JSON.stringify(req.body) })); res.status(response.status); response.headers.forEach((value, key) => res.setHeader(key, value)); res.send(Buffer.from(await response.arrayBuffer())); });%0A+ }%0A+%0A+ app.use('/api', createScansRouter());%0A+ app.use('/api/compliance', createComplianceRouter());%0A+ const publicDir = __dirname;%0A+ app.use(express.static(publicDir, { index: false, maxAge: config.isProduction ? '1y' : 0 }));%0A+ app.get('/*splat', (req, res, next) => { if (req.path.startsWith('/api/') || req.path === '/mcp') return next(); return res.sendFile(path.join(publicDir, 'index.html'), error => error ? next(error) : undefined); });%0A+ app.use((req, res, next) => { if (req.path.startsWith('/api/') || req.path === '/mcp') return res.status(404).json({ error: 'Route not found.', code: 'NOT_FOUND', requestId: res.locals.requestId }); return next(); });%0A+ app.use((err: any, req: Request, res: Response, next: NextFunction) => { if (res.headersSent) return next(err); const requestId = res.locals.requestId || `req_${randomUUID()}`; const status = Number.isInteger(err?.status) && err.status >= 400 && err.status < 600 ? err.status : 500; console.error('[HTTP_ERROR]', { requestId, status, method: req.method, path: req.path, message: err?.message || String(err) }); if (config.sentry.dsn) Sentry.captureException(err, { tags: { requestId } }); return res.status(status).json({ error: { code: status === 500 ? 'INTERNAL_SERVER_ERROR' : 'REQUEST_FAILED', message: status === 500 ? 'An unexpected server error occurred.' : err?.message || 'Request failed.', requestId } }); });%0A+ let server: ReturnType<typeof app.listen> | undefined; let shuttingDown = false;%0A+%0A+ export function rejectConnectTunnels<T extends ReturnType<typeof app.listen>>(httpServer: T): T {%0A+   httpServer.on('connect', (_request, socket) => {%0A+     socket.end('HTTP/1.1 405 Method Not Allowed\r\nConnection: close\r\nContent-Length: 0\r\n\r\n');%0A+   });%0A+   return httpServer;%0A+ }%0A+%0A+ async function shutdown(signal: string) { if (shuttingDown) return; shuttingDown = true; console.info(`[SPR] ${signal} received; shutting down gracefully.`); const forceTimer = setTimeout(() => process.exit(1), 15_000); forceTimer.unref(); if (server) await new Promise<void>(resolve => server!.close(() => resolve())); await closeDatabase().catch(error => console.error('[SPR] Database shutdown error:', error)); if (config.sentry.dsn) await Sentry.close(2_000).catch(() => undefined); clearTimeout(forceTimer); process.exit(0); }%0A+ export async function startServer() {%0A+   validateConfiguration();%0A+   try { await ensureInitialSelfPassport(); } catch (error) { console.error('[SPR] Initial self-passport bootstrap failed; continuing startup. /ready will report the database as unavailable.', error); }%0A+   const host = process.env.HOST || '0.0.0.0'; server = app.listen(config.port, host, () => console.info(`[SPR] listening on http://${host}:${config.port}`)); server.requestTimeout = Number.isFinite(requestTimeoutMs) && requestTimeoutMs > 0 ? requestTimeoutMs : 120_000; server.headersTimeout = Number.isFinite(requestHeaderTimeoutMs) && requestHeaderTimeoutMs > 0 ? requestHeaderTimeoutMs : 15_000; server.keepAliveTimeout = Number.isFinite(keepAliveTimeoutMs) && keepAliveTimeoutMs > 0 ? keepAliveTimeoutMs : 65_000; rejectConnectTunnels(server); return server; }%0A+ process.once('SIGTERM', () => void shutdown('SIGTERM')); process.once('SIGINT', () => void shutdown('SIGINT')); process.on('unhandledRejection', reason => console.error('[SPR] Unhandled rejection:', reason)); process.on('uncaughtException', error => { console.error('[SPR] Uncaught exception:', error); void shutdown('uncaughtException'); });%0A+ if (process.env.SPR_SKIP_AUTOSTART !== 'true') void startServer().catch(error => { console.error('[SPR] Startup failed:', error); process.exit(1); });%0A+ export { app };%0A+%0A%0A ❯ tests/client-creation-contract.test.ts:96:15%0A%0A

::error file=/home/runner/work/software-passport-registry/software-passport-registry/tests/client-creation-contract.test.ts,title=tests/client-creation-contract.test.ts > client-creation error messages are readable%2C not "[object Object]" > ClientsView surfaces the real per-field validation message instead of the generic "Invalid request",line=101,column=15::AssertionError: expected '/**\r\n * @license\r\n * SPDX-License…' to contain 'data?.details?.fieldErrors'%0A%0A- Expected%0A+ Received%0A%0A- data?.details?.fieldErrors%0A+ /**%0D%0A+  * @license%0D%0A+  * SPDX-License-Identifier: Apache-2.0%0D%0A+  */%0D%0A+ %0D%0A+ import React, { useState, useMemo } from 'react';%0D%0A+ import { motion, AnimatePresence } from 'motion/react';%0D%0A+ import { fuzzyMatch, filterData } from '../utils/filter';%0D%0A+ import {%0D%0A+   Building2,%0D%0A+   ShieldCheck,%0D%0A+   ShieldAlert,%0D%0A+   Users,%0D%0A+   Award,%0D%0A+   Lock,%0D%0A+   Globe,%0D%0A+   FileCheck,%0D%0A+   AlertTriangle,%0D%0A+   ExternalLink,%0D%0A+   ChevronRight,%0D%0A+   Download,%0D%0A+   X%0D%0A+ } from 'lucide-react';%0D%0A+ import { Client, SoftwarePassport } from '../types';%0D%0A+ import { generateClientCompliancePDF } from '../utils/pdfGenerator';%0D%0A+ %0D%0A+ // Compact risk-tier presentation tokens, shared across the row list, drawer%0D%0A+ // badge, and status dot so the mapping only lives in one place.%0D%0A+ const RISK_STYLES: Record<string, { dot: string; text: string }> = {%0D%0A+   Safe: { dot: 'bg-[#0e700e]', text: 'text-[#0e700e]' },%0D%0A+   Medium: { dot: 'bg-[#8a5700]', text: 'text-[#8a5700]' },%0D%0A+   High: { dot: 'bg-[#a4262c]', text: 'text-[#a4262c]' }%0D%0A+ };%0D%0A+ function riskStyle(level: string) {%0D%0A+   return RISK_STYLES[level] || { dot: 'bg-[#605e5c]', text: 'text-[#605e5c]' };%0D%0A+ }%0D%0A+ %0D%0A+ const COMPLIANCE_STYLES: Record<string, { dot: string; text: string }> = {%0D%0A+   Compliant: { dot: 'bg-[#0e700e]', text: 'text-[#0e700e]' },%0D%0A+   'In Progress': { dot: 'bg-[#8a5700]', text: 'text-[#8a5700]' }%0D%0A+ };%0D%0A+ function complianceStyle(status: string) {%0D%0A+   return COMPLIANCE_STYLES[status] || { dot: 'bg-[#a4262c]', text: 'text-[#a4262c]' };%0D%0A+ }%0D%0A+ %0D%0A+ interface ClientsViewProps {%0D%0A+   clients: Client[];%0D%0A+   selectedClientId: string;%0D%0A+   setSelectedClientId: (id: string) => void;%0D%0A+   passports: SoftwarePassport[];%0D%0A+   onNavigateTab: (tab: string, itemId?: string) => void;%0D%0A+   searchQuery: string;%0D%0A+ }%0D%0A+ %0D%0A+ export default function ClientsView({%0D%0A+   clients,%0D%0A+   selectedClientId,%0D%0A+   setSelectedClientId,%0D%0A+   passports,%0D%0A+   onNavigateTab,%0D%0A+   searchQuery%0D%0A+ }: ClientsViewProps) {%0D%0A+   const [industryFilter, setIndustryFilter] = useState<string>('all');%0D%0A+   const [riskFilter, setRiskFilter] = useState<string>('all');%0D%0A+   const [workspaceTab, setWorkspaceTab] = useState<'overview' | 'inventory' | 'security' | 'compliance' | 'team'>('overview');%0D%0A+ %0D%0A+   // Identify all unique client industries for dynamic filters%0D%0A+   const industries = useMemo(() => {%0D%0A+     const list = clients.map(c => c.industry);%0D%0A+     return Array.from(new Set(list));%0D%0A+   }, [clients]);%0D%0A+ %0D%0A+   // Extract the current selected client%0D%0A+   const client = useMemo(() => {%0D%0A+     return clients.find(c => c.id === selectedClientId) || null;%0D%0A+   }, [clients, selectedClientId]);%0D%0A+ %0D%0A+   const clientPassports = useMemo(() => {%0D%0A+     if (!client) return [];%0D%0A+     const passportIds = new Set(client.softwareInventory.map(item => item.passportId));%0D%0A+     return passports.filter(passport => passportIds.has(passport.id));%0D%0A+   }, [client, passports]);%0D%0A+ %0D%0A+   const securityScores = clientPassports%0D%0A+     .map(passport => passport.securityScore)%0D%0A+     .filter((score): score is number => typeof score === 'number' && Number.isFinite(score));%0D%0A+ %0D%0A+   // Filter clients list based on search and industry/risk selectors%0D%0A+   const filteredClients = useMemo(() => {%0D%0A+     return clients.filter(c => {%0D%0A+       const matchesSearch = searchQuery%0D%0A+         ? fuzzyMatch(searchQuery, c.name) ||%0D%0A+           fuzzyMatch(searchQuery, c.domain) ||%0D%0A+           fuzzyMatch(searchQuery, c.industry)%0D%0A+         : true;%0D%0A+       const matchesIndustry = industryFilter === 'all' || c.industry === industryFilter;%0D%0A+       const matchesRisk = riskFilter === 'all' || c.riskLevel === riskFilter;%0D%0A+ %0D%0A+       return matchesSearch && matchesIndustry && matchesRisk;%0D%0A+     });%0D%0A+   }, [clients, searchQuery, industryFilter, riskFilter]);%0D%0A+ %0D%0A+   // Handle client compliance data CSV export%0D%0A+   const handleExportCSV = () => {%0D%0A+     const headers = ['Client Name', 'Industry', 'Trust Score', 'Passports Active', 'Compliance Progress', 'Risk Level', 'Joined Date'];%0D%0A+     const rows = filteredClients.map(c => [%0D%0A+       c.name,%0D%0A+       c.industry,%0D%0A+       c.trustScore,%0D%0A+       c.passportCount,%0D%0A+       c.complianceProgress,%0D%0A+       c.riskLevel,%0D%0A+       c.joinedDate%0D%0A+     ]);%0D%0A+ %0D%0A+     const csvContent = 'data:text/csv;charset=utf-8,'%0D%0A+       + [headers.join(','), ...rows.map(e => e.join(','))].join('\n');%0D%0A+ %0D%0A+     const encodedUri = encodeURI(csvContent);%0D%0A+     const link = document.createElement('a');%0D%0A+     link.setAttribute('href', encodedUri);%0D%0A+     link.setAttribute('download', `tenant_compliance_audit_${new Date().toISOString().split('T')[0]}.csv`);%0D%0A+     link.style.visibility = 'hidden';%0D%0A+     document.body.appendChild(link);%0D%0A+     link.click();%0D%0A+     document.body.removeChild(link);%0D%0A+   };%0D%0A+ %0D%0A+   const safeCount = clients.filter(c => c.riskLevel === 'Safe').length;%0D%0A+   const mediumCount = clients.filter(c => c.riskLevel === 'Medium').length;%0D%0A+   const highCount = clients.filter(c => c.riskLevel === 'High').length;%0D%0A+   const criticalAlertsTotal = clients.reduce((sum, c) => sum + (c.criticalRisksCount || 0), 0);%0D%0A+ %0D%0A+   return (%0D%0A+     <div id="msp-clients-index">%0D%0A+       {/* Page Header */}%0D%0A+       <div className="mb-4 flex items-center justify-between gap-4">%0D%0A+         <div>%0D%0A+           <h1 className="text-[22px] font-semibold text-[#201f1e]">Client Tenant Directory</h1>%0D%0A+           <p className="mt-1 text-[13px] text-[#605e5c]">%0D%0A+             Browse and manage software trust state across {clients.length} active workspace tenants.%0D%0A+           </p>%0D%0A+         </div>%0D%0A+         <button%0D%0A+           onClick={handleExportCSV}%0D%0A+           className="flex h-9 shrink-0 items-center gap-1.5 rounded bg-[#0f6cbd] px-3 text-[13px] font-medium text-white hover:bg-[#004578]"%0D%0A+           id="export-tenants-csv-btn"%0D%0A+         >%0D%0A+           <Download className="h-3.5 w-3.5" />%0D%0A+           <span>Export Directory</span>%0D%0A+         </button>%0D%0A+       </div>%0D%0A+ %0D%0A+       {/* About this page */}%0D%0A+       <details className="mb-4 rounded-md border border-[#e1dfdd] bg-[#faf9f8] text-[13px]">%0D%0A+         <summary className="cursor-pointer select-none px-3 py-2 font-medium text-[#323130]">ⓘ What is this? · How it works</summary>%0D%0A+         <div className="px-3 pb-3 text-[#605e5c]">%0D%0A+           <p>Every workspace tenant registered under this MSP, with its trust score, passport inventory, and compliance state.</p>%0D%0A+           <ol className="mt-1.5 list-decimal space-y-0.5 pl-4">%0D%0A+             <li>Filter or search the directory below.</li>%0D%0A+             <li>Click a row to open the tenant workspace drawer.</li>%0D%0A+             <li>Use Export Directory to download the filtered list as CSV.</li>%0D%0A+           </ol>%0D%0A+         </div>%0D%0A+       </details>%0D%0A+ %0D%0A+       {/* Summary strip */}%0D%0A+       <div className="mb-4 flex flex-wrap gap-6 rounded-md border border-[#e1dfdd] bg-white p-3">%0D%0A+         <div>%0D%0A+           <div className="text-[11px] text-[#605e5c]">Total Tenants</div>%0D%0A+           <div className="text-lg font-semibold text-[#201f1e]">{clients.length}</div>%0D%0A+         </div>%0D%0A+         <div>%0D%0A+           <div className="text-[11px] text-[#605e5c]">Safe</div>%0D%0A+           <div className="text-lg font-semibold text-[#0e700e]">{safeCount}</div>%0D%0A+         </div>%0D%0A+         <div>%0D%0A+           <div className="text-[11px] text-[#605e5c]">Medium Risk</div>%0D%0A+           <div className="text-lg font-semibold text-[#8a5700]">{mediumCount}</div>%0D%0A+         </div>%0D%0A+         <div>%0D%0A+           <div className="text-[11px] text-[#605e5c]">High Risk</div>%0D%0A+           <div className="text-lg font-semibold text-[#a4262c]">{highCount}</div>%0D%0A+         </div>%0D%0A+         <div>%0D%0A+           <div className="text-[11px] text-[#605e5c]">Critical Alerts</div>%0D%0A+           <div className="text-lg font-semibold text-[#201f1e]">{criticalAlertsTotal}</div>%0D%0A+         </div>%0D%0A+       </div>%0D%0A+ %0D%0A+       {/* Filters */}%0D%0A+       <div className="mb-4 flex flex-wrap items-center gap-2">%0D%0A+         <div className="flex items-center gap-1.5">%0D%0A+           <label className="text-[13px] text-[#605e5c]">Industry</label>%0D%0A+           <select%0D%0A+             value={industryFilter}%0D%0A+             onChange={(e) => setIndustryFilter(e.target.value)}%0D%0A+             className="h-9 rounded border border-[#c8c6c4] bg-white px-2 text-[13px] text-[#323130] focus:border-[#0f6cbd] focus:outline-none focus:ring-1 focus:ring-[#0f6cbd]"%0D%0A+           >%0D%0A+             <option value="all">All Industries</option>%0D%0A+             {industries.map(ind => (%0D%0A+               <option key={ind} value={ind}>{ind}</option>%0D%0A+             ))}%0D%0A+           </select>%0D%0A+         </div>%0D%0A+ %0D%0A+         <div className="flex items-center gap-1.5">%0D%0A+           <label className="text-[13px] text-[#605e5c]">Risk Level</label>%0D%0A+           <select%0D%0A+             value={riskFilter}%0D%0A+             onChange={(e) => setRiskFilter(e.target.value)}%0D%0A+             className="h-9 rounded border border-[#c8c6c4] bg-white px-2 text-[13px] text-[#323130] focus:border-[#0f6cbd] focus:outline-none focus:ring-1 focus:ring-[#0f6cbd]"%0D%0A+           >%0D%0A+             <option value="all">All Tiers</option>%0D%0A+             <option value="Safe">Safe</option>%0D%0A+             <option value="Medium">Medium</option>%0D%0A+             <option value="High">High</option>%0D%0A+           </select>%0D%0A+         </div>%0D%0A+       </div>%0D%0A+ %0D%0A+       {/* Client Directory Table */}%0D%0A+       <div className="overflow-hidden rounded-md border border-[#e1dfdd] bg-white">%0D%0A+         <div className="overflow-x-auto">%0D%0A+           <table className="w-full text-left">%0D%0A+             <thead>%0D%0A+               <tr className="border-b border-[#e1dfdd] text-[11px] uppercase tracking-wide text-[#605e5c]">%0D%0A+                 <th className="px-3 py-2.5 font-medium">Client</th>%0D%0A+                 <th className="px-3 py-2.5 font-medium">Industry</th>%0D%0A+                 <th className="px-3 py-2.5 font-medium">Risk</th>%0D%0A+                 <th className="px-3 py-2.5 font-medium">Trust Score</th>%0D%0A+                 <th className="px-3 py-2.5 font-medium">Passports</th>%0D%0A+                 <th className="px-3 py-2.5 font-medium">Compliance</th>%0D%0A+                 <th className="px-3 py-2.5 font-medium">Joined</th>%0D%0A+                 <th className="px-3 py-2.5 font-medium">Alerts</th>%0D%0A+               </tr>%0D%0A+             </thead>%0D%0A+             <tbody>%0D%0A+               {filteredClients.map(c => {%0D%0A+                 const hasCriticalRisks = c.criticalRisksCount > 0;%0D%0A+                 const isDrawerActive = selectedClientId === c.id;%0D%0A+                 const rs = riskStyle(c.riskLevel);%0D%0A+                 return (%0D%0A+                   <tr%0D%0A+                     key={c.id}%0D%0A+                     onClick={() => setSelectedClientId(c.id)}%0D%0A+                     className={`cursor-pointer border-b border-[#f3f2f1] text-[13px] hover:bg-black/[.02] ${isDrawerActive ? 'bg-[#eff6fc]' : ''}`}%0D%0A+                   >%0D%0A+                     <td className="px-3 py-2.5">%0D%0A+                       <div className="flex items-center gap-2.5">%0D%0A+                         <div className={`flex h-7 w-7 shrink-0 items-center justify-center rounded text-[11px] font-semibold ${c.avatarColor}`}>%0D%0A+                           {c.name.charAt(0)}%0D%0A+                         </div>%0D%0A+                         <div className="min-w-0">%0D%0A+                           <div className="font-medium text-[#201f1e]">{c.name}</div>%0D%0A+                           <div className="flex items-center gap-1 truncate text-[11px] text-[#8a8886]">%0D%0A+                             <Globe className="h-3 w-3 shrink-0" />%0D%0A+                             <span className="truncate">{c.domain}</span>%0D%0A+                           </div>%0D%0A+                         </div>%0D%0A+                       </div>%0D%0A+                     </td>%0D%0A+                     <td className="px-3 py-2.5 text-[#605e5c]">{c.industry}</td>%0D%0A+                     <td className="px-3 py-2.5">%0D%0A+                       <span className="inline-flex items-center gap-1.5">%0D%0A+                         <span className={`h-1.5 w-1.5 rounded-full ${rs.dot}`} />%0D%0A+                         <span className={rs.text}>{c.riskLevel}</span>%0D%0A+                       </span>%0D%0A+                     </td>%0D%0A+                     <td className="px-3 py-2.5 text-[#201f1e]">{c.trustScore}<span className="text-[#8a8886]">/100</span></td>%0D%0A+                     <td className="px-3 py-2.5 text-[#201f1e]">{c.passportCount}</td>%0D%0A+                     <td className="px-3 py-2.5 text-[#201f1e]">{c.complianceProgress}%25</td>%0D%0A+                     <td className="px-3 py-2.5 text-[#605e5c]">{c.joinedDate}</td>%0D%0A+                     <td className="px-3 py-2.5">%0D%0A+                       {hasCriticalRisks ? (%0D%0A+                         <span className="inline-flex items-center gap-1 font-medium text-[#a4262c]">%0D%0A+                           <AlertTriangle className="h-3.5 w-3.5" />%0D%0A+                           {c.criticalRisksCount}%0D%0A+                         </span>%0D%0A+                       ) : (%0D%0A+                         <span className="inline-flex items-center gap-1 text-[#8a8886]">%0D%0A+                           <ShieldCheck className="h-3.5 w-3.5" />%0D%0A+                           None%0D%0A+                         </span>%0D%0A+                       )}%0D%0A+                     </td>%0D%0A+                   </tr>%0D%0A+                 );%0D%0A+               })}%0D%0A+             </tbody>%0D%0A+           </table>%0D%0A+         </div>%0D%0A+ %0D%0A+         {filteredClients.length === 0 && (%0D%0A+           <div className="p-12 text-center">%0D%0A+             <Building2 className="mx-auto mb-3 h-8 w-8 text-[#c8c6c4]" />%0D%0A+             <h3 className="text-[13px] font-medium text-[#323130]">No client workspaces found</h3>%0D%0A+             <p className="mx-auto mt-1 max-w-sm text-[13px] text-[#8a8886]">%0D%0A+               Adjust your search keywords or industry filters and try again.%0D%0A+             </p>%0D%0A+           </div>%0D%0A+         )}%0D%0A+       </div>%0D%0A+ %0D%0A+       {/* Slide-out Drawer Panel */}%0D%0A+       <AnimatePresence>%0D%0A+         {selectedClientId !== 'global' && client && (%0D%0A+           <>%0D%0A+             {/* Backdrop Overlay */}%0D%0A+             <motion.div%0D%0A+               key="clients-drawer-backdrop"%0D%0A+               initial={{ opacity: 0 }}%0D%0A+               animate={{ opacity: 0.4 }}%0D%0A+               exit={{ opacity: 0 }}%0D%0A+               onClick={() => setSelectedClientId('global')}%0D%0A+               className="fixed inset-0 z-40 cursor-pointer bg-black"%0D%0A+             />%0D%0A+ %0D%0A+             {/* Sliding Drawer Container */}%0D%0A+             <motion.div%0D%0A+               key="clients-drawer-panel"%0D%0A+               initial={{ x: '100%25' }}%0D%0A+               animate={{ x: 0 }}%0D%0A+               exit={{ x: '100%25' }}%0D%0A+               transition={{ type: 'spring', damping: 26, stiffness: 170 }}%0D%0A+               className="fixed right-0 top-0 bottom-0 z-50 flex w-full max-w-3xl flex-col overflow-y-auto border-l border-[#e1dfdd] bg-white p-5"%0D%0A+             >%0D%0A+               {/* Drawer Top Navigation & Actions */}%0D%0A+               <div className="flex shrink-0 items-center justify-between border-b border-[#e1dfdd] pb-3">%0D%0A+                 <div className="flex items-center gap-2.5">%0D%0A+                   <div className={`flex h-9 w-9 items-center justify-center rounded text-[13px] font-semibold ${client.avatarColor}`}>%0D%0A+                     {client.name.charAt(0)}%0D%0A+                   </div>%0D%0A+                   <div>%0D%0A+                     <span className="text-[11px] uppercase tracking-wide text-[#8a8886]">%0D%0A+                       Active tenant%0D%0A+                     </span>%0D%0A+                     <h2 className="text-[16px] font-semibold leading-tight text-[#201f1e]">%0D%0A+                       {client.name}%0D%0A+                     </h2>%0D%0A+                   </div>%0D%0A+                 </div>%0D%0A+ %0D%0A+                 <div className="flex items-center gap-2">%0D%0A+                   <button%0D%0A+                     onClick={() => generateClientCompliancePDF(client)}%0D%0A+                     className="flex h-8 items-center gap-1.5 rounded border border-[#c8c6c4] px-3 text-[13px] text-[#323130] hover:bg-black/[.03]"%0D%0A+                   >%0D%0A+                     <Download className="h-3.5 w-3.5" />%0D%0A+                     <span>Compliance PDF</span>%0D%0A+                   </button>%0D%0A+                   <button%0D%0A+                     onClick={() => setSelectedClientId('global')}%0D%0A+                     className="flex h-8 w-8 items-center justify-center rounded border border-[#c8c6c4] text-[#605e5c] hover:bg-black/[.03]"%0D%0A+                     title="Close Drawer"%0D%0A+                   >%0D%0A+                     <X className="h-4 w-4" />%0D%0A+                   </button>%0D%0A+                 </div>%0D%0A+               </div>%0D%0A+ %0D%0A+               {/* Badges and summary bar */}%0D%0A+               <div className="mt-3 flex shrink-0 flex-wrap gap-2 text-[11px]">%0D%0A+                 <span className="rounded-md border border-[#e1dfdd] bg-[#f3f2f1] px-2.5 py-1 font-medium text-[#323130]">%0D%0A+                   Tier: {client.subscriptionTier}%0D%0A+                 </span>%0D%0A+                 <span className="rounded-md border border-[#e1dfdd] bg-[#f3f2f1] px-2.5 py-1 font-medium text-[#323130]">%0D%0A+                   Domain: {client.domain}%0D%0A+                 </span>%0D%0A+                 <span className={`inline-flex items-center gap-1.5 rounded-md border border-[#e1dfdd] bg-[#f3f2f1] px-2.5 py-1 font-medium ${riskStyle(client.riskLevel).text}`}>%0D%0A+                   <span className={`h-1.5 w-1.5 rounded-full ${riskStyle(client.riskLevel).dot}`} />%0D%0A+                   Risk: {client.riskLevel}%0D%0A+                 </span>%0D%0A+               </div>%0D%0A+ %0D%0A+               {/* Drawer Tabs Header */}%0D%0A+               <div className="mt-3 flex shrink-0 gap-1 overflow-x-auto border-b border-[#e1dfdd] text-[13px] select-none">%0D%0A+                 {[%0D%0A+                   { id: 'overview', label: 'Trust Coordinates', icon: Award },%0D%0A+                   { id: 'inventory', label: 'SBOM Inventory', icon: FileCheck },%0D%0A+                   { id: 'security', label: 'Security Center', icon: ShieldAlert },%0D%0A+                   { id: 'compliance', label: 'Framework Matrices', icon: Lock },%0D%0A+                   { id: 'team', label: 'Stakeholders', icon: Users }%0D%0A+                 ].map(tb => {%0D%0A+                   const Icon = tb.icon;%0D%0A+                   const isSel = workspaceTab === tb.id;%0D%0A+                   return (%0D%0A+                     <button%0D%0A+                       key={tb.id}%0D%0A+                       type="button"%0D%0A+                       onClick={() => setWorkspaceTab(tb.id as any)}%0D%0A+                       className={`flex items-center gap-1.5 whitespace-nowrap border-b-2 px-3 py-2 font-medium transition-colors ${%0D%0A+                         isSel%0D%0A+                           ? 'border-[#0f6cbd] text-[#0f6cbd]'%0D%0A+                           : 'border-transparent text-[#605e5c] hover:text-[#201f1e]'%0D%0A+                       }`}%0D%0A+                     >%0D%0A+                       <Icon className="h-3.5 w-3.5" />%0D%0A+                       <span>{tb.label}</span>%0D%0A+                     </button>%0D%0A+                   );%0D%0A+                 })}%0D%0A+               </div>%0D%0A+ %0D%0A+               {/* Drawer Tabs Body content */}%0D%0A+               <div className="flex-1 space-y-4 overflow-y-auto pt-4 pb-2">%0D%0A+ %0D%0A+                 {/* 1. Trust Coordinates Tab */}%0D%0A+                 {workspaceTab === 'overview' && (%0D%0A+                   <div className="space-y-4">%0D%0A+                     {/* Trust Scores strip */}%0D%0A+                     <div className="rounded-md border border-[#e1dfdd] bg-white p-4">%0D%0A+                       <h3 className="mb-3 text-[13px] font-semibold text-[#323130]">Core Trust Coordinates</h3>%0D%0A+                       <div className="flex flex-wrap gap-6">%0D%0A+                         <div>%0D%0A+                           <p className="text-[11px] text-[#605e5c]">Overall score</p>%0D%0A+                           <p className="mt-0.5 text-lg font-semibold text-[#201f1e]">{client.trustScore}</p>%0D%0A+                           <span className="text-[11px] text-[#8a8886]">Observed client record</span>%0D%0A+                         </div>%0D%0A+                         <div>%0D%0A+                           <p className="text-[11px] text-[#605e5c]">Security score</p>%0D%0A+                           <p className="mt-0.5 text-lg font-semibold text-[#201f1e]">%0D%0A+                             {securityScores.length > 0 ? Math.round(securityScores.reduce((sum, score) => sum + score, 0) / securityScores.length) : 'Not verified'}%0D%0A+                           </p>%0D%0A+                           <span className="text-[11px] text-[#8a8886]">Passport-derived</span>%0D%0A+                         </div>%0D%0A+                         <div>%0D%0A+                           <p className="text-[11px] text-[#605e5c]">Compliance score</p>%0D%0A+                           <p className="mt-0.5 text-lg font-semibold text-[#201f1e]">{client.complianceProgress}%25</p>%0D%0A+                           <span className="text-[11px] text-[#8a8886]">Client record</span>%0D%0A+                         </div>%0D%0A+                         <div>%0D%0A+                           <p className="text-[11px] text-[#605e5c]">Supplier reputation</p>%0D%0A+                           <p className="mt-0.5 text-lg font-semibold text-[#201f1e]">Not verified</p>%0D%0A+                           <span className="text-[11px] text-[#8a8886]">No vendor score observed</span>%0D%0A+                         </div>%0D%0A+                       </div>%0D%0A+                     </div>%0D%0A+ %0D%0A+                     {/* Company Overview Details Card */}%0D%0A+                     <div className="grid grid-cols-1 gap-4 rounded-md border border-[#e1dfdd] bg-white p-4 sm:grid-cols-2">%0D%0A+                       <div className="space-y-2">%0D%0A+                         <h3 className="text-[13px] font-semibold text-[#323130]">Tenant Profile Overview</h3>%0D%0A+                         <div className="space-y-1.5 text-[13px]">%0D%0A+                           <div className="flex justify-between border-b border-[#f3f2f1] pb-1.5">%0D%0A+                             <span className="text-[11px] text-[#8a8886]">Organization Name</span>%0D%0A+                             <span className="font-medium text-[#323130]">{client.name}</span>%0D%0A+                           </div>%0D%0A+                           <div className="flex justify-between border-b border-[#f3f2f1] pb-1.5">%0D%0A+                             <span className="text-[11px] text-[#8a8886]">Domain</span>%0D%0A+                             <span className="font-medium text-[#323130]">{client.domain}</span>%0D%0A+                           </div>%0D%0A+                           <div className="flex justify-between border-b border-[#f3f2f1] pb-1.5">%0D%0A+                             <span className="text-[11px] text-[#8a8886]">Industry</span>%0D%0A+                             <span className="font-medium text-[#323130]">{client.industry}</span>%0D%0A+                           </div>%0D%0A+                         </div>%0D%0A+                       </div>%0D%0A+ %0D%0A+                       <div className="space-y-2">%0D%0A+                         <h3 className="text-[13px] font-semibold text-[#323130]">SLA & Scope Details</h3>%0D%0A+                         <div className="space-y-1.5 text-[13px]">%0D%0A+                           <div className="flex justify-between border-b border-[#f3f2f1] pb-1.5">%0D%0A+                             <span className="text-[11px] text-[#8a8886]">Verified Registry</span>%0D%0A+                             <span className="font-medium text-[#323130]">tenant-{client.id}</span>%0D%0A+                           </div>%0D%0A+                           <div className="flex justify-between border-b border-[#f3f2f1] pb-1.5">%0D%0A+                             <span className="text-[11px] text-[#8a8886]">Joined Date</span>%0D%0A+                             <span className="font-medium text-[#323130]">{client.joinedDate}</span>%0D%0A+                           </div>%0D%0A+                           <div className="flex justify-between border-b border-[#f3f2f1] pb-1.5">%0D%0A+                             <span className="text-[11px] text-[#8a8886]">Compliance Target</span>%0D%0A+                             <span className="font-medium text-[#0f6cbd]">{client.complianceStatus.length ? client.complianceStatus.map((item) => item.code).join(', ') : 'Not observed'}</span>%0D%0A+                           </div>%0D%0A+                         </div>%0D%0A+                       </div>%0D%0A+                     </div>%0D%0A+                   </div>%0D%0A+                 )}%0D%0A+ %0D%0A+                 {/* 2. SBOM Inventory Tab */}%0D%0A+                 {workspaceTab === 'inventory' && (%0D%0A+                   <div className="space-y-3">%0D%0A+                     <div className="flex items-center justify-between">%0D%0A+                       <h3 className="text-[13px] font-semibold text-[#323130]">Registered Client Software Passports</h3>%0D%0A+                       <span className="text-[11px] text-[#8a8886]">Count: {client.passportCount}</span>%0D%0A+                     </div>%0D%0A+ %0D%0A+                     {client.softwareInventory.length === 0 && (%0D%0A+                       <div className="rounded-md border border-dashed border-[#e1dfdd] px-5 py-10 text-center text-[13px] text-[#8a8886]">No software passports registered for this client yet.</div>%0D%0A+                     )}%0D%0A+                     <div className="grid grid-cols-1 gap-3 sm:grid-cols-2">%0D%0A+                       {passports.filter(p => {%0D%0A+                         const clientPassportIds = new Set(client.softwareInventory.map(item => item.passportId));%0D%0A+                         return clientPassportIds.has(p.id);%0D%0A+                       }).map(p => (%0D%0A+                         <div%0D%0A+                           key={p.id}%0D%0A+                           onClick={() => onNavigateTab('passports', p.id)}%0D%0A+                           className="cursor-pointer space-y-2 rounded-md border border-[#e1dfdd] bg-white p-3 hover:border-[#0f6cbd]"%0D%0A+                         >%0D%0A+                           <div className="flex items-start justify-between">%0D%0A+                             <div>%0D%0A+                               <h4 className="text-[13px] font-medium text-[#201f1e]">{p.name}</h4>%0D%0A+                               <p className="text-[11px] text-[#8a8886]">Version: {p.version || 'Not observed'}</p>%0D%0A+                             </div>%0D%0A+                             <span className="rounded border border-[#e1dfdd] bg-[#eff6fc] px-2 py-0.5 text-[11px] font-medium text-[#0f6cbd]">%0D%0A+                               {p.sbom.length} Dependencies%0D%0A+                             </span>%0D%0A+                           </div>%0D%0A+ %0D%0A+                           <div className="flex items-center justify-between border-t border-[#f3f2f1] pt-2 text-[11px] text-[#605e5c]">%0D%0A+                             <span>Compliance: {p.complianceScore}%25</span>%0D%0A+                             <span className="flex items-center gap-0.5 font-medium text-[#0f6cbd]">%0D%0A+                               Open Passport <ChevronRight className="h-3 w-3" />%0D%0A+                             </span>%0D%0A+                           </div>%0D%0A+                         </div>%0D%0A+                       ))}%0D%0A+                     </div>%0D%0A+                   </div>%0D%0A+                 )}%0D%0A+ %0D%0A+                 {/* 3. Security Center Tab */}%0D%0A+                 {workspaceTab === 'security' && (%0D%0A+                   <div className="space-y-3">%0D%0A+                     <div className="flex items-center justify-between">%0D%0A+                       <h3 className="text-[13px] font-semibold text-[#323130]">Active Vulnerability Footprint</h3>%0D%0A+                       <button%0D%0A+                         onClick={() => onNavigateTab('alerts')}%0D%0A+                         className="text-[13px] font-medium text-[#0f6cbd] hover:underline"%0D%0A+                       >%0D%0A+                         Launch Threat Mitigator%0D%0A+                       </button>%0D%0A+                     </div>%0D%0A+ %0D%0A+                     <div className="overflow-hidden rounded-md border border-[#e1dfdd] bg-white">%0D%0A+                       <div className="overflow-x-auto">%0D%0A+                         <table className="w-full text-left">%0D%0A+                           <thead>%0D%0A+                             <tr className="border-b border-[#e1dfdd] text-[11px] uppercase tracking-wide text-[#605e5c]">%0D%0A+                               <th className="px-3 py-2.5 font-medium">CVE ID</th>%0D%0A+                               <th className="px-3 py-2.5 font-medium">Component</th>%0D%0A+                               <th className="px-3 py-2.5 font-medium">Severity</th>%0D%0A+                               <th className="px-3 py-2.5 font-medium">CVSS</th>%0D%0A+                               <th className="px-3 py-2.5 font-medium">Status</th>%0D%0A+                               <th className="px-3 py-2.5 font-medium">Threat Summary</th>%0D%0A+                             </tr>%0D%0A+                           </thead>%0D%0A+                           <tbody className="text-[13px] text-[#323130]">%0D%0A+                             {clientPassports.flatMap(passport => (passport.vulnerabilities || []).map(vulnerability => ({ passport, vulnerability }))).map(({ passport, vulnerability }, index) => (%0D%0A+                               <tr key={`${passport.id}-${vulnerability.id}-${index}`} className="border-b border-[#f3f2f1] hover:bg-black/[.02]">%0D%0A+                                 <td className="px-3 py-2.5 font-medium text-[#0f6cbd]">{vulnerability.id}</td>%0D%0A+                                 <td className="px-3 py-2.5">{vulnerability.component}</td>%0D%0A+                                 <td className="px-3 py-2.5"><span className="rounded-full border border-[#e1dfdd] bg-[#f3f2f1] px-2 py-0.5 text-[11px] uppercase text-[#605e5c]">{vulnerability.severity}</span></td>%0D%0A+                                 <td className="px-3 py-2.5">{vulnerability.cvss ?? 'Not observed'}</td>%0D%0A+                                 <td className="px-3 py-2.5"><span className="rounded border border-[#e1dfdd] bg-[#faf9f8] px-2 py-0.5 text-[11px] text-[#605e5c]">{vulnerability.status}</span></td>%0D%0A+                                 <td className="max-w-sm truncate px-3 py-2.5 text-[#605e5c]" title={vulnerability.description}>{vulnerability.description || 'No description observed.'}</td>%0D%0A+                               </tr>%0D%0A+                             ))}%0D%0A+                             {clientPassports.every(passport => !passport.vulnerabilities?.length) && <tr><td colSpan={6} className="px-3 py-6 text-center text-[#8a8886]">No vulnerability observations are recorded for this client.</td></tr>}%0D%0A+                           </tbody>%0D%0A+                         </table>%0D%0A+                       </div>%0D%0A+                     </div>%0D%0A+                   </div>%0D%0A+                 )}%0D%0A+ %0D%0A+                 {/* 4. Compliance Framework Matrices Tab */}%0D%0A+                 {workspaceTab === 'compliance' && (%0D%0A+                   <div className="grid grid-cols-1 gap-3 sm:grid-cols-2">%0D%0A+                     {client.complianceStatus.length === 0 && (%0D%0A+                       <div className="col-span-full rounded-md border border-dashed border-[#e1dfdd] px-5 py-10 text-center text-[13px] text-[#8a8886]">No compliance frameworks recorded for this client yet.</div>%0D%0A+                     )}%0D%0A+                     {client.complianceStatus.map((comp) => {%0D%0A+                       const cs = complianceStyle(comp.status);%0D%0A+                       return (%0D%0A+                         <div key={comp.id} className="flex flex-col justify-between gap-3 rounded-md border border-[#e1dfdd] bg-white p-4">%0D%0A+                           <div className="flex items-start justify-between">%0D%0A+                             <div>%0D%0A+                               <span className="rounded border border-[#e1dfdd] bg-[#eff6fc] px-2 py-0.5 text-[11px] font-medium text-[#0f6cbd]">%0D%0A+                                 {comp.code} Framework%0D%0A+                               </span>%0D%0A+                               <h3 className="mt-2 text-[13px] font-semibold text-[#201f1e]">{comp.name}</h3>%0D%0A+                             </div>%0D%0A+                             <span className={`inline-flex items-center gap-1.5 text-[13px] ${cs.text}`}>%0D%0A+                               <span className={`h-1.5 w-1.5 rounded-full ${cs.dot}`} />%0D%0A+                               {comp.status}%0D%0A+                             </span>%0D%0A+                           </div>%0D%0A+ %0D%0A+                           {/* Progress Bar */}%0D%0A+                           <div className="space-y-1.5">%0D%0A+                             <div className="flex justify-between text-[11px] text-[#605e5c]">%0D%0A+                               <span>Controls verification progress</span>%0D%0A+                               <span className="font-medium text-[#323130]">{comp.progress}%25</span>%0D%0A+                             </div>%0D%0A+                             <div className="h-1.5 w-full overflow-hidden rounded-full bg-[#f3f2f1]">%0D%0A+                               <div className="h-full bg-[#0f6cbd]" style={{ width: `${comp.progress}%25` }}></div>%0D%0A+                             </div>%0D%0A+                             <div className="flex justify-between text-[11px] text-[#8a8886]">%0D%0A+                               <span>{comp.compliantControls} of {comp.totalControls} Controls Certified</span>%0D%0A+                               <span>SLA Audit Ready</span>%0D%0A+                             </div>%0D%0A+                           </div>%0D%0A+ %0D%0A+                           <button%0D%0A+                             onClick={() => onNavigateTab('compliance')}%0D%0A+                             className="w-full rounded border border-[#c8c6c4] py-1.5 text-center text-[13px] text-[#323130] hover:bg-black/[.03]"%0D%0A+                           >%0D%0A+                             Launch Verification Portal%0D%0A+                           </button>%0D%0A+                         </div>%0D%0A+                       );%0D%0A+                     })}%0D%0A+                   </div>%0D%0A+                 )}%0D%0A+ %0D%0A+                 {/* 5. Team Directory Tab */}%0D%0A+                 {workspaceTab === 'team' && (%0D%0A+                   <div className="overflow-hidden rounded-md border border-[#e1dfdd] bg-white">%0D%0A+                     <div className="border-b border-[#e1dfdd] px-4 py-3">%0D%0A+                       <h3 className="text-[13px] font-semibold text-[#323130]">Client Stakeholders & Key Operators</h3>%0D%0A+                       <p className="mt-0.5 text-[11px] text-[#8a8886]">Authorizing authorities registered with access privileges inside this workspace.</p>%0D%0A+                     </div>%0D%0A+                     <div className="divide-y divide-[#f3f2f1]">%0D%0A+                       {client.teamMembers.length === 0 && (%0D%0A+                         <div className="px-4 py-10 text-center text-[13px] text-[#8a8886]">No stakeholders recorded for this client yet.</div>%0D%0A+                       )}%0D%0A+                       {client.teamMembers.map((member, i) => (%0D%0A+                         <div key={i} className="flex items-center justify-between px-4 py-3 hover:bg-black/[.02]">%0D%0A+                           <div className="flex items-center gap-2.5">%0D%0A+                             <div className="flex h-8 w-8 items-center justify-center rounded-full border border-[#e1dfdd] bg-[#eff6fc] text-[11px] font-semibold text-[#0f6cbd]">%0D%0A+                               {member.avatar}%0D%0A+                             </div>%0D%0A+                             <div>%0D%0A+                               <h4 className="text-[13px] font-medium text-[#201f1e]">{member.name}</h4>%0D%0A+                               <p className="text-[11px] text-[#8a8886]">{member.role}</p>%0D%0A+                             </div>%0D%0A+                           </div>%0D%0A+                           <div className="text-right">%0D%0A+                             <a%0D%0A+                               href={`mailto:${member.email}`}%0D%0A+                               className="flex items-center gap-1 text-[13px] font-medium text-[#0f6cbd] hover:underline"%0D%0A+                             >%0D%0A+                               <span>{member.email}</span>%0D%0A+                               <ExternalLink className="h-3.5 w-3.5" />%0D%0A+                             </a>%0D%0A+                             <span className="mt-1 block text-[11px] text-[#8a8886]">Privileges: Authorized Auditor</span>%0D%0A+                           </div>%0D%0A+                         </div>%0D%0A+                       ))}%0D%0A+                     </div>%0D%0A+                   </div>%0D%0A+                 )}%0D%0A+ %0D%0A+               </div>%0D%0A+             </motion.div>%0D%0A+           </>%0D%0A+         )}%0D%0A+       </AnimatePresence>%0D%0A+     </div>%0D%0A+   );%0D%0A+ }%0D%0A+%0A%0A ❯ tests/client-creation-contract.test.ts:101:15%0A%0A

::error file=/home/runner/work/software-passport-registry/software-passport-registry/tests/client-json-columns.test.ts,title=tests/client-json-columns.test.ts > the normalization is wired into every production path > the clients list and create endpoints both normalize before responding,line=140,column=20::AssertionError: expected '/**\n * @license\n * SPDX-License-Ide…' to contain 'from \'../lib/clientJsonColumns.ts\''%0A%0A- Expected%0A+ Received%0A%0A- from '../lib/clientJsonColumns.ts'%0A+ /**%0A+  * @license%0A+  * SPDX-License-Identifier: Apache-2.0%0A+  */%0A+%0A+ import { Router } from 'express';%0A+ import { eq } from 'drizzle-orm';%0A+ import { sql } from 'drizzle-orm';%0A+ import { z } from 'zod';%0A+ import { users } from '../db/schema.ts';%0A+ import { AuthenticatedRequest, requireAuth, requireRole } from '../middleware/security.ts';%0A+ import { adminAuth, setUserCustomClaims } from '../lib/firebase-admin.ts';%0A+ import { appendAuditEntry, verifyAuditChain } from '../security/audit-log.ts';%0A+ import { describeUserAgent, sessionFingerprint } from '../security/session-tracking.ts';%0A+ import { offboardTenantData } from '../db/sync.ts';%0A+ import { INTEGRATION_CATALOG } from '../integrations/catalog.ts';%0A+ import { adaptEvidenceForEvaluation } from '../lib/verification/evidenceAdapter.ts';%0A+ import { evaluateVerification, type VerificationDecision } from '../lib/verification/evaluateVerification.ts';%0A+%0A+ const INVITABLE_ROLES = ['Admin', 'Technician', 'Viewer', 'Client'] as const;%0A+ const inviteSchema = z.object({ email: z.string().trim().email().max(255), role: z.enum(INVITABLE_ROLES) }).strict();%0A+ const roleUpdateSchema = z.object({ role: z.enum(INVITABLE_ROLES) }).strict();%0A+ const profileUpdateSchema = z.object({%0A+   displayName: z.string().trim().max(200).optional(),%0A+   roleTitle: z.string().trim().max(200).optional(),%0A+   companyName: z.string().trim().max(200).optional(),%0A+ }).strict();%0A+ const revokeSessionSchema = z.object({ sessionId: z.string().trim().min(1).max(200) }).strict();%0A+%0A+ export function createAuthRouter() {%0A+   const router = Router();%0A+%0A+   // The Firebase ID token is the sole authentication authority. The database%0A+   // record supplies the tenant/RBAC projection after token verification.%0A+   router.get('/user/me', requireAuth, async (req: AuthenticatedRequest, res, next) => {%0A+     try {%0A+       const db = req.db!;%0A+       const user = await db.select({%0A+         id: users.id,%0A+         uid: users.uid,%0A+         email: users.email,%0A+         tenantId: users.tenantId,%0A+         role: users.role,%0A+         companyName: users.companyName,%0A+         roleTitle: users.roleTitle,%0A+         displayName: users.displayName,%0A+         numTechnicians: users.numTechnicians,%0A+         clientCount: users.clientCount,%0A+         primaryUseCase: users.primaryUseCase,%0A+         onboarded: users.onboarded,%0A+         mfaEnabled: users.mfaEnabled,%0A+         createdAt: users.createdAt,%0A+       }).from(users).where(eq(users.uid, req.user!.uid)).then(rows => rows[0]);%0A+%0A+       if (!user) return res.status(403).json({ error: 'User account is not provisioned' });%0A+       return res.json({ ...user, emailVerified: req.user!.emailVerified });%0A+     } catch (error) {%0A+       return next(error);%0A+     }%0A+   });%0A+%0A+   router.put('/user/profile', requireAuth, async (req: AuthenticatedRequest, res, next) => {%0A+     try {%0A+       const db = req.db!;%0A+       const parsed = profileUpdateSchema.safeParse(req.body);%0A+       if (!parsed.success) return res.status(400).json({ error: 'Invalid request', details: parsed.error.flatten() });%0A+       const result = await db.execute(sql`%0A+         UPDATE users SET%0A+           display_name = COALESCE(${parsed.data.displayName ?? null}, display_name),%0A+           role_title = COALESCE(${parsed.data.roleTitle ?? null}, role_title),%0A+           company_name = COALESCE(${parsed.data.companyName ?? null}, company_name)%0A+         WHERE uid = ${req.user!.uid} AND tenant_id = ${req.user!.tenantId}%0A+         RETURNING id, email, display_name AS "displayName", role_title AS "roleTitle", company_name AS "companyName"%0A+       `);%0A+       const row = (result as any).rows?.[0];%0A+       if (!row) return res.status(404).json({ error: 'User account not found' });%0A+       await appendAuditEntry(db, { tenantId: req.user!.tenantId, action: 'profile.updated', actor: req.user!.email, payload: { userId: req.user!.id } });%0A+       return res.json(row);%0A+     } catch (error) {%0A+       return next(error);%0A+     }%0A+   });%0A+%0A+   router.get('/organization/team', requireAuth, async (req: AuthenticatedRequest, res, next) => {%0A+     try {%0A+       const db = req.db!;%0A+       const result = await db.execute(sql`%0A+         SELECT id, email, display_name AS "displayName", role, onboarded, created_at AS "createdAt"%0A+         FROM users WHERE tenant_id = ${req.user!.tenantId} ORDER BY created_at ASC%0A+       `);%0A+       return res.json((result as any).rows ?? []);%0A+     } catch (error) {%0A+       return next(error);%0A+     }%0A+   });%0A+%0A+   router.post('/organization/invite', requireAuth, requireRole(['Owner', 'Admin']), async (req: AuthenticatedRequest, res, next) => {%0A+     try {%0A+       const db = req.db!;%0A+       const parsed = inviteSchema.safeParse(req.body);%0A+       if (!parsed.success) return res.status(400).json({ error: 'Invalid request', details: parsed.error.flatten() });%0A+       const email = parsed.data.email.toLowerCase();%0A+%0A+       const existing = await db.execute(sql`SELECT id FROM users WHERE tenant_id = ${req.user!.tenantId} AND lower(btrim(email)) = ${email} LIMIT 1`);%0A+       if ((existing as any).rows?.length) return res.status(409).json({ error: 'This email is already a member of your workspace.' });%0A+%0A+       let firebaseUser;%0A+       try {%0A+         firebaseUser = await adminAuth.getUserByEmail(email);%0A+       } catch {%0A+         firebaseUser = await adminAuth.createUser({ email, emailVerified: false });%0A+       }%0A+%0A+       const inserted = await db.execute(sql`%0A+         INSERT INTO users (uid, email, tenant_id, role, invited_by, onboarded)%0A+         VALUES (${firebaseUser.uid}, ${email}, ${req.user!.tenantId}, ${parsed.data.role}, ${req.user!.email}, 0)%0A+         RETURNING id, email, role%0A+       `);%0A+       await setUserCustomClaims(firebaseUser.uid, { workspaceId: req.user!.tenantId, role: parsed.data.role });%0A+%0A+       let inviteLink: string | null = null;%0A+       try { inviteLink = await adminAuth.generatePasswordResetLink(email); } catch { inviteLink = null; }%0A+%0A+       await appendAuditEntry(db, { tenantId: req.user!.tenantId, action: 'team.invited', actor: req.user!.email, payload: { invitedEmail: email, role: parsed.data.role } });%0A+       return res.status(201).json({ ...(inserted as any).rows?.[0], inviteLink });%0A+     } catch (error) {%0A+       return next(error);%0A+     }%0A+   });%0A+%0A+   router.put('/organization/team/:userId/role', requireAuth, requireRole(['Owner', 'Admin']), async (req: AuthenticatedRequest, res, next) => {%0A+     try {%0A+       const db = req.db!;%0A+       const parsed = roleUpdateSchema.safeParse(req.body);%0A+       if (!parsed.success) return res.status(400).json({ error: 'Invalid request', details: parsed.error.flatten() });%0A+       const targetId = Number(req.params.userId);%0A+       if (!Number.isInteger(targetId)) return res.status(400).json({ error: 'Invalid user id' });%0A+%0A+       const result = await db.execute(sql`%0A+         UPDATE users SET role = ${parsed.data.role}%0A+         WHERE id = ${targetId} AND tenant_id = ${req.user!.tenantId} AND role <> 'Owner'%0A+         RETURNING id, uid, email, role%0A+       `);%0A+       const row = (result as any).rows?.[0];%0A+       if (!row) return res.status(404).json({ error: 'Team member not found, or the Owner role cannot be changed here.' });%0A+       await setUserCustomClaims(row.uid, { workspaceId: req.user!.tenantId, role: parsed.data.role });%0A+       await appendAuditEntry(db, { tenantId: req.user!.tenantId, action: 'team.role_changed', actor: req.user!.email, payload: { targetUserId: targetId, newRole: parsed.data.role } });%0A+       return res.json({ id: row.id, email: row.email, role: row.role });%0A+     } catch (error) {%0A+       return next(error);%0A+     }%0A+   });%0A+%0A+   router.delete('/organization/team/:userId', requireAuth, requireRole(['Owner', 'Admin']), async (req: AuthenticatedRequest, res, next) => {%0A+     try {%0A+       const db = req.db!;%0A+       const targetId = Number(req.params.userId);%0A+       if (!Number.isInteger(targetId)) return res.status(400).json({ error: 'Invalid user id' });%0A+%0A+       const result = await db.execute(sql`%0A+         DELETE FROM users WHERE id = ${targetId} AND tenant_id = ${req.user!.tenantId} AND role <> 'Owner'%0A+         RETURNING id, uid, email%0A+       `);%0A+       const row = (result as any).rows?.[0];%0A+       if (!row) return res.status(404).json({ error: 'Team member not found, or the Owner cannot be removed.' });%0A+%0A+       try { await adminAuth.updateUser(row.uid, { disabled: true }); await adminAuth.revokeRefreshTokens(row.uid); } catch { /* Firebase account may already be gone; DB removal already took effect. */ }%0A+       await appendAuditEntry(db, { tenantId: req.user!.tenantId, action: 'team.removed', actor: req.user!.email, payload: { targetUserId: targetId, targetEmail: row.email } });%0A+       return res.status(204).send();%0A+     } catch (error) {%0A+       return next(error);%0A+     }%0A+   });%0A+%0A+   router.get('/auth/sessions', requireAuth, async (req: AuthenticatedRequest, res, next) => {%0A+     try {%0A+       const db = req.db!;%0A+       const currentIp = req.ip || req.socket.remoteAddress || 'unknown';%0A+       const currentUserAgent = typeof req.headers['user-agent'] === 'string' ? req.headers['user-agent'].slice(0, 512) : '';%0A+       const currentFingerprint = sessionFingerprint(req.user!.uid, currentIp, currentUserAgent);%0A+%0A+       const result = await db.execute(sql`%0A+         SELECT id, session_fingerprint AS "sessionFingerprint", ip, user_agent AS "userAgent", last_seen_at AS "lastSeenAt"%0A+         FROM user_sessions%0A+         WHERE tenant_id = ${req.user!.tenantId} AND user_id = ${req.user!.id} AND revoked_at IS NULL%0A+         ORDER BY last_seen_at DESC%0A+       `);%0A+       const rows = ((result as any).rows ?? []) as Array<{ id: string; sessionFingerprint: string; ip: string; userAgent: string; lastSeenAt: string }>;%0A+       return res.json(rows.map(row => ({%0A+         id: row.id,%0A+         email: req.user!.email,%0A+         current: row.sessionFingerprint === currentFingerprint,%0A+         ip: row.ip,%0A+         device: describeUserAgent(row.userAgent),%0A+         location: 'Not geolocated',%0A+         lastSeenAt: row.lastSeenAt,%0A+       })));%0A+     } catch (error) {%0A+       return next(error);%0A+     }%0A+   });%0A+%0A+   router.post('/auth/sessions/revoke', requireAuth, async (req: AuthenticatedRequest, res, next) => {%0A+     try {%0A+       const db = req.db!;%0A+       const parsed = revokeSessionSchema.safeParse(req.body);%0A+       if (!parsed.success) return res.status(400).json({ error: 'Invalid request', details: parsed.error.flatten() });%0A+       const currentIp = req.ip || req.socket.remoteAddress || 'unknown';%0A+       const currentUserAgent = typeof req.headers['user-agent'] === 'string' ? req.headers['user-agent'].slice(0, 512) : '';%0A+       const currentFingerprint = sessionFingerprint(req.user!.uid, currentIp, currentUserAgent);%0A+       if (parsed.data.sessionId === `sess_${currentFingerprint}`) return res.status(400).json({ error: 'Cannot revoke the session you are currently using. Sign out instead.' });%0A+%0A+       const result = await db.execute(sql`%0A+         UPDATE user_sessions SET revoked_at = NOW()%0A+         WHERE id = ${parsed.data.sessionId} AND tenant_id = ${req.user!.tenantId} AND user_id = ${req.user!.id} AND revoked_at IS NULL%0A+         RETURNING id%0A+       `);%0A+       if (!((result as any).rows?.length)) return res.status(404).json({ error: 'Session not found' });%0A+       await appendAuditEntry(db, { tenantId: req.user!.tenantId, action: 'session.revoked', actor: req.user!.email, payload: { sessionId: parsed.data.sessionId } });%0A+       return res.status(204).send();%0A+     } catch (error) {%0A+       return next(error);%0A+     }%0A+   });%0A+%0A+   router.get('/auth/login-history', requireAuth, async (req: AuthenticatedRequest, res, next) => {%0A+     try {%0A+       const db = req.db!;%0A+       const result = await db.execute(sql`%0A+         SELECT id, ip, user_agent AS "userAgent", status, occurred_at AS "occurredAt"%0A+         FROM login_history WHERE tenant_id = ${req.user!.tenantId} AND user_id = ${req.user!.id}%0A+         ORDER BY occurred_at DESC LIMIT 50%0A+       `);%0A+       const rows = ((result as any).rows ?? []) as Array<{ id: string; ip: string; userAgent: string; status: string; occurredAt: string }>;%0A+       return res.json(rows.map(row => ({%0A+         id: row.id,%0A+         email: req.user!.email,%0A+         status: row.status,%0A+         action: 'Sign-in',%0A+         timestamp: row.occurredAt,%0A+         ip: row.ip,%0A+         location: 'Not geolocated',%0A+       })));%0A+     } catch (error) {%0A+       return next(error);%0A+     }%0A+   });%0A+%0A+   router.get('/auth/audit-chain', requireAuth, async (req: AuthenticatedRequest, res, next) => {%0A+     try {%0A+       const db = req.db!;%0A+       const beforeRaw = typeof req.query.before === 'string' ? Number(req.query.before) : null;%0A+       const before = Number.isInteger(beforeRaw) && beforeRaw! > 0 ? beforeRaw : null;%0A+       const result = before%0A+         ? await db.execute(sql`%0A+             SELECT id, action, timestamp, actor, payload, current_hash AS "currentHash", previous_hash AS "previousHash"%0A+             FROM audit_trail WHERE tenant_id = ${req.user!.tenantId} AND id < ${before} ORDER BY id DESC LIMIT 50%0A+           `)%0A+         : await db.execute(sql`%0A+         SELECT id, action, timestamp, actor, payload, current_hash AS "currentHash", previous_hash AS "previousHash"%0A+         FROM audit_trail WHERE tenant_id = ${req.user!.tenantId} ORDER BY id DESC LIMIT 50%0A+       `);%0A+       const rows = ((result as any).rows ?? []) as Array<{ id: number; action: string; timestamp: string; actor: string; payload: string; currentHash: string; previousHash: string }>;%0A+       return res.json(rows.map(row => ({%0A+         id: row.id,%0A+         action: row.action,%0A+         timestamp: row.timestamp,%0A+         actor: row.actor,%0A+         payload: row.payload,%0A+         hash: row.currentHash,%0A+         currentHash: row.currentHash,%0A+         previousHash: row.previousHash,%0A+         block: { action: row.action, userEmail: row.actor.includes('@') ? row.actor : null },%0A+       })));%0A+     } catch (error) {%0A+       return next(error);%0A+     }%0A+   });%0A+%0A+   router.get('/auth/audit-chain/verify', requireAuth, async (req: AuthenticatedRequest, res, next) => {%0A+     try {%0A+       const db = req.db!;%0A+       return res.json(await verifyAuditChain(db, req.user!.tenantId));%0A+     } catch (error) {%0A+       return next(error);%0A+     }%0A+   });%0A+%0A+   router.post('/tenant/offboard', requireAuth, requireRole('Owner'), async (req: AuthenticatedRequest, res, next) => {%0A+     try {%0A+       // Purges via the owner-role connection (not req.db): offboarding must be%0A+       // able to see every table it enumerates from information_schema, and it%0A+       // already scopes every DELETE to exactly this caller's own tenant_id.%0A+       await offboardTenantData(req.user!.tenantId);%0A+       return res.status(200).json({ message: 'Tenant data purged.' });%0A+     } catch (error) {%0A+       return next(error);%0A+     }%0A+   });%0A+%0A+   // Owner-only founder metrics. Every value is either observed from tenant%0A+   // data or explicitly reported as not verified; this endpoint never invents%0A+   // production health, security, financial, or performance telemetry.%0A+   router.get('/founder/metrics', requireAuth, requireRole('Owner'), async (req: AuthenticatedRequest, res, next) => {%0A+     try {%0A+       const db = req.db!;%0A+       const counts = await db.execute(sql`%0A+         SELECT%0A+           (SELECT COUNT(*)::int FROM clients WHERE tenant_id = ${req.user!.tenantId}) AS "clientCount",%0A+           (SELECT COUNT(*)::int FROM passports WHERE tenant_id = ${req.user!.tenantId}) AS "passportCount",%0A+           (SELECT COUNT(*)::int FROM scans WHERE tenant_id = ${req.user!.tenantId}) AS "scanCount"%0A+       `);%0A+       const row = (counts as any).rows?.[0] || {};%0A+       return res.json({%0A+         latency: 'Not verified',%0A+         capitalProtected: 'Not verified',%0A+         throughput: 'Not verified',%0A+         mitigations: 'Not verified',%0A+         overallScore: null,%0A+         auditEvents: null,%0A+         activeThreats: null,%0A+         systemIntegrity: 'Not verified',%0A+         observed: {%0A+           clientCount: Number(row.clientCount || 0),%0A+           passportCount: Number(row.passportCount || 0),%0A+           scanCount: Number(row.scanCount || 0),%0A+         },%0A+       });%0A+     } catch (error) {%0A+       return next(error);%0A+     }%0A+   });%0A+%0A+   // Owner-only operational health for the command center. Every section reads%0A+   // from the real tables the corresponding subsystem already writes -- no%0A+   // second heartbeat, delivery ledger, integration status, or audit verifier%0A+   // is created here. Sections with no real backing data are omitted rather%0A+   // than populated with placeholder values; see the `notes` field.%0A+   router.get('/founder/operations', requireAuth, requireRole('Owner'), async (req: AuthenticatedRequest, res, next) => {%0A+     try {%0A+       const db = req.db!;%0A+       const tenantId = req.user!.tenantId;%0A+       const notes: string[] = [];%0A+%0A+       // --- A. Worker/job health ---------------------------------------------%0A+       // osv-worker.ts claims agent_jobs rows (job_type osv_manifest_scan /%0A+       // repository_scan). It has no separate heartbeat row; the queue state%0A+       // itself (locked_at/locked_by, the same 10-minute staleness window the%0A+       // worker uses to reclaim stuck jobs) is the real signal.%0A+       const [osvCounts, osvStale, osvFailures, osvActivity] = await Promise.all([%0A+         db.execute(sql`SELECT job_type AS "jobType", status, COUNT(*)::int AS count FROM agent_jobs WHERE tenant_id=${tenantId} AND job_type IN ('osv_manifest_scan','repository_scan') GROUP BY job_type, status`),%0A+         db.execute(sql`SELECT COUNT(*)::int AS count FROM agent_jobs WHERE tenant_id=${tenantId} AND job_type IN ('osv_manifest_scan','repository_scan') AND status='Running' AND locked_at < NOW() - INTERVAL '10 minutes'`),%0A+         db.execute(sql`SELECT id, job_type AS "jobType", error, attempt_count AS "attemptCount", max_attempts AS "maxAttempts", updated_at AS "updatedAt" FROM agent_jobs WHERE tenant_id=${tenantId} AND job_type IN ('osv_manifest_scan','repository_scan') AND status='Failed' ORDER BY updated_at DESC LIMIT 5`),%0A+         db.execute(sql`SELECT MAX(updated_at) AS "lastActivityAt" FROM agent_jobs WHERE tenant_id=${tenantId} AND job_type IN ('osv_manifest_scan','repository_scan')`),%0A+       ]);%0A+%0A+       // monitoring-worker.ts (the file name this dashboard's spec named) is not%0A+       // imported by worker.ts and never runs in production -- confirmed dead%0A+       // code, not a running system. trust-monitoring-worker.ts is the real,%0A+       // currently-running system that plays the equivalent role (collector_jobs%0A+       // has an actual heartbeat_at column, unlike agent_jobs).%0A+       const [monitoringCounts, monitoringHeartbeat, monitoringFailures] = await Promise.all([%0A+         db.execute(sql`SELECT state, COUNT(*)::int AS count FROM collector_jobs WHERE tenant_id=${tenantId} GROUP BY state`),%0A+         db.execute(sql`SELECT MAX(heartbeat_at) AS "lastHeartbeatAt" FROM collector_jobs WHERE tenant_id=${tenantId} AND state='running'`),%0A+         db.execute(sql`SELECT id, collector_id AS "collectorId", safe_error_code AS "errorCode", safe_error_message AS "errorMessage", completed_at AS "completedAt" FROM collector_jobs WHERE tenant_id=${tenantId} AND state IN ('failed','dead_lettered') ORDER BY completed_at DESC NULLS LAST LIMIT 5`),%0A+       ]);%0A+       notes.push('monitoring-worker.ts is dead code (never imported by worker.ts); "monitoringWorker" below reflects trust-monitoring-worker.ts, the real running system for the same role.');%0A+%0A+       // --- B. Webhook delivery health ----------------------------------------%0A+       const [webhookCounts, webhookEndpoints, webhookFailures] = await Promise.all([%0A+         db.execute(sql`SELECT status, COUNT(*)::int AS count FROM spr_webhook_deliveries WHERE tenant_id=${tenantId} AND created_at::timestamptz > NOW() - INTERVAL '7 days' GROUP BY status`),%0A+         db.execute(sql`SELECT COUNT(*) FILTER (WHERE active)::int AS "activeCount", COUNT(*) FILTER (WHERE NOT active)::int AS "disabledCount" FROM spr_webhooks WHERE tenant_id=${tenantId}`),%0A+         db.execute(sql`SELECT d.id, d.webhook_id AS "webhookId", w.url, d.event_type AS "eventType", d.safe_error_code AS "errorCode", d.safe_error_message AS "errorMessage", d.completed_at AS "completedAt" FROM spr_webhook_deliveries d JOIN spr_webhooks w ON w.id=d.webhook_id AND w.tenant_id=d.tenant_id WHERE d.tenant_id=${tenantId} AND d.status IN ('failed','dead_lettered') ORDER BY d.completed_at DESC NULLS LAST LIMIT 10`),%0A+       ]);%0A+       notes.push('Webhook failures are grouped by destination endpoint (webhookId/url), not "provider" -- SPR webhooks are user-configured destination URLs, not third-party provider connectors; there is no per-provider concept for outbound deliveries.');%0A+%0A+       // --- C. Integration health ----------------------------------------------%0A+       const [credentialRows, integrationRows] = await Promise.all([%0A+         db.execute(sql`SELECT provider, status, last_tested_at AS "lastTestedAt" FROM integration_credentials WHERE tenant_id=${tenantId}`),%0A+         db.execute(sql`SELECT name, connected, last_sync_date AS "lastSyncDate" FROM integrations WHERE tenant_id=${tenantId}`),%0A+       ]);%0A+       const credentialByProvider = new Map<string, any>((credentialRows as any).rows?.map((r: any) => [r.provider, r]) ?? []);%0A+       const integrationByName = new Map<string, any>((integrationRows as any).rows?.map((r: any) => [r.name, r]) ?? []);%0A+       const integrations = INTEGRATION_CATALOG.map((item) => ({%0A+         provider: item.provider,%0A+         name: item.name,%0A+         connected: Boolean(integrationByName.get(item.name)?.connected),%0A+         lastSyncDate: integrationByName.get(item.name)?.lastSyncDate ?? null,%0A+         credentialStatus: credentialByProvider.get(item.provider)?.status ?? 'NOT_CONFIGURED',%0A+         lastTestedAt: credentialByProvider.get(item.provider)?.lastTestedAt ?? null,%0A+       }));%0A+%0A+       // --- D. Audit chain integrity --------------------------------------------%0A+       // Reuses the exact function GET /api/auth/audit-chain/verify calls --%0A+       // no second verifier.%0A+       const auditChain = await verifyAuditChain(db, tenantId);%0A+%0A+       // --- E. Scan / job queue --------------------------------------------------%0A+       const [runningRepoScans, complianceSchedules] = await Promise.all([%0A+         db.execute(sql`SELECT id, passport_id AS "passportId", status, progress, updated_at AS "updatedAt" FROM agent_jobs WHERE tenant_id=${tenantId} AND job_type='repository_scan' AND status='Running' ORDER BY updated_at DESC LIMIT 10`),%0A+         db.execute(sql`SELECT id, client_id AS "clientId", frequency, status, last_audit_at AS "lastAuditAt", next_audit_at AS "nextAuditAt" FROM compliance_schedules WHERE tenant_id=${tenantId} ORDER BY COALESCE(last_audit_at, created_at) DESC LIMIT 10`),%0A+       ]);%0A+%0A+       return res.json({%0A+         generatedAt: new Date().toISOString(),%0A+         workers: {%0A+           osv: {%0A+             countsByStatus: (osvCounts as any).rows ?? [],%0A+             staleRunningCount: Number((osvStale as any).rows?.[0]?.count ?? 0),%0A+             recentFailures: (osvFailures as any).rows ?? [],%0A+             lastActivityAt: (osvActivity as any).rows?.[0]?.lastActivityAt ?? null,%0A+           },%0A+           monitoringWorker: {%0A+             realSource: 'trust-monitoring-worker.ts (collector_jobs)',%0A+             countsByState: (monitoringCounts as any).rows ?? [],%0A+             lastHeartbeatAt: (monitoringHeartbeat as any).rows?.[0]?.lastHeartbeatAt ?? null,%0A+             recentFailures: (monitoringFailures as any).rows ?? [],%0A+           },%0A+         },%0A+         webhooks: {%0A+           countsByStatusLast7Days: (webhookCounts as any).rows ?? [],%0A+           activeEndpoints: Number((webhookEndpoints as any).rows?.[0]?.activeCount ?? 0),%0A+           disabledEndpoints: Number((webhookEndpoints as any).rows?.[0]?.disabledCount ?? 0),%0A+           recentFailures: (webhookFailures as any).rows ?? [],%0A+         },%0A+         integrations,%0A+         auditChain,%0A+         queue: {%0A+           runningRepositoryScans: (runningRepoScans as any).rows ?? [],%0A+           recentlyFailedJobs: (osvFailures as any).rows ?? [],%0A+           complianceSchedules: (complianceSchedules as any).rows ?? [],%0A+         },%0A+         notes,%0A+       });%0A+     } catch (error) {%0A+       return next(error);%0A+     }%0A+   });%0A+%0A+   // Owner-only self-passport retrieval. Absence of evidence is represented as%0A+   // a 404 instead of a fabricated passport or trust score.%0A+   router.get('/passports/self-passport', requireAuth, requireRole('Owner'), async (req: AuthenticatedRequest, res, next) => {%0A+     try {%0A+       const db = req.db!;%0A+       const result = await db.execute(sql`%0A+         SELECT%0A+           id,%0A+           name,%0A+           version,%0A+           publisher,%0A+           release_date AS "releaseDate",%0A+           evidence%0A+         FROM passports%0A+         WHERE tenant_id = ${req.user!.tenantId}%0A+         ORDER BY release_date DESC NULLS LAST, id DESC%0A+         LIMIT 1%0A+       `);%0A+       const row = (result as any).rows?.[0];%0A+       if (!row) return res.status(404).json({ error: 'Self passport evidence not found', code: 'SELF_PASSPORT_NOT_FOUND' });%0A+       return res.json({%0A+         ...row,%0A+         overallScore: null,%0A+         healthStatus: 'Not verified',%0A+         evidence: Array.isArray(row.evidence) ? row.evidence : [],%0A+       });%0A+     } catch (error) {%0A+       return next(error);%0A+     }%0A+   });%0A+%0A+   // Firebase-authenticated, tenant-scoped reads for the first-party SPA.%0A+   // These are deliberately separate from /connect/v1, which is API-key based.%0A+   router.get('/user/clients', requireAuth, async (req: AuthenticatedRequest, res, next) => {%0A+     try {%0A+       const db = req.db!;%0A+       const result = await db.execute(sql`SELECT id, name, domain, industry, trust_score AS "trustScore", risk_level AS "riskLevel", avatar_color AS "avatarColor", subscription_tier AS "subscriptionTier", joined_date AS "joinedDate", team_count AS "teamCount", passport_count AS "passportCount", critical_risks_count AS "criticalRisksCount", compliance_progress AS "complianceProgress", software_inventory AS "softwareInventory", compliance_status AS "complianceStatus", team_members AS "teamMembers", activity_timeline AS "activityTimeline" FROM clients WHERE tenant_id=${req.user!.tenantId} ORDER BY joined_date DESC`);%0A+       return res.json((result as any).rows || []);%0A+     } catch (error) {%0A+       return next(error);%0A+     }%0A+   });%0A+%0A+   router.get('/user/passports', requireAuth, async (req: AuthenticatedRequest, res, next) => {%0A+     try {%0A+       const db = req.db!;%0A+       const result = await db.execute(sql`SELECT p.id, p.client_id AS "clientId", p.name, p.version, p.publisher, p.category, p.release_date AS "releaseDate", p.license_type AS "licenseType", p.sbom, COALESCE((SELECT json_agg(json_build_object('id', e.id, 'name', e.name, 'type', e.type, 'verified', e.verified, 'status', e.status, 'signer', e.signer, 'timestamp', e.timestamp, 'hash', e.hash, 'engineId', e.engine_id, 'verificationFailureReason', e.verification_failure_reason) ORDER BY e.timestamp DESC) FROM evidence_items e WHERE e.tenant_id=p.tenant_id AND e.asset_id=p.id), '[]'::json) AS evidence, COALESCE((SELECT json_agg(json_build_object('id', f.id, 'findingId', f.id, 'severity', f.severity, 'category', f.category, 'title', f.title, 'description', f.description, 'component', f.component, 'fixedVersion', f.fixed_version, 'status', f.status, 'detectedAt', f.detected_at, 'engineId', f.engine_id) ORDER BY f.detected_at DESC) FROM scan_findings f WHERE f.tenant_id=p.tenant_id AND f.asset_id=p.id), '[]'::json) AS vulnerabilities, p.timeline, NULL AS scores, 'not_authoritatively_scored' AS "scoreStatus" FROM passports p WHERE p.tenant_id=${req.user!.tenantId} ORDER BY p.name ASC`);%0A+       return res.json((result as any).rows || []);%0A+     } catch (error) {%0A+       return next(error);%0A+     }%0A+   });%0A+%0A+   router.get('/user/extensions', requireAuth, async (req: AuthenticatedRequest, res, next) => {%0A+     try {%0A+       const db = req.db!;%0A+       const result = await db.execute(sql`SELECT extension_id AS "extensionId", installed_at AS "installedAt" FROM extension_installations WHERE tenant_id=${req.user!.tenantId} ORDER BY installed_at DESC`);%0A+       return res.json((result as any).rows || []);%0A+     } catch (error) {%0A+       return next(error);%0A+     }%0A+   });%0A+%0A+   router.post('/user/extensions/:extensionId', requireAuth, requireRole(['Owner', 'Admin', 'Operator']), async (req: AuthenticatedRequest, res, next) => {%0A+     try {%0A+       const extensionId = String(req.params.extensionId || '').trim();%0A+       if (!/^[A-Za-z0-9_.-]{1,120}$/.test(extensionId)) return res.status(400).json({ error: 'Invalid extension id' });%0A+       const db = req.db!;%0A+       const result = await db.execute(sql`INSERT INTO extension_installations (tenant_id, extension_id, installed_at) VALUES (${req.user!.tenantId}, ${extensionId}, NOW()) ON CONFLICT (tenant_id, extension_id) DO UPDATE SET installed_at=NOW() RETURNING extension_id AS "extensionId", installed_at AS "installedAt"`);%0A+       return res.status(201).json((result as any).rows?.[0]);%0A+     } catch (error) {%0A+       return next(error);%0A+     }%0A+   });%0A+%0A+   router.delete('/user/extensions/:extensionId', requireAuth, requireRole(['Owner', 'Admin', 'Operator']), async (req: AuthenticatedRequest, res, next) => {%0A+     try {%0A+       const db = req.db!;%0A+       const extensionId = String(req.params.extensionId || '').trim();%0A+       const result = await db.execute(sql`DELETE FROM extension_installations WHERE tenant_id=${req.user!.tenantId} AND extension_id=${extensionId} RETURNING extension_id`);%0A+       if (!((result as any).rows?.length)) return res.status(404).json({ error: 'Extension installation not found' });%0A+       return res.status(204).send();%0A+     } catch (error) {%0A+       return next(error);%0A+     }%0A+   });%0A+%0A+   router.get('/auth/verify-status', requireAuth, async (req: AuthenticatedRequest, res) => {%0A+     return res.json({ verified: req.user!.emailVerified, emailVerified: req.user!.emailVerified });%0A+   });%0A+%0A+%0A+%0A+   router.get('/user/passports/:id/verification', requireAuth, async (req: AuthenticatedRequest, res, next) => {%0A+     try {%0A+       const db = req.db!;%0A+       const tenantId = req.user!.tenantId;%0A+       const clientScope = req.user!.role === 'Client' ? (req.user as any).clientId : null;%0A+       const passportResult = await db.execute(sql`SELECT id, version, evidence, client_id AS "clientId" FROM passports WHERE id=${req.params.id} AND tenant_id=${tenantId} AND (${clientScope} IS NULL OR client_id=${clientScope}) LIMIT 1`) as any;%0A+       const passport = passportResult.rows?.[0];%0A+       if (!passport) return res.status(404).json({ error: 'Passport not found' });%0A+       const findingResult = await db.execute(sql`SELECT id, passport_id AS "passportId", evidence_ids, status FROM trust_findings WHERE tenant_id=${tenantId} AND passport_id=${passport.id}`) as any;%0A+       const parseJson = (value: unknown): unknown[] => { try { const parsed = JSON.parse(String(value ?? '')); return Array.isArray(parsed) ? parsed : []; } catch { return []; } };%0A+       const openFindingEvidenceIds = (findingResult.rows ?? []).filter((row: any) => !['resolved','closed','verified'].includes(String(row.status || '').toLowerCase())).flatMap((row: any) => parseJson(row.evidence_ids)).filter((id: any): id is string => typeof id === 'string');%0A+       const adapted = adaptEvidenceForEvaluation({ evidence: parseJson(passport.evidence) as any[], passportVersion: passport.version, openFindingEvidenceIds });%0A+       const evaluatedAt = Date.now();%0A+       const decision = evaluateVerification({ evidence: adapted.evidence, evaluatedAt, targetIdentity: adapted.targetIdentity });%0A+       res.setHeader('Cache-Control', 'private, max-age=0, no-store');%0A+       return res.json({ decision, observations: decision.observationCount, independentSources: decision.independentSourceCount });%0A+     } catch (error) { return next(error); }%0A+   });%0A+%0A+   router.get('/user/verification', requireAuth, async (req: AuthenticatedRequest, res, next) => {%0A+     try {%0A+       const db = req.db!;%0A+       const tenantId = req.user!.tenantId;%0A+       const clientScope = req.user!.role === 'Client' ? (req.user as any).clientId : null;%0A+       const passportRows = (await db.execute(sql`SELECT id, version, evidence, client_id AS "clientId" FROM passports WHERE tenant_id=${tenantId} AND (${clientScope} IS NULL OR client_id=${clientScope}) ORDER BY id`) as any).rows ?? [];%0A+       const passportIds = passportRows.map((row: any) => String(row.id));%0A+       const parseJson = (value: unknown): unknown[] => { try { const parsed = JSON.parse(String(value ?? '')); return Array.isArray(parsed) ? parsed : []; } catch { return []; } };%0A+       // Drizzle's proven one-query binding shape for the passport findings is%0A+       // `asset_id IN ${passportIds}`; do not replace this with ANY(array).%0A+       const findingRows = passportIds.length ? ((await db.execute(sql`SELECT id, passport_id AS "passportId", evidence_ids, status FROM trust_findings WHERE tenant_id=${tenantId} AND passport_id IN ${passportIds}`) as any).rows ?? []) : [];%0A+       const evidenceByPassport = new Map<string, any[]>();%0A+       for (const passport of passportRows) evidenceByPassport.set(String(passport.id), parseJson(passport.evidence) as any[]);%0A+       const evaluatedAt = Date.now();%0A+       const verificationDecisions: Record<string, VerificationDecision> = {};%0A+       const verificationDetails: Record<string, unknown> = {};%0A+       for (const passport of passportRows) {%0A+         const findings = findingRows.filter((row: any) => String(row.passportId) === String(passport.id));%0A+         const openFindingEvidenceIds = findings.filter((row: any) => !['resolved','closed','verified'].includes(String(row.status || '').toLowerCase())).flatMap((row: any) => parseJson(row.evidence_ids)).filter((id: any): id is string => typeof id === 'string');%0A+         const adapted = adaptEvidenceForEvaluation({ evidence: evidenceByPassport.get(String(passport.id)) ?? [], passportVersion: passport.version, openFindingEvidenceIds });%0A+         const decision = evaluateVerification({ evidence: adapted.evidence, evaluatedAt, targetIdentity: adapted.targetIdentity });%0A+         verificationDecisions[String(passport.id)] = decision;%0A+         verificationDetails[String(passport.id)] = { unmappedCount: adapted.unmappedCount, undatedCount: adapted.undatedCount, observations: decision.observationCount, independentSources: decision.independentSourceCount };%0A+       }%0A+       res.setHeader('Cache-Control', 'private, max-age=0, no-store');%0A+       return res.json({ verificationDecisions, verificationDetails });%0A+     } catch (error) { return next(error); }%0A+   });%0A+%0A+   return router;%0A+ }%0A+%0A%0A ❯ tests/client-json-columns.test.ts:140:20%0A%0A

::error file=/home/runner/work/software-passport-registry/software-passport-registry/tests/client-json-columns.test.ts,title=tests/client-json-columns.test.ts > the normalization is wired into every production path > the browser normalizes clients on receipt as defence in depth,line=147,column=20::AssertionError: expected 'import { useEffect, useMemo, useState…' to contain 'normalizeClientRecord({ ...row'%0A%0A- Expected%0A+ Received%0A%0A- normalizeClientRecord({ ...row%0A+ import { useEffect, useMemo, useState, type ReactNode } from 'react';%0A+ import { getRedirectResult, onAuthStateChanged, signOut, type User } from 'firebase/auth';%0A+ import type { Alert, Client, Integration, Scan, SoftwarePassport, Vendor } from './types';%0A+ import type { VerificationDecision } from './lib/verification/evaluateVerification.ts';%0A+ import { apiFetch } from './utils/apiClient';%0A+ import { auth } from './lib/firebase';%0A+ import CommandCenter from './components/CommandCenter';%0A+ import ExtensionWorkflow from './components/ExtensionWorkflow';%0A+ import ExtensionMarketplace from './components/ExtensionMarketplace';%0A+ import LoginView from './components/LoginView';%0A+ import EvidenceDashboardView from './components/EvidenceDashboardView';%0A+ import EvidenceExplorerView from './components/EvidenceExplorerView';%0A+ import AITrustCenterView from './components/AITrustCenterView';%0A+ import CoverageView from './components/CoverageView';%0A+ import AssetsView from './components/AssetsView';%0A+ import PassportsView from './components/PassportsView';%0A+ import ScansView from './components/ScansView';%0A+ import AlertsView from './components/AlertsView';%0A+ import ClientsView from './components/ClientsView';%0A+ import VendorsView from './components/VendorsView';%0A+ import IntegrationsView from './components/IntegrationsView';%0A+ import BillingView from './components/BillingView';%0A+ import ComplianceView from './components/ComplianceView';%0A+ import AgentTrustView from './components/AgentTrustView';%0A+ import EnterpriseReadinessView from './components/EnterpriseReadinessView';%0A+ import FounderDashboardView from './components/FounderDashboardView';%0A+ import InvestorHomeView from './components/InvestorHomeView';%0A+ import SettingsView from './components/SettingsView';%0A+ import TeamView from './components/TeamView';%0A+ import AuditLogView from './components/AuditLogView';%0A+ import MonitoringView from './components/MonitoringView';%0A+ import SecurityCenterView from './components/SecurityCenterView';%0A+ import MSPCommandCenter from './components/MSPCommandCenter';%0A+ import ReportsView from './components/ReportsView';%0A+ import TrustGraphView from './components/TrustGraphView';%0A+ import { EXTENSIONS } from './workflows/extensionRegistry';%0A+ const PUBLIC_PATHS = new Set(['/','/login','/free-review','/pricing']);%0A+ const EMPTY_CLIENTS: Client[] = []; const EMPTY_PASSPORTS: SoftwarePassport[] = []; const EMPTY_VENDORS: Vendor[] = []; const EMPTY_INTEGRATIONS: Integration[] = []; const EMPTY_SCANS: Scan[] = []; const EMPTY_ALERTS: Alert[] = [];%0A+ function deriveAlertStatus(remediationStatus: string | null | undefined, findingStatus: string | null | undefined): Alert['status'] { switch (remediationStatus) { case 'IN_PROGRESS': case 'READY_FOR_VERIFICATION': return 'Acknowledged'; case 'BLOCKED': return 'Snoozed'; case 'VERIFIED': case 'CLOSED': return 'Resolved'; case 'CANCELLED': return 'Cancelled'; case 'OPEN': return 'Active'; default: return String(findingStatus || '').toLowerCase() === 'resolved' ? 'Resolved' : 'Active'; } }%0A+ function navigate(path: string) { window.history.pushState({}, '', path); window.dispatchEvent(new PopStateEvent('popstate')); }%0A+ function usePath() { const [path, setPath] = useState(() => window.location.pathname || '/'); useEffect(() => { const update = () => setPath(window.location.pathname || '/'); window.addEventListener('popstate', update); return () => window.removeEventListener('popstate', update); }, []); return path; }%0A+ function AuthLoading() { return <div className="grid min-h-screen place-items-center bg-[#faf9f8] text-[#201f1e]"><div className="text-center"><div className="mx-auto grid h-10 w-10 place-items-center rounded bg-[#0f6cbd] text-xs font-bold text-white">S</div><div className="mt-4 text-[11px] font-semibold uppercase tracking-wide text-[#605e5c]">Securing workspace</div><div className="mt-1 text-[12px] text-[#8a8886]">Checking authenticated session…</div></div></div>; }%0A+ function CoverPage() { return <div className="min-h-screen bg-[#faf9f8] text-[#201f1e]"><div className="mx-auto flex min-h-screen max-w-5xl items-center px-6 py-16"><div className="max-w-3xl"><div className="mb-5 inline-flex items-center gap-1.5 rounded border border-[#e1dfdd] bg-white px-2.5 py-1 text-[11px] font-semibold uppercase tracking-wide text-[#605e5c]">Evidence-first software trust</div><h1 className="text-[28px] font-semibold tracking-tight md:text-[34px]">Software trust, operated as a system.</h1><p className="mt-4 max-w-2xl text-[14px] leading-6 text-[#605e5c]">Software Passport Registry turns software identity, security, provenance, reliability, compliance, and evidence into repeatable workflows for teams, buyers, and managed service providers.</p><div className="mt-6 flex flex-wrap gap-2"><button onClick={() => navigate('/login')} className="h-9 rounded bg-[#0f6cbd] px-4 text-[13px] font-semibold text-white hover:bg-[#004578]">Enter SPR</button><button onClick={() => navigate('/free-review')} className="h-9 rounded border border-[#c8c6c4] bg-white px-4 text-[13px] font-medium text-[#323130] hover:bg-black/[.03]">Free review</button></div></div></div></div>; }%0A+ function PublicPage({ title, description, action, onAction }: { title: string; description: string; action: string; onAction: () => void }) { return <div className="grid min-h-screen place-items-center bg-[#faf9f8] px-6 text-[#201f1e]"><div className="max-w-md rounded-md border border-[#e1dfdd] bg-white p-6 text-center"><div className="text-[11px] font-semibold uppercase tracking-wide text-[#605e5c]">Software Passport Registry</div><h1 className="mt-2 text-[20px] font-semibold">{title}</h1><p className="mt-2 text-[13px] leading-5 text-[#605e5c]">{description}</p><button onClick={onAction} className="mt-5 h-9 rounded bg-[#0f6cbd] px-4 text-[13px] font-semibold text-white hover:bg-[#004578]">{action}</button></div></div>; }%0A+ function WorkflowBoundary({ title, description, extensionId, onNavigate }: { title: string; description: string; extensionId?: string; onNavigate: (path: string) => void }) { const extension = extensionId ? EXTENSIONS.find((item) => item.id === extensionId) : undefined; return <section><div className="rounded-md border border-[#e1dfdd] bg-white p-5"><div className="text-[11px] font-semibold uppercase tracking-wide text-[#605e5c]">Workflow boundary</div><h1 className="mt-1.5 text-[20px] font-semibold tracking-tight">{title}</h1><p className="mt-2 max-w-2xl text-[13px] leading-5 text-[#605e5c]">{description}</p>{extension && <button onClick={() => onNavigate(extension.entryPath)} className="mt-4 h-8 rounded bg-[#0f6cbd] px-3 text-[12px] font-semibold text-white hover:bg-[#004578]">Open {extension.name} →</button>}</div></section>; }%0A+ export default function App() {%0A+  const path=usePath(); const [authReady,setAuthReady]=useState(false); const [user,setUser]=useState<User|null>(null); const [role,setRole]=useState('Viewer'); const [selectedClientId,setSelectedClientId]=useState(''); const [selectedPassportId,setSelectedPassportId]=useState<string|null>(null); const [assets,setAssets]=useState<any[]>([]); const [clients,setClients]=useState<Client[]>(EMPTY_CLIENTS); const [passports,setPassports]=useState<SoftwarePassport[]>(EMPTY_PASSPORTS); const [vendors,setVendors]=useState<Vendor[]>(EMPTY_VENDORS); const [alerts,setAlerts]=useState<Alert[]>(EMPTY_ALERTS); const [findings,setFindings]=useState<unknown[]>([]); const [scans,setScans]=useState<Scan[]>(EMPTY_SCANS); const [integrations,setIntegrations]=useState<Integration[]>(EMPTY_INTEGRATIONS); const [theme,setTheme]=useState<'light'|'dark'>('dark'); const [verificationDecisions,setVerificationDecisions]=useState<Record<string,VerificationDecision>>({}); const [verificationDetails,setVerificationDetails]=useState<Record<string,unknown>>({});%0A+  useEffect(()=>{let mounted=true;let redirectSettled=false;let observedUser:User|null=null;const timeoutId=window.setTimeout(()=>{if(mounted)setAuthReady(true)},10000);const unsubscribe=onAuthStateChanged(auth,(currentUser)=>{if(!mounted)return;observedUser=currentUser;if(!redirectSettled)return;setUser(currentUser);setAuthReady(true);window.clearTimeout(timeoutId)},()=>{if(mounted){setAuthReady(true);window.clearTimeout(timeoutId)}});void getRedirectResult(auth).then(result=>{redirectSettled=true;if(mounted)setUser(result?.user||observedUser);if(mounted)setAuthReady(true);window.clearTimeout(timeoutId)}).catch(error=>{redirectSettled=true;console.error('[Firebase redirect sign-in error]',error);if(mounted)setUser(observedUser);if(mounted)setAuthReady(true);window.clearTimeout(timeoutId)});return()=>{mounted=false;window.clearTimeout(timeoutId);unsubscribe()}},[]);%0A+  useEffect(()=>{if(authReady&&!user&&!PUBLIC_PATHS.has(path))navigate('/login')},[authReady,user,path]);%0A+  useEffect(()=>{if(!user)return;let cancelled=false;const load=async()=>{const responses=await Promise.all([apiFetch('/api/user/me'),apiFetch('/api/scans'),apiFetch('/api/trust-loop/findings'),apiFetch('/api/user/passports'),apiFetch('/api/user/clients'),apiFetch('/api/integrations'),apiFetch('/api/user/verification')]);if(responses.some(r=>r.status===401)){await signOut(auth);navigate('/login');return}const [me,scansResponse,findingsResponse,passportsResponse,clientsResponse,integrationsResponse,verificationResponse]=responses;if(verificationResponse.ok){const data=await verificationResponse.json().catch(()=>null);if(!cancelled){setVerificationDecisions(data?.verificationDecisions&&typeof data.verificationDecisions==='object'?data.verificationDecisions:{});setVerificationDetails(data?.verificationDetails&&typeof data.verificationDetails==='object'?data.verificationDetails:{})}}else if(!cancelled){setVerificationDecisions({});setVerificationDetails({})}if(me.ok){const data=await me.json().catch(()=>null);if(!cancelled)setRole(String(data?.role||'Viewer'))}if(scansResponse.ok){const data=await scansResponse.json().catch(()=>[]);if(!cancelled&&Array.isArray(data))setScans(data)}if(findingsResponse.ok){const data=await findingsResponse.json().catch(()=>[]);const rows=Array.isArray(data)?data:data?.findings;if(!cancelled&&Array.isArray(rows)){setFindings(rows);setAlerts(rows.map((row:any)=>({id:String(row.id),title:String(row.title||row.control_id||'Trust finding'),severity:String(row.severity||'Low').replace(/^./,(s:string)=>s.toUpperCase()),category:'Trust finding',clientName:String(row.client_id||'Tenant'),description:String(row.description||'Evidence-backed finding'),timestamp:String(row.updated_at||''),status:deriveAlertStatus(row.remediation_status,row.status),remediationId:row.remediation_id?String(row.remediation_id):null,ownerDisplay:row.remediation_owner_display||null,slaDueAt:row.remediation_sla_due_at||null})) as Alert[])}}if(passportsResponse.ok){const data=await passportsResponse.json().catch(()=>[]);const rows=Array.isArray(data)?data:data?.passports;if(!cancelled&&Array.isArray(rows)){const normalized=rows.map((row:any)=>({...row,id:String(row.id),name:String(row.name||'Unnamed software'),version:String(row.version||'unknown'),publisher:String(row.publisher||'unknown'),clientId:row.clientId?String(row.clientId):undefined,evidence:Array.isArray(row.evidence)?row.evidence:[],vulnerabilities:Array.isArray(row.vulnerabilities)?row.vulnerabilities:[],timeline:Array.isArray(row.timeline)?row.timeline:[],sbom:Array.isArray(row.sbom)?row.sbom:[],scores:null,scoreStatus:row.scoreStatus||'not_authoritatively_scored'})) as SoftwarePassport[];setPassports(normalized);setAssets(normalized.map((passport:any)=>({id:passport.id,name:passport.name,hostName:passport.name,type:passport.category||'software',clientId:passport.clientId,clientName:String(passport.clientId||'Unobserved'),environment:String(passport.environment||'Unobserved'),version:passport.version})));setVendors(EMPTY_VENDORS)}}if(clientsResponse.ok){const data=await clientsResponse.json().catch(()=>[]);const rows=Array.isArray(data)?data:data?.clients;if(!cancelled&&Array.isArray(rows))setClients(rows.map((row:any)=>({...row,id:String(row.id),name:String(row.name||row.company_name||'Unnamed client')})) as Client[])}if(integrationsResponse.ok){const data=await integrationsResponse.json().catch(()=>[]);if(!cancelled&&Array.isArray(data))setIntegrations(data)}};void load().catch(error=>console.warn('[SPR command center load]',error));return()=>{cancelled=true}},[user]);%0A+  useEffect(()=>{const refresh=()=>{if(user)window.location.reload()};window.addEventListener('refresh-data',refresh);return()=>window.removeEventListener('refresh-data',refresh)},[user]);%0A+  const onNavigateTab=(target:string,itemId?:string)=>navigate(itemId?`${target.startsWith('/')?target:`/${target}`}/${encodeURIComponent(itemId)}`:target.startsWith('/')?target:`/${target}`); const quickAction=(action:'add-client'|'register-passport'|'scan-sbom')=>navigate(action==='add-client'?'/clients':action==='register-passport'?'/passports':'/scans');%0A+  const performAlertAction=async(alert:Alert,action:'acknowledge'|'assign'|'resolve'|'escalate'|'snooze'|'reopen',assigneeDisplay?:string)=>{let remediationId=alert.remediationId;if(!remediationId){const created=await apiFetch('/api/trust-loop/remediations',{method:'POST',headers:{'Content-Type':'application/json'},body:JSON.stringify({findingId:alert.id,title:alert.title,description:alert.description,priority:alert.severity.toUpperCase()})});if(!created.ok)return;const createdBody=await created.json().catch(()=>null);remediationId=createdBody?.id?String(createdBody.id):undefined;if(!remediationId)return}const patchBody:Record<string,unknown>={acknowledge:{status:'IN_PROGRESS'},resolve:{status:'CLOSED'},snooze:{status:'BLOCKED'},reopen:{status:'OPEN'},escalate:{status:'IN_PROGRESS',slaDueAt:new Date(Date.now()+4*3600*1000).toISOString()},assign:{status:'IN_PROGRESS',ownerDisplay:assigneeDisplay||''}}[action];const response=await apiFetch(`/api/trust-loop/remediations/${encodeURIComponent(remediationId)}`,{method:'PATCH',headers:{'Content-Type':'application/json'},body:JSON.stringify(patchBody)});if(!response.ok)return;const updated=await response.json().catch(()=>null);setAlerts(current=>current.map(item=>item.id===alert.id?{...item,remediationId,status:deriveAlertStatus(updated?.status??String(patchBody.status),null),ownerDisplay:updated?.owner_display??(patchBody.ownerDisplay as string|undefined)??item.ownerDisplay,slaDueAt:updated?.sla_due_at??(patchBody.slaDueAt as string|undefined)??item.slaDueAt}:item))};%0A+  const selectedExtension=useMemo(()=>{const match=path.match(/^\/extensions\/([^/]+)/);return match?decodeURIComponent(match[1]):null},[path]);const signOutUser=async()=>{await signOut(auth);navigate('/login')};%0A+  if(!authReady)return <AuthLoading/>;if(path==='/')return <CoverPage/>;if(path==='/login')return user?<AuthLoading/>:<LoginView onLoginSuccess={()=>navigate('/dashboard')}/>;if(!user&&path==='/free-review')return <PublicPage title="Free software review" description="Start an evidence-first review from the public entry point." action="Sign in to continue" onAction={()=>navigate('/login')}/>;if(!user&&path==='/pricing')return <PublicPage title="SPR plans" description="Account and billing capabilities are available inside the authenticated workspace." action="Enter SPR" onAction={()=>navigate('/login')}/>;if(!user)return <AuthLoading/>;%0A+  let view:ReactNode;if(selectedExtension)view=<ExtensionWorkflow id={selectedExtension} onNavigate={navigate}/>;else switch(path){case '/dashboard':view=<EvidenceDashboardView clients={clients} alerts={alerts} scans={scans} passports={passports} findings={findings} onNavigateTab={onNavigateTab} onOpenQuickAction={quickAction}/>;break;case '/coverage':view=<CoverageView clients={clients} scans={scans} passports={passports} onNavigateTab={onNavigateTab}/>;break;case '/evidence-explorer':view=<EvidenceExplorerView passports={passports}/>;break;case '/assets':view=<AssetsView clients={clients} searchQuery="" assets={assets}/>;break;case '/passports':case '/registry':view=<PassportsView verificationDecisions={verificationDecisions} verificationDetails={verificationDetails} passports={passports} selectedPassportId={selectedPassportId} setSelectedPassportId={setSelectedPassportId} searchQuery="" clients={clients} assets={assets} role={role} onNavigateTab={onNavigateTab} onUpdatePassport={passport=>setPassports(current=>current.map(item=>item.id===passport.id?passport:item))}/>;break;case '/scans':view=<ScansView scans={scans} clients={clients} assets={assets} passports={passports} role={role} onTriggerNewScan={scan=>setScans(current=>[scan,...current.filter(item=>item.id!==scan.id)].slice(0,100))}/>;break;case '/alerts':view=<AlertsView alerts={alerts} onAlertAction={performAlertAction}/>;break;case '/reports':view=<ReportsView clients={clients} passports={passports} scans={scans} alerts={alerts} findings={findings} role={role}/>;break;case '/trust-graph':view=<TrustGraphView clients={clients} passports={passports} assets={assets} findings={findings}/>;/* onSelectPassport={setSelectedPassportId} */break;case '/clients':view=<ClientsView clients={clients} selectedClientId={selectedClientId} setSelectedClientId={setSelectedClientId} passports={passports} onNavigateTab={onNavigateTab} searchQuery=""/>;break;case '/vendors':view=<VendorsView vendors={vendors} searchQuery=""/>;break;case '/integrations':view=<IntegrationsView passports={passports} onNavigateTab={onNavigateTab}/>;break;case '/monitoring':view=<MonitoringView role={role}/>;break;case '/security':view=<SecurityCenterView clients={clients} passports={passports}/>;break;case '/compliance':view=<ComplianceView clients={clients} role={role}/>;break;case '/msp':view=<MSPCommandCenter verificationDecisions={verificationDecisions} verificationDetails={verificationDetails} clients={clients} alerts={alerts} findings={findings} role={role} onSelectClient={setSelectedClientId} onNavigate={navigate}/>;break;case '/agent-trust':view=<AgentTrustView/>;break;case '/ai-trust-center':view=<AITrustCenterView role={role}/>;break;case '/enterprise-readiness':view=<EnterpriseReadinessView clients={clients}/>;break;case '/investor':view=<InvestorHomeView passports={passports} clients={clients} alerts={alerts} onShowTelemetry={()=>navigate('/scans')} onNavigateTab={onNavigateTab}/>;break;case '/founder':view=<FounderDashboardView userRole={role}/>;break;case '/billing':view=<BillingView/>;break;case '/settings':view=<SettingsView theme={theme} onToggleTheme={()=>setTheme(current=>current==='dark'?'light':'dark')}/>;break;case '/team':view=<TeamView role={role}/>;break;case '/audit-log':view=<AuditLogView/>;break;case '/extensions':view=<ExtensionMarketplace onNavigateTab={onNavigateTab} role={role}/>;break;default:view=<WorkflowBoundary title="Workflow" description="This authenticated capability is explicitly routed through the Command Center. Choose its owning workflow from the left rail." onNavigate={navigate}/>}%0A+  return <CommandCenter path={path} userEmail={user.email} role={role} onNavigate={navigate} onSignOut={()=>void signOutUser()}>{view}</CommandCenter>;%0A+ }%0A+%0A%0A ❯ tests/client-json-columns.test.ts:147:20%0A%0A

::error file=/home/runner/work/software-passport-registry/software-passport-registry/tests/client-json-columns.test.ts,title=tests/client-json-columns.test.ts > the normalization is wired into every production path > a locally constructed client is normalized too,line=152,column=20::AssertionError: expected '/**\r\n * @license\r\n * SPDX-License…' to contain 'softwareInventory: toJsonArrayColumn(…'%0A%0A- Expected%0A+ Received%0A%0A- softwareInventory: toJsonArrayColumn(data.softwareInventory)%0A+ /**%0D%0A+  * @license%0D%0A+  * SPDX-License-Identifier: Apache-2.0%0D%0A+  */%0D%0A+ %0D%0A+ import React, { useState, useMemo } from 'react';%0D%0A+ import { motion, AnimatePresence } from 'motion/react';%0D%0A+ import { fuzzyMatch, filterData } from '../utils/filter';%0D%0A+ import {%0D%0A+   Building2,%0D%0A+   ShieldCheck,%0D%0A+   ShieldAlert,%0D%0A+   Users,%0D%0A+   Award,%0D%0A+   Lock,%0D%0A+   Globe,%0D%0A+   FileCheck,%0D%0A+   AlertTriangle,%0D%0A+   ExternalLink,%0D%0A+   ChevronRight,%0D%0A+   Download,%0D%0A+   X%0D%0A+ } from 'lucide-react';%0D%0A+ import { Client, SoftwarePassport } from '../types';%0D%0A+ import { generateClientCompliancePDF } from '../utils/pdfGenerator';%0D%0A+ %0D%0A+ // Compact risk-tier presentation tokens, shared across the row list, drawer%0D%0A+ // badge, and status dot so the mapping only lives in one place.%0D%0A+ const RISK_STYLES: Record<string, { dot: string; text: string }> = {%0D%0A+   Safe: { dot: 'bg-[#0e700e]', text: 'text-[#0e700e]' },%0D%0A+   Medium: { dot: 'bg-[#8a5700]', text: 'text-[#8a5700]' },%0D%0A+   High: { dot: 'bg-[#a4262c]', text: 'text-[#a4262c]' }%0D%0A+ };%0D%0A+ function riskStyle(level: string) {%0D%0A+   return RISK_STYLES[level] || { dot: 'bg-[#605e5c]', text: 'text-[#605e5c]' };%0D%0A+ }%0D%0A+ %0D%0A+ const COMPLIANCE_STYLES: Record<string, { dot: string; text: string }> = {%0D%0A+   Compliant: { dot: 'bg-[#0e700e]', text: 'text-[#0e700e]' },%0D%0A+   'In Progress': { dot: 'bg-[#8a5700]', text: 'text-[#8a5700]' }%0D%0A+ };%0D%0A+ function complianceStyle(status: string) {%0D%0A+   return COMPLIANCE_STYLES[status] || { dot: 'bg-[#a4262c]', text: 'text-[#a4262c]' };%0D%0A+ }%0D%0A+ %0D%0A+ interface ClientsViewProps {%0D%0A+   clients: Client[];%0D%0A+   selectedClientId: string;%0D%0A+   setSelectedClientId: (id: string) => void;%0D%0A+   passports: SoftwarePassport[];%0D%0A+   onNavigateTab: (tab: string, itemId?: string) => void;%0D%0A+   searchQuery: string;%0D%0A+ }%0D%0A+ %0D%0A+ export default function ClientsView({%0D%0A+   clients,%0D%0A+   selectedClientId,%0D%0A+   setSelectedClientId,%0D%0A+   passports,%0D%0A+   onNavigateTab,%0D%0A+   searchQuery%0D%0A+ }: ClientsViewProps) {%0D%0A+   const [industryFilter, setIndustryFilter] = useState<string>('all');%0D%0A+   const [riskFilter, setRiskFilter] = useState<string>('all');%0D%0A+   const [workspaceTab, setWorkspaceTab] = useState<'overview' | 'inventory' | 'security' | 'compliance' | 'team'>('overview');%0D%0A+ %0D%0A+   // Identify all unique client industries for dynamic filters%0D%0A+   const industries = useMemo(() => {%0D%0A+     const list = clients.map(c => c.industry);%0D%0A+     return Array.from(new Set(list));%0D%0A+   }, [clients]);%0D%0A+ %0D%0A+   // Extract the current selected client%0D%0A+   const client = useMemo(() => {%0D%0A+     return clients.find(c => c.id === selectedClientId) || null;%0D%0A+   }, [clients, selectedClientId]);%0D%0A+ %0D%0A+   const clientPassports = useMemo(() => {%0D%0A+     if (!client) return [];%0D%0A+     const passportIds = new Set(client.softwareInventory.map(item => item.passportId));%0D%0A+     return passports.filter(passport => passportIds.has(passport.id));%0D%0A+   }, [client, passports]);%0D%0A+ %0D%0A+   const securityScores = clientPassports%0D%0A+     .map(passport => passport.securityScore)%0D%0A+     .filter((score): score is number => typeof score === 'number' && Number.isFinite(score));%0D%0A+ %0D%0A+   // Filter clients list based on search and industry/risk selectors%0D%0A+   const filteredClients = useMemo(() => {%0D%0A+     return clients.filter(c => {%0D%0A+       const matchesSearch = searchQuery%0D%0A+         ? fuzzyMatch(searchQuery, c.name) ||%0D%0A+           fuzzyMatch(searchQuery, c.domain) ||%0D%0A+           fuzzyMatch(searchQuery, c.industry)%0D%0A+         : true;%0D%0A+       const matchesIndustry = industryFilter === 'all' || c.industry === industryFilter;%0D%0A+       const matchesRisk = riskFilter === 'all' || c.riskLevel === riskFilter;%0D%0A+ %0D%0A+       return matchesSearch && matchesIndustry && matchesRisk;%0D%0A+     });%0D%0A+   }, [clients, searchQuery, industryFilter, riskFilter]);%0D%0A+ %0D%0A+   // Handle client compliance data CSV export%0D%0A+   const handleExportCSV = () => {%0D%0A+     const headers = ['Client Name', 'Industry', 'Trust Score', 'Passports Active', 'Compliance Progress', 'Risk Level', 'Joined Date'];%0D%0A+     const rows = filteredClients.map(c => [%0D%0A+       c.name,%0D%0A+       c.industry,%0D%0A+       c.trustScore,%0D%0A+       c.passportCount,%0D%0A+       c.complianceProgress,%0D%0A+       c.riskLevel,%0D%0A+       c.joinedDate%0D%0A+     ]);%0D%0A+ %0D%0A+     const csvContent = 'data:text/csv;charset=utf-8,'%0D%0A+       + [headers.join(','), ...rows.map(e => e.join(','))].join('\n');%0D%0A+ %0D%0A+     const encodedUri = encodeURI(csvContent);%0D%0A+     const link = document.createElement('a');%0D%0A+     link.setAttribute('href', encodedUri);%0D%0A+     link.setAttribute('download', `tenant_compliance_audit_${new Date().toISOString().split('T')[0]}.csv`);%0D%0A+     link.style.visibility = 'hidden';%0D%0A+     document.body.appendChild(link);%0D%0A+     link.click();%0D%0A+     document.body.removeChild(link);%0D%0A+   };%0D%0A+ %0D%0A+   const safeCount = clients.filter(c => c.riskLevel === 'Safe').length;%0D%0A+   const mediumCount = clients.filter(c => c.riskLevel === 'Medium').length;%0D%0A+   const highCount = clients.filter(c => c.riskLevel === 'High').length;%0D%0A+   const criticalAlertsTotal = clients.reduce((sum, c) => sum + (c.criticalRisksCount || 0), 0);%0D%0A+ %0D%0A+   return (%0D%0A+     <div id="msp-clients-index">%0D%0A+       {/* Page Header */}%0D%0A+       <div className="mb-4 flex items-center justify-between gap-4">%0D%0A+         <div>%0D%0A+           <h1 className="text-[22px] font-semibold text-[#201f1e]">Client Tenant Directory</h1>%0D%0A+           <p className="mt-1 text-[13px] text-[#605e5c]">%0D%0A+             Browse and manage software trust state across {clients.length} active workspace tenants.%0D%0A+           </p>%0D%0A+         </div>%0D%0A+         <button%0D%0A+           onClick={handleExportCSV}%0D%0A+           className="flex h-9 shrink-0 items-center gap-1.5 rounded bg-[#0f6cbd] px-3 text-[13px] font-medium text-white hover:bg-[#004578]"%0D%0A+           id="export-tenants-csv-btn"%0D%0A+         >%0D%0A+           <Download className="h-3.5 w-3.5" />%0D%0A+           <span>Export Directory</span>%0D%0A+         </button>%0D%0A+       </div>%0D%0A+ %0D%0A+       {/* About this page */}%0D%0A+       <details className="mb-4 rounded-md border border-[#e1dfdd] bg-[#faf9f8] text-[13px]">%0D%0A+         <summary className="cursor-pointer select-none px-3 py-2 font-medium text-[#323130]">ⓘ What is this? · How it works</summary>%0D%0A+         <div className="px-3 pb-3 text-[#605e5c]">%0D%0A+           <p>Every workspace tenant registered under this MSP, with its trust score, passport inventory, and compliance state.</p>%0D%0A+           <ol className="mt-1.5 list-decimal space-y-0.5 pl-4">%0D%0A+             <li>Filter or search the directory below.</li>%0D%0A+             <li>Click a row to open the tenant workspace drawer.</li>%0D%0A+             <li>Use Export Directory to download the filtered list as CSV.</li>%0D%0A+           </ol>%0D%0A+         </div>%0D%0A+       </details>%0D%0A+ %0D%0A+       {/* Summary strip */}%0D%0A+       <div className="mb-4 flex flex-wrap gap-6 rounded-md border border-[#e1dfdd] bg-white p-3">%0D%0A+         <div>%0D%0A+           <div className="text-[11px] text-[#605e5c]">Total Tenants</div>%0D%0A+           <div className="text-lg font-semibold text-[#201f1e]">{clients.length}</div>%0D%0A+         </div>%0D%0A+         <div>%0D%0A+           <div className="text-[11px] text-[#605e5c]">Safe</div>%0D%0A+           <div className="text-lg font-semibold text-[#0e700e]">{safeCount}</div>%0D%0A+         </div>%0D%0A+         <div>%0D%0A+           <div className="text-[11px] text-[#605e5c]">Medium Risk</div>%0D%0A+           <div className="text-lg font-semibold text-[#8a5700]">{mediumCount}</div>%0D%0A+         </div>%0D%0A+         <div>%0D%0A+           <div className="text-[11px] text-[#605e5c]">High Risk</div>%0D%0A+           <div className="text-lg font-semibold text-[#a4262c]">{highCount}</div>%0D%0A+         </div>%0D%0A+         <div>%0D%0A+           <div className="text-[11px] text-[#605e5c]">Critical Alerts</div>%0D%0A+           <div className="text-lg font-semibold text-[#201f1e]">{criticalAlertsTotal}</div>%0D%0A+         </div>%0D%0A+       </div>%0D%0A+ %0D%0A+       {/* Filters */}%0D%0A+       <div className="mb-4 flex flex-wrap items-center gap-2">%0D%0A+         <div className="flex items-center gap-1.5">%0D%0A+           <label className="text-[13px] text-[#605e5c]">Industry</label>%0D%0A+           <select%0D%0A+             value={industryFilter}%0D%0A+             onChange={(e) => setIndustryFilter(e.target.value)}%0D%0A+             className="h-9 rounded border border-[#c8c6c4] bg-white px-2 text-[13px] text-[#323130] focus:border-[#0f6cbd] focus:outline-none focus:ring-1 focus:ring-[#0f6cbd]"%0D%0A+           >%0D%0A+             <option value="all">All Industries</option>%0D%0A+             {industries.map(ind => (%0D%0A+               <option key={ind} value={ind}>{ind}</option>%0D%0A+             ))}%0D%0A+           </select>%0D%0A+         </div>%0D%0A+ %0D%0A+         <div className="flex items-center gap-1.5">%0D%0A+           <label className="text-[13px] text-[#605e5c]">Risk Level</label>%0D%0A+           <select%0D%0A+             value={riskFilter}%0D%0A+             onChange={(e) => setRiskFilter(e.target.value)}%0D%0A+             className="h-9 rounded border border-[#c8c6c4] bg-white px-2 text-[13px] text-[#323130] focus:border-[#0f6cbd] focus:outline-none focus:ring-1 focus:ring-[#0f6cbd]"%0D%0A+           >%0D%0A+             <option value="all">All Tiers</option>%0D%0A+             <option value="Safe">Safe</option>%0D%0A+             <option value="Medium">Medium</option>%0D%0A+             <option value="High">High</option>%0D%0A+           </select>%0D%0A+         </div>%0D%0A+       </div>%0D%0A+ %0D%0A+       {/* Client Directory Table */}%0D%0A+       <div className="overflow-hidden rounded-md border border-[#e1dfdd] bg-white">%0D%0A+         <div className="overflow-x-auto">%0D%0A+           <table className="w-full text-left">%0D%0A+             <thead>%0D%0A+               <tr className="border-b border-[#e1dfdd] text-[11px] uppercase tracking-wide text-[#605e5c]">%0D%0A+                 <th className="px-3 py-2.5 font-medium">Client</th>%0D%0A+                 <th className="px-3 py-2.5 font-medium">Industry</th>%0D%0A+                 <th className="px-3 py-2.5 font-medium">Risk</th>%0D%0A+                 <th className="px-3 py-2.5 font-medium">Trust Score</th>%0D%0A+                 <th className="px-3 py-2.5 font-medium">Passports</th>%0D%0A+                 <th className="px-3 py-2.5 font-medium">Compliance</th>%0D%0A+                 <th className="px-3 py-2.5 font-medium">Joined</th>%0D%0A+                 <th className="px-3 py-2.5 font-medium">Alerts</th>%0D%0A+               </tr>%0D%0A+             </thead>%0D%0A+             <tbody>%0D%0A+               {filteredClients.map(c => {%0D%0A+                 const hasCriticalRisks = c.criticalRisksCount > 0;%0D%0A+                 const isDrawerActive = selectedClientId === c.id;%0D%0A+                 const rs = riskStyle(c.riskLevel);%0D%0A+                 return (%0D%0A+                   <tr%0D%0A+                     key={c.id}%0D%0A+                     onClick={() => setSelectedClientId(c.id)}%0D%0A+                     className={`cursor-pointer border-b border-[#f3f2f1] text-[13px] hover:bg-black/[.02] ${isDrawerActive ? 'bg-[#eff6fc]' : ''}`}%0D%0A+                   >%0D%0A+                     <td className="px-3 py-2.5">%0D%0A+                       <div className="flex items-center gap-2.5">%0D%0A+                         <div className={`flex h-7 w-7 shrink-0 items-center justify-center rounded text-[11px] font-semibold ${c.avatarColor}`}>%0D%0A+                           {c.name.charAt(0)}%0D%0A+                         </div>%0D%0A+                         <div className="min-w-0">%0D%0A+                           <div className="font-medium text-[#201f1e]">{c.name}</div>%0D%0A+                           <div className="flex items-center gap-1 truncate text-[11px] text-[#8a8886]">%0D%0A+                             <Globe className="h-3 w-3 shrink-0" />%0D%0A+                             <span className="truncate">{c.domain}</span>%0D%0A+                           </div>%0D%0A+                         </div>%0D%0A+                       </div>%0D%0A+                     </td>%0D%0A+                     <td className="px-3 py-2.5 text-[#605e5c]">{c.industry}</td>%0D%0A+                     <td className="px-3 py-2.5">%0D%0A+                       <span className="inline-flex items-center gap-1.5">%0D%0A+                         <span className={`h-1.5 w-1.5 rounded-full ${rs.dot}`} />%0D%0A+                         <span className={rs.text}>{c.riskLevel}</span>%0D%0A+                       </span>%0D%0A+                     </td>%0D%0A+                     <td className="px-3 py-2.5 text-[#201f1e]">{c.trustScore}<span className="text-[#8a8886]">/100</span></td>%0D%0A+                     <td className="px-3 py-2.5 text-[#201f1e]">{c.passportCount}</td>%0D%0A+                     <td className="px-3 py-2.5 text-[#201f1e]">{c.complianceProgress}%25</td>%0D%0A+                     <td className="px-3 py-2.5 text-[#605e5c]">{c.joinedDate}</td>%0D%0A+                     <td className="px-3 py-2.5">%0D%0A+                       {hasCriticalRisks ? (%0D%0A+                         <span className="inline-flex items-center gap-1 font-medium text-[#a4262c]">%0D%0A+                           <AlertTriangle className="h-3.5 w-3.5" />%0D%0A+                           {c.criticalRisksCount}%0D%0A+                         </span>%0D%0A+                       ) : (%0D%0A+                         <span className="inline-flex items-center gap-1 text-[#8a8886]">%0D%0A+                           <ShieldCheck className="h-3.5 w-3.5" />%0D%0A+                           None%0D%0A+                         </span>%0D%0A+                       )}%0D%0A+                     </td>%0D%0A+                   </tr>%0D%0A+                 );%0D%0A+               })}%0D%0A+             </tbody>%0D%0A+           </table>%0D%0A+         </div>%0D%0A+ %0D%0A+         {filteredClients.length === 0 && (%0D%0A+           <div className="p-12 text-center">%0D%0A+             <Building2 className="mx-auto mb-3 h-8 w-8 text-[#c8c6c4]" />%0D%0A+             <h3 className="text-[13px] font-medium text-[#323130]">No client workspaces found</h3>%0D%0A+             <p className="mx-auto mt-1 max-w-sm text-[13px] text-[#8a8886]">%0D%0A+               Adjust your search keywords or industry filters and try again.%0D%0A+             </p>%0D%0A+           </div>%0D%0A+         )}%0D%0A+       </div>%0D%0A+ %0D%0A+       {/* Slide-out Drawer Panel */}%0D%0A+       <AnimatePresence>%0D%0A+         {selectedClientId !== 'global' && client && (%0D%0A+           <>%0D%0A+             {/* Backdrop Overlay */}%0D%0A+             <motion.div%0D%0A+               key="clients-drawer-backdrop"%0D%0A+               initial={{ opacity: 0 }}%0D%0A+               animate={{ opacity: 0.4 }}%0D%0A+               exit={{ opacity: 0 }}%0D%0A+               onClick={() => setSelectedClientId('global')}%0D%0A+               className="fixed inset-0 z-40 cursor-pointer bg-black"%0D%0A+             />%0D%0A+ %0D%0A+             {/* Sliding Drawer Container */}%0D%0A+             <motion.div%0D%0A+               key="clients-drawer-panel"%0D%0A+               initial={{ x: '100%25' }}%0D%0A+               animate={{ x: 0 }}%0D%0A+               exit={{ x: '100%25' }}%0D%0A+               transition={{ type: 'spring', damping: 26, stiffness: 170 }}%0D%0A+               className="fixed right-0 top-0 bottom-0 z-50 flex w-full max-w-3xl flex-col overflow-y-auto border-l border-[#e1dfdd] bg-white p-5"%0D%0A+             >%0D%0A+               {/* Drawer Top Navigation & Actions */}%0D%0A+               <div className="flex shrink-0 items-center justify-between border-b border-[#e1dfdd] pb-3">%0D%0A+                 <div className="flex items-center gap-2.5">%0D%0A+                   <div className={`flex h-9 w-9 items-center justify-center rounded text-[13px] font-semibold ${client.avatarColor}`}>%0D%0A+                     {client.name.charAt(0)}%0D%0A+                   </div>%0D%0A+                   <div>%0D%0A+                     <span className="text-[11px] uppercase tracking-wide text-[#8a8886]">%0D%0A+                       Active tenant%0D%0A+                     </span>%0D%0A+                     <h2 className="text-[16px] font-semibold leading-tight text-[#201f1e]">%0D%0A+                       {client.name}%0D%0A+                     </h2>%0D%0A+                   </div>%0D%0A+                 </div>%0D%0A+ %0D%0A+                 <div className="flex items-center gap-2">%0D%0A+                   <button%0D%0A+                     onClick={() => generateClientCompliancePDF(client)}%0D%0A+                     className="flex h-8 items-center gap-1.5 rounded border border-[#c8c6c4] px-3 text-[13px] text-[#323130] hover:bg-black/[.03]"%0D%0A+                   >%0D%0A+                     <Download className="h-3.5 w-3.5" />%0D%0A+                     <span>Compliance PDF</span>%0D%0A+                   </button>%0D%0A+                   <button%0D%0A+                     onClick={() => setSelectedClientId('global')}%0D%0A+                     className="flex h-8 w-8 items-center justify-center rounded border border-[#c8c6c4] text-[#605e5c] hover:bg-black/[.03]"%0D%0A+                     title="Close Drawer"%0D%0A+                   >%0D%0A+                     <X className="h-4 w-4" />%0D%0A+                   </button>%0D%0A+                 </div>%0D%0A+               </div>%0D%0A+ %0D%0A+               {/* Badges and summary bar */}%0D%0A+               <div className="mt-3 flex shrink-0 flex-wrap gap-2 text-[11px]">%0D%0A+                 <span className="rounded-md border border-[#e1dfdd] bg-[#f3f2f1] px-2.5 py-1 font-medium text-[#323130]">%0D%0A+                   Tier: {client.subscriptionTier}%0D%0A+                 </span>%0D%0A+                 <span className="rounded-md border border-[#e1dfdd] bg-[#f3f2f1] px-2.5 py-1 font-medium text-[#323130]">%0D%0A+                   Domain: {client.domain}%0D%0A+                 </span>%0D%0A+                 <span className={`inline-flex items-center gap-1.5 rounded-md border border-[#e1dfdd] bg-[#f3f2f1] px-2.5 py-1 font-medium ${riskStyle(client.riskLevel).text}`}>%0D%0A+                   <span className={`h-1.5 w-1.5 rounded-full ${riskStyle(client.riskLevel).dot}`} />%0D%0A+                   Risk: {client.riskLevel}%0D%0A+                 </span>%0D%0A+               </div>%0D%0A+ %0D%0A+               {/* Drawer Tabs Header */}%0D%0A+               <div className="mt-3 flex shrink-0 gap-1 overflow-x-auto border-b border-[#e1dfdd] text-[13px] select-none">%0D%0A+                 {[%0D%0A+                   { id: 'overview', label: 'Trust Coordinates', icon: Award },%0D%0A+                   { id: 'inventory', label: 'SBOM Inventory', icon: FileCheck },%0D%0A+                   { id: 'security', label: 'Security Center', icon: ShieldAlert },%0D%0A+                   { id: 'compliance', label: 'Framework Matrices', icon: Lock },%0D%0A+                   { id: 'team', label: 'Stakeholders', icon: Users }%0D%0A+                 ].map(tb => {%0D%0A+                   const Icon = tb.icon;%0D%0A+                   const isSel = workspaceTab === tb.id;%0D%0A+                   return (%0D%0A+                     <button%0D%0A+                       key={tb.id}%0D%0A+                       type="button"%0D%0A+                       onClick={() => setWorkspaceTab(tb.id as any)}%0D%0A+                       className={`flex items-center gap-1.5 whitespace-nowrap border-b-2 px-3 py-2 font-medium transition-colors ${%0D%0A+                         isSel%0D%0A+                           ? 'border-[#0f6cbd] text-[#0f6cbd]'%0D%0A+                           : 'border-transparent text-[#605e5c] hover:text-[#201f1e]'%0D%0A+                       }`}%0D%0A+                     >%0D%0A+                       <Icon className="h-3.5 w-3.5" />%0D%0A+                       <span>{tb.label}</span>%0D%0A+                     </button>%0D%0A+                   );%0D%0A+                 })}%0D%0A+               </div>%0D%0A+ %0D%0A+               {/* Drawer Tabs Body content */}%0D%0A+               <div className="flex-1 space-y-4 overflow-y-auto pt-4 pb-2">%0D%0A+ %0D%0A+                 {/* 1. Trust Coordinates Tab */}%0D%0A+                 {workspaceTab === 'overview' && (%0D%0A+                   <div className="space-y-4">%0D%0A+                     {/* Trust Scores strip */}%0D%0A+                     <div className="rounded-md border border-[#e1dfdd] bg-white p-4">%0D%0A+                       <h3 className="mb-3 text-[13px] font-semibold text-[#323130]">Core Trust Coordinates</h3>%0D%0A+                       <div className="flex flex-wrap gap-6">%0D%0A+                         <div>%0D%0A+                           <p className="text-[11px] text-[#605e5c]">Overall score</p>%0D%0A+                           <p className="mt-0.5 text-lg font-semibold text-[#201f1e]">{client.trustScore}</p>%0D%0A+                           <span className="text-[11px] text-[#8a8886]">Observed client record</span>%0D%0A+                         </div>%0D%0A+                         <div>%0D%0A+                           <p className="text-[11px] text-[#605e5c]">Security score</p>%0D%0A+                           <p className="mt-0.5 text-lg font-semibold text-[#201f1e]">%0D%0A+                             {securityScores.length > 0 ? Math.round(securityScores.reduce((sum, score) => sum + score, 0) / securityScores.length) : 'Not verified'}%0D%0A+                           </p>%0D%0A+                           <span className="text-[11px] text-[#8a8886]">Passport-derived</span>%0D%0A+                         </div>%0D%0A+                         <div>%0D%0A+                           <p className="text-[11px] text-[#605e5c]">Compliance score</p>%0D%0A+                           <p className="mt-0.5 text-lg font-semibold text-[#201f1e]">{client.complianceProgress}%25</p>%0D%0A+                           <span className="text-[11px] text-[#8a8886]">Client record</span>%0D%0A+                         </div>%0D%0A+                         <div>%0D%0A+                           <p className="text-[11px] text-[#605e5c]">Supplier reputation</p>%0D%0A+                           <p className="mt-0.5 text-lg font-semibold text-[#201f1e]">Not verified</p>%0D%0A+                           <span className="text-[11px] text-[#8a8886]">No vendor score observed</span>%0D%0A+                         </div>%0D%0A+                       </div>%0D%0A+                     </div>%0D%0A+ %0D%0A+                     {/* Company Overview Details Card */}%0D%0A+                     <div className="grid grid-cols-1 gap-4 rounded-md border border-[#e1dfdd] bg-white p-4 sm:grid-cols-2">%0D%0A+                       <div className="space-y-2">%0D%0A+                         <h3 className="text-[13px] font-semibold text-[#323130]">Tenant Profile Overview</h3>%0D%0A+                         <div className="space-y-1.5 text-[13px]">%0D%0A+                           <div className="flex justify-between border-b border-[#f3f2f1] pb-1.5">%0D%0A+                             <span className="text-[11px] text-[#8a8886]">Organization Name</span>%0D%0A+                             <span className="font-medium text-[#323130]">{client.name}</span>%0D%0A+                           </div>%0D%0A+                           <div className="flex justify-between border-b border-[#f3f2f1] pb-1.5">%0D%0A+                             <span className="text-[11px] text-[#8a8886]">Domain</span>%0D%0A+                             <span className="font-medium text-[#323130]">{client.domain}</span>%0D%0A+                           </div>%0D%0A+                           <div className="flex justify-between border-b border-[#f3f2f1] pb-1.5">%0D%0A+                             <span className="text-[11px] text-[#8a8886]">Industry</span>%0D%0A+                             <span className="font-medium text-[#323130]">{client.industry}</span>%0D%0A+                           </div>%0D%0A+                         </div>%0D%0A+                       </div>%0D%0A+ %0D%0A+                       <div className="space-y-2">%0D%0A+                         <h3 className="text-[13px] font-semibold text-[#323130]">SLA & Scope Details</h3>%0D%0A+                         <div className="space-y-1.5 text-[13px]">%0D%0A+                           <div className="flex justify-between border-b border-[#f3f2f1] pb-1.5">%0D%0A+                             <span className="text-[11px] text-[#8a8886]">Verified Registry</span>%0D%0A+                             <span className="font-medium text-[#323130]">tenant-{client.id}</span>%0D%0A+                           </div>%0D%0A+                           <div className="flex justify-between border-b border-[#f3f2f1] pb-1.5">%0D%0A+                             <span className="text-[11px] text-[#8a8886]">Joined Date</span>%0D%0A+                             <span className="font-medium text-[#323130]">{client.joinedDate}</span>%0D%0A+                           </div>%0D%0A+                           <div className="flex justify-between border-b border-[#f3f2f1] pb-1.5">%0D%0A+                             <span className="text-[11px] text-[#8a8886]">Compliance Target</span>%0D%0A+                             <span className="font-medium text-[#0f6cbd]">{client.complianceStatus.length ? client.complianceStatus.map((item) => item.code).join(', ') : 'Not observed'}</span>%0D%0A+                           </div>%0D%0A+                         </div>%0D%0A+                       </div>%0D%0A+                     </div>%0D%0A+                   </div>%0D%0A+                 )}%0D%0A+ %0D%0A+                 {/* 2. SBOM Inventory Tab */}%0D%0A+                 {workspaceTab === 'inventory' && (%0D%0A+                   <div className="space-y-3">%0D%0A+                     <div className="flex items-center justify-between">%0D%0A+                       <h3 className="text-[13px] font-semibold text-[#323130]">Registered Client Software Passports</h3>%0D%0A+                       <span className="text-[11px] text-[#8a8886]">Count: {client.passportCount}</span>%0D%0A+                     </div>%0D%0A+ %0D%0A+                     {client.softwareInventory.length === 0 && (%0D%0A+                       <div className="rounded-md border border-dashed border-[#e1dfdd] px-5 py-10 text-center text-[13px] text-[#8a8886]">No software passports registered for this client yet.</div>%0D%0A+                     )}%0D%0A+                     <div className="grid grid-cols-1 gap-3 sm:grid-cols-2">%0D%0A+                       {passports.filter(p => {%0D%0A+                         const clientPassportIds = new Set(client.softwareInventory.map(item => item.passportId));%0D%0A+                         return clientPassportIds.has(p.id);%0D%0A+                       }).map(p => (%0D%0A+                         <div%0D%0A+                           key={p.id}%0D%0A+                           onClick={() => onNavigateTab('passports', p.id)}%0D%0A+                           className="cursor-pointer space-y-2 rounded-md border border-[#e1dfdd] bg-white p-3 hover:border-[#0f6cbd]"%0D%0A+                         >%0D%0A+                           <div className="flex items-start justify-between">%0D%0A+                             <div>%0D%0A+                               <h4 className="text-[13px] font-medium text-[#201f1e]">{p.name}</h4>%0D%0A+                               <p className="text-[11px] text-[#8a8886]">Version: {p.version || 'Not observed'}</p>%0D%0A+                             </div>%0D%0A+                             <span className="rounded border border-[#e1dfdd] bg-[#eff6fc] px-2 py-0.5 text-[11px] font-medium text-[#0f6cbd]">%0D%0A+                               {p.sbom.length} Dependencies%0D%0A+                             </span>%0D%0A+                           </div>%0D%0A+ %0D%0A+                           <div className="flex items-center justify-between border-t border-[#f3f2f1] pt-2 text-[11px] text-[#605e5c]">%0D%0A+                             <span>Compliance: {p.complianceScore}%25</span>%0D%0A+                             <span className="flex items-center gap-0.5 font-medium text-[#0f6cbd]">%0D%0A+                               Open Passport <ChevronRight className="h-3 w-3" />%0D%0A+                             </span>%0D%0A+                           </div>%0D%0A+                         </div>%0D%0A+                       ))}%0D%0A+                     </div>%0D%0A+                   </div>%0D%0A+                 )}%0D%0A+ %0D%0A+                 {/* 3. Security Center Tab */}%0D%0A+                 {workspaceTab === 'security' && (%0D%0A+                   <div className="space-y-3">%0D%0A+                     <div className="flex items-center justify-between">%0D%0A+                       <h3 className="text-[13px] font-semibold text-[#323130]">Active Vulnerability Footprint</h3>%0D%0A+                       <button%0D%0A+                         onClick={() => onNavigateTab('alerts')}%0D%0A+                         className="text-[13px] font-medium text-[#0f6cbd] hover:underline"%0D%0A+                       >%0D%0A+                         Launch Threat Mitigator%0D%0A+                       </button>%0D%0A+                     </div>%0D%0A+ %0D%0A+                     <div className="overflow-hidden rounded-md border border-[#e1dfdd] bg-white">%0D%0A+                       <div className="overflow-x-auto">%0D%0A+                         <table className="w-full text-left">%0D%0A+                           <thead>%0D%0A+                             <tr className="border-b border-[#e1dfdd] text-[11px] uppercase tracking-wide text-[#605e5c]">%0D%0A+                               <th className="px-3 py-2.5 font-medium">CVE ID</th>%0D%0A+                               <th className="px-3 py-2.5 font-medium">Component</th>%0D%0A+                               <th className="px-3 py-2.5 font-medium">Severity</th>%0D%0A+                               <th className="px-3 py-2.5 font-medium">CVSS</th>%0D%0A+                               <th className="px-3 py-2.5 font-medium">Status</th>%0D%0A+                               <th className="px-3 py-2.5 font-medium">Threat Summary</th>%0D%0A+                             </tr>%0D%0A+                           </thead>%0D%0A+                           <tbody className="text-[13px] text-[#323130]">%0D%0A+                             {clientPassports.flatMap(passport => (passport.vulnerabilities || []).map(vulnerability => ({ passport, vulnerability }))).map(({ passport, vulnerability }, index) => (%0D%0A+                               <tr key={`${passport.id}-${vulnerability.id}-${index}`} className="border-b border-[#f3f2f1] hover:bg-black/[.02]">%0D%0A+                                 <td className="px-3 py-2.5 font-medium text-[#0f6cbd]">{vulnerability.id}</td>%0D%0A+                                 <td className="px-3 py-2.5">{vulnerability.component}</td>%0D%0A+                                 <td className="px-3 py-2.5"><span className="rounded-full border border-[#e1dfdd] bg-[#f3f2f1] px-2 py-0.5 text-[11px] uppercase text-[#605e5c]">{vulnerability.severity}</span></td>%0D%0A+                                 <td className="px-3 py-2.5">{vulnerability.cvss ?? 'Not observed'}</td>%0D%0A+                                 <td className="px-3 py-2.5"><span className="rounded border border-[#e1dfdd] bg-[#faf9f8] px-2 py-0.5 text-[11px] text-[#605e5c]">{vulnerability.status}</span></td>%0D%0A+                                 <td className="max-w-sm truncate px-3 py-2.5 text-[#605e5c]" title={vulnerability.description}>{vulnerability.description || 'No description observed.'}</td>%0D%0A+                               </tr>%0D%0A+                             ))}%0D%0A+                             {clientPassports.every(passport => !passport.vulnerabilities?.length) && <tr><td colSpan={6} className="px-3 py-6 text-center text-[#8a8886]">No vulnerability observations are recorded for this client.</td></tr>}%0D%0A+                           </tbody>%0D%0A+                         </table>%0D%0A+                       </div>%0D%0A+                     </div>%0D%0A+                   </div>%0D%0A+                 )}%0D%0A+ %0D%0A+                 {/* 4. Compliance Framework Matrices Tab */}%0D%0A+                 {workspaceTab === 'compliance' && (%0D%0A+                   <div className="grid grid-cols-1 gap-3 sm:grid-cols-2">%0D%0A+                     {client.complianceStatus.length === 0 && (%0D%0A+                       <div className="col-span-full rounded-md border border-dashed border-[#e1dfdd] px-5 py-10 text-center text-[13px] text-[#8a8886]">No compliance frameworks recorded for this client yet.</div>%0D%0A+                     )}%0D%0A+                     {client.complianceStatus.map((comp) => {%0D%0A+                       const cs = complianceStyle(comp.status);%0D%0A+                       return (%0D%0A+                         <div key={comp.id} className="flex flex-col justify-between gap-3 rounded-md border border-[#e1dfdd] bg-white p-4">%0D%0A+                           <div className="flex items-start justify-between">%0D%0A+                             <div>%0D%0A+                               <span className="rounded border border-[#e1dfdd] bg-[#eff6fc] px-2 py-0.5 text-[11px] font-medium text-[#0f6cbd]">%0D%0A+                                 {comp.code} Framework%0D%0A+                               </span>%0D%0A+                               <h3 className="mt-2 text-[13px] font-semibold text-[#201f1e]">{comp.name}</h3>%0D%0A+                             </div>%0D%0A+                             <span className={`inline-flex items-center gap-1.5 text-[13px] ${cs.text}`}>%0D%0A+                               <span className={`h-1.5 w-1.5 rounded-full ${cs.dot}`} />%0D%0A+                               {comp.status}%0D%0A+                             </span>%0D%0A+                           </div>%0D%0A+ %0D%0A+                           {/* Progress Bar */}%0D%0A+                           <div className="space-y-1.5">%0D%0A+                             <div className="flex justify-between text-[11px] text-[#605e5c]">%0D%0A+                               <span>Controls verification progress</span>%0D%0A+                               <span className="font-medium text-[#323130]">{comp.progress}%25</span>%0D%0A+                             </div>%0D%0A+                             <div className="h-1.5 w-full overflow-hidden rounded-full bg-[#f3f2f1]">%0D%0A+                               <div className="h-full bg-[#0f6cbd]" style={{ width: `${comp.progress}%25` }}></div>%0D%0A+                             </div>%0D%0A+                             <div className="flex justify-between text-[11px] text-[#8a8886]">%0D%0A+                               <span>{comp.compliantControls} of {comp.totalControls} Controls Certified</span>%0D%0A+                               <span>SLA Audit Ready</span>%0D%0A+                             </div>%0D%0A+                           </div>%0D%0A+ %0D%0A+                           <button%0D%0A+                             onClick={() => onNavigateTab('compliance')}%0D%0A+                             className="w-full rounded border border-[#c8c6c4] py-1.5 text-center text-[13px] text-[#323130] hover:bg-black/[.03]"%0D%0A+                           >%0D%0A+                             Launch Verification Portal%0D%0A+                           </button>%0D%0A+                         </div>%0D%0A+                       );%0D%0A+                     })}%0D%0A+                   </div>%0D%0A+                 )}%0D%0A+ %0D%0A+                 {/* 5. Team Directory Tab */}%0D%0A+                 {workspaceTab === 'team' && (%0D%0A+                   <div className="overflow-hidden rounded-md border border-[#e1dfdd] bg-white">%0D%0A+                     <div className="border-b border-[#e1dfdd] px-4 py-3">%0D%0A+                       <h3 className="text-[13px] font-semibold text-[#323130]">Client Stakeholders & Key Operators</h3>%0D%0A+                       <p className="mt-0.5 text-[11px] text-[#8a8886]">Authorizing authorities registered with access privileges inside this workspace.</p>%0D%0A+                     </div>%0D%0A+                     <div className="divide-y divide-[#f3f2f1]">%0D%0A+                       {client.teamMembers.length === 0 && (%0D%0A+                         <div className="px-4 py-10 text-center text-[13px] text-[#8a8886]">No stakeholders recorded for this client yet.</div>%0D%0A+                       )}%0D%0A+                       {client.teamMembers.map((member, i) => (%0D%0A+                         <div key={i} className="flex items-center justify-between px-4 py-3 hover:bg-black/[.02]">%0D%0A+                           <div className="flex items-center gap-2.5">%0D%0A+                             <div className="flex h-8 w-8 items-center justify-center rounded-full border border-[#e1dfdd] bg-[#eff6fc] text-[11px] font-semibold text-[#0f6cbd]">%0D%0A+                               {member.avatar}%0D%0A+                             </div>%0D%0A+                             <div>%0D%0A+                               <h4 className="text-[13px] font-medium text-[#201f1e]">{member.name}</h4>%0D%0A+                               <p className="text-[11px] text-[#8a8886]">{member.role}</p>%0D%0A+                             </div>%0D%0A+                           </div>%0D%0A+                           <div className="text-right">%0D%0A+                             <a%0D%0A+                               href={`mailto:${member.email}`}%0D%0A+                               className="flex items-center gap-1 text-[13px] font-medium text-[#0f6cbd] hover:underline"%0D%0A+                             >%0D%0A+                               <span>{member.email}</span>%0D%0A+                               <ExternalLink className="h-3.5 w-3.5" />%0D%0A+                             </a>%0D%0A+                             <span className="mt-1 block text-[11px] text-[#8a8886]">Privileges: Authorized Auditor</span>%0D%0A+                           </div>%0D%0A+                         </div>%0D%0A+                       ))}%0D%0A+                     </div>%0D%0A+                   </div>%0D%0A+                 )}%0D%0A+ %0D%0A+               </div>%0D%0A+             </motion.div>%0D%0A+           </>%0D%0A+         )}%0D%0A+       </AnimatePresence>%0D%0A+     </div>%0D%0A+   );%0D%0A+ }%0D%0A+%0A%0A ❯ tests/client-json-columns.test.ts:152:20%0A%0A

::error file=/home/runner/work/software-passport-registry/software-passport-registry/tests/client-json-columns.test.ts,title=tests/client-json-columns.test.ts > the normalization is wired into every production path > the view error boundary is retained as the final safety net,line=159,column=33::AssertionError: expected 'import { useEffect, useMemo, useState…' to contain '<ViewErrorBoundary routeKey={path}>'%0A%0A- Expected%0A+ Received%0A%0A- <ViewErrorBoundary routeKey={path}>%0A+ import { useEffect, useMemo, useState, type ReactNode } from 'react';%0A+ import { getRedirectResult, onAuthStateChanged, signOut, type User } from 'firebase/auth';%0A+ import type { Alert, Client, Integration, Scan, SoftwarePassport, Vendor } from './types';%0A+ import type { VerificationDecision } from './lib/verification/evaluateVerification.ts';%0A+ import { apiFetch } from './utils/apiClient';%0A+ import { auth } from './lib/firebase';%0A+ import CommandCenter from './components/CommandCenter';%0A+ import ExtensionWorkflow from './components/ExtensionWorkflow';%0A+ import ExtensionMarketplace from './components/ExtensionMarketplace';%0A+ import LoginView from './components/LoginView';%0A+ import EvidenceDashboardView from './components/EvidenceDashboardView';%0A+ import EvidenceExplorerView from './components/EvidenceExplorerView';%0A+ import AITrustCenterView from './components/AITrustCenterView';%0A+ import CoverageView from './components/CoverageView';%0A+ import AssetsView from './components/AssetsView';%0A+ import PassportsView from './components/PassportsView';%0A+ import ScansView from './components/ScansView';%0A+ import AlertsView from './components/AlertsView';%0A+ import ClientsView from './components/ClientsView';%0A+ import VendorsView from './components/VendorsView';%0A+ import IntegrationsView from './components/IntegrationsView';%0A+ import BillingView from './components/BillingView';%0A+ import ComplianceView from './components/ComplianceView';%0A+ import AgentTrustView from './components/AgentTrustView';%0A+ import EnterpriseReadinessView from './components/EnterpriseReadinessView';%0A+ import FounderDashboardView from './components/FounderDashboardView';%0A+ import InvestorHomeView from './components/InvestorHomeView';%0A+ import SettingsView from './components/SettingsView';%0A+ import TeamView from './components/TeamView';%0A+ import AuditLogView from './components/AuditLogView';%0A+ import MonitoringView from './components/MonitoringView';%0A+ import SecurityCenterView from './components/SecurityCenterView';%0A+ import MSPCommandCenter from './components/MSPCommandCenter';%0A+ import ReportsView from './components/ReportsView';%0A+ import TrustGraphView from './components/TrustGraphView';%0A+ import { EXTENSIONS } from './workflows/extensionRegistry';%0A+ const PUBLIC_PATHS = new Set(['/','/login','/free-review','/pricing']);%0A+ const EMPTY_CLIENTS: Client[] = []; const EMPTY_PASSPORTS: SoftwarePassport[] = []; const EMPTY_VENDORS: Vendor[] = []; const EMPTY_INTEGRATIONS: Integration[] = []; const EMPTY_SCANS: Scan[] = []; const EMPTY_ALERTS: Alert[] = [];%0A+ function deriveAlertStatus(remediationStatus: string | null | undefined, findingStatus: string | null | undefined): Alert['status'] { switch (remediationStatus) { case 'IN_PROGRESS': case 'READY_FOR_VERIFICATION': return 'Acknowledged'; case 'BLOCKED': return 'Snoozed'; case 'VERIFIED': case 'CLOSED': return 'Resolved'; case 'CANCELLED': return 'Cancelled'; case 'OPEN': return 'Active'; default: return String(findingStatus || '').toLowerCase() === 'resolved' ? 'Resolved' : 'Active'; } }%0A+ function navigate(path: string) { window.history.pushState({}, '', path); window.dispatchEvent(new PopStateEvent('popstate')); }%0A+ function usePath() { const [path, setPath] = useState(() => window.location.pathname || '/'); useEffect(() => { const update = () => setPath(window.location.pathname || '/'); window.addEventListener('popstate', update); return () => window.removeEventListener('popstate', update); }, []); return path; }%0A+ function AuthLoading() { return <div className="grid min-h-screen place-items-center bg-[#faf9f8] text-[#201f1e]"><div className="text-center"><div className="mx-auto grid h-10 w-10 place-items-center rounded bg-[#0f6cbd] text-xs font-bold text-white">S</div><div className="mt-4 text-[11px] font-semibold uppercase tracking-wide text-[#605e5c]">Securing workspace</div><div className="mt-1 text-[12px] text-[#8a8886]">Checking authenticated session…</div></div></div>; }%0A+ function CoverPage() { return <div className="min-h-screen bg-[#faf9f8] text-[#201f1e]"><div className="mx-auto flex min-h-screen max-w-5xl items-center px-6 py-16"><div className="max-w-3xl"><div className="mb-5 inline-flex items-center gap-1.5 rounded border border-[#e1dfdd] bg-white px-2.5 py-1 text-[11px] font-semibold uppercase tracking-wide text-[#605e5c]">Evidence-first software trust</div><h1 className="text-[28px] font-semibold tracking-tight md:text-[34px]">Software trust, operated as a system.</h1><p className="mt-4 max-w-2xl text-[14px] leading-6 text-[#605e5c]">Software Passport Registry turns software identity, security, provenance, reliability, compliance, and evidence into repeatable workflows for teams, buyers, and managed service providers.</p><div className="mt-6 flex flex-wrap gap-2"><button onClick={() => navigate('/login')} className="h-9 rounded bg-[#0f6cbd] px-4 text-[13px] font-semibold text-white hover:bg-[#004578]">Enter SPR</button><button onClick={() => navigate('/free-review')} className="h-9 rounded border border-[#c8c6c4] bg-white px-4 text-[13px] font-medium text-[#323130] hover:bg-black/[.03]">Free review</button></div></div></div></div>; }%0A+ function PublicPage({ title, description, action, onAction }: { title: string; description: string; action: string; onAction: () => void }) { return <div className="grid min-h-screen place-items-center bg-[#faf9f8] px-6 text-[#201f1e]"><div className="max-w-md rounded-md border border-[#e1dfdd] bg-white p-6 text-center"><div className="text-[11px] font-semibold uppercase tracking-wide text-[#605e5c]">Software Passport Registry</div><h1 className="mt-2 text-[20px] font-semibold">{title}</h1><p className="mt-2 text-[13px] leading-5 text-[#605e5c]">{description}</p><button onClick={onAction} className="mt-5 h-9 rounded bg-[#0f6cbd] px-4 text-[13px] font-semibold text-white hover:bg-[#004578]">{action}</button></div></div>; }%0A+ function WorkflowBoundary({ title, description, extensionId, onNavigate }: { title: string; description: string; extensionId?: string; onNavigate: (path: string) => void }) { const extension = extensionId ? EXTENSIONS.find((item) => item.id === extensionId) : undefined; return <section><div className="rounded-md border border-[#e1dfdd] bg-white p-5"><div className="text-[11px] font-semibold uppercase tracking-wide text-[#605e5c]">Workflow boundary</div><h1 className="mt-1.5 text-[20px] font-semibold tracking-tight">{title}</h1><p className="mt-2 max-w-2xl text-[13px] leading-5 text-[#605e5c]">{description}</p>{extension && <button onClick={() => onNavigate(extension.entryPath)} className="mt-4 h-8 rounded bg-[#0f6cbd] px-3 text-[12px] font-semibold text-white hover:bg-[#004578]">Open {extension.name} →</button>}</div></section>; }%0A+ export default function App() {%0A+  const path=usePath(); const [authReady,setAuthReady]=useState(false); const [user,setUser]=useState<User|null>(null); const [role,setRole]=useState('Viewer'); const [selectedClientId,setSelectedClientId]=useState(''); const [selectedPassportId,setSelectedPassportId]=useState<string|null>(null); const [assets,setAssets]=useState<any[]>([]); const [clients,setClients]=useState<Client[]>(EMPTY_CLIENTS); const [passports,setPassports]=useState<SoftwarePassport[]>(EMPTY_PASSPORTS); const [vendors,setVendors]=useState<Vendor[]>(EMPTY_VENDORS); const [alerts,setAlerts]=useState<Alert[]>(EMPTY_ALERTS); const [findings,setFindings]=useState<unknown[]>([]); const [scans,setScans]=useState<Scan[]>(EMPTY_SCANS); const [integrations,setIntegrations]=useState<Integration[]>(EMPTY_INTEGRATIONS); const [theme,setTheme]=useState<'light'|'dark'>('dark'); const [verificationDecisions,setVerificationDecisions]=useState<Record<string,VerificationDecision>>({}); const [verificationDetails,setVerificationDetails]=useState<Record<string,unknown>>({});%0A+  useEffect(()=>{let mounted=true;let redirectSettled=false;let observedUser:User|null=null;const timeoutId=window.setTimeout(()=>{if(mounted)setAuthReady(true)},10000);const unsubscribe=onAuthStateChanged(auth,(currentUser)=>{if(!mounted)return;observedUser=currentUser;if(!redirectSettled)return;setUser(currentUser);setAuthReady(true);window.clearTimeout(timeoutId)},()=>{if(mounted){setAuthReady(true);window.clearTimeout(timeoutId)}});void getRedirectResult(auth).then(result=>{redirectSettled=true;if(mounted)setUser(result?.user||observedUser);if(mounted)setAuthReady(true);window.clearTimeout(timeoutId)}).catch(error=>{redirectSettled=true;console.error('[Firebase redirect sign-in error]',error);if(mounted)setUser(observedUser);if(mounted)setAuthReady(true);window.clearTimeout(timeoutId)});return()=>{mounted=false;window.clearTimeout(timeoutId);unsubscribe()}},[]);%0A+  useEffect(()=>{if(authReady&&!user&&!PUBLIC_PATHS.has(path))navigate('/login')},[authReady,user,path]);%0A+  useEffect(()=>{if(!user)return;let cancelled=false;const load=async()=>{const responses=await Promise.all([apiFetch('/api/user/me'),apiFetch('/api/scans'),apiFetch('/api/trust-loop/findings'),apiFetch('/api/user/passports'),apiFetch('/api/user/clients'),apiFetch('/api/integrations'),apiFetch('/api/user/verification')]);if(responses.some(r=>r.status===401)){await signOut(auth);navigate('/login');return}const [me,scansResponse,findingsResponse,passportsResponse,clientsResponse,integrationsResponse,verificationResponse]=responses;if(verificationResponse.ok){const data=await verificationResponse.json().catch(()=>null);if(!cancelled){setVerificationDecisions(data?.verificationDecisions&&typeof data.verificationDecisions==='object'?data.verificationDecisions:{});setVerificationDetails(data?.verificationDetails&&typeof data.verificationDetails==='object'?data.verificationDetails:{})}}else if(!cancelled){setVerificationDecisions({});setVerificationDetails({})}if(me.ok){const data=await me.json().catch(()=>null);if(!cancelled)setRole(String(data?.role||'Viewer'))}if(scansResponse.ok){const data=await scansResponse.json().catch(()=>[]);if(!cancelled&&Array.isArray(data))setScans(data)}if(findingsResponse.ok){const data=await findingsResponse.json().catch(()=>[]);const rows=Array.isArray(data)?data:data?.findings;if(!cancelled&&Array.isArray(rows)){setFindings(rows);setAlerts(rows.map((row:any)=>({id:String(row.id),title:String(row.title||row.control_id||'Trust finding'),severity:String(row.severity||'Low').replace(/^./,(s:string)=>s.toUpperCase()),category:'Trust finding',clientName:String(row.client_id||'Tenant'),description:String(row.description||'Evidence-backed finding'),timestamp:String(row.updated_at||''),status:deriveAlertStatus(row.remediation_status,row.status),remediationId:row.remediation_id?String(row.remediation_id):null,ownerDisplay:row.remediation_owner_display||null,slaDueAt:row.remediation_sla_due_at||null})) as Alert[])}}if(passportsResponse.ok){const data=await passportsResponse.json().catch(()=>[]);const rows=Array.isArray(data)?data:data?.passports;if(!cancelled&&Array.isArray(rows)){const normalized=rows.map((row:any)=>({...row,id:String(row.id),name:String(row.name||'Unnamed software'),version:String(row.version||'unknown'),publisher:String(row.publisher||'unknown'),clientId:row.clientId?String(row.clientId):undefined,evidence:Array.isArray(row.evidence)?row.evidence:[],vulnerabilities:Array.isArray(row.vulnerabilities)?row.vulnerabilities:[],timeline:Array.isArray(row.timeline)?row.timeline:[],sbom:Array.isArray(row.sbom)?row.sbom:[],scores:null,scoreStatus:row.scoreStatus||'not_authoritatively_scored'})) as SoftwarePassport[];setPassports(normalized);setAssets(normalized.map((passport:any)=>({id:passport.id,name:passport.name,hostName:passport.name,type:passport.category||'software',clientId:passport.clientId,clientName:String(passport.clientId||'Unobserved'),environment:String(passport.environment||'Unobserved'),version:passport.version})));setVendors(EMPTY_VENDORS)}}if(clientsResponse.ok){const data=await clientsResponse.json().catch(()=>[]);const rows=Array.isArray(data)?data:data?.clients;if(!cancelled&&Array.isArray(rows))setClients(rows.map((row:any)=>({...row,id:String(row.id),name:String(row.name||row.company_name||'Unnamed client')})) as Client[])}if(integrationsResponse.ok){const data=await integrationsResponse.json().catch(()=>[]);if(!cancelled&&Array.isArray(data))setIntegrations(data)}};void load().catch(error=>console.warn('[SPR command center load]',error));return()=>{cancelled=true}},[user]);%0A+  useEffect(()=>{const refresh=()=>{if(user)window.location.reload()};window.addEventListener('refresh-data',refresh);return()=>window.removeEventListener('refresh-data',refresh)},[user]);%0A+  const onNavigateTab=(target:string,itemId?:string)=>navigate(itemId?`${target.startsWith('/')?target:`/${target}`}/${encodeURIComponent(itemId)}`:target.startsWith('/')?target:`/${target}`); const quickAction=(action:'add-client'|'register-passport'|'scan-sbom')=>navigate(action==='add-client'?'/clients':action==='register-passport'?'/passports':'/scans');%0A+  const performAlertAction=async(alert:Alert,action:'acknowledge'|'assign'|'resolve'|'escalate'|'snooze'|'reopen',assigneeDisplay?:string)=>{let remediationId=alert.remediationId;if(!remediationId){const created=await apiFetch('/api/trust-loop/remediations',{method:'POST',headers:{'Content-Type':'application/json'},body:JSON.stringify({findingId:alert.id,title:alert.title,description:alert.description,priority:alert.severity.toUpperCase()})});if(!created.ok)return;const createdBody=await created.json().catch(()=>null);remediationId=createdBody?.id?String(createdBody.id):undefined;if(!remediationId)return}const patchBody:Record<string,unknown>={acknowledge:{status:'IN_PROGRESS'},resolve:{status:'CLOSED'},snooze:{status:'BLOCKED'},reopen:{status:'OPEN'},escalate:{status:'IN_PROGRESS',slaDueAt:new Date(Date.now()+4*3600*1000).toISOString()},assign:{status:'IN_PROGRESS',ownerDisplay:assigneeDisplay||''}}[action];const response=await apiFetch(`/api/trust-loop/remediations/${encodeURIComponent(remediationId)}`,{method:'PATCH',headers:{'Content-Type':'application/json'},body:JSON.stringify(patchBody)});if(!response.ok)return;const updated=await response.json().catch(()=>null);setAlerts(current=>current.map(item=>item.id===alert.id?{...item,remediationId,status:deriveAlertStatus(updated?.status??String(patchBody.status),null),ownerDisplay:updated?.owner_display??(patchBody.ownerDisplay as string|undefined)??item.ownerDisplay,slaDueAt:updated?.sla_due_at??(patchBody.slaDueAt as string|undefined)??item.slaDueAt}:item))};%0A+  const selectedExtension=useMemo(()=>{const match=path.match(/^\/extensions\/([^/]+)/);return match?decodeURIComponent(match[1]):null},[path]);const signOutUser=async()=>{await signOut(auth);navigate('/login')};%0A+  if(!authReady)return <AuthLoading/>;if(path==='/')return <CoverPage/>;if(path==='/login')return user?<AuthLoading/>:<LoginView onLoginSuccess={()=>navigate('/dashboard')}/>;if(!user&&path==='/free-review')return <PublicPage title="Free software review" description="Start an evidence-first review from the public entry point." action="Sign in to continue" onAction={()=>navigate('/login')}/>;if(!user&&path==='/pricing')return <PublicPage title="SPR plans" description="Account and billing capabilities are available inside the authenticated workspace." action="Enter SPR" onAction={()=>navigate('/login')}/>;if(!user)return <AuthLoading/>;%0A+  let view:ReactNode;if(selectedExtension)view=<ExtensionWorkflow id={selectedExtension} onNavigate={navigate}/>;else switch(path){case '/dashboard':view=<EvidenceDashboardView clients={clients} alerts={alerts} scans={scans} passports={passports} findings={findings} onNavigateTab={onNavigateTab} onOpenQuickAction={quickAction}/>;break;case '/coverage':view=<CoverageView clients={clients} scans={scans} passports={passports} onNavigateTab={onNavigateTab}/>;break;case '/evidence-explorer':view=<EvidenceExplorerView passports={passports}/>;break;case '/assets':view=<AssetsView clients={clients} searchQuery="" assets={assets}/>;break;case '/passports':case '/registry':view=<PassportsView verificationDecisions={verificationDecisions} verificationDetails={verificationDetails} passports={passports} selectedPassportId={selectedPassportId} setSelectedPassportId={setSelectedPassportId} searchQuery="" clients={clients} assets={assets} role={role} onNavigateTab={onNavigateTab} onUpdatePassport={passport=>setPassports(current=>current.map(item=>item.id===passport.id?passport:item))}/>;break;case '/scans':view=<ScansView scans={scans} clients={clients} assets={assets} passports={passports} role={role} onTriggerNewScan={scan=>setScans(current=>[scan,...current.filter(item=>item.id!==scan.id)].slice(0,100))}/>;break;case '/alerts':view=<AlertsView alerts={alerts} onAlertAction={performAlertAction}/>;break;case '/reports':view=<ReportsView clients={clients} passports={passports} scans={scans} alerts={alerts} findings={findings} role={role}/>;break;case '/trust-graph':view=<TrustGraphView clients={clients} passports={passports} assets={assets} findings={findings}/>;/* onSelectPassport={setSelectedPassportId} */break;case '/clients':view=<ClientsView clients={clients} selectedClientId={selectedClientId} setSelectedClientId={setSelectedClientId} passports={passports} onNavigateTab={onNavigateTab} searchQuery=""/>;break;case '/vendors':view=<VendorsView vendors={vendors} searchQuery=""/>;break;case '/integrations':view=<IntegrationsView passports={passports} onNavigateTab={onNavigateTab}/>;break;case '/monitoring':view=<MonitoringView role={role}/>;break;case '/security':view=<SecurityCenterView clients={clients} passports={passports}/>;break;case '/compliance':view=<ComplianceView clients={clients} role={role}/>;break;case '/msp':view=<MSPCommandCenter verificationDecisions={verificationDecisions} verificationDetails={verificationDetails} clients={clients} alerts={alerts} findings={findings} role={role} onSelectClient={setSelectedClientId} onNavigate={navigate}/>;break;case '/agent-trust':view=<AgentTrustView/>;break;case '/ai-trust-center':view=<AITrustCenterView role={role}/>;break;case '/enterprise-readiness':view=<EnterpriseReadinessView clients={clients}/>;break;case '/investor':view=<InvestorHomeView passports={passports} clients={clients} alerts={alerts} onShowTelemetry={()=>navigate('/scans')} onNavigateTab={onNavigateTab}/>;break;case '/founder':view=<FounderDashboardView userRole={role}/>;break;case '/billing':view=<BillingView/>;break;case '/settings':view=<SettingsView theme={theme} onToggleTheme={()=>setTheme(current=>current==='dark'?'light':'dark')}/>;break;case '/team':view=<TeamView role={role}/>;break;case '/audit-log':view=<AuditLogView/>;break;case '/extensions':view=<ExtensionMarketplace onNavigateTab={onNavigateTab} role={role}/>;break;default:view=<WorkflowBoundary title="Workflow" description="This authenticated capability is explicitly routed through the Command Center. Choose its owning workflow from the left rail." onNavigate={navigate}/>}%0A+  return <CommandCenter path={path} userEmail={user.email} role={role} onNavigate={navigate} onSignOut={()=>void signOutUser()}>{view}</CommandCenter>;%0A+ }%0A+%0A%0A ❯ tests/client-json-columns.test.ts:159:33%0A%0A

::error file=/home/runner/work/software-passport-registry/software-passport-registry/tests/client-json-columns.test.ts,title=tests/client-json-columns.test.ts > passport JSON columns (sbom / timeline) > the passports endpoint and the browser both normalize,line=185,column=40::AssertionError: expected '/**\n * @license\n * SPDX-License-Ide…' to contain 'normalizePassportRecords((result as a…'%0A%0A- Expected%0A+ Received%0A%0A- normalizePassportRecords((result as any).rows || [])%0A+ /**%0A+  * @license%0A+  * SPDX-License-Identifier: Apache-2.0%0A+  */%0A+%0A+ import { Router } from 'express';%0A+ import { eq } from 'drizzle-orm';%0A+ import { sql } from 'drizzle-orm';%0A+ import { z } from 'zod';%0A+ import { users } from '../db/schema.ts';%0A+ import { AuthenticatedRequest, requireAuth, requireRole } from '../middleware/security.ts';%0A+ import { adminAuth, setUserCustomClaims } from '../lib/firebase-admin.ts';%0A+ import { appendAuditEntry, verifyAuditChain } from '../security/audit-log.ts';%0A+ import { describeUserAgent, sessionFingerprint } from '../security/session-tracking.ts';%0A+ import { offboardTenantData } from '../db/sync.ts';%0A+ import { INTEGRATION_CATALOG } from '../integrations/catalog.ts';%0A+ import { adaptEvidenceForEvaluation } from '../lib/verification/evidenceAdapter.ts';%0A+ import { evaluateVerification, type VerificationDecision } from '../lib/verification/evaluateVerification.ts';%0A+%0A+ const INVITABLE_ROLES = ['Admin', 'Technician', 'Viewer', 'Client'] as const;%0A+ const inviteSchema = z.object({ email: z.string().trim().email().max(255), role: z.enum(INVITABLE_ROLES) }).strict();%0A+ const roleUpdateSchema = z.object({ role: z.enum(INVITABLE_ROLES) }).strict();%0A+ const profileUpdateSchema = z.object({%0A+   displayName: z.string().trim().max(200).optional(),%0A+   roleTitle: z.string().trim().max(200).optional(),%0A+   companyName: z.string().trim().max(200).optional(),%0A+ }).strict();%0A+ const revokeSessionSchema = z.object({ sessionId: z.string().trim().min(1).max(200) }).strict();%0A+%0A+ export function createAuthRouter() {%0A+   const router = Router();%0A+%0A+   // The Firebase ID token is the sole authentication authority. The database%0A+   // record supplies the tenant/RBAC projection after token verification.%0A+   router.get('/user/me', requireAuth, async (req: AuthenticatedRequest, res, next) => {%0A+     try {%0A+       const db = req.db!;%0A+       const user = await db.select({%0A+         id: users.id,%0A+         uid: users.uid,%0A+         email: users.email,%0A+         tenantId: users.tenantId,%0A+         role: users.role,%0A+         companyName: users.companyName,%0A+         roleTitle: users.roleTitle,%0A+         displayName: users.displayName,%0A+         numTechnicians: users.numTechnicians,%0A+         clientCount: users.clientCount,%0A+         primaryUseCase: users.primaryUseCase,%0A+         onboarded: users.onboarded,%0A+         mfaEnabled: users.mfaEnabled,%0A+         createdAt: users.createdAt,%0A+       }).from(users).where(eq(users.uid, req.user!.uid)).then(rows => rows[0]);%0A+%0A+       if (!user) return res.status(403).json({ error: 'User account is not provisioned' });%0A+       return res.json({ ...user, emailVerified: req.user!.emailVerified });%0A+     } catch (error) {%0A+       return next(error);%0A+     }%0A+   });%0A+%0A+   router.put('/user/profile', requireAuth, async (req: AuthenticatedRequest, res, next) => {%0A+     try {%0A+       const db = req.db!;%0A+       const parsed = profileUpdateSchema.safeParse(req.body);%0A+       if (!parsed.success) return res.status(400).json({ error: 'Invalid request', details: parsed.error.flatten() });%0A+       const result = await db.execute(sql`%0A+         UPDATE users SET%0A+           display_name = COALESCE(${parsed.data.displayName ?? null}, display_name),%0A+           role_title = COALESCE(${parsed.data.roleTitle ?? null}, role_title),%0A+           company_name = COALESCE(${parsed.data.companyName ?? null}, company_name)%0A+         WHERE uid = ${req.user!.uid} AND tenant_id = ${req.user!.tenantId}%0A+         RETURNING id, email, display_name AS "displayName", role_title AS "roleTitle", company_name AS "companyName"%0A+       `);%0A+       const row = (result as any).rows?.[0];%0A+       if (!row) return res.status(404).json({ error: 'User account not found' });%0A+       await appendAuditEntry(db, { tenantId: req.user!.tenantId, action: 'profile.updated', actor: req.user!.email, payload: { userId: req.user!.id } });%0A+       return res.json(row);%0A+     } catch (error) {%0A+       return next(error);%0A+     }%0A+   });%0A+%0A+   router.get('/organization/team', requireAuth, async (req: AuthenticatedRequest, res, next) => {%0A+     try {%0A+       const db = req.db!;%0A+       const result = await db.execute(sql`%0A+         SELECT id, email, display_name AS "displayName", role, onboarded, created_at AS "createdAt"%0A+         FROM users WHERE tenant_id = ${req.user!.tenantId} ORDER BY created_at ASC%0A+       `);%0A+       return res.json((result as any).rows ?? []);%0A+     } catch (error) {%0A+       return next(error);%0A+     }%0A+   });%0A+%0A+   router.post('/organization/invite', requireAuth, requireRole(['Owner', 'Admin']), async (req: AuthenticatedRequest, res, next) => {%0A+     try {%0A+       const db = req.db!;%0A+       const parsed = inviteSchema.safeParse(req.body);%0A+       if (!parsed.success) return res.status(400).json({ error: 'Invalid request', details: parsed.error.flatten() });%0A+       const email = parsed.data.email.toLowerCase();%0A+%0A+       const existing = await db.execute(sql`SELECT id FROM users WHERE tenant_id = ${req.user!.tenantId} AND lower(btrim(email)) = ${email} LIMIT 1`);%0A+       if ((existing as any).rows?.length) return res.status(409).json({ error: 'This email is already a member of your workspace.' });%0A+%0A+       let firebaseUser;%0A+       try {%0A+         firebaseUser = await adminAuth.getUserByEmail(email);%0A+       } catch {%0A+         firebaseUser = await adminAuth.createUser({ email, emailVerified: false });%0A+       }%0A+%0A+       const inserted = await db.execute(sql`%0A+         INSERT INTO users (uid, email, tenant_id, role, invited_by, onboarded)%0A+         VALUES (${firebaseUser.uid}, ${email}, ${req.user!.tenantId}, ${parsed.data.role}, ${req.user!.email}, 0)%0A+         RETURNING id, email, role%0A+       `);%0A+       await setUserCustomClaims(firebaseUser.uid, { workspaceId: req.user!.tenantId, role: parsed.data.role });%0A+%0A+       let inviteLink: string | null = null;%0A+       try { inviteLink = await adminAuth.generatePasswordResetLink(email); } catch { inviteLink = null; }%0A+%0A+       await appendAuditEntry(db, { tenantId: req.user!.tenantId, action: 'team.invited', actor: req.user!.email, payload: { invitedEmail: email, role: parsed.data.role } });%0A+       return res.status(201).json({ ...(inserted as any).rows?.[0], inviteLink });%0A+     } catch (error) {%0A+       return next(error);%0A+     }%0A+   });%0A+%0A+   router.put('/organization/team/:userId/role', requireAuth, requireRole(['Owner', 'Admin']), async (req: AuthenticatedRequest, res, next) => {%0A+     try {%0A+       const db = req.db!;%0A+       const parsed = roleUpdateSchema.safeParse(req.body);%0A+       if (!parsed.success) return res.status(400).json({ error: 'Invalid request', details: parsed.error.flatten() });%0A+       const targetId = Number(req.params.userId);%0A+       if (!Number.isInteger(targetId)) return res.status(400).json({ error: 'Invalid user id' });%0A+%0A+       const result = await db.execute(sql`%0A+         UPDATE users SET role = ${parsed.data.role}%0A+         WHERE id = ${targetId} AND tenant_id = ${req.user!.tenantId} AND role <> 'Owner'%0A+         RETURNING id, uid, email, role%0A+       `);%0A+       const row = (result as any).rows?.[0];%0A+       if (!row) return res.status(404).json({ error: 'Team member not found, or the Owner role cannot be changed here.' });%0A+       await setUserCustomClaims(row.uid, { workspaceId: req.user!.tenantId, role: parsed.data.role });%0A+       await appendAuditEntry(db, { tenantId: req.user!.tenantId, action: 'team.role_changed', actor: req.user!.email, payload: { targetUserId: targetId, newRole: parsed.data.role } });%0A+       return res.json({ id: row.id, email: row.email, role: row.role });%0A+     } catch (error) {%0A+       return next(error);%0A+     }%0A+   });%0A+%0A+   router.delete('/organization/team/:userId', requireAuth, requireRole(['Owner', 'Admin']), async (req: AuthenticatedRequest, res, next) => {%0A+     try {%0A+       const db = req.db!;%0A+       const targetId = Number(req.params.userId);%0A+       if (!Number.isInteger(targetId)) return res.status(400).json({ error: 'Invalid user id' });%0A+%0A+       const result = await db.execute(sql`%0A+         DELETE FROM users WHERE id = ${targetId} AND tenant_id = ${req.user!.tenantId} AND role <> 'Owner'%0A+         RETURNING id, uid, email%0A+       `);%0A+       const row = (result as any).rows?.[0];%0A+       if (!row) return res.status(404).json({ error: 'Team member not found, or the Owner cannot be removed.' });%0A+%0A+       try { await adminAuth.updateUser(row.uid, { disabled: true }); await adminAuth.revokeRefreshTokens(row.uid); } catch { /* Firebase account may already be gone; DB removal already took effect. */ }%0A+       await appendAuditEntry(db, { tenantId: req.user!.tenantId, action: 'team.removed', actor: req.user!.email, payload: { targetUserId: targetId, targetEmail: row.email } });%0A+       return res.status(204).send();%0A+     } catch (error) {%0A+       return next(error);%0A+     }%0A+   });%0A+%0A+   router.get('/auth/sessions', requireAuth, async (req: AuthenticatedRequest, res, next) => {%0A+     try {%0A+       const db = req.db!;%0A+       const currentIp = req.ip || req.socket.remoteAddress || 'unknown';%0A+       const currentUserAgent = typeof req.headers['user-agent'] === 'string' ? req.headers['user-agent'].slice(0, 512) : '';%0A+       const currentFingerprint = sessionFingerprint(req.user!.uid, currentIp, currentUserAgent);%0A+%0A+       const result = await db.execute(sql`%0A+         SELECT id, session_fingerprint AS "sessionFingerprint", ip, user_agent AS "userAgent", last_seen_at AS "lastSeenAt"%0A+         FROM user_sessions%0A+         WHERE tenant_id = ${req.user!.tenantId} AND user_id = ${req.user!.id} AND revoked_at IS NULL%0A+         ORDER BY last_seen_at DESC%0A+       `);%0A+       const rows = ((result as any).rows ?? []) as Array<{ id: string; sessionFingerprint: string; ip: string; userAgent: string; lastSeenAt: string }>;%0A+       return res.json(rows.map(row => ({%0A+         id: row.id,%0A+         email: req.user!.email,%0A+         current: row.sessionFingerprint === currentFingerprint,%0A+         ip: row.ip,%0A+         device: describeUserAgent(row.userAgent),%0A+         location: 'Not geolocated',%0A+         lastSeenAt: row.lastSeenAt,%0A+       })));%0A+     } catch (error) {%0A+       return next(error);%0A+     }%0A+   });%0A+%0A+   router.post('/auth/sessions/revoke', requireAuth, async (req: AuthenticatedRequest, res, next) => {%0A+     try {%0A+       const db = req.db!;%0A+       const parsed = revokeSessionSchema.safeParse(req.body);%0A+       if (!parsed.success) return res.status(400).json({ error: 'Invalid request', details: parsed.error.flatten() });%0A+       const currentIp = req.ip || req.socket.remoteAddress || 'unknown';%0A+       const currentUserAgent = typeof req.headers['user-agent'] === 'string' ? req.headers['user-agent'].slice(0, 512) : '';%0A+       const currentFingerprint = sessionFingerprint(req.user!.uid, currentIp, currentUserAgent);%0A+       if (parsed.data.sessionId === `sess_${currentFingerprint}`) return res.status(400).json({ error: 'Cannot revoke the session you are currently using. Sign out instead.' });%0A+%0A+       const result = await db.execute(sql`%0A+         UPDATE user_sessions SET revoked_at = NOW()%0A+         WHERE id = ${parsed.data.sessionId} AND tenant_id = ${req.user!.tenantId} AND user_id = ${req.user!.id} AND revoked_at IS NULL%0A+         RETURNING id%0A+       `);%0A+       if (!((result as any).rows?.length)) return res.status(404).json({ error: 'Session not found' });%0A+       await appendAuditEntry(db, { tenantId: req.user!.tenantId, action: 'session.revoked', actor: req.user!.email, payload: { sessionId: parsed.data.sessionId } });%0A+       return res.status(204).send();%0A+     } catch (error) {%0A+       return next(error);%0A+     }%0A+   });%0A+%0A+   router.get('/auth/login-history', requireAuth, async (req: AuthenticatedRequest, res, next) => {%0A+     try {%0A+       const db = req.db!;%0A+       const result = await db.execute(sql`%0A+         SELECT id, ip, user_agent AS "userAgent", status, occurred_at AS "occurredAt"%0A+         FROM login_history WHERE tenant_id = ${req.user!.tenantId} AND user_id = ${req.user!.id}%0A+         ORDER BY occurred_at DESC LIMIT 50%0A+       `);%0A+       const rows = ((result as any).rows ?? []) as Array<{ id: string; ip: string; userAgent: string; status: string; occurredAt: string }>;%0A+       return res.json(rows.map(row => ({%0A+         id: row.id,%0A+         email: req.user!.email,%0A+         status: row.status,%0A+         action: 'Sign-in',%0A+         timestamp: row.occurredAt,%0A+         ip: row.ip,%0A+         location: 'Not geolocated',%0A+       })));%0A+     } catch (error) {%0A+       return next(error);%0A+     }%0A+   });%0A+%0A+   router.get('/auth/audit-chain', requireAuth, async (req: AuthenticatedRequest, res, next) => {%0A+     try {%0A+       const db = req.db!;%0A+       const beforeRaw = typeof req.query.before === 'string' ? Number(req.query.before) : null;%0A+       const before = Number.isInteger(beforeRaw) && beforeRaw! > 0 ? beforeRaw : null;%0A+       const result = before%0A+         ? await db.execute(sql`%0A+             SELECT id, action, timestamp, actor, payload, current_hash AS "currentHash", previous_hash AS "previousHash"%0A+             FROM audit_trail WHERE tenant_id = ${req.user!.tenantId} AND id < ${before} ORDER BY id DESC LIMIT 50%0A+           `)%0A+         : await db.execute(sql`%0A+         SELECT id, action, timestamp, actor, payload, current_hash AS "currentHash", previous_hash AS "previousHash"%0A+         FROM audit_trail WHERE tenant_id = ${req.user!.tenantId} ORDER BY id DESC LIMIT 50%0A+       `);%0A+       const rows = ((result as any).rows ?? []) as Array<{ id: number; action: string; timestamp: string; actor: string; payload: string; currentHash: string; previousHash: string }>;%0A+       return res.json(rows.map(row => ({%0A+         id: row.id,%0A+         action: row.action,%0A+         timestamp: row.timestamp,%0A+         actor: row.actor,%0A+         payload: row.payload,%0A+         hash: row.currentHash,%0A+         currentHash: row.currentHash,%0A+         previousHash: row.previousHash,%0A+         block: { action: row.action, userEmail: row.actor.includes('@') ? row.actor : null },%0A+       })));%0A+     } catch (error) {%0A+       return next(error);%0A+     }%0A+   });%0A+%0A+   router.get('/auth/audit-chain/verify', requireAuth, async (req: AuthenticatedRequest, res, next) => {%0A+     try {%0A+       const db = req.db!;%0A+       return res.json(await verifyAuditChain(db, req.user!.tenantId));%0A+     } catch (error) {%0A+       return next(error);%0A+     }%0A+   });%0A+%0A+   router.post('/tenant/offboard', requireAuth, requireRole('Owner'), async (req: AuthenticatedRequest, res, next) => {%0A+     try {%0A+       // Purges via the owner-role connection (not req.db): offboarding must be%0A+       // able to see every table it enumerates from information_schema, and it%0A+       // already scopes every DELETE to exactly this caller's own tenant_id.%0A+       await offboardTenantData(req.user!.tenantId);%0A+       return res.status(200).json({ message: 'Tenant data purged.' });%0A+     } catch (error) {%0A+       return next(error);%0A+     }%0A+   });%0A+%0A+   // Owner-only founder metrics. Every value is either observed from tenant%0A+   // data or explicitly reported as not verified; this endpoint never invents%0A+   // production health, security, financial, or performance telemetry.%0A+   router.get('/founder/metrics', requireAuth, requireRole('Owner'), async (req: AuthenticatedRequest, res, next) => {%0A+     try {%0A+       const db = req.db!;%0A+       const counts = await db.execute(sql`%0A+         SELECT%0A+           (SELECT COUNT(*)::int FROM clients WHERE tenant_id = ${req.user!.tenantId}) AS "clientCount",%0A+           (SELECT COUNT(*)::int FROM passports WHERE tenant_id = ${req.user!.tenantId}) AS "passportCount",%0A+           (SELECT COUNT(*)::int FROM scans WHERE tenant_id = ${req.user!.tenantId}) AS "scanCount"%0A+       `);%0A+       const row = (counts as any).rows?.[0] || {};%0A+       return res.json({%0A+         latency: 'Not verified',%0A+         capitalProtected: 'Not verified',%0A+         throughput: 'Not verified',%0A+         mitigations: 'Not verified',%0A+         overallScore: null,%0A+         auditEvents: null,%0A+         activeThreats: null,%0A+         systemIntegrity: 'Not verified',%0A+         observed: {%0A+           clientCount: Number(row.clientCount || 0),%0A+           passportCount: Number(row.passportCount || 0),%0A+           scanCount: Number(row.scanCount || 0),%0A+         },%0A+       });%0A+     } catch (error) {%0A+       return next(error);%0A+     }%0A+   });%0A+%0A+   // Owner-only operational health for the command center. Every section reads%0A+   // from the real tables the corresponding subsystem already writes -- no%0A+   // second heartbeat, delivery ledger, integration status, or audit verifier%0A+   // is created here. Sections with no real backing data are omitted rather%0A+   // than populated with placeholder values; see the `notes` field.%0A+   router.get('/founder/operations', requireAuth, requireRole('Owner'), async (req: AuthenticatedRequest, res, next) => {%0A+     try {%0A+       const db = req.db!;%0A+       const tenantId = req.user!.tenantId;%0A+       const notes: string[] = [];%0A+%0A+       // --- A. Worker/job health ---------------------------------------------%0A+       // osv-worker.ts claims agent_jobs rows (job_type osv_manifest_scan /%0A+       // repository_scan). It has no separate heartbeat row; the queue state%0A+       // itself (locked_at/locked_by, the same 10-minute staleness window the%0A+       // worker uses to reclaim stuck jobs) is the real signal.%0A+       const [osvCounts, osvStale, osvFailures, osvActivity] = await Promise.all([%0A+         db.execute(sql`SELECT job_type AS "jobType", status, COUNT(*)::int AS count FROM agent_jobs WHERE tenant_id=${tenantId} AND job_type IN ('osv_manifest_scan','repository_scan') GROUP BY job_type, status`),%0A+         db.execute(sql`SELECT COUNT(*)::int AS count FROM agent_jobs WHERE tenant_id=${tenantId} AND job_type IN ('osv_manifest_scan','repository_scan') AND status='Running' AND locked_at < NOW() - INTERVAL '10 minutes'`),%0A+         db.execute(sql`SELECT id, job_type AS "jobType", error, attempt_count AS "attemptCount", max_attempts AS "maxAttempts", updated_at AS "updatedAt" FROM agent_jobs WHERE tenant_id=${tenantId} AND job_type IN ('osv_manifest_scan','repository_scan') AND status='Failed' ORDER BY updated_at DESC LIMIT 5`),%0A+         db.execute(sql`SELECT MAX(updated_at) AS "lastActivityAt" FROM agent_jobs WHERE tenant_id=${tenantId} AND job_type IN ('osv_manifest_scan','repository_scan')`),%0A+       ]);%0A+%0A+       // monitoring-worker.ts (the file name this dashboard's spec named) is not%0A+       // imported by worker.ts and never runs in production -- confirmed dead%0A+       // code, not a running system. trust-monitoring-worker.ts is the real,%0A+       // currently-running system that plays the equivalent role (collector_jobs%0A+       // has an actual heartbeat_at column, unlike agent_jobs).%0A+       const [monitoringCounts, monitoringHeartbeat, monitoringFailures] = await Promise.all([%0A+         db.execute(sql`SELECT state, COUNT(*)::int AS count FROM collector_jobs WHERE tenant_id=${tenantId} GROUP BY state`),%0A+         db.execute(sql`SELECT MAX(heartbeat_at) AS "lastHeartbeatAt" FROM collector_jobs WHERE tenant_id=${tenantId} AND state='running'`),%0A+         db.execute(sql`SELECT id, collector_id AS "collectorId", safe_error_code AS "errorCode", safe_error_message AS "errorMessage", completed_at AS "completedAt" FROM collector_jobs WHERE tenant_id=${tenantId} AND state IN ('failed','dead_lettered') ORDER BY completed_at DESC NULLS LAST LIMIT 5`),%0A+       ]);%0A+       notes.push('monitoring-worker.ts is dead code (never imported by worker.ts); "monitoringWorker" below reflects trust-monitoring-worker.ts, the real running system for the same role.');%0A+%0A+       // --- B. Webhook delivery health ----------------------------------------%0A+       const [webhookCounts, webhookEndpoints, webhookFailures] = await Promise.all([%0A+         db.execute(sql`SELECT status, COUNT(*)::int AS count FROM spr_webhook_deliveries WHERE tenant_id=${tenantId} AND created_at::timestamptz > NOW() - INTERVAL '7 days' GROUP BY status`),%0A+         db.execute(sql`SELECT COUNT(*) FILTER (WHERE active)::int AS "activeCount", COUNT(*) FILTER (WHERE NOT active)::int AS "disabledCount" FROM spr_webhooks WHERE tenant_id=${tenantId}`),%0A+         db.execute(sql`SELECT d.id, d.webhook_id AS "webhookId", w.url, d.event_type AS "eventType", d.safe_error_code AS "errorCode", d.safe_error_message AS "errorMessage", d.completed_at AS "completedAt" FROM spr_webhook_deliveries d JOIN spr_webhooks w ON w.id=d.webhook_id AND w.tenant_id=d.tenant_id WHERE d.tenant_id=${tenantId} AND d.status IN ('failed','dead_lettered') ORDER BY d.completed_at DESC NULLS LAST LIMIT 10`),%0A+       ]);%0A+       notes.push('Webhook failures are grouped by destination endpoint (webhookId/url), not "provider" -- SPR webhooks are user-configured destination URLs, not third-party provider connectors; there is no per-provider concept for outbound deliveries.');%0A+%0A+       // --- C. Integration health ----------------------------------------------%0A+       const [credentialRows, integrationRows] = await Promise.all([%0A+         db.execute(sql`SELECT provider, status, last_tested_at AS "lastTestedAt" FROM integration_credentials WHERE tenant_id=${tenantId}`),%0A+         db.execute(sql`SELECT name, connected, last_sync_date AS "lastSyncDate" FROM integrations WHERE tenant_id=${tenantId}`),%0A+       ]);%0A+       const credentialByProvider = new Map<string, any>((credentialRows as any).rows?.map((r: any) => [r.provider, r]) ?? []);%0A+       const integrationByName = new Map<string, any>((integrationRows as any).rows?.map((r: any) => [r.name, r]) ?? []);%0A+       const integrations = INTEGRATION_CATALOG.map((item) => ({%0A+         provider: item.provider,%0A+         name: item.name,%0A+         connected: Boolean(integrationByName.get(item.name)?.connected),%0A+         lastSyncDate: integrationByName.get(item.name)?.lastSyncDate ?? null,%0A+         credentialStatus: credentialByProvider.get(item.provider)?.status ?? 'NOT_CONFIGURED',%0A+         lastTestedAt: credentialByProvider.get(item.provider)?.lastTestedAt ?? null,%0A+       }));%0A+%0A+       // --- D. Audit chain integrity --------------------------------------------%0A+       // Reuses the exact function GET /api/auth/audit-chain/verify calls --%0A+       // no second verifier.%0A+       const auditChain = await verifyAuditChain(db, tenantId);%0A+%0A+       // --- E. Scan / job queue --------------------------------------------------%0A+       const [runningRepoScans, complianceSchedules] = await Promise.all([%0A+         db.execute(sql`SELECT id, passport_id AS "passportId", status, progress, updated_at AS "updatedAt" FROM agent_jobs WHERE tenant_id=${tenantId} AND job_type='repository_scan' AND status='Running' ORDER BY updated_at DESC LIMIT 10`),%0A+         db.execute(sql`SELECT id, client_id AS "clientId", frequency, status, last_audit_at AS "lastAuditAt", next_audit_at AS "nextAuditAt" FROM compliance_schedules WHERE tenant_id=${tenantId} ORDER BY COALESCE(last_audit_at, created_at) DESC LIMIT 10`),%0A+       ]);%0A+%0A+       return res.json({%0A+         generatedAt: new Date().toISOString(),%0A+         workers: {%0A+           osv: {%0A+             countsByStatus: (osvCounts as any).rows ?? [],%0A+             staleRunningCount: Number((osvStale as any).rows?.[0]?.count ?? 0),%0A+             recentFailures: (osvFailures as any).rows ?? [],%0A+             lastActivityAt: (osvActivity as any).rows?.[0]?.lastActivityAt ?? null,%0A+           },%0A+           monitoringWorker: {%0A+             realSource: 'trust-monitoring-worker.ts (collector_jobs)',%0A+             countsByState: (monitoringCounts as any).rows ?? [],%0A+             lastHeartbeatAt: (monitoringHeartbeat as any).rows?.[0]?.lastHeartbeatAt ?? null,%0A+             recentFailures: (monitoringFailures as any).rows ?? [],%0A+           },%0A+         },%0A+         webhooks: {%0A+           countsByStatusLast7Days: (webhookCounts as any).rows ?? [],%0A+           activeEndpoints: Number((webhookEndpoints as any).rows?.[0]?.activeCount ?? 0),%0A+           disabledEndpoints: Number((webhookEndpoints as any).rows?.[0]?.disabledCount ?? 0),%0A+           recentFailures: (webhookFailures as any).rows ?? [],%0A+         },%0A+         integrations,%0A+         auditChain,%0A+         queue: {%0A+           runningRepositoryScans: (runningRepoScans as any).rows ?? [],%0A+           recentlyFailedJobs: (osvFailures as any).rows ?? [],%0A+           complianceSchedules: (complianceSchedules as any).rows ?? [],%0A+         },%0A+         notes,%0A+       });%0A+     } catch (error) {%0A+       return next(error);%0A+     }%0A+   });%0A+%0A+   // Owner-only self-passport retrieval. Absence of evidence is represented as%0A+   // a 404 instead of a fabricated passport or trust score.%0A+   router.get('/passports/self-passport', requireAuth, requireRole('Owner'), async (req: AuthenticatedRequest, res, next) => {%0A+     try {%0A+       const db = req.db!;%0A+       const result = await db.execute(sql`%0A+         SELECT%0A+           id,%0A+           name,%0A+           version,%0A+           publisher,%0A+           release_date AS "releaseDate",%0A+           evidence%0A+         FROM passports%0A+         WHERE tenant_id = ${req.user!.tenantId}%0A+         ORDER BY release_date DESC NULLS LAST, id DESC%0A+         LIMIT 1%0A+       `);%0A+       const row = (result as any).rows?.[0];%0A+       if (!row) return res.status(404).json({ error: 'Self passport evidence not found', code: 'SELF_PASSPORT_NOT_FOUND' });%0A+       return res.json({%0A+         ...row,%0A+         overallScore: null,%0A+         healthStatus: 'Not verified',%0A+         evidence: Array.isArray(row.evidence) ? row.evidence : [],%0A+       });%0A+     } catch (error) {%0A+       return next(error);%0A+     }%0A+   });%0A+%0A+   // Firebase-authenticated, tenant-scoped reads for the first-party SPA.%0A+   // These are deliberately separate from /connect/v1, which is API-key based.%0A+   router.get('/user/clients', requireAuth, async (req: AuthenticatedRequest, res, next) => {%0A+     try {%0A+       const db = req.db!;%0A+       const result = await db.execute(sql`SELECT id, name, domain, industry, trust_score AS "trustScore", risk_level AS "riskLevel", avatar_color AS "avatarColor", subscription_tier AS "subscriptionTier", joined_date AS "joinedDate", team_count AS "teamCount", passport_count AS "passportCount", critical_risks_count AS "criticalRisksCount", compliance_progress AS "complianceProgress", software_inventory AS "softwareInventory", compliance_status AS "complianceStatus", team_members AS "teamMembers", activity_timeline AS "activityTimeline" FROM clients WHERE tenant_id=${req.user!.tenantId} ORDER BY joined_date DESC`);%0A+       return res.json((result as any).rows || []);%0A+     } catch (error) {%0A+       return next(error);%0A+     }%0A+   });%0A+%0A+   router.get('/user/passports', requireAuth, async (req: AuthenticatedRequest, res, next) => {%0A+     try {%0A+       const db = req.db!;%0A+       const result = await db.execute(sql`SELECT p.id, p.client_id AS "clientId", p.name, p.version, p.publisher, p.category, p.release_date AS "releaseDate", p.license_type AS "licenseType", p.sbom, COALESCE((SELECT json_agg(json_build_object('id', e.id, 'name', e.name, 'type', e.type, 'verified', e.verified, 'status', e.status, 'signer', e.signer, 'timestamp', e.timestamp, 'hash', e.hash, 'engineId', e.engine_id, 'verificationFailureReason', e.verification_failure_reason) ORDER BY e.timestamp DESC) FROM evidence_items e WHERE e.tenant_id=p.tenant_id AND e.asset_id=p.id), '[]'::json) AS evidence, COALESCE((SELECT json_agg(json_build_object('id', f.id, 'findingId', f.id, 'severity', f.severity, 'category', f.category, 'title', f.title, 'description', f.description, 'component', f.component, 'fixedVersion', f.fixed_version, 'status', f.status, 'detectedAt', f.detected_at, 'engineId', f.engine_id) ORDER BY f.detected_at DESC) FROM scan_findings f WHERE f.tenant_id=p.tenant_id AND f.asset_id=p.id), '[]'::json) AS vulnerabilities, p.timeline, NULL AS scores, 'not_authoritatively_scored' AS "scoreStatus" FROM passports p WHERE p.tenant_id=${req.user!.tenantId} ORDER BY p.name ASC`);%0A+       return res.json((result as any).rows || []);%0A+     } catch (error) {%0A+       return next(error);%0A+     }%0A+   });%0A+%0A+   router.get('/user/extensions', requireAuth, async (req: AuthenticatedRequest, res, next) => {%0A+     try {%0A+       const db = req.db!;%0A+       const result = await db.execute(sql`SELECT extension_id AS "extensionId", installed_at AS "installedAt" FROM extension_installations WHERE tenant_id=${req.user!.tenantId} ORDER BY installed_at DESC`);%0A+       return res.json((result as any).rows || []);%0A+     } catch (error) {%0A+       return next(error);%0A+     }%0A+   });%0A+%0A+   router.post('/user/extensions/:extensionId', requireAuth, requireRole(['Owner', 'Admin', 'Operator']), async (req: AuthenticatedRequest, res, next) => {%0A+     try {%0A+       const extensionId = String(req.params.extensionId || '').trim();%0A+       if (!/^[A-Za-z0-9_.-]{1,120}$/.test(extensionId)) return res.status(400).json({ error: 'Invalid extension id' });%0A+       const db = req.db!;%0A+       const result = await db.execute(sql`INSERT INTO extension_installations (tenant_id, extension_id, installed_at) VALUES (${req.user!.tenantId}, ${extensionId}, NOW()) ON CONFLICT (tenant_id, extension_id) DO UPDATE SET installed_at=NOW() RETURNING extension_id AS "extensionId", installed_at AS "installedAt"`);%0A+       return res.status(201).json((result as any).rows?.[0]);%0A+     } catch (error) {%0A+       return next(error);%0A+     }%0A+   });%0A+%0A+   router.delete('/user/extensions/:extensionId', requireAuth, requireRole(['Owner', 'Admin', 'Operator']), async (req: AuthenticatedRequest, res, next) => {%0A+     try {%0A+       const db = req.db!;%0A+       const extensionId = String(req.params.extensionId || '').trim();%0A+       const result = await db.execute(sql`DELETE FROM extension_installations WHERE tenant_id=${req.user!.tenantId} AND extension_id=${extensionId} RETURNING extension_id`);%0A+       if (!((result as any).rows?.length)) return res.status(404).json({ error: 'Extension installation not found' });%0A+       return res.status(204).send();%0A+     } catch (error) {%0A+       return next(error);%0A+     }%0A+   });%0A+%0A+   router.get('/auth/verify-status', requireAuth, async (req: AuthenticatedRequest, res) => {%0A+     return res.json({ verified: req.user!.emailVerified, emailVerified: req.user!.emailVerified });%0A+   });%0A+%0A+%0A+%0A+   router.get('/user/passports/:id/verification', requireAuth, async (req: AuthenticatedRequest, res, next) => {%0A+     try {%0A+       const db = req.db!;%0A+       const tenantId = req.user!.tenantId;%0A+       const clientScope = req.user!.role === 'Client' ? (req.user as any).clientId : null;%0A+       const passportResult = await db.execute(sql`SELECT id, version, evidence, client_id AS "clientId" FROM passports WHERE id=${req.params.id} AND tenant_id=${tenantId} AND (${clientScope} IS NULL OR client_id=${clientScope}) LIMIT 1`) as any;%0A+       const passport = passportResult.rows?.[0];%0A+       if (!passport) return res.status(404).json({ error: 'Passport not found' });%0A+       const findingResult = await db.execute(sql`SELECT id, passport_id AS "passportId", evidence_ids, status FROM trust_findings WHERE tenant_id=${tenantId} AND passport_id=${passport.id}`) as any;%0A+       const parseJson = (value: unknown): unknown[] => { try { const parsed = JSON.parse(String(value ?? '')); return Array.isArray(parsed) ? parsed : []; } catch { return []; } };%0A+       const openFindingEvidenceIds = (findingResult.rows ?? []).filter((row: any) => !['resolved','closed','verified'].includes(String(row.status || '').toLowerCase())).flatMap((row: any) => parseJson(row.evidence_ids)).filter((id: any): id is string => typeof id === 'string');%0A+       const adapted = adaptEvidenceForEvaluation({ evidence: parseJson(passport.evidence) as any[], passportVersion: passport.version, openFindingEvidenceIds });%0A+       const evaluatedAt = Date.now();%0A+       const decision = evaluateVerification({ evidence: adapted.evidence, evaluatedAt, targetIdentity: adapted.targetIdentity });%0A+       res.setHeader('Cache-Control', 'private, max-age=0, no-store');%0A+       return res.json({ decision, observations: decision.observationCount, independentSources: decision.independentSourceCount });%0A+     } catch (error) { return next(error); }%0A+   });%0A+%0A+   router.get('/user/verification', requireAuth, async (req: AuthenticatedRequest, res, next) => {%0A+     try {%0A+       const db = req.db!;%0A+       const tenantId = req.user!.tenantId;%0A+       const clientScope = req.user!.role === 'Client' ? (req.user as any).clientId : null;%0A+       const passportRows = (await db.execute(sql`SELECT id, version, evidence, client_id AS "clientId" FROM passports WHERE tenant_id=${tenantId} AND (${clientScope} IS NULL OR client_id=${clientScope}) ORDER BY id`) as any).rows ?? [];%0A+       const passportIds = passportRows.map((row: any) => String(row.id));%0A+       const parseJson = (value: unknown): unknown[] => { try { const parsed = JSON.parse(String(value ?? '')); return Array.isArray(parsed) ? parsed : []; } catch { return []; } };%0A+       // Drizzle's proven one-query binding shape for the passport findings is%0A+       // `asset_id IN ${passportIds}`; do not replace this with ANY(array).%0A+       const findingRows = passportIds.length ? ((await db.execute(sql`SELECT id, passport_id AS "passportId", evidence_ids, status FROM trust_findings WHERE tenant_id=${tenantId} AND passport_id IN ${passportIds}`) as any).rows ?? []) : [];%0A+       const evidenceByPassport = new Map<string, any[]>();%0A+       for (const passport of passportRows) evidenceByPassport.set(String(passport.id), parseJson(passport.evidence) as any[]);%0A+       const evaluatedAt = Date.now();%0A+       const verificationDecisions: Record<string, VerificationDecision> = {};%0A+       const verificationDetails: Record<string, unknown> = {};%0A+       for (const passport of passportRows) {%0A+         const findings = findingRows.filter((row: any) => String(row.passportId) === String(passport.id));%0A+         const openFindingEvidenceIds = findings.filter((row: any) => !['resolved','closed','verified'].includes(String(row.status || '').toLowerCase())).flatMap((row: any) => parseJson(row.evidence_ids)).filter((id: any): id is string => typeof id === 'string');%0A+         const adapted = adaptEvidenceForEvaluation({ evidence: evidenceByPassport.get(String(passport.id)) ?? [], passportVersion: passport.version, openFindingEvidenceIds });%0A+         const decision = evaluateVerification({ evidence: adapted.evidence, evaluatedAt, targetIdentity: adapted.targetIdentity });%0A+         verificationDecisions[String(passport.id)] = decision;%0A+         verificationDetails[String(passport.id)] = { unmappedCount: adapted.unmappedCount, undatedCount: adapted.undatedCount, observations: decision.observationCount, independentSources: decision.independentSourceCount };%0A+       }%0A+       res.setHeader('Cache-Control', 'private, max-age=0, no-store');%0A+       return res.json({ verificationDecisions, verificationDetails });%0A+     } catch (error) { return next(error); }%0A+   });%0A+%0A+   return router;%0A+ }%0A+%0A%0A ❯ tests/client-json-columns.test.ts:185:40%0A%0A

::error file=/home/runner/work/software-passport-registry/software-passport-registry/tests/client-trust-environment-contract.test.ts,title=tests/client-trust-environment-contract.test.ts > Add Client modal reframed as a client trust environment%2C without changing the underlying create logic > uses the trust-environment framing copy,line=14,column=15::AssertionError: expected '/**\r\n * @license\r\n * SPDX-License…' to contain 'Establish a client trust environment'%0A%0A- Expected%0A+ Received%0A%0A- Establish a client trust environment%0A+ /**%0D%0A+  * @license%0D%0A+  * SPDX-License-Identifier: Apache-2.0%0D%0A+  */%0D%0A+ %0D%0A+ import React, { useState, useMemo } from 'react';%0D%0A+ import { motion, AnimatePresence } from 'motion/react';%0D%0A+ import { fuzzyMatch, filterData } from '../utils/filter';%0D%0A+ import {%0D%0A+   Building2,%0D%0A+   ShieldCheck,%0D%0A+   ShieldAlert,%0D%0A+   Users,%0D%0A+   Award,%0D%0A+   Lock,%0D%0A+   Globe,%0D%0A+   FileCheck,%0D%0A+   AlertTriangle,%0D%0A+   ExternalLink,%0D%0A+   ChevronRight,%0D%0A+   Download,%0D%0A+   X%0D%0A+ } from 'lucide-react';%0D%0A+ import { Client, SoftwarePassport } from '../types';%0D%0A+ import { generateClientCompliancePDF } from '../utils/pdfGenerator';%0D%0A+ %0D%0A+ // Compact risk-tier presentation tokens, shared across the row list, drawer%0D%0A+ // badge, and status dot so the mapping only lives in one place.%0D%0A+ const RISK_STYLES: Record<string, { dot: string; text: string }> = {%0D%0A+   Safe: { dot: 'bg-[#0e700e]', text: 'text-[#0e700e]' },%0D%0A+   Medium: { dot: 'bg-[#8a5700]', text: 'text-[#8a5700]' },%0D%0A+   High: { dot: 'bg-[#a4262c]', text: 'text-[#a4262c]' }%0D%0A+ };%0D%0A+ function riskStyle(level: string) {%0D%0A+   return RISK_STYLES[level] || { dot: 'bg-[#605e5c]', text: 'text-[#605e5c]' };%0D%0A+ }%0D%0A+ %0D%0A+ const COMPLIANCE_STYLES: Record<string, { dot: string; text: string }> = {%0D%0A+   Compliant: { dot: 'bg-[#0e700e]', text: 'text-[#0e700e]' },%0D%0A+   'In Progress': { dot: 'bg-[#8a5700]', text: 'text-[#8a5700]' }%0D%0A+ };%0D%0A+ function complianceStyle(status: string) {%0D%0A+   return COMPLIANCE_STYLES[status] || { dot: 'bg-[#a4262c]', text: 'text-[#a4262c]' };%0D%0A+ }%0D%0A+ %0D%0A+ interface ClientsViewProps {%0D%0A+   clients: Client[];%0D%0A+   selectedClientId: string;%0D%0A+   setSelectedClientId: (id: string) => void;%0D%0A+   passports: SoftwarePassport[];%0D%0A+   onNavigateTab: (tab: string, itemId?: string) => void;%0D%0A+   searchQuery: string;%0D%0A+ }%0D%0A+ %0D%0A+ export default function ClientsView({%0D%0A+   clients,%0D%0A+   selectedClientId,%0D%0A+   setSelectedClientId,%0D%0A+   passports,%0D%0A+   onNavigateTab,%0D%0A+   searchQuery%0D%0A+ }: ClientsViewProps) {%0D%0A+   const [industryFilter, setIndustryFilter] = useState<string>('all');%0D%0A+   const [riskFilter, setRiskFilter] = useState<string>('all');%0D%0A+   const [workspaceTab, setWorkspaceTab] = useState<'overview' | 'inventory' | 'security' | 'compliance' | 'team'>('overview');%0D%0A+ %0D%0A+   // Identify all unique client industries for dynamic filters%0D%0A+   const industries = useMemo(() => {%0D%0A+     const list = clients.map(c => c.industry);%0D%0A+     return Array.from(new Set(list));%0D%0A+   }, [clients]);%0D%0A+ %0D%0A+   // Extract the current selected client%0D%0A+   const client = useMemo(() => {%0D%0A+     return clients.find(c => c.id === selectedClientId) || null;%0D%0A+   }, [clients, selectedClientId]);%0D%0A+ %0D%0A+   const clientPassports = useMemo(() => {%0D%0A+     if (!client) return [];%0D%0A+     const passportIds = new Set(client.softwareInventory.map(item => item.passportId));%0D%0A+     return passports.filter(passport => passportIds.has(passport.id));%0D%0A+   }, [client, passports]);%0D%0A+ %0D%0A+   const securityScores = clientPassports%0D%0A+     .map(passport => passport.securityScore)%0D%0A+     .filter((score): score is number => typeof score === 'number' && Number.isFinite(score));%0D%0A+ %0D%0A+   // Filter clients list based on search and industry/risk selectors%0D%0A+   const filteredClients = useMemo(() => {%0D%0A+     return clients.filter(c => {%0D%0A+       const matchesSearch = searchQuery%0D%0A+         ? fuzzyMatch(searchQuery, c.name) ||%0D%0A+           fuzzyMatch(searchQuery, c.domain) ||%0D%0A+           fuzzyMatch(searchQuery, c.industry)%0D%0A+         : true;%0D%0A+       const matchesIndustry = industryFilter === 'all' || c.industry === industryFilter;%0D%0A+       const matchesRisk = riskFilter === 'all' || c.riskLevel === riskFilter;%0D%0A+ %0D%0A+       return matchesSearch && matchesIndustry && matchesRisk;%0D%0A+     });%0D%0A+   }, [clients, searchQuery, industryFilter, riskFilter]);%0D%0A+ %0D%0A+   // Handle client compliance data CSV export%0D%0A+   const handleExportCSV = () => {%0D%0A+     const headers = ['Client Name', 'Industry', 'Trust Score', 'Passports Active', 'Compliance Progress', 'Risk Level', 'Joined Date'];%0D%0A+     const rows = filteredClients.map(c => [%0D%0A+       c.name,%0D%0A+       c.industry,%0D%0A+       c.trustScore,%0D%0A+       c.passportCount,%0D%0A+       c.complianceProgress,%0D%0A+       c.riskLevel,%0D%0A+       c.joinedDate%0D%0A+     ]);%0D%0A+ %0D%0A+     const csvContent = 'data:text/csv;charset=utf-8,'%0D%0A+       + [headers.join(','), ...rows.map(e => e.join(','))].join('\n');%0D%0A+ %0D%0A+     const encodedUri = encodeURI(csvContent);%0D%0A+     const link = document.createElement('a');%0D%0A+     link.setAttribute('href', encodedUri);%0D%0A+     link.setAttribute('download', `tenant_compliance_audit_${new Date().toISOString().split('T')[0]}.csv`);%0D%0A+     link.style.visibility = 'hidden';%0D%0A+     document.body.appendChild(link);%0D%0A+     link.click();%0D%0A+     document.body.removeChild(link);%0D%0A+   };%0D%0A+ %0D%0A+   const safeCount = clients.filter(c => c.riskLevel === 'Safe').length;%0D%0A+   const mediumCount = clients.filter(c => c.riskLevel === 'Medium').length;%0D%0A+   const highCount = clients.filter(c => c.riskLevel === 'High').length;%0D%0A+   const criticalAlertsTotal = clients.reduce((sum, c) => sum + (c.criticalRisksCount || 0), 0);%0D%0A+ %0D%0A+   return (%0D%0A+     <div id="msp-clients-index">%0D%0A+       {/* Page Header */}%0D%0A+       <div className="mb-4 flex items-center justify-between gap-4">%0D%0A+         <div>%0D%0A+           <h1 className="text-[22px] font-semibold text-[#201f1e]">Client Tenant Directory</h1>%0D%0A+           <p className="mt-1 text-[13px] text-[#605e5c]">%0D%0A+             Browse and manage software trust state across {clients.length} active workspace tenants.%0D%0A+           </p>%0D%0A+         </div>%0D%0A+         <button%0D%0A+           onClick={handleExportCSV}%0D%0A+           className="flex h-9 shrink-0 items-center gap-1.5 rounded bg-[#0f6cbd] px-3 text-[13px] font-medium text-white hover:bg-[#004578]"%0D%0A+           id="export-tenants-csv-btn"%0D%0A+         >%0D%0A+           <Download className="h-3.5 w-3.5" />%0D%0A+           <span>Export Directory</span>%0D%0A+         </button>%0D%0A+       </div>%0D%0A+ %0D%0A+       {/* About this page */}%0D%0A+       <details className="mb-4 rounded-md border border-[#e1dfdd] bg-[#faf9f8] text-[13px]">%0D%0A+         <summary className="cursor-pointer select-none px-3 py-2 font-medium text-[#323130]">ⓘ What is this? · How it works</summary>%0D%0A+         <div className="px-3 pb-3 text-[#605e5c]">%0D%0A+           <p>Every workspace tenant registered under this MSP, with its trust score, passport inventory, and compliance state.</p>%0D%0A+           <ol className="mt-1.5 list-decimal space-y-0.5 pl-4">%0D%0A+             <li>Filter or search the directory below.</li>%0D%0A+             <li>Click a row to open the tenant workspace drawer.</li>%0D%0A+             <li>Use Export Directory to download the filtered list as CSV.</li>%0D%0A+           </ol>%0D%0A+         </div>%0D%0A+       </details>%0D%0A+ %0D%0A+       {/* Summary strip */}%0D%0A+       <div className="mb-4 flex flex-wrap gap-6 rounded-md border border-[#e1dfdd] bg-white p-3">%0D%0A+         <div>%0D%0A+           <div className="text-[11px] text-[#605e5c]">Total Tenants</div>%0D%0A+           <div className="text-lg font-semibold text-[#201f1e]">{clients.length}</div>%0D%0A+         </div>%0D%0A+         <div>%0D%0A+           <div className="text-[11px] text-[#605e5c]">Safe</div>%0D%0A+           <div className="text-lg font-semibold text-[#0e700e]">{safeCount}</div>%0D%0A+         </div>%0D%0A+         <div>%0D%0A+           <div className="text-[11px] text-[#605e5c]">Medium Risk</div>%0D%0A+           <div className="text-lg font-semibold text-[#8a5700]">{mediumCount}</div>%0D%0A+         </div>%0D%0A+         <div>%0D%0A+           <div className="text-[11px] text-[#605e5c]">High Risk</div>%0D%0A+           <div className="text-lg font-semibold text-[#a4262c]">{highCount}</div>%0D%0A+         </div>%0D%0A+         <div>%0D%0A+           <div className="text-[11px] text-[#605e5c]">Critical Alerts</div>%0D%0A+           <div className="text-lg font-semibold text-[#201f1e]">{criticalAlertsTotal}</div>%0D%0A+         </div>%0D%0A+       </div>%0D%0A+ %0D%0A+       {/* Filters */}%0D%0A+       <div className="mb-4 flex flex-wrap items-center gap-2">%0D%0A+         <div className="flex items-center gap-1.5">%0D%0A+           <label className="text-[13px] text-[#605e5c]">Industry</label>%0D%0A+           <select%0D%0A+             value={industryFilter}%0D%0A+             onChange={(e) => setIndustryFilter(e.target.value)}%0D%0A+             className="h-9 rounded border border-[#c8c6c4] bg-white px-2 text-[13px] text-[#323130] focus:border-[#0f6cbd] focus:outline-none focus:ring-1 focus:ring-[#0f6cbd]"%0D%0A+           >%0D%0A+             <option value="all">All Industries</option>%0D%0A+             {industries.map(ind => (%0D%0A+               <option key={ind} value={ind}>{ind}</option>%0D%0A+             ))}%0D%0A+           </select>%0D%0A+         </div>%0D%0A+ %0D%0A+         <div className="flex items-center gap-1.5">%0D%0A+           <label className="text-[13px] text-[#605e5c]">Risk Level</label>%0D%0A+           <select%0D%0A+             value={riskFilter}%0D%0A+             onChange={(e) => setRiskFilter(e.target.value)}%0D%0A+             className="h-9 rounded border border-[#c8c6c4] bg-white px-2 text-[13px] text-[#323130] focus:border-[#0f6cbd] focus:outline-none focus:ring-1 focus:ring-[#0f6cbd]"%0D%0A+           >%0D%0A+             <option value="all">All Tiers</option>%0D%0A+             <option value="Safe">Safe</option>%0D%0A+             <option value="Medium">Medium</option>%0D%0A+             <option value="High">High</option>%0D%0A+           </select>%0D%0A+         </div>%0D%0A+       </div>%0D%0A+ %0D%0A+       {/* Client Directory Table */}%0D%0A+       <div className="overflow-hidden rounded-md border border-[#e1dfdd] bg-white">%0D%0A+         <div className="overflow-x-auto">%0D%0A+           <table className="w-full text-left">%0D%0A+             <thead>%0D%0A+               <tr className="border-b border-[#e1dfdd] text-[11px] uppercase tracking-wide text-[#605e5c]">%0D%0A+                 <th className="px-3 py-2.5 font-medium">Client</th>%0D%0A+                 <th className="px-3 py-2.5 font-medium">Industry</th>%0D%0A+                 <th className="px-3 py-2.5 font-medium">Risk</th>%0D%0A+                 <th className="px-3 py-2.5 font-medium">Trust Score</th>%0D%0A+                 <th className="px-3 py-2.5 font-medium">Passports</th>%0D%0A+                 <th className="px-3 py-2.5 font-medium">Compliance</th>%0D%0A+                 <th className="px-3 py-2.5 font-medium">Joined</th>%0D%0A+                 <th className="px-3 py-2.5 font-medium">Alerts</th>%0D%0A+               </tr>%0D%0A+             </thead>%0D%0A+             <tbody>%0D%0A+               {filteredClients.map(c => {%0D%0A+                 const hasCriticalRisks = c.criticalRisksCount > 0;%0D%0A+                 const isDrawerActive = selectedClientId === c.id;%0D%0A+                 const rs = riskStyle(c.riskLevel);%0D%0A+                 return (%0D%0A+                   <tr%0D%0A+                     key={c.id}%0D%0A+                     onClick={() => setSelectedClientId(c.id)}%0D%0A+                     className={`cursor-pointer border-b border-[#f3f2f1] text-[13px] hover:bg-black/[.02] ${isDrawerActive ? 'bg-[#eff6fc]' : ''}`}%0D%0A+                   >%0D%0A+                     <td className="px-3 py-2.5">%0D%0A+                       <div className="flex items-center gap-2.5">%0D%0A+                         <div className={`flex h-7 w-7 shrink-0 items-center justify-center rounded text-[11px] font-semibold ${c.avatarColor}`}>%0D%0A+                           {c.name.charAt(0)}%0D%0A+                         </div>%0D%0A+                         <div className="min-w-0">%0D%0A+                           <div className="font-medium text-[#201f1e]">{c.name}</div>%0D%0A+                           <div className="flex items-center gap-1 truncate text-[11px] text-[#8a8886]">%0D%0A+                             <Globe className="h-3 w-3 shrink-0" />%0D%0A+                             <span className="truncate">{c.domain}</span>%0D%0A+                           </div>%0D%0A+                         </div>%0D%0A+                       </div>%0D%0A+                     </td>%0D%0A+                     <td className="px-3 py-2.5 text-[#605e5c]">{c.industry}</td>%0D%0A+                     <td className="px-3 py-2.5">%0D%0A+                       <span className="inline-flex items-center gap-1.5">%0D%0A+                         <span className={`h-1.5 w-1.5 rounded-full ${rs.dot}`} />%0D%0A+                         <span className={rs.text}>{c.riskLevel}</span>%0D%0A+                       </span>%0D%0A+                     </td>%0D%0A+                     <td className="px-3 py-2.5 text-[#201f1e]">{c.trustScore}<span className="text-[#8a8886]">/100</span></td>%0D%0A+                     <td className="px-3 py-2.5 text-[#201f1e]">{c.passportCount}</td>%0D%0A+                     <td className="px-3 py-2.5 text-[#201f1e]">{c.complianceProgress}%25</td>%0D%0A+                     <td className="px-3 py-2.5 text-[#605e5c]">{c.joinedDate}</td>%0D%0A+                     <td className="px-3 py-2.5">%0D%0A+                       {hasCriticalRisks ? (%0D%0A+                         <span className="inline-flex items-center gap-1 font-medium text-[#a4262c]">%0D%0A+                           <AlertTriangle className="h-3.5 w-3.5" />%0D%0A+                           {c.criticalRisksCount}%0D%0A+                         </span>%0D%0A+                       ) : (%0D%0A+                         <span className="inline-flex items-center gap-1 text-[#8a8886]">%0D%0A+                           <ShieldCheck className="h-3.5 w-3.5" />%0D%0A+                           None%0D%0A+                         </span>%0D%0A+                       )}%0D%0A+                     </td>%0D%0A+                   </tr>%0D%0A+                 );%0D%0A+               })}%0D%0A+             </tbody>%0D%0A+           </table>%0D%0A+         </div>%0D%0A+ %0D%0A+         {filteredClients.length === 0 && (%0D%0A+           <div className="p-12 text-center">%0D%0A+             <Building2 className="mx-auto mb-3 h-8 w-8 text-[#c8c6c4]" />%0D%0A+             <h3 className="text-[13px] font-medium text-[#323130]">No client workspaces found</h3>%0D%0A+             <p className="mx-auto mt-1 max-w-sm text-[13px] text-[#8a8886]">%0D%0A+               Adjust your search keywords or industry filters and try again.%0D%0A+             </p>%0D%0A+           </div>%0D%0A+         )}%0D%0A+       </div>%0D%0A+ %0D%0A+       {/* Slide-out Drawer Panel */}%0D%0A+       <AnimatePresence>%0D%0A+         {selectedClientId !== 'global' && client && (%0D%0A+           <>%0D%0A+             {/* Backdrop Overlay */}%0D%0A+             <motion.div%0D%0A+               key="clients-drawer-backdrop"%0D%0A+               initial={{ opacity: 0 }}%0D%0A+               animate={{ opacity: 0.4 }}%0D%0A+               exit={{ opacity: 0 }}%0D%0A+               onClick={() => setSelectedClientId('global')}%0D%0A+               className="fixed inset-0 z-40 cursor-pointer bg-black"%0D%0A+             />%0D%0A+ %0D%0A+             {/* Sliding Drawer Container */}%0D%0A+             <motion.div%0D%0A+               key="clients-drawer-panel"%0D%0A+               initial={{ x: '100%25' }}%0D%0A+               animate={{ x: 0 }}%0D%0A+               exit={{ x: '100%25' }}%0D%0A+               transition={{ type: 'spring', damping: 26, stiffness: 170 }}%0D%0A+               className="fixed right-0 top-0 bottom-0 z-50 flex w-full max-w-3xl flex-col overflow-y-auto border-l border-[#e1dfdd] bg-white p-5"%0D%0A+             >%0D%0A+               {/* Drawer Top Navigation & Actions */}%0D%0A+               <div className="flex shrink-0 items-center justify-between border-b border-[#e1dfdd] pb-3">%0D%0A+                 <div className="flex items-center gap-2.5">%0D%0A+                   <div className={`flex h-9 w-9 items-center justify-center rounded text-[13px] font-semibold ${client.avatarColor}`}>%0D%0A+                     {client.name.charAt(0)}%0D%0A+                   </div>%0D%0A+                   <div>%0D%0A+                     <span className="text-[11px] uppercase tracking-wide text-[#8a8886]">%0D%0A+                       Active tenant%0D%0A+                     </span>%0D%0A+                     <h2 className="text-[16px] font-semibold leading-tight text-[#201f1e]">%0D%0A+                       {client.name}%0D%0A+                     </h2>%0D%0A+                   </div>%0D%0A+                 </div>%0D%0A+ %0D%0A+                 <div className="flex items-center gap-2">%0D%0A+                   <button%0D%0A+                     onClick={() => generateClientCompliancePDF(client)}%0D%0A+                     className="flex h-8 items-center gap-1.5 rounded border border-[#c8c6c4] px-3 text-[13px] text-[#323130] hover:bg-black/[.03]"%0D%0A+                   >%0D%0A+                     <Download className="h-3.5 w-3.5" />%0D%0A+                     <span>Compliance PDF</span>%0D%0A+                   </button>%0D%0A+                   <button%0D%0A+                     onClick={() => setSelectedClientId('global')}%0D%0A+                     className="flex h-8 w-8 items-center justify-center rounded border border-[#c8c6c4] text-[#605e5c] hover:bg-black/[.03]"%0D%0A+                     title="Close Drawer"%0D%0A+                   >%0D%0A+                     <X className="h-4 w-4" />%0D%0A+                   </button>%0D%0A+                 </div>%0D%0A+               </div>%0D%0A+ %0D%0A+               {/* Badges and summary bar */}%0D%0A+               <div className="mt-3 flex shrink-0 flex-wrap gap-2 text-[11px]">%0D%0A+                 <span className="rounded-md border border-[#e1dfdd] bg-[#f3f2f1] px-2.5 py-1 font-medium text-[#323130]">%0D%0A+                   Tier: {client.subscriptionTier}%0D%0A+                 </span>%0D%0A+                 <span className="rounded-md border border-[#e1dfdd] bg-[#f3f2f1] px-2.5 py-1 font-medium text-[#323130]">%0D%0A+                   Domain: {client.domain}%0D%0A+                 </span>%0D%0A+                 <span className={`inline-flex items-center gap-1.5 rounded-md border border-[#e1dfdd] bg-[#f3f2f1] px-2.5 py-1 font-medium ${riskStyle(client.riskLevel).text}`}>%0D%0A+                   <span className={`h-1.5 w-1.5 rounded-full ${riskStyle(client.riskLevel).dot}`} />%0D%0A+                   Risk: {client.riskLevel}%0D%0A+                 </span>%0D%0A+               </div>%0D%0A+ %0D%0A+               {/* Drawer Tabs Header */}%0D%0A+               <div className="mt-3 flex shrink-0 gap-1 overflow-x-auto border-b border-[#e1dfdd] text-[13px] select-none">%0D%0A+                 {[%0D%0A+                   { id: 'overview', label: 'Trust Coordinates', icon: Award },%0D%0A+                   { id: 'inventory', label: 'SBOM Inventory', icon: FileCheck },%0D%0A+                   { id: 'security', label: 'Security Center', icon: ShieldAlert },%0D%0A+                   { id: 'compliance', label: 'Framework Matrices', icon: Lock },%0D%0A+                   { id: 'team', label: 'Stakeholders', icon: Users }%0D%0A+                 ].map(tb => {%0D%0A+                   const Icon = tb.icon;%0D%0A+                   const isSel = workspaceTab === tb.id;%0D%0A+                   return (%0D%0A+                     <button%0D%0A+                       key={tb.id}%0D%0A+                       type="button"%0D%0A+                       onClick={() => setWorkspaceTab(tb.id as any)}%0D%0A+                       className={`flex items-center gap-1.5 whitespace-nowrap border-b-2 px-3 py-2 font-medium transition-colors ${%0D%0A+                         isSel%0D%0A+                           ? 'border-[#0f6cbd] text-[#0f6cbd]'%0D%0A+                           : 'border-transparent text-[#605e5c] hover:text-[#201f1e]'%0D%0A+                       }`}%0D%0A+                     >%0D%0A+                       <Icon className="h-3.5 w-3.5" />%0D%0A+                       <span>{tb.label}</span>%0D%0A+                     </button>%0D%0A+                   );%0D%0A+                 })}%0D%0A+               </div>%0D%0A+ %0D%0A+               {/* Drawer Tabs Body content */}%0D%0A+               <div className="flex-1 space-y-4 overflow-y-auto pt-4 pb-2">%0D%0A+ %0D%0A+                 {/* 1. Trust Coordinates Tab */}%0D%0A+                 {workspaceTab === 'overview' && (%0D%0A+                   <div className="space-y-4">%0D%0A+                     {/* Trust Scores strip */}%0D%0A+                     <div className="rounded-md border border-[#e1dfdd] bg-white p-4">%0D%0A+                       <h3 className="mb-3 text-[13px] font-semibold text-[#323130]">Core Trust Coordinates</h3>%0D%0A+                       <div className="flex flex-wrap gap-6">%0D%0A+                         <div>%0D%0A+                           <p className="text-[11px] text-[#605e5c]">Overall score</p>%0D%0A+                           <p className="mt-0.5 text-lg font-semibold text-[#201f1e]">{client.trustScore}</p>%0D%0A+                           <span className="text-[11px] text-[#8a8886]">Observed client record</span>%0D%0A+                         </div>%0D%0A+                         <div>%0D%0A+                           <p className="text-[11px] text-[#605e5c]">Security score</p>%0D%0A+                           <p className="mt-0.5 text-lg font-semibold text-[#201f1e]">%0D%0A+                             {securityScores.length > 0 ? Math.round(securityScores.reduce((sum, score) => sum + score, 0) / securityScores.length) : 'Not verified'}%0D%0A+                           </p>%0D%0A+                           <span className="text-[11px] text-[#8a8886]">Passport-derived</span>%0D%0A+                         </div>%0D%0A+                         <div>%0D%0A+                           <p className="text-[11px] text-[#605e5c]">Compliance score</p>%0D%0A+                           <p className="mt-0.5 text-lg font-semibold text-[#201f1e]">{client.complianceProgress}%25</p>%0D%0A+                           <span className="text-[11px] text-[#8a8886]">Client record</span>%0D%0A+                         </div>%0D%0A+                         <div>%0D%0A+                           <p className="text-[11px] text-[#605e5c]">Supplier reputation</p>%0D%0A+                           <p className="mt-0.5 text-lg font-semibold text-[#201f1e]">Not verified</p>%0D%0A+                           <span className="text-[11px] text-[#8a8886]">No vendor score observed</span>%0D%0A+                         </div>%0D%0A+                       </div>%0D%0A+                     </div>%0D%0A+ %0D%0A+                     {/* Company Overview Details Card */}%0D%0A+                     <div className="grid grid-cols-1 gap-4 rounded-md border border-[#e1dfdd] bg-white p-4 sm:grid-cols-2">%0D%0A+                       <div className="space-y-2">%0D%0A+                         <h3 className="text-[13px] font-semibold text-[#323130]">Tenant Profile Overview</h3>%0D%0A+                         <div className="space-y-1.5 text-[13px]">%0D%0A+                           <div className="flex justify-between border-b border-[#f3f2f1] pb-1.5">%0D%0A+                             <span className="text-[11px] text-[#8a8886]">Organization Name</span>%0D%0A+                             <span className="font-medium text-[#323130]">{client.name}</span>%0D%0A+                           </div>%0D%0A+                           <div className="flex justify-between border-b border-[#f3f2f1] pb-1.5">%0D%0A+                             <span className="text-[11px] text-[#8a8886]">Domain</span>%0D%0A+                             <span className="font-medium text-[#323130]">{client.domain}</span>%0D%0A+                           </div>%0D%0A+                           <div className="flex justify-between border-b border-[#f3f2f1] pb-1.5">%0D%0A+                             <span className="text-[11px] text-[#8a8886]">Industry</span>%0D%0A+                             <span className="font-medium text-[#323130]">{client.industry}</span>%0D%0A+                           </div>%0D%0A+                         </div>%0D%0A+                       </div>%0D%0A+ %0D%0A+                       <div className="space-y-2">%0D%0A+                         <h3 className="text-[13px] font-semibold text-[#323130]">SLA & Scope Details</h3>%0D%0A+                         <div className="space-y-1.5 text-[13px]">%0D%0A+                           <div className="flex justify-between border-b border-[#f3f2f1] pb-1.5">%0D%0A+                             <span className="text-[11px] text-[#8a8886]">Verified Registry</span>%0D%0A+                             <span className="font-medium text-[#323130]">tenant-{client.id}</span>%0D%0A+                           </div>%0D%0A+                           <div className="flex justify-between border-b border-[#f3f2f1] pb-1.5">%0D%0A+                             <span className="text-[11px] text-[#8a8886]">Joined Date</span>%0D%0A+                             <span className="font-medium text-[#323130]">{client.joinedDate}</span>%0D%0A+                           </div>%0D%0A+                           <div className="flex justify-between border-b border-[#f3f2f1] pb-1.5">%0D%0A+                             <span className="text-[11px] text-[#8a8886]">Compliance Target</span>%0D%0A+                             <span className="font-medium text-[#0f6cbd]">{client.complianceStatus.length ? client.complianceStatus.map((item) => item.code).join(', ') : 'Not observed'}</span>%0D%0A+                           </div>%0D%0A+                         </div>%0D%0A+                       </div>%0D%0A+                     </div>%0D%0A+                   </div>%0D%0A+                 )}%0D%0A+ %0D%0A+                 {/* 2. SBOM Inventory Tab */}%0D%0A+                 {workspaceTab === 'inventory' && (%0D%0A+                   <div className="space-y-3">%0D%0A+                     <div className="flex items-center justify-between">%0D%0A+                       <h3 className="text-[13px] font-semibold text-[#323130]">Registered Client Software Passports</h3>%0D%0A+                       <span className="text-[11px] text-[#8a8886]">Count: {client.passportCount}</span>%0D%0A+                     </div>%0D%0A+ %0D%0A+                     {client.softwareInventory.length === 0 && (%0D%0A+                       <div className="rounded-md border border-dashed border-[#e1dfdd] px-5 py-10 text-center text-[13px] text-[#8a8886]">No software passports registered for this client yet.</div>%0D%0A+                     )}%0D%0A+                     <div className="grid grid-cols-1 gap-3 sm:grid-cols-2">%0D%0A+                       {passports.filter(p => {%0D%0A+                         const clientPassportIds = new Set(client.softwareInventory.map(item => item.passportId));%0D%0A+                         return clientPassportIds.has(p.id);%0D%0A+                       }).map(p => (%0D%0A+                         <div%0D%0A+                           key={p.id}%0D%0A+                           onClick={() => onNavigateTab('passports', p.id)}%0D%0A+                           className="cursor-pointer space-y-2 rounded-md border border-[#e1dfdd] bg-white p-3 hover:border-[#0f6cbd]"%0D%0A+                         >%0D%0A+                           <div className="flex items-start justify-between">%0D%0A+                             <div>%0D%0A+                               <h4 className="text-[13px] font-medium text-[#201f1e]">{p.name}</h4>%0D%0A+                               <p className="text-[11px] text-[#8a8886]">Version: {p.version || 'Not observed'}</p>%0D%0A+                             </div>%0D%0A+                             <span className="rounded border border-[#e1dfdd] bg-[#eff6fc] px-2 py-0.5 text-[11px] font-medium text-[#0f6cbd]">%0D%0A+                               {p.sbom.length} Dependencies%0D%0A+                             </span>%0D%0A+                           </div>%0D%0A+ %0D%0A+                           <div className="flex items-center justify-between border-t border-[#f3f2f1] pt-2 text-[11px] text-[#605e5c]">%0D%0A+                             <span>Compliance: {p.complianceScore}%25</span>%0D%0A+                             <span className="flex items-center gap-0.5 font-medium text-[#0f6cbd]">%0D%0A+                               Open Passport <ChevronRight className="h-3 w-3" />%0D%0A+                             </span>%0D%0A+                           </div>%0D%0A+                         </div>%0D%0A+                       ))}%0D%0A+                     </div>%0D%0A+                   </div>%0D%0A+                 )}%0D%0A+ %0D%0A+                 {/* 3. Security Center Tab */}%0D%0A+                 {workspaceTab === 'security' && (%0D%0A+                   <div className="space-y-3">%0D%0A+                     <div className="flex items-center justify-between">%0D%0A+                       <h3 className="text-[13px] font-semibold text-[#323130]">Active Vulnerability Footprint</h3>%0D%0A+                       <button%0D%0A+                         onClick={() => onNavigateTab('alerts')}%0D%0A+                         className="text-[13px] font-medium text-[#0f6cbd] hover:underline"%0D%0A+                       >%0D%0A+                         Launch Threat Mitigator%0D%0A+                       </button>%0D%0A+                     </div>%0D%0A+ %0D%0A+                     <div className="overflow-hidden rounded-md border border-[#e1dfdd] bg-white">%0D%0A+                       <div className="overflow-x-auto">%0D%0A+                         <table className="w-full text-left">%0D%0A+                           <thead>%0D%0A+                             <tr className="border-b border-[#e1dfdd] text-[11px] uppercase tracking-wide text-[#605e5c]">%0D%0A+                               <th className="px-3 py-2.5 font-medium">CVE ID</th>%0D%0A+                               <th className="px-3 py-2.5 font-medium">Component</th>%0D%0A+                               <th className="px-3 py-2.5 font-medium">Severity</th>%0D%0A+                               <th className="px-3 py-2.5 font-medium">CVSS</th>%0D%0A+                               <th className="px-3 py-2.5 font-medium">Status</th>%0D%0A+                               <th className="px-3 py-2.5 font-medium">Threat Summary</th>%0D%0A+                             </tr>%0D%0A+                           </thead>%0D%0A+                           <tbody className="text-[13px] text-[#323130]">%0D%0A+                             {clientPassports.flatMap(passport => (passport.vulnerabilities || []).map(vulnerability => ({ passport, vulnerability }))).map(({ passport, vulnerability }, index) => (%0D%0A+                               <tr key={`${passport.id}-${vulnerability.id}-${index}`} className="border-b border-[#f3f2f1] hover:bg-black/[.02]">%0D%0A+                                 <td className="px-3 py-2.5 font-medium text-[#0f6cbd]">{vulnerability.id}</td>%0D%0A+                                 <td className="px-3 py-2.5">{vulnerability.component}</td>%0D%0A+                                 <td className="px-3 py-2.5"><span className="rounded-full border border-[#e1dfdd] bg-[#f3f2f1] px-2 py-0.5 text-[11px] uppercase text-[#605e5c]">{vulnerability.severity}</span></td>%0D%0A+                                 <td className="px-3 py-2.5">{vulnerability.cvss ?? 'Not observed'}</td>%0D%0A+                                 <td className="px-3 py-2.5"><span className="rounded border border-[#e1dfdd] bg-[#faf9f8] px-2 py-0.5 text-[11px] text-[#605e5c]">{vulnerability.status}</span></td>%0D%0A+                                 <td className="max-w-sm truncate px-3 py-2.5 text-[#605e5c]" title={vulnerability.description}>{vulnerability.description || 'No description observed.'}</td>%0D%0A+                               </tr>%0D%0A+                             ))}%0D%0A+                             {clientPassports.every(passport => !passport.vulnerabilities?.length) && <tr><td colSpan={6} className="px-3 py-6 text-center text-[#8a8886]">No vulnerability observations are recorded for this client.</td></tr>}%0D%0A+                           </tbody>%0D%0A+                         </table>%0D%0A+                       </div>%0D%0A+                     </div>%0D%0A+                   </div>%0D%0A+                 )}%0D%0A+ %0D%0A+                 {/* 4. Compliance Framework Matrices Tab */}%0D%0A+                 {workspaceTab === 'compliance' && (%0D%0A+                   <div className="grid grid-cols-1 gap-3 sm:grid-cols-2">%0D%0A+                     {client.complianceStatus.length === 0 && (%0D%0A+                       <div className="col-span-full rounded-md border border-dashed border-[#e1dfdd] px-5 py-10 text-center text-[13px] text-[#8a8886]">No compliance frameworks recorded for this client yet.</div>%0D%0A+                     )}%0D%0A+                     {client.complianceStatus.map((comp) => {%0D%0A+                       const cs = complianceStyle(comp.status);%0D%0A+                       return (%0D%0A+                         <div key={comp.id} className="flex flex-col justify-between gap-3 rounded-md border border-[#e1dfdd] bg-white p-4">%0D%0A+                           <div className="flex items-start justify-between">%0D%0A+                             <div>%0D%0A+                               <span className="rounded border border-[#e1dfdd] bg-[#eff6fc] px-2 py-0.5 text-[11px] font-medium text-[#0f6cbd]">%0D%0A+                                 {comp.code} Framework%0D%0A+                               </span>%0D%0A+                               <h3 className="mt-2 text-[13px] font-semibold text-[#201f1e]">{comp.name}</h3>%0D%0A+                             </div>%0D%0A+                             <span className={`inline-flex items-center gap-1.5 text-[13px] ${cs.text}`}>%0D%0A+                               <span className={`h-1.5 w-1.5 rounded-full ${cs.dot}`} />%0D%0A+                               {comp.status}%0D%0A+                             </span>%0D%0A+                           </div>%0D%0A+ %0D%0A+                           {/* Progress Bar */}%0D%0A+                           <div className="space-y-1.5">%0D%0A+                             <div className="flex justify-between text-[11px] text-[#605e5c]">%0D%0A+                               <span>Controls verification progress</span>%0D%0A+                               <span className="font-medium text-[#323130]">{comp.progress}%25</span>%0D%0A+                             </div>%0D%0A+                             <div className="h-1.5 w-full overflow-hidden rounded-full bg-[#f3f2f1]">%0D%0A+                               <div className="h-full bg-[#0f6cbd]" style={{ width: `${comp.progress}%25` }}></div>%0D%0A+                             </div>%0D%0A+                             <div className="flex justify-between text-[11px] text-[#8a8886]">%0D%0A+                               <span>{comp.compliantControls} of {comp.totalControls} Controls Certified</span>%0D%0A+                               <span>SLA Audit Ready</span>%0D%0A+                             </div>%0D%0A+                           </div>%0D%0A+ %0D%0A+                           <button%0D%0A+                             onClick={() => onNavigateTab('compliance')}%0D%0A+                             className="w-full rounded border border-[#c8c6c4] py-1.5 text-center text-[13px] text-[#323130] hover:bg-black/[.03]"%0D%0A+                           >%0D%0A+                             Launch Verification Portal%0D%0A+                           </button>%0D%0A+                         </div>%0D%0A+                       );%0D%0A+                     })}%0D%0A+                   </div>%0D%0A+                 )}%0D%0A+ %0D%0A+                 {/* 5. Team Directory Tab */}%0D%0A+                 {workspaceTab === 'team' && (%0D%0A+                   <div className="overflow-hidden rounded-md border border-[#e1dfdd] bg-white">%0D%0A+                     <div className="border-b border-[#e1dfdd] px-4 py-3">%0D%0A+                       <h3 className="text-[13px] font-semibold text-[#323130]">Client Stakeholders & Key Operators</h3>%0D%0A+                       <p className="mt-0.5 text-[11px] text-[#8a8886]">Authorizing authorities registered with access privileges inside this workspace.</p>%0D%0A+                     </div>%0D%0A+                     <div className="divide-y divide-[#f3f2f1]">%0D%0A+                       {client.teamMembers.length === 0 && (%0D%0A+                         <div className="px-4 py-10 text-center text-[13px] text-[#8a8886]">No stakeholders recorded for this client yet.</div>%0D%0A+                       )}%0D%0A+                       {client.teamMembers.map((member, i) => (%0D%0A+                         <div key={i} className="flex items-center justify-between px-4 py-3 hover:bg-black/[.02]">%0D%0A+                           <div className="flex items-center gap-2.5">%0D%0A+                             <div className="flex h-8 w-8 items-center justify-center rounded-full border border-[#e1dfdd] bg-[#eff6fc] text-[11px] font-semibold text-[#0f6cbd]">%0D%0A+                               {member.avatar}%0D%0A+                             </div>%0D%0A+                             <div>%0D%0A+                               <h4 className="text-[13px] font-medium text-[#201f1e]">{member.name}</h4>%0D%0A+                               <p className="text-[11px] text-[#8a8886]">{member.role}</p>%0D%0A+                             </div>%0D%0A+                           </div>%0D%0A+                           <div className="text-right">%0D%0A+                             <a%0D%0A+                               href={`mailto:${member.email}`}%0D%0A+                               className="flex items-center gap-1 text-[13px] font-medium text-[#0f6cbd] hover:underline"%0D%0A+                             >%0D%0A+                               <span>{member.email}</span>%0D%0A+                               <ExternalLink className="h-3.5 w-3.5" />%0D%0A+                             </a>%0D%0A+                             <span className="mt-1 block text-[11px] text-[#8a8886]">Privileges: Authorized Auditor</span>%0D%0A+                           </div>%0D%0A+                         </div>%0D%0A+                       ))}%0D%0A+                     </div>%0D%0A+                   </div>%0D%0A+                 )}%0D%0A+ %0D%0A+               </div>%0D%0A+             </motion.div>%0D%0A+           </>%0D%0A+         )}%0D%0A+       </AnimatePresence>%0D%0A+     </div>%0D%0A+   );%0D%0A+ }%0D%0A+%0A%0A ❯ tests/client-trust-environment-contract.test.ts:14:15%0A%0A

::error file=/home/runner/work/software-passport-registry/software-passport-registry/tests/client-trust-environment-contract.test.ts,title=tests/client-trust-environment-contract.test.ts > Add Client modal reframed as a client trust environment%2C without changing the underlying create logic > previews the real post-creation capabilities%2C matching what the client workspace actually offers,line=22,column=17::AssertionError: expected '/**\r\n * @license\r\n * SPDX-License…' to contain 'Software</div>'%0A%0A- Expected%0A+ Received%0A%0A- Software</div>%0A+ /**%0D%0A+  * @license%0D%0A+  * SPDX-License-Identifier: Apache-2.0%0D%0A+  */%0D%0A+ %0D%0A+ import React, { useState, useMemo } from 'react';%0D%0A+ import { motion, AnimatePresence } from 'motion/react';%0D%0A+ import { fuzzyMatch, filterData } from '../utils/filter';%0D%0A+ import {%0D%0A+   Building2,%0D%0A+   ShieldCheck,%0D%0A+   ShieldAlert,%0D%0A+   Users,%0D%0A+   Award,%0D%0A+   Lock,%0D%0A+   Globe,%0D%0A+   FileCheck,%0D%0A+   AlertTriangle,%0D%0A+   ExternalLink,%0D%0A+   ChevronRight,%0D%0A+   Download,%0D%0A+   X%0D%0A+ } from 'lucide-react';%0D%0A+ import { Client, SoftwarePassport } from '../types';%0D%0A+ import { generateClientCompliancePDF } from '../utils/pdfGenerator';%0D%0A+ %0D%0A+ // Compact risk-tier presentation tokens, shared across the row list, drawer%0D%0A+ // badge, and status dot so the mapping only lives in one place.%0D%0A+ const RISK_STYLES: Record<string, { dot: string; text: string }> = {%0D%0A+   Safe: { dot: 'bg-[#0e700e]', text: 'text-[#0e700e]' },%0D%0A+   Medium: { dot: 'bg-[#8a5700]', text: 'text-[#8a5700]' },%0D%0A+   High: { dot: 'bg-[#a4262c]', text: 'text-[#a4262c]' }%0D%0A+ };%0D%0A+ function riskStyle(level: string) {%0D%0A+   return RISK_STYLES[level] || { dot: 'bg-[#605e5c]', text: 'text-[#605e5c]' };%0D%0A+ }%0D%0A+ %0D%0A+ const COMPLIANCE_STYLES: Record<string, { dot: string; text: string }> = {%0D%0A+   Compliant: { dot: 'bg-[#0e700e]', text: 'text-[#0e700e]' },%0D%0A+   'In Progress': { dot: 'bg-[#8a5700]', text: 'text-[#8a5700]' }%0D%0A+ };%0D%0A+ function complianceStyle(status: string) {%0D%0A+   return COMPLIANCE_STYLES[status] || { dot: 'bg-[#a4262c]', text: 'text-[#a4262c]' };%0D%0A+ }%0D%0A+ %0D%0A+ interface ClientsViewProps {%0D%0A+   clients: Client[];%0D%0A+   selectedClientId: string;%0D%0A+   setSelectedClientId: (id: string) => void;%0D%0A+   passports: SoftwarePassport[];%0D%0A+   onNavigateTab: (tab: string, itemId?: string) => void;%0D%0A+   searchQuery: string;%0D%0A+ }%0D%0A+ %0D%0A+ export default function ClientsView({%0D%0A+   clients,%0D%0A+   selectedClientId,%0D%0A+   setSelectedClientId,%0D%0A+   passports,%0D%0A+   onNavigateTab,%0D%0A+   searchQuery%0D%0A+ }: ClientsViewProps) {%0D%0A+   const [industryFilter, setIndustryFilter] = useState<string>('all');%0D%0A+   const [riskFilter, setRiskFilter] = useState<string>('all');%0D%0A+   const [workspaceTab, setWorkspaceTab] = useState<'overview' | 'inventory' | 'security' | 'compliance' | 'team'>('overview');%0D%0A+ %0D%0A+   // Identify all unique client industries for dynamic filters%0D%0A+   const industries = useMemo(() => {%0D%0A+     const list = clients.map(c => c.industry);%0D%0A+     return Array.from(new Set(list));%0D%0A+   }, [clients]);%0D%0A+ %0D%0A+   // Extract the current selected client%0D%0A+   const client = useMemo(() => {%0D%0A+     return clients.find(c => c.id === selectedClientId) || null;%0D%0A+   }, [clients, selectedClientId]);%0D%0A+ %0D%0A+   const clientPassports = useMemo(() => {%0D%0A+     if (!client) return [];%0D%0A+     const passportIds = new Set(client.softwareInventory.map(item => item.passportId));%0D%0A+     return passports.filter(passport => passportIds.has(passport.id));%0D%0A+   }, [client, passports]);%0D%0A+ %0D%0A+   const securityScores = clientPassports%0D%0A+     .map(passport => passport.securityScore)%0D%0A+     .filter((score): score is number => typeof score === 'number' && Number.isFinite(score));%0D%0A+ %0D%0A+   // Filter clients list based on search and industry/risk selectors%0D%0A+   const filteredClients = useMemo(() => {%0D%0A+     return clients.filter(c => {%0D%0A+       const matchesSearch = searchQuery%0D%0A+         ? fuzzyMatch(searchQuery, c.name) ||%0D%0A+           fuzzyMatch(searchQuery, c.domain) ||%0D%0A+           fuzzyMatch(searchQuery, c.industry)%0D%0A+         : true;%0D%0A+       const matchesIndustry = industryFilter === 'all' || c.industry === industryFilter;%0D%0A+       const matchesRisk = riskFilter === 'all' || c.riskLevel === riskFilter;%0D%0A+ %0D%0A+       return matchesSearch && matchesIndustry && matchesRisk;%0D%0A+     });%0D%0A+   }, [clients, searchQuery, industryFilter, riskFilter]);%0D%0A+ %0D%0A+   // Handle client compliance data CSV export%0D%0A+   const handleExportCSV = () => {%0D%0A+     const headers = ['Client Name', 'Industry', 'Trust Score', 'Passports Active', 'Compliance Progress', 'Risk Level', 'Joined Date'];%0D%0A+     const rows = filteredClients.map(c => [%0D%0A+       c.name,%0D%0A+       c.industry,%0D%0A+       c.trustScore,%0D%0A+       c.passportCount,%0D%0A+       c.complianceProgress,%0D%0A+       c.riskLevel,%0D%0A+       c.joinedDate%0D%0A+     ]);%0D%0A+ %0D%0A+     const csvContent = 'data:text/csv;charset=utf-8,'%0D%0A+       + [headers.join(','), ...rows.map(e => e.join(','))].join('\n');%0D%0A+ %0D%0A+     const encodedUri = encodeURI(csvContent);%0D%0A+     const link = document.createElement('a');%0D%0A+     link.setAttribute('href', encodedUri);%0D%0A+     link.setAttribute('download', `tenant_compliance_audit_${new Date().toISOString().split('T')[0]}.csv`);%0D%0A+     link.style.visibility = 'hidden';%0D%0A+     document.body.appendChild(link);%0D%0A+     link.click();%0D%0A+     document.body.removeChild(link);%0D%0A+   };%0D%0A+ %0D%0A+   const safeCount = clients.filter(c => c.riskLevel === 'Safe').length;%0D%0A+   const mediumCount = clients.filter(c => c.riskLevel === 'Medium').length;%0D%0A+   const highCount = clients.filter(c => c.riskLevel === 'High').length;%0D%0A+   const criticalAlertsTotal = clients.reduce((sum, c) => sum + (c.criticalRisksCount || 0), 0);%0D%0A+ %0D%0A+   return (%0D%0A+     <div id="msp-clients-index">%0D%0A+       {/* Page Header */}%0D%0A+       <div className="mb-4 flex items-center justify-between gap-4">%0D%0A+         <div>%0D%0A+           <h1 className="text-[22px] font-semibold text-[#201f1e]">Client Tenant Directory</h1>%0D%0A+           <p className="mt-1 text-[13px] text-[#605e5c]">%0D%0A+             Browse and manage software trust state across {clients.length} active workspace tenants.%0D%0A+           </p>%0D%0A+         </div>%0D%0A+         <button%0D%0A+           onClick={handleExportCSV}%0D%0A+           className="flex h-9 shrink-0 items-center gap-1.5 rounded bg-[#0f6cbd] px-3 text-[13px] font-medium text-white hover:bg-[#004578]"%0D%0A+           id="export-tenants-csv-btn"%0D%0A+         >%0D%0A+           <Download className="h-3.5 w-3.5" />%0D%0A+           <span>Export Directory</span>%0D%0A+         </button>%0D%0A+       </div>%0D%0A+ %0D%0A+       {/* About this page */}%0D%0A+       <details className="mb-4 rounded-md border border-[#e1dfdd] bg-[#faf9f8] text-[13px]">%0D%0A+         <summary className="cursor-pointer select-none px-3 py-2 font-medium text-[#323130]">ⓘ What is this? · How it works</summary>%0D%0A+         <div className="px-3 pb-3 text-[#605e5c]">%0D%0A+           <p>Every workspace tenant registered under this MSP, with its trust score, passport inventory, and compliance state.</p>%0D%0A+           <ol className="mt-1.5 list-decimal space-y-0.5 pl-4">%0D%0A+             <li>Filter or search the directory below.</li>%0D%0A+             <li>Click a row to open the tenant workspace drawer.</li>%0D%0A+             <li>Use Export Directory to download the filtered list as CSV.</li>%0D%0A+           </ol>%0D%0A+         </div>%0D%0A+       </details>%0D%0A+ %0D%0A+       {/* Summary strip */}%0D%0A+       <div className="mb-4 flex flex-wrap gap-6 rounded-md border border-[#e1dfdd] bg-white p-3">%0D%0A+         <div>%0D%0A+           <div className="text-[11px] text-[#605e5c]">Total Tenants</div>%0D%0A+           <div className="text-lg font-semibold text-[#201f1e]">{clients.length}</div>%0D%0A+         </div>%0D%0A+         <div>%0D%0A+           <div className="text-[11px] text-[#605e5c]">Safe</div>%0D%0A+           <div className="text-lg font-semibold text-[#0e700e]">{safeCount}</div>%0D%0A+         </div>%0D%0A+         <div>%0D%0A+           <div className="text-[11px] text-[#605e5c]">Medium Risk</div>%0D%0A+           <div className="text-lg font-semibold text-[#8a5700]">{mediumCount}</div>%0D%0A+         </div>%0D%0A+         <div>%0D%0A+           <div className="text-[11px] text-[#605e5c]">High Risk</div>%0D%0A+           <div className="text-lg font-semibold text-[#a4262c]">{highCount}</div>%0D%0A+         </div>%0D%0A+         <div>%0D%0A+           <div className="text-[11px] text-[#605e5c]">Critical Alerts</div>%0D%0A+           <div className="text-lg font-semibold text-[#201f1e]">{criticalAlertsTotal}</div>%0D%0A+         </div>%0D%0A+       </div>%0D%0A+ %0D%0A+       {/* Filters */}%0D%0A+       <div className="mb-4 flex flex-wrap items-center gap-2">%0D%0A+         <div className="flex items-center gap-1.5">%0D%0A+           <label className="text-[13px] text-[#605e5c]">Industry</label>%0D%0A+           <select%0D%0A+             value={industryFilter}%0D%0A+             onChange={(e) => setIndustryFilter(e.target.value)}%0D%0A+             className="h-9 rounded border border-[#c8c6c4] bg-white px-2 text-[13px] text-[#323130] focus:border-[#0f6cbd] focus:outline-none focus:ring-1 focus:ring-[#0f6cbd]"%0D%0A+           >%0D%0A+             <option value="all">All Industries</option>%0D%0A+             {industries.map(ind => (%0D%0A+               <option key={ind} value={ind}>{ind}</option>%0D%0A+             ))}%0D%0A+           </select>%0D%0A+         </div>%0D%0A+ %0D%0A+         <div className="flex items-center gap-1.5">%0D%0A+           <label className="text-[13px] text-[#605e5c]">Risk Level</label>%0D%0A+           <select%0D%0A+             value={riskFilter}%0D%0A+             onChange={(e) => setRiskFilter(e.target.value)}%0D%0A+             className="h-9 rounded border border-[#c8c6c4] bg-white px-2 text-[13px] text-[#323130] focus:border-[#0f6cbd] focus:outline-none focus:ring-1 focus:ring-[#0f6cbd]"%0D%0A+           >%0D%0A+             <option value="all">All Tiers</option>%0D%0A+             <option value="Safe">Safe</option>%0D%0A+             <option value="Medium">Medium</option>%0D%0A+             <option value="High">High</option>%0D%0A+           </select>%0D%0A+         </div>%0D%0A+       </div>%0D%0A+ %0D%0A+       {/* Client Directory Table */}%0D%0A+       <div className="overflow-hidden rounded-md border border-[#e1dfdd] bg-white">%0D%0A+         <div className="overflow-x-auto">%0D%0A+           <table className="w-full text-left">%0D%0A+             <thead>%0D%0A+               <tr className="border-b border-[#e1dfdd] text-[11px] uppercase tracking-wide text-[#605e5c]">%0D%0A+                 <th className="px-3 py-2.5 font-medium">Client</th>%0D%0A+                 <th className="px-3 py-2.5 font-medium">Industry</th>%0D%0A+                 <th className="px-3 py-2.5 font-medium">Risk</th>%0D%0A+                 <th className="px-3 py-2.5 font-medium">Trust Score</th>%0D%0A+                 <th className="px-3 py-2.5 font-medium">Passports</th>%0D%0A+                 <th className="px-3 py-2.5 font-medium">Compliance</th>%0D%0A+                 <th className="px-3 py-2.5 font-medium">Joined</th>%0D%0A+                 <th className="px-3 py-2.5 font-medium">Alerts</th>%0D%0A+               </tr>%0D%0A+             </thead>%0D%0A+             <tbody>%0D%0A+               {filteredClients.map(c => {%0D%0A+                 const hasCriticalRisks = c.criticalRisksCount > 0;%0D%0A+                 const isDrawerActive = selectedClientId === c.id;%0D%0A+                 const rs = riskStyle(c.riskLevel);%0D%0A+                 return (%0D%0A+                   <tr%0D%0A+                     key={c.id}%0D%0A+                     onClick={() => setSelectedClientId(c.id)}%0D%0A+                     className={`cursor-pointer border-b border-[#f3f2f1] text-[13px] hover:bg-black/[.02] ${isDrawerActive ? 'bg-[#eff6fc]' : ''}`}%0D%0A+                   >%0D%0A+                     <td className="px-3 py-2.5">%0D%0A+                       <div className="flex items-center gap-2.5">%0D%0A+                         <div className={`flex h-7 w-7 shrink-0 items-center justify-center rounded text-[11px] font-semibold ${c.avatarColor}`}>%0D%0A+                           {c.name.charAt(0)}%0D%0A+                         </div>%0D%0A+                         <div className="min-w-0">%0D%0A+                           <div className="font-medium text-[#201f1e]">{c.name}</div>%0D%0A+                           <div className="flex items-center gap-1 truncate text-[11px] text-[#8a8886]">%0D%0A+                             <Globe className="h-3 w-3 shrink-0" />%0D%0A+                             <span className="truncate">{c.domain}</span>%0D%0A+                           </div>%0D%0A+                         </div>%0D%0A+                       </div>%0D%0A+                     </td>%0D%0A+                     <td className="px-3 py-2.5 text-[#605e5c]">{c.industry}</td>%0D%0A+                     <td className="px-3 py-2.5">%0D%0A+                       <span className="inline-flex items-center gap-1.5">%0D%0A+                         <span className={`h-1.5 w-1.5 rounded-full ${rs.dot}`} />%0D%0A+                         <span className={rs.text}>{c.riskLevel}</span>%0D%0A+                       </span>%0D%0A+                     </td>%0D%0A+                     <td className="px-3 py-2.5 text-[#201f1e]">{c.trustScore}<span className="text-[#8a8886]">/100</span></td>%0D%0A+                     <td className="px-3 py-2.5 text-[#201f1e]">{c.passportCount}</td>%0D%0A+                     <td className="px-3 py-2.5 text-[#201f1e]">{c.complianceProgress}%25</td>%0D%0A+                     <td className="px-3 py-2.5 text-[#605e5c]">{c.joinedDate}</td>%0D%0A+                     <td className="px-3 py-2.5">%0D%0A+                       {hasCriticalRisks ? (%0D%0A+                         <span className="inline-flex items-center gap-1 font-medium text-[#a4262c]">%0D%0A+                           <AlertTriangle className="h-3.5 w-3.5" />%0D%0A+                           {c.criticalRisksCount}%0D%0A+                         </span>%0D%0A+                       ) : (%0D%0A+                         <span className="inline-flex items-center gap-1 text-[#8a8886]">%0D%0A+                           <ShieldCheck className="h-3.5 w-3.5" />%0D%0A+                           None%0D%0A+                         </span>%0D%0A+                       )}%0D%0A+                     </td>%0D%0A+                   </tr>%0D%0A+                 );%0D%0A+               })}%0D%0A+             </tbody>%0D%0A+           </table>%0D%0A+         </div>%0D%0A+ %0D%0A+         {filteredClients.length === 0 && (%0D%0A+           <div className="p-12 text-center">%0D%0A+             <Building2 className="mx-auto mb-3 h-8 w-8 text-[#c8c6c4]" />%0D%0A+             <h3 className="text-[13px] font-medium text-[#323130]">No client workspaces found</h3>%0D%0A+             <p className="mx-auto mt-1 max-w-sm text-[13px] text-[#8a8886]">%0D%0A+               Adjust your search keywords or industry filters and try again.%0D%0A+             </p>%0D%0A+           </div>%0D%0A+         )}%0D%0A+       </div>%0D%0A+ %0D%0A+       {/* Slide-out Drawer Panel */}%0D%0A+       <AnimatePresence>%0D%0A+         {selectedClientId !== 'global' && client && (%0D%0A+           <>%0D%0A+             {/* Backdrop Overlay */}%0D%0A+             <motion.div%0D%0A+               key="clients-drawer-backdrop"%0D%0A+               initial={{ opacity: 0 }}%0D%0A+               animate={{ opacity: 0.4 }}%0D%0A+               exit={{ opacity: 0 }}%0D%0A+               onClick={() => setSelectedClientId('global')}%0D%0A+               className="fixed inset-0 z-40 cursor-pointer bg-black"%0D%0A+             />%0D%0A+ %0D%0A+             {/* Sliding Drawer Container */}%0D%0A+             <motion.div%0D%0A+               key="clients-drawer-panel"%0D%0A+               initial={{ x: '100%25' }}%0D%0A+               animate={{ x: 0 }}%0D%0A+               exit={{ x: '100%25' }}%0D%0A+               transition={{ type: 'spring', damping: 26, stiffness: 170 }}%0D%0A+               className="fixed right-0 top-0 bottom-0 z-50 flex w-full max-w-3xl flex-col overflow-y-auto border-l border-[#e1dfdd] bg-white p-5"%0D%0A+             >%0D%0A+               {/* Drawer Top Navigation & Actions */}%0D%0A+               <div className="flex shrink-0 items-center justify-between border-b border-[#e1dfdd] pb-3">%0D%0A+                 <div className="flex items-center gap-2.5">%0D%0A+                   <div className={`flex h-9 w-9 items-center justify-center rounded text-[13px] font-semibold ${client.avatarColor}`}>%0D%0A+                     {client.name.charAt(0)}%0D%0A+                   </div>%0D%0A+                   <div>%0D%0A+                     <span className="text-[11px] uppercase tracking-wide text-[#8a8886]">%0D%0A+                       Active tenant%0D%0A+                     </span>%0D%0A+                     <h2 className="text-[16px] font-semibold leading-tight text-[#201f1e]">%0D%0A+                       {client.name}%0D%0A+                     </h2>%0D%0A+                   </div>%0D%0A+                 </div>%0D%0A+ %0D%0A+                 <div className="flex items-center gap-2">%0D%0A+                   <button%0D%0A+                     onClick={() => generateClientCompliancePDF(client)}%0D%0A+                     className="flex h-8 items-center gap-1.5 rounded border border-[#c8c6c4] px-3 text-[13px] text-[#323130] hover:bg-black/[.03]"%0D%0A+                   >%0D%0A+                     <Download className="h-3.5 w-3.5" />%0D%0A+                     <span>Compliance PDF</span>%0D%0A+                   </button>%0D%0A+                   <button%0D%0A+                     onClick={() => setSelectedClientId('global')}%0D%0A+                     className="flex h-8 w-8 items-center justify-center rounded border border-[#c8c6c4] text-[#605e5c] hover:bg-black/[.03]"%0D%0A+                     title="Close Drawer"%0D%0A+                   >%0D%0A+                     <X className="h-4 w-4" />%0D%0A+                   </button>%0D%0A+                 </div>%0D%0A+               </div>%0D%0A+ %0D%0A+               {/* Badges and summary bar */}%0D%0A+               <div className="mt-3 flex shrink-0 flex-wrap gap-2 text-[11px]">%0D%0A+                 <span className="rounded-md border border-[#e1dfdd] bg-[#f3f2f1] px-2.5 py-1 font-medium text-[#323130]">%0D%0A+                   Tier: {client.subscriptionTier}%0D%0A+                 </span>%0D%0A+                 <span className="rounded-md border border-[#e1dfdd] bg-[#f3f2f1] px-2.5 py-1 font-medium text-[#323130]">%0D%0A+                   Domain: {client.domain}%0D%0A+                 </span>%0D%0A+                 <span className={`inline-flex items-center gap-1.5 rounded-md border border-[#e1dfdd] bg-[#f3f2f1] px-2.5 py-1 font-medium ${riskStyle(client.riskLevel).text}`}>%0D%0A+                   <span className={`h-1.5 w-1.5 rounded-full ${riskStyle(client.riskLevel).dot}`} />%0D%0A+                   Risk: {client.riskLevel}%0D%0A+                 </span>%0D%0A+               </div>%0D%0A+ %0D%0A+               {/* Drawer Tabs Header */}%0D%0A+               <div className="mt-3 flex shrink-0 gap-1 overflow-x-auto border-b border-[#e1dfdd] text-[13px] select-none">%0D%0A+                 {[%0D%0A+                   { id: 'overview', label: 'Trust Coordinates', icon: Award },%0D%0A+                   { id: 'inventory', label: 'SBOM Inventory', icon: FileCheck },%0D%0A+                   { id: 'security', label: 'Security Center', icon: ShieldAlert },%0D%0A+                   { id: 'compliance', label: 'Framework Matrices', icon: Lock },%0D%0A+                   { id: 'team', label: 'Stakeholders', icon: Users }%0D%0A+                 ].map(tb => {%0D%0A+                   const Icon = tb.icon;%0D%0A+                   const isSel = workspaceTab === tb.id;%0D%0A+                   return (%0D%0A+                     <button%0D%0A+                       key={tb.id}%0D%0A+                       type="button"%0D%0A+                       onClick={() => setWorkspaceTab(tb.id as any)}%0D%0A+                       className={`flex items-center gap-1.5 whitespace-nowrap border-b-2 px-3 py-2 font-medium transition-colors ${%0D%0A+                         isSel%0D%0A+                           ? 'border-[#0f6cbd] text-[#0f6cbd]'%0D%0A+                           : 'border-transparent text-[#605e5c] hover:text-[#201f1e]'%0D%0A+                       }`}%0D%0A+                     >%0D%0A+                       <Icon className="h-3.5 w-3.5" />%0D%0A+                       <span>{tb.label}</span>%0D%0A+                     </button>%0D%0A+                   );%0D%0A+                 })}%0D%0A+               </div>%0D%0A+ %0D%0A+               {/* Drawer Tabs Body content */}%0D%0A+               <div className="flex-1 space-y-4 overflow-y-auto pt-4 pb-2">%0D%0A+ %0D%0A+                 {/* 1. Trust Coordinates Tab */}%0D%0A+                 {workspaceTab === 'overview' && (%0D%0A+                   <div className="space-y-4">%0D%0A+                     {/* Trust Scores strip */}%0D%0A+                     <div className="rounded-md border border-[#e1dfdd] bg-white p-4">%0D%0A+                       <h3 className="mb-3 text-[13px] font-semibold text-[#323130]">Core Trust Coordinates</h3>%0D%0A+                       <div className="flex flex-wrap gap-6">%0D%0A+                         <div>%0D%0A+                           <p className="text-[11px] text-[#605e5c]">Overall score</p>%0D%0A+                           <p className="mt-0.5 text-lg font-semibold text-[#201f1e]">{client.trustScore}</p>%0D%0A+                           <span className="text-[11px] text-[#8a8886]">Observed client record</span>%0D%0A+                         </div>%0D%0A+                         <div>%0D%0A+                           <p className="text-[11px] text-[#605e5c]">Security score</p>%0D%0A+                           <p className="mt-0.5 text-lg font-semibold text-[#201f1e]">%0D%0A+                             {securityScores.length > 0 ? Math.round(securityScores.reduce((sum, score) => sum + score, 0) / securityScores.length) : 'Not verified'}%0D%0A+                           </p>%0D%0A+                           <span className="text-[11px] text-[#8a8886]">Passport-derived</span>%0D%0A+                         </div>%0D%0A+                         <div>%0D%0A+                           <p className="text-[11px] text-[#605e5c]">Compliance score</p>%0D%0A+                           <p className="mt-0.5 text-lg font-semibold text-[#201f1e]">{client.complianceProgress}%25</p>%0D%0A+                           <span className="text-[11px] text-[#8a8886]">Client record</span>%0D%0A+                         </div>%0D%0A+                         <div>%0D%0A+                           <p className="text-[11px] text-[#605e5c]">Supplier reputation</p>%0D%0A+                           <p className="mt-0.5 text-lg font-semibold text-[#201f1e]">Not verified</p>%0D%0A+                           <span className="text-[11px] text-[#8a8886]">No vendor score observed</span>%0D%0A+                         </div>%0D%0A+                       </div>%0D%0A+                     </div>%0D%0A+ %0D%0A+                     {/* Company Overview Details Card */}%0D%0A+                     <div className="grid grid-cols-1 gap-4 rounded-md border border-[#e1dfdd] bg-white p-4 sm:grid-cols-2">%0D%0A+                       <div className="space-y-2">%0D%0A+                         <h3 className="text-[13px] font-semibold text-[#323130]">Tenant Profile Overview</h3>%0D%0A+                         <div className="space-y-1.5 text-[13px]">%0D%0A+                           <div className="flex justify-between border-b border-[#f3f2f1] pb-1.5">%0D%0A+                             <span className="text-[11px] text-[#8a8886]">Organization Name</span>%0D%0A+                             <span className="font-medium text-[#323130]">{client.name}</span>%0D%0A+                           </div>%0D%0A+                           <div className="flex justify-between border-b border-[#f3f2f1] pb-1.5">%0D%0A+                             <span className="text-[11px] text-[#8a8886]">Domain</span>%0D%0A+                             <span className="font-medium text-[#323130]">{client.domain}</span>%0D%0A+                           </div>%0D%0A+                           <div className="flex justify-between border-b border-[#f3f2f1] pb-1.5">%0D%0A+                             <span className="text-[11px] text-[#8a8886]">Industry</span>%0D%0A+                             <span className="font-medium text-[#323130]">{client.industry}</span>%0D%0A+                           </div>%0D%0A+                         </div>%0D%0A+                       </div>%0D%0A+ %0D%0A+                       <div className="space-y-2">%0D%0A+                         <h3 className="text-[13px] font-semibold text-[#323130]">SLA & Scope Details</h3>%0D%0A+                         <div className="space-y-1.5 text-[13px]">%0D%0A+                           <div className="flex justify-between border-b border-[#f3f2f1] pb-1.5">%0D%0A+                             <span className="text-[11px] text-[#8a8886]">Verified Registry</span>%0D%0A+                             <span className="font-medium text-[#323130]">tenant-{client.id}</span>%0D%0A+                           </div>%0D%0A+                           <div className="flex justify-between border-b border-[#f3f2f1] pb-1.5">%0D%0A+                             <span className="text-[11px] text-[#8a8886]">Joined Date</span>%0D%0A+                             <span className="font-medium text-[#323130]">{client.joinedDate}</span>%0D%0A+                           </div>%0D%0A+                           <div className="flex justify-between border-b border-[#f3f2f1] pb-1.5">%0D%0A+                             <span className="text-[11px] text-[#8a8886]">Compliance Target</span>%0D%0A+                             <span className="font-medium text-[#0f6cbd]">{client.complianceStatus.length ? client.complianceStatus.map((item) => item.code).join(', ') : 'Not observed'}</span>%0D%0A+                           </div>%0D%0A+                         </div>%0D%0A+                       </div>%0D%0A+                     </div>%0D%0A+                   </div>%0D%0A+                 )}%0D%0A+ %0D%0A+                 {/* 2. SBOM Inventory Tab */}%0D%0A+                 {workspaceTab === 'inventory' && (%0D%0A+                   <div className="space-y-3">%0D%0A+                     <div className="flex items-center justify-between">%0D%0A+                       <h3 className="text-[13px] font-semibold text-[#323130]">Registered Client Software Passports</h3>%0D%0A+                       <span className="text-[11px] text-[#8a8886]">Count: {client.passportCount}</span>%0D%0A+                     </div>%0D%0A+ %0D%0A+                     {client.softwareInventory.length === 0 && (%0D%0A+                       <div className="rounded-md border border-dashed border-[#e1dfdd] px-5 py-10 text-center text-[13px] text-[#8a8886]">No software passports registered for this client yet.</div>%0D%0A+                     )}%0D%0A+                     <div className="grid grid-cols-1 gap-3 sm:grid-cols-2">%0D%0A+                       {passports.filter(p => {%0D%0A+                         const clientPassportIds = new Set(client.softwareInventory.map(item => item.passportId));%0D%0A+                         return clientPassportIds.has(p.id);%0D%0A+                       }).map(p => (%0D%0A+                         <div%0D%0A+                           key={p.id}%0D%0A+                           onClick={() => onNavigateTab('passports', p.id)}%0D%0A+                           className="cursor-pointer space-y-2 rounded-md border border-[#e1dfdd] bg-white p-3 hover:border-[#0f6cbd]"%0D%0A+                         >%0D%0A+                           <div className="flex items-start justify-between">%0D%0A+                             <div>%0D%0A+                               <h4 className="text-[13px] font-medium text-[#201f1e]">{p.name}</h4>%0D%0A+                               <p className="text-[11px] text-[#8a8886]">Version: {p.version || 'Not observed'}</p>%0D%0A+                             </div>%0D%0A+                             <span className="rounded border border-[#e1dfdd] bg-[#eff6fc] px-2 py-0.5 text-[11px] font-medium text-[#0f6cbd]">%0D%0A+                               {p.sbom.length} Dependencies%0D%0A+                             </span>%0D%0A+                           </div>%0D%0A+ %0D%0A+                           <div className="flex items-center justify-between border-t border-[#f3f2f1] pt-2 text-[11px] text-[#605e5c]">%0D%0A+                             <span>Compliance: {p.complianceScore}%25</span>%0D%0A+                             <span className="flex items-center gap-0.5 font-medium text-[#0f6cbd]">%0D%0A+                               Open Passport <ChevronRight className="h-3 w-3" />%0D%0A+                             </span>%0D%0A+                           </div>%0D%0A+                         </div>%0D%0A+                       ))}%0D%0A+                     </div>%0D%0A+                   </div>%0D%0A+                 )}%0D%0A+ %0D%0A+                 {/* 3. Security Center Tab */}%0D%0A+                 {workspaceTab === 'security' && (%0D%0A+                   <div className="space-y-3">%0D%0A+                     <div className="flex items-center justify-between">%0D%0A+                       <h3 className="text-[13px] font-semibold text-[#323130]">Active Vulnerability Footprint</h3>%0D%0A+                       <button%0D%0A+                         onClick={() => onNavigateTab('alerts')}%0D%0A+                         className="text-[13px] font-medium text-[#0f6cbd] hover:underline"%0D%0A+                       >%0D%0A+                         Launch Threat Mitigator%0D%0A+                       </button>%0D%0A+                     </div>%0D%0A+ %0D%0A+                     <div className="overflow-hidden rounded-md border border-[#e1dfdd] bg-white">%0D%0A+                       <div className="overflow-x-auto">%0D%0A+                         <table className="w-full text-left">%0D%0A+                           <thead>%0D%0A+                             <tr className="border-b border-[#e1dfdd] text-[11px] uppercase tracking-wide text-[#605e5c]">%0D%0A+                               <th className="px-3 py-2.5 font-medium">CVE ID</th>%0D%0A+                               <th className="px-3 py-2.5 font-medium">Component</th>%0D%0A+                               <th className="px-3 py-2.5 font-medium">Severity</th>%0D%0A+                               <th className="px-3 py-2.5 font-medium">CVSS</th>%0D%0A+                               <th className="px-3 py-2.5 font-medium">Status</th>%0D%0A+                               <th className="px-3 py-2.5 font-medium">Threat Summary</th>%0D%0A+                             </tr>%0D%0A+                           </thead>%0D%0A+                           <tbody className="text-[13px] text-[#323130]">%0D%0A+                             {clientPassports.flatMap(passport => (passport.vulnerabilities || []).map(vulnerability => ({ passport, vulnerability }))).map(({ passport, vulnerability }, index) => (%0D%0A+                               <tr key={`${passport.id}-${vulnerability.id}-${index}`} className="border-b border-[#f3f2f1] hover:bg-black/[.02]">%0D%0A+                                 <td className="px-3 py-2.5 font-medium text-[#0f6cbd]">{vulnerability.id}</td>%0D%0A+                                 <td className="px-3 py-2.5">{vulnerability.component}</td>%0D%0A+                                 <td className="px-3 py-2.5"><span className="rounded-full border border-[#e1dfdd] bg-[#f3f2f1] px-2 py-0.5 text-[11px] uppercase text-[#605e5c]">{vulnerability.severity}</span></td>%0D%0A+                                 <td className="px-3 py-2.5">{vulnerability.cvss ?? 'Not observed'}</td>%0D%0A+                                 <td className="px-3 py-2.5"><span className="rounded border border-[#e1dfdd] bg-[#faf9f8] px-2 py-0.5 text-[11px] text-[#605e5c]">{vulnerability.status}</span></td>%0D%0A+                                 <td className="max-w-sm truncate px-3 py-2.5 text-[#605e5c]" title={vulnerability.description}>{vulnerability.description || 'No description observed.'}</td>%0D%0A+                               </tr>%0D%0A+                             ))}%0D%0A+                             {clientPassports.every(passport => !passport.vulnerabilities?.length) && <tr><td colSpan={6} className="px-3 py-6 text-center text-[#8a8886]">No vulnerability observations are recorded for this client.</td></tr>}%0D%0A+                           </tbody>%0D%0A+                         </table>%0D%0A+                       </div>%0D%0A+                     </div>%0D%0A+                   </div>%0D%0A+                 )}%0D%0A+ %0D%0A+                 {/* 4. Compliance Framework Matrices Tab */}%0D%0A+                 {workspaceTab === 'compliance' && (%0D%0A+                   <div className="grid grid-cols-1 gap-3 sm:grid-cols-2">%0D%0A+                     {client.complianceStatus.length === 0 && (%0D%0A+                       <div className="col-span-full rounded-md border border-dashed border-[#e1dfdd] px-5 py-10 text-center text-[13px] text-[#8a8886]">No compliance frameworks recorded for this client yet.</div>%0D%0A+                     )}%0D%0A+                     {client.complianceStatus.map((comp) => {%0D%0A+                       const cs = complianceStyle(comp.status);%0D%0A+                       return (%0D%0A+                         <div key={comp.id} className="flex flex-col justify-between gap-3 rounded-md border border-[#e1dfdd] bg-white p-4">%0D%0A+                           <div className="flex items-start justify-between">%0D%0A+                             <div>%0D%0A+                               <span className="rounded border border-[#e1dfdd] bg-[#eff6fc] px-2 py-0.5 text-[11px] font-medium text-[#0f6cbd]">%0D%0A+                                 {comp.code} Framework%0D%0A+                               </span>%0D%0A+                               <h3 className="mt-2 text-[13px] font-semibold text-[#201f1e]">{comp.name}</h3>%0D%0A+                             </div>%0D%0A+                             <span className={`inline-flex items-center gap-1.5 text-[13px] ${cs.text}`}>%0D%0A+                               <span className={`h-1.5 w-1.5 rounded-full ${cs.dot}`} />%0D%0A+                               {comp.status}%0D%0A+                             </span>%0D%0A+                           </div>%0D%0A+ %0D%0A+                           {/* Progress Bar */}%0D%0A+                           <div className="space-y-1.5">%0D%0A+                             <div className="flex justify-between text-[11px] text-[#605e5c]">%0D%0A+                               <span>Controls verification progress</span>%0D%0A+                               <span className="font-medium text-[#323130]">{comp.progress}%25</span>%0D%0A+                             </div>%0D%0A+                             <div className="h-1.5 w-full overflow-hidden rounded-full bg-[#f3f2f1]">%0D%0A+                               <div className="h-full bg-[#0f6cbd]" style={{ width: `${comp.progress}%25` }}></div>%0D%0A+                             </div>%0D%0A+                             <div className="flex justify-between text-[11px] text-[#8a8886]">%0D%0A+                               <span>{comp.compliantControls} of {comp.totalControls} Controls Certified</span>%0D%0A+                               <span>SLA Audit Ready</span>%0D%0A+                             </div>%0D%0A+                           </div>%0D%0A+ %0D%0A+                           <button%0D%0A+                             onClick={() => onNavigateTab('compliance')}%0D%0A+                             className="w-full rounded border border-[#c8c6c4] py-1.5 text-center text-[13px] text-[#323130] hover:bg-black/[.03]"%0D%0A+                           >%0D%0A+                             Launch Verification Portal%0D%0A+                           </button>%0D%0A+                         </div>%0D%0A+                       );%0D%0A+                     })}%0D%0A+                   </div>%0D%0A+                 )}%0D%0A+ %0D%0A+                 {/* 5. Team Directory Tab */}%0D%0A+                 {workspaceTab === 'team' && (%0D%0A+                   <div className="overflow-hidden rounded-md border border-[#e1dfdd] bg-white">%0D%0A+                     <div className="border-b border-[#e1dfdd] px-4 py-3">%0D%0A+                       <h3 className="text-[13px] font-semibold text-[#323130]">Client Stakeholders & Key Operators</h3>%0D%0A+                       <p className="mt-0.5 text-[11px] text-[#8a8886]">Authorizing authorities registered with access privileges inside this workspace.</p>%0D%0A+                     </div>%0D%0A+                     <div className="divide-y divide-[#f3f2f1]">%0D%0A+                       {client.teamMembers.length === 0 && (%0D%0A+                         <div className="px-4 py-10 text-center text-[13px] text-[#8a8886]">No stakeholders recorded for this client yet.</div>%0D%0A+                       )}%0D%0A+                       {client.teamMembers.map((member, i) => (%0D%0A+                         <div key={i} className="flex items-center justify-between px-4 py-3 hover:bg-black/[.02]">%0D%0A+                           <div className="flex items-center gap-2.5">%0D%0A+                             <div className="flex h-8 w-8 items-center justify-center rounded-full border border-[#e1dfdd] bg-[#eff6fc] text-[11px] font-semibold text-[#0f6cbd]">%0D%0A+                               {member.avatar}%0D%0A+                             </div>%0D%0A+                             <div>%0D%0A+                               <h4 className="text-[13px] font-medium text-[#201f1e]">{member.name}</h4>%0D%0A+                               <p className="text-[11px] text-[#8a8886]">{member.role}</p>%0D%0A+                             </div>%0D%0A+                           </div>%0D%0A+                           <div className="text-right">%0D%0A+                             <a%0D%0A+                               href={`mailto:${member.email}`}%0D%0A+                               className="flex items-center gap-1 text-[13px] font-medium text-[#0f6cbd] hover:underline"%0D%0A+                             >%0D%0A+                               <span>{member.email}</span>%0D%0A+                               <ExternalLink className="h-3.5 w-3.5" />%0D%0A+                             </a>%0D%0A+                             <span className="mt-1 block text-[11px] text-[#8a8886]">Privileges: Authorized Auditor</span>%0D%0A+                           </div>%0D%0A+                         </div>%0D%0A+                       ))}%0D%0A+                     </div>%0D%0A+                   </div>%0D%0A+                 )}%0D%0A+ %0D%0A+               </div>%0D%0A+             </motion.div>%0D%0A+           </>%0D%0A+         )}%0D%0A+       </AnimatePresence>%0D%0A+     </div>%0D%0A+   );%0D%0A+ }%0D%0A+%0A%0A ❯ tests/client-trust-environment-contract.test.ts:22:17%0A%0A

::error file=/home/runner/work/software-passport-registry/software-passport-registry/tests/client-trust-environment-contract.test.ts,title=tests/client-trust-environment-contract.test.ts > Add Client modal reframed as a client trust environment%2C without changing the underlying create logic > still submits exactly the same 3 required fields to the same real endpoint%2C unchanged,line=28,column=15::AssertionError: expected '/**\r\n * @license\r\n * SPDX-License…' to contain 'onSubmit={handleCreateClient}'%0A%0A- Expected%0A+ Received%0A%0A- onSubmit={handleCreateClient}%0A+ /**%0D%0A+  * @license%0D%0A+  * SPDX-License-Identifier: Apache-2.0%0D%0A+  */%0D%0A+ %0D%0A+ import React, { useState, useMemo } from 'react';%0D%0A+ import { motion, AnimatePresence } from 'motion/react';%0D%0A+ import { fuzzyMatch, filterData } from '../utils/filter';%0D%0A+ import {%0D%0A+   Building2,%0D%0A+   ShieldCheck,%0D%0A+   ShieldAlert,%0D%0A+   Users,%0D%0A+   Award,%0D%0A+   Lock,%0D%0A+   Globe,%0D%0A+   FileCheck,%0D%0A+   AlertTriangle,%0D%0A+   ExternalLink,%0D%0A+   ChevronRight,%0D%0A+   Download,%0D%0A+   X%0D%0A+ } from 'lucide-react';%0D%0A+ import { Client, SoftwarePassport } from '../types';%0D%0A+ import { generateClientCompliancePDF } from '../utils/pdfGenerator';%0D%0A+ %0D%0A+ // Compact risk-tier presentation tokens, shared across the row list, drawer%0D%0A+ // badge, and status dot so the mapping only lives in one place.%0D%0A+ const RISK_STYLES: Record<string, { dot: string; text: string }> = {%0D%0A+   Safe: { dot: 'bg-[#0e700e]', text: 'text-[#0e700e]' },%0D%0A+   Medium: { dot: 'bg-[#8a5700]', text: 'text-[#8a5700]' },%0D%0A+   High: { dot: 'bg-[#a4262c]', text: 'text-[#a4262c]' }%0D%0A+ };%0D%0A+ function riskStyle(level: string) {%0D%0A+   return RISK_STYLES[level] || { dot: 'bg-[#605e5c]', text: 'text-[#605e5c]' };%0D%0A+ }%0D%0A+ %0D%0A+ const COMPLIANCE_STYLES: Record<string, { dot: string; text: string }> = {%0D%0A+   Compliant: { dot: 'bg-[#0e700e]', text: 'text-[#0e700e]' },%0D%0A+   'In Progress': { dot: 'bg-[#8a5700]', text: 'text-[#8a5700]' }%0D%0A+ };%0D%0A+ function complianceStyle(status: string) {%0D%0A+   return COMPLIANCE_STYLES[status] || { dot: 'bg-[#a4262c]', text: 'text-[#a4262c]' };%0D%0A+ }%0D%0A+ %0D%0A+ interface ClientsViewProps {%0D%0A+   clients: Client[];%0D%0A+   selectedClientId: string;%0D%0A+   setSelectedClientId: (id: string) => void;%0D%0A+   passports: SoftwarePassport[];%0D%0A+   onNavigateTab: (tab: string, itemId?: string) => void;%0D%0A+   searchQuery: string;%0D%0A+ }%0D%0A+ %0D%0A+ export default function ClientsView({%0D%0A+   clients,%0D%0A+   selectedClientId,%0D%0A+   setSelectedClientId,%0D%0A+   passports,%0D%0A+   onNavigateTab,%0D%0A+   searchQuery%0D%0A+ }: ClientsViewProps) {%0D%0A+   const [industryFilter, setIndustryFilter] = useState<string>('all');%0D%0A+   const [riskFilter, setRiskFilter] = useState<string>('all');%0D%0A+   const [workspaceTab, setWorkspaceTab] = useState<'overview' | 'inventory' | 'security' | 'compliance' | 'team'>('overview');%0D%0A+ %0D%0A+   // Identify all unique client industries for dynamic filters%0D%0A+   const industries = useMemo(() => {%0D%0A+     const list = clients.map(c => c.industry);%0D%0A+     return Array.from(new Set(list));%0D%0A+   }, [clients]);%0D%0A+ %0D%0A+   // Extract the current selected client%0D%0A+   const client = useMemo(() => {%0D%0A+     return clients.find(c => c.id === selectedClientId) || null;%0D%0A+   }, [clients, selectedClientId]);%0D%0A+ %0D%0A+   const clientPassports = useMemo(() => {%0D%0A+     if (!client) return [];%0D%0A+     const passportIds = new Set(client.softwareInventory.map(item => item.passportId));%0D%0A+     return passports.filter(passport => passportIds.has(passport.id));%0D%0A+   }, [client, passports]);%0D%0A+ %0D%0A+   const securityScores = clientPassports%0D%0A+     .map(passport => passport.securityScore)%0D%0A+     .filter((score): score is number => typeof score === 'number' && Number.isFinite(score));%0D%0A+ %0D%0A+   // Filter clients list based on search and industry/risk selectors%0D%0A+   const filteredClients = useMemo(() => {%0D%0A+     return clients.filter(c => {%0D%0A+       const matchesSearch = searchQuery%0D%0A+         ? fuzzyMatch(searchQuery, c.name) ||%0D%0A+           fuzzyMatch(searchQuery, c.domain) ||%0D%0A+           fuzzyMatch(searchQuery, c.industry)%0D%0A+         : true;%0D%0A+       const matchesIndustry = industryFilter === 'all' || c.industry === industryFilter;%0D%0A+       const matchesRisk = riskFilter === 'all' || c.riskLevel === riskFilter;%0D%0A+ %0D%0A+       return matchesSearch && matchesIndustry && matchesRisk;%0D%0A+     });%0D%0A+   }, [clients, searchQuery, industryFilter, riskFilter]);%0D%0A+ %0D%0A+   // Handle client compliance data CSV export%0D%0A+   const handleExportCSV = () => {%0D%0A+     const headers = ['Client Name', 'Industry', 'Trust Score', 'Passports Active', 'Compliance Progress', 'Risk Level', 'Joined Date'];%0D%0A+     const rows = filteredClients.map(c => [%0D%0A+       c.name,%0D%0A+       c.industry,%0D%0A+       c.trustScore,%0D%0A+       c.passportCount,%0D%0A+       c.complianceProgress,%0D%0A+       c.riskLevel,%0D%0A+       c.joinedDate%0D%0A+     ]);%0D%0A+ %0D%0A+     const csvContent = 'data:text/csv;charset=utf-8,'%0D%0A+       + [headers.join(','), ...rows.map(e => e.join(','))].join('\n');%0D%0A+ %0D%0A+     const encodedUri = encodeURI(csvContent);%0D%0A+     const link = document.createElement('a');%0D%0A+     link.setAttribute('href', encodedUri);%0D%0A+     link.setAttribute('download', `tenant_compliance_audit_${new Date().toISOString().split('T')[0]}.csv`);%0D%0A+     link.style.visibility = 'hidden';%0D%0A+     document.body.appendChild(link);%0D%0A+     link.click();%0D%0A+     document.body.removeChild(link);%0D%0A+   };%0D%0A+ %0D%0A+   const safeCount = clients.filter(c => c.riskLevel === 'Safe').length;%0D%0A+   const mediumCount = clients.filter(c => c.riskLevel === 'Medium').length;%0D%0A+   const highCount = clients.filter(c => c.riskLevel === 'High').length;%0D%0A+   const criticalAlertsTotal = clients.reduce((sum, c) => sum + (c.criticalRisksCount || 0), 0);%0D%0A+ %0D%0A+   return (%0D%0A+     <div id="msp-clients-index">%0D%0A+       {/* Page Header */}%0D%0A+       <div className="mb-4 flex items-center justify-between gap-4">%0D%0A+         <div>%0D%0A+           <h1 className="text-[22px] font-semibold text-[#201f1e]">Client Tenant Directory</h1>%0D%0A+           <p className="mt-1 text-[13px] text-[#605e5c]">%0D%0A+             Browse and manage software trust state across {clients.length} active workspace tenants.%0D%0A+           </p>%0D%0A+         </div>%0D%0A+         <button%0D%0A+           onClick={handleExportCSV}%0D%0A+           className="flex h-9 shrink-0 items-center gap-1.5 rounded bg-[#0f6cbd] px-3 text-[13px] font-medium text-white hover:bg-[#004578]"%0D%0A+           id="export-tenants-csv-btn"%0D%0A+         >%0D%0A+           <Download className="h-3.5 w-3.5" />%0D%0A+           <span>Export Directory</span>%0D%0A+         </button>%0D%0A+       </div>%0D%0A+ %0D%0A+       {/* About this page */}%0D%0A+       <details className="mb-4 rounded-md border border-[#e1dfdd] bg-[#faf9f8] text-[13px]">%0D%0A+         <summary className="cursor-pointer select-none px-3 py-2 font-medium text-[#323130]">ⓘ What is this? · How it works</summary>%0D%0A+         <div className="px-3 pb-3 text-[#605e5c]">%0D%0A+           <p>Every workspace tenant registered under this MSP, with its trust score, passport inventory, and compliance state.</p>%0D%0A+           <ol className="mt-1.5 list-decimal space-y-0.5 pl-4">%0D%0A+             <li>Filter or search the directory below.</li>%0D%0A+             <li>Click a row to open the tenant workspace drawer.</li>%0D%0A+             <li>Use Export Directory to download the filtered list as CSV.</li>%0D%0A+           </ol>%0D%0A+         </div>%0D%0A+       </details>%0D%0A+ %0D%0A+       {/* Summary strip */}%0D%0A+       <div className="mb-4 flex flex-wrap gap-6 rounded-md border border-[#e1dfdd] bg-white p-3">%0D%0A+         <div>%0D%0A+           <div className="text-[11px] text-[#605e5c]">Total Tenants</div>%0D%0A+           <div className="text-lg font-semibold text-[#201f1e]">{clients.length}</div>%0D%0A+         </div>%0D%0A+         <div>%0D%0A+           <div className="text-[11px] text-[#605e5c]">Safe</div>%0D%0A+           <div className="text-lg font-semibold text-[#0e700e]">{safeCount}</div>%0D%0A+         </div>%0D%0A+         <div>%0D%0A+           <div className="text-[11px] text-[#605e5c]">Medium Risk</div>%0D%0A+           <div className="text-lg font-semibold text-[#8a5700]">{mediumCount}</div>%0D%0A+         </div>%0D%0A+         <div>%0D%0A+           <div className="text-[11px] text-[#605e5c]">High Risk</div>%0D%0A+           <div className="text-lg font-semibold text-[#a4262c]">{highCount}</div>%0D%0A+         </div>%0D%0A+         <div>%0D%0A+           <div className="text-[11px] text-[#605e5c]">Critical Alerts</div>%0D%0A+           <div className="text-lg font-semibold text-[#201f1e]">{criticalAlertsTotal}</div>%0D%0A+         </div>%0D%0A+       </div>%0D%0A+ %0D%0A+       {/* Filters */}%0D%0A+       <div className="mb-4 flex flex-wrap items-center gap-2">%0D%0A+         <div className="flex items-center gap-1.5">%0D%0A+           <label className="text-[13px] text-[#605e5c]">Industry</label>%0D%0A+           <select%0D%0A+             value={industryFilter}%0D%0A+             onChange={(e) => setIndustryFilter(e.target.value)}%0D%0A+             className="h-9 rounded border border-[#c8c6c4] bg-white px-2 text-[13px] text-[#323130] focus:border-[#0f6cbd] focus:outline-none focus:ring-1 focus:ring-[#0f6cbd]"%0D%0A+           >%0D%0A+             <option value="all">All Industries</option>%0D%0A+             {industries.map(ind => (%0D%0A+               <option key={ind} value={ind}>{ind}</option>%0D%0A+             ))}%0D%0A+           </select>%0D%0A+         </div>%0D%0A+ %0D%0A+         <div className="flex items-center gap-1.5">%0D%0A+           <label className="text-[13px] text-[#605e5c]">Risk Level</label>%0D%0A+           <select%0D%0A+             value={riskFilter}%0D%0A+             onChange={(e) => setRiskFilter(e.target.value)}%0D%0A+             className="h-9 rounded border border-[#c8c6c4] bg-white px-2 text-[13px] text-[#323130] focus:border-[#0f6cbd] focus:outline-none focus:ring-1 focus:ring-[#0f6cbd]"%0D%0A+           >%0D%0A+             <option value="all">All Tiers</option>%0D%0A+             <option value="Safe">Safe</option>%0D%0A+             <option value="Medium">Medium</option>%0D%0A+             <option value="High">High</option>%0D%0A+           </select>%0D%0A+         </div>%0D%0A+       </div>%0D%0A+ %0D%0A+       {/* Client Directory Table */}%0D%0A+       <div className="overflow-hidden rounded-md border border-[#e1dfdd] bg-white">%0D%0A+         <div className="overflow-x-auto">%0D%0A+           <table className="w-full text-left">%0D%0A+             <thead>%0D%0A+               <tr className="border-b border-[#e1dfdd] text-[11px] uppercase tracking-wide text-[#605e5c]">%0D%0A+                 <th className="px-3 py-2.5 font-medium">Client</th>%0D%0A+                 <th className="px-3 py-2.5 font-medium">Industry</th>%0D%0A+                 <th className="px-3 py-2.5 font-medium">Risk</th>%0D%0A+                 <th className="px-3 py-2.5 font-medium">Trust Score</th>%0D%0A+                 <th className="px-3 py-2.5 font-medium">Passports</th>%0D%0A+                 <th className="px-3 py-2.5 font-medium">Compliance</th>%0D%0A+                 <th className="px-3 py-2.5 font-medium">Joined</th>%0D%0A+                 <th className="px-3 py-2.5 font-medium">Alerts</th>%0D%0A+               </tr>%0D%0A+             </thead>%0D%0A+             <tbody>%0D%0A+               {filteredClients.map(c => {%0D%0A+                 const hasCriticalRisks = c.criticalRisksCount > 0;%0D%0A+                 const isDrawerActive = selectedClientId === c.id;%0D%0A+                 const rs = riskStyle(c.riskLevel);%0D%0A+                 return (%0D%0A+                   <tr%0D%0A+                     key={c.id}%0D%0A+                     onClick={() => setSelectedClientId(c.id)}%0D%0A+                     className={`cursor-pointer border-b border-[#f3f2f1] text-[13px] hover:bg-black/[.02] ${isDrawerActive ? 'bg-[#eff6fc]' : ''}`}%0D%0A+                   >%0D%0A+                     <td className="px-3 py-2.5">%0D%0A+                       <div className="flex items-center gap-2.5">%0D%0A+                         <div className={`flex h-7 w-7 shrink-0 items-center justify-center rounded text-[11px] font-semibold ${c.avatarColor}`}>%0D%0A+                           {c.name.charAt(0)}%0D%0A+                         </div>%0D%0A+                         <div className="min-w-0">%0D%0A+                           <div className="font-medium text-[#201f1e]">{c.name}</div>%0D%0A+                           <div className="flex items-center gap-1 truncate text-[11px] text-[#8a8886]">%0D%0A+                             <Globe className="h-3 w-3 shrink-0" />%0D%0A+                             <span className="truncate">{c.domain}</span>%0D%0A+                           </div>%0D%0A+                         </div>%0D%0A+                       </div>%0D%0A+                     </td>%0D%0A+                     <td className="px-3 py-2.5 text-[#605e5c]">{c.industry}</td>%0D%0A+                     <td className="px-3 py-2.5">%0D%0A+                       <span className="inline-flex items-center gap-1.5">%0D%0A+                         <span className={`h-1.5 w-1.5 rounded-full ${rs.dot}`} />%0D%0A+                         <span className={rs.text}>{c.riskLevel}</span>%0D%0A+                       </span>%0D%0A+                     </td>%0D%0A+                     <td className="px-3 py-2.5 text-[#201f1e]">{c.trustScore}<span className="text-[#8a8886]">/100</span></td>%0D%0A+                     <td className="px-3 py-2.5 text-[#201f1e]">{c.passportCount}</td>%0D%0A+                     <td className="px-3 py-2.5 text-[#201f1e]">{c.complianceProgress}%25</td>%0D%0A+                     <td className="px-3 py-2.5 text-[#605e5c]">{c.joinedDate}</td>%0D%0A+                     <td className="px-3 py-2.5">%0D%0A+                       {hasCriticalRisks ? (%0D%0A+                         <span className="inline-flex items-center gap-1 font-medium text-[#a4262c]">%0D%0A+                           <AlertTriangle className="h-3.5 w-3.5" />%0D%0A+                           {c.criticalRisksCount}%0D%0A+                         </span>%0D%0A+                       ) : (%0D%0A+                         <span className="inline-flex items-center gap-1 text-[#8a8886]">%0D%0A+                           <ShieldCheck className="h-3.5 w-3.5" />%0D%0A+                           None%0D%0A+                         </span>%0D%0A+                       )}%0D%0A+                     </td>%0D%0A+                   </tr>%0D%0A+                 );%0D%0A+               })}%0D%0A+             </tbody>%0D%0A+           </table>%0D%0A+         </div>%0D%0A+ %0D%0A+         {filteredClients.length === 0 && (%0D%0A+           <div className="p-12 text-center">%0D%0A+             <Building2 className="mx-auto mb-3 h-8 w-8 text-[#c8c6c4]" />%0D%0A+             <h3 className="text-[13px] font-medium text-[#323130]">No client workspaces found</h3>%0D%0A+             <p className="mx-auto mt-1 max-w-sm text-[13px] text-[#8a8886]">%0D%0A+               Adjust your search keywords or industry filters and try again.%0D%0A+             </p>%0D%0A+           </div>%0D%0A+         )}%0D%0A+       </div>%0D%0A+ %0D%0A+       {/* Slide-out Drawer Panel */}%0D%0A+       <AnimatePresence>%0D%0A+         {selectedClientId !== 'global' && client && (%0D%0A+           <>%0D%0A+             {/* Backdrop Overlay */}%0D%0A+             <motion.div%0D%0A+               key="clients-drawer-backdrop"%0D%0A+               initial={{ opacity: 0 }}%0D%0A+               animate={{ opacity: 0.4 }}%0D%0A+               exit={{ opacity: 0 }}%0D%0A+               onClick={() => setSelectedClientId('global')}%0D%0A+               className="fixed inset-0 z-40 cursor-pointer bg-black"%0D%0A+             />%0D%0A+ %0D%0A+             {/* Sliding Drawer Container */}%0D%0A+             <motion.div%0D%0A+               key="clients-drawer-panel"%0D%0A+               initial={{ x: '100%25' }}%0D%0A+               animate={{ x: 0 }}%0D%0A+               exit={{ x: '100%25' }}%0D%0A+               transition={{ type: 'spring', damping: 26, stiffness: 170 }}%0D%0A+               className="fixed right-0 top-0 bottom-0 z-50 flex w-full max-w-3xl flex-col overflow-y-auto border-l border-[#e1dfdd] bg-white p-5"%0D%0A+             >%0D%0A+               {/* Drawer Top Navigation & Actions */}%0D%0A+               <div className="flex shrink-0 items-center justify-between border-b border-[#e1dfdd] pb-3">%0D%0A+                 <div className="flex items-center gap-2.5">%0D%0A+                   <div className={`flex h-9 w-9 items-center justify-center rounded text-[13px] font-semibold ${client.avatarColor}`}>%0D%0A+                     {client.name.charAt(0)}%0D%0A+                   </div>%0D%0A+                   <div>%0D%0A+                     <span className="text-[11px] uppercase tracking-wide text-[#8a8886]">%0D%0A+                       Active tenant%0D%0A+                     </span>%0D%0A+                     <h2 className="text-[16px] font-semibold leading-tight text-[#201f1e]">%0D%0A+                       {client.name}%0D%0A+                     </h2>%0D%0A+                   </div>%0D%0A+                 </div>%0D%0A+ %0D%0A+                 <div className="flex items-center gap-2">%0D%0A+                   <button%0D%0A+                     onClick={() => generateClientCompliancePDF(client)}%0D%0A+                     className="flex h-8 items-center gap-1.5 rounded border border-[#c8c6c4] px-3 text-[13px] text-[#323130] hover:bg-black/[.03]"%0D%0A+                   >%0D%0A+                     <Download className="h-3.5 w-3.5" />%0D%0A+                     <span>Compliance PDF</span>%0D%0A+                   </button>%0D%0A+                   <button%0D%0A+                     onClick={() => setSelectedClientId('global')}%0D%0A+                     className="flex h-8 w-8 items-center justify-center rounded border border-[#c8c6c4] text-[#605e5c] hover:bg-black/[.03]"%0D%0A+                     title="Close Drawer"%0D%0A+                   >%0D%0A+                     <X className="h-4 w-4" />%0D%0A+                   </button>%0D%0A+                 </div>%0D%0A+               </div>%0D%0A+ %0D%0A+               {/* Badges and summary bar */}%0D%0A+               <div className="mt-3 flex shrink-0 flex-wrap gap-2 text-[11px]">%0D%0A+                 <span className="rounded-md border border-[#e1dfdd] bg-[#f3f2f1] px-2.5 py-1 font-medium text-[#323130]">%0D%0A+                   Tier: {client.subscriptionTier}%0D%0A+                 </span>%0D%0A+                 <span className="rounded-md border border-[#e1dfdd] bg-[#f3f2f1] px-2.5 py-1 font-medium text-[#323130]">%0D%0A+                   Domain: {client.domain}%0D%0A+                 </span>%0D%0A+                 <span className={`inline-flex items-center gap-1.5 rounded-md border border-[#e1dfdd] bg-[#f3f2f1] px-2.5 py-1 font-medium ${riskStyle(client.riskLevel).text}`}>%0D%0A+                   <span className={`h-1.5 w-1.5 rounded-full ${riskStyle(client.riskLevel).dot}`} />%0D%0A+                   Risk: {client.riskLevel}%0D%0A+                 </span>%0D%0A+               </div>%0D%0A+ %0D%0A+               {/* Drawer Tabs Header */}%0D%0A+               <div className="mt-3 flex shrink-0 gap-1 overflow-x-auto border-b border-[#e1dfdd] text-[13px] select-none">%0D%0A+                 {[%0D%0A+                   { id: 'overview', label: 'Trust Coordinates', icon: Award },%0D%0A+                   { id: 'inventory', label: 'SBOM Inventory', icon: FileCheck },%0D%0A+                   { id: 'security', label: 'Security Center', icon: ShieldAlert },%0D%0A+                   { id: 'compliance', label: 'Framework Matrices', icon: Lock },%0D%0A+                   { id: 'team', label: 'Stakeholders', icon: Users }%0D%0A+                 ].map(tb => {%0D%0A+                   const Icon = tb.icon;%0D%0A+                   const isSel = workspaceTab === tb.id;%0D%0A+                   return (%0D%0A+                     <button%0D%0A+                       key={tb.id}%0D%0A+                       type="button"%0D%0A+                       onClick={() => setWorkspaceTab(tb.id as any)}%0D%0A+                       className={`flex items-center gap-1.5 whitespace-nowrap border-b-2 px-3 py-2 font-medium transition-colors ${%0D%0A+                         isSel%0D%0A+                           ? 'border-[#0f6cbd] text-[#0f6cbd]'%0D%0A+                           : 'border-transparent text-[#605e5c] hover:text-[#201f1e]'%0D%0A+                       }`}%0D%0A+                     >%0D%0A+                       <Icon className="h-3.5 w-3.5" />%0D%0A+                       <span>{tb.label}</span>%0D%0A+                     </button>%0D%0A+                   );%0D%0A+                 })}%0D%0A+               </div>%0D%0A+ %0D%0A+               {/* Drawer Tabs Body content */}%0D%0A+               <div className="flex-1 space-y-4 overflow-y-auto pt-4 pb-2">%0D%0A+ %0D%0A+                 {/* 1. Trust Coordinates Tab */}%0D%0A+                 {workspaceTab === 'overview' && (%0D%0A+                   <div className="space-y-4">%0D%0A+                     {/* Trust Scores strip */}%0D%0A+                     <div className="rounded-md border border-[#e1dfdd] bg-white p-4">%0D%0A+                       <h3 className="mb-3 text-[13px] font-semibold text-[#323130]">Core Trust Coordinates</h3>%0D%0A+                       <div className="flex flex-wrap gap-6">%0D%0A+                         <div>%0D%0A+                           <p className="text-[11px] text-[#605e5c]">Overall score</p>%0D%0A+                           <p className="mt-0.5 text-lg font-semibold text-[#201f1e]">{client.trustScore}</p>%0D%0A+                           <span className="text-[11px] text-[#8a8886]">Observed client record</span>%0D%0A+                         </div>%0D%0A+                         <div>%0D%0A+                           <p className="text-[11px] text-[#605e5c]">Security score</p>%0D%0A+                           <p className="mt-0.5 text-lg font-semibold text-[#201f1e]">%0D%0A+                             {securityScores.length > 0 ? Math.round(securityScores.reduce((sum, score) => sum + score, 0) / securityScores.length) : 'Not verified'}%0D%0A+                           </p>%0D%0A+                           <span className="text-[11px] text-[#8a8886]">Passport-derived</span>%0D%0A+                         </div>%0D%0A+                         <div>%0D%0A+                           <p className="text-[11px] text-[#605e5c]">Compliance score</p>%0D%0A+                           <p className="mt-0.5 text-lg font-semibold text-[#201f1e]">{client.complianceProgress}%25</p>%0D%0A+                           <span className="text-[11px] text-[#8a8886]">Client record</span>%0D%0A+                         </div>%0D%0A+                         <div>%0D%0A+                           <p className="text-[11px] text-[#605e5c]">Supplier reputation</p>%0D%0A+                           <p className="mt-0.5 text-lg font-semibold text-[#201f1e]">Not verified</p>%0D%0A+                           <span className="text-[11px] text-[#8a8886]">No vendor score observed</span>%0D%0A+                         </div>%0D%0A+                       </div>%0D%0A+                     </div>%0D%0A+ %0D%0A+                     {/* Company Overview Details Card */}%0D%0A+                     <div className="grid grid-cols-1 gap-4 rounded-md border border-[#e1dfdd] bg-white p-4 sm:grid-cols-2">%0D%0A+                       <div className="space-y-2">%0D%0A+                         <h3 className="text-[13px] font-semibold text-[#323130]">Tenant Profile Overview</h3>%0D%0A+                         <div className="space-y-1.5 text-[13px]">%0D%0A+                           <div className="flex justify-between border-b border-[#f3f2f1] pb-1.5">%0D%0A+                             <span className="text-[11px] text-[#8a8886]">Organization Name</span>%0D%0A+                             <span className="font-medium text-[#323130]">{client.name}</span>%0D%0A+                           </div>%0D%0A+                           <div className="flex justify-between border-b border-[#f3f2f1] pb-1.5">%0D%0A+                             <span className="text-[11px] text-[#8a8886]">Domain</span>%0D%0A+                             <span className="font-medium text-[#323130]">{client.domain}</span>%0D%0A+                           </div>%0D%0A+                           <div className="flex justify-between border-b border-[#f3f2f1] pb-1.5">%0D%0A+                             <span className="text-[11px] text-[#8a8886]">Industry</span>%0D%0A+                             <span className="font-medium text-[#323130]">{client.industry}</span>%0D%0A+                           </div>%0D%0A+                         </div>%0D%0A+                       </div>%0D%0A+ %0D%0A+                       <div className="space-y-2">%0D%0A+                         <h3 className="text-[13px] font-semibold text-[#323130]">SLA & Scope Details</h3>%0D%0A+                         <div className="space-y-1.5 text-[13px]">%0D%0A+                           <div className="flex justify-between border-b border-[#f3f2f1] pb-1.5">%0D%0A+                             <span className="text-[11px] text-[#8a8886]">Verified Registry</span>%0D%0A+                             <span className="font-medium text-[#323130]">tenant-{client.id}</span>%0D%0A+                           </div>%0D%0A+                           <div className="flex justify-between border-b border-[#f3f2f1] pb-1.5">%0D%0A+                             <span className="text-[11px] text-[#8a8886]">Joined Date</span>%0D%0A+                             <span className="font-medium text-[#323130]">{client.joinedDate}</span>%0D%0A+                           </div>%0D%0A+                           <div className="flex justify-between border-b border-[#f3f2f1] pb-1.5">%0D%0A+                             <span className="text-[11px] text-[#8a8886]">Compliance Target</span>%0D%0A+                             <span className="font-medium text-[#0f6cbd]">{client.complianceStatus.length ? client.complianceStatus.map((item) => item.code).join(', ') : 'Not observed'}</span>%0D%0A+                           </div>%0D%0A+                         </div>%0D%0A+                       </div>%0D%0A+                     </div>%0D%0A+                   </div>%0D%0A+                 )}%0D%0A+ %0D%0A+                 {/* 2. SBOM Inventory Tab */}%0D%0A+                 {workspaceTab === 'inventory' && (%0D%0A+                   <div className="space-y-3">%0D%0A+                     <div className="flex items-center justify-between">%0D%0A+                       <h3 className="text-[13px] font-semibold text-[#323130]">Registered Client Software Passports</h3>%0D%0A+                       <span className="text-[11px] text-[#8a8886]">Count: {client.passportCount}</span>%0D%0A+                     </div>%0D%0A+ %0D%0A+                     {client.softwareInventory.length === 0 && (%0D%0A+                       <div className="rounded-md border border-dashed border-[#e1dfdd] px-5 py-10 text-center text-[13px] text-[#8a8886]">No software passports registered for this client yet.</div>%0D%0A+                     )}%0D%0A+                     <div className="grid grid-cols-1 gap-3 sm:grid-cols-2">%0D%0A+                       {passports.filter(p => {%0D%0A+                         const clientPassportIds = new Set(client.softwareInventory.map(item => item.passportId));%0D%0A+                         return clientPassportIds.has(p.id);%0D%0A+                       }).map(p => (%0D%0A+                         <div%0D%0A+                           key={p.id}%0D%0A+                           onClick={() => onNavigateTab('passports', p.id)}%0D%0A+                           className="cursor-pointer space-y-2 rounded-md border border-[#e1dfdd] bg-white p-3 hover:border-[#0f6cbd]"%0D%0A+                         >%0D%0A+                           <div className="flex items-start justify-between">%0D%0A+                             <div>%0D%0A+                               <h4 className="text-[13px] font-medium text-[#201f1e]">{p.name}</h4>%0D%0A+                               <p className="text-[11px] text-[#8a8886]">Version: {p.version || 'Not observed'}</p>%0D%0A+                             </div>%0D%0A+                             <span className="rounded border border-[#e1dfdd] bg-[#eff6fc] px-2 py-0.5 text-[11px] font-medium text-[#0f6cbd]">%0D%0A+                               {p.sbom.length} Dependencies%0D%0A+                             </span>%0D%0A+                           </div>%0D%0A+ %0D%0A+                           <div className="flex items-center justify-between border-t border-[#f3f2f1] pt-2 text-[11px] text-[#605e5c]">%0D%0A+                             <span>Compliance: {p.complianceScore}%25</span>%0D%0A+                             <span className="flex items-center gap-0.5 font-medium text-[#0f6cbd]">%0D%0A+                               Open Passport <ChevronRight className="h-3 w-3" />%0D%0A+                             </span>%0D%0A+                           </div>%0D%0A+                         </div>%0D%0A+                       ))}%0D%0A+                     </div>%0D%0A+                   </div>%0D%0A+                 )}%0D%0A+ %0D%0A+                 {/* 3. Security Center Tab */}%0D%0A+                 {workspaceTab === 'security' && (%0D%0A+                   <div className="space-y-3">%0D%0A+                     <div className="flex items-center justify-between">%0D%0A+                       <h3 className="text-[13px] font-semibold text-[#323130]">Active Vulnerability Footprint</h3>%0D%0A+                       <button%0D%0A+                         onClick={() => onNavigateTab('alerts')}%0D%0A+                         className="text-[13px] font-medium text-[#0f6cbd] hover:underline"%0D%0A+                       >%0D%0A+                         Launch Threat Mitigator%0D%0A+                       </button>%0D%0A+                     </div>%0D%0A+ %0D%0A+                     <div className="overflow-hidden rounded-md border border-[#e1dfdd] bg-white">%0D%0A+                       <div className="overflow-x-auto">%0D%0A+                         <table className="w-full text-left">%0D%0A+                           <thead>%0D%0A+                             <tr className="border-b border-[#e1dfdd] text-[11px] uppercase tracking-wide text-[#605e5c]">%0D%0A+                               <th className="px-3 py-2.5 font-medium">CVE ID</th>%0D%0A+                               <th className="px-3 py-2.5 font-medium">Component</th>%0D%0A+                               <th className="px-3 py-2.5 font-medium">Severity</th>%0D%0A+                               <th className="px-3 py-2.5 font-medium">CVSS</th>%0D%0A+                               <th className="px-3 py-2.5 font-medium">Status</th>%0D%0A+                               <th className="px-3 py-2.5 font-medium">Threat Summary</th>%0D%0A+                             </tr>%0D%0A+                           </thead>%0D%0A+                           <tbody className="text-[13px] text-[#323130]">%0D%0A+                             {clientPassports.flatMap(passport => (passport.vulnerabilities || []).map(vulnerability => ({ passport, vulnerability }))).map(({ passport, vulnerability }, index) => (%0D%0A+                               <tr key={`${passport.id}-${vulnerability.id}-${index}`} className="border-b border-[#f3f2f1] hover:bg-black/[.02]">%0D%0A+                                 <td className="px-3 py-2.5 font-medium text-[#0f6cbd]">{vulnerability.id}</td>%0D%0A+                                 <td className="px-3 py-2.5">{vulnerability.component}</td>%0D%0A+                                 <td className="px-3 py-2.5"><span className="rounded-full border border-[#e1dfdd] bg-[#f3f2f1] px-2 py-0.5 text-[11px] uppercase text-[#605e5c]">{vulnerability.severity}</span></td>%0D%0A+                                 <td className="px-3 py-2.5">{vulnerability.cvss ?? 'Not observed'}</td>%0D%0A+                                 <td className="px-3 py-2.5"><span className="rounded border border-[#e1dfdd] bg-[#faf9f8] px-2 py-0.5 text-[11px] text-[#605e5c]">{vulnerability.status}</span></td>%0D%0A+                                 <td className="max-w-sm truncate px-3 py-2.5 text-[#605e5c]" title={vulnerability.description}>{vulnerability.description || 'No description observed.'}</td>%0D%0A+                               </tr>%0D%0A+                             ))}%0D%0A+                             {clientPassports.every(passport => !passport.vulnerabilities?.length) && <tr><td colSpan={6} className="px-3 py-6 text-center text-[#8a8886]">No vulnerability observations are recorded for this client.</td></tr>}%0D%0A+                           </tbody>%0D%0A+                         </table>%0D%0A+                       </div>%0D%0A+                     </div>%0D%0A+                   </div>%0D%0A+                 )}%0D%0A+ %0D%0A+                 {/* 4. Compliance Framework Matrices Tab */}%0D%0A+                 {workspaceTab === 'compliance' && (%0D%0A+                   <div className="grid grid-cols-1 gap-3 sm:grid-cols-2">%0D%0A+                     {client.complianceStatus.length === 0 && (%0D%0A+                       <div className="col-span-full rounded-md border border-dashed border-[#e1dfdd] px-5 py-10 text-center text-[13px] text-[#8a8886]">No compliance frameworks recorded for this client yet.</div>%0D%0A+                     )}%0D%0A+                     {client.complianceStatus.map((comp) => {%0D%0A+                       const cs = complianceStyle(comp.status);%0D%0A+                       return (%0D%0A+                         <div key={comp.id} className="flex flex-col justify-between gap-3 rounded-md border border-[#e1dfdd] bg-white p-4">%0D%0A+                           <div className="flex items-start justify-between">%0D%0A+                             <div>%0D%0A+                               <span className="rounded border border-[#e1dfdd] bg-[#eff6fc] px-2 py-0.5 text-[11px] font-medium text-[#0f6cbd]">%0D%0A+                                 {comp.code} Framework%0D%0A+                               </span>%0D%0A+                               <h3 className="mt-2 text-[13px] font-semibold text-[#201f1e]">{comp.name}</h3>%0D%0A+                             </div>%0D%0A+                             <span className={`inline-flex items-center gap-1.5 text-[13px] ${cs.text}`}>%0D%0A+                               <span className={`h-1.5 w-1.5 rounded-full ${cs.dot}`} />%0D%0A+                               {comp.status}%0D%0A+                             </span>%0D%0A+                           </div>%0D%0A+ %0D%0A+                           {/* Progress Bar */}%0D%0A+                           <div className="space-y-1.5">%0D%0A+                             <div className="flex justify-between text-[11px] text-[#605e5c]">%0D%0A+                               <span>Controls verification progress</span>%0D%0A+                               <span className="font-medium text-[#323130]">{comp.progress}%25</span>%0D%0A+                             </div>%0D%0A+                             <div className="h-1.5 w-full overflow-hidden rounded-full bg-[#f3f2f1]">%0D%0A+                               <div className="h-full bg-[#0f6cbd]" style={{ width: `${comp.progress}%25` }}></div>%0D%0A+                             </div>%0D%0A+                             <div className="flex justify-between text-[11px] text-[#8a8886]">%0D%0A+                               <span>{comp.compliantControls} of {comp.totalControls} Controls Certified</span>%0D%0A+                               <span>SLA Audit Ready</span>%0D%0A+                             </div>%0D%0A+                           </div>%0D%0A+ %0D%0A+                           <button%0D%0A+                             onClick={() => onNavigateTab('compliance')}%0D%0A+                             className="w-full rounded border border-[#c8c6c4] py-1.5 text-center text-[13px] text-[#323130] hover:bg-black/[.03]"%0D%0A+                           >%0D%0A+                             Launch Verification Portal%0D%0A+                           </button>%0D%0A+                         </div>%0D%0A+                       );%0D%0A+                     })}%0D%0A+                   </div>%0D%0A+                 )}%0D%0A+ %0D%0A+                 {/* 5. Team Directory Tab */}%0D%0A+                 {workspaceTab === 'team' && (%0D%0A+                   <div className="overflow-hidden rounded-md border border-[#e1dfdd] bg-white">%0D%0A+                     <div className="border-b border-[#e1dfdd] px-4 py-3">%0D%0A+                       <h3 className="text-[13px] font-semibold text-[#323130]">Client Stakeholders & Key Operators</h3>%0D%0A+                       <p className="mt-0.5 text-[11px] text-[#8a8886]">Authorizing authorities registered with access privileges inside this workspace.</p>%0D%0A+                     </div>%0D%0A+                     <div className="divide-y divide-[#f3f2f1]">%0D%0A+                       {client.teamMembers.length === 0 && (%0D%0A+                         <div className="px-4 py-10 text-center text-[13px] text-[#8a8886]">No stakeholders recorded for this client yet.</div>%0D%0A+                       )}%0D%0A+                       {client.teamMembers.map((member, i) => (%0D%0A+                         <div key={i} className="flex items-center justify-between px-4 py-3 hover:bg-black/[.02]">%0D%0A+                           <div className="flex items-center gap-2.5">%0D%0A+                             <div className="flex h-8 w-8 items-center justify-center rounded-full border border-[#e1dfdd] bg-[#eff6fc] text-[11px] font-semibold text-[#0f6cbd]">%0D%0A+                               {member.avatar}%0D%0A+                             </div>%0D%0A+                             <div>%0D%0A+                               <h4 className="text-[13px] font-medium text-[#201f1e]">{member.name}</h4>%0D%0A+                               <p className="text-[11px] text-[#8a8886]">{member.role}</p>%0D%0A+                             </div>%0D%0A+                           </div>%0D%0A+                           <div className="text-right">%0D%0A+                             <a%0D%0A+                               href={`mailto:${member.email}`}%0D%0A+                               className="flex items-center gap-1 text-[13px] font-medium text-[#0f6cbd] hover:underline"%0D%0A+                             >%0D%0A+                               <span>{member.email}</span>%0D%0A+                               <ExternalLink className="h-3.5 w-3.5" />%0D%0A+                             </a>%0D%0A+                             <span className="mt-1 block text-[11px] text-[#8a8886]">Privileges: Authorized Auditor</span>%0D%0A+                           </div>%0D%0A+                         </div>%0D%0A+                       ))}%0D%0A+                     </div>%0D%0A+                   </div>%0D%0A+                 )}%0D%0A+ %0D%0A+               </div>%0D%0A+             </motion.div>%0D%0A+           </>%0D%0A+         )}%0D%0A+       </AnimatePresence>%0D%0A+     </div>%0D%0A+   );%0D%0A+ }%0D%0A+%0A%0A ❯ tests/client-trust-environment-contract.test.ts:28:15%0A%0A

::error file=/home/runner/work/software-passport-registry/software-passport-registry/tests/client-trust-environment-contract.test.ts,title=tests/client-trust-environment-contract.test.ts > Add Client modal reframed as a client trust environment%2C without changing the underlying create logic > creation still lands the user directly in that client's own workspace%2C not a generic list,line=37,column=17::AssertionError: expected 'import { useEffect, useMemo, useState…' to contain 'onClientCreated={(client) => { setCli…'%0A%0A- Expected%0A+ Received%0A%0A- onClientCreated={(client) => { setClients((current) => [client, ...current]); setSelectedClientId(client.id); }}%0A+ import { useEffect, useMemo, useState, type ReactNode } from 'react';%0A+ import { getRedirectResult, onAuthStateChanged, signOut, type User } from 'firebase/auth';%0A+ import type { Alert, Client, Integration, Scan, SoftwarePassport, Vendor } from './types';%0A+ import type { VerificationDecision } from './lib/verification/evaluateVerification.ts';%0A+ import { apiFetch } from './utils/apiClient';%0A+ import { auth } from './lib/firebase';%0A+ import CommandCenter from './components/CommandCenter';%0A+ import ExtensionWorkflow from './components/ExtensionWorkflow';%0A+ import ExtensionMarketplace from './components/ExtensionMarketplace';%0A+ import LoginView from './components/LoginView';%0A+ import EvidenceDashboardView from './components/EvidenceDashboardView';%0A+ import EvidenceExplorerView from './components/EvidenceExplorerView';%0A+ import AITrustCenterView from './components/AITrustCenterView';%0A+ import CoverageView from './components/CoverageView';%0A+ import AssetsView from './components/AssetsView';%0A+ import PassportsView from './components/PassportsView';%0A+ import ScansView from './components/ScansView';%0A+ import AlertsView from './components/AlertsView';%0A+ import ClientsView from './components/ClientsView';%0A+ import VendorsView from './components/VendorsView';%0A+ import IntegrationsView from './components/IntegrationsView';%0A+ import BillingView from './components/BillingView';%0A+ import ComplianceView from './components/ComplianceView';%0A+ import AgentTrustView from './components/AgentTrustView';%0A+ import EnterpriseReadinessView from './components/EnterpriseReadinessView';%0A+ import FounderDashboardView from './components/FounderDashboardView';%0A+ import InvestorHomeView from './components/InvestorHomeView';%0A+ import SettingsView from './components/SettingsView';%0A+ import TeamView from './components/TeamView';%0A+ import AuditLogView from './components/AuditLogView';%0A+ import MonitoringView from './components/MonitoringView';%0A+ import SecurityCenterView from './components/SecurityCenterView';%0A+ import MSPCommandCenter from './components/MSPCommandCenter';%0A+ import ReportsView from './components/ReportsView';%0A+ import TrustGraphView from './components/TrustGraphView';%0A+ import { EXTENSIONS } from './workflows/extensionRegistry';%0A+ const PUBLIC_PATHS = new Set(['/','/login','/free-review','/pricing']);%0A+ const EMPTY_CLIENTS: Client[] = []; const EMPTY_PASSPORTS: SoftwarePassport[] = []; const EMPTY_VENDORS: Vendor[] = []; const EMPTY_INTEGRATIONS: Integration[] = []; const EMPTY_SCANS: Scan[] = []; const EMPTY_ALERTS: Alert[] = [];%0A+ function deriveAlertStatus(remediationStatus: string | null | undefined, findingStatus: string | null | undefined): Alert['status'] { switch (remediationStatus) { case 'IN_PROGRESS': case 'READY_FOR_VERIFICATION': return 'Acknowledged'; case 'BLOCKED': return 'Snoozed'; case 'VERIFIED': case 'CLOSED': return 'Resolved'; case 'CANCELLED': return 'Cancelled'; case 'OPEN': return 'Active'; default: return String(findingStatus || '').toLowerCase() === 'resolved' ? 'Resolved' : 'Active'; } }%0A+ function navigate(path: string) { window.history.pushState({}, '', path); window.dispatchEvent(new PopStateEvent('popstate')); }%0A+ function usePath() { const [path, setPath] = useState(() => window.location.pathname || '/'); useEffect(() => { const update = () => setPath(window.location.pathname || '/'); window.addEventListener('popstate', update); return () => window.removeEventListener('popstate', update); }, []); return path; }%0A+ function AuthLoading() { return <div className="grid min-h-screen place-items-center bg-[#faf9f8] text-[#201f1e]"><div className="text-center"><div className="mx-auto grid h-10 w-10 place-items-center rounded bg-[#0f6cbd] text-xs font-bold text-white">S</div><div className="mt-4 text-[11px] font-semibold uppercase tracking-wide text-[#605e5c]">Securing workspace</div><div className="mt-1 text-[12px] text-[#8a8886]">Checking authenticated session…</div></div></div>; }%0A+ function CoverPage() { return <div className="min-h-screen bg-[#faf9f8] text-[#201f1e]"><div className="mx-auto flex min-h-screen max-w-5xl items-center px-6 py-16"><div className="max-w-3xl"><div className="mb-5 inline-flex items-center gap-1.5 rounded border border-[#e1dfdd] bg-white px-2.5 py-1 text-[11px] font-semibold uppercase tracking-wide text-[#605e5c]">Evidence-first software trust</div><h1 className="text-[28px] font-semibold tracking-tight md:text-[34px]">Software trust, operated as a system.</h1><p className="mt-4 max-w-2xl text-[14px] leading-6 text-[#605e5c]">Software Passport Registry turns software identity, security, provenance, reliability, compliance, and evidence into repeatable workflows for teams, buyers, and managed service providers.</p><div className="mt-6 flex flex-wrap gap-2"><button onClick={() => navigate('/login')} className="h-9 rounded bg-[#0f6cbd] px-4 text-[13px] font-semibold text-white hover:bg-[#004578]">Enter SPR</button><button onClick={() => navigate('/free-review')} className="h-9 rounded border border-[#c8c6c4] bg-white px-4 text-[13px] font-medium text-[#323130] hover:bg-black/[.03]">Free review</button></div></div></div></div>; }%0A+ function PublicPage({ title, description, action, onAction }: { title: string; description: string; action: string; onAction: () => void }) { return <div className="grid min-h-screen place-items-center bg-[#faf9f8] px-6 text-[#201f1e]"><div className="max-w-md rounded-md border border-[#e1dfdd] bg-white p-6 text-center"><div className="text-[11px] font-semibold uppercase tracking-wide text-[#605e5c]">Software Passport Registry</div><h1 className="mt-2 text-[20px] font-semibold">{title}</h1><p className="mt-2 text-[13px] leading-5 text-[#605e5c]">{description}</p><button onClick={onAction} className="mt-5 h-9 rounded bg-[#0f6cbd] px-4 text-[13px] font-semibold text-white hover:bg-[#004578]">{action}</button></div></div>; }%0A+ function WorkflowBoundary({ title, description, extensionId, onNavigate }: { title: string; description: string; extensionId?: string; onNavigate: (path: string) => void }) { const extension = extensionId ? EXTENSIONS.find((item) => item.id === extensionId) : undefined; return <section><div className="rounded-md border border-[#e1dfdd] bg-white p-5"><div className="text-[11px] font-semibold uppercase tracking-wide text-[#605e5c]">Workflow boundary</div><h1 className="mt-1.5 text-[20px] font-semibold tracking-tight">{title}</h1><p className="mt-2 max-w-2xl text-[13px] leading-5 text-[#605e5c]">{description}</p>{extension && <button onClick={() => onNavigate(extension.entryPath)} className="mt-4 h-8 rounded bg-[#0f6cbd] px-3 text-[12px] font-semibold text-white hover:bg-[#004578]">Open {extension.name} →</button>}</div></section>; }%0A+ export default function App() {%0A+  const path=usePath(); const [authReady,setAuthReady]=useState(false); const [user,setUser]=useState<User|null>(null); const [role,setRole]=useState('Viewer'); const [selectedClientId,setSelectedClientId]=useState(''); const [selectedPassportId,setSelectedPassportId]=useState<string|null>(null); const [assets,setAssets]=useState<any[]>([]); const [clients,setClients]=useState<Client[]>(EMPTY_CLIENTS); const [passports,setPassports]=useState<SoftwarePassport[]>(EMPTY_PASSPORTS); const [vendors,setVendors]=useState<Vendor[]>(EMPTY_VENDORS); const [alerts,setAlerts]=useState<Alert[]>(EMPTY_ALERTS); const [findings,setFindings]=useState<unknown[]>([]); const [scans,setScans]=useState<Scan[]>(EMPTY_SCANS); const [integrations,setIntegrations]=useState<Integration[]>(EMPTY_INTEGRATIONS); const [theme,setTheme]=useState<'light'|'dark'>('dark'); const [verificationDecisions,setVerificationDecisions]=useState<Record<string,VerificationDecision>>({}); const [verificationDetails,setVerificationDetails]=useState<Record<string,unknown>>({});%0A+  useEffect(()=>{let mounted=true;let redirectSettled=false;let observedUser:User|null=null;const timeoutId=window.setTimeout(()=>{if(mounted)setAuthReady(true)},10000);const unsubscribe=onAuthStateChanged(auth,(currentUser)=>{if(!mounted)return;observedUser=currentUser;if(!redirectSettled)return;setUser(currentUser);setAuthReady(true);window.clearTimeout(timeoutId)},()=>{if(mounted){setAuthReady(true);window.clearTimeout(timeoutId)}});void getRedirectResult(auth).then(result=>{redirectSettled=true;if(mounted)setUser(result?.user||observedUser);if(mounted)setAuthReady(true);window.clearTimeout(timeoutId)}).catch(error=>{redirectSettled=true;console.error('[Firebase redirect sign-in error]',error);if(mounted)setUser(observedUser);if(mounted)setAuthReady(true);window.clearTimeout(timeoutId)});return()=>{mounted=false;window.clearTimeout(timeoutId);unsubscribe()}},[]);%0A+  useEffect(()=>{if(authReady&&!user&&!PUBLIC_PATHS.has(path))navigate('/login')},[authReady,user,path]);%0A+  useEffect(()=>{if(!user)return;let cancelled=false;const load=async()=>{const responses=await Promise.all([apiFetch('/api/user/me'),apiFetch('/api/scans'),apiFetch('/api/trust-loop/findings'),apiFetch('/api/user/passports'),apiFetch('/api/user/clients'),apiFetch('/api/integrations'),apiFetch('/api/user/verification')]);if(responses.some(r=>r.status===401)){await signOut(auth);navigate('/login');return}const [me,scansResponse,findingsResponse,passportsResponse,clientsResponse,integrationsResponse,verificationResponse]=responses;if(verificationResponse.ok){const data=await verificationResponse.json().catch(()=>null);if(!cancelled){setVerificationDecisions(data?.verificationDecisions&&typeof data.verificationDecisions==='object'?data.verificationDecisions:{});setVerificationDetails(data?.verificationDetails&&typeof data.verificationDetails==='object'?data.verificationDetails:{})}}else if(!cancelled){setVerificationDecisions({});setVerificationDetails({})}if(me.ok){const data=await me.json().catch(()=>null);if(!cancelled)setRole(String(data?.role||'Viewer'))}if(scansResponse.ok){const data=await scansResponse.json().catch(()=>[]);if(!cancelled&&Array.isArray(data))setScans(data)}if(findingsResponse.ok){const data=await findingsResponse.json().catch(()=>[]);const rows=Array.isArray(data)?data:data?.findings;if(!cancelled&&Array.isArray(rows)){setFindings(rows);setAlerts(rows.map((row:any)=>({id:String(row.id),title:String(row.title||row.control_id||'Trust finding'),severity:String(row.severity||'Low').replace(/^./,(s:string)=>s.toUpperCase()),category:'Trust finding',clientName:String(row.client_id||'Tenant'),description:String(row.description||'Evidence-backed finding'),timestamp:String(row.updated_at||''),status:deriveAlertStatus(row.remediation_status,row.status),remediationId:row.remediation_id?String(row.remediation_id):null,ownerDisplay:row.remediation_owner_display||null,slaDueAt:row.remediation_sla_due_at||null})) as Alert[])}}if(passportsResponse.ok){const data=await passportsResponse.json().catch(()=>[]);const rows=Array.isArray(data)?data:data?.passports;if(!cancelled&&Array.isArray(rows)){const normalized=rows.map((row:any)=>({...row,id:String(row.id),name:String(row.name||'Unnamed software'),version:String(row.version||'unknown'),publisher:String(row.publisher||'unknown'),clientId:row.clientId?String(row.clientId):undefined,evidence:Array.isArray(row.evidence)?row.evidence:[],vulnerabilities:Array.isArray(row.vulnerabilities)?row.vulnerabilities:[],timeline:Array.isArray(row.timeline)?row.timeline:[],sbom:Array.isArray(row.sbom)?row.sbom:[],scores:null,scoreStatus:row.scoreStatus||'not_authoritatively_scored'})) as SoftwarePassport[];setPassports(normalized);setAssets(normalized.map((passport:any)=>({id:passport.id,name:passport.name,hostName:passport.name,type:passport.category||'software',clientId:passport.clientId,clientName:String(passport.clientId||'Unobserved'),environment:String(passport.environment||'Unobserved'),version:passport.version})));setVendors(EMPTY_VENDORS)}}if(clientsResponse.ok){const data=await clientsResponse.json().catch(()=>[]);const rows=Array.isArray(data)?data:data?.clients;if(!cancelled&&Array.isArray(rows))setClients(rows.map((row:any)=>({...row,id:String(row.id),name:String(row.name||row.company_name||'Unnamed client')})) as Client[])}if(integrationsResponse.ok){const data=await integrationsResponse.json().catch(()=>[]);if(!cancelled&&Array.isArray(data))setIntegrations(data)}};void load().catch(error=>console.warn('[SPR command center load]',error));return()=>{cancelled=true}},[user]);%0A+  useEffect(()=>{const refresh=()=>{if(user)window.location.reload()};window.addEventListener('refresh-data',refresh);return()=>window.removeEventListener('refresh-data',refresh)},[user]);%0A+  const onNavigateTab=(target:string,itemId?:string)=>navigate(itemId?`${target.startsWith('/')?target:`/${target}`}/${encodeURIComponent(itemId)}`:target.startsWith('/')?target:`/${target}`); const quickAction=(action:'add-client'|'register-passport'|'scan-sbom')=>navigate(action==='add-client'?'/clients':action==='register-passport'?'/passports':'/scans');%0A+  const performAlertAction=async(alert:Alert,action:'acknowledge'|'assign'|'resolve'|'escalate'|'snooze'|'reopen',assigneeDisplay?:string)=>{let remediationId=alert.remediationId;if(!remediationId){const created=await apiFetch('/api/trust-loop/remediations',{method:'POST',headers:{'Content-Type':'application/json'},body:JSON.stringify({findingId:alert.id,title:alert.title,description:alert.description,priority:alert.severity.toUpperCase()})});if(!created.ok)return;const createdBody=await created.json().catch(()=>null);remediationId=createdBody?.id?String(createdBody.id):undefined;if(!remediationId)return}const patchBody:Record<string,unknown>={acknowledge:{status:'IN_PROGRESS'},resolve:{status:'CLOSED'},snooze:{status:'BLOCKED'},reopen:{status:'OPEN'},escalate:{status:'IN_PROGRESS',slaDueAt:new Date(Date.now()+4*3600*1000).toISOString()},assign:{status:'IN_PROGRESS',ownerDisplay:assigneeDisplay||''}}[action];const response=await apiFetch(`/api/trust-loop/remediations/${encodeURIComponent(remediationId)}`,{method:'PATCH',headers:{'Content-Type':'application/json'},body:JSON.stringify(patchBody)});if(!response.ok)return;const updated=await response.json().catch(()=>null);setAlerts(current=>current.map(item=>item.id===alert.id?{...item,remediationId,status:deriveAlertStatus(updated?.status??String(patchBody.status),null),ownerDisplay:updated?.owner_display??(patchBody.ownerDisplay as string|undefined)??item.ownerDisplay,slaDueAt:updated?.sla_due_at??(patchBody.slaDueAt as string|undefined)??item.slaDueAt}:item))};%0A+  const selectedExtension=useMemo(()=>{const match=path.match(/^\/extensions\/([^/]+)/);return match?decodeURIComponent(match[1]):null},[path]);const signOutUser=async()=>{await signOut(auth);navigate('/login')};%0A+  if(!authReady)return <AuthLoading/>;if(path==='/')return <CoverPage/>;if(path==='/login')return user?<AuthLoading/>:<LoginView onLoginSuccess={()=>navigate('/dashboard')}/>;if(!user&&path==='/free-review')return <PublicPage title="Free software review" description="Start an evidence-first review from the public entry point." action="Sign in to continue" onAction={()=>navigate('/login')}/>;if(!user&&path==='/pricing')return <PublicPage title="SPR plans" description="Account and billing capabilities are available inside the authenticated workspace." action="Enter SPR" onAction={()=>navigate('/login')}/>;if(!user)return <AuthLoading/>;%0A+  let view:ReactNode;if(selectedExtension)view=<ExtensionWorkflow id={selectedExtension} onNavigate={navigate}/>;else switch(path){case '/dashboard':view=<EvidenceDashboardView clients={clients} alerts={alerts} scans={scans} passports={passports} findings={findings} onNavigateTab={onNavigateTab} onOpenQuickAction={quickAction}/>;break;case '/coverage':view=<CoverageView clients={clients} scans={scans} passports={passports} onNavigateTab={onNavigateTab}/>;break;case '/evidence-explorer':view=<EvidenceExplorerView passports={passports}/>;break;case '/assets':view=<AssetsView clients={clients} searchQuery="" assets={assets}/>;break;case '/passports':case '/registry':view=<PassportsView verificationDecisions={verificationDecisions} verificationDetails={verificationDetails} passports={passports} selectedPassportId={selectedPassportId} setSelectedPassportId={setSelectedPassportId} searchQuery="" clients={clients} assets={assets} role={role} onNavigateTab={onNavigateTab} onUpdatePassport={passport=>setPassports(current=>current.map(item=>item.id===passport.id?passport:item))}/>;break;case '/scans':view=<ScansView scans={scans} clients={clients} assets={assets} passports={passports} role={role} onTriggerNewScan={scan=>setScans(current=>[scan,...current.filter(item=>item.id!==scan.id)].slice(0,100))}/>;break;case '/alerts':view=<AlertsView alerts={alerts} onAlertAction={performAlertAction}/>;break;case '/reports':view=<ReportsView clients={clients} passports={passports} scans={scans} alerts={alerts} findings={findings} role={role}/>;break;case '/trust-graph':view=<TrustGraphView clients={clients} passports={passports} assets={assets} findings={findings}/>;/* onSelectPassport={setSelectedPassportId} */break;case '/clients':view=<ClientsView clients={clients} selectedClientId={selectedClientId} setSelectedClientId={setSelectedClientId} passports={passports} onNavigateTab={onNavigateTab} searchQuery=""/>;break;case '/vendors':view=<VendorsView vendors={vendors} searchQuery=""/>;break;case '/integrations':view=<IntegrationsView passports={passports} onNavigateTab={onNavigateTab}/>;break;case '/monitoring':view=<MonitoringView role={role}/>;break;case '/security':view=<SecurityCenterView clients={clients} passports={passports}/>;break;case '/compliance':view=<ComplianceView clients={clients} role={role}/>;break;case '/msp':view=<MSPCommandCenter verificationDecisions={verificationDecisions} verificationDetails={verificationDetails} clients={clients} alerts={alerts} findings={findings} role={role} onSelectClient={setSelectedClientId} onNavigate={navigate}/>;break;case '/agent-trust':view=<AgentTrustView/>;break;case '/ai-trust-center':view=<AITrustCenterView role={role}/>;break;case '/enterprise-readiness':view=<EnterpriseReadinessView clients={clients}/>;break;case '/investor':view=<InvestorHomeView passports={passports} clients={clients} alerts={alerts} onShowTelemetry={()=>navigate('/scans')} onNavigateTab={onNavigateTab}/>;break;case '/founder':view=<FounderDashboardView userRole={role}/>;break;case '/billing':view=<BillingView/>;break;case '/settings':view=<SettingsView theme={theme} onToggleTheme={()=>setTheme(current=>current==='dark'?'light':'dark')}/>;break;case '/team':view=<TeamView role={role}/>;break;case '/audit-log':view=<AuditLogView/>;break;case '/extensions':view=<ExtensionMarketplace onNavigateTab={onNavigateTab} role={role}/>;break;default:view=<WorkflowBoundary title="Workflow" description="This authenticated capability is explicitly routed through the Command Center. Choose its owning workflow from the left rail." onNavigate={navigate}/>}%0A+  return <CommandCenter path={path} userEmail={user.email} role={role} onNavigate={navigate} onSignOut={()=>void signOutUser()}>{view}</CommandCenter>;%0A+ }%0A+%0A%0A ❯ tests/client-trust-environment-contract.test.ts:37:17%0A%0A

::error file=/home/runner/work/software-passport-registry/software-passport-registry/tests/clientops-remediation-queue-contract.test.ts,title=tests/clientops-remediation-queue-contract.test.ts > GET /trust-loop/remediations (list) and client scoping > exists and scopes to a single client for the Client role%2C same pattern as /findings,line=28,column=15::AssertionError: expected 'import { Router } from \'express\';\n…' to contain 'router.get(\'/remediations\', async (…'%0A%0A- Expected%0A+ Received%0A%0A- router.get('/remediations', async (req: AuthenticatedRequest, res, next) => {%0A+ import { Router } from 'express';%0A+ import { sql } from 'drizzle-orm';%0A+ import crypto from 'node:crypto';%0A+ import { z } from 'zod';%0A+ import { AuthenticatedRequest } from '../middleware/security.ts';%0A+ import { decryptCredentials } from '../integrations/credential-vault.ts';%0A+ import { collectDeepProviderEvidence } from '../integrations/deep-collectors.ts';%0A+ import { collectGitHubDeepEvidence } from '../integrations/github-deep.ts';%0A+ import { persistTrustLoop, verifyRemediation } from '../trust/trust-loop.ts';%0A+%0A+ const collectSchema = z.object({ passportId: z.string().trim().min(1).max(255), provider: z.string().trim().min(1).max(64) }).strict();%0A+ const remediationSchema = z.object({%0A+   findingId: z.string().trim().min(1),%0A+   title: z.string().trim().min(1).max(255),%0A+   description: z.string().max(4000).optional(),%0A+   assigneeId: z.string().max(255).optional(),%0A+   assigneeDisplay: z.string().max(255).optional(),%0A+   externalSystem: z.string().trim().min(1).max(64).default('SPR'),%0A+   externalTicketId: z.string().max(255).optional(),%0A+   slaDueAt: z.string().datetime().optional(),%0A+   priority: z.enum(['LOW', 'MEDIUM', 'HIGH', 'CRITICAL']).default('HIGH'),%0A+ }).strict();%0A+ const remediationUpdateSchema = z.object({ status: z.enum(['OPEN', 'IN_PROGRESS', 'BLOCKED', 'READY_FOR_VERIFICATION', 'VERIFIED', 'CLOSED', 'CANCELLED']), ownerId: z.string().max(255).optional(), ownerDisplay: z.string().max(255).optional(), slaDueAt: z.string().datetime().nullable().optional() }).strict();%0A+ const verifySchema = z.object({ findingId: z.string().trim().min(1), observationIds: z.array(z.string().min(1)).max(50), evidenceIds: z.array(z.string().min(1)).max(200) }).strict();%0A+ const reportTypes = z.enum(['executive', 'technical', 'msp', 'customer', 'compliance', 'vendor', 'auditor', 'evidence-ledger']);%0A+ function id(prefix: string) { return `${prefix}_${crypto.randomUUID().replaceAll('-', '')}`; }%0A+ function parseJson(value: unknown, fallback: unknown = []) { try { return value ? JSON.parse(String(value)) : fallback; } catch { return fallback; } }%0A+%0A+ const SEVERITY_ORDER = ['critical', 'high', 'medium', 'low'];%0A+%0A+ export type ReportPassportRow = {%0A+   overall_score: number | null;%0A+   security_score: number | null;%0A+   compliance_score: number | null;%0A+   verification_status: string | null;%0A+   confidence_score: number | null;%0A+   evidence_completeness: number | null;%0A+ };%0A+%0A+ export function deriveReportRiskFields(passport: ReportPassportRow) {%0A+   const verificationStatus = passport.verification_status || 'unverified';%0A+   const isMeasured = verificationStatus !== 'unverified';%0A+   return {%0A+     canonicalScore: isMeasured ? passport.overall_score : null,%0A+     verificationStatus,%0A+     confidenceBasisPoints: isMeasured && passport.confidence_score != null ? Math.round(passport.confidence_score * 100) : null,%0A+     completenessBasisPoints: isMeasured && passport.evidence_completeness != null ? Math.round(passport.evidence_completeness * 100) : null,%0A+   };%0A+ }%0A+%0A+ function buildReportTypeExtras(reportType: string, passport: any, findings: any[]) {%0A+   if (reportType === 'sbom') {%0A+     const components = parseJson(passport.sbom, []) as any[];%0A+     const vulnerabilities = parseJson(passport.vulnerabilities, []) as any[];%0A+     const sbom = components.map((component) => {%0A+       const name = component?.name || component?.packageName || component?.component;%0A+       const matched = vulnerabilities.filter((vuln) => (vuln?.component || vuln?.packageName || vuln?.package) === name);%0A+       return { ...component, vulnerabilityCount: matched.length, criticalOrHighCount: matched.filter((vuln) => SEVERITY_ORDER.slice(0, 2).includes(String(vuln?.severity || '').toLowerCase())).length };%0A+     });%0A+     return { sbom };%0A+   }%0A+   if (reportType === 'compliance') {%0A+     const byControl = new Map<string, { controlId: string; findingCount: number; openCount: number; worstSeverity: string; findingIds: string[] }>();%0A+     for (const finding of findings) {%0A+       const controlId = finding.control_id || 'unmapped';%0A+       const entry = byControl.get(controlId) || { controlId, findingCount: 0, openCount: 0, worstSeverity: 'low', findingIds: [] as string[] };%0A+       entry.findingCount += 1;%0A+       entry.findingIds.push(finding.id);%0A+       if (!['resolved', 'closed', 'verified'].includes(String(finding.status || '').toLowerCase())) entry.openCount += 1;%0A+       const severity = String(finding.severity || '').toLowerCase();%0A+       if (SEVERITY_ORDER.includes(severity) && SEVERITY_ORDER.indexOf(severity) < SEVERITY_ORDER.indexOf(entry.worstSeverity)) entry.worstSeverity = severity;%0A+       byControl.set(controlId, entry);%0A+     }%0A+     return { controls: [...byControl.values()] };%0A+   }%0A+   return {};%0A+ }%0A+%0A+ export function createTrustLoopRouter() {%0A+   const router = Router();%0A+%0A+   router.post('/collect', async (req: AuthenticatedRequest, res, next) => {%0A+     const parsed = collectSchema.safeParse(req.body);%0A+     if (!parsed.success) return res.status(400).json({ error: 'INVALID_PAYLOAD', details: parsed.error.flatten() });%0A+     const { passportId, provider } = parsed.data;%0A+     const tenantId = req.user!.tenantId;%0A+     const runId = id('collect');%0A+     const startedAt = new Date().toISOString();%0A+     const db = req.db!;%0A+     try {%0A+       const passport = (await db.execute(sql`SELECT id,client_id FROM passports WHERE id=${passportId} AND tenant_id=${tenantId} LIMIT 1`) as any).rows?.[0];%0A+       if (!passport) return res.status(404).json({ error: 'PASSPORT_NOT_FOUND' });%0A+       const stored = (await db.execute(sql`SELECT encrypted_payload FROM integration_credentials WHERE tenant_id=${tenantId} AND provider=${provider} LIMIT 1`) as any).rows?.[0];%0A+       if (!stored?.encrypted_payload) return res.status(409).json({ error: 'CREDENTIAL_NOT_CONFIGURED' });%0A+%0A+       await db.execute(sql`INSERT INTO trust_collection_runs (id,tenant_id,passport_id,provider,started_at,status,idempotency_key,created_at) VALUES (${runId},${tenantId},${passportId},${provider},${startedAt},'RUNNING',${`${tenantId}:${passportId}:${provider}:${startedAt}`},${startedAt})`);%0A+       const credentials = decryptCredentials(stored.encrypted_payload) as Record<string, string>;%0A+       const observations = provider === 'github' ? await collectGitHubDeepEvidence(credentials) : await collectDeepProviderEvidence(provider as any, credentials);%0A+       const result = await persistTrustLoop({ tenantId, passportId, clientId: passport.client_id || passport.id, assetId: passport.id, observations, generationReason: 'provider_collection', actorType: 'worker', collectorVersionMap: { [provider]: 'deep-v2' } });%0A+       const completedAt = new Date().toISOString();%0A+       await db.execute(sql`UPDATE trust_collection_runs SET completed_at=${completedAt},status='SUCCEEDED',observation_count=${observations.length},evidence_count=${result.evidenceIds.length},failure_count=${observations.filter((o) => o.status === 'FAIL').length},collector_version='deep-v2' WHERE id=${runId} AND tenant_id=${tenantId}`);%0A+       await db.execute(sql`INSERT INTO trust_monitoring_state (id,tenant_id,passport_id,provider,next_run_at,last_run_at,last_success_at,last_evidence_hash,consecutive_failures,status,updated_at) VALUES (${id('monitor')},${tenantId},${passportId},${provider},${new Date(Date.now()+3600000).toISOString()},${completedAt},${completedAt},${result.payloadHash},0,'HEALTHY',${completedAt}) ON CONFLICT (tenant_id,passport_id,provider) DO UPDATE SET next_run_at=EXCLUDED.next_run_at,last_run_at=EXCLUDED.last_run_at,last_success_at=EXCLUDED.last_success_at,last_evidence_hash=EXCLUDED.last_evidence_hash,consecutive_failures=0,status='HEALTHY',updated_at=EXCLUDED.updated_at`);%0A+       return res.json({ runId, provider, observationCount: observations.length, ...result });%0A+     } catch (error) {%0A+       const completedAt = new Date().toISOString();%0A+       await db.execute(sql`UPDATE trust_collection_runs SET completed_at=${completedAt},status='FAILED',error_code='COLLECTION_FAILED',error_message=${error instanceof Error ? error.message.slice(0,1000) : 'COLLECTION_FAILED'} WHERE id=${runId} AND tenant_id=${tenantId}`).catch(() => undefined);%0A+       await db.execute(sql`UPDATE trust_monitoring_state SET last_run_at=${completedAt},last_failure_at=${completedAt},consecutive_failures=consecutive_failures+1,status=CASE WHEN consecutive_failures+1 >= 5 THEN 'FAILED' ELSE 'DEGRADED' END,updated_at=${completedAt} WHERE tenant_id=${tenantId} AND passport_id=${passportId} AND provider=${provider}`).catch(() => undefined);%0A+       return next(error);%0A+     }%0A+   });%0A+%0A+   const findingsWithRemediationSelect = sql`%0A+     SELECT f.*, r.id AS remediation_id, r.status AS remediation_status, r.owner_id AS remediation_owner_id,%0A+            r.owner_display AS remediation_owner_display, r.sla_due_at AS remediation_sla_due_at, r.updated_at AS remediation_updated_at%0A+     FROM trust_findings f%0A+     LEFT JOIN LATERAL (%0A+       SELECT * FROM trust_remediation_work_items w%0A+       WHERE w.tenant_id = f.tenant_id AND w.finding_id = f.id%0A+       ORDER BY w.created_at DESC LIMIT 1%0A+     ) r ON true%0A+   `;%0A+   router.get('/findings', async (req: AuthenticatedRequest, res, next) => {%0A+     try {%0A+       const db = req.db!;%0A+       const tenantId = req.user!.tenantId;%0A+       const passportId = typeof req.query.passportId === 'string' ? req.query.passportId : null;%0A+       const rows = passportId%0A+         ? await db.execute(sql`${findingsWithRemediationSelect} WHERE f.tenant_id=${tenantId} AND f.passport_id=${passportId} ORDER BY CASE f.severity WHEN 'critical' THEN 1 WHEN 'high' THEN 2 WHEN 'medium' THEN 3 WHEN 'low' THEN 4 ELSE 5 END,f.updated_at DESC`)%0A+         : await db.execute(sql`${findingsWithRemediationSelect} WHERE f.tenant_id=${tenantId} ORDER BY f.updated_at DESC`);%0A+       return res.json({ findings: (rows as any).rows || [] });%0A+     } catch (error) { return next(error); }%0A+   });%0A+%0A+   router.post('/remediations', async (req: AuthenticatedRequest, res, next) => {%0A+     const parsed = remediationSchema.safeParse(req.body);%0A+     if (!parsed.success) return res.status(400).json({ error: 'INVALID_PAYLOAD', details: parsed.error.flatten() });%0A+     try {%0A+       const db = req.db!;%0A+       const p = parsed.data;%0A+       const tenantId = req.user!.tenantId;%0A+       const finding = (await db.execute(sql`SELECT id,client_id,passport_id,title,description FROM trust_findings WHERE id=${p.findingId} AND tenant_id=${tenantId} LIMIT 1`) as any).rows?.[0];%0A+       if (!finding) return res.status(404).json({ error: 'FINDING_NOT_FOUND' });%0A+       const now = new Date().toISOString();%0A+       const workId = id('remed');%0A+       await db.execute(sql`INSERT INTO trust_remediation_work_items (id,tenant_id,passport_id,finding_id,external_system,external_ticket_id,owner_id,owner_display,sla_due_at,status,remediation_plan,created_at,updated_at) VALUES (${workId},${tenantId},${finding.passport_id},${finding.id},${p.externalSystem},${p.externalTicketId ?? null},${p.assigneeId ?? null},${p.assigneeDisplay ?? null},${p.slaDueAt ?? null},'OPEN',${p.description || finding.description},${now},${now})`);%0A+       await db.execute(sql`INSERT INTO remediation_tasks (id,tenant_id,client_id,alert_id,title,description,priority,status,assignee_id,created_by,created_at,updated_at) VALUES (${workId},${tenantId},${finding.client_id},${finding.id},${p.title},${p.description || finding.description},${p.priority},'OPEN',${p.assigneeId ?? null},${req.user!.uid},${now},${now})`);%0A+       const created = (await db.execute(sql`SELECT * FROM trust_remediation_work_items WHERE id=${workId} AND tenant_id=${tenantId} LIMIT 1`) as any).rows?.[0];%0A+       return res.status(201).json({ ...created, title: p.title });%0A+     } catch (error) { return next(error); }%0A+   });%0A+%0A+   router.get('/remediations/:id', async (req: AuthenticatedRequest, res, next) => {%0A+     try {%0A+       const db = req.db!;%0A+       const tenantId = req.user!.tenantId;%0A+       const row = (await db.execute(sql`SELECT w.*, f.title AS finding_title FROM trust_remediation_work_items w JOIN trust_findings f ON f.id = w.finding_id AND f.tenant_id = w.tenant_id WHERE w.id=${req.params.id} AND w.tenant_id=${tenantId} LIMIT 1`) as any).rows?.[0];%0A+       if (!row) return res.status(404).json({ error: 'REMEDIATION_NOT_FOUND' });%0A+       return res.json({ ...row, title: row.finding_title });%0A+     } catch (error) { return next(error); }%0A+   });%0A+%0A+   router.post('/remediations/:id/verify-latest', async (req: AuthenticatedRequest, res, next) => {%0A+     try {%0A+       const db = req.db!;%0A+       const tenantId = req.user!.tenantId;%0A+       const work = (await db.execute(sql`SELECT id,finding_id,passport_id FROM trust_remediation_work_items WHERE id=${req.params.id} AND tenant_id=${tenantId} LIMIT 1`) as any).rows?.[0];%0A+       if (!work) return res.status(404).json({ error: 'REMEDIATION_NOT_FOUND' });%0A+       const latestObservation = (await db.execute(sql`SELECT id,evidence_ids FROM trust_observations WHERE tenant_id=${tenantId} AND passport_id=${work.passport_id} ORDER BY observation_version DESC LIMIT 1`) as any).rows?.[0];%0A+       if (!latestObservation) return res.status(409).json({ error: 'NO_OBSERVATION_ON_FILE', message: 'SPR has no recorded observation for this software yet. Collect evidence before verifying.' });%0A+       const evidenceIds: string[] = parseJson(latestObservation.evidence_ids, []) as string[];%0A+       const result = await verifyRemediation({ tenantId, findingId: work.finding_id, observationIds: [latestObservation.id], evidenceIds, actorId: req.user!.uid });%0A+       const now = new Date().toISOString();%0A+       await db.execute(sql`UPDATE trust_remediation_work_items SET status='VERIFIED',updated_at=${now},closed_at=${now} WHERE id=${work.id} AND tenant_id=${tenantId}`);%0A+       const row = (await db.execute(sql`SELECT * FROM trust_remediation_work_items WHERE id=${work.id} AND tenant_id=${tenantId} LIMIT 1`) as any).rows?.[0];%0A+       return res.json({ ...row, verification: result });%0A+     } catch (error: any) {%0A+       const message = error instanceof Error ? error.message : String(error);%0A+       if (/^VERIFICATION_|^FINDING_NOT_FOUND$/.test(message)) return res.status(409).json({ error: message });%0A+       return next(error);%0A+     }%0A+   });%0A+%0A+   router.patch('/remediations/:id', async (req: AuthenticatedRequest, res, next) => {%0A+     const parsed = remediationUpdateSchema.safeParse(req.body);%0A+     if (!parsed.success) return res.status(400).json({ error: 'INVALID_PAYLOAD', details: parsed.error.flatten() });%0A+     try {%0A+       const db = req.db!;%0A+       const tenantId = req.user!.tenantId;%0A+       const p = parsed.data;%0A+       const now = new Date().toISOString();%0A+       const rows = await db.execute(sql`UPDATE trust_remediation_work_items SET status=${p.status},owner_id=COALESCE(${p.ownerId ?? null},owner_id),owner_display=COALESCE(${p.ownerDisplay ?? null},owner_display),sla_due_at=CASE WHEN ${p.slaDueAt === undefined} THEN sla_due_at ELSE ${p.slaDueAt} END,updated_at=${now},closed_at=CASE WHEN ${p.status} IN ('CLOSED','VERIFIED') THEN ${now} ELSE closed_at END WHERE id=${req.params.id} AND tenant_id=${tenantId} RETURNING *`);%0A+       const row = (rows as any).rows?.[0];%0A+       if (!row) return res.status(404).json({ error: 'REMEDIATION_NOT_FOUND' });%0A+       return res.json(row);%0A+     } catch (error) { return next(error); }%0A+   });%0A+%0A+   router.post('/verify', async (req: AuthenticatedRequest, res, next) => {%0A+     const parsed = verifySchema.safeParse(req.body);%0A+     if (!parsed.success) return res.status(400).json({ error: 'INVALID_PAYLOAD', details: parsed.error.flatten() });%0A+     try {%0A+       const db = req.db!;%0A+       const result = await verifyRemediation({ ...parsed.data, tenantId: req.user!.tenantId, actorId: req.user!.uid });%0A+       await db.execute(sql`UPDATE trust_remediation_work_items SET status='VERIFIED',updated_at=${new Date().toISOString()},closed_at=${new Date().toISOString()} WHERE tenant_id=${req.user!.tenantId} AND finding_id=${parsed.data.findingId}`);%0A+       return res.json(result);%0A+     } catch (error) { return next(error); }%0A+   });%0A+%0A+   router.get('/monitoring', async (req: AuthenticatedRequest, res, next) => {%0A+     try {%0A+       const db = req.db!;%0A+       const tenantId = req.user!.tenantId;%0A+       const passportId = typeof req.query.passportId === 'string' ? req.query.passportId : null;%0A+       const rows = passportId ? await db.execute(sql`SELECT * FROM trust_monitoring_state WHERE tenant_id=${tenantId} AND passport_id=${passportId} ORDER BY provider`) : await db.execute(sql`SELECT * FROM trust_monitoring_state WHERE tenant_id=${tenantId} ORDER BY passport_id,provider`);%0A+       const alerts = passportId ? await db.execute(sql`SELECT * FROM trust_alerts WHERE tenant_id=${tenantId} AND passport_id=${passportId} ORDER BY created_at DESC`) : await db.execute(sql`SELECT * FROM trust_alerts WHERE tenant_id=${tenantId} ORDER BY created_at DESC`);%0A+       return res.json({ monitoring: (rows as any).rows || [], alerts: (alerts as any).rows || [] });%0A+     } catch (error) { return next(error); }%0A+   });%0A+%0A+   router.get('/ledger/:passportId', async (req: AuthenticatedRequest, res, next) => {%0A+     try {%0A+       const db = req.db!;%0A+       const tenantId = req.user!.tenantId;%0A+       const passportId = req.params.passportId;%0A+       const scope = await db.execute(sql`SELECT id FROM passports WHERE id=${passportId} AND tenant_id=${tenantId} LIMIT 1`);%0A+       if (!(scope as any).rows?.length) return res.status(404).json({ error: 'PASSPORT_NOT_FOUND' });%0A+       const observations = await db.execute(sql`SELECT id,observation_version,generated_at,previous_observation_id,evidence_ids,finding_ids,canonical_payload_hash,completeness_basis_points,open_finding_count,unknown_dimension_count FROM trust_observations WHERE tenant_id=${tenantId} AND passport_id=${passportId} ORDER BY observation_version DESC`);%0A+       const evidence = await db.execute(sql`SELECT id,provider,control_id,subject,source_url,observed_at,verification_method,status,severity,evidence_hash,limitation FROM evidence_ledger WHERE tenant_id=${tenantId} AND passport_id=${passportId} ORDER BY observed_at DESC`);%0A+       const findings = await db.execute(sql`SELECT id,control_id,title,severity,status,evidence_ids,fingerprint,updated_at,resolved_at FROM trust_findings WHERE tenant_id=${tenantId} AND passport_id=${passportId} ORDER BY updated_at DESC`);%0A+       const remediation = await db.execute(sql`SELECT * FROM trust_remediation_work_items WHERE tenant_id=${tenantId} AND passport_id=${passportId} ORDER BY updated_at DESC`);%0A+       const verification = await db.execute(sql`SELECT * FROM remediation_verification_ledger WHERE tenant_id=${tenantId} AND finding_id IN (SELECT id FROM trust_findings WHERE tenant_id=${tenantId} AND passport_id=${passportId}) ORDER BY created_at DESC`);%0A+       return res.json({ observations: (observations as any).rows || [], findings: (findings as any).rows || [], evidence: (evidence as any).rows || [], remediation: (remediation as any).rows || [], verification: (verification as any).rows || [], trace: 'Report -> Passport -> Risk -> Finding -> Observation -> Provider -> Source -> Timestamp -> Hash' });%0A+     } catch (error) { return next(error); }%0A+   });%0A+%0A+   router.get('/reports/:passportId/history', async (req: AuthenticatedRequest, res, next) => {%0A+     try {%0A+       const db = req.db!;%0A+       const tenantId = req.user!.tenantId;%0A+       const passportId = req.params.passportId;%0A+       const typeFilter = typeof req.query.type === 'string' ? reportTypes.safeParse(req.query.type) : null;%0A+       if (typeFilter && !typeFilter.success) return res.status(400).json({ error: 'INVALID_REPORT_TYPE' });%0A+       const rows = typeFilter?.success%0A+         ? await db.execute(sql`SELECT id,report_type,generated_at,score,confidence_basis_points,completeness_basis_points,canonical_payload_hash FROM trust_report_snapshots WHERE tenant_id=${tenantId} AND passport_id=${passportId} AND report_type=${typeFilter.data} ORDER BY generated_at DESC LIMIT 50`)%0A+         : await db.execute(sql`SELECT id,report_type,generated_at,score,confidence_basis_points,completeness_basis_points,canonical_payload_hash FROM trust_report_snapshots WHERE tenant_id=${tenantId} AND passport_id=${passportId} ORDER BY generated_at DESC LIMIT 50`);%0A+       return res.json({ snapshots: (rows as any).rows || [] });%0A+     } catch (error) { return next(error); }%0A+   });%0A+%0A+   router.get('/reports/:passportId/history/:snapshotId', async (req: AuthenticatedRequest, res, next) => {%0A+     try {%0A+       const db = req.db!;%0A+       const tenantId = req.user!.tenantId;%0A+       const row = (await db.execute(sql`SELECT payload,canonical_payload_hash,generated_at,report_type FROM trust_report_snapshots WHERE id=${req.params.snapshotId} AND tenant_id=${tenantId} AND passport_id=${req.params.passportId} LIMIT 1`) as any).rows?.[0];%0A+       if (!row) return res.status(404).json({ error: 'REPORT_SNAPSHOT_NOT_FOUND' });%0A+       const payload = parseJson(row.payload, {});%0A+       return res.json({ ...(payload as object), reportHash: row.canonical_payload_hash });%0A+     } catch (error) { return next(error); }%0A+   });%0A+%0A+   router.get('/reports/:passportId', async (req: AuthenticatedRequest, res, next) => {%0A+     try {%0A+       const parsed = reportTypes.safeParse(req.query.type || 'executive');%0A+       if (!parsed.success) return res.status(400).json({ error: 'INVALID_REPORT_TYPE' });%0A+       const report = await buildAndPersistReport(req.db!, req.user!.tenantId, String(req.params.passportId), parsed.data);%0A+       if (!report) return res.status(404).json({ error: 'PASSPORT_NOT_FOUND' });%0A+       return res.json(report);%0A+     } catch (error) { return next(error); }%0A+   });%0A+%0A+   return router;%0A+ }%0A+%0A+ export async function buildAndPersistReport(db: any, tenantId: string, passportId: string, reportType: string) {%0A+   const passport = (await db.execute(sql`SELECT id,name,overall_score,security_score,compliance_score,verification_status,confidence_score,evidence_completeness,sbom,evidence,vulnerabilities,timeline FROM passports WHERE id=${passportId} AND tenant_id=${tenantId} LIMIT 1`) as any).rows?.[0];%0A+   if (!passport) return null;%0A+   const findings = (await db.execute(sql`SELECT id,control_id,title,severity,status,description,remediation,evidence_ids,updated_at,resolved_at FROM trust_findings WHERE tenant_id=${tenantId} AND passport_id=${passportId} ORDER BY CASE severity WHEN 'critical' THEN 1 WHEN 'high' THEN 2 WHEN 'medium' THEN 3 WHEN 'low' THEN 4 ELSE 5 END,updated_at DESC`) as any).rows || [];%0A+   const evidence = (await db.execute(sql`SELECT id,provider,control_id,subject,source_url,observed_at,verification_method,status,severity,evidence_hash,limitation FROM evidence_ledger WHERE tenant_id=${tenantId} AND passport_id=${passportId} ORDER BY observed_at DESC`) as any).rows || [];%0A+   const observations = (await db.execute(sql`SELECT id,observation_version,generated_at,previous_observation_id,evidence_ids,finding_ids,canonical_payload_hash,completeness_basis_points,confidence_basis_points,open_finding_count,unknown_dimension_count FROM trust_observations WHERE tenant_id=${tenantId} AND passport_id=${passportId} ORDER BY observation_version DESC`) as any).rows || [];%0A+   const remediation = (await db.execute(sql`SELECT * FROM trust_remediation_work_items WHERE tenant_id=${tenantId} AND passport_id=${passportId} ORDER BY updated_at DESC`) as any).rows || [];%0A+   const verification = (await db.execute(sql`SELECT * FROM remediation_verification_ledger WHERE tenant_id=${tenantId} AND finding_id IN (SELECT id FROM trust_findings WHERE tenant_id=${tenantId} AND passport_id=${passportId}) ORDER BY created_at DESC`) as any).rows || [];%0A+   const latest = observations[0];%0A+   const risk = deriveReportRiskFields(passport as ReportPassportRow);%0A+   const report = {%0A+     schemaVersion: 'spr.report.v2', reportType, generatedAt: new Date().toISOString(), passport: { id: passport.id, name: passport.name },%0A+     risk: { overall: risk.canonicalScore, security: passport.security_score, compliance: passport.compliance_score, verificationStatus: risk.verificationStatus },%0A+     evidenceQuality: { completenessBasisPoints: risk.completenessBasisPoints, confidenceBasisPoints: risk.confidenceBasisPoints, unknownDimensions: latest?.unknown_dimension_count ?? 0, latestObservationAt: latest?.generated_at ?? null },%0A+     findings, evidence, observations, remediation, verification,%0A+     traceability: 'Report -> Passport -> Risk -> Finding -> Observation -> Provider -> Source -> Timestamp -> Hash',%0A+     resolutionTraceability: 'Finding -> remediation -> new observation -> independent verification',%0A+     limitations: evidence.filter((item: any) => item.limitation).map((item: any) => ({ evidenceId: item.id, limitation: item.limitation })),%0A+     ...buildReportTypeExtras(reportType, passport, findings),%0A+   };%0A+   const canonicalPayload = JSON.stringify(report);%0A+   const reportHash = crypto.createHash('sha256').update(canonicalPayload).digest('hex');%0A+   await db.execute(sql`INSERT INTO trust_report_snapshots (id,tenant_id,passport_id,report_type,generated_at,score,confidence_basis_points,completeness_basis_points,evidence_ids,finding_ids,observation_id,canonical_payload_hash,payload,created_at) VALUES (${id('report')},${tenantId},${passportId},${reportType},${report.generatedAt},${risk.canonicalScore},${risk.confidenceBasisPoints},${risk.completenessBasisPoints},${JSON.stringify(evidence.map((item: any) => item.id))},${JSON.stringify(findings.map((item: any) => item.id))},${latest?.id ?? null},${reportHash},${canonicalPayload},${report.generatedAt}) ON CONFLICT (tenant_id,passport_id,report_type,canonical_payload_hash) DO NOTHING`);%0A+   return { ...report, reportHash };%0A+ }%0A+%0A%0A ❯ tests/clientops-remediation-queue-contract.test.ts:28:15%0A%0A

::error file=/home/runner/work/software-passport-registry/software-passport-registry/tests/clientops-remediation-queue-contract.test.ts,title=tests/clientops-remediation-queue-contract.test.ts > GET /trust-loop/remediations (list) and client scoping > populates client_id from the finding at creation time,line=32,column=22::AssertionError: expected 'import { Router } from \'express\';\n…' to contain '${finding.client_id},${p.externalSyst…'%0A%0A- Expected%0A+ Received%0A%0A- ${finding.client_id},${p.externalSystem}%0A+ import { Router } from 'express';%0A+ import { sql } from 'drizzle-orm';%0A+ import crypto from 'node:crypto';%0A+ import { z } from 'zod';%0A+ import { AuthenticatedRequest } from '../middleware/security.ts';%0A+ import { decryptCredentials } from '../integrations/credential-vault.ts';%0A+ import { collectDeepProviderEvidence } from '../integrations/deep-collectors.ts';%0A+ import { collectGitHubDeepEvidence } from '../integrations/github-deep.ts';%0A+ import { persistTrustLoop, verifyRemediation } from '../trust/trust-loop.ts';%0A+%0A+ const collectSchema = z.object({ passportId: z.string().trim().min(1).max(255), provider: z.string().trim().min(1).max(64) }).strict();%0A+ const remediationSchema = z.object({%0A+   findingId: z.string().trim().min(1),%0A+   title: z.string().trim().min(1).max(255),%0A+   description: z.string().max(4000).optional(),%0A+   assigneeId: z.string().max(255).optional(),%0A+   assigneeDisplay: z.string().max(255).optional(),%0A+   externalSystem: z.string().trim().min(1).max(64).default('SPR'),%0A+   externalTicketId: z.string().max(255).optional(),%0A+   slaDueAt: z.string().datetime().optional(),%0A+   priority: z.enum(['LOW', 'MEDIUM', 'HIGH', 'CRITICAL']).default('HIGH'),%0A+ }).strict();%0A+ const remediationUpdateSchema = z.object({ status: z.enum(['OPEN', 'IN_PROGRESS', 'BLOCKED', 'READY_FOR_VERIFICATION', 'VERIFIED', 'CLOSED', 'CANCELLED']), ownerId: z.string().max(255).optional(), ownerDisplay: z.string().max(255).optional(), slaDueAt: z.string().datetime().nullable().optional() }).strict();%0A+ const verifySchema = z.object({ findingId: z.string().trim().min(1), observationIds: z.array(z.string().min(1)).max(50), evidenceIds: z.array(z.string().min(1)).max(200) }).strict();%0A+ const reportTypes = z.enum(['executive', 'technical', 'msp', 'customer', 'compliance', 'vendor', 'auditor', 'evidence-ledger']);%0A+ function id(prefix: string) { return `${prefix}_${crypto.randomUUID().replaceAll('-', '')}`; }%0A+ function parseJson(value: unknown, fallback: unknown = []) { try { return value ? JSON.parse(String(value)) : fallback; } catch { return fallback; } }%0A+%0A+ const SEVERITY_ORDER = ['critical', 'high', 'medium', 'low'];%0A+%0A+ export type ReportPassportRow = {%0A+   overall_score: number | null;%0A+   security_score: number | null;%0A+   compliance_score: number | null;%0A+   verification_status: string | null;%0A+   confidence_score: number | null;%0A+   evidence_completeness: number | null;%0A+ };%0A+%0A+ export function deriveReportRiskFields(passport: ReportPassportRow) {%0A+   const verificationStatus = passport.verification_status || 'unverified';%0A+   const isMeasured = verificationStatus !== 'unverified';%0A+   return {%0A+     canonicalScore: isMeasured ? passport.overall_score : null,%0A+     verificationStatus,%0A+     confidenceBasisPoints: isMeasured && passport.confidence_score != null ? Math.round(passport.confidence_score * 100) : null,%0A+     completenessBasisPoints: isMeasured && passport.evidence_completeness != null ? Math.round(passport.evidence_completeness * 100) : null,%0A+   };%0A+ }%0A+%0A+ function buildReportTypeExtras(reportType: string, passport: any, findings: any[]) {%0A+   if (reportType === 'sbom') {%0A+     const components = parseJson(passport.sbom, []) as any[];%0A+     const vulnerabilities = parseJson(passport.vulnerabilities, []) as any[];%0A+     const sbom = components.map((component) => {%0A+       const name = component?.name || component?.packageName || component?.component;%0A+       const matched = vulnerabilities.filter((vuln) => (vuln?.component || vuln?.packageName || vuln?.package) === name);%0A+       return { ...component, vulnerabilityCount: matched.length, criticalOrHighCount: matched.filter((vuln) => SEVERITY_ORDER.slice(0, 2).includes(String(vuln?.severity || '').toLowerCase())).length };%0A+     });%0A+     return { sbom };%0A+   }%0A+   if (reportType === 'compliance') {%0A+     const byControl = new Map<string, { controlId: string; findingCount: number; openCount: number; worstSeverity: string; findingIds: string[] }>();%0A+     for (const finding of findings) {%0A+       const controlId = finding.control_id || 'unmapped';%0A+       const entry = byControl.get(controlId) || { controlId, findingCount: 0, openCount: 0, worstSeverity: 'low', findingIds: [] as string[] };%0A+       entry.findingCount += 1;%0A+       entry.findingIds.push(finding.id);%0A+       if (!['resolved', 'closed', 'verified'].includes(String(finding.status || '').toLowerCase())) entry.openCount += 1;%0A+       const severity = String(finding.severity || '').toLowerCase();%0A+       if (SEVERITY_ORDER.includes(severity) && SEVERITY_ORDER.indexOf(severity) < SEVERITY_ORDER.indexOf(entry.worstSeverity)) entry.worstSeverity = severity;%0A+       byControl.set(controlId, entry);%0A+     }%0A+     return { controls: [...byControl.values()] };%0A+   }%0A+   return {};%0A+ }%0A+%0A+ export function createTrustLoopRouter() {%0A+   const router = Router();%0A+%0A+   router.post('/collect', async (req: AuthenticatedRequest, res, next) => {%0A+     const parsed = collectSchema.safeParse(req.body);%0A+     if (!parsed.success) return res.status(400).json({ error: 'INVALID_PAYLOAD', details: parsed.error.flatten() });%0A+     const { passportId, provider } = parsed.data;%0A+     const tenantId = req.user!.tenantId;%0A+     const runId = id('collect');%0A+     const startedAt = new Date().toISOString();%0A+     const db = req.db!;%0A+     try {%0A+       const passport = (await db.execute(sql`SELECT id,client_id FROM passports WHERE id=${passportId} AND tenant_id=${tenantId} LIMIT 1`) as any).rows?.[0];%0A+       if (!passport) return res.status(404).json({ error: 'PASSPORT_NOT_FOUND' });%0A+       const stored = (await db.execute(sql`SELECT encrypted_payload FROM integration_credentials WHERE tenant_id=${tenantId} AND provider=${provider} LIMIT 1`) as any).rows?.[0];%0A+       if (!stored?.encrypted_payload) return res.status(409).json({ error: 'CREDENTIAL_NOT_CONFIGURED' });%0A+%0A+       await db.execute(sql`INSERT INTO trust_collection_runs (id,tenant_id,passport_id,provider,started_at,status,idempotency_key,created_at) VALUES (${runId},${tenantId},${passportId},${provider},${startedAt},'RUNNING',${`${tenantId}:${passportId}:${provider}:${startedAt}`},${startedAt})`);%0A+       const credentials = decryptCredentials(stored.encrypted_payload) as Record<string, string>;%0A+       const observations = provider === 'github' ? await collectGitHubDeepEvidence(credentials) : await collectDeepProviderEvidence(provider as any, credentials);%0A+       const result = await persistTrustLoop({ tenantId, passportId, clientId: passport.client_id || passport.id, assetId: passport.id, observations, generationReason: 'provider_collection', actorType: 'worker', collectorVersionMap: { [provider]: 'deep-v2' } });%0A+       const completedAt = new Date().toISOString();%0A+       await db.execute(sql`UPDATE trust_collection_runs SET completed_at=${completedAt},status='SUCCEEDED',observation_count=${observations.length},evidence_count=${result.evidenceIds.length},failure_count=${observations.filter((o) => o.status === 'FAIL').length},collector_version='deep-v2' WHERE id=${runId} AND tenant_id=${tenantId}`);%0A+       await db.execute(sql`INSERT INTO trust_monitoring_state (id,tenant_id,passport_id,provider,next_run_at,last_run_at,last_success_at,last_evidence_hash,consecutive_failures,status,updated_at) VALUES (${id('monitor')},${tenantId},${passportId},${provider},${new Date(Date.now()+3600000).toISOString()},${completedAt},${completedAt},${result.payloadHash},0,'HEALTHY',${completedAt}) ON CONFLICT (tenant_id,passport_id,provider) DO UPDATE SET next_run_at=EXCLUDED.next_run_at,last_run_at=EXCLUDED.last_run_at,last_success_at=EXCLUDED.last_success_at,last_evidence_hash=EXCLUDED.last_evidence_hash,consecutive_failures=0,status='HEALTHY',updated_at=EXCLUDED.updated_at`);%0A+       return res.json({ runId, provider, observationCount: observations.length, ...result });%0A+     } catch (error) {%0A+       const completedAt = new Date().toISOString();%0A+       await db.execute(sql`UPDATE trust_collection_runs SET completed_at=${completedAt},status='FAILED',error_code='COLLECTION_FAILED',error_message=${error instanceof Error ? error.message.slice(0,1000) : 'COLLECTION_FAILED'} WHERE id=${runId} AND tenant_id=${tenantId}`).catch(() => undefined);%0A+       await db.execute(sql`UPDATE trust_monitoring_state SET last_run_at=${completedAt},last_failure_at=${completedAt},consecutive_failures=consecutive_failures+1,status=CASE WHEN consecutive_failures+1 >= 5 THEN 'FAILED' ELSE 'DEGRADED' END,updated_at=${completedAt} WHERE tenant_id=${tenantId} AND passport_id=${passportId} AND provider=${provider}`).catch(() => undefined);%0A+       return next(error);%0A+     }%0A+   });%0A+%0A+   const findingsWithRemediationSelect = sql`%0A+     SELECT f.*, r.id AS remediation_id, r.status AS remediation_status, r.owner_id AS remediation_owner_id,%0A+            r.owner_display AS remediation_owner_display, r.sla_due_at AS remediation_sla_due_at, r.updated_at AS remediation_updated_at%0A+     FROM trust_findings f%0A+     LEFT JOIN LATERAL (%0A+       SELECT * FROM trust_remediation_work_items w%0A+       WHERE w.tenant_id = f.tenant_id AND w.finding_id = f.id%0A+       ORDER BY w.created_at DESC LIMIT 1%0A+     ) r ON true%0A+   `;%0A+   router.get('/findings', async (req: AuthenticatedRequest, res, next) => {%0A+     try {%0A+       const db = req.db!;%0A+       const tenantId = req.user!.tenantId;%0A+       const passportId = typeof req.query.passportId === 'string' ? req.query.passportId : null;%0A+       const rows = passportId%0A+         ? await db.execute(sql`${findingsWithRemediationSelect} WHERE f.tenant_id=${tenantId} AND f.passport_id=${passportId} ORDER BY CASE f.severity WHEN 'critical' THEN 1 WHEN 'high' THEN 2 WHEN 'medium' THEN 3 WHEN 'low' THEN 4 ELSE 5 END,f.updated_at DESC`)%0A+         : await db.execute(sql`${findingsWithRemediationSelect} WHERE f.tenant_id=${tenantId} ORDER BY f.updated_at DESC`);%0A+       return res.json({ findings: (rows as any).rows || [] });%0A+     } catch (error) { return next(error); }%0A+   });%0A+%0A+   router.post('/remediations', async (req: AuthenticatedRequest, res, next) => {%0A+     const parsed = remediationSchema.safeParse(req.body);%0A+     if (!parsed.success) return res.status(400).json({ error: 'INVALID_PAYLOAD', details: parsed.error.flatten() });%0A+     try {%0A+       const db = req.db!;%0A+       const p = parsed.data;%0A+       const tenantId = req.user!.tenantId;%0A+       const finding = (await db.execute(sql`SELECT id,client_id,passport_id,title,description FROM trust_findings WHERE id=${p.findingId} AND tenant_id=${tenantId} LIMIT 1`) as any).rows?.[0];%0A+       if (!finding) return res.status(404).json({ error: 'FINDING_NOT_FOUND' });%0A+       const now = new Date().toISOString();%0A+       const workId = id('remed');%0A+       await db.execute(sql`INSERT INTO trust_remediation_work_items (id,tenant_id,passport_id,finding_id,external_system,external_ticket_id,owner_id,owner_display,sla_due_at,status,remediation_plan,created_at,updated_at) VALUES (${workId},${tenantId},${finding.passport_id},${finding.id},${p.externalSystem},${p.externalTicketId ?? null},${p.assigneeId ?? null},${p.assigneeDisplay ?? null},${p.slaDueAt ?? null},'OPEN',${p.description || finding.description},${now},${now})`);%0A+       await db.execute(sql`INSERT INTO remediation_tasks (id,tenant_id,client_id,alert_id,title,description,priority,status,assignee_id,created_by,created_at,updated_at) VALUES (${workId},${tenantId},${finding.client_id},${finding.id},${p.title},${p.description || finding.description},${p.priority},'OPEN',${p.assigneeId ?? null},${req.user!.uid},${now},${now})`);%0A+       const created = (await db.execute(sql`SELECT * FROM trust_remediation_work_items WHERE id=${workId} AND tenant_id=${tenantId} LIMIT 1`) as any).rows?.[0];%0A+       return res.status(201).json({ ...created, title: p.title });%0A+     } catch (error) { return next(error); }%0A+   });%0A+%0A+   router.get('/remediations/:id', async (req: AuthenticatedRequest, res, next) => {%0A+     try {%0A+       const db = req.db!;%0A+       const tenantId = req.user!.tenantId;%0A+       const row = (await db.execute(sql`SELECT w.*, f.title AS finding_title FROM trust_remediation_work_items w JOIN trust_findings f ON f.id = w.finding_id AND f.tenant_id = w.tenant_id WHERE w.id=${req.params.id} AND w.tenant_id=${tenantId} LIMIT 1`) as any).rows?.[0];%0A+       if (!row) return res.status(404).json({ error: 'REMEDIATION_NOT_FOUND' });%0A+       return res.json({ ...row, title: row.finding_title });%0A+     } catch (error) { return next(error); }%0A+   });%0A+%0A+   router.post('/remediations/:id/verify-latest', async (req: AuthenticatedRequest, res, next) => {%0A+     try {%0A+       const db = req.db!;%0A+       const tenantId = req.user!.tenantId;%0A+       const work = (await db.execute(sql`SELECT id,finding_id,passport_id FROM trust_remediation_work_items WHERE id=${req.params.id} AND tenant_id=${tenantId} LIMIT 1`) as any).rows?.[0];%0A+       if (!work) return res.status(404).json({ error: 'REMEDIATION_NOT_FOUND' });%0A+       const latestObservation = (await db.execute(sql`SELECT id,evidence_ids FROM trust_observations WHERE tenant_id=${tenantId} AND passport_id=${work.passport_id} ORDER BY observation_version DESC LIMIT 1`) as any).rows?.[0];%0A+       if (!latestObservation) return res.status(409).json({ error: 'NO_OBSERVATION_ON_FILE', message: 'SPR has no recorded observation for this software yet. Collect evidence before verifying.' });%0A+       const evidenceIds: string[] = parseJson(latestObservation.evidence_ids, []) as string[];%0A+       const result = await verifyRemediation({ tenantId, findingId: work.finding_id, observationIds: [latestObservation.id], evidenceIds, actorId: req.user!.uid });%0A+       const now = new Date().toISOString();%0A+       await db.execute(sql`UPDATE trust_remediation_work_items SET status='VERIFIED',updated_at=${now},closed_at=${now} WHERE id=${work.id} AND tenant_id=${tenantId}`);%0A+       const row = (await db.execute(sql`SELECT * FROM trust_remediation_work_items WHERE id=${work.id} AND tenant_id=${tenantId} LIMIT 1`) as any).rows?.[0];%0A+       return res.json({ ...row, verification: result });%0A+     } catch (error: any) {%0A+       const message = error instanceof Error ? error.message : String(error);%0A+       if (/^VERIFICATION_|^FINDING_NOT_FOUND$/.test(message)) return res.status(409).json({ error: message });%0A+       return next(error);%0A+     }%0A+   });%0A+%0A+   router.patch('/remediations/:id', async (req: AuthenticatedRequest, res, next) => {%0A+     const parsed = remediationUpdateSchema.safeParse(req.body);%0A+     if (!parsed.success) return res.status(400).json({ error: 'INVALID_PAYLOAD', details: parsed.error.flatten() });%0A+     try {%0A+       const db = req.db!;%0A+       const tenantId = req.user!.tenantId;%0A+       const p = parsed.data;%0A+       const now = new Date().toISOString();%0A+       const rows = await db.execute(sql`UPDATE trust_remediation_work_items SET status=${p.status},owner_id=COALESCE(${p.ownerId ?? null},owner_id),owner_display=COALESCE(${p.ownerDisplay ?? null},owner_display),sla_due_at=CASE WHEN ${p.slaDueAt === undefined} THEN sla_due_at ELSE ${p.slaDueAt} END,updated_at=${now},closed_at=CASE WHEN ${p.status} IN ('CLOSED','VERIFIED') THEN ${now} ELSE closed_at END WHERE id=${req.params.id} AND tenant_id=${tenantId} RETURNING *`);%0A+       const row = (rows as any).rows?.[0];%0A+       if (!row) return res.status(404).json({ error: 'REMEDIATION_NOT_FOUND' });%0A+       return res.json(row);%0A+     } catch (error) { return next(error); }%0A+   });%0A+%0A+   router.post('/verify', async (req: AuthenticatedRequest, res, next) => {%0A+     const parsed = verifySchema.safeParse(req.body);%0A+     if (!parsed.success) return res.status(400).json({ error: 'INVALID_PAYLOAD', details: parsed.error.flatten() });%0A+     try {%0A+       const db = req.db!;%0A+       const result = await verifyRemediation({ ...parsed.data, tenantId: req.user!.tenantId, actorId: req.user!.uid });%0A+       await db.execute(sql`UPDATE trust_remediation_work_items SET status='VERIFIED',updated_at=${new Date().toISOString()},closed_at=${new Date().toISOString()} WHERE tenant_id=${req.user!.tenantId} AND finding_id=${parsed.data.findingId}`);%0A+       return res.json(result);%0A+     } catch (error) { return next(error); }%0A+   });%0A+%0A+   router.get('/monitoring', async (req: AuthenticatedRequest, res, next) => {%0A+     try {%0A+       const db = req.db!;%0A+       const tenantId = req.user!.tenantId;%0A+       const passportId = typeof req.query.passportId === 'string' ? req.query.passportId : null;%0A+       const rows = passportId ? await db.execute(sql`SELECT * FROM trust_monitoring_state WHERE tenant_id=${tenantId} AND passport_id=${passportId} ORDER BY provider`) : await db.execute(sql`SELECT * FROM trust_monitoring_state WHERE tenant_id=${tenantId} ORDER BY passport_id,provider`);%0A+       const alerts = passportId ? await db.execute(sql`SELECT * FROM trust_alerts WHERE tenant_id=${tenantId} AND passport_id=${passportId} ORDER BY created_at DESC`) : await db.execute(sql`SELECT * FROM trust_alerts WHERE tenant_id=${tenantId} ORDER BY created_at DESC`);%0A+       return res.json({ monitoring: (rows as any).rows || [], alerts: (alerts as any).rows || [] });%0A+     } catch (error) { return next(error); }%0A+   });%0A+%0A+   router.get('/ledger/:passportId', async (req: AuthenticatedRequest, res, next) => {%0A+     try {%0A+       const db = req.db!;%0A+       const tenantId = req.user!.tenantId;%0A+       const passportId = req.params.passportId;%0A+       const scope = await db.execute(sql`SELECT id FROM passports WHERE id=${passportId} AND tenant_id=${tenantId} LIMIT 1`);%0A+       if (!(scope as any).rows?.length) return res.status(404).json({ error: 'PASSPORT_NOT_FOUND' });%0A+       const observations = await db.execute(sql`SELECT id,observation_version,generated_at,previous_observation_id,evidence_ids,finding_ids,canonical_payload_hash,completeness_basis_points,open_finding_count,unknown_dimension_count FROM trust_observations WHERE tenant_id=${tenantId} AND passport_id=${passportId} ORDER BY observation_version DESC`);%0A+       const evidence = await db.execute(sql`SELECT id,provider,control_id,subject,source_url,observed_at,verification_method,status,severity,evidence_hash,limitation FROM evidence_ledger WHERE tenant_id=${tenantId} AND passport_id=${passportId} ORDER BY observed_at DESC`);%0A+       const findings = await db.execute(sql`SELECT id,control_id,title,severity,status,evidence_ids,fingerprint,updated_at,resolved_at FROM trust_findings WHERE tenant_id=${tenantId} AND passport_id=${passportId} ORDER BY updated_at DESC`);%0A+       const remediation = await db.execute(sql`SELECT * FROM trust_remediation_work_items WHERE tenant_id=${tenantId} AND passport_id=${passportId} ORDER BY updated_at DESC`);%0A+       const verification = await db.execute(sql`SELECT * FROM remediation_verification_ledger WHERE tenant_id=${tenantId} AND finding_id IN (SELECT id FROM trust_findings WHERE tenant_id=${tenantId} AND passport_id=${passportId}) ORDER BY created_at DESC`);%0A+       return res.json({ observations: (observations as any).rows || [], findings: (findings as any).rows || [], evidence: (evidence as any).rows || [], remediation: (remediation as any).rows || [], verification: (verification as any).rows || [], trace: 'Report -> Passport -> Risk -> Finding -> Observation -> Provider -> Source -> Timestamp -> Hash' });%0A+     } catch (error) { return next(error); }%0A+   });%0A+%0A+   router.get('/reports/:passportId/history', async (req: AuthenticatedRequest, res, next) => {%0A+     try {%0A+       const db = req.db!;%0A+       const tenantId = req.user!.tenantId;%0A+       const passportId = req.params.passportId;%0A+       const typeFilter = typeof req.query.type === 'string' ? reportTypes.safeParse(req.query.type) : null;%0A+       if (typeFilter && !typeFilter.success) return res.status(400).json({ error: 'INVALID_REPORT_TYPE' });%0A+       const rows = typeFilter?.success%0A+         ? await db.execute(sql`SELECT id,report_type,generated_at,score,confidence_basis_points,completeness_basis_points,canonical_payload_hash FROM trust_report_snapshots WHERE tenant_id=${tenantId} AND passport_id=${passportId} AND report_type=${typeFilter.data} ORDER BY generated_at DESC LIMIT 50`)%0A+         : await db.execute(sql`SELECT id,report_type,generated_at,score,confidence_basis_points,completeness_basis_points,canonical_payload_hash FROM trust_report_snapshots WHERE tenant_id=${tenantId} AND passport_id=${passportId} ORDER BY generated_at DESC LIMIT 50`);%0A+       return res.json({ snapshots: (rows as any).rows || [] });%0A+     } catch (error) { return next(error); }%0A+   });%0A+%0A+   router.get('/reports/:passportId/history/:snapshotId', async (req: AuthenticatedRequest, res, next) => {%0A+     try {%0A+       const db = req.db!;%0A+       const tenantId = req.user!.tenantId;%0A+       const row = (await db.execute(sql`SELECT payload,canonical_payload_hash,generated_at,report_type FROM trust_report_snapshots WHERE id=${req.params.snapshotId} AND tenant_id=${tenantId} AND passport_id=${req.params.passportId} LIMIT 1`) as any).rows?.[0];%0A+       if (!row) return res.status(404).json({ error: 'REPORT_SNAPSHOT_NOT_FOUND' });%0A+       const payload = parseJson(row.payload, {});%0A+       return res.json({ ...(payload as object), reportHash: row.canonical_payload_hash });%0A+     } catch (error) { return next(error); }%0A+   });%0A+%0A+   router.get('/reports/:passportId', async (req: AuthenticatedRequest, res, next) => {%0A+     try {%0A+       const parsed = reportTypes.safeParse(req.query.type || 'executive');%0A+       if (!parsed.success) return res.status(400).json({ error: 'INVALID_REPORT_TYPE' });%0A+       const report = await buildAndPersistReport(req.db!, req.user!.tenantId, String(req.params.passportId), parsed.data);%0A+       if (!report) return res.status(404).json({ error: 'PASSPORT_NOT_FOUND' });%0A+       return res.json(report);%0A+     } catch (error) { return next(error); }%0A+   });%0A+%0A+   return router;%0A+ }%0A+%0A+ export async function buildAndPersistReport(db: any, tenantId: string, passportId: string, reportType: string) {%0A+   const passport = (await db.execute(sql`SELECT id,name,overall_score,security_score,compliance_score,verification_status,confidence_score,evidence_completeness,sbom,evidence,vulnerabilities,timeline FROM passports WHERE id=${passportId} AND tenant_id=${tenantId} LIMIT 1`) as any).rows?.[0];%0A+   if (!passport) return null;%0A+   const findings = (await db.execute(sql`SELECT id,control_id,title,severity,status,description,remediation,evidence_ids,updated_at,resolved_at FROM trust_findings WHERE tenant_id=${tenantId} AND passport_id=${passportId} ORDER BY CASE severity WHEN 'critical' THEN 1 WHEN 'high' THEN 2 WHEN 'medium' THEN 3 WHEN 'low' THEN 4 ELSE 5 END,updated_at DESC`) as any).rows || [];%0A+   const evidence = (await db.execute(sql`SELECT id,provider,control_id,subject,source_url,observed_at,verification_method,status,severity,evidence_hash,limitation FROM evidence_ledger WHERE tenant_id=${tenantId} AND passport_id=${passportId} ORDER BY observed_at DESC`) as any).rows || [];%0A+   const observations = (await db.execute(sql`SELECT id,observation_version,generated_at,previous_observation_id,evidence_ids,finding_ids,canonical_payload_hash,completeness_basis_points,confidence_basis_points,open_finding_count,unknown_dimension_count FROM trust_observations WHERE tenant_id=${tenantId} AND passport_id=${passportId} ORDER BY observation_version DESC`) as any).rows || [];%0A+   const remediation = (await db.execute(sql`SELECT * FROM trust_remediation_work_items WHERE tenant_id=${tenantId} AND passport_id=${passportId} ORDER BY updated_at DESC`) as any).rows || [];%0A+   const verification = (await db.execute(sql`SELECT * FROM remediation_verification_ledger WHERE tenant_id=${tenantId} AND finding_id IN (SELECT id FROM trust_findings WHERE tenant_id=${tenantId} AND passport_id=${passportId}) ORDER BY created_at DESC`) as any).rows || [];%0A+   const latest = observations[0];%0A+   const risk = deriveReportRiskFields(passport as ReportPassportRow);%0A+   const report = {%0A+     schemaVersion: 'spr.report.v2', reportType, generatedAt: new Date().toISOString(), passport: { id: passport.id, name: passport.name },%0A+     risk: { overall: risk.canonicalScore, security: passport.security_score, compliance: passport.compliance_score, verificationStatus: risk.verificationStatus },%0A+     evidenceQuality: { completenessBasisPoints: risk.completenessBasisPoints, confidenceBasisPoints: risk.confidenceBasisPoints, unknownDimensions: latest?.unknown_dimension_count ?? 0, latestObservationAt: latest?.generated_at ?? null },%0A+     findings, evidence, observations, remediation, verification,%0A+     traceability: 'Report -> Passport -> Risk -> Finding -> Observation -> Provider -> Source -> Timestamp -> Hash',%0A+     resolutionTraceability: 'Finding -> remediation -> new observation -> independent verification',%0A+     limitations: evidence.filter((item: any) => item.limitation).map((item: any) => ({ evidenceId: item.id, limitation: item.limitation })),%0A+     ...buildReportTypeExtras(reportType, passport, findings),%0A+   };%0A+   const canonicalPayload = JSON.stringify(report);%0A+   const reportHash = crypto.createHash('sha256').update(canonicalPayload).digest('hex');%0A+   await db.execute(sql`INSERT INTO trust_report_snapshots (id,tenant_id,passport_id,report_type,generated_at,score,confidence_basis_points,completeness_basis_points,evidence_ids,finding_ids,observation_id,canonical_payload_hash,payload,created_at) VALUES (${id('report')},${tenantId},${passportId},${reportType},${report.generatedAt},${risk.canonicalScore},${risk.confidenceBasisPoints},${risk.completenessBasisPoints},${JSON.stringify(evidence.map((item: any) => item.id))},${JSON.stringify(findings.map((item: any) => item.id))},${latest?.id ?? null},${reportHash},${canonicalPayload},${report.generatedAt}) ON CONFLICT (tenant_id,passport_id,report_type,canonical_payload_hash) DO NOTHING`);%0A+   return { ...report, reportHash };%0A+ }%0A+%0A%0A ❯ tests/clientops-remediation-queue-contract.test.ts:32:22%0A%0A

::error file=/home/runner/work/software-passport-registry/software-passport-registry/tests/clientops-remediation-queue-contract.test.ts,title=tests/clientops-remediation-queue-contract.test.ts > GET /trust-loop/remediations (list) and client scoping > notes require the caller to already have access to the remediation (tenant + client scope)%2C before insert,line=36,column=15::AssertionError: expected 'import { Router } from \'express\';\n…' to contain 'router.post(\'/remediations/:id/notes…'%0A%0A- Expected%0A+ Received%0A%0A- router.post('/remediations/:id/notes'%0A+ import { Router } from 'express';%0A+ import { sql } from 'drizzle-orm';%0A+ import crypto from 'node:crypto';%0A+ import { z } from 'zod';%0A+ import { AuthenticatedRequest } from '../middleware/security.ts';%0A+ import { decryptCredentials } from '../integrations/credential-vault.ts';%0A+ import { collectDeepProviderEvidence } from '../integrations/deep-collectors.ts';%0A+ import { collectGitHubDeepEvidence } from '../integrations/github-deep.ts';%0A+ import { persistTrustLoop, verifyRemediation } from '../trust/trust-loop.ts';%0A+%0A+ const collectSchema = z.object({ passportId: z.string().trim().min(1).max(255), provider: z.string().trim().min(1).max(64) }).strict();%0A+ const remediationSchema = z.object({%0A+   findingId: z.string().trim().min(1),%0A+   title: z.string().trim().min(1).max(255),%0A+   description: z.string().max(4000).optional(),%0A+   assigneeId: z.string().max(255).optional(),%0A+   assigneeDisplay: z.string().max(255).optional(),%0A+   externalSystem: z.string().trim().min(1).max(64).default('SPR'),%0A+   externalTicketId: z.string().max(255).optional(),%0A+   slaDueAt: z.string().datetime().optional(),%0A+   priority: z.enum(['LOW', 'MEDIUM', 'HIGH', 'CRITICAL']).default('HIGH'),%0A+ }).strict();%0A+ const remediationUpdateSchema = z.object({ status: z.enum(['OPEN', 'IN_PROGRESS', 'BLOCKED', 'READY_FOR_VERIFICATION', 'VERIFIED', 'CLOSED', 'CANCELLED']), ownerId: z.string().max(255).optional(), ownerDisplay: z.string().max(255).optional(), slaDueAt: z.string().datetime().nullable().optional() }).strict();%0A+ const verifySchema = z.object({ findingId: z.string().trim().min(1), observationIds: z.array(z.string().min(1)).max(50), evidenceIds: z.array(z.string().min(1)).max(200) }).strict();%0A+ const reportTypes = z.enum(['executive', 'technical', 'msp', 'customer', 'compliance', 'vendor', 'auditor', 'evidence-ledger']);%0A+ function id(prefix: string) { return `${prefix}_${crypto.randomUUID().replaceAll('-', '')}`; }%0A+ function parseJson(value: unknown, fallback: unknown = []) { try { return value ? JSON.parse(String(value)) : fallback; } catch { return fallback; } }%0A+%0A+ const SEVERITY_ORDER = ['critical', 'high', 'medium', 'low'];%0A+%0A+ export type ReportPassportRow = {%0A+   overall_score: number | null;%0A+   security_score: number | null;%0A+   compliance_score: number | null;%0A+   verification_status: string | null;%0A+   confidence_score: number | null;%0A+   evidence_completeness: number | null;%0A+ };%0A+%0A+ export function deriveReportRiskFields(passport: ReportPassportRow) {%0A+   const verificationStatus = passport.verification_status || 'unverified';%0A+   const isMeasured = verificationStatus !== 'unverified';%0A+   return {%0A+     canonicalScore: isMeasured ? passport.overall_score : null,%0A+     verificationStatus,%0A+     confidenceBasisPoints: isMeasured && passport.confidence_score != null ? Math.round(passport.confidence_score * 100) : null,%0A+     completenessBasisPoints: isMeasured && passport.evidence_completeness != null ? Math.round(passport.evidence_completeness * 100) : null,%0A+   };%0A+ }%0A+%0A+ function buildReportTypeExtras(reportType: string, passport: any, findings: any[]) {%0A+   if (reportType === 'sbom') {%0A+     const components = parseJson(passport.sbom, []) as any[];%0A+     const vulnerabilities = parseJson(passport.vulnerabilities, []) as any[];%0A+     const sbom = components.map((component) => {%0A+       const name = component?.name || component?.packageName || component?.component;%0A+       const matched = vulnerabilities.filter((vuln) => (vuln?.component || vuln?.packageName || vuln?.package) === name);%0A+       return { ...component, vulnerabilityCount: matched.length, criticalOrHighCount: matched.filter((vuln) => SEVERITY_ORDER.slice(0, 2).includes(String(vuln?.severity || '').toLowerCase())).length };%0A+     });%0A+     return { sbom };%0A+   }%0A+   if (reportType === 'compliance') {%0A+     const byControl = new Map<string, { controlId: string; findingCount: number; openCount: number; worstSeverity: string; findingIds: string[] }>();%0A+     for (const finding of findings) {%0A+       const controlId = finding.control_id || 'unmapped';%0A+       const entry = byControl.get(controlId) || { controlId, findingCount: 0, openCount: 0, worstSeverity: 'low', findingIds: [] as string[] };%0A+       entry.findingCount += 1;%0A+       entry.findingIds.push(finding.id);%0A+       if (!['resolved', 'closed', 'verified'].includes(String(finding.status || '').toLowerCase())) entry.openCount += 1;%0A+       const severity = String(finding.severity || '').toLowerCase();%0A+       if (SEVERITY_ORDER.includes(severity) && SEVERITY_ORDER.indexOf(severity) < SEVERITY_ORDER.indexOf(entry.worstSeverity)) entry.worstSeverity = severity;%0A+       byControl.set(controlId, entry);%0A+     }%0A+     return { controls: [...byControl.values()] };%0A+   }%0A+   return {};%0A+ }%0A+%0A+ export function createTrustLoopRouter() {%0A+   const router = Router();%0A+%0A+   router.post('/collect', async (req: AuthenticatedRequest, res, next) => {%0A+     const parsed = collectSchema.safeParse(req.body);%0A+     if (!parsed.success) return res.status(400).json({ error: 'INVALID_PAYLOAD', details: parsed.error.flatten() });%0A+     const { passportId, provider } = parsed.data;%0A+     const tenantId = req.user!.tenantId;%0A+     const runId = id('collect');%0A+     const startedAt = new Date().toISOString();%0A+     const db = req.db!;%0A+     try {%0A+       const passport = (await db.execute(sql`SELECT id,client_id FROM passports WHERE id=${passportId} AND tenant_id=${tenantId} LIMIT 1`) as any).rows?.[0];%0A+       if (!passport) return res.status(404).json({ error: 'PASSPORT_NOT_FOUND' });%0A+       const stored = (await db.execute(sql`SELECT encrypted_payload FROM integration_credentials WHERE tenant_id=${tenantId} AND provider=${provider} LIMIT 1`) as any).rows?.[0];%0A+       if (!stored?.encrypted_payload) return res.status(409).json({ error: 'CREDENTIAL_NOT_CONFIGURED' });%0A+%0A+       await db.execute(sql`INSERT INTO trust_collection_runs (id,tenant_id,passport_id,provider,started_at,status,idempotency_key,created_at) VALUES (${runId},${tenantId},${passportId},${provider},${startedAt},'RUNNING',${`${tenantId}:${passportId}:${provider}:${startedAt}`},${startedAt})`);%0A+       const credentials = decryptCredentials(stored.encrypted_payload) as Record<string, string>;%0A+       const observations = provider === 'github' ? await collectGitHubDeepEvidence(credentials) : await collectDeepProviderEvidence(provider as any, credentials);%0A+       const result = await persistTrustLoop({ tenantId, passportId, clientId: passport.client_id || passport.id, assetId: passport.id, observations, generationReason: 'provider_collection', actorType: 'worker', collectorVersionMap: { [provider]: 'deep-v2' } });%0A+       const completedAt = new Date().toISOString();%0A+       await db.execute(sql`UPDATE trust_collection_runs SET completed_at=${completedAt},status='SUCCEEDED',observation_count=${observations.length},evidence_count=${result.evidenceIds.length},failure_count=${observations.filter((o) => o.status === 'FAIL').length},collector_version='deep-v2' WHERE id=${runId} AND tenant_id=${tenantId}`);%0A+       await db.execute(sql`INSERT INTO trust_monitoring_state (id,tenant_id,passport_id,provider,next_run_at,last_run_at,last_success_at,last_evidence_hash,consecutive_failures,status,updated_at) VALUES (${id('monitor')},${tenantId},${passportId},${provider},${new Date(Date.now()+3600000).toISOString()},${completedAt},${completedAt},${result.payloadHash},0,'HEALTHY',${completedAt}) ON CONFLICT (tenant_id,passport_id,provider) DO UPDATE SET next_run_at=EXCLUDED.next_run_at,last_run_at=EXCLUDED.last_run_at,last_success_at=EXCLUDED.last_success_at,last_evidence_hash=EXCLUDED.last_evidence_hash,consecutive_failures=0,status='HEALTHY',updated_at=EXCLUDED.updated_at`);%0A+       return res.json({ runId, provider, observationCount: observations.length, ...result });%0A+     } catch (error) {%0A+       const completedAt = new Date().toISOString();%0A+       await db.execute(sql`UPDATE trust_collection_runs SET completed_at=${completedAt},status='FAILED',error_code='COLLECTION_FAILED',error_message=${error instanceof Error ? error.message.slice(0,1000) : 'COLLECTION_FAILED'} WHERE id=${runId} AND tenant_id=${tenantId}`).catch(() => undefined);%0A+       await db.execute(sql`UPDATE trust_monitoring_state SET last_run_at=${completedAt},last_failure_at=${completedAt},consecutive_failures=consecutive_failures+1,status=CASE WHEN consecutive_failures+1 >= 5 THEN 'FAILED' ELSE 'DEGRADED' END,updated_at=${completedAt} WHERE tenant_id=${tenantId} AND passport_id=${passportId} AND provider=${provider}`).catch(() => undefined);%0A+       return next(error);%0A+     }%0A+   });%0A+%0A+   const findingsWithRemediationSelect = sql`%0A+     SELECT f.*, r.id AS remediation_id, r.status AS remediation_status, r.owner_id AS remediation_owner_id,%0A+            r.owner_display AS remediation_owner_display, r.sla_due_at AS remediation_sla_due_at, r.updated_at AS remediation_updated_at%0A+     FROM trust_findings f%0A+     LEFT JOIN LATERAL (%0A+       SELECT * FROM trust_remediation_work_items w%0A+       WHERE w.tenant_id = f.tenant_id AND w.finding_id = f.id%0A+       ORDER BY w.created_at DESC LIMIT 1%0A+     ) r ON true%0A+   `;%0A+   router.get('/findings', async (req: AuthenticatedRequest, res, next) => {%0A+     try {%0A+       const db = req.db!;%0A+       const tenantId = req.user!.tenantId;%0A+       const passportId = typeof req.query.passportId === 'string' ? req.query.passportId : null;%0A+       const rows = passportId%0A+         ? await db.execute(sql`${findingsWithRemediationSelect} WHERE f.tenant_id=${tenantId} AND f.passport_id=${passportId} ORDER BY CASE f.severity WHEN 'critical' THEN 1 WHEN 'high' THEN 2 WHEN 'medium' THEN 3 WHEN 'low' THEN 4 ELSE 5 END,f.updated_at DESC`)%0A+         : await db.execute(sql`${findingsWithRemediationSelect} WHERE f.tenant_id=${tenantId} ORDER BY f.updated_at DESC`);%0A+       return res.json({ findings: (rows as any).rows || [] });%0A+     } catch (error) { return next(error); }%0A+   });%0A+%0A+   router.post('/remediations', async (req: AuthenticatedRequest, res, next) => {%0A+     const parsed = remediationSchema.safeParse(req.body);%0A+     if (!parsed.success) return res.status(400).json({ error: 'INVALID_PAYLOAD', details: parsed.error.flatten() });%0A+     try {%0A+       const db = req.db!;%0A+       const p = parsed.data;%0A+       const tenantId = req.user!.tenantId;%0A+       const finding = (await db.execute(sql`SELECT id,client_id,passport_id,title,description FROM trust_findings WHERE id=${p.findingId} AND tenant_id=${tenantId} LIMIT 1`) as any).rows?.[0];%0A+       if (!finding) return res.status(404).json({ error: 'FINDING_NOT_FOUND' });%0A+       const now = new Date().toISOString();%0A+       const workId = id('remed');%0A+       await db.execute(sql`INSERT INTO trust_remediation_work_items (id,tenant_id,passport_id,finding_id,external_system,external_ticket_id,owner_id,owner_display,sla_due_at,status,remediation_plan,created_at,updated_at) VALUES (${workId},${tenantId},${finding.passport_id},${finding.id},${p.externalSystem},${p.externalTicketId ?? null},${p.assigneeId ?? null},${p.assigneeDisplay ?? null},${p.slaDueAt ?? null},'OPEN',${p.description || finding.description},${now},${now})`);%0A+       await db.execute(sql`INSERT INTO remediation_tasks (id,tenant_id,client_id,alert_id,title,description,priority,status,assignee_id,created_by,created_at,updated_at) VALUES (${workId},${tenantId},${finding.client_id},${finding.id},${p.title},${p.description || finding.description},${p.priority},'OPEN',${p.assigneeId ?? null},${req.user!.uid},${now},${now})`);%0A+       const created = (await db.execute(sql`SELECT * FROM trust_remediation_work_items WHERE id=${workId} AND tenant_id=${tenantId} LIMIT 1`) as any).rows?.[0];%0A+       return res.status(201).json({ ...created, title: p.title });%0A+     } catch (error) { return next(error); }%0A+   });%0A+%0A+   router.get('/remediations/:id', async (req: AuthenticatedRequest, res, next) => {%0A+     try {%0A+       const db = req.db!;%0A+       const tenantId = req.user!.tenantId;%0A+       const row = (await db.execute(sql`SELECT w.*, f.title AS finding_title FROM trust_remediation_work_items w JOIN trust_findings f ON f.id = w.finding_id AND f.tenant_id = w.tenant_id WHERE w.id=${req.params.id} AND w.tenant_id=${tenantId} LIMIT 1`) as any).rows?.[0];%0A+       if (!row) return res.status(404).json({ error: 'REMEDIATION_NOT_FOUND' });%0A+       return res.json({ ...row, title: row.finding_title });%0A+     } catch (error) { return next(error); }%0A+   });%0A+%0A+   router.post('/remediations/:id/verify-latest', async (req: AuthenticatedRequest, res, next) => {%0A+     try {%0A+       const db = req.db!;%0A+       const tenantId = req.user!.tenantId;%0A+       const work = (await db.execute(sql`SELECT id,finding_id,passport_id FROM trust_remediation_work_items WHERE id=${req.params.id} AND tenant_id=${tenantId} LIMIT 1`) as any).rows?.[0];%0A+       if (!work) return res.status(404).json({ error: 'REMEDIATION_NOT_FOUND' });%0A+       const latestObservation = (await db.execute(sql`SELECT id,evidence_ids FROM trust_observations WHERE tenant_id=${tenantId} AND passport_id=${work.passport_id} ORDER BY observation_version DESC LIMIT 1`) as any).rows?.[0];%0A+       if (!latestObservation) return res.status(409).json({ error: 'NO_OBSERVATION_ON_FILE', message: 'SPR has no recorded observation for this software yet. Collect evidence before verifying.' });%0A+       const evidenceIds: string[] = parseJson(latestObservation.evidence_ids, []) as string[];%0A+       const result = await verifyRemediation({ tenantId, findingId: work.finding_id, observationIds: [latestObservation.id], evidenceIds, actorId: req.user!.uid });%0A+       const now = new Date().toISOString();%0A+       await db.execute(sql`UPDATE trust_remediation_work_items SET status='VERIFIED',updated_at=${now},closed_at=${now} WHERE id=${work.id} AND tenant_id=${tenantId}`);%0A+       const row = (await db.execute(sql`SELECT * FROM trust_remediation_work_items WHERE id=${work.id} AND tenant_id=${tenantId} LIMIT 1`) as any).rows?.[0];%0A+       return res.json({ ...row, verification: result });%0A+     } catch (error: any) {%0A+       const message = error instanceof Error ? error.message : String(error);%0A+       if (/^VERIFICATION_|^FINDING_NOT_FOUND$/.test(message)) return res.status(409).json({ error: message });%0A+       return next(error);%0A+     }%0A+   });%0A+%0A+   router.patch('/remediations/:id', async (req: AuthenticatedRequest, res, next) => {%0A+     const parsed = remediationUpdateSchema.safeParse(req.body);%0A+     if (!parsed.success) return res.status(400).json({ error: 'INVALID_PAYLOAD', details: parsed.error.flatten() });%0A+     try {%0A+       const db = req.db!;%0A+       const tenantId = req.user!.tenantId;%0A+       const p = parsed.data;%0A+       const now = new Date().toISOString();%0A+       const rows = await db.execute(sql`UPDATE trust_remediation_work_items SET status=${p.status},owner_id=COALESCE(${p.ownerId ?? null},owner_id),owner_display=COALESCE(${p.ownerDisplay ?? null},owner_display),sla_due_at=CASE WHEN ${p.slaDueAt === undefined} THEN sla_due_at ELSE ${p.slaDueAt} END,updated_at=${now},closed_at=CASE WHEN ${p.status} IN ('CLOSED','VERIFIED') THEN ${now} ELSE closed_at END WHERE id=${req.params.id} AND tenant_id=${tenantId} RETURNING *`);%0A+       const row = (rows as any).rows?.[0];%0A+       if (!row) return res.status(404).json({ error: 'REMEDIATION_NOT_FOUND' });%0A+       return res.json(row);%0A+     } catch (error) { return next(error); }%0A+   });%0A+%0A+   router.post('/verify', async (req: AuthenticatedRequest, res, next) => {%0A+     const parsed = verifySchema.safeParse(req.body);%0A+     if (!parsed.success) return res.status(400).json({ error: 'INVALID_PAYLOAD', details: parsed.error.flatten() });%0A+     try {%0A+       const db = req.db!;%0A+       const result = await verifyRemediation({ ...parsed.data, tenantId: req.user!.tenantId, actorId: req.user!.uid });%0A+       await db.execute(sql`UPDATE trust_remediation_work_items SET status='VERIFIED',updated_at=${new Date().toISOString()},closed_at=${new Date().toISOString()} WHERE tenant_id=${req.user!.tenantId} AND finding_id=${parsed.data.findingId}`);%0A+       return res.json(result);%0A+     } catch (error) { return next(error); }%0A+   });%0A+%0A+   router.get('/monitoring', async (req: AuthenticatedRequest, res, next) => {%0A+     try {%0A+       const db = req.db!;%0A+       const tenantId = req.user!.tenantId;%0A+       const passportId = typeof req.query.passportId === 'string' ? req.query.passportId : null;%0A+       const rows = passportId ? await db.execute(sql`SELECT * FROM trust_monitoring_state WHERE tenant_id=${tenantId} AND passport_id=${passportId} ORDER BY provider`) : await db.execute(sql`SELECT * FROM trust_monitoring_state WHERE tenant_id=${tenantId} ORDER BY passport_id,provider`);%0A+       const alerts = passportId ? await db.execute(sql`SELECT * FROM trust_alerts WHERE tenant_id=${tenantId} AND passport_id=${passportId} ORDER BY created_at DESC`) : await db.execute(sql`SELECT * FROM trust_alerts WHERE tenant_id=${tenantId} ORDER BY created_at DESC`);%0A+       return res.json({ monitoring: (rows as any).rows || [], alerts: (alerts as any).rows || [] });%0A+     } catch (error) { return next(error); }%0A+   });%0A+%0A+   router.get('/ledger/:passportId', async (req: AuthenticatedRequest, res, next) => {%0A+     try {%0A+       const db = req.db!;%0A+       const tenantId = req.user!.tenantId;%0A+       const passportId = req.params.passportId;%0A+       const scope = await db.execute(sql`SELECT id FROM passports WHERE id=${passportId} AND tenant_id=${tenantId} LIMIT 1`);%0A+       if (!(scope as any).rows?.length) return res.status(404).json({ error: 'PASSPORT_NOT_FOUND' });%0A+       const observations = await db.execute(sql`SELECT id,observation_version,generated_at,previous_observation_id,evidence_ids,finding_ids,canonical_payload_hash,completeness_basis_points,open_finding_count,unknown_dimension_count FROM trust_observations WHERE tenant_id=${tenantId} AND passport_id=${passportId} ORDER BY observation_version DESC`);%0A+       const evidence = await db.execute(sql`SELECT id,provider,control_id,subject,source_url,observed_at,verification_method,status,severity,evidence_hash,limitation FROM evidence_ledger WHERE tenant_id=${tenantId} AND passport_id=${passportId} ORDER BY observed_at DESC`);%0A+       const findings = await db.execute(sql`SELECT id,control_id,title,severity,status,evidence_ids,fingerprint,updated_at,resolved_at FROM trust_findings WHERE tenant_id=${tenantId} AND passport_id=${passportId} ORDER BY updated_at DESC`);%0A+       const remediation = await db.execute(sql`SELECT * FROM trust_remediation_work_items WHERE tenant_id=${tenantId} AND passport_id=${passportId} ORDER BY updated_at DESC`);%0A+       const verification = await db.execute(sql`SELECT * FROM remediation_verification_ledger WHERE tenant_id=${tenantId} AND finding_id IN (SELECT id FROM trust_findings WHERE tenant_id=${tenantId} AND passport_id=${passportId}) ORDER BY created_at DESC`);%0A+       return res.json({ observations: (observations as any).rows || [], findings: (findings as any).rows || [], evidence: (evidence as any).rows || [], remediation: (remediation as any).rows || [], verification: (verification as any).rows || [], trace: 'Report -> Passport -> Risk -> Finding -> Observation -> Provider -> Source -> Timestamp -> Hash' });%0A+     } catch (error) { return next(error); }%0A+   });%0A+%0A+   router.get('/reports/:passportId/history', async (req: AuthenticatedRequest, res, next) => {%0A+     try {%0A+       const db = req.db!;%0A+       const tenantId = req.user!.tenantId;%0A+       const passportId = req.params.passportId;%0A+       const typeFilter = typeof req.query.type === 'string' ? reportTypes.safeParse(req.query.type) : null;%0A+       if (typeFilter && !typeFilter.success) return res.status(400).json({ error: 'INVALID_REPORT_TYPE' });%0A+       const rows = typeFilter?.success%0A+         ? await db.execute(sql`SELECT id,report_type,generated_at,score,confidence_basis_points,completeness_basis_points,canonical_payload_hash FROM trust_report_snapshots WHERE tenant_id=${tenantId} AND passport_id=${passportId} AND report_type=${typeFilter.data} ORDER BY generated_at DESC LIMIT 50`)%0A+         : await db.execute(sql`SELECT id,report_type,generated_at,score,confidence_basis_points,completeness_basis_points,canonical_payload_hash FROM trust_report_snapshots WHERE tenant_id=${tenantId} AND passport_id=${passportId} ORDER BY generated_at DESC LIMIT 50`);%0A+       return res.json({ snapshots: (rows as any).rows || [] });%0A+     } catch (error) { return next(error); }%0A+   });%0A+%0A+   router.get('/reports/:passportId/history/:snapshotId', async (req: AuthenticatedRequest, res, next) => {%0A+     try {%0A+       const db = req.db!;%0A+       const tenantId = req.user!.tenantId;%0A+       const row = (await db.execute(sql`SELECT payload,canonical_payload_hash,generated_at,report_type FROM trust_report_snapshots WHERE id=${req.params.snapshotId} AND tenant_id=${tenantId} AND passport_id=${req.params.passportId} LIMIT 1`) as any).rows?.[0];%0A+       if (!row) return res.status(404).json({ error: 'REPORT_SNAPSHOT_NOT_FOUND' });%0A+       const payload = parseJson(row.payload, {});%0A+       return res.json({ ...(payload as object), reportHash: row.canonical_payload_hash });%0A+     } catch (error) { return next(error); }%0A+   });%0A+%0A+   router.get('/reports/:passportId', async (req: AuthenticatedRequest, res, next) => {%0A+     try {%0A+       const parsed = reportTypes.safeParse(req.query.type || 'executive');%0A+       if (!parsed.success) return res.status(400).json({ error: 'INVALID_REPORT_TYPE' });%0A+       const report = await buildAndPersistReport(req.db!, req.user!.tenantId, String(req.params.passportId), parsed.data);%0A+       if (!report) return res.status(404).json({ error: 'PASSPORT_NOT_FOUND' });%0A+       return res.json(report);%0A+     } catch (error) { return next(error); }%0A+   });%0A+%0A+   return router;%0A+ }%0A+%0A+ export async function buildAndPersistReport(db: any, tenantId: string, passportId: string, reportType: string) {%0A+   const passport = (await db.execute(sql`SELECT id,name,overall_score,security_score,compliance_score,verification_status,confidence_score,evidence_completeness,sbom,evidence,vulnerabilities,timeline FROM passports WHERE id=${passportId} AND tenant_id=${tenantId} LIMIT 1`) as any).rows?.[0];%0A+   if (!passport) return null;%0A+   const findings = (await db.execute(sql`SELECT id,control_id,title,severity,status,description,remediation,evidence_ids,updated_at,resolved_at FROM trust_findings WHERE tenant_id=${tenantId} AND passport_id=${passportId} ORDER BY CASE severity WHEN 'critical' THEN 1 WHEN 'high' THEN 2 WHEN 'medium' THEN 3 WHEN 'low' THEN 4 ELSE 5 END,updated_at DESC`) as any).rows || [];%0A+   const evidence = (await db.execute(sql`SELECT id,provider,control_id,subject,source_url,observed_at,verification_method,status,severity,evidence_hash,limitation FROM evidence_ledger WHERE tenant_id=${tenantId} AND passport_id=${passportId} ORDER BY observed_at DESC`) as any).rows || [];%0A+   const observations = (await db.execute(sql`SELECT id,observation_version,generated_at,previous_observation_id,evidence_ids,finding_ids,canonical_payload_hash,completeness_basis_points,confidence_basis_points,open_finding_count,unknown_dimension_count FROM trust_observations WHERE tenant_id=${tenantId} AND passport_id=${passportId} ORDER BY observation_version DESC`) as any).rows || [];%0A+   const remediation = (await db.execute(sql`SELECT * FROM trust_remediation_work_items WHERE tenant_id=${tenantId} AND passport_id=${passportId} ORDER BY updated_at DESC`) as any).rows || [];%0A+   const verification = (await db.execute(sql`SELECT * FROM remediation_verification_ledger WHERE tenant_id=${tenantId} AND finding_id IN (SELECT id FROM trust_findings WHERE tenant_id=${tenantId} AND passport_id=${passportId}) ORDER BY created_at DESC`) as any).rows || [];%0A+   const latest = observations[0];%0A+   const risk = deriveReportRiskFields(passport as ReportPassportRow);%0A+   const report = {%0A+     schemaVersion: 'spr.report.v2', reportType, generatedAt: new Date().toISOString(), passport: { id: passport.id, name: passport.name },%0A+     risk: { overall: risk.canonicalScore, security: passport.security_score, compliance: passport.compliance_score, verificationStatus: risk.verificationStatus },%0A+     evidenceQuality: { completenessBasisPoints: risk.completenessBasisPoints, confidenceBasisPoints: risk.confidenceBasisPoints, unknownDimensions: latest?.unknown_dimension_count ?? 0, latestObservationAt: latest?.generated_at ?? null },%0A+     findings, evidence, observations, remediation, verification,%0A+     traceability: 'Report -> Passport -> Risk -> Finding -> Observation -> Provider -> Source -> Timestamp -> Hash',%0A+     resolutionTraceability: 'Finding -> remediation -> new observation -> independent verification',%0A+     limitations: evidence.filter((item: any) => item.limitation).map((item: any) => ({ evidenceId: item.id, limitation: item.limitation })),%0A+     ...buildReportTypeExtras(reportType, passport, findings),%0A+   };%0A+   const canonicalPayload = JSON.stringify(report);%0A+   const reportHash = crypto.createHash('sha256').update(canonicalPayload).digest('hex');%0A+   await db.execute(sql`INSERT INTO trust_report_snapshots (id,tenant_id,passport_id,report_type,generated_at,score,confidence_basis_points,completeness_basis_points,evidence_ids,finding_ids,observation_id,canonical_payload_hash,payload,created_at) VALUES (${id('report')},${tenantId},${passportId},${reportType},${report.generatedAt},${risk.canonicalScore},${risk.confidenceBasisPoints},${risk.completenessBasisPoints},${JSON.stringify(evidence.map((item: any) => item.id))},${JSON.stringify(findings.map((item: any) => item.id))},${latest?.id ?? null},${reportHash},${canonicalPayload},${report.generatedAt}) ON CONFLICT (tenant_id,passport_id,report_type,canonical_payload_hash) DO NOTHING`);%0A+   return { ...report, reportHash };%0A+ }%0A+%0A%0A ❯ tests/clientops-remediation-queue-contract.test.ts:36:15%0A%0A

::error file=/home/runner/work/software-passport-registry/software-passport-registry/tests/clientops-remediation-queue-contract.test.ts,title=tests/clientops-remediation-queue-contract.test.ts > client approval endpoint > is restricted to the Client role and only affects work already ready for verification or verified,line=46,column=15::AssertionError: expected 'import { Router } from \'express\';\n…' to contain 'router.post(\'/remediations/:id/appro…'%0A%0A- Expected%0A+ Received%0A%0A- router.post('/remediations/:id/approve', requireRole(['Client'])%0A+ import { Router } from 'express';%0A+ import { sql } from 'drizzle-orm';%0A+ import crypto from 'node:crypto';%0A+ import { z } from 'zod';%0A+ import { AuthenticatedRequest } from '../middleware/security.ts';%0A+ import { decryptCredentials } from '../integrations/credential-vault.ts';%0A+ import { collectDeepProviderEvidence } from '../integrations/deep-collectors.ts';%0A+ import { collectGitHubDeepEvidence } from '../integrations/github-deep.ts';%0A+ import { persistTrustLoop, verifyRemediation } from '../trust/trust-loop.ts';%0A+%0A+ const collectSchema = z.object({ passportId: z.string().trim().min(1).max(255), provider: z.string().trim().min(1).max(64) }).strict();%0A+ const remediationSchema = z.object({%0A+   findingId: z.string().trim().min(1),%0A+   title: z.string().trim().min(1).max(255),%0A+   description: z.string().max(4000).optional(),%0A+   assigneeId: z.string().max(255).optional(),%0A+   assigneeDisplay: z.string().max(255).optional(),%0A+   externalSystem: z.string().trim().min(1).max(64).default('SPR'),%0A+   externalTicketId: z.string().max(255).optional(),%0A+   slaDueAt: z.string().datetime().optional(),%0A+   priority: z.enum(['LOW', 'MEDIUM', 'HIGH', 'CRITICAL']).default('HIGH'),%0A+ }).strict();%0A+ const remediationUpdateSchema = z.object({ status: z.enum(['OPEN', 'IN_PROGRESS', 'BLOCKED', 'READY_FOR_VERIFICATION', 'VERIFIED', 'CLOSED', 'CANCELLED']), ownerId: z.string().max(255).optional(), ownerDisplay: z.string().max(255).optional(), slaDueAt: z.string().datetime().nullable().optional() }).strict();%0A+ const verifySchema = z.object({ findingId: z.string().trim().min(1), observationIds: z.array(z.string().min(1)).max(50), evidenceIds: z.array(z.string().min(1)).max(200) }).strict();%0A+ const reportTypes = z.enum(['executive', 'technical', 'msp', 'customer', 'compliance', 'vendor', 'auditor', 'evidence-ledger']);%0A+ function id(prefix: string) { return `${prefix}_${crypto.randomUUID().replaceAll('-', '')}`; }%0A+ function parseJson(value: unknown, fallback: unknown = []) { try { return value ? JSON.parse(String(value)) : fallback; } catch { return fallback; } }%0A+%0A+ const SEVERITY_ORDER = ['critical', 'high', 'medium', 'low'];%0A+%0A+ export type ReportPassportRow = {%0A+   overall_score: number | null;%0A+   security_score: number | null;%0A+   compliance_score: number | null;%0A+   verification_status: string | null;%0A+   confidence_score: number | null;%0A+   evidence_completeness: number | null;%0A+ };%0A+%0A+ export function deriveReportRiskFields(passport: ReportPassportRow) {%0A+   const verificationStatus = passport.verification_status || 'unverified';%0A+   const isMeasured = verificationStatus !== 'unverified';%0A+   return {%0A+     canonicalScore: isMeasured ? passport.overall_score : null,%0A+     verificationStatus,%0A+     confidenceBasisPoints: isMeasured && passport.confidence_score != null ? Math.round(passport.confidence_score * 100) : null,%0A+     completenessBasisPoints: isMeasured && passport.evidence_completeness != null ? Math.round(passport.evidence_completeness * 100) : null,%0A+   };%0A+ }%0A+%0A+ function buildReportTypeExtras(reportType: string, passport: any, findings: any[]) {%0A+   if (reportType === 'sbom') {%0A+     const components = parseJson(passport.sbom, []) as any[];%0A+     const vulnerabilities = parseJson(passport.vulnerabilities, []) as any[];%0A+     const sbom = components.map((component) => {%0A+       const name = component?.name || component?.packageName || component?.component;%0A+       const matched = vulnerabilities.filter((vuln) => (vuln?.component || vuln?.packageName || vuln?.package) === name);%0A+       return { ...component, vulnerabilityCount: matched.length, criticalOrHighCount: matched.filter((vuln) => SEVERITY_ORDER.slice(0, 2).includes(String(vuln?.severity || '').toLowerCase())).length };%0A+     });%0A+     return { sbom };%0A+   }%0A+   if (reportType === 'compliance') {%0A+     const byControl = new Map<string, { controlId: string; findingCount: number; openCount: number; worstSeverity: string; findingIds: string[] }>();%0A+     for (const finding of findings) {%0A+       const controlId = finding.control_id || 'unmapped';%0A+       const entry = byControl.get(controlId) || { controlId, findingCount: 0, openCount: 0, worstSeverity: 'low', findingIds: [] as string[] };%0A+       entry.findingCount += 1;%0A+       entry.findingIds.push(finding.id);%0A+       if (!['resolved', 'closed', 'verified'].includes(String(finding.status || '').toLowerCase())) entry.openCount += 1;%0A+       const severity = String(finding.severity || '').toLowerCase();%0A+       if (SEVERITY_ORDER.includes(severity) && SEVERITY_ORDER.indexOf(severity) < SEVERITY_ORDER.indexOf(entry.worstSeverity)) entry.worstSeverity = severity;%0A+       byControl.set(controlId, entry);%0A+     }%0A+     return { controls: [...byControl.values()] };%0A+   }%0A+   return {};%0A+ }%0A+%0A+ export function createTrustLoopRouter() {%0A+   const router = Router();%0A+%0A+   router.post('/collect', async (req: AuthenticatedRequest, res, next) => {%0A+     const parsed = collectSchema.safeParse(req.body);%0A+     if (!parsed.success) return res.status(400).json({ error: 'INVALID_PAYLOAD', details: parsed.error.flatten() });%0A+     const { passportId, provider } = parsed.data;%0A+     const tenantId = req.user!.tenantId;%0A+     const runId = id('collect');%0A+     const startedAt = new Date().toISOString();%0A+     const db = req.db!;%0A+     try {%0A+       const passport = (await db.execute(sql`SELECT id,client_id FROM passports WHERE id=${passportId} AND tenant_id=${tenantId} LIMIT 1`) as any).rows?.[0];%0A+       if (!passport) return res.status(404).json({ error: 'PASSPORT_NOT_FOUND' });%0A+       const stored = (await db.execute(sql`SELECT encrypted_payload FROM integration_credentials WHERE tenant_id=${tenantId} AND provider=${provider} LIMIT 1`) as any).rows?.[0];%0A+       if (!stored?.encrypted_payload) return res.status(409).json({ error: 'CREDENTIAL_NOT_CONFIGURED' });%0A+%0A+       await db.execute(sql`INSERT INTO trust_collection_runs (id,tenant_id,passport_id,provider,started_at,status,idempotency_key,created_at) VALUES (${runId},${tenantId},${passportId},${provider},${startedAt},'RUNNING',${`${tenantId}:${passportId}:${provider}:${startedAt}`},${startedAt})`);%0A+       const credentials = decryptCredentials(stored.encrypted_payload) as Record<string, string>;%0A+       const observations = provider === 'github' ? await collectGitHubDeepEvidence(credentials) : await collectDeepProviderEvidence(provider as any, credentials);%0A+       const result = await persistTrustLoop({ tenantId, passportId, clientId: passport.client_id || passport.id, assetId: passport.id, observations, generationReason: 'provider_collection', actorType: 'worker', collectorVersionMap: { [provider]: 'deep-v2' } });%0A+       const completedAt = new Date().toISOString();%0A+       await db.execute(sql`UPDATE trust_collection_runs SET completed_at=${completedAt},status='SUCCEEDED',observation_count=${observations.length},evidence_count=${result.evidenceIds.length},failure_count=${observations.filter((o) => o.status === 'FAIL').length},collector_version='deep-v2' WHERE id=${runId} AND tenant_id=${tenantId}`);%0A+       await db.execute(sql`INSERT INTO trust_monitoring_state (id,tenant_id,passport_id,provider,next_run_at,last_run_at,last_success_at,last_evidence_hash,consecutive_failures,status,updated_at) VALUES (${id('monitor')},${tenantId},${passportId},${provider},${new Date(Date.now()+3600000).toISOString()},${completedAt},${completedAt},${result.payloadHash},0,'HEALTHY',${completedAt}) ON CONFLICT (tenant_id,passport_id,provider) DO UPDATE SET next_run_at=EXCLUDED.next_run_at,last_run_at=EXCLUDED.last_run_at,last_success_at=EXCLUDED.last_success_at,last_evidence_hash=EXCLUDED.last_evidence_hash,consecutive_failures=0,status='HEALTHY',updated_at=EXCLUDED.updated_at`);%0A+       return res.json({ runId, provider, observationCount: observations.length, ...result });%0A+     } catch (error) {%0A+       const completedAt = new Date().toISOString();%0A+       await db.execute(sql`UPDATE trust_collection_runs SET completed_at=${completedAt},status='FAILED',error_code='COLLECTION_FAILED',error_message=${error instanceof Error ? error.message.slice(0,1000) : 'COLLECTION_FAILED'} WHERE id=${runId} AND tenant_id=${tenantId}`).catch(() => undefined);%0A+       await db.execute(sql`UPDATE trust_monitoring_state SET last_run_at=${completedAt},last_failure_at=${completedAt},consecutive_failures=consecutive_failures+1,status=CASE WHEN consecutive_failures+1 >= 5 THEN 'FAILED' ELSE 'DEGRADED' END,updated_at=${completedAt} WHERE tenant_id=${tenantId} AND passport_id=${passportId} AND provider=${provider}`).catch(() => undefined);%0A+       return next(error);%0A+     }%0A+   });%0A+%0A+   const findingsWithRemediationSelect = sql`%0A+     SELECT f.*, r.id AS remediation_id, r.status AS remediation_status, r.owner_id AS remediation_owner_id,%0A+            r.owner_display AS remediation_owner_display, r.sla_due_at AS remediation_sla_due_at, r.updated_at AS remediation_updated_at%0A+     FROM trust_findings f%0A+     LEFT JOIN LATERAL (%0A+       SELECT * FROM trust_remediation_work_items w%0A+       WHERE w.tenant_id = f.tenant_id AND w.finding_id = f.id%0A+       ORDER BY w.created_at DESC LIMIT 1%0A+     ) r ON true%0A+   `;%0A+   router.get('/findings', async (req: AuthenticatedRequest, res, next) => {%0A+     try {%0A+       const db = req.db!;%0A+       const tenantId = req.user!.tenantId;%0A+       const passportId = typeof req.query.passportId === 'string' ? req.query.passportId : null;%0A+       const rows = passportId%0A+         ? await db.execute(sql`${findingsWithRemediationSelect} WHERE f.tenant_id=${tenantId} AND f.passport_id=${passportId} ORDER BY CASE f.severity WHEN 'critical' THEN 1 WHEN 'high' THEN 2 WHEN 'medium' THEN 3 WHEN 'low' THEN 4 ELSE 5 END,f.updated_at DESC`)%0A+         : await db.execute(sql`${findingsWithRemediationSelect} WHERE f.tenant_id=${tenantId} ORDER BY f.updated_at DESC`);%0A+       return res.json({ findings: (rows as any).rows || [] });%0A+     } catch (error) { return next(error); }%0A+   });%0A+%0A+   router.post('/remediations', async (req: AuthenticatedRequest, res, next) => {%0A+     const parsed = remediationSchema.safeParse(req.body);%0A+     if (!parsed.success) return res.status(400).json({ error: 'INVALID_PAYLOAD', details: parsed.error.flatten() });%0A+     try {%0A+       const db = req.db!;%0A+       const p = parsed.data;%0A+       const tenantId = req.user!.tenantId;%0A+       const finding = (await db.execute(sql`SELECT id,client_id,passport_id,title,description FROM trust_findings WHERE id=${p.findingId} AND tenant_id=${tenantId} LIMIT 1`) as any).rows?.[0];%0A+       if (!finding) return res.status(404).json({ error: 'FINDING_NOT_FOUND' });%0A+       const now = new Date().toISOString();%0A+       const workId = id('remed');%0A+       await db.execute(sql`INSERT INTO trust_remediation_work_items (id,tenant_id,passport_id,finding_id,external_system,external_ticket_id,owner_id,owner_display,sla_due_at,status,remediation_plan,created_at,updated_at) VALUES (${workId},${tenantId},${finding.passport_id},${finding.id},${p.externalSystem},${p.externalTicketId ?? null},${p.assigneeId ?? null},${p.assigneeDisplay ?? null},${p.slaDueAt ?? null},'OPEN',${p.description || finding.description},${now},${now})`);%0A+       await db.execute(sql`INSERT INTO remediation_tasks (id,tenant_id,client_id,alert_id,title,description,priority,status,assignee_id,created_by,created_at,updated_at) VALUES (${workId},${tenantId},${finding.client_id},${finding.id},${p.title},${p.description || finding.description},${p.priority},'OPEN',${p.assigneeId ?? null},${req.user!.uid},${now},${now})`);%0A+       const created = (await db.execute(sql`SELECT * FROM trust_remediation_work_items WHERE id=${workId} AND tenant_id=${tenantId} LIMIT 1`) as any).rows?.[0];%0A+       return res.status(201).json({ ...created, title: p.title });%0A+     } catch (error) { return next(error); }%0A+   });%0A+%0A+   router.get('/remediations/:id', async (req: AuthenticatedRequest, res, next) => {%0A+     try {%0A+       const db = req.db!;%0A+       const tenantId = req.user!.tenantId;%0A+       const row = (await db.execute(sql`SELECT w.*, f.title AS finding_title FROM trust_remediation_work_items w JOIN trust_findings f ON f.id = w.finding_id AND f.tenant_id = w.tenant_id WHERE w.id=${req.params.id} AND w.tenant_id=${tenantId} LIMIT 1`) as any).rows?.[0];%0A+       if (!row) return res.status(404).json({ error: 'REMEDIATION_NOT_FOUND' });%0A+       return res.json({ ...row, title: row.finding_title });%0A+     } catch (error) { return next(error); }%0A+   });%0A+%0A+   router.post('/remediations/:id/verify-latest', async (req: AuthenticatedRequest, res, next) => {%0A+     try {%0A+       const db = req.db!;%0A+       const tenantId = req.user!.tenantId;%0A+       const work = (await db.execute(sql`SELECT id,finding_id,passport_id FROM trust_remediation_work_items WHERE id=${req.params.id} AND tenant_id=${tenantId} LIMIT 1`) as any).rows?.[0];%0A+       if (!work) return res.status(404).json({ error: 'REMEDIATION_NOT_FOUND' });%0A+       const latestObservation = (await db.execute(sql`SELECT id,evidence_ids FROM trust_observations WHERE tenant_id=${tenantId} AND passport_id=${work.passport_id} ORDER BY observation_version DESC LIMIT 1`) as any).rows?.[0];%0A+       if (!latestObservation) return res.status(409).json({ error: 'NO_OBSERVATION_ON_FILE', message: 'SPR has no recorded observation for this software yet. Collect evidence before verifying.' });%0A+       const evidenceIds: string[] = parseJson(latestObservation.evidence_ids, []) as string[];%0A+       const result = await verifyRemediation({ tenantId, findingId: work.finding_id, observationIds: [latestObservation.id], evidenceIds, actorId: req.user!.uid });%0A+       const now = new Date().toISOString();%0A+       await db.execute(sql`UPDATE trust_remediation_work_items SET status='VERIFIED',updated_at=${now},closed_at=${now} WHERE id=${work.id} AND tenant_id=${tenantId}`);%0A+       const row = (await db.execute(sql`SELECT * FROM trust_remediation_work_items WHERE id=${work.id} AND tenant_id=${tenantId} LIMIT 1`) as any).rows?.[0];%0A+       return res.json({ ...row, verification: result });%0A+     } catch (error: any) {%0A+       const message = error instanceof Error ? error.message : String(error);%0A+       if (/^VERIFICATION_|^FINDING_NOT_FOUND$/.test(message)) return res.status(409).json({ error: message });%0A+       return next(error);%0A+     }%0A+   });%0A+%0A+   router.patch('/remediations/:id', async (req: AuthenticatedRequest, res, next) => {%0A+     const parsed = remediationUpdateSchema.safeParse(req.body);%0A+     if (!parsed.success) return res.status(400).json({ error: 'INVALID_PAYLOAD', details: parsed.error.flatten() });%0A+     try {%0A+       const db = req.db!;%0A+       const tenantId = req.user!.tenantId;%0A+       const p = parsed.data;%0A+       const now = new Date().toISOString();%0A+       const rows = await db.execute(sql`UPDATE trust_remediation_work_items SET status=${p.status},owner_id=COALESCE(${p.ownerId ?? null},owner_id),owner_display=COALESCE(${p.ownerDisplay ?? null},owner_display),sla_due_at=CASE WHEN ${p.slaDueAt === undefined} THEN sla_due_at ELSE ${p.slaDueAt} END,updated_at=${now},closed_at=CASE WHEN ${p.status} IN ('CLOSED','VERIFIED') THEN ${now} ELSE closed_at END WHERE id=${req.params.id} AND tenant_id=${tenantId} RETURNING *`);%0A+       const row = (rows as any).rows?.[0];%0A+       if (!row) return res.status(404).json({ error: 'REMEDIATION_NOT_FOUND' });%0A+       return res.json(row);%0A+     } catch (error) { return next(error); }%0A+   });%0A+%0A+   router.post('/verify', async (req: AuthenticatedRequest, res, next) => {%0A+     const parsed = verifySchema.safeParse(req.body);%0A+     if (!parsed.success) return res.status(400).json({ error: 'INVALID_PAYLOAD', details: parsed.error.flatten() });%0A+     try {%0A+       const db = req.db!;%0A+       const result = await verifyRemediation({ ...parsed.data, tenantId: req.user!.tenantId, actorId: req.user!.uid });%0A+       await db.execute(sql`UPDATE trust_remediation_work_items SET status='VERIFIED',updated_at=${new Date().toISOString()},closed_at=${new Date().toISOString()} WHERE tenant_id=${req.user!.tenantId} AND finding_id=${parsed.data.findingId}`);%0A+       return res.json(result);%0A+     } catch (error) { return next(error); }%0A+   });%0A+%0A+   router.get('/monitoring', async (req: AuthenticatedRequest, res, next) => {%0A+     try {%0A+       const db = req.db!;%0A+       const tenantId = req.user!.tenantId;%0A+       const passportId = typeof req.query.passportId === 'string' ? req.query.passportId : null;%0A+       const rows = passportId ? await db.execute(sql`SELECT * FROM trust_monitoring_state WHERE tenant_id=${tenantId} AND passport_id=${passportId} ORDER BY provider`) : await db.execute(sql`SELECT * FROM trust_monitoring_state WHERE tenant_id=${tenantId} ORDER BY passport_id,provider`);%0A+       const alerts = passportId ? await db.execute(sql`SELECT * FROM trust_alerts WHERE tenant_id=${tenantId} AND passport_id=${passportId} ORDER BY created_at DESC`) : await db.execute(sql`SELECT * FROM trust_alerts WHERE tenant_id=${tenantId} ORDER BY created_at DESC`);%0A+       return res.json({ monitoring: (rows as any).rows || [], alerts: (alerts as any).rows || [] });%0A+     } catch (error) { return next(error); }%0A+   });%0A+%0A+   router.get('/ledger/:passportId', async (req: AuthenticatedRequest, res, next) => {%0A+     try {%0A+       const db = req.db!;%0A+       const tenantId = req.user!.tenantId;%0A+       const passportId = req.params.passportId;%0A+       const scope = await db.execute(sql`SELECT id FROM passports WHERE id=${passportId} AND tenant_id=${tenantId} LIMIT 1`);%0A+       if (!(scope as any).rows?.length) return res.status(404).json({ error: 'PASSPORT_NOT_FOUND' });%0A+       const observations = await db.execute(sql`SELECT id,observation_version,generated_at,previous_observation_id,evidence_ids,finding_ids,canonical_payload_hash,completeness_basis_points,open_finding_count,unknown_dimension_count FROM trust_observations WHERE tenant_id=${tenantId} AND passport_id=${passportId} ORDER BY observation_version DESC`);%0A+       const evidence = await db.execute(sql`SELECT id,provider,control_id,subject,source_url,observed_at,verification_method,status,severity,evidence_hash,limitation FROM evidence_ledger WHERE tenant_id=${tenantId} AND passport_id=${passportId} ORDER BY observed_at DESC`);%0A+       const findings = await db.execute(sql`SELECT id,control_id,title,severity,status,evidence_ids,fingerprint,updated_at,resolved_at FROM trust_findings WHERE tenant_id=${tenantId} AND passport_id=${passportId} ORDER BY updated_at DESC`);%0A+       const remediation = await db.execute(sql`SELECT * FROM trust_remediation_work_items WHERE tenant_id=${tenantId} AND passport_id=${passportId} ORDER BY updated_at DESC`);%0A+       const verification = await db.execute(sql`SELECT * FROM remediation_verification_ledger WHERE tenant_id=${tenantId} AND finding_id IN (SELECT id FROM trust_findings WHERE tenant_id=${tenantId} AND passport_id=${passportId}) ORDER BY created_at DESC`);%0A+       return res.json({ observations: (observations as any).rows || [], findings: (findings as any).rows || [], evidence: (evidence as any).rows || [], remediation: (remediation as any).rows || [], verification: (verification as any).rows || [], trace: 'Report -> Passport -> Risk -> Finding -> Observation -> Provider -> Source -> Timestamp -> Hash' });%0A+     } catch (error) { return next(error); }%0A+   });%0A+%0A+   router.get('/reports/:passportId/history', async (req: AuthenticatedRequest, res, next) => {%0A+     try {%0A+       const db = req.db!;%0A+       const tenantId = req.user!.tenantId;%0A+       const passportId = req.params.passportId;%0A+       const typeFilter = typeof req.query.type === 'string' ? reportTypes.safeParse(req.query.type) : null;%0A+       if (typeFilter && !typeFilter.success) return res.status(400).json({ error: 'INVALID_REPORT_TYPE' });%0A+       const rows = typeFilter?.success%0A+         ? await db.execute(sql`SELECT id,report_type,generated_at,score,confidence_basis_points,completeness_basis_points,canonical_payload_hash FROM trust_report_snapshots WHERE tenant_id=${tenantId} AND passport_id=${passportId} AND report_type=${typeFilter.data} ORDER BY generated_at DESC LIMIT 50`)%0A+         : await db.execute(sql`SELECT id,report_type,generated_at,score,confidence_basis_points,completeness_basis_points,canonical_payload_hash FROM trust_report_snapshots WHERE tenant_id=${tenantId} AND passport_id=${passportId} ORDER BY generated_at DESC LIMIT 50`);%0A+       return res.json({ snapshots: (rows as any).rows || [] });%0A+     } catch (error) { return next(error); }%0A+   });%0A+%0A+   router.get('/reports/:passportId/history/:snapshotId', async (req: AuthenticatedRequest, res, next) => {%0A+     try {%0A+       const db = req.db!;%0A+       const tenantId = req.user!.tenantId;%0A+       const row = (await db.execute(sql`SELECT payload,canonical_payload_hash,generated_at,report_type FROM trust_report_snapshots WHERE id=${req.params.snapshotId} AND tenant_id=${tenantId} AND passport_id=${req.params.passportId} LIMIT 1`) as any).rows?.[0];%0A+       if (!row) return res.status(404).json({ error: 'REPORT_SNAPSHOT_NOT_FOUND' });%0A+       const payload = parseJson(row.payload, {});%0A+       return res.json({ ...(payload as object), reportHash: row.canonical_payload_hash });%0A+     } catch (error) { return next(error); }%0A+   });%0A+%0A+   router.get('/reports/:passportId', async (req: AuthenticatedRequest, res, next) => {%0A+     try {%0A+       const parsed = reportTypes.safeParse(req.query.type || 'executive');%0A+       if (!parsed.success) return res.status(400).json({ error: 'INVALID_REPORT_TYPE' });%0A+       const report = await buildAndPersistReport(req.db!, req.user!.tenantId, String(req.params.passportId), parsed.data);%0A+       if (!report) return res.status(404).json({ error: 'PASSPORT_NOT_FOUND' });%0A+       return res.json(report);%0A+     } catch (error) { return next(error); }%0A+   });%0A+%0A+   return router;%0A+ }%0A+%0A+ export async function buildAndPersistReport(db: any, tenantId: string, passportId: string, reportType: string) {%0A+   const passport = (await db.execute(sql`SELECT id,name,overall_score,security_score,compliance_score,verification_status,confidence_score,evidence_completeness,sbom,evidence,vulnerabilities,timeline FROM passports WHERE id=${passportId} AND tenant_id=${tenantId} LIMIT 1`) as any).rows?.[0];%0A+   if (!passport) return null;%0A+   const findings = (await db.execute(sql`SELECT id,control_id,title,severity,status,description,remediation,evidence_ids,updated_at,resolved_at FROM trust_findings WHERE tenant_id=${tenantId} AND passport_id=${passportId} ORDER BY CASE severity WHEN 'critical' THEN 1 WHEN 'high' THEN 2 WHEN 'medium' THEN 3 WHEN 'low' THEN 4 ELSE 5 END,updated_at DESC`) as any).rows || [];%0A+   const evidence = (await db.execute(sql`SELECT id,provider,control_id,subject,source_url,observed_at,verification_method,status,severity,evidence_hash,limitation FROM evidence_ledger WHERE tenant_id=${tenantId} AND passport_id=${passportId} ORDER BY observed_at DESC`) as any).rows || [];%0A+   const observations = (await db.execute(sql`SELECT id,observation_version,generated_at,previous_observation_id,evidence_ids,finding_ids,canonical_payload_hash,completeness_basis_points,confidence_basis_points,open_finding_count,unknown_dimension_count FROM trust_observations WHERE tenant_id=${tenantId} AND passport_id=${passportId} ORDER BY observation_version DESC`) as any).rows || [];%0A+   const remediation = (await db.execute(sql`SELECT * FROM trust_remediation_work_items WHERE tenant_id=${tenantId} AND passport_id=${passportId} ORDER BY updated_at DESC`) as any).rows || [];%0A+   const verification = (await db.execute(sql`SELECT * FROM remediation_verification_ledger WHERE tenant_id=${tenantId} AND finding_id IN (SELECT id FROM trust_findings WHERE tenant_id=${tenantId} AND passport_id=${passportId}) ORDER BY created_at DESC`) as any).rows || [];%0A+   const latest = observations[0];%0A+   const risk = deriveReportRiskFields(passport as ReportPassportRow);%0A+   const report = {%0A+     schemaVersion: 'spr.report.v2', reportType, generatedAt: new Date().toISOString(), passport: { id: passport.id, name: passport.name },%0A+     risk: { overall: risk.canonicalScore, security: passport.security_score, compliance: passport.compliance_score, verificationStatus: risk.verificationStatus },%0A+     evidenceQuality: { completenessBasisPoints: risk.completenessBasisPoints, confidenceBasisPoints: risk.confidenceBasisPoints, unknownDimensions: latest?.unknown_dimension_count ?? 0, latestObservationAt: latest?.generated_at ?? null },%0A+     findings, evidence, observations, remediation, verification,%0A+     traceability: 'Report -> Passport -> Risk -> Finding -> Observation -> Provider -> Source -> Timestamp -> Hash',%0A+     resolutionTraceability: 'Finding -> remediation -> new observation -> independent verification',%0A+     limitations: evidence.filter((item: any) => item.limitation).map((item: any) => ({ evidenceId: item.id, limitation: item.limitation })),%0A+     ...buildReportTypeExtras(reportType, passport, findings),%0A+   };%0A+   const canonicalPayload = JSON.stringify(report);%0A+   const reportHash = crypto.createHash('sha256').update(canonicalPayload).digest('hex');%0A+   await db.execute(sql`INSERT INTO trust_report_snapshots (id,tenant_id,passport_id,report_type,generated_at,score,confidence_basis_points,completeness_basis_points,evidence_ids,finding_ids,observation_id,canonical_payload_hash,payload,created_at) VALUES (${id('report')},${tenantId},${passportId},${reportType},${report.generatedAt},${risk.canonicalScore},${risk.confidenceBasisPoints},${risk.completenessBasisPoints},${JSON.stringify(evidence.map((item: any) => item.id))},${JSON.stringify(findings.map((item: any) => item.id))},${latest?.id ?? null},${reportHash},${canonicalPayload},${report.generatedAt}) ON CONFLICT (tenant_id,passport_id,report_type,canonical_payload_hash) DO NOTHING`);%0A+   return { ...report, reportHash };%0A+ }%0A+%0A%0A ❯ tests/clientops-remediation-queue-contract.test.ts:46:15%0A%0A

::error file=/home/runner/work/software-passport-registry/software-passport-registry/tests/clientops-remediation-queue-contract.test.ts,title=tests/clientops-remediation-queue-contract.test.ts > client approval endpoint > never lets a Client approve another client's remediation (scoped by client_id%2C not just tenant),line=50,column=22::AssertionError: expected 'import { Router } from \'express\';\n…' to contain 'WHERE id=${req.params.id} AND tenant_…'%0A%0A- Expected%0A+ Received%0A%0A- WHERE id=${req.params.id} AND tenant_id=${tenantId} AND client_id=${clientScope}%0A+ import { Router } from 'express';%0A+ import { sql } from 'drizzle-orm';%0A+ import crypto from 'node:crypto';%0A+ import { z } from 'zod';%0A+ import { AuthenticatedRequest } from '../middleware/security.ts';%0A+ import { decryptCredentials } from '../integrations/credential-vault.ts';%0A+ import { collectDeepProviderEvidence } from '../integrations/deep-collectors.ts';%0A+ import { collectGitHubDeepEvidence } from '../integrations/github-deep.ts';%0A+ import { persistTrustLoop, verifyRemediation } from '../trust/trust-loop.ts';%0A+%0A+ const collectSchema = z.object({ passportId: z.string().trim().min(1).max(255), provider: z.string().trim().min(1).max(64) }).strict();%0A+ const remediationSchema = z.object({%0A+   findingId: z.string().trim().min(1),%0A+   title: z.string().trim().min(1).max(255),%0A+   description: z.string().max(4000).optional(),%0A+   assigneeId: z.string().max(255).optional(),%0A+   assigneeDisplay: z.string().max(255).optional(),%0A+   externalSystem: z.string().trim().min(1).max(64).default('SPR'),%0A+   externalTicketId: z.string().max(255).optional(),%0A+   slaDueAt: z.string().datetime().optional(),%0A+   priority: z.enum(['LOW', 'MEDIUM', 'HIGH', 'CRITICAL']).default('HIGH'),%0A+ }).strict();%0A+ const remediationUpdateSchema = z.object({ status: z.enum(['OPEN', 'IN_PROGRESS', 'BLOCKED', 'READY_FOR_VERIFICATION', 'VERIFIED', 'CLOSED', 'CANCELLED']), ownerId: z.string().max(255).optional(), ownerDisplay: z.string().max(255).optional(), slaDueAt: z.string().datetime().nullable().optional() }).strict();%0A+ const verifySchema = z.object({ findingId: z.string().trim().min(1), observationIds: z.array(z.string().min(1)).max(50), evidenceIds: z.array(z.string().min(1)).max(200) }).strict();%0A+ const reportTypes = z.enum(['executive', 'technical', 'msp', 'customer', 'compliance', 'vendor', 'auditor', 'evidence-ledger']);%0A+ function id(prefix: string) { return `${prefix}_${crypto.randomUUID().replaceAll('-', '')}`; }%0A+ function parseJson(value: unknown, fallback: unknown = []) { try { return value ? JSON.parse(String(value)) : fallback; } catch { return fallback; } }%0A+%0A+ const SEVERITY_ORDER = ['critical', 'high', 'medium', 'low'];%0A+%0A+ export type ReportPassportRow = {%0A+   overall_score: number | null;%0A+   security_score: number | null;%0A+   compliance_score: number | null;%0A+   verification_status: string | null;%0A+   confidence_score: number | null;%0A+   evidence_completeness: number | null;%0A+ };%0A+%0A+ export function deriveReportRiskFields(passport: ReportPassportRow) {%0A+   const verificationStatus = passport.verification_status || 'unverified';%0A+   const isMeasured = verificationStatus !== 'unverified';%0A+   return {%0A+     canonicalScore: isMeasured ? passport.overall_score : null,%0A+     verificationStatus,%0A+     confidenceBasisPoints: isMeasured && passport.confidence_score != null ? Math.round(passport.confidence_score * 100) : null,%0A+     completenessBasisPoints: isMeasured && passport.evidence_completeness != null ? Math.round(passport.evidence_completeness * 100) : null,%0A+   };%0A+ }%0A+%0A+ function buildReportTypeExtras(reportType: string, passport: any, findings: any[]) {%0A+   if (reportType === 'sbom') {%0A+     const components = parseJson(passport.sbom, []) as any[];%0A+     const vulnerabilities = parseJson(passport.vulnerabilities, []) as any[];%0A+     const sbom = components.map((component) => {%0A+       const name = component?.name || component?.packageName || component?.component;%0A+       const matched = vulnerabilities.filter((vuln) => (vuln?.component || vuln?.packageName || vuln?.package) === name);%0A+       return { ...component, vulnerabilityCount: matched.length, criticalOrHighCount: matched.filter((vuln) => SEVERITY_ORDER.slice(0, 2).includes(String(vuln?.severity || '').toLowerCase())).length };%0A+     });%0A+     return { sbom };%0A+   }%0A+   if (reportType === 'compliance') {%0A+     const byControl = new Map<string, { controlId: string; findingCount: number; openCount: number; worstSeverity: string; findingIds: string[] }>();%0A+     for (const finding of findings) {%0A+       const controlId = finding.control_id || 'unmapped';%0A+       const entry = byControl.get(controlId) || { controlId, findingCount: 0, openCount: 0, worstSeverity: 'low', findingIds: [] as string[] };%0A+       entry.findingCount += 1;%0A+       entry.findingIds.push(finding.id);%0A+       if (!['resolved', 'closed', 'verified'].includes(String(finding.status || '').toLowerCase())) entry.openCount += 1;%0A+       const severity = String(finding.severity || '').toLowerCase();%0A+       if (SEVERITY_ORDER.includes(severity) && SEVERITY_ORDER.indexOf(severity) < SEVERITY_ORDER.indexOf(entry.worstSeverity)) entry.worstSeverity = severity;%0A+       byControl.set(controlId, entry);%0A+     }%0A+     return { controls: [...byControl.values()] };%0A+   }%0A+   return {};%0A+ }%0A+%0A+ export function createTrustLoopRouter() {%0A+   const router = Router();%0A+%0A+   router.post('/collect', async (req: AuthenticatedRequest, res, next) => {%0A+     const parsed = collectSchema.safeParse(req.body);%0A+     if (!parsed.success) return res.status(400).json({ error: 'INVALID_PAYLOAD', details: parsed.error.flatten() });%0A+     const { passportId, provider } = parsed.data;%0A+     const tenantId = req.user!.tenantId;%0A+     const runId = id('collect');%0A+     const startedAt = new Date().toISOString();%0A+     const db = req.db!;%0A+     try {%0A+       const passport = (await db.execute(sql`SELECT id,client_id FROM passports WHERE id=${passportId} AND tenant_id=${tenantId} LIMIT 1`) as any).rows?.[0];%0A+       if (!passport) return res.status(404).json({ error: 'PASSPORT_NOT_FOUND' });%0A+       const stored = (await db.execute(sql`SELECT encrypted_payload FROM integration_credentials WHERE tenant_id=${tenantId} AND provider=${provider} LIMIT 1`) as any).rows?.[0];%0A+       if (!stored?.encrypted_payload) return res.status(409).json({ error: 'CREDENTIAL_NOT_CONFIGURED' });%0A+%0A+       await db.execute(sql`INSERT INTO trust_collection_runs (id,tenant_id,passport_id,provider,started_at,status,idempotency_key,created_at) VALUES (${runId},${tenantId},${passportId},${provider},${startedAt},'RUNNING',${`${tenantId}:${passportId}:${provider}:${startedAt}`},${startedAt})`);%0A+       const credentials = decryptCredentials(stored.encrypted_payload) as Record<string, string>;%0A+       const observations = provider === 'github' ? await collectGitHubDeepEvidence(credentials) : await collectDeepProviderEvidence(provider as any, credentials);%0A+       const result = await persistTrustLoop({ tenantId, passportId, clientId: passport.client_id || passport.id, assetId: passport.id, observations, generationReason: 'provider_collection', actorType: 'worker', collectorVersionMap: { [provider]: 'deep-v2' } });%0A+       const completedAt = new Date().toISOString();%0A+       await db.execute(sql`UPDATE trust_collection_runs SET completed_at=${completedAt},status='SUCCEEDED',observation_count=${observations.length},evidence_count=${result.evidenceIds.length},failure_count=${observations.filter((o) => o.status === 'FAIL').length},collector_version='deep-v2' WHERE id=${runId} AND tenant_id=${tenantId}`);%0A+       await db.execute(sql`INSERT INTO trust_monitoring_state (id,tenant_id,passport_id,provider,next_run_at,last_run_at,last_success_at,last_evidence_hash,consecutive_failures,status,updated_at) VALUES (${id('monitor')},${tenantId},${passportId},${provider},${new Date(Date.now()+3600000).toISOString()},${completedAt},${completedAt},${result.payloadHash},0,'HEALTHY',${completedAt}) ON CONFLICT (tenant_id,passport_id,provider) DO UPDATE SET next_run_at=EXCLUDED.next_run_at,last_run_at=EXCLUDED.last_run_at,last_success_at=EXCLUDED.last_success_at,last_evidence_hash=EXCLUDED.last_evidence_hash,consecutive_failures=0,status='HEALTHY',updated_at=EXCLUDED.updated_at`);%0A+       return res.json({ runId, provider, observationCount: observations.length, ...result });%0A+     } catch (error) {%0A+       const completedAt = new Date().toISOString();%0A+       await db.execute(sql`UPDATE trust_collection_runs SET completed_at=${completedAt},status='FAILED',error_code='COLLECTION_FAILED',error_message=${error instanceof Error ? error.message.slice(0,1000) : 'COLLECTION_FAILED'} WHERE id=${runId} AND tenant_id=${tenantId}`).catch(() => undefined);%0A+       await db.execute(sql`UPDATE trust_monitoring_state SET last_run_at=${completedAt},last_failure_at=${completedAt},consecutive_failures=consecutive_failures+1,status=CASE WHEN consecutive_failures+1 >= 5 THEN 'FAILED' ELSE 'DEGRADED' END,updated_at=${completedAt} WHERE tenant_id=${tenantId} AND passport_id=${passportId} AND provider=${provider}`).catch(() => undefined);%0A+       return next(error);%0A+     }%0A+   });%0A+%0A+   const findingsWithRemediationSelect = sql`%0A+     SELECT f.*, r.id AS remediation_id, r.status AS remediation_status, r.owner_id AS remediation_owner_id,%0A+            r.owner_display AS remediation_owner_display, r.sla_due_at AS remediation_sla_due_at, r.updated_at AS remediation_updated_at%0A+     FROM trust_findings f%0A+     LEFT JOIN LATERAL (%0A+       SELECT * FROM trust_remediation_work_items w%0A+       WHERE w.tenant_id = f.tenant_id AND w.finding_id = f.id%0A+       ORDER BY w.created_at DESC LIMIT 1%0A+     ) r ON true%0A+   `;%0A+   router.get('/findings', async (req: AuthenticatedRequest, res, next) => {%0A+     try {%0A+       const db = req.db!;%0A+       const tenantId = req.user!.tenantId;%0A+       const passportId = typeof req.query.passportId === 'string' ? req.query.passportId : null;%0A+       const rows = passportId%0A+         ? await db.execute(sql`${findingsWithRemediationSelect} WHERE f.tenant_id=${tenantId} AND f.passport_id=${passportId} ORDER BY CASE f.severity WHEN 'critical' THEN 1 WHEN 'high' THEN 2 WHEN 'medium' THEN 3 WHEN 'low' THEN 4 ELSE 5 END,f.updated_at DESC`)%0A+         : await db.execute(sql`${findingsWithRemediationSelect} WHERE f.tenant_id=${tenantId} ORDER BY f.updated_at DESC`);%0A+       return res.json({ findings: (rows as any).rows || [] });%0A+     } catch (error) { return next(error); }%0A+   });%0A+%0A+   router.post('/remediations', async (req: AuthenticatedRequest, res, next) => {%0A+     const parsed = remediationSchema.safeParse(req.body);%0A+     if (!parsed.success) return res.status(400).json({ error: 'INVALID_PAYLOAD', details: parsed.error.flatten() });%0A+     try {%0A+       const db = req.db!;%0A+       const p = parsed.data;%0A+       const tenantId = req.user!.tenantId;%0A+       const finding = (await db.execute(sql`SELECT id,client_id,passport_id,title,description FROM trust_findings WHERE id=${p.findingId} AND tenant_id=${tenantId} LIMIT 1`) as any).rows?.[0];%0A+       if (!finding) return res.status(404).json({ error: 'FINDING_NOT_FOUND' });%0A+       const now = new Date().toISOString();%0A+       const workId = id('remed');%0A+       await db.execute(sql`INSERT INTO trust_remediation_work_items (id,tenant_id,passport_id,finding_id,external_system,external_ticket_id,owner_id,owner_display,sla_due_at,status,remediation_plan,created_at,updated_at) VALUES (${workId},${tenantId},${finding.passport_id},${finding.id},${p.externalSystem},${p.externalTicketId ?? null},${p.assigneeId ?? null},${p.assigneeDisplay ?? null},${p.slaDueAt ?? null},'OPEN',${p.description || finding.description},${now},${now})`);%0A+       await db.execute(sql`INSERT INTO remediation_tasks (id,tenant_id,client_id,alert_id,title,description,priority,status,assignee_id,created_by,created_at,updated_at) VALUES (${workId},${tenantId},${finding.client_id},${finding.id},${p.title},${p.description || finding.description},${p.priority},'OPEN',${p.assigneeId ?? null},${req.user!.uid},${now},${now})`);%0A+       const created = (await db.execute(sql`SELECT * FROM trust_remediation_work_items WHERE id=${workId} AND tenant_id=${tenantId} LIMIT 1`) as any).rows?.[0];%0A+       return res.status(201).json({ ...created, title: p.title });%0A+     } catch (error) { return next(error); }%0A+   });%0A+%0A+   router.get('/remediations/:id', async (req: AuthenticatedRequest, res, next) => {%0A+     try {%0A+       const db = req.db!;%0A+       const tenantId = req.user!.tenantId;%0A+       const row = (await db.execute(sql`SELECT w.*, f.title AS finding_title FROM trust_remediation_work_items w JOIN trust_findings f ON f.id = w.finding_id AND f.tenant_id = w.tenant_id WHERE w.id=${req.params.id} AND w.tenant_id=${tenantId} LIMIT 1`) as any).rows?.[0];%0A+       if (!row) return res.status(404).json({ error: 'REMEDIATION_NOT_FOUND' });%0A+       return res.json({ ...row, title: row.finding_title });%0A+     } catch (error) { return next(error); }%0A+   });%0A+%0A+   router.post('/remediations/:id/verify-latest', async (req: AuthenticatedRequest, res, next) => {%0A+     try {%0A+       const db = req.db!;%0A+       const tenantId = req.user!.tenantId;%0A+       const work = (await db.execute(sql`SELECT id,finding_id,passport_id FROM trust_remediation_work_items WHERE id=${req.params.id} AND tenant_id=${tenantId} LIMIT 1`) as any).rows?.[0];%0A+       if (!work) return res.status(404).json({ error: 'REMEDIATION_NOT_FOUND' });%0A+       const latestObservation = (await db.execute(sql`SELECT id,evidence_ids FROM trust_observations WHERE tenant_id=${tenantId} AND passport_id=${work.passport_id} ORDER BY observation_version DESC LIMIT 1`) as any).rows?.[0];%0A+       if (!latestObservation) return res.status(409).json({ error: 'NO_OBSERVATION_ON_FILE', message: 'SPR has no recorded observation for this software yet. Collect evidence before verifying.' });%0A+       const evidenceIds: string[] = parseJson(latestObservation.evidence_ids, []) as string[];%0A+       const result = await verifyRemediation({ tenantId, findingId: work.finding_id, observationIds: [latestObservation.id], evidenceIds, actorId: req.user!.uid });%0A+       const now = new Date().toISOString();%0A+       await db.execute(sql`UPDATE trust_remediation_work_items SET status='VERIFIED',updated_at=${now},closed_at=${now} WHERE id=${work.id} AND tenant_id=${tenantId}`);%0A+       const row = (await db.execute(sql`SELECT * FROM trust_remediation_work_items WHERE id=${work.id} AND tenant_id=${tenantId} LIMIT 1`) as any).rows?.[0];%0A+       return res.json({ ...row, verification: result });%0A+     } catch (error: any) {%0A+       const message = error instanceof Error ? error.message : String(error);%0A+       if (/^VERIFICATION_|^FINDING_NOT_FOUND$/.test(message)) return res.status(409).json({ error: message });%0A+       return next(error);%0A+     }%0A+   });%0A+%0A+   router.patch('/remediations/:id', async (req: AuthenticatedRequest, res, next) => {%0A+     const parsed = remediationUpdateSchema.safeParse(req.body);%0A+     if (!parsed.success) return res.status(400).json({ error: 'INVALID_PAYLOAD', details: parsed.error.flatten() });%0A+     try {%0A+       const db = req.db!;%0A+       const tenantId = req.user!.tenantId;%0A+       const p = parsed.data;%0A+       const now = new Date().toISOString();%0A+       const rows = await db.execute(sql`UPDATE trust_remediation_work_items SET status=${p.status},owner_id=COALESCE(${p.ownerId ?? null},owner_id),owner_display=COALESCE(${p.ownerDisplay ?? null},owner_display),sla_due_at=CASE WHEN ${p.slaDueAt === undefined} THEN sla_due_at ELSE ${p.slaDueAt} END,updated_at=${now},closed_at=CASE WHEN ${p.status} IN ('CLOSED','VERIFIED') THEN ${now} ELSE closed_at END WHERE id=${req.params.id} AND tenant_id=${tenantId} RETURNING *`);%0A+       const row = (rows as any).rows?.[0];%0A+       if (!row) return res.status(404).json({ error: 'REMEDIATION_NOT_FOUND' });%0A+       return res.json(row);%0A+     } catch (error) { return next(error); }%0A+   });%0A+%0A+   router.post('/verify', async (req: AuthenticatedRequest, res, next) => {%0A+     const parsed = verifySchema.safeParse(req.body);%0A+     if (!parsed.success) return res.status(400).json({ error: 'INVALID_PAYLOAD', details: parsed.error.flatten() });%0A+     try {%0A+       const db = req.db!;%0A+       const result = await verifyRemediation({ ...parsed.data, tenantId: req.user!.tenantId, actorId: req.user!.uid });%0A+       await db.execute(sql`UPDATE trust_remediation_work_items SET status='VERIFIED',updated_at=${new Date().toISOString()},closed_at=${new Date().toISOString()} WHERE tenant_id=${req.user!.tenantId} AND finding_id=${parsed.data.findingId}`);%0A+       return res.json(result);%0A+     } catch (error) { return next(error); }%0A+   });%0A+%0A+   router.get('/monitoring', async (req: AuthenticatedRequest, res, next) => {%0A+     try {%0A+       const db = req.db!;%0A+       const tenantId = req.user!.tenantId;%0A+       const passportId = typeof req.query.passportId === 'string' ? req.query.passportId : null;%0A+       const rows = passportId ? await db.execute(sql`SELECT * FROM trust_monitoring_state WHERE tenant_id=${tenantId} AND passport_id=${passportId} ORDER BY provider`) : await db.execute(sql`SELECT * FROM trust_monitoring_state WHERE tenant_id=${tenantId} ORDER BY passport_id,provider`);%0A+       const alerts = passportId ? await db.execute(sql`SELECT * FROM trust_alerts WHERE tenant_id=${tenantId} AND passport_id=${passportId} ORDER BY created_at DESC`) : await db.execute(sql`SELECT * FROM trust_alerts WHERE tenant_id=${tenantId} ORDER BY created_at DESC`);%0A+       return res.json({ monitoring: (rows as any).rows || [], alerts: (alerts as any).rows || [] });%0A+     } catch (error) { return next(error); }%0A+   });%0A+%0A+   router.get('/ledger/:passportId', async (req: AuthenticatedRequest, res, next) => {%0A+     try {%0A+       const db = req.db!;%0A+       const tenantId = req.user!.tenantId;%0A+       const passportId = req.params.passportId;%0A+       const scope = await db.execute(sql`SELECT id FROM passports WHERE id=${passportId} AND tenant_id=${tenantId} LIMIT 1`);%0A+       if (!(scope as any).rows?.length) return res.status(404).json({ error: 'PASSPORT_NOT_FOUND' });%0A+       const observations = await db.execute(sql`SELECT id,observation_version,generated_at,previous_observation_id,evidence_ids,finding_ids,canonical_payload_hash,completeness_basis_points,open_finding_count,unknown_dimension_count FROM trust_observations WHERE tenant_id=${tenantId} AND passport_id=${passportId} ORDER BY observation_version DESC`);%0A+       const evidence = await db.execute(sql`SELECT id,provider,control_id,subject,source_url,observed_at,verification_method,status,severity,evidence_hash,limitation FROM evidence_ledger WHERE tenant_id=${tenantId} AND passport_id=${passportId} ORDER BY observed_at DESC`);%0A+       const findings = await db.execute(sql`SELECT id,control_id,title,severity,status,evidence_ids,fingerprint,updated_at,resolved_at FROM trust_findings WHERE tenant_id=${tenantId} AND passport_id=${passportId} ORDER BY updated_at DESC`);%0A+       const remediation = await db.execute(sql`SELECT * FROM trust_remediation_work_items WHERE tenant_id=${tenantId} AND passport_id=${passportId} ORDER BY updated_at DESC`);%0A+       const verification = await db.execute(sql`SELECT * FROM remediation_verification_ledger WHERE tenant_id=${tenantId} AND finding_id IN (SELECT id FROM trust_findings WHERE tenant_id=${tenantId} AND passport_id=${passportId}) ORDER BY created_at DESC`);%0A+       return res.json({ observations: (observations as any).rows || [], findings: (findings as any).rows || [], evidence: (evidence as any).rows || [], remediation: (remediation as any).rows || [], verification: (verification as any).rows || [], trace: 'Report -> Passport -> Risk -> Finding -> Observation -> Provider -> Source -> Timestamp -> Hash' });%0A+     } catch (error) { return next(error); }%0A+   });%0A+%0A+   router.get('/reports/:passportId/history', async (req: AuthenticatedRequest, res, next) => {%0A+     try {%0A+       const db = req.db!;%0A+       const tenantId = req.user!.tenantId;%0A+       const passportId = req.params.passportId;%0A+       const typeFilter = typeof req.query.type === 'string' ? reportTypes.safeParse(req.query.type) : null;%0A+       if (typeFilter && !typeFilter.success) return res.status(400).json({ error: 'INVALID_REPORT_TYPE' });%0A+       const rows = typeFilter?.success%0A+         ? await db.execute(sql`SELECT id,report_type,generated_at,score,confidence_basis_points,completeness_basis_points,canonical_payload_hash FROM trust_report_snapshots WHERE tenant_id=${tenantId} AND passport_id=${passportId} AND report_type=${typeFilter.data} ORDER BY generated_at DESC LIMIT 50`)%0A+         : await db.execute(sql`SELECT id,report_type,generated_at,score,confidence_basis_points,completeness_basis_points,canonical_payload_hash FROM trust_report_snapshots WHERE tenant_id=${tenantId} AND passport_id=${passportId} ORDER BY generated_at DESC LIMIT 50`);%0A+       return res.json({ snapshots: (rows as any).rows || [] });%0A+     } catch (error) { return next(error); }%0A+   });%0A+%0A+   router.get('/reports/:passportId/history/:snapshotId', async (req: AuthenticatedRequest, res, next) => {%0A+     try {%0A+       const db = req.db!;%0A+       const tenantId = req.user!.tenantId;%0A+       const row = (await db.execute(sql`SELECT payload,canonical_payload_hash,generated_at,report_type FROM trust_report_snapshots WHERE id=${req.params.snapshotId} AND tenant_id=${tenantId} AND passport_id=${req.params.passportId} LIMIT 1`) as any).rows?.[0];%0A+       if (!row) return res.status(404).json({ error: 'REPORT_SNAPSHOT_NOT_FOUND' });%0A+       const payload = parseJson(row.payload, {});%0A+       return res.json({ ...(payload as object), reportHash: row.canonical_payload_hash });%0A+     } catch (error) { return next(error); }%0A+   });%0A+%0A+   router.get('/reports/:passportId', async (req: AuthenticatedRequest, res, next) => {%0A+     try {%0A+       const parsed = reportTypes.safeParse(req.query.type || 'executive');%0A+       if (!parsed.success) return res.status(400).json({ error: 'INVALID_REPORT_TYPE' });%0A+       const report = await buildAndPersistReport(req.db!, req.user!.tenantId, String(req.params.passportId), parsed.data);%0A+       if (!report) return res.status(404).json({ error: 'PASSPORT_NOT_FOUND' });%0A+       return res.json(report);%0A+     } catch (error) { return next(error); }%0A+   });%0A+%0A+   return router;%0A+ }%0A+%0A+ export async function buildAndPersistReport(db: any, tenantId: string, passportId: string, reportType: string) {%0A+   const passport = (await db.execute(sql`SELECT id,name,overall_score,security_score,compliance_score,verification_status,confidence_score,evidence_completeness,sbom,evidence,vulnerabilities,timeline FROM passports WHERE id=${passportId} AND tenant_id=${tenantId} LIMIT 1`) as any).rows?.[0];%0A+   if (!passport) return null;%0A+   const findings = (await db.execute(sql`SELECT id,control_id,title,severity,status,description,remediation,evidence_ids,updated_at,resolved_at FROM trust_findings WHERE tenant_id=${tenantId} AND passport_id=${passportId} ORDER BY CASE severity WHEN 'critical' THEN 1 WHEN 'high' THEN 2 WHEN 'medium' THEN 3 WHEN 'low' THEN 4 ELSE 5 END,updated_at DESC`) as any).rows || [];%0A+   const evidence = (await db.execute(sql`SELECT id,provider,control_id,subject,source_url,observed_at,verification_method,status,severity,evidence_hash,limitation FROM evidence_ledger WHERE tenant_id=${tenantId} AND passport_id=${passportId} ORDER BY observed_at DESC`) as any).rows || [];%0A+   const observations = (await db.execute(sql`SELECT id,observation_version,generated_at,previous_observation_id,evidence_ids,finding_ids,canonical_payload_hash,completeness_basis_points,confidence_basis_points,open_finding_count,unknown_dimension_count FROM trust_observations WHERE tenant_id=${tenantId} AND passport_id=${passportId} ORDER BY observation_version DESC`) as any).rows || [];%0A+   const remediation = (await db.execute(sql`SELECT * FROM trust_remediation_work_items WHERE tenant_id=${tenantId} AND passport_id=${passportId} ORDER BY updated_at DESC`) as any).rows || [];%0A+   const verification = (await db.execute(sql`SELECT * FROM remediation_verification_ledger WHERE tenant_id=${tenantId} AND finding_id IN (SELECT id FROM trust_findings WHERE tenant_id=${tenantId} AND passport_id=${passportId}) ORDER BY created_at DESC`) as any).rows || [];%0A+   const latest = observations[0];%0A+   const risk = deriveReportRiskFields(passport as ReportPassportRow);%0A+   const report = {%0A+     schemaVersion: 'spr.report.v2', reportType, generatedAt: new Date().toISOString(), passport: { id: passport.id, name: passport.name },%0A+     risk: { overall: risk.canonicalScore, security: passport.security_score, compliance: passport.compliance_score, verificationStatus: risk.verificationStatus },%0A+     evidenceQuality: { completenessBasisPoints: risk.completenessBasisPoints, confidenceBasisPoints: risk.confidenceBasisPoints, unknownDimensions: latest?.unknown_dimension_count ?? 0, latestObservationAt: latest?.generated_at ?? null },%0A+     findings, evidence, observations, remediation, verification,%0A+     traceability: 'Report -> Passport -> Risk -> Finding -> Observation -> Provider -> Source -> Timestamp -> Hash',%0A+     resolutionTraceability: 'Finding -> remediation -> new observation -> independent verification',%0A+     limitations: evidence.filter((item: any) => item.limitation).map((item: any) => ({ evidenceId: item.id, limitation: item.limitation })),%0A+     ...buildReportTypeExtras(reportType, passport, findings),%0A+   };%0A+   const canonicalPayload = JSON.stringify(report);%0A+   const reportHash = crypto.createHash('sha256').update(canonicalPayload).digest('hex');%0A+   await db.execute(sql`INSERT INTO trust_report_snapshots (id,tenant_id,passport_id,report_type,generated_at,score,confidence_basis_points,completeness_basis_points,evidence_ids,finding_ids,observation_id,canonical_payload_hash,payload,created_at) VALUES (${id('report')},${tenantId},${passportId},${reportType},${report.generatedAt},${risk.canonicalScore},${risk.confidenceBasisPoints},${risk.completenessBasisPoints},${JSON.stringify(evidence.map((item: any) => item.id))},${JSON.stringify(findings.map((item: any) => item.id))},${latest?.id ?? null},${reportHash},${canonicalPayload},${report.generatedAt}) ON CONFLICT (tenant_id,passport_id,report_type,canonical_payload_hash) DO NOTHING`);%0A+   return { ...report, reportHash };%0A+ }%0A+%0A%0A ❯ tests/clientops-remediation-queue-contract.test.ts:50:22%0A%0A

::error file=/home/runner/work/software-passport-registry/software-passport-registry/tests/clientops-remediation-queue-contract.test.ts,title=tests/clientops-remediation-queue-contract.test.ts > client approval endpoint > is carved out of the router-wide staff-only mutation gate%2C which otherwise blocks every Client-role POST under /api/trust-loop,line=54,column=15::AssertionError: expected 'import express, { type NextFunction, …' to contain '/\/remediations\/[^/]+\/approve$/.tes…'%0A%0A- Expected%0A+ Received%0A%0A- /\/remediations\/[^/]+\/approve$/.test(req.path)%0A+ import express, { type NextFunction, type Request, type Response } from 'express';%0A+ import cors from 'cors';%0A+ import helmet from 'helmet';%0A+ import * as Sentry from '@sentry/node';%0A+ import path from 'node:path';%0A+ import { fileURLToPath } from 'node:url';%0A+ import { randomUUID } from 'node:crypto';%0A+ import { config, validateConfiguration } from './src/config.ts';%0A+ import { checkDatabaseHealth, closeDatabase, db } from './src/db/index.ts';%0A+ import { sql } from 'drizzle-orm';%0A+ import { AuthenticatedRequest, rateLimiter, requireAuth, requireRole } from './src/middleware/security.ts';%0A+ import { createAuthRouter } from './src/routes/auth.ts';%0A+ import { createConnectRouter } from './src/routes/connect.ts';%0A+ import { createIntegrationsRouter } from './src/routes/integrations.ts';%0A+ import { createLiveIntegrationsRouter } from './src/routes/integrations-live.ts';%0A+ import { createMonitoringRouter } from './src/routes/monitoring.ts';%0A+ import { createPublicConnectRouter } from './src/routes/public-connect.ts';%0A+ import { createScansRouter } from './src/routes/scans.ts';%0A+ import { createComplianceRouter } from './src/routes/compliance.ts';%0A+ import { createTrustLoopRouter } from './src/routes/trust-loop.ts';%0A+ import { createIntegrationMonitoringRouter } from './src/routes/integration-monitoring.ts';%0A+ import { createAgentApiRouter } from './src/routes/agent-api.ts';%0A+ import { createMspRouter } from './src/routes/msp.ts';%0A+ import { createAiTrustRouter } from './src/routes/ai-trust.ts';%0A+ import { createMcpTransport } from './src/mcp/transport.ts';%0A+ import { executePublicMcpTool } from './src/mcp/execute.ts';%0A+%0A+ const app = express();%0A+ const startedAt = Date.now();%0A+ const requestBodyLimit = process.env.REQUEST_BODY_LIMIT || '2mb';%0A+ const requestHeaderTimeoutMs = Number(process.env.REQUEST_HEADER_TIMEOUT_MS || 15_000);%0A+ const requestTimeoutMs = Number(process.env.REQUEST_TIMEOUT_MS || 120_000);%0A+ const keepAliveTimeoutMs = Number(process.env.KEEP_ALIVE_TIMEOUT_MS || 65_000);%0A+%0A+ async function ensureInitialSelfPassport() {%0A+   const owner = (await db.execute(sql`SELECT tenant_id AS "tenantId" FROM users WHERE role = 'Owner' ORDER BY created_at ASC LIMIT 1`)).rows?.[0] as { tenantId?: string } | undefined;%0A+   if (!owner?.tenantId) {%0A+     console.warn('[SPR] Initial self-passport skipped: no Owner tenant exists yet.');%0A+     return;%0A+   }%0A+   await db.execute(sql`%0A+     INSERT INTO passports (%0A+       id, tenant_id, name, version, publisher, category, overall_score,%0A+       security_score, compliance_score, vendor_reputation_score, release_date,%0A+       file_hash, license_type, ai_summary, sbom, evidence, vulnerabilities, timeline%0A+     ) VALUES (%0A+       'passport_spr_self', ${owner.tenantId}, 'Software Passport Registry', '1.0.0',%0A+       'SPR', 'Platform', 0, 0, 0, 0, CURRENT_DATE::text, 'not-observed',%0A+       'Unknown', 'Initial SPR self-passport. Evidence collection is pending.',%0A+       '[]', '[]', '[]', '[]'%0A+     )%0A+     ON CONFLICT (id) DO NOTHING%0A+   `);%0A+   console.info('[SPR] Initial self-passport ready.');%0A+ }%0A+%0A+ export function normalizeAllowedOrigins(origins: string[]): string[] {%0A+   return [...new Set(origins.map((origin) => new URL(origin).origin))].sort();%0A+ }%0A+%0A+ if (config.trustProxy) app.set('trust proxy', 1);%0A+ app.disable('x-powered-by');%0A+ if (config.sentry.dsn) Sentry.init({ dsn: config.sentry.dsn, environment: config.nodeEnv, tracesSampleRate: config.isProduction ? 0.1 : 1.0 });%0A+ const allowedOrigins = new Set(normalizeAllowedOrigins(config.allowedOrigins));%0A+ const appOrigin = config.appUrl ? new URL(config.appUrl).origin : undefined;%0A+ const corsOrigin = (origin: string | undefined, callback: (error: Error | null, allow?: boolean) => void) => {%0A+   if (!origin) return callback(null, true);%0A+   try {%0A+     const normalizedOrigin = new URL(origin).origin;%0A+     if (allowedOrigins.has(normalizedOrigin)) return callback(null, true);%0A+   } catch (_) {}%0A+   return callback(new Error('CORS origin denied'));%0A+ };%0A+ app.use(helmet({ contentSecurityPolicy: { useDefaults: false, directives: { defaultSrc: ["'self'"], baseUri: ["'self'"], objectSrc: ["'none'"], frameAncestors: ["'none'"], formAction: ["'self'"], scriptSrc: ["'self'"], styleSrc: ["'self'", "'unsafe-inline'"], imgSrc: ["'self'", 'data:', 'blob:', 'https:'], fontSrc: ["'self'", 'data:', 'https:'], connectSrc: ["'self'", ...(appOrigin ? [appOrigin] : [])], frameSrc: ["'self'", 'https:'], workerSrc: ["'self'", 'blob:'], manifestSrc: ["'self'"], upgradeInsecureRequests: [] } }, crossOriginEmbedderPolicy: false, frameguard: { action: 'deny' }, referrerPolicy: { policy: 'no-referrer' } }));%0A+ app.use(cors({ origin: corsOrigin, credentials: true, methods: ['GET', 'HEAD', 'POST', 'PUT', 'PATCH', 'DELETE', 'OPTIONS'], allowedHeaders: ['Authorization', 'Content-Type', 'X-Request-ID', 'X-API-Key'] }));%0A+ app.use((req, res, next) => { if (req.method === 'TRACE' || req.method === 'CONNECT') return res.status(405).json({ error: { code: 'METHOD_NOT_ALLOWED', message: 'HTTP method is not allowed.' } }); if (req.headers['content-length'] && !/^\d+$/.test(String(req.headers['content-length']))) return res.status(400).json({ error: { code: 'INVALID_CONTENT_LENGTH', message: 'Invalid Content-Length header.' } }); return next(); });%0A+ app.use(express.json({ limit: requestBodyLimit, strict: true, type: ['application/json', 'application/*+json'] }));%0A+ app.use(express.urlencoded({ extended: false, limit: requestBodyLimit }));%0A+ app.use((req, res, next) => { const supplied = req.headers['x-request-id']; const requestId = typeof supplied === 'string' && /^[A-Za-z0-9._:-]{1,100}$/.test(supplied) ? supplied : `req_${randomUUID()}`; res.setHeader('X-Request-ID', requestId); res.setHeader('Cache-Control', req.path.startsWith('/api/') ? 'no-store, max-age=0' : 'public, max-age=0, must-revalidate'); res.locals.requestId = requestId; next(); });%0A+ app.use((req, res, next) => { if (config.isProduction && config.enforceHttps && !req.secure && req.path !== '/health' && req.path !== '/ready' && req.path !== '/api/health' && req.path !== '/api/ready') { if (!appOrigin) return res.status(503).json({ error: { code: 'HTTPS_CONFIGURATION_ERROR', message: 'HTTPS redirect target is not configured.' } }); return res.redirect(308, `${appOrigin}${req.originalUrl}`); } return next(); });%0A+ app.get('/health', (_req, res) => res.status(200).json({ status: 'ok', service: 'spr-app', uptimeSeconds: Math.floor((Date.now() - startedAt) / 1000) }));%0A+ const readinessHandler = async (_req: Request, res: Response) => { const database = await checkDatabaseHealth(); const ready = database.ok; res.status(ready ? 200 : 503).json({ status: ready ? 'ready' : 'not_ready', checks: { database: database.ok ? database : { ok: false, latencyMs: database.latencyMs, error: 'DATABASE_UNAVAILABLE' } }, uptimeSeconds: Math.floor((Date.now() - startedAt) / 1000) }); };%0A+ app.get('/ready', readinessHandler);%0A+ app.get('/api/ready', readinessHandler);%0A+ app.get('/api/health', async (_req, res) => { const database = await checkDatabaseHealth(); res.status(database.ok ? 200 : 503).json({ status: database.ok ? 'ok' : 'degraded', database: database.ok ? database : { ok: false, latencyMs: database.latencyMs, error: 'DATABASE_UNAVAILABLE' } }); });%0A+ app.use('/api', rateLimiter);%0A+ app.use('/api', createAuthRouter());%0A+ app.use('/api', createPublicConnectRouter());%0A+ const connectRouter = createConnectRouter();%0A+ app.use('/api', connectRouter);%0A+ app.use('/api/connect', connectRouter);%0A+ app.use('/api/integrations/connect', connectRouter);%0A+ app.post('/api/ai/analyze-passport', requireAuth, async (req: AuthenticatedRequest, res, next) => {%0A+   try {%0A+     const passportId = typeof req.body?.passportId === 'string' ? req.body.passportId.trim() : '';%0A+     if (!passportId) return res.status(400).json({ error: { code: 'PASSPORT_ID_REQUIRED', message: 'passportId is required.' } });%0A+     const db = req.db!;%0A+     const result = await db.execute(sql`%0A+       SELECT name, version, publisher, overall_score AS "overallScore",%0A+              jsonb_array_length(COALESCE(NULLIF(evidence, '')::jsonb, '[]'::jsonb)) AS "evidenceCount",%0A+              jsonb_array_length(COALESCE(NULLIF(vulnerabilities, '')::jsonb, '[]'::jsonb)) AS "findingCount"%0A+       FROM passports%0A+       WHERE id = ${passportId} AND tenant_id = ${req.user!.tenantId}%0A+       LIMIT 1%0A+     `);%0A+     const passport = (result.rows?.[0] ?? null) as {%0A+       name?: string; version?: string; publisher?: string; overallScore?: number | null;%0A+       evidenceCount?: number; findingCount?: number;%0A+     } | null;%0A+     if (!passport) return res.status(404).json({ error: { code: 'PASSPORT_NOT_FOUND', message: 'Passport not found.' } });%0A+     const status = passport.overallScore == null ? 'not verified' : `score ${passport.overallScore}`;%0A+     return res.json({ passportId, analysis: `${passport.name ?? 'Passport'} ${passport.version ?? ''} by ${passport.publisher ?? 'unknown publisher'} is ${status}. Evidence records: ${passport.evidenceCount ?? 0}. Findings: ${passport.findingCount ?? 0}. Authoritative verification requires durable backend evidence.` });%0A+   } catch (error) { return next(error); }%0A+ });%0A+ app.use('/api/integrations', createIntegrationsRouter());%0A+ app.use('/api/integrations-live', createLiveIntegrationsRouter());%0A+ const requireTrustMutationRole = (req: Request, res: Response, next: NextFunction) => { if (['GET', 'HEAD', 'OPTIONS'].includes(req.method)) return next(); return requireRole(['Owner', 'Admin', 'Operator', 'Technician'])(req as AuthenticatedRequest, res, next); };%0A+ app.use('/api/trust-loop', requireAuth, requireTrustMutationRole);%0A+ app.use('/api/trust-loop', createTrustLoopRouter());%0A+ app.use('/api/integration-monitoring', createIntegrationMonitoringRouter());%0A+ app.use('/api/monitoring', createMonitoringRouter());%0A+ app.use('/api/agent/v1', createAgentApiRouter());%0A+ app.use('/api/msp', requireAuth, createMspRouter());%0A+ app.use('/api/ai-trust', requireAuth, createAiTrustRouter());%0A+%0A+ const mcpBearer = process.env.SPR_MCP_BEARER_TOKEN;%0A+ if (mcpBearer) {%0A+   const mcpTransport = createMcpTransport({ expectedBearer: mcpBearer, executeTool: async (tool, args) => executePublicMcpTool(tool, args) });%0A+   app.post('/mcp', async (req, res) => { const response = await mcpTransport(new Request(`${config.appUrl || 'https://localhost'}/mcp`, { method: 'POST', headers: req.headers as Record<string, string>, body: JSON.stringify(req.body) })); res.status(response.status); response.headers.forEach((value, key) => res.setHeader(key, value)); res.send(Buffer.from(await response.arrayBuffer())); });%0A+ }%0A+%0A+ app.use('/api', createScansRouter());%0A+ app.use('/api/compliance', createComplianceRouter());%0A+ const publicDir = __dirname;%0A+ app.use(express.static(publicDir, { index: false, maxAge: config.isProduction ? '1y' : 0 }));%0A+ app.get('/*splat', (req, res, next) => { if (req.path.startsWith('/api/') || req.path === '/mcp') return next(); return res.sendFile(path.join(publicDir, 'index.html'), error => error ? next(error) : undefined); });%0A+ app.use((req, res, next) => { if (req.path.startsWith('/api/') || req.path === '/mcp') return res.status(404).json({ error: 'Route not found.', code: 'NOT_FOUND', requestId: res.locals.requestId }); return next(); });%0A+ app.use((err: any, req: Request, res: Response, next: NextFunction) => { if (res.headersSent) return next(err); const requestId = res.locals.requestId || `req_${randomUUID()}`; const status = Number.isInteger(err?.status) && err.status >= 400 && err.status < 600 ? err.status : 500; console.error('[HTTP_ERROR]', { requestId, status, method: req.method, path: req.path, message: err?.message || String(err) }); if (config.sentry.dsn) Sentry.captureException(err, { tags: { requestId } }); return res.status(status).json({ error: { code: status === 500 ? 'INTERNAL_SERVER_ERROR' : 'REQUEST_FAILED', message: status === 500 ? 'An unexpected server error occurred.' : err?.message || 'Request failed.', requestId } }); });%0A+ let server: ReturnType<typeof app.listen> | undefined; let shuttingDown = false;%0A+%0A+ export function rejectConnectTunnels<T extends ReturnType<typeof app.listen>>(httpServer: T): T {%0A+   httpServer.on('connect', (_request, socket) => {%0A+     socket.end('HTTP/1.1 405 Method Not Allowed\r\nConnection: close\r\nContent-Length: 0\r\n\r\n');%0A+   });%0A+   return httpServer;%0A+ }%0A+%0A+ async function shutdown(signal: string) { if (shuttingDown) return; shuttingDown = true; console.info(`[SPR] ${signal} received; shutting down gracefully.`); const forceTimer = setTimeout(() => process.exit(1), 15_000); forceTimer.unref(); if (server) await new Promise<void>(resolve => server!.close(() => resolve())); await closeDatabase().catch(error => console.error('[SPR] Database shutdown error:', error)); if (config.sentry.dsn) await Sentry.close(2_000).catch(() => undefined); clearTimeout(forceTimer); process.exit(0); }%0A+ export async function startServer() {%0A+   validateConfiguration();%0A+   try { await ensureInitialSelfPassport(); } catch (error) { console.error('[SPR] Initial self-passport bootstrap failed; continuing startup. /ready will report the database as unavailable.', error); }%0A+   const host = process.env.HOST || '0.0.0.0'; server = app.listen(config.port, host, () => console.info(`[SPR] listening on http://${host}:${config.port}`)); server.requestTimeout = Number.isFinite(requestTimeoutMs) && requestTimeoutMs > 0 ? requestTimeoutMs : 120_000; server.headersTimeout = Number.isFinite(requestHeaderTimeoutMs) && requestHeaderTimeoutMs > 0 ? requestHeaderTimeoutMs : 15_000; server.keepAliveTimeout = Number.isFinite(keepAliveTimeoutMs) && keepAliveTimeoutMs > 0 ? keepAliveTimeoutMs : 65_000; rejectConnectTunnels(server); return server; }%0A+ process.once('SIGTERM', () => void shutdown('SIGTERM')); process.once('SIGINT', () => void shutdown('SIGINT')); process.on('unhandledRejection', reason => console.error('[SPR] Unhandled rejection:', reason)); process.on('uncaughtException', error => { console.error('[SPR] Uncaught exception:', error); void shutdown('uncaughtException'); });%0A+ if (process.env.SPR_SKIP_AUTOSTART !== 'true') void startServer().catch(error => { console.error('[SPR] Startup failed:', error); process.exit(1); });%0A+ export { app };%0A+%0A%0A ❯ tests/clientops-remediation-queue-contract.test.ts:54:15%0A%0A

::error file=/home/runner/work/software-passport-registry/software-passport-registry/tests/clientops-remediation-queue-contract.test.ts,title=tests/clientops-remediation-queue-contract.test.ts > AlertsView surfaces notes and client approval > loads the real remediation record (notes + approval) lazily when a remediation exists,line=63,column=15::AssertionError: expected 'import { useMemo, useState, type Reac…' to contain 'apiFetch(`/api/trust-loop/remediation…'%0A%0A- Expected%0A+ Received%0A%0A- apiFetch(`/api/trust-loop/remediations/${encodeURIComponent(alert.remediationId)}`)%0A+ import { useMemo, useState, type ReactNode } from 'react';%0A+ import { ArrowUpCircle, Bell, Filter, Search, ShieldAlert, ShieldCheck, X } from 'lucide-react';%0A+ import type { Alert, AlertStatus } from '../types';%0A+%0A+ type AlertAction = 'acknowledge' | 'assign' | 'resolve' | 'escalate' | 'snooze' | 'reopen';%0A+%0A+ interface AlertsViewProps {%0A+   alerts: Alert[];%0A+   onAlertAction: (alert: Alert, action: AlertAction, assigneeDisplay?: string) => Promise<void>;%0A+ }%0A+%0A+ const severityDot: Record<string, string> = {%0A+   Critical: 'bg-[#a4262c]',%0A+   High: 'bg-[#8a5700]',%0A+   Medium: 'bg-[#8a5700]',%0A+   Low: 'bg-[#0f6cbd]',%0A+ };%0A+%0A+ const severityText: Record<string, string> = {%0A+   Critical: 'text-[#a4262c]',%0A+   High: 'text-[#8a5700]',%0A+   Medium: 'text-[#8a5700]',%0A+   Low: 'text-[#0f6cbd]',%0A+ };%0A+%0A+ const statusDot: Record<AlertStatus, string> = {%0A+   Active: 'bg-[#a4262c]',%0A+   Acknowledged: 'bg-[#0f6cbd]',%0A+   Snoozed: 'bg-[#8a8886]',%0A+   Resolved: 'bg-[#0e700e]',%0A+   Cancelled: 'bg-[#8a8886]',%0A+ };%0A+%0A+ function isEscalated(alert: Alert) {%0A+   if (!alert.slaDueAt || alert.status === 'Resolved' || alert.status === 'Cancelled') return false;%0A+   return new Date(alert.slaDueAt).getTime() - Date.now() < 4 * 3600 * 1000;%0A+ }%0A+%0A+ export default function AlertsView({ alerts, onAlertAction }: AlertsViewProps) {%0A+   const [severityFilter, setSeverityFilter] = useState('all');%0A+   const [categoryFilter, setCategoryFilter] = useState('all');%0A+   const [statusFilter, setStatusFilter] = useState('all');%0A+   const [query, setQuery] = useState('');%0A+   const [selectedAlertId, setSelectedAlertId] = useState<string | null>(null);%0A+%0A+   const categories = useMemo(() => Array.from(new Set(alerts.map((alert) => alert.category))), [alerts]);%0A+   const filteredAlerts = useMemo(() => {%0A+     const normalizedQuery = query.trim().toLowerCase();%0A+     return alerts.filter((alert) => {%0A+       const haystack = `${alert.title} ${alert.description} ${alert.clientName} ${alert.category}`.toLowerCase();%0A+       return (!normalizedQuery || haystack.includes(normalizedQuery))%0A+         && (severityFilter === 'all' || alert.severity === severityFilter)%0A+         && (categoryFilter === 'all' || alert.category === categoryFilter)%0A+         && (statusFilter === 'all' || alert.status === statusFilter);%0A+     });%0A+   }, [alerts, query, severityFilter, categoryFilter, statusFilter]);%0A+   const activeCount = alerts.filter((alert) => alert.status === 'Active').length;%0A+   const criticalCount = alerts.filter((alert) => alert.status !== 'Resolved' && alert.status !== 'Cancelled' && alert.severity === 'Critical').length;%0A+   const resolvedCount = alerts.filter((alert) => alert.status === 'Resolved').length;%0A+   const selectedAlert = alerts.find((alert) => alert.id === selectedAlertId);%0A+%0A+   return (%0A+     <section className="space-y-4" id="msp-alerts-hub">%0A+       <div>%0A+         <h1 className="text-[22px] font-semibold text-[#201f1e]">Alerts</h1>%0A+         <p className="mt-1 text-[13px] text-[#605e5c]">Acknowledge, assign, escalate or resolve server-backed trust findings that need a decision.</p>%0A+       </div>%0A+%0A+       <details className="rounded-md border border-[#e1dfdd] bg-[#faf9f8] text-[13px]">%0A+         <summary className="cursor-pointer select-none px-3 py-2 font-medium text-[#323130]">ⓘ What is this? · How it works</summary>%0A+         <div className="px-3 pb-3 text-[#605e5c]">%0A+           <p>This queue lists trust findings that require a workflow decision. Every action here updates the same remediation work item shown elsewhere in SPR.</p>%0A+           <ol className="mt-1.5 list-decimal space-y-0.5 pl-4">%0A+             <li>Search or filter the queue, then open an alert to see full detail.</li>%0A+             <li>Acknowledge, assign, escalate, snooze or resolve — each action calls the authenticated Trust Loop route.</li>%0A+             <li>Resolved does not mean verified: new evidence is still required to confirm a finding is fixed.</li>%0A+           </ol>%0A+         </div>%0A+       </details>%0A+%0A+       <div className="flex flex-wrap gap-6 rounded-md border border-[#e1dfdd] bg-white p-3">%0A+         <div><div className="text-[11px] text-[#605e5c]">Active attention</div><div className="text-lg font-semibold text-[#201f1e]">{activeCount}</div></div>%0A+         <div><div className="text-[11px] text-[#605e5c]">Critical open</div><div className="text-lg font-semibold text-[#201f1e]">{criticalCount}</div></div>%0A+         <div><div className="text-[11px] text-[#605e5c]">Resolved records</div><div className="text-lg font-semibold text-[#201f1e]">{resolvedCount}</div></div>%0A+       </div>%0A+%0A+       <div className="flex flex-wrap items-center gap-2">%0A+         <label className="flex h-9 min-w-56 items-center gap-2 rounded border border-[#c8c6c4] bg-white px-3 focus-within:border-[#0f6cbd] focus-within:ring-1 focus-within:ring-[#0f6cbd]">%0A+           <Search className="h-3.5 w-3.5 text-[#8a8886]" />%0A+           <input value={query} onChange={(event) => setQuery(event.target.value)} placeholder="Search alerts" aria-label="Search alerts" className="min-w-0 flex-1 bg-transparent text-[13px] text-[#201f1e] outline-none placeholder:text-[#8a8886]" />%0A+         </label>%0A+         <SelectFilter icon={<Filter className="h-3.5 w-3.5 text-[#8a8886]" />} label="Severity" value={severityFilter} onChange={setSeverityFilter} options={['all', 'Critical', 'High', 'Medium', 'Low']} />%0A+         <SelectFilter icon={<Filter className="h-3.5 w-3.5 text-[#8a8886]" />} label="Status" value={statusFilter} onChange={setStatusFilter} options={['all', 'Active', 'Acknowledged', 'Snoozed', 'Resolved', 'Cancelled']} />%0A+         <SelectFilter icon={<Filter className="h-3.5 w-3.5 text-[#8a8886]" />} label="Category" value={categoryFilter} onChange={setCategoryFilter} options={['all', ...categories]} />%0A+       </div>%0A+%0A+       <div className="overflow-hidden rounded-md border border-[#e1dfdd] bg-white">%0A+         <div className="flex flex-wrap items-center justify-between gap-2 border-b border-[#e1dfdd] px-4 py-2.5">%0A+           <h2 className="text-[13px] font-semibold text-[#201f1e]">Trust finding queue</h2>%0A+           <p className="text-[12px] text-[#8a8886]">{filteredAlerts.length} of {alerts.length} alert records shown</p>%0A+         </div>%0A+         <div className="overflow-x-auto">%0A+           <table className="w-full min-w-[820px] border-collapse text-left">%0A+             <thead>%0A+               <tr className="border-b border-[#e1dfdd] text-[11px] uppercase tracking-wide text-[#605e5c]">%0A+                 <th className="px-4 py-2.5 font-medium">Alert</th>%0A+                 <th className="px-4 py-2.5 font-medium">Client</th>%0A+                 <th className="px-4 py-2.5 font-medium">Severity</th>%0A+                 <th className="px-4 py-2.5 font-medium">Status</th>%0A+                 <th className="px-4 py-2.5 font-medium">Owner</th>%0A+                 <th className="px-4 py-2.5 font-medium">Observed</th>%0A+               </tr>%0A+             </thead>%0A+             <tbody>%0A+               {filteredAlerts.map((alert) => (%0A+                 <tr%0A+                   key={alert.id}%0A+                   onClick={() => setSelectedAlertId(alert.id)}%0A+                   className={`cursor-pointer border-b border-[#f3f2f1] text-[13px] hover:bg-black/[.02] ${alert.status === 'Resolved' || alert.status === 'Cancelled' ? 'opacity-60' : ''}`}%0A+                 >%0A+                   <td className="max-w-xs px-4 py-2.5">%0A+                     <div className="flex items-center gap-1.5">%0A+                       <span className="truncate font-medium text-[#201f1e]">{alert.title}</span>%0A+                       {isEscalated(alert) && <span className="inline-flex shrink-0 items-center gap-1 text-[11px] font-medium text-[#8a5700]"><ArrowUpCircle className="h-3 w-3" />Escalated</span>}%0A+                     </div>%0A+                     <div className="mt-0.5 truncate text-[11px] text-[#8a8886]">{alert.description}</div>%0A+                   </td>%0A+                   <td className="px-4 py-2.5 text-[#605e5c]">{alert.clientName}</td>%0A+                   <td className="px-4 py-2.5">%0A+                     <span className={`inline-flex items-center gap-1.5 text-[13px] ${severityText[alert.severity] || 'text-[#605e5c]'}`}>%0A+                       <span className={`h-1.5 w-1.5 rounded-full ${severityDot[alert.severity] || 'bg-[#8a8886]'}`} />%0A+                       {alert.severity}%0A+                     </span>%0A+                   </td>%0A+                   <td className="px-4 py-2.5">%0A+                     <span className="inline-flex items-center gap-1.5 text-[13px] text-[#605e5c]">%0A+                       <span className={`h-1.5 w-1.5 rounded-full ${statusDot[alert.status]}`} />%0A+                       {alert.status}%0A+                     </span>%0A+                   </td>%0A+                   <td className="px-4 py-2.5 text-[#605e5c]">{alert.ownerDisplay || 'Unassigned'}</td>%0A+                   <td className="px-4 py-2.5 text-[#8a8886]">{alert.timestamp || 'Not observed'}</td>%0A+                 </tr>%0A+               ))}%0A+               {filteredAlerts.length === 0 && (%0A+                 <tr>%0A+                   <td colSpan={6} className="px-4 py-10 text-center">%0A+                     <Bell className="mx-auto h-6 w-6 text-[#c8c6c4]" />%0A+                     <p className="mt-2 text-[13px] font-medium text-[#323130]">No alert records match these filters.</p>%0A+                     <p className="mt-1 text-[12px] text-[#8a8886]">Try another search or reset the queue filters.</p>%0A+                   </td>%0A+                 </tr>%0A+               )}%0A+             </tbody>%0A+           </table>%0A+         </div>%0A+       </div>%0A+%0A+       {selectedAlert && <AlertDrawer alert={selectedAlert} onClose={() => setSelectedAlertId(null)} onAlertAction={onAlertAction} />}%0A+     </section>%0A+   );%0A+ }%0A+%0A+ function SelectFilter({ icon, label, value, onChange, options }: { icon: ReactNode; label: string; value: string; onChange: (value: string) => void; options: string[] }) {%0A+   return (%0A+     <label className="flex h-9 items-center gap-2 rounded border border-[#c8c6c4] bg-white px-3">%0A+       {icon}%0A+       <span className="sr-only">{label}</span>%0A+       <select aria-label={label} value={value} onChange={(event) => onChange(event.target.value)} className="bg-transparent text-[13px] text-[#323130] outline-none">%0A+         {options.map((option) => <option key={option} value={option}>{option === 'all' ? `All ${label.toLowerCase()}` : option}</option>)}%0A+       </select>%0A+     </label>%0A+   );%0A+ }%0A+%0A+ function AlertDrawer({ alert, onClose, onAlertAction }: { alert: Alert; onClose: () => void; onAlertAction: (alert: Alert, action: AlertAction, assigneeDisplay?: string) => Promise<void> }) {%0A+   const [working, setWorking] = useState(false);%0A+   const [assignee, setAssignee] = useState(alert.ownerDisplay || '');%0A+   const [showAssign, setShowAssign] = useState(false);%0A+%0A+   const run = async (action: AlertAction, extra?: string) => {%0A+     setWorking(true);%0A+     try { await onAlertAction(alert, action, extra); setShowAssign(false); } finally { setWorking(false); }%0A+   };%0A+%0A+   return <div className="fixed inset-0 z-[70] flex justify-end bg-black/20" onMouseDown={onClose}>%0A+     <aside role="dialog" aria-modal="true" aria-label={`Alert details for ${alert.title}`} onMouseDown={(event) => event.stopPropagation()} className="h-full w-full max-w-xl overflow-y-auto border-l border-[#e1dfdd] bg-white p-6">%0A+       <div className="flex items-start justify-between gap-4 border-b border-[#e1dfdd] pb-4">%0A+         <div>%0A+           <div className="flex items-center gap-1.5 text-[11px] font-semibold uppercase tracking-wide text-[#0f6cbd]"><ShieldAlert className="h-3.5 w-3.5" /> Finding detail</div>%0A+           <h2 className="mt-2 text-[18px] font-semibold text-[#201f1e]">{alert.title}</h2>%0A+           <p className="mt-1 font-mono text-[11px] text-[#8a8886]">{alert.id}</p>%0A+         </div>%0A+         <button onClick={onClose} aria-label="Close alert details" className="rounded border border-[#c8c6c4] p-1.5 text-[#605e5c] hover:bg-black/[.03]"><X className="h-3.5 w-3.5" /></button>%0A+       </div>%0A+%0A+       <div className="mt-4 flex flex-wrap items-center gap-3 text-[13px]">%0A+         <span className={`inline-flex items-center gap-1.5 ${severityText[alert.severity] || 'text-[#605e5c]'}`}><span className={`h-1.5 w-1.5 rounded-full ${severityDot[alert.severity] || 'bg-[#8a8886]'}`} />{alert.severity}</span>%0A+         <span className="text-[#8a8886]">{alert.category}</span>%0A+         <span className="text-[#605e5c]">{alert.clientName}</span>%0A+       </div>%0A+%0A+       <div className="mt-4 space-y-4">%0A+         <div className="rounded-md border border-[#e1dfdd] p-3">%0A+           <div className="text-[11px] uppercase tracking-wide text-[#605e5c]">Description</div>%0A+           <p className="mt-2 text-[13px] leading-6 text-[#323130]">{alert.description || 'No description observed.'}</p>%0A+         </div>%0A+         <div className="grid gap-2 sm:grid-cols-2">%0A+           <Detail label="Observed timestamp" value={alert.timestamp || 'Not observed'} />%0A+           <Detail label="Current workflow state" value={alert.status} />%0A+           <Detail label="Assigned to" value={alert.ownerDisplay || 'Unassigned'} />%0A+           <Detail label="SLA due" value={alert.slaDueAt ? new Date(alert.slaDueAt).toLocaleString() : 'No SLA set'} />%0A+         </div>%0A+       </div>%0A+%0A+       <div className="mt-4 rounded-md border border-[#e1dfdd] bg-[#faf9f8] p-3">%0A+         <div className="text-[13px] font-semibold text-[#201f1e]">Record a workflow decision</div>%0A+         <p className="mt-1 text-[12px] leading-5 text-[#605e5c]">Actions create or update the remediation work item tied to this finding, through the authenticated Trust Loop route.</p>%0A+         <div className="mt-3 flex flex-wrap gap-2">%0A+           {(alert.status === 'Active') && <button disabled={working} onClick={() => void run('acknowledge')} className="h-8 rounded bg-[#0f6cbd] px-3 text-[12px] font-medium text-white hover:bg-[#004578] disabled:opacity-40">Acknowledge</button>}%0A+           {(alert.status === 'Active' || alert.status === 'Acknowledged') && <button disabled={working} onClick={() => setShowAssign((open) => !open)} className="h-8 rounded border border-[#c8c6c4] px-3 text-[12px] font-medium text-[#323130] hover:bg-black/[.03] disabled:opacity-40">Assign…</button>}%0A+           {(alert.status === 'Active' || alert.status === 'Acknowledged') && <button disabled={working} onClick={() => void run('escalate')} className="h-8 rounded border border-[#c8c6c4] px-3 text-[12px] font-medium text-[#8a5700] hover:bg-black/[.03] disabled:opacity-40">Escalate</button>}%0A+           {(alert.status === 'Active' || alert.status === 'Acknowledged') && <button disabled={working} onClick={() => void run('snooze')} className="h-8 rounded border border-[#c8c6c4] px-3 text-[12px] font-medium text-[#323130] hover:bg-black/[.03] disabled:opacity-40">Snooze</button>}%0A+           {(alert.status !== 'Resolved') && <button disabled={working} onClick={() => void run('resolve')} className="h-8 rounded bg-[#0e700e] px-3 text-[12px] font-medium text-white hover:bg-[#0e700e]/90 disabled:opacity-40">Mark resolved</button>}%0A+           {alert.status === 'Snoozed' && <button disabled={working} onClick={() => void run('reopen')} className="h-8 rounded border border-[#c8c6c4] px-3 text-[12px] font-medium text-[#0f6cbd] hover:bg-black/[.03] disabled:opacity-40">Restore active</button>}%0A+           {alert.status === 'Resolved' && <div className="flex items-center gap-1.5 text-[12px] text-[#0e700e]"><ShieldCheck className="h-3.5 w-3.5" />Resolved state recorded; new evidence is still required to verify the finding.</div>}%0A+         </div>%0A+         {showAssign && (%0A+           <div className="mt-3 flex flex-wrap items-center gap-2 rounded border border-[#e1dfdd] bg-white p-2">%0A+             <input value={assignee} onChange={(event) => setAssignee(event.target.value)} placeholder="Name or email" className="h-9 min-w-0 flex-1 rounded border border-[#c8c6c4] bg-white px-3 text-[13px] text-[#201f1e] outline-none placeholder:text-[#8a8886] focus:border-[#0f6cbd] focus:ring-1 focus:ring-[#0f6cbd]" />%0A+             <button disabled={working || !assignee.trim()} onClick={() => void run('assign', assignee.trim())} className="h-9 rounded bg-[#0f6cbd] px-3 text-[12px] font-medium text-white hover:bg-[#004578] disabled:opacity-40">Assign</button>%0A+           </div>%0A+         )}%0A+       </div>%0A+     </aside>%0A+   </div>;%0A+ }%0A+%0A+ function Detail({ label, value }: { label: string; value: string }) {%0A+   return <div className="rounded-md border border-[#e1dfdd] p-3"><div className="text-[11px] uppercase tracking-wide text-[#605e5c]">{label}</div><div className="mt-1 text-[13px] font-medium text-[#201f1e]">{value}</div></div>;%0A+ }%0A+%0A%0A ❯ tests/clientops-remediation-queue-contract.test.ts:63:15%0A%0A

::error file=/home/runner/work/software-passport-registry/software-passport-registry/tests/clientops-remediation-queue-contract.test.ts,title=tests/clientops-remediation-queue-contract.test.ts > AlertsView surfaces notes and client approval > posts new notes through the real endpoint,line=66,column=22::AssertionError: expected 'import { useMemo, useState, type Reac…' to contain '/notes`, {'%0A%0A- Expected%0A+ Received%0A%0A- /notes`, {%0A+ import { useMemo, useState, type ReactNode } from 'react';%0A+ import { ArrowUpCircle, Bell, Filter, Search, ShieldAlert, ShieldCheck, X } from 'lucide-react';%0A+ import type { Alert, AlertStatus } from '../types';%0A+%0A+ type AlertAction = 'acknowledge' | 'assign' | 'resolve' | 'escalate' | 'snooze' | 'reopen';%0A+%0A+ interface AlertsViewProps {%0A+   alerts: Alert[];%0A+   onAlertAction: (alert: Alert, action: AlertAction, assigneeDisplay?: string) => Promise<void>;%0A+ }%0A+%0A+ const severityDot: Record<string, string> = {%0A+   Critical: 'bg-[#a4262c]',%0A+   High: 'bg-[#8a5700]',%0A+   Medium: 'bg-[#8a5700]',%0A+   Low: 'bg-[#0f6cbd]',%0A+ };%0A+%0A+ const severityText: Record<string, string> = {%0A+   Critical: 'text-[#a4262c]',%0A+   High: 'text-[#8a5700]',%0A+   Medium: 'text-[#8a5700]',%0A+   Low: 'text-[#0f6cbd]',%0A+ };%0A+%0A+ const statusDot: Record<AlertStatus, string> = {%0A+   Active: 'bg-[#a4262c]',%0A+   Acknowledged: 'bg-[#0f6cbd]',%0A+   Snoozed: 'bg-[#8a8886]',%0A+   Resolved: 'bg-[#0e700e]',%0A+   Cancelled: 'bg-[#8a8886]',%0A+ };%0A+%0A+ function isEscalated(alert: Alert) {%0A+   if (!alert.slaDueAt || alert.status === 'Resolved' || alert.status === 'Cancelled') return false;%0A+   return new Date(alert.slaDueAt).getTime() - Date.now() < 4 * 3600 * 1000;%0A+ }%0A+%0A+ export default function AlertsView({ alerts, onAlertAction }: AlertsViewProps) {%0A+   const [severityFilter, setSeverityFilter] = useState('all');%0A+   const [categoryFilter, setCategoryFilter] = useState('all');%0A+   const [statusFilter, setStatusFilter] = useState('all');%0A+   const [query, setQuery] = useState('');%0A+   const [selectedAlertId, setSelectedAlertId] = useState<string | null>(null);%0A+%0A+   const categories = useMemo(() => Array.from(new Set(alerts.map((alert) => alert.category))), [alerts]);%0A+   const filteredAlerts = useMemo(() => {%0A+     const normalizedQuery = query.trim().toLowerCase();%0A+     return alerts.filter((alert) => {%0A+       const haystack = `${alert.title} ${alert.description} ${alert.clientName} ${alert.category}`.toLowerCase();%0A+       return (!normalizedQuery || haystack.includes(normalizedQuery))%0A+         && (severityFilter === 'all' || alert.severity === severityFilter)%0A+         && (categoryFilter === 'all' || alert.category === categoryFilter)%0A+         && (statusFilter === 'all' || alert.status === statusFilter);%0A+     });%0A+   }, [alerts, query, severityFilter, categoryFilter, statusFilter]);%0A+   const activeCount = alerts.filter((alert) => alert.status === 'Active').length;%0A+   const criticalCount = alerts.filter((alert) => alert.status !== 'Resolved' && alert.status !== 'Cancelled' && alert.severity === 'Critical').length;%0A+   const resolvedCount = alerts.filter((alert) => alert.status === 'Resolved').length;%0A+   const selectedAlert = alerts.find((alert) => alert.id === selectedAlertId);%0A+%0A+   return (%0A+     <section className="space-y-4" id="msp-alerts-hub">%0A+       <div>%0A+         <h1 className="text-[22px] font-semibold text-[#201f1e]">Alerts</h1>%0A+         <p className="mt-1 text-[13px] text-[#605e5c]">Acknowledge, assign, escalate or resolve server-backed trust findings that need a decision.</p>%0A+       </div>%0A+%0A+       <details className="rounded-md border border-[#e1dfdd] bg-[#faf9f8] text-[13px]">%0A+         <summary className="cursor-pointer select-none px-3 py-2 font-medium text-[#323130]">ⓘ What is this? · How it works</summary>%0A+         <div className="px-3 pb-3 text-[#605e5c]">%0A+           <p>This queue lists trust findings that require a workflow decision. Every action here updates the same remediation work item shown elsewhere in SPR.</p>%0A+           <ol className="mt-1.5 list-decimal space-y-0.5 pl-4">%0A+             <li>Search or filter the queue, then open an alert to see full detail.</li>%0A+             <li>Acknowledge, assign, escalate, snooze or resolve — each action calls the authenticated Trust Loop route.</li>%0A+             <li>Resolved does not mean verified: new evidence is still required to confirm a finding is fixed.</li>%0A+           </ol>%0A+         </div>%0A+       </details>%0A+%0A+       <div className="flex flex-wrap gap-6 rounded-md border border-[#e1dfdd] bg-white p-3">%0A+         <div><div className="text-[11px] text-[#605e5c]">Active attention</div><div className="text-lg font-semibold text-[#201f1e]">{activeCount}</div></div>%0A+         <div><div className="text-[11px] text-[#605e5c]">Critical open</div><div className="text-lg font-semibold text-[#201f1e]">{criticalCount}</div></div>%0A+         <div><div className="text-[11px] text-[#605e5c]">Resolved records</div><div className="text-lg font-semibold text-[#201f1e]">{resolvedCount}</div></div>%0A+       </div>%0A+%0A+       <div className="flex flex-wrap items-center gap-2">%0A+         <label className="flex h-9 min-w-56 items-center gap-2 rounded border border-[#c8c6c4] bg-white px-3 focus-within:border-[#0f6cbd] focus-within:ring-1 focus-within:ring-[#0f6cbd]">%0A+           <Search className="h-3.5 w-3.5 text-[#8a8886]" />%0A+           <input value={query} onChange={(event) => setQuery(event.target.value)} placeholder="Search alerts" aria-label="Search alerts" className="min-w-0 flex-1 bg-transparent text-[13px] text-[#201f1e] outline-none placeholder:text-[#8a8886]" />%0A+         </label>%0A+         <SelectFilter icon={<Filter className="h-3.5 w-3.5 text-[#8a8886]" />} label="Severity" value={severityFilter} onChange={setSeverityFilter} options={['all', 'Critical', 'High', 'Medium', 'Low']} />%0A+         <SelectFilter icon={<Filter className="h-3.5 w-3.5 text-[#8a8886]" />} label="Status" value={statusFilter} onChange={setStatusFilter} options={['all', 'Active', 'Acknowledged', 'Snoozed', 'Resolved', 'Cancelled']} />%0A+         <SelectFilter icon={<Filter className="h-3.5 w-3.5 text-[#8a8886]" />} label="Category" value={categoryFilter} onChange={setCategoryFilter} options={['all', ...categories]} />%0A+       </div>%0A+%0A+       <div className="overflow-hidden rounded-md border border-[#e1dfdd] bg-white">%0A+         <div className="flex flex-wrap items-center justify-between gap-2 border-b border-[#e1dfdd] px-4 py-2.5">%0A+           <h2 className="text-[13px] font-semibold text-[#201f1e]">Trust finding queue</h2>%0A+           <p className="text-[12px] text-[#8a8886]">{filteredAlerts.length} of {alerts.length} alert records shown</p>%0A+         </div>%0A+         <div className="overflow-x-auto">%0A+           <table className="w-full min-w-[820px] border-collapse text-left">%0A+             <thead>%0A+               <tr className="border-b border-[#e1dfdd] text-[11px] uppercase tracking-wide text-[#605e5c]">%0A+                 <th className="px-4 py-2.5 font-medium">Alert</th>%0A+                 <th className="px-4 py-2.5 font-medium">Client</th>%0A+                 <th className="px-4 py-2.5 font-medium">Severity</th>%0A+                 <th className="px-4 py-2.5 font-medium">Status</th>%0A+                 <th className="px-4 py-2.5 font-medium">Owner</th>%0A+                 <th className="px-4 py-2.5 font-medium">Observed</th>%0A+               </tr>%0A+             </thead>%0A+             <tbody>%0A+               {filteredAlerts.map((alert) => (%0A+                 <tr%0A+                   key={alert.id}%0A+                   onClick={() => setSelectedAlertId(alert.id)}%0A+                   className={`cursor-pointer border-b border-[#f3f2f1] text-[13px] hover:bg-black/[.02] ${alert.status === 'Resolved' || alert.status === 'Cancelled' ? 'opacity-60' : ''}`}%0A+                 >%0A+                   <td className="max-w-xs px-4 py-2.5">%0A+                     <div className="flex items-center gap-1.5">%0A+                       <span className="truncate font-medium text-[#201f1e]">{alert.title}</span>%0A+                       {isEscalated(alert) && <span className="inline-flex shrink-0 items-center gap-1 text-[11px] font-medium text-[#8a5700]"><ArrowUpCircle className="h-3 w-3" />Escalated</span>}%0A+                     </div>%0A+                     <div className="mt-0.5 truncate text-[11px] text-[#8a8886]">{alert.description}</div>%0A+                   </td>%0A+                   <td className="px-4 py-2.5 text-[#605e5c]">{alert.clientName}</td>%0A+                   <td className="px-4 py-2.5">%0A+                     <span className={`inline-flex items-center gap-1.5 text-[13px] ${severityText[alert.severity] || 'text-[#605e5c]'}`}>%0A+                       <span className={`h-1.5 w-1.5 rounded-full ${severityDot[alert.severity] || 'bg-[#8a8886]'}`} />%0A+                       {alert.severity}%0A+                     </span>%0A+                   </td>%0A+                   <td className="px-4 py-2.5">%0A+                     <span className="inline-flex items-center gap-1.5 text-[13px] text-[#605e5c]">%0A+                       <span className={`h-1.5 w-1.5 rounded-full ${statusDot[alert.status]}`} />%0A+                       {alert.status}%0A+                     </span>%0A+                   </td>%0A+                   <td className="px-4 py-2.5 text-[#605e5c]">{alert.ownerDisplay || 'Unassigned'}</td>%0A+                   <td className="px-4 py-2.5 text-[#8a8886]">{alert.timestamp || 'Not observed'}</td>%0A+                 </tr>%0A+               ))}%0A+               {filteredAlerts.length === 0 && (%0A+                 <tr>%0A+                   <td colSpan={6} className="px-4 py-10 text-center">%0A+                     <Bell className="mx-auto h-6 w-6 text-[#c8c6c4]" />%0A+                     <p className="mt-2 text-[13px] font-medium text-[#323130]">No alert records match these filters.</p>%0A+                     <p className="mt-1 text-[12px] text-[#8a8886]">Try another search or reset the queue filters.</p>%0A+                   </td>%0A+                 </tr>%0A+               )}%0A+             </tbody>%0A+           </table>%0A+         </div>%0A+       </div>%0A+%0A+       {selectedAlert && <AlertDrawer alert={selectedAlert} onClose={() => setSelectedAlertId(null)} onAlertAction={onAlertAction} />}%0A+     </section>%0A+   );%0A+ }%0A+%0A+ function SelectFilter({ icon, label, value, onChange, options }: { icon: ReactNode; label: string; value: string; onChange: (value: string) => void; options: string[] }) {%0A+   return (%0A+     <label className="flex h-9 items-center gap-2 rounded border border-[#c8c6c4] bg-white px-3">%0A+       {icon}%0A+       <span className="sr-only">{label}</span>%0A+       <select aria-label={label} value={value} onChange={(event) => onChange(event.target.value)} className="bg-transparent text-[13px] text-[#323130] outline-none">%0A+         {options.map((option) => <option key={option} value={option}>{option === 'all' ? `All ${label.toLowerCase()}` : option}</option>)}%0A+       </select>%0A+     </label>%0A+   );%0A+ }%0A+%0A+ function AlertDrawer({ alert, onClose, onAlertAction }: { alert: Alert; onClose: () => void; onAlertAction: (alert: Alert, action: AlertAction, assigneeDisplay?: string) => Promise<void> }) {%0A+   const [working, setWorking] = useState(false);%0A+   const [assignee, setAssignee] = useState(alert.ownerDisplay || '');%0A+   const [showAssign, setShowAssign] = useState(false);%0A+%0A+   const run = async (action: AlertAction, extra?: string) => {%0A+     setWorking(true);%0A+     try { await onAlertAction(alert, action, extra); setShowAssign(false); } finally { setWorking(false); }%0A+   };%0A+%0A+   return <div className="fixed inset-0 z-[70] flex justify-end bg-black/20" onMouseDown={onClose}>%0A+     <aside role="dialog" aria-modal="true" aria-label={`Alert details for ${alert.title}`} onMouseDown={(event) => event.stopPropagation()} className="h-full w-full max-w-xl overflow-y-auto border-l border-[#e1dfdd] bg-white p-6">%0A+       <div className="flex items-start justify-between gap-4 border-b border-[#e1dfdd] pb-4">%0A+         <div>%0A+           <div className="flex items-center gap-1.5 text-[11px] font-semibold uppercase tracking-wide text-[#0f6cbd]"><ShieldAlert className="h-3.5 w-3.5" /> Finding detail</div>%0A+           <h2 className="mt-2 text-[18px] font-semibold text-[#201f1e]">{alert.title}</h2>%0A+           <p className="mt-1 font-mono text-[11px] text-[#8a8886]">{alert.id}</p>%0A+         </div>%0A+         <button onClick={onClose} aria-label="Close alert details" className="rounded border border-[#c8c6c4] p-1.5 text-[#605e5c] hover:bg-black/[.03]"><X className="h-3.5 w-3.5" /></button>%0A+       </div>%0A+%0A+       <div className="mt-4 flex flex-wrap items-center gap-3 text-[13px]">%0A+         <span className={`inline-flex items-center gap-1.5 ${severityText[alert.severity] || 'text-[#605e5c]'}`}><span className={`h-1.5 w-1.5 rounded-full ${severityDot[alert.severity] || 'bg-[#8a8886]'}`} />{alert.severity}</span>%0A+         <span className="text-[#8a8886]">{alert.category}</span>%0A+         <span className="text-[#605e5c]">{alert.clientName}</span>%0A+       </div>%0A+%0A+       <div className="mt-4 space-y-4">%0A+         <div className="rounded-md border border-[#e1dfdd] p-3">%0A+           <div className="text-[11px] uppercase tracking-wide text-[#605e5c]">Description</div>%0A+           <p className="mt-2 text-[13px] leading-6 text-[#323130]">{alert.description || 'No description observed.'}</p>%0A+         </div>%0A+         <div className="grid gap-2 sm:grid-cols-2">%0A+           <Detail label="Observed timestamp" value={alert.timestamp || 'Not observed'} />%0A+           <Detail label="Current workflow state" value={alert.status} />%0A+           <Detail label="Assigned to" value={alert.ownerDisplay || 'Unassigned'} />%0A+           <Detail label="SLA due" value={alert.slaDueAt ? new Date(alert.slaDueAt).toLocaleString() : 'No SLA set'} />%0A+         </div>%0A+       </div>%0A+%0A+       <div className="mt-4 rounded-md border border-[#e1dfdd] bg-[#faf9f8] p-3">%0A+         <div className="text-[13px] font-semibold text-[#201f1e]">Record a workflow decision</div>%0A+         <p className="mt-1 text-[12px] leading-5 text-[#605e5c]">Actions create or update the remediation work item tied to this finding, through the authenticated Trust Loop route.</p>%0A+         <div className="mt-3 flex flex-wrap gap-2">%0A+           {(alert.status === 'Active') && <button disabled={working} onClick={() => void run('acknowledge')} className="h-8 rounded bg-[#0f6cbd] px-3 text-[12px] font-medium text-white hover:bg-[#004578] disabled:opacity-40">Acknowledge</button>}%0A+           {(alert.status === 'Active' || alert.status === 'Acknowledged') && <button disabled={working} onClick={() => setShowAssign((open) => !open)} className="h-8 rounded border border-[#c8c6c4] px-3 text-[12px] font-medium text-[#323130] hover:bg-black/[.03] disabled:opacity-40">Assign…</button>}%0A+           {(alert.status === 'Active' || alert.status === 'Acknowledged') && <button disabled={working} onClick={() => void run('escalate')} className="h-8 rounded border border-[#c8c6c4] px-3 text-[12px] font-medium text-[#8a5700] hover:bg-black/[.03] disabled:opacity-40">Escalate</button>}%0A+           {(alert.status === 'Active' || alert.status === 'Acknowledged') && <button disabled={working} onClick={() => void run('snooze')} className="h-8 rounded border border-[#c8c6c4] px-3 text-[12px] font-medium text-[#323130] hover:bg-black/[.03] disabled:opacity-40">Snooze</button>}%0A+           {(alert.status !== 'Resolved') && <button disabled={working} onClick={() => void run('resolve')} className="h-8 rounded bg-[#0e700e] px-3 text-[12px] font-medium text-white hover:bg-[#0e700e]/90 disabled:opacity-40">Mark resolved</button>}%0A+           {alert.status === 'Snoozed' && <button disabled={working} onClick={() => void run('reopen')} className="h-8 rounded border border-[#c8c6c4] px-3 text-[12px] font-medium text-[#0f6cbd] hover:bg-black/[.03] disabled:opacity-40">Restore active</button>}%0A+           {alert.status === 'Resolved' && <div className="flex items-center gap-1.5 text-[12px] text-[#0e700e]"><ShieldCheck className="h-3.5 w-3.5" />Resolved state recorded; new evidence is still required to verify the finding.</div>}%0A+         </div>%0A+         {showAssign && (%0A+           <div className="mt-3 flex flex-wrap items-center gap-2 rounded border border-[#e1dfdd] bg-white p-2">%0A+             <input value={assignee} onChange={(event) => setAssignee(event.target.value)} placeholder="Name or email" className="h-9 min-w-0 flex-1 rounded border border-[#c8c6c4] bg-white px-3 text-[13px] text-[#201f1e] outline-none placeholder:text-[#8a8886] focus:border-[#0f6cbd] focus:ring-1 focus:ring-[#0f6cbd]" />%0A+             <button disabled={working || !assignee.trim()} onClick={() => void run('assign', assignee.trim())} className="h-9 rounded bg-[#0f6cbd] px-3 text-[12px] font-medium text-white hover:bg-[#004578] disabled:opacity-40">Assign</button>%0A+           </div>%0A+         )}%0A+       </div>%0A+     </aside>%0A+   </div>;%0A+ }%0A+%0A+ function Detail({ label, value }: { label: string; value: string }) {%0A+   return <div className="rounded-md border border-[#e1dfdd] p-3"><div className="text-[11px] uppercase tracking-wide text-[#605e5c]">{label}</div><div className="mt-1 text-[13px] font-medium text-[#201f1e]">{value}</div></div>;%0A+ }%0A+%0A%0A ❯ tests/clientops-remediation-queue-contract.test.ts:66:22%0A%0A

::error file=/home/runner/work/software-passport-registry/software-passport-registry/tests/clientops-remediation-queue-contract.test.ts,title=tests/clientops-remediation-queue-contract.test.ts > AlertsView surfaces notes and client approval > only offers the approve action to the Client role%2C and only once the remediation is actually ready,line=70,column=15::AssertionError: expected 'import { useMemo, useState, type Reac…' to contain 'role === \'Client\' && !remediation?.…'%0A%0A- Expected%0A+ Received%0A%0A- role === 'Client' && !remediation?.clientApprovedAt%0A+ import { useMemo, useState, type ReactNode } from 'react';%0A+ import { ArrowUpCircle, Bell, Filter, Search, ShieldAlert, ShieldCheck, X } from 'lucide-react';%0A+ import type { Alert, AlertStatus } from '../types';%0A+%0A+ type AlertAction = 'acknowledge' | 'assign' | 'resolve' | 'escalate' | 'snooze' | 'reopen';%0A+%0A+ interface AlertsViewProps {%0A+   alerts: Alert[];%0A+   onAlertAction: (alert: Alert, action: AlertAction, assigneeDisplay?: string) => Promise<void>;%0A+ }%0A+%0A+ const severityDot: Record<string, string> = {%0A+   Critical: 'bg-[#a4262c]',%0A+   High: 'bg-[#8a5700]',%0A+   Medium: 'bg-[#8a5700]',%0A+   Low: 'bg-[#0f6cbd]',%0A+ };%0A+%0A+ const severityText: Record<string, string> = {%0A+   Critical: 'text-[#a4262c]',%0A+   High: 'text-[#8a5700]',%0A+   Medium: 'text-[#8a5700]',%0A+   Low: 'text-[#0f6cbd]',%0A+ };%0A+%0A+ const statusDot: Record<AlertStatus, string> = {%0A+   Active: 'bg-[#a4262c]',%0A+   Acknowledged: 'bg-[#0f6cbd]',%0A+   Snoozed: 'bg-[#8a8886]',%0A+   Resolved: 'bg-[#0e700e]',%0A+   Cancelled: 'bg-[#8a8886]',%0A+ };%0A+%0A+ function isEscalated(alert: Alert) {%0A+   if (!alert.slaDueAt || alert.status === 'Resolved' || alert.status === 'Cancelled') return false;%0A+   return new Date(alert.slaDueAt).getTime() - Date.now() < 4 * 3600 * 1000;%0A+ }%0A+%0A+ export default function AlertsView({ alerts, onAlertAction }: AlertsViewProps) {%0A+   const [severityFilter, setSeverityFilter] = useState('all');%0A+   const [categoryFilter, setCategoryFilter] = useState('all');%0A+   const [statusFilter, setStatusFilter] = useState('all');%0A+   const [query, setQuery] = useState('');%0A+   const [selectedAlertId, setSelectedAlertId] = useState<string | null>(null);%0A+%0A+   const categories = useMemo(() => Array.from(new Set(alerts.map((alert) => alert.category))), [alerts]);%0A+   const filteredAlerts = useMemo(() => {%0A+     const normalizedQuery = query.trim().toLowerCase();%0A+     return alerts.filter((alert) => {%0A+       const haystack = `${alert.title} ${alert.description} ${alert.clientName} ${alert.category}`.toLowerCase();%0A+       return (!normalizedQuery || haystack.includes(normalizedQuery))%0A+         && (severityFilter === 'all' || alert.severity === severityFilter)%0A+         && (categoryFilter === 'all' || alert.category === categoryFilter)%0A+         && (statusFilter === 'all' || alert.status === statusFilter);%0A+     });%0A+   }, [alerts, query, severityFilter, categoryFilter, statusFilter]);%0A+   const activeCount = alerts.filter((alert) => alert.status === 'Active').length;%0A+   const criticalCount = alerts.filter((alert) => alert.status !== 'Resolved' && alert.status !== 'Cancelled' && alert.severity === 'Critical').length;%0A+   const resolvedCount = alerts.filter((alert) => alert.status === 'Resolved').length;%0A+   const selectedAlert = alerts.find((alert) => alert.id === selectedAlertId);%0A+%0A+   return (%0A+     <section className="space-y-4" id="msp-alerts-hub">%0A+       <div>%0A+         <h1 className="text-[22px] font-semibold text-[#201f1e]">Alerts</h1>%0A+         <p className="mt-1 text-[13px] text-[#605e5c]">Acknowledge, assign, escalate or resolve server-backed trust findings that need a decision.</p>%0A+       </div>%0A+%0A+       <details className="rounded-md border border-[#e1dfdd] bg-[#faf9f8] text-[13px]">%0A+         <summary className="cursor-pointer select-none px-3 py-2 font-medium text-[#323130]">ⓘ What is this? · How it works</summary>%0A+         <div className="px-3 pb-3 text-[#605e5c]">%0A+           <p>This queue lists trust findings that require a workflow decision. Every action here updates the same remediation work item shown elsewhere in SPR.</p>%0A+           <ol className="mt-1.5 list-decimal space-y-0.5 pl-4">%0A+             <li>Search or filter the queue, then open an alert to see full detail.</li>%0A+             <li>Acknowledge, assign, escalate, snooze or resolve — each action calls the authenticated Trust Loop route.</li>%0A+             <li>Resolved does not mean verified: new evidence is still required to confirm a finding is fixed.</li>%0A+           </ol>%0A+         </div>%0A+       </details>%0A+%0A+       <div className="flex flex-wrap gap-6 rounded-md border border-[#e1dfdd] bg-white p-3">%0A+         <div><div className="text-[11px] text-[#605e5c]">Active attention</div><div className="text-lg font-semibold text-[#201f1e]">{activeCount}</div></div>%0A+         <div><div className="text-[11px] text-[#605e5c]">Critical open</div><div className="text-lg font-semibold text-[#201f1e]">{criticalCount}</div></div>%0A+         <div><div className="text-[11px] text-[#605e5c]">Resolved records</div><div className="text-lg font-semibold text-[#201f1e]">{resolvedCount}</div></div>%0A+       </div>%0A+%0A+       <div className="flex flex-wrap items-center gap-2">%0A+         <label className="flex h-9 min-w-56 items-center gap-2 rounded border border-[#c8c6c4] bg-white px-3 focus-within:border-[#0f6cbd] focus-within:ring-1 focus-within:ring-[#0f6cbd]">%0A+           <Search className="h-3.5 w-3.5 text-[#8a8886]" />%0A+           <input value={query} onChange={(event) => setQuery(event.target.value)} placeholder="Search alerts" aria-label="Search alerts" className="min-w-0 flex-1 bg-transparent text-[13px] text-[#201f1e] outline-none placeholder:text-[#8a8886]" />%0A+         </label>%0A+         <SelectFilter icon={<Filter className="h-3.5 w-3.5 text-[#8a8886]" />} label="Severity" value={severityFilter} onChange={setSeverityFilter} options={['all', 'Critical', 'High', 'Medium', 'Low']} />%0A+         <SelectFilter icon={<Filter className="h-3.5 w-3.5 text-[#8a8886]" />} label="Status" value={statusFilter} onChange={setStatusFilter} options={['all', 'Active', 'Acknowledged', 'Snoozed', 'Resolved', 'Cancelled']} />%0A+         <SelectFilter icon={<Filter className="h-3.5 w-3.5 text-[#8a8886]" />} label="Category" value={categoryFilter} onChange={setCategoryFilter} options={['all', ...categories]} />%0A+       </div>%0A+%0A+       <div className="overflow-hidden rounded-md border border-[#e1dfdd] bg-white">%0A+         <div className="flex flex-wrap items-center justify-between gap-2 border-b border-[#e1dfdd] px-4 py-2.5">%0A+           <h2 className="text-[13px] font-semibold text-[#201f1e]">Trust finding queue</h2>%0A+           <p className="text-[12px] text-[#8a8886]">{filteredAlerts.length} of {alerts.length} alert records shown</p>%0A+         </div>%0A+         <div className="overflow-x-auto">%0A+           <table className="w-full min-w-[820px] border-collapse text-left">%0A+             <thead>%0A+               <tr className="border-b border-[#e1dfdd] text-[11px] uppercase tracking-wide text-[#605e5c]">%0A+                 <th className="px-4 py-2.5 font-medium">Alert</th>%0A+                 <th className="px-4 py-2.5 font-medium">Client</th>%0A+                 <th className="px-4 py-2.5 font-medium">Severity</th>%0A+                 <th className="px-4 py-2.5 font-medium">Status</th>%0A+                 <th className="px-4 py-2.5 font-medium">Owner</th>%0A+                 <th className="px-4 py-2.5 font-medium">Observed</th>%0A+               </tr>%0A+             </thead>%0A+             <tbody>%0A+               {filteredAlerts.map((alert) => (%0A+                 <tr%0A+                   key={alert.id}%0A+                   onClick={() => setSelectedAlertId(alert.id)}%0A+                   className={`cursor-pointer border-b border-[#f3f2f1] text-[13px] hover:bg-black/[.02] ${alert.status === 'Resolved' || alert.status === 'Cancelled' ? 'opacity-60' : ''}`}%0A+                 >%0A+                   <td className="max-w-xs px-4 py-2.5">%0A+                     <div className="flex items-center gap-1.5">%0A+                       <span className="truncate font-medium text-[#201f1e]">{alert.title}</span>%0A+                       {isEscalated(alert) && <span className="inline-flex shrink-0 items-center gap-1 text-[11px] font-medium text-[#8a5700]"><ArrowUpCircle className="h-3 w-3" />Escalated</span>}%0A+                     </div>%0A+                     <div className="mt-0.5 truncate text-[11px] text-[#8a8886]">{alert.description}</div>%0A+                   </td>%0A+                   <td className="px-4 py-2.5 text-[#605e5c]">{alert.clientName}</td>%0A+                   <td className="px-4 py-2.5">%0A+                     <span className={`inline-flex items-center gap-1.5 text-[13px] ${severityText[alert.severity] || 'text-[#605e5c]'}`}>%0A+                       <span className={`h-1.5 w-1.5 rounded-full ${severityDot[alert.severity] || 'bg-[#8a8886]'}`} />%0A+                       {alert.severity}%0A+                     </span>%0A+                   </td>%0A+                   <td className="px-4 py-2.5">%0A+                     <span className="inline-flex items-center gap-1.5 text-[13px] text-[#605e5c]">%0A+                       <span className={`h-1.5 w-1.5 rounded-full ${statusDot[alert.status]}`} />%0A+                       {alert.status}%0A+                     </span>%0A+                   </td>%0A+                   <td className="px-4 py-2.5 text-[#605e5c]">{alert.ownerDisplay || 'Unassigned'}</td>%0A+                   <td className="px-4 py-2.5 text-[#8a8886]">{alert.timestamp || 'Not observed'}</td>%0A+                 </tr>%0A+               ))}%0A+               {filteredAlerts.length === 0 && (%0A+                 <tr>%0A+                   <td colSpan={6} className="px-4 py-10 text-center">%0A+                     <Bell className="mx-auto h-6 w-6 text-[#c8c6c4]" />%0A+                     <p className="mt-2 text-[13px] font-medium text-[#323130]">No alert records match these filters.</p>%0A+                     <p className="mt-1 text-[12px] text-[#8a8886]">Try another search or reset the queue filters.</p>%0A+                   </td>%0A+                 </tr>%0A+               )}%0A+             </tbody>%0A+           </table>%0A+         </div>%0A+       </div>%0A+%0A+       {selectedAlert && <AlertDrawer alert={selectedAlert} onClose={() => setSelectedAlertId(null)} onAlertAction={onAlertAction} />}%0A+     </section>%0A+   );%0A+ }%0A+%0A+ function SelectFilter({ icon, label, value, onChange, options }: { icon: ReactNode; label: string; value: string; onChange: (value: string) => void; options: string[] }) {%0A+   return (%0A+     <label className="flex h-9 items-center gap-2 rounded border border-[#c8c6c4] bg-white px-3">%0A+       {icon}%0A+       <span className="sr-only">{label}</span>%0A+       <select aria-label={label} value={value} onChange={(event) => onChange(event.target.value)} className="bg-transparent text-[13px] text-[#323130] outline-none">%0A+         {options.map((option) => <option key={option} value={option}>{option === 'all' ? `All ${label.toLowerCase()}` : option}</option>)}%0A+       </select>%0A+     </label>%0A+   );%0A+ }%0A+%0A+ function AlertDrawer({ alert, onClose, onAlertAction }: { alert: Alert; onClose: () => void; onAlertAction: (alert: Alert, action: AlertAction, assigneeDisplay?: string) => Promise<void> }) {%0A+   const [working, setWorking] = useState(false);%0A+   const [assignee, setAssignee] = useState(alert.ownerDisplay || '');%0A+   const [showAssign, setShowAssign] = useState(false);%0A+%0A+   const run = async (action: AlertAction, extra?: string) => {%0A+     setWorking(true);%0A+     try { await onAlertAction(alert, action, extra); setShowAssign(false); } finally { setWorking(false); }%0A+   };%0A+%0A+   return <div className="fixed inset-0 z-[70] flex justify-end bg-black/20" onMouseDown={onClose}>%0A+     <aside role="dialog" aria-modal="true" aria-label={`Alert details for ${alert.title}`} onMouseDown={(event) => event.stopPropagation()} className="h-full w-full max-w-xl overflow-y-auto border-l border-[#e1dfdd] bg-white p-6">%0A+       <div className="flex items-start justify-between gap-4 border-b border-[#e1dfdd] pb-4">%0A+         <div>%0A+           <div className="flex items-center gap-1.5 text-[11px] font-semibold uppercase tracking-wide text-[#0f6cbd]"><ShieldAlert className="h-3.5 w-3.5" /> Finding detail</div>%0A+           <h2 className="mt-2 text-[18px] font-semibold text-[#201f1e]">{alert.title}</h2>%0A+           <p className="mt-1 font-mono text-[11px] text-[#8a8886]">{alert.id}</p>%0A+         </div>%0A+         <button onClick={onClose} aria-label="Close alert details" className="rounded border border-[#c8c6c4] p-1.5 text-[#605e5c] hover:bg-black/[.03]"><X className="h-3.5 w-3.5" /></button>%0A+       </div>%0A+%0A+       <div className="mt-4 flex flex-wrap items-center gap-3 text-[13px]">%0A+         <span className={`inline-flex items-center gap-1.5 ${severityText[alert.severity] || 'text-[#605e5c]'}`}><span className={`h-1.5 w-1.5 rounded-full ${severityDot[alert.severity] || 'bg-[#8a8886]'}`} />{alert.severity}</span>%0A+         <span className="text-[#8a8886]">{alert.category}</span>%0A+         <span className="text-[#605e5c]">{alert.clientName}</span>%0A+       </div>%0A+%0A+       <div className="mt-4 space-y-4">%0A+         <div className="rounded-md border border-[#e1dfdd] p-3">%0A+           <div className="text-[11px] uppercase tracking-wide text-[#605e5c]">Description</div>%0A+           <p className="mt-2 text-[13px] leading-6 text-[#323130]">{alert.description || 'No description observed.'}</p>%0A+         </div>%0A+         <div className="grid gap-2 sm:grid-cols-2">%0A+           <Detail label="Observed timestamp" value={alert.timestamp || 'Not observed'} />%0A+           <Detail label="Current workflow state" value={alert.status} />%0A+           <Detail label="Assigned to" value={alert.ownerDisplay || 'Unassigned'} />%0A+           <Detail label="SLA due" value={alert.slaDueAt ? new Date(alert.slaDueAt).toLocaleString() : 'No SLA set'} />%0A+         </div>%0A+       </div>%0A+%0A+       <div className="mt-4 rounded-md border border-[#e1dfdd] bg-[#faf9f8] p-3">%0A+         <div className="text-[13px] font-semibold text-[#201f1e]">Record a workflow decision</div>%0A+         <p className="mt-1 text-[12px] leading-5 text-[#605e5c]">Actions create or update the remediation work item tied to this finding, through the authenticated Trust Loop route.</p>%0A+         <div className="mt-3 flex flex-wrap gap-2">%0A+           {(alert.status === 'Active') && <button disabled={working} onClick={() => void run('acknowledge')} className="h-8 rounded bg-[#0f6cbd] px-3 text-[12px] font-medium text-white hover:bg-[#004578] disabled:opacity-40">Acknowledge</button>}%0A+           {(alert.status === 'Active' || alert.status === 'Acknowledged') && <button disabled={working} onClick={() => setShowAssign((open) => !open)} className="h-8 rounded border border-[#c8c6c4] px-3 text-[12px] font-medium text-[#323130] hover:bg-black/[.03] disabled:opacity-40">Assign…</button>}%0A+           {(alert.status === 'Active' || alert.status === 'Acknowledged') && <button disabled={working} onClick={() => void run('escalate')} className="h-8 rounded border border-[#c8c6c4] px-3 text-[12px] font-medium text-[#8a5700] hover:bg-black/[.03] disabled:opacity-40">Escalate</button>}%0A+           {(alert.status === 'Active' || alert.status === 'Acknowledged') && <button disabled={working} onClick={() => void run('snooze')} className="h-8 rounded border border-[#c8c6c4] px-3 text-[12px] font-medium text-[#323130] hover:bg-black/[.03] disabled:opacity-40">Snooze</button>}%0A+           {(alert.status !== 'Resolved') && <button disabled={working} onClick={() => void run('resolve')} className="h-8 rounded bg-[#0e700e] px-3 text-[12px] font-medium text-white hover:bg-[#0e700e]/90 disabled:opacity-40">Mark resolved</button>}%0A+           {alert.status === 'Snoozed' && <button disabled={working} onClick={() => void run('reopen')} className="h-8 rounded border border-[#c8c6c4] px-3 text-[12px] font-medium text-[#0f6cbd] hover:bg-black/[.03] disabled:opacity-40">Restore active</button>}%0A+           {alert.status === 'Resolved' && <div className="flex items-center gap-1.5 text-[12px] text-[#0e700e]"><ShieldCheck className="h-3.5 w-3.5" />Resolved state recorded; new evidence is still required to verify the finding.</div>}%0A+         </div>%0A+         {showAssign && (%0A+           <div className="mt-3 flex flex-wrap items-center gap-2 rounded border border-[#e1dfdd] bg-white p-2">%0A+             <input value={assignee} onChange={(event) => setAssignee(event.target.value)} placeholder="Name or email" className="h-9 min-w-0 flex-1 rounded border border-[#c8c6c4] bg-white px-3 text-[13px] text-[#201f1e] outline-none placeholder:text-[#8a8886] focus:border-[#0f6cbd] focus:ring-1 focus:ring-[#0f6cbd]" />%0A+             <button disabled={working || !assignee.trim()} onClick={() => void run('assign', assignee.trim())} className="h-9 rounded bg-[#0f6cbd] px-3 text-[12px] font-medium text-white hover:bg-[#004578] disabled:opacity-40">Assign</button>%0A+           </div>%0A+         )}%0A+       </div>%0A+     </aside>%0A+   </div>;%0A+ }%0A+%0A+ function Detail({ label, value }: { label: string; value: string }) {%0A+   return <div className="rounded-md border border-[#e1dfdd] p-3"><div className="text-[11px] uppercase tracking-wide text-[#605e5c]">{label}</div><div className="mt-1 text-[13px] font-medium text-[#201f1e]">{value}</div></div>;%0A+ }%0A+%0A%0A ❯ tests/clientops-remediation-queue-contract.test.ts:70:15%0A%0A

::error file=/home/runner/work/software-passport-registry/software-passport-registry/tests/compliance-schedules-contract.test.ts,title=tests/compliance-schedules-contract.test.ts > SPR compliance schedule contracts > shows compliance schedule actions as disabled for roles the backend will reject%2C matching the session-wide role-gating fix,line=78,column=17::AssertionError: expected 'import { useEffect, useMemo, useState…' to contain '<ComplianceView clients={clients} rol…'%0A%0A- Expected%0A+ Received%0A%0A- <ComplianceView clients={clients} role={role} />%0A+ import { useEffect, useMemo, useState, type ReactNode } from 'react';%0A+ import { getRedirectResult, onAuthStateChanged, signOut, type User } from 'firebase/auth';%0A+ import type { Alert, Client, Integration, Scan, SoftwarePassport, Vendor } from './types';%0A+ import type { VerificationDecision } from './lib/verification/evaluateVerification.ts';%0A+ import { apiFetch } from './utils/apiClient';%0A+ import { auth } from './lib/firebase';%0A+ import CommandCenter from './components/CommandCenter';%0A+ import ExtensionWorkflow from './components/ExtensionWorkflow';%0A+ import ExtensionMarketplace from './components/ExtensionMarketplace';%0A+ import LoginView from './components/LoginView';%0A+ import EvidenceDashboardView from './components/EvidenceDashboardView';%0A+ import EvidenceExplorerView from './components/EvidenceExplorerView';%0A+ import AITrustCenterView from './components/AITrustCenterView';%0A+ import CoverageView from './components/CoverageView';%0A+ import AssetsView from './components/AssetsView';%0A+ import PassportsView from './components/PassportsView';%0A+ import ScansView from './components/ScansView';%0A+ import AlertsView from './components/AlertsView';%0A+ import ClientsView from './components/ClientsView';%0A+ import VendorsView from './components/VendorsView';%0A+ import IntegrationsView from './components/IntegrationsView';%0A+ import BillingView from './components/BillingView';%0A+ import ComplianceView from './components/ComplianceView';%0A+ import AgentTrustView from './components/AgentTrustView';%0A+ import EnterpriseReadinessView from './components/EnterpriseReadinessView';%0A+ import FounderDashboardView from './components/FounderDashboardView';%0A+ import InvestorHomeView from './components/InvestorHomeView';%0A+ import SettingsView from './components/SettingsView';%0A+ import TeamView from './components/TeamView';%0A+ import AuditLogView from './components/AuditLogView';%0A+ import MonitoringView from './components/MonitoringView';%0A+ import SecurityCenterView from './components/SecurityCenterView';%0A+ import MSPCommandCenter from './components/MSPCommandCenter';%0A+ import ReportsView from './components/ReportsView';%0A+ import TrustGraphView from './components/TrustGraphView';%0A+ import { EXTENSIONS } from './workflows/extensionRegistry';%0A+ const PUBLIC_PATHS = new Set(['/','/login','/free-review','/pricing']);%0A+ const EMPTY_CLIENTS: Client[] = []; const EMPTY_PASSPORTS: SoftwarePassport[] = []; const EMPTY_VENDORS: Vendor[] = []; const EMPTY_INTEGRATIONS: Integration[] = []; const EMPTY_SCANS: Scan[] = []; const EMPTY_ALERTS: Alert[] = [];%0A+ function deriveAlertStatus(remediationStatus: string | null | undefined, findingStatus: string | null | undefined): Alert['status'] { switch (remediationStatus) { case 'IN_PROGRESS': case 'READY_FOR_VERIFICATION': return 'Acknowledged'; case 'BLOCKED': return 'Snoozed'; case 'VERIFIED': case 'CLOSED': return 'Resolved'; case 'CANCELLED': return 'Cancelled'; case 'OPEN': return 'Active'; default: return String(findingStatus || '').toLowerCase() === 'resolved' ? 'Resolved' : 'Active'; } }%0A+ function navigate(path: string) { window.history.pushState({}, '', path); window.dispatchEvent(new PopStateEvent('popstate')); }%0A+ function usePath() { const [path, setPath] = useState(() => window.location.pathname || '/'); useEffect(() => { const update = () => setPath(window.location.pathname || '/'); window.addEventListener('popstate', update); return () => window.removeEventListener('popstate', update); }, []); return path; }%0A+ function AuthLoading() { return <div className="grid min-h-screen place-items-center bg-[#faf9f8] text-[#201f1e]"><div className="text-center"><div className="mx-auto grid h-10 w-10 place-items-center rounded bg-[#0f6cbd] text-xs font-bold text-white">S</div><div className="mt-4 text-[11px] font-semibold uppercase tracking-wide text-[#605e5c]">Securing workspace</div><div className="mt-1 text-[12px] text-[#8a8886]">Checking authenticated session…</div></div></div>; }%0A+ function CoverPage() { return <div className="min-h-screen bg-[#faf9f8] text-[#201f1e]"><div className="mx-auto flex min-h-screen max-w-5xl items-center px-6 py-16"><div className="max-w-3xl"><div className="mb-5 inline-flex items-center gap-1.5 rounded border border-[#e1dfdd] bg-white px-2.5 py-1 text-[11px] font-semibold uppercase tracking-wide text-[#605e5c]">Evidence-first software trust</div><h1 className="text-[28px] font-semibold tracking-tight md:text-[34px]">Software trust, operated as a system.</h1><p className="mt-4 max-w-2xl text-[14px] leading-6 text-[#605e5c]">Software Passport Registry turns software identity, security, provenance, reliability, compliance, and evidence into repeatable workflows for teams, buyers, and managed service providers.</p><div className="mt-6 flex flex-wrap gap-2"><button onClick={() => navigate('/login')} className="h-9 rounded bg-[#0f6cbd] px-4 text-[13px] font-semibold text-white hover:bg-[#004578]">Enter SPR</button><button onClick={() => navigate('/free-review')} className="h-9 rounded border border-[#c8c6c4] bg-white px-4 text-[13px] font-medium text-[#323130] hover:bg-black/[.03]">Free review</button></div></div></div></div>; }%0A+ function PublicPage({ title, description, action, onAction }: { title: string; description: string; action: string; onAction: () => void }) { return <div className="grid min-h-screen place-items-center bg-[#faf9f8] px-6 text-[#201f1e]"><div className="max-w-md rounded-md border border-[#e1dfdd] bg-white p-6 text-center"><div className="text-[11px] font-semibold uppercase tracking-wide text-[#605e5c]">Software Passport Registry</div><h1 className="mt-2 text-[20px] font-semibold">{title}</h1><p className="mt-2 text-[13px] leading-5 text-[#605e5c]">{description}</p><button onClick={onAction} className="mt-5 h-9 rounded bg-[#0f6cbd] px-4 text-[13px] font-semibold text-white hover:bg-[#004578]">{action}</button></div></div>; }%0A+ function WorkflowBoundary({ title, description, extensionId, onNavigate }: { title: string; description: string; extensionId?: string; onNavigate: (path: string) => void }) { const extension = extensionId ? EXTENSIONS.find((item) => item.id === extensionId) : undefined; return <section><div className="rounded-md border border-[#e1dfdd] bg-white p-5"><div className="text-[11px] font-semibold uppercase tracking-wide text-[#605e5c]">Workflow boundary</div><h1 className="mt-1.5 text-[20px] font-semibold tracking-tight">{title}</h1><p className="mt-2 max-w-2xl text-[13px] leading-5 text-[#605e5c]">{description}</p>{extension && <button onClick={() => onNavigate(extension.entryPath)} className="mt-4 h-8 rounded bg-[#0f6cbd] px-3 text-[12px] font-semibold text-white hover:bg-[#004578]">Open {extension.name} →</button>}</div></section>; }%0A+ export default function App() {%0A+  const path=usePath(); const [authReady,setAuthReady]=useState(false); const [user,setUser]=useState<User|null>(null); const [role,setRole]=useState('Viewer'); const [selectedClientId,setSelectedClientId]=useState(''); const [selectedPassportId,setSelectedPassportId]=useState<string|null>(null); const [assets,setAssets]=useState<any[]>([]); const [clients,setClients]=useState<Client[]>(EMPTY_CLIENTS); const [passports,setPassports]=useState<SoftwarePassport[]>(EMPTY_PASSPORTS); const [vendors,setVendors]=useState<Vendor[]>(EMPTY_VENDORS); const [alerts,setAlerts]=useState<Alert[]>(EMPTY_ALERTS); const [findings,setFindings]=useState<unknown[]>([]); const [scans,setScans]=useState<Scan[]>(EMPTY_SCANS); const [integrations,setIntegrations]=useState<Integration[]>(EMPTY_INTEGRATIONS); const [theme,setTheme]=useState<'light'|'dark'>('dark'); const [verificationDecisions,setVerificationDecisions]=useState<Record<string,VerificationDecision>>({}); const [verificationDetails,setVerificationDetails]=useState<Record<string,unknown>>({});%0A+  useEffect(()=>{let mounted=true;let redirectSettled=false;let observedUser:User|null=null;const timeoutId=window.setTimeout(()=>{if(mounted)setAuthReady(true)},10000);const unsubscribe=onAuthStateChanged(auth,(currentUser)=>{if(!mounted)return;observedUser=currentUser;if(!redirectSettled)return;setUser(currentUser);setAuthReady(true);window.clearTimeout(timeoutId)},()=>{if(mounted){setAuthReady(true);window.clearTimeout(timeoutId)}});void getRedirectResult(auth).then(result=>{redirectSettled=true;if(mounted)setUser(result?.user||observedUser);if(mounted)setAuthReady(true);window.clearTimeout(timeoutId)}).catch(error=>{redirectSettled=true;console.error('[Firebase redirect sign-in error]',error);if(mounted)setUser(observedUser);if(mounted)setAuthReady(true);window.clearTimeout(timeoutId)});return()=>{mounted=false;window.clearTimeout(timeoutId);unsubscribe()}},[]);%0A+  useEffect(()=>{if(authReady&&!user&&!PUBLIC_PATHS.has(path))navigate('/login')},[authReady,user,path]);%0A+  useEffect(()=>{if(!user)return;let cancelled=false;const load=async()=>{const responses=await Promise.all([apiFetch('/api/user/me'),apiFetch('/api/scans'),apiFetch('/api/trust-loop/findings'),apiFetch('/api/user/passports'),apiFetch('/api/user/clients'),apiFetch('/api/integrations'),apiFetch('/api/user/verification')]);if(responses.some(r=>r.status===401)){await signOut(auth);navigate('/login');return}const [me,scansResponse,findingsResponse,passportsResponse,clientsResponse,integrationsResponse,verificationResponse]=responses;if(verificationResponse.ok){const data=await verificationResponse.json().catch(()=>null);if(!cancelled){setVerificationDecisions(data?.verificationDecisions&&typeof data.verificationDecisions==='object'?data.verificationDecisions:{});setVerificationDetails(data?.verificationDetails&&typeof data.verificationDetails==='object'?data.verificationDetails:{})}}else if(!cancelled){setVerificationDecisions({});setVerificationDetails({})}if(me.ok){const data=await me.json().catch(()=>null);if(!cancelled)setRole(String(data?.role||'Viewer'))}if(scansResponse.ok){const data=await scansResponse.json().catch(()=>[]);if(!cancelled&&Array.isArray(data))setScans(data)}if(findingsResponse.ok){const data=await findingsResponse.json().catch(()=>[]);const rows=Array.isArray(data)?data:data?.findings;if(!cancelled&&Array.isArray(rows)){setFindings(rows);setAlerts(rows.map((row:any)=>({id:String(row.id),title:String(row.title||row.control_id||'Trust finding'),severity:String(row.severity||'Low').replace(/^./,(s:string)=>s.toUpperCase()),category:'Trust finding',clientName:String(row.client_id||'Tenant'),description:String(row.description||'Evidence-backed finding'),timestamp:String(row.updated_at||''),status:deriveAlertStatus(row.remediation_status,row.status),remediationId:row.remediation_id?String(row.remediation_id):null,ownerDisplay:row.remediation_owner_display||null,slaDueAt:row.remediation_sla_due_at||null})) as Alert[])}}if(passportsResponse.ok){const data=await passportsResponse.json().catch(()=>[]);const rows=Array.isArray(data)?data:data?.passports;if(!cancelled&&Array.isArray(rows)){const normalized=rows.map((row:any)=>({...row,id:String(row.id),name:String(row.name||'Unnamed software'),version:String(row.version||'unknown'),publisher:String(row.publisher||'unknown'),clientId:row.clientId?String(row.clientId):undefined,evidence:Array.isArray(row.evidence)?row.evidence:[],vulnerabilities:Array.isArray(row.vulnerabilities)?row.vulnerabilities:[],timeline:Array.isArray(row.timeline)?row.timeline:[],sbom:Array.isArray(row.sbom)?row.sbom:[],scores:null,scoreStatus:row.scoreStatus||'not_authoritatively_scored'})) as SoftwarePassport[];setPassports(normalized);setAssets(normalized.map((passport:any)=>({id:passport.id,name:passport.name,hostName:passport.name,type:passport.category||'software',clientId:passport.clientId,clientName:String(passport.clientId||'Unobserved'),environment:String(passport.environment||'Unobserved'),version:passport.version})));setVendors(EMPTY_VENDORS)}}if(clientsResponse.ok){const data=await clientsResponse.json().catch(()=>[]);const rows=Array.isArray(data)?data:data?.clients;if(!cancelled&&Array.isArray(rows))setClients(rows.map((row:any)=>({...row,id:String(row.id),name:String(row.name||row.company_name||'Unnamed client')})) as Client[])}if(integrationsResponse.ok){const data=await integrationsResponse.json().catch(()=>[]);if(!cancelled&&Array.isArray(data))setIntegrations(data)}};void load().catch(error=>console.warn('[SPR command center load]',error));return()=>{cancelled=true}},[user]);%0A+  useEffect(()=>{const refresh=()=>{if(user)window.location.reload()};window.addEventListener('refresh-data',refresh);return()=>window.removeEventListener('refresh-data',refresh)},[user]);%0A+  const onNavigateTab=(target:string,itemId?:string)=>navigate(itemId?`${target.startsWith('/')?target:`/${target}`}/${encodeURIComponent(itemId)}`:target.startsWith('/')?target:`/${target}`); const quickAction=(action:'add-client'|'register-passport'|'scan-sbom')=>navigate(action==='add-client'?'/clients':action==='register-passport'?'/passports':'/scans');%0A+  const performAlertAction=async(alert:Alert,action:'acknowledge'|'assign'|'resolve'|'escalate'|'snooze'|'reopen',assigneeDisplay?:string)=>{let remediationId=alert.remediationId;if(!remediationId){const created=await apiFetch('/api/trust-loop/remediations',{method:'POST',headers:{'Content-Type':'application/json'},body:JSON.stringify({findingId:alert.id,title:alert.title,description:alert.description,priority:alert.severity.toUpperCase()})});if(!created.ok)return;const createdBody=await created.json().catch(()=>null);remediationId=createdBody?.id?String(createdBody.id):undefined;if(!remediationId)return}const patchBody:Record<string,unknown>={acknowledge:{status:'IN_PROGRESS'},resolve:{status:'CLOSED'},snooze:{status:'BLOCKED'},reopen:{status:'OPEN'},escalate:{status:'IN_PROGRESS',slaDueAt:new Date(Date.now()+4*3600*1000).toISOString()},assign:{status:'IN_PROGRESS',ownerDisplay:assigneeDisplay||''}}[action];const response=await apiFetch(`/api/trust-loop/remediations/${encodeURIComponent(remediationId)}`,{method:'PATCH',headers:{'Content-Type':'application/json'},body:JSON.stringify(patchBody)});if(!response.ok)return;const updated=await response.json().catch(()=>null);setAlerts(current=>current.map(item=>item.id===alert.id?{...item,remediationId,status:deriveAlertStatus(updated?.status??String(patchBody.status),null),ownerDisplay:updated?.owner_display??(patchBody.ownerDisplay as string|undefined)??item.ownerDisplay,slaDueAt:updated?.sla_due_at??(patchBody.slaDueAt as string|undefined)??item.slaDueAt}:item))};%0A+  const selectedExtension=useMemo(()=>{const match=path.match(/^\/extensions\/([^/]+)/);return match?decodeURIComponent(match[1]):null},[path]);const signOutUser=async()=>{await signOut(auth);navigate('/login')};%0A+  if(!authReady)return <AuthLoading/>;if(path==='/')return <CoverPage/>;if(path==='/login')return user?<AuthLoading/>:<LoginView onLoginSuccess={()=>navigate('/dashboard')}/>;if(!user&&path==='/free-review')return <PublicPage title="Free software review" description="Start an evidence-first review from the public entry point." action="Sign in to continue" onAction={()=>navigate('/login')}/>;if(!user&&path==='/pricing')return <PublicPage title="SPR plans" description="Account and billing capabilities are available inside the authenticated workspace." action="Enter SPR" onAction={()=>navigate('/login')}/>;if(!user)return <AuthLoading/>;%0A+  let view:ReactNode;if(selectedExtension)view=<ExtensionWorkflow id={selectedExtension} onNavigate={navigate}/>;else switch(path){case '/dashboard':view=<EvidenceDashboardView clients={clients} alerts={alerts} scans={scans} passports={passports} findings={findings} onNavigateTab={onNavigateTab} onOpenQuickAction={quickAction}/>;break;case '/coverage':view=<CoverageView clients={clients} scans={scans} passports={passports} onNavigateTab={onNavigateTab}/>;break;case '/evidence-explorer':view=<EvidenceExplorerView passports={passports}/>;break;case '/assets':view=<AssetsView clients={clients} searchQuery="" assets={assets}/>;break;case '/passports':case '/registry':view=<PassportsView verificationDecisions={verificationDecisions} verificationDetails={verificationDetails} passports={passports} selectedPassportId={selectedPassportId} setSelectedPassportId={setSelectedPassportId} searchQuery="" clients={clients} assets={assets} role={role} onNavigateTab={onNavigateTab} onUpdatePassport={passport=>setPassports(current=>current.map(item=>item.id===passport.id?passport:item))}/>;break;case '/scans':view=<ScansView scans={scans} clients={clients} assets={assets} passports={passports} role={role} onTriggerNewScan={scan=>setScans(current=>[scan,...current.filter(item=>item.id!==scan.id)].slice(0,100))}/>;break;case '/alerts':view=<AlertsView alerts={alerts} onAlertAction={performAlertAction}/>;break;case '/reports':view=<ReportsView clients={clients} passports={passports} scans={scans} alerts={alerts} findings={findings} role={role}/>;break;case '/trust-graph':view=<TrustGraphView clients={clients} passports={passports} assets={assets} findings={findings}/>;/* onSelectPassport={setSelectedPassportId} */break;case '/clients':view=<ClientsView clients={clients} selectedClientId={selectedClientId} setSelectedClientId={setSelectedClientId} passports={passports} onNavigateTab={onNavigateTab} searchQuery=""/>;break;case '/vendors':view=<VendorsView vendors={vendors} searchQuery=""/>;break;case '/integrations':view=<IntegrationsView passports={passports} onNavigateTab={onNavigateTab}/>;break;case '/monitoring':view=<MonitoringView role={role}/>;break;case '/security':view=<SecurityCenterView clients={clients} passports={passports}/>;break;case '/compliance':view=<ComplianceView clients={clients} role={role}/>;break;case '/msp':view=<MSPCommandCenter verificationDecisions={verificationDecisions} verificationDetails={verificationDetails} clients={clients} alerts={alerts} findings={findings} role={role} onSelectClient={setSelectedClientId} onNavigate={navigate}/>;break;case '/agent-trust':view=<AgentTrustView/>;break;case '/ai-trust-center':view=<AITrustCenterView role={role}/>;break;case '/enterprise-readiness':view=<EnterpriseReadinessView clients={clients}/>;break;case '/investor':view=<InvestorHomeView passports={passports} clients={clients} alerts={alerts} onShowTelemetry={()=>navigate('/scans')} onNavigateTab={onNavigateTab}/>;break;case '/founder':view=<FounderDashboardView userRole={role}/>;break;case '/billing':view=<BillingView/>;break;case '/settings':view=<SettingsView theme={theme} onToggleTheme={()=>setTheme(current=>current==='dark'?'light':'dark')}/>;break;case '/team':view=<TeamView role={role}/>;break;case '/audit-log':view=<AuditLogView/>;break;case '/extensions':view=<ExtensionMarketplace onNavigateTab={onNavigateTab} role={role}/>;break;default:view=<WorkflowBoundary title="Workflow" description="This authenticated capability is explicitly routed through the Command Center. Choose its owning workflow from the left rail." onNavigate={navigate}/>}%0A+  return <CommandCenter path={path} userEmail={user.email} role={role} onNavigate={navigate} onSignOut={()=>void signOutUser()}>{view}</CommandCenter>;%0A+ }%0A+%0A%0A ❯ tests/compliance-schedules-contract.test.ts:78:17%0A%0A

::error file=/home/runner/work/software-passport-registry/software-passport-registry/tests/credibility-cleanup-contract.test.ts,title=tests/credibility-cleanup-contract.test.ts > no remaining live UI/data claims present SLSA Level 4 (or any specific level) as an established fact > the only remaining "SLSA Level" reference in the app is contextual reference data about an external regulatory framework applicable to a software category%2C not a claim about specific software,line=44,column=15::AssertionError: expected '/**\n * @license\n * SPDX-License-Ide…' to contain 'Sector Compliance Target'%0A%0A- Expected%0A+ Received%0A%0A- Sector Compliance Target%0A+ /**%0A+  * @license%0A+  * SPDX-License-Identifier: Apache-2.0%0A+  */%0A+%0A+ import React, { useState, useMemo } from 'react';%0A+ import {%0A+   Globe, Database, Code, Layers, Cpu, GitBranch, Lock, Activity, Server,%0A+   Sparkles, Plug, ShieldCheck, Search, Plus, ShieldAlert, Award,%0A+   ChevronRight, FileText, X, Eye, Settings%0A+ } from 'lucide-react';%0A+ import { SoftwarePassport } from '../types';%0A+%0A+ export interface SectorProfile {%0A+   id: string; name: string; iconName: string; description: string;%0A+   threatProfile: string; hardeningBlueprint: string; complianceMandate: string; vulnerabilityClass: string;%0A+ }%0A+%0A+ const DEFAULT_SECTORS: SectorProfile[] = [%0A+   { id: 'networking', name: 'Networking & Web Servers', iconName: 'Globe', description: 'Edge proxies, reverse proxies, web servers, and software-defined load balancers that manage external ingress and TLS termination.', threatProfile: 'Denial of Service (DoS/DDoS), TLS renegotiation attacks, request smuggling, and HTTP parsing vulnerabilities.', hardeningBlueprint: 'Enable rate-limiting, isolate using unprivileged container users (e.g. alpine non-root), and configure strict TLS 1.3-only cipher suites.', complianceMandate: 'NIST SP 800-52 (TLS Guidelines), SOC 2 CC6.1 (Boundary Protections).', vulnerabilityClass: 'Infiltration, DDoS, Traffic interception' },%0A+   { id: 'databases', name: 'Databases & Storage', iconName: 'Database', description: 'Relational databases, key-value stores, document databases, and persistence layers holding critical multi-tenant data logs.', threatProfile: 'SQL Injections, unauthorized read replicas, data-at-rest exfiltration, and privilege escalation on system catalogs.', hardeningBlueprint: 'Enforce AES-256 transparent data encryption (TDE), pin internal service communication to encrypted TLS, and run on dedicated private subnets.', complianceMandate: 'HIPAA Security Rule (Encryption), ISO 27001 Control A.18 (Data Protection).', vulnerabilityClass: 'Data Leaks, Catalog Privilege Escalation' },%0A+   { id: 'libraries', name: 'Software Libraries & SDKs', iconName: 'Code', description: 'Third-party open-source packages, runtime packages, SDK dependencies, and shared binary utility libraries compiled into applications.', threatProfile: 'Dependency confusion, malicious transit injections, remote code execution (RCE) via insecure deserialization, and prototype pollution.', hardeningBlueprint: 'Integrate automated SBOM audits in CI/CD, lock all transit versions with cryptographic hashes, and verify official GPG/Cosign signatures.', complianceMandate: 'SLSA Level 3/4 (Build Provenance), Executive Order 14028 (Software Supply Chain Security).', vulnerabilityClass: 'Prototype Pollution, RCE Deserialization' },%0A+   { id: 'infrastructure', name: 'Infrastructure & Containerization', iconName: 'Layers', description: 'Orchestrators, runtime engines, container daemons, hypervisors, and serverless compute planes controlling physical resources.', threatProfile: 'Container breakout, file descriptor leaks, kernel-level privilege escalation, and side-channel host execution.', hardeningBlueprint: 'Run containers using gVisor or Firecracker runtimes, enforce read-only host root filesystems, and apply strict Seccomp & AppArmor profiles.', complianceMandate: 'CIS Kubernetes Benchmarks, SOC 2 CC7.1 (System Operations Security).', vulnerabilityClass: 'Container Escape, Host Privilege Escalation' },%0A+   { id: 'operating-systems', name: 'Operating Systems & Kernels', iconName: 'Cpu', description: 'Base distribution images, OS-level binaries, package managers, and kernel packages providing the underlying runtime execution environments.', threatProfile: 'Local privilege escalation (LPE), backdoored upstream system libraries, and memory safety exploits in kernel subsystems.', hardeningBlueprint: 'Use minimal distroless or Alpine images, run daily automated base-image rebuilds, and apply live kernel security patching.', complianceMandate: 'NIST SP 800-123 (Server Security Guidelines), CIS Benchmarks for Linux.', vulnerabilityClass: 'Local Privilege Escalation, Kernel Exploits' },%0A+   { id: 'devops', name: 'CI/CD & DevOps Tooling', iconName: 'GitBranch', description: 'Build servers, runners, pipeline automation scripts, deployment agents, and artifact registries.', threatProfile: 'Pipeline poisoning, raw API/OAuth secret exposure in logs, supply chain injection of compiler backdoors (e.g. Ken Thompson Hack).', hardeningBlueprint: 'Use ephemeral build environments, enforce multi-party approval for pull request mergers, and use OIDC tokens for secretless authentication.', complianceMandate: 'ISO 27001 Control A.14 (Secure Development), CIS Software Supply Chain Guidelines.', vulnerabilityClass: 'Secret Leaks, Pipeline Poisoning' },%0A+   { id: 'security-identity', name: 'Security & Identity Management', iconName: 'Lock', description: 'Key vaults, OAuth2/OIDC servers, single-sign-on controllers, directory systems, and role-based access gateways.', threatProfile: 'MFA bypass, cryptographic key leakage, token replay attacks, and offline password database brute-forcing.', hardeningBlueprint: 'Rotate keys automatically using hardware security modules (HSM), enforce Phishing-Resistant MFA, and isolate credentials behind zero-trust vaults.', complianceMandate: 'NIST SP 800-63 (Digital Identity Guidelines), HIPAA Access Controls.', vulnerabilityClass: 'Credential Theft, Auth Bypass' },%0A+   { id: 'observability', name: 'Monitoring & Observability', iconName: 'Activity', description: 'Log aggregators, metrics scraping daemons, tracing libraries, APM clients, and performance dashboard routers.', threatProfile: 'Sensitive data log pollution (e.g. leaking PII, passwords, or API keys), remote command injection on telemetry endpoints.', hardeningBlueprint: 'Implement pre-ingest log redaction filters, encrypt metrics transit via Mutual TLS, and strictly restrict dashboard view permissions.', complianceMandate: 'GDPR (PII Redaction in Logs), SOC 2 CC6.5 (Logging & Monitoring).', vulnerabilityClass: 'PII Leakage, Telemetry Exploits' },%0A+   { id: 'cloud-serverless', name: 'Cloud & Serverless Runtimes', iconName: 'Server', description: 'Function-as-a-Service executors, cloud API gateways, storage buckets, and dynamic cloud resource schedulers.', threatProfile: 'Denial of Wallet, cloud account takeovers, storage bucket misconfigurations, and function injection attacks.', hardeningBlueprint: 'Apply strict Principle of Least Privilege to IAM execution roles, enforce storage bucket private-by-default access, and set execution timeout caps.', complianceMandate: 'NIST SP 800-210 (General Cloud Security), CIS Cloud Provider Foundation Benchmarks.', vulnerabilityClass: 'IAM Privilege Abuse, Public S3 Buckets' },%0A+   { id: 'ai-ml', name: 'AI & Machine Learning Frameworks', iconName: 'Sparkles', description: 'Neural network training libraries, model serving pipelines, vector databases, and LLM orchestration wrappers.', threatProfile: 'Prompt injection, training data poisoning, model extraction, and arbitrary code execution via compromised model weights (e.g. Pickle files).', hardeningBlueprint: 'Strictly use safe weight serialization formats (e.g. Safetensors), sanitize all incoming context window inputs, and audit vector indexes.', complianceMandate: 'NIST AI Risk Management Framework, OWASP Top 10 for LLM Applications.', vulnerabilityClass: 'Arbitrary Code Execution, Prompt Injection' },%0A+   { id: 'apis-middleware', name: 'APIs & Integration Middleware', iconName: 'Plug', description: 'Message brokers, GraphQL servers, enterprise service buses, and third-party integration gateways.', threatProfile: 'Message queue poisoning, excessive data exposure (GraphQL query depth limits exceeded), and authentication bypass on proxy layers.', hardeningBlueprint: 'Define strict GraphQL query depth and complexity limits, sign all message payloads, and restrict broker ports from public egress.', complianceMandate: 'OWASP API Security Top 10, SOC 2 CC6.6 (Safe Web App Protection).', vulnerabilityClass: 'GraphQL Denial of Service, Queue Poisoning' },%0A+   { id: 'virtualization', name: 'Virtualization & Hypervisors', iconName: 'Layers', description: 'Bare-metal hypervisors, virtualization managers, and cloud-native MicroVM runtimes.', threatProfile: 'Hypervisor breakout, guest-to-host execution side channels (e.g. Spectre/Meltdown), CPU caching leaks.', hardeningBlueprint: 'Apply core pinning, enable microarchitectural hardware mitigations in boot configs, and restrict physical host administration channels.', complianceMandate: 'NIST SP 800-125 (Virtualization Security), PCI DSS Section 2 (System Hardening).', vulnerabilityClass: 'Hypervisor Breakout, Side Channel Leaks' }%0A+ ];%0A+%0A+ const getIconComponent = (iconName: string) => {%0A+   const map: Record<string, React.ComponentType<any>> = { Globe, Database, Code, Layers, Cpu, GitBranch, Lock, Activity, Server, Sparkles, Plug, ShieldCheck, FileText };%0A+   return map[iconName] || Code;%0A+ };%0A+%0A+ interface SoftwareSectorsPanelProps {%0A+   passports: SoftwarePassport[];%0A+   onFilterCategory: (category: string) => void;%0A+   onNavigateTab?: (tab: string, itemId?: string) => void;%0A+   setSelectedPassportId: (id: string | null) => void;%0A+ }%0A+%0A+ export default function SoftwareSectorsPanel({ passports, onFilterCategory, onNavigateTab, setSelectedPassportId }: SoftwareSectorsPanelProps) {%0A+   const [searchQuery, setSearchQuery] = useState('');%0A+   const [selectedSectorId, setSelectedSectorId] = useState<string | null>(null);%0A+   const [showAddForm, setShowAddForm] = useState(false);%0A+   const [customSectors, setCustomSectors] = useState<SectorProfile[]>(() => {%0A+     try { const saved = localStorage.getItem('msp_custom_sectors'); return saved ? JSON.parse(saved) : []; } catch { return []; }%0A+   });%0A+   const [newName, setNewName] = useState('');%0A+   const [newIcon, setNewIcon] = useState('Cpu');%0A+   const [newDescription, setNewDescription] = useState('');%0A+   const [newThreat, setNewThreat] = useState('');%0A+   const [newHardening, setNewHardening] = useState('');%0A+   const [newCompliance, setNewCompliance] = useState('');%0A+   const [newVulClass, setNewVulClass] = useState('');%0A+%0A+   const allSectors = useMemo(() => [...DEFAULT_SECTORS, ...customSectors], [customSectors]);%0A+%0A+   const sectorMetrics = useMemo(() => {%0A+     const metrics: Record<string, { count: number; avgTrust: number; totalCves: number; totalSboms: number; matchedPassports: SoftwarePassport[] }> = {};%0A+     allSectors.forEach(sector => {%0A+       const matched = passports.filter(p => p.category.toLowerCase().trim() === sector.name.toLowerCase().trim());%0A+       const scored = matched.filter((p): p is SoftwarePassport & { overallScore: number } => p.overallScore != null);%0A+       const count = matched.length;%0A+       const avgTrust = scored.length > 0 ? Math.round(scored.reduce((acc, p) => acc + p.overallScore, 0) / scored.length) : 0;%0A+       const totalCves = matched.reduce((acc, p) => acc + p.vulnerabilities.length, 0);%0A+       const totalSboms = matched.reduce((acc, p) => acc + p.sbom.length, 0);%0A+       metrics[sector.id] = { count, avgTrust, totalCves, totalSboms, matchedPassports: matched };%0A+     });%0A+     return metrics;%0A+   }, [allSectors, passports]);%0A+%0A+   const filteredSectors = useMemo(() => {%0A+     if (!searchQuery.trim()) return allSectors;%0A+     return allSectors.filter(s => s.name.toLowerCase().includes(searchQuery.toLowerCase()) || s.description.toLowerCase().includes(searchQuery.toLowerCase()) || s.vulnerabilityClass.toLowerCase().includes(searchQuery.toLowerCase()));%0A+   }, [allSectors, searchQuery]);%0A+%0A+   const aggregateStats = useMemo(() => {%0A+     const totalTrackedPassports = passports.length;%0A+     const sectorsWithActivePassports = (Object.values(sectorMetrics) as { count: number }[]).filter(m => m.count > 0).length;%0A+     const totalCvesAcrossSectors = passports.reduce((acc, p) => acc + p.vulnerabilities.length, 0);%0A+     const scored = passports.filter((p): p is SoftwarePassport & { overallScore: number } => p.overallScore != null);%0A+     const overallEcosystemTrust = scored.length > 0 ? Math.round(scored.reduce((acc, p) => acc + p.overallScore, 0) / scored.length) : 90;%0A+     return { totalTrackedPassports, sectorsWithActivePassports, totalCvesAcrossSectors, overallEcosystemTrust };%0A+   }, [passports, sectorMetrics]);%0A+%0A+   const handleAddSector = (e: React.FormEvent) => {%0A+     e.preventDefault();%0A+     if (!newName.trim() || !newDescription.trim()) return;%0A+     const sectorId = 'sect-' + Date.now();%0A+     const newSector: SectorProfile = { id: sectorId, name: newName.trim(), iconName: newIcon, description: newDescription.trim(), threatProfile: newThreat.trim() || 'General access breach and package substitution in pipeline.', hardeningBlueprint: newHardening.trim() || 'Enforce multi-tenant access restriction and strict verification of digital cryptographic hashes.', complianceMandate: newCompliance.trim() || 'SOC 2 Core Controls.', vulnerabilityClass: newVulClass.trim() || 'General Software Security Vulnerability' };%0A+     const updated = [...customSectors, newSector];%0A+     setCustomSectors(updated);%0A+     localStorage.setItem('msp_custom_sectors', JSON.stringify(updated));%0A+     setNewName(''); setNewDescription(''); setNewThreat(''); setNewHardening(''); setNewCompliance(''); setNewVulClass(''); setNewIcon('Cpu'); setShowAddForm(false); setSelectedSectorId(sectorId);%0A+   };%0A+%0A+   const selectedSector = allSectors.find(s => s.id === selectedSectorId);%0A+   const selectedMetrics = selectedSectorId ? sectorMetrics[selectedSectorId] : null;%0A+%0A+   return (%0A+     <div className="space-y-4" id="software-sectors-explorer">%0A+       <div className="flex flex-col gap-3 sm:flex-row sm:items-center sm:justify-between"><div><h2 className="text-[15px] font-semibold text-[#201f1e]">Software sectors</h2><p className="mt-0.5 text-[13px] text-[#605e5c]">Technology sector classifications, threat profiles and hardening guidance mapped to your catalog.</p></div></div>%0A+       <div className="flex flex-wrap gap-6 rounded-md border border-[#e1dfdd] bg-white p-3">%0A+         <div><div className="text-[11px] text-[#605e5c]">Tracked sectors</div><div className="text-lg font-semibold text-[#201f1e]">{allSectors.length}</div></div>%0A+         <div><div className="text-[11px] text-[#605e5c]">Ecosystem trust</div><div className="text-lg font-semibold text-[#0e700e]">{aggregateStats.overallEcosystemTrust}/100</div></div>%0A+         <div><div className="text-[11px] text-[#605e5c]">Covered footprint</div><div className="text-lg font-semibold text-[#201f1e]">{aggregateStats.sectorsWithActivePassports} / {allSectors.length}</div></div>%0A+         <div><div className="text-[11px] text-[#605e5c]">Active sector findings</div><div className={`text-lg font-semibold ${aggregateStats.totalCvesAcrossSectors > 0 ? 'text-[#a4262c]' : 'text-[#0e700e]'}`}>{aggregateStats.totalCvesAcrossSectors}</div></div>%0A+       </div>%0A+       <div className="flex flex-col gap-3 sm:flex-row sm:items-center sm:justify-between">%0A+         <label className="flex h-9 w-full items-center gap-2 rounded border border-[#c8c6c4] bg-white px-3 focus-within:border-[#0f6cbd] focus-within:ring-1 focus-within:ring-[#0f6cbd] sm:max-w-md"><Search className="h-3.5 w-3.5 text-[#8a8886]" /><input type="text" placeholder="Search sectors, vulnerability classes, compliance standards..." value={searchQuery} onChange={(e) => setSearchQuery(e.target.value)} className="w-full bg-transparent text-[13px] text-[#323130] outline-none placeholder:text-[#8a8886]" /></label>%0A+         <button onClick={() => setShowAddForm(true)} className="flex h-9 shrink-0 items-center justify-center gap-1.5 rounded bg-[#0f6cbd] px-3 text-[13px] font-medium text-white hover:bg-[#004578]"><Plus className="h-3.5 w-3.5" /><span>Register software sector</span></button>%0A+       </div>%0A+       <div className="grid grid-cols-1 items-start gap-4 lg:grid-cols-12">%0A+         <div className={`${selectedSectorId ? 'lg:col-span-7' : 'lg:col-span-12'} grid grid-cols-1 gap-3 md:grid-cols-2`}>%0A+           {filteredSectors.map(sector => {%0A+             const Icon = getIconComponent(sector.iconName); const metrics = sectorMetrics[sector.id]; const isSelected = sector.id === selectedSectorId;%0A+             return <div key={sector.id} onClick={() => setSelectedSectorId(sector.id === selectedSectorId ? null : sector.id)} className={`flex h-44 cursor-pointer flex-col justify-between rounded-md border bg-white p-3 text-left transition-colors ${isSelected ? 'border-[#0f6cbd] bg-[#eff6fc]' : 'border-[#e1dfdd] hover:border-[#c8c6c4]'}`}>%0A+               <div><div className="flex items-start justify-between"><div className="rounded bg-[#f3f2f1] p-1.5 text-[#605e5c]"><Icon className="h-4 w-4" /></div>{metrics.count > 0 ? <span className={`inline-flex items-center gap-1 text-[11px] font-medium ${metrics.avgTrust >= 90 ? 'text-[#0e700e]' : metrics.avgTrust >= 80 ? 'text-[#8a5700]' : 'text-[#a4262c]'}`}><span className={`h-1.5 w-1.5 rounded-full ${metrics.avgTrust >= 90 ? 'bg-[#0e700e]' : metrics.avgTrust >= 80 ? 'bg-[#8a5700]' : 'bg-[#a4262c]'}`} />{metrics.avgTrust}%25 avg trust</span> : <span className="text-[11px] text-[#8a8886]">Empty sector</span>}</div><h3 className="mt-2.5 text-[13px] font-semibold text-[#201f1e]">{sector.name}</h3><p className="mt-1 line-clamp-2 text-[11px] leading-relaxed text-[#8a8886]">{sector.description}</p></div>%0A+               <div className="mt-2.5 flex items-center justify-between border-t border-[#f3f2f1] pt-2 text-[11px] text-[#605e5c]"><div className="flex gap-3"><span>Passports <strong className="font-semibold text-[#323130]">{metrics.count}</strong></span>{metrics.count > 0 && <span>Findings <strong className={`font-semibold ${metrics.totalCves > 0 ? 'text-[#a4262c]' : 'text-[#0e700e]'}`}>{metrics.totalCves}</strong></span>}</div><span className="flex items-center gap-0.5 font-medium text-[#0f6cbd]"><span>Analyze</span><ChevronRight className="h-3.5 w-3.5" /></span></div>%0A+             </div>;%0A+           })}%0A+         </div>%0A+         {selectedSector && selectedMetrics && <div className="sticky top-4 space-y-4 rounded-md border border-[#e1dfdd] bg-white p-4 text-left lg:col-span-5">%0A+           <div className="flex items-start justify-between"><div className="flex items-center gap-2.5"><div className="rounded bg-[#eff6fc] p-2 text-[#0f6cbd]">{React.createElement(getIconComponent(selectedSector.iconName), { className: 'w-4 h-4' })}</div><div><h3 className="text-[14px] font-semibold text-[#201f1e]">{selectedSector.name}</h3><span className="text-[11px] text-[#8a8886]">Sector ID: {selectedSector.id}</span></div></div><button onClick={() => setSelectedSectorId(null)} className="rounded p-1 text-[#8a8886] hover:bg-black/[.03] hover:text-[#605e5c]" title="Close analysis"><X className="h-3.5 w-3.5" /></button></div>%0A+           <p className="rounded-md border border-[#e1dfdd] bg-[#faf9f8] p-3 text-[12px] leading-relaxed text-[#605e5c]">{selectedSector.description}</p>%0A+           <div className="grid grid-cols-2 gap-2"><div className="rounded border border-[#e1dfdd] bg-[#faf9f8] p-2"><span className="block text-[11px] text-[#8a8886]">Active passports</span><span className="text-[13px] font-semibold text-[#323130]">{selectedMetrics.count} monitored</span></div><div className="rounded border border-[#e1dfdd] bg-[#faf9f8] p-2"><span className="block text-[11px] text-[#8a8886]">Total dependencies</span><span className="text-[13px] font-semibold text-[#323130]">{selectedMetrics.totalSboms} SBOM nodes</span></div></div>%0A+           <div className="space-y-3"><div><h4 className="flex items-center gap-1.5 border-b border-[#f3f2f1] pb-1.5 text-[11px] font-semibold uppercase tracking-wide text-[#605e5c]"><ShieldAlert className="h-3.5 w-3.5 text-[#0f6cbd]" /> Major threat vector</h4><p className="mt-1 text-[12px] leading-relaxed text-[#605e5c]">{selectedSector.threatProfile}</p></div><div><h4 className="flex items-center gap-1.5 border-b border-[#f3f2f1] pb-1.5 text-[11px] font-semibold uppercase tracking-wide text-[#605e5c]"><Award className="h-3.5 w-3.5 text-[#0f6cbd]" /> Sector compliance target</h4><p className="mt-1 text-[12px] font-medium leading-relaxed text-[#0f6cbd]">{selectedSector.complianceMandate}</p></div><div><h4 className="flex items-center gap-1.5 border-b border-[#f3f2f1] pb-1.5 text-[11px] font-semibold uppercase tracking-wide text-[#605e5c]"><Settings className="h-3.5 w-3.5 text-[#0f6cbd]" /> Security hardening blueprint</h4><p className="mt-1 rounded border border-[#e1dfdd] bg-[#eff6fc] p-2 text-[12px] leading-relaxed text-[#201f1e]">{selectedSector.hardeningBlueprint}</p></div></div>%0A+           <div className="space-y-2 border-t border-[#f3f2f1] pt-3"><span className="block text-[11px] font-semibold uppercase tracking-wide text-[#8a8886]">Verified passports in sector</span>{selectedMetrics.count === 0 ? <div className="space-y-2 rounded-md border border-dashed border-[#e1dfdd] bg-[#faf9f8] py-5 text-center"><p className="text-[12px] italic text-[#8a8886]">No software passports registered in this category.</p><button onClick={() => onFilterCategory(selectedSector.name)} className="h-8 rounded border border-[#c8c6c4] px-3 text-[12px] font-medium text-[#323130] hover:bg-black/[.03]">View empty catalog filter</button></div> : <div className="space-y-1.5">{selectedMetrics.matchedPassports.map(p => <div key={p.id} onClick={() => setSelectedPassportId(p.id)} className="flex cursor-pointer items-center justify-between rounded border border-[#e1dfdd] bg-[#faf9f8] p-2.5 hover:border-[#c8c6c4]"><div className="min-w-0"><h4 className="truncate text-[13px] font-medium text-[#201f1e]">{p.name}</h4><span className="mt-0.5 block text-[11px] text-[#8a8886]">Version {p.version} · {p.publisher}</span></div><div className="flex shrink-0 items-center gap-2"><span className={`flex h-7 w-7 items-center justify-center rounded-full border text-[11px] font-semibold ${p.overallScore == null ? 'border-[#c8c6c4] bg-[#f3f2f1] text-[#8a8886]' : p.overallScore >= 90 ? 'border-[#0e700e]/30 bg-[#dff6dd] text-[#0e700e]' : 'border-[#8a5700]/30 bg-[#fff4ce] text-[#8a5700]'}`}>{p.overallScore == null ? '—' : p.overallScore}</span><ChevronRight className="h-3.5 w-3.5 text-[#8a8886]" /></div></div>)}</div>}</div>%0A+           <div className="border-t border-[#f3f2f1] pt-3"><button onClick={() => onFilterCategory(selectedSector.name)} className="flex h-9 w-full items-center justify-center gap-1.5 rounded bg-[#0f6cbd] px-3 text-[13px] font-medium text-white hover:bg-[#004578]"><Eye className="h-3.5 w-3.5" /><span>Filter catalog grid</span></button></div>%0A+         </div>}%0A+       </div>%0A+       {showAddForm && <div className="fixed inset-0 z-50 flex items-center justify-center bg-black/40 p-4"><div className="w-full max-w-lg rounded-md border border-[#e1dfdd] bg-white p-5"><div className="flex items-start justify-between border-b border-[#f3f2f1] pb-3"><h3 className="flex items-center gap-1.5 text-[15px] font-semibold text-[#201f1e]"><Cpu className="h-4 w-4 shrink-0 text-[#0f6cbd]" /><span>Register custom software sector</span></h3><button onClick={() => setShowAddForm(false)} className="rounded p-1 text-[#8a8886] hover:bg-black/[.03] hover:text-[#605e5c]"><X className="h-3.5 w-3.5" /></button></div><form onSubmit={handleAddSector} className="mt-4 space-y-3 text-left"><div className="grid grid-cols-1 gap-3 sm:grid-cols-2"><div className="space-y-1"><label className="block text-[11px] font-medium text-[#605e5c]">Sector / category name</label><input type="text" required placeholder="e.g. Identity Providers & IAM" value={newName} onChange={(e) => setNewName(e.target.value)} className="h-9 w-full rounded border border-[#c8c6c4] bg-white px-3 text-[13px] text-[#323130] placeholder:text-[#8a8886] focus:border-[#0f6cbd] focus:outline-none focus:ring-1 focus:ring-[#0f6cbd]" /></div><div className="space-y-1"><label className="block text-[11px] font-medium text-[#605e5c]">Assigned sector icon</label><select value={newIcon} onChange={(e) => setNewIcon(e.target.value)} className="h-9 w-full rounded border border-[#c8c6c4] bg-white px-3 text-[13px] text-[#323130] focus:border-[#0f6cbd] focus:outline-none focus:ring-1 focus:ring-[#0f6cbd]"><option value="Cpu">Processor (CPU)</option><option value="Globe">Web / Networking (Globe)</option><option value="Database">Data Storage (Database)</option><option value="Code">Library / SDK (Code)</option><option value="Layers">Hypervisor / Base (Layers)</option><option value="Lock">Security / SSO (Lock)</option><option value="Activity">Monitoring (Activity)</option><option value="Server">Cloud Computing (Server)</option><option value="Sparkles">AI / ML Model (Sparkles)</option><option value="Plug">API Gateway (Plug)</option><option value="ShieldCheck">Digital Attestation (ShieldCheck)</option><option value="FileText">Document Registry (FileText)</option></select></div></div><div className="space-y-1"><label className="block text-[11px] font-medium text-[#605e5c]">Sector description</label><textarea required rows={2} placeholder="Summarize the technological boundaries and function of this software sector..." value={newDescription} onChange={(e) => setNewDescription(e.target.value)} className="w-full resize-none rounded border border-[#c8c6c4] bg-white px-3 py-2 text-[13px] text-[#323130] placeholder:text-[#8a8886] focus:border-[#0f6cbd] focus:outline-none focus:ring-1 focus:ring-[#0f6cbd]" /></div><div className="grid grid-cols-1 gap-3 sm:grid-cols-2"><div className="space-y-1"><label className="block text-[11px] font-medium text-[#605e5c]">Primary threat vector</label><input type="text" placeholder="e.g. Session hijacking, side-channel leakage" value={newThreat} onChange={(e) => setNewThreat(e.target.value)} className="h-9 w-full rounded border border-[#c8c6c4] bg-white px-3 text-[13px] text-[#323130] placeholder:text-[#8a8886] focus:border-[#0f6cbd] focus:outline-none focus:ring-1 focus:ring-[#0f6cbd]" /></div><div className="space-y-1"><label className="block text-[11px] font-medium text-[#605e5c]">Core vulnerability class</label><input type="text" placeholder="e.g. Memory Corruption, Injection" value={newVulClass} onChange={(e) => setNewVulClass(e.target.value)} className="h-9 w-full rounded border border-[#c8c6c4] bg-white px-3 py-2 text-[13px] text-[#323130] placeholder:text-[#8a8886] focus:border-[#0f6cbd] focus:outline-none focus:ring-1 focus:ring-[#0f6cbd]" /></div></div><div className="grid grid-cols-1 gap-3 sm:grid-cols-2"><div className="space-y-1"><label className="block text-[11px] font-medium text-[#605e5c]">Compliance mandate target</label><input type="text" placeholder="e.g. NIST CSF Access Control 3.1" value={newCompliance} onChange={(e) => setNewCompliance(e.target.value)} className="h-9 w-full rounded border border-[#c8c6c4] bg-white px-3 py-2 text-[13px] text-[#323130] placeholder:text-[#8a8886] focus:border-[#0f6cbd] focus:outline-none focus:ring-1 focus:ring-[#0f6cbd]" /></div><div className="space-y-1"><label className="block text-[11px] font-medium text-[#605e5c]">Hardening blueprint</label><input type="text" placeholder="e.g. Mandatory MFA, short-lived tokens" value={newHardening} onChange={(e) => setNewHardening(e.target.value)} className="h-9 w-full rounded border border-[#c8c6c4] bg-white px-3 py-2 text-[13px] text-[#323130] placeholder:text-[#8a8886] focus:border-[#0f6cbd] focus:outline-none focus:ring-1 focus:ring-[#0f6cbd]" /></div></div><div className="mt-4 flex justify-end gap-2 border-t border-[#f3f2f1] pt-3"><button type="button" onClick={() => setShowAddForm(false)} className="h-9 rounded border border-[#c8c6c4] px-3 text-[13px] font-medium text-[#323130] hover:bg-black/[.03]">Cancel</button><button type="submit" className="h-9 rounded bg-[#0f6cbd] px-3 text-[13px] font-medium text-white hover:bg-[#004578]">Confirm registration</button></div></form></div></div>}%0A+     </div>%0A+   );%0A+ }%0A+%0A%0A ❯ tests/credibility-cleanup-contract.test.ts:44:15%0A%0A

::error file=/home/runner/work/software-passport-registry/software-passport-registry/tests/csp-inline-theme-script.test.ts,title=tests/csp-inline-theme-script.test.ts > inline theme script is allowed by hash%2C not by unsafe-inline > the helmet CSP carries the same quoted hash and never unsafe-inline,line=26,column=23::AssertionError: expected 'scriptSrc: ["\'self\'"]' to contain '\'sha256-kWQT+628v4D1A4MJk9hTD6a0W1Ad…'%0A%0AExpected: "'sha256-kWQT+628v4D1A4MJk9hTD6a0W1AdPlPKtzhPlYKIpZc='"%0AReceived: "scriptSrc: ["'self'"]"%0A%0A ❯ tests/csp-inline-theme-script.test.ts:26:23%0A%0A

::error file=/home/runner/work/software-passport-registry/software-passport-registry/tests/drizzle-unique-constraint-error-contract.test.ts,title=tests/drizzle-unique-constraint-error-contract.test.ts > unique-constraint (23505) handling checks both error.code and error.cause.code > client creation duplicate domain (src/routes/auth.ts),line=27,column=17::AssertionError: expected '/**\n * @license\n * SPDX-License-Ide…' to contain 'error?.code === \'23505\' || error?.c…'%0A%0A- Expected%0A+ Received%0A%0A- error?.code === '23505' || error?.cause?.code === '23505'%0A+ /**%0A+  * @license%0A+  * SPDX-License-Identifier: Apache-2.0%0A+  */%0A+%0A+ import { Router } from 'express';%0A+ import { eq } from 'drizzle-orm';%0A+ import { sql } from 'drizzle-orm';%0A+ import { z } from 'zod';%0A+ import { users } from '../db/schema.ts';%0A+ import { AuthenticatedRequest, requireAuth, requireRole } from '../middleware/security.ts';%0A+ import { adminAuth, setUserCustomClaims } from '../lib/firebase-admin.ts';%0A+ import { appendAuditEntry, verifyAuditChain } from '../security/audit-log.ts';%0A+ import { describeUserAgent, sessionFingerprint } from '../security/session-tracking.ts';%0A+ import { offboardTenantData } from '../db/sync.ts';%0A+ import { INTEGRATION_CATALOG } from '../integrations/catalog.ts';%0A+ import { adaptEvidenceForEvaluation } from '../lib/verification/evidenceAdapter.ts';%0A+ import { evaluateVerification, type VerificationDecision } from '../lib/verification/evaluateVerification.ts';%0A+%0A+ const INVITABLE_ROLES = ['Admin', 'Technician', 'Viewer', 'Client'] as const;%0A+ const inviteSchema = z.object({ email: z.string().trim().email().max(255), role: z.enum(INVITABLE_ROLES) }).strict();%0A+ const roleUpdateSchema = z.object({ role: z.enum(INVITABLE_ROLES) }).strict();%0A+ const profileUpdateSchema = z.object({%0A+   displayName: z.string().trim().max(200).optional(),%0A+   roleTitle: z.string().trim().max(200).optional(),%0A+   companyName: z.string().trim().max(200).optional(),%0A+ }).strict();%0A+ const revokeSessionSchema = z.object({ sessionId: z.string().trim().min(1).max(200) }).strict();%0A+%0A+ export function createAuthRouter() {%0A+   const router = Router();%0A+%0A+   // The Firebase ID token is the sole authentication authority. The database%0A+   // record supplies the tenant/RBAC projection after token verification.%0A+   router.get('/user/me', requireAuth, async (req: AuthenticatedRequest, res, next) => {%0A+     try {%0A+       const db = req.db!;%0A+       const user = await db.select({%0A+         id: users.id,%0A+         uid: users.uid,%0A+         email: users.email,%0A+         tenantId: users.tenantId,%0A+         role: users.role,%0A+         companyName: users.companyName,%0A+         roleTitle: users.roleTitle,%0A+         displayName: users.displayName,%0A+         numTechnicians: users.numTechnicians,%0A+         clientCount: users.clientCount,%0A+         primaryUseCase: users.primaryUseCase,%0A+         onboarded: users.onboarded,%0A+         mfaEnabled: users.mfaEnabled,%0A+         createdAt: users.createdAt,%0A+       }).from(users).where(eq(users.uid, req.user!.uid)).then(rows => rows[0]);%0A+%0A+       if (!user) return res.status(403).json({ error: 'User account is not provisioned' });%0A+       return res.json({ ...user, emailVerified: req.user!.emailVerified });%0A+     } catch (error) {%0A+       return next(error);%0A+     }%0A+   });%0A+%0A+   router.put('/user/profile', requireAuth, async (req: AuthenticatedRequest, res, next) => {%0A+     try {%0A+       const db = req.db!;%0A+       const parsed = profileUpdateSchema.safeParse(req.body);%0A+       if (!parsed.success) return res.status(400).json({ error: 'Invalid request', details: parsed.error.flatten() });%0A+       const result = await db.execute(sql`%0A+         UPDATE users SET%0A+           display_name = COALESCE(${parsed.data.displayName ?? null}, display_name),%0A+           role_title = COALESCE(${parsed.data.roleTitle ?? null}, role_title),%0A+           company_name = COALESCE(${parsed.data.companyName ?? null}, company_name)%0A+         WHERE uid = ${req.user!.uid} AND tenant_id = ${req.user!.tenantId}%0A+         RETURNING id, email, display_name AS "displayName", role_title AS "roleTitle", company_name AS "companyName"%0A+       `);%0A+       const row = (result as any).rows?.[0];%0A+       if (!row) return res.status(404).json({ error: 'User account not found' });%0A+       await appendAuditEntry(db, { tenantId: req.user!.tenantId, action: 'profile.updated', actor: req.user!.email, payload: { userId: req.user!.id } });%0A+       return res.json(row);%0A+     } catch (error) {%0A+       return next(error);%0A+     }%0A+   });%0A+%0A+   router.get('/organization/team', requireAuth, async (req: AuthenticatedRequest, res, next) => {%0A+     try {%0A+       const db = req.db!;%0A+       const result = await db.execute(sql`%0A+         SELECT id, email, display_name AS "displayName", role, onboarded, created_at AS "createdAt"%0A+         FROM users WHERE tenant_id = ${req.user!.tenantId} ORDER BY created_at ASC%0A+       `);%0A+       return res.json((result as any).rows ?? []);%0A+     } catch (error) {%0A+       return next(error);%0A+     }%0A+   });%0A+%0A+   router.post('/organization/invite', requireAuth, requireRole(['Owner', 'Admin']), async (req: AuthenticatedRequest, res, next) => {%0A+     try {%0A+       const db = req.db!;%0A+       const parsed = inviteSchema.safeParse(req.body);%0A+       if (!parsed.success) return res.status(400).json({ error: 'Invalid request', details: parsed.error.flatten() });%0A+       const email = parsed.data.email.toLowerCase();%0A+%0A+       const existing = await db.execute(sql`SELECT id FROM users WHERE tenant_id = ${req.user!.tenantId} AND lower(btrim(email)) = ${email} LIMIT 1`);%0A+       if ((existing as any).rows?.length) return res.status(409).json({ error: 'This email is already a member of your workspace.' });%0A+%0A+       let firebaseUser;%0A+       try {%0A+         firebaseUser = await adminAuth.getUserByEmail(email);%0A+       } catch {%0A+         firebaseUser = await adminAuth.createUser({ email, emailVerified: false });%0A+       }%0A+%0A+       const inserted = await db.execute(sql`%0A+         INSERT INTO users (uid, email, tenant_id, role, invited_by, onboarded)%0A+         VALUES (${firebaseUser.uid}, ${email}, ${req.user!.tenantId}, ${parsed.data.role}, ${req.user!.email}, 0)%0A+         RETURNING id, email, role%0A+       `);%0A+       await setUserCustomClaims(firebaseUser.uid, { workspaceId: req.user!.tenantId, role: parsed.data.role });%0A+%0A+       let inviteLink: string | null = null;%0A+       try { inviteLink = await adminAuth.generatePasswordResetLink(email); } catch { inviteLink = null; }%0A+%0A+       await appendAuditEntry(db, { tenantId: req.user!.tenantId, action: 'team.invited', actor: req.user!.email, payload: { invitedEmail: email, role: parsed.data.role } });%0A+       return res.status(201).json({ ...(inserted as any).rows?.[0], inviteLink });%0A+     } catch (error) {%0A+       return next(error);%0A+     }%0A+   });%0A+%0A+   router.put('/organization/team/:userId/role', requireAuth, requireRole(['Owner', 'Admin']), async (req: AuthenticatedRequest, res, next) => {%0A+     try {%0A+       const db = req.db!;%0A+       const parsed = roleUpdateSchema.safeParse(req.body);%0A+       if (!parsed.success) return res.status(400).json({ error: 'Invalid request', details: parsed.error.flatten() });%0A+       const targetId = Number(req.params.userId);%0A+       if (!Number.isInteger(targetId)) return res.status(400).json({ error: 'Invalid user id' });%0A+%0A+       const result = await db.execute(sql`%0A+         UPDATE users SET role = ${parsed.data.role}%0A+         WHERE id = ${targetId} AND tenant_id = ${req.user!.tenantId} AND role <> 'Owner'%0A+         RETURNING id, uid, email, role%0A+       `);%0A+       const row = (result as any).rows?.[0];%0A+       if (!row) return res.status(404).json({ error: 'Team member not found, or the Owner role cannot be changed here.' });%0A+       await setUserCustomClaims(row.uid, { workspaceId: req.user!.tenantId, role: parsed.data.role });%0A+       await appendAuditEntry(db, { tenantId: req.user!.tenantId, action: 'team.role_changed', actor: req.user!.email, payload: { targetUserId: targetId, newRole: parsed.data.role } });%0A+       return res.json({ id: row.id, email: row.email, role: row.role });%0A+     } catch (error) {%0A+       return next(error);%0A+     }%0A+   });%0A+%0A+   router.delete('/organization/team/:userId', requireAuth, requireRole(['Owner', 'Admin']), async (req: AuthenticatedRequest, res, next) => {%0A+     try {%0A+       const db = req.db!;%0A+       const targetId = Number(req.params.userId);%0A+       if (!Number.isInteger(targetId)) return res.status(400).json({ error: 'Invalid user id' });%0A+%0A+       const result = await db.execute(sql`%0A+         DELETE FROM users WHERE id = ${targetId} AND tenant_id = ${req.user!.tenantId} AND role <> 'Owner'%0A+         RETURNING id, uid, email%0A+       `);%0A+       const row = (result as any).rows?.[0];%0A+       if (!row) return res.status(404).json({ error: 'Team member not found, or the Owner cannot be removed.' });%0A+%0A+       try { await adminAuth.updateUser(row.uid, { disabled: true }); await adminAuth.revokeRefreshTokens(row.uid); } catch { /* Firebase account may already be gone; DB removal already took effect. */ }%0A+       await appendAuditEntry(db, { tenantId: req.user!.tenantId, action: 'team.removed', actor: req.user!.email, payload: { targetUserId: targetId, targetEmail: row.email } });%0A+       return res.status(204).send();%0A+     } catch (error) {%0A+       return next(error);%0A+     }%0A+   });%0A+%0A+   router.get('/auth/sessions', requireAuth, async (req: AuthenticatedRequest, res, next) => {%0A+     try {%0A+       const db = req.db!;%0A+       const currentIp = req.ip || req.socket.remoteAddress || 'unknown';%0A+       const currentUserAgent = typeof req.headers['user-agent'] === 'string' ? req.headers['user-agent'].slice(0, 512) : '';%0A+       const currentFingerprint = sessionFingerprint(req.user!.uid, currentIp, currentUserAgent);%0A+%0A+       const result = await db.execute(sql`%0A+         SELECT id, session_fingerprint AS "sessionFingerprint", ip, user_agent AS "userAgent", last_seen_at AS "lastSeenAt"%0A+         FROM user_sessions%0A+         WHERE tenant_id = ${req.user!.tenantId} AND user_id = ${req.user!.id} AND revoked_at IS NULL%0A+         ORDER BY last_seen_at DESC%0A+       `);%0A+       const rows = ((result as any).rows ?? []) as Array<{ id: string; sessionFingerprint: string; ip: string; userAgent: string; lastSeenAt: string }>;%0A+       return res.json(rows.map(row => ({%0A+         id: row.id,%0A+         email: req.user!.email,%0A+         current: row.sessionFingerprint === currentFingerprint,%0A+         ip: row.ip,%0A+         device: describeUserAgent(row.userAgent),%0A+         location: 'Not geolocated',%0A+         lastSeenAt: row.lastSeenAt,%0A+       })));%0A+     } catch (error) {%0A+       return next(error);%0A+     }%0A+   });%0A+%0A+   router.post('/auth/sessions/revoke', requireAuth, async (req: AuthenticatedRequest, res, next) => {%0A+     try {%0A+       const db = req.db!;%0A+       const parsed = revokeSessionSchema.safeParse(req.body);%0A+       if (!parsed.success) return res.status(400).json({ error: 'Invalid request', details: parsed.error.flatten() });%0A+       const currentIp = req.ip || req.socket.remoteAddress || 'unknown';%0A+       const currentUserAgent = typeof req.headers['user-agent'] === 'string' ? req.headers['user-agent'].slice(0, 512) : '';%0A+       const currentFingerprint = sessionFingerprint(req.user!.uid, currentIp, currentUserAgent);%0A+       if (parsed.data.sessionId === `sess_${currentFingerprint}`) return res.status(400).json({ error: 'Cannot revoke the session you are currently using. Sign out instead.' });%0A+%0A+       const result = await db.execute(sql`%0A+         UPDATE user_sessions SET revoked_at = NOW()%0A+         WHERE id = ${parsed.data.sessionId} AND tenant_id = ${req.user!.tenantId} AND user_id = ${req.user!.id} AND revoked_at IS NULL%0A+         RETURNING id%0A+       `);%0A+       if (!((result as any).rows?.length)) return res.status(404).json({ error: 'Session not found' });%0A+       await appendAuditEntry(db, { tenantId: req.user!.tenantId, action: 'session.revoked', actor: req.user!.email, payload: { sessionId: parsed.data.sessionId } });%0A+       return res.status(204).send();%0A+     } catch (error) {%0A+       return next(error);%0A+     }%0A+   });%0A+%0A+   router.get('/auth/login-history', requireAuth, async (req: AuthenticatedRequest, res, next) => {%0A+     try {%0A+       const db = req.db!;%0A+       const result = await db.execute(sql`%0A+         SELECT id, ip, user_agent AS "userAgent", status, occurred_at AS "occurredAt"%0A+         FROM login_history WHERE tenant_id = ${req.user!.tenantId} AND user_id = ${req.user!.id}%0A+         ORDER BY occurred_at DESC LIMIT 50%0A+       `);%0A+       const rows = ((result as any).rows ?? []) as Array<{ id: string; ip: string; userAgent: string; status: string; occurredAt: string }>;%0A+       return res.json(rows.map(row => ({%0A+         id: row.id,%0A+         email: req.user!.email,%0A+         status: row.status,%0A+         action: 'Sign-in',%0A+         timestamp: row.occurredAt,%0A+         ip: row.ip,%0A+         location: 'Not geolocated',%0A+       })));%0A+     } catch (error) {%0A+       return next(error);%0A+     }%0A+   });%0A+%0A+   router.get('/auth/audit-chain', requireAuth, async (req: AuthenticatedRequest, res, next) => {%0A+     try {%0A+       const db = req.db!;%0A+       const beforeRaw = typeof req.query.before === 'string' ? Number(req.query.before) : null;%0A+       const before = Number.isInteger(beforeRaw) && beforeRaw! > 0 ? beforeRaw : null;%0A+       const result = before%0A+         ? await db.execute(sql`%0A+             SELECT id, action, timestamp, actor, payload, current_hash AS "currentHash", previous_hash AS "previousHash"%0A+             FROM audit_trail WHERE tenant_id = ${req.user!.tenantId} AND id < ${before} ORDER BY id DESC LIMIT 50%0A+           `)%0A+         : await db.execute(sql`%0A+         SELECT id, action, timestamp, actor, payload, current_hash AS "currentHash", previous_hash AS "previousHash"%0A+         FROM audit_trail WHERE tenant_id = ${req.user!.tenantId} ORDER BY id DESC LIMIT 50%0A+       `);%0A+       const rows = ((result as any).rows ?? []) as Array<{ id: number; action: string; timestamp: string; actor: string; payload: string; currentHash: string; previousHash: string }>;%0A+       return res.json(rows.map(row => ({%0A+         id: row.id,%0A+         action: row.action,%0A+         timestamp: row.timestamp,%0A+         actor: row.actor,%0A+         payload: row.payload,%0A+         hash: row.currentHash,%0A+         currentHash: row.currentHash,%0A+         previousHash: row.previousHash,%0A+         block: { action: row.action, userEmail: row.actor.includes('@') ? row.actor : null },%0A+       })));%0A+     } catch (error) {%0A+       return next(error);%0A+     }%0A+   });%0A+%0A+   router.get('/auth/audit-chain/verify', requireAuth, async (req: AuthenticatedRequest, res, next) => {%0A+     try {%0A+       const db = req.db!;%0A+       return res.json(await verifyAuditChain(db, req.user!.tenantId));%0A+     } catch (error) {%0A+       return next(error);%0A+     }%0A+   });%0A+%0A+   router.post('/tenant/offboard', requireAuth, requireRole('Owner'), async (req: AuthenticatedRequest, res, next) => {%0A+     try {%0A+       // Purges via the owner-role connection (not req.db): offboarding must be%0A+       // able to see every table it enumerates from information_schema, and it%0A+       // already scopes every DELETE to exactly this caller's own tenant_id.%0A+       await offboardTenantData(req.user!.tenantId);%0A+       return res.status(200).json({ message: 'Tenant data purged.' });%0A+     } catch (error) {%0A+       return next(error);%0A+     }%0A+   });%0A+%0A+   // Owner-only founder metrics. Every value is either observed from tenant%0A+   // data or explicitly reported as not verified; this endpoint never invents%0A+   // production health, security, financial, or performance telemetry.%0A+   router.get('/founder/metrics', requireAuth, requireRole('Owner'), async (req: AuthenticatedRequest, res, next) => {%0A+     try {%0A+       const db = req.db!;%0A+       const counts = await db.execute(sql`%0A+         SELECT%0A+           (SELECT COUNT(*)::int FROM clients WHERE tenant_id = ${req.user!.tenantId}) AS "clientCount",%0A+           (SELECT COUNT(*)::int FROM passports WHERE tenant_id = ${req.user!.tenantId}) AS "passportCount",%0A+           (SELECT COUNT(*)::int FROM scans WHERE tenant_id = ${req.user!.tenantId}) AS "scanCount"%0A+       `);%0A+       const row = (counts as any).rows?.[0] || {};%0A+       return res.json({%0A+         latency: 'Not verified',%0A+         capitalProtected: 'Not verified',%0A+         throughput: 'Not verified',%0A+         mitigations: 'Not verified',%0A+         overallScore: null,%0A+         auditEvents: null,%0A+         activeThreats: null,%0A+         systemIntegrity: 'Not verified',%0A+         observed: {%0A+           clientCount: Number(row.clientCount || 0),%0A+           passportCount: Number(row.passportCount || 0),%0A+           scanCount: Number(row.scanCount || 0),%0A+         },%0A+       });%0A+     } catch (error) {%0A+       return next(error);%0A+     }%0A+   });%0A+%0A+   // Owner-only operational health for the command center. Every section reads%0A+   // from the real tables the corresponding subsystem already writes -- no%0A+   // second heartbeat, delivery ledger, integration status, or audit verifier%0A+   // is created here. Sections with no real backing data are omitted rather%0A+   // than populated with placeholder values; see the `notes` field.%0A+   router.get('/founder/operations', requireAuth, requireRole('Owner'), async (req: AuthenticatedRequest, res, next) => {%0A+     try {%0A+       const db = req.db!;%0A+       const tenantId = req.user!.tenantId;%0A+       const notes: string[] = [];%0A+%0A+       // --- A. Worker/job health ---------------------------------------------%0A+       // osv-worker.ts claims agent_jobs rows (job_type osv_manifest_scan /%0A+       // repository_scan). It has no separate heartbeat row; the queue state%0A+       // itself (locked_at/locked_by, the same 10-minute staleness window the%0A+       // worker uses to reclaim stuck jobs) is the real signal.%0A+       const [osvCounts, osvStale, osvFailures, osvActivity] = await Promise.all([%0A+         db.execute(sql`SELECT job_type AS "jobType", status, COUNT(*)::int AS count FROM agent_jobs WHERE tenant_id=${tenantId} AND job_type IN ('osv_manifest_scan','repository_scan') GROUP BY job_type, status`),%0A+         db.execute(sql`SELECT COUNT(*)::int AS count FROM agent_jobs WHERE tenant_id=${tenantId} AND job_type IN ('osv_manifest_scan','repository_scan') AND status='Running' AND locked_at < NOW() - INTERVAL '10 minutes'`),%0A+         db.execute(sql`SELECT id, job_type AS "jobType", error, attempt_count AS "attemptCount", max_attempts AS "maxAttempts", updated_at AS "updatedAt" FROM agent_jobs WHERE tenant_id=${tenantId} AND job_type IN ('osv_manifest_scan','repository_scan') AND status='Failed' ORDER BY updated_at DESC LIMIT 5`),%0A+         db.execute(sql`SELECT MAX(updated_at) AS "lastActivityAt" FROM agent_jobs WHERE tenant_id=${tenantId} AND job_type IN ('osv_manifest_scan','repository_scan')`),%0A+       ]);%0A+%0A+       // monitoring-worker.ts (the file name this dashboard's spec named) is not%0A+       // imported by worker.ts and never runs in production -- confirmed dead%0A+       // code, not a running system. trust-monitoring-worker.ts is the real,%0A+       // currently-running system that plays the equivalent role (collector_jobs%0A+       // has an actual heartbeat_at column, unlike agent_jobs).%0A+       const [monitoringCounts, monitoringHeartbeat, monitoringFailures] = await Promise.all([%0A+         db.execute(sql`SELECT state, COUNT(*)::int AS count FROM collector_jobs WHERE tenant_id=${tenantId} GROUP BY state`),%0A+         db.execute(sql`SELECT MAX(heartbeat_at) AS "lastHeartbeatAt" FROM collector_jobs WHERE tenant_id=${tenantId} AND state='running'`),%0A+         db.execute(sql`SELECT id, collector_id AS "collectorId", safe_error_code AS "errorCode", safe_error_message AS "errorMessage", completed_at AS "completedAt" FROM collector_jobs WHERE tenant_id=${tenantId} AND state IN ('failed','dead_lettered') ORDER BY completed_at DESC NULLS LAST LIMIT 5`),%0A+       ]);%0A+       notes.push('monitoring-worker.ts is dead code (never imported by worker.ts); "monitoringWorker" below reflects trust-monitoring-worker.ts, the real running system for the same role.');%0A+%0A+       // --- B. Webhook delivery health ----------------------------------------%0A+       const [webhookCounts, webhookEndpoints, webhookFailures] = await Promise.all([%0A+         db.execute(sql`SELECT status, COUNT(*)::int AS count FROM spr_webhook_deliveries WHERE tenant_id=${tenantId} AND created_at::timestamptz > NOW() - INTERVAL '7 days' GROUP BY status`),%0A+         db.execute(sql`SELECT COUNT(*) FILTER (WHERE active)::int AS "activeCount", COUNT(*) FILTER (WHERE NOT active)::int AS "disabledCount" FROM spr_webhooks WHERE tenant_id=${tenantId}`),%0A+         db.execute(sql`SELECT d.id, d.webhook_id AS "webhookId", w.url, d.event_type AS "eventType", d.safe_error_code AS "errorCode", d.safe_error_message AS "errorMessage", d.completed_at AS "completedAt" FROM spr_webhook_deliveries d JOIN spr_webhooks w ON w.id=d.webhook_id AND w.tenant_id=d.tenant_id WHERE d.tenant_id=${tenantId} AND d.status IN ('failed','dead_lettered') ORDER BY d.completed_at DESC NULLS LAST LIMIT 10`),%0A+       ]);%0A+       notes.push('Webhook failures are grouped by destination endpoint (webhookId/url), not "provider" -- SPR webhooks are user-configured destination URLs, not third-party provider connectors; there is no per-provider concept for outbound deliveries.');%0A+%0A+       // --- C. Integration health ----------------------------------------------%0A+       const [credentialRows, integrationRows] = await Promise.all([%0A+         db.execute(sql`SELECT provider, status, last_tested_at AS "lastTestedAt" FROM integration_credentials WHERE tenant_id=${tenantId}`),%0A+         db.execute(sql`SELECT name, connected, last_sync_date AS "lastSyncDate" FROM integrations WHERE tenant_id=${tenantId}`),%0A+       ]);%0A+       const credentialByProvider = new Map<string, any>((credentialRows as any).rows?.map((r: any) => [r.provider, r]) ?? []);%0A+       const integrationByName = new Map<string, any>((integrationRows as any).rows?.map((r: any) => [r.name, r]) ?? []);%0A+       const integrations = INTEGRATION_CATALOG.map((item) => ({%0A+         provider: item.provider,%0A+         name: item.name,%0A+         connected: Boolean(integrationByName.get(item.name)?.connected),%0A+         lastSyncDate: integrationByName.get(item.name)?.lastSyncDate ?? null,%0A+         credentialStatus: credentialByProvider.get(item.provider)?.status ?? 'NOT_CONFIGURED',%0A+         lastTestedAt: credentialByProvider.get(item.provider)?.lastTestedAt ?? null,%0A+       }));%0A+%0A+       // --- D. Audit chain integrity --------------------------------------------%0A+       // Reuses the exact function GET /api/auth/audit-chain/verify calls --%0A+       // no second verifier.%0A+       const auditChain = await verifyAuditChain(db, tenantId);%0A+%0A+       // --- E. Scan / job queue --------------------------------------------------%0A+       const [runningRepoScans, complianceSchedules] = await Promise.all([%0A+         db.execute(sql`SELECT id, passport_id AS "passportId", status, progress, updated_at AS "updatedAt" FROM agent_jobs WHERE tenant_id=${tenantId} AND job_type='repository_scan' AND status='Running' ORDER BY updated_at DESC LIMIT 10`),%0A+         db.execute(sql`SELECT id, client_id AS "clientId", frequency, status, last_audit_at AS "lastAuditAt", next_audit_at AS "nextAuditAt" FROM compliance_schedules WHERE tenant_id=${tenantId} ORDER BY COALESCE(last_audit_at, created_at) DESC LIMIT 10`),%0A+       ]);%0A+%0A+       return res.json({%0A+         generatedAt: new Date().toISOString(),%0A+         workers: {%0A+           osv: {%0A+             countsByStatus: (osvCounts as any).rows ?? [],%0A+             staleRunningCount: Number((osvStale as any).rows?.[0]?.count ?? 0),%0A+             recentFailures: (osvFailures as any).rows ?? [],%0A+             lastActivityAt: (osvActivity as any).rows?.[0]?.lastActivityAt ?? null,%0A+           },%0A+           monitoringWorker: {%0A+             realSource: 'trust-monitoring-worker.ts (collector_jobs)',%0A+             countsByState: (monitoringCounts as any).rows ?? [],%0A+             lastHeartbeatAt: (monitoringHeartbeat as any).rows?.[0]?.lastHeartbeatAt ?? null,%0A+             recentFailures: (monitoringFailures as any).rows ?? [],%0A+           },%0A+         },%0A+         webhooks: {%0A+           countsByStatusLast7Days: (webhookCounts as any).rows ?? [],%0A+           activeEndpoints: Number((webhookEndpoints as any).rows?.[0]?.activeCount ?? 0),%0A+           disabledEndpoints: Number((webhookEndpoints as any).rows?.[0]?.disabledCount ?? 0),%0A+           recentFailures: (webhookFailures as any).rows ?? [],%0A+         },%0A+         integrations,%0A+         auditChain,%0A+         queue: {%0A+           runningRepositoryScans: (runningRepoScans as any).rows ?? [],%0A+           recentlyFailedJobs: (osvFailures as any).rows ?? [],%0A+           complianceSchedules: (complianceSchedules as any).rows ?? [],%0A+         },%0A+         notes,%0A+       });%0A+     } catch (error) {%0A+       return next(error);%0A+     }%0A+   });%0A+%0A+   // Owner-only self-passport retrieval. Absence of evidence is represented as%0A+   // a 404 instead of a fabricated passport or trust score.%0A+   router.get('/passports/self-passport', requireAuth, requireRole('Owner'), async (req: AuthenticatedRequest, res, next) => {%0A+     try {%0A+       const db = req.db!;%0A+       const result = await db.execute(sql`%0A+         SELECT%0A+           id,%0A+           name,%0A+           version,%0A+           publisher,%0A+           release_date AS "releaseDate",%0A+           evidence%0A+         FROM passports%0A+         WHERE tenant_id = ${req.user!.tenantId}%0A+         ORDER BY release_date DESC NULLS LAST, id DESC%0A+         LIMIT 1%0A+       `);%0A+       const row = (result as any).rows?.[0];%0A+       if (!row) return res.status(404).json({ error: 'Self passport evidence not found', code: 'SELF_PASSPORT_NOT_FOUND' });%0A+       return res.json({%0A+         ...row,%0A+         overallScore: null,%0A+         healthStatus: 'Not verified',%0A+         evidence: Array.isArray(row.evidence) ? row.evidence : [],%0A+       });%0A+     } catch (error) {%0A+       return next(error);%0A+     }%0A+   });%0A+%0A+   // Firebase-authenticated, tenant-scoped reads for the first-party SPA.%0A+   // These are deliberately separate from /connect/v1, which is API-key based.%0A+   router.get('/user/clients', requireAuth, async (req: AuthenticatedRequest, res, next) => {%0A+     try {%0A+       const db = req.db!;%0A+       const result = await db.execute(sql`SELECT id, name, domain, industry, trust_score AS "trustScore", risk_level AS "riskLevel", avatar_color AS "avatarColor", subscription_tier AS "subscriptionTier", joined_date AS "joinedDate", team_count AS "teamCount", passport_count AS "passportCount", critical_risks_count AS "criticalRisksCount", compliance_progress AS "complianceProgress", software_inventory AS "softwareInventory", compliance_status AS "complianceStatus", team_members AS "teamMembers", activity_timeline AS "activityTimeline" FROM clients WHERE tenant_id=${req.user!.tenantId} ORDER BY joined_date DESC`);%0A+       return res.json((result as any).rows || []);%0A+     } catch (error) {%0A+       return next(error);%0A+     }%0A+   });%0A+%0A+   router.get('/user/passports', requireAuth, async (req: AuthenticatedRequest, res, next) => {%0A+     try {%0A+       const db = req.db!;%0A+       const result = await db.execute(sql`SELECT p.id, p.client_id AS "clientId", p.name, p.version, p.publisher, p.category, p.release_date AS "releaseDate", p.license_type AS "licenseType", p.sbom, COALESCE((SELECT json_agg(json_build_object('id', e.id, 'name', e.name, 'type', e.type, 'verified', e.verified, 'status', e.status, 'signer', e.signer, 'timestamp', e.timestamp, 'hash', e.hash, 'engineId', e.engine_id, 'verificationFailureReason', e.verification_failure_reason) ORDER BY e.timestamp DESC) FROM evidence_items e WHERE e.tenant_id=p.tenant_id AND e.asset_id=p.id), '[]'::json) AS evidence, COALESCE((SELECT json_agg(json_build_object('id', f.id, 'findingId', f.id, 'severity', f.severity, 'category', f.category, 'title', f.title, 'description', f.description, 'component', f.component, 'fixedVersion', f.fixed_version, 'status', f.status, 'detectedAt', f.detected_at, 'engineId', f.engine_id) ORDER BY f.detected_at DESC) FROM scan_findings f WHERE f.tenant_id=p.tenant_id AND f.asset_id=p.id), '[]'::json) AS vulnerabilities, p.timeline, NULL AS scores, 'not_authoritatively_scored' AS "scoreStatus" FROM passports p WHERE p.tenant_id=${req.user!.tenantId} ORDER BY p.name ASC`);%0A+       return res.json((result as any).rows || []);%0A+     } catch (error) {%0A+       return next(error);%0A+     }%0A+   });%0A+%0A+   router.get('/user/extensions', requireAuth, async (req: AuthenticatedRequest, res, next) => {%0A+     try {%0A+       const db = req.db!;%0A+       const result = await db.execute(sql`SELECT extension_id AS "extensionId", installed_at AS "installedAt" FROM extension_installations WHERE tenant_id=${req.user!.tenantId} ORDER BY installed_at DESC`);%0A+       return res.json((result as any).rows || []);%0A+     } catch (error) {%0A+       return next(error);%0A+     }%0A+   });%0A+%0A+   router.post('/user/extensions/:extensionId', requireAuth, requireRole(['Owner', 'Admin', 'Operator']), async (req: AuthenticatedRequest, res, next) => {%0A+     try {%0A+       const extensionId = String(req.params.extensionId || '').trim();%0A+       if (!/^[A-Za-z0-9_.-]{1,120}$/.test(extensionId)) return res.status(400).json({ error: 'Invalid extension id' });%0A+       const db = req.db!;%0A+       const result = await db.execute(sql`INSERT INTO extension_installations (tenant_id, extension_id, installed_at) VALUES (${req.user!.tenantId}, ${extensionId}, NOW()) ON CONFLICT (tenant_id, extension_id) DO UPDATE SET installed_at=NOW() RETURNING extension_id AS "extensionId", installed_at AS "installedAt"`);%0A+       return res.status(201).json((result as any).rows?.[0]);%0A+     } catch (error) {%0A+       return next(error);%0A+     }%0A+   });%0A+%0A+   router.delete('/user/extensions/:extensionId', requireAuth, requireRole(['Owner', 'Admin', 'Operator']), async (req: AuthenticatedRequest, res, next) => {%0A+     try {%0A+       const db = req.db!;%0A+       const extensionId = String(req.params.extensionId || '').trim();%0A+       const result = await db.execute(sql`DELETE FROM extension_installations WHERE tenant_id=${req.user!.tenantId} AND extension_id=${extensionId} RETURNING extension_id`);%0A+       if (!((result as any).rows?.length)) return res.status(404).json({ error: 'Extension installation not found' });%0A+       return res.status(204).send();%0A+     } catch (error) {%0A+       return next(error);%0A+     }%0A+   });%0A+%0A+   router.get('/auth/verify-status', requireAuth, async (req: AuthenticatedRequest, res) => {%0A+     return res.json({ verified: req.user!.emailVerified, emailVerified: req.user!.emailVerified });%0A+   });%0A+%0A+%0A+%0A+   router.get('/user/passports/:id/verification', requireAuth, async (req: AuthenticatedRequest, res, next) => {%0A+     try {%0A+       const db = req.db!;%0A+       const tenantId = req.user!.tenantId;%0A+       const clientScope = req.user!.role === 'Client' ? (req.user as any).clientId : null;%0A+       const passportResult = await db.execute(sql`SELECT id, version, evidence, client_id AS "clientId" FROM passports WHERE id=${req.params.id} AND tenant_id=${tenantId} AND (${clientScope} IS NULL OR client_id=${clientScope}) LIMIT 1`) as any;%0A+       const passport = passportResult.rows?.[0];%0A+       if (!passport) return res.status(404).json({ error: 'Passport not found' });%0A+       const findingResult = await db.execute(sql`SELECT id, passport_id AS "passportId", evidence_ids, status FROM trust_findings WHERE tenant_id=${tenantId} AND passport_id=${passport.id}`) as any;%0A+       const parseJson = (value: unknown): unknown[] => { try { const parsed = JSON.parse(String(value ?? '')); return Array.isArray(parsed) ? parsed : []; } catch { return []; } };%0A+       const openFindingEvidenceIds = (findingResult.rows ?? []).filter((row: any) => !['resolved','closed','verified'].includes(String(row.status || '').toLowerCase())).flatMap((row: any) => parseJson(row.evidence_ids)).filter((id: any): id is string => typeof id === 'string');%0A+       const adapted = adaptEvidenceForEvaluation({ evidence: parseJson(passport.evidence) as any[], passportVersion: passport.version, openFindingEvidenceIds });%0A+       const evaluatedAt = Date.now();%0A+       const decision = evaluateVerification({ evidence: adapted.evidence, evaluatedAt, targetIdentity: adapted.targetIdentity });%0A+       res.setHeader('Cache-Control', 'private, max-age=0, no-store');%0A+       return res.json({ decision, observations: decision.observationCount, independentSources: decision.independentSourceCount });%0A+     } catch (error) { return next(error); }%0A+   });%0A+%0A+   router.get('/user/verification', requireAuth, async (req: AuthenticatedRequest, res, next) => {%0A+     try {%0A+       const db = req.db!;%0A+       const tenantId = req.user!.tenantId;%0A+       const clientScope = req.user!.role === 'Client' ? (req.user as any).clientId : null;%0A+       const passportRows = (await db.execute(sql`SELECT id, version, evidence, client_id AS "clientId" FROM passports WHERE tenant_id=${tenantId} AND (${clientScope} IS NULL OR client_id=${clientScope}) ORDER BY id`) as any).rows ?? [];%0A+       const passportIds = passportRows.map((row: any) => String(row.id));%0A+       const parseJson = (value: unknown): unknown[] => { try { const parsed = JSON.parse(String(value ?? '')); return Array.isArray(parsed) ? parsed : []; } catch { return []; } };%0A+       // Drizzle's proven one-query binding shape for the passport findings is%0A+       // `asset_id IN ${passportIds}`; do not replace this with ANY(array).%0A+       const findingRows = passportIds.length ? ((await db.execute(sql`SELECT id, passport_id AS "passportId", evidence_ids, status FROM trust_findings WHERE tenant_id=${tenantId} AND passport_id IN ${passportIds}`) as any).rows ?? []) : [];%0A+       const evidenceByPassport = new Map<string, any[]>();%0A+       for (const passport of passportRows) evidenceByPassport.set(String(passport.id), parseJson(passport.evidence) as any[]);%0A+       const evaluatedAt = Date.now();%0A+       const verificationDecisions: Record<string, VerificationDecision> = {};%0A+       const verificationDetails: Record<string, unknown> = {};%0A+       for (const passport of passportRows) {%0A+         const findings = findingRows.filter((row: any) => String(row.passportId) === String(passport.id));%0A+         const openFindingEvidenceIds = findings.filter((row: any) => !['resolved','closed','verified'].includes(String(row.status || '').toLowerCase())).flatMap((row: any) => parseJson(row.evidence_ids)).filter((id: any): id is string => typeof id === 'string');%0A+         const adapted = adaptEvidenceForEvaluation({ evidence: evidenceByPassport.get(String(passport.id)) ?? [], passportVersion: passport.version, openFindingEvidenceIds });%0A+         const decision = evaluateVerification({ evidence: adapted.evidence, evaluatedAt, targetIdentity: adapted.targetIdentity });%0A+         verificationDecisions[String(passport.id)] = decision;%0A+         verificationDetails[String(passport.id)] = { unmappedCount: adapted.unmappedCount, undatedCount: adapted.undatedCount, observations: decision.observationCount, independentSources: decision.independentSourceCount };%0A+       }%0A+       res.setHeader('Cache-Control', 'private, max-age=0, no-store');%0A+       return res.json({ verificationDecisions, verificationDetails });%0A+     } catch (error) { return next(error); }%0A+   });%0A+%0A+   return router;%0A+ }%0A+%0A%0A ❯ tests/drizzle-unique-constraint-error-contract.test.ts:27:17%0A%0A

::error file=/home/runner/work/software-passport-registry/software-passport-registry/tests/free-review-contract.test.ts,title=tests/free-review-contract.test.ts > Free Review contracts > is mounted without requireAuth in front of it%2C unlike the authenticated routers,line=22,column=20::AssertionError: expected 'import express, { type NextFunction, …' to contain 'app.use(\'/api\', createFreeReviewRou…'%0A%0A- Expected%0A+ Received%0A%0A- app.use('/api', createFreeReviewRouter());%0A+ import express, { type NextFunction, type Request, type Response } from 'express';%0A+ import cors from 'cors';%0A+ import helmet from 'helmet';%0A+ import * as Sentry from '@sentry/node';%0A+ import path from 'node:path';%0A+ import { fileURLToPath } from 'node:url';%0A+ import { randomUUID } from 'node:crypto';%0A+ import { config, validateConfiguration } from './src/config.ts';%0A+ import { checkDatabaseHealth, closeDatabase, db } from './src/db/index.ts';%0A+ import { sql } from 'drizzle-orm';%0A+ import { AuthenticatedRequest, rateLimiter, requireAuth, requireRole } from './src/middleware/security.ts';%0A+ import { createAuthRouter } from './src/routes/auth.ts';%0A+ import { createConnectRouter } from './src/routes/connect.ts';%0A+ import { createIntegrationsRouter } from './src/routes/integrations.ts';%0A+ import { createLiveIntegrationsRouter } from './src/routes/integrations-live.ts';%0A+ import { createMonitoringRouter } from './src/routes/monitoring.ts';%0A+ import { createPublicConnectRouter } from './src/routes/public-connect.ts';%0A+ import { createScansRouter } from './src/routes/scans.ts';%0A+ import { createComplianceRouter } from './src/routes/compliance.ts';%0A+ import { createTrustLoopRouter } from './src/routes/trust-loop.ts';%0A+ import { createIntegrationMonitoringRouter } from './src/routes/integration-monitoring.ts';%0A+ import { createAgentApiRouter } from './src/routes/agent-api.ts';%0A+ import { createMspRouter } from './src/routes/msp.ts';%0A+ import { createAiTrustRouter } from './src/routes/ai-trust.ts';%0A+ import { createMcpTransport } from './src/mcp/transport.ts';%0A+ import { executePublicMcpTool } from './src/mcp/execute.ts';%0A+%0A+ const app = express();%0A+ const startedAt = Date.now();%0A+ const requestBodyLimit = process.env.REQUEST_BODY_LIMIT || '2mb';%0A+ const requestHeaderTimeoutMs = Number(process.env.REQUEST_HEADER_TIMEOUT_MS || 15_000);%0A+ const requestTimeoutMs = Number(process.env.REQUEST_TIMEOUT_MS || 120_000);%0A+ const keepAliveTimeoutMs = Number(process.env.KEEP_ALIVE_TIMEOUT_MS || 65_000);%0A+%0A+ async function ensureInitialSelfPassport() {%0A+   const owner = (await db.execute(sql`SELECT tenant_id AS "tenantId" FROM users WHERE role = 'Owner' ORDER BY created_at ASC LIMIT 1`)).rows?.[0] as { tenantId?: string } | undefined;%0A+   if (!owner?.tenantId) {%0A+     console.warn('[SPR] Initial self-passport skipped: no Owner tenant exists yet.');%0A+     return;%0A+   }%0A+   await db.execute(sql`%0A+     INSERT INTO passports (%0A+       id, tenant_id, name, version, publisher, category, overall_score,%0A+       security_score, compliance_score, vendor_reputation_score, release_date,%0A+       file_hash, license_type, ai_summary, sbom, evidence, vulnerabilities, timeline%0A+     ) VALUES (%0A+       'passport_spr_self', ${owner.tenantId}, 'Software Passport Registry', '1.0.0',%0A+       'SPR', 'Platform', 0, 0, 0, 0, CURRENT_DATE::text, 'not-observed',%0A+       'Unknown', 'Initial SPR self-passport. Evidence collection is pending.',%0A+       '[]', '[]', '[]', '[]'%0A+     )%0A+     ON CONFLICT (id) DO NOTHING%0A+   `);%0A+   console.info('[SPR] Initial self-passport ready.');%0A+ }%0A+%0A+ export function normalizeAllowedOrigins(origins: string[]): string[] {%0A+   return [...new Set(origins.map((origin) => new URL(origin).origin))].sort();%0A+ }%0A+%0A+ if (config.trustProxy) app.set('trust proxy', 1);%0A+ app.disable('x-powered-by');%0A+ if (config.sentry.dsn) Sentry.init({ dsn: config.sentry.dsn, environment: config.nodeEnv, tracesSampleRate: config.isProduction ? 0.1 : 1.0 });%0A+ const allowedOrigins = new Set(normalizeAllowedOrigins(config.allowedOrigins));%0A+ const appOrigin = config.appUrl ? new URL(config.appUrl).origin : undefined;%0A+ const corsOrigin = (origin: string | undefined, callback: (error: Error | null, allow?: boolean) => void) => {%0A+   if (!origin) return callback(null, true);%0A+   try {%0A+     const normalizedOrigin = new URL(origin).origin;%0A+     if (allowedOrigins.has(normalizedOrigin)) return callback(null, true);%0A+   } catch (_) {}%0A+   return callback(new Error('CORS origin denied'));%0A+ };%0A+ app.use(helmet({ contentSecurityPolicy: { useDefaults: false, directives: { defaultSrc: ["'self'"], baseUri: ["'self'"], objectSrc: ["'none'"], frameAncestors: ["'none'"], formAction: ["'self'"], scriptSrc: ["'self'"], styleSrc: ["'self'", "'unsafe-inline'"], imgSrc: ["'self'", 'data:', 'blob:', 'https:'], fontSrc: ["'self'", 'data:', 'https:'], connectSrc: ["'self'", ...(appOrigin ? [appOrigin] : [])], frameSrc: ["'self'", 'https:'], workerSrc: ["'self'", 'blob:'], manifestSrc: ["'self'"], upgradeInsecureRequests: [] } }, crossOriginEmbedderPolicy: false, frameguard: { action: 'deny' }, referrerPolicy: { policy: 'no-referrer' } }));%0A+ app.use(cors({ origin: corsOrigin, credentials: true, methods: ['GET', 'HEAD', 'POST', 'PUT', 'PATCH', 'DELETE', 'OPTIONS'], allowedHeaders: ['Authorization', 'Content-Type', 'X-Request-ID', 'X-API-Key'] }));%0A+ app.use((req, res, next) => { if (req.method === 'TRACE' || req.method === 'CONNECT') return res.status(405).json({ error: { code: 'METHOD_NOT_ALLOWED', message: 'HTTP method is not allowed.' } }); if (req.headers['content-length'] && !/^\d+$/.test(String(req.headers['content-length']))) return res.status(400).json({ error: { code: 'INVALID_CONTENT_LENGTH', message: 'Invalid Content-Length header.' } }); return next(); });%0A+ app.use(express.json({ limit: requestBodyLimit, strict: true, type: ['application/json', 'application/*+json'] }));%0A+ app.use(express.urlencoded({ extended: false, limit: requestBodyLimit }));%0A+ app.use((req, res, next) => { const supplied = req.headers['x-request-id']; const requestId = typeof supplied === 'string' && /^[A-Za-z0-9._:-]{1,100}$/.test(supplied) ? supplied : `req_${randomUUID()}`; res.setHeader('X-Request-ID', requestId); res.setHeader('Cache-Control', req.path.startsWith('/api/') ? 'no-store, max-age=0' : 'public, max-age=0, must-revalidate'); res.locals.requestId = requestId; next(); });%0A+ app.use((req, res, next) => { if (config.isProduction && config.enforceHttps && !req.secure && req.path !== '/health' && req.path !== '/ready' && req.path !== '/api/health' && req.path !== '/api/ready') { if (!appOrigin) return res.status(503).json({ error: { code: 'HTTPS_CONFIGURATION_ERROR', message: 'HTTPS redirect target is not configured.' } }); return res.redirect(308, `${appOrigin}${req.originalUrl}`); } return next(); });%0A+ app.get('/health', (_req, res) => res.status(200).json({ status: 'ok', service: 'spr-app', uptimeSeconds: Math.floor((Date.now() - startedAt) / 1000) }));%0A+ const readinessHandler = async (_req: Request, res: Response) => { const database = await checkDatabaseHealth(); const ready = database.ok; res.status(ready ? 200 : 503).json({ status: ready ? 'ready' : 'not_ready', checks: { database: database.ok ? database : { ok: false, latencyMs: database.latencyMs, error: 'DATABASE_UNAVAILABLE' } }, uptimeSeconds: Math.floor((Date.now() - startedAt) / 1000) }); };%0A+ app.get('/ready', readinessHandler);%0A+ app.get('/api/ready', readinessHandler);%0A+ app.get('/api/health', async (_req, res) => { const database = await checkDatabaseHealth(); res.status(database.ok ? 200 : 503).json({ status: database.ok ? 'ok' : 'degraded', database: database.ok ? database : { ok: false, latencyMs: database.latencyMs, error: 'DATABASE_UNAVAILABLE' } }); });%0A+ app.use('/api', rateLimiter);%0A+ app.use('/api', createAuthRouter());%0A+ app.use('/api', createPublicConnectRouter());%0A+ const connectRouter = createConnectRouter();%0A+ app.use('/api', connectRouter);%0A+ app.use('/api/connect', connectRouter);%0A+ app.use('/api/integrations/connect', connectRouter);%0A+ app.post('/api/ai/analyze-passport', requireAuth, async (req: AuthenticatedRequest, res, next) => {%0A+   try {%0A+     const passportId = typeof req.body?.passportId === 'string' ? req.body.passportId.trim() : '';%0A+     if (!passportId) return res.status(400).json({ error: { code: 'PASSPORT_ID_REQUIRED', message: 'passportId is required.' } });%0A+     const db = req.db!;%0A+     const result = await db.execute(sql`%0A+       SELECT name, version, publisher, overall_score AS "overallScore",%0A+              jsonb_array_length(COALESCE(NULLIF(evidence, '')::jsonb, '[]'::jsonb)) AS "evidenceCount",%0A+              jsonb_array_length(COALESCE(NULLIF(vulnerabilities, '')::jsonb, '[]'::jsonb)) AS "findingCount"%0A+       FROM passports%0A+       WHERE id = ${passportId} AND tenant_id = ${req.user!.tenantId}%0A+       LIMIT 1%0A+     `);%0A+     const passport = (result.rows?.[0] ?? null) as {%0A+       name?: string; version?: string; publisher?: string; overallScore?: number | null;%0A+       evidenceCount?: number; findingCount?: number;%0A+     } | null;%0A+     if (!passport) return res.status(404).json({ error: { code: 'PASSPORT_NOT_FOUND', message: 'Passport not found.' } });%0A+     const status = passport.overallScore == null ? 'not verified' : `score ${passport.overallScore}`;%0A+     return res.json({ passportId, analysis: `${passport.name ?? 'Passport'} ${passport.version ?? ''} by ${passport.publisher ?? 'unknown publisher'} is ${status}. Evidence records: ${passport.evidenceCount ?? 0}. Findings: ${passport.findingCount ?? 0}. Authoritative verification requires durable backend evidence.` });%0A+   } catch (error) { return next(error); }%0A+ });%0A+ app.use('/api/integrations', createIntegrationsRouter());%0A+ app.use('/api/integrations-live', createLiveIntegrationsRouter());%0A+ const requireTrustMutationRole = (req: Request, res: Response, next: NextFunction) => { if (['GET', 'HEAD', 'OPTIONS'].includes(req.method)) return next(); return requireRole(['Owner', 'Admin', 'Operator', 'Technician'])(req as AuthenticatedRequest, res, next); };%0A+ app.use('/api/trust-loop', requireAuth, requireTrustMutationRole);%0A+ app.use('/api/trust-loop', createTrustLoopRouter());%0A+ app.use('/api/integration-monitoring', createIntegrationMonitoringRouter());%0A+ app.use('/api/monitoring', createMonitoringRouter());%0A+ app.use('/api/agent/v1', createAgentApiRouter());%0A+ app.use('/api/msp', requireAuth, createMspRouter());%0A+ app.use('/api/ai-trust', requireAuth, createAiTrustRouter());%0A+%0A+ const mcpBearer = process.env.SPR_MCP_BEARER_TOKEN;%0A+ if (mcpBearer) {%0A+   const mcpTransport = createMcpTransport({ expectedBearer: mcpBearer, executeTool: async (tool, args) => executePublicMcpTool(tool, args) });%0A+   app.post('/mcp', async (req, res) => { const response = await mcpTransport(new Request(`${config.appUrl || 'https://localhost'}/mcp`, { method: 'POST', headers: req.headers as Record<string, string>, body: JSON.stringify(req.body) })); res.status(response.status); response.headers.forEach((value, key) => res.setHeader(key, value)); res.send(Buffer.from(await response.arrayBuffer())); });%0A+ }%0A+%0A+ app.use('/api', createScansRouter());%0A+ app.use('/api/compliance', createComplianceRouter());%0A+ const publicDir = __dirname;%0A+ app.use(express.static(publicDir, { index: false, maxAge: config.isProduction ? '1y' : 0 }));%0A+ app.get('/*splat', (req, res, next) => { if (req.path.startsWith('/api/') || req.path === '/mcp') return next(); return res.sendFile(path.join(publicDir, 'index.html'), error => error ? next(error) : undefined); });%0A+ app.use((req, res, next) => { if (req.path.startsWith('/api/') || req.path === '/mcp') return res.status(404).json({ error: 'Route not found.', code: 'NOT_FOUND', requestId: res.locals.requestId }); return next(); });%0A+ app.use((err: any, req: Request, res: Response, next: NextFunction) => { if (res.headersSent) return next(err); const requestId = res.locals.requestId || `req_${randomUUID()}`; const status = Number.isInteger(err?.status) && err.status >= 400 && err.status < 600 ? err.status : 500; console.error('[HTTP_ERROR]', { requestId, status, method: req.method, path: req.path, message: err?.message || String(err) }); if (config.sentry.dsn) Sentry.captureException(err, { tags: { requestId } }); return res.status(status).json({ error: { code: status === 500 ? 'INTERNAL_SERVER_ERROR' : 'REQUEST_FAILED', message: status === 500 ? 'An unexpected server error occurred.' : err?.message || 'Request failed.', requestId } }); });%0A+ let server: ReturnType<typeof app.listen> | undefined; let shuttingDown = false;%0A+%0A+ export function rejectConnectTunnels<T extends ReturnType<typeof app.listen>>(httpServer: T): T {%0A+   httpServer.on('connect', (_request, socket) => {%0A+     socket.end('HTTP/1.1 405 Method Not Allowed\r\nConnection: close\r\nContent-Length: 0\r\n\r\n');%0A+   });%0A+   return httpServer;%0A+ }%0A+%0A+ async function shutdown(signal: string) { if (shuttingDown) return; shuttingDown = true; console.info(`[SPR] ${signal} received; shutting down gracefully.`); const forceTimer = setTimeout(() => process.exit(1), 15_000); forceTimer.unref(); if (server) await new Promise<void>(resolve => server!.close(() => resolve())); await closeDatabase().catch(error => console.error('[SPR] Database shutdown error:', error)); if (config.sentry.dsn) await Sentry.close(2_000).catch(() => undefined); clearTimeout(forceTimer); process.exit(0); }%0A+ export async function startServer() {%0A+   validateConfiguration();%0A+   try { await ensureInitialSelfPassport(); } catch (error) { console.error('[SPR] Initial self-passport bootstrap failed; continuing startup. /ready will report the database as unavailable.', error); }%0A+   const host = process.env.HOST || '0.0.0.0'; server = app.listen(config.port, host, () => console.info(`[SPR] listening on http://${host}:${config.port}`)); server.requestTimeout = Number.isFinite(requestTimeoutMs) && requestTimeoutMs > 0 ? requestTimeoutMs : 120_000; server.headersTimeout = Number.isFinite(requestHeaderTimeoutMs) && requestHeaderTimeoutMs > 0 ? requestHeaderTimeoutMs : 15_000; server.keepAliveTimeout = Number.isFinite(keepAliveTimeoutMs) && keepAliveTimeoutMs > 0 ? keepAliveTimeoutMs : 65_000; rejectConnectTunnels(server); return server; }%0A+ process.once('SIGTERM', () => void shutdown('SIGTERM')); process.once('SIGINT', () => void shutdown('SIGINT')); process.on('unhandledRejection', reason => console.error('[SPR] Unhandled rejection:', reason)); process.on('uncaughtException', error => { console.error('[SPR] Uncaught exception:', error); void shutdown('uncaughtException'); });%0A+ if (process.env.SPR_SKIP_AUTOSTART !== 'true') void startServer().catch(error => { console.error('[SPR] Startup failed:', error); process.exit(1); });%0A+ export { app };%0A+%0A%0A ❯ tests/free-review-contract.test.ts:22:20%0A%0A

::error file=/home/runner/work/software-passport-registry/software-passport-registry/tests/free-review-result-route.test.ts,title=tests/free-review-result-route.test.ts > 1-4. the result is URL-addressable and survives navigation > the result path resolves as a public route,line=30,column=17::AssertionError: expected 'import { useEffect, useMemo, useState…' to contain 'const FREE_REVIEW_RESULT_PATH'%0A%0A- Expected%0A+ Received%0A%0A- const FREE_REVIEW_RESULT_PATH%0A+ import { useEffect, useMemo, useState, type ReactNode } from 'react';%0A+ import { getRedirectResult, onAuthStateChanged, signOut, type User } from 'firebase/auth';%0A+ import type { Alert, Client, Integration, Scan, SoftwarePassport, Vendor } from './types';%0A+ import type { VerificationDecision } from './lib/verification/evaluateVerification.ts';%0A+ import { apiFetch } from './utils/apiClient';%0A+ import { auth } from './lib/firebase';%0A+ import CommandCenter from './components/CommandCenter';%0A+ import ExtensionWorkflow from './components/ExtensionWorkflow';%0A+ import ExtensionMarketplace from './components/ExtensionMarketplace';%0A+ import LoginView from './components/LoginView';%0A+ import EvidenceDashboardView from './components/EvidenceDashboardView';%0A+ import EvidenceExplorerView from './components/EvidenceExplorerView';%0A+ import AITrustCenterView from './components/AITrustCenterView';%0A+ import CoverageView from './components/CoverageView';%0A+ import AssetsView from './components/AssetsView';%0A+ import PassportsView from './components/PassportsView';%0A+ import ScansView from './components/ScansView';%0A+ import AlertsView from './components/AlertsView';%0A+ import ClientsView from './components/ClientsView';%0A+ import VendorsView from './components/VendorsView';%0A+ import IntegrationsView from './components/IntegrationsView';%0A+ import BillingView from './components/BillingView';%0A+ import ComplianceView from './components/ComplianceView';%0A+ import AgentTrustView from './components/AgentTrustView';%0A+ import EnterpriseReadinessView from './components/EnterpriseReadinessView';%0A+ import FounderDashboardView from './components/FounderDashboardView';%0A+ import InvestorHomeView from './components/InvestorHomeView';%0A+ import SettingsView from './components/SettingsView';%0A+ import TeamView from './components/TeamView';%0A+ import AuditLogView from './components/AuditLogView';%0A+ import MonitoringView from './components/MonitoringView';%0A+ import SecurityCenterView from './components/SecurityCenterView';%0A+ import MSPCommandCenter from './components/MSPCommandCenter';%0A+ import ReportsView from './components/ReportsView';%0A+ import TrustGraphView from './components/TrustGraphView';%0A+ import { EXTENSIONS } from './workflows/extensionRegistry';%0A+ const PUBLIC_PATHS = new Set(['/','/login','/free-review','/pricing']);%0A+ const EMPTY_CLIENTS: Client[] = []; const EMPTY_PASSPORTS: SoftwarePassport[] = []; const EMPTY_VENDORS: Vendor[] = []; const EMPTY_INTEGRATIONS: Integration[] = []; const EMPTY_SCANS: Scan[] = []; const EMPTY_ALERTS: Alert[] = [];%0A+ function deriveAlertStatus(remediationStatus: string | null | undefined, findingStatus: string | null | undefined): Alert['status'] { switch (remediationStatus) { case 'IN_PROGRESS': case 'READY_FOR_VERIFICATION': return 'Acknowledged'; case 'BLOCKED': return 'Snoozed'; case 'VERIFIED': case 'CLOSED': return 'Resolved'; case 'CANCELLED': return 'Cancelled'; case 'OPEN': return 'Active'; default: return String(findingStatus || '').toLowerCase() === 'resolved' ? 'Resolved' : 'Active'; } }%0A+ function navigate(path: string) { window.history.pushState({}, '', path); window.dispatchEvent(new PopStateEvent('popstate')); }%0A+ function usePath() { const [path, setPath] = useState(() => window.location.pathname || '/'); useEffect(() => { const update = () => setPath(window.location.pathname || '/'); window.addEventListener('popstate', update); return () => window.removeEventListener('popstate', update); }, []); return path; }%0A+ function AuthLoading() { return <div className="grid min-h-screen place-items-center bg-[#faf9f8] text-[#201f1e]"><div className="text-center"><div className="mx-auto grid h-10 w-10 place-items-center rounded bg-[#0f6cbd] text-xs font-bold text-white">S</div><div className="mt-4 text-[11px] font-semibold uppercase tracking-wide text-[#605e5c]">Securing workspace</div><div className="mt-1 text-[12px] text-[#8a8886]">Checking authenticated session…</div></div></div>; }%0A+ function CoverPage() { return <div className="min-h-screen bg-[#faf9f8] text-[#201f1e]"><div className="mx-auto flex min-h-screen max-w-5xl items-center px-6 py-16"><div className="max-w-3xl"><div className="mb-5 inline-flex items-center gap-1.5 rounded border border-[#e1dfdd] bg-white px-2.5 py-1 text-[11px] font-semibold uppercase tracking-wide text-[#605e5c]">Evidence-first software trust</div><h1 className="text-[28px] font-semibold tracking-tight md:text-[34px]">Software trust, operated as a system.</h1><p className="mt-4 max-w-2xl text-[14px] leading-6 text-[#605e5c]">Software Passport Registry turns software identity, security, provenance, reliability, compliance, and evidence into repeatable workflows for teams, buyers, and managed service providers.</p><div className="mt-6 flex flex-wrap gap-2"><button onClick={() => navigate('/login')} className="h-9 rounded bg-[#0f6cbd] px-4 text-[13px] font-semibold text-white hover:bg-[#004578]">Enter SPR</button><button onClick={() => navigate('/free-review')} className="h-9 rounded border border-[#c8c6c4] bg-white px-4 text-[13px] font-medium text-[#323130] hover:bg-black/[.03]">Free review</button></div></div></div></div>; }%0A+ function PublicPage({ title, description, action, onAction }: { title: string; description: string; action: string; onAction: () => void }) { return <div className="grid min-h-screen place-items-center bg-[#faf9f8] px-6 text-[#201f1e]"><div className="max-w-md rounded-md border border-[#e1dfdd] bg-white p-6 text-center"><div className="text-[11px] font-semibold uppercase tracking-wide text-[#605e5c]">Software Passport Registry</div><h1 className="mt-2 text-[20px] font-semibold">{title}</h1><p className="mt-2 text-[13px] leading-5 text-[#605e5c]">{description}</p><button onClick={onAction} className="mt-5 h-9 rounded bg-[#0f6cbd] px-4 text-[13px] font-semibold text-white hover:bg-[#004578]">{action}</button></div></div>; }%0A+ function WorkflowBoundary({ title, description, extensionId, onNavigate }: { title: string; description: string; extensionId?: string; onNavigate: (path: string) => void }) { const extension = extensionId ? EXTENSIONS.find((item) => item.id === extensionId) : undefined; return <section><div className="rounded-md border border-[#e1dfdd] bg-white p-5"><div className="text-[11px] font-semibold uppercase tracking-wide text-[#605e5c]">Workflow boundary</div><h1 className="mt-1.5 text-[20px] font-semibold tracking-tight">{title}</h1><p className="mt-2 max-w-2xl text-[13px] leading-5 text-[#605e5c]">{description}</p>{extension && <button onClick={() => onNavigate(extension.entryPath)} className="mt-4 h-8 rounded bg-[#0f6cbd] px-3 text-[12px] font-semibold text-white hover:bg-[#004578]">Open {extension.name} →</button>}</div></section>; }%0A+ export default function App() {%0A+  const path=usePath(); const [authReady,setAuthReady]=useState(false); const [user,setUser]=useState<User|null>(null); const [role,setRole]=useState('Viewer'); const [selectedClientId,setSelectedClientId]=useState(''); const [selectedPassportId,setSelectedPassportId]=useState<string|null>(null); const [assets,setAssets]=useState<any[]>([]); const [clients,setClients]=useState<Client[]>(EMPTY_CLIENTS); const [passports,setPassports]=useState<SoftwarePassport[]>(EMPTY_PASSPORTS); const [vendors,setVendors]=useState<Vendor[]>(EMPTY_VENDORS); const [alerts,setAlerts]=useState<Alert[]>(EMPTY_ALERTS); const [findings,setFindings]=useState<unknown[]>([]); const [scans,setScans]=useState<Scan[]>(EMPTY_SCANS); const [integrations,setIntegrations]=useState<Integration[]>(EMPTY_INTEGRATIONS); const [theme,setTheme]=useState<'light'|'dark'>('dark'); const [verificationDecisions,setVerificationDecisions]=useState<Record<string,VerificationDecision>>({}); const [verificationDetails,setVerificationDetails]=useState<Record<string,unknown>>({});%0A+  useEffect(()=>{let mounted=true;let redirectSettled=false;let observedUser:User|null=null;const timeoutId=window.setTimeout(()=>{if(mounted)setAuthReady(true)},10000);const unsubscribe=onAuthStateChanged(auth,(currentUser)=>{if(!mounted)return;observedUser=currentUser;if(!redirectSettled)return;setUser(currentUser);setAuthReady(true);window.clearTimeout(timeoutId)},()=>{if(mounted){setAuthReady(true);window.clearTimeout(timeoutId)}});void getRedirectResult(auth).then(result=>{redirectSettled=true;if(mounted)setUser(result?.user||observedUser);if(mounted)setAuthReady(true);window.clearTimeout(timeoutId)}).catch(error=>{redirectSettled=true;console.error('[Firebase redirect sign-in error]',error);if(mounted)setUser(observedUser);if(mounted)setAuthReady(true);window.clearTimeout(timeoutId)});return()=>{mounted=false;window.clearTimeout(timeoutId);unsubscribe()}},[]);%0A+  useEffect(()=>{if(authReady&&!user&&!PUBLIC_PATHS.has(path))navigate('/login')},[authReady,user,path]);%0A+  useEffect(()=>{if(!user)return;let cancelled=false;const load=async()=>{const responses=await Promise.all([apiFetch('/api/user/me'),apiFetch('/api/scans'),apiFetch('/api/trust-loop/findings'),apiFetch('/api/user/passports'),apiFetch('/api/user/clients'),apiFetch('/api/integrations'),apiFetch('/api/user/verification')]);if(responses.some(r=>r.status===401)){await signOut(auth);navigate('/login');return}const [me,scansResponse,findingsResponse,passportsResponse,clientsResponse,integrationsResponse,verificationResponse]=responses;if(verificationResponse.ok){const data=await verificationResponse.json().catch(()=>null);if(!cancelled){setVerificationDecisions(data?.verificationDecisions&&typeof data.verificationDecisions==='object'?data.verificationDecisions:{});setVerificationDetails(data?.verificationDetails&&typeof data.verificationDetails==='object'?data.verificationDetails:{})}}else if(!cancelled){setVerificationDecisions({});setVerificationDetails({})}if(me.ok){const data=await me.json().catch(()=>null);if(!cancelled)setRole(String(data?.role||'Viewer'))}if(scansResponse.ok){const data=await scansResponse.json().catch(()=>[]);if(!cancelled&&Array.isArray(data))setScans(data)}if(findingsResponse.ok){const data=await findingsResponse.json().catch(()=>[]);const rows=Array.isArray(data)?data:data?.findings;if(!cancelled&&Array.isArray(rows)){setFindings(rows);setAlerts(rows.map((row:any)=>({id:String(row.id),title:String(row.title||row.control_id||'Trust finding'),severity:String(row.severity||'Low').replace(/^./,(s:string)=>s.toUpperCase()),category:'Trust finding',clientName:String(row.client_id||'Tenant'),description:String(row.description||'Evidence-backed finding'),timestamp:String(row.updated_at||''),status:deriveAlertStatus(row.remediation_status,row.status),remediationId:row.remediation_id?String(row.remediation_id):null,ownerDisplay:row.remediation_owner_display||null,slaDueAt:row.remediation_sla_due_at||null})) as Alert[])}}if(passportsResponse.ok){const data=await passportsResponse.json().catch(()=>[]);const rows=Array.isArray(data)?data:data?.passports;if(!cancelled&&Array.isArray(rows)){const normalized=rows.map((row:any)=>({...row,id:String(row.id),name:String(row.name||'Unnamed software'),version:String(row.version||'unknown'),publisher:String(row.publisher||'unknown'),clientId:row.clientId?String(row.clientId):undefined,evidence:Array.isArray(row.evidence)?row.evidence:[],vulnerabilities:Array.isArray(row.vulnerabilities)?row.vulnerabilities:[],timeline:Array.isArray(row.timeline)?row.timeline:[],sbom:Array.isArray(row.sbom)?row.sbom:[],scores:null,scoreStatus:row.scoreStatus||'not_authoritatively_scored'})) as SoftwarePassport[];setPassports(normalized);setAssets(normalized.map((passport:any)=>({id:passport.id,name:passport.name,hostName:passport.name,type:passport.category||'software',clientId:passport.clientId,clientName:String(passport.clientId||'Unobserved'),environment:String(passport.environment||'Unobserved'),version:passport.version})));setVendors(EMPTY_VENDORS)}}if(clientsResponse.ok){const data=await clientsResponse.json().catch(()=>[]);const rows=Array.isArray(data)?data:data?.clients;if(!cancelled&&Array.isArray(rows))setClients(rows.map((row:any)=>({...row,id:String(row.id),name:String(row.name||row.company_name||'Unnamed client')})) as Client[])}if(integrationsResponse.ok){const data=await integrationsResponse.json().catch(()=>[]);if(!cancelled&&Array.isArray(data))setIntegrations(data)}};void load().catch(error=>console.warn('[SPR command center load]',error));return()=>{cancelled=true}},[user]);%0A+  useEffect(()=>{const refresh=()=>{if(user)window.location.reload()};window.addEventListener('refresh-data',refresh);return()=>window.removeEventListener('refresh-data',refresh)},[user]);%0A+  const onNavigateTab=(target:string,itemId?:string)=>navigate(itemId?`${target.startsWith('/')?target:`/${target}`}/${encodeURIComponent(itemId)}`:target.startsWith('/')?target:`/${target}`); const quickAction=(action:'add-client'|'register-passport'|'scan-sbom')=>navigate(action==='add-client'?'/clients':action==='register-passport'?'/passports':'/scans');%0A+  const performAlertAction=async(alert:Alert,action:'acknowledge'|'assign'|'resolve'|'escalate'|'snooze'|'reopen',assigneeDisplay?:string)=>{let remediationId=alert.remediationId;if(!remediationId){const created=await apiFetch('/api/trust-loop/remediations',{method:'POST',headers:{'Content-Type':'application/json'},body:JSON.stringify({findingId:alert.id,title:alert.title,description:alert.description,priority:alert.severity.toUpperCase()})});if(!created.ok)return;const createdBody=await created.json().catch(()=>null);remediationId=createdBody?.id?String(createdBody.id):undefined;if(!remediationId)return}const patchBody:Record<string,unknown>={acknowledge:{status:'IN_PROGRESS'},resolve:{status:'CLOSED'},snooze:{status:'BLOCKED'},reopen:{status:'OPEN'},escalate:{status:'IN_PROGRESS',slaDueAt:new Date(Date.now()+4*3600*1000).toISOString()},assign:{status:'IN_PROGRESS',ownerDisplay:assigneeDisplay||''}}[action];const response=await apiFetch(`/api/trust-loop/remediations/${encodeURIComponent(remediationId)}`,{method:'PATCH',headers:{'Content-Type':'application/json'},body:JSON.stringify(patchBody)});if(!response.ok)return;const updated=await response.json().catch(()=>null);setAlerts(current=>current.map(item=>item.id===alert.id?{...item,remediationId,status:deriveAlertStatus(updated?.status??String(patchBody.status),null),ownerDisplay:updated?.owner_display??(patchBody.ownerDisplay as string|undefined)??item.ownerDisplay,slaDueAt:updated?.sla_due_at??(patchBody.slaDueAt as string|undefined)??item.slaDueAt}:item))};%0A+  const selectedExtension=useMemo(()=>{const match=path.match(/^\/extensions\/([^/]+)/);return match?decodeURIComponent(match[1]):null},[path]);const signOutUser=async()=>{await signOut(auth);navigate('/login')};%0A+  if(!authReady)return <AuthLoading/>;if(path==='/')return <CoverPage/>;if(path==='/login')return user?<AuthLoading/>:<LoginView onLoginSuccess={()=>navigate('/dashboard')}/>;if(!user&&path==='/free-review')return <PublicPage title="Free software review" description="Start an evidence-first review from the public entry point." action="Sign in to continue" onAction={()=>navigate('/login')}/>;if(!user&&path==='/pricing')return <PublicPage title="SPR plans" description="Account and billing capabilities are available inside the authenticated workspace." action="Enter SPR" onAction={()=>navigate('/login')}/>;if(!user)return <AuthLoading/>;%0A+  let view:ReactNode;if(selectedExtension)view=<ExtensionWorkflow id={selectedExtension} onNavigate={navigate}/>;else switch(path){case '/dashboard':view=<EvidenceDashboardView clients={clients} alerts={alerts} scans={scans} passports={passports} findings={findings} onNavigateTab={onNavigateTab} onOpenQuickAction={quickAction}/>;break;case '/coverage':view=<CoverageView clients={clients} scans={scans} passports={passports} onNavigateTab={onNavigateTab}/>;break;case '/evidence-explorer':view=<EvidenceExplorerView passports={passports}/>;break;case '/assets':view=<AssetsView clients={clients} searchQuery="" assets={assets}/>;break;case '/passports':case '/registry':view=<PassportsView verificationDecisions={verificationDecisions} verificationDetails={verificationDetails} passports={passports} selectedPassportId={selectedPassportId} setSelectedPassportId={setSelectedPassportId} searchQuery="" clients={clients} assets={assets} role={role} onNavigateTab={onNavigateTab} onUpdatePassport={passport=>setPassports(current=>current.map(item=>item.id===passport.id?passport:item))}/>;break;case '/scans':view=<ScansView scans={scans} clients={clients} assets={assets} passports={passports} role={role} onTriggerNewScan={scan=>setScans(current=>[scan,...current.filter(item=>item.id!==scan.id)].slice(0,100))}/>;break;case '/alerts':view=<AlertsView alerts={alerts} onAlertAction={performAlertAction}/>;break;case '/reports':view=<ReportsView clients={clients} passports={passports} scans={scans} alerts={alerts} findings={findings} role={role}/>;break;case '/trust-graph':view=<TrustGraphView clients={clients} passports={passports} assets={assets} findings={findings}/>;/* onSelectPassport={setSelectedPassportId} */break;case '/clients':view=<ClientsView clients={clients} selectedClientId={selectedClientId} setSelectedClientId={setSelectedClientId} passports={passports} onNavigateTab={onNavigateTab} searchQuery=""/>;break;case '/vendors':view=<VendorsView vendors={vendors} searchQuery=""/>;break;case '/integrations':view=<IntegrationsView passports={passports} onNavigateTab={onNavigateTab}/>;break;case '/monitoring':view=<MonitoringView role={role}/>;break;case '/security':view=<SecurityCenterView clients={clients} passports={passports}/>;break;case '/compliance':view=<ComplianceView clients={clients} role={role}/>;break;case '/msp':view=<MSPCommandCenter verificationDecisions={verificationDecisions} verificationDetails={verificationDetails} clients={clients} alerts={alerts} findings={findings} role={role} onSelectClient={setSelectedClientId} onNavigate={navigate}/>;break;case '/agent-trust':view=<AgentTrustView/>;break;case '/ai-trust-center':view=<AITrustCenterView role={role}/>;break;case '/enterprise-readiness':view=<EnterpriseReadinessView clients={clients}/>;break;case '/investor':view=<InvestorHomeView passports={passports} clients={clients} alerts={alerts} onShowTelemetry={()=>navigate('/scans')} onNavigateTab={onNavigateTab}/>;break;case '/founder':view=<FounderDashboardView userRole={role}/>;break;case '/billing':view=<BillingView/>;break;case '/settings':view=<SettingsView theme={theme} onToggleTheme={()=>setTheme(current=>current==='dark'?'light':'dark')}/>;break;case '/team':view=<TeamView role={role}/>;break;case '/audit-log':view=<AuditLogView/>;break;case '/extensions':view=<ExtensionMarketplace onNavigateTab={onNavigateTab} role={role}/>;break;default:view=<WorkflowBoundary title="Workflow" description="This authenticated capability is explicitly routed through the Command Center. Choose its owning workflow from the left rail." onNavigate={navigate}/>}%0A+  return <CommandCenter path={path} userEmail={user.email} role={role} onNavigate={navigate} onSignOut={()=>void signOutUser()}>{view}</CommandCenter>;%0A+ }%0A+%0A%0A ❯ tests/free-review-result-route.test.ts:30:17%0A%0A

::error file=/home/runner/work/software-passport-registry/software-passport-registry/tests/free-review-result-route.test.ts,title=tests/free-review-result-route.test.ts > 9-12. no privilege%2C tenant or secret exposure > no authentication is bypassed - the route was never authenticated,line=101,column=17::AssertionError: expected 'import { useEffect, useMemo, useState…' to contain '!isPublicPath(path)'%0A%0A- Expected%0A+ Received%0A%0A- !isPublicPath(path)%0A+ import { useEffect, useMemo, useState, type ReactNode } from 'react';%0A+ import { getRedirectResult, onAuthStateChanged, signOut, type User } from 'firebase/auth';%0A+ import type { Alert, Client, Integration, Scan, SoftwarePassport, Vendor } from './types';%0A+ import type { VerificationDecision } from './lib/verification/evaluateVerification.ts';%0A+ import { apiFetch } from './utils/apiClient';%0A+ import { auth } from './lib/firebase';%0A+ import CommandCenter from './components/CommandCenter';%0A+ import ExtensionWorkflow from './components/ExtensionWorkflow';%0A+ import ExtensionMarketplace from './components/ExtensionMarketplace';%0A+ import LoginView from './components/LoginView';%0A+ import EvidenceDashboardView from './components/EvidenceDashboardView';%0A+ import EvidenceExplorerView from './components/EvidenceExplorerView';%0A+ import AITrustCenterView from './components/AITrustCenterView';%0A+ import CoverageView from './components/CoverageView';%0A+ import AssetsView from './components/AssetsView';%0A+ import PassportsView from './components/PassportsView';%0A+ import ScansView from './components/ScansView';%0A+ import AlertsView from './components/AlertsView';%0A+ import ClientsView from './components/ClientsView';%0A+ import VendorsView from './components/VendorsView';%0A+ import IntegrationsView from './components/IntegrationsView';%0A+ import BillingView from './components/BillingView';%0A+ import ComplianceView from './components/ComplianceView';%0A+ import AgentTrustView from './components/AgentTrustView';%0A+ import EnterpriseReadinessView from './components/EnterpriseReadinessView';%0A+ import FounderDashboardView from './components/FounderDashboardView';%0A+ import InvestorHomeView from './components/InvestorHomeView';%0A+ import SettingsView from './components/SettingsView';%0A+ import TeamView from './components/TeamView';%0A+ import AuditLogView from './components/AuditLogView';%0A+ import MonitoringView from './components/MonitoringView';%0A+ import SecurityCenterView from './components/SecurityCenterView';%0A+ import MSPCommandCenter from './components/MSPCommandCenter';%0A+ import ReportsView from './components/ReportsView';%0A+ import TrustGraphView from './components/TrustGraphView';%0A+ import { EXTENSIONS } from './workflows/extensionRegistry';%0A+ const PUBLIC_PATHS = new Set(['/','/login','/free-review','/pricing']);%0A+ const EMPTY_CLIENTS: Client[] = []; const EMPTY_PASSPORTS: SoftwarePassport[] = []; const EMPTY_VENDORS: Vendor[] = []; const EMPTY_INTEGRATIONS: Integration[] = []; const EMPTY_SCANS: Scan[] = []; const EMPTY_ALERTS: Alert[] = [];%0A+ function deriveAlertStatus(remediationStatus: string | null | undefined, findingStatus: string | null | undefined): Alert['status'] { switch (remediationStatus) { case 'IN_PROGRESS': case 'READY_FOR_VERIFICATION': return 'Acknowledged'; case 'BLOCKED': return 'Snoozed'; case 'VERIFIED': case 'CLOSED': return 'Resolved'; case 'CANCELLED': return 'Cancelled'; case 'OPEN': return 'Active'; default: return String(findingStatus || '').toLowerCase() === 'resolved' ? 'Resolved' : 'Active'; } }%0A+ function navigate(path: string) { window.history.pushState({}, '', path); window.dispatchEvent(new PopStateEvent('popstate')); }%0A+ function usePath() { const [path, setPath] = useState(() => window.location.pathname || '/'); useEffect(() => { const update = () => setPath(window.location.pathname || '/'); window.addEventListener('popstate', update); return () => window.removeEventListener('popstate', update); }, []); return path; }%0A+ function AuthLoading() { return <div className="grid min-h-screen place-items-center bg-[#faf9f8] text-[#201f1e]"><div className="text-center"><div className="mx-auto grid h-10 w-10 place-items-center rounded bg-[#0f6cbd] text-xs font-bold text-white">S</div><div className="mt-4 text-[11px] font-semibold uppercase tracking-wide text-[#605e5c]">Securing workspace</div><div className="mt-1 text-[12px] text-[#8a8886]">Checking authenticated session…</div></div></div>; }%0A+ function CoverPage() { return <div className="min-h-screen bg-[#faf9f8] text-[#201f1e]"><div className="mx-auto flex min-h-screen max-w-5xl items-center px-6 py-16"><div className="max-w-3xl"><div className="mb-5 inline-flex items-center gap-1.5 rounded border border-[#e1dfdd] bg-white px-2.5 py-1 text-[11px] font-semibold uppercase tracking-wide text-[#605e5c]">Evidence-first software trust</div><h1 className="text-[28px] font-semibold tracking-tight md:text-[34px]">Software trust, operated as a system.</h1><p className="mt-4 max-w-2xl text-[14px] leading-6 text-[#605e5c]">Software Passport Registry turns software identity, security, provenance, reliability, compliance, and evidence into repeatable workflows for teams, buyers, and managed service providers.</p><div className="mt-6 flex flex-wrap gap-2"><button onClick={() => navigate('/login')} className="h-9 rounded bg-[#0f6cbd] px-4 text-[13px] font-semibold text-white hover:bg-[#004578]">Enter SPR</button><button onClick={() => navigate('/free-review')} className="h-9 rounded border border-[#c8c6c4] bg-white px-4 text-[13px] font-medium text-[#323130] hover:bg-black/[.03]">Free review</button></div></div></div></div>; }%0A+ function PublicPage({ title, description, action, onAction }: { title: string; description: string; action: string; onAction: () => void }) { return <div className="grid min-h-screen place-items-center bg-[#faf9f8] px-6 text-[#201f1e]"><div className="max-w-md rounded-md border border-[#e1dfdd] bg-white p-6 text-center"><div className="text-[11px] font-semibold uppercase tracking-wide text-[#605e5c]">Software Passport Registry</div><h1 className="mt-2 text-[20px] font-semibold">{title}</h1><p className="mt-2 text-[13px] leading-5 text-[#605e5c]">{description}</p><button onClick={onAction} className="mt-5 h-9 rounded bg-[#0f6cbd] px-4 text-[13px] font-semibold text-white hover:bg-[#004578]">{action}</button></div></div>; }%0A+ function WorkflowBoundary({ title, description, extensionId, onNavigate }: { title: string; description: string; extensionId?: string; onNavigate: (path: string) => void }) { const extension = extensionId ? EXTENSIONS.find((item) => item.id === extensionId) : undefined; return <section><div className="rounded-md border border-[#e1dfdd] bg-white p-5"><div className="text-[11px] font-semibold uppercase tracking-wide text-[#605e5c]">Workflow boundary</div><h1 className="mt-1.5 text-[20px] font-semibold tracking-tight">{title}</h1><p className="mt-2 max-w-2xl text-[13px] leading-5 text-[#605e5c]">{description}</p>{extension && <button onClick={() => onNavigate(extension.entryPath)} className="mt-4 h-8 rounded bg-[#0f6cbd] px-3 text-[12px] font-semibold text-white hover:bg-[#004578]">Open {extension.name} →</button>}</div></section>; }%0A+ export default function App() {%0A+  const path=usePath(); const [authReady,setAuthReady]=useState(false); const [user,setUser]=useState<User|null>(null); const [role,setRole]=useState('Viewer'); const [selectedClientId,setSelectedClientId]=useState(''); const [selectedPassportId,setSelectedPassportId]=useState<string|null>(null); const [assets,setAssets]=useState<any[]>([]); const [clients,setClients]=useState<Client[]>(EMPTY_CLIENTS); const [passports,setPassports]=useState<SoftwarePassport[]>(EMPTY_PASSPORTS); const [vendors,setVendors]=useState<Vendor[]>(EMPTY_VENDORS); const [alerts,setAlerts]=useState<Alert[]>(EMPTY_ALERTS); const [findings,setFindings]=useState<unknown[]>([]); const [scans,setScans]=useState<Scan[]>(EMPTY_SCANS); const [integrations,setIntegrations]=useState<Integration[]>(EMPTY_INTEGRATIONS); const [theme,setTheme]=useState<'light'|'dark'>('dark'); const [verificationDecisions,setVerificationDecisions]=useState<Record<string,VerificationDecision>>({}); const [verificationDetails,setVerificationDetails]=useState<Record<string,unknown>>({});%0A+  useEffect(()=>{let mounted=true;let redirectSettled=false;let observedUser:User|null=null;const timeoutId=window.setTimeout(()=>{if(mounted)setAuthReady(true)},10000);const unsubscribe=onAuthStateChanged(auth,(currentUser)=>{if(!mounted)return;observedUser=currentUser;if(!redirectSettled)return;setUser(currentUser);setAuthReady(true);window.clearTimeout(timeoutId)},()=>{if(mounted){setAuthReady(true);window.clearTimeout(timeoutId)}});void getRedirectResult(auth).then(result=>{redirectSettled=true;if(mounted)setUser(result?.user||observedUser);if(mounted)setAuthReady(true);window.clearTimeout(timeoutId)}).catch(error=>{redirectSettled=true;console.error('[Firebase redirect sign-in error]',error);if(mounted)setUser(observedUser);if(mounted)setAuthReady(true);window.clearTimeout(timeoutId)});return()=>{mounted=false;window.clearTimeout(timeoutId);unsubscribe()}},[]);%0A+  useEffect(()=>{if(authReady&&!user&&!PUBLIC_PATHS.has(path))navigate('/login')},[authReady,user,path]);%0A+  useEffect(()=>{if(!user)return;let cancelled=false;const load=async()=>{const responses=await Promise.all([apiFetch('/api/user/me'),apiFetch('/api/scans'),apiFetch('/api/trust-loop/findings'),apiFetch('/api/user/passports'),apiFetch('/api/user/clients'),apiFetch('/api/integrations'),apiFetch('/api/user/verification')]);if(responses.some(r=>r.status===401)){await signOut(auth);navigate('/login');return}const [me,scansResponse,findingsResponse,passportsResponse,clientsResponse,integrationsResponse,verificationResponse]=responses;if(verificationResponse.ok){const data=await verificationResponse.json().catch(()=>null);if(!cancelled){setVerificationDecisions(data?.verificationDecisions&&typeof data.verificationDecisions==='object'?data.verificationDecisions:{});setVerificationDetails(data?.verificationDetails&&typeof data.verificationDetails==='object'?data.verificationDetails:{})}}else if(!cancelled){setVerificationDecisions({});setVerificationDetails({})}if(me.ok){const data=await me.json().catch(()=>null);if(!cancelled)setRole(String(data?.role||'Viewer'))}if(scansResponse.ok){const data=await scansResponse.json().catch(()=>[]);if(!cancelled&&Array.isArray(data))setScans(data)}if(findingsResponse.ok){const data=await findingsResponse.json().catch(()=>[]);const rows=Array.isArray(data)?data:data?.findings;if(!cancelled&&Array.isArray(rows)){setFindings(rows);setAlerts(rows.map((row:any)=>({id:String(row.id),title:String(row.title||row.control_id||'Trust finding'),severity:String(row.severity||'Low').replace(/^./,(s:string)=>s.toUpperCase()),category:'Trust finding',clientName:String(row.client_id||'Tenant'),description:String(row.description||'Evidence-backed finding'),timestamp:String(row.updated_at||''),status:deriveAlertStatus(row.remediation_status,row.status),remediationId:row.remediation_id?String(row.remediation_id):null,ownerDisplay:row.remediation_owner_display||null,slaDueAt:row.remediation_sla_due_at||null})) as Alert[])}}if(passportsResponse.ok){const data=await passportsResponse.json().catch(()=>[]);const rows=Array.isArray(data)?data:data?.passports;if(!cancelled&&Array.isArray(rows)){const normalized=rows.map((row:any)=>({...row,id:String(row.id),name:String(row.name||'Unnamed software'),version:String(row.version||'unknown'),publisher:String(row.publisher||'unknown'),clientId:row.clientId?String(row.clientId):undefined,evidence:Array.isArray(row.evidence)?row.evidence:[],vulnerabilities:Array.isArray(row.vulnerabilities)?row.vulnerabilities:[],timeline:Array.isArray(row.timeline)?row.timeline:[],sbom:Array.isArray(row.sbom)?row.sbom:[],scores:null,scoreStatus:row.scoreStatus||'not_authoritatively_scored'})) as SoftwarePassport[];setPassports(normalized);setAssets(normalized.map((passport:any)=>({id:passport.id,name:passport.name,hostName:passport.name,type:passport.category||'software',clientId:passport.clientId,clientName:String(passport.clientId||'Unobserved'),environment:String(passport.environment||'Unobserved'),version:passport.version})));setVendors(EMPTY_VENDORS)}}if(clientsResponse.ok){const data=await clientsResponse.json().catch(()=>[]);const rows=Array.isArray(data)?data:data?.clients;if(!cancelled&&Array.isArray(rows))setClients(rows.map((row:any)=>({...row,id:String(row.id),name:String(row.name||row.company_name||'Unnamed client')})) as Client[])}if(integrationsResponse.ok){const data=await integrationsResponse.json().catch(()=>[]);if(!cancelled&&Array.isArray(data))setIntegrations(data)}};void load().catch(error=>console.warn('[SPR command center load]',error));return()=>{cancelled=true}},[user]);%0A+  useEffect(()=>{const refresh=()=>{if(user)window.location.reload()};window.addEventListener('refresh-data',refresh);return()=>window.removeEventListener('refresh-data',refresh)},[user]);%0A+  const onNavigateTab=(target:string,itemId?:string)=>navigate(itemId?`${target.startsWith('/')?target:`/${target}`}/${encodeURIComponent(itemId)}`:target.startsWith('/')?target:`/${target}`); const quickAction=(action:'add-client'|'register-passport'|'scan-sbom')=>navigate(action==='add-client'?'/clients':action==='register-passport'?'/passports':'/scans');%0A+  const performAlertAction=async(alert:Alert,action:'acknowledge'|'assign'|'resolve'|'escalate'|'snooze'|'reopen',assigneeDisplay?:string)=>{let remediationId=alert.remediationId;if(!remediationId){const created=await apiFetch('/api/trust-loop/remediations',{method:'POST',headers:{'Content-Type':'application/json'},body:JSON.stringify({findingId:alert.id,title:alert.title,description:alert.description,priority:alert.severity.toUpperCase()})});if(!created.ok)return;const createdBody=await created.json().catch(()=>null);remediationId=createdBody?.id?String(createdBody.id):undefined;if(!remediationId)return}const patchBody:Record<string,unknown>={acknowledge:{status:'IN_PROGRESS'},resolve:{status:'CLOSED'},snooze:{status:'BLOCKED'},reopen:{status:'OPEN'},escalate:{status:'IN_PROGRESS',slaDueAt:new Date(Date.now()+4*3600*1000).toISOString()},assign:{status:'IN_PROGRESS',ownerDisplay:assigneeDisplay||''}}[action];const response=await apiFetch(`/api/trust-loop/remediations/${encodeURIComponent(remediationId)}`,{method:'PATCH',headers:{'Content-Type':'application/json'},body:JSON.stringify(patchBody)});if(!response.ok)return;const updated=await response.json().catch(()=>null);setAlerts(current=>current.map(item=>item.id===alert.id?{...item,remediationId,status:deriveAlertStatus(updated?.status??String(patchBody.status),null),ownerDisplay:updated?.owner_display??(patchBody.ownerDisplay as string|undefined)??item.ownerDisplay,slaDueAt:updated?.sla_due_at??(patchBody.slaDueAt as string|undefined)??item.slaDueAt}:item))};%0A+  const selectedExtension=useMemo(()=>{const match=path.match(/^\/extensions\/([^/]+)/);return match?decodeURIComponent(match[1]):null},[path]);const signOutUser=async()=>{await signOut(auth);navigate('/login')};%0A+  if(!authReady)return <AuthLoading/>;if(path==='/')return <CoverPage/>;if(path==='/login')return user?<AuthLoading/>:<LoginView onLoginSuccess={()=>navigate('/dashboard')}/>;if(!user&&path==='/free-review')return <PublicPage title="Free software review" description="Start an evidence-first review from the public entry point." action="Sign in to continue" onAction={()=>navigate('/login')}/>;if(!user&&path==='/pricing')return <PublicPage title="SPR plans" description="Account and billing capabilities are available inside the authenticated workspace." action="Enter SPR" onAction={()=>navigate('/login')}/>;if(!user)return <AuthLoading/>;%0A+  let view:ReactNode;if(selectedExtension)view=<ExtensionWorkflow id={selectedExtension} onNavigate={navigate}/>;else switch(path){case '/dashboard':view=<EvidenceDashboardView clients={clients} alerts={alerts} scans={scans} passports={passports} findings={findings} onNavigateTab={onNavigateTab} onOpenQuickAction={quickAction}/>;break;case '/coverage':view=<CoverageView clients={clients} scans={scans} passports={passports} onNavigateTab={onNavigateTab}/>;break;case '/evidence-explorer':view=<EvidenceExplorerView passports={passports}/>;break;case '/assets':view=<AssetsView clients={clients} searchQuery="" assets={assets}/>;break;case '/passports':case '/registry':view=<PassportsView verificationDecisions={verificationDecisions} verificationDetails={verificationDetails} passports={passports} selectedPassportId={selectedPassportId} setSelectedPassportId={setSelectedPassportId} searchQuery="" clients={clients} assets={assets} role={role} onNavigateTab={onNavigateTab} onUpdatePassport={passport=>setPassports(current=>current.map(item=>item.id===passport.id?passport:item))}/>;break;case '/scans':view=<ScansView scans={scans} clients={clients} assets={assets} passports={passports} role={role} onTriggerNewScan={scan=>setScans(current=>[scan,...current.filter(item=>item.id!==scan.id)].slice(0,100))}/>;break;case '/alerts':view=<AlertsView alerts={alerts} onAlertAction={performAlertAction}/>;break;case '/reports':view=<ReportsView clients={clients} passports={passports} scans={scans} alerts={alerts} findings={findings} role={role}/>;break;case '/trust-graph':view=<TrustGraphView clients={clients} passports={passports} assets={assets} findings={findings}/>;/* onSelectPassport={setSelectedPassportId} */break;case '/clients':view=<ClientsView clients={clients} selectedClientId={selectedClientId} setSelectedClientId={setSelectedClientId} passports={passports} onNavigateTab={onNavigateTab} searchQuery=""/>;break;case '/vendors':view=<VendorsView vendors={vendors} searchQuery=""/>;break;case '/integrations':view=<IntegrationsView passports={passports} onNavigateTab={onNavigateTab}/>;break;case '/monitoring':view=<MonitoringView role={role}/>;break;case '/security':view=<SecurityCenterView clients={clients} passports={passports}/>;break;case '/compliance':view=<ComplianceView clients={clients} role={role}/>;break;case '/msp':view=<MSPCommandCenter verificationDecisions={verificationDecisions} verificationDetails={verificationDetails} clients={clients} alerts={alerts} findings={findings} role={role} onSelectClient={setSelectedClientId} onNavigate={navigate}/>;break;case '/agent-trust':view=<AgentTrustView/>;break;case '/ai-trust-center':view=<AITrustCenterView role={role}/>;break;case '/enterprise-readiness':view=<EnterpriseReadinessView clients={clients}/>;break;case '/investor':view=<InvestorHomeView passports={passports} clients={clients} alerts={alerts} onShowTelemetry={()=>navigate('/scans')} onNavigateTab={onNavigateTab}/>;break;case '/founder':view=<FounderDashboardView userRole={role}/>;break;case '/billing':view=<BillingView/>;break;case '/settings':view=<SettingsView theme={theme} onToggleTheme={()=>setTheme(current=>current==='dark'?'light':'dark')}/>;break;case '/team':view=<TeamView role={role}/>;break;case '/audit-log':view=<AuditLogView/>;break;case '/extensions':view=<ExtensionMarketplace onNavigateTab={onNavigateTab} role={role}/>;break;default:view=<WorkflowBoundary title="Workflow" description="This authenticated capability is explicitly routed through the Command Center. Choose its owning workflow from the left rail." onNavigate={navigate}/>}%0A+  return <CommandCenter path={path} userEmail={user.email} role={role} onNavigate={navigate} onSignOut={()=>void signOutUser()}>{view}</CommandCenter>;%0A+ }%0A+%0A%0A ❯ tests/free-review-result-route.test.ts:101:17%0A%0A

::error file=/home/runner/work/software-passport-registry/software-passport-registry/tests/free-review-result-route.test.ts,title=tests/free-review-result-route.test.ts > 13-14. existing behaviour intact > the plain /free-review entry point still works,line=112,column=17::AssertionError: expected 'import { useEffect, useMemo, useState…' to contain 'if (!user && path === \'/free-review\…'%0A%0A- Expected%0A+ Received%0A%0A- if (!user && path === '/free-review') return <FreeReviewView%0A+ import { useEffect, useMemo, useState, type ReactNode } from 'react';%0A+ import { getRedirectResult, onAuthStateChanged, signOut, type User } from 'firebase/auth';%0A+ import type { Alert, Client, Integration, Scan, SoftwarePassport, Vendor } from './types';%0A+ import type { VerificationDecision } from './lib/verification/evaluateVerification.ts';%0A+ import { apiFetch } from './utils/apiClient';%0A+ import { auth } from './lib/firebase';%0A+ import CommandCenter from './components/CommandCenter';%0A+ import ExtensionWorkflow from './components/ExtensionWorkflow';%0A+ import ExtensionMarketplace from './components/ExtensionMarketplace';%0A+ import LoginView from './components/LoginView';%0A+ import EvidenceDashboardView from './components/EvidenceDashboardView';%0A+ import EvidenceExplorerView from './components/EvidenceExplorerView';%0A+ import AITrustCenterView from './components/AITrustCenterView';%0A+ import CoverageView from './components/CoverageView';%0A+ import AssetsView from './components/AssetsView';%0A+ import PassportsView from './components/PassportsView';%0A+ import ScansView from './components/ScansView';%0A+ import AlertsView from './components/AlertsView';%0A+ import ClientsView from './components/ClientsView';%0A+ import VendorsView from './components/VendorsView';%0A+ import IntegrationsView from './components/IntegrationsView';%0A+ import BillingView from './components/BillingView';%0A+ import ComplianceView from './components/ComplianceView';%0A+ import AgentTrustView from './components/AgentTrustView';%0A+ import EnterpriseReadinessView from './components/EnterpriseReadinessView';%0A+ import FounderDashboardView from './components/FounderDashboardView';%0A+ import InvestorHomeView from './components/InvestorHomeView';%0A+ import SettingsView from './components/SettingsView';%0A+ import TeamView from './components/TeamView';%0A+ import AuditLogView from './components/AuditLogView';%0A+ import MonitoringView from './components/MonitoringView';%0A+ import SecurityCenterView from './components/SecurityCenterView';%0A+ import MSPCommandCenter from './components/MSPCommandCenter';%0A+ import ReportsView from './components/ReportsView';%0A+ import TrustGraphView from './components/TrustGraphView';%0A+ import { EXTENSIONS } from './workflows/extensionRegistry';%0A+ const PUBLIC_PATHS = new Set(['/','/login','/free-review','/pricing']);%0A+ const EMPTY_CLIENTS: Client[] = []; const EMPTY_PASSPORTS: SoftwarePassport[] = []; const EMPTY_VENDORS: Vendor[] = []; const EMPTY_INTEGRATIONS: Integration[] = []; const EMPTY_SCANS: Scan[] = []; const EMPTY_ALERTS: Alert[] = [];%0A+ function deriveAlertStatus(remediationStatus: string | null | undefined, findingStatus: string | null | undefined): Alert['status'] { switch (remediationStatus) { case 'IN_PROGRESS': case 'READY_FOR_VERIFICATION': return 'Acknowledged'; case 'BLOCKED': return 'Snoozed'; case 'VERIFIED': case 'CLOSED': return 'Resolved'; case 'CANCELLED': return 'Cancelled'; case 'OPEN': return 'Active'; default: return String(findingStatus || '').toLowerCase() === 'resolved' ? 'Resolved' : 'Active'; } }%0A+ function navigate(path: string) { window.history.pushState({}, '', path); window.dispatchEvent(new PopStateEvent('popstate')); }%0A+ function usePath() { const [path, setPath] = useState(() => window.location.pathname || '/'); useEffect(() => { const update = () => setPath(window.location.pathname || '/'); window.addEventListener('popstate', update); return () => window.removeEventListener('popstate', update); }, []); return path; }%0A+ function AuthLoading() { return <div className="grid min-h-screen place-items-center bg-[#faf9f8] text-[#201f1e]"><div className="text-center"><div className="mx-auto grid h-10 w-10 place-items-center rounded bg-[#0f6cbd] text-xs font-bold text-white">S</div><div className="mt-4 text-[11px] font-semibold uppercase tracking-wide text-[#605e5c]">Securing workspace</div><div className="mt-1 text-[12px] text-[#8a8886]">Checking authenticated session…</div></div></div>; }%0A+ function CoverPage() { return <div className="min-h-screen bg-[#faf9f8] text-[#201f1e]"><div className="mx-auto flex min-h-screen max-w-5xl items-center px-6 py-16"><div className="max-w-3xl"><div className="mb-5 inline-flex items-center gap-1.5 rounded border border-[#e1dfdd] bg-white px-2.5 py-1 text-[11px] font-semibold uppercase tracking-wide text-[#605e5c]">Evidence-first software trust</div><h1 className="text-[28px] font-semibold tracking-tight md:text-[34px]">Software trust, operated as a system.</h1><p className="mt-4 max-w-2xl text-[14px] leading-6 text-[#605e5c]">Software Passport Registry turns software identity, security, provenance, reliability, compliance, and evidence into repeatable workflows for teams, buyers, and managed service providers.</p><div className="mt-6 flex flex-wrap gap-2"><button onClick={() => navigate('/login')} className="h-9 rounded bg-[#0f6cbd] px-4 text-[13px] font-semibold text-white hover:bg-[#004578]">Enter SPR</button><button onClick={() => navigate('/free-review')} className="h-9 rounded border border-[#c8c6c4] bg-white px-4 text-[13px] font-medium text-[#323130] hover:bg-black/[.03]">Free review</button></div></div></div></div>; }%0A+ function PublicPage({ title, description, action, onAction }: { title: string; description: string; action: string; onAction: () => void }) { return <div className="grid min-h-screen place-items-center bg-[#faf9f8] px-6 text-[#201f1e]"><div className="max-w-md rounded-md border border-[#e1dfdd] bg-white p-6 text-center"><div className="text-[11px] font-semibold uppercase tracking-wide text-[#605e5c]">Software Passport Registry</div><h1 className="mt-2 text-[20px] font-semibold">{title}</h1><p className="mt-2 text-[13px] leading-5 text-[#605e5c]">{description}</p><button onClick={onAction} className="mt-5 h-9 rounded bg-[#0f6cbd] px-4 text-[13px] font-semibold text-white hover:bg-[#004578]">{action}</button></div></div>; }%0A+ function WorkflowBoundary({ title, description, extensionId, onNavigate }: { title: string; description: string; extensionId?: string; onNavigate: (path: string) => void }) { const extension = extensionId ? EXTENSIONS.find((item) => item.id === extensionId) : undefined; return <section><div className="rounded-md border border-[#e1dfdd] bg-white p-5"><div className="text-[11px] font-semibold uppercase tracking-wide text-[#605e5c]">Workflow boundary</div><h1 className="mt-1.5 text-[20px] font-semibold tracking-tight">{title}</h1><p className="mt-2 max-w-2xl text-[13px] leading-5 text-[#605e5c]">{description}</p>{extension && <button onClick={() => onNavigate(extension.entryPath)} className="mt-4 h-8 rounded bg-[#0f6cbd] px-3 text-[12px] font-semibold text-white hover:bg-[#004578]">Open {extension.name} →</button>}</div></section>; }%0A+ export default function App() {%0A+  const path=usePath(); const [authReady,setAuthReady]=useState(false); const [user,setUser]=useState<User|null>(null); const [role,setRole]=useState('Viewer'); const [selectedClientId,setSelectedClientId]=useState(''); const [selectedPassportId,setSelectedPassportId]=useState<string|null>(null); const [assets,setAssets]=useState<any[]>([]); const [clients,setClients]=useState<Client[]>(EMPTY_CLIENTS); const [passports,setPassports]=useState<SoftwarePassport[]>(EMPTY_PASSPORTS); const [vendors,setVendors]=useState<Vendor[]>(EMPTY_VENDORS); const [alerts,setAlerts]=useState<Alert[]>(EMPTY_ALERTS); const [findings,setFindings]=useState<unknown[]>([]); const [scans,setScans]=useState<Scan[]>(EMPTY_SCANS); const [integrations,setIntegrations]=useState<Integration[]>(EMPTY_INTEGRATIONS); const [theme,setTheme]=useState<'light'|'dark'>('dark'); const [verificationDecisions,setVerificationDecisions]=useState<Record<string,VerificationDecision>>({}); const [verificationDetails,setVerificationDetails]=useState<Record<string,unknown>>({});%0A+  useEffect(()=>{let mounted=true;let redirectSettled=false;let observedUser:User|null=null;const timeoutId=window.setTimeout(()=>{if(mounted)setAuthReady(true)},10000);const unsubscribe=onAuthStateChanged(auth,(currentUser)=>{if(!mounted)return;observedUser=currentUser;if(!redirectSettled)return;setUser(currentUser);setAuthReady(true);window.clearTimeout(timeoutId)},()=>{if(mounted){setAuthReady(true);window.clearTimeout(timeoutId)}});void getRedirectResult(auth).then(result=>{redirectSettled=true;if(mounted)setUser(result?.user||observedUser);if(mounted)setAuthReady(true);window.clearTimeout(timeoutId)}).catch(error=>{redirectSettled=true;console.error('[Firebase redirect sign-in error]',error);if(mounted)setUser(observedUser);if(mounted)setAuthReady(true);window.clearTimeout(timeoutId)});return()=>{mounted=false;window.clearTimeout(timeoutId);unsubscribe()}},[]);%0A+  useEffect(()=>{if(authReady&&!user&&!PUBLIC_PATHS.has(path))navigate('/login')},[authReady,user,path]);%0A+  useEffect(()=>{if(!user)return;let cancelled=false;const load=async()=>{const responses=await Promise.all([apiFetch('/api/user/me'),apiFetch('/api/scans'),apiFetch('/api/trust-loop/findings'),apiFetch('/api/user/passports'),apiFetch('/api/user/clients'),apiFetch('/api/integrations'),apiFetch('/api/user/verification')]);if(responses.some(r=>r.status===401)){await signOut(auth);navigate('/login');return}const [me,scansResponse,findingsResponse,passportsResponse,clientsResponse,integrationsResponse,verificationResponse]=responses;if(verificationResponse.ok){const data=await verificationResponse.json().catch(()=>null);if(!cancelled){setVerificationDecisions(data?.verificationDecisions&&typeof data.verificationDecisions==='object'?data.verificationDecisions:{});setVerificationDetails(data?.verificationDetails&&typeof data.verificationDetails==='object'?data.verificationDetails:{})}}else if(!cancelled){setVerificationDecisions({});setVerificationDetails({})}if(me.ok){const data=await me.json().catch(()=>null);if(!cancelled)setRole(String(data?.role||'Viewer'))}if(scansResponse.ok){const data=await scansResponse.json().catch(()=>[]);if(!cancelled&&Array.isArray(data))setScans(data)}if(findingsResponse.ok){const data=await findingsResponse.json().catch(()=>[]);const rows=Array.isArray(data)?data:data?.findings;if(!cancelled&&Array.isArray(rows)){setFindings(rows);setAlerts(rows.map((row:any)=>({id:String(row.id),title:String(row.title||row.control_id||'Trust finding'),severity:String(row.severity||'Low').replace(/^./,(s:string)=>s.toUpperCase()),category:'Trust finding',clientName:String(row.client_id||'Tenant'),description:String(row.description||'Evidence-backed finding'),timestamp:String(row.updated_at||''),status:deriveAlertStatus(row.remediation_status,row.status),remediationId:row.remediation_id?String(row.remediation_id):null,ownerDisplay:row.remediation_owner_display||null,slaDueAt:row.remediation_sla_due_at||null})) as Alert[])}}if(passportsResponse.ok){const data=await passportsResponse.json().catch(()=>[]);const rows=Array.isArray(data)?data:data?.passports;if(!cancelled&&Array.isArray(rows)){const normalized=rows.map((row:any)=>({...row,id:String(row.id),name:String(row.name||'Unnamed software'),version:String(row.version||'unknown'),publisher:String(row.publisher||'unknown'),clientId:row.clientId?String(row.clientId):undefined,evidence:Array.isArray(row.evidence)?row.evidence:[],vulnerabilities:Array.isArray(row.vulnerabilities)?row.vulnerabilities:[],timeline:Array.isArray(row.timeline)?row.timeline:[],sbom:Array.isArray(row.sbom)?row.sbom:[],scores:null,scoreStatus:row.scoreStatus||'not_authoritatively_scored'})) as SoftwarePassport[];setPassports(normalized);setAssets(normalized.map((passport:any)=>({id:passport.id,name:passport.name,hostName:passport.name,type:passport.category||'software',clientId:passport.clientId,clientName:String(passport.clientId||'Unobserved'),environment:String(passport.environment||'Unobserved'),version:passport.version})));setVendors(EMPTY_VENDORS)}}if(clientsResponse.ok){const data=await clientsResponse.json().catch(()=>[]);const rows=Array.isArray(data)?data:data?.clients;if(!cancelled&&Array.isArray(rows))setClients(rows.map((row:any)=>({...row,id:String(row.id),name:String(row.name||row.company_name||'Unnamed client')})) as Client[])}if(integrationsResponse.ok){const data=await integrationsResponse.json().catch(()=>[]);if(!cancelled&&Array.isArray(data))setIntegrations(data)}};void load().catch(error=>console.warn('[SPR command center load]',error));return()=>{cancelled=true}},[user]);%0A+  useEffect(()=>{const refresh=()=>{if(user)window.location.reload()};window.addEventListener('refresh-data',refresh);return()=>window.removeEventListener('refresh-data',refresh)},[user]);%0A+  const onNavigateTab=(target:string,itemId?:string)=>navigate(itemId?`${target.startsWith('/')?target:`/${target}`}/${encodeURIComponent(itemId)}`:target.startsWith('/')?target:`/${target}`); const quickAction=(action:'add-client'|'register-passport'|'scan-sbom')=>navigate(action==='add-client'?'/clients':action==='register-passport'?'/passports':'/scans');%0A+  const performAlertAction=async(alert:Alert,action:'acknowledge'|'assign'|'resolve'|'escalate'|'snooze'|'reopen',assigneeDisplay?:string)=>{let remediationId=alert.remediationId;if(!remediationId){const created=await apiFetch('/api/trust-loop/remediations',{method:'POST',headers:{'Content-Type':'application/json'},body:JSON.stringify({findingId:alert.id,title:alert.title,description:alert.description,priority:alert.severity.toUpperCase()})});if(!created.ok)return;const createdBody=await created.json().catch(()=>null);remediationId=createdBody?.id?String(createdBody.id):undefined;if(!remediationId)return}const patchBody:Record<string,unknown>={acknowledge:{status:'IN_PROGRESS'},resolve:{status:'CLOSED'},snooze:{status:'BLOCKED'},reopen:{status:'OPEN'},escalate:{status:'IN_PROGRESS',slaDueAt:new Date(Date.now()+4*3600*1000).toISOString()},assign:{status:'IN_PROGRESS',ownerDisplay:assigneeDisplay||''}}[action];const response=await apiFetch(`/api/trust-loop/remediations/${encodeURIComponent(remediationId)}`,{method:'PATCH',headers:{'Content-Type':'application/json'},body:JSON.stringify(patchBody)});if(!response.ok)return;const updated=await response.json().catch(()=>null);setAlerts(current=>current.map(item=>item.id===alert.id?{...item,remediationId,status:deriveAlertStatus(updated?.status??String(patchBody.status),null),ownerDisplay:updated?.owner_display??(patchBody.ownerDisplay as string|undefined)??item.ownerDisplay,slaDueAt:updated?.sla_due_at??(patchBody.slaDueAt as string|undefined)??item.slaDueAt}:item))};%0A+  const selectedExtension=useMemo(()=>{const match=path.match(/^\/extensions\/([^/]+)/);return match?decodeURIComponent(match[1]):null},[path]);const signOutUser=async()=>{await signOut(auth);navigate('/login')};%0A+  if(!authReady)return <AuthLoading/>;if(path==='/')return <CoverPage/>;if(path==='/login')return user?<AuthLoading/>:<LoginView onLoginSuccess={()=>navigate('/dashboard')}/>;if(!user&&path==='/free-review')return <PublicPage title="Free software review" description="Start an evidence-first review from the public entry point." action="Sign in to continue" onAction={()=>navigate('/login')}/>;if(!user&&path==='/pricing')return <PublicPage title="SPR plans" description="Account and billing capabilities are available inside the authenticated workspace." action="Enter SPR" onAction={()=>navigate('/login')}/>;if(!user)return <AuthLoading/>;%0A+  let view:ReactNode;if(selectedExtension)view=<ExtensionWorkflow id={selectedExtension} onNavigate={navigate}/>;else switch(path){case '/dashboard':view=<EvidenceDashboardView clients={clients} alerts={alerts} scans={scans} passports={passports} findings={findings} onNavigateTab={onNavigateTab} onOpenQuickAction={quickAction}/>;break;case '/coverage':view=<CoverageView clients={clients} scans={scans} passports={passports} onNavigateTab={onNavigateTab}/>;break;case '/evidence-explorer':view=<EvidenceExplorerView passports={passports}/>;break;case '/assets':view=<AssetsView clients={clients} searchQuery="" assets={assets}/>;break;case '/passports':case '/registry':view=<PassportsView verificationDecisions={verificationDecisions} verificationDetails={verificationDetails} passports={passports} selectedPassportId={selectedPassportId} setSelectedPassportId={setSelectedPassportId} searchQuery="" clients={clients} assets={assets} role={role} onNavigateTab={onNavigateTab} onUpdatePassport={passport=>setPassports(current=>current.map(item=>item.id===passport.id?passport:item))}/>;break;case '/scans':view=<ScansView scans={scans} clients={clients} assets={assets} passports={passports} role={role} onTriggerNewScan={scan=>setScans(current=>[scan,...current.filter(item=>item.id!==scan.id)].slice(0,100))}/>;break;case '/alerts':view=<AlertsView alerts={alerts} onAlertAction={performAlertAction}/>;break;case '/reports':view=<ReportsView clients={clients} passports={passports} scans={scans} alerts={alerts} findings={findings} role={role}/>;break;case '/trust-graph':view=<TrustGraphView clients={clients} passports={passports} assets={assets} findings={findings}/>;/* onSelectPassport={setSelectedPassportId} */break;case '/clients':view=<ClientsView clients={clients} selectedClientId={selectedClientId} setSelectedClientId={setSelectedClientId} passports={passports} onNavigateTab={onNavigateTab} searchQuery=""/>;break;case '/vendors':view=<VendorsView vendors={vendors} searchQuery=""/>;break;case '/integrations':view=<IntegrationsView passports={passports} onNavigateTab={onNavigateTab}/>;break;case '/monitoring':view=<MonitoringView role={role}/>;break;case '/security':view=<SecurityCenterView clients={clients} passports={passports}/>;break;case '/compliance':view=<ComplianceView clients={clients} role={role}/>;break;case '/msp':view=<MSPCommandCenter verificationDecisions={verificationDecisions} verificationDetails={verificationDetails} clients={clients} alerts={alerts} findings={findings} role={role} onSelectClient={setSelectedClientId} onNavigate={navigate}/>;break;case '/agent-trust':view=<AgentTrustView/>;break;case '/ai-trust-center':view=<AITrustCenterView role={role}/>;break;case '/enterprise-readiness':view=<EnterpriseReadinessView clients={clients}/>;break;case '/investor':view=<InvestorHomeView passports={passports} clients={clients} alerts={alerts} onShowTelemetry={()=>navigate('/scans')} onNavigateTab={onNavigateTab}/>;break;case '/founder':view=<FounderDashboardView userRole={role}/>;break;case '/billing':view=<BillingView/>;break;case '/settings':view=<SettingsView theme={theme} onToggleTheme={()=>setTheme(current=>current==='dark'?'light':'dark')}/>;break;case '/team':view=<TeamView role={role}/>;break;case '/audit-log':view=<AuditLogView/>;break;case '/extensions':view=<ExtensionMarketplace onNavigateTab={onNavigateTab} role={role}/>;break;default:view=<WorkflowBoundary title="Workflow" description="This authenticated capability is explicitly routed through the Command Center. Choose its owning workflow from the left rail." onNavigate={navigate}/>}%0A+  return <CommandCenter path={path} userEmail={user.email} role={role} onNavigate={navigate} onSignOut={()=>void signOutUser()}>{view}</CommandCenter>;%0A+ }%0A+%0A%0A ❯ tests/free-review-result-route.test.ts:112:17%0A%0A

::error file=/home/runner/work/software-passport-registry/software-passport-registry/tests/governance-routes-contract.test.ts,title=tests/governance-routes-contract.test.ts > governance router is mounted in server.ts > mounts createGovernanceRouter at /api/governance,line=40,column=15::AssertionError: expected 'import express, { type NextFunction, …' to contain 'import { createGovernanceRouter } fro…'%0A%0A- Expected%0A+ Received%0A%0A- import { createGovernanceRouter } from './src/routes/governance.ts';%0A+ import express, { type NextFunction, type Request, type Response } from 'express';%0A+ import cors from 'cors';%0A+ import helmet from 'helmet';%0A+ import * as Sentry from '@sentry/node';%0A+ import path from 'node:path';%0A+ import { fileURLToPath } from 'node:url';%0A+ import { randomUUID } from 'node:crypto';%0A+ import { config, validateConfiguration } from './src/config.ts';%0A+ import { checkDatabaseHealth, closeDatabase, db } from './src/db/index.ts';%0A+ import { sql } from 'drizzle-orm';%0A+ import { AuthenticatedRequest, rateLimiter, requireAuth, requireRole } from './src/middleware/security.ts';%0A+ import { createAuthRouter } from './src/routes/auth.ts';%0A+ import { createConnectRouter } from './src/routes/connect.ts';%0A+ import { createIntegrationsRouter } from './src/routes/integrations.ts';%0A+ import { createLiveIntegrationsRouter } from './src/routes/integrations-live.ts';%0A+ import { createMonitoringRouter } from './src/routes/monitoring.ts';%0A+ import { createPublicConnectRouter } from './src/routes/public-connect.ts';%0A+ import { createScansRouter } from './src/routes/scans.ts';%0A+ import { createComplianceRouter } from './src/routes/compliance.ts';%0A+ import { createTrustLoopRouter } from './src/routes/trust-loop.ts';%0A+ import { createIntegrationMonitoringRouter } from './src/routes/integration-monitoring.ts';%0A+ import { createAgentApiRouter } from './src/routes/agent-api.ts';%0A+ import { createMspRouter } from './src/routes/msp.ts';%0A+ import { createAiTrustRouter } from './src/routes/ai-trust.ts';%0A+ import { createMcpTransport } from './src/mcp/transport.ts';%0A+ import { executePublicMcpTool } from './src/mcp/execute.ts';%0A+%0A+ const app = express();%0A+ const startedAt = Date.now();%0A+ const requestBodyLimit = process.env.REQUEST_BODY_LIMIT || '2mb';%0A+ const requestHeaderTimeoutMs = Number(process.env.REQUEST_HEADER_TIMEOUT_MS || 15_000);%0A+ const requestTimeoutMs = Number(process.env.REQUEST_TIMEOUT_MS || 120_000);%0A+ const keepAliveTimeoutMs = Number(process.env.KEEP_ALIVE_TIMEOUT_MS || 65_000);%0A+%0A+ async function ensureInitialSelfPassport() {%0A+   const owner = (await db.execute(sql`SELECT tenant_id AS "tenantId" FROM users WHERE role = 'Owner' ORDER BY created_at ASC LIMIT 1`)).rows?.[0] as { tenantId?: string } | undefined;%0A+   if (!owner?.tenantId) {%0A+     console.warn('[SPR] Initial self-passport skipped: no Owner tenant exists yet.');%0A+     return;%0A+   }%0A+   await db.execute(sql`%0A+     INSERT INTO passports (%0A+       id, tenant_id, name, version, publisher, category, overall_score,%0A+       security_score, compliance_score, vendor_reputation_score, release_date,%0A+       file_hash, license_type, ai_summary, sbom, evidence, vulnerabilities, timeline%0A+     ) VALUES (%0A+       'passport_spr_self', ${owner.tenantId}, 'Software Passport Registry', '1.0.0',%0A+       'SPR', 'Platform', 0, 0, 0, 0, CURRENT_DATE::text, 'not-observed',%0A+       'Unknown', 'Initial SPR self-passport. Evidence collection is pending.',%0A+       '[]', '[]', '[]', '[]'%0A+     )%0A+     ON CONFLICT (id) DO NOTHING%0A+   `);%0A+   console.info('[SPR] Initial self-passport ready.');%0A+ }%0A+%0A+ export function normalizeAllowedOrigins(origins: string[]): string[] {%0A+   return [...new Set(origins.map((origin) => new URL(origin).origin))].sort();%0A+ }%0A+%0A+ if (config.trustProxy) app.set('trust proxy', 1);%0A+ app.disable('x-powered-by');%0A+ if (config.sentry.dsn) Sentry.init({ dsn: config.sentry.dsn, environment: config.nodeEnv, tracesSampleRate: config.isProduction ? 0.1 : 1.0 });%0A+ const allowedOrigins = new Set(normalizeAllowedOrigins(config.allowedOrigins));%0A+ const appOrigin = config.appUrl ? new URL(config.appUrl).origin : undefined;%0A+ const corsOrigin = (origin: string | undefined, callback: (error: Error | null, allow?: boolean) => void) => {%0A+   if (!origin) return callback(null, true);%0A+   try {%0A+     const normalizedOrigin = new URL(origin).origin;%0A+     if (allowedOrigins.has(normalizedOrigin)) return callback(null, true);%0A+   } catch (_) {}%0A+   return callback(new Error('CORS origin denied'));%0A+ };%0A+ app.use(helmet({ contentSecurityPolicy: { useDefaults: false, directives: { defaultSrc: ["'self'"], baseUri: ["'self'"], objectSrc: ["'none'"], frameAncestors: ["'none'"], formAction: ["'self'"], scriptSrc: ["'self'"], styleSrc: ["'self'", "'unsafe-inline'"], imgSrc: ["'self'", 'data:', 'blob:', 'https:'], fontSrc: ["'self'", 'data:', 'https:'], connectSrc: ["'self'", ...(appOrigin ? [appOrigin] : [])], frameSrc: ["'self'", 'https:'], workerSrc: ["'self'", 'blob:'], manifestSrc: ["'self'"], upgradeInsecureRequests: [] } }, crossOriginEmbedderPolicy: false, frameguard: { action: 'deny' }, referrerPolicy: { policy: 'no-referrer' } }));%0A+ app.use(cors({ origin: corsOrigin, credentials: true, methods: ['GET', 'HEAD', 'POST', 'PUT', 'PATCH', 'DELETE', 'OPTIONS'], allowedHeaders: ['Authorization', 'Content-Type', 'X-Request-ID', 'X-API-Key'] }));%0A+ app.use((req, res, next) => { if (req.method === 'TRACE' || req.method === 'CONNECT') return res.status(405).json({ error: { code: 'METHOD_NOT_ALLOWED', message: 'HTTP method is not allowed.' } }); if (req.headers['content-length'] && !/^\d+$/.test(String(req.headers['content-length']))) return res.status(400).json({ error: { code: 'INVALID_CONTENT_LENGTH', message: 'Invalid Content-Length header.' } }); return next(); });%0A+ app.use(express.json({ limit: requestBodyLimit, strict: true, type: ['application/json', 'application/*+json'] }));%0A+ app.use(express.urlencoded({ extended: false, limit: requestBodyLimit }));%0A+ app.use((req, res, next) => { const supplied = req.headers['x-request-id']; const requestId = typeof supplied === 'string' && /^[A-Za-z0-9._:-]{1,100}$/.test(supplied) ? supplied : `req_${randomUUID()}`; res.setHeader('X-Request-ID', requestId); res.setHeader('Cache-Control', req.path.startsWith('/api/') ? 'no-store, max-age=0' : 'public, max-age=0, must-revalidate'); res.locals.requestId = requestId; next(); });%0A+ app.use((req, res, next) => { if (config.isProduction && config.enforceHttps && !req.secure && req.path !== '/health' && req.path !== '/ready' && req.path !== '/api/health' && req.path !== '/api/ready') { if (!appOrigin) return res.status(503).json({ error: { code: 'HTTPS_CONFIGURATION_ERROR', message: 'HTTPS redirect target is not configured.' } }); return res.redirect(308, `${appOrigin}${req.originalUrl}`); } return next(); });%0A+ app.get('/health', (_req, res) => res.status(200).json({ status: 'ok', service: 'spr-app', uptimeSeconds: Math.floor((Date.now() - startedAt) / 1000) }));%0A+ const readinessHandler = async (_req: Request, res: Response) => { const database = await checkDatabaseHealth(); const ready = database.ok; res.status(ready ? 200 : 503).json({ status: ready ? 'ready' : 'not_ready', checks: { database: database.ok ? database : { ok: false, latencyMs: database.latencyMs, error: 'DATABASE_UNAVAILABLE' } }, uptimeSeconds: Math.floor((Date.now() - startedAt) / 1000) }); };%0A+ app.get('/ready', readinessHandler);%0A+ app.get('/api/ready', readinessHandler);%0A+ app.get('/api/health', async (_req, res) => { const database = await checkDatabaseHealth(); res.status(database.ok ? 200 : 503).json({ status: database.ok ? 'ok' : 'degraded', database: database.ok ? database : { ok: false, latencyMs: database.latencyMs, error: 'DATABASE_UNAVAILABLE' } }); });%0A+ app.use('/api', rateLimiter);%0A+ app.use('/api', createAuthRouter());%0A+ app.use('/api', createPublicConnectRouter());%0A+ const connectRouter = createConnectRouter();%0A+ app.use('/api', connectRouter);%0A+ app.use('/api/connect', connectRouter);%0A+ app.use('/api/integrations/connect', connectRouter);%0A+ app.post('/api/ai/analyze-passport', requireAuth, async (req: AuthenticatedRequest, res, next) => {%0A+   try {%0A+     const passportId = typeof req.body?.passportId === 'string' ? req.body.passportId.trim() : '';%0A+     if (!passportId) return res.status(400).json({ error: { code: 'PASSPORT_ID_REQUIRED', message: 'passportId is required.' } });%0A+     const db = req.db!;%0A+     const result = await db.execute(sql`%0A+       SELECT name, version, publisher, overall_score AS "overallScore",%0A+              jsonb_array_length(COALESCE(NULLIF(evidence, '')::jsonb, '[]'::jsonb)) AS "evidenceCount",%0A+              jsonb_array_length(COALESCE(NULLIF(vulnerabilities, '')::jsonb, '[]'::jsonb)) AS "findingCount"%0A+       FROM passports%0A+       WHERE id = ${passportId} AND tenant_id = ${req.user!.tenantId}%0A+       LIMIT 1%0A+     `);%0A+     const passport = (result.rows?.[0] ?? null) as {%0A+       name?: string; version?: string; publisher?: string; overallScore?: number | null;%0A+       evidenceCount?: number; findingCount?: number;%0A+     } | null;%0A+     if (!passport) return res.status(404).json({ error: { code: 'PASSPORT_NOT_FOUND', message: 'Passport not found.' } });%0A+     const status = passport.overallScore == null ? 'not verified' : `score ${passport.overallScore}`;%0A+     return res.json({ passportId, analysis: `${passport.name ?? 'Passport'} ${passport.version ?? ''} by ${passport.publisher ?? 'unknown publisher'} is ${status}. Evidence records: ${passport.evidenceCount ?? 0}. Findings: ${passport.findingCount ?? 0}. Authoritative verification requires durable backend evidence.` });%0A+   } catch (error) { return next(error); }%0A+ });%0A+ app.use('/api/integrations', createIntegrationsRouter());%0A+ app.use('/api/integrations-live', createLiveIntegrationsRouter());%0A+ const requireTrustMutationRole = (req: Request, res: Response, next: NextFunction) => { if (['GET', 'HEAD', 'OPTIONS'].includes(req.method)) return next(); return requireRole(['Owner', 'Admin', 'Operator', 'Technician'])(req as AuthenticatedRequest, res, next); };%0A+ app.use('/api/trust-loop', requireAuth, requireTrustMutationRole);%0A+ app.use('/api/trust-loop', createTrustLoopRouter());%0A+ app.use('/api/integration-monitoring', createIntegrationMonitoringRouter());%0A+ app.use('/api/monitoring', createMonitoringRouter());%0A+ app.use('/api/agent/v1', createAgentApiRouter());%0A+ app.use('/api/msp', requireAuth, createMspRouter());%0A+ app.use('/api/ai-trust', requireAuth, createAiTrustRouter());%0A+%0A+ const mcpBearer = process.env.SPR_MCP_BEARER_TOKEN;%0A+ if (mcpBearer) {%0A+   const mcpTransport = createMcpTransport({ expectedBearer: mcpBearer, executeTool: async (tool, args) => executePublicMcpTool(tool, args) });%0A+   app.post('/mcp', async (req, res) => { const response = await mcpTransport(new Request(`${config.appUrl || 'https://localhost'}/mcp`, { method: 'POST', headers: req.headers as Record<string, string>, body: JSON.stringify(req.body) })); res.status(response.status); response.headers.forEach((value, key) => res.setHeader(key, value)); res.send(Buffer.from(await response.arrayBuffer())); });%0A+ }%0A+%0A+ app.use('/api', createScansRouter());%0A+ app.use('/api/compliance', createComplianceRouter());%0A+ const publicDir = __dirname;%0A+ app.use(express.static(publicDir, { index: false, maxAge: config.isProduction ? '1y' : 0 }));%0A+ app.get('/*splat', (req, res, next) => { if (req.path.startsWith('/api/') || req.path === '/mcp') return next(); return res.sendFile(path.join(publicDir, 'index.html'), error => error ? next(error) : undefined); });%0A+ app.use((req, res, next) => { if (req.path.startsWith('/api/') || req.path === '/mcp') return res.status(404).json({ error: 'Route not found.', code: 'NOT_FOUND', requestId: res.locals.requestId }); return next(); });%0A+ app.use((err: any, req: Request, res: Response, next: NextFunction) => { if (res.headersSent) return next(err); const requestId = res.locals.requestId || `req_${randomUUID()}`; const status = Number.isInteger(err?.status) && err.status >= 400 && err.status < 600 ? err.status : 500; console.error('[HTTP_ERROR]', { requestId, status, method: req.method, path: req.path, message: err?.message || String(err) }); if (config.sentry.dsn) Sentry.captureException(err, { tags: { requestId } }); return res.status(status).json({ error: { code: status === 500 ? 'INTERNAL_SERVER_ERROR' : 'REQUEST_FAILED', message: status === 500 ? 'An unexpected server error occurred.' : err?.message || 'Request failed.', requestId } }); });%0A+ let server: ReturnType<typeof app.listen> | undefined; let shuttingDown = false;%0A+%0A+ export function rejectConnectTunnels<T extends ReturnType<typeof app.listen>>(httpServer: T): T {%0A+   httpServer.on('connect', (_request, socket) => {%0A+     socket.end('HTTP/1.1 405 Method Not Allowed\r\nConnection: close\r\nContent-Length: 0\r\n\r\n');%0A+   });%0A+   return httpServer;%0A+ }%0A+%0A+ async function shutdown(signal: string) { if (shuttingDown) return; shuttingDown = true; console.info(`[SPR] ${signal} received; shutting down gracefully.`); const forceTimer = setTimeout(() => process.exit(1), 15_000); forceTimer.unref(); if (server) await new Promise<void>(resolve => server!.close(() => resolve())); await closeDatabase().catch(error => console.error('[SPR] Database shutdown error:', error)); if (config.sentry.dsn) await Sentry.close(2_000).catch(() => undefined); clearTimeout(forceTimer); process.exit(0); }%0A+ export async function startServer() {%0A+   validateConfiguration();%0A+   try { await ensureInitialSelfPassport(); } catch (error) { console.error('[SPR] Initial self-passport bootstrap failed; continuing startup. /ready will report the database as unavailable.', error); }%0A+   const host = process.env.HOST || '0.0.0.0'; server = app.listen(config.port, host, () => console.info(`[SPR] listening on http://${host}:${config.port}`)); server.requestTimeout = Number.isFinite(requestTimeoutMs) && requestTimeoutMs > 0 ? requestTimeoutMs : 120_000; server.headersTimeout = Number.isFinite(requestHeaderTimeoutMs) && requestHeaderTimeoutMs > 0 ? requestHeaderTimeoutMs : 15_000; server.keepAliveTimeout = Number.isFinite(keepAliveTimeoutMs) && keepAliveTimeoutMs > 0 ? keepAliveTimeoutMs : 65_000; rejectConnectTunnels(server); return server; }%0A+ process.once('SIGTERM', () => void shutdown('SIGTERM')); process.once('SIGINT', () => void shutdown('SIGINT')); process.on('unhandledRejection', reason => console.error('[SPR] Unhandled rejection:', reason)); process.on('uncaughtException', error => { console.error('[SPR] Uncaught exception:', error); void shutdown('uncaughtException'); });%0A+ if (process.env.SPR_SKIP_AUTOSTART !== 'true') void startServer().catch(error => { console.error('[SPR] Startup failed:', error); process.exit(1); });%0A+ export { app };%0A+%0A%0A ❯ tests/governance-routes-contract.test.ts:40:15%0A%0A

::error file=/home/runner/work/software-passport-registry/software-passport-registry/tests/governance-ui-contract.test.ts,title=tests/governance-ui-contract.test.ts > Governance UI%3A zero dead controls > GovernanceView is actually mounted in App.tsx and CommandCenter.tsx -- the nav item is not a dead route,line=53,column=17::AssertionError: expected 'import { useEffect, useMemo, useState…' to contain 'import GovernanceView from \'./compon…'%0A%0A- Expected%0A+ Received%0A%0A- import GovernanceView from './components/GovernanceView';%0A+ import { useEffect, useMemo, useState, type ReactNode } from 'react';%0A+ import { getRedirectResult, onAuthStateChanged, signOut, type User } from 'firebase/auth';%0A+ import type { Alert, Client, Integration, Scan, SoftwarePassport, Vendor } from './types';%0A+ import type { VerificationDecision } from './lib/verification/evaluateVerification.ts';%0A+ import { apiFetch } from './utils/apiClient';%0A+ import { auth } from './lib/firebase';%0A+ import CommandCenter from './components/CommandCenter';%0A+ import ExtensionWorkflow from './components/ExtensionWorkflow';%0A+ import ExtensionMarketplace from './components/ExtensionMarketplace';%0A+ import LoginView from './components/LoginView';%0A+ import EvidenceDashboardView from './components/EvidenceDashboardView';%0A+ import EvidenceExplorerView from './components/EvidenceExplorerView';%0A+ import AITrustCenterView from './components/AITrustCenterView';%0A+ import CoverageView from './components/CoverageView';%0A+ import AssetsView from './components/AssetsView';%0A+ import PassportsView from './components/PassportsView';%0A+ import ScansView from './components/ScansView';%0A+ import AlertsView from './components/AlertsView';%0A+ import ClientsView from './components/ClientsView';%0A+ import VendorsView from './components/VendorsView';%0A+ import IntegrationsView from './components/IntegrationsView';%0A+ import BillingView from './components/BillingView';%0A+ import ComplianceView from './components/ComplianceView';%0A+ import AgentTrustView from './components/AgentTrustView';%0A+ import EnterpriseReadinessView from './components/EnterpriseReadinessView';%0A+ import FounderDashboardView from './components/FounderDashboardView';%0A+ import InvestorHomeView from './components/InvestorHomeView';%0A+ import SettingsView from './components/SettingsView';%0A+ import TeamView from './components/TeamView';%0A+ import AuditLogView from './components/AuditLogView';%0A+ import MonitoringView from './components/MonitoringView';%0A+ import SecurityCenterView from './components/SecurityCenterView';%0A+ import MSPCommandCenter from './components/MSPCommandCenter';%0A+ import ReportsView from './components/ReportsView';%0A+ import TrustGraphView from './components/TrustGraphView';%0A+ import { EXTENSIONS } from './workflows/extensionRegistry';%0A+ const PUBLIC_PATHS = new Set(['/','/login','/free-review','/pricing']);%0A+ const EMPTY_CLIENTS: Client[] = []; const EMPTY_PASSPORTS: SoftwarePassport[] = []; const EMPTY_VENDORS: Vendor[] = []; const EMPTY_INTEGRATIONS: Integration[] = []; const EMPTY_SCANS: Scan[] = []; const EMPTY_ALERTS: Alert[] = [];%0A+ function deriveAlertStatus(remediationStatus: string | null | undefined, findingStatus: string | null | undefined): Alert['status'] { switch (remediationStatus) { case 'IN_PROGRESS': case 'READY_FOR_VERIFICATION': return 'Acknowledged'; case 'BLOCKED': return 'Snoozed'; case 'VERIFIED': case 'CLOSED': return 'Resolved'; case 'CANCELLED': return 'Cancelled'; case 'OPEN': return 'Active'; default: return String(findingStatus || '').toLowerCase() === 'resolved' ? 'Resolved' : 'Active'; } }%0A+ function navigate(path: string) { window.history.pushState({}, '', path); window.dispatchEvent(new PopStateEvent('popstate')); }%0A+ function usePath() { const [path, setPath] = useState(() => window.location.pathname || '/'); useEffect(() => { const update = () => setPath(window.location.pathname || '/'); window.addEventListener('popstate', update); return () => window.removeEventListener('popstate', update); }, []); return path; }%0A+ function AuthLoading() { return <div className="grid min-h-screen place-items-center bg-[#faf9f8] text-[#201f1e]"><div className="text-center"><div className="mx-auto grid h-10 w-10 place-items-center rounded bg-[#0f6cbd] text-xs font-bold text-white">S</div><div className="mt-4 text-[11px] font-semibold uppercase tracking-wide text-[#605e5c]">Securing workspace</div><div className="mt-1 text-[12px] text-[#8a8886]">Checking authenticated session…</div></div></div>; }%0A+ function CoverPage() { return <div className="min-h-screen bg-[#faf9f8] text-[#201f1e]"><div className="mx-auto flex min-h-screen max-w-5xl items-center px-6 py-16"><div className="max-w-3xl"><div className="mb-5 inline-flex items-center gap-1.5 rounded border border-[#e1dfdd] bg-white px-2.5 py-1 text-[11px] font-semibold uppercase tracking-wide text-[#605e5c]">Evidence-first software trust</div><h1 className="text-[28px] font-semibold tracking-tight md:text-[34px]">Software trust, operated as a system.</h1><p className="mt-4 max-w-2xl text-[14px] leading-6 text-[#605e5c]">Software Passport Registry turns software identity, security, provenance, reliability, compliance, and evidence into repeatable workflows for teams, buyers, and managed service providers.</p><div className="mt-6 flex flex-wrap gap-2"><button onClick={() => navigate('/login')} className="h-9 rounded bg-[#0f6cbd] px-4 text-[13px] font-semibold text-white hover:bg-[#004578]">Enter SPR</button><button onClick={() => navigate('/free-review')} className="h-9 rounded border border-[#c8c6c4] bg-white px-4 text-[13px] font-medium text-[#323130] hover:bg-black/[.03]">Free review</button></div></div></div></div>; }%0A+ function PublicPage({ title, description, action, onAction }: { title: string; description: string; action: string; onAction: () => void }) { return <div className="grid min-h-screen place-items-center bg-[#faf9f8] px-6 text-[#201f1e]"><div className="max-w-md rounded-md border border-[#e1dfdd] bg-white p-6 text-center"><div className="text-[11px] font-semibold uppercase tracking-wide text-[#605e5c]">Software Passport Registry</div><h1 className="mt-2 text-[20px] font-semibold">{title}</h1><p className="mt-2 text-[13px] leading-5 text-[#605e5c]">{description}</p><button onClick={onAction} className="mt-5 h-9 rounded bg-[#0f6cbd] px-4 text-[13px] font-semibold text-white hover:bg-[#004578]">{action}</button></div></div>; }%0A+ function WorkflowBoundary({ title, description, extensionId, onNavigate }: { title: string; description: string; extensionId?: string; onNavigate: (path: string) => void }) { const extension = extensionId ? EXTENSIONS.find((item) => item.id === extensionId) : undefined; return <section><div className="rounded-md border border-[#e1dfdd] bg-white p-5"><div className="text-[11px] font-semibold uppercase tracking-wide text-[#605e5c]">Workflow boundary</div><h1 className="mt-1.5 text-[20px] font-semibold tracking-tight">{title}</h1><p className="mt-2 max-w-2xl text-[13px] leading-5 text-[#605e5c]">{description}</p>{extension && <button onClick={() => onNavigate(extension.entryPath)} className="mt-4 h-8 rounded bg-[#0f6cbd] px-3 text-[12px] font-semibold text-white hover:bg-[#004578]">Open {extension.name} →</button>}</div></section>; }%0A+ export default function App() {%0A+  const path=usePath(); const [authReady,setAuthReady]=useState(false); const [user,setUser]=useState<User|null>(null); const [role,setRole]=useState('Viewer'); const [selectedClientId,setSelectedClientId]=useState(''); const [selectedPassportId,setSelectedPassportId]=useState<string|null>(null); const [assets,setAssets]=useState<any[]>([]); const [clients,setClients]=useState<Client[]>(EMPTY_CLIENTS); const [passports,setPassports]=useState<SoftwarePassport[]>(EMPTY_PASSPORTS); const [vendors,setVendors]=useState<Vendor[]>(EMPTY_VENDORS); const [alerts,setAlerts]=useState<Alert[]>(EMPTY_ALERTS); const [findings,setFindings]=useState<unknown[]>([]); const [scans,setScans]=useState<Scan[]>(EMPTY_SCANS); const [integrations,setIntegrations]=useState<Integration[]>(EMPTY_INTEGRATIONS); const [theme,setTheme]=useState<'light'|'dark'>('dark'); const [verificationDecisions,setVerificationDecisions]=useState<Record<string,VerificationDecision>>({}); const [verificationDetails,setVerificationDetails]=useState<Record<string,unknown>>({});%0A+  useEffect(()=>{let mounted=true;let redirectSettled=false;let observedUser:User|null=null;const timeoutId=window.setTimeout(()=>{if(mounted)setAuthReady(true)},10000);const unsubscribe=onAuthStateChanged(auth,(currentUser)=>{if(!mounted)return;observedUser=currentUser;if(!redirectSettled)return;setUser(currentUser);setAuthReady(true);window.clearTimeout(timeoutId)},()=>{if(mounted){setAuthReady(true);window.clearTimeout(timeoutId)}});void getRedirectResult(auth).then(result=>{redirectSettled=true;if(mounted)setUser(result?.user||observedUser);if(mounted)setAuthReady(true);window.clearTimeout(timeoutId)}).catch(error=>{redirectSettled=true;console.error('[Firebase redirect sign-in error]',error);if(mounted)setUser(observedUser);if(mounted)setAuthReady(true);window.clearTimeout(timeoutId)});return()=>{mounted=false;window.clearTimeout(timeoutId);unsubscribe()}},[]);%0A+  useEffect(()=>{if(authReady&&!user&&!PUBLIC_PATHS.has(path))navigate('/login')},[authReady,user,path]);%0A+  useEffect(()=>{if(!user)return;let cancelled=false;const load=async()=>{const responses=await Promise.all([apiFetch('/api/user/me'),apiFetch('/api/scans'),apiFetch('/api/trust-loop/findings'),apiFetch('/api/user/passports'),apiFetch('/api/user/clients'),apiFetch('/api/integrations'),apiFetch('/api/user/verification')]);if(responses.some(r=>r.status===401)){await signOut(auth);navigate('/login');return}const [me,scansResponse,findingsResponse,passportsResponse,clientsResponse,integrationsResponse,verificationResponse]=responses;if(verificationResponse.ok){const data=await verificationResponse.json().catch(()=>null);if(!cancelled){setVerificationDecisions(data?.verificationDecisions&&typeof data.verificationDecisions==='object'?data.verificationDecisions:{});setVerificationDetails(data?.verificationDetails&&typeof data.verificationDetails==='object'?data.verificationDetails:{})}}else if(!cancelled){setVerificationDecisions({});setVerificationDetails({})}if(me.ok){const data=await me.json().catch(()=>null);if(!cancelled)setRole(String(data?.role||'Viewer'))}if(scansResponse.ok){const data=await scansResponse.json().catch(()=>[]);if(!cancelled&&Array.isArray(data))setScans(data)}if(findingsResponse.ok){const data=await findingsResponse.json().catch(()=>[]);const rows=Array.isArray(data)?data:data?.findings;if(!cancelled&&Array.isArray(rows)){setFindings(rows);setAlerts(rows.map((row:any)=>({id:String(row.id),title:String(row.title||row.control_id||'Trust finding'),severity:String(row.severity||'Low').replace(/^./,(s:string)=>s.toUpperCase()),category:'Trust finding',clientName:String(row.client_id||'Tenant'),description:String(row.description||'Evidence-backed finding'),timestamp:String(row.updated_at||''),status:deriveAlertStatus(row.remediation_status,row.status),remediationId:row.remediation_id?String(row.remediation_id):null,ownerDisplay:row.remediation_owner_display||null,slaDueAt:row.remediation_sla_due_at||null})) as Alert[])}}if(passportsResponse.ok){const data=await passportsResponse.json().catch(()=>[]);const rows=Array.isArray(data)?data:data?.passports;if(!cancelled&&Array.isArray(rows)){const normalized=rows.map((row:any)=>({...row,id:String(row.id),name:String(row.name||'Unnamed software'),version:String(row.version||'unknown'),publisher:String(row.publisher||'unknown'),clientId:row.clientId?String(row.clientId):undefined,evidence:Array.isArray(row.evidence)?row.evidence:[],vulnerabilities:Array.isArray(row.vulnerabilities)?row.vulnerabilities:[],timeline:Array.isArray(row.timeline)?row.timeline:[],sbom:Array.isArray(row.sbom)?row.sbom:[],scores:null,scoreStatus:row.scoreStatus||'not_authoritatively_scored'})) as SoftwarePassport[];setPassports(normalized);setAssets(normalized.map((passport:any)=>({id:passport.id,name:passport.name,hostName:passport.name,type:passport.category||'software',clientId:passport.clientId,clientName:String(passport.clientId||'Unobserved'),environment:String(passport.environment||'Unobserved'),version:passport.version})));setVendors(EMPTY_VENDORS)}}if(clientsResponse.ok){const data=await clientsResponse.json().catch(()=>[]);const rows=Array.isArray(data)?data:data?.clients;if(!cancelled&&Array.isArray(rows))setClients(rows.map((row:any)=>({...row,id:String(row.id),name:String(row.name||row.company_name||'Unnamed client')})) as Client[])}if(integrationsResponse.ok){const data=await integrationsResponse.json().catch(()=>[]);if(!cancelled&&Array.isArray(data))setIntegrations(data)}};void load().catch(error=>console.warn('[SPR command center load]',error));return()=>{cancelled=true}},[user]);%0A+  useEffect(()=>{const refresh=()=>{if(user)window.location.reload()};window.addEventListener('refresh-data',refresh);return()=>window.removeEventListener('refresh-data',refresh)},[user]);%0A+  const onNavigateTab=(target:string,itemId?:string)=>navigate(itemId?`${target.startsWith('/')?target:`/${target}`}/${encodeURIComponent(itemId)}`:target.startsWith('/')?target:`/${target}`); const quickAction=(action:'add-client'|'register-passport'|'scan-sbom')=>navigate(action==='add-client'?'/clients':action==='register-passport'?'/passports':'/scans');%0A+  const performAlertAction=async(alert:Alert,action:'acknowledge'|'assign'|'resolve'|'escalate'|'snooze'|'reopen',assigneeDisplay?:string)=>{let remediationId=alert.remediationId;if(!remediationId){const created=await apiFetch('/api/trust-loop/remediations',{method:'POST',headers:{'Content-Type':'application/json'},body:JSON.stringify({findingId:alert.id,title:alert.title,description:alert.description,priority:alert.severity.toUpperCase()})});if(!created.ok)return;const createdBody=await created.json().catch(()=>null);remediationId=createdBody?.id?String(createdBody.id):undefined;if(!remediationId)return}const patchBody:Record<string,unknown>={acknowledge:{status:'IN_PROGRESS'},resolve:{status:'CLOSED'},snooze:{status:'BLOCKED'},reopen:{status:'OPEN'},escalate:{status:'IN_PROGRESS',slaDueAt:new Date(Date.now()+4*3600*1000).toISOString()},assign:{status:'IN_PROGRESS',ownerDisplay:assigneeDisplay||''}}[action];const response=await apiFetch(`/api/trust-loop/remediations/${encodeURIComponent(remediationId)}`,{method:'PATCH',headers:{'Content-Type':'application/json'},body:JSON.stringify(patchBody)});if(!response.ok)return;const updated=await response.json().catch(()=>null);setAlerts(current=>current.map(item=>item.id===alert.id?{...item,remediationId,status:deriveAlertStatus(updated?.status??String(patchBody.status),null),ownerDisplay:updated?.owner_display??(patchBody.ownerDisplay as string|undefined)??item.ownerDisplay,slaDueAt:updated?.sla_due_at??(patchBody.slaDueAt as string|undefined)??item.slaDueAt}:item))};%0A+  const selectedExtension=useMemo(()=>{const match=path.match(/^\/extensions\/([^/]+)/);return match?decodeURIComponent(match[1]):null},[path]);const signOutUser=async()=>{await signOut(auth);navigate('/login')};%0A+  if(!authReady)return <AuthLoading/>;if(path==='/')return <CoverPage/>;if(path==='/login')return user?<AuthLoading/>:<LoginView onLoginSuccess={()=>navigate('/dashboard')}/>;if(!user&&path==='/free-review')return <PublicPage title="Free software review" description="Start an evidence-first review from the public entry point." action="Sign in to continue" onAction={()=>navigate('/login')}/>;if(!user&&path==='/pricing')return <PublicPage title="SPR plans" description="Account and billing capabilities are available inside the authenticated workspace." action="Enter SPR" onAction={()=>navigate('/login')}/>;if(!user)return <AuthLoading/>;%0A+  let view:ReactNode;if(selectedExtension)view=<ExtensionWorkflow id={selectedExtension} onNavigate={navigate}/>;else switch(path){case '/dashboard':view=<EvidenceDashboardView clients={clients} alerts={alerts} scans={scans} passports={passports} findings={findings} onNavigateTab={onNavigateTab} onOpenQuickAction={quickAction}/>;break;case '/coverage':view=<CoverageView clients={clients} scans={scans} passports={passports} onNavigateTab={onNavigateTab}/>;break;case '/evidence-explorer':view=<EvidenceExplorerView passports={passports}/>;break;case '/assets':view=<AssetsView clients={clients} searchQuery="" assets={assets}/>;break;case '/passports':case '/registry':view=<PassportsView verificationDecisions={verificationDecisions} verificationDetails={verificationDetails} passports={passports} selectedPassportId={selectedPassportId} setSelectedPassportId={setSelectedPassportId} searchQuery="" clients={clients} assets={assets} role={role} onNavigateTab={onNavigateTab} onUpdatePassport={passport=>setPassports(current=>current.map(item=>item.id===passport.id?passport:item))}/>;break;case '/scans':view=<ScansView scans={scans} clients={clients} assets={assets} passports={passports} role={role} onTriggerNewScan={scan=>setScans(current=>[scan,...current.filter(item=>item.id!==scan.id)].slice(0,100))}/>;break;case '/alerts':view=<AlertsView alerts={alerts} onAlertAction={performAlertAction}/>;break;case '/reports':view=<ReportsView clients={clients} passports={passports} scans={scans} alerts={alerts} findings={findings} role={role}/>;break;case '/trust-graph':view=<TrustGraphView clients={clients} passports={passports} assets={assets} findings={findings}/>;/* onSelectPassport={setSelectedPassportId} */break;case '/clients':view=<ClientsView clients={clients} selectedClientId={selectedClientId} setSelectedClientId={setSelectedClientId} passports={passports} onNavigateTab={onNavigateTab} searchQuery=""/>;break;case '/vendors':view=<VendorsView vendors={vendors} searchQuery=""/>;break;case '/integrations':view=<IntegrationsView passports={passports} onNavigateTab={onNavigateTab}/>;break;case '/monitoring':view=<MonitoringView role={role}/>;break;case '/security':view=<SecurityCenterView clients={clients} passports={passports}/>;break;case '/compliance':view=<ComplianceView clients={clients} role={role}/>;break;case '/msp':view=<MSPCommandCenter verificationDecisions={verificationDecisions} verificationDetails={verificationDetails} clients={clients} alerts={alerts} findings={findings} role={role} onSelectClient={setSelectedClientId} onNavigate={navigate}/>;break;case '/agent-trust':view=<AgentTrustView/>;break;case '/ai-trust-center':view=<AITrustCenterView role={role}/>;break;case '/enterprise-readiness':view=<EnterpriseReadinessView clients={clients}/>;break;case '/investor':view=<InvestorHomeView passports={passports} clients={clients} alerts={alerts} onShowTelemetry={()=>navigate('/scans')} onNavigateTab={onNavigateTab}/>;break;case '/founder':view=<FounderDashboardView userRole={role}/>;break;case '/billing':view=<BillingView/>;break;case '/settings':view=<SettingsView theme={theme} onToggleTheme={()=>setTheme(current=>current==='dark'?'light':'dark')}/>;break;case '/team':view=<TeamView role={role}/>;break;case '/audit-log':view=<AuditLogView/>;break;case '/extensions':view=<ExtensionMarketplace onNavigateTab={onNavigateTab} role={role}/>;break;default:view=<WorkflowBoundary title="Workflow" description="This authenticated capability is explicitly routed through the Command Center. Choose its owning workflow from the left rail." onNavigate={navigate}/>}%0A+  return <CommandCenter path={path} userEmail={user.email} role={role} onNavigate={navigate} onSignOut={()=>void signOutUser()}>{view}</CommandCenter>;%0A+ }%0A+%0A%0A ❯ tests/governance-ui-contract.test.ts:53:17%0A%0A

::error file=/home/runner/work/software-passport-registry/software-passport-registry/tests/integrations-view-contract.test.ts,title=tests/integrations-view-contract.test.ts > SPR integrations UI contracts > drives Connect/Sync from the real live-integration endpoints instead of the removed dead /toggle and /sync routes,line=16,column=18::AssertionError: expected '/**\n * @license\n * SPDX-License-Ide…' to contain 'apiFetch(\'/api/integrations-live\')'%0A%0A- Expected%0A+ Received%0A%0A- apiFetch('/api/integrations-live')%0A+ /**%0A+  * @license%0A+  * SPDX-License-Identifier: Apache-2.0%0A+  */%0A+%0A+ import { useEffect, useMemo, useState } from 'react';%0A+ import {%0A+   Plug, CheckCircle2, RefreshCw, KeyRound, AlertCircle,%0A+   Slack, Github, Monitor, Briefcase, FileText, Key,%0A+   ShieldCheck, Ticket, BookOpen, CloudLightning, Copy, Send, Trash2, Webhook, XCircle,%0A+ } from 'lucide-react';%0A+ import type { SoftwarePassport } from '../types';%0A+ import { apiFetch } from '../utils/apiClient';%0A+ import { CREDENTIAL_FIELDS, WEBHOOK_EVENT_TYPES } from '../integrations/credentialFields';%0A+%0A+ interface IntegrationsViewProps {%0A+   passports?: SoftwarePassport[];%0A+   onNavigateTab?: (tab: string) => void;%0A+ }%0A+%0A+ type LiveCatalogItem = {%0A+   id: string; name: string; category: string; icon: string; description: string; provider: string;%0A+   capability: 'live' | 'planned'; adapter: string; credentialStatus: 'NOT_CONFIGURED' | 'CONFIGURED' | 'LIVE'; lastTestedAt: string | null;%0A+ };%0A+%0A+ type DashboardWebhook = { id: string; url: string; events: string; active: boolean; consecutive_failure_count: number; disabled_at: string | null; created_at: string };%0A+%0A+ const getIntegrationIcon = (iconName: string) => {%0A+   switch (iconName?.toLowerCase()) {%0A+     case 'slack': return <Slack className="w-4 h-4 text-pink-500" />;%0A+     case 'github': case 'git': return <Github className="w-4 h-4 text-[#323130]" />;%0A+     case 'monitor': return <Monitor className="w-4 h-4 text-[#0f6cbd]" />;%0A+     case 'briefcase': return <Briefcase className="w-4 h-4 text-violet-600" />;%0A+     case 'file-text': return <FileText className="w-4 h-4 text-teal-600" />;%0A+     case 'key': return <Key className="w-4 h-4 text-rose-600" />;%0A+     case 'shield-check': return <ShieldCheck className="w-4 h-4 text-red-600" />;%0A+     case 'ticket': return <Ticket className="w-4 h-4 text-violet-600" />;%0A+     case 'book-open': return <BookOpen className="w-4 h-4 text-teal-600" />;%0A+     case 'cloud-lightning': return <CloudLightning className="w-4 h-4 text-amber-600" />;%0A+     default: return <Plug className="w-4 h-4 text-[#0f6cbd]" />;%0A+   }%0A+ };%0A+%0A+ const STATUS_DOT: Record<LiveCatalogItem['credentialStatus'], string> = {%0A+   NOT_CONFIGURED: 'bg-[#8a8886]',%0A+   CONFIGURED: 'bg-[#8a5700]',%0A+   LIVE: 'bg-[#0e700e]',%0A+ };%0A+ const STATUS_LABEL: Record<LiveCatalogItem['credentialStatus'], string> = {%0A+   NOT_CONFIGURED: 'Not connected', CONFIGURED: 'Saved, untested', LIVE: 'Live',%0A+ };%0A+%0A+ function responseError(data: any, fallback: string) {%0A+   if (typeof data?.error === 'string') return data.error;%0A+   return fallback;%0A+ }%0A+%0A+ export default function IntegrationsView({ passports = [], onNavigateTab }: IntegrationsViewProps) {%0A+   const [catalog, setCatalog] = useState<LiveCatalogItem[]>([]);%0A+   const [catalogLoading, setCatalogLoading] = useState(true);%0A+   const [expandedProvider, setExpandedProvider] = useState<string | null>(null);%0A+   const [credentialValues, setCredentialValues] = useState<Record<string, string>>({});%0A+   const [savingProvider, setSavingProvider] = useState<string | null>(null);%0A+   const [testingProvider, setTestingProvider] = useState<string | null>(null);%0A+   const [testMessage, setTestMessage] = useState<Record<string, string>>({});%0A+   const [selectedPassportId, setSelectedPassportId] = useState(passports[0]?.id || '');%0A+%0A+   const [webhooks, setWebhooks] = useState<DashboardWebhook[]>([]);%0A+   const [webhooksLoading, setWebhooksLoading] = useState(true);%0A+   const [webhookUrl, setWebhookUrl] = useState('');%0A+   const [webhookEvents, setWebhookEvents] = useState<string[]>([...WEBHOOK_EVENT_TYPES]);%0A+   const [creatingWebhook, setCreatingWebhook] = useState(false);%0A+   const [webhookError, setWebhookError] = useState('');%0A+   const [revealedSecret, setRevealedSecret] = useState<{ url: string; secret: string } | null>(null);%0A+%0A+   const loadCatalog = () => {%0A+     setCatalogLoading(true);%0A+     apiFetch('/api/integrations-live/').then(async (r) => { const data = await r.json().catch(() => []); if (Array.isArray(data)) setCatalog(data); }).finally(() => setCatalogLoading(false));%0A+   };%0A+   const loadWebhooks = () => {%0A+     setWebhooksLoading(true);%0A+     apiFetch('/api/v1/dashboard/webhooks').then(async (r) => { const data = await r.json().catch(() => []); if (Array.isArray(data)) setWebhooks(data); }).finally(() => setWebhooksLoading(false));%0A+   };%0A+   useEffect(() => { loadCatalog(); loadWebhooks(); }, []);%0A+   useEffect(() => { if (!passports.some((p) => p.id === selectedPassportId)) setSelectedPassportId(passports[0]?.id || ''); }, [passports, selectedPassportId]);%0A+%0A+   const toggleExpanded = (provider: string) => {%0A+     setExpandedProvider((current) => (current === provider ? null : provider));%0A+     setCredentialValues({});%0A+   };%0A+%0A+   const saveCredentials = async (provider: string) => {%0A+     setSavingProvider(provider);%0A+     setTestMessage((current) => ({ ...current, [provider]: '' }));%0A+     try {%0A+       const response = await apiFetch(`/api/integrations-live/${encodeURIComponent(provider)}/credentials`, {%0A+         method: 'PUT', headers: { 'Content-Type': 'application/json' }, body: JSON.stringify(credentialValues),%0A+       });%0A+       if (!response.ok) { const data = await response.json().catch(() => null); throw new Error(responseError(data, 'Unable to save credentials.')); }%0A+       setTestMessage((current) => ({ ...current, [provider]: 'Credentials saved. Run a test to collect live evidence.' }));%0A+       loadCatalog();%0A+     } catch (error) {%0A+       setTestMessage((current) => ({ ...current, [provider]: error instanceof Error ? error.message : 'Unable to save credentials.' }));%0A+     } finally {%0A+       setSavingProvider(null);%0A+     }%0A+   };%0A+%0A+   const testProvider = async (provider: string) => {%0A+     if (!selectedPassportId) { setTestMessage((current) => ({ ...current, [provider]: 'Select a passport to test against first.' })); return; }%0A+     setTestingProvider(provider);%0A+     setTestMessage((current) => ({ ...current, [provider]: '' }));%0A+     try {%0A+       const response = await apiFetch(`/api/integrations-live/${encodeURIComponent(provider)}/test`, {%0A+         method: 'POST', headers: { 'Content-Type': 'application/json' }, body: JSON.stringify({ passportId: selectedPassportId }),%0A+       });%0A+       const data = await response.json().catch(() => null);%0A+       if (!response.ok) throw new Error(responseError(data, 'Live test failed.'));%0A+       setTestMessage((current) => ({ ...current, [provider]: `Live evidence collected (${data.subject || 'authenticated request'}) at ${new Date(data.observedAt).toLocaleString()}.` }));%0A+       loadCatalog();%0A+     } catch (error) {%0A+       setTestMessage((current) => ({ ...current, [provider]: error instanceof Error ? error.message : 'Live test failed.' }));%0A+     } finally {%0A+       setTestingProvider(null);%0A+     }%0A+   };%0A+%0A+   const createWebhook = async () => {%0A+     setCreatingWebhook(true);%0A+     setWebhookError('');%0A+     try {%0A+       const response = await apiFetch('/api/v1/dashboard/webhooks', {%0A+         method: 'POST', headers: { 'Content-Type': 'application/json' }, body: JSON.stringify({ url: webhookUrl, events: webhookEvents }),%0A+       });%0A+       const data = await response.json().catch(() => null);%0A+       if (!response.ok) throw new Error(responseError(data, 'Unable to create webhook.'));%0A+       setRevealedSecret({ url: data.url, secret: data.secret });%0A+       setWebhookUrl('');%0A+       loadWebhooks();%0A+     } catch (error) {%0A+       setWebhookError(error instanceof Error ? error.message : 'Unable to create webhook.');%0A+     } finally {%0A+       setCreatingWebhook(false);%0A+     }%0A+   };%0A+%0A+   const deactivateWebhook = async (id: string) => {%0A+     if (!window.confirm('Deactivate this webhook? SPR will stop delivering events to it.')) return;%0A+     const response = await apiFetch(`/api/v1/dashboard/webhooks/${encodeURIComponent(id)}`, { method: 'DELETE' });%0A+     if (response.ok) loadWebhooks();%0A+   };%0A+%0A+   const liveProviders = useMemo(() => catalog.filter((item) => item.capability === 'live'), [catalog]);%0A+   const plannedProviders = useMemo(() => catalog.filter((item) => item.capability !== 'live'), [catalog]);%0A+%0A+   return (%0A+     <div className="space-y-4" id="msp-integrations-view">%0A+       <div className="flex items-center justify-between gap-4">%0A+         <div>%0A+           <h1 className="text-[22px] font-semibold text-[#201f1e]">Integrations</h1>%0A+           <p className="mt-1 text-[13px] text-[#605e5c]">Connect live tools and outbound webhooks for evidence collection.</p>%0A+         </div>%0A+         {catalogLoading && <RefreshCw className="h-3.5 w-3.5 animate-spin text-[#8a8886]" />}%0A+       </div>%0A+%0A+       <details className="mb-1 rounded-md border border-[#e1dfdd] bg-[#faf9f8] text-[13px]">%0A+         <summary className="cursor-pointer select-none px-3 py-2 font-medium text-[#323130]">&#9432; What is this? &middot; How it works</summary>%0A+         <div className="px-3 pb-3 text-[#605e5c]">%0A+           <p>Every connector below makes a real authenticated request and writes hashed evidence to the trust graph &mdash; nothing here is a UI-only toggle.</p>%0A+           <ol className="mt-1.5 list-decimal space-y-0.5 pl-4">%0A+             <li>Save credentials for a provider, then run a live test against a selected passport.</li>%0A+             <li>Successful tests write signed evidence you can review from that passport's trust graph.</li>%0A+             <li>Use webhook subscriptions to relay SPR events into Slack, Jira, or a PSA via your own automation.</li>%0A+           </ol>%0A+         </div>%0A+       </details>%0A+%0A+       <div className="rounded-md border border-[#e1dfdd] bg-white p-3">%0A+         <label className="text-[11px] font-semibold text-[#605e5c]">Test evidence against passport</label>%0A+         <select value={selectedPassportId} onChange={(e) => setSelectedPassportId(e.target.value)} className="mt-1.5 h-9 w-full max-w-sm rounded border border-[#c8c6c4] bg-white px-3 text-[13px] text-[#323130] focus:border-[#0f6cbd] focus:outline-none focus:ring-1 focus:ring-[#0f6cbd]">%0A+           {!passports.length && <option value="">No passports available — register one first</option>}%0A+           {passports.map((p) => <option key={p.id} value={p.id}>{p.name} · {p.version}</option>)}%0A+         </select>%0A+       </div>%0A+%0A+       <div className="grid grid-cols-1 md:grid-cols-2 lg:grid-cols-3 gap-3">%0A+         {liveProviders.map((item) => {%0A+           const isGithub = item.provider === 'github';%0A+           const expanded = expandedProvider === item.provider;%0A+           const fields = CREDENTIAL_FIELDS[item.provider] || [];%0A+           const message = testMessage[item.provider];%0A+           return (%0A+             <div key={item.id} className="flex flex-col gap-3 rounded-md border border-[#e1dfdd] bg-white p-4">%0A+               <div className="flex items-center justify-between">%0A+                 <div className="flex h-8 w-8 shrink-0 items-center justify-center rounded border border-[#e1dfdd] bg-[#faf9f8]">{getIntegrationIcon(item.icon)}</div>%0A+                 <span className="inline-flex items-center gap-1.5 text-[12px]"><span className={`h-1.5 w-1.5 rounded-full ${STATUS_DOT[item.credentialStatus]}`} />{STATUS_LABEL[item.credentialStatus]}</span>%0A+               </div>%0A+               <div>%0A+                 <span className="rounded border border-[#e1dfdd] bg-[#f3f2f1] px-1.5 py-0.5 text-[10px] font-semibold uppercase tracking-wide text-[#605e5c]">{item.category}</span>%0A+                 <h3 className="mt-2 text-[13px] font-semibold text-[#201f1e]">{item.name}</h3>%0A+                 <p className="mt-1 text-[12px] leading-relaxed text-[#605e5c]">{item.description}</p>%0A+               </div>%0A+               {item.lastTestedAt && <p className="text-[11px] text-[#8a8886]">Last live evidence: {new Date(item.lastTestedAt).toLocaleString()}</p>}%0A+%0A+               {isGithub ? (%0A+                 <button onClick={() => onNavigateTab?.('/scans')} className="mt-1 inline-flex h-8 items-center justify-center gap-1.5 rounded border border-[#c8c6c4] px-3 text-[13px] font-medium text-[#323130] hover:bg-black/[.03]">%0A+                   <RefreshCw className="w-3.5 h-3.5" /> Run from Scans (repository-scoped scan)%0A+                 </button>%0A+               ) : (%0A+                 <>%0A+                   <button onClick={() => toggleExpanded(item.provider)} className="inline-flex h-8 items-center justify-center gap-1.5 rounded border border-[#c8c6c4] px-3 text-[13px] font-medium text-[#323130] hover:bg-black/[.03]">%0A+                     <KeyRound className="w-3.5 h-3.5" /> {expanded ? 'Hide credentials' : item.credentialStatus === 'NOT_CONFIGURED' ? 'Connect' : 'Update credentials'}%0A+                   </button>%0A+                   {expanded && (%0A+                     <div className="space-y-2 rounded-md border border-[#e1dfdd] bg-[#faf9f8] p-3">%0A+                       {fields.map((field) => (%0A+                         <div key={field.key}>%0A+                           <label className="text-[11px] font-semibold text-[#605e5c]">{field.label}{field.required ? ' *' : ''}</label>%0A+                           <input type={field.type} placeholder={field.placeholder} value={credentialValues[field.key] || ''} onChange={(e) => setCredentialValues((current) => ({ ...current, [field.key]: e.target.value }))} className="mt-1 h-9 w-full rounded border border-[#c8c6c4] bg-white px-2.5 text-[13px] text-[#323130] focus:border-[#0f6cbd] focus:outline-none focus:ring-1 focus:ring-[#0f6cbd]" />%0A+                         </div>%0A+                       ))}%0A+                       <button onClick={() => void saveCredentials(item.provider)} disabled={savingProvider === item.provider || fields.some((f) => f.required && !credentialValues[f.key]?.trim())} className="h-8 w-full rounded bg-[#0f6cbd] px-3 text-[13px] font-medium text-white hover:bg-[#004578] disabled:opacity-40">{savingProvider === item.provider ? 'Saving…' : 'Save credentials'}</button>%0A+                     </div>%0A+                   )}%0A+                   {item.credentialStatus !== 'NOT_CONFIGURED' && (%0A+                     <button onClick={() => void testProvider(item.provider)} disabled={testingProvider === item.provider || !selectedPassportId} className="inline-flex h-8 items-center justify-center gap-1.5 rounded border border-[#c8c6c4] px-3 text-[13px] font-medium text-[#323130] hover:bg-black/[.03] disabled:opacity-40">%0A+                       <RefreshCw className={`w-3.5 h-3.5 ${testingProvider === item.provider ? 'animate-spin' : ''}`} /> {testingProvider === item.provider ? 'Testing…' : 'Run live test'}%0A+                     </button>%0A+                   )}%0A+                 </>%0A+               )}%0A+               {message && <p className="text-[11px] leading-4 text-[#605e5c]">{message}</p>}%0A+             </div>%0A+           );%0A+         })}%0A+       </div>%0A+%0A+       {plannedProviders.length > 0 && (%0A+         <div className="rounded-md border border-dashed border-[#c8c6c4] bg-[#faf9f8] p-3">%0A+           <div className="mb-2 text-[11px] font-semibold text-[#605e5c]">Cataloged, not yet built</div>%0A+           <div className="flex flex-wrap gap-2">{plannedProviders.map((item) => <span key={item.id} className="rounded border border-[#e1dfdd] bg-white px-2 py-1 text-[11px] text-[#605e5c]">{item.name}</span>)}</div>%0A+         </div>%0A+       )}%0A+%0A+       {/* Real webhook subscriptions — replaces a prior panel whose Save/Test buttons were no-ops against endpoints that did not exist. */}%0A+       <div className="space-y-4 rounded-md border border-[#e1dfdd] bg-white p-4">%0A+         <div className="flex items-center gap-2.5">%0A+           <div className="flex h-8 w-8 items-center justify-center rounded border border-[#e1dfdd] bg-[#eff6fc] text-[#0f6cbd]"><Webhook className="w-4 h-4" /></div>%0A+           <div>%0A+             <h2 className="text-[14px] font-semibold text-[#201f1e]">Webhook subscriptions</h2>%0A+             <p className="mt-0.5 text-[12px] text-[#605e5c]">SPR delivers a signed HTTP POST to your URL for the events you pick. Relay it to Slack, Jira, or a PSA with your own automation (e.g. Zapier, a small serverless function) — SPR does not host per-PSA routing rules itself.</p>%0A+           </div>%0A+         </div>%0A+%0A+         <div className="grid gap-4 lg:grid-cols-2">%0A+           <div className="space-y-3">%0A+             <label className="text-[11px] font-semibold text-[#605e5c]">Destination URL (HTTPS only, must resolve to a public address)</label>%0A+             <input value={webhookUrl} onChange={(e) => setWebhookUrl(e.target.value)} placeholder="https://your-relay.example.com/spr" className="h-9 w-full rounded border border-[#c8c6c4] bg-white px-3 font-mono text-[12px] text-[#323130] focus:border-[#0f6cbd] focus:outline-none focus:ring-1 focus:ring-[#0f6cbd]" />%0A+             <div className="grid grid-cols-2 gap-2">%0A+               {WEBHOOK_EVENT_TYPES.map((event) => (%0A+                 <label key={event} className="flex items-center gap-2 text-[12px] text-[#323130]">%0A+                   <input type="checkbox" checked={webhookEvents.includes(event)} onChange={(e) => setWebhookEvents((current) => e.target.checked ? [...current, event] : current.filter((item) => item !== event))} className="h-3.5 w-3.5 rounded border-[#c8c6c4]" />%0A+                   {event}%0A+                 </label>%0A+               ))}%0A+             </div>%0A+             <button onClick={() => void createWebhook()} disabled={creatingWebhook || !webhookUrl.trim() || !webhookEvents.length} className="inline-flex h-8 items-center gap-1.5 rounded bg-[#0f6cbd] px-3 text-[13px] font-medium text-white hover:bg-[#004578] disabled:opacity-40"><Send className="w-3.5 h-3.5" /> {creatingWebhook ? 'Creating…' : 'Create webhook'}</button>%0A+             {webhookError && <p className="text-[12px] text-[#a4262c]">{webhookError}</p>}%0A+             {revealedSecret && (%0A+               <div className="rounded-md border border-[#e1dfdd] bg-[#dff6dd] p-3 text-[12px]">%0A+                 <div className="font-semibold text-[#0e700e]">Signing secret (shown once — store it now)</div>%0A+                 <div className="mt-1 flex items-center gap-2 font-mono text-[#0e700e]"><span className="truncate">{revealedSecret.secret}</span><button onClick={() => navigator.clipboard.writeText(revealedSecret.secret)} aria-label="Copy secret"><Copy className="h-3.5 w-3.5" /></button></div>%0A+                 <p className="mt-1 text-[#0e700e]/80">Verify deliveries with HMAC-SHA256 over the `x-spr-signature` header, as documented for SPR Connect webhooks.</p>%0A+               </div>%0A+             )}%0A+           </div>%0A+%0A+           <div className="space-y-2">%0A+             <div className="text-[11px] font-semibold text-[#605e5c]">Active subscriptions</div>%0A+             {webhooksLoading && <p className="text-[12px] text-[#8a8886]">Loading…</p>}%0A+             {!webhooksLoading && webhooks.length === 0 && <p className="text-[12px] text-[#8a8886]">No webhooks configured yet.</p>}%0A+             <ul className="max-h-64 space-y-2 overflow-auto pr-1">%0A+               {webhooks.map((webhook) => (%0A+                 <li key={webhook.id} className="rounded-md border border-[#e1dfdd] bg-[#faf9f8] p-3 text-[12px]">%0A+                   <div className="flex items-center justify-between gap-2">%0A+                     <span className="truncate font-mono text-[#323130]">{webhook.url}</span>%0A+                     {webhook.active ? <CheckCircle2 className="h-3.5 w-3.5 shrink-0 text-[#0e700e]" /> : <XCircle className="h-3.5 w-3.5 shrink-0 text-[#8a8886]" />}%0A+                   </div>%0A+                   <div className="mt-1 text-[11px] text-[#8a8886]">{webhook.consecutive_failure_count > 0 && <span className="text-[#8a5700]">{webhook.consecutive_failure_count} recent failures · </span>}Created {new Date(webhook.created_at).toLocaleDateString()}</div>%0A+                   {webhook.active && <button onClick={() => void deactivateWebhook(webhook.id)} className="mt-2 inline-flex items-center gap-1 text-[11px] font-medium text-[#a4262c] hover:text-[#69000f]"><Trash2 className="h-3 w-3" /> Deactivate</button>}%0A+                 </li>%0A+               ))}%0A+             </ul>%0A+           </div>%0A+         </div>%0A+%0A+         <div className="flex gap-2 rounded-md border border-[#e1dfdd] bg-[#fff4ce] p-3 text-[11px] leading-5 text-[#8a5700]">%0A+           <AlertCircle className="h-3.5 w-3.5 shrink-0" />%0A+           Direct native ticket-creation in Jira/ConnectWise/Autotask, SIEM ingestion, and identity-provider connectors are not built — this signed webhook is the only outbound event mechanism SPR currently ships. Use it to relay events into those systems yourself.%0A+         </div>%0A+       </div>%0A+     </div>%0A+   );%0A+ }%0A+%0A%0A ❯ tests/integrations-view-contract.test.ts:16:18%0A%0A

::error file=/home/runner/work/software-passport-registry/software-passport-registry/tests/integrations-view-contract.test.ts,title=tests/integrations-view-contract.test.ts > SPR integrations UI contracts > gives GitHub its own credential/test/discovery/scan flow instead of the generic credential adapter that explicitly rejects it,line=28,column=18::AssertionError: expected '/**\n * @license\n * SPDX-License-Ide…' to contain 'apiFetch(\'/api/integrations-live/git…'%0A%0A- Expected%0A+ Received%0A%0A- apiFetch('/api/integrations-live/github/repositories')%0A+ /**%0A+  * @license%0A+  * SPDX-License-Identifier: Apache-2.0%0A+  */%0A+%0A+ import { useEffect, useMemo, useState } from 'react';%0A+ import {%0A+   Plug, CheckCircle2, RefreshCw, KeyRound, AlertCircle,%0A+   Slack, Github, Monitor, Briefcase, FileText, Key,%0A+   ShieldCheck, Ticket, BookOpen, CloudLightning, Copy, Send, Trash2, Webhook, XCircle,%0A+ } from 'lucide-react';%0A+ import type { SoftwarePassport } from '../types';%0A+ import { apiFetch } from '../utils/apiClient';%0A+ import { CREDENTIAL_FIELDS, WEBHOOK_EVENT_TYPES } from '../integrations/credentialFields';%0A+%0A+ interface IntegrationsViewProps {%0A+   passports?: SoftwarePassport[];%0A+   onNavigateTab?: (tab: string) => void;%0A+ }%0A+%0A+ type LiveCatalogItem = {%0A+   id: string; name: string; category: string; icon: string; description: string; provider: string;%0A+   capability: 'live' | 'planned'; adapter: string; credentialStatus: 'NOT_CONFIGURED' | 'CONFIGURED' | 'LIVE'; lastTestedAt: string | null;%0A+ };%0A+%0A+ type DashboardWebhook = { id: string; url: string; events: string; active: boolean; consecutive_failure_count: number; disabled_at: string | null; created_at: string };%0A+%0A+ const getIntegrationIcon = (iconName: string) => {%0A+   switch (iconName?.toLowerCase()) {%0A+     case 'slack': return <Slack className="w-4 h-4 text-pink-500" />;%0A+     case 'github': case 'git': return <Github className="w-4 h-4 text-[#323130]" />;%0A+     case 'monitor': return <Monitor className="w-4 h-4 text-[#0f6cbd]" />;%0A+     case 'briefcase': return <Briefcase className="w-4 h-4 text-violet-600" />;%0A+     case 'file-text': return <FileText className="w-4 h-4 text-teal-600" />;%0A+     case 'key': return <Key className="w-4 h-4 text-rose-600" />;%0A+     case 'shield-check': return <ShieldCheck className="w-4 h-4 text-red-600" />;%0A+     case 'ticket': return <Ticket className="w-4 h-4 text-violet-600" />;%0A+     case 'book-open': return <BookOpen className="w-4 h-4 text-teal-600" />;%0A+     case 'cloud-lightning': return <CloudLightning className="w-4 h-4 text-amber-600" />;%0A+     default: return <Plug className="w-4 h-4 text-[#0f6cbd]" />;%0A+   }%0A+ };%0A+%0A+ const STATUS_DOT: Record<LiveCatalogItem['credentialStatus'], string> = {%0A+   NOT_CONFIGURED: 'bg-[#8a8886]',%0A+   CONFIGURED: 'bg-[#8a5700]',%0A+   LIVE: 'bg-[#0e700e]',%0A+ };%0A+ const STATUS_LABEL: Record<LiveCatalogItem['credentialStatus'], string> = {%0A+   NOT_CONFIGURED: 'Not connected', CONFIGURED: 'Saved, untested', LIVE: 'Live',%0A+ };%0A+%0A+ function responseError(data: any, fallback: string) {%0A+   if (typeof data?.error === 'string') return data.error;%0A+   return fallback;%0A+ }%0A+%0A+ export default function IntegrationsView({ passports = [], onNavigateTab }: IntegrationsViewProps) {%0A+   const [catalog, setCatalog] = useState<LiveCatalogItem[]>([]);%0A+   const [catalogLoading, setCatalogLoading] = useState(true);%0A+   const [expandedProvider, setExpandedProvider] = useState<string | null>(null);%0A+   const [credentialValues, setCredentialValues] = useState<Record<string, string>>({});%0A+   const [savingProvider, setSavingProvider] = useState<string | null>(null);%0A+   const [testingProvider, setTestingProvider] = useState<string | null>(null);%0A+   const [testMessage, setTestMessage] = useState<Record<string, string>>({});%0A+   const [selectedPassportId, setSelectedPassportId] = useState(passports[0]?.id || '');%0A+%0A+   const [webhooks, setWebhooks] = useState<DashboardWebhook[]>([]);%0A+   const [webhooksLoading, setWebhooksLoading] = useState(true);%0A+   const [webhookUrl, setWebhookUrl] = useState('');%0A+   const [webhookEvents, setWebhookEvents] = useState<string[]>([...WEBHOOK_EVENT_TYPES]);%0A+   const [creatingWebhook, setCreatingWebhook] = useState(false);%0A+   const [webhookError, setWebhookError] = useState('');%0A+   const [revealedSecret, setRevealedSecret] = useState<{ url: string; secret: string } | null>(null);%0A+%0A+   const loadCatalog = () => {%0A+     setCatalogLoading(true);%0A+     apiFetch('/api/integrations-live/').then(async (r) => { const data = await r.json().catch(() => []); if (Array.isArray(data)) setCatalog(data); }).finally(() => setCatalogLoading(false));%0A+   };%0A+   const loadWebhooks = () => {%0A+     setWebhooksLoading(true);%0A+     apiFetch('/api/v1/dashboard/webhooks').then(async (r) => { const data = await r.json().catch(() => []); if (Array.isArray(data)) setWebhooks(data); }).finally(() => setWebhooksLoading(false));%0A+   };%0A+   useEffect(() => { loadCatalog(); loadWebhooks(); }, []);%0A+   useEffect(() => { if (!passports.some((p) => p.id === selectedPassportId)) setSelectedPassportId(passports[0]?.id || ''); }, [passports, selectedPassportId]);%0A+%0A+   const toggleExpanded = (provider: string) => {%0A+     setExpandedProvider((current) => (current === provider ? null : provider));%0A+     setCredentialValues({});%0A+   };%0A+%0A+   const saveCredentials = async (provider: string) => {%0A+     setSavingProvider(provider);%0A+     setTestMessage((current) => ({ ...current, [provider]: '' }));%0A+     try {%0A+       const response = await apiFetch(`/api/integrations-live/${encodeURIComponent(provider)}/credentials`, {%0A+         method: 'PUT', headers: { 'Content-Type': 'application/json' }, body: JSON.stringify(credentialValues),%0A+       });%0A+       if (!response.ok) { const data = await response.json().catch(() => null); throw new Error(responseError(data, 'Unable to save credentials.')); }%0A+       setTestMessage((current) => ({ ...current, [provider]: 'Credentials saved. Run a test to collect live evidence.' }));%0A+       loadCatalog();%0A+     } catch (error) {%0A+       setTestMessage((current) => ({ ...current, [provider]: error instanceof Error ? error.message : 'Unable to save credentials.' }));%0A+     } finally {%0A+       setSavingProvider(null);%0A+     }%0A+   };%0A+%0A+   const testProvider = async (provider: string) => {%0A+     if (!selectedPassportId) { setTestMessage((current) => ({ ...current, [provider]: 'Select a passport to test against first.' })); return; }%0A+     setTestingProvider(provider);%0A+     setTestMessage((current) => ({ ...current, [provider]: '' }));%0A+     try {%0A+       const response = await apiFetch(`/api/integrations-live/${encodeURIComponent(provider)}/test`, {%0A+         method: 'POST', headers: { 'Content-Type': 'application/json' }, body: JSON.stringify({ passportId: selectedPassportId }),%0A+       });%0A+       const data = await response.json().catch(() => null);%0A+       if (!response.ok) throw new Error(responseError(data, 'Live test failed.'));%0A+       setTestMessage((current) => ({ ...current, [provider]: `Live evidence collected (${data.subject || 'authenticated request'}) at ${new Date(data.observedAt).toLocaleString()}.` }));%0A+       loadCatalog();%0A+     } catch (error) {%0A+       setTestMessage((current) => ({ ...current, [provider]: error instanceof Error ? error.message : 'Live test failed.' }));%0A+     } finally {%0A+       setTestingProvider(null);%0A+     }%0A+   };%0A+%0A+   const createWebhook = async () => {%0A+     setCreatingWebhook(true);%0A+     setWebhookError('');%0A+     try {%0A+       const response = await apiFetch('/api/v1/dashboard/webhooks', {%0A+         method: 'POST', headers: { 'Content-Type': 'application/json' }, body: JSON.stringify({ url: webhookUrl, events: webhookEvents }),%0A+       });%0A+       const data = await response.json().catch(() => null);%0A+       if (!response.ok) throw new Error(responseError(data, 'Unable to create webhook.'));%0A+       setRevealedSecret({ url: data.url, secret: data.secret });%0A+       setWebhookUrl('');%0A+       loadWebhooks();%0A+     } catch (error) {%0A+       setWebhookError(error instanceof Error ? error.message : 'Unable to create webhook.');%0A+     } finally {%0A+       setCreatingWebhook(false);%0A+     }%0A+   };%0A+%0A+   const deactivateWebhook = async (id: string) => {%0A+     if (!window.confirm('Deactivate this webhook? SPR will stop delivering events to it.')) return;%0A+     const response = await apiFetch(`/api/v1/dashboard/webhooks/${encodeURIComponent(id)}`, { method: 'DELETE' });%0A+     if (response.ok) loadWebhooks();%0A+   };%0A+%0A+   const liveProviders = useMemo(() => catalog.filter((item) => item.capability === 'live'), [catalog]);%0A+   const plannedProviders = useMemo(() => catalog.filter((item) => item.capability !== 'live'), [catalog]);%0A+%0A+   return (%0A+     <div className="space-y-4" id="msp-integrations-view">%0A+       <div className="flex items-center justify-between gap-4">%0A+         <div>%0A+           <h1 className="text-[22px] font-semibold text-[#201f1e]">Integrations</h1>%0A+           <p className="mt-1 text-[13px] text-[#605e5c]">Connect live tools and outbound webhooks for evidence collection.</p>%0A+         </div>%0A+         {catalogLoading && <RefreshCw className="h-3.5 w-3.5 animate-spin text-[#8a8886]" />}%0A+       </div>%0A+%0A+       <details className="mb-1 rounded-md border border-[#e1dfdd] bg-[#faf9f8] text-[13px]">%0A+         <summary className="cursor-pointer select-none px-3 py-2 font-medium text-[#323130]">&#9432; What is this? &middot; How it works</summary>%0A+         <div className="px-3 pb-3 text-[#605e5c]">%0A+           <p>Every connector below makes a real authenticated request and writes hashed evidence to the trust graph &mdash; nothing here is a UI-only toggle.</p>%0A+           <ol className="mt-1.5 list-decimal space-y-0.5 pl-4">%0A+             <li>Save credentials for a provider, then run a live test against a selected passport.</li>%0A+             <li>Successful tests write signed evidence you can review from that passport's trust graph.</li>%0A+             <li>Use webhook subscriptions to relay SPR events into Slack, Jira, or a PSA via your own automation.</li>%0A+           </ol>%0A+         </div>%0A+       </details>%0A+%0A+       <div className="rounded-md border border-[#e1dfdd] bg-white p-3">%0A+         <label className="text-[11px] font-semibold text-[#605e5c]">Test evidence against passport</label>%0A+         <select value={selectedPassportId} onChange={(e) => setSelectedPassportId(e.target.value)} className="mt-1.5 h-9 w-full max-w-sm rounded border border-[#c8c6c4] bg-white px-3 text-[13px] text-[#323130] focus:border-[#0f6cbd] focus:outline-none focus:ring-1 focus:ring-[#0f6cbd]">%0A+           {!passports.length && <option value="">No passports available — register one first</option>}%0A+           {passports.map((p) => <option key={p.id} value={p.id}>{p.name} · {p.version}</option>)}%0A+         </select>%0A+       </div>%0A+%0A+       <div className="grid grid-cols-1 md:grid-cols-2 lg:grid-cols-3 gap-3">%0A+         {liveProviders.map((item) => {%0A+           const isGithub = item.provider === 'github';%0A+           const expanded = expandedProvider === item.provider;%0A+           const fields = CREDENTIAL_FIELDS[item.provider] || [];%0A+           const message = testMessage[item.provider];%0A+           return (%0A+             <div key={item.id} className="flex flex-col gap-3 rounded-md border border-[#e1dfdd] bg-white p-4">%0A+               <div className="flex items-center justify-between">%0A+                 <div className="flex h-8 w-8 shrink-0 items-center justify-center rounded border border-[#e1dfdd] bg-[#faf9f8]">{getIntegrationIcon(item.icon)}</div>%0A+                 <span className="inline-flex items-center gap-1.5 text-[12px]"><span className={`h-1.5 w-1.5 rounded-full ${STATUS_DOT[item.credentialStatus]}`} />{STATUS_LABEL[item.credentialStatus]}</span>%0A+               </div>%0A+               <div>%0A+                 <span className="rounded border border-[#e1dfdd] bg-[#f3f2f1] px-1.5 py-0.5 text-[10px] font-semibold uppercase tracking-wide text-[#605e5c]">{item.category}</span>%0A+                 <h3 className="mt-2 text-[13px] font-semibold text-[#201f1e]">{item.name}</h3>%0A+                 <p className="mt-1 text-[12px] leading-relaxed text-[#605e5c]">{item.description}</p>%0A+               </div>%0A+               {item.lastTestedAt && <p className="text-[11px] text-[#8a8886]">Last live evidence: {new Date(item.lastTestedAt).toLocaleString()}</p>}%0A+%0A+               {isGithub ? (%0A+                 <button onClick={() => onNavigateTab?.('/scans')} className="mt-1 inline-flex h-8 items-center justify-center gap-1.5 rounded border border-[#c8c6c4] px-3 text-[13px] font-medium text-[#323130] hover:bg-black/[.03]">%0A+                   <RefreshCw className="w-3.5 h-3.5" /> Run from Scans (repository-scoped scan)%0A+                 </button>%0A+               ) : (%0A+                 <>%0A+                   <button onClick={() => toggleExpanded(item.provider)} className="inline-flex h-8 items-center justify-center gap-1.5 rounded border border-[#c8c6c4] px-3 text-[13px] font-medium text-[#323130] hover:bg-black/[.03]">%0A+                     <KeyRound className="w-3.5 h-3.5" /> {expanded ? 'Hide credentials' : item.credentialStatus === 'NOT_CONFIGURED' ? 'Connect' : 'Update credentials'}%0A+                   </button>%0A+                   {expanded && (%0A+                     <div className="space-y-2 rounded-md border border-[#e1dfdd] bg-[#faf9f8] p-3">%0A+                       {fields.map((field) => (%0A+                         <div key={field.key}>%0A+                           <label className="text-[11px] font-semibold text-[#605e5c]">{field.label}{field.required ? ' *' : ''}</label>%0A+                           <input type={field.type} placeholder={field.placeholder} value={credentialValues[field.key] || ''} onChange={(e) => setCredentialValues((current) => ({ ...current, [field.key]: e.target.value }))} className="mt-1 h-9 w-full rounded border border-[#c8c6c4] bg-white px-2.5 text-[13px] text-[#323130] focus:border-[#0f6cbd] focus:outline-none focus:ring-1 focus:ring-[#0f6cbd]" />%0A+                         </div>%0A+                       ))}%0A+                       <button onClick={() => void saveCredentials(item.provider)} disabled={savingProvider === item.provider || fields.some((f) => f.required && !credentialValues[f.key]?.trim())} className="h-8 w-full rounded bg-[#0f6cbd] px-3 text-[13px] font-medium text-white hover:bg-[#004578] disabled:opacity-40">{savingProvider === item.provider ? 'Saving…' : 'Save credentials'}</button>%0A+                     </div>%0A+                   )}%0A+                   {item.credentialStatus !== 'NOT_CONFIGURED' && (%0A+                     <button onClick={() => void testProvider(item.provider)} disabled={testingProvider === item.provider || !selectedPassportId} className="inline-flex h-8 items-center justify-center gap-1.5 rounded border border-[#c8c6c4] px-3 text-[13px] font-medium text-[#323130] hover:bg-black/[.03] disabled:opacity-40">%0A+                       <RefreshCw className={`w-3.5 h-3.5 ${testingProvider === item.provider ? 'animate-spin' : ''}`} /> {testingProvider === item.provider ? 'Testing…' : 'Run live test'}%0A+                     </button>%0A+                   )}%0A+                 </>%0A+               )}%0A+               {message && <p className="text-[11px] leading-4 text-[#605e5c]">{message}</p>}%0A+             </div>%0A+           );%0A+         })}%0A+       </div>%0A+%0A+       {plannedProviders.length > 0 && (%0A+         <div className="rounded-md border border-dashed border-[#c8c6c4] bg-[#faf9f8] p-3">%0A+           <div className="mb-2 text-[11px] font-semibold text-[#605e5c]">Cataloged, not yet built</div>%0A+           <div className="flex flex-wrap gap-2">{plannedProviders.map((item) => <span key={item.id} className="rounded border border-[#e1dfdd] bg-white px-2 py-1 text-[11px] text-[#605e5c]">{item.name}</span>)}</div>%0A+         </div>%0A+       )}%0A+%0A+       {/* Real webhook subscriptions — replaces a prior panel whose Save/Test buttons were no-ops against endpoints that did not exist. */}%0A+       <div className="space-y-4 rounded-md border border-[#e1dfdd] bg-white p-4">%0A+         <div className="flex items-center gap-2.5">%0A+           <div className="flex h-8 w-8 items-center justify-center rounded border border-[#e1dfdd] bg-[#eff6fc] text-[#0f6cbd]"><Webhook className="w-4 h-4" /></div>%0A+           <div>%0A+             <h2 className="text-[14px] font-semibold text-[#201f1e]">Webhook subscriptions</h2>%0A+             <p className="mt-0.5 text-[12px] text-[#605e5c]">SPR delivers a signed HTTP POST to your URL for the events you pick. Relay it to Slack, Jira, or a PSA with your own automation (e.g. Zapier, a small serverless function) — SPR does not host per-PSA routing rules itself.</p>%0A+           </div>%0A+         </div>%0A+%0A+         <div className="grid gap-4 lg:grid-cols-2">%0A+           <div className="space-y-3">%0A+             <label className="text-[11px] font-semibold text-[#605e5c]">Destination URL (HTTPS only, must resolve to a public address)</label>%0A+             <input value={webhookUrl} onChange={(e) => setWebhookUrl(e.target.value)} placeholder="https://your-relay.example.com/spr" className="h-9 w-full rounded border border-[#c8c6c4] bg-white px-3 font-mono text-[12px] text-[#323130] focus:border-[#0f6cbd] focus:outline-none focus:ring-1 focus:ring-[#0f6cbd]" />%0A+             <div className="grid grid-cols-2 gap-2">%0A+               {WEBHOOK_EVENT_TYPES.map((event) => (%0A+                 <label key={event} className="flex items-center gap-2 text-[12px] text-[#323130]">%0A+                   <input type="checkbox" checked={webhookEvents.includes(event)} onChange={(e) => setWebhookEvents((current) => e.target.checked ? [...current, event] : current.filter((item) => item !== event))} className="h-3.5 w-3.5 rounded border-[#c8c6c4]" />%0A+                   {event}%0A+                 </label>%0A+               ))}%0A+             </div>%0A+             <button onClick={() => void createWebhook()} disabled={creatingWebhook || !webhookUrl.trim() || !webhookEvents.length} className="inline-flex h-8 items-center gap-1.5 rounded bg-[#0f6cbd] px-3 text-[13px] font-medium text-white hover:bg-[#004578] disabled:opacity-40"><Send className="w-3.5 h-3.5" /> {creatingWebhook ? 'Creating…' : 'Create webhook'}</button>%0A+             {webhookError && <p className="text-[12px] text-[#a4262c]">{webhookError}</p>}%0A+             {revealedSecret && (%0A+               <div className="rounded-md border border-[#e1dfdd] bg-[#dff6dd] p-3 text-[12px]">%0A+                 <div className="font-semibold text-[#0e700e]">Signing secret (shown once — store it now)</div>%0A+                 <div className="mt-1 flex items-center gap-2 font-mono text-[#0e700e]"><span className="truncate">{revealedSecret.secret}</span><button onClick={() => navigator.clipboard.writeText(revealedSecret.secret)} aria-label="Copy secret"><Copy className="h-3.5 w-3.5" /></button></div>%0A+                 <p className="mt-1 text-[#0e700e]/80">Verify deliveries with HMAC-SHA256 over the `x-spr-signature` header, as documented for SPR Connect webhooks.</p>%0A+               </div>%0A+             )}%0A+           </div>%0A+%0A+           <div className="space-y-2">%0A+             <div className="text-[11px] font-semibold text-[#605e5c]">Active subscriptions</div>%0A+             {webhooksLoading && <p className="text-[12px] text-[#8a8886]">Loading…</p>}%0A+             {!webhooksLoading && webhooks.length === 0 && <p className="text-[12px] text-[#8a8886]">No webhooks configured yet.</p>}%0A+             <ul className="max-h-64 space-y-2 overflow-auto pr-1">%0A+               {webhooks.map((webhook) => (%0A+                 <li key={webhook.id} className="rounded-md border border-[#e1dfdd] bg-[#faf9f8] p-3 text-[12px]">%0A+                   <div className="flex items-center justify-between gap-2">%0A+                     <span className="truncate font-mono text-[#323130]">{webhook.url}</span>%0A+                     {webhook.active ? <CheckCircle2 className="h-3.5 w-3.5 shrink-0 text-[#0e700e]" /> : <XCircle className="h-3.5 w-3.5 shrink-0 text-[#8a8886]" />}%0A+                   </div>%0A+                   <div className="mt-1 text-[11px] text-[#8a8886]">{webhook.consecutive_failure_count > 0 && <span className="text-[#8a5700]">{webhook.consecutive_failure_count} recent failures · </span>}Created {new Date(webhook.created_at).toLocaleDateString()}</div>%0A+                   {webhook.active && <button onClick={() => void deactivateWebhook(webhook.id)} className="mt-2 inline-flex items-center gap-1 text-[11px] font-medium text-[#a4262c] hover:text-[#69000f]"><Trash2 className="h-3 w-3" /> Deactivate</button>}%0A+                 </li>%0A+               ))}%0A+             </ul>%0A+           </div>%0A+         </div>%0A+%0A+         <div className="flex gap-2 rounded-md border border-[#e1dfdd] bg-[#fff4ce] p-3 text-[11px] leading-5 text-[#8a5700]">%0A+           <AlertCircle className="h-3.5 w-3.5 shrink-0" />%0A+           Direct native ticket-creation in Jira/ConnectWise/Autotask, SIEM ingestion, and identity-provider connectors are not built — this signed webhook is the only outbound event mechanism SPR currently ships. Use it to relay events into those systems yourself.%0A+         </div>%0A+       </div>%0A+     </div>%0A+   );%0A+ }%0A+%0A%0A ❯ tests/integrations-view-contract.test.ts:28:18%0A%0A

::error file=/home/runner/work/software-passport-registry/software-passport-registry/tests/legal-pages-contract.test.ts,title=tests/legal-pages-contract.test.ts > public /terms and /privacy routing > are reachable without authentication,line=18,column=29::AssertionError: expected 'const PUBLIC_PATHS = new Set([\'/\',\…' to contain '\'/terms\''%0A%0AExpected: "'/terms'"%0AReceived: "const PUBLIC_PATHS = new Set(['/','/login','/free-review','/pricing']);"%0A%0A ❯ tests/legal-pages-contract.test.ts:18:29%0A%0A

::error file=/home/runner/work/software-passport-registry/software-passport-registry/tests/legal-pages-contract.test.ts,title=tests/legal-pages-contract.test.ts > public /terms and /privacy routing > does not disturb the existing authenticated /privacy route (internal Privacy Governance tool),line=25,column=19::AssertionError: expected 'import { useEffect, useMemo, useState…' to contain 'case \'/privacy\': view = <PrivacyVie…'%0A%0A- Expected%0A+ Received%0A%0A- case '/privacy': view = <PrivacyView role={role} />; break;%0A+ import { useEffect, useMemo, useState, type ReactNode } from 'react';%0A+ import { getRedirectResult, onAuthStateChanged, signOut, type User } from 'firebase/auth';%0A+ import type { Alert, Client, Integration, Scan, SoftwarePassport, Vendor } from './types';%0A+ import type { VerificationDecision } from './lib/verification/evaluateVerification.ts';%0A+ import { apiFetch } from './utils/apiClient';%0A+ import { auth } from './lib/firebase';%0A+ import CommandCenter from './components/CommandCenter';%0A+ import ExtensionWorkflow from './components/ExtensionWorkflow';%0A+ import ExtensionMarketplace from './components/ExtensionMarketplace';%0A+ import LoginView from './components/LoginView';%0A+ import EvidenceDashboardView from './components/EvidenceDashboardView';%0A+ import EvidenceExplorerView from './components/EvidenceExplorerView';%0A+ import AITrustCenterView from './components/AITrustCenterView';%0A+ import CoverageView from './components/CoverageView';%0A+ import AssetsView from './components/AssetsView';%0A+ import PassportsView from './components/PassportsView';%0A+ import ScansView from './components/ScansView';%0A+ import AlertsView from './components/AlertsView';%0A+ import ClientsView from './components/ClientsView';%0A+ import VendorsView from './components/VendorsView';%0A+ import IntegrationsView from './components/IntegrationsView';%0A+ import BillingView from './components/BillingView';%0A+ import ComplianceView from './components/ComplianceView';%0A+ import AgentTrustView from './components/AgentTrustView';%0A+ import EnterpriseReadinessView from './components/EnterpriseReadinessView';%0A+ import FounderDashboardView from './components/FounderDashboardView';%0A+ import InvestorHomeView from './components/InvestorHomeView';%0A+ import SettingsView from './components/SettingsView';%0A+ import TeamView from './components/TeamView';%0A+ import AuditLogView from './components/AuditLogView';%0A+ import MonitoringView from './components/MonitoringView';%0A+ import SecurityCenterView from './components/SecurityCenterView';%0A+ import MSPCommandCenter from './components/MSPCommandCenter';%0A+ import ReportsView from './components/ReportsView';%0A+ import TrustGraphView from './components/TrustGraphView';%0A+ import { EXTENSIONS } from './workflows/extensionRegistry';%0A+ const PUBLIC_PATHS = new Set(['/','/login','/free-review','/pricing']);%0A+ const EMPTY_CLIENTS: Client[] = []; const EMPTY_PASSPORTS: SoftwarePassport[] = []; const EMPTY_VENDORS: Vendor[] = []; const EMPTY_INTEGRATIONS: Integration[] = []; const EMPTY_SCANS: Scan[] = []; const EMPTY_ALERTS: Alert[] = [];%0A+ function deriveAlertStatus(remediationStatus: string | null | undefined, findingStatus: string | null | undefined): Alert['status'] { switch (remediationStatus) { case 'IN_PROGRESS': case 'READY_FOR_VERIFICATION': return 'Acknowledged'; case 'BLOCKED': return 'Snoozed'; case 'VERIFIED': case 'CLOSED': return 'Resolved'; case 'CANCELLED': return 'Cancelled'; case 'OPEN': return 'Active'; default: return String(findingStatus || '').toLowerCase() === 'resolved' ? 'Resolved' : 'Active'; } }%0A+ function navigate(path: string) { window.history.pushState({}, '', path); window.dispatchEvent(new PopStateEvent('popstate')); }%0A+ function usePath() { const [path, setPath] = useState(() => window.location.pathname || '/'); useEffect(() => { const update = () => setPath(window.location.pathname || '/'); window.addEventListener('popstate', update); return () => window.removeEventListener('popstate', update); }, []); return path; }%0A+ function AuthLoading() { return <div className="grid min-h-screen place-items-center bg-[#faf9f8] text-[#201f1e]"><div className="text-center"><div className="mx-auto grid h-10 w-10 place-items-center rounded bg-[#0f6cbd] text-xs font-bold text-white">S</div><div className="mt-4 text-[11px] font-semibold uppercase tracking-wide text-[#605e5c]">Securing workspace</div><div className="mt-1 text-[12px] text-[#8a8886]">Checking authenticated session…</div></div></div>; }%0A+ function CoverPage() { return <div className="min-h-screen bg-[#faf9f8] text-[#201f1e]"><div className="mx-auto flex min-h-screen max-w-5xl items-center px-6 py-16"><div className="max-w-3xl"><div className="mb-5 inline-flex items-center gap-1.5 rounded border border-[#e1dfdd] bg-white px-2.5 py-1 text-[11px] font-semibold uppercase tracking-wide text-[#605e5c]">Evidence-first software trust</div><h1 className="text-[28px] font-semibold tracking-tight md:text-[34px]">Software trust, operated as a system.</h1><p className="mt-4 max-w-2xl text-[14px] leading-6 text-[#605e5c]">Software Passport Registry turns software identity, security, provenance, reliability, compliance, and evidence into repeatable workflows for teams, buyers, and managed service providers.</p><div className="mt-6 flex flex-wrap gap-2"><button onClick={() => navigate('/login')} className="h-9 rounded bg-[#0f6cbd] px-4 text-[13px] font-semibold text-white hover:bg-[#004578]">Enter SPR</button><button onClick={() => navigate('/free-review')} className="h-9 rounded border border-[#c8c6c4] bg-white px-4 text-[13px] font-medium text-[#323130] hover:bg-black/[.03]">Free review</button></div></div></div></div>; }%0A+ function PublicPage({ title, description, action, onAction }: { title: string; description: string; action: string; onAction: () => void }) { return <div className="grid min-h-screen place-items-center bg-[#faf9f8] px-6 text-[#201f1e]"><div className="max-w-md rounded-md border border-[#e1dfdd] bg-white p-6 text-center"><div className="text-[11px] font-semibold uppercase tracking-wide text-[#605e5c]">Software Passport Registry</div><h1 className="mt-2 text-[20px] font-semibold">{title}</h1><p className="mt-2 text-[13px] leading-5 text-[#605e5c]">{description}</p><button onClick={onAction} className="mt-5 h-9 rounded bg-[#0f6cbd] px-4 text-[13px] font-semibold text-white hover:bg-[#004578]">{action}</button></div></div>; }%0A+ function WorkflowBoundary({ title, description, extensionId, onNavigate }: { title: string; description: string; extensionId?: string; onNavigate: (path: string) => void }) { const extension = extensionId ? EXTENSIONS.find((item) => item.id === extensionId) : undefined; return <section><div className="rounded-md border border-[#e1dfdd] bg-white p-5"><div className="text-[11px] font-semibold uppercase tracking-wide text-[#605e5c]">Workflow boundary</div><h1 className="mt-1.5 text-[20px] font-semibold tracking-tight">{title}</h1><p className="mt-2 max-w-2xl text-[13px] leading-5 text-[#605e5c]">{description}</p>{extension && <button onClick={() => onNavigate(extension.entryPath)} className="mt-4 h-8 rounded bg-[#0f6cbd] px-3 text-[12px] font-semibold text-white hover:bg-[#004578]">Open {extension.name} →</button>}</div></section>; }%0A+ export default function App() {%0A+  const path=usePath(); const [authReady,setAuthReady]=useState(false); const [user,setUser]=useState<User|null>(null); const [role,setRole]=useState('Viewer'); const [selectedClientId,setSelectedClientId]=useState(''); const [selectedPassportId,setSelectedPassportId]=useState<string|null>(null); const [assets,setAssets]=useState<any[]>([]); const [clients,setClients]=useState<Client[]>(EMPTY_CLIENTS); const [passports,setPassports]=useState<SoftwarePassport[]>(EMPTY_PASSPORTS); const [vendors,setVendors]=useState<Vendor[]>(EMPTY_VENDORS); const [alerts,setAlerts]=useState<Alert[]>(EMPTY_ALERTS); const [findings,setFindings]=useState<unknown[]>([]); const [scans,setScans]=useState<Scan[]>(EMPTY_SCANS); const [integrations,setIntegrations]=useState<Integration[]>(EMPTY_INTEGRATIONS); const [theme,setTheme]=useState<'light'|'dark'>('dark'); const [verificationDecisions,setVerificationDecisions]=useState<Record<string,VerificationDecision>>({}); const [verificationDetails,setVerificationDetails]=useState<Record<string,unknown>>({});%0A+  useEffect(()=>{let mounted=true;let redirectSettled=false;let observedUser:User|null=null;const timeoutId=window.setTimeout(()=>{if(mounted)setAuthReady(true)},10000);const unsubscribe=onAuthStateChanged(auth,(currentUser)=>{if(!mounted)return;observedUser=currentUser;if(!redirectSettled)return;setUser(currentUser);setAuthReady(true);window.clearTimeout(timeoutId)},()=>{if(mounted){setAuthReady(true);window.clearTimeout(timeoutId)}});void getRedirectResult(auth).then(result=>{redirectSettled=true;if(mounted)setUser(result?.user||observedUser);if(mounted)setAuthReady(true);window.clearTimeout(timeoutId)}).catch(error=>{redirectSettled=true;console.error('[Firebase redirect sign-in error]',error);if(mounted)setUser(observedUser);if(mounted)setAuthReady(true);window.clearTimeout(timeoutId)});return()=>{mounted=false;window.clearTimeout(timeoutId);unsubscribe()}},[]);%0A+  useEffect(()=>{if(authReady&&!user&&!PUBLIC_PATHS.has(path))navigate('/login')},[authReady,user,path]);%0A+  useEffect(()=>{if(!user)return;let cancelled=false;const load=async()=>{const responses=await Promise.all([apiFetch('/api/user/me'),apiFetch('/api/scans'),apiFetch('/api/trust-loop/findings'),apiFetch('/api/user/passports'),apiFetch('/api/user/clients'),apiFetch('/api/integrations'),apiFetch('/api/user/verification')]);if(responses.some(r=>r.status===401)){await signOut(auth);navigate('/login');return}const [me,scansResponse,findingsResponse,passportsResponse,clientsResponse,integrationsResponse,verificationResponse]=responses;if(verificationResponse.ok){const data=await verificationResponse.json().catch(()=>null);if(!cancelled){setVerificationDecisions(data?.verificationDecisions&&typeof data.verificationDecisions==='object'?data.verificationDecisions:{});setVerificationDetails(data?.verificationDetails&&typeof data.verificationDetails==='object'?data.verificationDetails:{})}}else if(!cancelled){setVerificationDecisions({});setVerificationDetails({})}if(me.ok){const data=await me.json().catch(()=>null);if(!cancelled)setRole(String(data?.role||'Viewer'))}if(scansResponse.ok){const data=await scansResponse.json().catch(()=>[]);if(!cancelled&&Array.isArray(data))setScans(data)}if(findingsResponse.ok){const data=await findingsResponse.json().catch(()=>[]);const rows=Array.isArray(data)?data:data?.findings;if(!cancelled&&Array.isArray(rows)){setFindings(rows);setAlerts(rows.map((row:any)=>({id:String(row.id),title:String(row.title||row.control_id||'Trust finding'),severity:String(row.severity||'Low').replace(/^./,(s:string)=>s.toUpperCase()),category:'Trust finding',clientName:String(row.client_id||'Tenant'),description:String(row.description||'Evidence-backed finding'),timestamp:String(row.updated_at||''),status:deriveAlertStatus(row.remediation_status,row.status),remediationId:row.remediation_id?String(row.remediation_id):null,ownerDisplay:row.remediation_owner_display||null,slaDueAt:row.remediation_sla_due_at||null})) as Alert[])}}if(passportsResponse.ok){const data=await passportsResponse.json().catch(()=>[]);const rows=Array.isArray(data)?data:data?.passports;if(!cancelled&&Array.isArray(rows)){const normalized=rows.map((row:any)=>({...row,id:String(row.id),name:String(row.name||'Unnamed software'),version:String(row.version||'unknown'),publisher:String(row.publisher||'unknown'),clientId:row.clientId?String(row.clientId):undefined,evidence:Array.isArray(row.evidence)?row.evidence:[],vulnerabilities:Array.isArray(row.vulnerabilities)?row.vulnerabilities:[],timeline:Array.isArray(row.timeline)?row.timeline:[],sbom:Array.isArray(row.sbom)?row.sbom:[],scores:null,scoreStatus:row.scoreStatus||'not_authoritatively_scored'})) as SoftwarePassport[];setPassports(normalized);setAssets(normalized.map((passport:any)=>({id:passport.id,name:passport.name,hostName:passport.name,type:passport.category||'software',clientId:passport.clientId,clientName:String(passport.clientId||'Unobserved'),environment:String(passport.environment||'Unobserved'),version:passport.version})));setVendors(EMPTY_VENDORS)}}if(clientsResponse.ok){const data=await clientsResponse.json().catch(()=>[]);const rows=Array.isArray(data)?data:data?.clients;if(!cancelled&&Array.isArray(rows))setClients(rows.map((row:any)=>({...row,id:String(row.id),name:String(row.name||row.company_name||'Unnamed client')})) as Client[])}if(integrationsResponse.ok){const data=await integrationsResponse.json().catch(()=>[]);if(!cancelled&&Array.isArray(data))setIntegrations(data)}};void load().catch(error=>console.warn('[SPR command center load]',error));return()=>{cancelled=true}},[user]);%0A+  useEffect(()=>{const refresh=()=>{if(user)window.location.reload()};window.addEventListener('refresh-data',refresh);return()=>window.removeEventListener('refresh-data',refresh)},[user]);%0A+  const onNavigateTab=(target:string,itemId?:string)=>navigate(itemId?`${target.startsWith('/')?target:`/${target}`}/${encodeURIComponent(itemId)}`:target.startsWith('/')?target:`/${target}`); const quickAction=(action:'add-client'|'register-passport'|'scan-sbom')=>navigate(action==='add-client'?'/clients':action==='register-passport'?'/passports':'/scans');%0A+  const performAlertAction=async(alert:Alert,action:'acknowledge'|'assign'|'resolve'|'escalate'|'snooze'|'reopen',assigneeDisplay?:string)=>{let remediationId=alert.remediationId;if(!remediationId){const created=await apiFetch('/api/trust-loop/remediations',{method:'POST',headers:{'Content-Type':'application/json'},body:JSON.stringify({findingId:alert.id,title:alert.title,description:alert.description,priority:alert.severity.toUpperCase()})});if(!created.ok)return;const createdBody=await created.json().catch(()=>null);remediationId=createdBody?.id?String(createdBody.id):undefined;if(!remediationId)return}const patchBody:Record<string,unknown>={acknowledge:{status:'IN_PROGRESS'},resolve:{status:'CLOSED'},snooze:{status:'BLOCKED'},reopen:{status:'OPEN'},escalate:{status:'IN_PROGRESS',slaDueAt:new Date(Date.now()+4*3600*1000).toISOString()},assign:{status:'IN_PROGRESS',ownerDisplay:assigneeDisplay||''}}[action];const response=await apiFetch(`/api/trust-loop/remediations/${encodeURIComponent(remediationId)}`,{method:'PATCH',headers:{'Content-Type':'application/json'},body:JSON.stringify(patchBody)});if(!response.ok)return;const updated=await response.json().catch(()=>null);setAlerts(current=>current.map(item=>item.id===alert.id?{...item,remediationId,status:deriveAlertStatus(updated?.status??String(patchBody.status),null),ownerDisplay:updated?.owner_display??(patchBody.ownerDisplay as string|undefined)??item.ownerDisplay,slaDueAt:updated?.sla_due_at??(patchBody.slaDueAt as string|undefined)??item.slaDueAt}:item))};%0A+  const selectedExtension=useMemo(()=>{const match=path.match(/^\/extensions\/([^/]+)/);return match?decodeURIComponent(match[1]):null},[path]);const signOutUser=async()=>{await signOut(auth);navigate('/login')};%0A+  if(!authReady)return <AuthLoading/>;if(path==='/')return <CoverPage/>;if(path==='/login')return user?<AuthLoading/>:<LoginView onLoginSuccess={()=>navigate('/dashboard')}/>;if(!user&&path==='/free-review')return <PublicPage title="Free software review" description="Start an evidence-first review from the public entry point." action="Sign in to continue" onAction={()=>navigate('/login')}/>;if(!user&&path==='/pricing')return <PublicPage title="SPR plans" description="Account and billing capabilities are available inside the authenticated workspace." action="Enter SPR" onAction={()=>navigate('/login')}/>;if(!user)return <AuthLoading/>;%0A+  let view:ReactNode;if(selectedExtension)view=<ExtensionWorkflow id={selectedExtension} onNavigate={navigate}/>;else switch(path){case '/dashboard':view=<EvidenceDashboardView clients={clients} alerts={alerts} scans={scans} passports={passports} findings={findings} onNavigateTab={onNavigateTab} onOpenQuickAction={quickAction}/>;break;case '/coverage':view=<CoverageView clients={clients} scans={scans} passports={passports} onNavigateTab={onNavigateTab}/>;break;case '/evidence-explorer':view=<EvidenceExplorerView passports={passports}/>;break;case '/assets':view=<AssetsView clients={clients} searchQuery="" assets={assets}/>;break;case '/passports':case '/registry':view=<PassportsView verificationDecisions={verificationDecisions} verificationDetails={verificationDetails} passports={passports} selectedPassportId={selectedPassportId} setSelectedPassportId={setSelectedPassportId} searchQuery="" clients={clients} assets={assets} role={role} onNavigateTab={onNavigateTab} onUpdatePassport={passport=>setPassports(current=>current.map(item=>item.id===passport.id?passport:item))}/>;break;case '/scans':view=<ScansView scans={scans} clients={clients} assets={assets} passports={passports} role={role} onTriggerNewScan={scan=>setScans(current=>[scan,...current.filter(item=>item.id!==scan.id)].slice(0,100))}/>;break;case '/alerts':view=<AlertsView alerts={alerts} onAlertAction={performAlertAction}/>;break;case '/reports':view=<ReportsView clients={clients} passports={passports} scans={scans} alerts={alerts} findings={findings} role={role}/>;break;case '/trust-graph':view=<TrustGraphView clients={clients} passports={passports} assets={assets} findings={findings}/>;/* onSelectPassport={setSelectedPassportId} */break;case '/clients':view=<ClientsView clients={clients} selectedClientId={selectedClientId} setSelectedClientId={setSelectedClientId} passports={passports} onNavigateTab={onNavigateTab} searchQuery=""/>;break;case '/vendors':view=<VendorsView vendors={vendors} searchQuery=""/>;break;case '/integrations':view=<IntegrationsView passports={passports} onNavigateTab={onNavigateTab}/>;break;case '/monitoring':view=<MonitoringView role={role}/>;break;case '/security':view=<SecurityCenterView clients={clients} passports={passports}/>;break;case '/compliance':view=<ComplianceView clients={clients} role={role}/>;break;case '/msp':view=<MSPCommandCenter verificationDecisions={verificationDecisions} verificationDetails={verificationDetails} clients={clients} alerts={alerts} findings={findings} role={role} onSelectClient={setSelectedClientId} onNavigate={navigate}/>;break;case '/agent-trust':view=<AgentTrustView/>;break;case '/ai-trust-center':view=<AITrustCenterView role={role}/>;break;case '/enterprise-readiness':view=<EnterpriseReadinessView clients={clients}/>;break;case '/investor':view=<InvestorHomeView passports={passports} clients={clients} alerts={alerts} onShowTelemetry={()=>navigate('/scans')} onNavigateTab={onNavigateTab}/>;break;case '/founder':view=<FounderDashboardView userRole={role}/>;break;case '/billing':view=<BillingView/>;break;case '/settings':view=<SettingsView theme={theme} onToggleTheme={()=>setTheme(current=>current==='dark'?'light':'dark')}/>;break;case '/team':view=<TeamView role={role}/>;break;case '/audit-log':view=<AuditLogView/>;break;case '/extensions':view=<ExtensionMarketplace onNavigateTab={onNavigateTab} role={role}/>;break;default:view=<WorkflowBoundary title="Workflow" description="This authenticated capability is explicitly routed through the Command Center. Choose its owning workflow from the left rail." onNavigate={navigate}/>}%0A+  return <CommandCenter path={path} userEmail={user.email} role={role} onNavigate={navigate} onSignOut={()=>void signOutUser()}>{view}</CommandCenter>;%0A+ }%0A+%0A%0A ❯ tests/legal-pages-contract.test.ts:25:19%0A%0A

::error file=/home/runner/work/software-passport-registry/software-passport-registry/tests/legal-pages-contract.test.ts,title=tests/legal-pages-contract.test.ts > legal footer links are present on the real public entry points > CoverPage%2C LoginView%2C MspLandingView%2C and MspPricingView all link to /terms and /privacy,line=82,column=50::AssertionError: expected 'import React, { useEffect, useState }…' to contain 'href="/terms"'%0A%0A- Expected%0A+ Received%0A%0A- href="/terms"%0A+ import React, { useEffect, useState } from 'react';%0A+ import {%0A+   createUserWithEmailAndPassword,%0A+   onAuthStateChanged,%0A+   reload,%0A+   sendEmailVerification,%0A+   sendPasswordResetEmail,%0A+   signInWithEmailAndPassword,%0A+   signInWithPopup,%0A+   signInWithRedirect,%0A+   signOut,%0A+   type User,%0A+ } from 'firebase/auth';%0A+ import { AlertCircle, ArrowRight, CheckCircle2, Eye, EyeOff, Loader, ShieldCheck } from 'lucide-react';%0A+ import { auth, googleAuthProvider, firebaseConfigured } from '../lib/firebase';%0A+%0A+ interface LoginViewProps {%0A+   onLoginSuccess: (user: { uid: string; email: string | null; displayName: string; token: string; emailVerified: boolean; onboarded: 0 }) => void;%0A+ }%0A+%0A+ const authMessage = (error: any, fallback: string) => {%0A+   switch (error?.code) {%0A+     case 'auth/invalid-credential':%0A+     case 'auth/user-not-found':%0A+     case 'auth/wrong-password': return 'The email or password is incorrect.';%0A+     case 'auth/email-already-in-use': return 'An account already exists for this email. Sign in instead.';%0A+     case 'auth/invalid-email': return 'Enter a valid email address.';%0A+     case 'auth/weak-password': return 'Choose a stronger password with at least 6 characters.';%0A+     case 'auth/too-many-requests': return 'Too many attempts. Please wait a few minutes and try again.';%0A+     case 'auth/unauthorized-domain': return `This site is not authorized for Firebase sign-in (${window.location.hostname}). Add this domain in Firebase Authentication → Settings → Authorized domains.`;%0A+     case 'auth/operation-not-allowed': return 'Google sign-in is not enabled in Firebase Authentication.';%0A+     case 'auth/popup-blocked': return 'Your browser blocked the Google sign-in window. We will retry with a redirect.';%0A+     case 'auth/popup-closed-by-user': return '';%0A+     case 'auth/cancelled-popup-request': return '';%0A+     case 'auth/account-exists-with-different-credential': return 'This email already uses a different sign-in method.';%0A+     case 'auth/network-request-failed': return 'Authentication could not reach Firebase. Check your connection and try again.';%0A+     case 'auth/web-storage-unsupported': return 'Browser storage is unavailable. Enable cookies/site data for this site and try again.';%0A+     case 'auth/argument-error': return 'Firebase authentication is not initialized correctly for this deployment. Check the Vercel VITE_FIREBASE_* production variables and redeploy.';%0A+     default: return error?.message ? `${fallback} (${error.code || 'unknown-error'})` : fallback;%0A+   }%0A+ };%0A+%0A+ export default function LoginView({ onLoginSuccess }: LoginViewProps) {%0A+   const [email, setEmail] = useState('');%0A+   const [password, setPassword] = useState('');%0A+   const [showPassword, setShowPassword] = useState(false);%0A+   const [loading, setLoading] = useState(false);%0A+   const [googleLoading, setGoogleLoading] = useState(false);%0A+   const [error, setError] = useState('');%0A+   const [notice, setNotice] = useState('');%0A+%0A+   const complete = async (user: User) => {%0A+     if (!auth) throw new Error('Firebase authentication is not initialized.');%0A+     await reload(user);%0A+     if (!user.emailVerified) {%0A+       try { await sendEmailVerification(user); } catch { /* Firebase may rate-limit repeated verification emails. */ }%0A+       await signOut(auth);%0A+       setNotice('Verify your email before entering SPR. We sent a fresh verification email. Then sign in again.');%0A+       return;%0A+     }%0A+     const token = await user.getIdToken(true);%0A+     onLoginSuccess({ uid: user.uid, email: user.email, displayName: user.displayName || user.email?.split('@')[0] || 'User', token, emailVerified: true, onboarded: 0 });%0A+   };%0A+%0A+   useEffect(() => {%0A+     if (!auth) {%0A+       setNotice('Authentication is temporarily unavailable. The frontend loaded, but Firebase browser configuration is missing from this deployment.');%0A+       return;%0A+     }%0A+     const unsubscribe = onAuthStateChanged(auth, (currentUser) => {%0A+       if (!currentUser || currentUser.emailVerified) return;%0A+       setNotice('Verify your email before entering the protected workspace.');%0A+     });%0A+     const onProvisioningFailure = () => {%0A+       setError('Your Firebase account is valid, but SPR has not provisioned this account in its workspace yet.');%0A+       setNotice('Authentication succeeded; workspace authorization is still required.');%0A+     };%0A+     window.addEventListener('auth-provisioning-failed', onProvisioningFailure);%0A+     return () => { unsubscribe(); window.removeEventListener('auth-provisioning-failed', onProvisioningFailure); };%0A+   }, []);%0A+%0A+   const submit = async (event: React.FormEvent) => {%0A+     event.preventDefault();%0A+     if (loading || googleLoading) return;%0A+     if (!auth || !firebaseConfigured) { setError('Firebase browser configuration is missing. Add the VITE_FIREBASE_* Production variables in Vercel and redeploy.'); return; }%0A+     setLoading(true); setError(''); setNotice('');%0A+     try { const result = await signInWithEmailAndPassword(auth, email.trim().toLowerCase(), password); await complete(result.user); }%0A+     catch (err: any) { const message = authMessage(err, 'Sign-in failed.'); if (message) setError(message); }%0A+     finally { setLoading(false); }%0A+   };%0A+%0A+   const register = async () => {%0A+     if (loading || googleLoading) return;%0A+     if (!auth || !firebaseConfigured) { setError('Firebase browser configuration is missing. Add the VITE_FIREBASE_* Production variables in Vercel and redeploy.'); return; }%0A+     setLoading(true); setError(''); setNotice('');%0A+     try { const result = await createUserWithEmailAndPassword(auth, email.trim().toLowerCase(), password); await sendEmailVerification(result.user); await signOut(auth); setNotice('Account created. Check your email, verify it, then sign in.'); }%0A+     catch (err: any) { setError(authMessage(err, 'Account creation failed.')); }%0A+     finally { setLoading(false); }%0A+   };%0A+%0A+   const google = async () => {%0A+     if (loading || googleLoading) return;%0A+     if (!auth || !firebaseConfigured) { setError('Firebase browser configuration is missing. Add the VITE_FIREBASE_* Production variables in Vercel and redeploy.'); return; }%0A+     setGoogleLoading(true); setError(''); setNotice('Opening secure Google sign-in…');%0A+     try {%0A+       try {%0A+         const result = await signInWithPopup(auth, googleAuthProvider);%0A+         await complete(result.user);%0A+       } catch (err: any) {%0A+         if (['auth/popup-blocked', 'auth/operation-not-supported-in-this-environment'].includes(err?.code)) {%0A+           await signInWithRedirect(auth, googleAuthProvider);%0A+           return;%0A+         }%0A+         throw err;%0A+       }%0A+     } catch (err: any) {%0A+       const message = authMessage(err, 'Google sign-in failed.');%0A+       if (message) setError(message); else setNotice('');%0A+     } finally { setGoogleLoading(false); }%0A+   };%0A+%0A+   const reset = async () => {%0A+     if (!email.trim()) { setError('Enter your email first.'); return; }%0A+     if (!auth || !firebaseConfigured) { setError('Firebase browser configuration is missing.'); return; }%0A+     setLoading(true); setError(''); setNotice('');%0A+     try { await sendPasswordResetEmail(auth, email.trim().toLowerCase()); setNotice('Password reset email sent.'); }%0A+     catch (err: any) { setError(authMessage(err, 'Could not send the reset email.')); }%0A+     finally { setLoading(false); }%0A+   };%0A+%0A+   const resendVerification = async () => {%0A+     const currentUser = auth?.currentUser;%0A+     if (!currentUser || currentUser.emailVerified) return;%0A+     setLoading(true); setError(''); setNotice('');%0A+     try { await sendEmailVerification(currentUser); setNotice('A fresh verification email has been sent.'); }%0A+     catch (err: any) { setError(authMessage(err, 'Could not resend the verification email.')); }%0A+     finally { setLoading(false); }%0A+   };%0A+%0A+   const busy = loading || googleLoading;%0A+%0A+   return (%0A+     <div className="flex min-h-screen items-center justify-center bg-[#faf9f8] p-6 text-[#201f1e]">%0A+       <form onSubmit={submit} className="w-full max-w-[360px] space-y-4 rounded-md border border-[#e1dfdd] bg-white p-6" noValidate>%0A+         <div className="mb-1 text-center">%0A+           <div className="mx-auto mb-2 grid h-8 w-8 place-items-center rounded bg-[#0f6cbd] text-xs font-bold text-white">S</div>%0A+           <div className="text-[13px] font-semibold">SPR</div>%0A+           <p className="mt-0.5 text-[12px] text-[#605e5c]">Software Trust Infrastructure</p>%0A+         </div>%0A+         {error && <div role="alert" className="flex items-start gap-2 rounded border border-[#a4262c]/20 bg-[#fdf2f2] p-2.5 text-[12px] text-[#a4262c]"><AlertCircle className="mt-0.5 h-3.5 w-3.5 shrink-0" />{error}</div>}%0A+         {notice && <div role="status" className="flex items-start gap-2 rounded border border-[#0f6cbd]/20 bg-[#eff6fc] p-2.5 text-[12px] text-[#004578]"><CheckCircle2 className="mt-0.5 h-3.5 w-3.5 shrink-0" />{notice}</div>}%0A+         <label className="block text-[12px] font-semibold text-[#323130]">Email%0A+           <input className="mt-1 h-9 w-full rounded border border-[#c8c6c4] bg-white px-3 text-[13px] text-[#201f1e] outline-none focus:border-[#0f6cbd] focus:ring-1 focus:ring-[#0f6cbd]" type="email" autoComplete="email" value={email} onChange={(e) => setEmail(e.target.value)} required />%0A+         </label>%0A+         <label className="block text-[12px] font-semibold text-[#323130]">Password%0A+           <span className="relative mt-1 block">%0A+             <input className="h-9 w-full rounded border border-[#c8c6c4] bg-white px-3 pr-10 text-[13px] text-[#201f1e] outline-none focus:border-[#0f6cbd] focus:ring-1 focus:ring-[#0f6cbd]" type={showPassword ? 'text' : 'password'} autoComplete="current-password" value={password} onChange={(e) => setPassword(e.target.value)} minLength={6} required />%0A+             <button type="button" onClick={() => setShowPassword((v) => !v)} aria-label={showPassword ? 'Hide password' : 'Show password'} className="absolute inset-y-0 right-0 px-3 text-[#605e5c]">{showPassword ? <EyeOff className="h-3.5 w-3.5" /> : <Eye className="h-3.5 w-3.5" />}</button>%0A+           </span>%0A+         </label>%0A+         <button type="submit" disabled={busy} className="flex h-9 w-full items-center justify-center gap-1.5 rounded bg-[#0f6cbd] text-[13px] font-semibold text-white hover:bg-[#004578] disabled:opacity-50">{loading ? <Loader className="h-4 w-4 animate-spin" /> : <>Sign in <ArrowRight className="h-3.5 w-3.5" /></>}</button>%0A+         <button type="button" disabled={busy} onClick={register} className="flex h-9 w-full items-center justify-center gap-1.5 rounded border border-[#c8c6c4] text-[13px] font-medium text-[#323130] hover:bg-black/[.03] disabled:opacity-50"><ShieldCheck className="h-3.5 w-3.5" />Create account</button>%0A+         <div className="flex items-center gap-2 py-1 text-[11px] text-[#8a8886]"><span className="h-px flex-1 bg-[#e1dfdd]" />or<span className="h-px flex-1 bg-[#e1dfdd]" /></div>%0A+         <button type="button" disabled={busy} onClick={google} className="flex h-9 w-full items-center justify-center gap-1.5 rounded border border-[#c8c6c4] bg-white text-[13px] font-medium text-[#323130] hover:bg-black/[.03] disabled:opacity-50">{googleLoading ? <Loader className="h-4 w-4 animate-spin" /> : 'Continue with Google'}</button>%0A+         <div className="flex justify-between pt-1 text-[11px]"><button type="button" disabled={busy} onClick={reset} className="text-[#0f6cbd] hover:text-[#004578]">Forgot password?</button><button type="button" disabled={busy} onClick={resendVerification} className="text-[#605e5c] hover:text-[#323130]">Resend verification</button></div>%0A+       </form>%0A+     </div>%0A+   );%0A+ }%0A+%0A%0A ❯ tests/legal-pages-contract.test.ts:82:50%0A%0A

::error file=/home/runner/work/software-passport-registry/software-passport-registry/tests/monitoring-contract.test.ts,title=tests/monitoring-contract.test.ts > GET /api/trust-loop/monitoring respects client isolation for alerts > joins to the owning passport to scope alerts%2C since trust_alerts has no client_id column of its own,line=45,column=15::AssertionError: expected 'import { Router } from \'express\';\n…' to contain 'JOIN passports p ON p.id=a.passport_id'%0A%0A- Expected%0A+ Received%0A%0A- JOIN passports p ON p.id=a.passport_id%0A+ import { Router } from 'express';%0A+ import { sql } from 'drizzle-orm';%0A+ import crypto from 'node:crypto';%0A+ import { z } from 'zod';%0A+ import { AuthenticatedRequest } from '../middleware/security.ts';%0A+ import { decryptCredentials } from '../integrations/credential-vault.ts';%0A+ import { collectDeepProviderEvidence } from '../integrations/deep-collectors.ts';%0A+ import { collectGitHubDeepEvidence } from '../integrations/github-deep.ts';%0A+ import { persistTrustLoop, verifyRemediation } from '../trust/trust-loop.ts';%0A+%0A+ const collectSchema = z.object({ passportId: z.string().trim().min(1).max(255), provider: z.string().trim().min(1).max(64) }).strict();%0A+ const remediationSchema = z.object({%0A+   findingId: z.string().trim().min(1),%0A+   title: z.string().trim().min(1).max(255),%0A+   description: z.string().max(4000).optional(),%0A+   assigneeId: z.string().max(255).optional(),%0A+   assigneeDisplay: z.string().max(255).optional(),%0A+   externalSystem: z.string().trim().min(1).max(64).default('SPR'),%0A+   externalTicketId: z.string().max(255).optional(),%0A+   slaDueAt: z.string().datetime().optional(),%0A+   priority: z.enum(['LOW', 'MEDIUM', 'HIGH', 'CRITICAL']).default('HIGH'),%0A+ }).strict();%0A+ const remediationUpdateSchema = z.object({ status: z.enum(['OPEN', 'IN_PROGRESS', 'BLOCKED', 'READY_FOR_VERIFICATION', 'VERIFIED', 'CLOSED', 'CANCELLED']), ownerId: z.string().max(255).optional(), ownerDisplay: z.string().max(255).optional(), slaDueAt: z.string().datetime().nullable().optional() }).strict();%0A+ const verifySchema = z.object({ findingId: z.string().trim().min(1), observationIds: z.array(z.string().min(1)).max(50), evidenceIds: z.array(z.string().min(1)).max(200) }).strict();%0A+ const reportTypes = z.enum(['executive', 'technical', 'msp', 'customer', 'compliance', 'vendor', 'auditor', 'evidence-ledger']);%0A+ function id(prefix: string) { return `${prefix}_${crypto.randomUUID().replaceAll('-', '')}`; }%0A+ function parseJson(value: unknown, fallback: unknown = []) { try { return value ? JSON.parse(String(value)) : fallback; } catch { return fallback; } }%0A+%0A+ const SEVERITY_ORDER = ['critical', 'high', 'medium', 'low'];%0A+%0A+ export type ReportPassportRow = {%0A+   overall_score: number | null;%0A+   security_score: number | null;%0A+   compliance_score: number | null;%0A+   verification_status: string | null;%0A+   confidence_score: number | null;%0A+   evidence_completeness: number | null;%0A+ };%0A+%0A+ export function deriveReportRiskFields(passport: ReportPassportRow) {%0A+   const verificationStatus = passport.verification_status || 'unverified';%0A+   const isMeasured = verificationStatus !== 'unverified';%0A+   return {%0A+     canonicalScore: isMeasured ? passport.overall_score : null,%0A+     verificationStatus,%0A+     confidenceBasisPoints: isMeasured && passport.confidence_score != null ? Math.round(passport.confidence_score * 100) : null,%0A+     completenessBasisPoints: isMeasured && passport.evidence_completeness != null ? Math.round(passport.evidence_completeness * 100) : null,%0A+   };%0A+ }%0A+%0A+ function buildReportTypeExtras(reportType: string, passport: any, findings: any[]) {%0A+   if (reportType === 'sbom') {%0A+     const components = parseJson(passport.sbom, []) as any[];%0A+     const vulnerabilities = parseJson(passport.vulnerabilities, []) as any[];%0A+     const sbom = components.map((component) => {%0A+       const name = component?.name || component?.packageName || component?.component;%0A+       const matched = vulnerabilities.filter((vuln) => (vuln?.component || vuln?.packageName || vuln?.package) === name);%0A+       return { ...component, vulnerabilityCount: matched.length, criticalOrHighCount: matched.filter((vuln) => SEVERITY_ORDER.slice(0, 2).includes(String(vuln?.severity || '').toLowerCase())).length };%0A+     });%0A+     return { sbom };%0A+   }%0A+   if (reportType === 'compliance') {%0A+     const byControl = new Map<string, { controlId: string; findingCount: number; openCount: number; worstSeverity: string; findingIds: string[] }>();%0A+     for (const finding of findings) {%0A+       const controlId = finding.control_id || 'unmapped';%0A+       const entry = byControl.get(controlId) || { controlId, findingCount: 0, openCount: 0, worstSeverity: 'low', findingIds: [] as string[] };%0A+       entry.findingCount += 1;%0A+       entry.findingIds.push(finding.id);%0A+       if (!['resolved', 'closed', 'verified'].includes(String(finding.status || '').toLowerCase())) entry.openCount += 1;%0A+       const severity = String(finding.severity || '').toLowerCase();%0A+       if (SEVERITY_ORDER.includes(severity) && SEVERITY_ORDER.indexOf(severity) < SEVERITY_ORDER.indexOf(entry.worstSeverity)) entry.worstSeverity = severity;%0A+       byControl.set(controlId, entry);%0A+     }%0A+     return { controls: [...byControl.values()] };%0A+   }%0A+   return {};%0A+ }%0A+%0A+ export function createTrustLoopRouter() {%0A+   const router = Router();%0A+%0A+   router.post('/collect', async (req: AuthenticatedRequest, res, next) => {%0A+     const parsed = collectSchema.safeParse(req.body);%0A+     if (!parsed.success) return res.status(400).json({ error: 'INVALID_PAYLOAD', details: parsed.error.flatten() });%0A+     const { passportId, provider } = parsed.data;%0A+     const tenantId = req.user!.tenantId;%0A+     const runId = id('collect');%0A+     const startedAt = new Date().toISOString();%0A+     const db = req.db!;%0A+     try {%0A+       const passport = (await db.execute(sql`SELECT id,client_id FROM passports WHERE id=${passportId} AND tenant_id=${tenantId} LIMIT 1`) as any).rows?.[0];%0A+       if (!passport) return res.status(404).json({ error: 'PASSPORT_NOT_FOUND' });%0A+       const stored = (await db.execute(sql`SELECT encrypted_payload FROM integration_credentials WHERE tenant_id=${tenantId} AND provider=${provider} LIMIT 1`) as any).rows?.[0];%0A+       if (!stored?.encrypted_payload) return res.status(409).json({ error: 'CREDENTIAL_NOT_CONFIGURED' });%0A+%0A+       await db.execute(sql`INSERT INTO trust_collection_runs (id,tenant_id,passport_id,provider,started_at,status,idempotency_key,created_at) VALUES (${runId},${tenantId},${passportId},${provider},${startedAt},'RUNNING',${`${tenantId}:${passportId}:${provider}:${startedAt}`},${startedAt})`);%0A+       const credentials = decryptCredentials(stored.encrypted_payload) as Record<string, string>;%0A+       const observations = provider === 'github' ? await collectGitHubDeepEvidence(credentials) : await collectDeepProviderEvidence(provider as any, credentials);%0A+       const result = await persistTrustLoop({ tenantId, passportId, clientId: passport.client_id || passport.id, assetId: passport.id, observations, generationReason: 'provider_collection', actorType: 'worker', collectorVersionMap: { [provider]: 'deep-v2' } });%0A+       const completedAt = new Date().toISOString();%0A+       await db.execute(sql`UPDATE trust_collection_runs SET completed_at=${completedAt},status='SUCCEEDED',observation_count=${observations.length},evidence_count=${result.evidenceIds.length},failure_count=${observations.filter((o) => o.status === 'FAIL').length},collector_version='deep-v2' WHERE id=${runId} AND tenant_id=${tenantId}`);%0A+       await db.execute(sql`INSERT INTO trust_monitoring_state (id,tenant_id,passport_id,provider,next_run_at,last_run_at,last_success_at,last_evidence_hash,consecutive_failures,status,updated_at) VALUES (${id('monitor')},${tenantId},${passportId},${provider},${new Date(Date.now()+3600000).toISOString()},${completedAt},${completedAt},${result.payloadHash},0,'HEALTHY',${completedAt}) ON CONFLICT (tenant_id,passport_id,provider) DO UPDATE SET next_run_at=EXCLUDED.next_run_at,last_run_at=EXCLUDED.last_run_at,last_success_at=EXCLUDED.last_success_at,last_evidence_hash=EXCLUDED.last_evidence_hash,consecutive_failures=0,status='HEALTHY',updated_at=EXCLUDED.updated_at`);%0A+       return res.json({ runId, provider, observationCount: observations.length, ...result });%0A+     } catch (error) {%0A+       const completedAt = new Date().toISOString();%0A+       await db.execute(sql`UPDATE trust_collection_runs SET completed_at=${completedAt},status='FAILED',error_code='COLLECTION_FAILED',error_message=${error instanceof Error ? error.message.slice(0,1000) : 'COLLECTION_FAILED'} WHERE id=${runId} AND tenant_id=${tenantId}`).catch(() => undefined);%0A+       await db.execute(sql`UPDATE trust_monitoring_state SET last_run_at=${completedAt},last_failure_at=${completedAt},consecutive_failures=consecutive_failures+1,status=CASE WHEN consecutive_failures+1 >= 5 THEN 'FAILED' ELSE 'DEGRADED' END,updated_at=${completedAt} WHERE tenant_id=${tenantId} AND passport_id=${passportId} AND provider=${provider}`).catch(() => undefined);%0A+       return next(error);%0A+     }%0A+   });%0A+%0A+   const findingsWithRemediationSelect = sql`%0A+     SELECT f.*, r.id AS remediation_id, r.status AS remediation_status, r.owner_id AS remediation_owner_id,%0A+            r.owner_display AS remediation_owner_display, r.sla_due_at AS remediation_sla_due_at, r.updated_at AS remediation_updated_at%0A+     FROM trust_findings f%0A+     LEFT JOIN LATERAL (%0A+       SELECT * FROM trust_remediation_work_items w%0A+       WHERE w.tenant_id = f.tenant_id AND w.finding_id = f.id%0A+       ORDER BY w.created_at DESC LIMIT 1%0A+     ) r ON true%0A+   `;%0A+   router.get('/findings', async (req: AuthenticatedRequest, res, next) => {%0A+     try {%0A+       const db = req.db!;%0A+       const tenantId = req.user!.tenantId;%0A+       const passportId = typeof req.query.passportId === 'string' ? req.query.passportId : null;%0A+       const rows = passportId%0A+         ? await db.execute(sql`${findingsWithRemediationSelect} WHERE f.tenant_id=${tenantId} AND f.passport_id=${passportId} ORDER BY CASE f.severity WHEN 'critical' THEN 1 WHEN 'high' THEN 2 WHEN 'medium' THEN 3 WHEN 'low' THEN 4 ELSE 5 END,f.updated_at DESC`)%0A+         : await db.execute(sql`${findingsWithRemediationSelect} WHERE f.tenant_id=${tenantId} ORDER BY f.updated_at DESC`);%0A+       return res.json({ findings: (rows as any).rows || [] });%0A+     } catch (error) { return next(error); }%0A+   });%0A+%0A+   router.post('/remediations', async (req: AuthenticatedRequest, res, next) => {%0A+     const parsed = remediationSchema.safeParse(req.body);%0A+     if (!parsed.success) return res.status(400).json({ error: 'INVALID_PAYLOAD', details: parsed.error.flatten() });%0A+     try {%0A+       const db = req.db!;%0A+       const p = parsed.data;%0A+       const tenantId = req.user!.tenantId;%0A+       const finding = (await db.execute(sql`SELECT id,client_id,passport_id,title,description FROM trust_findings WHERE id=${p.findingId} AND tenant_id=${tenantId} LIMIT 1`) as any).rows?.[0];%0A+       if (!finding) return res.status(404).json({ error: 'FINDING_NOT_FOUND' });%0A+       const now = new Date().toISOString();%0A+       const workId = id('remed');%0A+       await db.execute(sql`INSERT INTO trust_remediation_work_items (id,tenant_id,passport_id,finding_id,external_system,external_ticket_id,owner_id,owner_display,sla_due_at,status,remediation_plan,created_at,updated_at) VALUES (${workId},${tenantId},${finding.passport_id},${finding.id},${p.externalSystem},${p.externalTicketId ?? null},${p.assigneeId ?? null},${p.assigneeDisplay ?? null},${p.slaDueAt ?? null},'OPEN',${p.description || finding.description},${now},${now})`);%0A+       await db.execute(sql`INSERT INTO remediation_tasks (id,tenant_id,client_id,alert_id,title,description,priority,status,assignee_id,created_by,created_at,updated_at) VALUES (${workId},${tenantId},${finding.client_id},${finding.id},${p.title},${p.description || finding.description},${p.priority},'OPEN',${p.assigneeId ?? null},${req.user!.uid},${now},${now})`);%0A+       const created = (await db.execute(sql`SELECT * FROM trust_remediation_work_items WHERE id=${workId} AND tenant_id=${tenantId} LIMIT 1`) as any).rows?.[0];%0A+       return res.status(201).json({ ...created, title: p.title });%0A+     } catch (error) { return next(error); }%0A+   });%0A+%0A+   router.get('/remediations/:id', async (req: AuthenticatedRequest, res, next) => {%0A+     try {%0A+       const db = req.db!;%0A+       const tenantId = req.user!.tenantId;%0A+       const row = (await db.execute(sql`SELECT w.*, f.title AS finding_title FROM trust_remediation_work_items w JOIN trust_findings f ON f.id = w.finding_id AND f.tenant_id = w.tenant_id WHERE w.id=${req.params.id} AND w.tenant_id=${tenantId} LIMIT 1`) as any).rows?.[0];%0A+       if (!row) return res.status(404).json({ error: 'REMEDIATION_NOT_FOUND' });%0A+       return res.json({ ...row, title: row.finding_title });%0A+     } catch (error) { return next(error); }%0A+   });%0A+%0A+   router.post('/remediations/:id/verify-latest', async (req: AuthenticatedRequest, res, next) => {%0A+     try {%0A+       const db = req.db!;%0A+       const tenantId = req.user!.tenantId;%0A+       const work = (await db.execute(sql`SELECT id,finding_id,passport_id FROM trust_remediation_work_items WHERE id=${req.params.id} AND tenant_id=${tenantId} LIMIT 1`) as any).rows?.[0];%0A+       if (!work) return res.status(404).json({ error: 'REMEDIATION_NOT_FOUND' });%0A+       const latestObservation = (await db.execute(sql`SELECT id,evidence_ids FROM trust_observations WHERE tenant_id=${tenantId} AND passport_id=${work.passport_id} ORDER BY observation_version DESC LIMIT 1`) as any).rows?.[0];%0A+       if (!latestObservation) return res.status(409).json({ error: 'NO_OBSERVATION_ON_FILE', message: 'SPR has no recorded observation for this software yet. Collect evidence before verifying.' });%0A+       const evidenceIds: string[] = parseJson(latestObservation.evidence_ids, []) as string[];%0A+       const result = await verifyRemediation({ tenantId, findingId: work.finding_id, observationIds: [latestObservation.id], evidenceIds, actorId: req.user!.uid });%0A+       const now = new Date().toISOString();%0A+       await db.execute(sql`UPDATE trust_remediation_work_items SET status='VERIFIED',updated_at=${now},closed_at=${now} WHERE id=${work.id} AND tenant_id=${tenantId}`);%0A+       const row = (await db.execute(sql`SELECT * FROM trust_remediation_work_items WHERE id=${work.id} AND tenant_id=${tenantId} LIMIT 1`) as any).rows?.[0];%0A+       return res.json({ ...row, verification: result });%0A+     } catch (error: any) {%0A+       const message = error instanceof Error ? error.message : String(error);%0A+       if (/^VERIFICATION_|^FINDING_NOT_FOUND$/.test(message)) return res.status(409).json({ error: message });%0A+       return next(error);%0A+     }%0A+   });%0A+%0A+   router.patch('/remediations/:id', async (req: AuthenticatedRequest, res, next) => {%0A+     const parsed = remediationUpdateSchema.safeParse(req.body);%0A+     if (!parsed.success) return res.status(400).json({ error: 'INVALID_PAYLOAD', details: parsed.error.flatten() });%0A+     try {%0A+       const db = req.db!;%0A+       const tenantId = req.user!.tenantId;%0A+       const p = parsed.data;%0A+       const now = new Date().toISOString();%0A+       const rows = await db.execute(sql`UPDATE trust_remediation_work_items SET status=${p.status},owner_id=COALESCE(${p.ownerId ?? null},owner_id),owner_display=COALESCE(${p.ownerDisplay ?? null},owner_display),sla_due_at=CASE WHEN ${p.slaDueAt === undefined} THEN sla_due_at ELSE ${p.slaDueAt} END,updated_at=${now},closed_at=CASE WHEN ${p.status} IN ('CLOSED','VERIFIED') THEN ${now} ELSE closed_at END WHERE id=${req.params.id} AND tenant_id=${tenantId} RETURNING *`);%0A+       const row = (rows as any).rows?.[0];%0A+       if (!row) return res.status(404).json({ error: 'REMEDIATION_NOT_FOUND' });%0A+       return res.json(row);%0A+     } catch (error) { return next(error); }%0A+   });%0A+%0A+   router.post('/verify', async (req: AuthenticatedRequest, res, next) => {%0A+     const parsed = verifySchema.safeParse(req.body);%0A+     if (!parsed.success) return res.status(400).json({ error: 'INVALID_PAYLOAD', details: parsed.error.flatten() });%0A+     try {%0A+       const db = req.db!;%0A+       const result = await verifyRemediation({ ...parsed.data, tenantId: req.user!.tenantId, actorId: req.user!.uid });%0A+       await db.execute(sql`UPDATE trust_remediation_work_items SET status='VERIFIED',updated_at=${new Date().toISOString()},closed_at=${new Date().toISOString()} WHERE tenant_id=${req.user!.tenantId} AND finding_id=${parsed.data.findingId}`);%0A+       return res.json(result);%0A+     } catch (error) { return next(error); }%0A+   });%0A+%0A+   router.get('/monitoring', async (req: AuthenticatedRequest, res, next) => {%0A+     try {%0A+       const db = req.db!;%0A+       const tenantId = req.user!.tenantId;%0A+       const passportId = typeof req.query.passportId === 'string' ? req.query.passportId : null;%0A+       const rows = passportId ? await db.execute(sql`SELECT * FROM trust_monitoring_state WHERE tenant_id=${tenantId} AND passport_id=${passportId} ORDER BY provider`) : await db.execute(sql`SELECT * FROM trust_monitoring_state WHERE tenant_id=${tenantId} ORDER BY passport_id,provider`);%0A+       const alerts = passportId ? await db.execute(sql`SELECT * FROM trust_alerts WHERE tenant_id=${tenantId} AND passport_id=${passportId} ORDER BY created_at DESC`) : await db.execute(sql`SELECT * FROM trust_alerts WHERE tenant_id=${tenantId} ORDER BY created_at DESC`);%0A+       return res.json({ monitoring: (rows as any).rows || [], alerts: (alerts as any).rows || [] });%0A+     } catch (error) { return next(error); }%0A+   });%0A+%0A+   router.get('/ledger/:passportId', async (req: AuthenticatedRequest, res, next) => {%0A+     try {%0A+       const db = req.db!;%0A+       const tenantId = req.user!.tenantId;%0A+       const passportId = req.params.passportId;%0A+       const scope = await db.execute(sql`SELECT id FROM passports WHERE id=${passportId} AND tenant_id=${tenantId} LIMIT 1`);%0A+       if (!(scope as any).rows?.length) return res.status(404).json({ error: 'PASSPORT_NOT_FOUND' });%0A+       const observations = await db.execute(sql`SELECT id,observation_version,generated_at,previous_observation_id,evidence_ids,finding_ids,canonical_payload_hash,completeness_basis_points,open_finding_count,unknown_dimension_count FROM trust_observations WHERE tenant_id=${tenantId} AND passport_id=${passportId} ORDER BY observation_version DESC`);%0A+       const evidence = await db.execute(sql`SELECT id,provider,control_id,subject,source_url,observed_at,verification_method,status,severity,evidence_hash,limitation FROM evidence_ledger WHERE tenant_id=${tenantId} AND passport_id=${passportId} ORDER BY observed_at DESC`);%0A+       const findings = await db.execute(sql`SELECT id,control_id,title,severity,status,evidence_ids,fingerprint,updated_at,resolved_at FROM trust_findings WHERE tenant_id=${tenantId} AND passport_id=${passportId} ORDER BY updated_at DESC`);%0A+       const remediation = await db.execute(sql`SELECT * FROM trust_remediation_work_items WHERE tenant_id=${tenantId} AND passport_id=${passportId} ORDER BY updated_at DESC`);%0A+       const verification = await db.execute(sql`SELECT * FROM remediation_verification_ledger WHERE tenant_id=${tenantId} AND finding_id IN (SELECT id FROM trust_findings WHERE tenant_id=${tenantId} AND passport_id=${passportId}) ORDER BY created_at DESC`);%0A+       return res.json({ observations: (observations as any).rows || [], findings: (findings as any).rows || [], evidence: (evidence as any).rows || [], remediation: (remediation as any).rows || [], verification: (verification as any).rows || [], trace: 'Report -> Passport -> Risk -> Finding -> Observation -> Provider -> Source -> Timestamp -> Hash' });%0A+     } catch (error) { return next(error); }%0A+   });%0A+%0A+   router.get('/reports/:passportId/history', async (req: AuthenticatedRequest, res, next) => {%0A+     try {%0A+       const db = req.db!;%0A+       const tenantId = req.user!.tenantId;%0A+       const passportId = req.params.passportId;%0A+       const typeFilter = typeof req.query.type === 'string' ? reportTypes.safeParse(req.query.type) : null;%0A+       if (typeFilter && !typeFilter.success) return res.status(400).json({ error: 'INVALID_REPORT_TYPE' });%0A+       const rows = typeFilter?.success%0A+         ? await db.execute(sql`SELECT id,report_type,generated_at,score,confidence_basis_points,completeness_basis_points,canonical_payload_hash FROM trust_report_snapshots WHERE tenant_id=${tenantId} AND passport_id=${passportId} AND report_type=${typeFilter.data} ORDER BY generated_at DESC LIMIT 50`)%0A+         : await db.execute(sql`SELECT id,report_type,generated_at,score,confidence_basis_points,completeness_basis_points,canonical_payload_hash FROM trust_report_snapshots WHERE tenant_id=${tenantId} AND passport_id=${passportId} ORDER BY generated_at DESC LIMIT 50`);%0A+       return res.json({ snapshots: (rows as any).rows || [] });%0A+     } catch (error) { return next(error); }%0A+   });%0A+%0A+   router.get('/reports/:passportId/history/:snapshotId', async (req: AuthenticatedRequest, res, next) => {%0A+     try {%0A+       const db = req.db!;%0A+       const tenantId = req.user!.tenantId;%0A+       const row = (await db.execute(sql`SELECT payload,canonical_payload_hash,generated_at,report_type FROM trust_report_snapshots WHERE id=${req.params.snapshotId} AND tenant_id=${tenantId} AND passport_id=${req.params.passportId} LIMIT 1`) as any).rows?.[0];%0A+       if (!row) return res.status(404).json({ error: 'REPORT_SNAPSHOT_NOT_FOUND' });%0A+       const payload = parseJson(row.payload, {});%0A+       return res.json({ ...(payload as object), reportHash: row.canonical_payload_hash });%0A+     } catch (error) { return next(error); }%0A+   });%0A+%0A+   router.get('/reports/:passportId', async (req: AuthenticatedRequest, res, next) => {%0A+     try {%0A+       const parsed = reportTypes.safeParse(req.query.type || 'executive');%0A+       if (!parsed.success) return res.status(400).json({ error: 'INVALID_REPORT_TYPE' });%0A+       const report = await buildAndPersistReport(req.db!, req.user!.tenantId, String(req.params.passportId), parsed.data);%0A+       if (!report) return res.status(404).json({ error: 'PASSPORT_NOT_FOUND' });%0A+       return res.json(report);%0A+     } catch (error) { return next(error); }%0A+   });%0A+%0A+   return router;%0A+ }%0A+%0A+ export async function buildAndPersistReport(db: any, tenantId: string, passportId: string, reportType: string) {%0A+   const passport = (await db.execute(sql`SELECT id,name,overall_score,security_score,compliance_score,verification_status,confidence_score,evidence_completeness,sbom,evidence,vulnerabilities,timeline FROM passports WHERE id=${passportId} AND tenant_id=${tenantId} LIMIT 1`) as any).rows?.[0];%0A+   if (!passport) return null;%0A+   const findings = (await db.execute(sql`SELECT id,control_id,title,severity,status,description,remediation,evidence_ids,updated_at,resolved_at FROM trust_findings WHERE tenant_id=${tenantId} AND passport_id=${passportId} ORDER BY CASE severity WHEN 'critical' THEN 1 WHEN 'high' THEN 2 WHEN 'medium' THEN 3 WHEN 'low' THEN 4 ELSE 5 END,updated_at DESC`) as any).rows || [];%0A+   const evidence = (await db.execute(sql`SELECT id,provider,control_id,subject,source_url,observed_at,verification_method,status,severity,evidence_hash,limitation FROM evidence_ledger WHERE tenant_id=${tenantId} AND passport_id=${passportId} ORDER BY observed_at DESC`) as any).rows || [];%0A+   const observations = (await db.execute(sql`SELECT id,observation_version,generated_at,previous_observation_id,evidence_ids,finding_ids,canonical_payload_hash,completeness_basis_points,confidence_basis_points,open_finding_count,unknown_dimension_count FROM trust_observations WHERE tenant_id=${tenantId} AND passport_id=${passportId} ORDER BY observation_version DESC`) as any).rows || [];%0A+   const remediation = (await db.execute(sql`SELECT * FROM trust_remediation_work_items WHERE tenant_id=${tenantId} AND passport_id=${passportId} ORDER BY updated_at DESC`) as any).rows || [];%0A+   const verification = (await db.execute(sql`SELECT * FROM remediation_verification_ledger WHERE tenant_id=${tenantId} AND finding_id IN (SELECT id FROM trust_findings WHERE tenant_id=${tenantId} AND passport_id=${passportId}) ORDER BY created_at DESC`) as any).rows || [];%0A+   const latest = observations[0];%0A+   const risk = deriveReportRiskFields(passport as ReportPassportRow);%0A+   const report = {%0A+     schemaVersion: 'spr.report.v2', reportType, generatedAt: new Date().toISOString(), passport: { id: passport.id, name: passport.name },%0A+     risk: { overall: risk.canonicalScore, security: passport.security_score, compliance: passport.compliance_score, verificationStatus: risk.verificationStatus },%0A+     evidenceQuality: { completenessBasisPoints: risk.completenessBasisPoints, confidenceBasisPoints: risk.confidenceBasisPoints, unknownDimensions: latest?.unknown_dimension_count ?? 0, latestObservationAt: latest?.generated_at ?? null },%0A+     findings, evidence, observations, remediation, verification,%0A+     traceability: 'Report -> Passport -> Risk -> Finding -> Observation -> Provider -> Source -> Timestamp -> Hash',%0A+     resolutionTraceability: 'Finding -> remediation -> new observation -> independent verification',%0A+     limitations: evidence.filter((item: any) => item.limitation).map((item: any) => ({ evidenceId: item.id, limitation: item.limitation })),%0A+     ...buildReportTypeExtras(reportType, passport, findings),%0A+   };%0A+   const canonicalPayload = JSON.stringify(report);%0A+   const reportHash = crypto.createHash('sha256').update(canonicalPayload).digest('hex');%0A+   await db.execute(sql`INSERT INTO trust_report_snapshots (id,tenant_id,passport_id,report_type,generated_at,score,confidence_basis_points,completeness_basis_points,evidence_ids,finding_ids,observation_id,canonical_payload_hash,payload,created_at) VALUES (${id('report')},${tenantId},${passportId},${reportType},${report.generatedAt},${risk.canonicalScore},${risk.confidenceBasisPoints},${risk.completenessBasisPoints},${JSON.stringify(evidence.map((item: any) => item.id))},${JSON.stringify(findings.map((item: any) => item.id))},${latest?.id ?? null},${reportHash},${canonicalPayload},${report.generatedAt}) ON CONFLICT (tenant_id,passport_id,report_type,canonical_payload_hash) DO NOTHING`);%0A+   return { ...report, reportHash };%0A+ }%0A+%0A%0A ❯ tests/monitoring-contract.test.ts:45:15%0A%0A

::error file=/home/runner/work/software-passport-registry/software-passport-registry/tests/monitoring-contract.test.ts,title=tests/monitoring-contract.test.ts > GET /api/trust-loop/monitoring respects client isolation for alerts > exposes an alert lifecycle transition restricted to non-Client roles,line=51,column=15::AssertionError: expected 'import { Router } from \'express\';\n…' to contain 'router.patch(\'/alerts/:id\''%0A%0A- Expected%0A+ Received%0A%0A- router.patch('/alerts/:id'%0A+ import { Router } from 'express';%0A+ import { sql } from 'drizzle-orm';%0A+ import crypto from 'node:crypto';%0A+ import { z } from 'zod';%0A+ import { AuthenticatedRequest } from '../middleware/security.ts';%0A+ import { decryptCredentials } from '../integrations/credential-vault.ts';%0A+ import { collectDeepProviderEvidence } from '../integrations/deep-collectors.ts';%0A+ import { collectGitHubDeepEvidence } from '../integrations/github-deep.ts';%0A+ import { persistTrustLoop, verifyRemediation } from '../trust/trust-loop.ts';%0A+%0A+ const collectSchema = z.object({ passportId: z.string().trim().min(1).max(255), provider: z.string().trim().min(1).max(64) }).strict();%0A+ const remediationSchema = z.object({%0A+   findingId: z.string().trim().min(1),%0A+   title: z.string().trim().min(1).max(255),%0A+   description: z.string().max(4000).optional(),%0A+   assigneeId: z.string().max(255).optional(),%0A+   assigneeDisplay: z.string().max(255).optional(),%0A+   externalSystem: z.string().trim().min(1).max(64).default('SPR'),%0A+   externalTicketId: z.string().max(255).optional(),%0A+   slaDueAt: z.string().datetime().optional(),%0A+   priority: z.enum(['LOW', 'MEDIUM', 'HIGH', 'CRITICAL']).default('HIGH'),%0A+ }).strict();%0A+ const remediationUpdateSchema = z.object({ status: z.enum(['OPEN', 'IN_PROGRESS', 'BLOCKED', 'READY_FOR_VERIFICATION', 'VERIFIED', 'CLOSED', 'CANCELLED']), ownerId: z.string().max(255).optional(), ownerDisplay: z.string().max(255).optional(), slaDueAt: z.string().datetime().nullable().optional() }).strict();%0A+ const verifySchema = z.object({ findingId: z.string().trim().min(1), observationIds: z.array(z.string().min(1)).max(50), evidenceIds: z.array(z.string().min(1)).max(200) }).strict();%0A+ const reportTypes = z.enum(['executive', 'technical', 'msp', 'customer', 'compliance', 'vendor', 'auditor', 'evidence-ledger']);%0A+ function id(prefix: string) { return `${prefix}_${crypto.randomUUID().replaceAll('-', '')}`; }%0A+ function parseJson(value: unknown, fallback: unknown = []) { try { return value ? JSON.parse(String(value)) : fallback; } catch { return fallback; } }%0A+%0A+ const SEVERITY_ORDER = ['critical', 'high', 'medium', 'low'];%0A+%0A+ export type ReportPassportRow = {%0A+   overall_score: number | null;%0A+   security_score: number | null;%0A+   compliance_score: number | null;%0A+   verification_status: string | null;%0A+   confidence_score: number | null;%0A+   evidence_completeness: number | null;%0A+ };%0A+%0A+ export function deriveReportRiskFields(passport: ReportPassportRow) {%0A+   const verificationStatus = passport.verification_status || 'unverified';%0A+   const isMeasured = verificationStatus !== 'unverified';%0A+   return {%0A+     canonicalScore: isMeasured ? passport.overall_score : null,%0A+     verificationStatus,%0A+     confidenceBasisPoints: isMeasured && passport.confidence_score != null ? Math.round(passport.confidence_score * 100) : null,%0A+     completenessBasisPoints: isMeasured && passport.evidence_completeness != null ? Math.round(passport.evidence_completeness * 100) : null,%0A+   };%0A+ }%0A+%0A+ function buildReportTypeExtras(reportType: string, passport: any, findings: any[]) {%0A+   if (reportType === 'sbom') {%0A+     const components = parseJson(passport.sbom, []) as any[];%0A+     const vulnerabilities = parseJson(passport.vulnerabilities, []) as any[];%0A+     const sbom = components.map((component) => {%0A+       const name = component?.name || component?.packageName || component?.component;%0A+       const matched = vulnerabilities.filter((vuln) => (vuln?.component || vuln?.packageName || vuln?.package) === name);%0A+       return { ...component, vulnerabilityCount: matched.length, criticalOrHighCount: matched.filter((vuln) => SEVERITY_ORDER.slice(0, 2).includes(String(vuln?.severity || '').toLowerCase())).length };%0A+     });%0A+     return { sbom };%0A+   }%0A+   if (reportType === 'compliance') {%0A+     const byControl = new Map<string, { controlId: string; findingCount: number; openCount: number; worstSeverity: string; findingIds: string[] }>();%0A+     for (const finding of findings) {%0A+       const controlId = finding.control_id || 'unmapped';%0A+       const entry = byControl.get(controlId) || { controlId, findingCount: 0, openCount: 0, worstSeverity: 'low', findingIds: [] as string[] };%0A+       entry.findingCount += 1;%0A+       entry.findingIds.push(finding.id);%0A+       if (!['resolved', 'closed', 'verified'].includes(String(finding.status || '').toLowerCase())) entry.openCount += 1;%0A+       const severity = String(finding.severity || '').toLowerCase();%0A+       if (SEVERITY_ORDER.includes(severity) && SEVERITY_ORDER.indexOf(severity) < SEVERITY_ORDER.indexOf(entry.worstSeverity)) entry.worstSeverity = severity;%0A+       byControl.set(controlId, entry);%0A+     }%0A+     return { controls: [...byControl.values()] };%0A+   }%0A+   return {};%0A+ }%0A+%0A+ export function createTrustLoopRouter() {%0A+   const router = Router();%0A+%0A+   router.post('/collect', async (req: AuthenticatedRequest, res, next) => {%0A+     const parsed = collectSchema.safeParse(req.body);%0A+     if (!parsed.success) return res.status(400).json({ error: 'INVALID_PAYLOAD', details: parsed.error.flatten() });%0A+     const { passportId, provider } = parsed.data;%0A+     const tenantId = req.user!.tenantId;%0A+     const runId = id('collect');%0A+     const startedAt = new Date().toISOString();%0A+     const db = req.db!;%0A+     try {%0A+       const passport = (await db.execute(sql`SELECT id,client_id FROM passports WHERE id=${passportId} AND tenant_id=${tenantId} LIMIT 1`) as any).rows?.[0];%0A+       if (!passport) return res.status(404).json({ error: 'PASSPORT_NOT_FOUND' });%0A+       const stored = (await db.execute(sql`SELECT encrypted_payload FROM integration_credentials WHERE tenant_id=${tenantId} AND provider=${provider} LIMIT 1`) as any).rows?.[0];%0A+       if (!stored?.encrypted_payload) return res.status(409).json({ error: 'CREDENTIAL_NOT_CONFIGURED' });%0A+%0A+       await db.execute(sql`INSERT INTO trust_collection_runs (id,tenant_id,passport_id,provider,started_at,status,idempotency_key,created_at) VALUES (${runId},${tenantId},${passportId},${provider},${startedAt},'RUNNING',${`${tenantId}:${passportId}:${provider}:${startedAt}`},${startedAt})`);%0A+       const credentials = decryptCredentials(stored.encrypted_payload) as Record<string, string>;%0A+       const observations = provider === 'github' ? await collectGitHubDeepEvidence(credentials) : await collectDeepProviderEvidence(provider as any, credentials);%0A+       const result = await persistTrustLoop({ tenantId, passportId, clientId: passport.client_id || passport.id, assetId: passport.id, observations, generationReason: 'provider_collection', actorType: 'worker', collectorVersionMap: { [provider]: 'deep-v2' } });%0A+       const completedAt = new Date().toISOString();%0A+       await db.execute(sql`UPDATE trust_collection_runs SET completed_at=${completedAt},status='SUCCEEDED',observation_count=${observations.length},evidence_count=${result.evidenceIds.length},failure_count=${observations.filter((o) => o.status === 'FAIL').length},collector_version='deep-v2' WHERE id=${runId} AND tenant_id=${tenantId}`);%0A+       await db.execute(sql`INSERT INTO trust_monitoring_state (id,tenant_id,passport_id,provider,next_run_at,last_run_at,last_success_at,last_evidence_hash,consecutive_failures,status,updated_at) VALUES (${id('monitor')},${tenantId},${passportId},${provider},${new Date(Date.now()+3600000).toISOString()},${completedAt},${completedAt},${result.payloadHash},0,'HEALTHY',${completedAt}) ON CONFLICT (tenant_id,passport_id,provider) DO UPDATE SET next_run_at=EXCLUDED.next_run_at,last_run_at=EXCLUDED.last_run_at,last_success_at=EXCLUDED.last_success_at,last_evidence_hash=EXCLUDED.last_evidence_hash,consecutive_failures=0,status='HEALTHY',updated_at=EXCLUDED.updated_at`);%0A+       return res.json({ runId, provider, observationCount: observations.length, ...result });%0A+     } catch (error) {%0A+       const completedAt = new Date().toISOString();%0A+       await db.execute(sql`UPDATE trust_collection_runs SET completed_at=${completedAt},status='FAILED',error_code='COLLECTION_FAILED',error_message=${error instanceof Error ? error.message.slice(0,1000) : 'COLLECTION_FAILED'} WHERE id=${runId} AND tenant_id=${tenantId}`).catch(() => undefined);%0A+       await db.execute(sql`UPDATE trust_monitoring_state SET last_run_at=${completedAt},last_failure_at=${completedAt},consecutive_failures=consecutive_failures+1,status=CASE WHEN consecutive_failures+1 >= 5 THEN 'FAILED' ELSE 'DEGRADED' END,updated_at=${completedAt} WHERE tenant_id=${tenantId} AND passport_id=${passportId} AND provider=${provider}`).catch(() => undefined);%0A+       return next(error);%0A+     }%0A+   });%0A+%0A+   const findingsWithRemediationSelect = sql`%0A+     SELECT f.*, r.id AS remediation_id, r.status AS remediation_status, r.owner_id AS remediation_owner_id,%0A+            r.owner_display AS remediation_owner_display, r.sla_due_at AS remediation_sla_due_at, r.updated_at AS remediation_updated_at%0A+     FROM trust_findings f%0A+     LEFT JOIN LATERAL (%0A+       SELECT * FROM trust_remediation_work_items w%0A+       WHERE w.tenant_id = f.tenant_id AND w.finding_id = f.id%0A+       ORDER BY w.created_at DESC LIMIT 1%0A+     ) r ON true%0A+   `;%0A+   router.get('/findings', async (req: AuthenticatedRequest, res, next) => {%0A+     try {%0A+       const db = req.db!;%0A+       const tenantId = req.user!.tenantId;%0A+       const passportId = typeof req.query.passportId === 'string' ? req.query.passportId : null;%0A+       const rows = passportId%0A+         ? await db.execute(sql`${findingsWithRemediationSelect} WHERE f.tenant_id=${tenantId} AND f.passport_id=${passportId} ORDER BY CASE f.severity WHEN 'critical' THEN 1 WHEN 'high' THEN 2 WHEN 'medium' THEN 3 WHEN 'low' THEN 4 ELSE 5 END,f.updated_at DESC`)%0A+         : await db.execute(sql`${findingsWithRemediationSelect} WHERE f.tenant_id=${tenantId} ORDER BY f.updated_at DESC`);%0A+       return res.json({ findings: (rows as any).rows || [] });%0A+     } catch (error) { return next(error); }%0A+   });%0A+%0A+   router.post('/remediations', async (req: AuthenticatedRequest, res, next) => {%0A+     const parsed = remediationSchema.safeParse(req.body);%0A+     if (!parsed.success) return res.status(400).json({ error: 'INVALID_PAYLOAD', details: parsed.error.flatten() });%0A+     try {%0A+       const db = req.db!;%0A+       const p = parsed.data;%0A+       const tenantId = req.user!.tenantId;%0A+       const finding = (await db.execute(sql`SELECT id,client_id,passport_id,title,description FROM trust_findings WHERE id=${p.findingId} AND tenant_id=${tenantId} LIMIT 1`) as any).rows?.[0];%0A+       if (!finding) return res.status(404).json({ error: 'FINDING_NOT_FOUND' });%0A+       const now = new Date().toISOString();%0A+       const workId = id('remed');%0A+       await db.execute(sql`INSERT INTO trust_remediation_work_items (id,tenant_id,passport_id,finding_id,external_system,external_ticket_id,owner_id,owner_display,sla_due_at,status,remediation_plan,created_at,updated_at) VALUES (${workId},${tenantId},${finding.passport_id},${finding.id},${p.externalSystem},${p.externalTicketId ?? null},${p.assigneeId ?? null},${p.assigneeDisplay ?? null},${p.slaDueAt ?? null},'OPEN',${p.description || finding.description},${now},${now})`);%0A+       await db.execute(sql`INSERT INTO remediation_tasks (id,tenant_id,client_id,alert_id,title,description,priority,status,assignee_id,created_by,created_at,updated_at) VALUES (${workId},${tenantId},${finding.client_id},${finding.id},${p.title},${p.description || finding.description},${p.priority},'OPEN',${p.assigneeId ?? null},${req.user!.uid},${now},${now})`);%0A+       const created = (await db.execute(sql`SELECT * FROM trust_remediation_work_items WHERE id=${workId} AND tenant_id=${tenantId} LIMIT 1`) as any).rows?.[0];%0A+       return res.status(201).json({ ...created, title: p.title });%0A+     } catch (error) { return next(error); }%0A+   });%0A+%0A+   router.get('/remediations/:id', async (req: AuthenticatedRequest, res, next) => {%0A+     try {%0A+       const db = req.db!;%0A+       const tenantId = req.user!.tenantId;%0A+       const row = (await db.execute(sql`SELECT w.*, f.title AS finding_title FROM trust_remediation_work_items w JOIN trust_findings f ON f.id = w.finding_id AND f.tenant_id = w.tenant_id WHERE w.id=${req.params.id} AND w.tenant_id=${tenantId} LIMIT 1`) as any).rows?.[0];%0A+       if (!row) return res.status(404).json({ error: 'REMEDIATION_NOT_FOUND' });%0A+       return res.json({ ...row, title: row.finding_title });%0A+     } catch (error) { return next(error); }%0A+   });%0A+%0A+   router.post('/remediations/:id/verify-latest', async (req: AuthenticatedRequest, res, next) => {%0A+     try {%0A+       const db = req.db!;%0A+       const tenantId = req.user!.tenantId;%0A+       const work = (await db.execute(sql`SELECT id,finding_id,passport_id FROM trust_remediation_work_items WHERE id=${req.params.id} AND tenant_id=${tenantId} LIMIT 1`) as any).rows?.[0];%0A+       if (!work) return res.status(404).json({ error: 'REMEDIATION_NOT_FOUND' });%0A+       const latestObservation = (await db.execute(sql`SELECT id,evidence_ids FROM trust_observations WHERE tenant_id=${tenantId} AND passport_id=${work.passport_id} ORDER BY observation_version DESC LIMIT 1`) as any).rows?.[0];%0A+       if (!latestObservation) return res.status(409).json({ error: 'NO_OBSERVATION_ON_FILE', message: 'SPR has no recorded observation for this software yet. Collect evidence before verifying.' });%0A+       const evidenceIds: string[] = parseJson(latestObservation.evidence_ids, []) as string[];%0A+       const result = await verifyRemediation({ tenantId, findingId: work.finding_id, observationIds: [latestObservation.id], evidenceIds, actorId: req.user!.uid });%0A+       const now = new Date().toISOString();%0A+       await db.execute(sql`UPDATE trust_remediation_work_items SET status='VERIFIED',updated_at=${now},closed_at=${now} WHERE id=${work.id} AND tenant_id=${tenantId}`);%0A+       const row = (await db.execute(sql`SELECT * FROM trust_remediation_work_items WHERE id=${work.id} AND tenant_id=${tenantId} LIMIT 1`) as any).rows?.[0];%0A+       return res.json({ ...row, verification: result });%0A+     } catch (error: any) {%0A+       const message = error instanceof Error ? error.message : String(error);%0A+       if (/^VERIFICATION_|^FINDING_NOT_FOUND$/.test(message)) return res.status(409).json({ error: message });%0A+       return next(error);%0A+     }%0A+   });%0A+%0A+   router.patch('/remediations/:id', async (req: AuthenticatedRequest, res, next) => {%0A+     const parsed = remediationUpdateSchema.safeParse(req.body);%0A+     if (!parsed.success) return res.status(400).json({ error: 'INVALID_PAYLOAD', details: parsed.error.flatten() });%0A+     try {%0A+       const db = req.db!;%0A+       const tenantId = req.user!.tenantId;%0A+       const p = parsed.data;%0A+       const now = new Date().toISOString();%0A+       const rows = await db.execute(sql`UPDATE trust_remediation_work_items SET status=${p.status},owner_id=COALESCE(${p.ownerId ?? null},owner_id),owner_display=COALESCE(${p.ownerDisplay ?? null},owner_display),sla_due_at=CASE WHEN ${p.slaDueAt === undefined} THEN sla_due_at ELSE ${p.slaDueAt} END,updated_at=${now},closed_at=CASE WHEN ${p.status} IN ('CLOSED','VERIFIED') THEN ${now} ELSE closed_at END WHERE id=${req.params.id} AND tenant_id=${tenantId} RETURNING *`);%0A+       const row = (rows as any).rows?.[0];%0A+       if (!row) return res.status(404).json({ error: 'REMEDIATION_NOT_FOUND' });%0A+       return res.json(row);%0A+     } catch (error) { return next(error); }%0A+   });%0A+%0A+   router.post('/verify', async (req: AuthenticatedRequest, res, next) => {%0A+     const parsed = verifySchema.safeParse(req.body);%0A+     if (!parsed.success) return res.status(400).json({ error: 'INVALID_PAYLOAD', details: parsed.error.flatten() });%0A+     try {%0A+       const db = req.db!;%0A+       const result = await verifyRemediation({ ...parsed.data, tenantId: req.user!.tenantId, actorId: req.user!.uid });%0A+       await db.execute(sql`UPDATE trust_remediation_work_items SET status='VERIFIED',updated_at=${new Date().toISOString()},closed_at=${new Date().toISOString()} WHERE tenant_id=${req.user!.tenantId} AND finding_id=${parsed.data.findingId}`);%0A+       return res.json(result);%0A+     } catch (error) { return next(error); }%0A+   });%0A+%0A+   router.get('/monitoring', async (req: AuthenticatedRequest, res, next) => {%0A+     try {%0A+       const db = req.db!;%0A+       const tenantId = req.user!.tenantId;%0A+       const passportId = typeof req.query.passportId === 'string' ? req.query.passportId : null;%0A+       const rows = passportId ? await db.execute(sql`SELECT * FROM trust_monitoring_state WHERE tenant_id=${tenantId} AND passport_id=${passportId} ORDER BY provider`) : await db.execute(sql`SELECT * FROM trust_monitoring_state WHERE tenant_id=${tenantId} ORDER BY passport_id,provider`);%0A+       const alerts = passportId ? await db.execute(sql`SELECT * FROM trust_alerts WHERE tenant_id=${tenantId} AND passport_id=${passportId} ORDER BY created_at DESC`) : await db.execute(sql`SELECT * FROM trust_alerts WHERE tenant_id=${tenantId} ORDER BY created_at DESC`);%0A+       return res.json({ monitoring: (rows as any).rows || [], alerts: (alerts as any).rows || [] });%0A+     } catch (error) { return next(error); }%0A+   });%0A+%0A+   router.get('/ledger/:passportId', async (req: AuthenticatedRequest, res, next) => {%0A+     try {%0A+       const db = req.db!;%0A+       const tenantId = req.user!.tenantId;%0A+       const passportId = req.params.passportId;%0A+       const scope = await db.execute(sql`SELECT id FROM passports WHERE id=${passportId} AND tenant_id=${tenantId} LIMIT 1`);%0A+       if (!(scope as any).rows?.length) return res.status(404).json({ error: 'PASSPORT_NOT_FOUND' });%0A+       const observations = await db.execute(sql`SELECT id,observation_version,generated_at,previous_observation_id,evidence_ids,finding_ids,canonical_payload_hash,completeness_basis_points,open_finding_count,unknown_dimension_count FROM trust_observations WHERE tenant_id=${tenantId} AND passport_id=${passportId} ORDER BY observation_version DESC`);%0A+       const evidence = await db.execute(sql`SELECT id,provider,control_id,subject,source_url,observed_at,verification_method,status,severity,evidence_hash,limitation FROM evidence_ledger WHERE tenant_id=${tenantId} AND passport_id=${passportId} ORDER BY observed_at DESC`);%0A+       const findings = await db.execute(sql`SELECT id,control_id,title,severity,status,evidence_ids,fingerprint,updated_at,resolved_at FROM trust_findings WHERE tenant_id=${tenantId} AND passport_id=${passportId} ORDER BY updated_at DESC`);%0A+       const remediation = await db.execute(sql`SELECT * FROM trust_remediation_work_items WHERE tenant_id=${tenantId} AND passport_id=${passportId} ORDER BY updated_at DESC`);%0A+       const verification = await db.execute(sql`SELECT * FROM remediation_verification_ledger WHERE tenant_id=${tenantId} AND finding_id IN (SELECT id FROM trust_findings WHERE tenant_id=${tenantId} AND passport_id=${passportId}) ORDER BY created_at DESC`);%0A+       return res.json({ observations: (observations as any).rows || [], findings: (findings as any).rows || [], evidence: (evidence as any).rows || [], remediation: (remediation as any).rows || [], verification: (verification as any).rows || [], trace: 'Report -> Passport -> Risk -> Finding -> Observation -> Provider -> Source -> Timestamp -> Hash' });%0A+     } catch (error) { return next(error); }%0A+   });%0A+%0A+   router.get('/reports/:passportId/history', async (req: AuthenticatedRequest, res, next) => {%0A+     try {%0A+       const db = req.db!;%0A+       const tenantId = req.user!.tenantId;%0A+       const passportId = req.params.passportId;%0A+       const typeFilter = typeof req.query.type === 'string' ? reportTypes.safeParse(req.query.type) : null;%0A+       if (typeFilter && !typeFilter.success) return res.status(400).json({ error: 'INVALID_REPORT_TYPE' });%0A+       const rows = typeFilter?.success%0A+         ? await db.execute(sql`SELECT id,report_type,generated_at,score,confidence_basis_points,completeness_basis_points,canonical_payload_hash FROM trust_report_snapshots WHERE tenant_id=${tenantId} AND passport_id=${passportId} AND report_type=${typeFilter.data} ORDER BY generated_at DESC LIMIT 50`)%0A+         : await db.execute(sql`SELECT id,report_type,generated_at,score,confidence_basis_points,completeness_basis_points,canonical_payload_hash FROM trust_report_snapshots WHERE tenant_id=${tenantId} AND passport_id=${passportId} ORDER BY generated_at DESC LIMIT 50`);%0A+       return res.json({ snapshots: (rows as any).rows || [] });%0A+     } catch (error) { return next(error); }%0A+   });%0A+%0A+   router.get('/reports/:passportId/history/:snapshotId', async (req: AuthenticatedRequest, res, next) => {%0A+     try {%0A+       const db = req.db!;%0A+       const tenantId = req.user!.tenantId;%0A+       const row = (await db.execute(sql`SELECT payload,canonical_payload_hash,generated_at,report_type FROM trust_report_snapshots WHERE id=${req.params.snapshotId} AND tenant_id=${tenantId} AND passport_id=${req.params.passportId} LIMIT 1`) as any).rows?.[0];%0A+       if (!row) return res.status(404).json({ error: 'REPORT_SNAPSHOT_NOT_FOUND' });%0A+       const payload = parseJson(row.payload, {});%0A+       return res.json({ ...(payload as object), reportHash: row.canonical_payload_hash });%0A+     } catch (error) { return next(error); }%0A+   });%0A+%0A+   router.get('/reports/:passportId', async (req: AuthenticatedRequest, res, next) => {%0A+     try {%0A+       const parsed = reportTypes.safeParse(req.query.type || 'executive');%0A+       if (!parsed.success) return res.status(400).json({ error: 'INVALID_REPORT_TYPE' });%0A+       const report = await buildAndPersistReport(req.db!, req.user!.tenantId, String(req.params.passportId), parsed.data);%0A+       if (!report) return res.status(404).json({ error: 'PASSPORT_NOT_FOUND' });%0A+       return res.json(report);%0A+     } catch (error) { return next(error); }%0A+   });%0A+%0A+   return router;%0A+ }%0A+%0A+ export async function buildAndPersistReport(db: any, tenantId: string, passportId: string, reportType: string) {%0A+   const passport = (await db.execute(sql`SELECT id,name,overall_score,security_score,compliance_score,verification_status,confidence_score,evidence_completeness,sbom,evidence,vulnerabilities,timeline FROM passports WHERE id=${passportId} AND tenant_id=${tenantId} LIMIT 1`) as any).rows?.[0];%0A+   if (!passport) return null;%0A+   const findings = (await db.execute(sql`SELECT id,control_id,title,severity,status,description,remediation,evidence_ids,updated_at,resolved_at FROM trust_findings WHERE tenant_id=${tenantId} AND passport_id=${passportId} ORDER BY CASE severity WHEN 'critical' THEN 1 WHEN 'high' THEN 2 WHEN 'medium' THEN 3 WHEN 'low' THEN 4 ELSE 5 END,updated_at DESC`) as any).rows || [];%0A+   const evidence = (await db.execute(sql`SELECT id,provider,control_id,subject,source_url,observed_at,verification_method,status,severity,evidence_hash,limitation FROM evidence_ledger WHERE tenant_id=${tenantId} AND passport_id=${passportId} ORDER BY observed_at DESC`) as any).rows || [];%0A+   const observations = (await db.execute(sql`SELECT id,observation_version,generated_at,previous_observation_id,evidence_ids,finding_ids,canonical_payload_hash,completeness_basis_points,confidence_basis_points,open_finding_count,unknown_dimension_count FROM trust_observations WHERE tenant_id=${tenantId} AND passport_id=${passportId} ORDER BY observation_version DESC`) as any).rows || [];%0A+   const remediation = (await db.execute(sql`SELECT * FROM trust_remediation_work_items WHERE tenant_id=${tenantId} AND passport_id=${passportId} ORDER BY updated_at DESC`) as any).rows || [];%0A+   const verification = (await db.execute(sql`SELECT * FROM remediation_verification_ledger WHERE tenant_id=${tenantId} AND finding_id IN (SELECT id FROM trust_findings WHERE tenant_id=${tenantId} AND passport_id=${passportId}) ORDER BY created_at DESC`) as any).rows || [];%0A+   const latest = observations[0];%0A+   const risk = deriveReportRiskFields(passport as ReportPassportRow);%0A+   const report = {%0A+     schemaVersion: 'spr.report.v2', reportType, generatedAt: new Date().toISOString(), passport: { id: passport.id, name: passport.name },%0A+     risk: { overall: risk.canonicalScore, security: passport.security_score, compliance: passport.compliance_score, verificationStatus: risk.verificationStatus },%0A+     evidenceQuality: { completenessBasisPoints: risk.completenessBasisPoints, confidenceBasisPoints: risk.confidenceBasisPoints, unknownDimensions: latest?.unknown_dimension_count ?? 0, latestObservationAt: latest?.generated_at ?? null },%0A+     findings, evidence, observations, remediation, verification,%0A+     traceability: 'Report -> Passport -> Risk -> Finding -> Observation -> Provider -> Source -> Timestamp -> Hash',%0A+     resolutionTraceability: 'Finding -> remediation -> new observation -> independent verification',%0A+     limitations: evidence.filter((item: any) => item.limitation).map((item: any) => ({ evidenceId: item.id, limitation: item.limitation })),%0A+     ...buildReportTypeExtras(reportType, passport, findings),%0A+   };%0A+   const canonicalPayload = JSON.stringify(report);%0A+   const reportHash = crypto.createHash('sha256').update(canonicalPayload).digest('hex');%0A+   await db.execute(sql`INSERT INTO trust_report_snapshots (id,tenant_id,passport_id,report_type,generated_at,score,confidence_basis_points,completeness_basis_points,evidence_ids,finding_ids,observation_id,canonical_payload_hash,payload,created_at) VALUES (${id('report')},${tenantId},${passportId},${reportType},${report.generatedAt},${risk.canonicalScore},${risk.confidenceBasisPoints},${risk.completenessBasisPoints},${JSON.stringify(evidence.map((item: any) => item.id))},${JSON.stringify(findings.map((item: any) => item.id))},${latest?.id ?? null},${reportHash},${canonicalPayload},${report.generatedAt}) ON CONFLICT (tenant_id,passport_id,report_type,canonical_payload_hash) DO NOTHING`);%0A+   return { ...report, reportHash };%0A+ }%0A+%0A%0A ❯ tests/monitoring-contract.test.ts:51:15%0A%0A

::error file=/home/runner/work/software-passport-registry/software-passport-registry/tests/monitoring-contract.test.ts,title=tests/monitoring-contract.test.ts > monitoring enrollment UI > accepts the tenant's real clients and passports instead of inventing its own list,line=112,column=15::AssertionError: expected 'import { useEffect, useState } from \…' to contain 'passports = [], clients = []'%0A%0A- Expected%0A+ Received%0A%0A- passports = [], clients = []%0A+ import { useEffect, useState } from 'react';%0A+ import { Activity, AlertCircle, CheckCircle2, Clock3, Play, RefreshCw, XCircle } from 'lucide-react';%0A+ import { apiFetch } from '../utils/apiClient';%0A+%0A+ type Configuration = { id: string; clientId: string; collectorId: string; subjectIdentifier: string; enabled: boolean; lastStatus: string; lastObservedAt?: string | null; nextScheduledAt: string; };%0A+ type CollectorJob = { id: string; monitoringConfigurationId: string; collectorId: string; state: string; createdAt: string; completedAt?: string | null; };%0A+%0A+ const readable = (value?: string | null) => value ? new Date(value).toLocaleString() : 'Not yet observed';%0A+%0A+ export default function MonitoringView({ role = 'Viewer' }: { role?: string }) {%0A+   const canRun = role === 'Owner' || role === 'Admin' || role === 'Technician';%0A+   const [configurations, setConfigurations] = useState<Configuration[]>([]);%0A+   const [jobs, setJobs] = useState<CollectorJob[]>([]);%0A+   const [loading, setLoading] = useState(true);%0A+   const [error, setError] = useState<string | null>(null);%0A+   const [running, setRunning] = useState<string | null>(null);%0A+%0A+   const load = async () => {%0A+     setLoading(true); setError(null);%0A+     try {%0A+       const [configResponse, jobsResponse] = await Promise.all([apiFetch('/api/monitoring/monitoring-configurations'), apiFetch('/api/monitoring/collector-jobs')]);%0A+       if (!configResponse.ok) {%0A+         const body = await configResponse.json().catch(() => ({}));%0A+         throw new Error(body?.error?.message || body?.error || 'Monitoring data could not be loaded.');%0A+       }%0A+       setConfigurations(await configResponse.json());%0A+       if (jobsResponse.ok) setJobs(await jobsResponse.json());%0A+     } catch (cause: any) { setError(cause?.message || 'Monitoring data could not be loaded.'); }%0A+     finally { setLoading(false); }%0A+   };%0A+   useEffect(() => { void load(); }, []);%0A+   const run = async (id: string) => {%0A+     setRunning(id); setError(null);%0A+     try {%0A+       const response = await apiFetch(`/api/monitoring/monitoring-configurations/${id}/run`, { method: 'POST' });%0A+       if (!response.ok) { const body = await response.json().catch(() => ({})); throw new Error(body?.error || 'SPR could not queue this verification.'); }%0A+       await load();%0A+     } catch (cause: any) { setError(cause?.message || 'SPR could not queue this verification.'); }%0A+     finally { setRunning(null); }%0A+   };%0A+   const latest = (id: string) => jobs.find(job => job.monitoringConfigurationId === id);%0A+%0A+   return (%0A+     <section className="space-y-4" id="monitoring-workspace">%0A+       <div className="flex items-center justify-between gap-4">%0A+         <div>%0A+           <h1 className="text-[22px] font-semibold text-[#201f1e]">Continuous verification</h1>%0A+           <p className="mt-1 text-[13px] text-[#605e5c]">Monitoring queues configured server-side collectors. A queued run is not a completed or verified result.</p>%0A+         </div>%0A+         <button onClick={() => void load()} disabled={loading} className="inline-flex h-9 shrink-0 items-center justify-center gap-2 rounded border border-[#c8c6c4] px-3 text-[13px] font-medium text-[#323130] hover:bg-black/[.03] disabled:opacity-50">%0A+           <RefreshCw className={`h-3.5 w-3.5 ${loading ? 'animate-spin' : ''}`} />Refresh%0A+         </button>%0A+       </div>%0A+%0A+       <details className="rounded-md border border-[#e1dfdd] bg-[#faf9f8] text-[13px]">%0A+         <summary className="cursor-pointer select-none px-3 py-2 font-medium text-[#323130]">ⓘ What is this? · How it works</summary>%0A+         <div className="px-3 pb-3 text-[#605e5c]">%0A+           <p>Each row is a server-side collector configured to watch a subject. Re-verifying queues a fresh check; it does not itself guarantee an updated result.</p>%0A+           <ol className="mt-1.5 list-decimal space-y-0.5 pl-4">%0A+             <li>Review last observed and last run status for each configured source.</li>%0A+             <li>Select re-verify to queue a new check (requires Owner, Admin or Technician).</li>%0A+             <li>An administrator must configure a source before this tenant has any monitoring coverage.</li>%0A+           </ol>%0A+         </div>%0A+       </details>%0A+%0A+       {error && (%0A+         <div role="alert" className="flex gap-3 rounded-md border border-[#f3d6d8] bg-[#fdf2f2] p-3 text-[13px] text-[#a4262c]">%0A+           <AlertCircle className="h-4 w-4 shrink-0" />%0A+           <div><p className="font-semibold">Verification unavailable</p><p className="mt-1">{error}</p></div>%0A+         </div>%0A+       )}%0A+%0A+       {loading ? (%0A+         <div className="rounded-md border border-[#e1dfdd] bg-white p-4">%0A+           <div className="space-y-2">{[1, 2].map(item => <div key={item} className="h-10 animate-pulse rounded bg-[#f3f2f1]" />)}</div>%0A+         </div>%0A+       ) : configurations.length ? (%0A+         <div className="overflow-x-auto rounded-md border border-[#e1dfdd] bg-white">%0A+           <table className="w-full min-w-[760px] border-collapse text-left">%0A+             <thead>%0A+               <tr className="border-b border-[#e1dfdd] text-[11px] uppercase tracking-wide text-[#605e5c]">%0A+                 <th className="px-4 py-2.5 font-medium">Collector / subject</th>%0A+                 <th className="px-4 py-2.5 font-medium">Status</th>%0A+                 <th className="px-4 py-2.5 font-medium">Last observed</th>%0A+                 <th className="px-4 py-2.5 font-medium">Last run</th>%0A+                 <th className="px-4 py-2.5 font-medium">Next check</th>%0A+                 <th className="px-4 py-2.5 font-medium"></th>%0A+               </tr>%0A+             </thead>%0A+             <tbody>%0A+               {configurations.map(config => {%0A+                 const job = latest(config.id);%0A+                 return (%0A+                   <tr key={config.id} className="border-b border-[#f3f2f1] text-[13px]">%0A+                     <td className="px-4 py-2.5">%0A+                       <div className="text-[11px] uppercase tracking-wide text-[#8a8886]">{config.collectorId.replace('_', ' ')} collector</div>%0A+                       <div className="mt-0.5 break-all font-medium text-[#201f1e]">{config.subjectIdentifier}</div>%0A+                     </td>%0A+                     <td className="px-4 py-2.5">%0A+                       <span className="inline-flex items-center gap-1.5">%0A+                         <span className={`h-1.5 w-1.5 rounded-full ${config.enabled ? 'bg-[#0e700e]' : 'bg-[#8a8886]'}`} />%0A+                         {config.enabled ? 'Watching' : 'Paused'}%0A+                       </span>%0A+                     </td>%0A+                     <td className="px-4 py-2.5 text-[#605e5c]"><span className="inline-flex items-center gap-1.5"><Clock3 className="h-3.5 w-3.5 text-[#8a8886]" />{readable(config.lastObservedAt)}</span></td>%0A+                     <td className="px-4 py-2.5 text-[#605e5c]"><span className="inline-flex items-center gap-1.5"><Activity className="h-3.5 w-3.5 text-[#8a8886]" />{job ? `${job.state} · ${readable(job.completedAt || job.createdAt)}` : 'No run recorded'}</span></td>%0A+                     <td className="px-4 py-2.5 text-[#605e5c]"><span className="inline-flex items-center gap-1.5"><CheckCircle2 className="h-3.5 w-3.5 text-[#8a8886]" />{readable(config.nextScheduledAt)}</span></td>%0A+                     <td className="px-4 py-2.5 text-right">%0A+                       <button%0A+                         onClick={() => void run(config.id)}%0A+                         disabled={!canRun || !config.enabled || running === config.id}%0A+                         title={!canRun ? `Your ${role} role cannot run verifications.` : undefined}%0A+                         className="inline-flex h-8 items-center gap-1.5 rounded bg-[#0f6cbd] px-3 text-[12px] font-medium text-white hover:bg-[#004578] disabled:cursor-not-allowed disabled:opacity-50"%0A+                       >%0A+                         <Play className="h-3.5 w-3.5" />{running === config.id ? 'Queueing…' : 'Re-verify'}%0A+                       </button>%0A+                     </td>%0A+                   </tr>%0A+                 );%0A+               })}%0A+             </tbody>%0A+           </table>%0A+         </div>%0A+       ) : (%0A+         <div className="rounded-md border border-[#e1dfdd] bg-white px-6 py-10 text-center">%0A+           <XCircle className="mx-auto h-6 w-6 text-[#c8c6c4]" />%0A+           <h2 className="mt-2 text-[13px] font-semibold text-[#201f1e]">No verification sources configured</h2>%0A+           <p className="mx-auto mt-1 max-w-md text-[12px] leading-5 text-[#605e5c]">SPR cannot claim continuous coverage until an administrator configures a monitored source for this tenant.</p>%0A+         </div>%0A+       )}%0A+     </section>%0A+   );%0A+ }%0A+%0A%0A ❯ tests/monitoring-contract.test.ts:112:15%0A%0A

::error file=/home/runner/work/software-passport-registry/software-passport-registry/tests/monitoring-contract.test.ts,title=tests/monitoring-contract.test.ts > monitoring enrollment UI > is restricted to Owner/Admin%2C matching the backend requireRole('Admin') on the create route,line=117,column=15::AssertionError: expected 'import { useEffect, useState } from \…' to contain 'const canEnroll = role === \'Owner\' …'%0A%0A- Expected%0A+ Received%0A%0A- const canEnroll = role === 'Owner' || role === 'Admin';%0A+ import { useEffect, useState } from 'react';%0A+ import { Activity, AlertCircle, CheckCircle2, Clock3, Play, RefreshCw, XCircle } from 'lucide-react';%0A+ import { apiFetch } from '../utils/apiClient';%0A+%0A+ type Configuration = { id: string; clientId: string; collectorId: string; subjectIdentifier: string; enabled: boolean; lastStatus: string; lastObservedAt?: string | null; nextScheduledAt: string; };%0A+ type CollectorJob = { id: string; monitoringConfigurationId: string; collectorId: string; state: string; createdAt: string; completedAt?: string | null; };%0A+%0A+ const readable = (value?: string | null) => value ? new Date(value).toLocaleString() : 'Not yet observed';%0A+%0A+ export default function MonitoringView({ role = 'Viewer' }: { role?: string }) {%0A+   const canRun = role === 'Owner' || role === 'Admin' || role === 'Technician';%0A+   const [configurations, setConfigurations] = useState<Configuration[]>([]);%0A+   const [jobs, setJobs] = useState<CollectorJob[]>([]);%0A+   const [loading, setLoading] = useState(true);%0A+   const [error, setError] = useState<string | null>(null);%0A+   const [running, setRunning] = useState<string | null>(null);%0A+%0A+   const load = async () => {%0A+     setLoading(true); setError(null);%0A+     try {%0A+       const [configResponse, jobsResponse] = await Promise.all([apiFetch('/api/monitoring/monitoring-configurations'), apiFetch('/api/monitoring/collector-jobs')]);%0A+       if (!configResponse.ok) {%0A+         const body = await configResponse.json().catch(() => ({}));%0A+         throw new Error(body?.error?.message || body?.error || 'Monitoring data could not be loaded.');%0A+       }%0A+       setConfigurations(await configResponse.json());%0A+       if (jobsResponse.ok) setJobs(await jobsResponse.json());%0A+     } catch (cause: any) { setError(cause?.message || 'Monitoring data could not be loaded.'); }%0A+     finally { setLoading(false); }%0A+   };%0A+   useEffect(() => { void load(); }, []);%0A+   const run = async (id: string) => {%0A+     setRunning(id); setError(null);%0A+     try {%0A+       const response = await apiFetch(`/api/monitoring/monitoring-configurations/${id}/run`, { method: 'POST' });%0A+       if (!response.ok) { const body = await response.json().catch(() => ({})); throw new Error(body?.error || 'SPR could not queue this verification.'); }%0A+       await load();%0A+     } catch (cause: any) { setError(cause?.message || 'SPR could not queue this verification.'); }%0A+     finally { setRunning(null); }%0A+   };%0A+   const latest = (id: string) => jobs.find(job => job.monitoringConfigurationId === id);%0A+%0A+   return (%0A+     <section className="space-y-4" id="monitoring-workspace">%0A+       <div className="flex items-center justify-between gap-4">%0A+         <div>%0A+           <h1 className="text-[22px] font-semibold text-[#201f1e]">Continuous verification</h1>%0A+           <p className="mt-1 text-[13px] text-[#605e5c]">Monitoring queues configured server-side collectors. A queued run is not a completed or verified result.</p>%0A+         </div>%0A+         <button onClick={() => void load()} disabled={loading} className="inline-flex h-9 shrink-0 items-center justify-center gap-2 rounded border border-[#c8c6c4] px-3 text-[13px] font-medium text-[#323130] hover:bg-black/[.03] disabled:opacity-50">%0A+           <RefreshCw className={`h-3.5 w-3.5 ${loading ? 'animate-spin' : ''}`} />Refresh%0A+         </button>%0A+       </div>%0A+%0A+       <details className="rounded-md border border-[#e1dfdd] bg-[#faf9f8] text-[13px]">%0A+         <summary className="cursor-pointer select-none px-3 py-2 font-medium text-[#323130]">ⓘ What is this? · How it works</summary>%0A+         <div className="px-3 pb-3 text-[#605e5c]">%0A+           <p>Each row is a server-side collector configured to watch a subject. Re-verifying queues a fresh check; it does not itself guarantee an updated result.</p>%0A+           <ol className="mt-1.5 list-decimal space-y-0.5 pl-4">%0A+             <li>Review last observed and last run status for each configured source.</li>%0A+             <li>Select re-verify to queue a new check (requires Owner, Admin or Technician).</li>%0A+             <li>An administrator must configure a source before this tenant has any monitoring coverage.</li>%0A+           </ol>%0A+         </div>%0A+       </details>%0A+%0A+       {error && (%0A+         <div role="alert" className="flex gap-3 rounded-md border border-[#f3d6d8] bg-[#fdf2f2] p-3 text-[13px] text-[#a4262c]">%0A+           <AlertCircle className="h-4 w-4 shrink-0" />%0A+           <div><p className="font-semibold">Verification unavailable</p><p className="mt-1">{error}</p></div>%0A+         </div>%0A+       )}%0A+%0A+       {loading ? (%0A+         <div className="rounded-md border border-[#e1dfdd] bg-white p-4">%0A+           <div className="space-y-2">{[1, 2].map(item => <div key={item} className="h-10 animate-pulse rounded bg-[#f3f2f1]" />)}</div>%0A+         </div>%0A+       ) : configurations.length ? (%0A+         <div className="overflow-x-auto rounded-md border border-[#e1dfdd] bg-white">%0A+           <table className="w-full min-w-[760px] border-collapse text-left">%0A+             <thead>%0A+               <tr className="border-b border-[#e1dfdd] text-[11px] uppercase tracking-wide text-[#605e5c]">%0A+                 <th className="px-4 py-2.5 font-medium">Collector / subject</th>%0A+                 <th className="px-4 py-2.5 font-medium">Status</th>%0A+                 <th className="px-4 py-2.5 font-medium">Last observed</th>%0A+                 <th className="px-4 py-2.5 font-medium">Last run</th>%0A+                 <th className="px-4 py-2.5 font-medium">Next check</th>%0A+                 <th className="px-4 py-2.5 font-medium"></th>%0A+               </tr>%0A+             </thead>%0A+             <tbody>%0A+               {configurations.map(config => {%0A+                 const job = latest(config.id);%0A+                 return (%0A+                   <tr key={config.id} className="border-b border-[#f3f2f1] text-[13px]">%0A+                     <td className="px-4 py-2.5">%0A+                       <div className="text-[11px] uppercase tracking-wide text-[#8a8886]">{config.collectorId.replace('_', ' ')} collector</div>%0A+                       <div className="mt-0.5 break-all font-medium text-[#201f1e]">{config.subjectIdentifier}</div>%0A+                     </td>%0A+                     <td className="px-4 py-2.5">%0A+                       <span className="inline-flex items-center gap-1.5">%0A+                         <span className={`h-1.5 w-1.5 rounded-full ${config.enabled ? 'bg-[#0e700e]' : 'bg-[#8a8886]'}`} />%0A+                         {config.enabled ? 'Watching' : 'Paused'}%0A+                       </span>%0A+                     </td>%0A+                     <td className="px-4 py-2.5 text-[#605e5c]"><span className="inline-flex items-center gap-1.5"><Clock3 className="h-3.5 w-3.5 text-[#8a8886]" />{readable(config.lastObservedAt)}</span></td>%0A+                     <td className="px-4 py-2.5 text-[#605e5c]"><span className="inline-flex items-center gap-1.5"><Activity className="h-3.5 w-3.5 text-[#8a8886]" />{job ? `${job.state} · ${readable(job.completedAt || job.createdAt)}` : 'No run recorded'}</span></td>%0A+                     <td className="px-4 py-2.5 text-[#605e5c]"><span className="inline-flex items-center gap-1.5"><CheckCircle2 className="h-3.5 w-3.5 text-[#8a8886]" />{readable(config.nextScheduledAt)}</span></td>%0A+                     <td className="px-4 py-2.5 text-right">%0A+                       <button%0A+                         onClick={() => void run(config.id)}%0A+                         disabled={!canRun || !config.enabled || running === config.id}%0A+                         title={!canRun ? `Your ${role} role cannot run verifications.` : undefined}%0A+                         className="inline-flex h-8 items-center gap-1.5 rounded bg-[#0f6cbd] px-3 text-[12px] font-medium text-white hover:bg-[#004578] disabled:cursor-not-allowed disabled:opacity-50"%0A+                       >%0A+                         <Play className="h-3.5 w-3.5" />{running === config.id ? 'Queueing…' : 'Re-verify'}%0A+                       </button>%0A+                     </td>%0A+                   </tr>%0A+                 );%0A+               })}%0A+             </tbody>%0A+           </table>%0A+         </div>%0A+       ) : (%0A+         <div className="rounded-md border border-[#e1dfdd] bg-white px-6 py-10 text-center">%0A+           <XCircle className="mx-auto h-6 w-6 text-[#c8c6c4]" />%0A+           <h2 className="mt-2 text-[13px] font-semibold text-[#201f1e]">No verification sources configured</h2>%0A+           <p className="mx-auto mt-1 max-w-md text-[12px] leading-5 text-[#605e5c]">SPR cannot claim continuous coverage until an administrator configures a monitored source for this tenant.</p>%0A+         </div>%0A+       )}%0A+     </section>%0A+   );%0A+ }%0A+%0A%0A ❯ tests/monitoring-contract.test.ts:117:15%0A%0A

::error file=/home/runner/work/software-passport-registry/software-passport-registry/tests/monitoring-contract.test.ts,title=tests/monitoring-contract.test.ts > monitoring enrollment UI > submits independently-selected client and passport ids to the real creation endpoint,line=122,column=15::AssertionError: expected 'import { useEffect, useState } from \…' to contain 'apiFetch(\'/api/monitoring/monitoring…'%0A%0A- Expected%0A+ Received%0A%0A- apiFetch('/api/monitoring/monitoring-configurations', {%0A+ import { useEffect, useState } from 'react';%0A+ import { Activity, AlertCircle, CheckCircle2, Clock3, Play, RefreshCw, XCircle } from 'lucide-react';%0A+ import { apiFetch } from '../utils/apiClient';%0A+%0A+ type Configuration = { id: string; clientId: string; collectorId: string; subjectIdentifier: string; enabled: boolean; lastStatus: string; lastObservedAt?: string | null; nextScheduledAt: string; };%0A+ type CollectorJob = { id: string; monitoringConfigurationId: string; collectorId: string; state: string; createdAt: string; completedAt?: string | null; };%0A+%0A+ const readable = (value?: string | null) => value ? new Date(value).toLocaleString() : 'Not yet observed';%0A+%0A+ export default function MonitoringView({ role = 'Viewer' }: { role?: string }) {%0A+   const canRun = role === 'Owner' || role === 'Admin' || role === 'Technician';%0A+   const [configurations, setConfigurations] = useState<Configuration[]>([]);%0A+   const [jobs, setJobs] = useState<CollectorJob[]>([]);%0A+   const [loading, setLoading] = useState(true);%0A+   const [error, setError] = useState<string | null>(null);%0A+   const [running, setRunning] = useState<string | null>(null);%0A+%0A+   const load = async () => {%0A+     setLoading(true); setError(null);%0A+     try {%0A+       const [configResponse, jobsResponse] = await Promise.all([apiFetch('/api/monitoring/monitoring-configurations'), apiFetch('/api/monitoring/collector-jobs')]);%0A+       if (!configResponse.ok) {%0A+         const body = await configResponse.json().catch(() => ({}));%0A+         throw new Error(body?.error?.message || body?.error || 'Monitoring data could not be loaded.');%0A+       }%0A+       setConfigurations(await configResponse.json());%0A+       if (jobsResponse.ok) setJobs(await jobsResponse.json());%0A+     } catch (cause: any) { setError(cause?.message || 'Monitoring data could not be loaded.'); }%0A+     finally { setLoading(false); }%0A+   };%0A+   useEffect(() => { void load(); }, []);%0A+   const run = async (id: string) => {%0A+     setRunning(id); setError(null);%0A+     try {%0A+       const response = await apiFetch(`/api/monitoring/monitoring-configurations/${id}/run`, { method: 'POST' });%0A+       if (!response.ok) { const body = await response.json().catch(() => ({})); throw new Error(body?.error || 'SPR could not queue this verification.'); }%0A+       await load();%0A+     } catch (cause: any) { setError(cause?.message || 'SPR could not queue this verification.'); }%0A+     finally { setRunning(null); }%0A+   };%0A+   const latest = (id: string) => jobs.find(job => job.monitoringConfigurationId === id);%0A+%0A+   return (%0A+     <section className="space-y-4" id="monitoring-workspace">%0A+       <div className="flex items-center justify-between gap-4">%0A+         <div>%0A+           <h1 className="text-[22px] font-semibold text-[#201f1e]">Continuous verification</h1>%0A+           <p className="mt-1 text-[13px] text-[#605e5c]">Monitoring queues configured server-side collectors. A queued run is not a completed or verified result.</p>%0A+         </div>%0A+         <button onClick={() => void load()} disabled={loading} className="inline-flex h-9 shrink-0 items-center justify-center gap-2 rounded border border-[#c8c6c4] px-3 text-[13px] font-medium text-[#323130] hover:bg-black/[.03] disabled:opacity-50">%0A+           <RefreshCw className={`h-3.5 w-3.5 ${loading ? 'animate-spin' : ''}`} />Refresh%0A+         </button>%0A+       </div>%0A+%0A+       <details className="rounded-md border border-[#e1dfdd] bg-[#faf9f8] text-[13px]">%0A+         <summary className="cursor-pointer select-none px-3 py-2 font-medium text-[#323130]">ⓘ What is this? · How it works</summary>%0A+         <div className="px-3 pb-3 text-[#605e5c]">%0A+           <p>Each row is a server-side collector configured to watch a subject. Re-verifying queues a fresh check; it does not itself guarantee an updated result.</p>%0A+           <ol className="mt-1.5 list-decimal space-y-0.5 pl-4">%0A+             <li>Review last observed and last run status for each configured source.</li>%0A+             <li>Select re-verify to queue a new check (requires Owner, Admin or Technician).</li>%0A+             <li>An administrator must configure a source before this tenant has any monitoring coverage.</li>%0A+           </ol>%0A+         </div>%0A+       </details>%0A+%0A+       {error && (%0A+         <div role="alert" className="flex gap-3 rounded-md border border-[#f3d6d8] bg-[#fdf2f2] p-3 text-[13px] text-[#a4262c]">%0A+           <AlertCircle className="h-4 w-4 shrink-0" />%0A+           <div><p className="font-semibold">Verification unavailable</p><p className="mt-1">{error}</p></div>%0A+         </div>%0A+       )}%0A+%0A+       {loading ? (%0A+         <div className="rounded-md border border-[#e1dfdd] bg-white p-4">%0A+           <div className="space-y-2">{[1, 2].map(item => <div key={item} className="h-10 animate-pulse rounded bg-[#f3f2f1]" />)}</div>%0A+         </div>%0A+       ) : configurations.length ? (%0A+         <div className="overflow-x-auto rounded-md border border-[#e1dfdd] bg-white">%0A+           <table className="w-full min-w-[760px] border-collapse text-left">%0A+             <thead>%0A+               <tr className="border-b border-[#e1dfdd] text-[11px] uppercase tracking-wide text-[#605e5c]">%0A+                 <th className="px-4 py-2.5 font-medium">Collector / subject</th>%0A+                 <th className="px-4 py-2.5 font-medium">Status</th>%0A+                 <th className="px-4 py-2.5 font-medium">Last observed</th>%0A+                 <th className="px-4 py-2.5 font-medium">Last run</th>%0A+                 <th className="px-4 py-2.5 font-medium">Next check</th>%0A+                 <th className="px-4 py-2.5 font-medium"></th>%0A+               </tr>%0A+             </thead>%0A+             <tbody>%0A+               {configurations.map(config => {%0A+                 const job = latest(config.id);%0A+                 return (%0A+                   <tr key={config.id} className="border-b border-[#f3f2f1] text-[13px]">%0A+                     <td className="px-4 py-2.5">%0A+                       <div className="text-[11px] uppercase tracking-wide text-[#8a8886]">{config.collectorId.replace('_', ' ')} collector</div>%0A+                       <div className="mt-0.5 break-all font-medium text-[#201f1e]">{config.subjectIdentifier}</div>%0A+                     </td>%0A+                     <td className="px-4 py-2.5">%0A+                       <span className="inline-flex items-center gap-1.5">%0A+                         <span className={`h-1.5 w-1.5 rounded-full ${config.enabled ? 'bg-[#0e700e]' : 'bg-[#8a8886]'}`} />%0A+                         {config.enabled ? 'Watching' : 'Paused'}%0A+                       </span>%0A+                     </td>%0A+                     <td className="px-4 py-2.5 text-[#605e5c]"><span className="inline-flex items-center gap-1.5"><Clock3 className="h-3.5 w-3.5 text-[#8a8886]" />{readable(config.lastObservedAt)}</span></td>%0A+                     <td className="px-4 py-2.5 text-[#605e5c]"><span className="inline-flex items-center gap-1.5"><Activity className="h-3.5 w-3.5 text-[#8a8886]" />{job ? `${job.state} · ${readable(job.completedAt || job.createdAt)}` : 'No run recorded'}</span></td>%0A+                     <td className="px-4 py-2.5 text-[#605e5c]"><span className="inline-flex items-center gap-1.5"><CheckCircle2 className="h-3.5 w-3.5 text-[#8a8886]" />{readable(config.nextScheduledAt)}</span></td>%0A+                     <td className="px-4 py-2.5 text-right">%0A+                       <button%0A+                         onClick={() => void run(config.id)}%0A+                         disabled={!canRun || !config.enabled || running === config.id}%0A+                         title={!canRun ? `Your ${role} role cannot run verifications.` : undefined}%0A+                         className="inline-flex h-8 items-center gap-1.5 rounded bg-[#0f6cbd] px-3 text-[12px] font-medium text-white hover:bg-[#004578] disabled:cursor-not-allowed disabled:opacity-50"%0A+                       >%0A+                         <Play className="h-3.5 w-3.5" />{running === config.id ? 'Queueing…' : 'Re-verify'}%0A+                       </button>%0A+                     </td>%0A+                   </tr>%0A+                 );%0A+               })}%0A+             </tbody>%0A+           </table>%0A+         </div>%0A+       ) : (%0A+         <div className="rounded-md border border-[#e1dfdd] bg-white px-6 py-10 text-center">%0A+           <XCircle className="mx-auto h-6 w-6 text-[#c8c6c4]" />%0A+           <h2 className="mt-2 text-[13px] font-semibold text-[#201f1e]">No verification sources configured</h2>%0A+           <p className="mx-auto mt-1 max-w-md text-[12px] leading-5 text-[#605e5c]">SPR cannot claim continuous coverage until an administrator configures a monitored source for this tenant.</p>%0A+         </div>%0A+       )}%0A+     </section>%0A+   );%0A+ }%0A+%0A%0A ❯ tests/monitoring-contract.test.ts:122:15%0A%0A

::error file=/home/runner/work/software-passport-registry/software-passport-registry/tests/monitoring-contract.test.ts,title=tests/monitoring-contract.test.ts > monitoring enrollment UI > constrains the schedule choices to the selected collector's real minimum%2C not a hardcoded one,line=128,column=15::AssertionError: expected 'import { useEffect, useState } from \…' to contain 'collectorDefs.find((c) => c.id === en…'%0A%0A- Expected%0A+ Received%0A%0A- collectorDefs.find((c) => c.id === enrollCollectorId)?.minimumScheduleSeconds%0A+ import { useEffect, useState } from 'react';%0A+ import { Activity, AlertCircle, CheckCircle2, Clock3, Play, RefreshCw, XCircle } from 'lucide-react';%0A+ import { apiFetch } from '../utils/apiClient';%0A+%0A+ type Configuration = { id: string; clientId: string; collectorId: string; subjectIdentifier: string; enabled: boolean; lastStatus: string; lastObservedAt?: string | null; nextScheduledAt: string; };%0A+ type CollectorJob = { id: string; monitoringConfigurationId: string; collectorId: string; state: string; createdAt: string; completedAt?: string | null; };%0A+%0A+ const readable = (value?: string | null) => value ? new Date(value).toLocaleString() : 'Not yet observed';%0A+%0A+ export default function MonitoringView({ role = 'Viewer' }: { role?: string }) {%0A+   const canRun = role === 'Owner' || role === 'Admin' || role === 'Technician';%0A+   const [configurations, setConfigurations] = useState<Configuration[]>([]);%0A+   const [jobs, setJobs] = useState<CollectorJob[]>([]);%0A+   const [loading, setLoading] = useState(true);%0A+   const [error, setError] = useState<string | null>(null);%0A+   const [running, setRunning] = useState<string | null>(null);%0A+%0A+   const load = async () => {%0A+     setLoading(true); setError(null);%0A+     try {%0A+       const [configResponse, jobsResponse] = await Promise.all([apiFetch('/api/monitoring/monitoring-configurations'), apiFetch('/api/monitoring/collector-jobs')]);%0A+       if (!configResponse.ok) {%0A+         const body = await configResponse.json().catch(() => ({}));%0A+         throw new Error(body?.error?.message || body?.error || 'Monitoring data could not be loaded.');%0A+       }%0A+       setConfigurations(await configResponse.json());%0A+       if (jobsResponse.ok) setJobs(await jobsResponse.json());%0A+     } catch (cause: any) { setError(cause?.message || 'Monitoring data could not be loaded.'); }%0A+     finally { setLoading(false); }%0A+   };%0A+   useEffect(() => { void load(); }, []);%0A+   const run = async (id: string) => {%0A+     setRunning(id); setError(null);%0A+     try {%0A+       const response = await apiFetch(`/api/monitoring/monitoring-configurations/${id}/run`, { method: 'POST' });%0A+       if (!response.ok) { const body = await response.json().catch(() => ({})); throw new Error(body?.error || 'SPR could not queue this verification.'); }%0A+       await load();%0A+     } catch (cause: any) { setError(cause?.message || 'SPR could not queue this verification.'); }%0A+     finally { setRunning(null); }%0A+   };%0A+   const latest = (id: string) => jobs.find(job => job.monitoringConfigurationId === id);%0A+%0A+   return (%0A+     <section className="space-y-4" id="monitoring-workspace">%0A+       <div className="flex items-center justify-between gap-4">%0A+         <div>%0A+           <h1 className="text-[22px] font-semibold text-[#201f1e]">Continuous verification</h1>%0A+           <p className="mt-1 text-[13px] text-[#605e5c]">Monitoring queues configured server-side collectors. A queued run is not a completed or verified result.</p>%0A+         </div>%0A+         <button onClick={() => void load()} disabled={loading} className="inline-flex h-9 shrink-0 items-center justify-center gap-2 rounded border border-[#c8c6c4] px-3 text-[13px] font-medium text-[#323130] hover:bg-black/[.03] disabled:opacity-50">%0A+           <RefreshCw className={`h-3.5 w-3.5 ${loading ? 'animate-spin' : ''}`} />Refresh%0A+         </button>%0A+       </div>%0A+%0A+       <details className="rounded-md border border-[#e1dfdd] bg-[#faf9f8] text-[13px]">%0A+         <summary className="cursor-pointer select-none px-3 py-2 font-medium text-[#323130]">ⓘ What is this? · How it works</summary>%0A+         <div className="px-3 pb-3 text-[#605e5c]">%0A+           <p>Each row is a server-side collector configured to watch a subject. Re-verifying queues a fresh check; it does not itself guarantee an updated result.</p>%0A+           <ol className="mt-1.5 list-decimal space-y-0.5 pl-4">%0A+             <li>Review last observed and last run status for each configured source.</li>%0A+             <li>Select re-verify to queue a new check (requires Owner, Admin or Technician).</li>%0A+             <li>An administrator must configure a source before this tenant has any monitoring coverage.</li>%0A+           </ol>%0A+         </div>%0A+       </details>%0A+%0A+       {error && (%0A+         <div role="alert" className="flex gap-3 rounded-md border border-[#f3d6d8] bg-[#fdf2f2] p-3 text-[13px] text-[#a4262c]">%0A+           <AlertCircle className="h-4 w-4 shrink-0" />%0A+           <div><p className="font-semibold">Verification unavailable</p><p className="mt-1">{error}</p></div>%0A+         </div>%0A+       )}%0A+%0A+       {loading ? (%0A+         <div className="rounded-md border border-[#e1dfdd] bg-white p-4">%0A+           <div className="space-y-2">{[1, 2].map(item => <div key={item} className="h-10 animate-pulse rounded bg-[#f3f2f1]" />)}</div>%0A+         </div>%0A+       ) : configurations.length ? (%0A+         <div className="overflow-x-auto rounded-md border border-[#e1dfdd] bg-white">%0A+           <table className="w-full min-w-[760px] border-collapse text-left">%0A+             <thead>%0A+               <tr className="border-b border-[#e1dfdd] text-[11px] uppercase tracking-wide text-[#605e5c]">%0A+                 <th className="px-4 py-2.5 font-medium">Collector / subject</th>%0A+                 <th className="px-4 py-2.5 font-medium">Status</th>%0A+                 <th className="px-4 py-2.5 font-medium">Last observed</th>%0A+                 <th className="px-4 py-2.5 font-medium">Last run</th>%0A+                 <th className="px-4 py-2.5 font-medium">Next check</th>%0A+                 <th className="px-4 py-2.5 font-medium"></th>%0A+               </tr>%0A+             </thead>%0A+             <tbody>%0A+               {configurations.map(config => {%0A+                 const job = latest(config.id);%0A+                 return (%0A+                   <tr key={config.id} className="border-b border-[#f3f2f1] text-[13px]">%0A+                     <td className="px-4 py-2.5">%0A+                       <div className="text-[11px] uppercase tracking-wide text-[#8a8886]">{config.collectorId.replace('_', ' ')} collector</div>%0A+                       <div className="mt-0.5 break-all font-medium text-[#201f1e]">{config.subjectIdentifier}</div>%0A+                     </td>%0A+                     <td className="px-4 py-2.5">%0A+                       <span className="inline-flex items-center gap-1.5">%0A+                         <span className={`h-1.5 w-1.5 rounded-full ${config.enabled ? 'bg-[#0e700e]' : 'bg-[#8a8886]'}`} />%0A+                         {config.enabled ? 'Watching' : 'Paused'}%0A+                       </span>%0A+                     </td>%0A+                     <td className="px-4 py-2.5 text-[#605e5c]"><span className="inline-flex items-center gap-1.5"><Clock3 className="h-3.5 w-3.5 text-[#8a8886]" />{readable(config.lastObservedAt)}</span></td>%0A+                     <td className="px-4 py-2.5 text-[#605e5c]"><span className="inline-flex items-center gap-1.5"><Activity className="h-3.5 w-3.5 text-[#8a8886]" />{job ? `${job.state} · ${readable(job.completedAt || job.createdAt)}` : 'No run recorded'}</span></td>%0A+                     <td className="px-4 py-2.5 text-[#605e5c]"><span className="inline-flex items-center gap-1.5"><CheckCircle2 className="h-3.5 w-3.5 text-[#8a8886]" />{readable(config.nextScheduledAt)}</span></td>%0A+                     <td className="px-4 py-2.5 text-right">%0A+                       <button%0A+                         onClick={() => void run(config.id)}%0A+                         disabled={!canRun || !config.enabled || running === config.id}%0A+                         title={!canRun ? `Your ${role} role cannot run verifications.` : undefined}%0A+                         className="inline-flex h-8 items-center gap-1.5 rounded bg-[#0f6cbd] px-3 text-[12px] font-medium text-white hover:bg-[#004578] disabled:cursor-not-allowed disabled:opacity-50"%0A+                       >%0A+                         <Play className="h-3.5 w-3.5" />{running === config.id ? 'Queueing…' : 'Re-verify'}%0A+                       </button>%0A+                     </td>%0A+                   </tr>%0A+                 );%0A+               })}%0A+             </tbody>%0A+           </table>%0A+         </div>%0A+       ) : (%0A+         <div className="rounded-md border border-[#e1dfdd] bg-white px-6 py-10 text-center">%0A+           <XCircle className="mx-auto h-6 w-6 text-[#c8c6c4]" />%0A+           <h2 className="mt-2 text-[13px] font-semibold text-[#201f1e]">No verification sources configured</h2>%0A+           <p className="mx-auto mt-1 max-w-md text-[12px] leading-5 text-[#605e5c]">SPR cannot claim continuous coverage until an administrator configures a monitored source for this tenant.</p>%0A+         </div>%0A+       )}%0A+     </section>%0A+   );%0A+ }%0A+%0A%0A ❯ tests/monitoring-contract.test.ts:128:15%0A%0A

::error file=/home/runner/work/software-passport-registry/software-passport-registry/tests/monitoring-contract.test.ts,title=tests/monitoring-contract.test.ts > monitoring enrollment UI > renders real alerts from the trust-loop endpoint with an honest empty state,line=133,column=15::AssertionError: expected 'import { useEffect, useState } from \…' to contain 'apiFetch(\'/api/trust-loop/monitoring…'%0A%0A- Expected%0A+ Received%0A%0A- apiFetch('/api/trust-loop/monitoring')%0A+ import { useEffect, useState } from 'react';%0A+ import { Activity, AlertCircle, CheckCircle2, Clock3, Play, RefreshCw, XCircle } from 'lucide-react';%0A+ import { apiFetch } from '../utils/apiClient';%0A+%0A+ type Configuration = { id: string; clientId: string; collectorId: string; subjectIdentifier: string; enabled: boolean; lastStatus: string; lastObservedAt?: string | null; nextScheduledAt: string; };%0A+ type CollectorJob = { id: string; monitoringConfigurationId: string; collectorId: string; state: string; createdAt: string; completedAt?: string | null; };%0A+%0A+ const readable = (value?: string | null) => value ? new Date(value).toLocaleString() : 'Not yet observed';%0A+%0A+ export default function MonitoringView({ role = 'Viewer' }: { role?: string }) {%0A+   const canRun = role === 'Owner' || role === 'Admin' || role === 'Technician';%0A+   const [configurations, setConfigurations] = useState<Configuration[]>([]);%0A+   const [jobs, setJobs] = useState<CollectorJob[]>([]);%0A+   const [loading, setLoading] = useState(true);%0A+   const [error, setError] = useState<string | null>(null);%0A+   const [running, setRunning] = useState<string | null>(null);%0A+%0A+   const load = async () => {%0A+     setLoading(true); setError(null);%0A+     try {%0A+       const [configResponse, jobsResponse] = await Promise.all([apiFetch('/api/monitoring/monitoring-configurations'), apiFetch('/api/monitoring/collector-jobs')]);%0A+       if (!configResponse.ok) {%0A+         const body = await configResponse.json().catch(() => ({}));%0A+         throw new Error(body?.error?.message || body?.error || 'Monitoring data could not be loaded.');%0A+       }%0A+       setConfigurations(await configResponse.json());%0A+       if (jobsResponse.ok) setJobs(await jobsResponse.json());%0A+     } catch (cause: any) { setError(cause?.message || 'Monitoring data could not be loaded.'); }%0A+     finally { setLoading(false); }%0A+   };%0A+   useEffect(() => { void load(); }, []);%0A+   const run = async (id: string) => {%0A+     setRunning(id); setError(null);%0A+     try {%0A+       const response = await apiFetch(`/api/monitoring/monitoring-configurations/${id}/run`, { method: 'POST' });%0A+       if (!response.ok) { const body = await response.json().catch(() => ({})); throw new Error(body?.error || 'SPR could not queue this verification.'); }%0A+       await load();%0A+     } catch (cause: any) { setError(cause?.message || 'SPR could not queue this verification.'); }%0A+     finally { setRunning(null); }%0A+   };%0A+   const latest = (id: string) => jobs.find(job => job.monitoringConfigurationId === id);%0A+%0A+   return (%0A+     <section className="space-y-4" id="monitoring-workspace">%0A+       <div className="flex items-center justify-between gap-4">%0A+         <div>%0A+           <h1 className="text-[22px] font-semibold text-[#201f1e]">Continuous verification</h1>%0A+           <p className="mt-1 text-[13px] text-[#605e5c]">Monitoring queues configured server-side collectors. A queued run is not a completed or verified result.</p>%0A+         </div>%0A+         <button onClick={() => void load()} disabled={loading} className="inline-flex h-9 shrink-0 items-center justify-center gap-2 rounded border border-[#c8c6c4] px-3 text-[13px] font-medium text-[#323130] hover:bg-black/[.03] disabled:opacity-50">%0A+           <RefreshCw className={`h-3.5 w-3.5 ${loading ? 'animate-spin' : ''}`} />Refresh%0A+         </button>%0A+       </div>%0A+%0A+       <details className="rounded-md border border-[#e1dfdd] bg-[#faf9f8] text-[13px]">%0A+         <summary className="cursor-pointer select-none px-3 py-2 font-medium text-[#323130]">ⓘ What is this? · How it works</summary>%0A+         <div className="px-3 pb-3 text-[#605e5c]">%0A+           <p>Each row is a server-side collector configured to watch a subject. Re-verifying queues a fresh check; it does not itself guarantee an updated result.</p>%0A+           <ol className="mt-1.5 list-decimal space-y-0.5 pl-4">%0A+             <li>Review last observed and last run status for each configured source.</li>%0A+             <li>Select re-verify to queue a new check (requires Owner, Admin or Technician).</li>%0A+             <li>An administrator must configure a source before this tenant has any monitoring coverage.</li>%0A+           </ol>%0A+         </div>%0A+       </details>%0A+%0A+       {error && (%0A+         <div role="alert" className="flex gap-3 rounded-md border border-[#f3d6d8] bg-[#fdf2f2] p-3 text-[13px] text-[#a4262c]">%0A+           <AlertCircle className="h-4 w-4 shrink-0" />%0A+           <div><p className="font-semibold">Verification unavailable</p><p className="mt-1">{error}</p></div>%0A+         </div>%0A+       )}%0A+%0A+       {loading ? (%0A+         <div className="rounded-md border border-[#e1dfdd] bg-white p-4">%0A+           <div className="space-y-2">{[1, 2].map(item => <div key={item} className="h-10 animate-pulse rounded bg-[#f3f2f1]" />)}</div>%0A+         </div>%0A+       ) : configurations.length ? (%0A+         <div className="overflow-x-auto rounded-md border border-[#e1dfdd] bg-white">%0A+           <table className="w-full min-w-[760px] border-collapse text-left">%0A+             <thead>%0A+               <tr className="border-b border-[#e1dfdd] text-[11px] uppercase tracking-wide text-[#605e5c]">%0A+                 <th className="px-4 py-2.5 font-medium">Collector / subject</th>%0A+                 <th className="px-4 py-2.5 font-medium">Status</th>%0A+                 <th className="px-4 py-2.5 font-medium">Last observed</th>%0A+                 <th className="px-4 py-2.5 font-medium">Last run</th>%0A+                 <th className="px-4 py-2.5 font-medium">Next check</th>%0A+                 <th className="px-4 py-2.5 font-medium"></th>%0A+               </tr>%0A+             </thead>%0A+             <tbody>%0A+               {configurations.map(config => {%0A+                 const job = latest(config.id);%0A+                 return (%0A+                   <tr key={config.id} className="border-b border-[#f3f2f1] text-[13px]">%0A+                     <td className="px-4 py-2.5">%0A+                       <div className="text-[11px] uppercase tracking-wide text-[#8a8886]">{config.collectorId.replace('_', ' ')} collector</div>%0A+                       <div className="mt-0.5 break-all font-medium text-[#201f1e]">{config.subjectIdentifier}</div>%0A+                     </td>%0A+                     <td className="px-4 py-2.5">%0A+                       <span className="inline-flex items-center gap-1.5">%0A+                         <span className={`h-1.5 w-1.5 rounded-full ${config.enabled ? 'bg-[#0e700e]' : 'bg-[#8a8886]'}`} />%0A+                         {config.enabled ? 'Watching' : 'Paused'}%0A+                       </span>%0A+                     </td>%0A+                     <td className="px-4 py-2.5 text-[#605e5c]"><span className="inline-flex items-center gap-1.5"><Clock3 className="h-3.5 w-3.5 text-[#8a8886]" />{readable(config.lastObservedAt)}</span></td>%0A+                     <td className="px-4 py-2.5 text-[#605e5c]"><span className="inline-flex items-center gap-1.5"><Activity className="h-3.5 w-3.5 text-[#8a8886]" />{job ? `${job.state} · ${readable(job.completedAt || job.createdAt)}` : 'No run recorded'}</span></td>%0A+                     <td className="px-4 py-2.5 text-[#605e5c]"><span className="inline-flex items-center gap-1.5"><CheckCircle2 className="h-3.5 w-3.5 text-[#8a8886]" />{readable(config.nextScheduledAt)}</span></td>%0A+                     <td className="px-4 py-2.5 text-right">%0A+                       <button%0A+                         onClick={() => void run(config.id)}%0A+                         disabled={!canRun || !config.enabled || running === config.id}%0A+                         title={!canRun ? `Your ${role} role cannot run verifications.` : undefined}%0A+                         className="inline-flex h-8 items-center gap-1.5 rounded bg-[#0f6cbd] px-3 text-[12px] font-medium text-white hover:bg-[#004578] disabled:cursor-not-allowed disabled:opacity-50"%0A+                       >%0A+                         <Play className="h-3.5 w-3.5" />{running === config.id ? 'Queueing…' : 'Re-verify'}%0A+                       </button>%0A+                     </td>%0A+                   </tr>%0A+                 );%0A+               })}%0A+             </tbody>%0A+           </table>%0A+         </div>%0A+       ) : (%0A+         <div className="rounded-md border border-[#e1dfdd] bg-white px-6 py-10 text-center">%0A+           <XCircle className="mx-auto h-6 w-6 text-[#c8c6c4]" />%0A+           <h2 className="mt-2 text-[13px] font-semibold text-[#201f1e]">No verification sources configured</h2>%0A+           <p className="mx-auto mt-1 max-w-md text-[12px] leading-5 text-[#605e5c]">SPR cannot claim continuous coverage until an administrator configures a monitored source for this tenant.</p>%0A+         </div>%0A+       )}%0A+     </section>%0A+   );%0A+ }%0A+%0A%0A ❯ tests/monitoring-contract.test.ts:133:15%0A%0A

::error file=/home/runner/work/software-passport-registry/software-passport-registry/tests/monitoring-contract.test.ts,title=tests/monitoring-contract.test.ts > monitoring enrollment UI > only offers acknowledge/resolve controls to roles that can mutate%2C not to Client/Viewer,line=139,column=15::AssertionError: expected 'import { useEffect, useState } from \…' to contain 'const canManageAlerts = role === \'Ow…'%0A%0A- Expected%0A+ Received%0A%0A- const canManageAlerts = role === 'Owner' || role === 'Admin' || role === 'Technician';%0A+ import { useEffect, useState } from 'react';%0A+ import { Activity, AlertCircle, CheckCircle2, Clock3, Play, RefreshCw, XCircle } from 'lucide-react';%0A+ import { apiFetch } from '../utils/apiClient';%0A+%0A+ type Configuration = { id: string; clientId: string; collectorId: string; subjectIdentifier: string; enabled: boolean; lastStatus: string; lastObservedAt?: string | null; nextScheduledAt: string; };%0A+ type CollectorJob = { id: string; monitoringConfigurationId: string; collectorId: string; state: string; createdAt: string; completedAt?: string | null; };%0A+%0A+ const readable = (value?: string | null) => value ? new Date(value).toLocaleString() : 'Not yet observed';%0A+%0A+ export default function MonitoringView({ role = 'Viewer' }: { role?: string }) {%0A+   const canRun = role === 'Owner' || role === 'Admin' || role === 'Technician';%0A+   const [configurations, setConfigurations] = useState<Configuration[]>([]);%0A+   const [jobs, setJobs] = useState<CollectorJob[]>([]);%0A+   const [loading, setLoading] = useState(true);%0A+   const [error, setError] = useState<string | null>(null);%0A+   const [running, setRunning] = useState<string | null>(null);%0A+%0A+   const load = async () => {%0A+     setLoading(true); setError(null);%0A+     try {%0A+       const [configResponse, jobsResponse] = await Promise.all([apiFetch('/api/monitoring/monitoring-configurations'), apiFetch('/api/monitoring/collector-jobs')]);%0A+       if (!configResponse.ok) {%0A+         const body = await configResponse.json().catch(() => ({}));%0A+         throw new Error(body?.error?.message || body?.error || 'Monitoring data could not be loaded.');%0A+       }%0A+       setConfigurations(await configResponse.json());%0A+       if (jobsResponse.ok) setJobs(await jobsResponse.json());%0A+     } catch (cause: any) { setError(cause?.message || 'Monitoring data could not be loaded.'); }%0A+     finally { setLoading(false); }%0A+   };%0A+   useEffect(() => { void load(); }, []);%0A+   const run = async (id: string) => {%0A+     setRunning(id); setError(null);%0A+     try {%0A+       const response = await apiFetch(`/api/monitoring/monitoring-configurations/${id}/run`, { method: 'POST' });%0A+       if (!response.ok) { const body = await response.json().catch(() => ({})); throw new Error(body?.error || 'SPR could not queue this verification.'); }%0A+       await load();%0A+     } catch (cause: any) { setError(cause?.message || 'SPR could not queue this verification.'); }%0A+     finally { setRunning(null); }%0A+   };%0A+   const latest = (id: string) => jobs.find(job => job.monitoringConfigurationId === id);%0A+%0A+   return (%0A+     <section className="space-y-4" id="monitoring-workspace">%0A+       <div className="flex items-center justify-between gap-4">%0A+         <div>%0A+           <h1 className="text-[22px] font-semibold text-[#201f1e]">Continuous verification</h1>%0A+           <p className="mt-1 text-[13px] text-[#605e5c]">Monitoring queues configured server-side collectors. A queued run is not a completed or verified result.</p>%0A+         </div>%0A+         <button onClick={() => void load()} disabled={loading} className="inline-flex h-9 shrink-0 items-center justify-center gap-2 rounded border border-[#c8c6c4] px-3 text-[13px] font-medium text-[#323130] hover:bg-black/[.03] disabled:opacity-50">%0A+           <RefreshCw className={`h-3.5 w-3.5 ${loading ? 'animate-spin' : ''}`} />Refresh%0A+         </button>%0A+       </div>%0A+%0A+       <details className="rounded-md border border-[#e1dfdd] bg-[#faf9f8] text-[13px]">%0A+         <summary className="cursor-pointer select-none px-3 py-2 font-medium text-[#323130]">ⓘ What is this? · How it works</summary>%0A+         <div className="px-3 pb-3 text-[#605e5c]">%0A+           <p>Each row is a server-side collector configured to watch a subject. Re-verifying queues a fresh check; it does not itself guarantee an updated result.</p>%0A+           <ol className="mt-1.5 list-decimal space-y-0.5 pl-4">%0A+             <li>Review last observed and last run status for each configured source.</li>%0A+             <li>Select re-verify to queue a new check (requires Owner, Admin or Technician).</li>%0A+             <li>An administrator must configure a source before this tenant has any monitoring coverage.</li>%0A+           </ol>%0A+         </div>%0A+       </details>%0A+%0A+       {error && (%0A+         <div role="alert" className="flex gap-3 rounded-md border border-[#f3d6d8] bg-[#fdf2f2] p-3 text-[13px] text-[#a4262c]">%0A+           <AlertCircle className="h-4 w-4 shrink-0" />%0A+           <div><p className="font-semibold">Verification unavailable</p><p className="mt-1">{error}</p></div>%0A+         </div>%0A+       )}%0A+%0A+       {loading ? (%0A+         <div className="rounded-md border border-[#e1dfdd] bg-white p-4">%0A+           <div className="space-y-2">{[1, 2].map(item => <div key={item} className="h-10 animate-pulse rounded bg-[#f3f2f1]" />)}</div>%0A+         </div>%0A+       ) : configurations.length ? (%0A+         <div className="overflow-x-auto rounded-md border border-[#e1dfdd] bg-white">%0A+           <table className="w-full min-w-[760px] border-collapse text-left">%0A+             <thead>%0A+               <tr className="border-b border-[#e1dfdd] text-[11px] uppercase tracking-wide text-[#605e5c]">%0A+                 <th className="px-4 py-2.5 font-medium">Collector / subject</th>%0A+                 <th className="px-4 py-2.5 font-medium">Status</th>%0A+                 <th className="px-4 py-2.5 font-medium">Last observed</th>%0A+                 <th className="px-4 py-2.5 font-medium">Last run</th>%0A+                 <th className="px-4 py-2.5 font-medium">Next check</th>%0A+                 <th className="px-4 py-2.5 font-medium"></th>%0A+               </tr>%0A+             </thead>%0A+             <tbody>%0A+               {configurations.map(config => {%0A+                 const job = latest(config.id);%0A+                 return (%0A+                   <tr key={config.id} className="border-b border-[#f3f2f1] text-[13px]">%0A+                     <td className="px-4 py-2.5">%0A+                       <div className="text-[11px] uppercase tracking-wide text-[#8a8886]">{config.collectorId.replace('_', ' ')} collector</div>%0A+                       <div className="mt-0.5 break-all font-medium text-[#201f1e]">{config.subjectIdentifier}</div>%0A+                     </td>%0A+                     <td className="px-4 py-2.5">%0A+                       <span className="inline-flex items-center gap-1.5">%0A+                         <span className={`h-1.5 w-1.5 rounded-full ${config.enabled ? 'bg-[#0e700e]' : 'bg-[#8a8886]'}`} />%0A+                         {config.enabled ? 'Watching' : 'Paused'}%0A+                       </span>%0A+                     </td>%0A+                     <td className="px-4 py-2.5 text-[#605e5c]"><span className="inline-flex items-center gap-1.5"><Clock3 className="h-3.5 w-3.5 text-[#8a8886]" />{readable(config.lastObservedAt)}</span></td>%0A+                     <td className="px-4 py-2.5 text-[#605e5c]"><span className="inline-flex items-center gap-1.5"><Activity className="h-3.5 w-3.5 text-[#8a8886]" />{job ? `${job.state} · ${readable(job.completedAt || job.createdAt)}` : 'No run recorded'}</span></td>%0A+                     <td className="px-4 py-2.5 text-[#605e5c]"><span className="inline-flex items-center gap-1.5"><CheckCircle2 className="h-3.5 w-3.5 text-[#8a8886]" />{readable(config.nextScheduledAt)}</span></td>%0A+                     <td className="px-4 py-2.5 text-right">%0A+                       <button%0A+                         onClick={() => void run(config.id)}%0A+                         disabled={!canRun || !config.enabled || running === config.id}%0A+                         title={!canRun ? `Your ${role} role cannot run verifications.` : undefined}%0A+                         className="inline-flex h-8 items-center gap-1.5 rounded bg-[#0f6cbd] px-3 text-[12px] font-medium text-white hover:bg-[#004578] disabled:cursor-not-allowed disabled:opacity-50"%0A+                       >%0A+                         <Play className="h-3.5 w-3.5" />{running === config.id ? 'Queueing…' : 'Re-verify'}%0A+                       </button>%0A+                     </td>%0A+                   </tr>%0A+                 );%0A+               })}%0A+             </tbody>%0A+           </table>%0A+         </div>%0A+       ) : (%0A+         <div className="rounded-md border border-[#e1dfdd] bg-white px-6 py-10 text-center">%0A+           <XCircle className="mx-auto h-6 w-6 text-[#c8c6c4]" />%0A+           <h2 className="mt-2 text-[13px] font-semibold text-[#201f1e]">No verification sources configured</h2>%0A+           <p className="mx-auto mt-1 max-w-md text-[12px] leading-5 text-[#605e5c]">SPR cannot claim continuous coverage until an administrator configures a monitored source for this tenant.</p>%0A+         </div>%0A+       )}%0A+     </section>%0A+   );%0A+ }%0A+%0A%0A ❯ tests/monitoring-contract.test.ts:139:15%0A%0A

::error file=/home/runner/work/software-passport-registry/software-passport-registry/tests/msp-command-center-and-pricing-contract.test.ts,title=tests/msp-command-center-and-pricing-contract.test.ts > SPR MSP Command Center — software verification metrics > receives real passport records as a prop instead of deriving software counts from clients/alerts alone,line=14,column=15::AssertionError: expected 'import React, { useEffect, useMemo, u…' to contain 'passports: SoftwarePassport[]'%0A%0A- Expected%0A+ Received%0A%0A- passports: SoftwarePassport[]%0A+ import React, { useEffect, useMemo, useState } from 'react';%0A+ import { AlertTriangle, ArrowRight, Building2, CheckCircle2, FileSearch, ShieldAlert, User, X } from 'lucide-react';%0A+ import { Alert, Client } from '../types';%0A+ import { apiFetch } from '../utils/apiClient';%0A+ import type { VerificationDecision } from '../lib/verification/evaluateVerification';%0A+%0A+ interface Props {%0A+   clients: Client[];%0A+   alerts: Alert[];%0A+   findings: any[];%0A+   role?: string;%0A+   onSelectClient: (id: string) => void;%0A+   onSelectPassport?: (passportId: string) => void;%0A+   onNavigate: (tab: string) => void;%0A+   verificationDecisions?: Record<string, VerificationDecision>;%0A+   verificationDetails?: Record<string, unknown>;%0A+ }%0A+%0A+ type Assignment = { id: string; client_id: string; technician_display: string; assigned_by: string; updated_at: string };%0A+ type TeamMember = { id: number; email: string; displayName?: string | null; role: string };%0A+%0A+ const severityClass = (severity: Alert['severity']) => severity === 'Critical'%0A+   ? 'border-[#a4262c]/30 bg-[#fdf2f2] text-[#a4262c]'%0A+   : severity === 'High' ? 'border-[#8a5700]/30 bg-[#fff4ce] text-[#8a5700]'%0A+   : 'border-[#0f6cbd]/30 bg-[#eff6fc] text-[#0f6cbd]';%0A+%0A+ export default function MSPCommandCenter({ clients, alerts, findings, role = 'Viewer', onSelectClient, onNavigate, onSelectPassport, verificationDecisions = {}, verificationDetails = {} }: Props) {%0A+   const [selected, setSelected] = useState<Alert | null>(null);%0A+   const [assignments, setAssignments] = useState<Assignment[]>([]);%0A+   const [team, setTeam] = useState<TeamMember[]>([]);%0A+   const [assigningClientId, setAssigningClientId] = useState<string | null>(null);%0A+   const canAssign = role === 'Owner' || role === 'Admin';%0A+   const trustStateFromDecision = (decision?: VerificationDecision) => decision?.state ?? 'UNINITIALIZED';%0A+   const trustStateForPassportItem = (item: { passportId: string }) => trustStateFromDecision(verificationDecisions?.[item.passportId]);%0A+   const selectPassport = (passportId: string) => { onSelectPassport?.(passportId); };%0A+   const passportDecision = (passport: { id: string }) => { const decision = verificationDecisions?.[passport.id]; return decision; };%0A+   void verificationDetails;%0A+%0A+   const loadAssignments = () => { apiFetch('/api/msp/assignments').then((r) => r.ok ? r.json() : null).then((data) => { if (Array.isArray(data?.assignments)) setAssignments(data.assignments); }).catch(() => {}); };%0A+   useEffect(() => { loadAssignments(); apiFetch('/api/organization/team').then((r) => r.ok ? r.json() : null).then((data) => { if (Array.isArray(data)) setTeam(data); }).catch(() => {}); }, []);%0A+%0A+   const assignmentByClient = useMemo(() => new Map(assignments.map((a) => [a.client_id, a])), [assignments]);%0A+   const assignTechnician = async (clientId: string, member: TeamMember) => {%0A+     const response = await apiFetch('/api/msp/assignments', { method: 'PUT', headers: { 'Content-Type': 'application/json' }, body: JSON.stringify({ clientId, technicianUserId: member.id, technicianDisplay: member.displayName || member.email }) });%0A+     if (response.ok) { loadAssignments(); setAssigningClientId(null); }%0A+   };%0A+   const unassignTechnician = async (clientId: string) => {%0A+     const response = await apiFetch(`/api/msp/assignments/${encodeURIComponent(clientId)}`, { method: 'DELETE' });%0A+     if (response.ok) loadAssignments();%0A+   };%0A+%0A+   const clientRiskRollup = useMemo(() => clients.map((client) => {%0A+     const clientAlerts = alerts.filter((a) => a.clientName === client.name);%0A+     const active = clientAlerts.filter((a) => a.status !== 'Resolved' && a.status !== 'Cancelled');%0A+     const critical = active.filter((a) => a.severity === 'Critical').length;%0A+     const high = active.filter((a) => a.severity === 'High').length;%0A+     return { client, activeCount: active.length, critical, high, assignment: assignmentByClient.get(client.id) };%0A+   }).sort((a, b) => (b.critical - a.critical) || (b.high - a.high) || (b.activeCount - a.activeCount)), [clients, alerts, assignmentByClient]);%0A+   // Sourced from the same /api/trust-loop/findings data App.tsx already fetched%0A+   // to build `alerts` -- no second network round trip for finding detail.%0A+   const finding = useMemo(() => selected ? findings.find((item: any) => String(item.id) === selected.id) || null : null, [selected?.id, findings]);%0A+   const findingError = selected && !finding ? 'Finding details are unavailable.' : null;%0A+   const [task, setTask] = useState<any | null>(null);%0A+   const [taskLoading, setTaskLoading] = useState(false);%0A+   const [taskError, setTaskError] = useState<string | null>(null);%0A+   const attention = useMemo(() => alerts.filter(item => item.status === 'Active').sort((a, b) => {%0A+     const rank = { Critical: 3, High: 2, Medium: 1, Low: 0 };%0A+     return rank[b.severity] - rank[a.severity];%0A+   }), [alerts]);%0A+   const criticalClients = new Set(attention.filter(item => item.severity === 'Critical').map(item => item.clientName)).size;%0A+   const attentionClients = new Set(attention.filter(item => item.severity !== 'Critical').map(item => item.clientName)).size;%0A+   // A remediation may already exist for this finding (created from the Alerts%0A+   // view via the same /api/trust-loop/remediations backend) -- load it by the%0A+   // id the findings join already gives us instead of scanning a task list.%0A+   useEffect(() => {%0A+     setTask(null); setTaskError(null);%0A+     if (!selected?.remediationId) return;%0A+     let cancelled = false;%0A+     apiFetch(`/api/trust-loop/remediations/${encodeURIComponent(selected.remediationId)}`).then(response => response.ok ? response.json() : null).then(data => { if (!cancelled && data) setTask(data); }).catch(() => {});%0A+     return () => { cancelled = true; };%0A+   }, [selected?.id, selected?.remediationId]);%0A+   const createTask = async () => {%0A+     if (!selected || !finding || taskLoading) return;%0A+     setTaskLoading(true); setTaskError(null);%0A+     try {%0A+       const response = await apiFetch('/api/trust-loop/remediations', {%0A+         method: 'POST', headers: { 'Content-Type': 'application/json' },%0A+         body: JSON.stringify({ findingId: selected.id, title: selected.title, description: selected.description, priority: selected.severity.toUpperCase() }),%0A+       });%0A+       const body = await response.json().catch(() => ({}));%0A+       if (!response.ok) throw new Error(body?.error || 'SPR could not create the remediation task.');%0A+       setTask(body);%0A+     } catch (cause: any) { setTaskError(cause?.message || 'SPR could not create the remediation task.'); }%0A+     finally { setTaskLoading(false); }%0A+   };%0A+   const transitionTask = async (status: 'IN_PROGRESS' | 'READY_FOR_VERIFICATION') => {%0A+     if (!task || taskLoading) return;%0A+     setTaskLoading(true); setTaskError(null);%0A+     try {%0A+       const response = await apiFetch(`/api/trust-loop/remediations/${encodeURIComponent(task.id)}`, { method: 'PATCH', headers: { 'Content-Type': 'application/json' }, body: JSON.stringify({ status }) });%0A+       const body = await response.json().catch(() => ({}));%0A+       if (!response.ok) throw new Error(body?.error || 'SPR could not update the task.');%0A+       setTask(body);%0A+     } catch (cause: any) { setTaskError(cause?.message || 'SPR could not update the task.'); }%0A+     finally { setTaskLoading(false); }%0A+   };%0A+   // Re-verifies against the most recent trust_observation SPR already has on%0A+   // file for this software -- there is no live "run a check now" job queue,%0A+   // so this is honestly a re-check of existing evidence, not a fresh scan.%0A+   const verifyWithLatestEvidence = async () => {%0A+     if (!task || taskLoading) return;%0A+     setTaskLoading(true); setTaskError(null);%0A+     try {%0A+       const response = await apiFetch(`/api/trust-loop/remediations/${encodeURIComponent(task.id)}/verify-latest`, { method: 'POST' });%0A+       const body = await response.json().catch(() => ({}));%0A+       if (!response.ok) throw new Error(body?.error || 'SPR could not verify this task against current evidence.');%0A+       setTask(body);%0A+     } catch (cause: any) { setTaskError(cause?.message || 'SPR could not verify this task against current evidence.'); }%0A+     finally { setTaskLoading(false); }%0A+   };%0A+%0A+   return <section id="msp-command-center" aria-labelledby="msp-command-center-title">%0A+     <div className="mb-4 flex flex-wrap items-center justify-between gap-3">%0A+       <div>%0A+         <h1 id="msp-command-center-title" className="text-[22px] font-semibold text-[#201f1e]">Who needs you today?</h1>%0A+         <p className="mt-1 text-[13px] text-[#605e5c]">Prioritized work from the evidence and findings SPR currently has on record. A closed task is not a verified fix.</p>%0A+       </div>%0A+       <button type="button" onClick={() => onNavigate('clients')} className="inline-flex h-8 items-center gap-1.5 rounded border border-[#c8c6c4] px-3 text-[13px] font-medium text-[#323130] hover:bg-black/[.03]">%0A+         View all clients <ArrowRight className="h-3.5 w-3.5" />%0A+       </button>%0A+     </div>%0A+%0A+     <div className="mb-4 flex flex-wrap gap-6 rounded-md border border-[#e1dfdd] bg-white p-3">%0A+       <Metric label="Clients" value={clients.length} icon={<Building2 className="h-3.5 w-3.5" />} />%0A+       <Metric label="Healthy" value={Math.max(0, clients.length - criticalClients - attentionClients)} icon={<CheckCircle2 className="h-3.5 w-3.5 text-[#0e700e]" />} />%0A+       <Metric label="Need attention" value={attentionClients} icon={<AlertTriangle className="h-3.5 w-3.5 text-[#8a5700]" />} />%0A+       <Metric label="Critical" value={criticalClients} icon={<ShieldAlert className="h-3.5 w-3.5 text-[#a4262c]" />} />%0A+     </div>%0A+%0A+     <div className="mb-4 rounded-md border border-[#e1dfdd] bg-white">%0A+       <div className="border-b border-[#e1dfdd] px-4 py-3"><h2 className="text-[14px] font-semibold text-[#201f1e]">Cross-client risk</h2><p className="mt-0.5 text-[12px] text-[#605e5c]">Every client ranked by active critical and high findings, with technician assignment.</p></div>%0A+       <div className="overflow-x-auto">%0A+         <table className="w-full min-w-[640px] text-left text-[13px]">%0A+           <thead className="border-b border-[#e1dfdd] text-[11px] uppercase tracking-wide text-[#605e5c]"><tr><th className="px-4 py-2">Client</th><th className="px-4 py-2">Critical</th><th className="px-4 py-2">High</th><th className="px-4 py-2">Active findings</th><th className="px-4 py-2">Assigned technician</th></tr></thead>%0A+           <tbody>%0A+             {clientRiskRollup.map(({ client, activeCount, critical, high, assignment }) => (%0A+               <tr key={client.id} className="border-b border-[#f3f2f1] hover:bg-black/[.02]">%0A+                 <td className="px-4 py-2.5 font-medium text-[#201f1e]">{client.name}</td>%0A+                 <td className="px-4 py-2.5">{critical > 0 ? <span className="rounded border border-[#a4262c]/30 bg-[#fdf2f2] px-1.5 py-0.5 text-[11px] font-semibold text-[#a4262c]">{critical}</span> : <span className="text-[#8a8886]">0</span>}</td>%0A+                 <td className="px-4 py-2.5">{high > 0 ? <span className="rounded border border-[#8a5700]/30 bg-[#fff4ce] px-1.5 py-0.5 text-[11px] font-semibold text-[#8a5700]">{high}</span> : <span className="text-[#8a8886]">0</span>}</td>%0A+                 <td className="px-4 py-2.5 text-[#323130]">{activeCount}</td>%0A+                 <td className="px-4 py-2.5">%0A+                   {assigningClientId === client.id ? (%0A+                     <select autoFocus onBlur={() => setAssigningClientId(null)} onChange={(e) => { const member = team.find((m) => String(m.id) === e.target.value); if (member) void assignTechnician(client.id, member); }} className="h-8 rounded border border-[#c8c6c4] bg-white px-2 text-[12px] text-[#201f1e] focus:border-[#0f6cbd] focus:outline-none focus:ring-1 focus:ring-[#0f6cbd]">%0A+                       <option value="">Select technician…</option>%0A+                       {team.map((member) => <option key={member.id} value={member.id}>{member.displayName || member.email}</option>)}%0A+                     </select>%0A+                   ) : assignment ? (%0A+                     <div className="flex items-center gap-2 text-[12px] text-[#323130]"><User className="h-3 w-3 text-[#8a8886]" />{assignment.technician_display}%0A+                       {canAssign && <button type="button" onClick={() => void unassignTechnician(client.id)} className="text-[#8a8886] hover:text-[#a4262c]">×</button>}%0A+                       {canAssign && <button type="button" onClick={() => setAssigningClientId(client.id)} className="text-[#0f6cbd] hover:text-[#004578]">change</button>}%0A+                     </div>%0A+                   ) : canAssign ? (%0A+                     <button type="button" onClick={() => setAssigningClientId(client.id)} className="rounded border border-[#c8c6c4] px-2 py-1 text-[12px] text-[#605e5c] hover:bg-black/[.03]">Assign…</button>%0A+                   ) : <span className="text-[12px] text-[#8a8886]">Unassigned</span>}%0A+                 </td>%0A+               </tr>%0A+             ))}%0A+           </tbody>%0A+         </table>%0A+       </div>%0A+     </div>%0A+%0A+     <div className="rounded-md border border-[#e1dfdd] bg-white">%0A+       <div className="flex flex-col gap-2 border-b border-[#e1dfdd] px-4 py-3 sm:flex-row sm:items-center sm:justify-between">%0A+         <div><h2 className="text-[14px] font-semibold text-[#201f1e]">Clients needing action</h2><p className="mt-0.5 text-[12px] text-[#605e5c]">Most urgent first, based on active recorded findings.</p></div>%0A+         <span className="w-fit rounded border border-[#c8c6c4] bg-[#faf9f8] px-2 py-0.5 text-[11px] font-medium text-[#605e5c]">{attention.length} active findings</span>%0A+       </div>%0A+       {attention.length ? <div>%0A+         {attention.map(alert => {%0A+           const client = clients.find(item => item.name === alert.clientName);%0A+           return <article key={alert.id} className="grid gap-3 border-b border-[#f3f2f1] px-4 py-3 last:border-b-0 lg:grid-cols-[minmax(180px,0.8fr)_minmax(260px,1.5fr)_auto] lg:items-center">%0A+             <div>%0A+               <p className="font-medium text-[#201f1e]">{alert.clientName}</p>%0A+               <p className="mt-0.5 text-[11px] text-[#8a8886]">Observed {alert.timestamp}</p>%0A+             </div>%0A+             <div>%0A+               <div className="mb-1.5 flex flex-wrap gap-1.5"><span className={`rounded border px-1.5 py-0.5 text-[11px] font-semibold ${severityClass(alert.severity)}`}>{alert.severity}</span><span className="rounded bg-[#f3f2f1] px-1.5 py-0.5 text-[11px] text-[#605e5c]">{alert.category}</span></div>%0A+               <p className="text-[13px] font-medium text-[#201f1e]">{alert.title}</p><p className="mt-0.5 text-[12px] leading-5 text-[#605e5c]">{alert.description}</p>%0A+             </div>%0A+             <div className="flex gap-2 lg:flex-col"><button type="button" onClick={() => setSelected(alert)} className="inline-flex h-8 items-center justify-center gap-1.5 rounded bg-[#0f6cbd] px-3 text-[13px] font-medium text-white hover:bg-[#004578]">Investigate <ArrowRight className="h-3.5 w-3.5" /></button>{client && <button type="button" onClick={() => onSelectClient(client.id)} className="h-8 rounded border border-[#c8c6c4] px-3 text-[13px] font-medium text-[#323130] hover:bg-black/[.03]">Client</button>}</div>%0A+           </article>;%0A+         })}%0A+       </div> : <div className="px-6 py-10 text-center"><CheckCircle2 className="mx-auto h-6 w-6 text-[#0e700e]" /><h3 className="mt-2 text-[13px] font-semibold text-[#201f1e]">No clients need attention</h3><p className="mt-1 text-[12px] text-[#605e5c]">Your monitored clients currently have no active recorded findings requiring action.</p></div>}%0A+     </div>%0A+%0A+     {selected && <div className="fixed inset-0 z-50 flex items-end bg-black/40 p-0 md:items-center md:justify-center md:p-6" role="dialog" aria-modal="true" aria-labelledby="finding-title">%0A+       <div className="max-h-[92vh] w-full max-w-2xl overflow-y-auto rounded-t-md border border-[#e1dfdd] bg-white p-5 md:rounded-md"><div className="flex items-start justify-between gap-4"><div><p className="text-[11px] font-semibold uppercase tracking-wide text-[#605e5c]">Finding detail · Explain this</p><h2 id="finding-title" className="mt-1 text-[18px] font-semibold text-[#201f1e]">{selected.title}</h2></div><button type="button" onClick={() => setSelected(null)} aria-label="Close finding" className="rounded p-1.5 text-[#605e5c] hover:bg-black/[.05]"><X className="h-4 w-4" /></button></div>%0A+         {findingError && <div role="alert" className="mt-4 rounded-md border border-[#a4262c]/30 bg-[#fdf2f2] p-3 text-[13px] text-[#a4262c]"><p className="font-semibold">Finding detail unavailable</p><p className="mt-0.5">{findingError}</p></div>}%0A+         {finding && <><div className="mt-4 grid gap-3 sm:grid-cols-2"><Detail label="Client" value={selected.clientName} /><Detail label="Severity and status" value={`${finding.severity} — ${finding.status}`} /><Detail label="First observed" value={formatStoredTime(finding.created_at)} /><Detail label="Last observed" value={formatStoredTime(finding.updated_at)} /></div>%0A+         <section className="mt-3 rounded-md border border-[#e1dfdd] bg-[#faf9f8] p-3"><h3 className="text-[13px] font-semibold text-[#201f1e]">Observed</h3><p className="mt-1 text-[13px] leading-6 text-[#323130]">{finding.description || 'No observation description is available.'}</p></section><div className="mt-3 grid gap-3 sm:grid-cols-2"><Detail label="Why it matters" value="Review this recorded finding with its evidence before choosing remediation." /><Detail label="What you can do" value="Create a remediation task, then collect a new observation before treating the finding as resolved." /></div>%0A+         <section className="mt-3 rounded-md border border-[#e1dfdd] bg-[#faf9f8] p-3"><h3 className="text-[13px] font-semibold text-[#201f1e]">Evidence chain</h3><p className="mt-0.5 text-[11px] text-[#8a8886]">Finding → observed artifact → source evidence → verification time</p>{evidenceList(finding.evidence_ids).length ? <ul className="mt-3 space-y-1.5">{evidenceList(finding.evidence_ids).map((id: string) => <li key={id} className="rounded border border-[#e1dfdd] bg-white px-2.5 py-1.5 font-mono text-[11px] text-[#323130]">Evidence reference: {id}</li>)}</ul> : <p className="mt-3 text-[13px] text-[#605e5c]">Evidence unavailable. This finding has no stored evidence references.</p>}</section></>}%0A+         {taskError && <p role="alert" className="mt-3 text-[13px] text-[#a4262c]">{taskError}</p>}%0A+         {task && <section className="mt-3 rounded-md border border-[#0f6cbd]/30 bg-[#eff6fc] p-3"><p className="text-[11px] font-semibold uppercase tracking-wide text-[#0f6cbd]">Remediation task</p><p className="mt-1 text-[13px] font-semibold text-[#201f1e]">{task.title}</p><p className="mt-0.5 text-[12px] text-[#323130]">{task.status.replaceAll('_', ' ')} · created {formatStoredTime(task.created_at)}</p>{task.status === 'OPEN' && <button type="button" onClick={() => void transitionTask('IN_PROGRESS')} disabled={taskLoading} className="mt-3 inline-flex h-8 items-center rounded bg-[#0f6cbd] px-3 text-[13px] font-medium text-white hover:bg-[#004578] disabled:opacity-50">{taskLoading ? 'Updating task…' : 'Start remediation'}</button>}{task.status === 'IN_PROGRESS' && <button type="button" onClick={() => void transitionTask('READY_FOR_VERIFICATION')} disabled={taskLoading} className="mt-3 inline-flex h-8 items-center rounded bg-[#0f6cbd] px-3 text-[13px] font-medium text-white hover:bg-[#004578] disabled:opacity-50">{taskLoading ? 'Updating task…' : 'Mark ready for verification'}</button>}{task.status === 'READY_FOR_VERIFICATION' && <div className="mt-2"><p className="text-[13px] text-[#8a5700]">Remediation marked complete. Verification required.</p><p className="mt-0.5 text-[11px] text-[#605e5c]">Re-checks the most recent evidence SPR already has on file for this software — this is not a live scan.</p><button type="button" onClick={() => void verifyWithLatestEvidence()} disabled={taskLoading} className="mt-2 inline-flex h-8 items-center rounded bg-[#0f6cbd] px-3 text-[13px] font-medium text-white hover:bg-[#004578] disabled:opacity-50">{taskLoading ? 'Verifying…' : 'Verify with latest evidence'}</button></div>}{task.status === 'VERIFIED' && <p className="mt-2 text-[13px] text-[#0e700e]">Verified against evidence SPR collected. The underlying finding is now marked resolved.</p>}</section>}%0A+         <div className="mt-4 flex flex-wrap gap-2"><button type="button" onClick={() => { setSelected(null); onNavigate('alerts'); }} disabled={!finding} className="inline-flex h-8 items-center gap-1.5 rounded bg-[#0f6cbd] px-3 text-[13px] font-medium text-white hover:bg-[#004578] disabled:opacity-50"><FileSearch className="h-3.5 w-3.5" /> Show evidence</button>{task ? <span className="inline-flex h-8 items-center rounded border border-[#c8c6c4] px-3 text-[13px] font-medium text-[#323130]">Task created</span> : <button type="button" onClick={() => void createTask()} disabled={!finding || taskLoading} className="inline-flex h-8 items-center rounded border border-[#c8c6c4] px-3 text-[13px] font-medium text-[#323130] hover:bg-black/[.03] disabled:opacity-50">{taskLoading ? 'Creating task…' : 'Create remediation task'}</button>}</div>%0A+       </div>%0A+     </div>}%0A+   </section>;%0A+ }%0A+%0A+ function Metric({ label, value, icon }: { label: string; value: number; icon: React.ReactNode }) { return <div className="flex items-center gap-1.5">{icon}<div><div className="text-[11px] text-[#605e5c]">{label}</div><div className="text-lg font-semibold text-[#201f1e]">{value}</div></div></div>; }%0A+ function Detail({ label, value }: { label: string; value: string }) { return <div className="rounded-md border border-[#e1dfdd] bg-[#faf9f8] p-3"><p className="text-[11px] font-semibold uppercase tracking-wide text-[#605e5c]">{label}</p><p className="mt-1 text-[13px] leading-5 text-[#201f1e]">{value}</p></div>; }%0A+ function formatStoredTime(value?: string | null) { return value ? new Date(value).toLocaleString() : 'Not observed'; }%0A+ function evidenceList(value?: string | null) { try { const parsed = JSON.parse(value || '[]'); return Array.isArray(parsed) ? parsed.filter((item): item is string => typeof item === 'string') : []; } catch { return []; } }%0A+%0A%0A ❯ tests/msp-command-center-and-pricing-contract.test.ts:14:15%0A%0A

::error file=/home/runner/work/software-passport-registry/software-passport-registry/tests/msp-command-center-and-pricing-contract.test.ts,title=tests/msp-command-center-and-pricing-contract.test.ts > SPR MSP Command Center — software verification metrics > never coerces an empty portfolio into a 0%25 coverage or freshness figure,line=30,column=15::AssertionError: expected 'import React, { useEffect, useMemo, u…' to contain 'const coveragePct = total > 0 ? Math.…'%0A%0A- Expected%0A+ Received%0A%0A- const coveragePct = total > 0 ? Math.round((verified / total) * 100) : null;%0A+ import React, { useEffect, useMemo, useState } from 'react';%0A+ import { AlertTriangle, ArrowRight, Building2, CheckCircle2, FileSearch, ShieldAlert, User, X } from 'lucide-react';%0A+ import { Alert, Client } from '../types';%0A+ import { apiFetch } from '../utils/apiClient';%0A+ import type { VerificationDecision } from '../lib/verification/evaluateVerification';%0A+%0A+ interface Props {%0A+   clients: Client[];%0A+   alerts: Alert[];%0A+   findings: any[];%0A+   role?: string;%0A+   onSelectClient: (id: string) => void;%0A+   onSelectPassport?: (passportId: string) => void;%0A+   onNavigate: (tab: string) => void;%0A+   verificationDecisions?: Record<string, VerificationDecision>;%0A+   verificationDetails?: Record<string, unknown>;%0A+ }%0A+%0A+ type Assignment = { id: string; client_id: string; technician_display: string; assigned_by: string; updated_at: string };%0A+ type TeamMember = { id: number; email: string; displayName?: string | null; role: string };%0A+%0A+ const severityClass = (severity: Alert['severity']) => severity === 'Critical'%0A+   ? 'border-[#a4262c]/30 bg-[#fdf2f2] text-[#a4262c]'%0A+   : severity === 'High' ? 'border-[#8a5700]/30 bg-[#fff4ce] text-[#8a5700]'%0A+   : 'border-[#0f6cbd]/30 bg-[#eff6fc] text-[#0f6cbd]';%0A+%0A+ export default function MSPCommandCenter({ clients, alerts, findings, role = 'Viewer', onSelectClient, onNavigate, onSelectPassport, verificationDecisions = {}, verificationDetails = {} }: Props) {%0A+   const [selected, setSelected] = useState<Alert | null>(null);%0A+   const [assignments, setAssignments] = useState<Assignment[]>([]);%0A+   const [team, setTeam] = useState<TeamMember[]>([]);%0A+   const [assigningClientId, setAssigningClientId] = useState<string | null>(null);%0A+   const canAssign = role === 'Owner' || role === 'Admin';%0A+   const trustStateFromDecision = (decision?: VerificationDecision) => decision?.state ?? 'UNINITIALIZED';%0A+   const trustStateForPassportItem = (item: { passportId: string }) => trustStateFromDecision(verificationDecisions?.[item.passportId]);%0A+   const selectPassport = (passportId: string) => { onSelectPassport?.(passportId); };%0A+   const passportDecision = (passport: { id: string }) => { const decision = verificationDecisions?.[passport.id]; return decision; };%0A+   void verificationDetails;%0A+%0A+   const loadAssignments = () => { apiFetch('/api/msp/assignments').then((r) => r.ok ? r.json() : null).then((data) => { if (Array.isArray(data?.assignments)) setAssignments(data.assignments); }).catch(() => {}); };%0A+   useEffect(() => { loadAssignments(); apiFetch('/api/organization/team').then((r) => r.ok ? r.json() : null).then((data) => { if (Array.isArray(data)) setTeam(data); }).catch(() => {}); }, []);%0A+%0A+   const assignmentByClient = useMemo(() => new Map(assignments.map((a) => [a.client_id, a])), [assignments]);%0A+   const assignTechnician = async (clientId: string, member: TeamMember) => {%0A+     const response = await apiFetch('/api/msp/assignments', { method: 'PUT', headers: { 'Content-Type': 'application/json' }, body: JSON.stringify({ clientId, technicianUserId: member.id, technicianDisplay: member.displayName || member.email }) });%0A+     if (response.ok) { loadAssignments(); setAssigningClientId(null); }%0A+   };%0A+   const unassignTechnician = async (clientId: string) => {%0A+     const response = await apiFetch(`/api/msp/assignments/${encodeURIComponent(clientId)}`, { method: 'DELETE' });%0A+     if (response.ok) loadAssignments();%0A+   };%0A+%0A+   const clientRiskRollup = useMemo(() => clients.map((client) => {%0A+     const clientAlerts = alerts.filter((a) => a.clientName === client.name);%0A+     const active = clientAlerts.filter((a) => a.status !== 'Resolved' && a.status !== 'Cancelled');%0A+     const critical = active.filter((a) => a.severity === 'Critical').length;%0A+     const high = active.filter((a) => a.severity === 'High').length;%0A+     return { client, activeCount: active.length, critical, high, assignment: assignmentByClient.get(client.id) };%0A+   }).sort((a, b) => (b.critical - a.critical) || (b.high - a.high) || (b.activeCount - a.activeCount)), [clients, alerts, assignmentByClient]);%0A+   // Sourced from the same /api/trust-loop/findings data App.tsx already fetched%0A+   // to build `alerts` -- no second network round trip for finding detail.%0A+   const finding = useMemo(() => selected ? findings.find((item: any) => String(item.id) === selected.id) || null : null, [selected?.id, findings]);%0A+   const findingError = selected && !finding ? 'Finding details are unavailable.' : null;%0A+   const [task, setTask] = useState<any | null>(null);%0A+   const [taskLoading, setTaskLoading] = useState(false);%0A+   const [taskError, setTaskError] = useState<string | null>(null);%0A+   const attention = useMemo(() => alerts.filter(item => item.status === 'Active').sort((a, b) => {%0A+     const rank = { Critical: 3, High: 2, Medium: 1, Low: 0 };%0A+     return rank[b.severity] - rank[a.severity];%0A+   }), [alerts]);%0A+   const criticalClients = new Set(attention.filter(item => item.severity === 'Critical').map(item => item.clientName)).size;%0A+   const attentionClients = new Set(attention.filter(item => item.severity !== 'Critical').map(item => item.clientName)).size;%0A+   // A remediation may already exist for this finding (created from the Alerts%0A+   // view via the same /api/trust-loop/remediations backend) -- load it by the%0A+   // id the findings join already gives us instead of scanning a task list.%0A+   useEffect(() => {%0A+     setTask(null); setTaskError(null);%0A+     if (!selected?.remediationId) return;%0A+     let cancelled = false;%0A+     apiFetch(`/api/trust-loop/remediations/${encodeURIComponent(selected.remediationId)}`).then(response => response.ok ? response.json() : null).then(data => { if (!cancelled && data) setTask(data); }).catch(() => {});%0A+     return () => { cancelled = true; };%0A+   }, [selected?.id, selected?.remediationId]);%0A+   const createTask = async () => {%0A+     if (!selected || !finding || taskLoading) return;%0A+     setTaskLoading(true); setTaskError(null);%0A+     try {%0A+       const response = await apiFetch('/api/trust-loop/remediations', {%0A+         method: 'POST', headers: { 'Content-Type': 'application/json' },%0A+         body: JSON.stringify({ findingId: selected.id, title: selected.title, description: selected.description, priority: selected.severity.toUpperCase() }),%0A+       });%0A+       const body = await response.json().catch(() => ({}));%0A+       if (!response.ok) throw new Error(body?.error || 'SPR could not create the remediation task.');%0A+       setTask(body);%0A+     } catch (cause: any) { setTaskError(cause?.message || 'SPR could not create the remediation task.'); }%0A+     finally { setTaskLoading(false); }%0A+   };%0A+   const transitionTask = async (status: 'IN_PROGRESS' | 'READY_FOR_VERIFICATION') => {%0A+     if (!task || taskLoading) return;%0A+     setTaskLoading(true); setTaskError(null);%0A+     try {%0A+       const response = await apiFetch(`/api/trust-loop/remediations/${encodeURIComponent(task.id)}`, { method: 'PATCH', headers: { 'Content-Type': 'application/json' }, body: JSON.stringify({ status }) });%0A+       const body = await response.json().catch(() => ({}));%0A+       if (!response.ok) throw new Error(body?.error || 'SPR could not update the task.');%0A+       setTask(body);%0A+     } catch (cause: any) { setTaskError(cause?.message || 'SPR could not update the task.'); }%0A+     finally { setTaskLoading(false); }%0A+   };%0A+   // Re-verifies against the most recent trust_observation SPR already has on%0A+   // file for this software -- there is no live "run a check now" job queue,%0A+   // so this is honestly a re-check of existing evidence, not a fresh scan.%0A+   const verifyWithLatestEvidence = async () => {%0A+     if (!task || taskLoading) return;%0A+     setTaskLoading(true); setTaskError(null);%0A+     try {%0A+       const response = await apiFetch(`/api/trust-loop/remediations/${encodeURIComponent(task.id)}/verify-latest`, { method: 'POST' });%0A+       const body = await response.json().catch(() => ({}));%0A+       if (!response.ok) throw new Error(body?.error || 'SPR could not verify this task against current evidence.');%0A+       setTask(body);%0A+     } catch (cause: any) { setTaskError(cause?.message || 'SPR could not verify this task against current evidence.'); }%0A+     finally { setTaskLoading(false); }%0A+   };%0A+%0A+   return <section id="msp-command-center" aria-labelledby="msp-command-center-title">%0A+     <div className="mb-4 flex flex-wrap items-center justify-between gap-3">%0A+       <div>%0A+         <h1 id="msp-command-center-title" className="text-[22px] font-semibold text-[#201f1e]">Who needs you today?</h1>%0A+         <p className="mt-1 text-[13px] text-[#605e5c]">Prioritized work from the evidence and findings SPR currently has on record. A closed task is not a verified fix.</p>%0A+       </div>%0A+       <button type="button" onClick={() => onNavigate('clients')} className="inline-flex h-8 items-center gap-1.5 rounded border border-[#c8c6c4] px-3 text-[13px] font-medium text-[#323130] hover:bg-black/[.03]">%0A+         View all clients <ArrowRight className="h-3.5 w-3.5" />%0A+       </button>%0A+     </div>%0A+%0A+     <div className="mb-4 flex flex-wrap gap-6 rounded-md border border-[#e1dfdd] bg-white p-3">%0A+       <Metric label="Clients" value={clients.length} icon={<Building2 className="h-3.5 w-3.5" />} />%0A+       <Metric label="Healthy" value={Math.max(0, clients.length - criticalClients - attentionClients)} icon={<CheckCircle2 className="h-3.5 w-3.5 text-[#0e700e]" />} />%0A+       <Metric label="Need attention" value={attentionClients} icon={<AlertTriangle className="h-3.5 w-3.5 text-[#8a5700]" />} />%0A+       <Metric label="Critical" value={criticalClients} icon={<ShieldAlert className="h-3.5 w-3.5 text-[#a4262c]" />} />%0A+     </div>%0A+%0A+     <div className="mb-4 rounded-md border border-[#e1dfdd] bg-white">%0A+       <div className="border-b border-[#e1dfdd] px-4 py-3"><h2 className="text-[14px] font-semibold text-[#201f1e]">Cross-client risk</h2><p className="mt-0.5 text-[12px] text-[#605e5c]">Every client ranked by active critical and high findings, with technician assignment.</p></div>%0A+       <div className="overflow-x-auto">%0A+         <table className="w-full min-w-[640px] text-left text-[13px]">%0A+           <thead className="border-b border-[#e1dfdd] text-[11px] uppercase tracking-wide text-[#605e5c]"><tr><th className="px-4 py-2">Client</th><th className="px-4 py-2">Critical</th><th className="px-4 py-2">High</th><th className="px-4 py-2">Active findings</th><th className="px-4 py-2">Assigned technician</th></tr></thead>%0A+           <tbody>%0A+             {clientRiskRollup.map(({ client, activeCount, critical, high, assignment }) => (%0A+               <tr key={client.id} className="border-b border-[#f3f2f1] hover:bg-black/[.02]">%0A+                 <td className="px-4 py-2.5 font-medium text-[#201f1e]">{client.name}</td>%0A+                 <td className="px-4 py-2.5">{critical > 0 ? <span className="rounded border border-[#a4262c]/30 bg-[#fdf2f2] px-1.5 py-0.5 text-[11px] font-semibold text-[#a4262c]">{critical}</span> : <span className="text-[#8a8886]">0</span>}</td>%0A+                 <td className="px-4 py-2.5">{high > 0 ? <span className="rounded border border-[#8a5700]/30 bg-[#fff4ce] px-1.5 py-0.5 text-[11px] font-semibold text-[#8a5700]">{high}</span> : <span className="text-[#8a8886]">0</span>}</td>%0A+                 <td className="px-4 py-2.5 text-[#323130]">{activeCount}</td>%0A+                 <td className="px-4 py-2.5">%0A+                   {assigningClientId === client.id ? (%0A+                     <select autoFocus onBlur={() => setAssigningClientId(null)} onChange={(e) => { const member = team.find((m) => String(m.id) === e.target.value); if (member) void assignTechnician(client.id, member); }} className="h-8 rounded border border-[#c8c6c4] bg-white px-2 text-[12px] text-[#201f1e] focus:border-[#0f6cbd] focus:outline-none focus:ring-1 focus:ring-[#0f6cbd]">%0A+                       <option value="">Select technician…</option>%0A+                       {team.map((member) => <option key={member.id} value={member.id}>{member.displayName || member.email}</option>)}%0A+                     </select>%0A+                   ) : assignment ? (%0A+                     <div className="flex items-center gap-2 text-[12px] text-[#323130]"><User className="h-3 w-3 text-[#8a8886]" />{assignment.technician_display}%0A+                       {canAssign && <button type="button" onClick={() => void unassignTechnician(client.id)} className="text-[#8a8886] hover:text-[#a4262c]">×</button>}%0A+                       {canAssign && <button type="button" onClick={() => setAssigningClientId(client.id)} className="text-[#0f6cbd] hover:text-[#004578]">change</button>}%0A+                     </div>%0A+                   ) : canAssign ? (%0A+                     <button type="button" onClick={() => setAssigningClientId(client.id)} className="rounded border border-[#c8c6c4] px-2 py-1 text-[12px] text-[#605e5c] hover:bg-black/[.03]">Assign…</button>%0A+                   ) : <span className="text-[12px] text-[#8a8886]">Unassigned</span>}%0A+                 </td>%0A+               </tr>%0A+             ))}%0A+           </tbody>%0A+         </table>%0A+       </div>%0A+     </div>%0A+%0A+     <div className="rounded-md border border-[#e1dfdd] bg-white">%0A+       <div className="flex flex-col gap-2 border-b border-[#e1dfdd] px-4 py-3 sm:flex-row sm:items-center sm:justify-between">%0A+         <div><h2 className="text-[14px] font-semibold text-[#201f1e]">Clients needing action</h2><p className="mt-0.5 text-[12px] text-[#605e5c]">Most urgent first, based on active recorded findings.</p></div>%0A+         <span className="w-fit rounded border border-[#c8c6c4] bg-[#faf9f8] px-2 py-0.5 text-[11px] font-medium text-[#605e5c]">{attention.length} active findings</span>%0A+       </div>%0A+       {attention.length ? <div>%0A+         {attention.map(alert => {%0A+           const client = clients.find(item => item.name === alert.clientName);%0A+           return <article key={alert.id} className="grid gap-3 border-b border-[#f3f2f1] px-4 py-3 last:border-b-0 lg:grid-cols-[minmax(180px,0.8fr)_minmax(260px,1.5fr)_auto] lg:items-center">%0A+             <div>%0A+               <p className="font-medium text-[#201f1e]">{alert.clientName}</p>%0A+               <p className="mt-0.5 text-[11px] text-[#8a8886]">Observed {alert.timestamp}</p>%0A+             </div>%0A+             <div>%0A+               <div className="mb-1.5 flex flex-wrap gap-1.5"><span className={`rounded border px-1.5 py-0.5 text-[11px] font-semibold ${severityClass(alert.severity)}`}>{alert.severity}</span><span className="rounded bg-[#f3f2f1] px-1.5 py-0.5 text-[11px] text-[#605e5c]">{alert.category}</span></div>%0A+               <p className="text-[13px] font-medium text-[#201f1e]">{alert.title}</p><p className="mt-0.5 text-[12px] leading-5 text-[#605e5c]">{alert.description}</p>%0A+             </div>%0A+             <div className="flex gap-2 lg:flex-col"><button type="button" onClick={() => setSelected(alert)} className="inline-flex h-8 items-center justify-center gap-1.5 rounded bg-[#0f6cbd] px-3 text-[13px] font-medium text-white hover:bg-[#004578]">Investigate <ArrowRight className="h-3.5 w-3.5" /></button>{client && <button type="button" onClick={() => onSelectClient(client.id)} className="h-8 rounded border border-[#c8c6c4] px-3 text-[13px] font-medium text-[#323130] hover:bg-black/[.03]">Client</button>}</div>%0A+           </article>;%0A+         })}%0A+       </div> : <div className="px-6 py-10 text-center"><CheckCircle2 className="mx-auto h-6 w-6 text-[#0e700e]" /><h3 className="mt-2 text-[13px] font-semibold text-[#201f1e]">No clients need attention</h3><p className="mt-1 text-[12px] text-[#605e5c]">Your monitored clients currently have no active recorded findings requiring action.</p></div>}%0A+     </div>%0A+%0A+     {selected && <div className="fixed inset-0 z-50 flex items-end bg-black/40 p-0 md:items-center md:justify-center md:p-6" role="dialog" aria-modal="true" aria-labelledby="finding-title">%0A+       <div className="max-h-[92vh] w-full max-w-2xl overflow-y-auto rounded-t-md border border-[#e1dfdd] bg-white p-5 md:rounded-md"><div className="flex items-start justify-between gap-4"><div><p className="text-[11px] font-semibold uppercase tracking-wide text-[#605e5c]">Finding detail · Explain this</p><h2 id="finding-title" className="mt-1 text-[18px] font-semibold text-[#201f1e]">{selected.title}</h2></div><button type="button" onClick={() => setSelected(null)} aria-label="Close finding" className="rounded p-1.5 text-[#605e5c] hover:bg-black/[.05]"><X className="h-4 w-4" /></button></div>%0A+         {findingError && <div role="alert" className="mt-4 rounded-md border border-[#a4262c]/30 bg-[#fdf2f2] p-3 text-[13px] text-[#a4262c]"><p className="font-semibold">Finding detail unavailable</p><p className="mt-0.5">{findingError}</p></div>}%0A+         {finding && <><div className="mt-4 grid gap-3 sm:grid-cols-2"><Detail label="Client" value={selected.clientName} /><Detail label="Severity and status" value={`${finding.severity} — ${finding.status}`} /><Detail label="First observed" value={formatStoredTime(finding.created_at)} /><Detail label="Last observed" value={formatStoredTime(finding.updated_at)} /></div>%0A+         <section className="mt-3 rounded-md border border-[#e1dfdd] bg-[#faf9f8] p-3"><h3 className="text-[13px] font-semibold text-[#201f1e]">Observed</h3><p className="mt-1 text-[13px] leading-6 text-[#323130]">{finding.description || 'No observation description is available.'}</p></section><div className="mt-3 grid gap-3 sm:grid-cols-2"><Detail label="Why it matters" value="Review this recorded finding with its evidence before choosing remediation." /><Detail label="What you can do" value="Create a remediation task, then collect a new observation before treating the finding as resolved." /></div>%0A+         <section className="mt-3 rounded-md border border-[#e1dfdd] bg-[#faf9f8] p-3"><h3 className="text-[13px] font-semibold text-[#201f1e]">Evidence chain</h3><p className="mt-0.5 text-[11px] text-[#8a8886]">Finding → observed artifact → source evidence → verification time</p>{evidenceList(finding.evidence_ids).length ? <ul className="mt-3 space-y-1.5">{evidenceList(finding.evidence_ids).map((id: string) => <li key={id} className="rounded border border-[#e1dfdd] bg-white px-2.5 py-1.5 font-mono text-[11px] text-[#323130]">Evidence reference: {id}</li>)}</ul> : <p className="mt-3 text-[13px] text-[#605e5c]">Evidence unavailable. This finding has no stored evidence references.</p>}</section></>}%0A+         {taskError && <p role="alert" className="mt-3 text-[13px] text-[#a4262c]">{taskError}</p>}%0A+         {task && <section className="mt-3 rounded-md border border-[#0f6cbd]/30 bg-[#eff6fc] p-3"><p className="text-[11px] font-semibold uppercase tracking-wide text-[#0f6cbd]">Remediation task</p><p className="mt-1 text-[13px] font-semibold text-[#201f1e]">{task.title}</p><p className="mt-0.5 text-[12px] text-[#323130]">{task.status.replaceAll('_', ' ')} · created {formatStoredTime(task.created_at)}</p>{task.status === 'OPEN' && <button type="button" onClick={() => void transitionTask('IN_PROGRESS')} disabled={taskLoading} className="mt-3 inline-flex h-8 items-center rounded bg-[#0f6cbd] px-3 text-[13px] font-medium text-white hover:bg-[#004578] disabled:opacity-50">{taskLoading ? 'Updating task…' : 'Start remediation'}</button>}{task.status === 'IN_PROGRESS' && <button type="button" onClick={() => void transitionTask('READY_FOR_VERIFICATION')} disabled={taskLoading} className="mt-3 inline-flex h-8 items-center rounded bg-[#0f6cbd] px-3 text-[13px] font-medium text-white hover:bg-[#004578] disabled:opacity-50">{taskLoading ? 'Updating task…' : 'Mark ready for verification'}</button>}{task.status === 'READY_FOR_VERIFICATION' && <div className="mt-2"><p className="text-[13px] text-[#8a5700]">Remediation marked complete. Verification required.</p><p className="mt-0.5 text-[11px] text-[#605e5c]">Re-checks the most recent evidence SPR already has on file for this software — this is not a live scan.</p><button type="button" onClick={() => void verifyWithLatestEvidence()} disabled={taskLoading} className="mt-2 inline-flex h-8 items-center rounded bg-[#0f6cbd] px-3 text-[13px] font-medium text-white hover:bg-[#004578] disabled:opacity-50">{taskLoading ? 'Verifying…' : 'Verify with latest evidence'}</button></div>}{task.status === 'VERIFIED' && <p className="mt-2 text-[13px] text-[#0e700e]">Verified against evidence SPR collected. The underlying finding is now marked resolved.</p>}</section>}%0A+         <div className="mt-4 flex flex-wrap gap-2"><button type="button" onClick={() => { setSelected(null); onNavigate('alerts'); }} disabled={!finding} className="inline-flex h-8 items-center gap-1.5 rounded bg-[#0f6cbd] px-3 text-[13px] font-medium text-white hover:bg-[#004578] disabled:opacity-50"><FileSearch className="h-3.5 w-3.5" /> Show evidence</button>{task ? <span className="inline-flex h-8 items-center rounded border border-[#c8c6c4] px-3 text-[13px] font-medium text-[#323130]">Task created</span> : <button type="button" onClick={() => void createTask()} disabled={!finding || taskLoading} className="inline-flex h-8 items-center rounded border border-[#c8c6c4] px-3 text-[13px] font-medium text-[#323130] hover:bg-black/[.03] disabled:opacity-50">{taskLoading ? 'Creating task…' : 'Create remediation task'}</button>}</div>%0A+       </div>%0A+     </div>}%0A+   </section>;%0A+ }%0A+%0A+ function Metric({ label, value, icon }: { label: string; value: number; icon: React.ReactNode }) { return <div className="flex items-center gap-1.5">{icon}<div><div className="text-[11px] text-[#605e5c]">{label}</div><div className="text-lg font-semibold text-[#201f1e]">{value}</div></div></div>; }%0A+ function Detail({ label, value }: { label: string; value: string }) { return <div className="rounded-md border border-[#e1dfdd] bg-[#faf9f8] p-3"><p className="text-[11px] font-semibold uppercase tracking-wide text-[#605e5c]">{label}</p><p className="mt-1 text-[13px] leading-5 text-[#201f1e]">{value}</p></div>; }%0A+ function formatStoredTime(value?: string | null) { return value ? new Date(value).toLocaleString() : 'Not observed'; }%0A+ function evidenceList(value?: string | null) { try { const parsed = JSON.parse(value || '[]'); return Array.isArray(parsed) ? parsed.filter((item): item is string => typeof item === 'string') : []; } catch { return []; } }%0A+%0A%0A ❯ tests/msp-command-center-and-pricing-contract.test.ts:30:15%0A%0A

::error file=/home/runner/work/software-passport-registry/software-passport-registry/tests/msp-command-center-and-pricing-contract.test.ts,title=tests/msp-command-center-and-pricing-contract.test.ts > SPR MSP Command Center — software verification metrics > derives evidence freshness from real evidence timestamps%2C not a hardcoded window,line=40,column=15::AssertionError: expected 'import React, { useEffect, useMemo, u…' to contain 'EVIDENCE_FRESHNESS_WINDOW_DAYS'%0A%0A- Expected%0A+ Received%0A%0A- EVIDENCE_FRESHNESS_WINDOW_DAYS%0A+ import React, { useEffect, useMemo, useState } from 'react';%0A+ import { AlertTriangle, ArrowRight, Building2, CheckCircle2, FileSearch, ShieldAlert, User, X } from 'lucide-react';%0A+ import { Alert, Client } from '../types';%0A+ import { apiFetch } from '../utils/apiClient';%0A+ import type { VerificationDecision } from '../lib/verification/evaluateVerification';%0A+%0A+ interface Props {%0A+   clients: Client[];%0A+   alerts: Alert[];%0A+   findings: any[];%0A+   role?: string;%0A+   onSelectClient: (id: string) => void;%0A+   onSelectPassport?: (passportId: string) => void;%0A+   onNavigate: (tab: string) => void;%0A+   verificationDecisions?: Record<string, VerificationDecision>;%0A+   verificationDetails?: Record<string, unknown>;%0A+ }%0A+%0A+ type Assignment = { id: string; client_id: string; technician_display: string; assigned_by: string; updated_at: string };%0A+ type TeamMember = { id: number; email: string; displayName?: string | null; role: string };%0A+%0A+ const severityClass = (severity: Alert['severity']) => severity === 'Critical'%0A+   ? 'border-[#a4262c]/30 bg-[#fdf2f2] text-[#a4262c]'%0A+   : severity === 'High' ? 'border-[#8a5700]/30 bg-[#fff4ce] text-[#8a5700]'%0A+   : 'border-[#0f6cbd]/30 bg-[#eff6fc] text-[#0f6cbd]';%0A+%0A+ export default function MSPCommandCenter({ clients, alerts, findings, role = 'Viewer', onSelectClient, onNavigate, onSelectPassport, verificationDecisions = {}, verificationDetails = {} }: Props) {%0A+   const [selected, setSelected] = useState<Alert | null>(null);%0A+   const [assignments, setAssignments] = useState<Assignment[]>([]);%0A+   const [team, setTeam] = useState<TeamMember[]>([]);%0A+   const [assigningClientId, setAssigningClientId] = useState<string | null>(null);%0A+   const canAssign = role === 'Owner' || role === 'Admin';%0A+   const trustStateFromDecision = (decision?: VerificationDecision) => decision?.state ?? 'UNINITIALIZED';%0A+   const trustStateForPassportItem = (item: { passportId: string }) => trustStateFromDecision(verificationDecisions?.[item.passportId]);%0A+   const selectPassport = (passportId: string) => { onSelectPassport?.(passportId); };%0A+   const passportDecision = (passport: { id: string }) => { const decision = verificationDecisions?.[passport.id]; return decision; };%0A+   void verificationDetails;%0A+%0A+   const loadAssignments = () => { apiFetch('/api/msp/assignments').then((r) => r.ok ? r.json() : null).then((data) => { if (Array.isArray(data?.assignments)) setAssignments(data.assignments); }).catch(() => {}); };%0A+   useEffect(() => { loadAssignments(); apiFetch('/api/organization/team').then((r) => r.ok ? r.json() : null).then((data) => { if (Array.isArray(data)) setTeam(data); }).catch(() => {}); }, []);%0A+%0A+   const assignmentByClient = useMemo(() => new Map(assignments.map((a) => [a.client_id, a])), [assignments]);%0A+   const assignTechnician = async (clientId: string, member: TeamMember) => {%0A+     const response = await apiFetch('/api/msp/assignments', { method: 'PUT', headers: { 'Content-Type': 'application/json' }, body: JSON.stringify({ clientId, technicianUserId: member.id, technicianDisplay: member.displayName || member.email }) });%0A+     if (response.ok) { loadAssignments(); setAssigningClientId(null); }%0A+   };%0A+   const unassignTechnician = async (clientId: string) => {%0A+     const response = await apiFetch(`/api/msp/assignments/${encodeURIComponent(clientId)}`, { method: 'DELETE' });%0A+     if (response.ok) loadAssignments();%0A+   };%0A+%0A+   const clientRiskRollup = useMemo(() => clients.map((client) => {%0A+     const clientAlerts = alerts.filter((a) => a.clientName === client.name);%0A+     const active = clientAlerts.filter((a) => a.status !== 'Resolved' && a.status !== 'Cancelled');%0A+     const critical = active.filter((a) => a.severity === 'Critical').length;%0A+     const high = active.filter((a) => a.severity === 'High').length;%0A+     return { client, activeCount: active.length, critical, high, assignment: assignmentByClient.get(client.id) };%0A+   }).sort((a, b) => (b.critical - a.critical) || (b.high - a.high) || (b.activeCount - a.activeCount)), [clients, alerts, assignmentByClient]);%0A+   // Sourced from the same /api/trust-loop/findings data App.tsx already fetched%0A+   // to build `alerts` -- no second network round trip for finding detail.%0A+   const finding = useMemo(() => selected ? findings.find((item: any) => String(item.id) === selected.id) || null : null, [selected?.id, findings]);%0A+   const findingError = selected && !finding ? 'Finding details are unavailable.' : null;%0A+   const [task, setTask] = useState<any | null>(null);%0A+   const [taskLoading, setTaskLoading] = useState(false);%0A+   const [taskError, setTaskError] = useState<string | null>(null);%0A+   const attention = useMemo(() => alerts.filter(item => item.status === 'Active').sort((a, b) => {%0A+     const rank = { Critical: 3, High: 2, Medium: 1, Low: 0 };%0A+     return rank[b.severity] - rank[a.severity];%0A+   }), [alerts]);%0A+   const criticalClients = new Set(attention.filter(item => item.severity === 'Critical').map(item => item.clientName)).size;%0A+   const attentionClients = new Set(attention.filter(item => item.severity !== 'Critical').map(item => item.clientName)).size;%0A+   // A remediation may already exist for this finding (created from the Alerts%0A+   // view via the same /api/trust-loop/remediations backend) -- load it by the%0A+   // id the findings join already gives us instead of scanning a task list.%0A+   useEffect(() => {%0A+     setTask(null); setTaskError(null);%0A+     if (!selected?.remediationId) return;%0A+     let cancelled = false;%0A+     apiFetch(`/api/trust-loop/remediations/${encodeURIComponent(selected.remediationId)}`).then(response => response.ok ? response.json() : null).then(data => { if (!cancelled && data) setTask(data); }).catch(() => {});%0A+     return () => { cancelled = true; };%0A+   }, [selected?.id, selected?.remediationId]);%0A+   const createTask = async () => {%0A+     if (!selected || !finding || taskLoading) return;%0A+     setTaskLoading(true); setTaskError(null);%0A+     try {%0A+       const response = await apiFetch('/api/trust-loop/remediations', {%0A+         method: 'POST', headers: { 'Content-Type': 'application/json' },%0A+         body: JSON.stringify({ findingId: selected.id, title: selected.title, description: selected.description, priority: selected.severity.toUpperCase() }),%0A+       });%0A+       const body = await response.json().catch(() => ({}));%0A+       if (!response.ok) throw new Error(body?.error || 'SPR could not create the remediation task.');%0A+       setTask(body);%0A+     } catch (cause: any) { setTaskError(cause?.message || 'SPR could not create the remediation task.'); }%0A+     finally { setTaskLoading(false); }%0A+   };%0A+   const transitionTask = async (status: 'IN_PROGRESS' | 'READY_FOR_VERIFICATION') => {%0A+     if (!task || taskLoading) return;%0A+     setTaskLoading(true); setTaskError(null);%0A+     try {%0A+       const response = await apiFetch(`/api/trust-loop/remediations/${encodeURIComponent(task.id)}`, { method: 'PATCH', headers: { 'Content-Type': 'application/json' }, body: JSON.stringify({ status }) });%0A+       const body = await response.json().catch(() => ({}));%0A+       if (!response.ok) throw new Error(body?.error || 'SPR could not update the task.');%0A+       setTask(body);%0A+     } catch (cause: any) { setTaskError(cause?.message || 'SPR could not update the task.'); }%0A+     finally { setTaskLoading(false); }%0A+   };%0A+   // Re-verifies against the most recent trust_observation SPR already has on%0A+   // file for this software -- there is no live "run a check now" job queue,%0A+   // so this is honestly a re-check of existing evidence, not a fresh scan.%0A+   const verifyWithLatestEvidence = async () => {%0A+     if (!task || taskLoading) return;%0A+     setTaskLoading(true); setTaskError(null);%0A+     try {%0A+       const response = await apiFetch(`/api/trust-loop/remediations/${encodeURIComponent(task.id)}/verify-latest`, { method: 'POST' });%0A+       const body = await response.json().catch(() => ({}));%0A+       if (!response.ok) throw new Error(body?.error || 'SPR could not verify this task against current evidence.');%0A+       setTask(body);%0A+     } catch (cause: any) { setTaskError(cause?.message || 'SPR could not verify this task against current evidence.'); }%0A+     finally { setTaskLoading(false); }%0A+   };%0A+%0A+   return <section id="msp-command-center" aria-labelledby="msp-command-center-title">%0A+     <div className="mb-4 flex flex-wrap items-center justify-between gap-3">%0A+       <div>%0A+         <h1 id="msp-command-center-title" className="text-[22px] font-semibold text-[#201f1e]">Who needs you today?</h1>%0A+         <p className="mt-1 text-[13px] text-[#605e5c]">Prioritized work from the evidence and findings SPR currently has on record. A closed task is not a verified fix.</p>%0A+       </div>%0A+       <button type="button" onClick={() => onNavigate('clients')} className="inline-flex h-8 items-center gap-1.5 rounded border border-[#c8c6c4] px-3 text-[13px] font-medium text-[#323130] hover:bg-black/[.03]">%0A+         View all clients <ArrowRight className="h-3.5 w-3.5" />%0A+       </button>%0A+     </div>%0A+%0A+     <div className="mb-4 flex flex-wrap gap-6 rounded-md border border-[#e1dfdd] bg-white p-3">%0A+       <Metric label="Clients" value={clients.length} icon={<Building2 className="h-3.5 w-3.5" />} />%0A+       <Metric label="Healthy" value={Math.max(0, clients.length - criticalClients - attentionClients)} icon={<CheckCircle2 className="h-3.5 w-3.5 text-[#0e700e]" />} />%0A+       <Metric label="Need attention" value={attentionClients} icon={<AlertTriangle className="h-3.5 w-3.5 text-[#8a5700]" />} />%0A+       <Metric label="Critical" value={criticalClients} icon={<ShieldAlert className="h-3.5 w-3.5 text-[#a4262c]" />} />%0A+     </div>%0A+%0A+     <div className="mb-4 rounded-md border border-[#e1dfdd] bg-white">%0A+       <div className="border-b border-[#e1dfdd] px-4 py-3"><h2 className="text-[14px] font-semibold text-[#201f1e]">Cross-client risk</h2><p className="mt-0.5 text-[12px] text-[#605e5c]">Every client ranked by active critical and high findings, with technician assignment.</p></div>%0A+       <div className="overflow-x-auto">%0A+         <table className="w-full min-w-[640px] text-left text-[13px]">%0A+           <thead className="border-b border-[#e1dfdd] text-[11px] uppercase tracking-wide text-[#605e5c]"><tr><th className="px-4 py-2">Client</th><th className="px-4 py-2">Critical</th><th className="px-4 py-2">High</th><th className="px-4 py-2">Active findings</th><th className="px-4 py-2">Assigned technician</th></tr></thead>%0A+           <tbody>%0A+             {clientRiskRollup.map(({ client, activeCount, critical, high, assignment }) => (%0A+               <tr key={client.id} className="border-b border-[#f3f2f1] hover:bg-black/[.02]">%0A+                 <td className="px-4 py-2.5 font-medium text-[#201f1e]">{client.name}</td>%0A+                 <td className="px-4 py-2.5">{critical > 0 ? <span className="rounded border border-[#a4262c]/30 bg-[#fdf2f2] px-1.5 py-0.5 text-[11px] font-semibold text-[#a4262c]">{critical}</span> : <span className="text-[#8a8886]">0</span>}</td>%0A+                 <td className="px-4 py-2.5">{high > 0 ? <span className="rounded border border-[#8a5700]/30 bg-[#fff4ce] px-1.5 py-0.5 text-[11px] font-semibold text-[#8a5700]">{high}</span> : <span className="text-[#8a8886]">0</span>}</td>%0A+                 <td className="px-4 py-2.5 text-[#323130]">{activeCount}</td>%0A+                 <td className="px-4 py-2.5">%0A+                   {assigningClientId === client.id ? (%0A+                     <select autoFocus onBlur={() => setAssigningClientId(null)} onChange={(e) => { const member = team.find((m) => String(m.id) === e.target.value); if (member) void assignTechnician(client.id, member); }} className="h-8 rounded border border-[#c8c6c4] bg-white px-2 text-[12px] text-[#201f1e] focus:border-[#0f6cbd] focus:outline-none focus:ring-1 focus:ring-[#0f6cbd]">%0A+                       <option value="">Select technician…</option>%0A+                       {team.map((member) => <option key={member.id} value={member.id}>{member.displayName || member.email}</option>)}%0A+                     </select>%0A+                   ) : assignment ? (%0A+                     <div className="flex items-center gap-2 text-[12px] text-[#323130]"><User className="h-3 w-3 text-[#8a8886]" />{assignment.technician_display}%0A+                       {canAssign && <button type="button" onClick={() => void unassignTechnician(client.id)} className="text-[#8a8886] hover:text-[#a4262c]">×</button>}%0A+                       {canAssign && <button type="button" onClick={() => setAssigningClientId(client.id)} className="text-[#0f6cbd] hover:text-[#004578]">change</button>}%0A+                     </div>%0A+                   ) : canAssign ? (%0A+                     <button type="button" onClick={() => setAssigningClientId(client.id)} className="rounded border border-[#c8c6c4] px-2 py-1 text-[12px] text-[#605e5c] hover:bg-black/[.03]">Assign…</button>%0A+                   ) : <span className="text-[12px] text-[#8a8886]">Unassigned</span>}%0A+                 </td>%0A+               </tr>%0A+             ))}%0A+           </tbody>%0A+         </table>%0A+       </div>%0A+     </div>%0A+%0A+     <div className="rounded-md border border-[#e1dfdd] bg-white">%0A+       <div className="flex flex-col gap-2 border-b border-[#e1dfdd] px-4 py-3 sm:flex-row sm:items-center sm:justify-between">%0A+         <div><h2 className="text-[14px] font-semibold text-[#201f1e]">Clients needing action</h2><p className="mt-0.5 text-[12px] text-[#605e5c]">Most urgent first, based on active recorded findings.</p></div>%0A+         <span className="w-fit rounded border border-[#c8c6c4] bg-[#faf9f8] px-2 py-0.5 text-[11px] font-medium text-[#605e5c]">{attention.length} active findings</span>%0A+       </div>%0A+       {attention.length ? <div>%0A+         {attention.map(alert => {%0A+           const client = clients.find(item => item.name === alert.clientName);%0A+           return <article key={alert.id} className="grid gap-3 border-b border-[#f3f2f1] px-4 py-3 last:border-b-0 lg:grid-cols-[minmax(180px,0.8fr)_minmax(260px,1.5fr)_auto] lg:items-center">%0A+             <div>%0A+               <p className="font-medium text-[#201f1e]">{alert.clientName}</p>%0A+               <p className="mt-0.5 text-[11px] text-[#8a8886]">Observed {alert.timestamp}</p>%0A+             </div>%0A+             <div>%0A+               <div className="mb-1.5 flex flex-wrap gap-1.5"><span className={`rounded border px-1.5 py-0.5 text-[11px] font-semibold ${severityClass(alert.severity)}`}>{alert.severity}</span><span className="rounded bg-[#f3f2f1] px-1.5 py-0.5 text-[11px] text-[#605e5c]">{alert.category}</span></div>%0A+               <p className="text-[13px] font-medium text-[#201f1e]">{alert.title}</p><p className="mt-0.5 text-[12px] leading-5 text-[#605e5c]">{alert.description}</p>%0A+             </div>%0A+             <div className="flex gap-2 lg:flex-col"><button type="button" onClick={() => setSelected(alert)} className="inline-flex h-8 items-center justify-center gap-1.5 rounded bg-[#0f6cbd] px-3 text-[13px] font-medium text-white hover:bg-[#004578]">Investigate <ArrowRight className="h-3.5 w-3.5" /></button>{client && <button type="button" onClick={() => onSelectClient(client.id)} className="h-8 rounded border border-[#c8c6c4] px-3 text-[13px] font-medium text-[#323130] hover:bg-black/[.03]">Client</button>}</div>%0A+           </article>;%0A+         })}%0A+       </div> : <div className="px-6 py-10 text-center"><CheckCircle2 className="mx-auto h-6 w-6 text-[#0e700e]" /><h3 className="mt-2 text-[13px] font-semibold text-[#201f1e]">No clients need attention</h3><p className="mt-1 text-[12px] text-[#605e5c]">Your monitored clients currently have no active recorded findings requiring action.</p></div>}%0A+     </div>%0A+%0A+     {selected && <div className="fixed inset-0 z-50 flex items-end bg-black/40 p-0 md:items-center md:justify-center md:p-6" role="dialog" aria-modal="true" aria-labelledby="finding-title">%0A+       <div className="max-h-[92vh] w-full max-w-2xl overflow-y-auto rounded-t-md border border-[#e1dfdd] bg-white p-5 md:rounded-md"><div className="flex items-start justify-between gap-4"><div><p className="text-[11px] font-semibold uppercase tracking-wide text-[#605e5c]">Finding detail · Explain this</p><h2 id="finding-title" className="mt-1 text-[18px] font-semibold text-[#201f1e]">{selected.title}</h2></div><button type="button" onClick={() => setSelected(null)} aria-label="Close finding" className="rounded p-1.5 text-[#605e5c] hover:bg-black/[.05]"><X className="h-4 w-4" /></button></div>%0A+         {findingError && <div role="alert" className="mt-4 rounded-md border border-[#a4262c]/30 bg-[#fdf2f2] p-3 text-[13px] text-[#a4262c]"><p className="font-semibold">Finding detail unavailable</p><p className="mt-0.5">{findingError}</p></div>}%0A+         {finding && <><div className="mt-4 grid gap-3 sm:grid-cols-2"><Detail label="Client" value={selected.clientName} /><Detail label="Severity and status" value={`${finding.severity} — ${finding.status}`} /><Detail label="First observed" value={formatStoredTime(finding.created_at)} /><Detail label="Last observed" value={formatStoredTime(finding.updated_at)} /></div>%0A+         <section className="mt-3 rounded-md border border-[#e1dfdd] bg-[#faf9f8] p-3"><h3 className="text-[13px] font-semibold text-[#201f1e]">Observed</h3><p className="mt-1 text-[13px] leading-6 text-[#323130]">{finding.description || 'No observation description is available.'}</p></section><div className="mt-3 grid gap-3 sm:grid-cols-2"><Detail label="Why it matters" value="Review this recorded finding with its evidence before choosing remediation." /><Detail label="What you can do" value="Create a remediation task, then collect a new observation before treating the finding as resolved." /></div>%0A+         <section className="mt-3 rounded-md border border-[#e1dfdd] bg-[#faf9f8] p-3"><h3 className="text-[13px] font-semibold text-[#201f1e]">Evidence chain</h3><p className="mt-0.5 text-[11px] text-[#8a8886]">Finding → observed artifact → source evidence → verification time</p>{evidenceList(finding.evidence_ids).length ? <ul className="mt-3 space-y-1.5">{evidenceList(finding.evidence_ids).map((id: string) => <li key={id} className="rounded border border-[#e1dfdd] bg-white px-2.5 py-1.5 font-mono text-[11px] text-[#323130]">Evidence reference: {id}</li>)}</ul> : <p className="mt-3 text-[13px] text-[#605e5c]">Evidence unavailable. This finding has no stored evidence references.</p>}</section></>}%0A+         {taskError && <p role="alert" className="mt-3 text-[13px] text-[#a4262c]">{taskError}</p>}%0A+         {task && <section className="mt-3 rounded-md border border-[#0f6cbd]/30 bg-[#eff6fc] p-3"><p className="text-[11px] font-semibold uppercase tracking-wide text-[#0f6cbd]">Remediation task</p><p className="mt-1 text-[13px] font-semibold text-[#201f1e]">{task.title}</p><p className="mt-0.5 text-[12px] text-[#323130]">{task.status.replaceAll('_', ' ')} · created {formatStoredTime(task.created_at)}</p>{task.status === 'OPEN' && <button type="button" onClick={() => void transitionTask('IN_PROGRESS')} disabled={taskLoading} className="mt-3 inline-flex h-8 items-center rounded bg-[#0f6cbd] px-3 text-[13px] font-medium text-white hover:bg-[#004578] disabled:opacity-50">{taskLoading ? 'Updating task…' : 'Start remediation'}</button>}{task.status === 'IN_PROGRESS' && <button type="button" onClick={() => void transitionTask('READY_FOR_VERIFICATION')} disabled={taskLoading} className="mt-3 inline-flex h-8 items-center rounded bg-[#0f6cbd] px-3 text-[13px] font-medium text-white hover:bg-[#004578] disabled:opacity-50">{taskLoading ? 'Updating task…' : 'Mark ready for verification'}</button>}{task.status === 'READY_FOR_VERIFICATION' && <div className="mt-2"><p className="text-[13px] text-[#8a5700]">Remediation marked complete. Verification required.</p><p className="mt-0.5 text-[11px] text-[#605e5c]">Re-checks the most recent evidence SPR already has on file for this software — this is not a live scan.</p><button type="button" onClick={() => void verifyWithLatestEvidence()} disabled={taskLoading} className="mt-2 inline-flex h-8 items-center rounded bg-[#0f6cbd] px-3 text-[13px] font-medium text-white hover:bg-[#004578] disabled:opacity-50">{taskLoading ? 'Verifying…' : 'Verify with latest evidence'}</button></div>}{task.status === 'VERIFIED' && <p className="mt-2 text-[13px] text-[#0e700e]">Verified against evidence SPR collected. The underlying finding is now marked resolved.</p>}</section>}%0A+         <div className="mt-4 flex flex-wrap gap-2"><button type="button" onClick={() => { setSelected(null); onNavigate('alerts'); }} disabled={!finding} className="inline-flex h-8 items-center gap-1.5 rounded bg-[#0f6cbd] px-3 text-[13px] font-medium text-white hover:bg-[#004578] disabled:opacity-50"><FileSearch className="h-3.5 w-3.5" /> Show evidence</button>{task ? <span className="inline-flex h-8 items-center rounded border border-[#c8c6c4] px-3 text-[13px] font-medium text-[#323130]">Task created</span> : <button type="button" onClick={() => void createTask()} disabled={!finding || taskLoading} className="inline-flex h-8 items-center rounded border border-[#c8c6c4] px-3 text-[13px] font-medium text-[#323130] hover:bg-black/[.03] disabled:opacity-50">{taskLoading ? 'Creating task…' : 'Create remediation task'}</button>}</div>%0A+       </div>%0A+     </div>}%0A+   </section>;%0A+ }%0A+%0A+ function Metric({ label, value, icon }: { label: string; value: number; icon: React.ReactNode }) { return <div className="flex items-center gap-1.5">{icon}<div><div className="text-[11px] text-[#605e5c]">{label}</div><div className="text-lg font-semibold text-[#201f1e]">{value}</div></div></div>; }%0A+ function Detail({ label, value }: { label: string; value: string }) { return <div className="rounded-md border border-[#e1dfdd] bg-[#faf9f8] p-3"><p className="text-[11px] font-semibold uppercase tracking-wide text-[#605e5c]">{label}</p><p className="mt-1 text-[13px] leading-5 text-[#201f1e]">{value}</p></div>; }%0A+ function formatStoredTime(value?: string | null) { return value ? new Date(value).toLocaleString() : 'Not observed'; }%0A+ function evidenceList(value?: string | null) { try { const parsed = JSON.parse(value || '[]'); return Array.isArray(parsed) ? parsed.filter((item): item is string => typeof item === 'string') : []; } catch { return []; } }%0A+%0A%0A ❯ tests/msp-command-center-and-pricing-contract.test.ts:40:15%0A%0A

::error file=/home/runner/work/software-passport-registry/software-passport-registry/tests/msp-command-center-and-pricing-contract.test.ts,title=tests/msp-command-center-and-pricing-contract.test.ts > SPR MSP Command Center — software verification metrics > provides a real client switcher wired to the existing onSelectClient/onNavigate handlers%2C not a decorative dropdown,line=47,column=15::AssertionError: expected 'import React, { useEffect, useMemo, u…' to contain 'Switch client'%0A%0A- Expected%0A+ Received%0A%0A- Switch client%0A+ import React, { useEffect, useMemo, useState } from 'react';%0A+ import { AlertTriangle, ArrowRight, Building2, CheckCircle2, FileSearch, ShieldAlert, User, X } from 'lucide-react';%0A+ import { Alert, Client } from '../types';%0A+ import { apiFetch } from '../utils/apiClient';%0A+ import type { VerificationDecision } from '../lib/verification/evaluateVerification';%0A+%0A+ interface Props {%0A+   clients: Client[];%0A+   alerts: Alert[];%0A+   findings: any[];%0A+   role?: string;%0A+   onSelectClient: (id: string) => void;%0A+   onSelectPassport?: (passportId: string) => void;%0A+   onNavigate: (tab: string) => void;%0A+   verificationDecisions?: Record<string, VerificationDecision>;%0A+   verificationDetails?: Record<string, unknown>;%0A+ }%0A+%0A+ type Assignment = { id: string; client_id: string; technician_display: string; assigned_by: string; updated_at: string };%0A+ type TeamMember = { id: number; email: string; displayName?: string | null; role: string };%0A+%0A+ const severityClass = (severity: Alert['severity']) => severity === 'Critical'%0A+   ? 'border-[#a4262c]/30 bg-[#fdf2f2] text-[#a4262c]'%0A+   : severity === 'High' ? 'border-[#8a5700]/30 bg-[#fff4ce] text-[#8a5700]'%0A+   : 'border-[#0f6cbd]/30 bg-[#eff6fc] text-[#0f6cbd]';%0A+%0A+ export default function MSPCommandCenter({ clients, alerts, findings, role = 'Viewer', onSelectClient, onNavigate, onSelectPassport, verificationDecisions = {}, verificationDetails = {} }: Props) {%0A+   const [selected, setSelected] = useState<Alert | null>(null);%0A+   const [assignments, setAssignments] = useState<Assignment[]>([]);%0A+   const [team, setTeam] = useState<TeamMember[]>([]);%0A+   const [assigningClientId, setAssigningClientId] = useState<string | null>(null);%0A+   const canAssign = role === 'Owner' || role === 'Admin';%0A+   const trustStateFromDecision = (decision?: VerificationDecision) => decision?.state ?? 'UNINITIALIZED';%0A+   const trustStateForPassportItem = (item: { passportId: string }) => trustStateFromDecision(verificationDecisions?.[item.passportId]);%0A+   const selectPassport = (passportId: string) => { onSelectPassport?.(passportId); };%0A+   const passportDecision = (passport: { id: string }) => { const decision = verificationDecisions?.[passport.id]; return decision; };%0A+   void verificationDetails;%0A+%0A+   const loadAssignments = () => { apiFetch('/api/msp/assignments').then((r) => r.ok ? r.json() : null).then((data) => { if (Array.isArray(data?.assignments)) setAssignments(data.assignments); }).catch(() => {}); };%0A+   useEffect(() => { loadAssignments(); apiFetch('/api/organization/team').then((r) => r.ok ? r.json() : null).then((data) => { if (Array.isArray(data)) setTeam(data); }).catch(() => {}); }, []);%0A+%0A+   const assignmentByClient = useMemo(() => new Map(assignments.map((a) => [a.client_id, a])), [assignments]);%0A+   const assignTechnician = async (clientId: string, member: TeamMember) => {%0A+     const response = await apiFetch('/api/msp/assignments', { method: 'PUT', headers: { 'Content-Type': 'application/json' }, body: JSON.stringify({ clientId, technicianUserId: member.id, technicianDisplay: member.displayName || member.email }) });%0A+     if (response.ok) { loadAssignments(); setAssigningClientId(null); }%0A+   };%0A+   const unassignTechnician = async (clientId: string) => {%0A+     const response = await apiFetch(`/api/msp/assignments/${encodeURIComponent(clientId)}`, { method: 'DELETE' });%0A+     if (response.ok) loadAssignments();%0A+   };%0A+%0A+   const clientRiskRollup = useMemo(() => clients.map((client) => {%0A+     const clientAlerts = alerts.filter((a) => a.clientName === client.name);%0A+     const active = clientAlerts.filter((a) => a.status !== 'Resolved' && a.status !== 'Cancelled');%0A+     const critical = active.filter((a) => a.severity === 'Critical').length;%0A+     const high = active.filter((a) => a.severity === 'High').length;%0A+     return { client, activeCount: active.length, critical, high, assignment: assignmentByClient.get(client.id) };%0A+   }).sort((a, b) => (b.critical - a.critical) || (b.high - a.high) || (b.activeCount - a.activeCount)), [clients, alerts, assignmentByClient]);%0A+   // Sourced from the same /api/trust-loop/findings data App.tsx already fetched%0A+   // to build `alerts` -- no second network round trip for finding detail.%0A+   const finding = useMemo(() => selected ? findings.find((item: any) => String(item.id) === selected.id) || null : null, [selected?.id, findings]);%0A+   const findingError = selected && !finding ? 'Finding details are unavailable.' : null;%0A+   const [task, setTask] = useState<any | null>(null);%0A+   const [taskLoading, setTaskLoading] = useState(false);%0A+   const [taskError, setTaskError] = useState<string | null>(null);%0A+   const attention = useMemo(() => alerts.filter(item => item.status === 'Active').sort((a, b) => {%0A+     const rank = { Critical: 3, High: 2, Medium: 1, Low: 0 };%0A+     return rank[b.severity] - rank[a.severity];%0A+   }), [alerts]);%0A+   const criticalClients = new Set(attention.filter(item => item.severity === 'Critical').map(item => item.clientName)).size;%0A+   const attentionClients = new Set(attention.filter(item => item.severity !== 'Critical').map(item => item.clientName)).size;%0A+   // A remediation may already exist for this finding (created from the Alerts%0A+   // view via the same /api/trust-loop/remediations backend) -- load it by the%0A+   // id the findings join already gives us instead of scanning a task list.%0A+   useEffect(() => {%0A+     setTask(null); setTaskError(null);%0A+     if (!selected?.remediationId) return;%0A+     let cancelled = false;%0A+     apiFetch(`/api/trust-loop/remediations/${encodeURIComponent(selected.remediationId)}`).then(response => response.ok ? response.json() : null).then(data => { if (!cancelled && data) setTask(data); }).catch(() => {});%0A+     return () => { cancelled = true; };%0A+   }, [selected?.id, selected?.remediationId]);%0A+   const createTask = async () => {%0A+     if (!selected || !finding || taskLoading) return;%0A+     setTaskLoading(true); setTaskError(null);%0A+     try {%0A+       const response = await apiFetch('/api/trust-loop/remediations', {%0A+         method: 'POST', headers: { 'Content-Type': 'application/json' },%0A+         body: JSON.stringify({ findingId: selected.id, title: selected.title, description: selected.description, priority: selected.severity.toUpperCase() }),%0A+       });%0A+       const body = await response.json().catch(() => ({}));%0A+       if (!response.ok) throw new Error(body?.error || 'SPR could not create the remediation task.');%0A+       setTask(body);%0A+     } catch (cause: any) { setTaskError(cause?.message || 'SPR could not create the remediation task.'); }%0A+     finally { setTaskLoading(false); }%0A+   };%0A+   const transitionTask = async (status: 'IN_PROGRESS' | 'READY_FOR_VERIFICATION') => {%0A+     if (!task || taskLoading) return;%0A+     setTaskLoading(true); setTaskError(null);%0A+     try {%0A+       const response = await apiFetch(`/api/trust-loop/remediations/${encodeURIComponent(task.id)}`, { method: 'PATCH', headers: { 'Content-Type': 'application/json' }, body: JSON.stringify({ status }) });%0A+       const body = await response.json().catch(() => ({}));%0A+       if (!response.ok) throw new Error(body?.error || 'SPR could not update the task.');%0A+       setTask(body);%0A+     } catch (cause: any) { setTaskError(cause?.message || 'SPR could not update the task.'); }%0A+     finally { setTaskLoading(false); }%0A+   };%0A+   // Re-verifies against the most recent trust_observation SPR already has on%0A+   // file for this software -- there is no live "run a check now" job queue,%0A+   // so this is honestly a re-check of existing evidence, not a fresh scan.%0A+   const verifyWithLatestEvidence = async () => {%0A+     if (!task || taskLoading) return;%0A+     setTaskLoading(true); setTaskError(null);%0A+     try {%0A+       const response = await apiFetch(`/api/trust-loop/remediations/${encodeURIComponent(task.id)}/verify-latest`, { method: 'POST' });%0A+       const body = await response.json().catch(() => ({}));%0A+       if (!response.ok) throw new Error(body?.error || 'SPR could not verify this task against current evidence.');%0A+       setTask(body);%0A+     } catch (cause: any) { setTaskError(cause?.message || 'SPR could not verify this task against current evidence.'); }%0A+     finally { setTaskLoading(false); }%0A+   };%0A+%0A+   return <section id="msp-command-center" aria-labelledby="msp-command-center-title">%0A+     <div className="mb-4 flex flex-wrap items-center justify-between gap-3">%0A+       <div>%0A+         <h1 id="msp-command-center-title" className="text-[22px] font-semibold text-[#201f1e]">Who needs you today?</h1>%0A+         <p className="mt-1 text-[13px] text-[#605e5c]">Prioritized work from the evidence and findings SPR currently has on record. A closed task is not a verified fix.</p>%0A+       </div>%0A+       <button type="button" onClick={() => onNavigate('clients')} className="inline-flex h-8 items-center gap-1.5 rounded border border-[#c8c6c4] px-3 text-[13px] font-medium text-[#323130] hover:bg-black/[.03]">%0A+         View all clients <ArrowRight className="h-3.5 w-3.5" />%0A+       </button>%0A+     </div>%0A+%0A+     <div className="mb-4 flex flex-wrap gap-6 rounded-md border border-[#e1dfdd] bg-white p-3">%0A+       <Metric label="Clients" value={clients.length} icon={<Building2 className="h-3.5 w-3.5" />} />%0A+       <Metric label="Healthy" value={Math.max(0, clients.length - criticalClients - attentionClients)} icon={<CheckCircle2 className="h-3.5 w-3.5 text-[#0e700e]" />} />%0A+       <Metric label="Need attention" value={attentionClients} icon={<AlertTriangle className="h-3.5 w-3.5 text-[#8a5700]" />} />%0A+       <Metric label="Critical" value={criticalClients} icon={<ShieldAlert className="h-3.5 w-3.5 text-[#a4262c]" />} />%0A+     </div>%0A+%0A+     <div className="mb-4 rounded-md border border-[#e1dfdd] bg-white">%0A+       <div className="border-b border-[#e1dfdd] px-4 py-3"><h2 className="text-[14px] font-semibold text-[#201f1e]">Cross-client risk</h2><p className="mt-0.5 text-[12px] text-[#605e5c]">Every client ranked by active critical and high findings, with technician assignment.</p></div>%0A+       <div className="overflow-x-auto">%0A+         <table className="w-full min-w-[640px] text-left text-[13px]">%0A+           <thead className="border-b border-[#e1dfdd] text-[11px] uppercase tracking-wide text-[#605e5c]"><tr><th className="px-4 py-2">Client</th><th className="px-4 py-2">Critical</th><th className="px-4 py-2">High</th><th className="px-4 py-2">Active findings</th><th className="px-4 py-2">Assigned technician</th></tr></thead>%0A+           <tbody>%0A+             {clientRiskRollup.map(({ client, activeCount, critical, high, assignment }) => (%0A+               <tr key={client.id} className="border-b border-[#f3f2f1] hover:bg-black/[.02]">%0A+                 <td className="px-4 py-2.5 font-medium text-[#201f1e]">{client.name}</td>%0A+                 <td className="px-4 py-2.5">{critical > 0 ? <span className="rounded border border-[#a4262c]/30 bg-[#fdf2f2] px-1.5 py-0.5 text-[11px] font-semibold text-[#a4262c]">{critical}</span> : <span className="text-[#8a8886]">0</span>}</td>%0A+                 <td className="px-4 py-2.5">{high > 0 ? <span className="rounded border border-[#8a5700]/30 bg-[#fff4ce] px-1.5 py-0.5 text-[11px] font-semibold text-[#8a5700]">{high}</span> : <span className="text-[#8a8886]">0</span>}</td>%0A+                 <td className="px-4 py-2.5 text-[#323130]">{activeCount}</td>%0A+                 <td className="px-4 py-2.5">%0A+                   {assigningClientId === client.id ? (%0A+                     <select autoFocus onBlur={() => setAssigningClientId(null)} onChange={(e) => { const member = team.find((m) => String(m.id) === e.target.value); if (member) void assignTechnician(client.id, member); }} className="h-8 rounded border border-[#c8c6c4] bg-white px-2 text-[12px] text-[#201f1e] focus:border-[#0f6cbd] focus:outline-none focus:ring-1 focus:ring-[#0f6cbd]">%0A+                       <option value="">Select technician…</option>%0A+                       {team.map((member) => <option key={member.id} value={member.id}>{member.displayName || member.email}</option>)}%0A+                     </select>%0A+                   ) : assignment ? (%0A+                     <div className="flex items-center gap-2 text-[12px] text-[#323130]"><User className="h-3 w-3 text-[#8a8886]" />{assignment.technician_display}%0A+                       {canAssign && <button type="button" onClick={() => void unassignTechnician(client.id)} className="text-[#8a8886] hover:text-[#a4262c]">×</button>}%0A+                       {canAssign && <button type="button" onClick={() => setAssigningClientId(client.id)} className="text-[#0f6cbd] hover:text-[#004578]">change</button>}%0A+                     </div>%0A+                   ) : canAssign ? (%0A+                     <button type="button" onClick={() => setAssigningClientId(client.id)} className="rounded border border-[#c8c6c4] px-2 py-1 text-[12px] text-[#605e5c] hover:bg-black/[.03]">Assign…</button>%0A+                   ) : <span className="text-[12px] text-[#8a8886]">Unassigned</span>}%0A+                 </td>%0A+               </tr>%0A+             ))}%0A+           </tbody>%0A+         </table>%0A+       </div>%0A+     </div>%0A+%0A+     <div className="rounded-md border border-[#e1dfdd] bg-white">%0A+       <div className="flex flex-col gap-2 border-b border-[#e1dfdd] px-4 py-3 sm:flex-row sm:items-center sm:justify-between">%0A+         <div><h2 className="text-[14px] font-semibold text-[#201f1e]">Clients needing action</h2><p className="mt-0.5 text-[12px] text-[#605e5c]">Most urgent first, based on active recorded findings.</p></div>%0A+         <span className="w-fit rounded border border-[#c8c6c4] bg-[#faf9f8] px-2 py-0.5 text-[11px] font-medium text-[#605e5c]">{attention.length} active findings</span>%0A+       </div>%0A+       {attention.length ? <div>%0A+         {attention.map(alert => {%0A+           const client = clients.find(item => item.name === alert.clientName);%0A+           return <article key={alert.id} className="grid gap-3 border-b border-[#f3f2f1] px-4 py-3 last:border-b-0 lg:grid-cols-[minmax(180px,0.8fr)_minmax(260px,1.5fr)_auto] lg:items-center">%0A+             <div>%0A+               <p className="font-medium text-[#201f1e]">{alert.clientName}</p>%0A+               <p className="mt-0.5 text-[11px] text-[#8a8886]">Observed {alert.timestamp}</p>%0A+             </div>%0A+             <div>%0A+               <div className="mb-1.5 flex flex-wrap gap-1.5"><span className={`rounded border px-1.5 py-0.5 text-[11px] font-semibold ${severityClass(alert.severity)}`}>{alert.severity}</span><span className="rounded bg-[#f3f2f1] px-1.5 py-0.5 text-[11px] text-[#605e5c]">{alert.category}</span></div>%0A+               <p className="text-[13px] font-medium text-[#201f1e]">{alert.title}</p><p className="mt-0.5 text-[12px] leading-5 text-[#605e5c]">{alert.description}</p>%0A+             </div>%0A+             <div className="flex gap-2 lg:flex-col"><button type="button" onClick={() => setSelected(alert)} className="inline-flex h-8 items-center justify-center gap-1.5 rounded bg-[#0f6cbd] px-3 text-[13px] font-medium text-white hover:bg-[#004578]">Investigate <ArrowRight className="h-3.5 w-3.5" /></button>{client && <button type="button" onClick={() => onSelectClient(client.id)} className="h-8 rounded border border-[#c8c6c4] px-3 text-[13px] font-medium text-[#323130] hover:bg-black/[.03]">Client</button>}</div>%0A+           </article>;%0A+         })}%0A+       </div> : <div className="px-6 py-10 text-center"><CheckCircle2 className="mx-auto h-6 w-6 text-[#0e700e]" /><h3 className="mt-2 text-[13px] font-semibold text-[#201f1e]">No clients need attention</h3><p className="mt-1 text-[12px] text-[#605e5c]">Your monitored clients currently have no active recorded findings requiring action.</p></div>}%0A+     </div>%0A+%0A+     {selected && <div className="fixed inset-0 z-50 flex items-end bg-black/40 p-0 md:items-center md:justify-center md:p-6" role="dialog" aria-modal="true" aria-labelledby="finding-title">%0A+       <div className="max-h-[92vh] w-full max-w-2xl overflow-y-auto rounded-t-md border border-[#e1dfdd] bg-white p-5 md:rounded-md"><div className="flex items-start justify-between gap-4"><div><p className="text-[11px] font-semibold uppercase tracking-wide text-[#605e5c]">Finding detail · Explain this</p><h2 id="finding-title" className="mt-1 text-[18px] font-semibold text-[#201f1e]">{selected.title}</h2></div><button type="button" onClick={() => setSelected(null)} aria-label="Close finding" className="rounded p-1.5 text-[#605e5c] hover:bg-black/[.05]"><X className="h-4 w-4" /></button></div>%0A+         {findingError && <div role="alert" className="mt-4 rounded-md border border-[#a4262c]/30 bg-[#fdf2f2] p-3 text-[13px] text-[#a4262c]"><p className="font-semibold">Finding detail unavailable</p><p className="mt-0.5">{findingError}</p></div>}%0A+         {finding && <><div className="mt-4 grid gap-3 sm:grid-cols-2"><Detail label="Client" value={selected.clientName} /><Detail label="Severity and status" value={`${finding.severity} — ${finding.status}`} /><Detail label="First observed" value={formatStoredTime(finding.created_at)} /><Detail label="Last observed" value={formatStoredTime(finding.updated_at)} /></div>%0A+         <section className="mt-3 rounded-md border border-[#e1dfdd] bg-[#faf9f8] p-3"><h3 className="text-[13px] font-semibold text-[#201f1e]">Observed</h3><p className="mt-1 text-[13px] leading-6 text-[#323130]">{finding.description || 'No observation description is available.'}</p></section><div className="mt-3 grid gap-3 sm:grid-cols-2"><Detail label="Why it matters" value="Review this recorded finding with its evidence before choosing remediation." /><Detail label="What you can do" value="Create a remediation task, then collect a new observation before treating the finding as resolved." /></div>%0A+         <section className="mt-3 rounded-md border border-[#e1dfdd] bg-[#faf9f8] p-3"><h3 className="text-[13px] font-semibold text-[#201f1e]">Evidence chain</h3><p className="mt-0.5 text-[11px] text-[#8a8886]">Finding → observed artifact → source evidence → verification time</p>{evidenceList(finding.evidence_ids).length ? <ul className="mt-3 space-y-1.5">{evidenceList(finding.evidence_ids).map((id: string) => <li key={id} className="rounded border border-[#e1dfdd] bg-white px-2.5 py-1.5 font-mono text-[11px] text-[#323130]">Evidence reference: {id}</li>)}</ul> : <p className="mt-3 text-[13px] text-[#605e5c]">Evidence unavailable. This finding has no stored evidence references.</p>}</section></>}%0A+         {taskError && <p role="alert" className="mt-3 text-[13px] text-[#a4262c]">{taskError}</p>}%0A+         {task && <section className="mt-3 rounded-md border border-[#0f6cbd]/30 bg-[#eff6fc] p-3"><p className="text-[11px] font-semibold uppercase tracking-wide text-[#0f6cbd]">Remediation task</p><p className="mt-1 text-[13px] font-semibold text-[#201f1e]">{task.title}</p><p className="mt-0.5 text-[12px] text-[#323130]">{task.status.replaceAll('_', ' ')} · created {formatStoredTime(task.created_at)}</p>{task.status === 'OPEN' && <button type="button" onClick={() => void transitionTask('IN_PROGRESS')} disabled={taskLoading} className="mt-3 inline-flex h-8 items-center rounded bg-[#0f6cbd] px-3 text-[13px] font-medium text-white hover:bg-[#004578] disabled:opacity-50">{taskLoading ? 'Updating task…' : 'Start remediation'}</button>}{task.status === 'IN_PROGRESS' && <button type="button" onClick={() => void transitionTask('READY_FOR_VERIFICATION')} disabled={taskLoading} className="mt-3 inline-flex h-8 items-center rounded bg-[#0f6cbd] px-3 text-[13px] font-medium text-white hover:bg-[#004578] disabled:opacity-50">{taskLoading ? 'Updating task…' : 'Mark ready for verification'}</button>}{task.status === 'READY_FOR_VERIFICATION' && <div className="mt-2"><p className="text-[13px] text-[#8a5700]">Remediation marked complete. Verification required.</p><p className="mt-0.5 text-[11px] text-[#605e5c]">Re-checks the most recent evidence SPR already has on file for this software — this is not a live scan.</p><button type="button" onClick={() => void verifyWithLatestEvidence()} disabled={taskLoading} className="mt-2 inline-flex h-8 items-center rounded bg-[#0f6cbd] px-3 text-[13px] font-medium text-white hover:bg-[#004578] disabled:opacity-50">{taskLoading ? 'Verifying…' : 'Verify with latest evidence'}</button></div>}{task.status === 'VERIFIED' && <p className="mt-2 text-[13px] text-[#0e700e]">Verified against evidence SPR collected. The underlying finding is now marked resolved.</p>}</section>}%0A+         <div className="mt-4 flex flex-wrap gap-2"><button type="button" onClick={() => { setSelected(null); onNavigate('alerts'); }} disabled={!finding} className="inline-flex h-8 items-center gap-1.5 rounded bg-[#0f6cbd] px-3 text-[13px] font-medium text-white hover:bg-[#004578] disabled:opacity-50"><FileSearch className="h-3.5 w-3.5" /> Show evidence</button>{task ? <span className="inline-flex h-8 items-center rounded border border-[#c8c6c4] px-3 text-[13px] font-medium text-[#323130]">Task created</span> : <button type="button" onClick={() => void createTask()} disabled={!finding || taskLoading} className="inline-flex h-8 items-center rounded border border-[#c8c6c4] px-3 text-[13px] font-medium text-[#323130] hover:bg-black/[.03] disabled:opacity-50">{taskLoading ? 'Creating task…' : 'Create remediation task'}</button>}</div>%0A+       </div>%0A+     </div>}%0A+   </section>;%0A+ }%0A+%0A+ function Metric({ label, value, icon }: { label: string; value: number; icon: React.ReactNode }) { return <div className="flex items-center gap-1.5">{icon}<div><div className="text-[11px] text-[#605e5c]">{label}</div><div className="text-lg font-semibold text-[#201f1e]">{value}</div></div></div>; }%0A+ function Detail({ label, value }: { label: string; value: string }) { return <div className="rounded-md border border-[#e1dfdd] bg-[#faf9f8] p-3"><p className="text-[11px] font-semibold uppercase tracking-wide text-[#605e5c]">{label}</p><p className="mt-1 text-[13px] leading-5 text-[#201f1e]">{value}</p></div>; }%0A+ function formatStoredTime(value?: string | null) { return value ? new Date(value).toLocaleString() : 'Not observed'; }%0A+ function evidenceList(value?: string | null) { try { const parsed = JSON.parse(value || '[]'); return Array.isArray(parsed) ? parsed.filter((item): item is string => typeof item === 'string') : []; } catch { return []; } }%0A+%0A%0A ❯ tests/msp-command-center-and-pricing-contract.test.ts:47:15%0A%0A

::error file=/home/runner/work/software-passport-registry/software-passport-registry/tests/msp-command-center-and-pricing-contract.test.ts,title=tests/msp-command-center-and-pricing-contract.test.ts > SPR MSP pricing — packaging separated from live billing > routes both authenticated and unauthenticated /pricing to the same real MSP pricing view,line=77,column=17::AssertionError: expected 'import { useEffect, useMemo, useState…' to contain 'if (!user && path === \'/pricing\') r…'%0A%0A- Expected%0A+ Received%0A%0A- if (!user && path === '/pricing') return <MspPricingView isAuthenticated={false}%0A+ import { useEffect, useMemo, useState, type ReactNode } from 'react';%0A+ import { getRedirectResult, onAuthStateChanged, signOut, type User } from 'firebase/auth';%0A+ import type { Alert, Client, Integration, Scan, SoftwarePassport, Vendor } from './types';%0A+ import type { VerificationDecision } from './lib/verification/evaluateVerification.ts';%0A+ import { apiFetch } from './utils/apiClient';%0A+ import { auth } from './lib/firebase';%0A+ import CommandCenter from './components/CommandCenter';%0A+ import ExtensionWorkflow from './components/ExtensionWorkflow';%0A+ import ExtensionMarketplace from './components/ExtensionMarketplace';%0A+ import LoginView from './components/LoginView';%0A+ import EvidenceDashboardView from './components/EvidenceDashboardView';%0A+ import EvidenceExplorerView from './components/EvidenceExplorerView';%0A+ import AITrustCenterView from './components/AITrustCenterView';%0A+ import CoverageView from './components/CoverageView';%0A+ import AssetsView from './components/AssetsView';%0A+ import PassportsView from './components/PassportsView';%0A+ import ScansView from './components/ScansView';%0A+ import AlertsView from './components/AlertsView';%0A+ import ClientsView from './components/ClientsView';%0A+ import VendorsView from './components/VendorsView';%0A+ import IntegrationsView from './components/IntegrationsView';%0A+ import BillingView from './components/BillingView';%0A+ import ComplianceView from './components/ComplianceView';%0A+ import AgentTrustView from './components/AgentTrustView';%0A+ import EnterpriseReadinessView from './components/EnterpriseReadinessView';%0A+ import FounderDashboardView from './components/FounderDashboardView';%0A+ import InvestorHomeView from './components/InvestorHomeView';%0A+ import SettingsView from './components/SettingsView';%0A+ import TeamView from './components/TeamView';%0A+ import AuditLogView from './components/AuditLogView';%0A+ import MonitoringView from './components/MonitoringView';%0A+ import SecurityCenterView from './components/SecurityCenterView';%0A+ import MSPCommandCenter from './components/MSPCommandCenter';%0A+ import ReportsView from './components/ReportsView';%0A+ import TrustGraphView from './components/TrustGraphView';%0A+ import { EXTENSIONS } from './workflows/extensionRegistry';%0A+ const PUBLIC_PATHS = new Set(['/','/login','/free-review','/pricing']);%0A+ const EMPTY_CLIENTS: Client[] = []; const EMPTY_PASSPORTS: SoftwarePassport[] = []; const EMPTY_VENDORS: Vendor[] = []; const EMPTY_INTEGRATIONS: Integration[] = []; const EMPTY_SCANS: Scan[] = []; const EMPTY_ALERTS: Alert[] = [];%0A+ function deriveAlertStatus(remediationStatus: string | null | undefined, findingStatus: string | null | undefined): Alert['status'] { switch (remediationStatus) { case 'IN_PROGRESS': case 'READY_FOR_VERIFICATION': return 'Acknowledged'; case 'BLOCKED': return 'Snoozed'; case 'VERIFIED': case 'CLOSED': return 'Resolved'; case 'CANCELLED': return 'Cancelled'; case 'OPEN': return 'Active'; default: return String(findingStatus || '').toLowerCase() === 'resolved' ? 'Resolved' : 'Active'; } }%0A+ function navigate(path: string) { window.history.pushState({}, '', path); window.dispatchEvent(new PopStateEvent('popstate')); }%0A+ function usePath() { const [path, setPath] = useState(() => window.location.pathname || '/'); useEffect(() => { const update = () => setPath(window.location.pathname || '/'); window.addEventListener('popstate', update); return () => window.removeEventListener('popstate', update); }, []); return path; }%0A+ function AuthLoading() { return <div className="grid min-h-screen place-items-center bg-[#faf9f8] text-[#201f1e]"><div className="text-center"><div className="mx-auto grid h-10 w-10 place-items-center rounded bg-[#0f6cbd] text-xs font-bold text-white">S</div><div className="mt-4 text-[11px] font-semibold uppercase tracking-wide text-[#605e5c]">Securing workspace</div><div className="mt-1 text-[12px] text-[#8a8886]">Checking authenticated session…</div></div></div>; }%0A+ function CoverPage() { return <div className="min-h-screen bg-[#faf9f8] text-[#201f1e]"><div className="mx-auto flex min-h-screen max-w-5xl items-center px-6 py-16"><div className="max-w-3xl"><div className="mb-5 inline-flex items-center gap-1.5 rounded border border-[#e1dfdd] bg-white px-2.5 py-1 text-[11px] font-semibold uppercase tracking-wide text-[#605e5c]">Evidence-first software trust</div><h1 className="text-[28px] font-semibold tracking-tight md:text-[34px]">Software trust, operated as a system.</h1><p className="mt-4 max-w-2xl text-[14px] leading-6 text-[#605e5c]">Software Passport Registry turns software identity, security, provenance, reliability, compliance, and evidence into repeatable workflows for teams, buyers, and managed service providers.</p><div className="mt-6 flex flex-wrap gap-2"><button onClick={() => navigate('/login')} className="h-9 rounded bg-[#0f6cbd] px-4 text-[13px] font-semibold text-white hover:bg-[#004578]">Enter SPR</button><button onClick={() => navigate('/free-review')} className="h-9 rounded border border-[#c8c6c4] bg-white px-4 text-[13px] font-medium text-[#323130] hover:bg-black/[.03]">Free review</button></div></div></div></div>; }%0A+ function PublicPage({ title, description, action, onAction }: { title: string; description: string; action: string; onAction: () => void }) { return <div className="grid min-h-screen place-items-center bg-[#faf9f8] px-6 text-[#201f1e]"><div className="max-w-md rounded-md border border-[#e1dfdd] bg-white p-6 text-center"><div className="text-[11px] font-semibold uppercase tracking-wide text-[#605e5c]">Software Passport Registry</div><h1 className="mt-2 text-[20px] font-semibold">{title}</h1><p className="mt-2 text-[13px] leading-5 text-[#605e5c]">{description}</p><button onClick={onAction} className="mt-5 h-9 rounded bg-[#0f6cbd] px-4 text-[13px] font-semibold text-white hover:bg-[#004578]">{action}</button></div></div>; }%0A+ function WorkflowBoundary({ title, description, extensionId, onNavigate }: { title: string; description: string; extensionId?: string; onNavigate: (path: string) => void }) { const extension = extensionId ? EXTENSIONS.find((item) => item.id === extensionId) : undefined; return <section><div className="rounded-md border border-[#e1dfdd] bg-white p-5"><div className="text-[11px] font-semibold uppercase tracking-wide text-[#605e5c]">Workflow boundary</div><h1 className="mt-1.5 text-[20px] font-semibold tracking-tight">{title}</h1><p className="mt-2 max-w-2xl text-[13px] leading-5 text-[#605e5c]">{description}</p>{extension && <button onClick={() => onNavigate(extension.entryPath)} className="mt-4 h-8 rounded bg-[#0f6cbd] px-3 text-[12px] font-semibold text-white hover:bg-[#004578]">Open {extension.name} →</button>}</div></section>; }%0A+ export default function App() {%0A+  const path=usePath(); const [authReady,setAuthReady]=useState(false); const [user,setUser]=useState<User|null>(null); const [role,setRole]=useState('Viewer'); const [selectedClientId,setSelectedClientId]=useState(''); const [selectedPassportId,setSelectedPassportId]=useState<string|null>(null); const [assets,setAssets]=useState<any[]>([]); const [clients,setClients]=useState<Client[]>(EMPTY_CLIENTS); const [passports,setPassports]=useState<SoftwarePassport[]>(EMPTY_PASSPORTS); const [vendors,setVendors]=useState<Vendor[]>(EMPTY_VENDORS); const [alerts,setAlerts]=useState<Alert[]>(EMPTY_ALERTS); const [findings,setFindings]=useState<unknown[]>([]); const [scans,setScans]=useState<Scan[]>(EMPTY_SCANS); const [integrations,setIntegrations]=useState<Integration[]>(EMPTY_INTEGRATIONS); const [theme,setTheme]=useState<'light'|'dark'>('dark'); const [verificationDecisions,setVerificationDecisions]=useState<Record<string,VerificationDecision>>({}); const [verificationDetails,setVerificationDetails]=useState<Record<string,unknown>>({});%0A+  useEffect(()=>{let mounted=true;let redirectSettled=false;let observedUser:User|null=null;const timeoutId=window.setTimeout(()=>{if(mounted)setAuthReady(true)},10000);const unsubscribe=onAuthStateChanged(auth,(currentUser)=>{if(!mounted)return;observedUser=currentUser;if(!redirectSettled)return;setUser(currentUser);setAuthReady(true);window.clearTimeout(timeoutId)},()=>{if(mounted){setAuthReady(true);window.clearTimeout(timeoutId)}});void getRedirectResult(auth).then(result=>{redirectSettled=true;if(mounted)setUser(result?.user||observedUser);if(mounted)setAuthReady(true);window.clearTimeout(timeoutId)}).catch(error=>{redirectSettled=true;console.error('[Firebase redirect sign-in error]',error);if(mounted)setUser(observedUser);if(mounted)setAuthReady(true);window.clearTimeout(timeoutId)});return()=>{mounted=false;window.clearTimeout(timeoutId);unsubscribe()}},[]);%0A+  useEffect(()=>{if(authReady&&!user&&!PUBLIC_PATHS.has(path))navigate('/login')},[authReady,user,path]);%0A+  useEffect(()=>{if(!user)return;let cancelled=false;const load=async()=>{const responses=await Promise.all([apiFetch('/api/user/me'),apiFetch('/api/scans'),apiFetch('/api/trust-loop/findings'),apiFetch('/api/user/passports'),apiFetch('/api/user/clients'),apiFetch('/api/integrations'),apiFetch('/api/user/verification')]);if(responses.some(r=>r.status===401)){await signOut(auth);navigate('/login');return}const [me,scansResponse,findingsResponse,passportsResponse,clientsResponse,integrationsResponse,verificationResponse]=responses;if(verificationResponse.ok){const data=await verificationResponse.json().catch(()=>null);if(!cancelled){setVerificationDecisions(data?.verificationDecisions&&typeof data.verificationDecisions==='object'?data.verificationDecisions:{});setVerificationDetails(data?.verificationDetails&&typeof data.verificationDetails==='object'?data.verificationDetails:{})}}else if(!cancelled){setVerificationDecisions({});setVerificationDetails({})}if(me.ok){const data=await me.json().catch(()=>null);if(!cancelled)setRole(String(data?.role||'Viewer'))}if(scansResponse.ok){const data=await scansResponse.json().catch(()=>[]);if(!cancelled&&Array.isArray(data))setScans(data)}if(findingsResponse.ok){const data=await findingsResponse.json().catch(()=>[]);const rows=Array.isArray(data)?data:data?.findings;if(!cancelled&&Array.isArray(rows)){setFindings(rows);setAlerts(rows.map((row:any)=>({id:String(row.id),title:String(row.title||row.control_id||'Trust finding'),severity:String(row.severity||'Low').replace(/^./,(s:string)=>s.toUpperCase()),category:'Trust finding',clientName:String(row.client_id||'Tenant'),description:String(row.description||'Evidence-backed finding'),timestamp:String(row.updated_at||''),status:deriveAlertStatus(row.remediation_status,row.status),remediationId:row.remediation_id?String(row.remediation_id):null,ownerDisplay:row.remediation_owner_display||null,slaDueAt:row.remediation_sla_due_at||null})) as Alert[])}}if(passportsResponse.ok){const data=await passportsResponse.json().catch(()=>[]);const rows=Array.isArray(data)?data:data?.passports;if(!cancelled&&Array.isArray(rows)){const normalized=rows.map((row:any)=>({...row,id:String(row.id),name:String(row.name||'Unnamed software'),version:String(row.version||'unknown'),publisher:String(row.publisher||'unknown'),clientId:row.clientId?String(row.clientId):undefined,evidence:Array.isArray(row.evidence)?row.evidence:[],vulnerabilities:Array.isArray(row.vulnerabilities)?row.vulnerabilities:[],timeline:Array.isArray(row.timeline)?row.timeline:[],sbom:Array.isArray(row.sbom)?row.sbom:[],scores:null,scoreStatus:row.scoreStatus||'not_authoritatively_scored'})) as SoftwarePassport[];setPassports(normalized);setAssets(normalized.map((passport:any)=>({id:passport.id,name:passport.name,hostName:passport.name,type:passport.category||'software',clientId:passport.clientId,clientName:String(passport.clientId||'Unobserved'),environment:String(passport.environment||'Unobserved'),version:passport.version})));setVendors(EMPTY_VENDORS)}}if(clientsResponse.ok){const data=await clientsResponse.json().catch(()=>[]);const rows=Array.isArray(data)?data:data?.clients;if(!cancelled&&Array.isArray(rows))setClients(rows.map((row:any)=>({...row,id:String(row.id),name:String(row.name||row.company_name||'Unnamed client')})) as Client[])}if(integrationsResponse.ok){const data=await integrationsResponse.json().catch(()=>[]);if(!cancelled&&Array.isArray(data))setIntegrations(data)}};void load().catch(error=>console.warn('[SPR command center load]',error));return()=>{cancelled=true}},[user]);%0A+  useEffect(()=>{const refresh=()=>{if(user)window.location.reload()};window.addEventListener('refresh-data',refresh);return()=>window.removeEventListener('refresh-data',refresh)},[user]);%0A+  const onNavigateTab=(target:string,itemId?:string)=>navigate(itemId?`${target.startsWith('/')?target:`/${target}`}/${encodeURIComponent(itemId)}`:target.startsWith('/')?target:`/${target}`); const quickAction=(action:'add-client'|'register-passport'|'scan-sbom')=>navigate(action==='add-client'?'/clients':action==='register-passport'?'/passports':'/scans');%0A+  const performAlertAction=async(alert:Alert,action:'acknowledge'|'assign'|'resolve'|'escalate'|'snooze'|'reopen',assigneeDisplay?:string)=>{let remediationId=alert.remediationId;if(!remediationId){const created=await apiFetch('/api/trust-loop/remediations',{method:'POST',headers:{'Content-Type':'application/json'},body:JSON.stringify({findingId:alert.id,title:alert.title,description:alert.description,priority:alert.severity.toUpperCase()})});if(!created.ok)return;const createdBody=await created.json().catch(()=>null);remediationId=createdBody?.id?String(createdBody.id):undefined;if(!remediationId)return}const patchBody:Record<string,unknown>={acknowledge:{status:'IN_PROGRESS'},resolve:{status:'CLOSED'},snooze:{status:'BLOCKED'},reopen:{status:'OPEN'},escalate:{status:'IN_PROGRESS',slaDueAt:new Date(Date.now()+4*3600*1000).toISOString()},assign:{status:'IN_PROGRESS',ownerDisplay:assigneeDisplay||''}}[action];const response=await apiFetch(`/api/trust-loop/remediations/${encodeURIComponent(remediationId)}`,{method:'PATCH',headers:{'Content-Type':'application/json'},body:JSON.stringify(patchBody)});if(!response.ok)return;const updated=await response.json().catch(()=>null);setAlerts(current=>current.map(item=>item.id===alert.id?{...item,remediationId,status:deriveAlertStatus(updated?.status??String(patchBody.status),null),ownerDisplay:updated?.owner_display??(patchBody.ownerDisplay as string|undefined)??item.ownerDisplay,slaDueAt:updated?.sla_due_at??(patchBody.slaDueAt as string|undefined)??item.slaDueAt}:item))};%0A+  const selectedExtension=useMemo(()=>{const match=path.match(/^\/extensions\/([^/]+)/);return match?decodeURIComponent(match[1]):null},[path]);const signOutUser=async()=>{await signOut(auth);navigate('/login')};%0A+  if(!authReady)return <AuthLoading/>;if(path==='/')return <CoverPage/>;if(path==='/login')return user?<AuthLoading/>:<LoginView onLoginSuccess={()=>navigate('/dashboard')}/>;if(!user&&path==='/free-review')return <PublicPage title="Free software review" description="Start an evidence-first review from the public entry point." action="Sign in to continue" onAction={()=>navigate('/login')}/>;if(!user&&path==='/pricing')return <PublicPage title="SPR plans" description="Account and billing capabilities are available inside the authenticated workspace." action="Enter SPR" onAction={()=>navigate('/login')}/>;if(!user)return <AuthLoading/>;%0A+  let view:ReactNode;if(selectedExtension)view=<ExtensionWorkflow id={selectedExtension} onNavigate={navigate}/>;else switch(path){case '/dashboard':view=<EvidenceDashboardView clients={clients} alerts={alerts} scans={scans} passports={passports} findings={findings} onNavigateTab={onNavigateTab} onOpenQuickAction={quickAction}/>;break;case '/coverage':view=<CoverageView clients={clients} scans={scans} passports={passports} onNavigateTab={onNavigateTab}/>;break;case '/evidence-explorer':view=<EvidenceExplorerView passports={passports}/>;break;case '/assets':view=<AssetsView clients={clients} searchQuery="" assets={assets}/>;break;case '/passports':case '/registry':view=<PassportsView verificationDecisions={verificationDecisions} verificationDetails={verificationDetails} passports={passports} selectedPassportId={selectedPassportId} setSelectedPassportId={setSelectedPassportId} searchQuery="" clients={clients} assets={assets} role={role} onNavigateTab={onNavigateTab} onUpdatePassport={passport=>setPassports(current=>current.map(item=>item.id===passport.id?passport:item))}/>;break;case '/scans':view=<ScansView scans={scans} clients={clients} assets={assets} passports={passports} role={role} onTriggerNewScan={scan=>setScans(current=>[scan,...current.filter(item=>item.id!==scan.id)].slice(0,100))}/>;break;case '/alerts':view=<AlertsView alerts={alerts} onAlertAction={performAlertAction}/>;break;case '/reports':view=<ReportsView clients={clients} passports={passports} scans={scans} alerts={alerts} findings={findings} role={role}/>;break;case '/trust-graph':view=<TrustGraphView clients={clients} passports={passports} assets={assets} findings={findings}/>;/* onSelectPassport={setSelectedPassportId} */break;case '/clients':view=<ClientsView clients={clients} selectedClientId={selectedClientId} setSelectedClientId={setSelectedClientId} passports={passports} onNavigateTab={onNavigateTab} searchQuery=""/>;break;case '/vendors':view=<VendorsView vendors={vendors} searchQuery=""/>;break;case '/integrations':view=<IntegrationsView passports={passports} onNavigateTab={onNavigateTab}/>;break;case '/monitoring':view=<MonitoringView role={role}/>;break;case '/security':view=<SecurityCenterView clients={clients} passports={passports}/>;break;case '/compliance':view=<ComplianceView clients={clients} role={role}/>;break;case '/msp':view=<MSPCommandCenter verificationDecisions={verificationDecisions} verificationDetails={verificationDetails} clients={clients} alerts={alerts} findings={findings} role={role} onSelectClient={setSelectedClientId} onNavigate={navigate}/>;break;case '/agent-trust':view=<AgentTrustView/>;break;case '/ai-trust-center':view=<AITrustCenterView role={role}/>;break;case '/enterprise-readiness':view=<EnterpriseReadinessView clients={clients}/>;break;case '/investor':view=<InvestorHomeView passports={passports} clients={clients} alerts={alerts} onShowTelemetry={()=>navigate('/scans')} onNavigateTab={onNavigateTab}/>;break;case '/founder':view=<FounderDashboardView userRole={role}/>;break;case '/billing':view=<BillingView/>;break;case '/settings':view=<SettingsView theme={theme} onToggleTheme={()=>setTheme(current=>current==='dark'?'light':'dark')}/>;break;case '/team':view=<TeamView role={role}/>;break;case '/audit-log':view=<AuditLogView/>;break;case '/extensions':view=<ExtensionMarketplace onNavigateTab={onNavigateTab} role={role}/>;break;default:view=<WorkflowBoundary title="Workflow" description="This authenticated capability is explicitly routed through the Command Center. Choose its owning workflow from the left rail." onNavigate={navigate}/>}%0A+  return <CommandCenter path={path} userEmail={user.email} role={role} onNavigate={navigate} onSignOut={()=>void signOutUser()}>{view}</CommandCenter>;%0A+ }%0A+%0A%0A ❯ tests/msp-command-center-and-pricing-contract.test.ts:77:17%0A%0A

::error file=/home/runner/work/software-passport-registry/software-passport-registry/tests/msp-landing-onboarding-nav-contract.test.ts,title=tests/msp-landing-onboarding-nav-contract.test.ts > public /msp landing page reuses existing pricing and billing%2C without duplicating either > App.tsx serves MspLandingView at /msp for unauthenticated visitors without touching the authenticated /msp route,line=23,column=29::AssertionError: expected 'const PUBLIC_PATHS = new Set([\'/\',\…' to contain '\'/msp\''%0A%0AExpected: "'/msp'"%0AReceived: "const PUBLIC_PATHS = new Set(['/','/login','/free-review','/pricing']);"%0A%0A ❯ tests/msp-landing-onboarding-nav-contract.test.ts:23:29%0A%0A

::error file=/home/runner/work/software-passport-registry/software-passport-registry/tests/msp-landing-onboarding-nav-contract.test.ts,title=tests/msp-landing-onboarding-nav-contract.test.ts > first-run onboarding banner on the dashboard > is gated strictly on the real clients list being empty%2C not a separate persisted onboarding flag,line=38,column=15::AssertionError: expected 'import { useEffect, useMemo, useState…' to contain '{clients.length === 0 && ('%0A%0A- Expected%0A+ Received%0A%0A- {clients.length === 0 && (%0A+ import { useEffect, useMemo, useState, type ReactNode } from 'react';%0A+ import { Activity, ChevronRight, Command, Database, PlayCircle, Search, ShieldCheck, Terminal, X } from 'lucide-react';%0A+ import type { Alert, Client, Scan, SoftwarePassport } from '../types';%0A+%0A+ interface Props { clients: Client[]; alerts: Alert[]; scans: Scan[]; passports: SoftwarePassport[]; findings?: unknown[]; onNavigateTab: (path: string, itemId?: string) => void; onOpenQuickAction: (actionType: 'add-client' | 'register-passport' | 'scan-sbom') => void; }%0A+%0A+ function hasArrayValue(value: unknown) {%0A+   return Array.isArray(value) && value.length > 0;%0A+ }%0A+%0A+ const TOUR = [%0A+   ['01', 'Connect your environment', 'Bring repositories, cloud, identity, SBOM, security and runtime evidence into one system.'],%0A+   ['02', 'Discover software reality', 'SPR resolves software into durable identities and maps relationships between assets.'],%0A+   ['03', 'Verify what is known', 'Important statements stay traceable to observed evidence, with uncertainty exposed instead of hidden.'],%0A+   ['04', 'Operate continuously', 'Changes, drift, dependencies and new evidence become events in the same trust system.'],%0A+ ];%0A+%0A+ const COMMANDS: [string, string, string][] = [%0A+   ['/passports', 'Software registry', 'Browse software identities'],%0A+   ['/integrations', 'Connectors', 'Connect the ecosystem'],%0A+   ['/scans', 'Evidence', 'Inspect observations'],%0A+   ['/monitoring', 'Monitoring', 'See change over time'],%0A+   ['/security', 'Verification', 'Inspect trust evidence'],%0A+ ];%0A+%0A+ function scanStatusDot(status: string) {%0A+   const s = String(status || '').toLowerCase();%0A+   if (s === 'success' || s === 'completed') return 'bg-[#0e700e]';%0A+   if (s === 'failed') return 'bg-[#a4262c]';%0A+   if (s === 'scanning') return 'bg-[#0f6cbd]';%0A+   return 'bg-[#8a8886]';%0A+ }%0A+%0A+ function alertStatusDot(status: string) {%0A+   const s = String(status || '').toLowerCase();%0A+   if (s === 'active') return 'bg-[#a4262c]';%0A+   if (s === 'acknowledged' || s === 'snoozed') return 'bg-[#8a5700]';%0A+   if (s === 'resolved') return 'bg-[#0e700e]';%0A+   return 'bg-[#8a8886]';%0A+ }%0A+%0A+ function severityDot(severity: string) {%0A+   const s = String(severity || '').toLowerCase();%0A+   if (s === 'critical' || s === 'high') return 'bg-[#a4262c]';%0A+   if (s === 'medium') return 'bg-[#8a5700]';%0A+   return 'bg-[#0f6cbd]';%0A+ }%0A+%0A+ export default function EvidenceDashboardView({ clients, alerts, scans, passports, findings = [], onNavigateTab, onOpenQuickAction }: Props) {%0A+   const [tourOpen, setTourOpen] = useState(() => localStorage.getItem('spr-infrastructure-tour') !== 'complete');%0A+   const [tourStep, setTourStep] = useState(0);%0A+   const [commandOpen, setCommandOpen] = useState(false);%0A+   const [query, setQuery] = useState('');%0A+   const activeAlerts = alerts.filter((item) => item.status !== 'Resolved').length;%0A+%0A+   // Every figure below is computed directly from already-loaded tenant records —%0A+   // no score is inferred and no metric is shown without a real, checkable source.%0A+   const portfolio = useMemo(() => {%0A+     const verifiedPassports = passports.filter((p) => hasArrayValue(p.evidence) && p.evidence.every((e: any) => e.status === 'VERIFIED')).length;%0A+     const openVulnerabilities = passports.reduce((total, p) => total + (p.vulnerabilities || []).filter((v: any) => v.status === 'Open').length, 0);%0A+     const criticalFindings = (findings as any[]).filter((f) => String(f?.severity || '').toLowerCase() === 'critical' && !['resolved', 'closed', 'verified'].includes(String(f?.status || '').toLowerCase())).length;%0A+     const evidenceBearing = passports.filter((p) => hasArrayValue(p.evidence) || hasArrayValue((p as any).sbom) || hasArrayValue(p.timeline)).length;%0A+     const evidenceCoveragePercent = passports.length === 0 ? 0 : Math.round((evidenceBearing / passports.length) * 100);%0A+     const complianceAverage = clients.length === 0 ? null : Math.round(clients.reduce((total, c: any) => total + (Number(c.complianceProgress) || 0), 0) / clients.length);%0A+     return { verifiedPassports, openVulnerabilities, criticalFindings, evidenceCoveragePercent, complianceAverage };%0A+   }, [passports, findings, clients]);%0A+%0A+   const filteredPassports = useMemo(() => {%0A+     const q = query.trim().toLowerCase();%0A+     const base = !q ? passports : passports.filter((p: any) => `${p.name} ${p.version} ${p.publisher}`.toLowerCase().includes(q));%0A+     return base.slice(0, 8);%0A+   }, [passports, query]);%0A+%0A+   const recentScans = useMemo(() => [...scans].sort((a, b) => new Date(b.timestamp).getTime() - new Date(a.timestamp).getTime()).slice(0, 8), [scans]);%0A+   const recentAlerts = useMemo(() => [...alerts].sort((a, b) => new Date(b.timestamp).getTime() - new Date(a.timestamp).getTime()).slice(0, 8), [alerts]);%0A+%0A+   useEffect(() => { const h = (e: KeyboardEvent) => { if ((e.metaKey || e.ctrlKey) && e.key.toLowerCase() === 'k') { e.preventDefault(); setCommandOpen(true); } if (e.key === 'Escape') { setCommandOpen(false); setTourOpen(false); } }; window.addEventListener('keydown', h); return () => window.removeEventListener('keydown', h); }, []);%0A+   const finishTour = () => { localStorage.setItem('spr-infrastructure-tour', 'complete'); setTourOpen(false); };%0A+%0A+   return <div className="space-y-4 pb-8">%0A+     <div className="flex flex-wrap items-start justify-between gap-3">%0A+       <div>%0A+         <h1 className="text-[22px] font-semibold text-[#201f1e]">Dashboard</h1>%0A+         <p className="mt-1 text-[13px] text-[#605e5c]">Software passports, evidence, findings, and client coverage observed from connected systems.</p>%0A+       </div>%0A+       <div className="flex items-center gap-2">%0A+         <button onClick={() => setCommandOpen(true)} className="hidden h-8 items-center gap-1.5 rounded border border-[#c8c6c4] px-3 text-[13px] text-[#323130] hover:bg-black/[.03] sm:inline-flex">%0A+           <Command className="h-3.5 w-3.5" /> Search <kbd className="ml-1 rounded border border-[#c8c6c4] px-1 text-[10px] text-[#605e5c]">Ctrl K</kbd>%0A+         </button>%0A+         <button onClick={() => setTourOpen(true)} className="inline-flex h-8 items-center gap-1.5 rounded border border-[#c8c6c4] px-3 text-[13px] text-[#323130] hover:bg-black/[.03]">%0A+           <PlayCircle className="h-3.5 w-3.5" /> Guided tour%0A+         </button>%0A+         <button onClick={() => onOpenQuickAction('register-passport')} className="inline-flex h-8 items-center gap-1.5 rounded bg-[#0f6cbd] px-3 text-[13px] font-medium text-white hover:bg-[#004578]">%0A+           Register passport%0A+         </button>%0A+       </div>%0A+     </div>%0A+%0A+     <details className="rounded-md border border-[#e1dfdd] bg-[#faf9f8] text-[13px]">%0A+       <summary className="cursor-pointer select-none px-3 py-2 font-medium text-[#323130]">ⓘ What is this? · How it works</summary>%0A+       <div className="px-3 pb-3 text-[#605e5c]">%0A+         <p>SPR turns the systems that build, ship, run and govern your software into one observable, evidence-first record. Every figure on this page is computed directly from records already loaded for this tenant — nothing is inferred or estimated.</p>%0A+         <ol className="mt-1.5 list-decimal space-y-0.5 pl-4">%0A+           <li>Connect repositories, cloud, identity, SBOM and security systems as evidence sources.</li>%0A+           <li>SPR resolves software into durable identities and maps relationships between assets.</li>%0A+           <li>Claims stay traceable to observed evidence, with uncertainty exposed rather than hidden.</li>%0A+           <li>Changes, drift and new evidence appear here as they happen.</li>%0A+         </ol>%0A+       </div>%0A+     </details>%0A+%0A+     <div className="flex flex-wrap gap-6 rounded-md border border-[#e1dfdd] bg-white p-3">%0A+       <MetricItem label="Software Passports" value={passports.length} onClick={() => onNavigateTab('/passports')} />%0A+       <MetricItem label="Evidence Records" value={scans.length} onClick={() => onNavigateTab('/evidence-explorer')} />%0A+       <MetricItem label="Open Findings" value={activeAlerts} onClick={() => onNavigateTab('/alerts')} />%0A+       <MetricItem label="Clients" value={clients.length} onClick={() => onNavigateTab('/clients')} />%0A+     </div>%0A+%0A+     <SectionCard%0A+       icon={Activity}%0A+       title="Recent Activity"%0A+       description="Most recent scan and evidence-collection activity observed for this tenant."%0A+       action={<button onClick={() => onNavigateTab('/scans')} className="text-[13px] font-medium text-[#0f6cbd] hover:underline">View all {scans.length} scans</button>}%0A+     >%0A+       {recentScans.length === 0 ? (%0A+         <EmptyState icon={Activity} text="No scan activity has been observed yet." />%0A+       ) : (%0A+         <div className="overflow-x-auto">%0A+           <table className="w-full min-w-[720px] border-collapse text-left">%0A+             <thead>%0A+               <tr className="border-b border-[#e1dfdd] text-[11px] uppercase tracking-wide text-[#605e5c]">%0A+                 <th className="px-4 py-2 font-medium">Target</th>%0A+                 <th className="px-4 py-2 font-medium">Type</th>%0A+                 <th className="px-4 py-2 font-medium">Status</th>%0A+                 <th className="px-4 py-2 font-medium">Triggered by</th>%0A+                 <th className="px-4 py-2 font-medium">Client</th>%0A+                 <th className="px-4 py-2 font-medium">Time</th>%0A+               </tr>%0A+             </thead>%0A+             <tbody>%0A+               {recentScans.map((scan) => (%0A+                 <tr key={scan.id} className="border-b border-[#f3f2f1] text-[13px] hover:bg-black/[.02]">%0A+                   <td className="px-4 py-2.5 font-medium text-[#201f1e]">{scan.targetName}</td>%0A+                   <td className="px-4 py-2.5 text-[#605e5c]">{scan.scanType}</td>%0A+                   <td className="px-4 py-2.5"><span className="inline-flex items-center gap-1.5"><span className={`h-1.5 w-1.5 rounded-full ${scanStatusDot(scan.status)}`} />{scan.status}</span></td>%0A+                   <td className="px-4 py-2.5 text-[#605e5c]">{scan.triggeredBy}</td>%0A+                   <td className="px-4 py-2.5 text-[#605e5c]">{scan.clientName || 'Not observed'}</td>%0A+                   <td className="px-4 py-2.5 text-[#8a8886]">{new Date(scan.timestamp).toLocaleString()}</td>%0A+                 </tr>%0A+               ))}%0A+             </tbody>%0A+           </table>%0A+         </div>%0A+       )}%0A+     </SectionCard>%0A+%0A+     <SectionCard%0A+       icon={Database}%0A+       title="Software Systems"%0A+       description="Software passports registered for this tenant."%0A+       action={<button onClick={() => onNavigateTab('/passports')} className="text-[13px] font-medium text-[#0f6cbd] hover:underline">View all {passports.length} passports</button>}%0A+     >%0A+       <div className="border-b border-[#e1dfdd] px-4 py-2">%0A+         <div className="relative max-w-xs">%0A+           <Search className="pointer-events-none absolute left-2.5 top-1/2 h-3.5 w-3.5 -translate-y-1/2 text-[#8a8886]" />%0A+           <input value={query} onChange={(e) => setQuery(e.target.value)} placeholder="Search software, publisher, version…" className="h-8 w-full rounded border border-[#c8c6c4] pl-8 pr-3 text-[13px] outline-none focus:border-[#0f6cbd] focus:ring-1 focus:ring-[#0f6cbd]" />%0A+         </div>%0A+       </div>%0A+       {filteredPassports.length === 0 ? (%0A+         <EmptyState icon={Database} text="No software passports match this view." />%0A+       ) : (%0A+         <div className="overflow-x-auto">%0A+           <table className="w-full min-w-[760px] border-collapse text-left">%0A+             <thead>%0A+               <tr className="border-b border-[#e1dfdd] text-[11px] uppercase tracking-wide text-[#605e5c]">%0A+                 <th className="px-4 py-2 font-medium">Name</th>%0A+                 <th className="px-4 py-2 font-medium">Publisher</th>%0A+                 <th className="px-4 py-2 font-medium">Category</th>%0A+                 <th className="px-4 py-2 font-medium">Evidence</th>%0A+                 <th className="px-4 py-2 font-medium">Open vulns</th>%0A+                 <th className="px-4 py-2 font-medium" />%0A+               </tr>%0A+             </thead>%0A+             <tbody>%0A+               {filteredPassports.map((p: any) => {%0A+                 const verified = hasArrayValue(p.evidence) && p.evidence.every((e: any) => e.status === 'VERIFIED');%0A+                 const partial = !verified && hasArrayValue(p.evidence);%0A+                 const openVulns = (p.vulnerabilities || []).filter((v: any) => v.status === 'Open').length;%0A+                 return (%0A+                   <tr key={p.id} onClick={() => onNavigateTab('/passports', String(p.id))} className="cursor-pointer border-b border-[#f3f2f1] text-[13px] hover:bg-black/[.02]">%0A+                     <td className="px-4 py-2.5 font-medium text-[#201f1e]">{p.name} <span className="text-[#8a8886]">· {p.version || 'unknown version'}</span></td>%0A+                     <td className="px-4 py-2.5 text-[#605e5c]">{p.publisher || 'Unknown publisher'}</td>%0A+                     <td className="px-4 py-2.5 text-[#605e5c]">{p.category || 'Not observed'}</td>%0A+                     <td className="px-4 py-2.5"><span className="inline-flex items-center gap-1.5"><span className={`h-1.5 w-1.5 rounded-full ${verified ? 'bg-[#0e700e]' : partial ? 'bg-[#8a5700]' : 'bg-[#8a8886]'}`} />{verified ? 'Verified' : partial ? 'Partial' : 'Not observed'}</span></td>%0A+                     <td className="px-4 py-2.5 text-[#605e5c]">{openVulns}</td>%0A+                     <td className="px-4 py-2.5 text-right"><ChevronRight className="ml-auto h-3.5 w-3.5 text-[#8a8886]" /></td>%0A+                   </tr>%0A+                 );%0A+               })}%0A+             </tbody>%0A+           </table>%0A+         </div>%0A+       )}%0A+     </SectionCard>%0A+%0A+     <SectionCard%0A+       icon={ShieldCheck}%0A+       title="Trust / Security Status"%0A+       description={`${portfolio.verifiedPassports} of ${passports.length} passports fully verified · ${portfolio.evidenceCoveragePercent}%25 evidence coverage · ${portfolio.openVulnerabilities} open vulnerabilities · ${portfolio.complianceAverage === null ? 'no client compliance data' : `${portfolio.complianceAverage}%25 avg. compliance`}`}%0A+       action={<button onClick={() => onNavigateTab('/alerts')} className="text-[13px] font-medium text-[#0f6cbd] hover:underline">View all {alerts.length} findings</button>}%0A+     >%0A+       {recentAlerts.length === 0 ? (%0A+         <EmptyState icon={ShieldCheck} text="No findings have been recorded for this tenant." />%0A+       ) : (%0A+         <div className="overflow-x-auto">%0A+           <table className="w-full min-w-[760px] border-collapse text-left">%0A+             <thead>%0A+               <tr className="border-b border-[#e1dfdd] text-[11px] uppercase tracking-wide text-[#605e5c]">%0A+                 <th className="px-4 py-2 font-medium">Finding</th>%0A+                 <th className="px-4 py-2 font-medium">Category</th>%0A+                 <th className="px-4 py-2 font-medium">Client</th>%0A+                 <th className="px-4 py-2 font-medium">Severity</th>%0A+                 <th className="px-4 py-2 font-medium">Status</th>%0A+                 <th className="px-4 py-2 font-medium">Time</th>%0A+               </tr>%0A+             </thead>%0A+             <tbody>%0A+               {recentAlerts.map((alert) => (%0A+                 <tr key={alert.id} className="border-b border-[#f3f2f1] text-[13px] hover:bg-black/[.02]">%0A+                   <td className="px-4 py-2.5 font-medium text-[#201f1e]">{alert.title}</td>%0A+                   <td className="px-4 py-2.5 text-[#605e5c]">{alert.category}</td>%0A+                   <td className="px-4 py-2.5 text-[#605e5c]">{alert.clientName || 'Not observed'}</td>%0A+                   <td className="px-4 py-2.5"><span className="inline-flex items-center gap-1.5"><span className={`h-1.5 w-1.5 rounded-full ${severityDot(alert.severity)}`} />{alert.severity}</span></td>%0A+                   <td className="px-4 py-2.5"><span className="inline-flex items-center gap-1.5"><span className={`h-1.5 w-1.5 rounded-full ${alertStatusDot(alert.status)}`} />{alert.status}</span></td>%0A+                   <td className="px-4 py-2.5 text-[#8a8886]">{new Date(alert.timestamp).toLocaleString()}</td>%0A+                 </tr>%0A+               ))}%0A+             </tbody>%0A+           </table>%0A+         </div>%0A+       )}%0A+     </SectionCard>%0A+%0A+     {tourOpen && <div className="fixed inset-0 z-[80] grid place-items-center bg-black/40 p-4"><div className="w-full max-w-lg rounded-md border border-[#e1dfdd] bg-white p-6">%0A+       <div className="flex items-center justify-between"><div className="text-[11px] font-semibold uppercase tracking-wide text-[#605e5c]">SPR guided tour</div><button onClick={finishTour} className="rounded p-1 text-[#605e5c] hover:bg-black/[.04] hover:text-[#201f1e]"><X className="h-4 w-4" /></button></div>%0A+       <div className="mt-4 flex items-center gap-2">{TOUR.map((_, i) => <span key={i} className={`h-1 flex-1 rounded-full ${i <= tourStep ? 'bg-[#0f6cbd]' : 'bg-[#e1dfdd]'}`} />)}</div>%0A+       <div className="mt-5 text-[11px] font-semibold text-[#8a8886]">{TOUR[tourStep][0]}</div>%0A+       <h2 className="mt-1 text-lg font-semibold text-[#201f1e]">{TOUR[tourStep][1]}</h2>%0A+       <p className="mt-2 text-[13px] leading-6 text-[#605e5c]">{TOUR[tourStep][2]}</p>%0A+       <div className="mt-6 flex justify-between">%0A+         <button onClick={() => setTourStep((s) => Math.max(0, s - 1))} disabled={tourStep === 0} className="h-8 rounded border border-[#c8c6c4] px-3 text-[13px] text-[#323130] disabled:opacity-40">Back</button>%0A+         {tourStep === TOUR.length - 1%0A+           ? <button onClick={finishTour} className="h-8 rounded bg-[#0f6cbd] px-4 text-[13px] font-medium text-white hover:bg-[#004578]">Enter SPR</button>%0A+           : <button onClick={() => setTourStep((s) => s + 1)} className="inline-flex h-8 items-center gap-1.5 rounded bg-[#0f6cbd] px-4 text-[13px] font-medium text-white hover:bg-[#004578]">Next <ChevronRight className="h-3.5 w-3.5" /></button>}%0A+       </div>%0A+     </div></div>}%0A+%0A+     {commandOpen && <div className="fixed inset-0 z-[90] bg-black/40 p-4" onMouseDown={() => setCommandOpen(false)}>%0A+       <div className="mx-auto mt-[12vh] max-w-lg overflow-hidden rounded-md border border-[#e1dfdd] bg-white" onMouseDown={(e) => e.stopPropagation()}>%0A+         <div className="flex items-center gap-2 border-b border-[#e1dfdd] px-3">%0A+           <Command className="h-4 w-4 text-[#605e5c]" />%0A+           <input autoFocus value={query} onChange={(e) => setQuery(e.target.value)} placeholder="Go to software, evidence, monitoring…" className="flex-1 bg-transparent py-3 text-[13px] outline-none placeholder:text-[#8a8886]" />%0A+           <button onClick={() => setCommandOpen(false)}><X className="h-4 w-4 text-[#8a8886]" /></button>%0A+         </div>%0A+         <div className="p-1.5">%0A+           {COMMANDS.map(([path, label, desc]) => (%0A+             <button key={path} onClick={() => { setCommandOpen(false); onNavigateTab(path); }} className="flex w-full items-center gap-3 rounded px-3 py-2.5 text-left hover:bg-black/[.03]">%0A+               <Terminal className="h-3.5 w-3.5 text-[#8a8886]" />%0A+               <span className="flex-1"><span className="block text-[13px] font-medium text-[#201f1e]">{label}</span><span className="block text-[11px] text-[#8a8886]">{desc}</span></span>%0A+               <ChevronRight className="h-3.5 w-3.5 text-[#c8c6c4]" />%0A+             </button>%0A+           ))}%0A+         </div>%0A+       </div>%0A+     </div>}%0A+   </div>;%0A+ }%0A+%0A+ function MetricItem({ label, value, onClick }: { label: string; value: number; onClick: () => void }) {%0A+   return (%0A+     <button onClick={onClick} className="text-left">%0A+       <div className="text-[11px] text-[#605e5c]">{label}</div>%0A+       <div className="text-lg font-semibold text-[#201f1e]">{value}</div>%0A+     </button>%0A+   );%0A+ }%0A+%0A+ function SectionCard({ icon: Icon, title, description, action, children }: { icon: any; title: string; description?: string; action?: ReactNode; children: ReactNode }) {%0A+   return (%0A+     <section className="rounded-md border border-[#e1dfdd] bg-white">%0A+       <div className="flex flex-wrap items-center justify-between gap-2 border-b border-[#e1dfdd] px-4 py-3">%0A+         <div className="flex items-start gap-2">%0A+           <Icon className="mt-0.5 h-4 w-4 text-[#605e5c]" />%0A+           <div>%0A+             <h2 className="text-[14px] font-semibold text-[#201f1e]">{title}</h2>%0A+             {description && <p className="mt-0.5 text-[12px] text-[#605e5c]">{description}</p>}%0A+           </div>%0A+         </div>%0A+         {action}%0A+       </div>%0A+       {children}%0A+     </section>%0A+   );%0A+ }%0A+%0A+ function EmptyState({ icon: Icon, text }: { icon: any; text: string }) {%0A+   return (%0A+     <div className="px-4 py-10 text-center">%0A+       <Icon className="mx-auto h-6 w-6 text-[#c8c6c4]" />%0A+       <p className="mt-2 text-[13px] text-[#605e5c]">{text}</p>%0A+     </div>%0A+   );%0A+ }%0A+%0A%0A ❯ tests/msp-landing-onboarding-nav-contract.test.ts:38:15%0A%0A

::error file=/home/runner/work/software-passport-registry/software-passport-registry/tests/msp-landing-onboarding-nav-contract.test.ts,title=tests/msp-landing-onboarding-nav-contract.test.ts > first-run onboarding banner on the dashboard > is actionable through the existing onOpenQuickAction/onNavigateTab handlers%2C not a dead button,line=46,column=20::AssertionError: expected '' to contain 'onOpenQuickAction(\'add-client\')'%0A%0A- Expected%0A+ Received%0A%0A- onOpenQuickAction('add-client')%0A%0A ❯ tests/msp-landing-onboarding-nav-contract.test.ts:46:20%0A%0A

::error file=/home/runner/work/software-passport-registry/software-passport-registry/tests/msp-landing-onboarding-nav-contract.test.ts,title=tests/msp-landing-onboarding-nav-contract.test.ts > MSP Command Center is the primary nav entry point%2C with every other nav item preserved > msp is the first item in CORE%2C not in EXECUTIVE,line=59,column=39::AssertionError: expected -1 to be greater than -1%0A ❯ tests/msp-landing-onboarding-nav-contract.test.ts:59:39%0A%0A

::error file=/home/runner/work/software-passport-registry/software-passport-registry/tests/msp-landing-onboarding-nav-contract.test.ts,title=tests/msp-landing-onboarding-nav-contract.test.ts > MSP Command Center is the primary nav entry point%2C with every other nav item preserved > preserves every other existing nav entry across all groups,line=76,column=17::AssertionError: expected 'import { useState, type Key, type Rea…' to contain 'id: \'questionnaires\''%0A%0A- Expected%0A+ Received%0A%0A- id: 'questionnaires'%0A+ import { useState, type Key, type ReactNode } from 'react';%0A+ import { ChevronDown } from 'lucide-react';%0A+ import { EXTENSIONS, type ExtensionDefinition } from '../workflows/extensionRegistry';%0A+%0A+ type NavItem = { id: string; label: string; icon: string; path: string; badge?: string };%0A+ type NavGroup = { title: string; items: NavItem[] };%0A+%0A+ const OVERVIEW: NavItem[] = [%0A+   { id: 'dashboard', label: 'Overview', icon: '⌂', path: '/dashboard' },%0A+ ];%0A+ const SOFTWARE: NavItem[] = [%0A+   { id: 'passports', label: 'Passports', icon: '◇', path: '/passports' },%0A+   { id: 'scans', label: 'Scans', icon: '⌁', path: '/scans' },%0A+   { id: 'assets', label: 'Assets', icon: '◈', path: '/assets' },%0A+   { id: 'coverage', label: 'Evidence coverage', icon: '▤', path: '/coverage' },%0A+ ];%0A+ const TRUST: NavItem[] = [%0A+   { id: 'evidence-explorer', label: 'Evidence Explorer', icon: '⛾', path: '/evidence-explorer' },%0A+   { id: 'trust-graph', label: 'Trust Graph', icon: '◌', path: '/trust-graph' },%0A+   { id: 'alerts', label: 'Findings', icon: '!', path: '/alerts' },%0A+   { id: 'security', label: 'Security', icon: '⌾', path: '/security' },%0A+   { id: 'monitoring', label: 'Monitoring', icon: '◉', path: '/monitoring' },%0A+ ];%0A+ const REPORTS: NavItem[] = [%0A+   { id: 'reports', label: 'Reports Center', icon: '▤', path: '/reports' },%0A+ ];%0A+ const INTEGRATIONS: NavItem[] = [%0A+   { id: 'integrations', label: 'Integrations', icon: '↔', path: '/integrations' },%0A+ ];%0A+ const COMPLIANCE: NavItem[] = [%0A+   { id: 'compliance', label: 'Compliance', icon: '✓', path: '/compliance' },%0A+   { id: 'audit-log', label: 'Audit Log', icon: '▥', path: '/audit-log' },%0A+   { id: 'vendors', label: 'Vendors', icon: '◫', path: '/vendors' },%0A+   { id: 'clients', label: 'Clients', icon: '◎', path: '/clients' },%0A+ ];%0A+ const EXECUTIVE: NavItem[] = [%0A+   { id: 'msp', label: 'MSP Command', icon: '▦', path: '/msp' },%0A+   { id: 'agent-trust', label: 'AI Agent Trust', icon: 'AI', path: '/agent-trust' },%0A+   { id: 'ai-trust-center', label: 'AI Trust Center', icon: 'AI', path: '/ai-trust-center' },%0A+   { id: 'enterprise-readiness', label: 'Enterprise Readiness', icon: 'ER', path: '/enterprise-readiness' },%0A+   { id: 'investor', label: 'Investor View', icon: 'IV', path: '/investor' },%0A+   { id: 'founder', label: 'Founder Dashboard', icon: 'FD', path: '/founder' },%0A+ ];%0A+ const ADMIN: NavItem[] = [%0A+   { id: 'team', label: 'Team', icon: '♙', path: '/team' },%0A+   { id: 'extensions', label: 'Extension Marketplace', icon: 'EX', path: '/extensions' },%0A+   { id: 'billing', label: 'Billing', icon: '$', path: '/billing' },%0A+   { id: 'settings', label: 'Settings', icon: '⚙', path: '/settings' },%0A+ ];%0A+%0A+ type NavButtonProps = { item: NavItem; active: boolean; onNavigate: (path: string) => void; key?: Key };%0A+ function NavButton({ item, active, onNavigate }: NavButtonProps) {%0A+   return (%0A+     <button%0A+       onClick={() => onNavigate(item.path)}%0A+       aria-current={active ? 'page' : undefined}%0A+       className={`flex w-full items-center gap-2.5 rounded px-2.5 py-[7px] text-left text-[13px] transition-colors ${active ? 'bg-[#eff6fc] font-semibold text-[#004578]' : 'text-[#323130] hover:bg-black/[.04]'}`}%0A+     >%0A+       <span className={`grid h-5 w-5 shrink-0 place-items-center rounded text-[10px] font-semibold ${active ? 'text-[#0f6cbd]' : 'text-[#605e5c]'}`}>{item.icon}</span>%0A+       <span className="min-w-0 flex-1 truncate">{item.label}</span>%0A+       {item.badge && <span className="shrink-0 rounded-full bg-[#f3f2f1] px-1.5 text-[10px] font-medium text-[#605e5c]">{item.badge}</span>}%0A+     </button>%0A+   );%0A+ }%0A+%0A+ type ExtensionButtonProps = { extension: ExtensionDefinition; active: boolean; onNavigate: (path: string) => void; key?: Key };%0A+ function ExtensionButton({ extension, active, onNavigate }: ExtensionButtonProps) {%0A+   return (%0A+     <button%0A+       onClick={() => onNavigate(extension.entryPath)}%0A+       aria-current={active ? 'page' : undefined}%0A+       className={`flex w-full items-center gap-2.5 rounded px-2.5 py-[7px] text-left text-[13px] transition-colors ${active ? 'bg-[#eff6fc] font-semibold text-[#004578]' : 'text-[#323130] hover:bg-black/[.04]'}`}%0A+     >%0A+       <span className="grid h-5 w-5 shrink-0 place-items-center rounded text-[9px] font-bold text-[#605e5c]">EX</span>%0A+       <span className="min-w-0 flex-1 truncate">{extension.shortName}</span>%0A+     </button>%0A+   );%0A+ }%0A+%0A+ function NavGroupBlock({ group, active, onNavigate, defaultOpen = true }: { group: NavGroup; active: (path: string) => boolean; onNavigate: (path: string) => void; defaultOpen?: boolean; key?: Key }) {%0A+   const [open, setOpen] = useState(defaultOpen);%0A+   if (group.items.length === 0) return null;%0A+   return (%0A+     <div className="mb-1">%0A+       <button%0A+         onClick={() => setOpen((v) => !v)}%0A+         className="flex w-full items-center justify-between px-2.5 py-1.5 text-left text-[11px] font-semibold uppercase tracking-wide text-[#605e5c] hover:text-[#323130]"%0A+         aria-expanded={open}%0A+       >%0A+         <span>{group.title}</span>%0A+         <ChevronDown className={`h-3 w-3 transition-transform ${open ? '' : '-rotate-90'}`} />%0A+       </button>%0A+       {open && <nav className="space-y-px px-1">{group.items.map((item) => <NavButton key={item.id} item={item} active={active(item.path)} onNavigate={onNavigate} />)}</nav>}%0A+     </div>%0A+   );%0A+ }%0A+%0A+ export default function CommandCenter({ children, path, userEmail, role, onNavigate, onSignOut }: { children: ReactNode; path: string; userEmail?: string | null; role: string; onNavigate: (path: string) => void; onSignOut: () => void }) {%0A+   const [mobileMenuOpen, setMobileMenuOpen] = useState(false);%0A+   const extensionActive = path.startsWith('/extensions/');%0A+   const active = (candidate: string) => path === candidate || (candidate !== '/dashboard' && path.startsWith(`${candidate}/`));%0A+   const executiveItems = role === 'Owner' ? EXECUTIVE : EXECUTIVE.filter((item) => item.id !== 'founder');%0A+   const groups: NavGroup[] = [%0A+     { title: 'Overview', items: OVERVIEW },%0A+     { title: 'Software', items: SOFTWARE },%0A+     { title: 'Trust', items: TRUST },%0A+     { title: 'Reports', items: REPORTS },%0A+     { title: 'Integrations', items: INTEGRATIONS },%0A+     { title: 'Compliance', items: COMPLIANCE },%0A+     { title: 'Executive', items: executiveItems },%0A+     { title: 'Administration', items: ADMIN },%0A+   ];%0A+   const mobileItems = [...groups.flatMap((g) => g.items), ...EXTENSIONS.map((extension) => ({ id: extension.id, label: extension.shortName, icon: 'EX', path: extension.entryPath }))];%0A+   const currentItem = groups.flatMap((g) => g.items).find((item) => active(item.path));%0A+   const currentLabel = extensionActive ? 'Extension workflow' : currentItem?.label || 'Trust workspace';%0A+%0A+   return (%0A+     <div className="min-h-screen bg-[#faf9f8] text-[#201f1e]">%0A+       <div className="flex min-h-screen">%0A+         <aside className="hidden h-screen w-[224px] shrink-0 overflow-y-auto border-r border-[#e1dfdd] bg-[#f3f2f1] lg:sticky lg:top-0 lg:flex lg:flex-col">%0A+           <button onClick={() => onNavigate('/dashboard')} aria-label="Go to overview" className="flex h-12 shrink-0 items-center gap-2 border-b border-[#e1dfdd] px-3 text-left hover:bg-black/[.03]">%0A+             <span className="grid h-6 w-6 place-items-center rounded bg-[#0f6cbd] text-[10px] font-bold text-white">S</span>%0A+             <span className="min-w-0 leading-tight">%0A+               <span className="block text-[13px] font-semibold">SPR</span>%0A+               <span className="block text-[10px] text-[#605e5c]">Software Trust Registry</span>%0A+             </span>%0A+           </button>%0A+           <div className="flex-1 overflow-y-auto py-2">%0A+             {groups.map((group) => <NavGroupBlock key={group.title} group={group} active={active} onNavigate={onNavigate} />)}%0A+             {EXTENSIONS.length > 0 && (%0A+               <div className="mb-1">%0A+                 <div className="flex items-center justify-between px-2.5 py-1.5 text-[11px] font-semibold uppercase tracking-wide text-[#605e5c]">%0A+                   <span>Extensions</span>%0A+                   <span className="rounded-full bg-white px-1.5 text-[10px] text-[#605e5c]">{EXTENSIONS.length}</span>%0A+                 </div>%0A+                 <nav className="space-y-px px-1">{EXTENSIONS.map((extension) => <ExtensionButton key={extension.id} extension={extension} active={extensionActive && path === extension.entryPath} onNavigate={onNavigate} />)}</nav>%0A+               </div>%0A+             )}%0A+           </div>%0A+         </aside>%0A+%0A+         <main className="min-w-0 flex-1">%0A+           <header className="sticky top-0 z-30 flex h-12 items-center gap-3 border-b border-[#e1dfdd] bg-white px-3 md:px-4">%0A+             <button onClick={() => setMobileMenuOpen((open) => !open)} aria-expanded={mobileMenuOpen} aria-label="Open navigation" className="rounded border border-[#e1dfdd] px-2 py-1 text-xs text-[#323130] lg:hidden">{mobileMenuOpen ? 'Close' : 'Menu'}</button>%0A+             <div className="min-w-0 flex-1">%0A+               <div className="flex items-center gap-1.5 text-[11px] text-[#605e5c]">%0A+                 <span>SPR</span><span>/</span><span className="truncate font-medium text-[#201f1e]">{currentLabel}</span>%0A+               </div>%0A+             </div>%0A+             <span className="hidden items-center gap-1 rounded border border-[#e1dfdd] px-2 py-0.5 text-[11px] text-[#605e5c] sm:inline-flex">%0A+               <span className="h-1.5 w-1.5 rounded-full bg-[#0e700e]" /> Live%0A+             </span>%0A+             <span className="hidden rounded border border-[#e1dfdd] px-2 py-0.5 text-[11px] text-[#605e5c] md:inline">{role}</span>%0A+             <span className="hidden max-w-[180px] truncate text-[12px] text-[#605e5c] xl:inline">{userEmail || 'Authenticated user'}</span>%0A+             <button onClick={onSignOut} className="rounded border border-[#e1dfdd] px-2.5 py-1 text-[12px] text-[#323130] hover:bg-black/[.03]">Sign out</button>%0A+           </header>%0A+%0A+           {mobileMenuOpen && (%0A+             <div className="border-b border-[#e1dfdd] bg-white px-3 py-2 lg:hidden">%0A+               <div className="grid grid-cols-2 gap-1">%0A+                 {mobileItems.map((item) => (%0A+                   <button key={item.id} onClick={() => { onNavigate(item.path); setMobileMenuOpen(false); }} className={`truncate rounded px-2.5 py-1.5 text-left text-[12px] ${active(item.path) ? 'bg-[#eff6fc] font-medium text-[#004578]' : 'text-[#323130]'}`}>{item.label}</button>%0A+                 ))}%0A+               </div>%0A+             </div>%0A+           )}%0A+%0A+           <div className="mx-auto max-w-[1400px] p-4 md:p-6">{children}</div>%0A+         </main>%0A+       </div>%0A+     </div>%0A+   );%0A+ }%0A+%0A%0A ❯ tests/msp-landing-onboarding-nav-contract.test.ts:76:17%0A%0A

::error file=/home/runner/work/software-passport-registry/software-passport-registry/tests/plain-english-report-routes-contract.test.ts,title=tests/plain-english-report-routes-contract.test.ts > GET /trust-loop/reports/%3ApassportId/plain-english > calls the same buildAndPersistReport the technical report route uses%2C never a second scoring path,line=22,column=23::AssertionError: expected '' to contain 'const report = await buildAndPersistR…'%0A%0A- Expected%0A+ Received%0A%0A- const report = await buildAndPersistReport(req.db!, req.user!.tenantId, String(req.params.passportId), parsed.data);%0A%0A ❯ tests/plain-english-report-routes-contract.test.ts:22:23%0A%0A

::error file=/home/runner/work/software-passport-registry/software-passport-registry/tests/plain-english-report-routes-contract.test.ts,title=tests/plain-english-report-routes-contract.test.ts > GET /trust-loop/reports/%3ApassportId/plain-english > the detailed level includes the full technical report alongside the plain-English explanation%2C from the same call,line=28,column=15::AssertionError: expected 'import { Router } from \'express\';\n…' to contain 'level === \'detailed\' ? { ...plainEn…'%0A%0A- Expected%0A+ Received%0A%0A- level === 'detailed' ? { ...plainEnglish, technicalReport: report } : plainEnglish%0A+ import { Router } from 'express';%0A+ import { sql } from 'drizzle-orm';%0A+ import crypto from 'node:crypto';%0A+ import { z } from 'zod';%0A+ import { AuthenticatedRequest } from '../middleware/security.ts';%0A+ import { decryptCredentials } from '../integrations/credential-vault.ts';%0A+ import { collectDeepProviderEvidence } from '../integrations/deep-collectors.ts';%0A+ import { collectGitHubDeepEvidence } from '../integrations/github-deep.ts';%0A+ import { persistTrustLoop, verifyRemediation } from '../trust/trust-loop.ts';%0A+%0A+ const collectSchema = z.object({ passportId: z.string().trim().min(1).max(255), provider: z.string().trim().min(1).max(64) }).strict();%0A+ const remediationSchema = z.object({%0A+   findingId: z.string().trim().min(1),%0A+   title: z.string().trim().min(1).max(255),%0A+   description: z.string().max(4000).optional(),%0A+   assigneeId: z.string().max(255).optional(),%0A+   assigneeDisplay: z.string().max(255).optional(),%0A+   externalSystem: z.string().trim().min(1).max(64).default('SPR'),%0A+   externalTicketId: z.string().max(255).optional(),%0A+   slaDueAt: z.string().datetime().optional(),%0A+   priority: z.enum(['LOW', 'MEDIUM', 'HIGH', 'CRITICAL']).default('HIGH'),%0A+ }).strict();%0A+ const remediationUpdateSchema = z.object({ status: z.enum(['OPEN', 'IN_PROGRESS', 'BLOCKED', 'READY_FOR_VERIFICATION', 'VERIFIED', 'CLOSED', 'CANCELLED']), ownerId: z.string().max(255).optional(), ownerDisplay: z.string().max(255).optional(), slaDueAt: z.string().datetime().nullable().optional() }).strict();%0A+ const verifySchema = z.object({ findingId: z.string().trim().min(1), observationIds: z.array(z.string().min(1)).max(50), evidenceIds: z.array(z.string().min(1)).max(200) }).strict();%0A+ const reportTypes = z.enum(['executive', 'technical', 'msp', 'customer', 'compliance', 'vendor', 'auditor', 'evidence-ledger']);%0A+ function id(prefix: string) { return `${prefix}_${crypto.randomUUID().replaceAll('-', '')}`; }%0A+ function parseJson(value: unknown, fallback: unknown = []) { try { return value ? JSON.parse(String(value)) : fallback; } catch { return fallback; } }%0A+%0A+ const SEVERITY_ORDER = ['critical', 'high', 'medium', 'low'];%0A+%0A+ export type ReportPassportRow = {%0A+   overall_score: number | null;%0A+   security_score: number | null;%0A+   compliance_score: number | null;%0A+   verification_status: string | null;%0A+   confidence_score: number | null;%0A+   evidence_completeness: number | null;%0A+ };%0A+%0A+ export function deriveReportRiskFields(passport: ReportPassportRow) {%0A+   const verificationStatus = passport.verification_status || 'unverified';%0A+   const isMeasured = verificationStatus !== 'unverified';%0A+   return {%0A+     canonicalScore: isMeasured ? passport.overall_score : null,%0A+     verificationStatus,%0A+     confidenceBasisPoints: isMeasured && passport.confidence_score != null ? Math.round(passport.confidence_score * 100) : null,%0A+     completenessBasisPoints: isMeasured && passport.evidence_completeness != null ? Math.round(passport.evidence_completeness * 100) : null,%0A+   };%0A+ }%0A+%0A+ function buildReportTypeExtras(reportType: string, passport: any, findings: any[]) {%0A+   if (reportType === 'sbom') {%0A+     const components = parseJson(passport.sbom, []) as any[];%0A+     const vulnerabilities = parseJson(passport.vulnerabilities, []) as any[];%0A+     const sbom = components.map((component) => {%0A+       const name = component?.name || component?.packageName || component?.component;%0A+       const matched = vulnerabilities.filter((vuln) => (vuln?.component || vuln?.packageName || vuln?.package) === name);%0A+       return { ...component, vulnerabilityCount: matched.length, criticalOrHighCount: matched.filter((vuln) => SEVERITY_ORDER.slice(0, 2).includes(String(vuln?.severity || '').toLowerCase())).length };%0A+     });%0A+     return { sbom };%0A+   }%0A+   if (reportType === 'compliance') {%0A+     const byControl = new Map<string, { controlId: string; findingCount: number; openCount: number; worstSeverity: string; findingIds: string[] }>();%0A+     for (const finding of findings) {%0A+       const controlId = finding.control_id || 'unmapped';%0A+       const entry = byControl.get(controlId) || { controlId, findingCount: 0, openCount: 0, worstSeverity: 'low', findingIds: [] as string[] };%0A+       entry.findingCount += 1;%0A+       entry.findingIds.push(finding.id);%0A+       if (!['resolved', 'closed', 'verified'].includes(String(finding.status || '').toLowerCase())) entry.openCount += 1;%0A+       const severity = String(finding.severity || '').toLowerCase();%0A+       if (SEVERITY_ORDER.includes(severity) && SEVERITY_ORDER.indexOf(severity) < SEVERITY_ORDER.indexOf(entry.worstSeverity)) entry.worstSeverity = severity;%0A+       byControl.set(controlId, entry);%0A+     }%0A+     return { controls: [...byControl.values()] };%0A+   }%0A+   return {};%0A+ }%0A+%0A+ export function createTrustLoopRouter() {%0A+   const router = Router();%0A+%0A+   router.post('/collect', async (req: AuthenticatedRequest, res, next) => {%0A+     const parsed = collectSchema.safeParse(req.body);%0A+     if (!parsed.success) return res.status(400).json({ error: 'INVALID_PAYLOAD', details: parsed.error.flatten() });%0A+     const { passportId, provider } = parsed.data;%0A+     const tenantId = req.user!.tenantId;%0A+     const runId = id('collect');%0A+     const startedAt = new Date().toISOString();%0A+     const db = req.db!;%0A+     try {%0A+       const passport = (await db.execute(sql`SELECT id,client_id FROM passports WHERE id=${passportId} AND tenant_id=${tenantId} LIMIT 1`) as any).rows?.[0];%0A+       if (!passport) return res.status(404).json({ error: 'PASSPORT_NOT_FOUND' });%0A+       const stored = (await db.execute(sql`SELECT encrypted_payload FROM integration_credentials WHERE tenant_id=${tenantId} AND provider=${provider} LIMIT 1`) as any).rows?.[0];%0A+       if (!stored?.encrypted_payload) return res.status(409).json({ error: 'CREDENTIAL_NOT_CONFIGURED' });%0A+%0A+       await db.execute(sql`INSERT INTO trust_collection_runs (id,tenant_id,passport_id,provider,started_at,status,idempotency_key,created_at) VALUES (${runId},${tenantId},${passportId},${provider},${startedAt},'RUNNING',${`${tenantId}:${passportId}:${provider}:${startedAt}`},${startedAt})`);%0A+       const credentials = decryptCredentials(stored.encrypted_payload) as Record<string, string>;%0A+       const observations = provider === 'github' ? await collectGitHubDeepEvidence(credentials) : await collectDeepProviderEvidence(provider as any, credentials);%0A+       const result = await persistTrustLoop({ tenantId, passportId, clientId: passport.client_id || passport.id, assetId: passport.id, observations, generationReason: 'provider_collection', actorType: 'worker', collectorVersionMap: { [provider]: 'deep-v2' } });%0A+       const completedAt = new Date().toISOString();%0A+       await db.execute(sql`UPDATE trust_collection_runs SET completed_at=${completedAt},status='SUCCEEDED',observation_count=${observations.length},evidence_count=${result.evidenceIds.length},failure_count=${observations.filter((o) => o.status === 'FAIL').length},collector_version='deep-v2' WHERE id=${runId} AND tenant_id=${tenantId}`);%0A+       await db.execute(sql`INSERT INTO trust_monitoring_state (id,tenant_id,passport_id,provider,next_run_at,last_run_at,last_success_at,last_evidence_hash,consecutive_failures,status,updated_at) VALUES (${id('monitor')},${tenantId},${passportId},${provider},${new Date(Date.now()+3600000).toISOString()},${completedAt},${completedAt},${result.payloadHash},0,'HEALTHY',${completedAt}) ON CONFLICT (tenant_id,passport_id,provider) DO UPDATE SET next_run_at=EXCLUDED.next_run_at,last_run_at=EXCLUDED.last_run_at,last_success_at=EXCLUDED.last_success_at,last_evidence_hash=EXCLUDED.last_evidence_hash,consecutive_failures=0,status='HEALTHY',updated_at=EXCLUDED.updated_at`);%0A+       return res.json({ runId, provider, observationCount: observations.length, ...result });%0A+     } catch (error) {%0A+       const completedAt = new Date().toISOString();%0A+       await db.execute(sql`UPDATE trust_collection_runs SET completed_at=${completedAt},status='FAILED',error_code='COLLECTION_FAILED',error_message=${error instanceof Error ? error.message.slice(0,1000) : 'COLLECTION_FAILED'} WHERE id=${runId} AND tenant_id=${tenantId}`).catch(() => undefined);%0A+       await db.execute(sql`UPDATE trust_monitoring_state SET last_run_at=${completedAt},last_failure_at=${completedAt},consecutive_failures=consecutive_failures+1,status=CASE WHEN consecutive_failures+1 >= 5 THEN 'FAILED' ELSE 'DEGRADED' END,updated_at=${completedAt} WHERE tenant_id=${tenantId} AND passport_id=${passportId} AND provider=${provider}`).catch(() => undefined);%0A+       return next(error);%0A+     }%0A+   });%0A+%0A+   const findingsWithRemediationSelect = sql`%0A+     SELECT f.*, r.id AS remediation_id, r.status AS remediation_status, r.owner_id AS remediation_owner_id,%0A+            r.owner_display AS remediation_owner_display, r.sla_due_at AS remediation_sla_due_at, r.updated_at AS remediation_updated_at%0A+     FROM trust_findings f%0A+     LEFT JOIN LATERAL (%0A+       SELECT * FROM trust_remediation_work_items w%0A+       WHERE w.tenant_id = f.tenant_id AND w.finding_id = f.id%0A+       ORDER BY w.created_at DESC LIMIT 1%0A+     ) r ON true%0A+   `;%0A+   router.get('/findings', async (req: AuthenticatedRequest, res, next) => {%0A+     try {%0A+       const db = req.db!;%0A+       const tenantId = req.user!.tenantId;%0A+       const passportId = typeof req.query.passportId === 'string' ? req.query.passportId : null;%0A+       const rows = passportId%0A+         ? await db.execute(sql`${findingsWithRemediationSelect} WHERE f.tenant_id=${tenantId} AND f.passport_id=${passportId} ORDER BY CASE f.severity WHEN 'critical' THEN 1 WHEN 'high' THEN 2 WHEN 'medium' THEN 3 WHEN 'low' THEN 4 ELSE 5 END,f.updated_at DESC`)%0A+         : await db.execute(sql`${findingsWithRemediationSelect} WHERE f.tenant_id=${tenantId} ORDER BY f.updated_at DESC`);%0A+       return res.json({ findings: (rows as any).rows || [] });%0A+     } catch (error) { return next(error); }%0A+   });%0A+%0A+   router.post('/remediations', async (req: AuthenticatedRequest, res, next) => {%0A+     const parsed = remediationSchema.safeParse(req.body);%0A+     if (!parsed.success) return res.status(400).json({ error: 'INVALID_PAYLOAD', details: parsed.error.flatten() });%0A+     try {%0A+       const db = req.db!;%0A+       const p = parsed.data;%0A+       const tenantId = req.user!.tenantId;%0A+       const finding = (await db.execute(sql`SELECT id,client_id,passport_id,title,description FROM trust_findings WHERE id=${p.findingId} AND tenant_id=${tenantId} LIMIT 1`) as any).rows?.[0];%0A+       if (!finding) return res.status(404).json({ error: 'FINDING_NOT_FOUND' });%0A+       const now = new Date().toISOString();%0A+       const workId = id('remed');%0A+       await db.execute(sql`INSERT INTO trust_remediation_work_items (id,tenant_id,passport_id,finding_id,external_system,external_ticket_id,owner_id,owner_display,sla_due_at,status,remediation_plan,created_at,updated_at) VALUES (${workId},${tenantId},${finding.passport_id},${finding.id},${p.externalSystem},${p.externalTicketId ?? null},${p.assigneeId ?? null},${p.assigneeDisplay ?? null},${p.slaDueAt ?? null},'OPEN',${p.description || finding.description},${now},${now})`);%0A+       await db.execute(sql`INSERT INTO remediation_tasks (id,tenant_id,client_id,alert_id,title,description,priority,status,assignee_id,created_by,created_at,updated_at) VALUES (${workId},${tenantId},${finding.client_id},${finding.id},${p.title},${p.description || finding.description},${p.priority},'OPEN',${p.assigneeId ?? null},${req.user!.uid},${now},${now})`);%0A+       const created = (await db.execute(sql`SELECT * FROM trust_remediation_work_items WHERE id=${workId} AND tenant_id=${tenantId} LIMIT 1`) as any).rows?.[0];%0A+       return res.status(201).json({ ...created, title: p.title });%0A+     } catch (error) { return next(error); }%0A+   });%0A+%0A+   router.get('/remediations/:id', async (req: AuthenticatedRequest, res, next) => {%0A+     try {%0A+       const db = req.db!;%0A+       const tenantId = req.user!.tenantId;%0A+       const row = (await db.execute(sql`SELECT w.*, f.title AS finding_title FROM trust_remediation_work_items w JOIN trust_findings f ON f.id = w.finding_id AND f.tenant_id = w.tenant_id WHERE w.id=${req.params.id} AND w.tenant_id=${tenantId} LIMIT 1`) as any).rows?.[0];%0A+       if (!row) return res.status(404).json({ error: 'REMEDIATION_NOT_FOUND' });%0A+       return res.json({ ...row, title: row.finding_title });%0A+     } catch (error) { return next(error); }%0A+   });%0A+%0A+   router.post('/remediations/:id/verify-latest', async (req: AuthenticatedRequest, res, next) => {%0A+     try {%0A+       const db = req.db!;%0A+       const tenantId = req.user!.tenantId;%0A+       const work = (await db.execute(sql`SELECT id,finding_id,passport_id FROM trust_remediation_work_items WHERE id=${req.params.id} AND tenant_id=${tenantId} LIMIT 1`) as any).rows?.[0];%0A+       if (!work) return res.status(404).json({ error: 'REMEDIATION_NOT_FOUND' });%0A+       const latestObservation = (await db.execute(sql`SELECT id,evidence_ids FROM trust_observations WHERE tenant_id=${tenantId} AND passport_id=${work.passport_id} ORDER BY observation_version DESC LIMIT 1`) as any).rows?.[0];%0A+       if (!latestObservation) return res.status(409).json({ error: 'NO_OBSERVATION_ON_FILE', message: 'SPR has no recorded observation for this software yet. Collect evidence before verifying.' });%0A+       const evidenceIds: string[] = parseJson(latestObservation.evidence_ids, []) as string[];%0A+       const result = await verifyRemediation({ tenantId, findingId: work.finding_id, observationIds: [latestObservation.id], evidenceIds, actorId: req.user!.uid });%0A+       const now = new Date().toISOString();%0A+       await db.execute(sql`UPDATE trust_remediation_work_items SET status='VERIFIED',updated_at=${now},closed_at=${now} WHERE id=${work.id} AND tenant_id=${tenantId}`);%0A+       const row = (await db.execute(sql`SELECT * FROM trust_remediation_work_items WHERE id=${work.id} AND tenant_id=${tenantId} LIMIT 1`) as any).rows?.[0];%0A+       return res.json({ ...row, verification: result });%0A+     } catch (error: any) {%0A+       const message = error instanceof Error ? error.message : String(error);%0A+       if (/^VERIFICATION_|^FINDING_NOT_FOUND$/.test(message)) return res.status(409).json({ error: message });%0A+       return next(error);%0A+     }%0A+   });%0A+%0A+   router.patch('/remediations/:id', async (req: AuthenticatedRequest, res, next) => {%0A+     const parsed = remediationUpdateSchema.safeParse(req.body);%0A+     if (!parsed.success) return res.status(400).json({ error: 'INVALID_PAYLOAD', details: parsed.error.flatten() });%0A+     try {%0A+       const db = req.db!;%0A+       const tenantId = req.user!.tenantId;%0A+       const p = parsed.data;%0A+       const now = new Date().toISOString();%0A+       const rows = await db.execute(sql`UPDATE trust_remediation_work_items SET status=${p.status},owner_id=COALESCE(${p.ownerId ?? null},owner_id),owner_display=COALESCE(${p.ownerDisplay ?? null},owner_display),sla_due_at=CASE WHEN ${p.slaDueAt === undefined} THEN sla_due_at ELSE ${p.slaDueAt} END,updated_at=${now},closed_at=CASE WHEN ${p.status} IN ('CLOSED','VERIFIED') THEN ${now} ELSE closed_at END WHERE id=${req.params.id} AND tenant_id=${tenantId} RETURNING *`);%0A+       const row = (rows as any).rows?.[0];%0A+       if (!row) return res.status(404).json({ error: 'REMEDIATION_NOT_FOUND' });%0A+       return res.json(row);%0A+     } catch (error) { return next(error); }%0A+   });%0A+%0A+   router.post('/verify', async (req: AuthenticatedRequest, res, next) => {%0A+     const parsed = verifySchema.safeParse(req.body);%0A+     if (!parsed.success) return res.status(400).json({ error: 'INVALID_PAYLOAD', details: parsed.error.flatten() });%0A+     try {%0A+       const db = req.db!;%0A+       const result = await verifyRemediation({ ...parsed.data, tenantId: req.user!.tenantId, actorId: req.user!.uid });%0A+       await db.execute(sql`UPDATE trust_remediation_work_items SET status='VERIFIED',updated_at=${new Date().toISOString()},closed_at=${new Date().toISOString()} WHERE tenant_id=${req.user!.tenantId} AND finding_id=${parsed.data.findingId}`);%0A+       return res.json(result);%0A+     } catch (error) { return next(error); }%0A+   });%0A+%0A+   router.get('/monitoring', async (req: AuthenticatedRequest, res, next) => {%0A+     try {%0A+       const db = req.db!;%0A+       const tenantId = req.user!.tenantId;%0A+       const passportId = typeof req.query.passportId === 'string' ? req.query.passportId : null;%0A+       const rows = passportId ? await db.execute(sql`SELECT * FROM trust_monitoring_state WHERE tenant_id=${tenantId} AND passport_id=${passportId} ORDER BY provider`) : await db.execute(sql`SELECT * FROM trust_monitoring_state WHERE tenant_id=${tenantId} ORDER BY passport_id,provider`);%0A+       const alerts = passportId ? await db.execute(sql`SELECT * FROM trust_alerts WHERE tenant_id=${tenantId} AND passport_id=${passportId} ORDER BY created_at DESC`) : await db.execute(sql`SELECT * FROM trust_alerts WHERE tenant_id=${tenantId} ORDER BY created_at DESC`);%0A+       return res.json({ monitoring: (rows as any).rows || [], alerts: (alerts as any).rows || [] });%0A+     } catch (error) { return next(error); }%0A+   });%0A+%0A+   router.get('/ledger/:passportId', async (req: AuthenticatedRequest, res, next) => {%0A+     try {%0A+       const db = req.db!;%0A+       const tenantId = req.user!.tenantId;%0A+       const passportId = req.params.passportId;%0A+       const scope = await db.execute(sql`SELECT id FROM passports WHERE id=${passportId} AND tenant_id=${tenantId} LIMIT 1`);%0A+       if (!(scope as any).rows?.length) return res.status(404).json({ error: 'PASSPORT_NOT_FOUND' });%0A+       const observations = await db.execute(sql`SELECT id,observation_version,generated_at,previous_observation_id,evidence_ids,finding_ids,canonical_payload_hash,completeness_basis_points,open_finding_count,unknown_dimension_count FROM trust_observations WHERE tenant_id=${tenantId} AND passport_id=${passportId} ORDER BY observation_version DESC`);%0A+       const evidence = await db.execute(sql`SELECT id,provider,control_id,subject,source_url,observed_at,verification_method,status,severity,evidence_hash,limitation FROM evidence_ledger WHERE tenant_id=${tenantId} AND passport_id=${passportId} ORDER BY observed_at DESC`);%0A+       const findings = await db.execute(sql`SELECT id,control_id,title,severity,status,evidence_ids,fingerprint,updated_at,resolved_at FROM trust_findings WHERE tenant_id=${tenantId} AND passport_id=${passportId} ORDER BY updated_at DESC`);%0A+       const remediation = await db.execute(sql`SELECT * FROM trust_remediation_work_items WHERE tenant_id=${tenantId} AND passport_id=${passportId} ORDER BY updated_at DESC`);%0A+       const verification = await db.execute(sql`SELECT * FROM remediation_verification_ledger WHERE tenant_id=${tenantId} AND finding_id IN (SELECT id FROM trust_findings WHERE tenant_id=${tenantId} AND passport_id=${passportId}) ORDER BY created_at DESC`);%0A+       return res.json({ observations: (observations as any).rows || [], findings: (findings as any).rows || [], evidence: (evidence as any).rows || [], remediation: (remediation as any).rows || [], verification: (verification as any).rows || [], trace: 'Report -> Passport -> Risk -> Finding -> Observation -> Provider -> Source -> Timestamp -> Hash' });%0A+     } catch (error) { return next(error); }%0A+   });%0A+%0A+   router.get('/reports/:passportId/history', async (req: AuthenticatedRequest, res, next) => {%0A+     try {%0A+       const db = req.db!;%0A+       const tenantId = req.user!.tenantId;%0A+       const passportId = req.params.passportId;%0A+       const typeFilter = typeof req.query.type === 'string' ? reportTypes.safeParse(req.query.type) : null;%0A+       if (typeFilter && !typeFilter.success) return res.status(400).json({ error: 'INVALID_REPORT_TYPE' });%0A+       const rows = typeFilter?.success%0A+         ? await db.execute(sql`SELECT id,report_type,generated_at,score,confidence_basis_points,completeness_basis_points,canonical_payload_hash FROM trust_report_snapshots WHERE tenant_id=${tenantId} AND passport_id=${passportId} AND report_type=${typeFilter.data} ORDER BY generated_at DESC LIMIT 50`)%0A+         : await db.execute(sql`SELECT id,report_type,generated_at,score,confidence_basis_points,completeness_basis_points,canonical_payload_hash FROM trust_report_snapshots WHERE tenant_id=${tenantId} AND passport_id=${passportId} ORDER BY generated_at DESC LIMIT 50`);%0A+       return res.json({ snapshots: (rows as any).rows || [] });%0A+     } catch (error) { return next(error); }%0A+   });%0A+%0A+   router.get('/reports/:passportId/history/:snapshotId', async (req: AuthenticatedRequest, res, next) => {%0A+     try {%0A+       const db = req.db!;%0A+       const tenantId = req.user!.tenantId;%0A+       const row = (await db.execute(sql`SELECT payload,canonical_payload_hash,generated_at,report_type FROM trust_report_snapshots WHERE id=${req.params.snapshotId} AND tenant_id=${tenantId} AND passport_id=${req.params.passportId} LIMIT 1`) as any).rows?.[0];%0A+       if (!row) return res.status(404).json({ error: 'REPORT_SNAPSHOT_NOT_FOUND' });%0A+       const payload = parseJson(row.payload, {});%0A+       return res.json({ ...(payload as object), reportHash: row.canonical_payload_hash });%0A+     } catch (error) { return next(error); }%0A+   });%0A+%0A+   router.get('/reports/:passportId', async (req: AuthenticatedRequest, res, next) => {%0A+     try {%0A+       const parsed = reportTypes.safeParse(req.query.type || 'executive');%0A+       if (!parsed.success) return res.status(400).json({ error: 'INVALID_REPORT_TYPE' });%0A+       const report = await buildAndPersistReport(req.db!, req.user!.tenantId, String(req.params.passportId), parsed.data);%0A+       if (!report) return res.status(404).json({ error: 'PASSPORT_NOT_FOUND' });%0A+       return res.json(report);%0A+     } catch (error) { return next(error); }%0A+   });%0A+%0A+   return router;%0A+ }%0A+%0A+ export async function buildAndPersistReport(db: any, tenantId: string, passportId: string, reportType: string) {%0A+   const passport = (await db.execute(sql`SELECT id,name,overall_score,security_score,compliance_score,verification_status,confidence_score,evidence_completeness,sbom,evidence,vulnerabilities,timeline FROM passports WHERE id=${passportId} AND tenant_id=${tenantId} LIMIT 1`) as any).rows?.[0];%0A+   if (!passport) return null;%0A+   const findings = (await db.execute(sql`SELECT id,control_id,title,severity,status,description,remediation,evidence_ids,updated_at,resolved_at FROM trust_findings WHERE tenant_id=${tenantId} AND passport_id=${passportId} ORDER BY CASE severity WHEN 'critical' THEN 1 WHEN 'high' THEN 2 WHEN 'medium' THEN 3 WHEN 'low' THEN 4 ELSE 5 END,updated_at DESC`) as any).rows || [];%0A+   const evidence = (await db.execute(sql`SELECT id,provider,control_id,subject,source_url,observed_at,verification_method,status,severity,evidence_hash,limitation FROM evidence_ledger WHERE tenant_id=${tenantId} AND passport_id=${passportId} ORDER BY observed_at DESC`) as any).rows || [];%0A+   const observations = (await db.execute(sql`SELECT id,observation_version,generated_at,previous_observation_id,evidence_ids,finding_ids,canonical_payload_hash,completeness_basis_points,confidence_basis_points,open_finding_count,unknown_dimension_count FROM trust_observations WHERE tenant_id=${tenantId} AND passport_id=${passportId} ORDER BY observation_version DESC`) as any).rows || [];%0A+   const remediation = (await db.execute(sql`SELECT * FROM trust_remediation_work_items WHERE tenant_id=${tenantId} AND passport_id=${passportId} ORDER BY updated_at DESC`) as any).rows || [];%0A+   const verification = (await db.execute(sql`SELECT * FROM remediation_verification_ledger WHERE tenant_id=${tenantId} AND finding_id IN (SELECT id FROM trust_findings WHERE tenant_id=${tenantId} AND passport_id=${passportId}) ORDER BY created_at DESC`) as any).rows || [];%0A+   const latest = observations[0];%0A+   const risk = deriveReportRiskFields(passport as ReportPassportRow);%0A+   const report = {%0A+     schemaVersion: 'spr.report.v2', reportType, generatedAt: new Date().toISOString(), passport: { id: passport.id, name: passport.name },%0A+     risk: { overall: risk.canonicalScore, security: passport.security_score, compliance: passport.compliance_score, verificationStatus: risk.verificationStatus },%0A+     evidenceQuality: { completenessBasisPoints: risk.completenessBasisPoints, confidenceBasisPoints: risk.confidenceBasisPoints, unknownDimensions: latest?.unknown_dimension_count ?? 0, latestObservationAt: latest?.generated_at ?? null },%0A+     findings, evidence, observations, remediation, verification,%0A+     traceability: 'Report -> Passport -> Risk -> Finding -> Observation -> Provider -> Source -> Timestamp -> Hash',%0A+     resolutionTraceability: 'Finding -> remediation -> new observation -> independent verification',%0A+     limitations: evidence.filter((item: any) => item.limitation).map((item: any) => ({ evidenceId: item.id, limitation: item.limitation })),%0A+     ...buildReportTypeExtras(reportType, passport, findings),%0A+   };%0A+   const canonicalPayload = JSON.stringify(report);%0A+   const reportHash = crypto.createHash('sha256').update(canonicalPayload).digest('hex');%0A+   await db.execute(sql`INSERT INTO trust_report_snapshots (id,tenant_id,passport_id,report_type,generated_at,score,confidence_basis_points,completeness_basis_points,evidence_ids,finding_ids,observation_id,canonical_payload_hash,payload,created_at) VALUES (${id('report')},${tenantId},${passportId},${reportType},${report.generatedAt},${risk.canonicalScore},${risk.confidenceBasisPoints},${risk.completenessBasisPoints},${JSON.stringify(evidence.map((item: any) => item.id))},${JSON.stringify(findings.map((item: any) => item.id))},${latest?.id ?? null},${reportHash},${canonicalPayload},${report.generatedAt}) ON CONFLICT (tenant_id,passport_id,report_type,canonical_payload_hash) DO NOTHING`);%0A+   return { ...report, reportHash };%0A+ }%0A+%0A%0A ❯ tests/plain-english-report-routes-contract.test.ts:28:15%0A%0A

::error file=/home/runner/work/software-passport-registry/software-passport-registry/tests/plain-english-report-routes-contract.test.ts,title=tests/plain-english-report-routes-contract.test.ts > GET /trust-loop/reports/%3ApassportId/plain-english > scopes a Client-role reader to their own client's passport%2C matching the technical report route,line=35,column=23::AssertionError: expected '' to contain 'const clientScope = req.user!.role ==…'%0A%0A- Expected%0A+ Received%0A%0A- const clientScope = req.user!.role === 'Client' ? req.user!.clientId : null;%0A%0A ❯ tests/plain-english-report-routes-contract.test.ts:35:23%0A%0A

::error file=/home/runner/work/software-passport-registry/software-passport-registry/tests/plain-english-report-routes-contract.test.ts,title=tests/plain-english-report-routes-contract.test.ts > GET /trust-loop/reports/%3ApassportId (technical) now enforces client scoping too > was missing a Client-role scope check before this pass; both report routes now agree,line=45,column=23::AssertionError: expected 'router.get(\'/reports/:passportId\', …' to contain 'const clientScope = req.user!.role ==…'%0A%0A- Expected%0A+ Received%0A%0A- const clientScope = req.user!.role === 'Client' ? req.user!.clientId : null;%0A+ router.get('/reports/:passportId', async (req: AuthenticatedRequest, res, next) => {%0A+     try {%0A+       const parsed = reportTypes.safeParse(req.query.type || 'executive');%0A+       if (!parsed.success) return res.status(400).json({ error: 'INVALID_REPORT_TYPE' });%0A+       const report = await buildAndPersistReport(req.db!, req.user!.tenantId, String(req.params.passportId), parsed.data);%0A+       if (!report) return res.status(404).json({ error: 'PASSPORT_NOT_FOUND' });%0A+       return res.json(report);%0A+     } catch (error) { return next(error); }%0A+   });%0A+%0A+   return router;%0A+ }%0A+%0A+ export async function buildAndPersistReport(db: any, tenantId: string, passportId: string, reportType: string) {%0A+   const passport = (a%0A%0A ❯ tests/plain-english-report-routes-contract.test.ts:45:23%0A%0A

::error file=/home/runner/work/software-passport-registry/software-passport-registry/tests/plain-english-report-routes-contract.test.ts,title=tests/plain-english-report-routes-contract.test.ts > GET /trust-loop/reports/%3ApassportId/changes/plain-english > reuses compareCanonicalObservations and explainChange%2C never a separate diff calculation,line=54,column=23::AssertionError: expected '' to contain 'compareCanonicalObservations(comparab…'%0A%0A- Expected%0A+ Received%0A%0A- compareCanonicalObservations(comparable(previous), comparable(current)!)%0A%0A ❯ tests/plain-english-report-routes-contract.test.ts:54:23%0A%0A

::error file=/home/runner/work/software-passport-registry/software-passport-registry/tests/plain-english-report-routes-contract.test.ts,title=tests/plain-english-report-routes-contract.test.ts > GET /trust-loop/reports/%3ApassportId/changes/plain-english > reports insufficientData honestly instead of fabricating a diff when fewer than two snapshots exist,line=62,column=23::AssertionError: expected '' to contain 'if (!current || !previous) return res…'%0A%0A- Expected%0A+ Received%0A%0A- if (!current || !previous) return res.json({ insufficientData: true, changes: [] });%0A%0A ❯ tests/plain-english-report-routes-contract.test.ts:62:23%0A%0A

::error file=/home/runner/work/software-passport-registry/software-passport-registry/tests/plain-english-report-ui-contract.test.ts,title=tests/plain-english-report-ui-contract.test.ts > PlainEnglishReport is wired into ReportsView from the same loaded passport/type > ReportsView renders it only once a report has actually been loaded%2C using the same passport and report type,line=12,column=15::AssertionError: expected 'import { useEffect, useMemo, useState…' to contain '{report && selectedPassport && ('%0A%0A- Expected%0A+ Received%0A%0A- {report && selectedPassport && (%0A+ import { useEffect, useMemo, useState, type ChangeEvent } from 'react';%0A+ import { Copy, Download, FileJson, FileText, History, Package, Printer, RefreshCw, Share2, ShieldCheck, Upload, Users } from 'lucide-react';%0A+ import type { Alert, Client, Scan, SoftwarePassport } from '../types';%0A+ import { apiFetch } from '../utils/apiClient';%0A+ import { generateCoBrandedTrustReport, generatePassportEvidenceReport } from '../utils/pdfGenerator';%0A+%0A+ type ReportPayload = {%0A+   schemaVersion?: string;%0A+   reportType?: string;%0A+   generatedAt?: string;%0A+   passport?: { id?: string; name?: string };%0A+   risk?: { overall?: number | null; security?: number | null; compliance?: number | null };%0A+   evidenceQuality?: { completenessBasisPoints?: number; unknownDimensions?: number; latestObservationAt?: string | null };%0A+   findings?: unknown[];%0A+   evidence?: unknown[];%0A+   observations?: unknown[];%0A+   remediation?: unknown[];%0A+   verification?: unknown[];%0A+   traceability?: string;%0A+   limitations?: Array<{ evidenceId?: string; limitation?: string }>;%0A+   reportHash?: string;%0A+   sbom?: Array<{ name?: string; version?: string; license?: string; vulnerabilityCount?: number; criticalOrHighCount?: number }>;%0A+   controls?: Array<{ controlId?: string; findingCount?: number; openCount?: number; worstSeverity?: string }>;%0A+ };%0A+%0A+ type ReportSnapshot = {%0A+   id: string;%0A+   report_type: string;%0A+   generated_at: string;%0A+   score: number;%0A+   completeness_basis_points: number;%0A+   canonical_payload_hash: string;%0A+ };%0A+%0A+ type ShareInfo = { shareUrl: string; expiresAt: string; reportType: string };%0A+%0A+ const REPORT_TYPES: Array<{ value: string; label: string }> = [%0A+   { value: 'executive', label: 'Executive trust report' },%0A+   { value: 'technical', label: 'Technical / engineering' },%0A+   { value: 'compliance', label: 'Compliance (by control)' },%0A+   { value: 'sbom', label: 'SBOM report' },%0A+   { value: 'vendor', label: 'Vendor risk' },%0A+   { value: 'msp', label: 'MSP / client' },%0A+   { value: 'customer', label: 'Customer-facing' },%0A+   { value: 'auditor', label: 'Auditor' },%0A+   { value: 'evidence-ledger', label: 'Evidence ledger' },%0A+ ];%0A+%0A+ const SHARE_ROLES = new Set(['Owner', 'Admin', 'Operator']);%0A+%0A+ interface ReportsViewProps {%0A+   clients?: Client[];%0A+   passports?: SoftwarePassport[];%0A+   scans?: Scan[];%0A+   alerts?: Alert[];%0A+   findings?: unknown[];%0A+   role?: string;%0A+ }%0A+%0A+ function download(name: string, body: string, type: string) {%0A+   const url = URL.createObjectURL(new Blob([body], { type }));%0A+   const link = document.createElement('a');%0A+   link.href = url;%0A+   link.download = name;%0A+   document.body.appendChild(link);%0A+   link.click();%0A+   link.remove();%0A+   URL.revokeObjectURL(url);%0A+ }%0A+%0A+ function csvCell(value: unknown) {%0A+   return `"${String(value ?? '').replace(/"/g, '""')}"`;%0A+ }%0A+%0A+ function clientName(passport: SoftwarePassport, clients: Client[]) {%0A+   const clientId = String((passport as SoftwarePassport & { clientId?: string }).clientId || '');%0A+   return clients.find((client) => client.id === clientId)?.name || 'Unassigned client';%0A+ }%0A+%0A+ export default function ReportsView({ clients = [], passports = [], scans = [], alerts = [], findings = [], role = 'Viewer' }: ReportsViewProps) {%0A+   const [selectedPassportId, setSelectedPassportId] = useState(passports[0]?.id || '');%0A+   const [reportType, setReportType] = useState('executive');%0A+   const [report, setReport] = useState<ReportPayload | null>(null);%0A+   const [loading, setLoading] = useState(false);%0A+   const [message, setMessage] = useState('');%0A+   const [history, setHistory] = useState<ReportSnapshot[]>([]);%0A+   const [historyLoading, setHistoryLoading] = useState(false);%0A+   const [shareInfo, setShareInfo] = useState<ShareInfo | null>(null);%0A+   const [sharing, setSharing] = useState(false);%0A+   const [shareMessage, setShareMessage] = useState('');%0A+   const [exportClientIds, setExportClientIds] = useState<Set<string>>(new Set());%0A+%0A+   const [whiteLabelClientId, setWhiteLabelClientId] = useState(clients[0]?.id || '');%0A+   const [mspName, setMspName] = useState('');%0A+   const [brandColor, setBrandColor] = useState('#22d3ee');%0A+   const [reportTitle, setReportTitle] = useState('Software Trust & Compliance Ledger');%0A+   const [executiveSummary, setExecutiveSummary] = useState('');%0A+   const [logoBase64, setLogoBase64] = useState<string | undefined>(undefined);%0A+   const [sections, setSections] = useState({ summary: true, metrics: true, inventory: true, compliance: true, signatures: true });%0A+%0A+   const canShare = SHARE_ROLES.has(role);%0A+%0A+   useEffect(() => {%0A+     if (!passports.some((passport) => passport.id === selectedPassportId)) {%0A+       setSelectedPassportId(passports[0]?.id || '');%0A+     }%0A+   }, [passports, selectedPassportId]);%0A+%0A+   useEffect(() => {%0A+     if (!clients.some((client) => client.id === whiteLabelClientId)) {%0A+       setWhiteLabelClientId(clients[0]?.id || '');%0A+     }%0A+   }, [clients, whiteLabelClientId]);%0A+%0A+   useEffect(() => {%0A+     setReport(null);%0A+     setHistory([]);%0A+     setShareInfo(null);%0A+     setShareMessage('');%0A+     setMessage('');%0A+   }, [selectedPassportId, reportType]);%0A+%0A+   const selectedPassport = passports.find((passport) => passport.id === selectedPassportId);%0A+   const evidenceCount = passports.reduce((total, passport) => total + passport.evidence.length, 0);%0A+   const vulnerabilityCount = passports.reduce((total, passport) => total + passport.vulnerabilities.length, 0);%0A+   const findingCount = findings.length;%0A+%0A+   const loadHistory = async (passportId: string) => {%0A+     setHistoryLoading(true);%0A+     try {%0A+       const response = await apiFetch(`/api/trust-loop/reports/${encodeURIComponent(passportId)}/history?type=${encodeURIComponent(reportType)}`);%0A+       const payload = await response.json().catch(() => null);%0A+       if (response.ok) setHistory(Array.isArray(payload?.snapshots) ? payload.snapshots : []);%0A+     } finally {%0A+       setHistoryLoading(false);%0A+     }%0A+   };%0A+%0A+   const loadReport = async () => {%0A+     if (!selectedPassport) return;%0A+     setLoading(true);%0A+     setMessage('');%0A+     try {%0A+       const response = await apiFetch(`/api/trust-loop/reports/${encodeURIComponent(selectedPassport.id)}?type=${encodeURIComponent(reportType)}`);%0A+       const payload = await response.json().catch(() => null);%0A+       if (!response.ok) throw new Error(String(payload?.error || `Report request failed (${response.status})`));%0A+       setReport(payload as ReportPayload);%0A+       setMessage('Authoritative report loaded from the tenant-scoped trust report endpoint.');%0A+       void loadHistory(selectedPassport.id);%0A+     } catch (error) {%0A+       setReport(null);%0A+       setMessage(error instanceof Error ? error.message : 'Unable to load the report.');%0A+     } finally {%0A+       setLoading(false);%0A+     }%0A+   };%0A+%0A+   const loadSnapshot = async (snapshotId: string) => {%0A+     if (!selectedPassport) return;%0A+     setLoading(true);%0A+     setMessage('');%0A+     try {%0A+       const response = await apiFetch(`/api/trust-loop/reports/${encodeURIComponent(selectedPassport.id)}/history/${encodeURIComponent(snapshotId)}`);%0A+       const payload = await response.json().catch(() => null);%0A+       if (!response.ok) throw new Error(String(payload?.error || `Snapshot request failed (${response.status})`));%0A+       setReport(payload as ReportPayload);%0A+       setMessage('Loaded a historical snapshot of this report. Re-run "Load report" for the current state.');%0A+     } catch (error) {%0A+       setMessage(error instanceof Error ? error.message : 'Unable to load that snapshot.');%0A+     } finally {%0A+       setLoading(false);%0A+     }%0A+   };%0A+%0A+   const createShareLink = async () => {%0A+     if (!selectedPassport) return;%0A+     setSharing(true);%0A+     setShareMessage('');%0A+     try {%0A+       const response = await apiFetch(`/api/public/v1/reports/${encodeURIComponent(selectedPassport.id)}/token`, {%0A+         method: 'POST',%0A+         headers: { 'Content-Type': 'application/json' },%0A+         body: JSON.stringify({ type: reportType }),%0A+       });%0A+       const payload = await response.json().catch(() => null);%0A+       if (!response.ok) throw new Error(String(payload?.error || `Share link request failed (${response.status})`));%0A+       setShareInfo({ shareUrl: payload.shareUrl, expiresAt: payload.expiresAt, reportType: payload.reportType });%0A+     } catch (error) {%0A+       setShareInfo(null);%0A+       setShareMessage(error instanceof Error ? error.message : 'Unable to create a share link.');%0A+     } finally {%0A+       setSharing(false);%0A+     }%0A+   };%0A+%0A+   const copyShareLink = async () => {%0A+     if (!shareInfo) return;%0A+     try {%0A+       await navigator.clipboard.writeText(shareInfo.shareUrl);%0A+       setShareMessage('Share link copied to clipboard.');%0A+     } catch {%0A+       setShareMessage('Copy failed — select and copy the link manually.');%0A+     }%0A+   };%0A+%0A+   const downloadPdf = () => {%0A+     if (!selectedPassport) return;%0A+     generatePassportEvidenceReport(selectedPassport, 'SPR Reports Center', '#22d3ee');%0A+   };%0A+%0A+   const exportReportJson = () => {%0A+     if (!report || !selectedPassport) return;%0A+     download(`spr-report-${selectedPassport.id}-${reportType}.json`, JSON.stringify(report, null, 2), 'application/json');%0A+   };%0A+%0A+   const exportRegistryCsv = () => {%0A+     const clientFilter = exportClientIds.size > 0 ? exportClientIds : null;%0A+     const passportInScope = (passport: SoftwarePassport) => !clientFilter || clientFilter.has(String((passport as SoftwarePassport & { clientId?: string }).clientId || ''));%0A+     const scopedPassports = passports.filter(passportInScope);%0A+     const scopedClients = clientFilter ? clients.filter((client) => clientFilter.has(client.id)) : clients;%0A+     const rows = [%0A+       ['recordType', 'id', 'name', 'version', 'client', 'status', 'severity', 'observedAt'],%0A+       ...scopedPassports.map((passport) => ['passport', passport.id, passport.name, passport.version, clientName(passport, clients), 'registered', '', passport.releaseDate]),%0A+       ...scopedPassports.flatMap((passport) => passport.evidence.map((item: any) => ['evidence', item.id, item.name, '', clientName(passport, clients), item.status || item.verificationStatus, '', item.timestamp])),%0A+       ...scopedPassports.flatMap((passport) => passport.vulnerabilities.map((item: any) => ['vulnerability', item.id, item.title || item.id, item.component || '', clientName(passport, clients), item.status, item.severity, item.detectedAt || item.publishedDate])),%0A+       ...findings.filter((finding: any) => !clientFilter || clientFilter.has(String(finding.client_id || ''))).map((finding: any) => ['finding', finding.id, finding.title || finding.control_id, '', clients.find((client) => client.id === String(finding.client_id || ''))?.name || 'Unassigned client', finding.status, finding.severity, finding.updated_at]),%0A+       ...scans.filter((scan) => !clientFilter || scopedClients.some((client) => client.name === scan.clientName)).map((scan) => ['scan', scan.id, scan.targetName, '', scan.clientName, scan.status, '', scan.timestamp]),%0A+       ...alerts.filter((alert) => !clientFilter || scopedClients.some((client) => client.name === alert.clientName)).map((alert) => ['alert', alert.id, alert.title, '', alert.clientName, alert.status, alert.severity, alert.timestamp]),%0A+     ];%0A+     const suffix = clientFilter ? `-${scopedClients.length}-clients` : '';%0A+     download(`spr-registry-records${suffix}.csv`, rows.map((row) => row.map(csvCell).join(',')).join('\n'), 'text/csv;charset=utf-8');%0A+   };%0A+%0A+   const toggleExportClient = (clientId: string) => {%0A+     setExportClientIds((current) => { const next = new Set(current); if (next.has(clientId)) next.delete(clientId); else next.add(clientId); return next; });%0A+   };%0A+%0A+   const handleLogoUpload = (event: ChangeEvent<HTMLInputElement>) => {%0A+     const file = event.target.files?.[0];%0A+     if (!file) return;%0A+     const reader = new FileReader();%0A+     reader.onload = () => setLogoBase64(typeof reader.result === 'string' ? reader.result : undefined);%0A+     reader.readAsDataURL(file);%0A+   };%0A+%0A+   const generateWhiteLabelReport = () => {%0A+     const client = clients.find((item) => item.id === whiteLabelClientId);%0A+     if (!client || !mspName.trim()) return;%0A+     generateCoBrandedTrustReport(client, mspName.trim(), brandColor, reportTitle, 0, executiveSummary, logoBase64, sections.summary, sections.metrics, sections.inventory, sections.compliance, sections.signatures);%0A+   };%0A+%0A+   const reportText = useMemo(() => {%0A+     if (!report) return '';%0A+     return [%0A+       `SPR ${report.reportType || reportType} report: ${report.passport?.name || selectedPassport?.name || 'Passport'}`,%0A+       `Generated: ${report.generatedAt || 'unknown'}`,%0A+       `Report hash: ${report.reportHash || 'not returned'}`,%0A+       `Evidence records: ${report.evidence?.length ?? 0}`,%0A+       `Findings: ${report.findings?.length ?? 0}`,%0A+       `Observations: ${report.observations?.length ?? 0}`,%0A+       `Remediation records: ${report.remediation?.length ?? 0}`,%0A+       `Traceability: ${report.traceability || 'not returned'}`,%0A+       ...(report.limitations || []).map((item) => `Limitation (${item.evidenceId || 'evidence'}): ${item.limitation || 'not specified'}`),%0A+     ].join('\n');%0A+   }, [report, selectedPassport, reportType]);%0A+%0A+   return (%0A+     <section aria-labelledby="reports-title">%0A+       <div className="mb-4 flex flex-wrap items-center justify-between gap-3">%0A+         <div>%0A+           <h1 id="reports-title" className="text-[22px] font-semibold text-[#201f1e]">Reports center</h1>%0A+           <p className="mt-1 text-[13px] text-[#605e5c]">Evidence-backed exports and reports loaded from this tenant's existing APIs.</p>%0A+         </div>%0A+         <button onClick={() => window.print()} className="inline-flex h-8 items-center gap-1.5 rounded border border-[#c8c6c4] px-3 text-[13px] font-medium text-[#323130] hover:bg-black/[.03]"><Printer size={14} /> Print / save PDF</button>%0A+       </div>%0A+%0A+       <details className="mb-4 rounded-md border border-[#e1dfdd] bg-[#faf9f8] text-[13px]">%0A+         <summary className="cursor-pointer select-none px-3 py-2 font-medium text-[#323130]">ⓘ What is this? · How it works</summary>%0A+         <div className="px-3 pb-3 text-[#605e5c]">%0A+           <p>Exports contain only records loaded from this tenant's existing APIs. No trust score, compliance claim, or finding is inferred in this view.</p>%0A+           <ol className="mt-1.5 list-decimal space-y-0.5 pl-4">%0A+             <li>Export a registry CSV, or select a passport and report type to load a server-generated report.</li>%0A+             <li>Download the loaded report as JSON/PDF, or create a signed, expiring share link.</li>%0A+             <li>Optionally generate a co-branded white-label PDF for one client.</li>%0A+           </ol>%0A+         </div>%0A+       </details>%0A+%0A+       <div className="mb-4 flex flex-wrap gap-6 rounded-md border border-[#e1dfdd] bg-white p-3">%0A+         {[%0A+           ['Clients', clients.length, 'Persisted client records'],%0A+           ['Passports', passports.length, 'Registered software identity'],%0A+           ['Evidence', evidenceCount, 'Nested passport evidence'],%0A+           ['Findings / vulnerabilities', findingCount + vulnerabilityCount, 'Loaded finding and vulnerability records'],%0A+         ].map(([label, value, detail]) => (%0A+           <div key={String(label)}>%0A+             <div className="text-[11px] text-[#605e5c]">{label}</div>%0A+             <div className="text-lg font-semibold text-[#201f1e]">{value}</div>%0A+             <div className="text-[11px] text-[#8a8886]">{detail}</div>%0A+           </div>%0A+         ))}%0A+       </div>%0A+%0A+       <div className="mb-4 grid gap-4 xl:grid-cols-[1.1fr_.9fr]">%0A+         <div className="rounded-md border border-[#e1dfdd] bg-white p-4">%0A+           <div className="flex items-center gap-1.5"><ShieldCheck size={16} className="text-[#605e5c]" /><h2 className="text-[14px] font-semibold text-[#201f1e]">Tenant registry exports</h2></div>%0A+           <p className="mt-1 text-[13px] text-[#605e5c]">CSV includes the loaded client, passport, evidence, vulnerability, finding, scan, and alert records.</p>%0A+           {clients.length > 0 && (%0A+             <div className="mt-3 flex flex-wrap items-center gap-2">%0A+               <Users size={13} className="text-[#8a8886]" />%0A+               <span className="text-[12px] text-[#605e5c]">{exportClientIds.size === 0 ? 'All clients' : `${exportClientIds.size} of ${clients.length} clients selected`}</span>%0A+               <div className="flex flex-wrap gap-1.5">%0A+                 {clients.map((client) => (%0A+                   <button key={client.id} onClick={() => toggleExportClient(client.id)} className={`rounded-full border px-2 py-0.5 text-[11px] font-medium ${exportClientIds.has(client.id) ? 'border-[#0f6cbd] bg-[#eff6fc] text-[#0f6cbd]' : 'border-[#c8c6c4] bg-white text-[#605e5c]'}`}>{client.name}</button>%0A+                 ))}%0A+               </div>%0A+             </div>%0A+           )}%0A+           <div className="mt-3 flex flex-wrap gap-2">%0A+             <button onClick={exportRegistryCsv} disabled={!passports.length && !clients.length} className="inline-flex h-8 items-center gap-1.5 rounded bg-[#0f6cbd] px-3 text-[13px] font-medium text-white hover:bg-[#004578] disabled:cursor-not-allowed disabled:opacity-40"><Download size={14} /> Export registry CSV</button>%0A+           </div>%0A+           <div className="mt-4 border-t border-[#e1dfdd] pt-4">%0A+             <h3 className="text-[13px] font-semibold text-[#201f1e]">Server report snapshot</h3>%0A+             <p className="mt-1 text-[12px] leading-5 text-[#605e5c]">Loads <code className="rounded bg-[#f3f2f1] px-1 py-0.5">/api/trust-loop/reports/:passportId</code>, which returns persisted findings, evidence, observations, remediation, verification, limitations, and a report hash.</p>%0A+             <div className="mt-3 flex flex-col gap-2 sm:flex-row">%0A+               <select value={selectedPassportId} onChange={(event) => setSelectedPassportId(event.target.value)} className="h-9 min-w-0 flex-1 rounded border border-[#c8c6c4] bg-white px-3 text-[13px] text-[#201f1e] focus:border-[#0f6cbd] focus:ring-1 focus:ring-[#0f6cbd]">%0A+                 {!passports.length && <option value="">No passports loaded</option>}%0A+                 {passports.map((passport) => <option key={passport.id} value={passport.id}>{passport.name} · {passport.version}</option>)}%0A+               </select>%0A+               <select value={reportType} onChange={(event) => setReportType(event.target.value)} className="h-9 min-w-0 flex-1 rounded border border-[#c8c6c4] bg-white px-3 text-[13px] text-[#201f1e] focus:border-[#0f6cbd] focus:ring-1 focus:ring-[#0f6cbd]">%0A+                 {REPORT_TYPES.map((type) => <option key={type.value} value={type.value}>{type.label}</option>)}%0A+               </select>%0A+               <button onClick={() => void loadReport()} disabled={!selectedPassport || loading} className="inline-flex h-9 items-center justify-center gap-1.5 whitespace-nowrap rounded border border-[#0f6cbd] bg-[#eff6fc] px-3 text-[13px] font-medium text-[#0f6cbd] disabled:cursor-not-allowed disabled:opacity-40"><RefreshCw size={14} className={loading ? 'animate-spin' : ''} /> {loading ? 'Loading…' : 'Load report'}</button>%0A+             </div>%0A+             {message && <p className="mt-2 text-[12px] text-[#605e5c]" role="status">{message}</p>}%0A+           </div>%0A+%0A+           <div className="mt-4 border-t border-[#e1dfdd] pt-4">%0A+             <div className="flex items-center gap-1.5"><History size={14} className="text-[#605e5c]" /><h3 className="text-[13px] font-semibold text-[#201f1e]">Report history</h3></div>%0A+             <p className="mt-1 text-[12px] leading-5 text-[#605e5c]">Every generated report is hashed and versioned. Load a passport report above to populate history for the selected type.</p>%0A+             {historyLoading && <p className="mt-2 text-[12px] text-[#605e5c]">Loading history…</p>}%0A+             {!historyLoading && history.length === 0 && <p className="mt-2 text-[12px] text-[#605e5c]">No prior snapshots for this passport and report type yet.</p>}%0A+             {history.length > 0 && (%0A+               <ul className="mt-2 max-h-48 space-y-1.5 overflow-auto pr-1">%0A+                 {history.map((snapshot) => (%0A+                   <li key={snapshot.id}>%0A+                     <button onClick={() => void loadSnapshot(snapshot.id)} className="w-full rounded border border-[#e1dfdd] bg-[#faf9f8] px-3 py-2 text-left text-[12px] text-[#323130] hover:border-[#0f6cbd] hover:bg-[#eff6fc]">%0A+                       <div className="flex items-center justify-between gap-2">%0A+                         <span>{new Date(snapshot.generated_at).toLocaleString()}</span>%0A+                         <span className="text-[#605e5c]">score {snapshot.score}</span>%0A+                       </div>%0A+                       <div className="mt-0.5 truncate font-mono text-[11px] text-[#8a8886]">{snapshot.canonical_payload_hash}</div>%0A+                     </button>%0A+                   </li>%0A+                 ))}%0A+               </ul>%0A+             )}%0A+           </div>%0A+         </div>%0A+%0A+         <div className="rounded-md border border-[#e1dfdd] bg-white p-4">%0A+           <h2 className="text-[14px] font-semibold text-[#201f1e]">Download loaded report</h2>%0A+           <p className="mt-1 text-[13px] text-[#605e5c]">JSON is the exact server response. PDF is generated client-side from the loaded passport's SBOM, evidence, and timeline.</p>%0A+           <div className="mt-3 flex flex-wrap gap-2">%0A+             <button onClick={exportReportJson} disabled={!report} className="inline-flex h-8 items-center gap-1.5 rounded border border-[#c8c6c4] px-3 text-[13px] font-medium text-[#323130] hover:bg-black/[.03] disabled:cursor-not-allowed disabled:opacity-40"><FileJson size={14} /> Export JSON</button>%0A+             <button onClick={downloadPdf} disabled={!selectedPassport} className="inline-flex h-8 items-center gap-1.5 rounded border border-[#c8c6c4] px-3 text-[13px] font-medium text-[#323130] hover:bg-black/[.03] disabled:cursor-not-allowed disabled:opacity-40"><FileText size={14} /> Download PDF</button>%0A+           </div>%0A+%0A+           <div className="mt-4 border-t border-[#e1dfdd] pt-4">%0A+             <div className="flex items-center gap-1.5"><Share2 size={14} className="text-[#605e5c]" /><h3 className="text-[13px] font-semibold text-[#201f1e]">Shareable link</h3></div>%0A+             <p className="mt-1 text-[12px] leading-5 text-[#605e5c]">%0A+               {canShare%0A+                 ? 'Creates a signed, tenant-scoped link that expires in 7 days. Anyone with the link sees a redacted, evidence-backed summary — no internal remediation or verification detail.'%0A+                 : `Your ${role} role cannot create share links. Owner, Admin, or Operator is required.`}%0A+             </p>%0A+             <div className="mt-2 flex flex-wrap items-center gap-2">%0A+               <button onClick={() => void createShareLink()} disabled={!canShare || !selectedPassport || sharing} className="inline-flex h-8 items-center gap-1.5 rounded border border-[#c8c6c4] px-3 text-[13px] font-medium text-[#323130] hover:bg-black/[.03] disabled:cursor-not-allowed disabled:opacity-40">%0A+                 <Share2 size={14} className={sharing ? 'animate-pulse' : ''} /> {sharing ? 'Creating…' : 'Create share link'}%0A+               </button>%0A+               {shareInfo && (%0A+                 <button onClick={() => void copyShareLink()} className="inline-flex h-8 items-center gap-1.5 rounded border border-[#0f6cbd] bg-[#eff6fc] px-2.5 text-[12px] font-medium text-[#0f6cbd]"><Copy size={13} /> Copy link</button>%0A+               )}%0A+             </div>%0A+             {shareInfo && (%0A+               <div className="mt-2 rounded border border-[#e1dfdd] bg-[#faf9f8] p-2.5 text-[12px] text-[#605e5c]">%0A+                 <div className="truncate font-mono text-[#323130]">{shareInfo.shareUrl}</div>%0A+                 <div className="mt-0.5 text-[#8a8886]">Expires {new Date(shareInfo.expiresAt).toLocaleString()}</div>%0A+               </div>%0A+             )}%0A+             {shareMessage && <p className="mt-1.5 text-[12px] text-[#605e5c]" role="status">{shareMessage}</p>}%0A+           </div>%0A+%0A+           <pre className="mt-4 max-h-64 overflow-auto rounded-md border border-[#e1dfdd] bg-[#faf9f8] p-3 text-[12px] leading-5 text-[#605e5c] whitespace-pre-wrap">{reportText || 'Load a passport report to preview its persisted traceability and limitations.'}</pre>%0A+         </div>%0A+       </div>%0A+%0A+       {report?.sbom && (%0A+         <div className="mb-4 rounded-md border border-[#e1dfdd] bg-white p-4">%0A+           <div className="flex items-center gap-1.5"><Package size={16} className="text-[#605e5c]" /><h2 className="text-[14px] font-semibold text-[#201f1e]">SBOM components</h2></div>%0A+           <p className="mt-1 text-[13px] text-[#605e5c]">Each component is cross-referenced against this passport's recorded vulnerabilities by name.</p>%0A+           <div className="mt-3 overflow-auto">%0A+             <table className="w-full min-w-[560px] text-left text-[13px]">%0A+               <thead className="border-b border-[#e1dfdd] text-[11px] uppercase tracking-wide text-[#605e5c]"><tr><th className="px-3 py-2">Component</th><th className="px-3 py-2">Version</th><th className="px-3 py-2">License</th><th className="px-3 py-2">Vulnerabilities</th><th className="px-3 py-2">Critical/High</th></tr></thead>%0A+               <tbody>%0A+                 {report.sbom.length === 0 && <tr><td colSpan={5} className="px-3 py-2.5 text-[#605e5c]">No SBOM components recorded for this passport.</td></tr>}%0A+                 {report.sbom.map((component, index) => (%0A+                   <tr key={`${component.name}-${index}`} className="border-b border-[#f3f2f1] hover:bg-black/[.02]">%0A+                     <td className="px-3 py-2.5 text-[#201f1e]">{component.name || '—'}</td>%0A+                     <td className="px-3 py-2.5 text-[#605e5c]">{component.version || '—'}</td>%0A+                     <td className="px-3 py-2.5 text-[#605e5c]">{component.license || '—'}</td>%0A+                     <td className="px-3 py-2.5 text-[#605e5c]">{component.vulnerabilityCount ?? 0}</td>%0A+                     <td className="px-3 py-2.5 text-[#605e5c]">{component.criticalOrHighCount ?? 0}</td>%0A+                   </tr>%0A+                 ))}%0A+               </tbody>%0A+             </table>%0A+           </div>%0A+         </div>%0A+       )}%0A+%0A+       {report?.controls && (%0A+         <div className="mb-4 rounded-md border border-[#e1dfdd] bg-white p-4">%0A+           <div className="flex items-center gap-1.5"><ShieldCheck size={16} className="text-[#605e5c]" /><h2 className="text-[14px] font-semibold text-[#201f1e]">Findings by control</h2></div>%0A+           <p className="mt-1 text-[13px] text-[#605e5c]">Open trust findings grouped by control ID, worst-observed severity first.</p>%0A+           <div className="mt-3 overflow-auto">%0A+             <table className="w-full min-w-[480px] text-left text-[13px]">%0A+               <thead className="border-b border-[#e1dfdd] text-[11px] uppercase tracking-wide text-[#605e5c]"><tr><th className="px-3 py-2">Control</th><th className="px-3 py-2">Findings</th><th className="px-3 py-2">Open</th><th className="px-3 py-2">Worst severity</th></tr></thead>%0A+               <tbody>%0A+                 {report.controls.length === 0 && <tr><td colSpan={4} className="px-3 py-2.5 text-[#605e5c]">No control-mapped findings for this passport.</td></tr>}%0A+                 {report.controls.map((control) => (%0A+                   <tr key={control.controlId} className="border-b border-[#f3f2f1] hover:bg-black/[.02]">%0A+                     <td className="px-3 py-2.5 font-mono text-[#201f1e]">{control.controlId || '—'}</td>%0A+                     <td className="px-3 py-2.5 text-[#605e5c]">{control.findingCount ?? 0}</td>%0A+                     <td className="px-3 py-2.5 text-[#605e5c]">{control.openCount ?? 0}</td>%0A+                     <td className="px-3 py-2.5 capitalize text-[#605e5c]">{control.worstSeverity || '—'}</td>%0A+                   </tr>%0A+                 ))}%0A+               </tbody>%0A+             </table>%0A+           </div>%0A+         </div>%0A+       )}%0A+%0A+       {clients.length > 0 && (%0A+         <div className="mb-4 rounded-md border border-[#e1dfdd] bg-white p-4">%0A+           <h2 className="text-[14px] font-semibold text-[#201f1e]">White-label client report</h2>%0A+           <p className="mt-1 text-[13px] text-[#605e5c]">Generates a co-branded PDF for one client using your MSP name, logo, and brand color. Runs entirely in the browser from already-loaded client data.</p>%0A+           <div className="mt-3 grid gap-3 lg:grid-cols-2">%0A+             <div className="space-y-2">%0A+               <select value={whiteLabelClientId} onChange={(event) => setWhiteLabelClientId(event.target.value)} className="h-9 w-full rounded border border-[#c8c6c4] bg-white px-3 text-[13px] text-[#201f1e] focus:border-[#0f6cbd] focus:ring-1 focus:ring-[#0f6cbd]">%0A+                 {clients.map((client) => <option key={client.id} value={client.id}>{client.name}</option>)}%0A+               </select>%0A+               <input value={mspName} onChange={(event) => setMspName(event.target.value)} placeholder="Your MSP / firm name *" className="h-9 w-full rounded border border-[#c8c6c4] bg-white px-3 text-[13px] text-[#201f1e] placeholder:text-[#8a8886] focus:border-[#0f6cbd] focus:ring-1 focus:ring-[#0f6cbd]" />%0A+               <input value={reportTitle} onChange={(event) => setReportTitle(event.target.value)} placeholder="Report title" className="h-9 w-full rounded border border-[#c8c6c4] bg-white px-3 text-[13px] text-[#201f1e] focus:border-[#0f6cbd] focus:ring-1 focus:ring-[#0f6cbd]" />%0A+               <div className="flex items-center gap-3">%0A+                 <label className="flex items-center gap-2 text-[12px] text-[#605e5c]">Brand color <input type="color" value={brandColor} onChange={(event) => setBrandColor(event.target.value)} className="h-8 w-8 rounded border border-[#c8c6c4] bg-transparent" /></label>%0A+                 <label className="inline-flex h-9 cursor-pointer items-center gap-1.5 rounded border border-[#c8c6c4] px-3 text-[12px] text-[#323130] hover:bg-black/[.03]"><Upload size={13} /> {logoBase64 ? 'Logo uploaded' : 'Upload logo'}<input type="file" accept="image/png,image/jpeg,image/webp" onChange={handleLogoUpload} className="hidden" /></label>%0A+               </div>%0A+               <textarea value={executiveSummary} onChange={(event) => setExecutiveSummary(event.target.value)} placeholder="Executive summary (optional)" rows={3} className="w-full rounded border border-[#c8c6c4] bg-white px-3 py-2 text-[13px] text-[#201f1e] placeholder:text-[#8a8886] focus:border-[#0f6cbd] focus:ring-1 focus:ring-[#0f6cbd]" />%0A+             </div>%0A+             <div className="space-y-2">%0A+               <div className="grid grid-cols-2 gap-2 text-[12px] text-[#323130]">%0A+                 {(Object.keys(sections) as Array<keyof typeof sections>).map((key) => (%0A+                   <label key={key} className="flex items-center gap-2 rounded border border-[#e1dfdd] bg-[#faf9f8] px-3 py-2 capitalize"><input type="checkbox" checked={sections[key]} onChange={(event) => setSections((current) => ({ ...current, [key]: event.target.checked }))} /> {key}</label>%0A+                 ))}%0A+               </div>%0A+               <button onClick={generateWhiteLabelReport} disabled={!whiteLabelClientId || !mspName.trim()} className="inline-flex h-9 w-full items-center justify-center gap-1.5 rounded bg-[#0f6cbd] px-3 text-[13px] font-medium text-white hover:bg-[#004578] disabled:cursor-not-allowed disabled:opacity-40"><FileText size={14} /> Generate white-label PDF</button>%0A+               <p className="text-[11px] leading-5 text-[#8a8886]">Uses the client's already-loaded software inventory and compliance status. No score is fabricated beyond what SPR already has on record for this client.</p>%0A+             </div>%0A+           </div>%0A+         </div>%0A+       )}%0A+%0A+       <div className="rounded-md border border-[#e1dfdd] bg-[#fff4ce] p-3 text-[12px] leading-5 text-[#8a5700]">%0A+         <strong>Capability boundary:</strong> PDF export runs entirely in the browser from already-loaded passport data; there is no server-rendered PDF. Share links are stateless signed URLs with a 7-day expiry and cannot be individually revoked before then. "Print / save PDF" still uses the browser's print dialog for a full-page copy. Empty datasets remain empty and are not replaced with sample values.%0A+       </div>%0A+     </section>%0A+   );%0A+ }%0A+%0A%0A ❯ tests/plain-english-report-ui-contract.test.ts:12:15%0A%0A

::error file=/home/runner/work/software-passport-registry/software-passport-registry/tests/privacy-routes-contract.test.ts,title=tests/privacy-routes-contract.test.ts > privacy router is mounted in server.ts > mounts createPrivacyRouter at /api/privacy,line=38,column=15::AssertionError: expected 'import express, { type NextFunction, …' to contain 'import { createPrivacyRouter } from \…'%0A%0A- Expected%0A+ Received%0A%0A- import { createPrivacyRouter } from './src/routes/privacy.ts';%0A+ import express, { type NextFunction, type Request, type Response } from 'express';%0A+ import cors from 'cors';%0A+ import helmet from 'helmet';%0A+ import * as Sentry from '@sentry/node';%0A+ import path from 'node:path';%0A+ import { fileURLToPath } from 'node:url';%0A+ import { randomUUID } from 'node:crypto';%0A+ import { config, validateConfiguration } from './src/config.ts';%0A+ import { checkDatabaseHealth, closeDatabase, db } from './src/db/index.ts';%0A+ import { sql } from 'drizzle-orm';%0A+ import { AuthenticatedRequest, rateLimiter, requireAuth, requireRole } from './src/middleware/security.ts';%0A+ import { createAuthRouter } from './src/routes/auth.ts';%0A+ import { createConnectRouter } from './src/routes/connect.ts';%0A+ import { createIntegrationsRouter } from './src/routes/integrations.ts';%0A+ import { createLiveIntegrationsRouter } from './src/routes/integrations-live.ts';%0A+ import { createMonitoringRouter } from './src/routes/monitoring.ts';%0A+ import { createPublicConnectRouter } from './src/routes/public-connect.ts';%0A+ import { createScansRouter } from './src/routes/scans.ts';%0A+ import { createComplianceRouter } from './src/routes/compliance.ts';%0A+ import { createTrustLoopRouter } from './src/routes/trust-loop.ts';%0A+ import { createIntegrationMonitoringRouter } from './src/routes/integration-monitoring.ts';%0A+ import { createAgentApiRouter } from './src/routes/agent-api.ts';%0A+ import { createMspRouter } from './src/routes/msp.ts';%0A+ import { createAiTrustRouter } from './src/routes/ai-trust.ts';%0A+ import { createMcpTransport } from './src/mcp/transport.ts';%0A+ import { executePublicMcpTool } from './src/mcp/execute.ts';%0A+%0A+ const app = express();%0A+ const startedAt = Date.now();%0A+ const requestBodyLimit = process.env.REQUEST_BODY_LIMIT || '2mb';%0A+ const requestHeaderTimeoutMs = Number(process.env.REQUEST_HEADER_TIMEOUT_MS || 15_000);%0A+ const requestTimeoutMs = Number(process.env.REQUEST_TIMEOUT_MS || 120_000);%0A+ const keepAliveTimeoutMs = Number(process.env.KEEP_ALIVE_TIMEOUT_MS || 65_000);%0A+%0A+ async function ensureInitialSelfPassport() {%0A+   const owner = (await db.execute(sql`SELECT tenant_id AS "tenantId" FROM users WHERE role = 'Owner' ORDER BY created_at ASC LIMIT 1`)).rows?.[0] as { tenantId?: string } | undefined;%0A+   if (!owner?.tenantId) {%0A+     console.warn('[SPR] Initial self-passport skipped: no Owner tenant exists yet.');%0A+     return;%0A+   }%0A+   await db.execute(sql`%0A+     INSERT INTO passports (%0A+       id, tenant_id, name, version, publisher, category, overall_score,%0A+       security_score, compliance_score, vendor_reputation_score, release_date,%0A+       file_hash, license_type, ai_summary, sbom, evidence, vulnerabilities, timeline%0A+     ) VALUES (%0A+       'passport_spr_self', ${owner.tenantId}, 'Software Passport Registry', '1.0.0',%0A+       'SPR', 'Platform', 0, 0, 0, 0, CURRENT_DATE::text, 'not-observed',%0A+       'Unknown', 'Initial SPR self-passport. Evidence collection is pending.',%0A+       '[]', '[]', '[]', '[]'%0A+     )%0A+     ON CONFLICT (id) DO NOTHING%0A+   `);%0A+   console.info('[SPR] Initial self-passport ready.');%0A+ }%0A+%0A+ export function normalizeAllowedOrigins(origins: string[]): string[] {%0A+   return [...new Set(origins.map((origin) => new URL(origin).origin))].sort();%0A+ }%0A+%0A+ if (config.trustProxy) app.set('trust proxy', 1);%0A+ app.disable('x-powered-by');%0A+ if (config.sentry.dsn) Sentry.init({ dsn: config.sentry.dsn, environment: config.nodeEnv, tracesSampleRate: config.isProduction ? 0.1 : 1.0 });%0A+ const allowedOrigins = new Set(normalizeAllowedOrigins(config.allowedOrigins));%0A+ const appOrigin = config.appUrl ? new URL(config.appUrl).origin : undefined;%0A+ const corsOrigin = (origin: string | undefined, callback: (error: Error | null, allow?: boolean) => void) => {%0A+   if (!origin) return callback(null, true);%0A+   try {%0A+     const normalizedOrigin = new URL(origin).origin;%0A+     if (allowedOrigins.has(normalizedOrigin)) return callback(null, true);%0A+   } catch (_) {}%0A+   return callback(new Error('CORS origin denied'));%0A+ };%0A+ app.use(helmet({ contentSecurityPolicy: { useDefaults: false, directives: { defaultSrc: ["'self'"], baseUri: ["'self'"], objectSrc: ["'none'"], frameAncestors: ["'none'"], formAction: ["'self'"], scriptSrc: ["'self'"], styleSrc: ["'self'", "'unsafe-inline'"], imgSrc: ["'self'", 'data:', 'blob:', 'https:'], fontSrc: ["'self'", 'data:', 'https:'], connectSrc: ["'self'", ...(appOrigin ? [appOrigin] : [])], frameSrc: ["'self'", 'https:'], workerSrc: ["'self'", 'blob:'], manifestSrc: ["'self'"], upgradeInsecureRequests: [] } }, crossOriginEmbedderPolicy: false, frameguard: { action: 'deny' }, referrerPolicy: { policy: 'no-referrer' } }));%0A+ app.use(cors({ origin: corsOrigin, credentials: true, methods: ['GET', 'HEAD', 'POST', 'PUT', 'PATCH', 'DELETE', 'OPTIONS'], allowedHeaders: ['Authorization', 'Content-Type', 'X-Request-ID', 'X-API-Key'] }));%0A+ app.use((req, res, next) => { if (req.method === 'TRACE' || req.method === 'CONNECT') return res.status(405).json({ error: { code: 'METHOD_NOT_ALLOWED', message: 'HTTP method is not allowed.' } }); if (req.headers['content-length'] && !/^\d+$/.test(String(req.headers['content-length']))) return res.status(400).json({ error: { code: 'INVALID_CONTENT_LENGTH', message: 'Invalid Content-Length header.' } }); return next(); });%0A+ app.use(express.json({ limit: requestBodyLimit, strict: true, type: ['application/json', 'application/*+json'] }));%0A+ app.use(express.urlencoded({ extended: false, limit: requestBodyLimit }));%0A+ app.use((req, res, next) => { const supplied = req.headers['x-request-id']; const requestId = typeof supplied === 'string' && /^[A-Za-z0-9._:-]{1,100}$/.test(supplied) ? supplied : `req_${randomUUID()}`; res.setHeader('X-Request-ID', requestId); res.setHeader('Cache-Control', req.path.startsWith('/api/') ? 'no-store, max-age=0' : 'public, max-age=0, must-revalidate'); res.locals.requestId = requestId; next(); });%0A+ app.use((req, res, next) => { if (config.isProduction && config.enforceHttps && !req.secure && req.path !== '/health' && req.path !== '/ready' && req.path !== '/api/health' && req.path !== '/api/ready') { if (!appOrigin) return res.status(503).json({ error: { code: 'HTTPS_CONFIGURATION_ERROR', message: 'HTTPS redirect target is not configured.' } }); return res.redirect(308, `${appOrigin}${req.originalUrl}`); } return next(); });%0A+ app.get('/health', (_req, res) => res.status(200).json({ status: 'ok', service: 'spr-app', uptimeSeconds: Math.floor((Date.now() - startedAt) / 1000) }));%0A+ const readinessHandler = async (_req: Request, res: Response) => { const database = await checkDatabaseHealth(); const ready = database.ok; res.status(ready ? 200 : 503).json({ status: ready ? 'ready' : 'not_ready', checks: { database: database.ok ? database : { ok: false, latencyMs: database.latencyMs, error: 'DATABASE_UNAVAILABLE' } }, uptimeSeconds: Math.floor((Date.now() - startedAt) / 1000) }); };%0A+ app.get('/ready', readinessHandler);%0A+ app.get('/api/ready', readinessHandler);%0A+ app.get('/api/health', async (_req, res) => { const database = await checkDatabaseHealth(); res.status(database.ok ? 200 : 503).json({ status: database.ok ? 'ok' : 'degraded', database: database.ok ? database : { ok: false, latencyMs: database.latencyMs, error: 'DATABASE_UNAVAILABLE' } }); });%0A+ app.use('/api', rateLimiter);%0A+ app.use('/api', createAuthRouter());%0A+ app.use('/api', createPublicConnectRouter());%0A+ const connectRouter = createConnectRouter();%0A+ app.use('/api', connectRouter);%0A+ app.use('/api/connect', connectRouter);%0A+ app.use('/api/integrations/connect', connectRouter);%0A+ app.post('/api/ai/analyze-passport', requireAuth, async (req: AuthenticatedRequest, res, next) => {%0A+   try {%0A+     const passportId = typeof req.body?.passportId === 'string' ? req.body.passportId.trim() : '';%0A+     if (!passportId) return res.status(400).json({ error: { code: 'PASSPORT_ID_REQUIRED', message: 'passportId is required.' } });%0A+     const db = req.db!;%0A+     const result = await db.execute(sql`%0A+       SELECT name, version, publisher, overall_score AS "overallScore",%0A+              jsonb_array_length(COALESCE(NULLIF(evidence, '')::jsonb, '[]'::jsonb)) AS "evidenceCount",%0A+              jsonb_array_length(COALESCE(NULLIF(vulnerabilities, '')::jsonb, '[]'::jsonb)) AS "findingCount"%0A+       FROM passports%0A+       WHERE id = ${passportId} AND tenant_id = ${req.user!.tenantId}%0A+       LIMIT 1%0A+     `);%0A+     const passport = (result.rows?.[0] ?? null) as {%0A+       name?: string; version?: string; publisher?: string; overallScore?: number | null;%0A+       evidenceCount?: number; findingCount?: number;%0A+     } | null;%0A+     if (!passport) return res.status(404).json({ error: { code: 'PASSPORT_NOT_FOUND', message: 'Passport not found.' } });%0A+     const status = passport.overallScore == null ? 'not verified' : `score ${passport.overallScore}`;%0A+     return res.json({ passportId, analysis: `${passport.name ?? 'Passport'} ${passport.version ?? ''} by ${passport.publisher ?? 'unknown publisher'} is ${status}. Evidence records: ${passport.evidenceCount ?? 0}. Findings: ${passport.findingCount ?? 0}. Authoritative verification requires durable backend evidence.` });%0A+   } catch (error) { return next(error); }%0A+ });%0A+ app.use('/api/integrations', createIntegrationsRouter());%0A+ app.use('/api/integrations-live', createLiveIntegrationsRouter());%0A+ const requireTrustMutationRole = (req: Request, res: Response, next: NextFunction) => { if (['GET', 'HEAD', 'OPTIONS'].includes(req.method)) return next(); return requireRole(['Owner', 'Admin', 'Operator', 'Technician'])(req as AuthenticatedRequest, res, next); };%0A+ app.use('/api/trust-loop', requireAuth, requireTrustMutationRole);%0A+ app.use('/api/trust-loop', createTrustLoopRouter());%0A+ app.use('/api/integration-monitoring', createIntegrationMonitoringRouter());%0A+ app.use('/api/monitoring', createMonitoringRouter());%0A+ app.use('/api/agent/v1', createAgentApiRouter());%0A+ app.use('/api/msp', requireAuth, createMspRouter());%0A+ app.use('/api/ai-trust', requireAuth, createAiTrustRouter());%0A+%0A+ const mcpBearer = process.env.SPR_MCP_BEARER_TOKEN;%0A+ if (mcpBearer) {%0A+   const mcpTransport = createMcpTransport({ expectedBearer: mcpBearer, executeTool: async (tool, args) => executePublicMcpTool(tool, args) });%0A+   app.post('/mcp', async (req, res) => { const response = await mcpTransport(new Request(`${config.appUrl || 'https://localhost'}/mcp`, { method: 'POST', headers: req.headers as Record<string, string>, body: JSON.stringify(req.body) })); res.status(response.status); response.headers.forEach((value, key) => res.setHeader(key, value)); res.send(Buffer.from(await response.arrayBuffer())); });%0A+ }%0A+%0A+ app.use('/api', createScansRouter());%0A+ app.use('/api/compliance', createComplianceRouter());%0A+ const publicDir = __dirname;%0A+ app.use(express.static(publicDir, { index: false, maxAge: config.isProduction ? '1y' : 0 }));%0A+ app.get('/*splat', (req, res, next) => { if (req.path.startsWith('/api/') || req.path === '/mcp') return next(); return res.sendFile(path.join(publicDir, 'index.html'), error => error ? next(error) : undefined); });%0A+ app.use((req, res, next) => { if (req.path.startsWith('/api/') || req.path === '/mcp') return res.status(404).json({ error: 'Route not found.', code: 'NOT_FOUND', requestId: res.locals.requestId }); return next(); });%0A+ app.use((err: any, req: Request, res: Response, next: NextFunction) => { if (res.headersSent) return next(err); const requestId = res.locals.requestId || `req_${randomUUID()}`; const status = Number.isInteger(err?.status) && err.status >= 400 && err.status < 600 ? err.status : 500; console.error('[HTTP_ERROR]', { requestId, status, method: req.method, path: req.path, message: err?.message || String(err) }); if (config.sentry.dsn) Sentry.captureException(err, { tags: { requestId } }); return res.status(status).json({ error: { code: status === 500 ? 'INTERNAL_SERVER_ERROR' : 'REQUEST_FAILED', message: status === 500 ? 'An unexpected server error occurred.' : err?.message || 'Request failed.', requestId } }); });%0A+ let server: ReturnType<typeof app.listen> | undefined; let shuttingDown = false;%0A+%0A+ export function rejectConnectTunnels<T extends ReturnType<typeof app.listen>>(httpServer: T): T {%0A+   httpServer.on('connect', (_request, socket) => {%0A+     socket.end('HTTP/1.1 405 Method Not Allowed\r\nConnection: close\r\nContent-Length: 0\r\n\r\n');%0A+   });%0A+   return httpServer;%0A+ }%0A+%0A+ async function shutdown(signal: string) { if (shuttingDown) return; shuttingDown = true; console.info(`[SPR] ${signal} received; shutting down gracefully.`); const forceTimer = setTimeout(() => process.exit(1), 15_000); forceTimer.unref(); if (server) await new Promise<void>(resolve => server!.close(() => resolve())); await closeDatabase().catch(error => console.error('[SPR] Database shutdown error:', error)); if (config.sentry.dsn) await Sentry.close(2_000).catch(() => undefined); clearTimeout(forceTimer); process.exit(0); }%0A+ export async function startServer() {%0A+   validateConfiguration();%0A+   try { await ensureInitialSelfPassport(); } catch (error) { console.error('[SPR] Initial self-passport bootstrap failed; continuing startup. /ready will report the database as unavailable.', error); }%0A+   const host = process.env.HOST || '0.0.0.0'; server = app.listen(config.port, host, () => console.info(`[SPR] listening on http://${host}:${config.port}`)); server.requestTimeout = Number.isFinite(requestTimeoutMs) && requestTimeoutMs > 0 ? requestTimeoutMs : 120_000; server.headersTimeout = Number.isFinite(requestHeaderTimeoutMs) && requestHeaderTimeoutMs > 0 ? requestHeaderTimeoutMs : 15_000; server.keepAliveTimeout = Number.isFinite(keepAliveTimeoutMs) && keepAliveTimeoutMs > 0 ? keepAliveTimeoutMs : 65_000; rejectConnectTunnels(server); return server; }%0A+ process.once('SIGTERM', () => void shutdown('SIGTERM')); process.once('SIGINT', () => void shutdown('SIGINT')); process.on('unhandledRejection', reason => console.error('[SPR] Unhandled rejection:', reason)); process.on('uncaughtException', error => { console.error('[SPR] Uncaught exception:', error); void shutdown('uncaughtException'); });%0A+ if (process.env.SPR_SKIP_AUTOSTART !== 'true') void startServer().catch(error => { console.error('[SPR] Startup failed:', error); process.exit(1); });%0A+ export { app };%0A+%0A%0A ❯ tests/privacy-routes-contract.test.ts:38:15%0A%0A

::error file=/home/runner/work/software-passport-registry/software-passport-registry/tests/privacy-ui-contract.test.ts,title=tests/privacy-ui-contract.test.ts > Privacy UI%3A zero dead controls > PrivacyView is actually mounted in App.tsx and CommandCenter.tsx -- the nav item is not a dead route,line=40,column=17::AssertionError: expected 'import { useEffect, useMemo, useState…' to contain 'import PrivacyView from \'./component…'%0A%0A- Expected%0A+ Received%0A%0A- import PrivacyView from './components/PrivacyView';%0A+ import { useEffect, useMemo, useState, type ReactNode } from 'react';%0A+ import { getRedirectResult, onAuthStateChanged, signOut, type User } from 'firebase/auth';%0A+ import type { Alert, Client, Integration, Scan, SoftwarePassport, Vendor } from './types';%0A+ import type { VerificationDecision } from './lib/verification/evaluateVerification.ts';%0A+ import { apiFetch } from './utils/apiClient';%0A+ import { auth } from './lib/firebase';%0A+ import CommandCenter from './components/CommandCenter';%0A+ import ExtensionWorkflow from './components/ExtensionWorkflow';%0A+ import ExtensionMarketplace from './components/ExtensionMarketplace';%0A+ import LoginView from './components/LoginView';%0A+ import EvidenceDashboardView from './components/EvidenceDashboardView';%0A+ import EvidenceExplorerView from './components/EvidenceExplorerView';%0A+ import AITrustCenterView from './components/AITrustCenterView';%0A+ import CoverageView from './components/CoverageView';%0A+ import AssetsView from './components/AssetsView';%0A+ import PassportsView from './components/PassportsView';%0A+ import ScansView from './components/ScansView';%0A+ import AlertsView from './components/AlertsView';%0A+ import ClientsView from './components/ClientsView';%0A+ import VendorsView from './components/VendorsView';%0A+ import IntegrationsView from './components/IntegrationsView';%0A+ import BillingView from './components/BillingView';%0A+ import ComplianceView from './components/ComplianceView';%0A+ import AgentTrustView from './components/AgentTrustView';%0A+ import EnterpriseReadinessView from './components/EnterpriseReadinessView';%0A+ import FounderDashboardView from './components/FounderDashboardView';%0A+ import InvestorHomeView from './components/InvestorHomeView';%0A+ import SettingsView from './components/SettingsView';%0A+ import TeamView from './components/TeamView';%0A+ import AuditLogView from './components/AuditLogView';%0A+ import MonitoringView from './components/MonitoringView';%0A+ import SecurityCenterView from './components/SecurityCenterView';%0A+ import MSPCommandCenter from './components/MSPCommandCenter';%0A+ import ReportsView from './components/ReportsView';%0A+ import TrustGraphView from './components/TrustGraphView';%0A+ import { EXTENSIONS } from './workflows/extensionRegistry';%0A+ const PUBLIC_PATHS = new Set(['/','/login','/free-review','/pricing']);%0A+ const EMPTY_CLIENTS: Client[] = []; const EMPTY_PASSPORTS: SoftwarePassport[] = []; const EMPTY_VENDORS: Vendor[] = []; const EMPTY_INTEGRATIONS: Integration[] = []; const EMPTY_SCANS: Scan[] = []; const EMPTY_ALERTS: Alert[] = [];%0A+ function deriveAlertStatus(remediationStatus: string | null | undefined, findingStatus: string | null | undefined): Alert['status'] { switch (remediationStatus) { case 'IN_PROGRESS': case 'READY_FOR_VERIFICATION': return 'Acknowledged'; case 'BLOCKED': return 'Snoozed'; case 'VERIFIED': case 'CLOSED': return 'Resolved'; case 'CANCELLED': return 'Cancelled'; case 'OPEN': return 'Active'; default: return String(findingStatus || '').toLowerCase() === 'resolved' ? 'Resolved' : 'Active'; } }%0A+ function navigate(path: string) { window.history.pushState({}, '', path); window.dispatchEvent(new PopStateEvent('popstate')); }%0A+ function usePath() { const [path, setPath] = useState(() => window.location.pathname || '/'); useEffect(() => { const update = () => setPath(window.location.pathname || '/'); window.addEventListener('popstate', update); return () => window.removeEventListener('popstate', update); }, []); return path; }%0A+ function AuthLoading() { return <div className="grid min-h-screen place-items-center bg-[#faf9f8] text-[#201f1e]"><div className="text-center"><div className="mx-auto grid h-10 w-10 place-items-center rounded bg-[#0f6cbd] text-xs font-bold text-white">S</div><div className="mt-4 text-[11px] font-semibold uppercase tracking-wide text-[#605e5c]">Securing workspace</div><div className="mt-1 text-[12px] text-[#8a8886]">Checking authenticated session…</div></div></div>; }%0A+ function CoverPage() { return <div className="min-h-screen bg-[#faf9f8] text-[#201f1e]"><div className="mx-auto flex min-h-screen max-w-5xl items-center px-6 py-16"><div className="max-w-3xl"><div className="mb-5 inline-flex items-center gap-1.5 rounded border border-[#e1dfdd] bg-white px-2.5 py-1 text-[11px] font-semibold uppercase tracking-wide text-[#605e5c]">Evidence-first software trust</div><h1 className="text-[28px] font-semibold tracking-tight md:text-[34px]">Software trust, operated as a system.</h1><p className="mt-4 max-w-2xl text-[14px] leading-6 text-[#605e5c]">Software Passport Registry turns software identity, security, provenance, reliability, compliance, and evidence into repeatable workflows for teams, buyers, and managed service providers.</p><div className="mt-6 flex flex-wrap gap-2"><button onClick={() => navigate('/login')} className="h-9 rounded bg-[#0f6cbd] px-4 text-[13px] font-semibold text-white hover:bg-[#004578]">Enter SPR</button><button onClick={() => navigate('/free-review')} className="h-9 rounded border border-[#c8c6c4] bg-white px-4 text-[13px] font-medium text-[#323130] hover:bg-black/[.03]">Free review</button></div></div></div></div>; }%0A+ function PublicPage({ title, description, action, onAction }: { title: string; description: string; action: string; onAction: () => void }) { return <div className="grid min-h-screen place-items-center bg-[#faf9f8] px-6 text-[#201f1e]"><div className="max-w-md rounded-md border border-[#e1dfdd] bg-white p-6 text-center"><div className="text-[11px] font-semibold uppercase tracking-wide text-[#605e5c]">Software Passport Registry</div><h1 className="mt-2 text-[20px] font-semibold">{title}</h1><p className="mt-2 text-[13px] leading-5 text-[#605e5c]">{description}</p><button onClick={onAction} className="mt-5 h-9 rounded bg-[#0f6cbd] px-4 text-[13px] font-semibold text-white hover:bg-[#004578]">{action}</button></div></div>; }%0A+ function WorkflowBoundary({ title, description, extensionId, onNavigate }: { title: string; description: string; extensionId?: string; onNavigate: (path: string) => void }) { const extension = extensionId ? EXTENSIONS.find((item) => item.id === extensionId) : undefined; return <section><div className="rounded-md border border-[#e1dfdd] bg-white p-5"><div className="text-[11px] font-semibold uppercase tracking-wide text-[#605e5c]">Workflow boundary</div><h1 className="mt-1.5 text-[20px] font-semibold tracking-tight">{title}</h1><p className="mt-2 max-w-2xl text-[13px] leading-5 text-[#605e5c]">{description}</p>{extension && <button onClick={() => onNavigate(extension.entryPath)} className="mt-4 h-8 rounded bg-[#0f6cbd] px-3 text-[12px] font-semibold text-white hover:bg-[#004578]">Open {extension.name} →</button>}</div></section>; }%0A+ export default function App() {%0A+  const path=usePath(); const [authReady,setAuthReady]=useState(false); const [user,setUser]=useState<User|null>(null); const [role,setRole]=useState('Viewer'); const [selectedClientId,setSelectedClientId]=useState(''); const [selectedPassportId,setSelectedPassportId]=useState<string|null>(null); const [assets,setAssets]=useState<any[]>([]); const [clients,setClients]=useState<Client[]>(EMPTY_CLIENTS); const [passports,setPassports]=useState<SoftwarePassport[]>(EMPTY_PASSPORTS); const [vendors,setVendors]=useState<Vendor[]>(EMPTY_VENDORS); const [alerts,setAlerts]=useState<Alert[]>(EMPTY_ALERTS); const [findings,setFindings]=useState<unknown[]>([]); const [scans,setScans]=useState<Scan[]>(EMPTY_SCANS); const [integrations,setIntegrations]=useState<Integration[]>(EMPTY_INTEGRATIONS); const [theme,setTheme]=useState<'light'|'dark'>('dark'); const [verificationDecisions,setVerificationDecisions]=useState<Record<string,VerificationDecision>>({}); const [verificationDetails,setVerificationDetails]=useState<Record<string,unknown>>({});%0A+  useEffect(()=>{let mounted=true;let redirectSettled=false;let observedUser:User|null=null;const timeoutId=window.setTimeout(()=>{if(mounted)setAuthReady(true)},10000);const unsubscribe=onAuthStateChanged(auth,(currentUser)=>{if(!mounted)return;observedUser=currentUser;if(!redirectSettled)return;setUser(currentUser);setAuthReady(true);window.clearTimeout(timeoutId)},()=>{if(mounted){setAuthReady(true);window.clearTimeout(timeoutId)}});void getRedirectResult(auth).then(result=>{redirectSettled=true;if(mounted)setUser(result?.user||observedUser);if(mounted)setAuthReady(true);window.clearTimeout(timeoutId)}).catch(error=>{redirectSettled=true;console.error('[Firebase redirect sign-in error]',error);if(mounted)setUser(observedUser);if(mounted)setAuthReady(true);window.clearTimeout(timeoutId)});return()=>{mounted=false;window.clearTimeout(timeoutId);unsubscribe()}},[]);%0A+  useEffect(()=>{if(authReady&&!user&&!PUBLIC_PATHS.has(path))navigate('/login')},[authReady,user,path]);%0A+  useEffect(()=>{if(!user)return;let cancelled=false;const load=async()=>{const responses=await Promise.all([apiFetch('/api/user/me'),apiFetch('/api/scans'),apiFetch('/api/trust-loop/findings'),apiFetch('/api/user/passports'),apiFetch('/api/user/clients'),apiFetch('/api/integrations'),apiFetch('/api/user/verification')]);if(responses.some(r=>r.status===401)){await signOut(auth);navigate('/login');return}const [me,scansResponse,findingsResponse,passportsResponse,clientsResponse,integrationsResponse,verificationResponse]=responses;if(verificationResponse.ok){const data=await verificationResponse.json().catch(()=>null);if(!cancelled){setVerificationDecisions(data?.verificationDecisions&&typeof data.verificationDecisions==='object'?data.verificationDecisions:{});setVerificationDetails(data?.verificationDetails&&typeof data.verificationDetails==='object'?data.verificationDetails:{})}}else if(!cancelled){setVerificationDecisions({});setVerificationDetails({})}if(me.ok){const data=await me.json().catch(()=>null);if(!cancelled)setRole(String(data?.role||'Viewer'))}if(scansResponse.ok){const data=await scansResponse.json().catch(()=>[]);if(!cancelled&&Array.isArray(data))setScans(data)}if(findingsResponse.ok){const data=await findingsResponse.json().catch(()=>[]);const rows=Array.isArray(data)?data:data?.findings;if(!cancelled&&Array.isArray(rows)){setFindings(rows);setAlerts(rows.map((row:any)=>({id:String(row.id),title:String(row.title||row.control_id||'Trust finding'),severity:String(row.severity||'Low').replace(/^./,(s:string)=>s.toUpperCase()),category:'Trust finding',clientName:String(row.client_id||'Tenant'),description:String(row.description||'Evidence-backed finding'),timestamp:String(row.updated_at||''),status:deriveAlertStatus(row.remediation_status,row.status),remediationId:row.remediation_id?String(row.remediation_id):null,ownerDisplay:row.remediation_owner_display||null,slaDueAt:row.remediation_sla_due_at||null})) as Alert[])}}if(passportsResponse.ok){const data=await passportsResponse.json().catch(()=>[]);const rows=Array.isArray(data)?data:data?.passports;if(!cancelled&&Array.isArray(rows)){const normalized=rows.map((row:any)=>({...row,id:String(row.id),name:String(row.name||'Unnamed software'),version:String(row.version||'unknown'),publisher:String(row.publisher||'unknown'),clientId:row.clientId?String(row.clientId):undefined,evidence:Array.isArray(row.evidence)?row.evidence:[],vulnerabilities:Array.isArray(row.vulnerabilities)?row.vulnerabilities:[],timeline:Array.isArray(row.timeline)?row.timeline:[],sbom:Array.isArray(row.sbom)?row.sbom:[],scores:null,scoreStatus:row.scoreStatus||'not_authoritatively_scored'})) as SoftwarePassport[];setPassports(normalized);setAssets(normalized.map((passport:any)=>({id:passport.id,name:passport.name,hostName:passport.name,type:passport.category||'software',clientId:passport.clientId,clientName:String(passport.clientId||'Unobserved'),environment:String(passport.environment||'Unobserved'),version:passport.version})));setVendors(EMPTY_VENDORS)}}if(clientsResponse.ok){const data=await clientsResponse.json().catch(()=>[]);const rows=Array.isArray(data)?data:data?.clients;if(!cancelled&&Array.isArray(rows))setClients(rows.map((row:any)=>({...row,id:String(row.id),name:String(row.name||row.company_name||'Unnamed client')})) as Client[])}if(integrationsResponse.ok){const data=await integrationsResponse.json().catch(()=>[]);if(!cancelled&&Array.isArray(data))setIntegrations(data)}};void load().catch(error=>console.warn('[SPR command center load]',error));return()=>{cancelled=true}},[user]);%0A+  useEffect(()=>{const refresh=()=>{if(user)window.location.reload()};window.addEventListener('refresh-data',refresh);return()=>window.removeEventListener('refresh-data',refresh)},[user]);%0A+  const onNavigateTab=(target:string,itemId?:string)=>navigate(itemId?`${target.startsWith('/')?target:`/${target}`}/${encodeURIComponent(itemId)}`:target.startsWith('/')?target:`/${target}`); const quickAction=(action:'add-client'|'register-passport'|'scan-sbom')=>navigate(action==='add-client'?'/clients':action==='register-passport'?'/passports':'/scans');%0A+  const performAlertAction=async(alert:Alert,action:'acknowledge'|'assign'|'resolve'|'escalate'|'snooze'|'reopen',assigneeDisplay?:string)=>{let remediationId=alert.remediationId;if(!remediationId){const created=await apiFetch('/api/trust-loop/remediations',{method:'POST',headers:{'Content-Type':'application/json'},body:JSON.stringify({findingId:alert.id,title:alert.title,description:alert.description,priority:alert.severity.toUpperCase()})});if(!created.ok)return;const createdBody=await created.json().catch(()=>null);remediationId=createdBody?.id?String(createdBody.id):undefined;if(!remediationId)return}const patchBody:Record<string,unknown>={acknowledge:{status:'IN_PROGRESS'},resolve:{status:'CLOSED'},snooze:{status:'BLOCKED'},reopen:{status:'OPEN'},escalate:{status:'IN_PROGRESS',slaDueAt:new Date(Date.now()+4*3600*1000).toISOString()},assign:{status:'IN_PROGRESS',ownerDisplay:assigneeDisplay||''}}[action];const response=await apiFetch(`/api/trust-loop/remediations/${encodeURIComponent(remediationId)}`,{method:'PATCH',headers:{'Content-Type':'application/json'},body:JSON.stringify(patchBody)});if(!response.ok)return;const updated=await response.json().catch(()=>null);setAlerts(current=>current.map(item=>item.id===alert.id?{...item,remediationId,status:deriveAlertStatus(updated?.status??String(patchBody.status),null),ownerDisplay:updated?.owner_display??(patchBody.ownerDisplay as string|undefined)??item.ownerDisplay,slaDueAt:updated?.sla_due_at??(patchBody.slaDueAt as string|undefined)??item.slaDueAt}:item))};%0A+  const selectedExtension=useMemo(()=>{const match=path.match(/^\/extensions\/([^/]+)/);return match?decodeURIComponent(match[1]):null},[path]);const signOutUser=async()=>{await signOut(auth);navigate('/login')};%0A+  if(!authReady)return <AuthLoading/>;if(path==='/')return <CoverPage/>;if(path==='/login')return user?<AuthLoading/>:<LoginView onLoginSuccess={()=>navigate('/dashboard')}/>;if(!user&&path==='/free-review')return <PublicPage title="Free software review" description="Start an evidence-first review from the public entry point." action="Sign in to continue" onAction={()=>navigate('/login')}/>;if(!user&&path==='/pricing')return <PublicPage title="SPR plans" description="Account and billing capabilities are available inside the authenticated workspace." action="Enter SPR" onAction={()=>navigate('/login')}/>;if(!user)return <AuthLoading/>;%0A+  let view:ReactNode;if(selectedExtension)view=<ExtensionWorkflow id={selectedExtension} onNavigate={navigate}/>;else switch(path){case '/dashboard':view=<EvidenceDashboardView clients={clients} alerts={alerts} scans={scans} passports={passports} findings={findings} onNavigateTab={onNavigateTab} onOpenQuickAction={quickAction}/>;break;case '/coverage':view=<CoverageView clients={clients} scans={scans} passports={passports} onNavigateTab={onNavigateTab}/>;break;case '/evidence-explorer':view=<EvidenceExplorerView passports={passports}/>;break;case '/assets':view=<AssetsView clients={clients} searchQuery="" assets={assets}/>;break;case '/passports':case '/registry':view=<PassportsView verificationDecisions={verificationDecisions} verificationDetails={verificationDetails} passports={passports} selectedPassportId={selectedPassportId} setSelectedPassportId={setSelectedPassportId} searchQuery="" clients={clients} assets={assets} role={role} onNavigateTab={onNavigateTab} onUpdatePassport={passport=>setPassports(current=>current.map(item=>item.id===passport.id?passport:item))}/>;break;case '/scans':view=<ScansView scans={scans} clients={clients} assets={assets} passports={passports} role={role} onTriggerNewScan={scan=>setScans(current=>[scan,...current.filter(item=>item.id!==scan.id)].slice(0,100))}/>;break;case '/alerts':view=<AlertsView alerts={alerts} onAlertAction={performAlertAction}/>;break;case '/reports':view=<ReportsView clients={clients} passports={passports} scans={scans} alerts={alerts} findings={findings} role={role}/>;break;case '/trust-graph':view=<TrustGraphView clients={clients} passports={passports} assets={assets} findings={findings}/>;/* onSelectPassport={setSelectedPassportId} */break;case '/clients':view=<ClientsView clients={clients} selectedClientId={selectedClientId} setSelectedClientId={setSelectedClientId} passports={passports} onNavigateTab={onNavigateTab} searchQuery=""/>;break;case '/vendors':view=<VendorsView vendors={vendors} searchQuery=""/>;break;case '/integrations':view=<IntegrationsView passports={passports} onNavigateTab={onNavigateTab}/>;break;case '/monitoring':view=<MonitoringView role={role}/>;break;case '/security':view=<SecurityCenterView clients={clients} passports={passports}/>;break;case '/compliance':view=<ComplianceView clients={clients} role={role}/>;break;case '/msp':view=<MSPCommandCenter verificationDecisions={verificationDecisions} verificationDetails={verificationDetails} clients={clients} alerts={alerts} findings={findings} role={role} onSelectClient={setSelectedClientId} onNavigate={navigate}/>;break;case '/agent-trust':view=<AgentTrustView/>;break;case '/ai-trust-center':view=<AITrustCenterView role={role}/>;break;case '/enterprise-readiness':view=<EnterpriseReadinessView clients={clients}/>;break;case '/investor':view=<InvestorHomeView passports={passports} clients={clients} alerts={alerts} onShowTelemetry={()=>navigate('/scans')} onNavigateTab={onNavigateTab}/>;break;case '/founder':view=<FounderDashboardView userRole={role}/>;break;case '/billing':view=<BillingView/>;break;case '/settings':view=<SettingsView theme={theme} onToggleTheme={()=>setTheme(current=>current==='dark'?'light':'dark')}/>;break;case '/team':view=<TeamView role={role}/>;break;case '/audit-log':view=<AuditLogView/>;break;case '/extensions':view=<ExtensionMarketplace onNavigateTab={onNavigateTab} role={role}/>;break;default:view=<WorkflowBoundary title="Workflow" description="This authenticated capability is explicitly routed through the Command Center. Choose its owning workflow from the left rail." onNavigate={navigate}/>}%0A+  return <CommandCenter path={path} userEmail={user.email} role={role} onNavigate={navigate} onSignOut={()=>void signOutUser()}>{view}</CommandCenter>;%0A+ }%0A+%0A%0A ❯ tests/privacy-ui-contract.test.ts:40:17%0A%0A

::error file=/home/runner/work/software-passport-registry/software-passport-registry/tests/public-homepage-demo.test.ts,title=tests/public-homepage-demo.test.ts > routing keeps the public boundary explicit > adds only the exact /passport/demo path to the public set,line=101,column=17::AssertionError: expected 'import { useEffect, useMemo, useState…' to contain '\'/passport/demo\''%0A%0A- Expected%0A+ Received%0A%0A- '/passport/demo'%0A+ import { useEffect, useMemo, useState, type ReactNode } from 'react';%0A+ import { getRedirectResult, onAuthStateChanged, signOut, type User } from 'firebase/auth';%0A+ import type { Alert, Client, Integration, Scan, SoftwarePassport, Vendor } from './types';%0A+ import type { VerificationDecision } from './lib/verification/evaluateVerification.ts';%0A+ import { apiFetch } from './utils/apiClient';%0A+ import { auth } from './lib/firebase';%0A+ import CommandCenter from './components/CommandCenter';%0A+ import ExtensionWorkflow from './components/ExtensionWorkflow';%0A+ import ExtensionMarketplace from './components/ExtensionMarketplace';%0A+ import LoginView from './components/LoginView';%0A+ import EvidenceDashboardView from './components/EvidenceDashboardView';%0A+ import EvidenceExplorerView from './components/EvidenceExplorerView';%0A+ import AITrustCenterView from './components/AITrustCenterView';%0A+ import CoverageView from './components/CoverageView';%0A+ import AssetsView from './components/AssetsView';%0A+ import PassportsView from './components/PassportsView';%0A+ import ScansView from './components/ScansView';%0A+ import AlertsView from './components/AlertsView';%0A+ import ClientsView from './components/ClientsView';%0A+ import VendorsView from './components/VendorsView';%0A+ import IntegrationsView from './components/IntegrationsView';%0A+ import BillingView from './components/BillingView';%0A+ import ComplianceView from './components/ComplianceView';%0A+ import AgentTrustView from './components/AgentTrustView';%0A+ import EnterpriseReadinessView from './components/EnterpriseReadinessView';%0A+ import FounderDashboardView from './components/FounderDashboardView';%0A+ import InvestorHomeView from './components/InvestorHomeView';%0A+ import SettingsView from './components/SettingsView';%0A+ import TeamView from './components/TeamView';%0A+ import AuditLogView from './components/AuditLogView';%0A+ import MonitoringView from './components/MonitoringView';%0A+ import SecurityCenterView from './components/SecurityCenterView';%0A+ import MSPCommandCenter from './components/MSPCommandCenter';%0A+ import ReportsView from './components/ReportsView';%0A+ import TrustGraphView from './components/TrustGraphView';%0A+ import { EXTENSIONS } from './workflows/extensionRegistry';%0A+ const PUBLIC_PATHS = new Set(['/','/login','/free-review','/pricing']);%0A+ const EMPTY_CLIENTS: Client[] = []; const EMPTY_PASSPORTS: SoftwarePassport[] = []; const EMPTY_VENDORS: Vendor[] = []; const EMPTY_INTEGRATIONS: Integration[] = []; const EMPTY_SCANS: Scan[] = []; const EMPTY_ALERTS: Alert[] = [];%0A+ function deriveAlertStatus(remediationStatus: string | null | undefined, findingStatus: string | null | undefined): Alert['status'] { switch (remediationStatus) { case 'IN_PROGRESS': case 'READY_FOR_VERIFICATION': return 'Acknowledged'; case 'BLOCKED': return 'Snoozed'; case 'VERIFIED': case 'CLOSED': return 'Resolved'; case 'CANCELLED': return 'Cancelled'; case 'OPEN': return 'Active'; default: return String(findingStatus || '').toLowerCase() === 'resolved' ? 'Resolved' : 'Active'; } }%0A+ function navigate(path: string) { window.history.pushState({}, '', path); window.dispatchEvent(new PopStateEvent('popstate')); }%0A+ function usePath() { const [path, setPath] = useState(() => window.location.pathname || '/'); useEffect(() => { const update = () => setPath(window.location.pathname || '/'); window.addEventListener('popstate', update); return () => window.removeEventListener('popstate', update); }, []); return path; }%0A+ function AuthLoading() { return <div className="grid min-h-screen place-items-center bg-[#faf9f8] text-[#201f1e]"><div className="text-center"><div className="mx-auto grid h-10 w-10 place-items-center rounded bg-[#0f6cbd] text-xs font-bold text-white">S</div><div className="mt-4 text-[11px] font-semibold uppercase tracking-wide text-[#605e5c]">Securing workspace</div><div className="mt-1 text-[12px] text-[#8a8886]">Checking authenticated session…</div></div></div>; }%0A+ function CoverPage() { return <div className="min-h-screen bg-[#faf9f8] text-[#201f1e]"><div className="mx-auto flex min-h-screen max-w-5xl items-center px-6 py-16"><div className="max-w-3xl"><div className="mb-5 inline-flex items-center gap-1.5 rounded border border-[#e1dfdd] bg-white px-2.5 py-1 text-[11px] font-semibold uppercase tracking-wide text-[#605e5c]">Evidence-first software trust</div><h1 className="text-[28px] font-semibold tracking-tight md:text-[34px]">Software trust, operated as a system.</h1><p className="mt-4 max-w-2xl text-[14px] leading-6 text-[#605e5c]">Software Passport Registry turns software identity, security, provenance, reliability, compliance, and evidence into repeatable workflows for teams, buyers, and managed service providers.</p><div className="mt-6 flex flex-wrap gap-2"><button onClick={() => navigate('/login')} className="h-9 rounded bg-[#0f6cbd] px-4 text-[13px] font-semibold text-white hover:bg-[#004578]">Enter SPR</button><button onClick={() => navigate('/free-review')} className="h-9 rounded border border-[#c8c6c4] bg-white px-4 text-[13px] font-medium text-[#323130] hover:bg-black/[.03]">Free review</button></div></div></div></div>; }%0A+ function PublicPage({ title, description, action, onAction }: { title: string; description: string; action: string; onAction: () => void }) { return <div className="grid min-h-screen place-items-center bg-[#faf9f8] px-6 text-[#201f1e]"><div className="max-w-md rounded-md border border-[#e1dfdd] bg-white p-6 text-center"><div className="text-[11px] font-semibold uppercase tracking-wide text-[#605e5c]">Software Passport Registry</div><h1 className="mt-2 text-[20px] font-semibold">{title}</h1><p className="mt-2 text-[13px] leading-5 text-[#605e5c]">{description}</p><button onClick={onAction} className="mt-5 h-9 rounded bg-[#0f6cbd] px-4 text-[13px] font-semibold text-white hover:bg-[#004578]">{action}</button></div></div>; }%0A+ function WorkflowBoundary({ title, description, extensionId, onNavigate }: { title: string; description: string; extensionId?: string; onNavigate: (path: string) => void }) { const extension = extensionId ? EXTENSIONS.find((item) => item.id === extensionId) : undefined; return <section><div className="rounded-md border border-[#e1dfdd] bg-white p-5"><div className="text-[11px] font-semibold uppercase tracking-wide text-[#605e5c]">Workflow boundary</div><h1 className="mt-1.5 text-[20px] font-semibold tracking-tight">{title}</h1><p className="mt-2 max-w-2xl text-[13px] leading-5 text-[#605e5c]">{description}</p>{extension && <button onClick={() => onNavigate(extension.entryPath)} className="mt-4 h-8 rounded bg-[#0f6cbd] px-3 text-[12px] font-semibold text-white hover:bg-[#004578]">Open {extension.name} →</button>}</div></section>; }%0A+ export default function App() {%0A+  const path=usePath(); const [authReady,setAuthReady]=useState(false); const [user,setUser]=useState<User|null>(null); const [role,setRole]=useState('Viewer'); const [selectedClientId,setSelectedClientId]=useState(''); const [selectedPassportId,setSelectedPassportId]=useState<string|null>(null); const [assets,setAssets]=useState<any[]>([]); const [clients,setClients]=useState<Client[]>(EMPTY_CLIENTS); const [passports,setPassports]=useState<SoftwarePassport[]>(EMPTY_PASSPORTS); const [vendors,setVendors]=useState<Vendor[]>(EMPTY_VENDORS); const [alerts,setAlerts]=useState<Alert[]>(EMPTY_ALERTS); const [findings,setFindings]=useState<unknown[]>([]); const [scans,setScans]=useState<Scan[]>(EMPTY_SCANS); const [integrations,setIntegrations]=useState<Integration[]>(EMPTY_INTEGRATIONS); const [theme,setTheme]=useState<'light'|'dark'>('dark'); const [verificationDecisions,setVerificationDecisions]=useState<Record<string,VerificationDecision>>({}); const [verificationDetails,setVerificationDetails]=useState<Record<string,unknown>>({});%0A+  useEffect(()=>{let mounted=true;let redirectSettled=false;let observedUser:User|null=null;const timeoutId=window.setTimeout(()=>{if(mounted)setAuthReady(true)},10000);const unsubscribe=onAuthStateChanged(auth,(currentUser)=>{if(!mounted)return;observedUser=currentUser;if(!redirectSettled)return;setUser(currentUser);setAuthReady(true);window.clearTimeout(timeoutId)},()=>{if(mounted){setAuthReady(true);window.clearTimeout(timeoutId)}});void getRedirectResult(auth).then(result=>{redirectSettled=true;if(mounted)setUser(result?.user||observedUser);if(mounted)setAuthReady(true);window.clearTimeout(timeoutId)}).catch(error=>{redirectSettled=true;console.error('[Firebase redirect sign-in error]',error);if(mounted)setUser(observedUser);if(mounted)setAuthReady(true);window.clearTimeout(timeoutId)});return()=>{mounted=false;window.clearTimeout(timeoutId);unsubscribe()}},[]);%0A+  useEffect(()=>{if(authReady&&!user&&!PUBLIC_PATHS.has(path))navigate('/login')},[authReady,user,path]);%0A+  useEffect(()=>{if(!user)return;let cancelled=false;const load=async()=>{const responses=await Promise.all([apiFetch('/api/user/me'),apiFetch('/api/scans'),apiFetch('/api/trust-loop/findings'),apiFetch('/api/user/passports'),apiFetch('/api/user/clients'),apiFetch('/api/integrations'),apiFetch('/api/user/verification')]);if(responses.some(r=>r.status===401)){await signOut(auth);navigate('/login');return}const [me,scansResponse,findingsResponse,passportsResponse,clientsResponse,integrationsResponse,verificationResponse]=responses;if(verificationResponse.ok){const data=await verificationResponse.json().catch(()=>null);if(!cancelled){setVerificationDecisions(data?.verificationDecisions&&typeof data.verificationDecisions==='object'?data.verificationDecisions:{});setVerificationDetails(data?.verificationDetails&&typeof data.verificationDetails==='object'?data.verificationDetails:{})}}else if(!cancelled){setVerificationDecisions({});setVerificationDetails({})}if(me.ok){const data=await me.json().catch(()=>null);if(!cancelled)setRole(String(data?.role||'Viewer'))}if(scansResponse.ok){const data=await scansResponse.json().catch(()=>[]);if(!cancelled&&Array.isArray(data))setScans(data)}if(findingsResponse.ok){const data=await findingsResponse.json().catch(()=>[]);const rows=Array.isArray(data)?data:data?.findings;if(!cancelled&&Array.isArray(rows)){setFindings(rows);setAlerts(rows.map((row:any)=>({id:String(row.id),title:String(row.title||row.control_id||'Trust finding'),severity:String(row.severity||'Low').replace(/^./,(s:string)=>s.toUpperCase()),category:'Trust finding',clientName:String(row.client_id||'Tenant'),description:String(row.description||'Evidence-backed finding'),timestamp:String(row.updated_at||''),status:deriveAlertStatus(row.remediation_status,row.status),remediationId:row.remediation_id?String(row.remediation_id):null,ownerDisplay:row.remediation_owner_display||null,slaDueAt:row.remediation_sla_due_at||null})) as Alert[])}}if(passportsResponse.ok){const data=await passportsResponse.json().catch(()=>[]);const rows=Array.isArray(data)?data:data?.passports;if(!cancelled&&Array.isArray(rows)){const normalized=rows.map((row:any)=>({...row,id:String(row.id),name:String(row.name||'Unnamed software'),version:String(row.version||'unknown'),publisher:String(row.publisher||'unknown'),clientId:row.clientId?String(row.clientId):undefined,evidence:Array.isArray(row.evidence)?row.evidence:[],vulnerabilities:Array.isArray(row.vulnerabilities)?row.vulnerabilities:[],timeline:Array.isArray(row.timeline)?row.timeline:[],sbom:Array.isArray(row.sbom)?row.sbom:[],scores:null,scoreStatus:row.scoreStatus||'not_authoritatively_scored'})) as SoftwarePassport[];setPassports(normalized);setAssets(normalized.map((passport:any)=>({id:passport.id,name:passport.name,hostName:passport.name,type:passport.category||'software',clientId:passport.clientId,clientName:String(passport.clientId||'Unobserved'),environment:String(passport.environment||'Unobserved'),version:passport.version})));setVendors(EMPTY_VENDORS)}}if(clientsResponse.ok){const data=await clientsResponse.json().catch(()=>[]);const rows=Array.isArray(data)?data:data?.clients;if(!cancelled&&Array.isArray(rows))setClients(rows.map((row:any)=>({...row,id:String(row.id),name:String(row.name||row.company_name||'Unnamed client')})) as Client[])}if(integrationsResponse.ok){const data=await integrationsResponse.json().catch(()=>[]);if(!cancelled&&Array.isArray(data))setIntegrations(data)}};void load().catch(error=>console.warn('[SPR command center load]',error));return()=>{cancelled=true}},[user]);%0A+  useEffect(()=>{const refresh=()=>{if(user)window.location.reload()};window.addEventListener('refresh-data',refresh);return()=>window.removeEventListener('refresh-data',refresh)},[user]);%0A+  const onNavigateTab=(target:string,itemId?:string)=>navigate(itemId?`${target.startsWith('/')?target:`/${target}`}/${encodeURIComponent(itemId)}`:target.startsWith('/')?target:`/${target}`); const quickAction=(action:'add-client'|'register-passport'|'scan-sbom')=>navigate(action==='add-client'?'/clients':action==='register-passport'?'/passports':'/scans');%0A+  const performAlertAction=async(alert:Alert,action:'acknowledge'|'assign'|'resolve'|'escalate'|'snooze'|'reopen',assigneeDisplay?:string)=>{let remediationId=alert.remediationId;if(!remediationId){const created=await apiFetch('/api/trust-loop/remediations',{method:'POST',headers:{'Content-Type':'application/json'},body:JSON.stringify({findingId:alert.id,title:alert.title,description:alert.description,priority:alert.severity.toUpperCase()})});if(!created.ok)return;const createdBody=await created.json().catch(()=>null);remediationId=createdBody?.id?String(createdBody.id):undefined;if(!remediationId)return}const patchBody:Record<string,unknown>={acknowledge:{status:'IN_PROGRESS'},resolve:{status:'CLOSED'},snooze:{status:'BLOCKED'},reopen:{status:'OPEN'},escalate:{status:'IN_PROGRESS',slaDueAt:new Date(Date.now()+4*3600*1000).toISOString()},assign:{status:'IN_PROGRESS',ownerDisplay:assigneeDisplay||''}}[action];const response=await apiFetch(`/api/trust-loop/remediations/${encodeURIComponent(remediationId)}`,{method:'PATCH',headers:{'Content-Type':'application/json'},body:JSON.stringify(patchBody)});if(!response.ok)return;const updated=await response.json().catch(()=>null);setAlerts(current=>current.map(item=>item.id===alert.id?{...item,remediationId,status:deriveAlertStatus(updated?.status??String(patchBody.status),null),ownerDisplay:updated?.owner_display??(patchBody.ownerDisplay as string|undefined)??item.ownerDisplay,slaDueAt:updated?.sla_due_at??(patchBody.slaDueAt as string|undefined)??item.slaDueAt}:item))};%0A+  const selectedExtension=useMemo(()=>{const match=path.match(/^\/extensions\/([^/]+)/);return match?decodeURIComponent(match[1]):null},[path]);const signOutUser=async()=>{await signOut(auth);navigate('/login')};%0A+  if(!authReady)return <AuthLoading/>;if(path==='/')return <CoverPage/>;if(path==='/login')return user?<AuthLoading/>:<LoginView onLoginSuccess={()=>navigate('/dashboard')}/>;if(!user&&path==='/free-review')return <PublicPage title="Free software review" description="Start an evidence-first review from the public entry point." action="Sign in to continue" onAction={()=>navigate('/login')}/>;if(!user&&path==='/pricing')return <PublicPage title="SPR plans" description="Account and billing capabilities are available inside the authenticated workspace." action="Enter SPR" onAction={()=>navigate('/login')}/>;if(!user)return <AuthLoading/>;%0A+  let view:ReactNode;if(selectedExtension)view=<ExtensionWorkflow id={selectedExtension} onNavigate={navigate}/>;else switch(path){case '/dashboard':view=<EvidenceDashboardView clients={clients} alerts={alerts} scans={scans} passports={passports} findings={findings} onNavigateTab={onNavigateTab} onOpenQuickAction={quickAction}/>;break;case '/coverage':view=<CoverageView clients={clients} scans={scans} passports={passports} onNavigateTab={onNavigateTab}/>;break;case '/evidence-explorer':view=<EvidenceExplorerView passports={passports}/>;break;case '/assets':view=<AssetsView clients={clients} searchQuery="" assets={assets}/>;break;case '/passports':case '/registry':view=<PassportsView verificationDecisions={verificationDecisions} verificationDetails={verificationDetails} passports={passports} selectedPassportId={selectedPassportId} setSelectedPassportId={setSelectedPassportId} searchQuery="" clients={clients} assets={assets} role={role} onNavigateTab={onNavigateTab} onUpdatePassport={passport=>setPassports(current=>current.map(item=>item.id===passport.id?passport:item))}/>;break;case '/scans':view=<ScansView scans={scans} clients={clients} assets={assets} passports={passports} role={role} onTriggerNewScan={scan=>setScans(current=>[scan,...current.filter(item=>item.id!==scan.id)].slice(0,100))}/>;break;case '/alerts':view=<AlertsView alerts={alerts} onAlertAction={performAlertAction}/>;break;case '/reports':view=<ReportsView clients={clients} passports={passports} scans={scans} alerts={alerts} findings={findings} role={role}/>;break;case '/trust-graph':view=<TrustGraphView clients={clients} passports={passports} assets={assets} findings={findings}/>;/* onSelectPassport={setSelectedPassportId} */break;case '/clients':view=<ClientsView clients={clients} selectedClientId={selectedClientId} setSelectedClientId={setSelectedClientId} passports={passports} onNavigateTab={onNavigateTab} searchQuery=""/>;break;case '/vendors':view=<VendorsView vendors={vendors} searchQuery=""/>;break;case '/integrations':view=<IntegrationsView passports={passports} onNavigateTab={onNavigateTab}/>;break;case '/monitoring':view=<MonitoringView role={role}/>;break;case '/security':view=<SecurityCenterView clients={clients} passports={passports}/>;break;case '/compliance':view=<ComplianceView clients={clients} role={role}/>;break;case '/msp':view=<MSPCommandCenter verificationDecisions={verificationDecisions} verificationDetails={verificationDetails} clients={clients} alerts={alerts} findings={findings} role={role} onSelectClient={setSelectedClientId} onNavigate={navigate}/>;break;case '/agent-trust':view=<AgentTrustView/>;break;case '/ai-trust-center':view=<AITrustCenterView role={role}/>;break;case '/enterprise-readiness':view=<EnterpriseReadinessView clients={clients}/>;break;case '/investor':view=<InvestorHomeView passports={passports} clients={clients} alerts={alerts} onShowTelemetry={()=>navigate('/scans')} onNavigateTab={onNavigateTab}/>;break;case '/founder':view=<FounderDashboardView userRole={role}/>;break;case '/billing':view=<BillingView/>;break;case '/settings':view=<SettingsView theme={theme} onToggleTheme={()=>setTheme(current=>current==='dark'?'light':'dark')}/>;break;case '/team':view=<TeamView role={role}/>;break;case '/audit-log':view=<AuditLogView/>;break;case '/extensions':view=<ExtensionMarketplace onNavigateTab={onNavigateTab} role={role}/>;break;default:view=<WorkflowBoundary title="Workflow" description="This authenticated capability is explicitly routed through the Command Center. Choose its owning workflow from the left rail." onNavigate={navigate}/>}%0A+  return <CommandCenter path={path} userEmail={user.email} role={role} onNavigate={navigate} onSignOut={()=>void signOutUser()}>{view}</CommandCenter>;%0A+ }%0A+%0A%0A ❯ tests/public-homepage-demo.test.ts:101:17%0A%0A

::error file=/home/runner/work/software-passport-registry/software-passport-registry/tests/remediation-and-report-snapshot-fixes-contract.test.ts,title=tests/remediation-and-report-snapshot-fixes-contract.test.ts > POST /trust-loop/remediations no longer writes to the dead remediation_tasks table > does not insert into remediation_tasks (its integrity trigger requires alert_id to reference the never-populated `alerts` table%2C so this insert unconditionally failed every time),line=18,column=27::AssertionError: expected 'router.post(\'/remediations\', async …' not to contain 'INSERT INTO remediation_tasks'%0A%0A- Expected%0A+ Received%0A%0A- INSERT INTO remediation_tasks%0A+ router.post('/remediations', async (req: AuthenticatedRequest, res, next) => {%0A+     const parsed = remediationSchema.safeParse(req.body);%0A+     if (!parsed.success) return res.status(400).json({ error: 'INVALID_PAYLOAD', details: parsed.error.flatten() });%0A+     try {%0A+       const db = req.db!;%0A+       const p = parsed.data;%0A+       const tenantId = req.user!.tenantId;%0A+       const finding = (await db.execute(sql`SELECT id,client_id,passport_id,title,description FROM trust_findings WHERE id=${p.findingId} AND tenant_id=${tenantId} LIMIT 1`) as any).rows?.[0];%0A+       if (!finding) return res.status(404).json({ error: 'FINDING_NOT_FOUND' });%0A+       const now = new Date().toISOString();%0A+       const workId = id('remed');%0A+       await db.execute(sql`INSERT INTO trust_remediation_work_items (id,tenant_id,passport_id,finding_id,external_system,external_ticket_id,owner_id,owner_display,sla_due_at,status,remediation_plan,created_at,updated_at) VALUES (${workId},${tenantId},${finding.passport_id},${finding.id},${p.externalSystem},${p.externalTicketId ?? null},${p.assigneeId ?? null},${p.assigneeDisplay ?? null},${p.slaDueAt ?? null},'OPEN',${p.description || finding.description},${now},${now})`);%0A+       await db.execute(sql`INSERT INTO remediation_tasks (id,tenant_id,client_id,alert_id,title,description,priority,status,assignee_id,created_by,created_at,updated_at) VALUES (${workId},${tenantId},${finding.client_id},${finding.id},${p.title},${p.description || finding.description},${p.priority},'OPEN',${p.assigneeId ?? null},${req.user!.uid},${now},${now})`);%0A+       const created = (await db.execute(sql`SELECT * FROM trust_remediation_work_items WHERE id=${workId} AND tenant_id=${tenantId} LIMIT 1`) as any).rows?.[0];%0A+       return res.status(201).json({ ...created, title: p.title });%0A+     } catch (error) { return next(error); }%0A+   });%0A+%0A+   router.get('/remediations/:id', async (req: AuthenticatedRequest, res, next) => {%0A+     try {%0A+       const db = req.db!;%0A+       const tenantId = req.user!.tenantId;%0A+       const row = (await db.execute(sql`SELECT w.*, f.title AS finding_title FROM trust_remediation_work_items w JOIN trust_findings f ON f.id = w.finding_id AND f.tenant_id = w.tenant_id WHERE w.id=${req.params.id} AND w.tenant_id=${tenantId} LIMIT 1`) as any).rows?.[0];%0A+       if (!row) return res.status(404).json({ error: 'REMEDIATION_NOT_FOUND' });%0A+       return res.json({ ...row, title: row.finding_title });%0A+     } catch (error) { return next(error); }%0A+   });%0A+%0A+   router.post('/remediations/:id/verify-latest', async (req: AuthenticatedRequest, res, next) => {%0A+     try {%0A+       const db = req.db!;%0A+       const tenantId = req.user!.tenantId;%0A+       const work = (await db.execute(sql`SELECT id,finding_id,passport_id FROM trust_remediation_work_items WHERE id=${req.params.id} AND tenant_id=${tenantId} LIMIT 1`) as any).rows?.[0];%0A+       if (!work) return res.status(404).json({ error: 'REMEDIATION_NOT_FOUND' });%0A+       const latestObservation = (await db.execute(sql`SELECT id,evidence_ids FROM trust_observations WHERE tenant_id=${tenantId} AND passport_id=${work.passport_id} ORDER BY observation_version DESC LIMIT 1`) as any).rows?.[0];%0A+       if (!latestObservation) return res.status(409).json({ error: 'NO_OBSERVATION_ON_FILE', message: 'SPR has no recorded observation for this software yet. Collect evidence before verifying.' });%0A+       const evidenceIds: string[] = parseJson(latestObservation.evidence_ids, []) as string[];%0A+       const result = await verifyRemediation({ tenantId, findingId: work.finding_id, observationIds: [latestObservation.id], evidenceIds, actorId: req.user!.uid });%0A+       const now = new Date().toISOString();%0A+       await db.execute(sql`UPDATE trust_remediation_work_items SET status='VERIFIED',updated_at=${now},closed_at=${now} WHERE id=${work.id} AND tenant_id=${tenantId}`);%0A+       const row = (await db.execute(sql`SELECT * FROM trust_remediation_work_items WHERE id=${work.id} AND tenant_id=${tenantId} LIMIT 1`) as any).rows?.[0];%0A+       return res.json({ ...row, verification: result });%0A+     } catch (error: any) {%0A+       const message = error instanceof Error ? error.message : String(error);%0A+       if (/^VERIFICATION_|^FINDING_NOT_FOUND$/.test(message)) return res.status(409).json({ error: message });%0A+       return next(error);%0A+     }%0A+   });%0A+%0A+   %0A%0A ❯ tests/remediation-and-report-snapshot-fixes-contract.test.ts:18:27%0A%0A

::error file=/home/runner/work/software-passport-registry/software-passport-registry/tests/remediation-and-report-snapshot-fixes-contract.test.ts,title=tests/remediation-and-report-snapshot-fixes-contract.test.ts > PATCH /trust-loop/remediations/%3Aid status-only update no longer 500s > binds null instead of undefined for the unreachable ELSE branch when slaDueAt is omitted,line=30,column=15::AssertionError: expected 'import { Router } from \'express\';\n…' to contain 'ELSE ${p.slaDueAt ?? null} END'%0A%0A- Expected%0A+ Received%0A%0A- ELSE ${p.slaDueAt ?? null} END%0A+ import { Router } from 'express';%0A+ import { sql } from 'drizzle-orm';%0A+ import crypto from 'node:crypto';%0A+ import { z } from 'zod';%0A+ import { AuthenticatedRequest } from '../middleware/security.ts';%0A+ import { decryptCredentials } from '../integrations/credential-vault.ts';%0A+ import { collectDeepProviderEvidence } from '../integrations/deep-collectors.ts';%0A+ import { collectGitHubDeepEvidence } from '../integrations/github-deep.ts';%0A+ import { persistTrustLoop, verifyRemediation } from '../trust/trust-loop.ts';%0A+%0A+ const collectSchema = z.object({ passportId: z.string().trim().min(1).max(255), provider: z.string().trim().min(1).max(64) }).strict();%0A+ const remediationSchema = z.object({%0A+   findingId: z.string().trim().min(1),%0A+   title: z.string().trim().min(1).max(255),%0A+   description: z.string().max(4000).optional(),%0A+   assigneeId: z.string().max(255).optional(),%0A+   assigneeDisplay: z.string().max(255).optional(),%0A+   externalSystem: z.string().trim().min(1).max(64).default('SPR'),%0A+   externalTicketId: z.string().max(255).optional(),%0A+   slaDueAt: z.string().datetime().optional(),%0A+   priority: z.enum(['LOW', 'MEDIUM', 'HIGH', 'CRITICAL']).default('HIGH'),%0A+ }).strict();%0A+ const remediationUpdateSchema = z.object({ status: z.enum(['OPEN', 'IN_PROGRESS', 'BLOCKED', 'READY_FOR_VERIFICATION', 'VERIFIED', 'CLOSED', 'CANCELLED']), ownerId: z.string().max(255).optional(), ownerDisplay: z.string().max(255).optional(), slaDueAt: z.string().datetime().nullable().optional() }).strict();%0A+ const verifySchema = z.object({ findingId: z.string().trim().min(1), observationIds: z.array(z.string().min(1)).max(50), evidenceIds: z.array(z.string().min(1)).max(200) }).strict();%0A+ const reportTypes = z.enum(['executive', 'technical', 'msp', 'customer', 'compliance', 'vendor', 'auditor', 'evidence-ledger']);%0A+ function id(prefix: string) { return `${prefix}_${crypto.randomUUID().replaceAll('-', '')}`; }%0A+ function parseJson(value: unknown, fallback: unknown = []) { try { return value ? JSON.parse(String(value)) : fallback; } catch { return fallback; } }%0A+%0A+ const SEVERITY_ORDER = ['critical', 'high', 'medium', 'low'];%0A+%0A+ export type ReportPassportRow = {%0A+   overall_score: number | null;%0A+   security_score: number | null;%0A+   compliance_score: number | null;%0A+   verification_status: string | null;%0A+   confidence_score: number | null;%0A+   evidence_completeness: number | null;%0A+ };%0A+%0A+ export function deriveReportRiskFields(passport: ReportPassportRow) {%0A+   const verificationStatus = passport.verification_status || 'unverified';%0A+   const isMeasured = verificationStatus !== 'unverified';%0A+   return {%0A+     canonicalScore: isMeasured ? passport.overall_score : null,%0A+     verificationStatus,%0A+     confidenceBasisPoints: isMeasured && passport.confidence_score != null ? Math.round(passport.confidence_score * 100) : null,%0A+     completenessBasisPoints: isMeasured && passport.evidence_completeness != null ? Math.round(passport.evidence_completeness * 100) : null,%0A+   };%0A+ }%0A+%0A+ function buildReportTypeExtras(reportType: string, passport: any, findings: any[]) {%0A+   if (reportType === 'sbom') {%0A+     const components = parseJson(passport.sbom, []) as any[];%0A+     const vulnerabilities = parseJson(passport.vulnerabilities, []) as any[];%0A+     const sbom = components.map((component) => {%0A+       const name = component?.name || component?.packageName || component?.component;%0A+       const matched = vulnerabilities.filter((vuln) => (vuln?.component || vuln?.packageName || vuln?.package) === name);%0A+       return { ...component, vulnerabilityCount: matched.length, criticalOrHighCount: matched.filter((vuln) => SEVERITY_ORDER.slice(0, 2).includes(String(vuln?.severity || '').toLowerCase())).length };%0A+     });%0A+     return { sbom };%0A+   }%0A+   if (reportType === 'compliance') {%0A+     const byControl = new Map<string, { controlId: string; findingCount: number; openCount: number; worstSeverity: string; findingIds: string[] }>();%0A+     for (const finding of findings) {%0A+       const controlId = finding.control_id || 'unmapped';%0A+       const entry = byControl.get(controlId) || { controlId, findingCount: 0, openCount: 0, worstSeverity: 'low', findingIds: [] as string[] };%0A+       entry.findingCount += 1;%0A+       entry.findingIds.push(finding.id);%0A+       if (!['resolved', 'closed', 'verified'].includes(String(finding.status || '').toLowerCase())) entry.openCount += 1;%0A+       const severity = String(finding.severity || '').toLowerCase();%0A+       if (SEVERITY_ORDER.includes(severity) && SEVERITY_ORDER.indexOf(severity) < SEVERITY_ORDER.indexOf(entry.worstSeverity)) entry.worstSeverity = severity;%0A+       byControl.set(controlId, entry);%0A+     }%0A+     return { controls: [...byControl.values()] };%0A+   }%0A+   return {};%0A+ }%0A+%0A+ export function createTrustLoopRouter() {%0A+   const router = Router();%0A+%0A+   router.post('/collect', async (req: AuthenticatedRequest, res, next) => {%0A+     const parsed = collectSchema.safeParse(req.body);%0A+     if (!parsed.success) return res.status(400).json({ error: 'INVALID_PAYLOAD', details: parsed.error.flatten() });%0A+     const { passportId, provider } = parsed.data;%0A+     const tenantId = req.user!.tenantId;%0A+     const runId = id('collect');%0A+     const startedAt = new Date().toISOString();%0A+     const db = req.db!;%0A+     try {%0A+       const passport = (await db.execute(sql`SELECT id,client_id FROM passports WHERE id=${passportId} AND tenant_id=${tenantId} LIMIT 1`) as any).rows?.[0];%0A+       if (!passport) return res.status(404).json({ error: 'PASSPORT_NOT_FOUND' });%0A+       const stored = (await db.execute(sql`SELECT encrypted_payload FROM integration_credentials WHERE tenant_id=${tenantId} AND provider=${provider} LIMIT 1`) as any).rows?.[0];%0A+       if (!stored?.encrypted_payload) return res.status(409).json({ error: 'CREDENTIAL_NOT_CONFIGURED' });%0A+%0A+       await db.execute(sql`INSERT INTO trust_collection_runs (id,tenant_id,passport_id,provider,started_at,status,idempotency_key,created_at) VALUES (${runId},${tenantId},${passportId},${provider},${startedAt},'RUNNING',${`${tenantId}:${passportId}:${provider}:${startedAt}`},${startedAt})`);%0A+       const credentials = decryptCredentials(stored.encrypted_payload) as Record<string, string>;%0A+       const observations = provider === 'github' ? await collectGitHubDeepEvidence(credentials) : await collectDeepProviderEvidence(provider as any, credentials);%0A+       const result = await persistTrustLoop({ tenantId, passportId, clientId: passport.client_id || passport.id, assetId: passport.id, observations, generationReason: 'provider_collection', actorType: 'worker', collectorVersionMap: { [provider]: 'deep-v2' } });%0A+       const completedAt = new Date().toISOString();%0A+       await db.execute(sql`UPDATE trust_collection_runs SET completed_at=${completedAt},status='SUCCEEDED',observation_count=${observations.length},evidence_count=${result.evidenceIds.length},failure_count=${observations.filter((o) => o.status === 'FAIL').length},collector_version='deep-v2' WHERE id=${runId} AND tenant_id=${tenantId}`);%0A+       await db.execute(sql`INSERT INTO trust_monitoring_state (id,tenant_id,passport_id,provider,next_run_at,last_run_at,last_success_at,last_evidence_hash,consecutive_failures,status,updated_at) VALUES (${id('monitor')},${tenantId},${passportId},${provider},${new Date(Date.now()+3600000).toISOString()},${completedAt},${completedAt},${result.payloadHash},0,'HEALTHY',${completedAt}) ON CONFLICT (tenant_id,passport_id,provider) DO UPDATE SET next_run_at=EXCLUDED.next_run_at,last_run_at=EXCLUDED.last_run_at,last_success_at=EXCLUDED.last_success_at,last_evidence_hash=EXCLUDED.last_evidence_hash,consecutive_failures=0,status='HEALTHY',updated_at=EXCLUDED.updated_at`);%0A+       return res.json({ runId, provider, observationCount: observations.length, ...result });%0A+     } catch (error) {%0A+       const completedAt = new Date().toISOString();%0A+       await db.execute(sql`UPDATE trust_collection_runs SET completed_at=${completedAt},status='FAILED',error_code='COLLECTION_FAILED',error_message=${error instanceof Error ? error.message.slice(0,1000) : 'COLLECTION_FAILED'} WHERE id=${runId} AND tenant_id=${tenantId}`).catch(() => undefined);%0A+       await db.execute(sql`UPDATE trust_monitoring_state SET last_run_at=${completedAt},last_failure_at=${completedAt},consecutive_failures=consecutive_failures+1,status=CASE WHEN consecutive_failures+1 >= 5 THEN 'FAILED' ELSE 'DEGRADED' END,updated_at=${completedAt} WHERE tenant_id=${tenantId} AND passport_id=${passportId} AND provider=${provider}`).catch(() => undefined);%0A+       return next(error);%0A+     }%0A+   });%0A+%0A+   const findingsWithRemediationSelect = sql`%0A+     SELECT f.*, r.id AS remediation_id, r.status AS remediation_status, r.owner_id AS remediation_owner_id,%0A+            r.owner_display AS remediation_owner_display, r.sla_due_at AS remediation_sla_due_at, r.updated_at AS remediation_updated_at%0A+     FROM trust_findings f%0A+     LEFT JOIN LATERAL (%0A+       SELECT * FROM trust_remediation_work_items w%0A+       WHERE w.tenant_id = f.tenant_id AND w.finding_id = f.id%0A+       ORDER BY w.created_at DESC LIMIT 1%0A+     ) r ON true%0A+   `;%0A+   router.get('/findings', async (req: AuthenticatedRequest, res, next) => {%0A+     try {%0A+       const db = req.db!;%0A+       const tenantId = req.user!.tenantId;%0A+       const passportId = typeof req.query.passportId === 'string' ? req.query.passportId : null;%0A+       const rows = passportId%0A+         ? await db.execute(sql`${findingsWithRemediationSelect} WHERE f.tenant_id=${tenantId} AND f.passport_id=${passportId} ORDER BY CASE f.severity WHEN 'critical' THEN 1 WHEN 'high' THEN 2 WHEN 'medium' THEN 3 WHEN 'low' THEN 4 ELSE 5 END,f.updated_at DESC`)%0A+         : await db.execute(sql`${findingsWithRemediationSelect} WHERE f.tenant_id=${tenantId} ORDER BY f.updated_at DESC`);%0A+       return res.json({ findings: (rows as any).rows || [] });%0A+     } catch (error) { return next(error); }%0A+   });%0A+%0A+   router.post('/remediations', async (req: AuthenticatedRequest, res, next) => {%0A+     const parsed = remediationSchema.safeParse(req.body);%0A+     if (!parsed.success) return res.status(400).json({ error: 'INVALID_PAYLOAD', details: parsed.error.flatten() });%0A+     try {%0A+       const db = req.db!;%0A+       const p = parsed.data;%0A+       const tenantId = req.user!.tenantId;%0A+       const finding = (await db.execute(sql`SELECT id,client_id,passport_id,title,description FROM trust_findings WHERE id=${p.findingId} AND tenant_id=${tenantId} LIMIT 1`) as any).rows?.[0];%0A+       if (!finding) return res.status(404).json({ error: 'FINDING_NOT_FOUND' });%0A+       const now = new Date().toISOString();%0A+       const workId = id('remed');%0A+       await db.execute(sql`INSERT INTO trust_remediation_work_items (id,tenant_id,passport_id,finding_id,external_system,external_ticket_id,owner_id,owner_display,sla_due_at,status,remediation_plan,created_at,updated_at) VALUES (${workId},${tenantId},${finding.passport_id},${finding.id},${p.externalSystem},${p.externalTicketId ?? null},${p.assigneeId ?? null},${p.assigneeDisplay ?? null},${p.slaDueAt ?? null},'OPEN',${p.description || finding.description},${now},${now})`);%0A+       await db.execute(sql`INSERT INTO remediation_tasks (id,tenant_id,client_id,alert_id,title,description,priority,status,assignee_id,created_by,created_at,updated_at) VALUES (${workId},${tenantId},${finding.client_id},${finding.id},${p.title},${p.description || finding.description},${p.priority},'OPEN',${p.assigneeId ?? null},${req.user!.uid},${now},${now})`);%0A+       const created = (await db.execute(sql`SELECT * FROM trust_remediation_work_items WHERE id=${workId} AND tenant_id=${tenantId} LIMIT 1`) as any).rows?.[0];%0A+       return res.status(201).json({ ...created, title: p.title });%0A+     } catch (error) { return next(error); }%0A+   });%0A+%0A+   router.get('/remediations/:id', async (req: AuthenticatedRequest, res, next) => {%0A+     try {%0A+       const db = req.db!;%0A+       const tenantId = req.user!.tenantId;%0A+       const row = (await db.execute(sql`SELECT w.*, f.title AS finding_title FROM trust_remediation_work_items w JOIN trust_findings f ON f.id = w.finding_id AND f.tenant_id = w.tenant_id WHERE w.id=${req.params.id} AND w.tenant_id=${tenantId} LIMIT 1`) as any).rows?.[0];%0A+       if (!row) return res.status(404).json({ error: 'REMEDIATION_NOT_FOUND' });%0A+       return res.json({ ...row, title: row.finding_title });%0A+     } catch (error) { return next(error); }%0A+   });%0A+%0A+   router.post('/remediations/:id/verify-latest', async (req: AuthenticatedRequest, res, next) => {%0A+     try {%0A+       const db = req.db!;%0A+       const tenantId = req.user!.tenantId;%0A+       const work = (await db.execute(sql`SELECT id,finding_id,passport_id FROM trust_remediation_work_items WHERE id=${req.params.id} AND tenant_id=${tenantId} LIMIT 1`) as any).rows?.[0];%0A+       if (!work) return res.status(404).json({ error: 'REMEDIATION_NOT_FOUND' });%0A+       const latestObservation = (await db.execute(sql`SELECT id,evidence_ids FROM trust_observations WHERE tenant_id=${tenantId} AND passport_id=${work.passport_id} ORDER BY observation_version DESC LIMIT 1`) as any).rows?.[0];%0A+       if (!latestObservation) return res.status(409).json({ error: 'NO_OBSERVATION_ON_FILE', message: 'SPR has no recorded observation for this software yet. Collect evidence before verifying.' });%0A+       const evidenceIds: string[] = parseJson(latestObservation.evidence_ids, []) as string[];%0A+       const result = await verifyRemediation({ tenantId, findingId: work.finding_id, observationIds: [latestObservation.id], evidenceIds, actorId: req.user!.uid });%0A+       const now = new Date().toISOString();%0A+       await db.execute(sql`UPDATE trust_remediation_work_items SET status='VERIFIED',updated_at=${now},closed_at=${now} WHERE id=${work.id} AND tenant_id=${tenantId}`);%0A+       const row = (await db.execute(sql`SELECT * FROM trust_remediation_work_items WHERE id=${work.id} AND tenant_id=${tenantId} LIMIT 1`) as any).rows?.[0];%0A+       return res.json({ ...row, verification: result });%0A+     } catch (error: any) {%0A+       const message = error instanceof Error ? error.message : String(error);%0A+       if (/^VERIFICATION_|^FINDING_NOT_FOUND$/.test(message)) return res.status(409).json({ error: message });%0A+       return next(error);%0A+     }%0A+   });%0A+%0A+   router.patch('/remediations/:id', async (req: AuthenticatedRequest, res, next) => {%0A+     const parsed = remediationUpdateSchema.safeParse(req.body);%0A+     if (!parsed.success) return res.status(400).json({ error: 'INVALID_PAYLOAD', details: parsed.error.flatten() });%0A+     try {%0A+       const db = req.db!;%0A+       const tenantId = req.user!.tenantId;%0A+       const p = parsed.data;%0A+       const now = new Date().toISOString();%0A+       const rows = await db.execute(sql`UPDATE trust_remediation_work_items SET status=${p.status},owner_id=COALESCE(${p.ownerId ?? null},owner_id),owner_display=COALESCE(${p.ownerDisplay ?? null},owner_display),sla_due_at=CASE WHEN ${p.slaDueAt === undefined} THEN sla_due_at ELSE ${p.slaDueAt} END,updated_at=${now},closed_at=CASE WHEN ${p.status} IN ('CLOSED','VERIFIED') THEN ${now} ELSE closed_at END WHERE id=${req.params.id} AND tenant_id=${tenantId} RETURNING *`);%0A+       const row = (rows as any).rows?.[0];%0A+       if (!row) return res.status(404).json({ error: 'REMEDIATION_NOT_FOUND' });%0A+       return res.json(row);%0A+     } catch (error) { return next(error); }%0A+   });%0A+%0A+   router.post('/verify', async (req: AuthenticatedRequest, res, next) => {%0A+     const parsed = verifySchema.safeParse(req.body);%0A+     if (!parsed.success) return res.status(400).json({ error: 'INVALID_PAYLOAD', details: parsed.error.flatten() });%0A+     try {%0A+       const db = req.db!;%0A+       const result = await verifyRemediation({ ...parsed.data, tenantId: req.user!.tenantId, actorId: req.user!.uid });%0A+       await db.execute(sql`UPDATE trust_remediation_work_items SET status='VERIFIED',updated_at=${new Date().toISOString()},closed_at=${new Date().toISOString()} WHERE tenant_id=${req.user!.tenantId} AND finding_id=${parsed.data.findingId}`);%0A+       return res.json(result);%0A+     } catch (error) { return next(error); }%0A+   });%0A+%0A+   router.get('/monitoring', async (req: AuthenticatedRequest, res, next) => {%0A+     try {%0A+       const db = req.db!;%0A+       const tenantId = req.user!.tenantId;%0A+       const passportId = typeof req.query.passportId === 'string' ? req.query.passportId : null;%0A+       const rows = passportId ? await db.execute(sql`SELECT * FROM trust_monitoring_state WHERE tenant_id=${tenantId} AND passport_id=${passportId} ORDER BY provider`) : await db.execute(sql`SELECT * FROM trust_monitoring_state WHERE tenant_id=${tenantId} ORDER BY passport_id,provider`);%0A+       const alerts = passportId ? await db.execute(sql`SELECT * FROM trust_alerts WHERE tenant_id=${tenantId} AND passport_id=${passportId} ORDER BY created_at DESC`) : await db.execute(sql`SELECT * FROM trust_alerts WHERE tenant_id=${tenantId} ORDER BY created_at DESC`);%0A+       return res.json({ monitoring: (rows as any).rows || [], alerts: (alerts as any).rows || [] });%0A+     } catch (error) { return next(error); }%0A+   });%0A+%0A+   router.get('/ledger/:passportId', async (req: AuthenticatedRequest, res, next) => {%0A+     try {%0A+       const db = req.db!;%0A+       const tenantId = req.user!.tenantId;%0A+       const passportId = req.params.passportId;%0A+       const scope = await db.execute(sql`SELECT id FROM passports WHERE id=${passportId} AND tenant_id=${tenantId} LIMIT 1`);%0A+       if (!(scope as any).rows?.length) return res.status(404).json({ error: 'PASSPORT_NOT_FOUND' });%0A+       const observations = await db.execute(sql`SELECT id,observation_version,generated_at,previous_observation_id,evidence_ids,finding_ids,canonical_payload_hash,completeness_basis_points,open_finding_count,unknown_dimension_count FROM trust_observations WHERE tenant_id=${tenantId} AND passport_id=${passportId} ORDER BY observation_version DESC`);%0A+       const evidence = await db.execute(sql`SELECT id,provider,control_id,subject,source_url,observed_at,verification_method,status,severity,evidence_hash,limitation FROM evidence_ledger WHERE tenant_id=${tenantId} AND passport_id=${passportId} ORDER BY observed_at DESC`);%0A+       const findings = await db.execute(sql`SELECT id,control_id,title,severity,status,evidence_ids,fingerprint,updated_at,resolved_at FROM trust_findings WHERE tenant_id=${tenantId} AND passport_id=${passportId} ORDER BY updated_at DESC`);%0A+       const remediation = await db.execute(sql`SELECT * FROM trust_remediation_work_items WHERE tenant_id=${tenantId} AND passport_id=${passportId} ORDER BY updated_at DESC`);%0A+       const verification = await db.execute(sql`SELECT * FROM remediation_verification_ledger WHERE tenant_id=${tenantId} AND finding_id IN (SELECT id FROM trust_findings WHERE tenant_id=${tenantId} AND passport_id=${passportId}) ORDER BY created_at DESC`);%0A+       return res.json({ observations: (observations as any).rows || [], findings: (findings as any).rows || [], evidence: (evidence as any).rows || [], remediation: (remediation as any).rows || [], verification: (verification as any).rows || [], trace: 'Report -> Passport -> Risk -> Finding -> Observation -> Provider -> Source -> Timestamp -> Hash' });%0A+     } catch (error) { return next(error); }%0A+   });%0A+%0A+   router.get('/reports/:passportId/history', async (req: AuthenticatedRequest, res, next) => {%0A+     try {%0A+       const db = req.db!;%0A+       const tenantId = req.user!.tenantId;%0A+       const passportId = req.params.passportId;%0A+       const typeFilter = typeof req.query.type === 'string' ? reportTypes.safeParse(req.query.type) : null;%0A+       if (typeFilter && !typeFilter.success) return res.status(400).json({ error: 'INVALID_REPORT_TYPE' });%0A+       const rows = typeFilter?.success%0A+         ? await db.execute(sql`SELECT id,report_type,generated_at,score,confidence_basis_points,completeness_basis_points,canonical_payload_hash FROM trust_report_snapshots WHERE tenant_id=${tenantId} AND passport_id=${passportId} AND report_type=${typeFilter.data} ORDER BY generated_at DESC LIMIT 50`)%0A+         : await db.execute(sql`SELECT id,report_type,generated_at,score,confidence_basis_points,completeness_basis_points,canonical_payload_hash FROM trust_report_snapshots WHERE tenant_id=${tenantId} AND passport_id=${passportId} ORDER BY generated_at DESC LIMIT 50`);%0A+       return res.json({ snapshots: (rows as any).rows || [] });%0A+     } catch (error) { return next(error); }%0A+   });%0A+%0A+   router.get('/reports/:passportId/history/:snapshotId', async (req: AuthenticatedRequest, res, next) => {%0A+     try {%0A+       const db = req.db!;%0A+       const tenantId = req.user!.tenantId;%0A+       const row = (await db.execute(sql`SELECT payload,canonical_payload_hash,generated_at,report_type FROM trust_report_snapshots WHERE id=${req.params.snapshotId} AND tenant_id=${tenantId} AND passport_id=${req.params.passportId} LIMIT 1`) as any).rows?.[0];%0A+       if (!row) return res.status(404).json({ error: 'REPORT_SNAPSHOT_NOT_FOUND' });%0A+       const payload = parseJson(row.payload, {});%0A+       return res.json({ ...(payload as object), reportHash: row.canonical_payload_hash });%0A+     } catch (error) { return next(error); }%0A+   });%0A+%0A+   router.get('/reports/:passportId', async (req: AuthenticatedRequest, res, next) => {%0A+     try {%0A+       const parsed = reportTypes.safeParse(req.query.type || 'executive');%0A+       if (!parsed.success) return res.status(400).json({ error: 'INVALID_REPORT_TYPE' });%0A+       const report = await buildAndPersistReport(req.db!, req.user!.tenantId, String(req.params.passportId), parsed.data);%0A+       if (!report) return res.status(404).json({ error: 'PASSPORT_NOT_FOUND' });%0A+       return res.json(report);%0A+     } catch (error) { return next(error); }%0A+   });%0A+%0A+   return router;%0A+ }%0A+%0A+ export async function buildAndPersistReport(db: any, tenantId: string, passportId: string, reportType: string) {%0A+   const passport = (await db.execute(sql`SELECT id,name,overall_score,security_score,compliance_score,verification_status,confidence_score,evidence_completeness,sbom,evidence,vulnerabilities,timeline FROM passports WHERE id=${passportId} AND tenant_id=${tenantId} LIMIT 1`) as any).rows?.[0];%0A+   if (!passport) return null;%0A+   const findings = (await db.execute(sql`SELECT id,control_id,title,severity,status,description,remediation,evidence_ids,updated_at,resolved_at FROM trust_findings WHERE tenant_id=${tenantId} AND passport_id=${passportId} ORDER BY CASE severity WHEN 'critical' THEN 1 WHEN 'high' THEN 2 WHEN 'medium' THEN 3 WHEN 'low' THEN 4 ELSE 5 END,updated_at DESC`) as any).rows || [];%0A+   const evidence = (await db.execute(sql`SELECT id,provider,control_id,subject,source_url,observed_at,verification_method,status,severity,evidence_hash,limitation FROM evidence_ledger WHERE tenant_id=${tenantId} AND passport_id=${passportId} ORDER BY observed_at DESC`) as any).rows || [];%0A+   const observations = (await db.execute(sql`SELECT id,observation_version,generated_at,previous_observation_id,evidence_ids,finding_ids,canonical_payload_hash,completeness_basis_points,confidence_basis_points,open_finding_count,unknown_dimension_count FROM trust_observations WHERE tenant_id=${tenantId} AND passport_id=${passportId} ORDER BY observation_version DESC`) as any).rows || [];%0A+   const remediation = (await db.execute(sql`SELECT * FROM trust_remediation_work_items WHERE tenant_id=${tenantId} AND passport_id=${passportId} ORDER BY updated_at DESC`) as any).rows || [];%0A+   const verification = (await db.execute(sql`SELECT * FROM remediation_verification_ledger WHERE tenant_id=${tenantId} AND finding_id IN (SELECT id FROM trust_findings WHERE tenant_id=${tenantId} AND passport_id=${passportId}) ORDER BY created_at DESC`) as any).rows || [];%0A+   const latest = observations[0];%0A+   const risk = deriveReportRiskFields(passport as ReportPassportRow);%0A+   const report = {%0A+     schemaVersion: 'spr.report.v2', reportType, generatedAt: new Date().toISOString(), passport: { id: passport.id, name: passport.name },%0A+     risk: { overall: risk.canonicalScore, security: passport.security_score, compliance: passport.compliance_score, verificationStatus: risk.verificationStatus },%0A+     evidenceQuality: { completenessBasisPoints: risk.completenessBasisPoints, confidenceBasisPoints: risk.confidenceBasisPoints, unknownDimensions: latest?.unknown_dimension_count ?? 0, latestObservationAt: latest?.generated_at ?? null },%0A+     findings, evidence, observations, remediation, verification,%0A+     traceability: 'Report -> Passport -> Risk -> Finding -> Observation -> Provider -> Source -> Timestamp -> Hash',%0A+     resolutionTraceability: 'Finding -> remediation -> new observation -> independent verification',%0A+     limitations: evidence.filter((item: any) => item.limitation).map((item: any) => ({ evidenceId: item.id, limitation: item.limitation })),%0A+     ...buildReportTypeExtras(reportType, passport, findings),%0A+   };%0A+   const canonicalPayload = JSON.stringify(report);%0A+   const reportHash = crypto.createHash('sha256').update(canonicalPayload).digest('hex');%0A+   await db.execute(sql`INSERT INTO trust_report_snapshots (id,tenant_id,passport_id,report_type,generated_at,score,confidence_basis_points,completeness_basis_points,evidence_ids,finding_ids,observation_id,canonical_payload_hash,payload,created_at) VALUES (${id('report')},${tenantId},${passportId},${reportType},${report.generatedAt},${risk.canonicalScore},${risk.confidenceBasisPoints},${risk.completenessBasisPoints},${JSON.stringify(evidence.map((item: any) => item.id))},${JSON.stringify(findings.map((item: any) => item.id))},${latest?.id ?? null},${reportHash},${canonicalPayload},${report.generatedAt}) ON CONFLICT (tenant_id,passport_id,report_type,canonical_payload_hash) DO NOTHING`);%0A+   return { ...report, reportHash };%0A+ }%0A+%0A%0A ❯ tests/remediation-and-report-snapshot-fixes-contract.test.ts:30:15%0A%0A

::error file=/home/runner/work/software-passport-registry/software-passport-registry/tests/remediation-tasks-contract.test.ts,title=tests/remediation-tasks-contract.test.ts > SPR MSP command center remediation contracts > sources finding detail from the findings already fetched at app level instead of a second network round trip,line=23,column=17::AssertionError: expected 'import { useEffect, useMemo, useState…' to contain '<MSPCommandCenter clients={clients} a…'%0A%0A- Expected%0A+ Received%0A%0A- <MSPCommandCenter clients={clients} alerts={alerts} findings={findings} role={role}%0A+ import { useEffect, useMemo, useState, type ReactNode } from 'react';%0A+ import { getRedirectResult, onAuthStateChanged, signOut, type User } from 'firebase/auth';%0A+ import type { Alert, Client, Integration, Scan, SoftwarePassport, Vendor } from './types';%0A+ import type { VerificationDecision } from './lib/verification/evaluateVerification.ts';%0A+ import { apiFetch } from './utils/apiClient';%0A+ import { auth } from './lib/firebase';%0A+ import CommandCenter from './components/CommandCenter';%0A+ import ExtensionWorkflow from './components/ExtensionWorkflow';%0A+ import ExtensionMarketplace from './components/ExtensionMarketplace';%0A+ import LoginView from './components/LoginView';%0A+ import EvidenceDashboardView from './components/EvidenceDashboardView';%0A+ import EvidenceExplorerView from './components/EvidenceExplorerView';%0A+ import AITrustCenterView from './components/AITrustCenterView';%0A+ import CoverageView from './components/CoverageView';%0A+ import AssetsView from './components/AssetsView';%0A+ import PassportsView from './components/PassportsView';%0A+ import ScansView from './components/ScansView';%0A+ import AlertsView from './components/AlertsView';%0A+ import ClientsView from './components/ClientsView';%0A+ import VendorsView from './components/VendorsView';%0A+ import IntegrationsView from './components/IntegrationsView';%0A+ import BillingView from './components/BillingView';%0A+ import ComplianceView from './components/ComplianceView';%0A+ import AgentTrustView from './components/AgentTrustView';%0A+ import EnterpriseReadinessView from './components/EnterpriseReadinessView';%0A+ import FounderDashboardView from './components/FounderDashboardView';%0A+ import InvestorHomeView from './components/InvestorHomeView';%0A+ import SettingsView from './components/SettingsView';%0A+ import TeamView from './components/TeamView';%0A+ import AuditLogView from './components/AuditLogView';%0A+ import MonitoringView from './components/MonitoringView';%0A+ import SecurityCenterView from './components/SecurityCenterView';%0A+ import MSPCommandCenter from './components/MSPCommandCenter';%0A+ import ReportsView from './components/ReportsView';%0A+ import TrustGraphView from './components/TrustGraphView';%0A+ import { EXTENSIONS } from './workflows/extensionRegistry';%0A+ const PUBLIC_PATHS = new Set(['/','/login','/free-review','/pricing']);%0A+ const EMPTY_CLIENTS: Client[] = []; const EMPTY_PASSPORTS: SoftwarePassport[] = []; const EMPTY_VENDORS: Vendor[] = []; const EMPTY_INTEGRATIONS: Integration[] = []; const EMPTY_SCANS: Scan[] = []; const EMPTY_ALERTS: Alert[] = [];%0A+ function deriveAlertStatus(remediationStatus: string | null | undefined, findingStatus: string | null | undefined): Alert['status'] { switch (remediationStatus) { case 'IN_PROGRESS': case 'READY_FOR_VERIFICATION': return 'Acknowledged'; case 'BLOCKED': return 'Snoozed'; case 'VERIFIED': case 'CLOSED': return 'Resolved'; case 'CANCELLED': return 'Cancelled'; case 'OPEN': return 'Active'; default: return String(findingStatus || '').toLowerCase() === 'resolved' ? 'Resolved' : 'Active'; } }%0A+ function navigate(path: string) { window.history.pushState({}, '', path); window.dispatchEvent(new PopStateEvent('popstate')); }%0A+ function usePath() { const [path, setPath] = useState(() => window.location.pathname || '/'); useEffect(() => { const update = () => setPath(window.location.pathname || '/'); window.addEventListener('popstate', update); return () => window.removeEventListener('popstate', update); }, []); return path; }%0A+ function AuthLoading() { return <div className="grid min-h-screen place-items-center bg-[#faf9f8] text-[#201f1e]"><div className="text-center"><div className="mx-auto grid h-10 w-10 place-items-center rounded bg-[#0f6cbd] text-xs font-bold text-white">S</div><div className="mt-4 text-[11px] font-semibold uppercase tracking-wide text-[#605e5c]">Securing workspace</div><div className="mt-1 text-[12px] text-[#8a8886]">Checking authenticated session…</div></div></div>; }%0A+ function CoverPage() { return <div className="min-h-screen bg-[#faf9f8] text-[#201f1e]"><div className="mx-auto flex min-h-screen max-w-5xl items-center px-6 py-16"><div className="max-w-3xl"><div className="mb-5 inline-flex items-center gap-1.5 rounded border border-[#e1dfdd] bg-white px-2.5 py-1 text-[11px] font-semibold uppercase tracking-wide text-[#605e5c]">Evidence-first software trust</div><h1 className="text-[28px] font-semibold tracking-tight md:text-[34px]">Software trust, operated as a system.</h1><p className="mt-4 max-w-2xl text-[14px] leading-6 text-[#605e5c]">Software Passport Registry turns software identity, security, provenance, reliability, compliance, and evidence into repeatable workflows for teams, buyers, and managed service providers.</p><div className="mt-6 flex flex-wrap gap-2"><button onClick={() => navigate('/login')} className="h-9 rounded bg-[#0f6cbd] px-4 text-[13px] font-semibold text-white hover:bg-[#004578]">Enter SPR</button><button onClick={() => navigate('/free-review')} className="h-9 rounded border border-[#c8c6c4] bg-white px-4 text-[13px] font-medium text-[#323130] hover:bg-black/[.03]">Free review</button></div></div></div></div>; }%0A+ function PublicPage({ title, description, action, onAction }: { title: string; description: string; action: string; onAction: () => void }) { return <div className="grid min-h-screen place-items-center bg-[#faf9f8] px-6 text-[#201f1e]"><div className="max-w-md rounded-md border border-[#e1dfdd] bg-white p-6 text-center"><div className="text-[11px] font-semibold uppercase tracking-wide text-[#605e5c]">Software Passport Registry</div><h1 className="mt-2 text-[20px] font-semibold">{title}</h1><p className="mt-2 text-[13px] leading-5 text-[#605e5c]">{description}</p><button onClick={onAction} className="mt-5 h-9 rounded bg-[#0f6cbd] px-4 text-[13px] font-semibold text-white hover:bg-[#004578]">{action}</button></div></div>; }%0A+ function WorkflowBoundary({ title, description, extensionId, onNavigate }: { title: string; description: string; extensionId?: string; onNavigate: (path: string) => void }) { const extension = extensionId ? EXTENSIONS.find((item) => item.id === extensionId) : undefined; return <section><div className="rounded-md border border-[#e1dfdd] bg-white p-5"><div className="text-[11px] font-semibold uppercase tracking-wide text-[#605e5c]">Workflow boundary</div><h1 className="mt-1.5 text-[20px] font-semibold tracking-tight">{title}</h1><p className="mt-2 max-w-2xl text-[13px] leading-5 text-[#605e5c]">{description}</p>{extension && <button onClick={() => onNavigate(extension.entryPath)} className="mt-4 h-8 rounded bg-[#0f6cbd] px-3 text-[12px] font-semibold text-white hover:bg-[#004578]">Open {extension.name} →</button>}</div></section>; }%0A+ export default function App() {%0A+  const path=usePath(); const [authReady,setAuthReady]=useState(false); const [user,setUser]=useState<User|null>(null); const [role,setRole]=useState('Viewer'); const [selectedClientId,setSelectedClientId]=useState(''); const [selectedPassportId,setSelectedPassportId]=useState<string|null>(null); const [assets,setAssets]=useState<any[]>([]); const [clients,setClients]=useState<Client[]>(EMPTY_CLIENTS); const [passports,setPassports]=useState<SoftwarePassport[]>(EMPTY_PASSPORTS); const [vendors,setVendors]=useState<Vendor[]>(EMPTY_VENDORS); const [alerts,setAlerts]=useState<Alert[]>(EMPTY_ALERTS); const [findings,setFindings]=useState<unknown[]>([]); const [scans,setScans]=useState<Scan[]>(EMPTY_SCANS); const [integrations,setIntegrations]=useState<Integration[]>(EMPTY_INTEGRATIONS); const [theme,setTheme]=useState<'light'|'dark'>('dark'); const [verificationDecisions,setVerificationDecisions]=useState<Record<string,VerificationDecision>>({}); const [verificationDetails,setVerificationDetails]=useState<Record<string,unknown>>({});%0A+  useEffect(()=>{let mounted=true;let redirectSettled=false;let observedUser:User|null=null;const timeoutId=window.setTimeout(()=>{if(mounted)setAuthReady(true)},10000);const unsubscribe=onAuthStateChanged(auth,(currentUser)=>{if(!mounted)return;observedUser=currentUser;if(!redirectSettled)return;setUser(currentUser);setAuthReady(true);window.clearTimeout(timeoutId)},()=>{if(mounted){setAuthReady(true);window.clearTimeout(timeoutId)}});void getRedirectResult(auth).then(result=>{redirectSettled=true;if(mounted)setUser(result?.user||observedUser);if(mounted)setAuthReady(true);window.clearTimeout(timeoutId)}).catch(error=>{redirectSettled=true;console.error('[Firebase redirect sign-in error]',error);if(mounted)setUser(observedUser);if(mounted)setAuthReady(true);window.clearTimeout(timeoutId)});return()=>{mounted=false;window.clearTimeout(timeoutId);unsubscribe()}},[]);%0A+  useEffect(()=>{if(authReady&&!user&&!PUBLIC_PATHS.has(path))navigate('/login')},[authReady,user,path]);%0A+  useEffect(()=>{if(!user)return;let cancelled=false;const load=async()=>{const responses=await Promise.all([apiFetch('/api/user/me'),apiFetch('/api/scans'),apiFetch('/api/trust-loop/findings'),apiFetch('/api/user/passports'),apiFetch('/api/user/clients'),apiFetch('/api/integrations'),apiFetch('/api/user/verification')]);if(responses.some(r=>r.status===401)){await signOut(auth);navigate('/login');return}const [me,scansResponse,findingsResponse,passportsResponse,clientsResponse,integrationsResponse,verificationResponse]=responses;if(verificationResponse.ok){const data=await verificationResponse.json().catch(()=>null);if(!cancelled){setVerificationDecisions(data?.verificationDecisions&&typeof data.verificationDecisions==='object'?data.verificationDecisions:{});setVerificationDetails(data?.verificationDetails&&typeof data.verificationDetails==='object'?data.verificationDetails:{})}}else if(!cancelled){setVerificationDecisions({});setVerificationDetails({})}if(me.ok){const data=await me.json().catch(()=>null);if(!cancelled)setRole(String(data?.role||'Viewer'))}if(scansResponse.ok){const data=await scansResponse.json().catch(()=>[]);if(!cancelled&&Array.isArray(data))setScans(data)}if(findingsResponse.ok){const data=await findingsResponse.json().catch(()=>[]);const rows=Array.isArray(data)?data:data?.findings;if(!cancelled&&Array.isArray(rows)){setFindings(rows);setAlerts(rows.map((row:any)=>({id:String(row.id),title:String(row.title||row.control_id||'Trust finding'),severity:String(row.severity||'Low').replace(/^./,(s:string)=>s.toUpperCase()),category:'Trust finding',clientName:String(row.client_id||'Tenant'),description:String(row.description||'Evidence-backed finding'),timestamp:String(row.updated_at||''),status:deriveAlertStatus(row.remediation_status,row.status),remediationId:row.remediation_id?String(row.remediation_id):null,ownerDisplay:row.remediation_owner_display||null,slaDueAt:row.remediation_sla_due_at||null})) as Alert[])}}if(passportsResponse.ok){const data=await passportsResponse.json().catch(()=>[]);const rows=Array.isArray(data)?data:data?.passports;if(!cancelled&&Array.isArray(rows)){const normalized=rows.map((row:any)=>({...row,id:String(row.id),name:String(row.name||'Unnamed software'),version:String(row.version||'unknown'),publisher:String(row.publisher||'unknown'),clientId:row.clientId?String(row.clientId):undefined,evidence:Array.isArray(row.evidence)?row.evidence:[],vulnerabilities:Array.isArray(row.vulnerabilities)?row.vulnerabilities:[],timeline:Array.isArray(row.timeline)?row.timeline:[],sbom:Array.isArray(row.sbom)?row.sbom:[],scores:null,scoreStatus:row.scoreStatus||'not_authoritatively_scored'})) as SoftwarePassport[];setPassports(normalized);setAssets(normalized.map((passport:any)=>({id:passport.id,name:passport.name,hostName:passport.name,type:passport.category||'software',clientId:passport.clientId,clientName:String(passport.clientId||'Unobserved'),environment:String(passport.environment||'Unobserved'),version:passport.version})));setVendors(EMPTY_VENDORS)}}if(clientsResponse.ok){const data=await clientsResponse.json().catch(()=>[]);const rows=Array.isArray(data)?data:data?.clients;if(!cancelled&&Array.isArray(rows))setClients(rows.map((row:any)=>({...row,id:String(row.id),name:String(row.name||row.company_name||'Unnamed client')})) as Client[])}if(integrationsResponse.ok){const data=await integrationsResponse.json().catch(()=>[]);if(!cancelled&&Array.isArray(data))setIntegrations(data)}};void load().catch(error=>console.warn('[SPR command center load]',error));return()=>{cancelled=true}},[user]);%0A+  useEffect(()=>{const refresh=()=>{if(user)window.location.reload()};window.addEventListener('refresh-data',refresh);return()=>window.removeEventListener('refresh-data',refresh)},[user]);%0A+  const onNavigateTab=(target:string,itemId?:string)=>navigate(itemId?`${target.startsWith('/')?target:`/${target}`}/${encodeURIComponent(itemId)}`:target.startsWith('/')?target:`/${target}`); const quickAction=(action:'add-client'|'register-passport'|'scan-sbom')=>navigate(action==='add-client'?'/clients':action==='register-passport'?'/passports':'/scans');%0A+  const performAlertAction=async(alert:Alert,action:'acknowledge'|'assign'|'resolve'|'escalate'|'snooze'|'reopen',assigneeDisplay?:string)=>{let remediationId=alert.remediationId;if(!remediationId){const created=await apiFetch('/api/trust-loop/remediations',{method:'POST',headers:{'Content-Type':'application/json'},body:JSON.stringify({findingId:alert.id,title:alert.title,description:alert.description,priority:alert.severity.toUpperCase()})});if(!created.ok)return;const createdBody=await created.json().catch(()=>null);remediationId=createdBody?.id?String(createdBody.id):undefined;if(!remediationId)return}const patchBody:Record<string,unknown>={acknowledge:{status:'IN_PROGRESS'},resolve:{status:'CLOSED'},snooze:{status:'BLOCKED'},reopen:{status:'OPEN'},escalate:{status:'IN_PROGRESS',slaDueAt:new Date(Date.now()+4*3600*1000).toISOString()},assign:{status:'IN_PROGRESS',ownerDisplay:assigneeDisplay||''}}[action];const response=await apiFetch(`/api/trust-loop/remediations/${encodeURIComponent(remediationId)}`,{method:'PATCH',headers:{'Content-Type':'application/json'},body:JSON.stringify(patchBody)});if(!response.ok)return;const updated=await response.json().catch(()=>null);setAlerts(current=>current.map(item=>item.id===alert.id?{...item,remediationId,status:deriveAlertStatus(updated?.status??String(patchBody.status),null),ownerDisplay:updated?.owner_display??(patchBody.ownerDisplay as string|undefined)??item.ownerDisplay,slaDueAt:updated?.sla_due_at??(patchBody.slaDueAt as string|undefined)??item.slaDueAt}:item))};%0A+  const selectedExtension=useMemo(()=>{const match=path.match(/^\/extensions\/([^/]+)/);return match?decodeURIComponent(match[1]):null},[path]);const signOutUser=async()=>{await signOut(auth);navigate('/login')};%0A+  if(!authReady)return <AuthLoading/>;if(path==='/')return <CoverPage/>;if(path==='/login')return user?<AuthLoading/>:<LoginView onLoginSuccess={()=>navigate('/dashboard')}/>;if(!user&&path==='/free-review')return <PublicPage title="Free software review" description="Start an evidence-first review from the public entry point." action="Sign in to continue" onAction={()=>navigate('/login')}/>;if(!user&&path==='/pricing')return <PublicPage title="SPR plans" description="Account and billing capabilities are available inside the authenticated workspace." action="Enter SPR" onAction={()=>navigate('/login')}/>;if(!user)return <AuthLoading/>;%0A+  let view:ReactNode;if(selectedExtension)view=<ExtensionWorkflow id={selectedExtension} onNavigate={navigate}/>;else switch(path){case '/dashboard':view=<EvidenceDashboardView clients={clients} alerts={alerts} scans={scans} passports={passports} findings={findings} onNavigateTab={onNavigateTab} onOpenQuickAction={quickAction}/>;break;case '/coverage':view=<CoverageView clients={clients} scans={scans} passports={passports} onNavigateTab={onNavigateTab}/>;break;case '/evidence-explorer':view=<EvidenceExplorerView passports={passports}/>;break;case '/assets':view=<AssetsView clients={clients} searchQuery="" assets={assets}/>;break;case '/passports':case '/registry':view=<PassportsView verificationDecisions={verificationDecisions} verificationDetails={verificationDetails} passports={passports} selectedPassportId={selectedPassportId} setSelectedPassportId={setSelectedPassportId} searchQuery="" clients={clients} assets={assets} role={role} onNavigateTab={onNavigateTab} onUpdatePassport={passport=>setPassports(current=>current.map(item=>item.id===passport.id?passport:item))}/>;break;case '/scans':view=<ScansView scans={scans} clients={clients} assets={assets} passports={passports} role={role} onTriggerNewScan={scan=>setScans(current=>[scan,...current.filter(item=>item.id!==scan.id)].slice(0,100))}/>;break;case '/alerts':view=<AlertsView alerts={alerts} onAlertAction={performAlertAction}/>;break;case '/reports':view=<ReportsView clients={clients} passports={passports} scans={scans} alerts={alerts} findings={findings} role={role}/>;break;case '/trust-graph':view=<TrustGraphView clients={clients} passports={passports} assets={assets} findings={findings}/>;/* onSelectPassport={setSelectedPassportId} */break;case '/clients':view=<ClientsView clients={clients} selectedClientId={selectedClientId} setSelectedClientId={setSelectedClientId} passports={passports} onNavigateTab={onNavigateTab} searchQuery=""/>;break;case '/vendors':view=<VendorsView vendors={vendors} searchQuery=""/>;break;case '/integrations':view=<IntegrationsView passports={passports} onNavigateTab={onNavigateTab}/>;break;case '/monitoring':view=<MonitoringView role={role}/>;break;case '/security':view=<SecurityCenterView clients={clients} passports={passports}/>;break;case '/compliance':view=<ComplianceView clients={clients} role={role}/>;break;case '/msp':view=<MSPCommandCenter verificationDecisions={verificationDecisions} verificationDetails={verificationDetails} clients={clients} alerts={alerts} findings={findings} role={role} onSelectClient={setSelectedClientId} onNavigate={navigate}/>;break;case '/agent-trust':view=<AgentTrustView/>;break;case '/ai-trust-center':view=<AITrustCenterView role={role}/>;break;case '/enterprise-readiness':view=<EnterpriseReadinessView clients={clients}/>;break;case '/investor':view=<InvestorHomeView passports={passports} clients={clients} alerts={alerts} onShowTelemetry={()=>navigate('/scans')} onNavigateTab={onNavigateTab}/>;break;case '/founder':view=<FounderDashboardView userRole={role}/>;break;case '/billing':view=<BillingView/>;break;case '/settings':view=<SettingsView theme={theme} onToggleTheme={()=>setTheme(current=>current==='dark'?'light':'dark')}/>;break;case '/team':view=<TeamView role={role}/>;break;case '/audit-log':view=<AuditLogView/>;break;case '/extensions':view=<ExtensionMarketplace onNavigateTab={onNavigateTab} role={role}/>;break;default:view=<WorkflowBoundary title="Workflow" description="This authenticated capability is explicitly routed through the Command Center. Choose its owning workflow from the left rail." onNavigate={navigate}/>}%0A+  return <CommandCenter path={path} userEmail={user.email} role={role} onNavigate={navigate} onSignOut={()=>void signOutUser()}>{view}</CommandCenter>;%0A+ }%0A+%0A%0A ❯ tests/remediation-tasks-contract.test.ts:23:17%0A%0A

::error file=/home/runner/work/software-passport-registry/software-passport-registry/tests/remediation-tasks-contract.test.ts,title=tests/remediation-tasks-contract.test.ts > SPR MSP command center remediation contracts > adds a real /api/ready alias so the diagnostics panel actually reaches the backend instead of the Vercel SPA fallback,line=63,column=87::AssertionError: expected true to be false // Object.is equality%0A%0A- Expected%0A+ Received%0A%0A- false%0A+ true%0A%0A ❯ tests/remediation-tasks-contract.test.ts:63:87%0A%0A

::error file=/home/runner/work/software-passport-registry/software-passport-registry/tests/report-changes-contract.test.ts,title=tests/report-changes-contract.test.ts > GET /trust-loop/reports/%3ApassportId/changes > reuses the real change-detection functions instead of a new formula,line=22,column=15::AssertionError: expected 'import { Router } from \'express\';\n…' to contain 'import { classifyCanonicalChange, com…'%0A%0A- Expected%0A+ Received%0A%0A- import { classifyCanonicalChange, compareCanonicalObservations } from '../utils/observation-history.ts';%0A+ import { Router } from 'express';%0A+ import { sql } from 'drizzle-orm';%0A+ import crypto from 'node:crypto';%0A+ import { z } from 'zod';%0A+ import { AuthenticatedRequest } from '../middleware/security.ts';%0A+ import { decryptCredentials } from '../integrations/credential-vault.ts';%0A+ import { collectDeepProviderEvidence } from '../integrations/deep-collectors.ts';%0A+ import { collectGitHubDeepEvidence } from '../integrations/github-deep.ts';%0A+ import { persistTrustLoop, verifyRemediation } from '../trust/trust-loop.ts';%0A+%0A+ const collectSchema = z.object({ passportId: z.string().trim().min(1).max(255), provider: z.string().trim().min(1).max(64) }).strict();%0A+ const remediationSchema = z.object({%0A+   findingId: z.string().trim().min(1),%0A+   title: z.string().trim().min(1).max(255),%0A+   description: z.string().max(4000).optional(),%0A+   assigneeId: z.string().max(255).optional(),%0A+   assigneeDisplay: z.string().max(255).optional(),%0A+   externalSystem: z.string().trim().min(1).max(64).default('SPR'),%0A+   externalTicketId: z.string().max(255).optional(),%0A+   slaDueAt: z.string().datetime().optional(),%0A+   priority: z.enum(['LOW', 'MEDIUM', 'HIGH', 'CRITICAL']).default('HIGH'),%0A+ }).strict();%0A+ const remediationUpdateSchema = z.object({ status: z.enum(['OPEN', 'IN_PROGRESS', 'BLOCKED', 'READY_FOR_VERIFICATION', 'VERIFIED', 'CLOSED', 'CANCELLED']), ownerId: z.string().max(255).optional(), ownerDisplay: z.string().max(255).optional(), slaDueAt: z.string().datetime().nullable().optional() }).strict();%0A+ const verifySchema = z.object({ findingId: z.string().trim().min(1), observationIds: z.array(z.string().min(1)).max(50), evidenceIds: z.array(z.string().min(1)).max(200) }).strict();%0A+ const reportTypes = z.enum(['executive', 'technical', 'msp', 'customer', 'compliance', 'vendor', 'auditor', 'evidence-ledger']);%0A+ function id(prefix: string) { return `${prefix}_${crypto.randomUUID().replaceAll('-', '')}`; }%0A+ function parseJson(value: unknown, fallback: unknown = []) { try { return value ? JSON.parse(String(value)) : fallback; } catch { return fallback; } }%0A+%0A+ const SEVERITY_ORDER = ['critical', 'high', 'medium', 'low'];%0A+%0A+ export type ReportPassportRow = {%0A+   overall_score: number | null;%0A+   security_score: number | null;%0A+   compliance_score: number | null;%0A+   verification_status: string | null;%0A+   confidence_score: number | null;%0A+   evidence_completeness: number | null;%0A+ };%0A+%0A+ export function deriveReportRiskFields(passport: ReportPassportRow) {%0A+   const verificationStatus = passport.verification_status || 'unverified';%0A+   const isMeasured = verificationStatus !== 'unverified';%0A+   return {%0A+     canonicalScore: isMeasured ? passport.overall_score : null,%0A+     verificationStatus,%0A+     confidenceBasisPoints: isMeasured && passport.confidence_score != null ? Math.round(passport.confidence_score * 100) : null,%0A+     completenessBasisPoints: isMeasured && passport.evidence_completeness != null ? Math.round(passport.evidence_completeness * 100) : null,%0A+   };%0A+ }%0A+%0A+ function buildReportTypeExtras(reportType: string, passport: any, findings: any[]) {%0A+   if (reportType === 'sbom') {%0A+     const components = parseJson(passport.sbom, []) as any[];%0A+     const vulnerabilities = parseJson(passport.vulnerabilities, []) as any[];%0A+     const sbom = components.map((component) => {%0A+       const name = component?.name || component?.packageName || component?.component;%0A+       const matched = vulnerabilities.filter((vuln) => (vuln?.component || vuln?.packageName || vuln?.package) === name);%0A+       return { ...component, vulnerabilityCount: matched.length, criticalOrHighCount: matched.filter((vuln) => SEVERITY_ORDER.slice(0, 2).includes(String(vuln?.severity || '').toLowerCase())).length };%0A+     });%0A+     return { sbom };%0A+   }%0A+   if (reportType === 'compliance') {%0A+     const byControl = new Map<string, { controlId: string; findingCount: number; openCount: number; worstSeverity: string; findingIds: string[] }>();%0A+     for (const finding of findings) {%0A+       const controlId = finding.control_id || 'unmapped';%0A+       const entry = byControl.get(controlId) || { controlId, findingCount: 0, openCount: 0, worstSeverity: 'low', findingIds: [] as string[] };%0A+       entry.findingCount += 1;%0A+       entry.findingIds.push(finding.id);%0A+       if (!['resolved', 'closed', 'verified'].includes(String(finding.status || '').toLowerCase())) entry.openCount += 1;%0A+       const severity = String(finding.severity || '').toLowerCase();%0A+       if (SEVERITY_ORDER.includes(severity) && SEVERITY_ORDER.indexOf(severity) < SEVERITY_ORDER.indexOf(entry.worstSeverity)) entry.worstSeverity = severity;%0A+       byControl.set(controlId, entry);%0A+     }%0A+     return { controls: [...byControl.values()] };%0A+   }%0A+   return {};%0A+ }%0A+%0A+ export function createTrustLoopRouter() {%0A+   const router = Router();%0A+%0A+   router.post('/collect', async (req: AuthenticatedRequest, res, next) => {%0A+     const parsed = collectSchema.safeParse(req.body);%0A+     if (!parsed.success) return res.status(400).json({ error: 'INVALID_PAYLOAD', details: parsed.error.flatten() });%0A+     const { passportId, provider } = parsed.data;%0A+     const tenantId = req.user!.tenantId;%0A+     const runId = id('collect');%0A+     const startedAt = new Date().toISOString();%0A+     const db = req.db!;%0A+     try {%0A+       const passport = (await db.execute(sql`SELECT id,client_id FROM passports WHERE id=${passportId} AND tenant_id=${tenantId} LIMIT 1`) as any).rows?.[0];%0A+       if (!passport) return res.status(404).json({ error: 'PASSPORT_NOT_FOUND' });%0A+       const stored = (await db.execute(sql`SELECT encrypted_payload FROM integration_credentials WHERE tenant_id=${tenantId} AND provider=${provider} LIMIT 1`) as any).rows?.[0];%0A+       if (!stored?.encrypted_payload) return res.status(409).json({ error: 'CREDENTIAL_NOT_CONFIGURED' });%0A+%0A+       await db.execute(sql`INSERT INTO trust_collection_runs (id,tenant_id,passport_id,provider,started_at,status,idempotency_key,created_at) VALUES (${runId},${tenantId},${passportId},${provider},${startedAt},'RUNNING',${`${tenantId}:${passportId}:${provider}:${startedAt}`},${startedAt})`);%0A+       const credentials = decryptCredentials(stored.encrypted_payload) as Record<string, string>;%0A+       const observations = provider === 'github' ? await collectGitHubDeepEvidence(credentials) : await collectDeepProviderEvidence(provider as any, credentials);%0A+       const result = await persistTrustLoop({ tenantId, passportId, clientId: passport.client_id || passport.id, assetId: passport.id, observations, generationReason: 'provider_collection', actorType: 'worker', collectorVersionMap: { [provider]: 'deep-v2' } });%0A+       const completedAt = new Date().toISOString();%0A+       await db.execute(sql`UPDATE trust_collection_runs SET completed_at=${completedAt},status='SUCCEEDED',observation_count=${observations.length},evidence_count=${result.evidenceIds.length},failure_count=${observations.filter((o) => o.status === 'FAIL').length},collector_version='deep-v2' WHERE id=${runId} AND tenant_id=${tenantId}`);%0A+       await db.execute(sql`INSERT INTO trust_monitoring_state (id,tenant_id,passport_id,provider,next_run_at,last_run_at,last_success_at,last_evidence_hash,consecutive_failures,status,updated_at) VALUES (${id('monitor')},${tenantId},${passportId},${provider},${new Date(Date.now()+3600000).toISOString()},${completedAt},${completedAt},${result.payloadHash},0,'HEALTHY',${completedAt}) ON CONFLICT (tenant_id,passport_id,provider) DO UPDATE SET next_run_at=EXCLUDED.next_run_at,last_run_at=EXCLUDED.last_run_at,last_success_at=EXCLUDED.last_success_at,last_evidence_hash=EXCLUDED.last_evidence_hash,consecutive_failures=0,status='HEALTHY',updated_at=EXCLUDED.updated_at`);%0A+       return res.json({ runId, provider, observationCount: observations.length, ...result });%0A+     } catch (error) {%0A+       const completedAt = new Date().toISOString();%0A+       await db.execute(sql`UPDATE trust_collection_runs SET completed_at=${completedAt},status='FAILED',error_code='COLLECTION_FAILED',error_message=${error instanceof Error ? error.message.slice(0,1000) : 'COLLECTION_FAILED'} WHERE id=${runId} AND tenant_id=${tenantId}`).catch(() => undefined);%0A+       await db.execute(sql`UPDATE trust_monitoring_state SET last_run_at=${completedAt},last_failure_at=${completedAt},consecutive_failures=consecutive_failures+1,status=CASE WHEN consecutive_failures+1 >= 5 THEN 'FAILED' ELSE 'DEGRADED' END,updated_at=${completedAt} WHERE tenant_id=${tenantId} AND passport_id=${passportId} AND provider=${provider}`).catch(() => undefined);%0A+       return next(error);%0A+     }%0A+   });%0A+%0A+   const findingsWithRemediationSelect = sql`%0A+     SELECT f.*, r.id AS remediation_id, r.status AS remediation_status, r.owner_id AS remediation_owner_id,%0A+            r.owner_display AS remediation_owner_display, r.sla_due_at AS remediation_sla_due_at, r.updated_at AS remediation_updated_at%0A+     FROM trust_findings f%0A+     LEFT JOIN LATERAL (%0A+       SELECT * FROM trust_remediation_work_items w%0A+       WHERE w.tenant_id = f.tenant_id AND w.finding_id = f.id%0A+       ORDER BY w.created_at DESC LIMIT 1%0A+     ) r ON true%0A+   `;%0A+   router.get('/findings', async (req: AuthenticatedRequest, res, next) => {%0A+     try {%0A+       const db = req.db!;%0A+       const tenantId = req.user!.tenantId;%0A+       const passportId = typeof req.query.passportId === 'string' ? req.query.passportId : null;%0A+       const rows = passportId%0A+         ? await db.execute(sql`${findingsWithRemediationSelect} WHERE f.tenant_id=${tenantId} AND f.passport_id=${passportId} ORDER BY CASE f.severity WHEN 'critical' THEN 1 WHEN 'high' THEN 2 WHEN 'medium' THEN 3 WHEN 'low' THEN 4 ELSE 5 END,f.updated_at DESC`)%0A+         : await db.execute(sql`${findingsWithRemediationSelect} WHERE f.tenant_id=${tenantId} ORDER BY f.updated_at DESC`);%0A+       return res.json({ findings: (rows as any).rows || [] });%0A+     } catch (error) { return next(error); }%0A+   });%0A+%0A+   router.post('/remediations', async (req: AuthenticatedRequest, res, next) => {%0A+     const parsed = remediationSchema.safeParse(req.body);%0A+     if (!parsed.success) return res.status(400).json({ error: 'INVALID_PAYLOAD', details: parsed.error.flatten() });%0A+     try {%0A+       const db = req.db!;%0A+       const p = parsed.data;%0A+       const tenantId = req.user!.tenantId;%0A+       const finding = (await db.execute(sql`SELECT id,client_id,passport_id,title,description FROM trust_findings WHERE id=${p.findingId} AND tenant_id=${tenantId} LIMIT 1`) as any).rows?.[0];%0A+       if (!finding) return res.status(404).json({ error: 'FINDING_NOT_FOUND' });%0A+       const now = new Date().toISOString();%0A+       const workId = id('remed');%0A+       await db.execute(sql`INSERT INTO trust_remediation_work_items (id,tenant_id,passport_id,finding_id,external_system,external_ticket_id,owner_id,owner_display,sla_due_at,status,remediation_plan,created_at,updated_at) VALUES (${workId},${tenantId},${finding.passport_id},${finding.id},${p.externalSystem},${p.externalTicketId ?? null},${p.assigneeId ?? null},${p.assigneeDisplay ?? null},${p.slaDueAt ?? null},'OPEN',${p.description || finding.description},${now},${now})`);%0A+       await db.execute(sql`INSERT INTO remediation_tasks (id,tenant_id,client_id,alert_id,title,description,priority,status,assignee_id,created_by,created_at,updated_at) VALUES (${workId},${tenantId},${finding.client_id},${finding.id},${p.title},${p.description || finding.description},${p.priority},'OPEN',${p.assigneeId ?? null},${req.user!.uid},${now},${now})`);%0A+       const created = (await db.execute(sql`SELECT * FROM trust_remediation_work_items WHERE id=${workId} AND tenant_id=${tenantId} LIMIT 1`) as any).rows?.[0];%0A+       return res.status(201).json({ ...created, title: p.title });%0A+     } catch (error) { return next(error); }%0A+   });%0A+%0A+   router.get('/remediations/:id', async (req: AuthenticatedRequest, res, next) => {%0A+     try {%0A+       const db = req.db!;%0A+       const tenantId = req.user!.tenantId;%0A+       const row = (await db.execute(sql`SELECT w.*, f.title AS finding_title FROM trust_remediation_work_items w JOIN trust_findings f ON f.id = w.finding_id AND f.tenant_id = w.tenant_id WHERE w.id=${req.params.id} AND w.tenant_id=${tenantId} LIMIT 1`) as any).rows?.[0];%0A+       if (!row) return res.status(404).json({ error: 'REMEDIATION_NOT_FOUND' });%0A+       return res.json({ ...row, title: row.finding_title });%0A+     } catch (error) { return next(error); }%0A+   });%0A+%0A+   router.post('/remediations/:id/verify-latest', async (req: AuthenticatedRequest, res, next) => {%0A+     try {%0A+       const db = req.db!;%0A+       const tenantId = req.user!.tenantId;%0A+       const work = (await db.execute(sql`SELECT id,finding_id,passport_id FROM trust_remediation_work_items WHERE id=${req.params.id} AND tenant_id=${tenantId} LIMIT 1`) as any).rows?.[0];%0A+       if (!work) return res.status(404).json({ error: 'REMEDIATION_NOT_FOUND' });%0A+       const latestObservation = (await db.execute(sql`SELECT id,evidence_ids FROM trust_observations WHERE tenant_id=${tenantId} AND passport_id=${work.passport_id} ORDER BY observation_version DESC LIMIT 1`) as any).rows?.[0];%0A+       if (!latestObservation) return res.status(409).json({ error: 'NO_OBSERVATION_ON_FILE', message: 'SPR has no recorded observation for this software yet. Collect evidence before verifying.' });%0A+       const evidenceIds: string[] = parseJson(latestObservation.evidence_ids, []) as string[];%0A+       const result = await verifyRemediation({ tenantId, findingId: work.finding_id, observationIds: [latestObservation.id], evidenceIds, actorId: req.user!.uid });%0A+       const now = new Date().toISOString();%0A+       await db.execute(sql`UPDATE trust_remediation_work_items SET status='VERIFIED',updated_at=${now},closed_at=${now} WHERE id=${work.id} AND tenant_id=${tenantId}`);%0A+       const row = (await db.execute(sql`SELECT * FROM trust_remediation_work_items WHERE id=${work.id} AND tenant_id=${tenantId} LIMIT 1`) as any).rows?.[0];%0A+       return res.json({ ...row, verification: result });%0A+     } catch (error: any) {%0A+       const message = error instanceof Error ? error.message : String(error);%0A+       if (/^VERIFICATION_|^FINDING_NOT_FOUND$/.test(message)) return res.status(409).json({ error: message });%0A+       return next(error);%0A+     }%0A+   });%0A+%0A+   router.patch('/remediations/:id', async (req: AuthenticatedRequest, res, next) => {%0A+     const parsed = remediationUpdateSchema.safeParse(req.body);%0A+     if (!parsed.success) return res.status(400).json({ error: 'INVALID_PAYLOAD', details: parsed.error.flatten() });%0A+     try {%0A+       const db = req.db!;%0A+       const tenantId = req.user!.tenantId;%0A+       const p = parsed.data;%0A+       const now = new Date().toISOString();%0A+       const rows = await db.execute(sql`UPDATE trust_remediation_work_items SET status=${p.status},owner_id=COALESCE(${p.ownerId ?? null},owner_id),owner_display=COALESCE(${p.ownerDisplay ?? null},owner_display),sla_due_at=CASE WHEN ${p.slaDueAt === undefined} THEN sla_due_at ELSE ${p.slaDueAt} END,updated_at=${now},closed_at=CASE WHEN ${p.status} IN ('CLOSED','VERIFIED') THEN ${now} ELSE closed_at END WHERE id=${req.params.id} AND tenant_id=${tenantId} RETURNING *`);%0A+       const row = (rows as any).rows?.[0];%0A+       if (!row) return res.status(404).json({ error: 'REMEDIATION_NOT_FOUND' });%0A+       return res.json(row);%0A+     } catch (error) { return next(error); }%0A+   });%0A+%0A+   router.post('/verify', async (req: AuthenticatedRequest, res, next) => {%0A+     const parsed = verifySchema.safeParse(req.body);%0A+     if (!parsed.success) return res.status(400).json({ error: 'INVALID_PAYLOAD', details: parsed.error.flatten() });%0A+     try {%0A+       const db = req.db!;%0A+       const result = await verifyRemediation({ ...parsed.data, tenantId: req.user!.tenantId, actorId: req.user!.uid });%0A+       await db.execute(sql`UPDATE trust_remediation_work_items SET status='VERIFIED',updated_at=${new Date().toISOString()},closed_at=${new Date().toISOString()} WHERE tenant_id=${req.user!.tenantId} AND finding_id=${parsed.data.findingId}`);%0A+       return res.json(result);%0A+     } catch (error) { return next(error); }%0A+   });%0A+%0A+   router.get('/monitoring', async (req: AuthenticatedRequest, res, next) => {%0A+     try {%0A+       const db = req.db!;%0A+       const tenantId = req.user!.tenantId;%0A+       const passportId = typeof req.query.passportId === 'string' ? req.query.passportId : null;%0A+       const rows = passportId ? await db.execute(sql`SELECT * FROM trust_monitoring_state WHERE tenant_id=${tenantId} AND passport_id=${passportId} ORDER BY provider`) : await db.execute(sql`SELECT * FROM trust_monitoring_state WHERE tenant_id=${tenantId} ORDER BY passport_id,provider`);%0A+       const alerts = passportId ? await db.execute(sql`SELECT * FROM trust_alerts WHERE tenant_id=${tenantId} AND passport_id=${passportId} ORDER BY created_at DESC`) : await db.execute(sql`SELECT * FROM trust_alerts WHERE tenant_id=${tenantId} ORDER BY created_at DESC`);%0A+       return res.json({ monitoring: (rows as any).rows || [], alerts: (alerts as any).rows || [] });%0A+     } catch (error) { return next(error); }%0A+   });%0A+%0A+   router.get('/ledger/:passportId', async (req: AuthenticatedRequest, res, next) => {%0A+     try {%0A+       const db = req.db!;%0A+       const tenantId = req.user!.tenantId;%0A+       const passportId = req.params.passportId;%0A+       const scope = await db.execute(sql`SELECT id FROM passports WHERE id=${passportId} AND tenant_id=${tenantId} LIMIT 1`);%0A+       if (!(scope as any).rows?.length) return res.status(404).json({ error: 'PASSPORT_NOT_FOUND' });%0A+       const observations = await db.execute(sql`SELECT id,observation_version,generated_at,previous_observation_id,evidence_ids,finding_ids,canonical_payload_hash,completeness_basis_points,open_finding_count,unknown_dimension_count FROM trust_observations WHERE tenant_id=${tenantId} AND passport_id=${passportId} ORDER BY observation_version DESC`);%0A+       const evidence = await db.execute(sql`SELECT id,provider,control_id,subject,source_url,observed_at,verification_method,status,severity,evidence_hash,limitation FROM evidence_ledger WHERE tenant_id=${tenantId} AND passport_id=${passportId} ORDER BY observed_at DESC`);%0A+       const findings = await db.execute(sql`SELECT id,control_id,title,severity,status,evidence_ids,fingerprint,updated_at,resolved_at FROM trust_findings WHERE tenant_id=${tenantId} AND passport_id=${passportId} ORDER BY updated_at DESC`);%0A+       const remediation = await db.execute(sql`SELECT * FROM trust_remediation_work_items WHERE tenant_id=${tenantId} AND passport_id=${passportId} ORDER BY updated_at DESC`);%0A+       const verification = await db.execute(sql`SELECT * FROM remediation_verification_ledger WHERE tenant_id=${tenantId} AND finding_id IN (SELECT id FROM trust_findings WHERE tenant_id=${tenantId} AND passport_id=${passportId}) ORDER BY created_at DESC`);%0A+       return res.json({ observations: (observations as any).rows || [], findings: (findings as any).rows || [], evidence: (evidence as any).rows || [], remediation: (remediation as any).rows || [], verification: (verification as any).rows || [], trace: 'Report -> Passport -> Risk -> Finding -> Observation -> Provider -> Source -> Timestamp -> Hash' });%0A+     } catch (error) { return next(error); }%0A+   });%0A+%0A+   router.get('/reports/:passportId/history', async (req: AuthenticatedRequest, res, next) => {%0A+     try {%0A+       const db = req.db!;%0A+       const tenantId = req.user!.tenantId;%0A+       const passportId = req.params.passportId;%0A+       const typeFilter = typeof req.query.type === 'string' ? reportTypes.safeParse(req.query.type) : null;%0A+       if (typeFilter && !typeFilter.success) return res.status(400).json({ error: 'INVALID_REPORT_TYPE' });%0A+       const rows = typeFilter?.success%0A+         ? await db.execute(sql`SELECT id,report_type,generated_at,score,confidence_basis_points,completeness_basis_points,canonical_payload_hash FROM trust_report_snapshots WHERE tenant_id=${tenantId} AND passport_id=${passportId} AND report_type=${typeFilter.data} ORDER BY generated_at DESC LIMIT 50`)%0A+         : await db.execute(sql`SELECT id,report_type,generated_at,score,confidence_basis_points,completeness_basis_points,canonical_payload_hash FROM trust_report_snapshots WHERE tenant_id=${tenantId} AND passport_id=${passportId} ORDER BY generated_at DESC LIMIT 50`);%0A+       return res.json({ snapshots: (rows as any).rows || [] });%0A+     } catch (error) { return next(error); }%0A+   });%0A+%0A+   router.get('/reports/:passportId/history/:snapshotId', async (req: AuthenticatedRequest, res, next) => {%0A+     try {%0A+       const db = req.db!;%0A+       const tenantId = req.user!.tenantId;%0A+       const row = (await db.execute(sql`SELECT payload,canonical_payload_hash,generated_at,report_type FROM trust_report_snapshots WHERE id=${req.params.snapshotId} AND tenant_id=${tenantId} AND passport_id=${req.params.passportId} LIMIT 1`) as any).rows?.[0];%0A+       if (!row) return res.status(404).json({ error: 'REPORT_SNAPSHOT_NOT_FOUND' });%0A+       const payload = parseJson(row.payload, {});%0A+       return res.json({ ...(payload as object), reportHash: row.canonical_payload_hash });%0A+     } catch (error) { return next(error); }%0A+   });%0A+%0A+   router.get('/reports/:passportId', async (req: AuthenticatedRequest, res, next) => {%0A+     try {%0A+       const parsed = reportTypes.safeParse(req.query.type || 'executive');%0A+       if (!parsed.success) return res.status(400).json({ error: 'INVALID_REPORT_TYPE' });%0A+       const report = await buildAndPersistReport(req.db!, req.user!.tenantId, String(req.params.passportId), parsed.data);%0A+       if (!report) return res.status(404).json({ error: 'PASSPORT_NOT_FOUND' });%0A+       return res.json(report);%0A+     } catch (error) { return next(error); }%0A+   });%0A+%0A+   return router;%0A+ }%0A+%0A+ export async function buildAndPersistReport(db: any, tenantId: string, passportId: string, reportType: string) {%0A+   const passport = (await db.execute(sql`SELECT id,name,overall_score,security_score,compliance_score,verification_status,confidence_score,evidence_completeness,sbom,evidence,vulnerabilities,timeline FROM passports WHERE id=${passportId} AND tenant_id=${tenantId} LIMIT 1`) as any).rows?.[0];%0A+   if (!passport) return null;%0A+   const findings = (await db.execute(sql`SELECT id,control_id,title,severity,status,description,remediation,evidence_ids,updated_at,resolved_at FROM trust_findings WHERE tenant_id=${tenantId} AND passport_id=${passportId} ORDER BY CASE severity WHEN 'critical' THEN 1 WHEN 'high' THEN 2 WHEN 'medium' THEN 3 WHEN 'low' THEN 4 ELSE 5 END,updated_at DESC`) as any).rows || [];%0A+   const evidence = (await db.execute(sql`SELECT id,provider,control_id,subject,source_url,observed_at,verification_method,status,severity,evidence_hash,limitation FROM evidence_ledger WHERE tenant_id=${tenantId} AND passport_id=${passportId} ORDER BY observed_at DESC`) as any).rows || [];%0A+   const observations = (await db.execute(sql`SELECT id,observation_version,generated_at,previous_observation_id,evidence_ids,finding_ids,canonical_payload_hash,completeness_basis_points,confidence_basis_points,open_finding_count,unknown_dimension_count FROM trust_observations WHERE tenant_id=${tenantId} AND passport_id=${passportId} ORDER BY observation_version DESC`) as any).rows || [];%0A+   const remediation = (await db.execute(sql`SELECT * FROM trust_remediation_work_items WHERE tenant_id=${tenantId} AND passport_id=${passportId} ORDER BY updated_at DESC`) as any).rows || [];%0A+   const verification = (await db.execute(sql`SELECT * FROM remediation_verification_ledger WHERE tenant_id=${tenantId} AND finding_id IN (SELECT id FROM trust_findings WHERE tenant_id=${tenantId} AND passport_id=${passportId}) ORDER BY created_at DESC`) as any).rows || [];%0A+   const latest = observations[0];%0A+   const risk = deriveReportRiskFields(passport as ReportPassportRow);%0A+   const report = {%0A+     schemaVersion: 'spr.report.v2', reportType, generatedAt: new Date().toISOString(), passport: { id: passport.id, name: passport.name },%0A+     risk: { overall: risk.canonicalScore, security: passport.security_score, compliance: passport.compliance_score, verificationStatus: risk.verificationStatus },%0A+     evidenceQuality: { completenessBasisPoints: risk.completenessBasisPoints, confidenceBasisPoints: risk.confidenceBasisPoints, unknownDimensions: latest?.unknown_dimension_count ?? 0, latestObservationAt: latest?.generated_at ?? null },%0A+     findings, evidence, observations, remediation, verification,%0A+     traceability: 'Report -> Passport -> Risk -> Finding -> Observation -> Provider -> Source -> Timestamp -> Hash',%0A+     resolutionTraceability: 'Finding -> remediation -> new observation -> independent verification',%0A+     limitations: evidence.filter((item: any) => item.limitation).map((item: any) => ({ evidenceId: item.id, limitation: item.limitation })),%0A+     ...buildReportTypeExtras(reportType, passport, findings),%0A+   };%0A+   const canonicalPayload = JSON.stringify(report);%0A+   const reportHash = crypto.createHash('sha256').update(canonicalPayload).digest('hex');%0A+   await db.execute(sql`INSERT INTO trust_report_snapshots (id,tenant_id,passport_id,report_type,generated_at,score,confidence_basis_points,completeness_basis_points,evidence_ids,finding_ids,observation_id,canonical_payload_hash,payload,created_at) VALUES (${id('report')},${tenantId},${passportId},${reportType},${report.generatedAt},${risk.canonicalScore},${risk.confidenceBasisPoints},${risk.completenessBasisPoints},${JSON.stringify(evidence.map((item: any) => item.id))},${JSON.stringify(findings.map((item: any) => item.id))},${latest?.id ?? null},${reportHash},${canonicalPayload},${report.generatedAt}) ON CONFLICT (tenant_id,passport_id,report_type,canonical_payload_hash) DO NOTHING`);%0A+   return { ...report, reportHash };%0A+ }%0A+%0A%0A ❯ tests/report-changes-contract.test.ts:22:15%0A%0A

::error file=/home/runner/work/software-passport-registry/software-passport-registry/tests/report-changes-contract.test.ts,title=tests/report-changes-contract.test.ts > GET /trust-loop/reports/%3ApassportId/changes > never claims a change when fewer than two snapshots exist -- flags insufficientData instead of fabricating a diff,line=28,column=15::AssertionError: expected 'import { Router } from \'express\';\n…' to contain 'if (!current) return res.json({ insuf…'%0A%0A- Expected%0A+ Received%0A%0A- if (!current) return res.json({ insufficientData: true, current: null, previous: null, changes: [] });%0A+ import { Router } from 'express';%0A+ import { sql } from 'drizzle-orm';%0A+ import crypto from 'node:crypto';%0A+ import { z } from 'zod';%0A+ import { AuthenticatedRequest } from '../middleware/security.ts';%0A+ import { decryptCredentials } from '../integrations/credential-vault.ts';%0A+ import { collectDeepProviderEvidence } from '../integrations/deep-collectors.ts';%0A+ import { collectGitHubDeepEvidence } from '../integrations/github-deep.ts';%0A+ import { persistTrustLoop, verifyRemediation } from '../trust/trust-loop.ts';%0A+%0A+ const collectSchema = z.object({ passportId: z.string().trim().min(1).max(255), provider: z.string().trim().min(1).max(64) }).strict();%0A+ const remediationSchema = z.object({%0A+   findingId: z.string().trim().min(1),%0A+   title: z.string().trim().min(1).max(255),%0A+   description: z.string().max(4000).optional(),%0A+   assigneeId: z.string().max(255).optional(),%0A+   assigneeDisplay: z.string().max(255).optional(),%0A+   externalSystem: z.string().trim().min(1).max(64).default('SPR'),%0A+   externalTicketId: z.string().max(255).optional(),%0A+   slaDueAt: z.string().datetime().optional(),%0A+   priority: z.enum(['LOW', 'MEDIUM', 'HIGH', 'CRITICAL']).default('HIGH'),%0A+ }).strict();%0A+ const remediationUpdateSchema = z.object({ status: z.enum(['OPEN', 'IN_PROGRESS', 'BLOCKED', 'READY_FOR_VERIFICATION', 'VERIFIED', 'CLOSED', 'CANCELLED']), ownerId: z.string().max(255).optional(), ownerDisplay: z.string().max(255).optional(), slaDueAt: z.string().datetime().nullable().optional() }).strict();%0A+ const verifySchema = z.object({ findingId: z.string().trim().min(1), observationIds: z.array(z.string().min(1)).max(50), evidenceIds: z.array(z.string().min(1)).max(200) }).strict();%0A+ const reportTypes = z.enum(['executive', 'technical', 'msp', 'customer', 'compliance', 'vendor', 'auditor', 'evidence-ledger']);%0A+ function id(prefix: string) { return `${prefix}_${crypto.randomUUID().replaceAll('-', '')}`; }%0A+ function parseJson(value: unknown, fallback: unknown = []) { try { return value ? JSON.parse(String(value)) : fallback; } catch { return fallback; } }%0A+%0A+ const SEVERITY_ORDER = ['critical', 'high', 'medium', 'low'];%0A+%0A+ export type ReportPassportRow = {%0A+   overall_score: number | null;%0A+   security_score: number | null;%0A+   compliance_score: number | null;%0A+   verification_status: string | null;%0A+   confidence_score: number | null;%0A+   evidence_completeness: number | null;%0A+ };%0A+%0A+ export function deriveReportRiskFields(passport: ReportPassportRow) {%0A+   const verificationStatus = passport.verification_status || 'unverified';%0A+   const isMeasured = verificationStatus !== 'unverified';%0A+   return {%0A+     canonicalScore: isMeasured ? passport.overall_score : null,%0A+     verificationStatus,%0A+     confidenceBasisPoints: isMeasured && passport.confidence_score != null ? Math.round(passport.confidence_score * 100) : null,%0A+     completenessBasisPoints: isMeasured && passport.evidence_completeness != null ? Math.round(passport.evidence_completeness * 100) : null,%0A+   };%0A+ }%0A+%0A+ function buildReportTypeExtras(reportType: string, passport: any, findings: any[]) {%0A+   if (reportType === 'sbom') {%0A+     const components = parseJson(passport.sbom, []) as any[];%0A+     const vulnerabilities = parseJson(passport.vulnerabilities, []) as any[];%0A+     const sbom = components.map((component) => {%0A+       const name = component?.name || component?.packageName || component?.component;%0A+       const matched = vulnerabilities.filter((vuln) => (vuln?.component || vuln?.packageName || vuln?.package) === name);%0A+       return { ...component, vulnerabilityCount: matched.length, criticalOrHighCount: matched.filter((vuln) => SEVERITY_ORDER.slice(0, 2).includes(String(vuln?.severity || '').toLowerCase())).length };%0A+     });%0A+     return { sbom };%0A+   }%0A+   if (reportType === 'compliance') {%0A+     const byControl = new Map<string, { controlId: string; findingCount: number; openCount: number; worstSeverity: string; findingIds: string[] }>();%0A+     for (const finding of findings) {%0A+       const controlId = finding.control_id || 'unmapped';%0A+       const entry = byControl.get(controlId) || { controlId, findingCount: 0, openCount: 0, worstSeverity: 'low', findingIds: [] as string[] };%0A+       entry.findingCount += 1;%0A+       entry.findingIds.push(finding.id);%0A+       if (!['resolved', 'closed', 'verified'].includes(String(finding.status || '').toLowerCase())) entry.openCount += 1;%0A+       const severity = String(finding.severity || '').toLowerCase();%0A+       if (SEVERITY_ORDER.includes(severity) && SEVERITY_ORDER.indexOf(severity) < SEVERITY_ORDER.indexOf(entry.worstSeverity)) entry.worstSeverity = severity;%0A+       byControl.set(controlId, entry);%0A+     }%0A+     return { controls: [...byControl.values()] };%0A+   }%0A+   return {};%0A+ }%0A+%0A+ export function createTrustLoopRouter() {%0A+   const router = Router();%0A+%0A+   router.post('/collect', async (req: AuthenticatedRequest, res, next) => {%0A+     const parsed = collectSchema.safeParse(req.body);%0A+     if (!parsed.success) return res.status(400).json({ error: 'INVALID_PAYLOAD', details: parsed.error.flatten() });%0A+     const { passportId, provider } = parsed.data;%0A+     const tenantId = req.user!.tenantId;%0A+     const runId = id('collect');%0A+     const startedAt = new Date().toISOString();%0A+     const db = req.db!;%0A+     try {%0A+       const passport = (await db.execute(sql`SELECT id,client_id FROM passports WHERE id=${passportId} AND tenant_id=${tenantId} LIMIT 1`) as any).rows?.[0];%0A+       if (!passport) return res.status(404).json({ error: 'PASSPORT_NOT_FOUND' });%0A+       const stored = (await db.execute(sql`SELECT encrypted_payload FROM integration_credentials WHERE tenant_id=${tenantId} AND provider=${provider} LIMIT 1`) as any).rows?.[0];%0A+       if (!stored?.encrypted_payload) return res.status(409).json({ error: 'CREDENTIAL_NOT_CONFIGURED' });%0A+%0A+       await db.execute(sql`INSERT INTO trust_collection_runs (id,tenant_id,passport_id,provider,started_at,status,idempotency_key,created_at) VALUES (${runId},${tenantId},${passportId},${provider},${startedAt},'RUNNING',${`${tenantId}:${passportId}:${provider}:${startedAt}`},${startedAt})`);%0A+       const credentials = decryptCredentials(stored.encrypted_payload) as Record<string, string>;%0A+       const observations = provider === 'github' ? await collectGitHubDeepEvidence(credentials) : await collectDeepProviderEvidence(provider as any, credentials);%0A+       const result = await persistTrustLoop({ tenantId, passportId, clientId: passport.client_id || passport.id, assetId: passport.id, observations, generationReason: 'provider_collection', actorType: 'worker', collectorVersionMap: { [provider]: 'deep-v2' } });%0A+       const completedAt = new Date().toISOString();%0A+       await db.execute(sql`UPDATE trust_collection_runs SET completed_at=${completedAt},status='SUCCEEDED',observation_count=${observations.length},evidence_count=${result.evidenceIds.length},failure_count=${observations.filter((o) => o.status === 'FAIL').length},collector_version='deep-v2' WHERE id=${runId} AND tenant_id=${tenantId}`);%0A+       await db.execute(sql`INSERT INTO trust_monitoring_state (id,tenant_id,passport_id,provider,next_run_at,last_run_at,last_success_at,last_evidence_hash,consecutive_failures,status,updated_at) VALUES (${id('monitor')},${tenantId},${passportId},${provider},${new Date(Date.now()+3600000).toISOString()},${completedAt},${completedAt},${result.payloadHash},0,'HEALTHY',${completedAt}) ON CONFLICT (tenant_id,passport_id,provider) DO UPDATE SET next_run_at=EXCLUDED.next_run_at,last_run_at=EXCLUDED.last_run_at,last_success_at=EXCLUDED.last_success_at,last_evidence_hash=EXCLUDED.last_evidence_hash,consecutive_failures=0,status='HEALTHY',updated_at=EXCLUDED.updated_at`);%0A+       return res.json({ runId, provider, observationCount: observations.length, ...result });%0A+     } catch (error) {%0A+       const completedAt = new Date().toISOString();%0A+       await db.execute(sql`UPDATE trust_collection_runs SET completed_at=${completedAt},status='FAILED',error_code='COLLECTION_FAILED',error_message=${error instanceof Error ? error.message.slice(0,1000) : 'COLLECTION_FAILED'} WHERE id=${runId} AND tenant_id=${tenantId}`).catch(() => undefined);%0A+       await db.execute(sql`UPDATE trust_monitoring_state SET last_run_at=${completedAt},last_failure_at=${completedAt},consecutive_failures=consecutive_failures+1,status=CASE WHEN consecutive_failures+1 >= 5 THEN 'FAILED' ELSE 'DEGRADED' END,updated_at=${completedAt} WHERE tenant_id=${tenantId} AND passport_id=${passportId} AND provider=${provider}`).catch(() => undefined);%0A+       return next(error);%0A+     }%0A+   });%0A+%0A+   const findingsWithRemediationSelect = sql`%0A+     SELECT f.*, r.id AS remediation_id, r.status AS remediation_status, r.owner_id AS remediation_owner_id,%0A+            r.owner_display AS remediation_owner_display, r.sla_due_at AS remediation_sla_due_at, r.updated_at AS remediation_updated_at%0A+     FROM trust_findings f%0A+     LEFT JOIN LATERAL (%0A+       SELECT * FROM trust_remediation_work_items w%0A+       WHERE w.tenant_id = f.tenant_id AND w.finding_id = f.id%0A+       ORDER BY w.created_at DESC LIMIT 1%0A+     ) r ON true%0A+   `;%0A+   router.get('/findings', async (req: AuthenticatedRequest, res, next) => {%0A+     try {%0A+       const db = req.db!;%0A+       const tenantId = req.user!.tenantId;%0A+       const passportId = typeof req.query.passportId === 'string' ? req.query.passportId : null;%0A+       const rows = passportId%0A+         ? await db.execute(sql`${findingsWithRemediationSelect} WHERE f.tenant_id=${tenantId} AND f.passport_id=${passportId} ORDER BY CASE f.severity WHEN 'critical' THEN 1 WHEN 'high' THEN 2 WHEN 'medium' THEN 3 WHEN 'low' THEN 4 ELSE 5 END,f.updated_at DESC`)%0A+         : await db.execute(sql`${findingsWithRemediationSelect} WHERE f.tenant_id=${tenantId} ORDER BY f.updated_at DESC`);%0A+       return res.json({ findings: (rows as any).rows || [] });%0A+     } catch (error) { return next(error); }%0A+   });%0A+%0A+   router.post('/remediations', async (req: AuthenticatedRequest, res, next) => {%0A+     const parsed = remediationSchema.safeParse(req.body);%0A+     if (!parsed.success) return res.status(400).json({ error: 'INVALID_PAYLOAD', details: parsed.error.flatten() });%0A+     try {%0A+       const db = req.db!;%0A+       const p = parsed.data;%0A+       const tenantId = req.user!.tenantId;%0A+       const finding = (await db.execute(sql`SELECT id,client_id,passport_id,title,description FROM trust_findings WHERE id=${p.findingId} AND tenant_id=${tenantId} LIMIT 1`) as any).rows?.[0];%0A+       if (!finding) return res.status(404).json({ error: 'FINDING_NOT_FOUND' });%0A+       const now = new Date().toISOString();%0A+       const workId = id('remed');%0A+       await db.execute(sql`INSERT INTO trust_remediation_work_items (id,tenant_id,passport_id,finding_id,external_system,external_ticket_id,owner_id,owner_display,sla_due_at,status,remediation_plan,created_at,updated_at) VALUES (${workId},${tenantId},${finding.passport_id},${finding.id},${p.externalSystem},${p.externalTicketId ?? null},${p.assigneeId ?? null},${p.assigneeDisplay ?? null},${p.slaDueAt ?? null},'OPEN',${p.description || finding.description},${now},${now})`);%0A+       await db.execute(sql`INSERT INTO remediation_tasks (id,tenant_id,client_id,alert_id,title,description,priority,status,assignee_id,created_by,created_at,updated_at) VALUES (${workId},${tenantId},${finding.client_id},${finding.id},${p.title},${p.description || finding.description},${p.priority},'OPEN',${p.assigneeId ?? null},${req.user!.uid},${now},${now})`);%0A+       const created = (await db.execute(sql`SELECT * FROM trust_remediation_work_items WHERE id=${workId} AND tenant_id=${tenantId} LIMIT 1`) as any).rows?.[0];%0A+       return res.status(201).json({ ...created, title: p.title });%0A+     } catch (error) { return next(error); }%0A+   });%0A+%0A+   router.get('/remediations/:id', async (req: AuthenticatedRequest, res, next) => {%0A+     try {%0A+       const db = req.db!;%0A+       const tenantId = req.user!.tenantId;%0A+       const row = (await db.execute(sql`SELECT w.*, f.title AS finding_title FROM trust_remediation_work_items w JOIN trust_findings f ON f.id = w.finding_id AND f.tenant_id = w.tenant_id WHERE w.id=${req.params.id} AND w.tenant_id=${tenantId} LIMIT 1`) as any).rows?.[0];%0A+       if (!row) return res.status(404).json({ error: 'REMEDIATION_NOT_FOUND' });%0A+       return res.json({ ...row, title: row.finding_title });%0A+     } catch (error) { return next(error); }%0A+   });%0A+%0A+   router.post('/remediations/:id/verify-latest', async (req: AuthenticatedRequest, res, next) => {%0A+     try {%0A+       const db = req.db!;%0A+       const tenantId = req.user!.tenantId;%0A+       const work = (await db.execute(sql`SELECT id,finding_id,passport_id FROM trust_remediation_work_items WHERE id=${req.params.id} AND tenant_id=${tenantId} LIMIT 1`) as any).rows?.[0];%0A+       if (!work) return res.status(404).json({ error: 'REMEDIATION_NOT_FOUND' });%0A+       const latestObservation = (await db.execute(sql`SELECT id,evidence_ids FROM trust_observations WHERE tenant_id=${tenantId} AND passport_id=${work.passport_id} ORDER BY observation_version DESC LIMIT 1`) as any).rows?.[0];%0A+       if (!latestObservation) return res.status(409).json({ error: 'NO_OBSERVATION_ON_FILE', message: 'SPR has no recorded observation for this software yet. Collect evidence before verifying.' });%0A+       const evidenceIds: string[] = parseJson(latestObservation.evidence_ids, []) as string[];%0A+       const result = await verifyRemediation({ tenantId, findingId: work.finding_id, observationIds: [latestObservation.id], evidenceIds, actorId: req.user!.uid });%0A+       const now = new Date().toISOString();%0A+       await db.execute(sql`UPDATE trust_remediation_work_items SET status='VERIFIED',updated_at=${now},closed_at=${now} WHERE id=${work.id} AND tenant_id=${tenantId}`);%0A+       const row = (await db.execute(sql`SELECT * FROM trust_remediation_work_items WHERE id=${work.id} AND tenant_id=${tenantId} LIMIT 1`) as any).rows?.[0];%0A+       return res.json({ ...row, verification: result });%0A+     } catch (error: any) {%0A+       const message = error instanceof Error ? error.message : String(error);%0A+       if (/^VERIFICATION_|^FINDING_NOT_FOUND$/.test(message)) return res.status(409).json({ error: message });%0A+       return next(error);%0A+     }%0A+   });%0A+%0A+   router.patch('/remediations/:id', async (req: AuthenticatedRequest, res, next) => {%0A+     const parsed = remediationUpdateSchema.safeParse(req.body);%0A+     if (!parsed.success) return res.status(400).json({ error: 'INVALID_PAYLOAD', details: parsed.error.flatten() });%0A+     try {%0A+       const db = req.db!;%0A+       const tenantId = req.user!.tenantId;%0A+       const p = parsed.data;%0A+       const now = new Date().toISOString();%0A+       const rows = await db.execute(sql`UPDATE trust_remediation_work_items SET status=${p.status},owner_id=COALESCE(${p.ownerId ?? null},owner_id),owner_display=COALESCE(${p.ownerDisplay ?? null},owner_display),sla_due_at=CASE WHEN ${p.slaDueAt === undefined} THEN sla_due_at ELSE ${p.slaDueAt} END,updated_at=${now},closed_at=CASE WHEN ${p.status} IN ('CLOSED','VERIFIED') THEN ${now} ELSE closed_at END WHERE id=${req.params.id} AND tenant_id=${tenantId} RETURNING *`);%0A+       const row = (rows as any).rows?.[0];%0A+       if (!row) return res.status(404).json({ error: 'REMEDIATION_NOT_FOUND' });%0A+       return res.json(row);%0A+     } catch (error) { return next(error); }%0A+   });%0A+%0A+   router.post('/verify', async (req: AuthenticatedRequest, res, next) => {%0A+     const parsed = verifySchema.safeParse(req.body);%0A+     if (!parsed.success) return res.status(400).json({ error: 'INVALID_PAYLOAD', details: parsed.error.flatten() });%0A+     try {%0A+       const db = req.db!;%0A+       const result = await verifyRemediation({ ...parsed.data, tenantId: req.user!.tenantId, actorId: req.user!.uid });%0A+       await db.execute(sql`UPDATE trust_remediation_work_items SET status='VERIFIED',updated_at=${new Date().toISOString()},closed_at=${new Date().toISOString()} WHERE tenant_id=${req.user!.tenantId} AND finding_id=${parsed.data.findingId}`);%0A+       return res.json(result);%0A+     } catch (error) { return next(error); }%0A+   });%0A+%0A+   router.get('/monitoring', async (req: AuthenticatedRequest, res, next) => {%0A+     try {%0A+       const db = req.db!;%0A+       const tenantId = req.user!.tenantId;%0A+       const passportId = typeof req.query.passportId === 'string' ? req.query.passportId : null;%0A+       const rows = passportId ? await db.execute(sql`SELECT * FROM trust_monitoring_state WHERE tenant_id=${tenantId} AND passport_id=${passportId} ORDER BY provider`) : await db.execute(sql`SELECT * FROM trust_monitoring_state WHERE tenant_id=${tenantId} ORDER BY passport_id,provider`);%0A+       const alerts = passportId ? await db.execute(sql`SELECT * FROM trust_alerts WHERE tenant_id=${tenantId} AND passport_id=${passportId} ORDER BY created_at DESC`) : await db.execute(sql`SELECT * FROM trust_alerts WHERE tenant_id=${tenantId} ORDER BY created_at DESC`);%0A+       return res.json({ monitoring: (rows as any).rows || [], alerts: (alerts as any).rows || [] });%0A+     } catch (error) { return next(error); }%0A+   });%0A+%0A+   router.get('/ledger/:passportId', async (req: AuthenticatedRequest, res, next) => {%0A+     try {%0A+       const db = req.db!;%0A+       const tenantId = req.user!.tenantId;%0A+       const passportId = req.params.passportId;%0A+       const scope = await db.execute(sql`SELECT id FROM passports WHERE id=${passportId} AND tenant_id=${tenantId} LIMIT 1`);%0A+       if (!(scope as any).rows?.length) return res.status(404).json({ error: 'PASSPORT_NOT_FOUND' });%0A+       const observations = await db.execute(sql`SELECT id,observation_version,generated_at,previous_observation_id,evidence_ids,finding_ids,canonical_payload_hash,completeness_basis_points,open_finding_count,unknown_dimension_count FROM trust_observations WHERE tenant_id=${tenantId} AND passport_id=${passportId} ORDER BY observation_version DESC`);%0A+       const evidence = await db.execute(sql`SELECT id,provider,control_id,subject,source_url,observed_at,verification_method,status,severity,evidence_hash,limitation FROM evidence_ledger WHERE tenant_id=${tenantId} AND passport_id=${passportId} ORDER BY observed_at DESC`);%0A+       const findings = await db.execute(sql`SELECT id,control_id,title,severity,status,evidence_ids,fingerprint,updated_at,resolved_at FROM trust_findings WHERE tenant_id=${tenantId} AND passport_id=${passportId} ORDER BY updated_at DESC`);%0A+       const remediation = await db.execute(sql`SELECT * FROM trust_remediation_work_items WHERE tenant_id=${tenantId} AND passport_id=${passportId} ORDER BY updated_at DESC`);%0A+       const verification = await db.execute(sql`SELECT * FROM remediation_verification_ledger WHERE tenant_id=${tenantId} AND finding_id IN (SELECT id FROM trust_findings WHERE tenant_id=${tenantId} AND passport_id=${passportId}) ORDER BY created_at DESC`);%0A+       return res.json({ observations: (observations as any).rows || [], findings: (findings as any).rows || [], evidence: (evidence as any).rows || [], remediation: (remediation as any).rows || [], verification: (verification as any).rows || [], trace: 'Report -> Passport -> Risk -> Finding -> Observation -> Provider -> Source -> Timestamp -> Hash' });%0A+     } catch (error) { return next(error); }%0A+   });%0A+%0A+   router.get('/reports/:passportId/history', async (req: AuthenticatedRequest, res, next) => {%0A+     try {%0A+       const db = req.db!;%0A+       const tenantId = req.user!.tenantId;%0A+       const passportId = req.params.passportId;%0A+       const typeFilter = typeof req.query.type === 'string' ? reportTypes.safeParse(req.query.type) : null;%0A+       if (typeFilter && !typeFilter.success) return res.status(400).json({ error: 'INVALID_REPORT_TYPE' });%0A+       const rows = typeFilter?.success%0A+         ? await db.execute(sql`SELECT id,report_type,generated_at,score,confidence_basis_points,completeness_basis_points,canonical_payload_hash FROM trust_report_snapshots WHERE tenant_id=${tenantId} AND passport_id=${passportId} AND report_type=${typeFilter.data} ORDER BY generated_at DESC LIMIT 50`)%0A+         : await db.execute(sql`SELECT id,report_type,generated_at,score,confidence_basis_points,completeness_basis_points,canonical_payload_hash FROM trust_report_snapshots WHERE tenant_id=${tenantId} AND passport_id=${passportId} ORDER BY generated_at DESC LIMIT 50`);%0A+       return res.json({ snapshots: (rows as any).rows || [] });%0A+     } catch (error) { return next(error); }%0A+   });%0A+%0A+   router.get('/reports/:passportId/history/:snapshotId', async (req: AuthenticatedRequest, res, next) => {%0A+     try {%0A+       const db = req.db!;%0A+       const tenantId = req.user!.tenantId;%0A+       const row = (await db.execute(sql`SELECT payload,canonical_payload_hash,generated_at,report_type FROM trust_report_snapshots WHERE id=${req.params.snapshotId} AND tenant_id=${tenantId} AND passport_id=${req.params.passportId} LIMIT 1`) as any).rows?.[0];%0A+       if (!row) return res.status(404).json({ error: 'REPORT_SNAPSHOT_NOT_FOUND' });%0A+       const payload = parseJson(row.payload, {});%0A+       return res.json({ ...(payload as object), reportHash: row.canonical_payload_hash });%0A+     } catch (error) { return next(error); }%0A+   });%0A+%0A+   router.get('/reports/:passportId', async (req: AuthenticatedRequest, res, next) => {%0A+     try {%0A+       const parsed = reportTypes.safeParse(req.query.type || 'executive');%0A+       if (!parsed.success) return res.status(400).json({ error: 'INVALID_REPORT_TYPE' });%0A+       const report = await buildAndPersistReport(req.db!, req.user!.tenantId, String(req.params.passportId), parsed.data);%0A+       if (!report) return res.status(404).json({ error: 'PASSPORT_NOT_FOUND' });%0A+       return res.json(report);%0A+     } catch (error) { return next(error); }%0A+   });%0A+%0A+   return router;%0A+ }%0A+%0A+ export async function buildAndPersistReport(db: any, tenantId: string, passportId: string, reportType: string) {%0A+   const passport = (await db.execute(sql`SELECT id,name,overall_score,security_score,compliance_score,verification_status,confidence_score,evidence_completeness,sbom,evidence,vulnerabilities,timeline FROM passports WHERE id=${passportId} AND tenant_id=${tenantId} LIMIT 1`) as any).rows?.[0];%0A+   if (!passport) return null;%0A+   const findings = (await db.execute(sql`SELECT id,control_id,title,severity,status,description,remediation,evidence_ids,updated_at,resolved_at FROM trust_findings WHERE tenant_id=${tenantId} AND passport_id=${passportId} ORDER BY CASE severity WHEN 'critical' THEN 1 WHEN 'high' THEN 2 WHEN 'medium' THEN 3 WHEN 'low' THEN 4 ELSE 5 END,updated_at DESC`) as any).rows || [];%0A+   const evidence = (await db.execute(sql`SELECT id,provider,control_id,subject,source_url,observed_at,verification_method,status,severity,evidence_hash,limitation FROM evidence_ledger WHERE tenant_id=${tenantId} AND passport_id=${passportId} ORDER BY observed_at DESC`) as any).rows || [];%0A+   const observations = (await db.execute(sql`SELECT id,observation_version,generated_at,previous_observation_id,evidence_ids,finding_ids,canonical_payload_hash,completeness_basis_points,confidence_basis_points,open_finding_count,unknown_dimension_count FROM trust_observations WHERE tenant_id=${tenantId} AND passport_id=${passportId} ORDER BY observation_version DESC`) as any).rows || [];%0A+   const remediation = (await db.execute(sql`SELECT * FROM trust_remediation_work_items WHERE tenant_id=${tenantId} AND passport_id=${passportId} ORDER BY updated_at DESC`) as any).rows || [];%0A+   const verification = (await db.execute(sql`SELECT * FROM remediation_verification_ledger WHERE tenant_id=${tenantId} AND finding_id IN (SELECT id FROM trust_findings WHERE tenant_id=${tenantId} AND passport_id=${passportId}) ORDER BY created_at DESC`) as any).rows || [];%0A+   const latest = observations[0];%0A+   const risk = deriveReportRiskFields(passport as ReportPassportRow);%0A+   const report = {%0A+     schemaVersion: 'spr.report.v2', reportType, generatedAt: new Date().toISOString(), passport: { id: passport.id, name: passport.name },%0A+     risk: { overall: risk.canonicalScore, security: passport.security_score, compliance: passport.compliance_score, verificationStatus: risk.verificationStatus },%0A+     evidenceQuality: { completenessBasisPoints: risk.completenessBasisPoints, confidenceBasisPoints: risk.confidenceBasisPoints, unknownDimensions: latest?.unknown_dimension_count ?? 0, latestObservationAt: latest?.generated_at ?? null },%0A+     findings, evidence, observations, remediation, verification,%0A+     traceability: 'Report -> Passport -> Risk -> Finding -> Observation -> Provider -> Source -> Timestamp -> Hash',%0A+     resolutionTraceability: 'Finding -> remediation -> new observation -> independent verification',%0A+     limitations: evidence.filter((item: any) => item.limitation).map((item: any) => ({ evidenceId: item.id, limitation: item.limitation })),%0A+     ...buildReportTypeExtras(reportType, passport, findings),%0A+   };%0A+   const canonicalPayload = JSON.stringify(report);%0A+   const reportHash = crypto.createHash('sha256').update(canonicalPayload).digest('hex');%0A+   await db.execute(sql`INSERT INTO trust_report_snapshots (id,tenant_id,passport_id,report_type,generated_at,score,confidence_basis_points,completeness_basis_points,evidence_ids,finding_ids,observation_id,canonical_payload_hash,payload,created_at) VALUES (${id('report')},${tenantId},${passportId},${reportType},${report.generatedAt},${risk.canonicalScore},${risk.confidenceBasisPoints},${risk.completenessBasisPoints},${JSON.stringify(evidence.map((item: any) => item.id))},${JSON.stringify(findings.map((item: any) => item.id))},${latest?.id ?? null},${reportHash},${canonicalPayload},${report.generatedAt}) ON CONFLICT (tenant_id,passport_id,report_type,canonical_payload_hash) DO NOTHING`);%0A+   return { ...report, reportHash };%0A+ }%0A+%0A%0A ❯ tests/report-changes-contract.test.ts:28:15%0A%0A

::error file=/home/runner/work/software-passport-registry/software-passport-registry/tests/report-changes-contract.test.ts,title=tests/report-changes-contract.test.ts > GET /trust-loop/reports/%3ApassportId/changes > is scoped to the caller's tenant and%2C for the Client role%2C their own client's passport,line=36,column=23::AssertionError: expected '' to contain 'const clientScope = req.user!.role ==…'%0A%0A- Expected%0A+ Received%0A%0A- const clientScope = req.user!.role === 'Client' ? req.user!.clientId : null;%0A%0A ❯ tests/report-changes-contract.test.ts:36:23%0A%0A

::error file=/home/runner/work/software-passport-registry/software-passport-registry/tests/report-changes-contract.test.ts,title=tests/report-changes-contract.test.ts > ReportsView surfaces changes since last report > loads changes automatically when a passport/report type is selected%2C not only after generating a report,line=46,column=15::AssertionError: expected 'import { useEffect, useMemo, useState…' to contain 'if (selectedPassportId) { void loadHi…'%0A%0A- Expected%0A+ Received%0A%0A- if (selectedPassportId) { void loadHistory(selectedPassportId); void loadChanges(selectedPassportId); }%0A+ import { useEffect, useMemo, useState, type ChangeEvent } from 'react';%0A+ import { Copy, Download, FileJson, FileText, History, Package, Printer, RefreshCw, Share2, ShieldCheck, Upload, Users } from 'lucide-react';%0A+ import type { Alert, Client, Scan, SoftwarePassport } from '../types';%0A+ import { apiFetch } from '../utils/apiClient';%0A+ import { generateCoBrandedTrustReport, generatePassportEvidenceReport } from '../utils/pdfGenerator';%0A+%0A+ type ReportPayload = {%0A+   schemaVersion?: string;%0A+   reportType?: string;%0A+   generatedAt?: string;%0A+   passport?: { id?: string; name?: string };%0A+   risk?: { overall?: number | null; security?: number | null; compliance?: number | null };%0A+   evidenceQuality?: { completenessBasisPoints?: number; unknownDimensions?: number; latestObservationAt?: string | null };%0A+   findings?: unknown[];%0A+   evidence?: unknown[];%0A+   observations?: unknown[];%0A+   remediation?: unknown[];%0A+   verification?: unknown[];%0A+   traceability?: string;%0A+   limitations?: Array<{ evidenceId?: string; limitation?: string }>;%0A+   reportHash?: string;%0A+   sbom?: Array<{ name?: string; version?: string; license?: string; vulnerabilityCount?: number; criticalOrHighCount?: number }>;%0A+   controls?: Array<{ controlId?: string; findingCount?: number; openCount?: number; worstSeverity?: string }>;%0A+ };%0A+%0A+ type ReportSnapshot = {%0A+   id: string;%0A+   report_type: string;%0A+   generated_at: string;%0A+   score: number;%0A+   completeness_basis_points: number;%0A+   canonical_payload_hash: string;%0A+ };%0A+%0A+ type ShareInfo = { shareUrl: string; expiresAt: string; reportType: string };%0A+%0A+ const REPORT_TYPES: Array<{ value: string; label: string }> = [%0A+   { value: 'executive', label: 'Executive trust report' },%0A+   { value: 'technical', label: 'Technical / engineering' },%0A+   { value: 'compliance', label: 'Compliance (by control)' },%0A+   { value: 'sbom', label: 'SBOM report' },%0A+   { value: 'vendor', label: 'Vendor risk' },%0A+   { value: 'msp', label: 'MSP / client' },%0A+   { value: 'customer', label: 'Customer-facing' },%0A+   { value: 'auditor', label: 'Auditor' },%0A+   { value: 'evidence-ledger', label: 'Evidence ledger' },%0A+ ];%0A+%0A+ const SHARE_ROLES = new Set(['Owner', 'Admin', 'Operator']);%0A+%0A+ interface ReportsViewProps {%0A+   clients?: Client[];%0A+   passports?: SoftwarePassport[];%0A+   scans?: Scan[];%0A+   alerts?: Alert[];%0A+   findings?: unknown[];%0A+   role?: string;%0A+ }%0A+%0A+ function download(name: string, body: string, type: string) {%0A+   const url = URL.createObjectURL(new Blob([body], { type }));%0A+   const link = document.createElement('a');%0A+   link.href = url;%0A+   link.download = name;%0A+   document.body.appendChild(link);%0A+   link.click();%0A+   link.remove();%0A+   URL.revokeObjectURL(url);%0A+ }%0A+%0A+ function csvCell(value: unknown) {%0A+   return `"${String(value ?? '').replace(/"/g, '""')}"`;%0A+ }%0A+%0A+ function clientName(passport: SoftwarePassport, clients: Client[]) {%0A+   const clientId = String((passport as SoftwarePassport & { clientId?: string }).clientId || '');%0A+   return clients.find((client) => client.id === clientId)?.name || 'Unassigned client';%0A+ }%0A+%0A+ export default function ReportsView({ clients = [], passports = [], scans = [], alerts = [], findings = [], role = 'Viewer' }: ReportsViewProps) {%0A+   const [selectedPassportId, setSelectedPassportId] = useState(passports[0]?.id || '');%0A+   const [reportType, setReportType] = useState('executive');%0A+   const [report, setReport] = useState<ReportPayload | null>(null);%0A+   const [loading, setLoading] = useState(false);%0A+   const [message, setMessage] = useState('');%0A+   const [history, setHistory] = useState<ReportSnapshot[]>([]);%0A+   const [historyLoading, setHistoryLoading] = useState(false);%0A+   const [shareInfo, setShareInfo] = useState<ShareInfo | null>(null);%0A+   const [sharing, setSharing] = useState(false);%0A+   const [shareMessage, setShareMessage] = useState('');%0A+   const [exportClientIds, setExportClientIds] = useState<Set<string>>(new Set());%0A+%0A+   const [whiteLabelClientId, setWhiteLabelClientId] = useState(clients[0]?.id || '');%0A+   const [mspName, setMspName] = useState('');%0A+   const [brandColor, setBrandColor] = useState('#22d3ee');%0A+   const [reportTitle, setReportTitle] = useState('Software Trust & Compliance Ledger');%0A+   const [executiveSummary, setExecutiveSummary] = useState('');%0A+   const [logoBase64, setLogoBase64] = useState<string | undefined>(undefined);%0A+   const [sections, setSections] = useState({ summary: true, metrics: true, inventory: true, compliance: true, signatures: true });%0A+%0A+   const canShare = SHARE_ROLES.has(role);%0A+%0A+   useEffect(() => {%0A+     if (!passports.some((passport) => passport.id === selectedPassportId)) {%0A+       setSelectedPassportId(passports[0]?.id || '');%0A+     }%0A+   }, [passports, selectedPassportId]);%0A+%0A+   useEffect(() => {%0A+     if (!clients.some((client) => client.id === whiteLabelClientId)) {%0A+       setWhiteLabelClientId(clients[0]?.id || '');%0A+     }%0A+   }, [clients, whiteLabelClientId]);%0A+%0A+   useEffect(() => {%0A+     setReport(null);%0A+     setHistory([]);%0A+     setShareInfo(null);%0A+     setShareMessage('');%0A+     setMessage('');%0A+   }, [selectedPassportId, reportType]);%0A+%0A+   const selectedPassport = passports.find((passport) => passport.id === selectedPassportId);%0A+   const evidenceCount = passports.reduce((total, passport) => total + passport.evidence.length, 0);%0A+   const vulnerabilityCount = passports.reduce((total, passport) => total + passport.vulnerabilities.length, 0);%0A+   const findingCount = findings.length;%0A+%0A+   const loadHistory = async (passportId: string) => {%0A+     setHistoryLoading(true);%0A+     try {%0A+       const response = await apiFetch(`/api/trust-loop/reports/${encodeURIComponent(passportId)}/history?type=${encodeURIComponent(reportType)}`);%0A+       const payload = await response.json().catch(() => null);%0A+       if (response.ok) setHistory(Array.isArray(payload?.snapshots) ? payload.snapshots : []);%0A+     } finally {%0A+       setHistoryLoading(false);%0A+     }%0A+   };%0A+%0A+   const loadReport = async () => {%0A+     if (!selectedPassport) return;%0A+     setLoading(true);%0A+     setMessage('');%0A+     try {%0A+       const response = await apiFetch(`/api/trust-loop/reports/${encodeURIComponent(selectedPassport.id)}?type=${encodeURIComponent(reportType)}`);%0A+       const payload = await response.json().catch(() => null);%0A+       if (!response.ok) throw new Error(String(payload?.error || `Report request failed (${response.status})`));%0A+       setReport(payload as ReportPayload);%0A+       setMessage('Authoritative report loaded from the tenant-scoped trust report endpoint.');%0A+       void loadHistory(selectedPassport.id);%0A+     } catch (error) {%0A+       setReport(null);%0A+       setMessage(error instanceof Error ? error.message : 'Unable to load the report.');%0A+     } finally {%0A+       setLoading(false);%0A+     }%0A+   };%0A+%0A+   const loadSnapshot = async (snapshotId: string) => {%0A+     if (!selectedPassport) return;%0A+     setLoading(true);%0A+     setMessage('');%0A+     try {%0A+       const response = await apiFetch(`/api/trust-loop/reports/${encodeURIComponent(selectedPassport.id)}/history/${encodeURIComponent(snapshotId)}`);%0A+       const payload = await response.json().catch(() => null);%0A+       if (!response.ok) throw new Error(String(payload?.error || `Snapshot request failed (${response.status})`));%0A+       setReport(payload as ReportPayload);%0A+       setMessage('Loaded a historical snapshot of this report. Re-run "Load report" for the current state.');%0A+     } catch (error) {%0A+       setMessage(error instanceof Error ? error.message : 'Unable to load that snapshot.');%0A+     } finally {%0A+       setLoading(false);%0A+     }%0A+   };%0A+%0A+   const createShareLink = async () => {%0A+     if (!selectedPassport) return;%0A+     setSharing(true);%0A+     setShareMessage('');%0A+     try {%0A+       const response = await apiFetch(`/api/public/v1/reports/${encodeURIComponent(selectedPassport.id)}/token`, {%0A+         method: 'POST',%0A+         headers: { 'Content-Type': 'application/json' },%0A+         body: JSON.stringify({ type: reportType }),%0A+       });%0A+       const payload = await response.json().catch(() => null);%0A+       if (!response.ok) throw new Error(String(payload?.error || `Share link request failed (${response.status})`));%0A+       setShareInfo({ shareUrl: payload.shareUrl, expiresAt: payload.expiresAt, reportType: payload.reportType });%0A+     } catch (error) {%0A+       setShareInfo(null);%0A+       setShareMessage(error instanceof Error ? error.message : 'Unable to create a share link.');%0A+     } finally {%0A+       setSharing(false);%0A+     }%0A+   };%0A+%0A+   const copyShareLink = async () => {%0A+     if (!shareInfo) return;%0A+     try {%0A+       await navigator.clipboard.writeText(shareInfo.shareUrl);%0A+       setShareMessage('Share link copied to clipboard.');%0A+     } catch {%0A+       setShareMessage('Copy failed — select and copy the link manually.');%0A+     }%0A+   };%0A+%0A+   const downloadPdf = () => {%0A+     if (!selectedPassport) return;%0A+     generatePassportEvidenceReport(selectedPassport, 'SPR Reports Center', '#22d3ee');%0A+   };%0A+%0A+   const exportReportJson = () => {%0A+     if (!report || !selectedPassport) return;%0A+     download(`spr-report-${selectedPassport.id}-${reportType}.json`, JSON.stringify(report, null, 2), 'application/json');%0A+   };%0A+%0A+   const exportRegistryCsv = () => {%0A+     const clientFilter = exportClientIds.size > 0 ? exportClientIds : null;%0A+     const passportInScope = (passport: SoftwarePassport) => !clientFilter || clientFilter.has(String((passport as SoftwarePassport & { clientId?: string }).clientId || ''));%0A+     const scopedPassports = passports.filter(passportInScope);%0A+     const scopedClients = clientFilter ? clients.filter((client) => clientFilter.has(client.id)) : clients;%0A+     const rows = [%0A+       ['recordType', 'id', 'name', 'version', 'client', 'status', 'severity', 'observedAt'],%0A+       ...scopedPassports.map((passport) => ['passport', passport.id, passport.name, passport.version, clientName(passport, clients), 'registered', '', passport.releaseDate]),%0A+       ...scopedPassports.flatMap((passport) => passport.evidence.map((item: any) => ['evidence', item.id, item.name, '', clientName(passport, clients), item.status || item.verificationStatus, '', item.timestamp])),%0A+       ...scopedPassports.flatMap((passport) => passport.vulnerabilities.map((item: any) => ['vulnerability', item.id, item.title || item.id, item.component || '', clientName(passport, clients), item.status, item.severity, item.detectedAt || item.publishedDate])),%0A+       ...findings.filter((finding: any) => !clientFilter || clientFilter.has(String(finding.client_id || ''))).map((finding: any) => ['finding', finding.id, finding.title || finding.control_id, '', clients.find((client) => client.id === String(finding.client_id || ''))?.name || 'Unassigned client', finding.status, finding.severity, finding.updated_at]),%0A+       ...scans.filter((scan) => !clientFilter || scopedClients.some((client) => client.name === scan.clientName)).map((scan) => ['scan', scan.id, scan.targetName, '', scan.clientName, scan.status, '', scan.timestamp]),%0A+       ...alerts.filter((alert) => !clientFilter || scopedClients.some((client) => client.name === alert.clientName)).map((alert) => ['alert', alert.id, alert.title, '', alert.clientName, alert.status, alert.severity, alert.timestamp]),%0A+     ];%0A+     const suffix = clientFilter ? `-${scopedClients.length}-clients` : '';%0A+     download(`spr-registry-records${suffix}.csv`, rows.map((row) => row.map(csvCell).join(',')).join('\n'), 'text/csv;charset=utf-8');%0A+   };%0A+%0A+   const toggleExportClient = (clientId: string) => {%0A+     setExportClientIds((current) => { const next = new Set(current); if (next.has(clientId)) next.delete(clientId); else next.add(clientId); return next; });%0A+   };%0A+%0A+   const handleLogoUpload = (event: ChangeEvent<HTMLInputElement>) => {%0A+     const file = event.target.files?.[0];%0A+     if (!file) return;%0A+     const reader = new FileReader();%0A+     reader.onload = () => setLogoBase64(typeof reader.result === 'string' ? reader.result : undefined);%0A+     reader.readAsDataURL(file);%0A+   };%0A+%0A+   const generateWhiteLabelReport = () => {%0A+     const client = clients.find((item) => item.id === whiteLabelClientId);%0A+     if (!client || !mspName.trim()) return;%0A+     generateCoBrandedTrustReport(client, mspName.trim(), brandColor, reportTitle, 0, executiveSummary, logoBase64, sections.summary, sections.metrics, sections.inventory, sections.compliance, sections.signatures);%0A+   };%0A+%0A+   const reportText = useMemo(() => {%0A+     if (!report) return '';%0A+     return [%0A+       `SPR ${report.reportType || reportType} report: ${report.passport?.name || selectedPassport?.name || 'Passport'}`,%0A+       `Generated: ${report.generatedAt || 'unknown'}`,%0A+       `Report hash: ${report.reportHash || 'not returned'}`,%0A+       `Evidence records: ${report.evidence?.length ?? 0}`,%0A+       `Findings: ${report.findings?.length ?? 0}`,%0A+       `Observations: ${report.observations?.length ?? 0}`,%0A+       `Remediation records: ${report.remediation?.length ?? 0}`,%0A+       `Traceability: ${report.traceability || 'not returned'}`,%0A+       ...(report.limitations || []).map((item) => `Limitation (${item.evidenceId || 'evidence'}): ${item.limitation || 'not specified'}`),%0A+     ].join('\n');%0A+   }, [report, selectedPassport, reportType]);%0A+%0A+   return (%0A+     <section aria-labelledby="reports-title">%0A+       <div className="mb-4 flex flex-wrap items-center justify-between gap-3">%0A+         <div>%0A+           <h1 id="reports-title" className="text-[22px] font-semibold text-[#201f1e]">Reports center</h1>%0A+           <p className="mt-1 text-[13px] text-[#605e5c]">Evidence-backed exports and reports loaded from this tenant's existing APIs.</p>%0A+         </div>%0A+         <button onClick={() => window.print()} className="inline-flex h-8 items-center gap-1.5 rounded border border-[#c8c6c4] px-3 text-[13px] font-medium text-[#323130] hover:bg-black/[.03]"><Printer size={14} /> Print / save PDF</button>%0A+       </div>%0A+%0A+       <details className="mb-4 rounded-md border border-[#e1dfdd] bg-[#faf9f8] text-[13px]">%0A+         <summary className="cursor-pointer select-none px-3 py-2 font-medium text-[#323130]">ⓘ What is this? · How it works</summary>%0A+         <div className="px-3 pb-3 text-[#605e5c]">%0A+           <p>Exports contain only records loaded from this tenant's existing APIs. No trust score, compliance claim, or finding is inferred in this view.</p>%0A+           <ol className="mt-1.5 list-decimal space-y-0.5 pl-4">%0A+             <li>Export a registry CSV, or select a passport and report type to load a server-generated report.</li>%0A+             <li>Download the loaded report as JSON/PDF, or create a signed, expiring share link.</li>%0A+             <li>Optionally generate a co-branded white-label PDF for one client.</li>%0A+           </ol>%0A+         </div>%0A+       </details>%0A+%0A+       <div className="mb-4 flex flex-wrap gap-6 rounded-md border border-[#e1dfdd] bg-white p-3">%0A+         {[%0A+           ['Clients', clients.length, 'Persisted client records'],%0A+           ['Passports', passports.length, 'Registered software identity'],%0A+           ['Evidence', evidenceCount, 'Nested passport evidence'],%0A+           ['Findings / vulnerabilities', findingCount + vulnerabilityCount, 'Loaded finding and vulnerability records'],%0A+         ].map(([label, value, detail]) => (%0A+           <div key={String(label)}>%0A+             <div className="text-[11px] text-[#605e5c]">{label}</div>%0A+             <div className="text-lg font-semibold text-[#201f1e]">{value}</div>%0A+             <div className="text-[11px] text-[#8a8886]">{detail}</div>%0A+           </div>%0A+         ))}%0A+       </div>%0A+%0A+       <div className="mb-4 grid gap-4 xl:grid-cols-[1.1fr_.9fr]">%0A+         <div className="rounded-md border border-[#e1dfdd] bg-white p-4">%0A+           <div className="flex items-center gap-1.5"><ShieldCheck size={16} className="text-[#605e5c]" /><h2 className="text-[14px] font-semibold text-[#201f1e]">Tenant registry exports</h2></div>%0A+           <p className="mt-1 text-[13px] text-[#605e5c]">CSV includes the loaded client, passport, evidence, vulnerability, finding, scan, and alert records.</p>%0A+           {clients.length > 0 && (%0A+             <div className="mt-3 flex flex-wrap items-center gap-2">%0A+               <Users size={13} className="text-[#8a8886]" />%0A+               <span className="text-[12px] text-[#605e5c]">{exportClientIds.size === 0 ? 'All clients' : `${exportClientIds.size} of ${clients.length} clients selected`}</span>%0A+               <div className="flex flex-wrap gap-1.5">%0A+                 {clients.map((client) => (%0A+                   <button key={client.id} onClick={() => toggleExportClient(client.id)} className={`rounded-full border px-2 py-0.5 text-[11px] font-medium ${exportClientIds.has(client.id) ? 'border-[#0f6cbd] bg-[#eff6fc] text-[#0f6cbd]' : 'border-[#c8c6c4] bg-white text-[#605e5c]'}`}>{client.name}</button>%0A+                 ))}%0A+               </div>%0A+             </div>%0A+           )}%0A+           <div className="mt-3 flex flex-wrap gap-2">%0A+             <button onClick={exportRegistryCsv} disabled={!passports.length && !clients.length} className="inline-flex h-8 items-center gap-1.5 rounded bg-[#0f6cbd] px-3 text-[13px] font-medium text-white hover:bg-[#004578] disabled:cursor-not-allowed disabled:opacity-40"><Download size={14} /> Export registry CSV</button>%0A+           </div>%0A+           <div className="mt-4 border-t border-[#e1dfdd] pt-4">%0A+             <h3 className="text-[13px] font-semibold text-[#201f1e]">Server report snapshot</h3>%0A+             <p className="mt-1 text-[12px] leading-5 text-[#605e5c]">Loads <code className="rounded bg-[#f3f2f1] px-1 py-0.5">/api/trust-loop/reports/:passportId</code>, which returns persisted findings, evidence, observations, remediation, verification, limitations, and a report hash.</p>%0A+             <div className="mt-3 flex flex-col gap-2 sm:flex-row">%0A+               <select value={selectedPassportId} onChange={(event) => setSelectedPassportId(event.target.value)} className="h-9 min-w-0 flex-1 rounded border border-[#c8c6c4] bg-white px-3 text-[13px] text-[#201f1e] focus:border-[#0f6cbd] focus:ring-1 focus:ring-[#0f6cbd]">%0A+                 {!passports.length && <option value="">No passports loaded</option>}%0A+                 {passports.map((passport) => <option key={passport.id} value={passport.id}>{passport.name} · {passport.version}</option>)}%0A+               </select>%0A+               <select value={reportType} onChange={(event) => setReportType(event.target.value)} className="h-9 min-w-0 flex-1 rounded border border-[#c8c6c4] bg-white px-3 text-[13px] text-[#201f1e] focus:border-[#0f6cbd] focus:ring-1 focus:ring-[#0f6cbd]">%0A+                 {REPORT_TYPES.map((type) => <option key={type.value} value={type.value}>{type.label}</option>)}%0A+               </select>%0A+               <button onClick={() => void loadReport()} disabled={!selectedPassport || loading} className="inline-flex h-9 items-center justify-center gap-1.5 whitespace-nowrap rounded border border-[#0f6cbd] bg-[#eff6fc] px-3 text-[13px] font-medium text-[#0f6cbd] disabled:cursor-not-allowed disabled:opacity-40"><RefreshCw size={14} className={loading ? 'animate-spin' : ''} /> {loading ? 'Loading…' : 'Load report'}</button>%0A+             </div>%0A+             {message && <p className="mt-2 text-[12px] text-[#605e5c]" role="status">{message}</p>}%0A+           </div>%0A+%0A+           <div className="mt-4 border-t border-[#e1dfdd] pt-4">%0A+             <div className="flex items-center gap-1.5"><History size={14} className="text-[#605e5c]" /><h3 className="text-[13px] font-semibold text-[#201f1e]">Report history</h3></div>%0A+             <p className="mt-1 text-[12px] leading-5 text-[#605e5c]">Every generated report is hashed and versioned. Load a passport report above to populate history for the selected type.</p>%0A+             {historyLoading && <p className="mt-2 text-[12px] text-[#605e5c]">Loading history…</p>}%0A+             {!historyLoading && history.length === 0 && <p className="mt-2 text-[12px] text-[#605e5c]">No prior snapshots for this passport and report type yet.</p>}%0A+             {history.length > 0 && (%0A+               <ul className="mt-2 max-h-48 space-y-1.5 overflow-auto pr-1">%0A+                 {history.map((snapshot) => (%0A+                   <li key={snapshot.id}>%0A+                     <button onClick={() => void loadSnapshot(snapshot.id)} className="w-full rounded border border-[#e1dfdd] bg-[#faf9f8] px-3 py-2 text-left text-[12px] text-[#323130] hover:border-[#0f6cbd] hover:bg-[#eff6fc]">%0A+                       <div className="flex items-center justify-between gap-2">%0A+                         <span>{new Date(snapshot.generated_at).toLocaleString()}</span>%0A+                         <span className="text-[#605e5c]">score {snapshot.score}</span>%0A+                       </div>%0A+                       <div className="mt-0.5 truncate font-mono text-[11px] text-[#8a8886]">{snapshot.canonical_payload_hash}</div>%0A+                     </button>%0A+                   </li>%0A+                 ))}%0A+               </ul>%0A+             )}%0A+           </div>%0A+         </div>%0A+%0A+         <div className="rounded-md border border-[#e1dfdd] bg-white p-4">%0A+           <h2 className="text-[14px] font-semibold text-[#201f1e]">Download loaded report</h2>%0A+           <p className="mt-1 text-[13px] text-[#605e5c]">JSON is the exact server response. PDF is generated client-side from the loaded passport's SBOM, evidence, and timeline.</p>%0A+           <div className="mt-3 flex flex-wrap gap-2">%0A+             <button onClick={exportReportJson} disabled={!report} className="inline-flex h-8 items-center gap-1.5 rounded border border-[#c8c6c4] px-3 text-[13px] font-medium text-[#323130] hover:bg-black/[.03] disabled:cursor-not-allowed disabled:opacity-40"><FileJson size={14} /> Export JSON</button>%0A+             <button onClick={downloadPdf} disabled={!selectedPassport} className="inline-flex h-8 items-center gap-1.5 rounded border border-[#c8c6c4] px-3 text-[13px] font-medium text-[#323130] hover:bg-black/[.03] disabled:cursor-not-allowed disabled:opacity-40"><FileText size={14} /> Download PDF</button>%0A+           </div>%0A+%0A+           <div className="mt-4 border-t border-[#e1dfdd] pt-4">%0A+             <div className="flex items-center gap-1.5"><Share2 size={14} className="text-[#605e5c]" /><h3 className="text-[13px] font-semibold text-[#201f1e]">Shareable link</h3></div>%0A+             <p className="mt-1 text-[12px] leading-5 text-[#605e5c]">%0A+               {canShare%0A+                 ? 'Creates a signed, tenant-scoped link that expires in 7 days. Anyone with the link sees a redacted, evidence-backed summary — no internal remediation or verification detail.'%0A+                 : `Your ${role} role cannot create share links. Owner, Admin, or Operator is required.`}%0A+             </p>%0A+             <div className="mt-2 flex flex-wrap items-center gap-2">%0A+               <button onClick={() => void createShareLink()} disabled={!canShare || !selectedPassport || sharing} className="inline-flex h-8 items-center gap-1.5 rounded border border-[#c8c6c4] px-3 text-[13px] font-medium text-[#323130] hover:bg-black/[.03] disabled:cursor-not-allowed disabled:opacity-40">%0A+                 <Share2 size={14} className={sharing ? 'animate-pulse' : ''} /> {sharing ? 'Creating…' : 'Create share link'}%0A+               </button>%0A+               {shareInfo && (%0A+                 <button onClick={() => void copyShareLink()} className="inline-flex h-8 items-center gap-1.5 rounded border border-[#0f6cbd] bg-[#eff6fc] px-2.5 text-[12px] font-medium text-[#0f6cbd]"><Copy size={13} /> Copy link</button>%0A+               )}%0A+             </div>%0A+             {shareInfo && (%0A+               <div className="mt-2 rounded border border-[#e1dfdd] bg-[#faf9f8] p-2.5 text-[12px] text-[#605e5c]">%0A+                 <div className="truncate font-mono text-[#323130]">{shareInfo.shareUrl}</div>%0A+                 <div className="mt-0.5 text-[#8a8886]">Expires {new Date(shareInfo.expiresAt).toLocaleString()}</div>%0A+               </div>%0A+             )}%0A+             {shareMessage && <p className="mt-1.5 text-[12px] text-[#605e5c]" role="status">{shareMessage}</p>}%0A+           </div>%0A+%0A+           <pre className="mt-4 max-h-64 overflow-auto rounded-md border border-[#e1dfdd] bg-[#faf9f8] p-3 text-[12px] leading-5 text-[#605e5c] whitespace-pre-wrap">{reportText || 'Load a passport report to preview its persisted traceability and limitations.'}</pre>%0A+         </div>%0A+       </div>%0A+%0A+       {report?.sbom && (%0A+         <div className="mb-4 rounded-md border border-[#e1dfdd] bg-white p-4">%0A+           <div className="flex items-center gap-1.5"><Package size={16} className="text-[#605e5c]" /><h2 className="text-[14px] font-semibold text-[#201f1e]">SBOM components</h2></div>%0A+           <p className="mt-1 text-[13px] text-[#605e5c]">Each component is cross-referenced against this passport's recorded vulnerabilities by name.</p>%0A+           <div className="mt-3 overflow-auto">%0A+             <table className="w-full min-w-[560px] text-left text-[13px]">%0A+               <thead className="border-b border-[#e1dfdd] text-[11px] uppercase tracking-wide text-[#605e5c]"><tr><th className="px-3 py-2">Component</th><th className="px-3 py-2">Version</th><th className="px-3 py-2">License</th><th className="px-3 py-2">Vulnerabilities</th><th className="px-3 py-2">Critical/High</th></tr></thead>%0A+               <tbody>%0A+                 {report.sbom.length === 0 && <tr><td colSpan={5} className="px-3 py-2.5 text-[#605e5c]">No SBOM components recorded for this passport.</td></tr>}%0A+                 {report.sbom.map((component, index) => (%0A+                   <tr key={`${component.name}-${index}`} className="border-b border-[#f3f2f1] hover:bg-black/[.02]">%0A+                     <td className="px-3 py-2.5 text-[#201f1e]">{component.name || '—'}</td>%0A+                     <td className="px-3 py-2.5 text-[#605e5c]">{component.version || '—'}</td>%0A+                     <td className="px-3 py-2.5 text-[#605e5c]">{component.license || '—'}</td>%0A+                     <td className="px-3 py-2.5 text-[#605e5c]">{component.vulnerabilityCount ?? 0}</td>%0A+                     <td className="px-3 py-2.5 text-[#605e5c]">{component.criticalOrHighCount ?? 0}</td>%0A+                   </tr>%0A+                 ))}%0A+               </tbody>%0A+             </table>%0A+           </div>%0A+         </div>%0A+       )}%0A+%0A+       {report?.controls && (%0A+         <div className="mb-4 rounded-md border border-[#e1dfdd] bg-white p-4">%0A+           <div className="flex items-center gap-1.5"><ShieldCheck size={16} className="text-[#605e5c]" /><h2 className="text-[14px] font-semibold text-[#201f1e]">Findings by control</h2></div>%0A+           <p className="mt-1 text-[13px] text-[#605e5c]">Open trust findings grouped by control ID, worst-observed severity first.</p>%0A+           <div className="mt-3 overflow-auto">%0A+             <table className="w-full min-w-[480px] text-left text-[13px]">%0A+               <thead className="border-b border-[#e1dfdd] text-[11px] uppercase tracking-wide text-[#605e5c]"><tr><th className="px-3 py-2">Control</th><th className="px-3 py-2">Findings</th><th className="px-3 py-2">Open</th><th className="px-3 py-2">Worst severity</th></tr></thead>%0A+               <tbody>%0A+                 {report.controls.length === 0 && <tr><td colSpan={4} className="px-3 py-2.5 text-[#605e5c]">No control-mapped findings for this passport.</td></tr>}%0A+                 {report.controls.map((control) => (%0A+                   <tr key={control.controlId} className="border-b border-[#f3f2f1] hover:bg-black/[.02]">%0A+                     <td className="px-3 py-2.5 font-mono text-[#201f1e]">{control.controlId || '—'}</td>%0A+                     <td className="px-3 py-2.5 text-[#605e5c]">{control.findingCount ?? 0}</td>%0A+                     <td className="px-3 py-2.5 text-[#605e5c]">{control.openCount ?? 0}</td>%0A+                     <td className="px-3 py-2.5 capitalize text-[#605e5c]">{control.worstSeverity || '—'}</td>%0A+                   </tr>%0A+                 ))}%0A+               </tbody>%0A+             </table>%0A+           </div>%0A+         </div>%0A+       )}%0A+%0A+       {clients.length > 0 && (%0A+         <div className="mb-4 rounded-md border border-[#e1dfdd] bg-white p-4">%0A+           <h2 className="text-[14px] font-semibold text-[#201f1e]">White-label client report</h2>%0A+           <p className="mt-1 text-[13px] text-[#605e5c]">Generates a co-branded PDF for one client using your MSP name, logo, and brand color. Runs entirely in the browser from already-loaded client data.</p>%0A+           <div className="mt-3 grid gap-3 lg:grid-cols-2">%0A+             <div className="space-y-2">%0A+               <select value={whiteLabelClientId} onChange={(event) => setWhiteLabelClientId(event.target.value)} className="h-9 w-full rounded border border-[#c8c6c4] bg-white px-3 text-[13px] text-[#201f1e] focus:border-[#0f6cbd] focus:ring-1 focus:ring-[#0f6cbd]">%0A+                 {clients.map((client) => <option key={client.id} value={client.id}>{client.name}</option>)}%0A+               </select>%0A+               <input value={mspName} onChange={(event) => setMspName(event.target.value)} placeholder="Your MSP / firm name *" className="h-9 w-full rounded border border-[#c8c6c4] bg-white px-3 text-[13px] text-[#201f1e] placeholder:text-[#8a8886] focus:border-[#0f6cbd] focus:ring-1 focus:ring-[#0f6cbd]" />%0A+               <input value={reportTitle} onChange={(event) => setReportTitle(event.target.value)} placeholder="Report title" className="h-9 w-full rounded border border-[#c8c6c4] bg-white px-3 text-[13px] text-[#201f1e] focus:border-[#0f6cbd] focus:ring-1 focus:ring-[#0f6cbd]" />%0A+               <div className="flex items-center gap-3">%0A+                 <label className="flex items-center gap-2 text-[12px] text-[#605e5c]">Brand color <input type="color" value={brandColor} onChange={(event) => setBrandColor(event.target.value)} className="h-8 w-8 rounded border border-[#c8c6c4] bg-transparent" /></label>%0A+                 <label className="inline-flex h-9 cursor-pointer items-center gap-1.5 rounded border border-[#c8c6c4] px-3 text-[12px] text-[#323130] hover:bg-black/[.03]"><Upload size={13} /> {logoBase64 ? 'Logo uploaded' : 'Upload logo'}<input type="file" accept="image/png,image/jpeg,image/webp" onChange={handleLogoUpload} className="hidden" /></label>%0A+               </div>%0A+               <textarea value={executiveSummary} onChange={(event) => setExecutiveSummary(event.target.value)} placeholder="Executive summary (optional)" rows={3} className="w-full rounded border border-[#c8c6c4] bg-white px-3 py-2 text-[13px] text-[#201f1e] placeholder:text-[#8a8886] focus:border-[#0f6cbd] focus:ring-1 focus:ring-[#0f6cbd]" />%0A+             </div>%0A+             <div className="space-y-2">%0A+               <div className="grid grid-cols-2 gap-2 text-[12px] text-[#323130]">%0A+                 {(Object.keys(sections) as Array<keyof typeof sections>).map((key) => (%0A+                   <label key={key} className="flex items-center gap-2 rounded border border-[#e1dfdd] bg-[#faf9f8] px-3 py-2 capitalize"><input type="checkbox" checked={sections[key]} onChange={(event) => setSections((current) => ({ ...current, [key]: event.target.checked }))} /> {key}</label>%0A+                 ))}%0A+               </div>%0A+               <button onClick={generateWhiteLabelReport} disabled={!whiteLabelClientId || !mspName.trim()} className="inline-flex h-9 w-full items-center justify-center gap-1.5 rounded bg-[#0f6cbd] px-3 text-[13px] font-medium text-white hover:bg-[#004578] disabled:cursor-not-allowed disabled:opacity-40"><FileText size={14} /> Generate white-label PDF</button>%0A+               <p className="text-[11px] leading-5 text-[#8a8886]">Uses the client's already-loaded software inventory and compliance status. No score is fabricated beyond what SPR already has on record for this client.</p>%0A+             </div>%0A+           </div>%0A+         </div>%0A+       )}%0A+%0A+       <div className="rounded-md border border-[#e1dfdd] bg-[#fff4ce] p-3 text-[12px] leading-5 text-[#8a5700]">%0A+         <strong>Capability boundary:</strong> PDF export runs entirely in the browser from already-loaded passport data; there is no server-rendered PDF. Share links are stateless signed URLs with a 7-day expiry and cannot be individually revoked before then. "Print / save PDF" still uses the browser's print dialog for a full-page copy. Empty datasets remain empty and are not replaced with sample values.%0A+       </div>%0A+     </section>%0A+   );%0A+ }%0A+%0A%0A ❯ tests/report-changes-contract.test.ts:46:15%0A%0A

::error file=/home/runner/work/software-passport-registry/software-passport-registry/tests/report-changes-contract.test.ts,title=tests/report-changes-contract.test.ts > ReportsView surfaces changes since last report > distinguishes "no change" from "not enough data yet" instead of collapsing them into one empty state,line=51,column=15::AssertionError: expected 'import { useEffect, useMemo, useState…' to contain 'changes?.insufficientData'%0A%0A- Expected%0A+ Received%0A%0A- changes?.insufficientData%0A+ import { useEffect, useMemo, useState, type ChangeEvent } from 'react';%0A+ import { Copy, Download, FileJson, FileText, History, Package, Printer, RefreshCw, Share2, ShieldCheck, Upload, Users } from 'lucide-react';%0A+ import type { Alert, Client, Scan, SoftwarePassport } from '../types';%0A+ import { apiFetch } from '../utils/apiClient';%0A+ import { generateCoBrandedTrustReport, generatePassportEvidenceReport } from '../utils/pdfGenerator';%0A+%0A+ type ReportPayload = {%0A+   schemaVersion?: string;%0A+   reportType?: string;%0A+   generatedAt?: string;%0A+   passport?: { id?: string; name?: string };%0A+   risk?: { overall?: number | null; security?: number | null; compliance?: number | null };%0A+   evidenceQuality?: { completenessBasisPoints?: number; unknownDimensions?: number; latestObservationAt?: string | null };%0A+   findings?: unknown[];%0A+   evidence?: unknown[];%0A+   observations?: unknown[];%0A+   remediation?: unknown[];%0A+   verification?: unknown[];%0A+   traceability?: string;%0A+   limitations?: Array<{ evidenceId?: string; limitation?: string }>;%0A+   reportHash?: string;%0A+   sbom?: Array<{ name?: string; version?: string; license?: string; vulnerabilityCount?: number; criticalOrHighCount?: number }>;%0A+   controls?: Array<{ controlId?: string; findingCount?: number; openCount?: number; worstSeverity?: string }>;%0A+ };%0A+%0A+ type ReportSnapshot = {%0A+   id: string;%0A+   report_type: string;%0A+   generated_at: string;%0A+   score: number;%0A+   completeness_basis_points: number;%0A+   canonical_payload_hash: string;%0A+ };%0A+%0A+ type ShareInfo = { shareUrl: string; expiresAt: string; reportType: string };%0A+%0A+ const REPORT_TYPES: Array<{ value: string; label: string }> = [%0A+   { value: 'executive', label: 'Executive trust report' },%0A+   { value: 'technical', label: 'Technical / engineering' },%0A+   { value: 'compliance', label: 'Compliance (by control)' },%0A+   { value: 'sbom', label: 'SBOM report' },%0A+   { value: 'vendor', label: 'Vendor risk' },%0A+   { value: 'msp', label: 'MSP / client' },%0A+   { value: 'customer', label: 'Customer-facing' },%0A+   { value: 'auditor', label: 'Auditor' },%0A+   { value: 'evidence-ledger', label: 'Evidence ledger' },%0A+ ];%0A+%0A+ const SHARE_ROLES = new Set(['Owner', 'Admin', 'Operator']);%0A+%0A+ interface ReportsViewProps {%0A+   clients?: Client[];%0A+   passports?: SoftwarePassport[];%0A+   scans?: Scan[];%0A+   alerts?: Alert[];%0A+   findings?: unknown[];%0A+   role?: string;%0A+ }%0A+%0A+ function download(name: string, body: string, type: string) {%0A+   const url = URL.createObjectURL(new Blob([body], { type }));%0A+   const link = document.createElement('a');%0A+   link.href = url;%0A+   link.download = name;%0A+   document.body.appendChild(link);%0A+   link.click();%0A+   link.remove();%0A+   URL.revokeObjectURL(url);%0A+ }%0A+%0A+ function csvCell(value: unknown) {%0A+   return `"${String(value ?? '').replace(/"/g, '""')}"`;%0A+ }%0A+%0A+ function clientName(passport: SoftwarePassport, clients: Client[]) {%0A+   const clientId = String((passport as SoftwarePassport & { clientId?: string }).clientId || '');%0A+   return clients.find((client) => client.id === clientId)?.name || 'Unassigned client';%0A+ }%0A+%0A+ export default function ReportsView({ clients = [], passports = [], scans = [], alerts = [], findings = [], role = 'Viewer' }: ReportsViewProps) {%0A+   const [selectedPassportId, setSelectedPassportId] = useState(passports[0]?.id || '');%0A+   const [reportType, setReportType] = useState('executive');%0A+   const [report, setReport] = useState<ReportPayload | null>(null);%0A+   const [loading, setLoading] = useState(false);%0A+   const [message, setMessage] = useState('');%0A+   const [history, setHistory] = useState<ReportSnapshot[]>([]);%0A+   const [historyLoading, setHistoryLoading] = useState(false);%0A+   const [shareInfo, setShareInfo] = useState<ShareInfo | null>(null);%0A+   const [sharing, setSharing] = useState(false);%0A+   const [shareMessage, setShareMessage] = useState('');%0A+   const [exportClientIds, setExportClientIds] = useState<Set<string>>(new Set());%0A+%0A+   const [whiteLabelClientId, setWhiteLabelClientId] = useState(clients[0]?.id || '');%0A+   const [mspName, setMspName] = useState('');%0A+   const [brandColor, setBrandColor] = useState('#22d3ee');%0A+   const [reportTitle, setReportTitle] = useState('Software Trust & Compliance Ledger');%0A+   const [executiveSummary, setExecutiveSummary] = useState('');%0A+   const [logoBase64, setLogoBase64] = useState<string | undefined>(undefined);%0A+   const [sections, setSections] = useState({ summary: true, metrics: true, inventory: true, compliance: true, signatures: true });%0A+%0A+   const canShare = SHARE_ROLES.has(role);%0A+%0A+   useEffect(() => {%0A+     if (!passports.some((passport) => passport.id === selectedPassportId)) {%0A+       setSelectedPassportId(passports[0]?.id || '');%0A+     }%0A+   }, [passports, selectedPassportId]);%0A+%0A+   useEffect(() => {%0A+     if (!clients.some((client) => client.id === whiteLabelClientId)) {%0A+       setWhiteLabelClientId(clients[0]?.id || '');%0A+     }%0A+   }, [clients, whiteLabelClientId]);%0A+%0A+   useEffect(() => {%0A+     setReport(null);%0A+     setHistory([]);%0A+     setShareInfo(null);%0A+     setShareMessage('');%0A+     setMessage('');%0A+   }, [selectedPassportId, reportType]);%0A+%0A+   const selectedPassport = passports.find((passport) => passport.id === selectedPassportId);%0A+   const evidenceCount = passports.reduce((total, passport) => total + passport.evidence.length, 0);%0A+   const vulnerabilityCount = passports.reduce((total, passport) => total + passport.vulnerabilities.length, 0);%0A+   const findingCount = findings.length;%0A+%0A+   const loadHistory = async (passportId: string) => {%0A+     setHistoryLoading(true);%0A+     try {%0A+       const response = await apiFetch(`/api/trust-loop/reports/${encodeURIComponent(passportId)}/history?type=${encodeURIComponent(reportType)}`);%0A+       const payload = await response.json().catch(() => null);%0A+       if (response.ok) setHistory(Array.isArray(payload?.snapshots) ? payload.snapshots : []);%0A+     } finally {%0A+       setHistoryLoading(false);%0A+     }%0A+   };%0A+%0A+   const loadReport = async () => {%0A+     if (!selectedPassport) return;%0A+     setLoading(true);%0A+     setMessage('');%0A+     try {%0A+       const response = await apiFetch(`/api/trust-loop/reports/${encodeURIComponent(selectedPassport.id)}?type=${encodeURIComponent(reportType)}`);%0A+       const payload = await response.json().catch(() => null);%0A+       if (!response.ok) throw new Error(String(payload?.error || `Report request failed (${response.status})`));%0A+       setReport(payload as ReportPayload);%0A+       setMessage('Authoritative report loaded from the tenant-scoped trust report endpoint.');%0A+       void loadHistory(selectedPassport.id);%0A+     } catch (error) {%0A+       setReport(null);%0A+       setMessage(error instanceof Error ? error.message : 'Unable to load the report.');%0A+     } finally {%0A+       setLoading(false);%0A+     }%0A+   };%0A+%0A+   const loadSnapshot = async (snapshotId: string) => {%0A+     if (!selectedPassport) return;%0A+     setLoading(true);%0A+     setMessage('');%0A+     try {%0A+       const response = await apiFetch(`/api/trust-loop/reports/${encodeURIComponent(selectedPassport.id)}/history/${encodeURIComponent(snapshotId)}`);%0A+       const payload = await response.json().catch(() => null);%0A+       if (!response.ok) throw new Error(String(payload?.error || `Snapshot request failed (${response.status})`));%0A+       setReport(payload as ReportPayload);%0A+       setMessage('Loaded a historical snapshot of this report. Re-run "Load report" for the current state.');%0A+     } catch (error) {%0A+       setMessage(error instanceof Error ? error.message : 'Unable to load that snapshot.');%0A+     } finally {%0A+       setLoading(false);%0A+     }%0A+   };%0A+%0A+   const createShareLink = async () => {%0A+     if (!selectedPassport) return;%0A+     setSharing(true);%0A+     setShareMessage('');%0A+     try {%0A+       const response = await apiFetch(`/api/public/v1/reports/${encodeURIComponent(selectedPassport.id)}/token`, {%0A+         method: 'POST',%0A+         headers: { 'Content-Type': 'application/json' },%0A+         body: JSON.stringify({ type: reportType }),%0A+       });%0A+       const payload = await response.json().catch(() => null);%0A+       if (!response.ok) throw new Error(String(payload?.error || `Share link request failed (${response.status})`));%0A+       setShareInfo({ shareUrl: payload.shareUrl, expiresAt: payload.expiresAt, reportType: payload.reportType });%0A+     } catch (error) {%0A+       setShareInfo(null);%0A+       setShareMessage(error instanceof Error ? error.message : 'Unable to create a share link.');%0A+     } finally {%0A+       setSharing(false);%0A+     }%0A+   };%0A+%0A+   const copyShareLink = async () => {%0A+     if (!shareInfo) return;%0A+     try {%0A+       await navigator.clipboard.writeText(shareInfo.shareUrl);%0A+       setShareMessage('Share link copied to clipboard.');%0A+     } catch {%0A+       setShareMessage('Copy failed — select and copy the link manually.');%0A+     }%0A+   };%0A+%0A+   const downloadPdf = () => {%0A+     if (!selectedPassport) return;%0A+     generatePassportEvidenceReport(selectedPassport, 'SPR Reports Center', '#22d3ee');%0A+   };%0A+%0A+   const exportReportJson = () => {%0A+     if (!report || !selectedPassport) return;%0A+     download(`spr-report-${selectedPassport.id}-${reportType}.json`, JSON.stringify(report, null, 2), 'application/json');%0A+   };%0A+%0A+   const exportRegistryCsv = () => {%0A+     const clientFilter = exportClientIds.size > 0 ? exportClientIds : null;%0A+     const passportInScope = (passport: SoftwarePassport) => !clientFilter || clientFilter.has(String((passport as SoftwarePassport & { clientId?: string }).clientId || ''));%0A+     const scopedPassports = passports.filter(passportInScope);%0A+     const scopedClients = clientFilter ? clients.filter((client) => clientFilter.has(client.id)) : clients;%0A+     const rows = [%0A+       ['recordType', 'id', 'name', 'version', 'client', 'status', 'severity', 'observedAt'],%0A+       ...scopedPassports.map((passport) => ['passport', passport.id, passport.name, passport.version, clientName(passport, clients), 'registered', '', passport.releaseDate]),%0A+       ...scopedPassports.flatMap((passport) => passport.evidence.map((item: any) => ['evidence', item.id, item.name, '', clientName(passport, clients), item.status || item.verificationStatus, '', item.timestamp])),%0A+       ...scopedPassports.flatMap((passport) => passport.vulnerabilities.map((item: any) => ['vulnerability', item.id, item.title || item.id, item.component || '', clientName(passport, clients), item.status, item.severity, item.detectedAt || item.publishedDate])),%0A+       ...findings.filter((finding: any) => !clientFilter || clientFilter.has(String(finding.client_id || ''))).map((finding: any) => ['finding', finding.id, finding.title || finding.control_id, '', clients.find((client) => client.id === String(finding.client_id || ''))?.name || 'Unassigned client', finding.status, finding.severity, finding.updated_at]),%0A+       ...scans.filter((scan) => !clientFilter || scopedClients.some((client) => client.name === scan.clientName)).map((scan) => ['scan', scan.id, scan.targetName, '', scan.clientName, scan.status, '', scan.timestamp]),%0A+       ...alerts.filter((alert) => !clientFilter || scopedClients.some((client) => client.name === alert.clientName)).map((alert) => ['alert', alert.id, alert.title, '', alert.clientName, alert.status, alert.severity, alert.timestamp]),%0A+     ];%0A+     const suffix = clientFilter ? `-${scopedClients.length}-clients` : '';%0A+     download(`spr-registry-records${suffix}.csv`, rows.map((row) => row.map(csvCell).join(',')).join('\n'), 'text/csv;charset=utf-8');%0A+   };%0A+%0A+   const toggleExportClient = (clientId: string) => {%0A+     setExportClientIds((current) => { const next = new Set(current); if (next.has(clientId)) next.delete(clientId); else next.add(clientId); return next; });%0A+   };%0A+%0A+   const handleLogoUpload = (event: ChangeEvent<HTMLInputElement>) => {%0A+     const file = event.target.files?.[0];%0A+     if (!file) return;%0A+     const reader = new FileReader();%0A+     reader.onload = () => setLogoBase64(typeof reader.result === 'string' ? reader.result : undefined);%0A+     reader.readAsDataURL(file);%0A+   };%0A+%0A+   const generateWhiteLabelReport = () => {%0A+     const client = clients.find((item) => item.id === whiteLabelClientId);%0A+     if (!client || !mspName.trim()) return;%0A+     generateCoBrandedTrustReport(client, mspName.trim(), brandColor, reportTitle, 0, executiveSummary, logoBase64, sections.summary, sections.metrics, sections.inventory, sections.compliance, sections.signatures);%0A+   };%0A+%0A+   const reportText = useMemo(() => {%0A+     if (!report) return '';%0A+     return [%0A+       `SPR ${report.reportType || reportType} report: ${report.passport?.name || selectedPassport?.name || 'Passport'}`,%0A+       `Generated: ${report.generatedAt || 'unknown'}`,%0A+       `Report hash: ${report.reportHash || 'not returned'}`,%0A+       `Evidence records: ${report.evidence?.length ?? 0}`,%0A+       `Findings: ${report.findings?.length ?? 0}`,%0A+       `Observations: ${report.observations?.length ?? 0}`,%0A+       `Remediation records: ${report.remediation?.length ?? 0}`,%0A+       `Traceability: ${report.traceability || 'not returned'}`,%0A+       ...(report.limitations || []).map((item) => `Limitation (${item.evidenceId || 'evidence'}): ${item.limitation || 'not specified'}`),%0A+     ].join('\n');%0A+   }, [report, selectedPassport, reportType]);%0A+%0A+   return (%0A+     <section aria-labelledby="reports-title">%0A+       <div className="mb-4 flex flex-wrap items-center justify-between gap-3">%0A+         <div>%0A+           <h1 id="reports-title" className="text-[22px] font-semibold text-[#201f1e]">Reports center</h1>%0A+           <p className="mt-1 text-[13px] text-[#605e5c]">Evidence-backed exports and reports loaded from this tenant's existing APIs.</p>%0A+         </div>%0A+         <button onClick={() => window.print()} className="inline-flex h-8 items-center gap-1.5 rounded border border-[#c8c6c4] px-3 text-[13px] font-medium text-[#323130] hover:bg-black/[.03]"><Printer size={14} /> Print / save PDF</button>%0A+       </div>%0A+%0A+       <details className="mb-4 rounded-md border border-[#e1dfdd] bg-[#faf9f8] text-[13px]">%0A+         <summary className="cursor-pointer select-none px-3 py-2 font-medium text-[#323130]">ⓘ What is this? · How it works</summary>%0A+         <div className="px-3 pb-3 text-[#605e5c]">%0A+           <p>Exports contain only records loaded from this tenant's existing APIs. No trust score, compliance claim, or finding is inferred in this view.</p>%0A+           <ol className="mt-1.5 list-decimal space-y-0.5 pl-4">%0A+             <li>Export a registry CSV, or select a passport and report type to load a server-generated report.</li>%0A+             <li>Download the loaded report as JSON/PDF, or create a signed, expiring share link.</li>%0A+             <li>Optionally generate a co-branded white-label PDF for one client.</li>%0A+           </ol>%0A+         </div>%0A+       </details>%0A+%0A+       <div className="mb-4 flex flex-wrap gap-6 rounded-md border border-[#e1dfdd] bg-white p-3">%0A+         {[%0A+           ['Clients', clients.length, 'Persisted client records'],%0A+           ['Passports', passports.length, 'Registered software identity'],%0A+           ['Evidence', evidenceCount, 'Nested passport evidence'],%0A+           ['Findings / vulnerabilities', findingCount + vulnerabilityCount, 'Loaded finding and vulnerability records'],%0A+         ].map(([label, value, detail]) => (%0A+           <div key={String(label)}>%0A+             <div className="text-[11px] text-[#605e5c]">{label}</div>%0A+             <div className="text-lg font-semibold text-[#201f1e]">{value}</div>%0A+             <div className="text-[11px] text-[#8a8886]">{detail}</div>%0A+           </div>%0A+         ))}%0A+       </div>%0A+%0A+       <div className="mb-4 grid gap-4 xl:grid-cols-[1.1fr_.9fr]">%0A+         <div className="rounded-md border border-[#e1dfdd] bg-white p-4">%0A+           <div className="flex items-center gap-1.5"><ShieldCheck size={16} className="text-[#605e5c]" /><h2 className="text-[14px] font-semibold text-[#201f1e]">Tenant registry exports</h2></div>%0A+           <p className="mt-1 text-[13px] text-[#605e5c]">CSV includes the loaded client, passport, evidence, vulnerability, finding, scan, and alert records.</p>%0A+           {clients.length > 0 && (%0A+             <div className="mt-3 flex flex-wrap items-center gap-2">%0A+               <Users size={13} className="text-[#8a8886]" />%0A+               <span className="text-[12px] text-[#605e5c]">{exportClientIds.size === 0 ? 'All clients' : `${exportClientIds.size} of ${clients.length} clients selected`}</span>%0A+               <div className="flex flex-wrap gap-1.5">%0A+                 {clients.map((client) => (%0A+                   <button key={client.id} onClick={() => toggleExportClient(client.id)} className={`rounded-full border px-2 py-0.5 text-[11px] font-medium ${exportClientIds.has(client.id) ? 'border-[#0f6cbd] bg-[#eff6fc] text-[#0f6cbd]' : 'border-[#c8c6c4] bg-white text-[#605e5c]'}`}>{client.name}</button>%0A+                 ))}%0A+               </div>%0A+             </div>%0A+           )}%0A+           <div className="mt-3 flex flex-wrap gap-2">%0A+             <button onClick={exportRegistryCsv} disabled={!passports.length && !clients.length} className="inline-flex h-8 items-center gap-1.5 rounded bg-[#0f6cbd] px-3 text-[13px] font-medium text-white hover:bg-[#004578] disabled:cursor-not-allowed disabled:opacity-40"><Download size={14} /> Export registry CSV</button>%0A+           </div>%0A+           <div className="mt-4 border-t border-[#e1dfdd] pt-4">%0A+             <h3 className="text-[13px] font-semibold text-[#201f1e]">Server report snapshot</h3>%0A+             <p className="mt-1 text-[12px] leading-5 text-[#605e5c]">Loads <code className="rounded bg-[#f3f2f1] px-1 py-0.5">/api/trust-loop/reports/:passportId</code>, which returns persisted findings, evidence, observations, remediation, verification, limitations, and a report hash.</p>%0A+             <div className="mt-3 flex flex-col gap-2 sm:flex-row">%0A+               <select value={selectedPassportId} onChange={(event) => setSelectedPassportId(event.target.value)} className="h-9 min-w-0 flex-1 rounded border border-[#c8c6c4] bg-white px-3 text-[13px] text-[#201f1e] focus:border-[#0f6cbd] focus:ring-1 focus:ring-[#0f6cbd]">%0A+                 {!passports.length && <option value="">No passports loaded</option>}%0A+                 {passports.map((passport) => <option key={passport.id} value={passport.id}>{passport.name} · {passport.version}</option>)}%0A+               </select>%0A+               <select value={reportType} onChange={(event) => setReportType(event.target.value)} className="h-9 min-w-0 flex-1 rounded border border-[#c8c6c4] bg-white px-3 text-[13px] text-[#201f1e] focus:border-[#0f6cbd] focus:ring-1 focus:ring-[#0f6cbd]">%0A+                 {REPORT_TYPES.map((type) => <option key={type.value} value={type.value}>{type.label}</option>)}%0A+               </select>%0A+               <button onClick={() => void loadReport()} disabled={!selectedPassport || loading} className="inline-flex h-9 items-center justify-center gap-1.5 whitespace-nowrap rounded border border-[#0f6cbd] bg-[#eff6fc] px-3 text-[13px] font-medium text-[#0f6cbd] disabled:cursor-not-allowed disabled:opacity-40"><RefreshCw size={14} className={loading ? 'animate-spin' : ''} /> {loading ? 'Loading…' : 'Load report'}</button>%0A+             </div>%0A+             {message && <p className="mt-2 text-[12px] text-[#605e5c]" role="status">{message}</p>}%0A+           </div>%0A+%0A+           <div className="mt-4 border-t border-[#e1dfdd] pt-4">%0A+             <div className="flex items-center gap-1.5"><History size={14} className="text-[#605e5c]" /><h3 className="text-[13px] font-semibold text-[#201f1e]">Report history</h3></div>%0A+             <p className="mt-1 text-[12px] leading-5 text-[#605e5c]">Every generated report is hashed and versioned. Load a passport report above to populate history for the selected type.</p>%0A+             {historyLoading && <p className="mt-2 text-[12px] text-[#605e5c]">Loading history…</p>}%0A+             {!historyLoading && history.length === 0 && <p className="mt-2 text-[12px] text-[#605e5c]">No prior snapshots for this passport and report type yet.</p>}%0A+             {history.length > 0 && (%0A+               <ul className="mt-2 max-h-48 space-y-1.5 overflow-auto pr-1">%0A+                 {history.map((snapshot) => (%0A+                   <li key={snapshot.id}>%0A+                     <button onClick={() => void loadSnapshot(snapshot.id)} className="w-full rounded border border-[#e1dfdd] bg-[#faf9f8] px-3 py-2 text-left text-[12px] text-[#323130] hover:border-[#0f6cbd] hover:bg-[#eff6fc]">%0A+                       <div className="flex items-center justify-between gap-2">%0A+                         <span>{new Date(snapshot.generated_at).toLocaleString()}</span>%0A+                         <span className="text-[#605e5c]">score {snapshot.score}</span>%0A+                       </div>%0A+                       <div className="mt-0.5 truncate font-mono text-[11px] text-[#8a8886]">{snapshot.canonical_payload_hash}</div>%0A+                     </button>%0A+                   </li>%0A+                 ))}%0A+               </ul>%0A+             )}%0A+           </div>%0A+         </div>%0A+%0A+         <div className="rounded-md border border-[#e1dfdd] bg-white p-4">%0A+           <h2 className="text-[14px] font-semibold text-[#201f1e]">Download loaded report</h2>%0A+           <p className="mt-1 text-[13px] text-[#605e5c]">JSON is the exact server response. PDF is generated client-side from the loaded passport's SBOM, evidence, and timeline.</p>%0A+           <div className="mt-3 flex flex-wrap gap-2">%0A+             <button onClick={exportReportJson} disabled={!report} className="inline-flex h-8 items-center gap-1.5 rounded border border-[#c8c6c4] px-3 text-[13px] font-medium text-[#323130] hover:bg-black/[.03] disabled:cursor-not-allowed disabled:opacity-40"><FileJson size={14} /> Export JSON</button>%0A+             <button onClick={downloadPdf} disabled={!selectedPassport} className="inline-flex h-8 items-center gap-1.5 rounded border border-[#c8c6c4] px-3 text-[13px] font-medium text-[#323130] hover:bg-black/[.03] disabled:cursor-not-allowed disabled:opacity-40"><FileText size={14} /> Download PDF</button>%0A+           </div>%0A+%0A+           <div className="mt-4 border-t border-[#e1dfdd] pt-4">%0A+             <div className="flex items-center gap-1.5"><Share2 size={14} className="text-[#605e5c]" /><h3 className="text-[13px] font-semibold text-[#201f1e]">Shareable link</h3></div>%0A+             <p className="mt-1 text-[12px] leading-5 text-[#605e5c]">%0A+               {canShare%0A+                 ? 'Creates a signed, tenant-scoped link that expires in 7 days. Anyone with the link sees a redacted, evidence-backed summary — no internal remediation or verification detail.'%0A+                 : `Your ${role} role cannot create share links. Owner, Admin, or Operator is required.`}%0A+             </p>%0A+             <div className="mt-2 flex flex-wrap items-center gap-2">%0A+               <button onClick={() => void createShareLink()} disabled={!canShare || !selectedPassport || sharing} className="inline-flex h-8 items-center gap-1.5 rounded border border-[#c8c6c4] px-3 text-[13px] font-medium text-[#323130] hover:bg-black/[.03] disabled:cursor-not-allowed disabled:opacity-40">%0A+                 <Share2 size={14} className={sharing ? 'animate-pulse' : ''} /> {sharing ? 'Creating…' : 'Create share link'}%0A+               </button>%0A+               {shareInfo && (%0A+                 <button onClick={() => void copyShareLink()} className="inline-flex h-8 items-center gap-1.5 rounded border border-[#0f6cbd] bg-[#eff6fc] px-2.5 text-[12px] font-medium text-[#0f6cbd]"><Copy size={13} /> Copy link</button>%0A+               )}%0A+             </div>%0A+             {shareInfo && (%0A+               <div className="mt-2 rounded border border-[#e1dfdd] bg-[#faf9f8] p-2.5 text-[12px] text-[#605e5c]">%0A+                 <div className="truncate font-mono text-[#323130]">{shareInfo.shareUrl}</div>%0A+                 <div className="mt-0.5 text-[#8a8886]">Expires {new Date(shareInfo.expiresAt).toLocaleString()}</div>%0A+               </div>%0A+             )}%0A+             {shareMessage && <p className="mt-1.5 text-[12px] text-[#605e5c]" role="status">{shareMessage}</p>}%0A+           </div>%0A+%0A+           <pre className="mt-4 max-h-64 overflow-auto rounded-md border border-[#e1dfdd] bg-[#faf9f8] p-3 text-[12px] leading-5 text-[#605e5c] whitespace-pre-wrap">{reportText || 'Load a passport report to preview its persisted traceability and limitations.'}</pre>%0A+         </div>%0A+       </div>%0A+%0A+       {report?.sbom && (%0A+         <div className="mb-4 rounded-md border border-[#e1dfdd] bg-white p-4">%0A+           <div className="flex items-center gap-1.5"><Package size={16} className="text-[#605e5c]" /><h2 className="text-[14px] font-semibold text-[#201f1e]">SBOM components</h2></div>%0A+           <p className="mt-1 text-[13px] text-[#605e5c]">Each component is cross-referenced against this passport's recorded vulnerabilities by name.</p>%0A+           <div className="mt-3 overflow-auto">%0A+             <table className="w-full min-w-[560px] text-left text-[13px]">%0A+               <thead className="border-b border-[#e1dfdd] text-[11px] uppercase tracking-wide text-[#605e5c]"><tr><th className="px-3 py-2">Component</th><th className="px-3 py-2">Version</th><th className="px-3 py-2">License</th><th className="px-3 py-2">Vulnerabilities</th><th className="px-3 py-2">Critical/High</th></tr></thead>%0A+               <tbody>%0A+                 {report.sbom.length === 0 && <tr><td colSpan={5} className="px-3 py-2.5 text-[#605e5c]">No SBOM components recorded for this passport.</td></tr>}%0A+                 {report.sbom.map((component, index) => (%0A+                   <tr key={`${component.name}-${index}`} className="border-b border-[#f3f2f1] hover:bg-black/[.02]">%0A+                     <td className="px-3 py-2.5 text-[#201f1e]">{component.name || '—'}</td>%0A+                     <td className="px-3 py-2.5 text-[#605e5c]">{component.version || '—'}</td>%0A+                     <td className="px-3 py-2.5 text-[#605e5c]">{component.license || '—'}</td>%0A+                     <td className="px-3 py-2.5 text-[#605e5c]">{component.vulnerabilityCount ?? 0}</td>%0A+                     <td className="px-3 py-2.5 text-[#605e5c]">{component.criticalOrHighCount ?? 0}</td>%0A+                   </tr>%0A+                 ))}%0A+               </tbody>%0A+             </table>%0A+           </div>%0A+         </div>%0A+       )}%0A+%0A+       {report?.controls && (%0A+         <div className="mb-4 rounded-md border border-[#e1dfdd] bg-white p-4">%0A+           <div className="flex items-center gap-1.5"><ShieldCheck size={16} className="text-[#605e5c]" /><h2 className="text-[14px] font-semibold text-[#201f1e]">Findings by control</h2></div>%0A+           <p className="mt-1 text-[13px] text-[#605e5c]">Open trust findings grouped by control ID, worst-observed severity first.</p>%0A+           <div className="mt-3 overflow-auto">%0A+             <table className="w-full min-w-[480px] text-left text-[13px]">%0A+               <thead className="border-b border-[#e1dfdd] text-[11px] uppercase tracking-wide text-[#605e5c]"><tr><th className="px-3 py-2">Control</th><th className="px-3 py-2">Findings</th><th className="px-3 py-2">Open</th><th className="px-3 py-2">Worst severity</th></tr></thead>%0A+               <tbody>%0A+                 {report.controls.length === 0 && <tr><td colSpan={4} className="px-3 py-2.5 text-[#605e5c]">No control-mapped findings for this passport.</td></tr>}%0A+                 {report.controls.map((control) => (%0A+                   <tr key={control.controlId} className="border-b border-[#f3f2f1] hover:bg-black/[.02]">%0A+                     <td className="px-3 py-2.5 font-mono text-[#201f1e]">{control.controlId || '—'}</td>%0A+                     <td className="px-3 py-2.5 text-[#605e5c]">{control.findingCount ?? 0}</td>%0A+                     <td className="px-3 py-2.5 text-[#605e5c]">{control.openCount ?? 0}</td>%0A+                     <td className="px-3 py-2.5 capitalize text-[#605e5c]">{control.worstSeverity || '—'}</td>%0A+                   </tr>%0A+                 ))}%0A+               </tbody>%0A+             </table>%0A+           </div>%0A+         </div>%0A+       )}%0A+%0A+       {clients.length > 0 && (%0A+         <div className="mb-4 rounded-md border border-[#e1dfdd] bg-white p-4">%0A+           <h2 className="text-[14px] font-semibold text-[#201f1e]">White-label client report</h2>%0A+           <p className="mt-1 text-[13px] text-[#605e5c]">Generates a co-branded PDF for one client using your MSP name, logo, and brand color. Runs entirely in the browser from already-loaded client data.</p>%0A+           <div className="mt-3 grid gap-3 lg:grid-cols-2">%0A+             <div className="space-y-2">%0A+               <select value={whiteLabelClientId} onChange={(event) => setWhiteLabelClientId(event.target.value)} className="h-9 w-full rounded border border-[#c8c6c4] bg-white px-3 text-[13px] text-[#201f1e] focus:border-[#0f6cbd] focus:ring-1 focus:ring-[#0f6cbd]">%0A+                 {clients.map((client) => <option key={client.id} value={client.id}>{client.name}</option>)}%0A+               </select>%0A+               <input value={mspName} onChange={(event) => setMspName(event.target.value)} placeholder="Your MSP / firm name *" className="h-9 w-full rounded border border-[#c8c6c4] bg-white px-3 text-[13px] text-[#201f1e] placeholder:text-[#8a8886] focus:border-[#0f6cbd] focus:ring-1 focus:ring-[#0f6cbd]" />%0A+               <input value={reportTitle} onChange={(event) => setReportTitle(event.target.value)} placeholder="Report title" className="h-9 w-full rounded border border-[#c8c6c4] bg-white px-3 text-[13px] text-[#201f1e] focus:border-[#0f6cbd] focus:ring-1 focus:ring-[#0f6cbd]" />%0A+               <div className="flex items-center gap-3">%0A+                 <label className="flex items-center gap-2 text-[12px] text-[#605e5c]">Brand color <input type="color" value={brandColor} onChange={(event) => setBrandColor(event.target.value)} className="h-8 w-8 rounded border border-[#c8c6c4] bg-transparent" /></label>%0A+                 <label className="inline-flex h-9 cursor-pointer items-center gap-1.5 rounded border border-[#c8c6c4] px-3 text-[12px] text-[#323130] hover:bg-black/[.03]"><Upload size={13} /> {logoBase64 ? 'Logo uploaded' : 'Upload logo'}<input type="file" accept="image/png,image/jpeg,image/webp" onChange={handleLogoUpload} className="hidden" /></label>%0A+               </div>%0A+               <textarea value={executiveSummary} onChange={(event) => setExecutiveSummary(event.target.value)} placeholder="Executive summary (optional)" rows={3} className="w-full rounded border border-[#c8c6c4] bg-white px-3 py-2 text-[13px] text-[#201f1e] placeholder:text-[#8a8886] focus:border-[#0f6cbd] focus:ring-1 focus:ring-[#0f6cbd]" />%0A+             </div>%0A+             <div className="space-y-2">%0A+               <div className="grid grid-cols-2 gap-2 text-[12px] text-[#323130]">%0A+                 {(Object.keys(sections) as Array<keyof typeof sections>).map((key) => (%0A+                   <label key={key} className="flex items-center gap-2 rounded border border-[#e1dfdd] bg-[#faf9f8] px-3 py-2 capitalize"><input type="checkbox" checked={sections[key]} onChange={(event) => setSections((current) => ({ ...current, [key]: event.target.checked }))} /> {key}</label>%0A+                 ))}%0A+               </div>%0A+               <button onClick={generateWhiteLabelReport} disabled={!whiteLabelClientId || !mspName.trim()} className="inline-flex h-9 w-full items-center justify-center gap-1.5 rounded bg-[#0f6cbd] px-3 text-[13px] font-medium text-white hover:bg-[#004578] disabled:cursor-not-allowed disabled:opacity-40"><FileText size={14} /> Generate white-label PDF</button>%0A+               <p className="text-[11px] leading-5 text-[#8a8886]">Uses the client's already-loaded software inventory and compliance status. No score is fabricated beyond what SPR already has on record for this client.</p>%0A+             </div>%0A+           </div>%0A+         </div>%0A+       )}%0A+%0A+       <div className="rounded-md border border-[#e1dfdd] bg-[#fff4ce] p-3 text-[12px] leading-5 text-[#8a5700]">%0A+         <strong>Capability boundary:</strong> PDF export runs entirely in the browser from already-loaded passport data; there is no server-rendered PDF. Share links are stateless signed URLs with a 7-day expiry and cannot be individually revoked before then. "Print / save PDF" still uses the browser's print dialog for a full-page copy. Empty datasets remain empty and are not replaced with sample values.%0A+       </div>%0A+     </section>%0A+   );%0A+ }%0A+%0A%0A ❯ tests/report-changes-contract.test.ts:51:15%0A%0A

::error file=/home/runner/work/software-passport-registry/software-passport-registry/tests/savings-routes-contract.test.ts,title=tests/savings-routes-contract.test.ts > savings router is mounted in server.ts > mounts createSavingsRouter at /api/savings,line=28,column=15::AssertionError: expected 'import express, { type NextFunction, …' to contain 'import { createSavingsRouter } from \…'%0A%0A- Expected%0A+ Received%0A%0A- import { createSavingsRouter } from './src/routes/savings.ts';%0A+ import express, { type NextFunction, type Request, type Response } from 'express';%0A+ import cors from 'cors';%0A+ import helmet from 'helmet';%0A+ import * as Sentry from '@sentry/node';%0A+ import path from 'node:path';%0A+ import { fileURLToPath } from 'node:url';%0A+ import { randomUUID } from 'node:crypto';%0A+ import { config, validateConfiguration } from './src/config.ts';%0A+ import { checkDatabaseHealth, closeDatabase, db } from './src/db/index.ts';%0A+ import { sql } from 'drizzle-orm';%0A+ import { AuthenticatedRequest, rateLimiter, requireAuth, requireRole } from './src/middleware/security.ts';%0A+ import { createAuthRouter } from './src/routes/auth.ts';%0A+ import { createConnectRouter } from './src/routes/connect.ts';%0A+ import { createIntegrationsRouter } from './src/routes/integrations.ts';%0A+ import { createLiveIntegrationsRouter } from './src/routes/integrations-live.ts';%0A+ import { createMonitoringRouter } from './src/routes/monitoring.ts';%0A+ import { createPublicConnectRouter } from './src/routes/public-connect.ts';%0A+ import { createScansRouter } from './src/routes/scans.ts';%0A+ import { createComplianceRouter } from './src/routes/compliance.ts';%0A+ import { createTrustLoopRouter } from './src/routes/trust-loop.ts';%0A+ import { createIntegrationMonitoringRouter } from './src/routes/integration-monitoring.ts';%0A+ import { createAgentApiRouter } from './src/routes/agent-api.ts';%0A+ import { createMspRouter } from './src/routes/msp.ts';%0A+ import { createAiTrustRouter } from './src/routes/ai-trust.ts';%0A+ import { createMcpTransport } from './src/mcp/transport.ts';%0A+ import { executePublicMcpTool } from './src/mcp/execute.ts';%0A+%0A+ const app = express();%0A+ const startedAt = Date.now();%0A+ const requestBodyLimit = process.env.REQUEST_BODY_LIMIT || '2mb';%0A+ const requestHeaderTimeoutMs = Number(process.env.REQUEST_HEADER_TIMEOUT_MS || 15_000);%0A+ const requestTimeoutMs = Number(process.env.REQUEST_TIMEOUT_MS || 120_000);%0A+ const keepAliveTimeoutMs = Number(process.env.KEEP_ALIVE_TIMEOUT_MS || 65_000);%0A+%0A+ async function ensureInitialSelfPassport() {%0A+   const owner = (await db.execute(sql`SELECT tenant_id AS "tenantId" FROM users WHERE role = 'Owner' ORDER BY created_at ASC LIMIT 1`)).rows?.[0] as { tenantId?: string } | undefined;%0A+   if (!owner?.tenantId) {%0A+     console.warn('[SPR] Initial self-passport skipped: no Owner tenant exists yet.');%0A+     return;%0A+   }%0A+   await db.execute(sql`%0A+     INSERT INTO passports (%0A+       id, tenant_id, name, version, publisher, category, overall_score,%0A+       security_score, compliance_score, vendor_reputation_score, release_date,%0A+       file_hash, license_type, ai_summary, sbom, evidence, vulnerabilities, timeline%0A+     ) VALUES (%0A+       'passport_spr_self', ${owner.tenantId}, 'Software Passport Registry', '1.0.0',%0A+       'SPR', 'Platform', 0, 0, 0, 0, CURRENT_DATE::text, 'not-observed',%0A+       'Unknown', 'Initial SPR self-passport. Evidence collection is pending.',%0A+       '[]', '[]', '[]', '[]'%0A+     )%0A+     ON CONFLICT (id) DO NOTHING%0A+   `);%0A+   console.info('[SPR] Initial self-passport ready.');%0A+ }%0A+%0A+ export function normalizeAllowedOrigins(origins: string[]): string[] {%0A+   return [...new Set(origins.map((origin) => new URL(origin).origin))].sort();%0A+ }%0A+%0A+ if (config.trustProxy) app.set('trust proxy', 1);%0A+ app.disable('x-powered-by');%0A+ if (config.sentry.dsn) Sentry.init({ dsn: config.sentry.dsn, environment: config.nodeEnv, tracesSampleRate: config.isProduction ? 0.1 : 1.0 });%0A+ const allowedOrigins = new Set(normalizeAllowedOrigins(config.allowedOrigins));%0A+ const appOrigin = config.appUrl ? new URL(config.appUrl).origin : undefined;%0A+ const corsOrigin = (origin: string | undefined, callback: (error: Error | null, allow?: boolean) => void) => {%0A+   if (!origin) return callback(null, true);%0A+   try {%0A+     const normalizedOrigin = new URL(origin).origin;%0A+     if (allowedOrigins.has(normalizedOrigin)) return callback(null, true);%0A+   } catch (_) {}%0A+   return callback(new Error('CORS origin denied'));%0A+ };%0A+ app.use(helmet({ contentSecurityPolicy: { useDefaults: false, directives: { defaultSrc: ["'self'"], baseUri: ["'self'"], objectSrc: ["'none'"], frameAncestors: ["'none'"], formAction: ["'self'"], scriptSrc: ["'self'"], styleSrc: ["'self'", "'unsafe-inline'"], imgSrc: ["'self'", 'data:', 'blob:', 'https:'], fontSrc: ["'self'", 'data:', 'https:'], connectSrc: ["'self'", ...(appOrigin ? [appOrigin] : [])], frameSrc: ["'self'", 'https:'], workerSrc: ["'self'", 'blob:'], manifestSrc: ["'self'"], upgradeInsecureRequests: [] } }, crossOriginEmbedderPolicy: false, frameguard: { action: 'deny' }, referrerPolicy: { policy: 'no-referrer' } }));%0A+ app.use(cors({ origin: corsOrigin, credentials: true, methods: ['GET', 'HEAD', 'POST', 'PUT', 'PATCH', 'DELETE', 'OPTIONS'], allowedHeaders: ['Authorization', 'Content-Type', 'X-Request-ID', 'X-API-Key'] }));%0A+ app.use((req, res, next) => { if (req.method === 'TRACE' || req.method === 'CONNECT') return res.status(405).json({ error: { code: 'METHOD_NOT_ALLOWED', message: 'HTTP method is not allowed.' } }); if (req.headers['content-length'] && !/^\d+$/.test(String(req.headers['content-length']))) return res.status(400).json({ error: { code: 'INVALID_CONTENT_LENGTH', message: 'Invalid Content-Length header.' } }); return next(); });%0A+ app.use(express.json({ limit: requestBodyLimit, strict: true, type: ['application/json', 'application/*+json'] }));%0A+ app.use(express.urlencoded({ extended: false, limit: requestBodyLimit }));%0A+ app.use((req, res, next) => { const supplied = req.headers['x-request-id']; const requestId = typeof supplied === 'string' && /^[A-Za-z0-9._:-]{1,100}$/.test(supplied) ? supplied : `req_${randomUUID()}`; res.setHeader('X-Request-ID', requestId); res.setHeader('Cache-Control', req.path.startsWith('/api/') ? 'no-store, max-age=0' : 'public, max-age=0, must-revalidate'); res.locals.requestId = requestId; next(); });%0A+ app.use((req, res, next) => { if (config.isProduction && config.enforceHttps && !req.secure && req.path !== '/health' && req.path !== '/ready' && req.path !== '/api/health' && req.path !== '/api/ready') { if (!appOrigin) return res.status(503).json({ error: { code: 'HTTPS_CONFIGURATION_ERROR', message: 'HTTPS redirect target is not configured.' } }); return res.redirect(308, `${appOrigin}${req.originalUrl}`); } return next(); });%0A+ app.get('/health', (_req, res) => res.status(200).json({ status: 'ok', service: 'spr-app', uptimeSeconds: Math.floor((Date.now() - startedAt) / 1000) }));%0A+ const readinessHandler = async (_req: Request, res: Response) => { const database = await checkDatabaseHealth(); const ready = database.ok; res.status(ready ? 200 : 503).json({ status: ready ? 'ready' : 'not_ready', checks: { database: database.ok ? database : { ok: false, latencyMs: database.latencyMs, error: 'DATABASE_UNAVAILABLE' } }, uptimeSeconds: Math.floor((Date.now() - startedAt) / 1000) }); };%0A+ app.get('/ready', readinessHandler);%0A+ app.get('/api/ready', readinessHandler);%0A+ app.get('/api/health', async (_req, res) => { const database = await checkDatabaseHealth(); res.status(database.ok ? 200 : 503).json({ status: database.ok ? 'ok' : 'degraded', database: database.ok ? database : { ok: false, latencyMs: database.latencyMs, error: 'DATABASE_UNAVAILABLE' } }); });%0A+ app.use('/api', rateLimiter);%0A+ app.use('/api', createAuthRouter());%0A+ app.use('/api', createPublicConnectRouter());%0A+ const connectRouter = createConnectRouter();%0A+ app.use('/api', connectRouter);%0A+ app.use('/api/connect', connectRouter);%0A+ app.use('/api/integrations/connect', connectRouter);%0A+ app.post('/api/ai/analyze-passport', requireAuth, async (req: AuthenticatedRequest, res, next) => {%0A+   try {%0A+     const passportId = typeof req.body?.passportId === 'string' ? req.body.passportId.trim() : '';%0A+     if (!passportId) return res.status(400).json({ error: { code: 'PASSPORT_ID_REQUIRED', message: 'passportId is required.' } });%0A+     const db = req.db!;%0A+     const result = await db.execute(sql`%0A+       SELECT name, version, publisher, overall_score AS "overallScore",%0A+              jsonb_array_length(COALESCE(NULLIF(evidence, '')::jsonb, '[]'::jsonb)) AS "evidenceCount",%0A+              jsonb_array_length(COALESCE(NULLIF(vulnerabilities, '')::jsonb, '[]'::jsonb)) AS "findingCount"%0A+       FROM passports%0A+       WHERE id = ${passportId} AND tenant_id = ${req.user!.tenantId}%0A+       LIMIT 1%0A+     `);%0A+     const passport = (result.rows?.[0] ?? null) as {%0A+       name?: string; version?: string; publisher?: string; overallScore?: number | null;%0A+       evidenceCount?: number; findingCount?: number;%0A+     } | null;%0A+     if (!passport) return res.status(404).json({ error: { code: 'PASSPORT_NOT_FOUND', message: 'Passport not found.' } });%0A+     const status = passport.overallScore == null ? 'not verified' : `score ${passport.overallScore}`;%0A+     return res.json({ passportId, analysis: `${passport.name ?? 'Passport'} ${passport.version ?? ''} by ${passport.publisher ?? 'unknown publisher'} is ${status}. Evidence records: ${passport.evidenceCount ?? 0}. Findings: ${passport.findingCount ?? 0}. Authoritative verification requires durable backend evidence.` });%0A+   } catch (error) { return next(error); }%0A+ });%0A+ app.use('/api/integrations', createIntegrationsRouter());%0A+ app.use('/api/integrations-live', createLiveIntegrationsRouter());%0A+ const requireTrustMutationRole = (req: Request, res: Response, next: NextFunction) => { if (['GET', 'HEAD', 'OPTIONS'].includes(req.method)) return next(); return requireRole(['Owner', 'Admin', 'Operator', 'Technician'])(req as AuthenticatedRequest, res, next); };%0A+ app.use('/api/trust-loop', requireAuth, requireTrustMutationRole);%0A+ app.use('/api/trust-loop', createTrustLoopRouter());%0A+ app.use('/api/integration-monitoring', createIntegrationMonitoringRouter());%0A+ app.use('/api/monitoring', createMonitoringRouter());%0A+ app.use('/api/agent/v1', createAgentApiRouter());%0A+ app.use('/api/msp', requireAuth, createMspRouter());%0A+ app.use('/api/ai-trust', requireAuth, createAiTrustRouter());%0A+%0A+ const mcpBearer = process.env.SPR_MCP_BEARER_TOKEN;%0A+ if (mcpBearer) {%0A+   const mcpTransport = createMcpTransport({ expectedBearer: mcpBearer, executeTool: async (tool, args) => executePublicMcpTool(tool, args) });%0A+   app.post('/mcp', async (req, res) => { const response = await mcpTransport(new Request(`${config.appUrl || 'https://localhost'}/mcp`, { method: 'POST', headers: req.headers as Record<string, string>, body: JSON.stringify(req.body) })); res.status(response.status); response.headers.forEach((value, key) => res.setHeader(key, value)); res.send(Buffer.from(await response.arrayBuffer())); });%0A+ }%0A+%0A+ app.use('/api', createScansRouter());%0A+ app.use('/api/compliance', createComplianceRouter());%0A+ const publicDir = __dirname;%0A+ app.use(express.static(publicDir, { index: false, maxAge: config.isProduction ? '1y' : 0 }));%0A+ app.get('/*splat', (req, res, next) => { if (req.path.startsWith('/api/') || req.path === '/mcp') return next(); return res.sendFile(path.join(publicDir, 'index.html'), error => error ? next(error) : undefined); });%0A+ app.use((req, res, next) => { if (req.path.startsWith('/api/') || req.path === '/mcp') return res.status(404).json({ error: 'Route not found.', code: 'NOT_FOUND', requestId: res.locals.requestId }); return next(); });%0A+ app.use((err: any, req: Request, res: Response, next: NextFunction) => { if (res.headersSent) return next(err); const requestId = res.locals.requestId || `req_${randomUUID()}`; const status = Number.isInteger(err?.status) && err.status >= 400 && err.status < 600 ? err.status : 500; console.error('[HTTP_ERROR]', { requestId, status, method: req.method, path: req.path, message: err?.message || String(err) }); if (config.sentry.dsn) Sentry.captureException(err, { tags: { requestId } }); return res.status(status).json({ error: { code: status === 500 ? 'INTERNAL_SERVER_ERROR' : 'REQUEST_FAILED', message: status === 500 ? 'An unexpected server error occurred.' : err?.message || 'Request failed.', requestId } }); });%0A+ let server: ReturnType<typeof app.listen> | undefined; let shuttingDown = false;%0A+%0A+ export function rejectConnectTunnels<T extends ReturnType<typeof app.listen>>(httpServer: T): T {%0A+   httpServer.on('connect', (_request, socket) => {%0A+     socket.end('HTTP/1.1 405 Method Not Allowed\r\nConnection: close\r\nContent-Length: 0\r\n\r\n');%0A+   });%0A+   return httpServer;%0A+ }%0A+%0A+ async function shutdown(signal: string) { if (shuttingDown) return; shuttingDown = true; console.info(`[SPR] ${signal} received; shutting down gracefully.`); const forceTimer = setTimeout(() => process.exit(1), 15_000); forceTimer.unref(); if (server) await new Promise<void>(resolve => server!.close(() => resolve())); await closeDatabase().catch(error => console.error('[SPR] Database shutdown error:', error)); if (config.sentry.dsn) await Sentry.close(2_000).catch(() => undefined); clearTimeout(forceTimer); process.exit(0); }%0A+ export async function startServer() {%0A+   validateConfiguration();%0A+   try { await ensureInitialSelfPassport(); } catch (error) { console.error('[SPR] Initial self-passport bootstrap failed; continuing startup. /ready will report the database as unavailable.', error); }%0A+   const host = process.env.HOST || '0.0.0.0'; server = app.listen(config.port, host, () => console.info(`[SPR] listening on http://${host}:${config.port}`)); server.requestTimeout = Number.isFinite(requestTimeoutMs) && requestTimeoutMs > 0 ? requestTimeoutMs : 120_000; server.headersTimeout = Number.isFinite(requestHeaderTimeoutMs) && requestHeaderTimeoutMs > 0 ? requestHeaderTimeoutMs : 15_000; server.keepAliveTimeout = Number.isFinite(keepAliveTimeoutMs) && keepAliveTimeoutMs > 0 ? keepAliveTimeoutMs : 65_000; rejectConnectTunnels(server); return server; }%0A+ process.once('SIGTERM', () => void shutdown('SIGTERM')); process.once('SIGINT', () => void shutdown('SIGINT')); process.on('unhandledRejection', reason => console.error('[SPR] Unhandled rejection:', reason)); process.on('uncaughtException', error => { console.error('[SPR] Uncaught exception:', error); void shutdown('uncaughtException'); });%0A+ if (process.env.SPR_SKIP_AUTOSTART !== 'true') void startServer().catch(error => { console.error('[SPR] Startup failed:', error); process.exit(1); });%0A+ export { app };%0A+%0A%0A ❯ tests/savings-routes-contract.test.ts:28:15%0A%0A

::error file=/home/runner/work/software-passport-registry/software-passport-registry/tests/self-service-workspace-contract.test.ts,title=tests/self-service-workspace-contract.test.ts > self-service workspace creation contract > authenticates the caller with the same revocation-aware check requireAuth uses,line=23,column=17::AssertionError: expected -1 to be greater than -1%0A ❯ workspaceRoute tests/self-service-workspace-contract.test.ts:23:17%0A ❯ tests/self-service-workspace-contract.test.ts:33:21%0A%0A

::error file=/home/runner/work/software-passport-registry/software-passport-registry/tests/self-service-workspace-contract.test.ts,title=tests/self-service-workspace-contract.test.ts > self-service workspace creation contract > refuses to provision an unverified email address,line=23,column=17::AssertionError: expected -1 to be greater than -1%0A ❯ workspaceRoute tests/self-service-workspace-contract.test.ts:23:17%0A ❯ tests/self-service-workspace-contract.test.ts:39:21%0A%0A

::error file=/home/runner/work/software-passport-registry/software-passport-registry/tests/self-service-workspace-contract.test.ts,title=tests/self-service-workspace-contract.test.ts > self-service workspace creation contract > lets an existing membership win%2C so it can never move a user between tenants,line=23,column=17::AssertionError: expected -1 to be greater than -1%0A ❯ workspaceRoute tests/self-service-workspace-contract.test.ts:23:17%0A ❯ tests/self-service-workspace-contract.test.ts:45:21%0A%0A

::error file=/home/runner/work/software-passport-registry/software-passport-registry/tests/self-service-workspace-contract.test.ts,title=tests/self-service-workspace-contract.test.ts > self-service workspace creation contract > mints a fresh tenant and never accepts one from the caller,line=23,column=17::AssertionError: expected -1 to be greater than -1%0A ❯ workspaceRoute tests/self-service-workspace-contract.test.ts:23:17%0A ❯ tests/self-service-workspace-contract.test.ts:56:21%0A%0A

::error file=/home/runner/work/software-passport-registry/software-passport-registry/tests/self-service-workspace-contract.test.ts,title=tests/self-service-workspace-contract.test.ts > self-service workspace creation contract > is idempotent against the users_uid_key unique index,line=23,column=17::AssertionError: expected -1 to be greater than -1%0A ❯ workspaceRoute tests/self-service-workspace-contract.test.ts:23:17%0A ❯ tests/self-service-workspace-contract.test.ts:67:21%0A%0A

::error file=/home/runner/work/software-passport-registry/software-passport-registry/tests/self-service-workspace-contract.test.ts,title=tests/self-service-workspace-contract.test.ts > self-service workspace creation contract > grants Owner only over the newly created workspace,line=23,column=17::AssertionError: expected -1 to be greater than -1%0A ❯ workspaceRoute tests/self-service-workspace-contract.test.ts:23:17%0A ❯ tests/self-service-workspace-contract.test.ts:72:21%0A%0A

::error file=/home/runner/work/software-passport-registry/software-passport-registry/tests/self-service-workspace-contract.test.ts,title=tests/self-service-workspace-contract.test.ts > self-service workspace creation contract > records an audit entry scoped to the new tenant,line=23,column=17::AssertionError: expected -1 to be greater than -1%0A ❯ workspaceRoute tests/self-service-workspace-contract.test.ts:23:17%0A ❯ tests/self-service-workspace-contract.test.ts:78:21%0A%0A

::error file=/home/runner/work/software-passport-registry/software-passport-registry/tests/self-service-workspace-contract.test.ts,title=tests/self-service-workspace-contract.test.ts > self-service workspace creation contract > runs in the authenticated load%2C the one choke point every session passes through,line=87,column=17::AssertionError: expected 'import { useEffect, useMemo, useState…' to contain 'apiFetch(\'/api/auth/workspace\', { m…'%0A%0A- Expected%0A+ Received%0A%0A- apiFetch('/api/auth/workspace', { method: 'POST' })%0A+ import { useEffect, useMemo, useState, type ReactNode } from 'react';%0A+ import { getRedirectResult, onAuthStateChanged, signOut, type User } from 'firebase/auth';%0A+ import type { Alert, Client, Integration, Scan, SoftwarePassport, Vendor } from './types';%0A+ import type { VerificationDecision } from './lib/verification/evaluateVerification.ts';%0A+ import { apiFetch } from './utils/apiClient';%0A+ import { auth } from './lib/firebase';%0A+ import CommandCenter from './components/CommandCenter';%0A+ import ExtensionWorkflow from './components/ExtensionWorkflow';%0A+ import ExtensionMarketplace from './components/ExtensionMarketplace';%0A+ import LoginView from './components/LoginView';%0A+ import EvidenceDashboardView from './components/EvidenceDashboardView';%0A+ import EvidenceExplorerView from './components/EvidenceExplorerView';%0A+ import AITrustCenterView from './components/AITrustCenterView';%0A+ import CoverageView from './components/CoverageView';%0A+ import AssetsView from './components/AssetsView';%0A+ import PassportsView from './components/PassportsView';%0A+ import ScansView from './components/ScansView';%0A+ import AlertsView from './components/AlertsView';%0A+ import ClientsView from './components/ClientsView';%0A+ import VendorsView from './components/VendorsView';%0A+ import IntegrationsView from './components/IntegrationsView';%0A+ import BillingView from './components/BillingView';%0A+ import ComplianceView from './components/ComplianceView';%0A+ import AgentTrustView from './components/AgentTrustView';%0A+ import EnterpriseReadinessView from './components/EnterpriseReadinessView';%0A+ import FounderDashboardView from './components/FounderDashboardView';%0A+ import InvestorHomeView from './components/InvestorHomeView';%0A+ import SettingsView from './components/SettingsView';%0A+ import TeamView from './components/TeamView';%0A+ import AuditLogView from './components/AuditLogView';%0A+ import MonitoringView from './components/MonitoringView';%0A+ import SecurityCenterView from './components/SecurityCenterView';%0A+ import MSPCommandCenter from './components/MSPCommandCenter';%0A+ import ReportsView from './components/ReportsView';%0A+ import TrustGraphView from './components/TrustGraphView';%0A+ import { EXTENSIONS } from './workflows/extensionRegistry';%0A+ const PUBLIC_PATHS = new Set(['/','/login','/free-review','/pricing']);%0A+ const EMPTY_CLIENTS: Client[] = []; const EMPTY_PASSPORTS: SoftwarePassport[] = []; const EMPTY_VENDORS: Vendor[] = []; const EMPTY_INTEGRATIONS: Integration[] = []; const EMPTY_SCANS: Scan[] = []; const EMPTY_ALERTS: Alert[] = [];%0A+ function deriveAlertStatus(remediationStatus: string | null | undefined, findingStatus: string | null | undefined): Alert['status'] { switch (remediationStatus) { case 'IN_PROGRESS': case 'READY_FOR_VERIFICATION': return 'Acknowledged'; case 'BLOCKED': return 'Snoozed'; case 'VERIFIED': case 'CLOSED': return 'Resolved'; case 'CANCELLED': return 'Cancelled'; case 'OPEN': return 'Active'; default: return String(findingStatus || '').toLowerCase() === 'resolved' ? 'Resolved' : 'Active'; } }%0A+ function navigate(path: string) { window.history.pushState({}, '', path); window.dispatchEvent(new PopStateEvent('popstate')); }%0A+ function usePath() { const [path, setPath] = useState(() => window.location.pathname || '/'); useEffect(() => { const update = () => setPath(window.location.pathname || '/'); window.addEventListener('popstate', update); return () => window.removeEventListener('popstate', update); }, []); return path; }%0A+ function AuthLoading() { return <div className="grid min-h-screen place-items-center bg-[#faf9f8] text-[#201f1e]"><div className="text-center"><div className="mx-auto grid h-10 w-10 place-items-center rounded bg-[#0f6cbd] text-xs font-bold text-white">S</div><div className="mt-4 text-[11px] font-semibold uppercase tracking-wide text-[#605e5c]">Securing workspace</div><div className="mt-1 text-[12px] text-[#8a8886]">Checking authenticated session…</div></div></div>; }%0A+ function CoverPage() { return <div className="min-h-screen bg-[#faf9f8] text-[#201f1e]"><div className="mx-auto flex min-h-screen max-w-5xl items-center px-6 py-16"><div className="max-w-3xl"><div className="mb-5 inline-flex items-center gap-1.5 rounded border border-[#e1dfdd] bg-white px-2.5 py-1 text-[11px] font-semibold uppercase tracking-wide text-[#605e5c]">Evidence-first software trust</div><h1 className="text-[28px] font-semibold tracking-tight md:text-[34px]">Software trust, operated as a system.</h1><p className="mt-4 max-w-2xl text-[14px] leading-6 text-[#605e5c]">Software Passport Registry turns software identity, security, provenance, reliability, compliance, and evidence into repeatable workflows for teams, buyers, and managed service providers.</p><div className="mt-6 flex flex-wrap gap-2"><button onClick={() => navigate('/login')} className="h-9 rounded bg-[#0f6cbd] px-4 text-[13px] font-semibold text-white hover:bg-[#004578]">Enter SPR</button><button onClick={() => navigate('/free-review')} className="h-9 rounded border border-[#c8c6c4] bg-white px-4 text-[13px] font-medium text-[#323130] hover:bg-black/[.03]">Free review</button></div></div></div></div>; }%0A+ function PublicPage({ title, description, action, onAction }: { title: string; description: string; action: string; onAction: () => void }) { return <div className="grid min-h-screen place-items-center bg-[#faf9f8] px-6 text-[#201f1e]"><div className="max-w-md rounded-md border border-[#e1dfdd] bg-white p-6 text-center"><div className="text-[11px] font-semibold uppercase tracking-wide text-[#605e5c]">Software Passport Registry</div><h1 className="mt-2 text-[20px] font-semibold">{title}</h1><p className="mt-2 text-[13px] leading-5 text-[#605e5c]">{description}</p><button onClick={onAction} className="mt-5 h-9 rounded bg-[#0f6cbd] px-4 text-[13px] font-semibold text-white hover:bg-[#004578]">{action}</button></div></div>; }%0A+ function WorkflowBoundary({ title, description, extensionId, onNavigate }: { title: string; description: string; extensionId?: string; onNavigate: (path: string) => void }) { const extension = extensionId ? EXTENSIONS.find((item) => item.id === extensionId) : undefined; return <section><div className="rounded-md border border-[#e1dfdd] bg-white p-5"><div className="text-[11px] font-semibold uppercase tracking-wide text-[#605e5c]">Workflow boundary</div><h1 className="mt-1.5 text-[20px] font-semibold tracking-tight">{title}</h1><p className="mt-2 max-w-2xl text-[13px] leading-5 text-[#605e5c]">{description}</p>{extension && <button onClick={() => onNavigate(extension.entryPath)} className="mt-4 h-8 rounded bg-[#0f6cbd] px-3 text-[12px] font-semibold text-white hover:bg-[#004578]">Open {extension.name} →</button>}</div></section>; }%0A+ export default function App() {%0A+  const path=usePath(); const [authReady,setAuthReady]=useState(false); const [user,setUser]=useState<User|null>(null); const [role,setRole]=useState('Viewer'); const [selectedClientId,setSelectedClientId]=useState(''); const [selectedPassportId,setSelectedPassportId]=useState<string|null>(null); const [assets,setAssets]=useState<any[]>([]); const [clients,setClients]=useState<Client[]>(EMPTY_CLIENTS); const [passports,setPassports]=useState<SoftwarePassport[]>(EMPTY_PASSPORTS); const [vendors,setVendors]=useState<Vendor[]>(EMPTY_VENDORS); const [alerts,setAlerts]=useState<Alert[]>(EMPTY_ALERTS); const [findings,setFindings]=useState<unknown[]>([]); const [scans,setScans]=useState<Scan[]>(EMPTY_SCANS); const [integrations,setIntegrations]=useState<Integration[]>(EMPTY_INTEGRATIONS); const [theme,setTheme]=useState<'light'|'dark'>('dark'); const [verificationDecisions,setVerificationDecisions]=useState<Record<string,VerificationDecision>>({}); const [verificationDetails,setVerificationDetails]=useState<Record<string,unknown>>({});%0A+  useEffect(()=>{let mounted=true;let redirectSettled=false;let observedUser:User|null=null;const timeoutId=window.setTimeout(()=>{if(mounted)setAuthReady(true)},10000);const unsubscribe=onAuthStateChanged(auth,(currentUser)=>{if(!mounted)return;observedUser=currentUser;if(!redirectSettled)return;setUser(currentUser);setAuthReady(true);window.clearTimeout(timeoutId)},()=>{if(mounted){setAuthReady(true);window.clearTimeout(timeoutId)}});void getRedirectResult(auth).then(result=>{redirectSettled=true;if(mounted)setUser(result?.user||observedUser);if(mounted)setAuthReady(true);window.clearTimeout(timeoutId)}).catch(error=>{redirectSettled=true;console.error('[Firebase redirect sign-in error]',error);if(mounted)setUser(observedUser);if(mounted)setAuthReady(true);window.clearTimeout(timeoutId)});return()=>{mounted=false;window.clearTimeout(timeoutId);unsubscribe()}},[]);%0A+  useEffect(()=>{if(authReady&&!user&&!PUBLIC_PATHS.has(path))navigate('/login')},[authReady,user,path]);%0A+  useEffect(()=>{if(!user)return;let cancelled=false;const load=async()=>{const responses=await Promise.all([apiFetch('/api/user/me'),apiFetch('/api/scans'),apiFetch('/api/trust-loop/findings'),apiFetch('/api/user/passports'),apiFetch('/api/user/clients'),apiFetch('/api/integrations'),apiFetch('/api/user/verification')]);if(responses.some(r=>r.status===401)){await signOut(auth);navigate('/login');return}const [me,scansResponse,findingsResponse,passportsResponse,clientsResponse,integrationsResponse,verificationResponse]=responses;if(verificationResponse.ok){const data=await verificationResponse.json().catch(()=>null);if(!cancelled){setVerificationDecisions(data?.verificationDecisions&&typeof data.verificationDecisions==='object'?data.verificationDecisions:{});setVerificationDetails(data?.verificationDetails&&typeof data.verificationDetails==='object'?data.verificationDetails:{})}}else if(!cancelled){setVerificationDecisions({});setVerificationDetails({})}if(me.ok){const data=await me.json().catch(()=>null);if(!cancelled)setRole(String(data?.role||'Viewer'))}if(scansResponse.ok){const data=await scansResponse.json().catch(()=>[]);if(!cancelled&&Array.isArray(data))setScans(data)}if(findingsResponse.ok){const data=await findingsResponse.json().catch(()=>[]);const rows=Array.isArray(data)?data:data?.findings;if(!cancelled&&Array.isArray(rows)){setFindings(rows);setAlerts(rows.map((row:any)=>({id:String(row.id),title:String(row.title||row.control_id||'Trust finding'),severity:String(row.severity||'Low').replace(/^./,(s:string)=>s.toUpperCase()),category:'Trust finding',clientName:String(row.client_id||'Tenant'),description:String(row.description||'Evidence-backed finding'),timestamp:String(row.updated_at||''),status:deriveAlertStatus(row.remediation_status,row.status),remediationId:row.remediation_id?String(row.remediation_id):null,ownerDisplay:row.remediation_owner_display||null,slaDueAt:row.remediation_sla_due_at||null})) as Alert[])}}if(passportsResponse.ok){const data=await passportsResponse.json().catch(()=>[]);const rows=Array.isArray(data)?data:data?.passports;if(!cancelled&&Array.isArray(rows)){const normalized=rows.map((row:any)=>({...row,id:String(row.id),name:String(row.name||'Unnamed software'),version:String(row.version||'unknown'),publisher:String(row.publisher||'unknown'),clientId:row.clientId?String(row.clientId):undefined,evidence:Array.isArray(row.evidence)?row.evidence:[],vulnerabilities:Array.isArray(row.vulnerabilities)?row.vulnerabilities:[],timeline:Array.isArray(row.timeline)?row.timeline:[],sbom:Array.isArray(row.sbom)?row.sbom:[],scores:null,scoreStatus:row.scoreStatus||'not_authoritatively_scored'})) as SoftwarePassport[];setPassports(normalized);setAssets(normalized.map((passport:any)=>({id:passport.id,name:passport.name,hostName:passport.name,type:passport.category||'software',clientId:passport.clientId,clientName:String(passport.clientId||'Unobserved'),environment:String(passport.environment||'Unobserved'),version:passport.version})));setVendors(EMPTY_VENDORS)}}if(clientsResponse.ok){const data=await clientsResponse.json().catch(()=>[]);const rows=Array.isArray(data)?data:data?.clients;if(!cancelled&&Array.isArray(rows))setClients(rows.map((row:any)=>({...row,id:String(row.id),name:String(row.name||row.company_name||'Unnamed client')})) as Client[])}if(integrationsResponse.ok){const data=await integrationsResponse.json().catch(()=>[]);if(!cancelled&&Array.isArray(data))setIntegrations(data)}};void load().catch(error=>console.warn('[SPR command center load]',error));return()=>{cancelled=true}},[user]);%0A+  useEffect(()=>{const refresh=()=>{if(user)window.location.reload()};window.addEventListener('refresh-data',refresh);return()=>window.removeEventListener('refresh-data',refresh)},[user]);%0A+  const onNavigateTab=(target:string,itemId?:string)=>navigate(itemId?`${target.startsWith('/')?target:`/${target}`}/${encodeURIComponent(itemId)}`:target.startsWith('/')?target:`/${target}`); const quickAction=(action:'add-client'|'register-passport'|'scan-sbom')=>navigate(action==='add-client'?'/clients':action==='register-passport'?'/passports':'/scans');%0A+  const performAlertAction=async(alert:Alert,action:'acknowledge'|'assign'|'resolve'|'escalate'|'snooze'|'reopen',assigneeDisplay?:string)=>{let remediationId=alert.remediationId;if(!remediationId){const created=await apiFetch('/api/trust-loop/remediations',{method:'POST',headers:{'Content-Type':'application/json'},body:JSON.stringify({findingId:alert.id,title:alert.title,description:alert.description,priority:alert.severity.toUpperCase()})});if(!created.ok)return;const createdBody=await created.json().catch(()=>null);remediationId=createdBody?.id?String(createdBody.id):undefined;if(!remediationId)return}const patchBody:Record<string,unknown>={acknowledge:{status:'IN_PROGRESS'},resolve:{status:'CLOSED'},snooze:{status:'BLOCKED'},reopen:{status:'OPEN'},escalate:{status:'IN_PROGRESS',slaDueAt:new Date(Date.now()+4*3600*1000).toISOString()},assign:{status:'IN_PROGRESS',ownerDisplay:assigneeDisplay||''}}[action];const response=await apiFetch(`/api/trust-loop/remediations/${encodeURIComponent(remediationId)}`,{method:'PATCH',headers:{'Content-Type':'application/json'},body:JSON.stringify(patchBody)});if(!response.ok)return;const updated=await response.json().catch(()=>null);setAlerts(current=>current.map(item=>item.id===alert.id?{...item,remediationId,status:deriveAlertStatus(updated?.status??String(patchBody.status),null),ownerDisplay:updated?.owner_display??(patchBody.ownerDisplay as string|undefined)??item.ownerDisplay,slaDueAt:updated?.sla_due_at??(patchBody.slaDueAt as string|undefined)??item.slaDueAt}:item))};%0A+  const selectedExtension=useMemo(()=>{const match=path.match(/^\/extensions\/([^/]+)/);return match?decodeURIComponent(match[1]):null},[path]);const signOutUser=async()=>{await signOut(auth);navigate('/login')};%0A+  if(!authReady)return <AuthLoading/>;if(path==='/')return <CoverPage/>;if(path==='/login')return user?<AuthLoading/>:<LoginView onLoginSuccess={()=>navigate('/dashboard')}/>;if(!user&&path==='/free-review')return <PublicPage title="Free software review" description="Start an evidence-first review from the public entry point." action="Sign in to continue" onAction={()=>navigate('/login')}/>;if(!user&&path==='/pricing')return <PublicPage title="SPR plans" description="Account and billing capabilities are available inside the authenticated workspace." action="Enter SPR" onAction={()=>navigate('/login')}/>;if(!user)return <AuthLoading/>;%0A+  let view:ReactNode;if(selectedExtension)view=<ExtensionWorkflow id={selectedExtension} onNavigate={navigate}/>;else switch(path){case '/dashboard':view=<EvidenceDashboardView clients={clients} alerts={alerts} scans={scans} passports={passports} findings={findings} onNavigateTab={onNavigateTab} onOpenQuickAction={quickAction}/>;break;case '/coverage':view=<CoverageView clients={clients} scans={scans} passports={passports} onNavigateTab={onNavigateTab}/>;break;case '/evidence-explorer':view=<EvidenceExplorerView passports={passports}/>;break;case '/assets':view=<AssetsView clients={clients} searchQuery="" assets={assets}/>;break;case '/passports':case '/registry':view=<PassportsView verificationDecisions={verificationDecisions} verificationDetails={verificationDetails} passports={passports} selectedPassportId={selectedPassportId} setSelectedPassportId={setSelectedPassportId} searchQuery="" clients={clients} assets={assets} role={role} onNavigateTab={onNavigateTab} onUpdatePassport={passport=>setPassports(current=>current.map(item=>item.id===passport.id?passport:item))}/>;break;case '/scans':view=<ScansView scans={scans} clients={clients} assets={assets} passports={passports} role={role} onTriggerNewScan={scan=>setScans(current=>[scan,...current.filter(item=>item.id!==scan.id)].slice(0,100))}/>;break;case '/alerts':view=<AlertsView alerts={alerts} onAlertAction={performAlertAction}/>;break;case '/reports':view=<ReportsView clients={clients} passports={passports} scans={scans} alerts={alerts} findings={findings} role={role}/>;break;case '/trust-graph':view=<TrustGraphView clients={clients} passports={passports} assets={assets} findings={findings}/>;break;case '/clients':view=<ClientsView clients={clients} selectedClientId={selectedClientId} setSelectedClientId={setSelectedClientId} passports={passports} onNavigateTab={onNavigateTab} searchQuery=""/>;break;case '/vendors':view=<VendorsView vendors={vendors} searchQuery=""/>;break;case '/integrations':view=<IntegrationsView passports={passports} onNavigateTab={onNavigateTab}/>;break;case '/monitoring':view=<MonitoringView role={role}/>;break;case '/security':view=<SecurityCenterView clients={clients} passports={passports}/>;break;case '/compliance':view=<ComplianceView clients={clients} role={role}/>;break;case '/msp':view=<MSPCommandCenter verificationDecisions={verificationDecisions} verificationDetails={verificationDetails} clients={clients} alerts={alerts} findings={findings} role={role} onSelectClient={setSelectedClientId} onNavigate={navigate}/>;break;case '/agent-trust':view=<AgentTrustView/>;break;case '/ai-trust-center':view=<AITrustCenterView role={role}/>;break;case '/enterprise-readiness':view=<EnterpriseReadinessView clients={clients}/>;break;case '/investor':view=<InvestorHomeView passports={passports} clients={clients} alerts={alerts} onShowTelemetry={()=>navigate('/scans')} onNavigateTab={onNavigateTab}/>;break;case '/founder':view=<FounderDashboardView userRole={role}/>;break;case '/billing':view=<BillingView/>;break;case '/settings':view=<SettingsView theme={theme} onToggleTheme={()=>setTheme(current=>current==='dark'?'light':'dark')}/>;break;case '/team':view=<TeamView role={role}/>;break;case '/audit-log':view=<AuditLogView/>;break;case '/extensions':view=<ExtensionMarketplace onNavigateTab={onNavigateTab} role={role}/>;break;default:view=<WorkflowBoundary title="Workflow" description="This authenticated capability is explicitly routed through the Command Center. Choose its owning workflow from the left rail." onNavigate={navigate}/>}%0A+  return <CommandCenter path={path} userEmail={user.email} role={role} onNavigate={navigate} onSignOut={()=>void signOutUser()}>{view}</CommandCenter>;%0A+ }%0A+%0A%0A ❯ tests/self-service-workspace-contract.test.ts:87:17%0A%0A

::error file=/home/runner/work/software-passport-registry/software-passport-registry/tests/self-service-workspace-contract.test.ts,title=tests/self-service-workspace-contract.test.ts > self-service workspace creation contract > only provisions a verified identity from the client side too,line=99,column=17::AssertionError: expected 'import { useEffect, useMemo, useState…' to contain 'auth.currentUser?.emailVerified'%0A%0A- Expected%0A+ Received%0A%0A- auth.currentUser?.emailVerified%0A+ import { useEffect, useMemo, useState, type ReactNode } from 'react';%0A+ import { getRedirectResult, onAuthStateChanged, signOut, type User } from 'firebase/auth';%0A+ import type { Alert, Client, Integration, Scan, SoftwarePassport, Vendor } from './types';%0A+ import type { VerificationDecision } from './lib/verification/evaluateVerification.ts';%0A+ import { apiFetch } from './utils/apiClient';%0A+ import { auth } from './lib/firebase';%0A+ import CommandCenter from './components/CommandCenter';%0A+ import ExtensionWorkflow from './components/ExtensionWorkflow';%0A+ import ExtensionMarketplace from './components/ExtensionMarketplace';%0A+ import LoginView from './components/LoginView';%0A+ import EvidenceDashboardView from './components/EvidenceDashboardView';%0A+ import EvidenceExplorerView from './components/EvidenceExplorerView';%0A+ import AITrustCenterView from './components/AITrustCenterView';%0A+ import CoverageView from './components/CoverageView';%0A+ import AssetsView from './components/AssetsView';%0A+ import PassportsView from './components/PassportsView';%0A+ import ScansView from './components/ScansView';%0A+ import AlertsView from './components/AlertsView';%0A+ import ClientsView from './components/ClientsView';%0A+ import VendorsView from './components/VendorsView';%0A+ import IntegrationsView from './components/IntegrationsView';%0A+ import BillingView from './components/BillingView';%0A+ import ComplianceView from './components/ComplianceView';%0A+ import AgentTrustView from './components/AgentTrustView';%0A+ import EnterpriseReadinessView from './components/EnterpriseReadinessView';%0A+ import FounderDashboardView from './components/FounderDashboardView';%0A+ import InvestorHomeView from './components/InvestorHomeView';%0A+ import SettingsView from './components/SettingsView';%0A+ import TeamView from './components/TeamView';%0A+ import AuditLogView from './components/AuditLogView';%0A+ import MonitoringView from './components/MonitoringView';%0A+ import SecurityCenterView from './components/SecurityCenterView';%0A+ import MSPCommandCenter from './components/MSPCommandCenter';%0A+ import ReportsView from './components/ReportsView';%0A+ import TrustGraphView from './components/TrustGraphView';%0A+ import { EXTENSIONS } from './workflows/extensionRegistry';%0A+ const PUBLIC_PATHS = new Set(['/','/login','/free-review','/pricing']);%0A+ const EMPTY_CLIENTS: Client[] = []; const EMPTY_PASSPORTS: SoftwarePassport[] = []; const EMPTY_VENDORS: Vendor[] = []; const EMPTY_INTEGRATIONS: Integration[] = []; const EMPTY_SCANS: Scan[] = []; const EMPTY_ALERTS: Alert[] = [];%0A+ function deriveAlertStatus(remediationStatus: string | null | undefined, findingStatus: string | null | undefined): Alert['status'] { switch (remediationStatus) { case 'IN_PROGRESS': case 'READY_FOR_VERIFICATION': return 'Acknowledged'; case 'BLOCKED': return 'Snoozed'; case 'VERIFIED': case 'CLOSED': return 'Resolved'; case 'CANCELLED': return 'Cancelled'; case 'OPEN': return 'Active'; default: return String(findingStatus || '').toLowerCase() === 'resolved' ? 'Resolved' : 'Active'; } }%0A+ function navigate(path: string) { window.history.pushState({}, '', path); window.dispatchEvent(new PopStateEvent('popstate')); }%0A+ function usePath() { const [path, setPath] = useState(() => window.location.pathname || '/'); useEffect(() => { const update = () => setPath(window.location.pathname || '/'); window.addEventListener('popstate', update); return () => window.removeEventListener('popstate', update); }, []); return path; }%0A+ function AuthLoading() { return <div className="grid min-h-screen place-items-center bg-[#faf9f8] text-[#201f1e]"><div className="text-center"><div className="mx-auto grid h-10 w-10 place-items-center rounded bg-[#0f6cbd] text-xs font-bold text-white">S</div><div className="mt-4 text-[11px] font-semibold uppercase tracking-wide text-[#605e5c]">Securing workspace</div><div className="mt-1 text-[12px] text-[#8a8886]">Checking authenticated session…</div></div></div>; }%0A+ function CoverPage() { return <div className="min-h-screen bg-[#faf9f8] text-[#201f1e]"><div className="mx-auto flex min-h-screen max-w-5xl items-center px-6 py-16"><div className="max-w-3xl"><div className="mb-5 inline-flex items-center gap-1.5 rounded border border-[#e1dfdd] bg-white px-2.5 py-1 text-[11px] font-semibold uppercase tracking-wide text-[#605e5c]">Evidence-first software trust</div><h1 className="text-[28px] font-semibold tracking-tight md:text-[34px]">Software trust, operated as a system.</h1><p className="mt-4 max-w-2xl text-[14px] leading-6 text-[#605e5c]">Software Passport Registry turns software identity, security, provenance, reliability, compliance, and evidence into repeatable workflows for teams, buyers, and managed service providers.</p><div className="mt-6 flex flex-wrap gap-2"><button onClick={() => navigate('/login')} className="h-9 rounded bg-[#0f6cbd] px-4 text-[13px] font-semibold text-white hover:bg-[#004578]">Enter SPR</button><button onClick={() => navigate('/free-review')} className="h-9 rounded border border-[#c8c6c4] bg-white px-4 text-[13px] font-medium text-[#323130] hover:bg-black/[.03]">Free review</button></div></div></div></div>; }%0A+ function PublicPage({ title, description, action, onAction }: { title: string; description: string; action: string; onAction: () => void }) { return <div className="grid min-h-screen place-items-center bg-[#faf9f8] px-6 text-[#201f1e]"><div className="max-w-md rounded-md border border-[#e1dfdd] bg-white p-6 text-center"><div className="text-[11px] font-semibold uppercase tracking-wide text-[#605e5c]">Software Passport Registry</div><h1 className="mt-2 text-[20px] font-semibold">{title}</h1><p className="mt-2 text-[13px] leading-5 text-[#605e5c]">{description}</p><button onClick={onAction} className="mt-5 h-9 rounded bg-[#0f6cbd] px-4 text-[13px] font-semibold text-white hover:bg-[#004578]">{action}</button></div></div>; }%0A+ function WorkflowBoundary({ title, description, extensionId, onNavigate }: { title: string; description: string; extensionId?: string; onNavigate: (path: string) => void }) { const extension = extensionId ? EXTENSIONS.find((item) => item.id === extensionId) : undefined; return <section><div className="rounded-md border border-[#e1dfdd] bg-white p-5"><div className="text-[11px] font-semibold uppercase tracking-wide text-[#605e5c]">Workflow boundary</div><h1 className="mt-1.5 text-[20px] font-semibold tracking-tight">{title}</h1><p className="mt-2 max-w-2xl text-[13px] leading-5 text-[#605e5c]">{description}</p>{extension && <button onClick={() => onNavigate(extension.entryPath)} className="mt-4 h-8 rounded bg-[#0f6cbd] px-3 text-[12px] font-semibold text-white hover:bg-[#004578]">Open {extension.name} →</button>}</div></section>; }%0A+ export default function App() {%0A+  const path=usePath(); const [authReady,setAuthReady]=useState(false); const [user,setUser]=useState<User|null>(null); const [role,setRole]=useState('Viewer'); const [selectedClientId,setSelectedClientId]=useState(''); const [selectedPassportId,setSelectedPassportId]=useState<string|null>(null); const [assets,setAssets]=useState<any[]>([]); const [clients,setClients]=useState<Client[]>(EMPTY_CLIENTS); const [passports,setPassports]=useState<SoftwarePassport[]>(EMPTY_PASSPORTS); const [vendors,setVendors]=useState<Vendor[]>(EMPTY_VENDORS); const [alerts,setAlerts]=useState<Alert[]>(EMPTY_ALERTS); const [findings,setFindings]=useState<unknown[]>([]); const [scans,setScans]=useState<Scan[]>(EMPTY_SCANS); const [integrations,setIntegrations]=useState<Integration[]>(EMPTY_INTEGRATIONS); const [theme,setTheme]=useState<'light'|'dark'>('dark'); const [verificationDecisions,setVerificationDecisions]=useState<Record<string,VerificationDecision>>({}); const [verificationDetails,setVerificationDetails]=useState<Record<string,unknown>>({});%0A+  useEffect(()=>{let mounted=true;let redirectSettled=false;let observedUser:User|null=null;const timeoutId=window.setTimeout(()=>{if(mounted)setAuthReady(true)},10000);const unsubscribe=onAuthStateChanged(auth,(currentUser)=>{if(!mounted)return;observedUser=currentUser;if(!redirectSettled)return;setUser(currentUser);setAuthReady(true);window.clearTimeout(timeoutId)},()=>{if(mounted){setAuthReady(true);window.clearTimeout(timeoutId)}});void getRedirectResult(auth).then(result=>{redirectSettled=true;if(mounted)setUser(result?.user||observedUser);if(mounted)setAuthReady(true);window.clearTimeout(timeoutId)}).catch(error=>{redirectSettled=true;console.error('[Firebase redirect sign-in error]',error);if(mounted)setUser(observedUser);if(mounted)setAuthReady(true);window.clearTimeout(timeoutId)});return()=>{mounted=false;window.clearTimeout(timeoutId);unsubscribe()}},[]);%0A+  useEffect(()=>{if(authReady&&!user&&!PUBLIC_PATHS.has(path))navigate('/login')},[authReady,user,path]);%0A+  useEffect(()=>{if(!user)return;let cancelled=false;const load=async()=>{const responses=await Promise.all([apiFetch('/api/user/me'),apiFetch('/api/scans'),apiFetch('/api/trust-loop/findings'),apiFetch('/api/user/passports'),apiFetch('/api/user/clients'),apiFetch('/api/integrations'),apiFetch('/api/user/verification')]);if(responses.some(r=>r.status===401)){await signOut(auth);navigate('/login');return}const [me,scansResponse,findingsResponse,passportsResponse,clientsResponse,integrationsResponse,verificationResponse]=responses;if(verificationResponse.ok){const data=await verificationResponse.json().catch(()=>null);if(!cancelled){setVerificationDecisions(data?.verificationDecisions&&typeof data.verificationDecisions==='object'?data.verificationDecisions:{});setVerificationDetails(data?.verificationDetails&&typeof data.verificationDetails==='object'?data.verificationDetails:{})}}else if(!cancelled){setVerificationDecisions({});setVerificationDetails({})}if(me.ok){const data=await me.json().catch(()=>null);if(!cancelled)setRole(String(data?.role||'Viewer'))}if(scansResponse.ok){const data=await scansResponse.json().catch(()=>[]);if(!cancelled&&Array.isArray(data))setScans(data)}if(findingsResponse.ok){const data=await findingsResponse.json().catch(()=>[]);const rows=Array.isArray(data)?data:data?.findings;if(!cancelled&&Array.isArray(rows)){setFindings(rows);setAlerts(rows.map((row:any)=>({id:String(row.id),title:String(row.title||row.control_id||'Trust finding'),severity:String(row.severity||'Low').replace(/^./,(s:string)=>s.toUpperCase()),category:'Trust finding',clientName:String(row.client_id||'Tenant'),description:String(row.description||'Evidence-backed finding'),timestamp:String(row.updated_at||''),status:deriveAlertStatus(row.remediation_status,row.status),remediationId:row.remediation_id?String(row.remediation_id):null,ownerDisplay:row.remediation_owner_display||null,slaDueAt:row.remediation_sla_due_at||null})) as Alert[])}}if(passportsResponse.ok){const data=await passportsResponse.json().catch(()=>[]);const rows=Array.isArray(data)?data:data?.passports;if(!cancelled&&Array.isArray(rows)){const normalized=rows.map((row:any)=>({...row,id:String(row.id),name:String(row.name||'Unnamed software'),version:String(row.version||'unknown'),publisher:String(row.publisher||'unknown'),clientId:row.clientId?String(row.clientId):undefined,evidence:Array.isArray(row.evidence)?row.evidence:[],vulnerabilities:Array.isArray(row.vulnerabilities)?row.vulnerabilities:[],timeline:Array.isArray(row.timeline)?row.timeline:[],sbom:Array.isArray(row.sbom)?row.sbom:[],scores:null,scoreStatus:row.scoreStatus||'not_authoritatively_scored'})) as SoftwarePassport[];setPassports(normalized);setAssets(normalized.map((passport:any)=>({id:passport.id,name:passport.name,hostName:passport.name,type:passport.category||'software',clientId:passport.clientId,clientName:String(passport.clientId||'Unobserved'),environment:String(passport.environment||'Unobserved'),version:passport.version})));setVendors(EMPTY_VENDORS)}}if(clientsResponse.ok){const data=await clientsResponse.json().catch(()=>[]);const rows=Array.isArray(data)?data:data?.clients;if(!cancelled&&Array.isArray(rows))setClients(rows.map((row:any)=>({...row,id:String(row.id),name:String(row.name||row.company_name||'Unnamed client')})) as Client[])}if(integrationsResponse.ok){const data=await integrationsResponse.json().catch(()=>[]);if(!cancelled&&Array.isArray(data))setIntegrations(data)}};void load().catch(error=>console.warn('[SPR command center load]',error));return()=>{cancelled=true}},[user]);%0A+  useEffect(()=>{const refresh=()=>{if(user)window.location.reload()};window.addEventListener('refresh-data',refresh);return()=>window.removeEventListener('refresh-data',refresh)},[user]);%0A+  const onNavigateTab=(target:string,itemId?:string)=>navigate(itemId?`${target.startsWith('/')?target:`/${target}`}/${encodeURIComponent(itemId)}`:target.startsWith('/')?target:`/${target}`); const quickAction=(action:'add-client'|'register-passport'|'scan-sbom')=>navigate(action==='add-client'?'/clients':action==='register-passport'?'/passports':'/scans');%0A+  const performAlertAction=async(alert:Alert,action:'acknowledge'|'assign'|'resolve'|'escalate'|'snooze'|'reopen',assigneeDisplay?:string)=>{let remediationId=alert.remediationId;if(!remediationId){const created=await apiFetch('/api/trust-loop/remediations',{method:'POST',headers:{'Content-Type':'application/json'},body:JSON.stringify({findingId:alert.id,title:alert.title,description:alert.description,priority:alert.severity.toUpperCase()})});if(!created.ok)return;const createdBody=await created.json().catch(()=>null);remediationId=createdBody?.id?String(createdBody.id):undefined;if(!remediationId)return}const patchBody:Record<string,unknown>={acknowledge:{status:'IN_PROGRESS'},resolve:{status:'CLOSED'},snooze:{status:'BLOCKED'},reopen:{status:'OPEN'},escalate:{status:'IN_PROGRESS',slaDueAt:new Date(Date.now()+4*3600*1000).toISOString()},assign:{status:'IN_PROGRESS',ownerDisplay:assigneeDisplay||''}}[action];const response=await apiFetch(`/api/trust-loop/remediations/${encodeURIComponent(remediationId)}`,{method:'PATCH',headers:{'Content-Type':'application/json'},body:JSON.stringify(patchBody)});if(!response.ok)return;const updated=await response.json().catch(()=>null);setAlerts(current=>current.map(item=>item.id===alert.id?{...item,remediationId,status:deriveAlertStatus(updated?.status??String(patchBody.status),null),ownerDisplay:updated?.owner_display??(patchBody.ownerDisplay as string|undefined)??item.ownerDisplay,slaDueAt:updated?.sla_due_at??(patchBody.slaDueAt as string|undefined)??item.slaDueAt}:item))};%0A+  const selectedExtension=useMemo(()=>{const match=path.match(/^\/extensions\/([^/]+)/);return match?decodeURIComponent(match[1]):null},[path]);const signOutUser=async()=>{await signOut(auth);navigate('/login')};%0A+  if(!authReady)return <AuthLoading/>;if(path==='/')return <CoverPage/>;if(path==='/login')return user?<AuthLoading/>:<LoginView onLoginSuccess={()=>navigate('/dashboard')}/>;if(!user&&path==='/free-review')return <PublicPage title="Free software review" description="Start an evidence-first review from the public entry point." action="Sign in to continue" onAction={()=>navigate('/login')}/>;if(!user&&path==='/pricing')return <PublicPage title="SPR plans" description="Account and billing capabilities are available inside the authenticated workspace." action="Enter SPR" onAction={()=>navigate('/login')}/>;if(!user)return <AuthLoading/>;%0A+  let view:ReactNode;if(selectedExtension)view=<ExtensionWorkflow id={selectedExtension} onNavigate={navigate}/>;else switch(path){case '/dashboard':view=<EvidenceDashboardView clients={clients} alerts={alerts} scans={scans} passports={passports} findings={findings} onNavigateTab={onNavigateTab} onOpenQuickAction={quickAction}/>;break;case '/coverage':view=<CoverageView clients={clients} scans={scans} passports={passports} onNavigateTab={onNavigateTab}/>;break;case '/evidence-explorer':view=<EvidenceExplorerView passports={passports}/>;break;case '/assets':view=<AssetsView clients={clients} searchQuery="" assets={assets}/>;break;case '/passports':case '/registry':view=<PassportsView verificationDecisions={verificationDecisions} verificationDetails={verificationDetails} passports={passports} selectedPassportId={selectedPassportId} setSelectedPassportId={setSelectedPassportId} searchQuery="" clients={clients} assets={assets} role={role} onNavigateTab={onNavigateTab} onUpdatePassport={passport=>setPassports(current=>current.map(item=>item.id===passport.id?passport:item))}/>;break;case '/scans':view=<ScansView scans={scans} clients={clients} assets={assets} passports={passports} role={role} onTriggerNewScan={scan=>setScans(current=>[scan,...current.filter(item=>item.id!==scan.id)].slice(0,100))}/>;break;case '/alerts':view=<AlertsView alerts={alerts} onAlertAction={performAlertAction}/>;break;case '/reports':view=<ReportsView clients={clients} passports={passports} scans={scans} alerts={alerts} findings={findings} role={role}/>;break;case '/trust-graph':view=<TrustGraphView clients={clients} passports={passports} assets={assets} findings={findings}/>;break;case '/clients':view=<ClientsView clients={clients} selectedClientId={selectedClientId} setSelectedClientId={setSelectedClientId} passports={passports} onNavigateTab={onNavigateTab} searchQuery=""/>;break;case '/vendors':view=<VendorsView vendors={vendors} searchQuery=""/>;break;case '/integrations':view=<IntegrationsView passports={passports} onNavigateTab={onNavigateTab}/>;break;case '/monitoring':view=<MonitoringView role={role}/>;break;case '/security':view=<SecurityCenterView clients={clients} passports={passports}/>;break;case '/compliance':view=<ComplianceView clients={clients} role={role}/>;break;case '/msp':view=<MSPCommandCenter verificationDecisions={verificationDecisions} verificationDetails={verificationDetails} clients={clients} alerts={alerts} findings={findings} role={role} onSelectClient={setSelectedClientId} onNavigate={navigate}/>;break;case '/agent-trust':view=<AgentTrustView/>;break;case '/ai-trust-center':view=<AITrustCenterView role={role}/>;break;case '/enterprise-readiness':view=<EnterpriseReadinessView clients={clients}/>;break;case '/investor':view=<InvestorHomeView passports={passports} clients={clients} alerts={alerts} onShowTelemetry={()=>navigate('/scans')} onNavigateTab={onNavigateTab}/>;break;case '/founder':view=<FounderDashboardView userRole={role}/>;break;case '/billing':view=<BillingView/>;break;case '/settings':view=<SettingsView theme={theme} onToggleTheme={()=>setTheme(current=>current==='dark'?'light':'dark')}/>;break;case '/team':view=<TeamView role={role}/>;break;case '/audit-log':view=<AuditLogView/>;break;case '/extensions':view=<ExtensionMarketplace onNavigateTab={onNavigateTab} role={role}/>;break;default:view=<WorkflowBoundary title="Workflow" description="This authenticated capability is explicitly routed through the Command Center. Choose its owning workflow from the left rail." onNavigate={navigate}/>}%0A+  return <CommandCenter path={path} userEmail={user.email} role={role} onNavigate={navigate} onSignOut={()=>void signOutUser()}>{view}</CommandCenter>;%0A+ }%0A+%0A%0A ❯ tests/self-service-workspace-contract.test.ts:99:17%0A%0A

::error file=/home/runner/work/software-passport-registry/software-passport-registry/tests/self-service-workspace-contract.test.ts,title=tests/self-service-workspace-contract.test.ts > self-service workspace creation contract > suppresses the 403 auto-sign-out while provisioning is in flight,line=110,column=19::AssertionError: expected -1 to be greater than -1%0A ❯ tests/self-service-workspace-contract.test.ts:110:19%0A%0A

::error file=/home/runner/work/software-passport-registry/software-passport-registry/tests/self-service-workspace-contract.test.ts,title=tests/self-service-workspace-contract.test.ts > self-service workspace creation contract > refreshes the ID token after provisioning so stale claims are not used,line=119,column=21::AssertionError: expected -1 to be greater than -1%0A ❯ tests/self-service-workspace-contract.test.ts:119:21%0A%0A

::error file=/home/runner/work/software-passport-registry/software-passport-registry/tests/seo-safety.test.ts,title=tests/seo-safety.test.ts > the public route set matches the application itself > every route the sitemap indexes is actually public in App.tsx,line=110,column=27::AssertionError: expected [ '/', '/login', '/free-review', …(1) ] to include '/passport/demo'%0A ❯ tests/seo-safety.test.ts:110:27%0A%0A

::error file=/home/runner/work/software-passport-registry/software-passport-registry/tests/seo-safety.test.ts,title=tests/seo-safety.test.ts > the public route set matches the application itself > /registry is an authenticated view%2C not a public one,line=118,column=17::AssertionError: expected 'import { useEffect, useMemo, useState…' to contain 'case \'/passports\': case \'/registry…'%0A%0A- Expected%0A+ Received%0A%0A- case '/passports': case '/registry':%0A+ import { useEffect, useMemo, useState, type ReactNode } from 'react';%0A+ import { getRedirectResult, onAuthStateChanged, signOut, type User } from 'firebase/auth';%0A+ import type { Alert, Client, Integration, Scan, SoftwarePassport, Vendor } from './types';%0A+ import type { VerificationDecision } from './lib/verification/evaluateVerification.ts';%0A+ import { apiFetch } from './utils/apiClient';%0A+ import { auth } from './lib/firebase';%0A+ import CommandCenter from './components/CommandCenter';%0A+ import ExtensionWorkflow from './components/ExtensionWorkflow';%0A+ import ExtensionMarketplace from './components/ExtensionMarketplace';%0A+ import LoginView from './components/LoginView';%0A+ import EvidenceDashboardView from './components/EvidenceDashboardView';%0A+ import EvidenceExplorerView from './components/EvidenceExplorerView';%0A+ import AITrustCenterView from './components/AITrustCenterView';%0A+ import CoverageView from './components/CoverageView';%0A+ import AssetsView from './components/AssetsView';%0A+ import PassportsView from './components/PassportsView';%0A+ import ScansView from './components/ScansView';%0A+ import AlertsView from './components/AlertsView';%0A+ import ClientsView from './components/ClientsView';%0A+ import VendorsView from './components/VendorsView';%0A+ import IntegrationsView from './components/IntegrationsView';%0A+ import BillingView from './components/BillingView';%0A+ import ComplianceView from './components/ComplianceView';%0A+ import AgentTrustView from './components/AgentTrustView';%0A+ import EnterpriseReadinessView from './components/EnterpriseReadinessView';%0A+ import FounderDashboardView from './components/FounderDashboardView';%0A+ import InvestorHomeView from './components/InvestorHomeView';%0A+ import SettingsView from './components/SettingsView';%0A+ import TeamView from './components/TeamView';%0A+ import AuditLogView from './components/AuditLogView';%0A+ import MonitoringView from './components/MonitoringView';%0A+ import SecurityCenterView from './components/SecurityCenterView';%0A+ import MSPCommandCenter from './components/MSPCommandCenter';%0A+ import ReportsView from './components/ReportsView';%0A+ import TrustGraphView from './components/TrustGraphView';%0A+ import { EXTENSIONS } from './workflows/extensionRegistry';%0A+ const PUBLIC_PATHS = new Set(['/','/login','/free-review','/pricing']);%0A+ const EMPTY_CLIENTS: Client[] = []; const EMPTY_PASSPORTS: SoftwarePassport[] = []; const EMPTY_VENDORS: Vendor[] = []; const EMPTY_INTEGRATIONS: Integration[] = []; const EMPTY_SCANS: Scan[] = []; const EMPTY_ALERTS: Alert[] = [];%0A+ function deriveAlertStatus(remediationStatus: string | null | undefined, findingStatus: string | null | undefined): Alert['status'] { switch (remediationStatus) { case 'IN_PROGRESS': case 'READY_FOR_VERIFICATION': return 'Acknowledged'; case 'BLOCKED': return 'Snoozed'; case 'VERIFIED': case 'CLOSED': return 'Resolved'; case 'CANCELLED': return 'Cancelled'; case 'OPEN': return 'Active'; default: return String(findingStatus || '').toLowerCase() === 'resolved' ? 'Resolved' : 'Active'; } }%0A+ function navigate(path: string) { window.history.pushState({}, '', path); window.dispatchEvent(new PopStateEvent('popstate')); }%0A+ function usePath() { const [path, setPath] = useState(() => window.location.pathname || '/'); useEffect(() => { const update = () => setPath(window.location.pathname || '/'); window.addEventListener('popstate', update); return () => window.removeEventListener('popstate', update); }, []); return path; }%0A+ function AuthLoading() { return <div className="grid min-h-screen place-items-center bg-[#faf9f8] text-[#201f1e]"><div className="text-center"><div className="mx-auto grid h-10 w-10 place-items-center rounded bg-[#0f6cbd] text-xs font-bold text-white">S</div><div className="mt-4 text-[11px] font-semibold uppercase tracking-wide text-[#605e5c]">Securing workspace</div><div className="mt-1 text-[12px] text-[#8a8886]">Checking authenticated session…</div></div></div>; }%0A+ function CoverPage() { return <div className="min-h-screen bg-[#faf9f8] text-[#201f1e]"><div className="mx-auto flex min-h-screen max-w-5xl items-center px-6 py-16"><div className="max-w-3xl"><div className="mb-5 inline-flex items-center gap-1.5 rounded border border-[#e1dfdd] bg-white px-2.5 py-1 text-[11px] font-semibold uppercase tracking-wide text-[#605e5c]">Evidence-first software trust</div><h1 className="text-[28px] font-semibold tracking-tight md:text-[34px]">Software trust, operated as a system.</h1><p className="mt-4 max-w-2xl text-[14px] leading-6 text-[#605e5c]">Software Passport Registry turns software identity, security, provenance, reliability, compliance, and evidence into repeatable workflows for teams, buyers, and managed service providers.</p><div className="mt-6 flex flex-wrap gap-2"><button onClick={() => navigate('/login')} className="h-9 rounded bg-[#0f6cbd] px-4 text-[13px] font-semibold text-white hover:bg-[#004578]">Enter SPR</button><button onClick={() => navigate('/free-review')} className="h-9 rounded border border-[#c8c6c4] bg-white px-4 text-[13px] font-medium text-[#323130] hover:bg-black/[.03]">Free review</button></div></div></div></div>; }%0A+ function PublicPage({ title, description, action, onAction }: { title: string; description: string; action: string; onAction: () => void }) { return <div className="grid min-h-screen place-items-center bg-[#faf9f8] px-6 text-[#201f1e]"><div className="max-w-md rounded-md border border-[#e1dfdd] bg-white p-6 text-center"><div className="text-[11px] font-semibold uppercase tracking-wide text-[#605e5c]">Software Passport Registry</div><h1 className="mt-2 text-[20px] font-semibold">{title}</h1><p className="mt-2 text-[13px] leading-5 text-[#605e5c]">{description}</p><button onClick={onAction} className="mt-5 h-9 rounded bg-[#0f6cbd] px-4 text-[13px] font-semibold text-white hover:bg-[#004578]">{action}</button></div></div>; }%0A+ function WorkflowBoundary({ title, description, extensionId, onNavigate }: { title: string; description: string; extensionId?: string; onNavigate: (path: string) => void }) { const extension = extensionId ? EXTENSIONS.find((item) => item.id === extensionId) : undefined; return <section><div className="rounded-md border border-[#e1dfdd] bg-white p-5"><div className="text-[11px] font-semibold uppercase tracking-wide text-[#605e5c]">Workflow boundary</div><h1 className="mt-1.5 text-[20px] font-semibold tracking-tight">{title}</h1><p className="mt-2 max-w-2xl text-[13px] leading-5 text-[#605e5c]">{description}</p>{extension && <button onClick={() => onNavigate(extension.entryPath)} className="mt-4 h-8 rounded bg-[#0f6cbd] px-3 text-[12px] font-semibold text-white hover:bg-[#004578]">Open {extension.name} →</button>}</div></section>; }%0A+ export default function App() {%0A+  const path=usePath(); const [authReady,setAuthReady]=useState(false); const [user,setUser]=useState<User|null>(null); const [role,setRole]=useState('Viewer'); const [selectedClientId,setSelectedClientId]=useState(''); const [selectedPassportId,setSelectedPassportId]=useState<string|null>(null); const [assets,setAssets]=useState<any[]>([]); const [clients,setClients]=useState<Client[]>(EMPTY_CLIENTS); const [passports,setPassports]=useState<SoftwarePassport[]>(EMPTY_PASSPORTS); const [vendors,setVendors]=useState<Vendor[]>(EMPTY_VENDORS); const [alerts,setAlerts]=useState<Alert[]>(EMPTY_ALERTS); const [findings,setFindings]=useState<unknown[]>([]); const [scans,setScans]=useState<Scan[]>(EMPTY_SCANS); const [integrations,setIntegrations]=useState<Integration[]>(EMPTY_INTEGRATIONS); const [theme,setTheme]=useState<'light'|'dark'>('dark'); const [verificationDecisions,setVerificationDecisions]=useState<Record<string,VerificationDecision>>({}); const [verificationDetails,setVerificationDetails]=useState<Record<string,unknown>>({});%0A+  useEffect(()=>{let mounted=true;let redirectSettled=false;let observedUser:User|null=null;const timeoutId=window.setTimeout(()=>{if(mounted)setAuthReady(true)},10000);const unsubscribe=onAuthStateChanged(auth,(currentUser)=>{if(!mounted)return;observedUser=currentUser;if(!redirectSettled)return;setUser(currentUser);setAuthReady(true);window.clearTimeout(timeoutId)},()=>{if(mounted){setAuthReady(true);window.clearTimeout(timeoutId)}});void getRedirectResult(auth).then(result=>{redirectSettled=true;if(mounted)setUser(result?.user||observedUser);if(mounted)setAuthReady(true);window.clearTimeout(timeoutId)}).catch(error=>{redirectSettled=true;console.error('[Firebase redirect sign-in error]',error);if(mounted)setUser(observedUser);if(mounted)setAuthReady(true);window.clearTimeout(timeoutId)});return()=>{mounted=false;window.clearTimeout(timeoutId);unsubscribe()}},[]);%0A+  useEffect(()=>{if(authReady&&!user&&!PUBLIC_PATHS.has(path))navigate('/login')},[authReady,user,path]);%0A+  useEffect(()=>{if(!user)return;let cancelled=false;const load=async()=>{const responses=await Promise.all([apiFetch('/api/user/me'),apiFetch('/api/scans'),apiFetch('/api/trust-loop/findings'),apiFetch('/api/user/passports'),apiFetch('/api/user/clients'),apiFetch('/api/integrations'),apiFetch('/api/user/verification')]);if(responses.some(r=>r.status===401)){await signOut(auth);navigate('/login');return}const [me,scansResponse,findingsResponse,passportsResponse,clientsResponse,integrationsResponse,verificationResponse]=responses;if(verificationResponse.ok){const data=await verificationResponse.json().catch(()=>null);if(!cancelled){setVerificationDecisions(data?.verificationDecisions&&typeof data.verificationDecisions==='object'?data.verificationDecisions:{});setVerificationDetails(data?.verificationDetails&&typeof data.verificationDetails==='object'?data.verificationDetails:{})}}else if(!cancelled){setVerificationDecisions({});setVerificationDetails({})}if(me.ok){const data=await me.json().catch(()=>null);if(!cancelled)setRole(String(data?.role||'Viewer'))}if(scansResponse.ok){const data=await scansResponse.json().catch(()=>[]);if(!cancelled&&Array.isArray(data))setScans(data)}if(findingsResponse.ok){const data=await findingsResponse.json().catch(()=>[]);const rows=Array.isArray(data)?data:data?.findings;if(!cancelled&&Array.isArray(rows)){setFindings(rows);setAlerts(rows.map((row:any)=>({id:String(row.id),title:String(row.title||row.control_id||'Trust finding'),severity:String(row.severity||'Low').replace(/^./,(s:string)=>s.toUpperCase()),category:'Trust finding',clientName:String(row.client_id||'Tenant'),description:String(row.description||'Evidence-backed finding'),timestamp:String(row.updated_at||''),status:deriveAlertStatus(row.remediation_status,row.status),remediationId:row.remediation_id?String(row.remediation_id):null,ownerDisplay:row.remediation_owner_display||null,slaDueAt:row.remediation_sla_due_at||null})) as Alert[])}}if(passportsResponse.ok){const data=await passportsResponse.json().catch(()=>[]);const rows=Array.isArray(data)?data:data?.passports;if(!cancelled&&Array.isArray(rows)){const normalized=rows.map((row:any)=>({...row,id:String(row.id),name:String(row.name||'Unnamed software'),version:String(row.version||'unknown'),publisher:String(row.publisher||'unknown'),clientId:row.clientId?String(row.clientId):undefined,evidence:Array.isArray(row.evidence)?row.evidence:[],vulnerabilities:Array.isArray(row.vulnerabilities)?row.vulnerabilities:[],timeline:Array.isArray(row.timeline)?row.timeline:[],sbom:Array.isArray(row.sbom)?row.sbom:[],scores:null,scoreStatus:row.scoreStatus||'not_authoritatively_scored'})) as SoftwarePassport[];setPassports(normalized);setAssets(normalized.map((passport:any)=>({id:passport.id,name:passport.name,hostName:passport.name,type:passport.category||'software',clientId:passport.clientId,clientName:String(passport.clientId||'Unobserved'),environment:String(passport.environment||'Unobserved'),version:passport.version})));setVendors(EMPTY_VENDORS)}}if(clientsResponse.ok){const data=await clientsResponse.json().catch(()=>[]);const rows=Array.isArray(data)?data:data?.clients;if(!cancelled&&Array.isArray(rows))setClients(rows.map((row:any)=>({...row,id:String(row.id),name:String(row.name||row.company_name||'Unnamed client')})) as Client[])}if(integrationsResponse.ok){const data=await integrationsResponse.json().catch(()=>[]);if(!cancelled&&Array.isArray(data))setIntegrations(data)}};void load().catch(error=>console.warn('[SPR command center load]',error));return()=>{cancelled=true}},[user]);%0A+  useEffect(()=>{const refresh=()=>{if(user)window.location.reload()};window.addEventListener('refresh-data',refresh);return()=>window.removeEventListener('refresh-data',refresh)},[user]);%0A+  const onNavigateTab=(target:string,itemId?:string)=>navigate(itemId?`${target.startsWith('/')?target:`/${target}`}/${encodeURIComponent(itemId)}`:target.startsWith('/')?target:`/${target}`); const quickAction=(action:'add-client'|'register-passport'|'scan-sbom')=>navigate(action==='add-client'?'/clients':action==='register-passport'?'/passports':'/scans');%0A+  const performAlertAction=async(alert:Alert,action:'acknowledge'|'assign'|'resolve'|'escalate'|'snooze'|'reopen',assigneeDisplay?:string)=>{let remediationId=alert.remediationId;if(!remediationId){const created=await apiFetch('/api/trust-loop/remediations',{method:'POST',headers:{'Content-Type':'application/json'},body:JSON.stringify({findingId:alert.id,title:alert.title,description:alert.description,priority:alert.severity.toUpperCase()})});if(!created.ok)return;const createdBody=await created.json().catch(()=>null);remediationId=createdBody?.id?String(createdBody.id):undefined;if(!remediationId)return}const patchBody:Record<string,unknown>={acknowledge:{status:'IN_PROGRESS'},resolve:{status:'CLOSED'},snooze:{status:'BLOCKED'},reopen:{status:'OPEN'},escalate:{status:'IN_PROGRESS',slaDueAt:new Date(Date.now()+4*3600*1000).toISOString()},assign:{status:'IN_PROGRESS',ownerDisplay:assigneeDisplay||''}}[action];const response=await apiFetch(`/api/trust-loop/remediations/${encodeURIComponent(remediationId)}`,{method:'PATCH',headers:{'Content-Type':'application/json'},body:JSON.stringify(patchBody)});if(!response.ok)return;const updated=await response.json().catch(()=>null);setAlerts(current=>current.map(item=>item.id===alert.id?{...item,remediationId,status:deriveAlertStatus(updated?.status??String(patchBody.status),null),ownerDisplay:updated?.owner_display??(patchBody.ownerDisplay as string|undefined)??item.ownerDisplay,slaDueAt:updated?.sla_due_at??(patchBody.slaDueAt as string|undefined)??item.slaDueAt}:item))};%0A+  const selectedExtension=useMemo(()=>{const match=path.match(/^\/extensions\/([^/]+)/);return match?decodeURIComponent(match[1]):null},[path]);const signOutUser=async()=>{await signOut(auth);navigate('/login')};%0A+  if(!authReady)return <AuthLoading/>;if(path==='/')return <CoverPage/>;if(path==='/login')return user?<AuthLoading/>:<LoginView onLoginSuccess={()=>navigate('/dashboard')}/>;if(!user&&path==='/free-review')return <PublicPage title="Free software review" description="Start an evidence-first review from the public entry point." action="Sign in to continue" onAction={()=>navigate('/login')}/>;if(!user&&path==='/pricing')return <PublicPage title="SPR plans" description="Account and billing capabilities are available inside the authenticated workspace." action="Enter SPR" onAction={()=>navigate('/login')}/>;if(!user)return <AuthLoading/>;%0A+  let view:ReactNode;if(selectedExtension)view=<ExtensionWorkflow id={selectedExtension} onNavigate={navigate}/>;else switch(path){case '/dashboard':view=<EvidenceDashboardView clients={clients} alerts={alerts} scans={scans} passports={passports} findings={findings} onNavigateTab={onNavigateTab} onOpenQuickAction={quickAction}/>;break;case '/coverage':view=<CoverageView clients={clients} scans={scans} passports={passports} onNavigateTab={onNavigateTab}/>;break;case '/evidence-explorer':view=<EvidenceExplorerView passports={passports}/>;break;case '/assets':view=<AssetsView clients={clients} searchQuery="" assets={assets}/>;break;case '/passports':case '/registry':view=<PassportsView verificationDecisions={verificationDecisions} verificationDetails={verificationDetails} passports={passports} selectedPassportId={selectedPassportId} setSelectedPassportId={setSelectedPassportId} searchQuery="" clients={clients} assets={assets} role={role} onNavigateTab={onNavigateTab} onUpdatePassport={passport=>setPassports(current=>current.map(item=>item.id===passport.id?passport:item))}/>;break;case '/scans':view=<ScansView scans={scans} clients={clients} assets={assets} passports={passports} role={role} onTriggerNewScan={scan=>setScans(current=>[scan,...current.filter(item=>item.id!==scan.id)].slice(0,100))}/>;break;case '/alerts':view=<AlertsView alerts={alerts} onAlertAction={performAlertAction}/>;break;case '/reports':view=<ReportsView clients={clients} passports={passports} scans={scans} alerts={alerts} findings={findings} role={role}/>;break;case '/trust-graph':view=<TrustGraphView clients={clients} passports={passports} assets={assets} findings={findings}/>;/* onSelectPassport={setSelectedPassportId} */break;case '/clients':view=<ClientsView clients={clients} selectedClientId={selectedClientId} setSelectedClientId={setSelectedClientId} passports={passports} onNavigateTab={onNavigateTab} searchQuery=""/>;break;case '/vendors':view=<VendorsView vendors={vendors} searchQuery=""/>;break;case '/integrations':view=<IntegrationsView passports={passports} onNavigateTab={onNavigateTab}/>;break;case '/monitoring':view=<MonitoringView role={role}/>;break;case '/security':view=<SecurityCenterView clients={clients} passports={passports}/>;break;case '/compliance':view=<ComplianceView clients={clients} role={role}/>;break;case '/msp':view=<MSPCommandCenter verificationDecisions={verificationDecisions} verificationDetails={verificationDetails} clients={clients} alerts={alerts} findings={findings} role={role} onSelectClient={setSelectedClientId} onNavigate={navigate}/>;break;case '/agent-trust':view=<AgentTrustView/>;break;case '/ai-trust-center':view=<AITrustCenterView role={role}/>;break;case '/enterprise-readiness':view=<EnterpriseReadinessView clients={clients}/>;break;case '/investor':view=<InvestorHomeView passports={passports} clients={clients} alerts={alerts} onShowTelemetry={()=>navigate('/scans')} onNavigateTab={onNavigateTab}/>;break;case '/founder':view=<FounderDashboardView userRole={role}/>;break;case '/billing':view=<BillingView/>;break;case '/settings':view=<SettingsView theme={theme} onToggleTheme={()=>setTheme(current=>current==='dark'?'light':'dark')}/>;break;case '/team':view=<TeamView role={role}/>;break;case '/audit-log':view=<AuditLogView/>;break;case '/extensions':view=<ExtensionMarketplace onNavigateTab={onNavigateTab} role={role}/>;break;default:view=<WorkflowBoundary title="Workflow" description="This authenticated capability is explicitly routed through the Command Center. Choose its owning workflow from the left rail." onNavigate={navigate}/>}%0A+  return <CommandCenter path={path} userEmail={user.email} role={role} onNavigate={navigate} onSignOut={()=>void signOutUser()}>{view}</CommandCenter>;%0A+ }%0A+%0A%0A ❯ tests/seo-safety.test.ts:118:17%0A%0A

::error file=/home/runner/work/software-passport-registry/software-passport-registry/tests/settings-guide-contract.test.ts,title=tests/settings-guide-contract.test.ts > Settings "Getting Started" guide stays honest about real gaps > is wired as a real tab%2C not dead markup,line=18,column=15::AssertionError: expected '/**\r\n * @license\r\n * SPDX-License…' to contain 'setActiveSubTab(\'guide\')'%0A%0A- Expected%0A+ Received%0A%0A- setActiveSubTab('guide')%0A+ /**%0D%0A+  * @license%0D%0A+  * SPDX-License-Identifier: Apache-2.0%0D%0A+  */%0D%0A+ %0D%0A+ import React, { useState, useEffect, useMemo } from 'react';%0D%0A+ import {%0D%0A+   Settings, Shield, Sliders, KeyRound, Bell, HelpCircle, CheckCircle,%0D%0A+   Sun, Moon, RefreshCw, Trash2, Fingerprint, Lock, FileText, Globe, FileCode,%0D%0A+   BookOpen, Search, Sparkles, PlusCircle, AlertTriangle, Play, ChevronRight, Check,%0D%0A+   ExternalLink, Layers, Info, Filter, ShieldAlert, BadgeAlert, CheckCircle2, AlertCircle%0D%0A+ } from 'lucide-react';%0D%0A+ import { auth } from '../lib/firebase';%0D%0A+ import { apiFetch } from '../utils/apiClient';%0D%0A+ %0D%0A+ interface SettingsViewProps {%0D%0A+   theme: 'light' | 'dark';%0D%0A+   onToggleTheme: () => void;%0D%0A+ }%0D%0A+ %0D%0A+ export default function SettingsView({ theme, onToggleTheme }: SettingsViewProps) {%0D%0A+   const [activeSubTab, setActiveSubTab] = useState<'configurations' | 'bible' | 'organization'>('configurations');%0D%0A+   const [mfaEnabled, setMfaEnabled] = useState(true);%0D%0A+   const [slaTarget, setSlaTarget] = useState(85);%0D%0A+   const [saveSuccess, setSaveSuccess] = useState(false);%0D%0A+   const [offboarding, setOffboarding] = useState(false);%0D%0A+   const [testing, setTesting] = useState(false);%0D%0A+   const [testResults, setTestResults] = useState<any[]>([]);%0D%0A+ %0D%0A+   // Profile & Org/Team States%0D%0A+   const [profile, setProfile] = useState<any>(null);%0D%0A+   const [teamMembers, setTeamMembers] = useState<any[]>([]);%0D%0A+   const [inviteEmail, setInviteEmail] = useState('');%0D%0A+   const [inviteRole, setInviteRole] = useState('Technician');%0D%0A+   const [editingProfile, setEditingProfile] = useState(false);%0D%0A+   const [profileName, setProfileName] = useState('');%0D%0A+   const [profileJobTitle, setProfileJobTitle] = useState('');%0D%0A+   const [profileCompany, setProfileCompany] = useState('');%0D%0A+   const [loadingTeam, setLoadingTeam] = useState(false);%0D%0A+   const [teamError, setTeamError] = useState<string | null>(null);%0D%0A+   const [teamSuccess, setTeamSuccess] = useState<string | null>(null);%0D%0A+ %0D%0A+   // profile is fetched from /api/user/me, which already returns the caller's%0D%0A+   // role — derive gating from it directly rather than requiring a separate%0D%0A+   // prop. Matches backend enforcement exactly: POST /api/tenant/offboard is%0D%0A+   // requireRole('Owner'); team invite/role-change/remove are requireRole%0D%0A+   // (['Owner','Admin']) (auth.ts).%0D%0A+   const currentRole: string = profile?.role || 'Viewer';%0D%0A+   const isOwner = currentRole === 'Owner';%0D%0A+   const canManageTeam = isOwner || currentRole === 'Admin';%0D%0A+ %0D%0A+   const fetchProfileAndTeam = async () => {%0D%0A+     setLoadingTeam(true);%0D%0A+     try {%0D%0A+       // 1. Fetch user profile%0D%0A+       const profRes = await apiFetch('/api/user/me');%0D%0A+       if (profRes.ok) {%0D%0A+         const profData = await profRes.json();%0D%0A+         setProfile(profData);%0D%0A+         setProfileName(profData.displayName || '');%0D%0A+         setProfileJobTitle(profData.roleTitle || '');%0D%0A+         setProfileCompany(profData.companyName || '');%0D%0A+       }%0D%0A+ %0D%0A+       // 2. Fetch team members%0D%0A+       const teamRes = await apiFetch('/api/organization/team');%0D%0A+       if (teamRes.ok) {%0D%0A+         const teamData = await teamRes.json();%0D%0A+         setTeamMembers(teamData);%0D%0A+       }%0D%0A+     } catch (err) {%0D%0A+       console.error('Error fetching profile or organization team:', err);%0D%0A+     } finally {%0D%0A+       setLoadingTeam(false);%0D%0A+     }%0D%0A+   };%0D%0A+ %0D%0A+   const handleInviteMember = async (e: React.FormEvent) => {%0D%0A+     e.preventDefault();%0D%0A+     if (!inviteEmail || !canManageTeam) return;%0D%0A+     setTeamError(null);%0D%0A+     setTeamSuccess(null);%0D%0A+     try {%0D%0A+       const res = await apiFetch('/api/organization/invite', {%0D%0A+         method: 'POST',%0D%0A+         headers: { 'Content-Type': 'application/json' },%0D%0A+         body: JSON.stringify({ email: inviteEmail, role: inviteRole })%0D%0A+       });%0D%0A+       if (res.ok) {%0D%0A+         setTeamSuccess(`Successfully sent security invitation to ${inviteEmail}`);%0D%0A+         setInviteEmail('');%0D%0A+         fetchProfileAndTeam();%0D%0A+       } else {%0D%0A+         const errData = await res.json();%0D%0A+         setTeamError(errData.message || 'Failed to send workspace invitation.');%0D%0A+       }%0D%0A+     } catch (err) {%0D%0A+       setTeamError('Network error while dispatching invitation.');%0D%0A+     }%0D%0A+   };%0D%0A+ %0D%0A+   const handleUpdateMemberRole = async (userId: string, newRole: string) => {%0D%0A+     if (!canManageTeam) return;%0D%0A+     setTeamError(null);%0D%0A+     setTeamSuccess(null);%0D%0A+     try {%0D%0A+       const res = await apiFetch(`/api/organization/team/${userId}/role`, {%0D%0A+         method: 'PUT',%0D%0A+         headers: { 'Content-Type': 'application/json' },%0D%0A+         body: JSON.stringify({ role: newRole })%0D%0A+       });%0D%0A+       if (res.ok) {%0D%0A+         setTeamSuccess('Workspace member role updated successfully.');%0D%0A+         fetchProfileAndTeam();%0D%0A+       } else {%0D%0A+         const errData = await res.json();%0D%0A+         setTeamError(errData.message || 'Permission denied.');%0D%0A+       }%0D%0A+     } catch (err) {%0D%0A+       setTeamError('Failed to synchronize updated permission rules.');%0D%0A+     }%0D%0A+   };%0D%0A+ %0D%0A+   const handleRemoveMember = async (userId: string) => {%0D%0A+     if (!canManageTeam) return;%0D%0A+     const confirmed = window.confirm('Are you sure you want to revoke this user\'s workspace security credentials?');%0D%0A+     if (!confirmed) return;%0D%0A+     setTeamError(null);%0D%0A+     setTeamSuccess(null);%0D%0A+     try {%0D%0A+       const res = await apiFetch(`/api/organization/team/${userId}`, {%0D%0A+         method: 'DELETE'%0D%0A+       });%0D%0A+       if (res.ok) {%0D%0A+         setTeamSuccess('Revoked workspace access and terminated session keys.');%0D%0A+         fetchProfileAndTeam();%0D%0A+       } else {%0D%0A+         const errData = await res.json();%0D%0A+         setTeamError(errData.message || 'Rejection from database.');%0D%0A+       }%0D%0A+     } catch (err) {%0D%0A+       setTeamError('Failed to remove member.');%0D%0A+     }%0D%0A+   };%0D%0A+ %0D%0A+   const handleSaveProfile = async (e: React.FormEvent) => {%0D%0A+     e.preventDefault();%0D%0A+     setTeamError(null);%0D%0A+     setTeamSuccess(null);%0D%0A+     try {%0D%0A+       const res = await apiFetch('/api/user/profile', {%0D%0A+         method: 'PUT',%0D%0A+         headers: { 'Content-Type': 'application/json' },%0D%0A+         body: JSON.stringify({%0D%0A+           displayName: profileName,%0D%0A+           roleTitle: profileJobTitle,%0D%0A+           companyName: profileCompany%0D%0A+         })%0D%0A+       });%0D%0A+       if (res.ok) {%0D%0A+         setTeamSuccess('User profile details updated successfully.');%0D%0A+         setEditingProfile(false);%0D%0A+         fetchProfileAndTeam();%0D%0A+       } else {%0D%0A+         const errData = await res.json();%0D%0A+         setTeamError(errData.message || 'Failed to save details.');%0D%0A+       }%0D%0A+     } catch (err) {%0D%0A+       setTeamError('Failed to save profile changes.');%0D%0A+     }%0D%0A+   };%0D%0A+ %0D%0A+   // Product Bible list%0D%0A+   const [bibleProducts, setBibleProducts] = useState<any[]>([%0D%0A+     {%0D%0A+       id: 'pb-nginx',%0D%0A+       name: 'Nginx Web Server',%0D%0A+       type: 'Web Infrastructure / Proxy',%0D%0A+       baselineSecureVersion: '1.24.0',%0D%0A+       allowedLicenses: ['BSD-2-Clause', 'MIT', 'Apache-2.0'],%0D%0A+       disallowedLicenses: ['GPL-3.0-only', 'AGPL-3.0-only'],%0D%0A+       riskTier: 'Low',%0D%0A+       complianceTarget: 'SOC 2 CC6.1 / NIST SP 800-53',%0D%0A+       safeguardPolicy: 'Enforce TLS 1.3 only, disable cleartext HTTP ports, and prune default Server header metadata.'%0D%0A+     },%0D%0A+     {%0D%0A+       id: 'pb-postgres',%0D%0A+       name: 'PostgreSQL Relational Engine',%0D%0A+       type: 'Database Systems',%0D%0A+       baselineSecureVersion: '15.4',%0D%0A+       allowedLicenses: ['PostgreSQL', 'MIT', 'Apache-2.0'],%0D%0A+       disallowedLicenses: ['AGPL-3.0-only', 'GPL-3.0-only'],%0D%0A+       riskTier: 'Low',%0D%0A+       complianceTarget: 'NIST SP 800-171 / HIPAA Sec. 164',%0D%0A+       safeguardPolicy: 'Enable row-level security (RLS), mandate pgcrypto encryption for columns, and bind exclusively to localized subnets.'%0D%0A+     },%0D%0A+     {%0D%0A+       id: 'pb-redis',%0D%0A+       name: 'Redis In-Memory Key-Value Cache',%0D%0A+       type: 'Cache Systems',%0D%0A+       baselineSecureVersion: '7.0.12',%0D%0A+       allowedLicenses: ['BSD-3-Clause', 'MIT'],%0D%0A+       disallowedLicenses: ['SSPL-1.0', 'AGPL-3.0-only'],%0D%0A+       riskTier: 'Medium',%0D%0A+       complianceTarget: 'PCI-DSS v4.0 Req 2 & 3',%0D%0A+       safeguardPolicy: 'Disable custom dangerous admin commands (CONFIG, FLUSHALL), set authentication passwords, and restrict container loopbacks.'%0D%0A+     },%0D%0A+     {%0D%0A+       id: 'pb-log4j',%0D%0A+       name: 'Apache Log4j Core Logging',%0D%0A+       type: 'Open Source Logging Framework',%0D%0A+       baselineSecureVersion: '2.17.1',%0D%0A+       allowedLicenses: ['Apache-2.0'],%0D%0A+       disallowedLicenses: ['GPL-3.0-only', 'AGPL-3.0-only'],%0D%0A+       riskTier: 'High',%0D%0A+       complianceTarget: 'CISA KEV Mitigation Directive',%0D%0A+       safeguardPolicy: 'Ensure strict lookup disabling (formatMsgNoLookups=true) and remove JMSAppender class files from all builds to neutralize JNDI execution risks.'%0D%0A+     },%0D%0A+     {%0D%0A+       id: 'pb-docker',%0D%0A+       name: 'Docker Container base environment',%0D%0A+       type: 'Container Foundations',%0D%0A+       baselineSecureVersion: '24.0.5',%0D%0A+       allowedLicenses: ['Apache-2.0', 'MIT'],%0D%0A+       disallowedLicenses: ['GPL-3.0-only', 'AGPL-3.0-only'],%0D%0A+       riskTier: 'Low',%0D%0A+       complianceTarget: 'CIS Docker Benchmarks v1.6',%0D%0A+       safeguardPolicy: 'Run containers with non-root privileges, specify readonly root filesystems, and strip all unneeded kernel capabilities (SYS_ADMIN).'%0D%0A+     }%0D%0A+   ]);%0D%0A+ %0D%0A+   // Search/Filter state for Product Bible%0D%0A+   const [bibleSearchQuery, setBibleSearchQuery] = useState('');%0D%0A+   const [bibleFilterRisk, setBibleFilterRisk] = useState('all');%0D%0A+   const [selectedBibleProductId, setSelectedBibleProductId] = useState<string>('pb-nginx');%0D%0A+ %0D%0A+   // New Bible Product form fields%0D%0A+   const [showAddBibleProduct, setShowAddBibleProduct] = useState(false);%0D%0A+   const [newBpName, setNewBpName] = useState('');%0D%0A+   const [newBpType, setNewBpType] = useState('Web Infrastructure / Proxy');%0D%0A+   const [newBpVersion, setNewBpVersion] = useState('');%0D%0A+   const [newBpAllowedLics, setNewBpAllowedLics] = useState('MIT, Apache-2.0, BSD-3-Clause');%0D%0A+   const [newBpDisallowedLics, setNewBpDisallowedLics] = useState('GPL-3.0-only, AGPL-3.0-only');%0D%0A+   const [newBpRisk, setNewBpRisk] = useState<'Low' | 'Medium' | 'High'>('Low');%0D%0A+   const [newBpCompliance, setNewBpCompliance] = useState('');%0D%0A+   const [newBpSafeguard, setNewBpSafeguard] = useState('');%0D%0A+ %0D%0A+   // Sandbox Auditor states%0D%0A+   const [sandboxProduct, setSandboxProduct] = useState('Nginx Web Server');%0D%0A+   const [sandboxCustomName, setSandboxCustomName] = useState('');%0D%0A+   const [sandboxVersion, setSandboxVersion] = useState('1.25.1');%0D%0A+   const [sandboxLicense, setSandboxLicense] = useState('MIT');%0D%0A+   const [sandboxEnv, setSandboxEnv] = useState('Production');%0D%0A+   const [sandboxReport, setSandboxReport] = useState<any | null>(null);%0D%0A+ %0D%0A+   // Multi-tenant Active Sessions, SSO and Cryptographic audit state%0D%0A+   const [sessions, setSessions] = useState<any[]>([]);%0D%0A+   const [history, setHistory] = useState<any[]>([]);%0D%0A+   const [auditChain, setAuditChain] = useState<any[]>([]);%0D%0A+   const [loadingLedgers, setLoadingLedgers] = useState(false);%0D%0A+   const [verifyingLedger, setVerifyingLedger] = useState(false);%0D%0A+   const [verificationResult, setVerificationResult] = useState<any | null>(null);%0D%0A+ %0D%0A+   // SAML SSO Form settings%0D%0A+   const [ssoEnabled, setSsoEnabled] = useState(true);%0D%0A+   const [ssoProvider, setSsoProvider] = useState('Okta Enterprise IdP');%0D%0A+   const [ssoMetadataUrl, setSsoMetadataUrl] = useState('https://idp.okta.com/app/exk810/sso/saml/metadata');%0D%0A+   const [ssoClientId, setSsoClientId] = useState('spr_msp_okta_prod_01');%0D%0A+ %0D%0A+   const handleVerifyLedger = async () => {%0D%0A+     setVerifyingLedger(true);%0D%0A+     setVerificationResult(null);%0D%0A+     try {%0D%0A+       const res = await apiFetch('/api/auth/audit-chain/verify');%0D%0A+       if (res.ok) {%0D%0A+         const data = await res.json();%0D%0A+         setVerificationResult(data);%0D%0A+       } else {%0D%0A+         setVerificationResult({%0D%0A+           isValid: false,%0D%0A+           error: 'Verification request returned a server exception.'%0D%0A+         });%0D%0A+       }%0D%0A+     } catch (err: any) {%0D%0A+       setVerificationResult({%0D%0A+         isValid: false,%0D%0A+         error: err?.message || 'Network connection timeout.'%0D%0A+       });%0D%0A+     } finally {%0D%0A+       setVerifyingLedger(false);%0D%0A+     }%0D%0A+   };%0D%0A+ %0D%0A+   const fetchAuthDataLedgers = async () => {%0D%0A+     setLoadingLedgers(true);%0D%0A+     try {%0D%0A+       const sessRes = await apiFetch('/api/auth/sessions');%0D%0A+       if (sessRes.ok) {%0D%0A+         const data = await sessRes.json();%0D%0A+         setSessions(data);%0D%0A+       }%0D%0A+ %0D%0A+       const histRes = await apiFetch('/api/auth/login-history');%0D%0A+       if (histRes.ok) {%0D%0A+         const data = await histRes.json();%0D%0A+         setHistory(data);%0D%0A+       }%0D%0A+ %0D%0A+       const chainRes = await apiFetch('/api/auth/audit-chain');%0D%0A+       if (chainRes.ok) {%0D%0A+         const data = await chainRes.json();%0D%0A+         setAuditChain(data);%0D%0A+       }%0D%0A+     } catch (err) {%0D%0A+       console.error('Error fetching identity and compliance data ledgers:', err);%0D%0A+     } finally {%0D%0A+       setLoadingLedgers(false);%0D%0A+     }%0D%0A+   };%0D%0A+ %0D%0A+   useEffect(() => {%0D%0A+     fetchAuthDataLedgers();%0D%0A+     fetchProfileAndTeam();%0D%0A+   }, []);%0D%0A+ %0D%0A+   const handleRevokeSession = async (sessionId: string) => {%0D%0A+     try {%0D%0A+       const res = await apiFetch('/api/auth/sessions/revoke', {%0D%0A+         method: 'POST',%0D%0A+         headers: { 'Content-Type': 'application/json' },%0D%0A+         body: JSON.stringify({ sessionId })%0D%0A+       });%0D%0A+       if (res.ok) {%0D%0A+         fetchAuthDataLedgers();%0D%0A+       } else {%0D%0A+         alert('Could not complete session revocation.');%0D%0A+       }%0D%0A+     } catch (err) {%0D%0A+       console.error('Error during session revocation:', err);%0D%0A+     }%0D%0A+   };%0D%0A+ %0D%0A+   // There is no test-runner endpoint in the backend (running the test suite%0D%0A+   // from an HTTP request would itself be a code-execution risk), and no%0D%0A+   // endpoint separately verifies RLS isolation, OAuth handshakes, or API%0D%0A+   // quota safety. This checks the one thing SPR can actually report on%0D%0A+   // itself: real database connectivity, via the existing /api/ready%0D%0A+   // readiness probe — the same one an orchestrator uses.%0D%0A+   const runDiagnosticSuite = async () => {%0D%0A+     setTesting(true);%0D%0A+     try {%0D%0A+       const res = await apiFetch('/api/ready');%0D%0A+       const data = await res.json().catch(() => ({}));%0D%0A+       const dbOk = Boolean(data?.checks?.database?.ok);%0D%0A+       setTestResults([%0D%0A+         { name: 'Database connectivity', status: dbOk ? 'PASS' : 'FAIL', details: dbOk ? `Responded in ${data.checks.database.latencyMs}ms` : data?.checks?.database?.error || 'Database unavailable' },%0D%0A+         { name: 'API reachability', status: 'PASS', details: `/api/ready responded HTTP ${res.status}` },%0D%0A+       ]);%0D%0A+     } catch (err) {%0D%0A+       console.error('Error running readiness check:', err);%0D%0A+       setTestResults([{ name: 'API reachability', status: 'FAIL', details: 'The readiness request itself failed' }]);%0D%0A+     } finally {%0D%0A+       setTesting(false);%0D%0A+     }%0D%0A+   };%0D%0A+ %0D%0A+   const handleOffboardTenant = async () => {%0D%0A+     if (!isOwner) { alert(`Your ${currentRole} role cannot offboard this workspace. Owner is required.`); return; }%0D%0A+     const confirmed = window.confirm(%0D%0A+       "CRITICAL SECURITY ALERT: Are you absolutely certain you want to offboard this tenant? This will cascade-delete all databases, software passports, compliance statuses, and credentials instantly from our PostgreSQL storage nodes. This action cannot be undone."%0D%0A+     );%0D%0A+     if (!confirmed) return;%0D%0A+ %0D%0A+     setOffboarding(true);%0D%0A+     try {%0D%0A+       const res = await apiFetch('/api/tenant/offboard', {%0D%0A+         method: 'POST',%0D%0A+       });%0D%0A+       if (res.ok) {%0D%0A+         alert("Offboarding complete. Your tenant profile and isolated workspaces have been purged from storage nodes.");%0D%0A+         localStorage.removeItem('msp_user');%0D%0A+         await auth.signOut().catch(() => {});%0D%0A+         window.location.reload();%0D%0A+       } else {%0D%0A+         const errorData = await res.json();%0D%0A+         alert(`Offboarding failed: ${errorData.error || 'Server error'}`);%0D%0A+       }%0D%0A+     } catch (err) {%0D%0A+       console.error('Failed to trigger tenant data offboarding:', err);%0D%0A+       alert('Network error while completing data purge.');%0D%0A+     } finally {%0D%0A+       setOffboarding(false);%0D%0A+     }%0D%0A+   };%0D%0A+ %0D%0A+   // No backend endpoint persists these fields (SLA target, MFA toggle, SSO%0D%0A+   // config, daily-scan cadence) — they are local component state only and%0D%0A+   // reset on reload/navigation. This used to show a "Portal configuration%0D%0A+   // updated!" success message that implied a real save; keep that claim%0D%0A+   // honest until real persistence exists rather than build a fake one.%0D%0A+   const handleSaveSettings = () => {%0D%0A+     setSaveSuccess(true);%0D%0A+     setTimeout(() => setSaveSuccess(false), 4000);%0D%0A+   };%0D%0A+ %0D%0A+   const activeBibleProduct = useMemo(() => {%0D%0A+     return bibleProducts.find(p => p.id === selectedBibleProductId) || bibleProducts[0];%0D%0A+   }, [bibleProducts, selectedBibleProductId]);%0D%0A+ %0D%0A+   const filteredBibleProducts = useMemo(() => {%0D%0A+     return bibleProducts.filter(bp => {%0D%0A+       const matchSearch = bp.name.toLowerCase().includes(bibleSearchQuery.toLowerCase()) ||%0D%0A+                           bp.type.toLowerCase().includes(bibleSearchQuery.toLowerCase()) ||%0D%0A+                           bp.complianceTarget.toLowerCase().includes(bibleSearchQuery.toLowerCase());%0D%0A+       const matchRisk = bibleFilterRisk === 'all' || bp.riskTier.toLowerCase() === bibleFilterRisk.toLowerCase();%0D%0A+       return matchSearch && matchRisk;%0D%0A+     });%0D%0A+   }, [bibleProducts, bibleSearchQuery, bibleFilterRisk]);%0D%0A+ %0D%0A+   const handleAddBibleProduct = (e: React.FormEvent) => {%0D%0A+     e.preventDefault();%0D%0A+     if (!newBpName || !newBpVersion) {%0D%0A+       alert('Please enter a product name and baseline secure version.');%0D%0A+       return;%0D%0A+     }%0D%0A+ %0D%0A+     const newProduct = {%0D%0A+       id: `pb-custom-${Date.now()}`,%0D%0A+       name: newBpName,%0D%0A+       type: newBpType,%0D%0A+       baselineSecureVersion: newBpVersion,%0D%0A+       allowedLicenses: newBpAllowedLics.split(',').map(s => s.trim()).filter(Boolean),%0D%0A+       disallowedLicenses: newBpDisallowedLics.split(',').map(s => s.trim()).filter(Boolean),%0D%0A+       riskTier: newBpRisk,%0D%0A+       complianceTarget: newBpCompliance || 'Standard Compliance Profile',%0D%0A+       safeguardPolicy: newBpSafeguard || 'Verify cryptographic signature and restrict host execution capabilities on staging.'%0D%0A+     };%0D%0A+ %0D%0A+     setBibleProducts(prev => [newProduct, ...prev]);%0D%0A+     setSelectedBibleProductId(newProduct.id);%0D%0A+     setShowAddBibleProduct(false);%0D%0A+ %0D%0A+     // Reset inputs%0D%0A+     setNewBpName('');%0D%0A+     setNewBpVersion('');%0D%0A+     setNewBpCompliance('');%0D%0A+     setNewBpSafeguard('');%0D%0A+   };%0D%0A+ %0D%0A+   const handleRunSandboxAudit = () => {%0D%0A+     let targetName = sandboxProduct;%0D%0A+     if (sandboxProduct === 'custom' && sandboxCustomName) {%0D%0A+       targetName = sandboxCustomName;%0D%0A+     }%0D%0A+ %0D%0A+     const matchedBp = bibleProducts.find(bp =>%0D%0A+       bp.name.toLowerCase() === targetName.toLowerCase() ||%0D%0A+       targetName.toLowerCase().includes(bp.name.toLowerCase())%0D%0A+     );%0D%0A+ %0D%0A+     let versionStatus: 'Compliant' | 'Warning' | 'Fail' = 'Compliant';%0D%0A+     let versionDetails = '';%0D%0A+ %0D%0A+     const inputVer = sandboxVersion.trim();%0D%0A+     if (!inputVer) {%0D%0A+       versionStatus = 'Warning';%0D%0A+       versionDetails = 'No version specified. Auditing engine cannot verify baseline standards.';%0D%0A+     } else if (matchedBp) {%0D%0A+       const baseline = matchedBp.baselineSecureVersion;%0D%0A+       const baselineNum = parseFloat(baseline.replace(/[^0-9.]/g, ''));%0D%0A+       const inputNum = parseFloat(inputVer.replace(/[^0-9.]/g, ''));%0D%0A+ %0D%0A+       if (!isNaN(baselineNum) && !isNaN(inputNum)) {%0D%0A+         if (inputNum < baselineNum) {%0D%0A+           versionStatus = 'Fail';%0D%0A+           versionDetails = `Ingested version v${inputVer} is older than the recommended secure baseline v${baseline}. Potential known CVE exposures exist!`;%0D%0A+         } else {%0D%0A+           versionStatus = 'Compliant';%0D%0A+           versionDetails = `Version v${inputVer} matches or exceeds secure baseline standards (v${baseline}).`;%0D%0A+         }%0D%0A+       } else {%0D%0A+         versionDetails = `Assumed compatible with baseline standards (Recommended baseline: v${baseline}).`;%0D%0A+       }%0D%0A+     } else {%0D%0A+       versionDetails = 'Unregistered custom software. Compliance baseline has not been defined in the Master Bible.';%0D%0A+     }%0D%0A+ %0D%0A+     let licenseStatus: 'Compliant' | 'Warning' | 'Fail' = 'Compliant';%0D%0A+     let licenseDetails = '';%0D%0A+ %0D%0A+     if (matchedBp) {%0D%0A+       const allowed = matchedBp.allowedLicenses.map((l: string) => l.toLowerCase());%0D%0A+       const disallowed = matchedBp.disallowedLicenses.map((l: string) => l.toLowerCase());%0D%0A+       const queryLic = sandboxLicense.trim().toLowerCase();%0D%0A+ %0D%0A+       if (disallowed.includes(queryLic)) {%0D%0A+         licenseStatus = 'Fail';%0D%0A+         licenseDetails = `License "${sandboxLicense}" is strictly prohibited for the enterprise by corporate policy. Refuse deployments.`;%0D%0A+       } else if (allowed.length > 0 && !allowed.includes(queryLic)) {%0D%0A+         licenseStatus = 'Warning';%0D%0A+         licenseDetails = `License "${sandboxLicense}" is not explicitly greenlisted in the Master Bible for ${matchedBp.name}. Legal review recommended.`;%0D%0A+       } else {%0D%0A+         licenseStatus = 'Compliant';%0D%0A+         licenseDetails = `License "${sandboxLicense}" matches greenlisted standards for this software class.`;%0D%0A+       }%0D%0A+     } else {%0D%0A+       const queryLic = sandboxLicense.trim().toLowerCase();%0D%0A+       if (['gpl-3.0', 'agpl-3.0', 'gpl-3.0-only', 'agpl-3.0-only', 'sspl-1.0'].includes(queryLic)) {%0D%0A+         licenseStatus = 'Fail';%0D%0A+         licenseDetails = `Copyleft license "${sandboxLicense}" detected. Deploying to commercial client clouds presents critical proprietary exposure risks.`;%0D%0A+       } else {%0D%0A+         licenseStatus = 'Compliant';%0D%0A+         licenseDetails = `License "${sandboxLicense}" is typical of standard permissible open-source software libraries.`;%0D%0A+       }%0D%0A+     }%0D%0A+ %0D%0A+     const complianceTarget = matchedBp ? matchedBp.complianceTarget : 'General NIST SP 800-53 Rev 5 / CIS Safeguards';%0D%0A+     const safeguardPolicy = matchedBp ? matchedBp.safeguardPolicy : 'Verify cryptographic signature (SLSA/Cosign), restrict container capabilities, and verify dependency CVE maps prior to operational staging.';%0D%0A+ %0D%0A+     let overallStatus: 'PASS' | 'WARN' | 'FAIL' = 'PASS';%0D%0A+     if (versionStatus === 'Fail' || licenseStatus === 'Fail') {%0D%0A+       overallStatus = 'FAIL';%0D%0A+     } else if (versionStatus === 'Warning' || licenseStatus === 'Warning') {%0D%0A+       overallStatus = 'WARN';%0D%0A+     }%0D%0A+ %0D%0A+     setSandboxReport({%0D%0A+       productName: targetName,%0D%0A+       version: inputVer || 'unknown',%0D%0A+       license: sandboxLicense,%0D%0A+       environment: sandboxEnv,%0D%0A+       overallStatus,%0D%0A+       versionStatus,%0D%0A+       versionDetails,%0D%0A+       licenseStatus,%0D%0A+       licenseDetails,%0D%0A+       complianceTarget,%0D%0A+       safeguardPolicy,%0D%0A+       timestamp: new Date().toISOString()%0D%0A+     });%0D%0A+   };%0D%0A+ %0D%0A+   return (%0D%0A+     <div className="space-y-4" id="msp-settings-view">%0D%0A+       {/* Page Header */}%0D%0A+       <div className="flex flex-col gap-3 sm:flex-row sm:items-center sm:justify-between">%0D%0A+         <div>%0D%0A+           <h1 className="text-[22px] font-semibold text-[#201f1e] flex items-center gap-2">%0D%0A+             <Settings className="h-4 w-4 text-[#0f6cbd]" />%0D%0A+             <span>Platform Settings & Compliance Bible</span>%0D%0A+           </h1>%0D%0A+           <p className="mt-1 text-[13px] text-[#605e5c]">%0D%0A+             Configure thresholds, SAML authentication gateways, operator sessions, and the master product security Bible.%0D%0A+           </p>%0D%0A+         </div>%0D%0A+ %0D%0A+         <button%0D%0A+           onClick={fetchAuthDataLedgers}%0D%0A+           disabled={loadingLedgers}%0D%0A+           className="inline-flex h-9 items-center gap-1.5 rounded border border-[#c8c6c4] px-3 text-[13px] font-medium text-[#323130] hover:bg-black/[.03] disabled:opacity-60"%0D%0A+         >%0D%0A+           <RefreshCw className={`h-3.5 w-3.5 ${loadingLedgers ? 'animate-spin' : ''}`} />%0D%0A+           <span>Sync Audits</span>%0D%0A+         </button>%0D%0A+       </div>%0D%0A+ %0D%0A+       {/* Sub-Tab Selector */}%0D%0A+       <div className="flex gap-1 border-b border-[#e1dfdd]">%0D%0A+         <button%0D%0A+           type="button"%0D%0A+           onClick={() => setActiveSubTab('configurations')}%0D%0A+           className={`flex items-center gap-1.5 px-3 py-2 text-[13px] font-medium border-b-2 -mb-px ${%0D%0A+             activeSubTab === 'configurations'%0D%0A+               ? 'border-[#0f6cbd] text-[#0f6cbd]'%0D%0A+               : 'border-transparent text-[#605e5c] hover:text-[#323130]'%0D%0A+           }`}%0D%0A+         >%0D%0A+           <Sliders className="h-3.5 w-3.5" />%0D%0A+           <span>Configurations</span>%0D%0A+         </button>%0D%0A+         <button%0D%0A+           type="button"%0D%0A+           onClick={() => setActiveSubTab('organization')}%0D%0A+           className={`flex items-center gap-1.5 px-3 py-2 text-[13px] font-medium border-b-2 -mb-px ${%0D%0A+             activeSubTab === 'organization'%0D%0A+               ? 'border-[#0f6cbd] text-[#0f6cbd]'%0D%0A+               : 'border-transparent text-[#605e5c] hover:text-[#323130]'%0D%0A+           }`}%0D%0A+         >%0D%0A+           <Layers className="h-3.5 w-3.5" />%0D%0A+           <span>Team & Profile</span>%0D%0A+         </button>%0D%0A+         <button%0D%0A+           type="button"%0D%0A+           onClick={() => setActiveSubTab('bible')}%0D%0A+           className={`flex items-center gap-1.5 px-3 py-2 text-[13px] font-medium border-b-2 -mb-px ${%0D%0A+             activeSubTab === 'bible'%0D%0A+               ? 'border-[#0f6cbd] text-[#0f6cbd]'%0D%0A+               : 'border-transparent text-[#605e5c] hover:text-[#323130]'%0D%0A+           }`}%0D%0A+         >%0D%0A+           <BookOpen className="h-3.5 w-3.5" />%0D%0A+           <span>Master Bible</span>%0D%0A+         </button>%0D%0A+       </div>%0D%0A+ %0D%0A+       {activeSubTab === 'configurations' ? (%0D%0A+         <div className="grid grid-cols-1 lg:grid-cols-3 gap-4">%0D%0A+           {/* Left Column: Core Preferences */}%0D%0A+           <div className="lg:col-span-2 space-y-4">%0D%0A+ %0D%0A+             <details className="rounded-md border border-[#e1dfdd] bg-[#faf9f8] text-[13px]">%0D%0A+               <summary className="cursor-pointer select-none px-3 py-2 font-medium text-[#323130]">What is this? &middot; How it works</summary>%0D%0A+               <div className="px-3 pb-3 text-[#605e5c]">%0D%0A+                 <p>Platform-wide thresholds, single sign-on, and session controls for this workspace.</p>%0D%0A+                 <ol className="mt-1.5 list-decimal space-y-0.5 pl-4">%0D%0A+                   <li>Set the trust score threshold that triggers alerts.</li>%0D%0A+                   <li>Configure the SAML identity provider your organization uses to sign in.</li>%0D%0A+                   <li>Review and revoke active operator sessions if needed.</li>%0D%0A+                 </ol>%0D%0A+               </div>%0D%0A+             </details>%0D%0A+ %0D%0A+             {/* General platform settings card */}%0D%0A+             <div className="rounded-md border border-[#e1dfdd] bg-white p-4 space-y-3">%0D%0A+               <h3 className="flex items-center gap-1.5 border-b border-[#e1dfdd] pb-2 text-[14px] font-semibold text-[#201f1e]">%0D%0A+                 <Sliders className="h-4 w-4 text-[#0f6cbd]" />%0D%0A+                 <span>General platform parameters</span>%0D%0A+               </h3>%0D%0A+ %0D%0A+               <div className="space-y-3 text-[13px]">%0D%0A+                 <div className="flex flex-col gap-1">%0D%0A+                   <label className="font-medium text-[#323130]">Audit trust SLA target threshold (score)</label>%0D%0A+                   <div className="flex items-center gap-2">%0D%0A+                     <input%0D%0A+                       type="range"%0D%0A+                       min="60"%0D%0A+                       max="98"%0D%0A+                       value={slaTarget}%0D%0A+                       onChange={(e) => setSlaTarget(Number(e.target.value))}%0D%0A+                       className="h-1.5 flex-1 cursor-pointer accent-[#0f6cbd]"%0D%0A+                     />%0D%0A+                     <span className="rounded border border-[#c8c6c4] bg-[#eff6fc] px-2 py-1 font-medium text-[#0f6cbd]">%0D%0A+                       {slaTarget}/100%0D%0A+                     </span>%0D%0A+                   </div>%0D%0A+                   <p className="text-[12px] text-[#605e5c]">Alerts are compiled if a software passport overall rating drops below this value.</p>%0D%0A+                 </div>%0D%0A+ %0D%0A+                 <div className="flex items-center justify-between gap-4 border-t border-[#e1dfdd] pt-3">%0D%0A+                   <div>%0D%0A+                     <span className="block font-medium text-[#323130]">Enable automated daily recalculation scans</span>%0D%0A+                     <p className="text-[12px] text-[#605e5c]">Automatically scan active client software inventory on CVE database updates.</p>%0D%0A+                   </div>%0D%0A+                   <input%0D%0A+                     type="checkbox"%0D%0A+                     defaultChecked%0D%0A+                     className="h-4 w-4 rounded border-[#c8c6c4] text-[#0f6cbd] focus:ring-[#0f6cbd]"%0D%0A+                   />%0D%0A+                 </div>%0D%0A+               </div>%0D%0A+             </div>%0D%0A+ %0D%0A+             {/* Theme & Interface Customization Card */}%0D%0A+             <div className="rounded-md border border-[#e1dfdd] bg-white p-4 space-y-3">%0D%0A+               <h3 className="flex items-center gap-1.5 border-b border-[#e1dfdd] pb-2 text-[14px] font-semibold text-[#201f1e]">%0D%0A+                 <Sun className="h-4 w-4 text-[#0f6cbd]" />%0D%0A+                 <span>Theme & interface</span>%0D%0A+               </h3>%0D%0A+ %0D%0A+               <div className="space-y-3 text-[13px]">%0D%0A+                 <div className="flex flex-col gap-1">%0D%0A+                   <span className="font-medium text-[#323130]">Active theme preference</span>%0D%0A+                   <p className="text-[12px] text-[#605e5c]">Choose between a light interface or a dark interface for operating centers.</p>%0D%0A+                 </div>%0D%0A+ %0D%0A+                 <div className="grid grid-cols-2 gap-2">%0D%0A+                   <button%0D%0A+                     type="button"%0D%0A+                     onClick={() => theme === 'dark' && onToggleTheme()}%0D%0A+                     className={`flex h-9 items-center justify-center gap-2 rounded border text-[13px] font-medium ${%0D%0A+                       theme === 'light'%0D%0A+                         ? 'border-[#0f6cbd] bg-[#eff6fc] text-[#0f6cbd]'%0D%0A+                         : 'border-[#c8c6c4] text-[#323130] hover:bg-black/[.03]'%0D%0A+                     }`}%0D%0A+                   >%0D%0A+                     <Sun className="h-3.5 w-3.5" />%0D%0A+                     <span>Light mode</span>%0D%0A+                   </button>%0D%0A+ %0D%0A+                   <button%0D%0A+                     type="button"%0D%0A+                     onClick={() => theme === 'light' && onToggleTheme()}%0D%0A+                     className={`flex h-9 items-center justify-center gap-2 rounded border text-[13px] font-medium ${%0D%0A+                       theme === 'dark'%0D%0A+                         ? 'border-[#0f6cbd] bg-[#eff6fc] text-[#0f6cbd]'%0D%0A+                         : 'border-[#c8c6c4] text-[#323130] hover:bg-black/[.03]'%0D%0A+                     }`}%0D%0A+                   >%0D%0A+                     <Moon className="h-3.5 w-3.5" />%0D%0A+                     <span>Dark mode</span>%0D%0A+                   </button>%0D%0A+                 </div>%0D%0A+               </div>%0D%0A+             </div>%0D%0A+ %0D%0A+             {/* SAML SSO Configuration Card */}%0D%0A+             <div className="rounded-md border border-[#e1dfdd] bg-white p-4 space-y-3">%0D%0A+               <h3 className="flex items-center gap-1.5 border-b border-[#e1dfdd] pb-2 text-[14px] font-semibold text-[#201f1e]">%0D%0A+                 <Globe className="h-4 w-4 text-[#0f6cbd]" />%0D%0A+                 <span>Enterprise SAML / SSO integration</span>%0D%0A+               </h3>%0D%0A+ %0D%0A+               <div className="space-y-3 text-[13px]">%0D%0A+                 <div className="flex items-center justify-between gap-4">%0D%0A+                   <div>%0D%0A+                     <span className="block font-medium text-[#323130]">SAML SSO access gate</span>%0D%0A+                     <p className="text-[12px] text-[#605e5c]">Redirect unauthenticated corporate domains to the unified identity provider (IdP).</p>%0D%0A+                   </div>%0D%0A+                   <button%0D%0A+                     onClick={() => setSsoEnabled(!ssoEnabled)}%0D%0A+                     className={`inline-flex h-8 items-center gap-1.5 rounded border px-2.5 text-[12px] font-medium ${%0D%0A+                       ssoEnabled ? 'border-[#c8c6c4] bg-[#dff6dd] text-[#0e700e]' : 'border-[#c8c6c4] bg-[#f3f2f1] text-[#605e5c]'%0D%0A+                     }`}%0D%0A+                   >%0D%0A+                     <span className={`h-1.5 w-1.5 rounded-full ${ssoEnabled ? 'bg-[#0e700e]' : 'bg-[#8a8886]'}`} />%0D%0A+                     {ssoEnabled ? 'SSO active' : 'SSO inactive'}%0D%0A+                   </button>%0D%0A+                 </div>%0D%0A+ %0D%0A+                 <div className="grid grid-cols-1 gap-3 border-t border-[#e1dfdd] pt-3 md:grid-cols-2">%0D%0A+                   <div>%0D%0A+                     <label className="mb-1 block text-[12px] font-medium text-[#605e5c]">Corporate identity provider</label>%0D%0A+                     <input%0D%0A+                       type="text"%0D%0A+                       value={ssoProvider}%0D%0A+                       onChange={(e) => setSsoProvider(e.target.value)}%0D%0A+                       className="h-9 w-full rounded border border-[#c8c6c4] px-2.5 text-[13px] focus:border-[#0f6cbd] focus:outline-none focus:ring-1 focus:ring-[#0f6cbd]"%0D%0A+                     />%0D%0A+                   </div>%0D%0A+                   <div>%0D%0A+                     <label className="mb-1 block text-[12px] font-medium text-[#605e5c]">Client ID / issuer URL</label>%0D%0A+                     <input%0D%0A+                       type="text"%0D%0A+                       value={ssoClientId}%0D%0A+                       onChange={(e) => setSsoClientId(e.target.value)}%0D%0A+                       className="h-9 w-full rounded border border-[#c8c6c4] px-2.5 font-mono text-[13px] focus:border-[#0f6cbd] focus:outline-none focus:ring-1 focus:ring-[#0f6cbd]"%0D%0A+                     />%0D%0A+                   </div>%0D%0A+                   <div className="md:col-span-2">%0D%0A+                     <label className="mb-1 block text-[12px] font-medium text-[#605e5c]">SAML 2.0 metadata XML endpoint URL</label>%0D%0A+                     <input%0D%0A+                       type="text"%0D%0A+                       value={ssoMetadataUrl}%0D%0A+                       onChange={(e) => setSsoMetadataUrl(e.target.value)}%0D%0A+                       className="h-9 w-full rounded border border-[#c8c6c4] px-2.5 font-mono text-[13px] focus:border-[#0f6cbd] focus:outline-none focus:ring-1 focus:ring-[#0f6cbd]"%0D%0A+                     />%0D%0A+                   </div>%0D%0A+                 </div>%0D%0A+               </div>%0D%0A+             </div>%0D%0A+ %0D%0A+             {/* Active Sessions Monitoring Ledger */}%0D%0A+             <div className="rounded-md border border-[#e1dfdd] bg-white p-4 space-y-3">%0D%0A+               <h3 className="flex items-center justify-between border-b border-[#e1dfdd] pb-2 text-[14px] font-semibold text-[#201f1e]">%0D%0A+                 <span className="flex items-center gap-1.5">%0D%0A+                   <Lock className="h-4 w-4 text-[#0f6cbd]" />%0D%0A+                   <span>Active operator sessions</span>%0D%0A+                 </span>%0D%0A+                 <span className="rounded border border-[#c8c6c4] bg-[#eff6fc] px-2 py-0.5 text-[12px] font-medium text-[#0f6cbd]">%0D%0A+                   {sessions.length} active%0D%0A+                 </span>%0D%0A+               </h3>%0D%0A+ %0D%0A+               <div className="overflow-x-auto">%0D%0A+                 <table className="w-full border-collapse text-left text-[13px]">%0D%0A+                   <thead>%0D%0A+                     <tr className="border-b border-[#e1dfdd] text-[11px] uppercase tracking-wide text-[#605e5c]">%0D%0A+                       <th className="py-2 font-medium">User / identity</th>%0D%0A+                       <th className="py-2 font-medium">IP address</th>%0D%0A+                       <th className="py-2 font-medium">Device & location</th>%0D%0A+                       <th className="py-2 text-right font-medium">Actions</th>%0D%0A+                     </tr>%0D%0A+                   </thead>%0D%0A+                   <tbody>%0D%0A+                     {sessions.map((sess) => (%0D%0A+                       <tr key={sess.id} className="border-b border-[#f3f2f1] hover:bg-black/[.02]">%0D%0A+                         <td className="py-2.5 pr-2 font-medium text-[#201f1e]">%0D%0A+                           {sess.email}%0D%0A+                           {sess.current && (%0D%0A+                             <span className="ml-2 rounded border border-[#c8c6c4] bg-[#dff6dd] px-1.5 py-0.5 text-[11px] font-medium text-[#0e700e]">%0D%0A+                               Current%0D%0A+                             </span>%0D%0A+                           )}%0D%0A+                         </td>%0D%0A+                         <td className="py-2.5 font-mono text-[#605e5c]">{sess.ip}</td>%0D%0A+                         <td className="py-2.5 text-[#605e5c]">%0D%0A+                           <span className="block">{sess.device}</span>%0D%0A+                           <span className="text-[12px] text-[#8a8886]">{sess.location}</span>%0D%0A+                         </td>%0D%0A+                         <td className="py-2.5 text-right">%0D%0A+                           {!sess.current && (%0D%0A+                             <button%0D%0A+                               onClick={() => handleRevokeSession(sess.id)}%0D%0A+                               className="rounded p-1.5 text-[#a4262c] hover:bg-[#fdf2f2]"%0D%0A+                               title="Revoke session and force termination"%0D%0A+                             >%0D%0A+                               <Trash2 className="h-3.5 w-3.5" />%0D%0A+                             </button>%0D%0A+                           )}%0D%0A+                         </td>%0D%0A+                       </tr>%0D%0A+                     ))}%0D%0A+                     {sessions.length === 0 && (%0D%0A+                       <tr>%0D%0A+                         <td colSpan={4} className="py-4 text-center text-[#8a8886]">%0D%0A+                           No active sessions identified.%0D%0A+                         </td>%0D%0A+                       </tr>%0D%0A+                     )}%0D%0A+                   </tbody>%0D%0A+                 </table>%0D%0A+               </div>%0D%0A+             </div>%0D%0A+ %0D%0A+             {/* Cryptographically Chained Audit Ledger visualization */}%0D%0A+             <div className="rounded-md border border-[#e1dfdd] bg-white p-4 space-y-3">%0D%0A+               <div className="flex items-center justify-between border-b border-[#e1dfdd] pb-2">%0D%0A+                 <h3 className="flex items-center gap-1.5 text-[14px] font-semibold text-[#201f1e]">%0D%0A+                   <FileCode className="h-4 w-4 text-[#0f6cbd]" />%0D%0A+                   <span>Cryptographic audit ledger</span>%0D%0A+                 </h3>%0D%0A+                 <span className="inline-flex items-center gap-1.5 rounded border border-[#c8c6c4] bg-[#dff6dd] px-2 py-0.5 text-[12px] font-medium text-[#0e700e]">%0D%0A+                   <span className="h-1.5 w-1.5 rounded-full bg-[#0e700e]" />%0D%0A+                   Tamper-proof, SLA verified%0D%0A+                 </span>%0D%0A+               </div>%0D%0A+ %0D%0A+               <p className="text-[13px] text-[#605e5c]">%0D%0A+                 Every critical login event and administrative action is recorded into a secure hash chain. Each block references the SHA-256 hash of its predecessor, creating an unalterable audit trail.%0D%0A+               </p>%0D%0A+ %0D%0A+               {/* Integrity Scanner Trigger */}%0D%0A+               <div className="flex flex-wrap items-center gap-2">%0D%0A+                 <button%0D%0A+                   type="button"%0D%0A+                   onClick={handleVerifyLedger}%0D%0A+                   disabled={verifyingLedger}%0D%0A+                   className="inline-flex h-9 items-center gap-2 rounded bg-[#0f6cbd] px-3 text-[13px] font-medium text-white hover:bg-[#004578] disabled:opacity-60"%0D%0A+                 >%0D%0A+                   {verifyingLedger ? (%0D%0A+                     <>%0D%0A+                       <svg className="h-3.5 w-3.5 animate-spin text-white" fill="none" viewBox="0 0 24 24">%0D%0A+                         <circle className="opacity-25" cx="12" cy="12" r="10" stroke="currentColor" strokeWidth="4" />%0D%0A+                         <path className="opacity-75" fill="currentColor" d="M4 12a8 8 0 018-8V0C5.373 0 0 5.373 0 12h4zm2 5.291A7.962 7.962 0 014 12H0c0 3.042 1.135 5.824 3 7.938l3-2.647z" />%0D%0A+                       </svg>%0D%0A+                       <span>Verifying ledger…</span>%0D%0A+                     </>%0D%0A+                   ) : (%0D%0A+                     <>%0D%0A+                       <CheckCircle2 className="h-3.5 w-3.5" />%0D%0A+                       <span>Verify chain integrity</span>%0D%0A+                     </>%0D%0A+                   )}%0D%0A+                 </button>%0D%0A+                 {verificationResult && (%0D%0A+                   <button%0D%0A+                     type="button"%0D%0A+                     onClick={() => setVerificationResult(null)}%0D%0A+                     className="inline-flex h-9 items-center rounded border border-[#c8c6c4] px-3 text-[13px] font-medium text-[#323130] hover:bg-black/[.03]"%0D%0A+                   >%0D%0A+                     Clear report%0D%0A+                   </button>%0D%0A+                 )}%0D%0A+               </div>%0D%0A+ %0D%0A+               {/* Dynamic Verification Report */}%0D%0A+               {verificationResult && (%0D%0A+                 <div className={`space-y-2 rounded-md border p-3 text-[13px] ${%0D%0A+                   verificationResult.isValid%0D%0A+                     ? 'border-[#c8c6c4] bg-[#dff6dd] text-[#0e700e]'%0D%0A+                     : 'border-[#c8c6c4] bg-[#fdf2f2] text-[#a4262c]'%0D%0A+                 }`}>%0D%0A+                   <div className="flex items-center justify-between">%0D%0A+                     <span className="flex items-center gap-1.5 text-[12px] font-semibold uppercase tracking-wide">%0D%0A+                       {verificationResult.isValid ? (%0D%0A+                         <CheckCircle2 className="h-4 w-4 shrink-0" />%0D%0A+                       ) : (%0D%0A+                         <AlertCircle className="h-4 w-4 shrink-0" />%0D%0A+                       )}%0D%0A+                       <span>Ledger attestation report</span>%0D%0A+                     </span>%0D%0A+                     <span className="text-[11px] text-[#605e5c]">%0D%0A+                       Verified at {new Date(verificationResult.verifiedAt).toLocaleTimeString()}%0D%0A+                     </span>%0D%0A+                   </div>%0D%0A+                   <p className="text-[13px] leading-relaxed">%0D%0A+                     {verificationResult.isValid%0D%0A+                       ? `Checked sequential block hash connections across all ${verificationResult.totalBlocksVerified} audit ledger records. No database tampering, row injection, or signature modifications were identified.`%0D%0A+                       : `Ledger validation check failed. Cryptographic hash mismatch or missing blocks. ${verificationResult.error || 'Please contact the system security administrator immediately.'}`}%0D%0A+                   </p>%0D%0A+ %0D%0A+                   {/* Verified Blocks Scrollable List */}%0D%0A+                   {verificationResult.details && verificationResult.details.length > 0 && (%0D%0A+                     <div className="max-h-40 space-y-1.5 overflow-y-auto rounded border border-[#e1dfdd] bg-white p-2.5 font-mono text-[11px]">%0D%0A+                       <div className="mb-1.5 border-b border-[#e1dfdd] pb-1 text-[11px] font-medium uppercase text-[#605e5c]">%0D%0A+                         Cryptographic signatures checked%0D%0A+                       </div>%0D%0A+                       {verificationResult.details.map((vBlock: any, vIdx: number) => (%0D%0A+                         <div key={vIdx} className="flex items-center justify-between gap-2">%0D%0A+                           <div className="truncate text-[#605e5c]">%0D%0A+                             Block #{vBlock.id} ({vBlock.action}):%0D%0A+                             <span className="ml-1 select-all text-[#8a8886]">{vBlock.storedHash.substring(0, 16)}...</span>%0D%0A+                           </div>%0D%0A+                           <span className={`shrink-0 rounded px-1.5 py-0.5 text-[11px] font-medium ${%0D%0A+                             vBlock.valid%0D%0A+                               ? 'bg-[#dff6dd] text-[#0e700e]'%0D%0A+                               : 'bg-[#fdf2f2] text-[#a4262c]'%0D%0A+                           }`}>%0D%0A+                             {vBlock.valid ? 'Verified' : 'Corrupt'}%0D%0A+                           </span>%0D%0A+                         </div>%0D%0A+                       ))}%0D%0A+                     </div>%0D%0A+                   )}%0D%0A+                 </div>%0D%0A+               )}%0D%0A+ %0D%0A+               <div className="space-y-2">%0D%0A+                 {auditChain.length === 0 && <p className="text-[13px] text-[#8a8886]">No audit events recorded yet.</p>}%0D%0A+                 {auditChain.slice(0, 3).map((blockObj, idx) => (%0D%0A+                   <div key={idx} className="relative space-y-1 rounded-md border border-[#e1dfdd] bg-[#faf9f8] p-3 font-mono text-[11px] text-[#605e5c]">%0D%0A+                     <div className="absolute right-2 top-2 rounded bg-[#f3f2f1] px-1.5 py-0.5 text-[11px] font-medium text-[#605e5c]">%0D%0A+                       Block #{auditChain.length - 1 - idx}%0D%0A+                     </div>%0D%0A+                     <div className="flex gap-2">%0D%0A+                       <span className="font-medium uppercase text-[#0f6cbd]">Event:</span>%0D%0A+                       <span className="font-medium text-[#201f1e]">%0D%0A+                         {blockObj.block?.actionType || blockObj.block?.action || 'Genesis node initiated'}%0D%0A+                       </span>%0D%0A+                     </div>%0D%0A+                     {blockObj.block?.userEmail && (%0D%0A+                       <div className="flex gap-2">%0D%0A+                         <span className="text-[#8a8886]">Identity:</span>%0D%0A+                         <span className="font-medium text-[#323130]">{blockObj.block?.userEmail}</span>%0D%0A+                       </div>%0D%0A+                     )}%0D%0A+                     <div className="space-y-0.5">%0D%0A+                       <div className="flex gap-2 truncate">%0D%0A+                         <span className="shrink-0 font-medium uppercase text-[#8a8886]">Block hash:</span>%0D%0A+                         <span className="select-all truncate text-[#0f6cbd]">{blockObj.hash}</span>%0D%0A+                       </div>%0D%0A+                       <div className="flex gap-2 truncate">%0D%0A+                         <span className="shrink-0 uppercase text-[#8a8886]">Prev hash:</span>%0D%0A+                         <span className="select-all truncate text-[#605e5c]">{blockObj.previousHash}</span>%0D%0A+                       </div>%0D%0A+                     </div>%0D%0A+                   </div>%0D%0A+                 ))}%0D%0A+               </div>%0D%0A+             </div>%0D%0A+ %0D%0A+             {/* Security Credentials settings */}%0D%0A+             <div className="rounded-md border border-[#e1dfdd] bg-white p-4 space-y-3">%0D%0A+               <h3 className="flex items-center gap-1.5 border-b border-[#e1dfdd] pb-2 text-[14px] font-semibold text-[#201f1e]">%0D%0A+                 <KeyRound className="h-4 w-4 text-[#0f6cbd]" />%0D%0A+                 <span>Operator authentication & security keys</span>%0D%0A+               </h3>%0D%0A+ %0D%0A+               <div className="space-y-3 text-[13px]">%0D%0A+                 <div className="flex items-center justify-between gap-4">%0D%0A+                   <div>%0D%0A+                     <span className="block font-medium text-[#323130]">Enforce multi-factor authentication (MFA)</span>%0D%0A+                     <p className="text-[12px] text-[#605e5c]">All MSP users must provide TOTP codes on logon.</p>%0D%0A+                   </div>%0D%0A+                   <button%0D%0A+                     onClick={() => setMfaEnabled(!mfaEnabled)}%0D%0A+                     className={`inline-flex h-8 items-center gap-1.5 rounded border px-2.5 text-[12px] font-medium ${%0D%0A+                       mfaEnabled ? 'border-[#c8c6c4] bg-[#dff6dd] text-[#0e700e]' : 'border-[#c8c6c4] bg-[#f3f2f1] text-[#605e5c]'%0D%0A+                     }`}%0D%0A+                   >%0D%0A+                     <span className={`h-1.5 w-1.5 rounded-full ${mfaEnabled ? 'bg-[#0e700e]' : 'bg-[#8a8886]'}`} />%0D%0A+                     {mfaEnabled ? 'MFA enabled' : 'MFA disabled'}%0D%0A+                   </button>%0D%0A+                 </div>%0D%0A+ %0D%0A+                 <div className="flex items-center justify-between gap-4 border-t border-[#e1dfdd] pt-3">%0D%0A+                   <div>%0D%0A+                     <span className="block font-medium text-[#323130]">Cryptographic PGP auditing key (private)</span>%0D%0A+                     <p className="text-[12px] text-[#605e5c]">Used for signing generated software passports and audit attestations.</p>%0D%0A+                   </div>%0D%0A+                   <button className="inline-flex h-8 items-center rounded border border-[#c8c6c4] px-3 text-[13px] font-medium text-[#323130] hover:bg-black/[.03]">%0D%0A+                     Regenerate sign key%0D%0A+                   </button>%0D%0A+                 </div>%0D%0A+ %0D%0A+                 <div className="flex items-center justify-between gap-4 rounded-md border border-[#a4262c]/30 bg-[#fdf2f2] p-3">%0D%0A+                   <div>%0D%0A+                     <span className="flex items-center gap-1.5 font-semibold text-[#a4262c]">%0D%0A+                       <Shield className="h-3.5 w-3.5" /> Tenant offboarding & data deletion (DPA compliance)%0D%0A+                     </span>%0D%0A+                     <p className="mt-1 text-[12px] text-[#605e5c]">%0D%0A+                       Cascading-delete all client lists, passports, vulnerability logs, and active integrations. This action is immediate and irreversible under GDPR/DPA compliance standards.%0D%0A+                     </p>%0D%0A+                   </div>%0D%0A+                   <button%0D%0A+                     onClick={handleOffboardTenant}%0D%0A+                     disabled={!isOwner || offboarding}%0D%0A+                     title={!isOwner ? `Your ${currentRole} role cannot offboard this workspace. Owner is required.` : undefined}%0D%0A+                     className="inline-flex h-9 shrink-0 items-center rounded bg-[#a4262c] px-3 text-[13px] font-medium text-white hover:bg-[#8a1f24] disabled:cursor-not-allowed disabled:opacity-50"%0D%0A+                   >%0D%0A+                     {offboarding ? 'Purging…' : 'Offboard workspace'}%0D%0A+                   </button>%0D%0A+                 </div>%0D%0A+               </div>%0D%0A+             </div>%0D%0A+ %0D%0A+             <div className="flex items-center justify-end gap-3">%0D%0A+               {saveSuccess && (%0D%0A+                 <span className="flex items-center gap-1.5 text-[12px] font-medium text-[#8a5700]">%0D%0A+                   <CheckCircle className="h-3.5 w-3.5" />%0D%0A+                   <span>Not saved to a server — these fields are local to this browser session only.</span>%0D%0A+                 </span>%0D%0A+               )}%0D%0A+               <button%0D%0A+                 onClick={handleSaveSettings}%0D%0A+                 title="These settings are not persisted to a backend yet."%0D%0A+                 className="inline-flex h-9 items-center rounded bg-[#0f6cbd] px-4 text-[13px] font-medium text-white hover:bg-[#004578]"%0D%0A+               >%0D%0A+                 Save platform settings%0D%0A+               </button>%0D%0A+             </div>%0D%0A+           </div>%0D%0A+ %0D%0A+           {/* Right Column: Information panel & Live CI/CD Diagnostics */}%0D%0A+           <div className="space-y-4">%0D%0A+ %0D%0A+             {/* Active Login Audit Trail Panel */}%0D%0A+             <div className="rounded-md border border-[#e1dfdd] bg-white p-4 space-y-3">%0D%0A+               <h3 className="flex items-center gap-1.5 border-b border-[#e1dfdd] pb-2 text-[14px] font-semibold text-[#201f1e]">%0D%0A+                 <Fingerprint className="h-4 w-4 text-[#0f6cbd]" />%0D%0A+                 <span>Real-time login audit trail</span>%0D%0A+               </h3>%0D%0A+ %0D%0A+               <div className="max-h-72 space-y-2 overflow-y-auto">%0D%0A+                 {history.map((log) => (%0D%0A+                   <div key={log.id} className="space-y-1 rounded-md border border-[#e1dfdd] bg-[#faf9f8] p-2.5 text-[12px]">%0D%0A+                     <div className="flex items-center justify-between">%0D%0A+                       <span className="max-w-36 truncate font-medium text-[#323130]">{log.email}</span>%0D%0A+                       <span className={`rounded px-1.5 py-0.5 text-[11px] font-medium ${%0D%0A+                         log.status === 'Verified' ? 'bg-[#dff6dd] text-[#0e700e]' : 'bg-[#fdf2f2] text-[#a4262c]'%0D%0A+                       }`}>%0D%0A+                         {log.status}%0D%0A+                       </span>%0D%0A+                     </div>%0D%0A+                     <div className="text-[#605e5c]">%0D%0A+                       <span className="block">{log.action}</span>%0D%0A+                       <span className="mt-0.5 block text-[11px] text-[#8a8886]">{new Date(log.timestamp).toLocaleString()}</span>%0D%0A+                     </div>%0D%0A+                     <div className="flex justify-between border-t border-[#e1dfdd] pt-1 text-[11px] text-[#8a8886]">%0D%0A+                       <span>IP: {log.ip}</span>%0D%0A+                       <span>Loc: {log.location}</span>%0D%0A+                     </div>%0D%0A+                   </div>%0D%0A+                 ))}%0D%0A+                 {history.length === 0 && (%0D%0A+                   <p className="py-4 text-center text-[13px] text-[#8a8886]">No audit logs identified.</p>%0D%0A+                 )}%0D%0A+               </div>%0D%0A+             </div>%0D%0A+ %0D%0A+             <div className="rounded-md border border-[#e1dfdd] bg-white p-4 space-y-3">%0D%0A+               <h3 className="flex items-center gap-1.5 border-b border-[#e1dfdd] pb-2 text-[14px] font-semibold text-[#201f1e]">%0D%0A+                 <Shield className="h-4 w-4 text-[#8a8886]" />%0D%0A+                 <span>Platform pedigree coordinates</span>%0D%0A+               </h3>%0D%0A+ %0D%0A+               <div className="space-y-2 text-[13px] text-[#605e5c]">%0D%0A+                 <div className="flex justify-between border-b border-[#f3f2f1] pb-1.5">%0D%0A+                   <span>Portal service</span>%0D%0A+                   <span className="font-medium text-[#323130]">SPR-CORE-VM</span>%0D%0A+                 </div>%0D%0A+                 <div className="flex justify-between border-b border-[#f3f2f1] pb-1.5">%0D%0A+                   <span>Compilation</span>%0D%0A+                   <span className="font-medium text-[#323130]">Docker prod v2.4</span>%0D%0A+                 </div>%0D%0A+                 <div className="flex justify-between pb-1.5">%0D%0A+                   <span>SLA compliance</span>%0D%0A+                   <span className="font-medium text-[#0e700e]">99.98%25</span>%0D%0A+                 </div>%0D%0A+               </div>%0D%0A+             </div>%0D%0A+ %0D%0A+             <div className="rounded-md border border-[#e1dfdd] bg-white p-4 space-y-3">%0D%0A+               <h3 className="flex items-center gap-1.5 border-b border-[#e1dfdd] pb-2 text-[14px] font-semibold text-[#201f1e]">%0D%0A+                 <CheckCircle className="h-4 w-4 text-[#0e700e]" />%0D%0A+                 <span>Readiness diagnostics</span>%0D%0A+               </h3>%0D%0A+               <p className="text-[13px] text-[#605e5c]">%0D%0A+                 Checks live database connectivity via the same /api/ready probe an orchestrator uses. This does not verify row-level isolation, OAuth handshakes, or API quota — those have no self-check endpoint yet.%0D%0A+               </p>%0D%0A+ %0D%0A+               <button%0D%0A+                 onClick={runDiagnosticSuite}%0D%0A+                 disabled={testing}%0D%0A+                 className="h-9 w-full rounded border border-[#c8c6c4] text-[13px] font-medium text-[#323130] hover:bg-black/[.03] disabled:opacity-60"%0D%0A+               >%0D%0A+                 {testing ? 'Checking…' : 'Check readiness'}%0D%0A+               </button>%0D%0A+ %0D%0A+               {testResults.length > 0 && (%0D%0A+                 <div className="space-y-2 border-t border-[#e1dfdd] pt-2">%0D%0A+                   {testResults.map((t: any, idx: number) => (%0D%0A+                     <div key={idx} className="space-y-0.5 text-[12px]">%0D%0A+                       <div className="flex items-center justify-between">%0D%0A+                         <span className="font-medium text-[#323130]">{t.name}</span>%0D%0A+                         <span className={`rounded px-1.5 py-0.5 text-[11px] font-medium ${%0D%0A+                           t.status === 'PASS' ? 'bg-[#dff6dd] text-[#0e700e]' : 'bg-[#fdf2f2] text-[#a4262c]'%0D%0A+                         }`}>%0D%0A+                           {t.status}%0D%0A+                         </span>%0D%0A+                       </div>%0D%0A+                       <p className="leading-snug text-[#605e5c]">{t.details}</p>%0D%0A+                     </div>%0D%0A+                   ))}%0D%0A+                 </div>%0D%0A+               )}%0D%0A+             </div>%0D%0A+           </div>%0D%0A+         </div>%0D%0A+       ) : activeSubTab === 'organization' ? (%0D%0A+         <div className="grid grid-cols-1 lg:grid-cols-3 gap-4">%0D%0A+           {/* Profile Management Section */}%0D%0A+           <div className="lg:col-span-1 space-y-4">%0D%0A+             <div className="rounded-md border border-[#e1dfdd] bg-white p-4 space-y-3">%0D%0A+               <h3 className="flex items-center gap-1.5 border-b border-[#e1dfdd] pb-2 text-[14px] font-semibold text-[#201f1e]">%0D%0A+                 <Sliders className="h-4 w-4 text-[#0f6cbd]" />%0D%0A+                 <span>User profile credentials</span>%0D%0A+               </h3>%0D%0A+ %0D%0A+               {teamError && (%0D%0A+                 <div className="flex gap-2 rounded-md border border-[#a4262c]/30 bg-[#fdf2f2] p-3 text-[13px] text-[#a4262c]">%0D%0A+                   <ShieldAlert className="h-3.5 w-3.5 shrink-0" />%0D%0A+                   <p>{teamError}</p>%0D%0A+                 </div>%0D%0A+               )}%0D%0A+ %0D%0A+               {teamSuccess && (%0D%0A+                 <div className="flex gap-2 rounded-md border border-[#0e700e]/30 bg-[#dff6dd] p-3 text-[13px] text-[#0e700e]">%0D%0A+                   <CheckCircle2 className="h-3.5 w-3.5 shrink-0" />%0D%0A+                   <p>{teamSuccess}</p>%0D%0A+                 </div>%0D%0A+               )}%0D%0A+ %0D%0A+               {editingProfile ? (%0D%0A+                 <form onSubmit={handleSaveProfile} className="space-y-3">%0D%0A+                   <div className="flex flex-col gap-1">%0D%0A+                     <label className="text-[12px] font-medium text-[#605e5c]">Display name</label>%0D%0A+                     <input%0D%0A+                       type="text"%0D%0A+                       required%0D%0A+                       value={profileName}%0D%0A+                       onChange={(e) => setProfileName(e.target.value)}%0D%0A+                       className="h-9 w-full rounded border border-[#c8c6c4] px-2.5 text-[13px] focus:border-[#0f6cbd] focus:outline-none focus:ring-1 focus:ring-[#0f6cbd]"%0D%0A+                     />%0D%0A+                   </div>%0D%0A+ %0D%0A+                   <div className="flex flex-col gap-1">%0D%0A+                     <label className="text-[12px] font-medium text-[#605e5c]">Corporate job title</label>%0D%0A+                     <input%0D%0A+                       type="text"%0D%0A+                       required%0D%0A+                       value={profileJobTitle}%0D%0A+                       onChange={(e) => setProfileJobTitle(e.target.value)}%0D%0A+                       className="h-9 w-full rounded border border-[#c8c6c4] px-2.5 text-[13px] focus:border-[#0f6cbd] focus:outline-none focus:ring-1 focus:ring-[#0f6cbd]"%0D%0A+                     />%0D%0A+                   </div>%0D%0A+ %0D%0A+                   <div className="flex flex-col gap-1">%0D%0A+                     <label className="text-[12px] font-medium text-[#605e5c]">Organization name</label>%0D%0A+                     <input%0D%0A+                       type="text"%0D%0A+                       required%0D%0A+                       value={profileCompany}%0D%0A+                       onChange={(e) => setProfileCompany(e.target.value)}%0D%0A+                       className="h-9 w-full rounded border border-[#c8c6c4] px-2.5 text-[13px] focus:border-[#0f6cbd] focus:outline-none focus:ring-1 focus:ring-[#0f6cbd]"%0D%0A+                     />%0D%0A+                   </div>%0D%0A+ %0D%0A+                   <div className="flex justify-end gap-2 pt-1">%0D%0A+                     <button%0D%0A+                       type="button"%0D%0A+                       onClick={() => setEditingProfile(false)}%0D%0A+                       className="inline-flex h-9 items-center rounded border border-[#c8c6c4] px-3 text-[13px] font-medium text-[#323130] hover:bg-black/[.03]"%0D%0A+                     >%0D%0A+                       Cancel%0D%0A+                     </button>%0D%0A+                     <button%0D%0A+                       type="submit"%0D%0A+                       className="inline-flex h-9 items-center rounded bg-[#0f6cbd] px-3 text-[13px] font-medium text-white hover:bg-[#004578]"%0D%0A+                     >%0D%0A+                       Save profile%0D%0A+                     </button>%0D%0A+                   </div>%0D%0A+                 </form>%0D%0A+               ) : (%0D%0A+                 <div className="space-y-3">%0D%0A+                   <div className="flex items-center gap-3">%0D%0A+                     <div className="flex h-11 w-11 items-center justify-center rounded-full border border-[#c8c6c4] bg-[#eff6fc] text-[15px] font-semibold text-[#0f6cbd]">%0D%0A+                       {profileName ? profileName.substring(0, 2).toUpperCase() : 'U'}%0D%0A+                     </div>%0D%0A+                     <div>%0D%0A+                       <h4 className="text-[14px] font-semibold text-[#201f1e]">%0D%0A+                         {profileName || 'Active Operator'}%0D%0A+                       </h4>%0D%0A+                       <p className="mt-0.5 text-[12px] text-[#605e5c]">%0D%0A+                         {profileJobTitle || 'Workspace Administrator'}%0D%0A+                       </p>%0D%0A+                     </div>%0D%0A+                   </div>%0D%0A+ %0D%0A+                   <div className="space-y-1.5 border-t border-[#e1dfdd] pt-3 text-[12px] text-[#605e5c]">%0D%0A+                     <div className="flex justify-between">%0D%0A+                       <span>Email identifier</span>%0D%0A+                       <span className="select-all font-medium text-[#201f1e]">{profile?.email || 'N/A'}</span>%0D%0A+                     </div>%0D%0A+                     <div className="flex justify-between">%0D%0A+                       <span>Active tenant ID</span>%0D%0A+                       <span className="select-all">{profile?.tenantId || 'global'}</span>%0D%0A+                     </div>%0D%0A+                     <div className="flex justify-between">%0D%0A+                       <span>MSP workspace</span>%0D%0A+                       <span className="font-medium text-[#201f1e]">{profile?.companyName || 'Not defined'}</span>%0D%0A+                     </div>%0D%0A+                   </div>%0D%0A+ %0D%0A+                   <button%0D%0A+                     type="button"%0D%0A+                     onClick={() => {%0D%0A+                       setProfileName(profile?.displayName || '');%0D%0A+                       setProfileJobTitle(profile?.roleTitle || '');%0D%0A+                       setProfileCompany(profile?.companyName || '');%0D%0A+                       setEditingProfile(true);%0D%0A+                     }}%0D%0A+                     className="h-9 w-full rounded border border-[#c8c6c4] text-[13px] font-medium text-[#323130] hover:bg-black/[.03]"%0D%0A+                   >%0D%0A+                     Edit profile details%0D%0A+                   </button>%0D%0A+                 </div>%0D%0A+               )}%0D%0A+             </div>%0D%0A+ %0D%0A+             <div className="rounded-md border border-[#e1dfdd] bg-[#faf9f8] p-4 space-y-2">%0D%0A+               <h4 className="text-[12px] font-semibold uppercase tracking-wide text-[#605e5c]">%0D%0A+                 Authorized role hierarchy%0D%0A+               </h4>%0D%0A+               <p className="text-[12px] leading-relaxed text-[#605e5c]">%0D%0A+                 RBAC enforces strict isolation gates. Permissions cascade in order: <strong className="text-[#323130]">Owner &gt; Admin &gt; Technician &gt; Viewer &gt; Client</strong>. Modifying team permissions automatically triggers a cryptographic token invalidation audit block.%0D%0A+               </p>%0D%0A+             </div>%0D%0A+           </div>%0D%0A+ %0D%0A+           {/* Organization & Team Access List Section */}%0D%0A+           <div className="lg:col-span-2 space-y-4">%0D%0A+             {/* Invite form card */}%0D%0A+             <div className="rounded-md border border-[#e1dfdd] bg-white p-4 space-y-3">%0D%0A+               <h3 className="flex items-center gap-1.5 border-b border-[#e1dfdd] pb-2 text-[14px] font-semibold text-[#201f1e]">%0D%0A+                 <PlusCircle className="h-4 w-4 text-[#0f6cbd]" />%0D%0A+                 <span>Invite new MSP team member</span>%0D%0A+               </h3>%0D%0A+ %0D%0A+               <form onSubmit={handleInviteMember} className="flex flex-col gap-3 md:flex-row md:items-end">%0D%0A+                 <div className="flex flex-1 flex-col gap-1">%0D%0A+                   <label className="text-[12px] font-medium text-[#605e5c]">%0D%0A+                     Email address%0D%0A+                   </label>%0D%0A+                   <input%0D%0A+                     type="email"%0D%0A+                     required%0D%0A+                     placeholder="e.g. associate@company.com"%0D%0A+                     value={inviteEmail}%0D%0A+                     onChange={(e) => setInviteEmail(e.target.value)}%0D%0A+                     className="h-9 w-full rounded border border-[#c8c6c4] px-2.5 text-[13px] focus:border-[#0f6cbd] focus:outline-none focus:ring-1 focus:ring-[#0f6cbd]"%0D%0A+                   />%0D%0A+                 </div>%0D%0A+ %0D%0A+                 <div className="flex w-full flex-col gap-1 md:w-44">%0D%0A+                   <label className="text-[12px] font-medium text-[#605e5c]">%0D%0A+                     Security role%0D%0A+                   </label>%0D%0A+                   <select%0D%0A+                     value={inviteRole}%0D%0A+                     onChange={(e) => setInviteRole(e.target.value)}%0D%0A+                     className="h-9 w-full rounded border border-[#c8c6c4] px-2.5 text-[13px] focus:border-[#0f6cbd] focus:outline-none focus:ring-1 focus:ring-[#0f6cbd]"%0D%0A+                   >%0D%0A+                     <option value="Admin">Admin</option>%0D%0A+                     <option value="Technician">Technician</option>%0D%0A+                     <option value="Viewer">Viewer</option>%0D%0A+                     <option value="Client">Client</option>%0D%0A+                   </select>%0D%0A+                 </div>%0D%0A+ %0D%0A+                 <button%0D%0A+                   type="submit"%0D%0A+                   disabled={!canManageTeam}%0D%0A+                   title={!canManageTeam ? `Your ${currentRole} role cannot invite team members.` : undefined}%0D%0A+                   className="inline-flex h-9 shrink-0 items-center rounded bg-[#0f6cbd] px-4 text-[13px] font-medium text-white hover:bg-[#004578] disabled:cursor-not-allowed disabled:opacity-50"%0D%0A+                 >%0D%0A+                   Send invitation%0D%0A+                 </button>%0D%0A+               </form>%0D%0A+               {!canManageTeam && <p className="text-[12px] text-[#8a5700]">Your {currentRole} role has read-only team access.</p>}%0D%0A+             </div>%0D%0A+ %0D%0A+             {/* Team Members List Card */}%0D%0A+             <div className="rounded-md border border-[#e1dfdd] bg-white p-4 space-y-3">%0D%0A+               <h3 className="flex items-center justify-between border-b border-[#e1dfdd] pb-2 text-[14px] font-semibold text-[#201f1e]">%0D%0A+                 <span className="flex items-center gap-1.5">%0D%0A+                   <Lock className="h-4 w-4 text-[#0f6cbd]" />%0D%0A+                   <span>Workspace associates</span>%0D%0A+                 </span>%0D%0A+                 <span className="rounded border border-[#c8c6c4] bg-[#eff6fc] px-2 py-0.5 text-[12px] font-medium text-[#0f6cbd]">%0D%0A+                   {teamMembers.length} registered%0D%0A+                 </span>%0D%0A+               </h3>%0D%0A+ %0D%0A+               <div className="overflow-x-auto">%0D%0A+                 <table className="w-full border-collapse text-left text-[13px]">%0D%0A+                   <thead>%0D%0A+                     <tr className="border-b border-[#e1dfdd] text-[11px] uppercase tracking-wide text-[#605e5c]">%0D%0A+                       <th className="py-2 font-medium">User details</th>%0D%0A+                       <th className="py-2 font-medium">Authority role</th>%0D%0A+                       <th className="py-2 text-right font-medium">Actions</th>%0D%0A+                     </tr>%0D%0A+                   </thead>%0D%0A+                   <tbody>%0D%0A+                     {teamMembers.map((member) => (%0D%0A+                       <tr key={member.id} className="border-b border-[#f3f2f1] hover:bg-black/[.02]">%0D%0A+                         <td className="py-2.5 pr-3">%0D%0A+                           <div className="flex items-center gap-2.5">%0D%0A+                             <div className="flex h-8 w-8 shrink-0 items-center justify-center rounded-full border border-[#c8c6c4] bg-[#f3f2f1] text-[12px] font-semibold text-[#605e5c]">%0D%0A+                               {member.displayName ? member.displayName.substring(0, 2).toUpperCase() : member.email.substring(0, 2).toUpperCase()}%0D%0A+                             </div>%0D%0A+                             <div>%0D%0A+                               <span className="block font-medium text-[#201f1e]">%0D%0A+                                 {member.displayName || 'Pending registration'}%0D%0A+                               </span>%0D%0A+                               <span className="block select-all text-[12px] text-[#8a8886]">%0D%0A+                                 {member.email}%0D%0A+                               </span>%0D%0A+                             </div>%0D%0A+                           </div>%0D%0A+                         </td>%0D%0A+                         <td className="py-2.5">%0D%0A+                           {member.role === 'Owner' ? (%0D%0A+                             <span className="rounded border border-[#c8c6c4] bg-[#eff6fc] px-2 py-0.5 text-[12px] font-medium text-[#0f6cbd]">%0D%0A+                               Owner (root)%0D%0A+                             </span>%0D%0A+                           ) : (%0D%0A+                             <select%0D%0A+                               value={member.role}%0D%0A+                               disabled={!canManageTeam}%0D%0A+                               title={!canManageTeam ? `Your ${currentRole} role cannot change roles.` : undefined}%0D%0A+                               onChange={(e) => handleUpdateMemberRole(member.id, e.target.value)}%0D%0A+                               className="rounded border border-[#c8c6c4] p-1 text-[12px] text-[#323130] focus:border-[#0f6cbd] focus:outline-none disabled:cursor-not-allowed disabled:opacity-50"%0D%0A+                             >%0D%0A+                               <option value="Admin">Admin</option>%0D%0A+                               <option value="Technician">Technician</option>%0D%0A+                               <option value="Viewer">Viewer</option>%0D%0A+                               <option value="Client">Client</option>%0D%0A+                             </select>%0D%0A+                           )}%0D%0A+                         </td>%0D%0A+                         <td className="py-2.5 text-right">%0D%0A+                           {member.role !== 'Owner' && member.id !== profile?.id && canManageTeam && (%0D%0A+                             <button%0D%0A+                               onClick={() => handleRemoveMember(member.id)}%0D%0A+                               className="rounded border border-[#a4262c]/30 px-2.5 py-1 text-[12px] font-medium text-[#a4262c] hover:bg-[#fdf2f2]"%0D%0A+                             >%0D%0A+                               Revoke access%0D%0A+                             </button>%0D%0A+                           )}%0D%0A+                         </td>%0D%0A+                       </tr>%0D%0A+                     ))}%0D%0A+                     {teamMembers.length === 0 && (%0D%0A+                       <tr>%0D%0A+                         <td colSpan={3} className="py-6 text-center text-[#8a8886]">%0D%0A+                           {loadingTeam ? 'Securing team data…' : 'No other associates mapped to this workspace.'}%0D%0A+                         </td>%0D%0A+                       </tr>%0D%0A+                     )}%0D%0A+                   </tbody>%0D%0A+                 </table>%0D%0A+               </div>%0D%0A+             </div>%0D%0A+           </div>%0D%0A+         </div>%0D%0A+       ) : (%0D%0A+         <div className="space-y-4" id="product-master-bible-container">%0D%0A+           {/* Welcome Alert / Info Bar */}%0D%0A+           <details className="rounded-md border border-[#e1dfdd] bg-[#faf9f8] text-[13px]">%0D%0A+             <summary className="cursor-pointer select-none px-3 py-2 font-medium text-[#323130]">What is this? &middot; How the Master Bible works</summary>%0D%0A+             <div className="px-3 pb-3 text-[#605e5c]">%0D%0A+               <p>The Master Bible defines standard secure baseline versions, permitted/copyleft licenses, risk classifications, and operational NIST/ISO security safeguard guidelines. Ingested software passports are checked against these standards to prevent compliance violations.</p>%0D%0A+               <ol className="mt-1.5 list-decimal space-y-0.5 pl-4">%0D%0A+                 <li>Policy reference: NIST SP 800-53 r5.</li>%0D%0A+                 <li>Legal stance: SSPL/AGPL copyleft blocked.</li>%0D%0A+                 <li>Baseline updates: automated daily RSS synchronizations.</li>%0D%0A+               </ol>%0D%0A+             </div>%0D%0A+           </details>%0D%0A+ %0D%0A+           {/* Grid Layout: Left Column = Product Bible Directory, Right Column = Selected Specifications & Sandbox Compliance Auditor */}%0D%0A+           <div className="grid grid-cols-1 lg:grid-cols-3 gap-4">%0D%0A+ %0D%0A+             {/* Left Column: List of Products with Search & Add option */}%0D%0A+             <div className="lg:col-span-1 space-y-3">%0D%0A+               <div className="rounded-md border border-[#e1dfdd] bg-white p-4 space-y-3">%0D%0A+                 <div className="flex items-center justify-between">%0D%0A+                   <div>%0D%0A+                     <h4 className="text-[14px] font-semibold text-[#201f1e]">Product Bible index</h4>%0D%0A+                     <p className="text-[12px] text-[#605e5c]">Index of certified system components</p>%0D%0A+                   </div>%0D%0A+                   <button%0D%0A+                     onClick={() => setShowAddBibleProduct(!showAddBibleProduct)}%0D%0A+                     className="inline-flex items-center gap-1 rounded border border-[#c8c6c4] px-2.5 py-1.5 text-[12px] font-medium text-[#323130] hover:bg-black/[.03]"%0D%0A+                     title="Register a new software specification"%0D%0A+                   >%0D%0A+                     <PlusCircle className="h-3.5 w-3.5" />%0D%0A+                     <span>Register</span>%0D%0A+                   </button>%0D%0A+                 </div>%0D%0A+ %0D%0A+                 {/* Quick Search & Filter */}%0D%0A+                 <div className="space-y-2">%0D%0A+                   <div className="flex h-9 items-center gap-2 rounded border border-[#c8c6c4] px-2.5 focus-within:border-[#0f6cbd] focus-within:ring-1 focus-within:ring-[#0f6cbd]">%0D%0A+                     <Search className="h-3.5 w-3.5 text-[#8a8886]" />%0D%0A+                     <input%0D%0A+                       type="text"%0D%0A+                       placeholder="Search specifications..."%0D%0A+                       value={bibleSearchQuery}%0D%0A+                       onChange={(e) => setBibleSearchQuery(e.target.value)}%0D%0A+                       className="w-full bg-transparent text-[13px] text-[#323130] focus:outline-none"%0D%0A+                     />%0D%0A+                   </div>%0D%0A+ %0D%0A+                   <div className="flex items-center justify-between pt-1 text-[12px] text-[#605e5c]">%0D%0A+                     <span>Risk filter</span>%0D%0A+                     <div className="flex gap-1">%0D%0A+                       {['all', 'low', 'medium', 'high'].map(r => (%0D%0A+                         <button%0D%0A+                           key={r}%0D%0A+                           onClick={() => setBibleFilterRisk(r)}%0D%0A+                           className={`rounded px-1.5 py-0.5 capitalize ${%0D%0A+                             bibleFilterRisk === r%0D%0A+                               ? 'bg-[#eff6fc] font-medium text-[#0f6cbd]'%0D%0A+                               : 'hover:text-[#323130]'%0D%0A+                           }`}%0D%0A+                         >%0D%0A+                           {r}%0D%0A+                         </button>%0D%0A+                       ))}%0D%0A+                     </div>%0D%0A+                   </div>%0D%0A+                 </div>%0D%0A+ %0D%0A+                 {/* Add New Specification Form Block */}%0D%0A+                 {showAddBibleProduct && (%0D%0A+                   <form onSubmit={handleAddBibleProduct} className="space-y-3 rounded-md border border-[#e1dfdd] bg-[#faf9f8] p-3 text-[13px]">%0D%0A+                     <h5 className="text-[13px] font-semibold text-[#201f1e]">New standard specification registration</h5>%0D%0A+ %0D%0A+                     <div>%0D%0A+                       <label className="mb-1 block text-[12px] font-medium text-[#605e5c]">Product / package name</label>%0D%0A+                       <input%0D%0A+                         type="text"%0D%0A+                         placeholder="e.g. Apache Kafka"%0D%0A+                         required%0D%0A+                         value={newBpName}%0D%0A+                         onChange={(e) => setNewBpName(e.target.value)}%0D%0A+                         className="h-9 w-full rounded border border-[#c8c6c4] bg-white px-2.5 text-[13px] focus:border-[#0f6cbd] focus:outline-none focus:ring-1 focus:ring-[#0f6cbd]"%0D%0A+                       />%0D%0A+                     </div>%0D%0A+ %0D%0A+                     <div className="grid grid-cols-2 gap-2">%0D%0A+                       <div>%0D%0A+                         <label className="mb-1 block text-[12px] font-medium text-[#605e5c]">Class type</label>%0D%0A+                         <select%0D%0A+                           value={newBpType}%0D%0A+                           onChange={(e) => setNewBpType(e.target.value)}%0D%0A+                           className="h-9 w-full rounded border border-[#c8c6c4] bg-white px-2 text-[13px] focus:border-[#0f6cbd] focus:outline-none focus:ring-1 focus:ring-[#0f6cbd]"%0D%0A+                         >%0D%0A+                           <option value="Web Infrastructure / Proxy">Web / Proxy</option>%0D%0A+                           <option value="Database Systems">Database</option>%0D%0A+                           <option value="Cache Systems">Cache</option>%0D%0A+                           <option value="Open Source Logging Framework">Logging</option>%0D%0A+                           <option value="Container Foundations">Container</option>%0D%0A+                           <option value="Framework Library">Framework</option>%0D%0A+                         </select>%0D%0A+                       </div>%0D%0A+ %0D%0A+                       <div>%0D%0A+                         <label className="mb-1 block text-[12px] font-medium text-[#605e5c]">Secure baseline</label>%0D%0A+                         <input%0D%0A+                           type="text"%0D%0A+                           placeholder="e.g. 3.4.0"%0D%0A+                           required%0D%0A+                           value={newBpVersion}%0D%0A+                           onChange={(e) => setNewBpVersion(e.target.value)}%0D%0A+                           className="h-9 w-full rounded border border-[#c8c6c4] bg-white px-2.5 text-[13px] focus:border-[#0f6cbd] focus:outline-none focus:ring-1 focus:ring-[#0f6cbd]"%0D%0A+                         />%0D%0A+                       </div>%0D%0A+                     </div>%0D%0A+ %0D%0A+                     <div>%0D%0A+                       <label className="mb-1 block text-[12px] font-medium text-[#605e5c]">Permitted licenses</label>%0D%0A+                       <input%0D%0A+                         type="text"%0D%0A+                         value={newBpAllowedLics}%0D%0A+                         onChange={(e) => setNewBpAllowedLics(e.target.value)}%0D%0A+                         className="h-9 w-full rounded border border-[#c8c6c4] bg-white px-2.5 font-mono text-[12px] focus:border-[#0f6cbd] focus:outline-none focus:ring-1 focus:ring-[#0f6cbd]"%0D%0A+                       />%0D%0A+                       <p className="mt-1 text-[11px] text-[#8a8886]">Comma-separated SPDX identifiers.</p>%0D%0A+                     </div>%0D%0A+ %0D%0A+                     <div>%0D%0A+                       <label className="mb-1 block text-[12px] font-medium text-[#605e5c]">Prohibited copylefts</label>%0D%0A+                       <input%0D%0A+                         type="text"%0D%0A+                         value={newBpDisallowedLics}%0D%0A+                         onChange={(e) => setNewBpDisallowedLics(e.target.value)}%0D%0A+                         className="h-9 w-full rounded border border-[#c8c6c4] bg-white px-2.5 font-mono text-[12px] focus:border-[#0f6cbd] focus:outline-none focus:ring-1 focus:ring-[#0f6cbd]"%0D%0A+                       />%0D%0A+                     </div>%0D%0A+ %0D%0A+                     <div className="grid grid-cols-2 gap-2">%0D%0A+                       <div>%0D%0A+                         <label className="mb-1 block text-[12px] font-medium text-[#605e5c]">Risk tier</label>%0D%0A+                         <select%0D%0A+                           value={newBpRisk}%0D%0A+                           onChange={(e) => setNewBpRisk(e.target.value as any)}%0D%0A+                           className="h-9 w-full rounded border border-[#c8c6c4] bg-white px-2 text-[13px] focus:border-[#0f6cbd] focus:outline-none focus:ring-1 focus:ring-[#0f6cbd]"%0D%0A+                         >%0D%0A+                           <option value="Low">Low</option>%0D%0A+                           <option value="Medium">Medium</option>%0D%0A+                           <option value="High">High</option>%0D%0A+                         </select>%0D%0A+                       </div>%0D%0A+ %0D%0A+                       <div>%0D%0A+                         <label className="mb-1 block text-[12px] font-medium text-[#605e5c]">Target compliance</label>%0D%0A+                         <input%0D%0A+                           type="text"%0D%0A+                           placeholder="e.g. HIPAA CC4 / ISO"%0D%0A+                           value={newBpCompliance}%0D%0A+                           onChange={(e) => setNewBpCompliance(e.target.value)}%0D%0A+                           className="h-9 w-full rounded border border-[#c8c6c4] bg-white px-2.5 text-[13px] focus:border-[#0f6cbd] focus:outline-none focus:ring-1 focus:ring-[#0f6cbd]"%0D%0A+                         />%0D%0A+                       </div>%0D%0A+                     </div>%0D%0A+ %0D%0A+                     <div>%0D%0A+                       <label className="mb-1 block text-[12px] font-medium text-[#605e5c]">Operational safeguard policy</label>%0D%0A+                       <textarea%0D%0A+                         rows={2}%0D%0A+                         placeholder="Safeguards required..."%0D%0A+                         value={newBpSafeguard}%0D%0A+                         onChange={(e) => setNewBpSafeguard(e.target.value)}%0D%0A+                         className="w-full rounded border border-[#c8c6c4] bg-white px-2.5 py-2 text-[13px] focus:border-[#0f6cbd] focus:outline-none focus:ring-1 focus:ring-[#0f6cbd]"%0D%0A+                       />%0D%0A+                     </div>%0D%0A+ %0D%0A+                     <div className="flex justify-end gap-2 pt-1">%0D%0A+                       <button%0D%0A+                         type="button"%0D%0A+                         onClick={() => setShowAddBibleProduct(false)}%0D%0A+                         className="inline-flex h-9 items-center rounded border border-[#c8c6c4] px-3 text-[13px] font-medium text-[#323130] hover:bg-black/[.03]"%0D%0A+                       >%0D%0A+                         Cancel%0D%0A+                       </button>%0D%0A+                       <button%0D%0A+                         type="submit"%0D%0A+                         className="inline-flex h-9 items-center gap-1.5 rounded bg-[#0f6cbd] px-3 text-[13px] font-medium text-white hover:bg-[#004578]"%0D%0A+                       >%0D%0A+                         <Check className="h-3.5 w-3.5" />%0D%0A+                         <span>Register spec</span>%0D%0A+                       </button>%0D%0A+                     </div>%0D%0A+                   </form>%0D%0A+                 )}%0D%0A+ %0D%0A+                 {/* List of Specs */}%0D%0A+                 <div className="max-h-[400px] space-y-1 overflow-y-auto">%0D%0A+                   {filteredBibleProducts.length === 0 ? (%0D%0A+                     <p className="py-6 text-center text-[12px] text-[#8a8886]">No matching standard specifications found.</p>%0D%0A+                   ) : (%0D%0A+                     filteredBibleProducts.map(bp => {%0D%0A+                       const isSelected = bp.id === selectedBibleProductId;%0D%0A+                       return (%0D%0A+                         <button%0D%0A+                           key={bp.id}%0D%0A+                           onClick={() => setSelectedBibleProductId(bp.id)}%0D%0A+                           className={`flex w-full items-center justify-between rounded border p-2.5 text-left text-[13px] ${%0D%0A+                             isSelected%0D%0A+                               ? 'border-[#0f6cbd] bg-[#eff6fc] text-[#0f6cbd]'%0D%0A+                               : 'border-[#e1dfdd] bg-white text-[#323130] hover:bg-black/[.02]'%0D%0A+                           }`}%0D%0A+                         >%0D%0A+                           <div className="min-w-0">%0D%0A+                             <p className="truncate leading-snug">{bp.name}</p>%0D%0A+                             <span className="mt-0.5 block text-[11px] text-[#8a8886]">{bp.type}</span>%0D%0A+                           </div>%0D%0A+ %0D%0A+                           <div className="ml-2 flex shrink-0 items-center gap-1.5">%0D%0A+                             <span className={`rounded px-1.5 py-0.5 text-[11px] font-medium ${%0D%0A+                               bp.riskTier === 'High' ? 'bg-[#fdf2f2] text-[#a4262c]' :%0D%0A+                               bp.riskTier === 'Medium' ? 'bg-[#fff4ce] text-[#8a5700]' :%0D%0A+                               'bg-[#dff6dd] text-[#0e700e]'%0D%0A+                             }`}>%0D%0A+                               {bp.riskTier}%0D%0A+                             </span>%0D%0A+                             <ChevronRight className={`h-3.5 w-3.5 ${isSelected ? 'text-[#0f6cbd]' : 'text-[#8a8886]'}`} />%0D%0A+                           </div>%0D%0A+                         </button>%0D%0A+                       );%0D%0A+                     })%0D%0A+                   )}%0D%0A+                 </div>%0D%0A+               </div>%0D%0A+             </div>%0D%0A+ %0D%0A+             {/* Right 2 Columns: Specification Details & Interactive Sandbox compliance auditor */}%0D%0A+             <div className="lg:col-span-2 space-y-4">%0D%0A+ %0D%0A+               {/* Card 1: Active Specification detail */}%0D%0A+               {activeBibleProduct && (%0D%0A+                 <div className="rounded-md border border-[#e1dfdd] bg-white p-4 space-y-3">%0D%0A+                   <div className="flex items-start justify-between border-b border-[#e1dfdd] pb-3">%0D%0A+                     <div>%0D%0A+                       <span className="text-[11px] font-medium uppercase tracking-wide text-[#0f6cbd]">Approved platform standard spec</span>%0D%0A+                       <h3 className="mt-1 flex items-center gap-1.5 text-[15px] font-semibold text-[#201f1e]">%0D%0A+                         <CheckCircle2 className="h-4 w-4 text-[#0e700e]" />%0D%0A+                         {activeBibleProduct.name}%0D%0A+                       </h3>%0D%0A+                       <p className="mt-0.5 text-[12px] text-[#605e5c]">{activeBibleProduct.type}</p>%0D%0A+                     </div>%0D%0A+ %0D%0A+                     <span className="rounded border border-[#c8c6c4] bg-[#eff6fc] px-2 py-0.5 text-[12px] font-medium text-[#0f6cbd]">%0D%0A+                       Baseline v{activeBibleProduct.baselineSecureVersion}%0D%0A+                     </span>%0D%0A+                   </div>%0D%0A+ %0D%0A+                   <div className="grid grid-cols-1 gap-4 md:grid-cols-2">%0D%0A+                     <div className="space-y-3">%0D%0A+                       <div>%0D%0A+                         <span className="block text-[11px] font-medium uppercase text-[#605e5c]">Permitted (greenlist) licenses</span>%0D%0A+                         <div className="mt-1.5 flex flex-wrap gap-1.5">%0D%0A+                           {activeBibleProduct.allowedLicenses.map((lic: string) => (%0D%0A+                             <span key={lic} className="rounded border border-[#c8c6c4] bg-[#dff6dd] px-2 py-0.5 text-[11px] font-medium text-[#0e700e]">%0D%0A+                               {lic}%0D%0A+                             </span>%0D%0A+                           ))}%0D%0A+                           {activeBibleProduct.allowedLicenses.length === 0 && <span className="text-[12px] italic text-[#8a8886]">None specified</span>}%0D%0A+                         </div>%0D%0A+                       </div>%0D%0A+ %0D%0A+                       <div>%0D%0A+                         <span className="block text-[11px] font-medium uppercase text-[#605e5c]">Prohibited (blacklisted) licenses</span>%0D%0A+                         <div className="mt-1.5 flex flex-wrap gap-1.5">%0D%0A+                           {activeBibleProduct.disallowedLicenses.map((lic: string) => (%0D%0A+                             <span key={lic} className="rounded border border-[#c8c6c4] bg-[#fdf2f2] px-2 py-0.5 text-[11px] font-medium text-[#a4262c]">%0D%0A+                               {lic}%0D%0A+                             </span>%0D%0A+                           ))}%0D%0A+                           {activeBibleProduct.disallowedLicenses.length === 0 && <span className="text-[12px] italic text-[#8a8886]">None prohibited</span>}%0D%0A+                         </div>%0D%0A+                       </div>%0D%0A+                     </div>%0D%0A+ %0D%0A+                     <div className="space-y-2 rounded-md border border-[#e1dfdd] bg-[#faf9f8] p-3">%0D%0A+                       <span className="block text-[11px] font-medium uppercase text-[#605e5c]">Target regulatory framework compliance</span>%0D%0A+                       <p className="text-[13px] font-medium text-[#323130]">{activeBibleProduct.complianceTarget}</p>%0D%0A+                       <p className="text-[12px] leading-normal text-[#605e5c]">%0D%0A+                         Ingested components of this product category must be validated in accordance with audit guidelines mapped to this baseline.%0D%0A+                       </p>%0D%0A+                     </div>%0D%0A+                   </div>%0D%0A+ %0D%0A+                   <div className="space-y-1.5 rounded-md border border-[#e1dfdd] bg-[#eff6fc] p-3">%0D%0A+                     <span className="block text-[11px] font-medium uppercase tracking-wide text-[#0f6cbd]">Standard core safeguards policy</span>%0D%0A+                     <p className="text-[13px] leading-normal text-[#323130]">{activeBibleProduct.safeguardPolicy}</p>%0D%0A+                   </div>%0D%0A+                 </div>%0D%0A+               )}%0D%0A+ %0D%0A+               {/* Card 2: Interactive Sandbox Compliance Auditor */}%0D%0A+               <div className="rounded-md border border-[#e1dfdd] bg-white p-4 space-y-3">%0D%0A+                 <div>%0D%0A+                   <h3 className="flex items-center gap-1.5 text-[14px] font-semibold text-[#201f1e]">%0D%0A+                     <Sparkles className="h-4 w-4 text-[#0f6cbd]" />%0D%0A+                     <span>Interactive product compliance sandbox</span>%0D%0A+                   </h3>%0D%0A+                   <p className="mt-0.5 text-[12px] text-[#605e5c]">%0D%0A+                     Simulate software ingest requests and instantly check compliance against the Master Product Bible.%0D%0A+                   </p>%0D%0A+                 </div>%0D%0A+ %0D%0A+                 <div className="grid grid-cols-1 gap-4 md:grid-cols-2">%0D%0A+                   <div className="space-y-3">%0D%0A+                     <div>%0D%0A+                       <label className="mb-1 block text-[12px] font-medium text-[#605e5c]">Select target product class</label>%0D%0A+                       <select%0D%0A+                         value={sandboxProduct}%0D%0A+                         onChange={(e) => {%0D%0A+                           setSandboxProduct(e.target.value);%0D%0A+                           const found = bibleProducts.find(bp => bp.name === e.target.value);%0D%0A+                           if (found) {%0D%0A+                             setSandboxVersion(found.baselineSecureVersion);%0D%0A+                             setSandboxLicense(found.allowedLicenses[0] || 'MIT');%0D%0A+                           }%0D%0A+                         }}%0D%0A+                         className="h-9 w-full rounded border border-[#c8c6c4] px-2.5 text-[13px] focus:border-[#0f6cbd] focus:outline-none focus:ring-1 focus:ring-[#0f6cbd]"%0D%0A+                       >%0D%0A+                         {bibleProducts.map(bp => (%0D%0A+                           <option key={bp.id} value={bp.name}>{bp.name}</option>%0D%0A+                         ))}%0D%0A+                         <option value="custom">-- Custom/unregistered product --</option>%0D%0A+                       </select>%0D%0A+                     </div>%0D%0A+ %0D%0A+                     {sandboxProduct === 'custom' && (%0D%0A+                       <div>%0D%0A+                         <label className="mb-1 block text-[12px] font-medium text-[#605e5c]">Custom product name</label>%0D%0A+                         <input%0D%0A+                           type="text"%0D%0A+                           placeholder="e.g. Apache Kafka"%0D%0A+                           value={sandboxCustomName}%0D%0A+                           onChange={(e) => setSandboxCustomName(e.target.value)}%0D%0A+                           className="h-9 w-full rounded border border-[#c8c6c4] px-2.5 text-[13px] focus:border-[#0f6cbd] focus:outline-none focus:ring-1 focus:ring-[#0f6cbd]"%0D%0A+                         />%0D%0A+                       </div>%0D%0A+                     )}%0D%0A+ %0D%0A+                     <div className="grid grid-cols-2 gap-2">%0D%0A+                       <div>%0D%0A+                         <label className="mb-1 block text-[12px] font-medium text-[#605e5c]">Ingested version</label>%0D%0A+                         <input%0D%0A+                           type="text"%0D%0A+                           value={sandboxVersion}%0D%0A+                           onChange={(e) => setSandboxVersion(e.target.value)}%0D%0A+                           className="h-9 w-full rounded border border-[#c8c6c4] px-2.5 font-mono text-[13px] focus:border-[#0f6cbd] focus:outline-none focus:ring-1 focus:ring-[#0f6cbd]"%0D%0A+                           placeholder="e.g. 1.25.0"%0D%0A+                         />%0D%0A+                       </div>%0D%0A+ %0D%0A+                       <div>%0D%0A+                         <label className="mb-1 block text-[12px] font-medium text-[#605e5c]">License SPDX</label>%0D%0A+                         <input%0D%0A+                           type="text"%0D%0A+                           value={sandboxLicense}%0D%0A+                           onChange={(e) => setSandboxLicense(e.target.value)}%0D%0A+                           className="h-9 w-full rounded border border-[#c8c6c4] px-2.5 font-mono text-[13px] focus:border-[#0f6cbd] focus:outline-none focus:ring-1 focus:ring-[#0f6cbd]"%0D%0A+                           placeholder="e.g. GPL-3.0-only"%0D%0A+                         />%0D%0A+                       </div>%0D%0A+                     </div>%0D%0A+ %0D%0A+                     <div>%0D%0A+                       <label className="mb-1 block text-[12px] font-medium text-[#605e5c]">Target deploy environment</label>%0D%0A+                       <div className="grid grid-cols-3 gap-2">%0D%0A+                         {['Production', 'Staging', 'Development'].map(env => (%0D%0A+                           <button%0D%0A+                             key={env}%0D%0A+                             type="button"%0D%0A+                             onClick={() => setSandboxEnv(env)}%0D%0A+                             className={`rounded border p-2 text-center text-[12px] font-medium ${%0D%0A+                               sandboxEnv === env%0D%0A+                                 ? 'border-[#0f6cbd] bg-[#eff6fc] text-[#0f6cbd]'%0D%0A+                                 : 'border-[#c8c6c4] text-[#605e5c] hover:bg-black/[.03]'%0D%0A+                             }`}%0D%0A+                           >%0D%0A+                             {env}%0D%0A+                           </button>%0D%0A+                         ))}%0D%0A+                       </div>%0D%0A+                     </div>%0D%0A+ %0D%0A+                     <button%0D%0A+                       type="button"%0D%0A+                       onClick={handleRunSandboxAudit}%0D%0A+                       className="flex h-9 w-full items-center justify-center gap-1.5 rounded bg-[#0f6cbd] text-[13px] font-medium text-white hover:bg-[#004578]"%0D%0A+                     >%0D%0A+                       <Play className="h-3.5 w-3.5" />%0D%0A+                       <span>Run sandbox compliance attestation</span>%0D%0A+                     </button>%0D%0A+                   </div>%0D%0A+ %0D%0A+                   {/* Attestation Sandbox Report panel */}%0D%0A+                   <div className="flex min-h-[240px] flex-col justify-between rounded-md border border-[#e1dfdd] bg-[#faf9f8] p-3">%0D%0A+                     {sandboxReport ? (%0D%0A+                       <div className="space-y-3">%0D%0A+                         <div className="flex items-center justify-between border-b border-[#e1dfdd] pb-2">%0D%0A+                           <div>%0D%0A+                             <span className="block text-[11px] font-medium text-[#605e5c]">Attestation report</span>%0D%0A+                             <h4 className="max-w-[160px] truncate text-[13px] font-semibold text-[#201f1e]">{sandboxReport.productName}</h4>%0D%0A+                           </div>%0D%0A+ %0D%0A+                           <span className={`inline-flex items-center gap-1 rounded border border-[#c8c6c4] px-2 py-0.5 text-[11px] font-medium ${%0D%0A+                             sandboxReport.overallStatus === 'PASS' ? 'bg-[#dff6dd] text-[#0e700e]' :%0D%0A+                             sandboxReport.overallStatus === 'WARN' ? 'bg-[#fff4ce] text-[#8a5700]' :%0D%0A+                             'bg-[#fdf2f2] text-[#a4262c]'%0D%0A+                           }`}>%0D%0A+                             <span className={`h-1.5 w-1.5 rounded-full ${%0D%0A+                               sandboxReport.overallStatus === 'PASS' ? 'bg-[#0e700e]' :%0D%0A+                               sandboxReport.overallStatus === 'WARN' ? 'bg-[#8a5700]' :%0D%0A+                               'bg-[#a4262c]'%0D%0A+                             }`} />%0D%0A+                             {sandboxReport.overallStatus}%0D%0A+                           </span>%0D%0A+                         </div>%0D%0A+ %0D%0A+                         <div className="space-y-2 text-[12px] leading-normal">%0D%0A+                           <div className="flex items-start gap-1.5">%0D%0A+                             {sandboxReport.versionStatus === 'Compliant' ? (%0D%0A+                               <Check className="mt-0.5 h-3.5 w-3.5 shrink-0 text-[#0e700e]" />%0D%0A+                             ) : sandboxReport.versionStatus === 'Warning' ? (%0D%0A+                               <AlertTriangle className="mt-0.5 h-3.5 w-3.5 shrink-0 text-[#8a5700]" />%0D%0A+                             ) : (%0D%0A+                               <ShieldAlert className="mt-0.5 h-3.5 w-3.5 shrink-0 text-[#a4262c]" />%0D%0A+                             )}%0D%0A+                             <div>%0D%0A+                               <span className="font-medium text-[#323130]">Version standard: </span>%0D%0A+                               <span className="text-[#605e5c]">{sandboxReport.versionDetails}</span>%0D%0A+                             </div>%0D%0A+                           </div>%0D%0A+ %0D%0A+                           <div className="flex items-start gap-1.5">%0D%0A+                             {sandboxReport.licenseStatus === 'Compliant' ? (%0D%0A+                               <Check className="mt-0.5 h-3.5 w-3.5 shrink-0 text-[#0e700e]" />%0D%0A+                             ) : sandboxReport.licenseStatus === 'Warning' ? (%0D%0A+                               <AlertTriangle className="mt-0.5 h-3.5 w-3.5 shrink-0 text-[#8a5700]" />%0D%0A+                             ) : (%0D%0A+                               <ShieldAlert className="mt-0.5 h-3.5 w-3.5 shrink-0 text-[#a4262c]" />%0D%0A+                             )}%0D%0A+                             <div>%0D%0A+                               <span className="font-medium text-[#323130]">License standard: </span>%0D%0A+                               <span className="text-[#605e5c]">{sandboxReport.licenseDetails}</span>%0D%0A+                             </div>%0D%0A+                           </div>%0D%0A+                         </div>%0D%0A+ %0D%0A+                         <div className="space-y-1 rounded border border-[#e1dfdd] bg-white p-2.5 text-[12px] leading-normal text-[#605e5c]">%0D%0A+                           <p className="text-[11px] font-medium uppercase text-[#323130]">Compliance checklist ({sandboxReport.complianceTarget}):</p>%0D%0A+                           <p className="italic">{sandboxReport.safeguardPolicy}</p>%0D%0A+                         </div>%0D%0A+                       </div>%0D%0A+                     ) : (%0D%0A+                       <div className="flex h-full flex-col items-center justify-center space-y-2 py-10 text-center text-[#8a8886]">%0D%0A+                         <Sliders className="h-6 w-6 text-[#c8c6c4]" />%0D%0A+                         <p className="mt-2 text-[13px] font-medium text-[#605e5c]">Attestation pending</p>%0D%0A+                         <p className="max-w-[220px] text-[12px] leading-snug text-[#8a8886]">%0D%0A+                           Configure simulation parameters and run the sandbox compliance attestation to test build parameters against standards.%0D%0A+                         </p>%0D%0A+                       </div>%0D%0A+                     )}%0D%0A+ %0D%0A+                     <div className="mt-2 flex items-center justify-between border-t border-[#e1dfdd] pt-2 text-[11px] text-[#8a8886]">%0D%0A+                       <span>Audit kernel: SEC_ENGINE_v1.0</span>%0D%0A+                       {sandboxReport && (%0D%0A+                         <span>Attested: {new Date(sandboxReport.timestamp).toLocaleTimeString()}</span>%0D%0A+                       )}%0D%0A+                     </div>%0D%0A+                   </div>%0D%0A+                 </div>%0D%0A+ %0D%0A+               </div>%0D%0A+ %0D%0A+             </div>%0D%0A+ %0D%0A+           </div>%0D%0A+         </div>%0D%0A+       )}%0D%0A+     </div>%0D%0A+   );%0D%0A+ }%0D%0A+%0A%0A ❯ tests/settings-guide-contract.test.ts:18:15%0A%0A

::error file=/home/runner/work/software-passport-registry/software-passport-registry/tests/settings-guide-contract.test.ts,title=tests/settings-guide-contract.test.ts > Settings "Getting Started" guide stays honest about real gaps > still discloses billing has no backend,line=23,column=22::AssertionError: expected '/**\r\n * @license\r\n * SPDX-License…' to contain 'no backend exists yet'%0A%0A- Expected%0A+ Received%0A%0A- no backend exists yet%0A+ /**%0D%0A+  * @license%0D%0A+  * SPDX-License-Identifier: Apache-2.0%0D%0A+  */%0D%0A+ %0D%0A+ import React, { useState, useEffect, useMemo } from 'react';%0D%0A+ import {%0D%0A+   Settings, Shield, Sliders, KeyRound, Bell, HelpCircle, CheckCircle,%0D%0A+   Sun, Moon, RefreshCw, Trash2, Fingerprint, Lock, FileText, Globe, FileCode,%0D%0A+   BookOpen, Search, Sparkles, PlusCircle, AlertTriangle, Play, ChevronRight, Check,%0D%0A+   ExternalLink, Layers, Info, Filter, ShieldAlert, BadgeAlert, CheckCircle2, AlertCircle%0D%0A+ } from 'lucide-react';%0D%0A+ import { auth } from '../lib/firebase';%0D%0A+ import { apiFetch } from '../utils/apiClient';%0D%0A+ %0D%0A+ interface SettingsViewProps {%0D%0A+   theme: 'light' | 'dark';%0D%0A+   onToggleTheme: () => void;%0D%0A+ }%0D%0A+ %0D%0A+ export default function SettingsView({ theme, onToggleTheme }: SettingsViewProps) {%0D%0A+   const [activeSubTab, setActiveSubTab] = useState<'configurations' | 'bible' | 'organization'>('configurations');%0D%0A+   const [mfaEnabled, setMfaEnabled] = useState(true);%0D%0A+   const [slaTarget, setSlaTarget] = useState(85);%0D%0A+   const [saveSuccess, setSaveSuccess] = useState(false);%0D%0A+   const [offboarding, setOffboarding] = useState(false);%0D%0A+   const [testing, setTesting] = useState(false);%0D%0A+   const [testResults, setTestResults] = useState<any[]>([]);%0D%0A+ %0D%0A+   // Profile & Org/Team States%0D%0A+   const [profile, setProfile] = useState<any>(null);%0D%0A+   const [teamMembers, setTeamMembers] = useState<any[]>([]);%0D%0A+   const [inviteEmail, setInviteEmail] = useState('');%0D%0A+   const [inviteRole, setInviteRole] = useState('Technician');%0D%0A+   const [editingProfile, setEditingProfile] = useState(false);%0D%0A+   const [profileName, setProfileName] = useState('');%0D%0A+   const [profileJobTitle, setProfileJobTitle] = useState('');%0D%0A+   const [profileCompany, setProfileCompany] = useState('');%0D%0A+   const [loadingTeam, setLoadingTeam] = useState(false);%0D%0A+   const [teamError, setTeamError] = useState<string | null>(null);%0D%0A+   const [teamSuccess, setTeamSuccess] = useState<string | null>(null);%0D%0A+ %0D%0A+   // profile is fetched from /api/user/me, which already returns the caller's%0D%0A+   // role — derive gating from it directly rather than requiring a separate%0D%0A+   // prop. Matches backend enforcement exactly: POST /api/tenant/offboard is%0D%0A+   // requireRole('Owner'); team invite/role-change/remove are requireRole%0D%0A+   // (['Owner','Admin']) (auth.ts).%0D%0A+   const currentRole: string = profile?.role || 'Viewer';%0D%0A+   const isOwner = currentRole === 'Owner';%0D%0A+   const canManageTeam = isOwner || currentRole === 'Admin';%0D%0A+ %0D%0A+   const fetchProfileAndTeam = async () => {%0D%0A+     setLoadingTeam(true);%0D%0A+     try {%0D%0A+       // 1. Fetch user profile%0D%0A+       const profRes = await apiFetch('/api/user/me');%0D%0A+       if (profRes.ok) {%0D%0A+         const profData = await profRes.json();%0D%0A+         setProfile(profData);%0D%0A+         setProfileName(profData.displayName || '');%0D%0A+         setProfileJobTitle(profData.roleTitle || '');%0D%0A+         setProfileCompany(profData.companyName || '');%0D%0A+       }%0D%0A+ %0D%0A+       // 2. Fetch team members%0D%0A+       const teamRes = await apiFetch('/api/organization/team');%0D%0A+       if (teamRes.ok) {%0D%0A+         const teamData = await teamRes.json();%0D%0A+         setTeamMembers(teamData);%0D%0A+       }%0D%0A+     } catch (err) {%0D%0A+       console.error('Error fetching profile or organization team:', err);%0D%0A+     } finally {%0D%0A+       setLoadingTeam(false);%0D%0A+     }%0D%0A+   };%0D%0A+ %0D%0A+   const handleInviteMember = async (e: React.FormEvent) => {%0D%0A+     e.preventDefault();%0D%0A+     if (!inviteEmail || !canManageTeam) return;%0D%0A+     setTeamError(null);%0D%0A+     setTeamSuccess(null);%0D%0A+     try {%0D%0A+       const res = await apiFetch('/api/organization/invite', {%0D%0A+         method: 'POST',%0D%0A+         headers: { 'Content-Type': 'application/json' },%0D%0A+         body: JSON.stringify({ email: inviteEmail, role: inviteRole })%0D%0A+       });%0D%0A+       if (res.ok) {%0D%0A+         setTeamSuccess(`Successfully sent security invitation to ${inviteEmail}`);%0D%0A+         setInviteEmail('');%0D%0A+         fetchProfileAndTeam();%0D%0A+       } else {%0D%0A+         const errData = await res.json();%0D%0A+         setTeamError(errData.message || 'Failed to send workspace invitation.');%0D%0A+       }%0D%0A+     } catch (err) {%0D%0A+       setTeamError('Network error while dispatching invitation.');%0D%0A+     }%0D%0A+   };%0D%0A+ %0D%0A+   const handleUpdateMemberRole = async (userId: string, newRole: string) => {%0D%0A+     if (!canManageTeam) return;%0D%0A+     setTeamError(null);%0D%0A+     setTeamSuccess(null);%0D%0A+     try {%0D%0A+       const res = await apiFetch(`/api/organization/team/${userId}/role`, {%0D%0A+         method: 'PUT',%0D%0A+         headers: { 'Content-Type': 'application/json' },%0D%0A+         body: JSON.stringify({ role: newRole })%0D%0A+       });%0D%0A+       if (res.ok) {%0D%0A+         setTeamSuccess('Workspace member role updated successfully.');%0D%0A+         fetchProfileAndTeam();%0D%0A+       } else {%0D%0A+         const errData = await res.json();%0D%0A+         setTeamError(errData.message || 'Permission denied.');%0D%0A+       }%0D%0A+     } catch (err) {%0D%0A+       setTeamError('Failed to synchronize updated permission rules.');%0D%0A+     }%0D%0A+   };%0D%0A+ %0D%0A+   const handleRemoveMember = async (userId: string) => {%0D%0A+     if (!canManageTeam) return;%0D%0A+     const confirmed = window.confirm('Are you sure you want to revoke this user\'s workspace security credentials?');%0D%0A+     if (!confirmed) return;%0D%0A+     setTeamError(null);%0D%0A+     setTeamSuccess(null);%0D%0A+     try {%0D%0A+       const res = await apiFetch(`/api/organization/team/${userId}`, {%0D%0A+         method: 'DELETE'%0D%0A+       });%0D%0A+       if (res.ok) {%0D%0A+         setTeamSuccess('Revoked workspace access and terminated session keys.');%0D%0A+         fetchProfileAndTeam();%0D%0A+       } else {%0D%0A+         const errData = await res.json();%0D%0A+         setTeamError(errData.message || 'Rejection from database.');%0D%0A+       }%0D%0A+     } catch (err) {%0D%0A+       setTeamError('Failed to remove member.');%0D%0A+     }%0D%0A+   };%0D%0A+ %0D%0A+   const handleSaveProfile = async (e: React.FormEvent) => {%0D%0A+     e.preventDefault();%0D%0A+     setTeamError(null);%0D%0A+     setTeamSuccess(null);%0D%0A+     try {%0D%0A+       const res = await apiFetch('/api/user/profile', {%0D%0A+         method: 'PUT',%0D%0A+         headers: { 'Content-Type': 'application/json' },%0D%0A+         body: JSON.stringify({%0D%0A+           displayName: profileName,%0D%0A+           roleTitle: profileJobTitle,%0D%0A+           companyName: profileCompany%0D%0A+         })%0D%0A+       });%0D%0A+       if (res.ok) {%0D%0A+         setTeamSuccess('User profile details updated successfully.');%0D%0A+         setEditingProfile(false);%0D%0A+         fetchProfileAndTeam();%0D%0A+       } else {%0D%0A+         const errData = await res.json();%0D%0A+         setTeamError(errData.message || 'Failed to save details.');%0D%0A+       }%0D%0A+     } catch (err) {%0D%0A+       setTeamError('Failed to save profile changes.');%0D%0A+     }%0D%0A+   };%0D%0A+ %0D%0A+   // Product Bible list%0D%0A+   const [bibleProducts, setBibleProducts] = useState<any[]>([%0D%0A+     {%0D%0A+       id: 'pb-nginx',%0D%0A+       name: 'Nginx Web Server',%0D%0A+       type: 'Web Infrastructure / Proxy',%0D%0A+       baselineSecureVersion: '1.24.0',%0D%0A+       allowedLicenses: ['BSD-2-Clause', 'MIT', 'Apache-2.0'],%0D%0A+       disallowedLicenses: ['GPL-3.0-only', 'AGPL-3.0-only'],%0D%0A+       riskTier: 'Low',%0D%0A+       complianceTarget: 'SOC 2 CC6.1 / NIST SP 800-53',%0D%0A+       safeguardPolicy: 'Enforce TLS 1.3 only, disable cleartext HTTP ports, and prune default Server header metadata.'%0D%0A+     },%0D%0A+     {%0D%0A+       id: 'pb-postgres',%0D%0A+       name: 'PostgreSQL Relational Engine',%0D%0A+       type: 'Database Systems',%0D%0A+       baselineSecureVersion: '15.4',%0D%0A+       allowedLicenses: ['PostgreSQL', 'MIT', 'Apache-2.0'],%0D%0A+       disallowedLicenses: ['AGPL-3.0-only', 'GPL-3.0-only'],%0D%0A+       riskTier: 'Low',%0D%0A+       complianceTarget: 'NIST SP 800-171 / HIPAA Sec. 164',%0D%0A+       safeguardPolicy: 'Enable row-level security (RLS), mandate pgcrypto encryption for columns, and bind exclusively to localized subnets.'%0D%0A+     },%0D%0A+     {%0D%0A+       id: 'pb-redis',%0D%0A+       name: 'Redis In-Memory Key-Value Cache',%0D%0A+       type: 'Cache Systems',%0D%0A+       baselineSecureVersion: '7.0.12',%0D%0A+       allowedLicenses: ['BSD-3-Clause', 'MIT'],%0D%0A+       disallowedLicenses: ['SSPL-1.0', 'AGPL-3.0-only'],%0D%0A+       riskTier: 'Medium',%0D%0A+       complianceTarget: 'PCI-DSS v4.0 Req 2 & 3',%0D%0A+       safeguardPolicy: 'Disable custom dangerous admin commands (CONFIG, FLUSHALL), set authentication passwords, and restrict container loopbacks.'%0D%0A+     },%0D%0A+     {%0D%0A+       id: 'pb-log4j',%0D%0A+       name: 'Apache Log4j Core Logging',%0D%0A+       type: 'Open Source Logging Framework',%0D%0A+       baselineSecureVersion: '2.17.1',%0D%0A+       allowedLicenses: ['Apache-2.0'],%0D%0A+       disallowedLicenses: ['GPL-3.0-only', 'AGPL-3.0-only'],%0D%0A+       riskTier: 'High',%0D%0A+       complianceTarget: 'CISA KEV Mitigation Directive',%0D%0A+       safeguardPolicy: 'Ensure strict lookup disabling (formatMsgNoLookups=true) and remove JMSAppender class files from all builds to neutralize JNDI execution risks.'%0D%0A+     },%0D%0A+     {%0D%0A+       id: 'pb-docker',%0D%0A+       name: 'Docker Container base environment',%0D%0A+       type: 'Container Foundations',%0D%0A+       baselineSecureVersion: '24.0.5',%0D%0A+       allowedLicenses: ['Apache-2.0', 'MIT'],%0D%0A+       disallowedLicenses: ['GPL-3.0-only', 'AGPL-3.0-only'],%0D%0A+       riskTier: 'Low',%0D%0A+       complianceTarget: 'CIS Docker Benchmarks v1.6',%0D%0A+       safeguardPolicy: 'Run containers with non-root privileges, specify readonly root filesystems, and strip all unneeded kernel capabilities (SYS_ADMIN).'%0D%0A+     }%0D%0A+   ]);%0D%0A+ %0D%0A+   // Search/Filter state for Product Bible%0D%0A+   const [bibleSearchQuery, setBibleSearchQuery] = useState('');%0D%0A+   const [bibleFilterRisk, setBibleFilterRisk] = useState('all');%0D%0A+   const [selectedBibleProductId, setSelectedBibleProductId] = useState<string>('pb-nginx');%0D%0A+ %0D%0A+   // New Bible Product form fields%0D%0A+   const [showAddBibleProduct, setShowAddBibleProduct] = useState(false);%0D%0A+   const [newBpName, setNewBpName] = useState('');%0D%0A+   const [newBpType, setNewBpType] = useState('Web Infrastructure / Proxy');%0D%0A+   const [newBpVersion, setNewBpVersion] = useState('');%0D%0A+   const [newBpAllowedLics, setNewBpAllowedLics] = useState('MIT, Apache-2.0, BSD-3-Clause');%0D%0A+   const [newBpDisallowedLics, setNewBpDisallowedLics] = useState('GPL-3.0-only, AGPL-3.0-only');%0D%0A+   const [newBpRisk, setNewBpRisk] = useState<'Low' | 'Medium' | 'High'>('Low');%0D%0A+   const [newBpCompliance, setNewBpCompliance] = useState('');%0D%0A+   const [newBpSafeguard, setNewBpSafeguard] = useState('');%0D%0A+ %0D%0A+   // Sandbox Auditor states%0D%0A+   const [sandboxProduct, setSandboxProduct] = useState('Nginx Web Server');%0D%0A+   const [sandboxCustomName, setSandboxCustomName] = useState('');%0D%0A+   const [sandboxVersion, setSandboxVersion] = useState('1.25.1');%0D%0A+   const [sandboxLicense, setSandboxLicense] = useState('MIT');%0D%0A+   const [sandboxEnv, setSandboxEnv] = useState('Production');%0D%0A+   const [sandboxReport, setSandboxReport] = useState<any | null>(null);%0D%0A+ %0D%0A+   // Multi-tenant Active Sessions, SSO and Cryptographic audit state%0D%0A+   const [sessions, setSessions] = useState<any[]>([]);%0D%0A+   const [history, setHistory] = useState<any[]>([]);%0D%0A+   const [auditChain, setAuditChain] = useState<any[]>([]);%0D%0A+   const [loadingLedgers, setLoadingLedgers] = useState(false);%0D%0A+   const [verifyingLedger, setVerifyingLedger] = useState(false);%0D%0A+   const [verificationResult, setVerificationResult] = useState<any | null>(null);%0D%0A+ %0D%0A+   // SAML SSO Form settings%0D%0A+   const [ssoEnabled, setSsoEnabled] = useState(true);%0D%0A+   const [ssoProvider, setSsoProvider] = useState('Okta Enterprise IdP');%0D%0A+   const [ssoMetadataUrl, setSsoMetadataUrl] = useState('https://idp.okta.com/app/exk810/sso/saml/metadata');%0D%0A+   const [ssoClientId, setSsoClientId] = useState('spr_msp_okta_prod_01');%0D%0A+ %0D%0A+   const handleVerifyLedger = async () => {%0D%0A+     setVerifyingLedger(true);%0D%0A+     setVerificationResult(null);%0D%0A+     try {%0D%0A+       const res = await apiFetch('/api/auth/audit-chain/verify');%0D%0A+       if (res.ok) {%0D%0A+         const data = await res.json();%0D%0A+         setVerificationResult(data);%0D%0A+       } else {%0D%0A+         setVerificationResult({%0D%0A+           isValid: false,%0D%0A+           error: 'Verification request returned a server exception.'%0D%0A+         });%0D%0A+       }%0D%0A+     } catch (err: any) {%0D%0A+       setVerificationResult({%0D%0A+         isValid: false,%0D%0A+         error: err?.message || 'Network connection timeout.'%0D%0A+       });%0D%0A+     } finally {%0D%0A+       setVerifyingLedger(false);%0D%0A+     }%0D%0A+   };%0D%0A+ %0D%0A+   const fetchAuthDataLedgers = async () => {%0D%0A+     setLoadingLedgers(true);%0D%0A+     try {%0D%0A+       const sessRes = await apiFetch('/api/auth/sessions');%0D%0A+       if (sessRes.ok) {%0D%0A+         const data = await sessRes.json();%0D%0A+         setSessions(data);%0D%0A+       }%0D%0A+ %0D%0A+       const histRes = await apiFetch('/api/auth/login-history');%0D%0A+       if (histRes.ok) {%0D%0A+         const data = await histRes.json();%0D%0A+         setHistory(data);%0D%0A+       }%0D%0A+ %0D%0A+       const chainRes = await apiFetch('/api/auth/audit-chain');%0D%0A+       if (chainRes.ok) {%0D%0A+         const data = await chainRes.json();%0D%0A+         setAuditChain(data);%0D%0A+       }%0D%0A+     } catch (err) {%0D%0A+       console.error('Error fetching identity and compliance data ledgers:', err);%0D%0A+     } finally {%0D%0A+       setLoadingLedgers(false);%0D%0A+     }%0D%0A+   };%0D%0A+ %0D%0A+   useEffect(() => {%0D%0A+     fetchAuthDataLedgers();%0D%0A+     fetchProfileAndTeam();%0D%0A+   }, []);%0D%0A+ %0D%0A+   const handleRevokeSession = async (sessionId: string) => {%0D%0A+     try {%0D%0A+       const res = await apiFetch('/api/auth/sessions/revoke', {%0D%0A+         method: 'POST',%0D%0A+         headers: { 'Content-Type': 'application/json' },%0D%0A+         body: JSON.stringify({ sessionId })%0D%0A+       });%0D%0A+       if (res.ok) {%0D%0A+         fetchAuthDataLedgers();%0D%0A+       } else {%0D%0A+         alert('Could not complete session revocation.');%0D%0A+       }%0D%0A+     } catch (err) {%0D%0A+       console.error('Error during session revocation:', err);%0D%0A+     }%0D%0A+   };%0D%0A+ %0D%0A+   // There is no test-runner endpoint in the backend (running the test suite%0D%0A+   // from an HTTP request would itself be a code-execution risk), and no%0D%0A+   // endpoint separately verifies RLS isolation, OAuth handshakes, or API%0D%0A+   // quota safety. This checks the one thing SPR can actually report on%0D%0A+   // itself: real database connectivity, via the existing /api/ready%0D%0A+   // readiness probe — the same one an orchestrator uses.%0D%0A+   const runDiagnosticSuite = async () => {%0D%0A+     setTesting(true);%0D%0A+     try {%0D%0A+       const res = await apiFetch('/api/ready');%0D%0A+       const data = await res.json().catch(() => ({}));%0D%0A+       const dbOk = Boolean(data?.checks?.database?.ok);%0D%0A+       setTestResults([%0D%0A+         { name: 'Database connectivity', status: dbOk ? 'PASS' : 'FAIL', details: dbOk ? `Responded in ${data.checks.database.latencyMs}ms` : data?.checks?.database?.error || 'Database unavailable' },%0D%0A+         { name: 'API reachability', status: 'PASS', details: `/api/ready responded HTTP ${res.status}` },%0D%0A+       ]);%0D%0A+     } catch (err) {%0D%0A+       console.error('Error running readiness check:', err);%0D%0A+       setTestResults([{ name: 'API reachability', status: 'FAIL', details: 'The readiness request itself failed' }]);%0D%0A+     } finally {%0D%0A+       setTesting(false);%0D%0A+     }%0D%0A+   };%0D%0A+ %0D%0A+   const handleOffboardTenant = async () => {%0D%0A+     if (!isOwner) { alert(`Your ${currentRole} role cannot offboard this workspace. Owner is required.`); return; }%0D%0A+     const confirmed = window.confirm(%0D%0A+       "CRITICAL SECURITY ALERT: Are you absolutely certain you want to offboard this tenant? This will cascade-delete all databases, software passports, compliance statuses, and credentials instantly from our PostgreSQL storage nodes. This action cannot be undone."%0D%0A+     );%0D%0A+     if (!confirmed) return;%0D%0A+ %0D%0A+     setOffboarding(true);%0D%0A+     try {%0D%0A+       const res = await apiFetch('/api/tenant/offboard', {%0D%0A+         method: 'POST',%0D%0A+       });%0D%0A+       if (res.ok) {%0D%0A+         alert("Offboarding complete. Your tenant profile and isolated workspaces have been purged from storage nodes.");%0D%0A+         localStorage.removeItem('msp_user');%0D%0A+         await auth.signOut().catch(() => {});%0D%0A+         window.location.reload();%0D%0A+       } else {%0D%0A+         const errorData = await res.json();%0D%0A+         alert(`Offboarding failed: ${errorData.error || 'Server error'}`);%0D%0A+       }%0D%0A+     } catch (err) {%0D%0A+       console.error('Failed to trigger tenant data offboarding:', err);%0D%0A+       alert('Network error while completing data purge.');%0D%0A+     } finally {%0D%0A+       setOffboarding(false);%0D%0A+     }%0D%0A+   };%0D%0A+ %0D%0A+   // No backend endpoint persists these fields (SLA target, MFA toggle, SSO%0D%0A+   // config, daily-scan cadence) — they are local component state only and%0D%0A+   // reset on reload/navigation. This used to show a "Portal configuration%0D%0A+   // updated!" success message that implied a real save; keep that claim%0D%0A+   // honest until real persistence exists rather than build a fake one.%0D%0A+   const handleSaveSettings = () => {%0D%0A+     setSaveSuccess(true);%0D%0A+     setTimeout(() => setSaveSuccess(false), 4000);%0D%0A+   };%0D%0A+ %0D%0A+   const activeBibleProduct = useMemo(() => {%0D%0A+     return bibleProducts.find(p => p.id === selectedBibleProductId) || bibleProducts[0];%0D%0A+   }, [bibleProducts, selectedBibleProductId]);%0D%0A+ %0D%0A+   const filteredBibleProducts = useMemo(() => {%0D%0A+     return bibleProducts.filter(bp => {%0D%0A+       const matchSearch = bp.name.toLowerCase().includes(bibleSearchQuery.toLowerCase()) ||%0D%0A+                           bp.type.toLowerCase().includes(bibleSearchQuery.toLowerCase()) ||%0D%0A+                           bp.complianceTarget.toLowerCase().includes(bibleSearchQuery.toLowerCase());%0D%0A+       const matchRisk = bibleFilterRisk === 'all' || bp.riskTier.toLowerCase() === bibleFilterRisk.toLowerCase();%0D%0A+       return matchSearch && matchRisk;%0D%0A+     });%0D%0A+   }, [bibleProducts, bibleSearchQuery, bibleFilterRisk]);%0D%0A+ %0D%0A+   const handleAddBibleProduct = (e: React.FormEvent) => {%0D%0A+     e.preventDefault();%0D%0A+     if (!newBpName || !newBpVersion) {%0D%0A+       alert('Please enter a product name and baseline secure version.');%0D%0A+       return;%0D%0A+     }%0D%0A+ %0D%0A+     const newProduct = {%0D%0A+       id: `pb-custom-${Date.now()}`,%0D%0A+       name: newBpName,%0D%0A+       type: newBpType,%0D%0A+       baselineSecureVersion: newBpVersion,%0D%0A+       allowedLicenses: newBpAllowedLics.split(',').map(s => s.trim()).filter(Boolean),%0D%0A+       disallowedLicenses: newBpDisallowedLics.split(',').map(s => s.trim()).filter(Boolean),%0D%0A+       riskTier: newBpRisk,%0D%0A+       complianceTarget: newBpCompliance || 'Standard Compliance Profile',%0D%0A+       safeguardPolicy: newBpSafeguard || 'Verify cryptographic signature and restrict host execution capabilities on staging.'%0D%0A+     };%0D%0A+ %0D%0A+     setBibleProducts(prev => [newProduct, ...prev]);%0D%0A+     setSelectedBibleProductId(newProduct.id);%0D%0A+     setShowAddBibleProduct(false);%0D%0A+ %0D%0A+     // Reset inputs%0D%0A+     setNewBpName('');%0D%0A+     setNewBpVersion('');%0D%0A+     setNewBpCompliance('');%0D%0A+     setNewBpSafeguard('');%0D%0A+   };%0D%0A+ %0D%0A+   const handleRunSandboxAudit = () => {%0D%0A+     let targetName = sandboxProduct;%0D%0A+     if (sandboxProduct === 'custom' && sandboxCustomName) {%0D%0A+       targetName = sandboxCustomName;%0D%0A+     }%0D%0A+ %0D%0A+     const matchedBp = bibleProducts.find(bp =>%0D%0A+       bp.name.toLowerCase() === targetName.toLowerCase() ||%0D%0A+       targetName.toLowerCase().includes(bp.name.toLowerCase())%0D%0A+     );%0D%0A+ %0D%0A+     let versionStatus: 'Compliant' | 'Warning' | 'Fail' = 'Compliant';%0D%0A+     let versionDetails = '';%0D%0A+ %0D%0A+     const inputVer = sandboxVersion.trim();%0D%0A+     if (!inputVer) {%0D%0A+       versionStatus = 'Warning';%0D%0A+       versionDetails = 'No version specified. Auditing engine cannot verify baseline standards.';%0D%0A+     } else if (matchedBp) {%0D%0A+       const baseline = matchedBp.baselineSecureVersion;%0D%0A+       const baselineNum = parseFloat(baseline.replace(/[^0-9.]/g, ''));%0D%0A+       const inputNum = parseFloat(inputVer.replace(/[^0-9.]/g, ''));%0D%0A+ %0D%0A+       if (!isNaN(baselineNum) && !isNaN(inputNum)) {%0D%0A+         if (inputNum < baselineNum) {%0D%0A+           versionStatus = 'Fail';%0D%0A+           versionDetails = `Ingested version v${inputVer} is older than the recommended secure baseline v${baseline}. Potential known CVE exposures exist!`;%0D%0A+         } else {%0D%0A+           versionStatus = 'Compliant';%0D%0A+           versionDetails = `Version v${inputVer} matches or exceeds secure baseline standards (v${baseline}).`;%0D%0A+         }%0D%0A+       } else {%0D%0A+         versionDetails = `Assumed compatible with baseline standards (Recommended baseline: v${baseline}).`;%0D%0A+       }%0D%0A+     } else {%0D%0A+       versionDetails = 'Unregistered custom software. Compliance baseline has not been defined in the Master Bible.';%0D%0A+     }%0D%0A+ %0D%0A+     let licenseStatus: 'Compliant' | 'Warning' | 'Fail' = 'Compliant';%0D%0A+     let licenseDetails = '';%0D%0A+ %0D%0A+     if (matchedBp) {%0D%0A+       const allowed = matchedBp.allowedLicenses.map((l: string) => l.toLowerCase());%0D%0A+       const disallowed = matchedBp.disallowedLicenses.map((l: string) => l.toLowerCase());%0D%0A+       const queryLic = sandboxLicense.trim().toLowerCase();%0D%0A+ %0D%0A+       if (disallowed.includes(queryLic)) {%0D%0A+         licenseStatus = 'Fail';%0D%0A+         licenseDetails = `License "${sandboxLicense}" is strictly prohibited for the enterprise by corporate policy. Refuse deployments.`;%0D%0A+       } else if (allowed.length > 0 && !allowed.includes(queryLic)) {%0D%0A+         licenseStatus = 'Warning';%0D%0A+         licenseDetails = `License "${sandboxLicense}" is not explicitly greenlisted in the Master Bible for ${matchedBp.name}. Legal review recommended.`;%0D%0A+       } else {%0D%0A+         licenseStatus = 'Compliant';%0D%0A+         licenseDetails = `License "${sandboxLicense}" matches greenlisted standards for this software class.`;%0D%0A+       }%0D%0A+     } else {%0D%0A+       const queryLic = sandboxLicense.trim().toLowerCase();%0D%0A+       if (['gpl-3.0', 'agpl-3.0', 'gpl-3.0-only', 'agpl-3.0-only', 'sspl-1.0'].includes(queryLic)) {%0D%0A+         licenseStatus = 'Fail';%0D%0A+         licenseDetails = `Copyleft license "${sandboxLicense}" detected. Deploying to commercial client clouds presents critical proprietary exposure risks.`;%0D%0A+       } else {%0D%0A+         licenseStatus = 'Compliant';%0D%0A+         licenseDetails = `License "${sandboxLicense}" is typical of standard permissible open-source software libraries.`;%0D%0A+       }%0D%0A+     }%0D%0A+ %0D%0A+     const complianceTarget = matchedBp ? matchedBp.complianceTarget : 'General NIST SP 800-53 Rev 5 / CIS Safeguards';%0D%0A+     const safeguardPolicy = matchedBp ? matchedBp.safeguardPolicy : 'Verify cryptographic signature (SLSA/Cosign), restrict container capabilities, and verify dependency CVE maps prior to operational staging.';%0D%0A+ %0D%0A+     let overallStatus: 'PASS' | 'WARN' | 'FAIL' = 'PASS';%0D%0A+     if (versionStatus === 'Fail' || licenseStatus === 'Fail') {%0D%0A+       overallStatus = 'FAIL';%0D%0A+     } else if (versionStatus === 'Warning' || licenseStatus === 'Warning') {%0D%0A+       overallStatus = 'WARN';%0D%0A+     }%0D%0A+ %0D%0A+     setSandboxReport({%0D%0A+       productName: targetName,%0D%0A+       version: inputVer || 'unknown',%0D%0A+       license: sandboxLicense,%0D%0A+       environment: sandboxEnv,%0D%0A+       overallStatus,%0D%0A+       versionStatus,%0D%0A+       versionDetails,%0D%0A+       licenseStatus,%0D%0A+       licenseDetails,%0D%0A+       complianceTarget,%0D%0A+       safeguardPolicy,%0D%0A+       timestamp: new Date().toISOString()%0D%0A+     });%0D%0A+   };%0D%0A+ %0D%0A+   return (%0D%0A+     <div className="space-y-4" id="msp-settings-view">%0D%0A+       {/* Page Header */}%0D%0A+       <div className="flex flex-col gap-3 sm:flex-row sm:items-center sm:justify-between">%0D%0A+         <div>%0D%0A+           <h1 className="text-[22px] font-semibold text-[#201f1e] flex items-center gap-2">%0D%0A+             <Settings className="h-4 w-4 text-[#0f6cbd]" />%0D%0A+             <span>Platform Settings & Compliance Bible</span>%0D%0A+           </h1>%0D%0A+           <p className="mt-1 text-[13px] text-[#605e5c]">%0D%0A+             Configure thresholds, SAML authentication gateways, operator sessions, and the master product security Bible.%0D%0A+           </p>%0D%0A+         </div>%0D%0A+ %0D%0A+         <button%0D%0A+           onClick={fetchAuthDataLedgers}%0D%0A+           disabled={loadingLedgers}%0D%0A+           className="inline-flex h-9 items-center gap-1.5 rounded border border-[#c8c6c4] px-3 text-[13px] font-medium text-[#323130] hover:bg-black/[.03] disabled:opacity-60"%0D%0A+         >%0D%0A+           <RefreshCw className={`h-3.5 w-3.5 ${loadingLedgers ? 'animate-spin' : ''}`} />%0D%0A+           <span>Sync Audits</span>%0D%0A+         </button>%0D%0A+       </div>%0D%0A+ %0D%0A+       {/* Sub-Tab Selector */}%0D%0A+       <div className="flex gap-1 border-b border-[#e1dfdd]">%0D%0A+         <button%0D%0A+           type="button"%0D%0A+           onClick={() => setActiveSubTab('configurations')}%0D%0A+           className={`flex items-center gap-1.5 px-3 py-2 text-[13px] font-medium border-b-2 -mb-px ${%0D%0A+             activeSubTab === 'configurations'%0D%0A+               ? 'border-[#0f6cbd] text-[#0f6cbd]'%0D%0A+               : 'border-transparent text-[#605e5c] hover:text-[#323130]'%0D%0A+           }`}%0D%0A+         >%0D%0A+           <Sliders className="h-3.5 w-3.5" />%0D%0A+           <span>Configurations</span>%0D%0A+         </button>%0D%0A+         <button%0D%0A+           type="button"%0D%0A+           onClick={() => setActiveSubTab('organization')}%0D%0A+           className={`flex items-center gap-1.5 px-3 py-2 text-[13px] font-medium border-b-2 -mb-px ${%0D%0A+             activeSubTab === 'organization'%0D%0A+               ? 'border-[#0f6cbd] text-[#0f6cbd]'%0D%0A+               : 'border-transparent text-[#605e5c] hover:text-[#323130]'%0D%0A+           }`}%0D%0A+         >%0D%0A+           <Layers className="h-3.5 w-3.5" />%0D%0A+           <span>Team & Profile</span>%0D%0A+         </button>%0D%0A+         <button%0D%0A+           type="button"%0D%0A+           onClick={() => setActiveSubTab('bible')}%0D%0A+           className={`flex items-center gap-1.5 px-3 py-2 text-[13px] font-medium border-b-2 -mb-px ${%0D%0A+             activeSubTab === 'bible'%0D%0A+               ? 'border-[#0f6cbd] text-[#0f6cbd]'%0D%0A+               : 'border-transparent text-[#605e5c] hover:text-[#323130]'%0D%0A+           }`}%0D%0A+         >%0D%0A+           <BookOpen className="h-3.5 w-3.5" />%0D%0A+           <span>Master Bible</span>%0D%0A+         </button>%0D%0A+       </div>%0D%0A+ %0D%0A+       {activeSubTab === 'configurations' ? (%0D%0A+         <div className="grid grid-cols-1 lg:grid-cols-3 gap-4">%0D%0A+           {/* Left Column: Core Preferences */}%0D%0A+           <div className="lg:col-span-2 space-y-4">%0D%0A+ %0D%0A+             <details className="rounded-md border border-[#e1dfdd] bg-[#faf9f8] text-[13px]">%0D%0A+               <summary className="cursor-pointer select-none px-3 py-2 font-medium text-[#323130]">What is this? &middot; How it works</summary>%0D%0A+               <div className="px-3 pb-3 text-[#605e5c]">%0D%0A+                 <p>Platform-wide thresholds, single sign-on, and session controls for this workspace.</p>%0D%0A+                 <ol className="mt-1.5 list-decimal space-y-0.5 pl-4">%0D%0A+                   <li>Set the trust score threshold that triggers alerts.</li>%0D%0A+                   <li>Configure the SAML identity provider your organization uses to sign in.</li>%0D%0A+                   <li>Review and revoke active operator sessions if needed.</li>%0D%0A+                 </ol>%0D%0A+               </div>%0D%0A+             </details>%0D%0A+ %0D%0A+             {/* General platform settings card */}%0D%0A+             <div className="rounded-md border border-[#e1dfdd] bg-white p-4 space-y-3">%0D%0A+               <h3 className="flex items-center gap-1.5 border-b border-[#e1dfdd] pb-2 text-[14px] font-semibold text-[#201f1e]">%0D%0A+                 <Sliders className="h-4 w-4 text-[#0f6cbd]" />%0D%0A+                 <span>General platform parameters</span>%0D%0A+               </h3>%0D%0A+ %0D%0A+               <div className="space-y-3 text-[13px]">%0D%0A+                 <div className="flex flex-col gap-1">%0D%0A+                   <label className="font-medium text-[#323130]">Audit trust SLA target threshold (score)</label>%0D%0A+                   <div className="flex items-center gap-2">%0D%0A+                     <input%0D%0A+                       type="range"%0D%0A+                       min="60"%0D%0A+                       max="98"%0D%0A+                       value={slaTarget}%0D%0A+                       onChange={(e) => setSlaTarget(Number(e.target.value))}%0D%0A+                       className="h-1.5 flex-1 cursor-pointer accent-[#0f6cbd]"%0D%0A+                     />%0D%0A+                     <span className="rounded border border-[#c8c6c4] bg-[#eff6fc] px-2 py-1 font-medium text-[#0f6cbd]">%0D%0A+                       {slaTarget}/100%0D%0A+                     </span>%0D%0A+                   </div>%0D%0A+                   <p className="text-[12px] text-[#605e5c]">Alerts are compiled if a software passport overall rating drops below this value.</p>%0D%0A+                 </div>%0D%0A+ %0D%0A+                 <div className="flex items-center justify-between gap-4 border-t border-[#e1dfdd] pt-3">%0D%0A+                   <div>%0D%0A+                     <span className="block font-medium text-[#323130]">Enable automated daily recalculation scans</span>%0D%0A+                     <p className="text-[12px] text-[#605e5c]">Automatically scan active client software inventory on CVE database updates.</p>%0D%0A+                   </div>%0D%0A+                   <input%0D%0A+                     type="checkbox"%0D%0A+                     defaultChecked%0D%0A+                     className="h-4 w-4 rounded border-[#c8c6c4] text-[#0f6cbd] focus:ring-[#0f6cbd]"%0D%0A+                   />%0D%0A+                 </div>%0D%0A+               </div>%0D%0A+             </div>%0D%0A+ %0D%0A+             {/* Theme & Interface Customization Card */}%0D%0A+             <div className="rounded-md border border-[#e1dfdd] bg-white p-4 space-y-3">%0D%0A+               <h3 className="flex items-center gap-1.5 border-b border-[#e1dfdd] pb-2 text-[14px] font-semibold text-[#201f1e]">%0D%0A+                 <Sun className="h-4 w-4 text-[#0f6cbd]" />%0D%0A+                 <span>Theme & interface</span>%0D%0A+               </h3>%0D%0A+ %0D%0A+               <div className="space-y-3 text-[13px]">%0D%0A+                 <div className="flex flex-col gap-1">%0D%0A+                   <span className="font-medium text-[#323130]">Active theme preference</span>%0D%0A+                   <p className="text-[12px] text-[#605e5c]">Choose between a light interface or a dark interface for operating centers.</p>%0D%0A+                 </div>%0D%0A+ %0D%0A+                 <div className="grid grid-cols-2 gap-2">%0D%0A+                   <button%0D%0A+                     type="button"%0D%0A+                     onClick={() => theme === 'dark' && onToggleTheme()}%0D%0A+                     className={`flex h-9 items-center justify-center gap-2 rounded border text-[13px] font-medium ${%0D%0A+                       theme === 'light'%0D%0A+                         ? 'border-[#0f6cbd] bg-[#eff6fc] text-[#0f6cbd]'%0D%0A+                         : 'border-[#c8c6c4] text-[#323130] hover:bg-black/[.03]'%0D%0A+                     }`}%0D%0A+                   >%0D%0A+                     <Sun className="h-3.5 w-3.5" />%0D%0A+                     <span>Light mode</span>%0D%0A+                   </button>%0D%0A+ %0D%0A+                   <button%0D%0A+                     type="button"%0D%0A+                     onClick={() => theme === 'light' && onToggleTheme()}%0D%0A+                     className={`flex h-9 items-center justify-center gap-2 rounded border text-[13px] font-medium ${%0D%0A+                       theme === 'dark'%0D%0A+                         ? 'border-[#0f6cbd] bg-[#eff6fc] text-[#0f6cbd]'%0D%0A+                         : 'border-[#c8c6c4] text-[#323130] hover:bg-black/[.03]'%0D%0A+                     }`}%0D%0A+                   >%0D%0A+                     <Moon className="h-3.5 w-3.5" />%0D%0A+                     <span>Dark mode</span>%0D%0A+                   </button>%0D%0A+                 </div>%0D%0A+               </div>%0D%0A+             </div>%0D%0A+ %0D%0A+             {/* SAML SSO Configuration Card */}%0D%0A+             <div className="rounded-md border border-[#e1dfdd] bg-white p-4 space-y-3">%0D%0A+               <h3 className="flex items-center gap-1.5 border-b border-[#e1dfdd] pb-2 text-[14px] font-semibold text-[#201f1e]">%0D%0A+                 <Globe className="h-4 w-4 text-[#0f6cbd]" />%0D%0A+                 <span>Enterprise SAML / SSO integration</span>%0D%0A+               </h3>%0D%0A+ %0D%0A+               <div className="space-y-3 text-[13px]">%0D%0A+                 <div className="flex items-center justify-between gap-4">%0D%0A+                   <div>%0D%0A+                     <span className="block font-medium text-[#323130]">SAML SSO access gate</span>%0D%0A+                     <p className="text-[12px] text-[#605e5c]">Redirect unauthenticated corporate domains to the unified identity provider (IdP).</p>%0D%0A+                   </div>%0D%0A+                   <button%0D%0A+                     onClick={() => setSsoEnabled(!ssoEnabled)}%0D%0A+                     className={`inline-flex h-8 items-center gap-1.5 rounded border px-2.5 text-[12px] font-medium ${%0D%0A+                       ssoEnabled ? 'border-[#c8c6c4] bg-[#dff6dd] text-[#0e700e]' : 'border-[#c8c6c4] bg-[#f3f2f1] text-[#605e5c]'%0D%0A+                     }`}%0D%0A+                   >%0D%0A+                     <span className={`h-1.5 w-1.5 rounded-full ${ssoEnabled ? 'bg-[#0e700e]' : 'bg-[#8a8886]'}`} />%0D%0A+                     {ssoEnabled ? 'SSO active' : 'SSO inactive'}%0D%0A+                   </button>%0D%0A+                 </div>%0D%0A+ %0D%0A+                 <div className="grid grid-cols-1 gap-3 border-t border-[#e1dfdd] pt-3 md:grid-cols-2">%0D%0A+                   <div>%0D%0A+                     <label className="mb-1 block text-[12px] font-medium text-[#605e5c]">Corporate identity provider</label>%0D%0A+                     <input%0D%0A+                       type="text"%0D%0A+                       value={ssoProvider}%0D%0A+                       onChange={(e) => setSsoProvider(e.target.value)}%0D%0A+                       className="h-9 w-full rounded border border-[#c8c6c4] px-2.5 text-[13px] focus:border-[#0f6cbd] focus:outline-none focus:ring-1 focus:ring-[#0f6cbd]"%0D%0A+                     />%0D%0A+                   </div>%0D%0A+                   <div>%0D%0A+                     <label className="mb-1 block text-[12px] font-medium text-[#605e5c]">Client ID / issuer URL</label>%0D%0A+                     <input%0D%0A+                       type="text"%0D%0A+                       value={ssoClientId}%0D%0A+                       onChange={(e) => setSsoClientId(e.target.value)}%0D%0A+                       className="h-9 w-full rounded border border-[#c8c6c4] px-2.5 font-mono text-[13px] focus:border-[#0f6cbd] focus:outline-none focus:ring-1 focus:ring-[#0f6cbd]"%0D%0A+                     />%0D%0A+                   </div>%0D%0A+                   <div className="md:col-span-2">%0D%0A+                     <label className="mb-1 block text-[12px] font-medium text-[#605e5c]">SAML 2.0 metadata XML endpoint URL</label>%0D%0A+                     <input%0D%0A+                       type="text"%0D%0A+                       value={ssoMetadataUrl}%0D%0A+                       onChange={(e) => setSsoMetadataUrl(e.target.value)}%0D%0A+                       className="h-9 w-full rounded border border-[#c8c6c4] px-2.5 font-mono text-[13px] focus:border-[#0f6cbd] focus:outline-none focus:ring-1 focus:ring-[#0f6cbd]"%0D%0A+                     />%0D%0A+                   </div>%0D%0A+                 </div>%0D%0A+               </div>%0D%0A+             </div>%0D%0A+ %0D%0A+             {/* Active Sessions Monitoring Ledger */}%0D%0A+             <div className="rounded-md border border-[#e1dfdd] bg-white p-4 space-y-3">%0D%0A+               <h3 className="flex items-center justify-between border-b border-[#e1dfdd] pb-2 text-[14px] font-semibold text-[#201f1e]">%0D%0A+                 <span className="flex items-center gap-1.5">%0D%0A+                   <Lock className="h-4 w-4 text-[#0f6cbd]" />%0D%0A+                   <span>Active operator sessions</span>%0D%0A+                 </span>%0D%0A+                 <span className="rounded border border-[#c8c6c4] bg-[#eff6fc] px-2 py-0.5 text-[12px] font-medium text-[#0f6cbd]">%0D%0A+                   {sessions.length} active%0D%0A+                 </span>%0D%0A+               </h3>%0D%0A+ %0D%0A+               <div className="overflow-x-auto">%0D%0A+                 <table className="w-full border-collapse text-left text-[13px]">%0D%0A+                   <thead>%0D%0A+                     <tr className="border-b border-[#e1dfdd] text-[11px] uppercase tracking-wide text-[#605e5c]">%0D%0A+                       <th className="py-2 font-medium">User / identity</th>%0D%0A+                       <th className="py-2 font-medium">IP address</th>%0D%0A+                       <th className="py-2 font-medium">Device & location</th>%0D%0A+                       <th className="py-2 text-right font-medium">Actions</th>%0D%0A+                     </tr>%0D%0A+                   </thead>%0D%0A+                   <tbody>%0D%0A+                     {sessions.map((sess) => (%0D%0A+                       <tr key={sess.id} className="border-b border-[#f3f2f1] hover:bg-black/[.02]">%0D%0A+                         <td className="py-2.5 pr-2 font-medium text-[#201f1e]">%0D%0A+                           {sess.email}%0D%0A+                           {sess.current && (%0D%0A+                             <span className="ml-2 rounded border border-[#c8c6c4] bg-[#dff6dd] px-1.5 py-0.5 text-[11px] font-medium text-[#0e700e]">%0D%0A+                               Current%0D%0A+                             </span>%0D%0A+                           )}%0D%0A+                         </td>%0D%0A+                         <td className="py-2.5 font-mono text-[#605e5c]">{sess.ip}</td>%0D%0A+                         <td className="py-2.5 text-[#605e5c]">%0D%0A+                           <span className="block">{sess.device}</span>%0D%0A+                           <span className="text-[12px] text-[#8a8886]">{sess.location}</span>%0D%0A+                         </td>%0D%0A+                         <td className="py-2.5 text-right">%0D%0A+                           {!sess.current && (%0D%0A+                             <button%0D%0A+                               onClick={() => handleRevokeSession(sess.id)}%0D%0A+                               className="rounded p-1.5 text-[#a4262c] hover:bg-[#fdf2f2]"%0D%0A+                               title="Revoke session and force termination"%0D%0A+                             >%0D%0A+                               <Trash2 className="h-3.5 w-3.5" />%0D%0A+                             </button>%0D%0A+                           )}%0D%0A+                         </td>%0D%0A+                       </tr>%0D%0A+                     ))}%0D%0A+                     {sessions.length === 0 && (%0D%0A+                       <tr>%0D%0A+                         <td colSpan={4} className="py-4 text-center text-[#8a8886]">%0D%0A+                           No active sessions identified.%0D%0A+                         </td>%0D%0A+                       </tr>%0D%0A+                     )}%0D%0A+                   </tbody>%0D%0A+                 </table>%0D%0A+               </div>%0D%0A+             </div>%0D%0A+ %0D%0A+             {/* Cryptographically Chained Audit Ledger visualization */}%0D%0A+             <div className="rounded-md border border-[#e1dfdd] bg-white p-4 space-y-3">%0D%0A+               <div className="flex items-center justify-between border-b border-[#e1dfdd] pb-2">%0D%0A+                 <h3 className="flex items-center gap-1.5 text-[14px] font-semibold text-[#201f1e]">%0D%0A+                   <FileCode className="h-4 w-4 text-[#0f6cbd]" />%0D%0A+                   <span>Cryptographic audit ledger</span>%0D%0A+                 </h3>%0D%0A+                 <span className="inline-flex items-center gap-1.5 rounded border border-[#c8c6c4] bg-[#dff6dd] px-2 py-0.5 text-[12px] font-medium text-[#0e700e]">%0D%0A+                   <span className="h-1.5 w-1.5 rounded-full bg-[#0e700e]" />%0D%0A+                   Tamper-proof, SLA verified%0D%0A+                 </span>%0D%0A+               </div>%0D%0A+ %0D%0A+               <p className="text-[13px] text-[#605e5c]">%0D%0A+                 Every critical login event and administrative action is recorded into a secure hash chain. Each block references the SHA-256 hash of its predecessor, creating an unalterable audit trail.%0D%0A+               </p>%0D%0A+ %0D%0A+               {/* Integrity Scanner Trigger */}%0D%0A+               <div className="flex flex-wrap items-center gap-2">%0D%0A+                 <button%0D%0A+                   type="button"%0D%0A+                   onClick={handleVerifyLedger}%0D%0A+                   disabled={verifyingLedger}%0D%0A+                   className="inline-flex h-9 items-center gap-2 rounded bg-[#0f6cbd] px-3 text-[13px] font-medium text-white hover:bg-[#004578] disabled:opacity-60"%0D%0A+                 >%0D%0A+                   {verifyingLedger ? (%0D%0A+                     <>%0D%0A+                       <svg className="h-3.5 w-3.5 animate-spin text-white" fill="none" viewBox="0 0 24 24">%0D%0A+                         <circle className="opacity-25" cx="12" cy="12" r="10" stroke="currentColor" strokeWidth="4" />%0D%0A+                         <path className="opacity-75" fill="currentColor" d="M4 12a8 8 0 018-8V0C5.373 0 0 5.373 0 12h4zm2 5.291A7.962 7.962 0 014 12H0c0 3.042 1.135 5.824 3 7.938l3-2.647z" />%0D%0A+                       </svg>%0D%0A+                       <span>Verifying ledger…</span>%0D%0A+                     </>%0D%0A+                   ) : (%0D%0A+                     <>%0D%0A+                       <CheckCircle2 className="h-3.5 w-3.5" />%0D%0A+                       <span>Verify chain integrity</span>%0D%0A+                     </>%0D%0A+                   )}%0D%0A+                 </button>%0D%0A+                 {verificationResult && (%0D%0A+                   <button%0D%0A+                     type="button"%0D%0A+                     onClick={() => setVerificationResult(null)}%0D%0A+                     className="inline-flex h-9 items-center rounded border border-[#c8c6c4] px-3 text-[13px] font-medium text-[#323130] hover:bg-black/[.03]"%0D%0A+                   >%0D%0A+                     Clear report%0D%0A+                   </button>%0D%0A+                 )}%0D%0A+               </div>%0D%0A+ %0D%0A+               {/* Dynamic Verification Report */}%0D%0A+               {verificationResult && (%0D%0A+                 <div className={`space-y-2 rounded-md border p-3 text-[13px] ${%0D%0A+                   verificationResult.isValid%0D%0A+                     ? 'border-[#c8c6c4] bg-[#dff6dd] text-[#0e700e]'%0D%0A+                     : 'border-[#c8c6c4] bg-[#fdf2f2] text-[#a4262c]'%0D%0A+                 }`}>%0D%0A+                   <div className="flex items-center justify-between">%0D%0A+                     <span className="flex items-center gap-1.5 text-[12px] font-semibold uppercase tracking-wide">%0D%0A+                       {verificationResult.isValid ? (%0D%0A+                         <CheckCircle2 className="h-4 w-4 shrink-0" />%0D%0A+                       ) : (%0D%0A+                         <AlertCircle className="h-4 w-4 shrink-0" />%0D%0A+                       )}%0D%0A+                       <span>Ledger attestation report</span>%0D%0A+                     </span>%0D%0A+                     <span className="text-[11px] text-[#605e5c]">%0D%0A+                       Verified at {new Date(verificationResult.verifiedAt).toLocaleTimeString()}%0D%0A+                     </span>%0D%0A+                   </div>%0D%0A+                   <p className="text-[13px] leading-relaxed">%0D%0A+                     {verificationResult.isValid%0D%0A+                       ? `Checked sequential block hash connections across all ${verificationResult.totalBlocksVerified} audit ledger records. No database tampering, row injection, or signature modifications were identified.`%0D%0A+                       : `Ledger validation check failed. Cryptographic hash mismatch or missing blocks. ${verificationResult.error || 'Please contact the system security administrator immediately.'}`}%0D%0A+                   </p>%0D%0A+ %0D%0A+                   {/* Verified Blocks Scrollable List */}%0D%0A+                   {verificationResult.details && verificationResult.details.length > 0 && (%0D%0A+                     <div className="max-h-40 space-y-1.5 overflow-y-auto rounded border border-[#e1dfdd] bg-white p-2.5 font-mono text-[11px]">%0D%0A+                       <div className="mb-1.5 border-b border-[#e1dfdd] pb-1 text-[11px] font-medium uppercase text-[#605e5c]">%0D%0A+                         Cryptographic signatures checked%0D%0A+                       </div>%0D%0A+                       {verificationResult.details.map((vBlock: any, vIdx: number) => (%0D%0A+                         <div key={vIdx} className="flex items-center justify-between gap-2">%0D%0A+                           <div className="truncate text-[#605e5c]">%0D%0A+                             Block #{vBlock.id} ({vBlock.action}):%0D%0A+                             <span className="ml-1 select-all text-[#8a8886]">{vBlock.storedHash.substring(0, 16)}...</span>%0D%0A+                           </div>%0D%0A+                           <span className={`shrink-0 rounded px-1.5 py-0.5 text-[11px] font-medium ${%0D%0A+                             vBlock.valid%0D%0A+                               ? 'bg-[#dff6dd] text-[#0e700e]'%0D%0A+                               : 'bg-[#fdf2f2] text-[#a4262c]'%0D%0A+                           }`}>%0D%0A+                             {vBlock.valid ? 'Verified' : 'Corrupt'}%0D%0A+                           </span>%0D%0A+                         </div>%0D%0A+                       ))}%0D%0A+                     </div>%0D%0A+                   )}%0D%0A+                 </div>%0D%0A+               )}%0D%0A+ %0D%0A+               <div className="space-y-2">%0D%0A+                 {auditChain.length === 0 && <p className="text-[13px] text-[#8a8886]">No audit events recorded yet.</p>}%0D%0A+                 {auditChain.slice(0, 3).map((blockObj, idx) => (%0D%0A+                   <div key={idx} className="relative space-y-1 rounded-md border border-[#e1dfdd] bg-[#faf9f8] p-3 font-mono text-[11px] text-[#605e5c]">%0D%0A+                     <div className="absolute right-2 top-2 rounded bg-[#f3f2f1] px-1.5 py-0.5 text-[11px] font-medium text-[#605e5c]">%0D%0A+                       Block #{auditChain.length - 1 - idx}%0D%0A+                     </div>%0D%0A+                     <div className="flex gap-2">%0D%0A+                       <span className="font-medium uppercase text-[#0f6cbd]">Event:</span>%0D%0A+                       <span className="font-medium text-[#201f1e]">%0D%0A+                         {blockObj.block?.actionType || blockObj.block?.action || 'Genesis node initiated'}%0D%0A+                       </span>%0D%0A+                     </div>%0D%0A+                     {blockObj.block?.userEmail && (%0D%0A+                       <div className="flex gap-2">%0D%0A+                         <span className="text-[#8a8886]">Identity:</span>%0D%0A+                         <span className="font-medium text-[#323130]">{blockObj.block?.userEmail}</span>%0D%0A+                       </div>%0D%0A+                     )}%0D%0A+                     <div className="space-y-0.5">%0D%0A+                       <div className="flex gap-2 truncate">%0D%0A+                         <span className="shrink-0 font-medium uppercase text-[#8a8886]">Block hash:</span>%0D%0A+                         <span className="select-all truncate text-[#0f6cbd]">{blockObj.hash}</span>%0D%0A+                       </div>%0D%0A+                       <div className="flex gap-2 truncate">%0D%0A+                         <span className="shrink-0 uppercase text-[#8a8886]">Prev hash:</span>%0D%0A+                         <span className="select-all truncate text-[#605e5c]">{blockObj.previousHash}</span>%0D%0A+                       </div>%0D%0A+                     </div>%0D%0A+                   </div>%0D%0A+                 ))}%0D%0A+               </div>%0D%0A+             </div>%0D%0A+ %0D%0A+             {/* Security Credentials settings */}%0D%0A+             <div className="rounded-md border border-[#e1dfdd] bg-white p-4 space-y-3">%0D%0A+               <h3 className="flex items-center gap-1.5 border-b border-[#e1dfdd] pb-2 text-[14px] font-semibold text-[#201f1e]">%0D%0A+                 <KeyRound className="h-4 w-4 text-[#0f6cbd]" />%0D%0A+                 <span>Operator authentication & security keys</span>%0D%0A+               </h3>%0D%0A+ %0D%0A+               <div className="space-y-3 text-[13px]">%0D%0A+                 <div className="flex items-center justify-between gap-4">%0D%0A+                   <div>%0D%0A+                     <span className="block font-medium text-[#323130]">Enforce multi-factor authentication (MFA)</span>%0D%0A+                     <p className="text-[12px] text-[#605e5c]">All MSP users must provide TOTP codes on logon.</p>%0D%0A+                   </div>%0D%0A+                   <button%0D%0A+                     onClick={() => setMfaEnabled(!mfaEnabled)}%0D%0A+                     className={`inline-flex h-8 items-center gap-1.5 rounded border px-2.5 text-[12px] font-medium ${%0D%0A+                       mfaEnabled ? 'border-[#c8c6c4] bg-[#dff6dd] text-[#0e700e]' : 'border-[#c8c6c4] bg-[#f3f2f1] text-[#605e5c]'%0D%0A+                     }`}%0D%0A+                   >%0D%0A+                     <span className={`h-1.5 w-1.5 rounded-full ${mfaEnabled ? 'bg-[#0e700e]' : 'bg-[#8a8886]'}`} />%0D%0A+                     {mfaEnabled ? 'MFA enabled' : 'MFA disabled'}%0D%0A+                   </button>%0D%0A+                 </div>%0D%0A+ %0D%0A+                 <div className="flex items-center justify-between gap-4 border-t border-[#e1dfdd] pt-3">%0D%0A+                   <div>%0D%0A+                     <span className="block font-medium text-[#323130]">Cryptographic PGP auditing key (private)</span>%0D%0A+                     <p className="text-[12px] text-[#605e5c]">Used for signing generated software passports and audit attestations.</p>%0D%0A+                   </div>%0D%0A+                   <button className="inline-flex h-8 items-center rounded border border-[#c8c6c4] px-3 text-[13px] font-medium text-[#323130] hover:bg-black/[.03]">%0D%0A+                     Regenerate sign key%0D%0A+                   </button>%0D%0A+                 </div>%0D%0A+ %0D%0A+                 <div className="flex items-center justify-between gap-4 rounded-md border border-[#a4262c]/30 bg-[#fdf2f2] p-3">%0D%0A+                   <div>%0D%0A+                     <span className="flex items-center gap-1.5 font-semibold text-[#a4262c]">%0D%0A+                       <Shield className="h-3.5 w-3.5" /> Tenant offboarding & data deletion (DPA compliance)%0D%0A+                     </span>%0D%0A+                     <p className="mt-1 text-[12px] text-[#605e5c]">%0D%0A+                       Cascading-delete all client lists, passports, vulnerability logs, and active integrations. This action is immediate and irreversible under GDPR/DPA compliance standards.%0D%0A+                     </p>%0D%0A+                   </div>%0D%0A+                   <button%0D%0A+                     onClick={handleOffboardTenant}%0D%0A+                     disabled={!isOwner || offboarding}%0D%0A+                     title={!isOwner ? `Your ${currentRole} role cannot offboard this workspace. Owner is required.` : undefined}%0D%0A+                     className="inline-flex h-9 shrink-0 items-center rounded bg-[#a4262c] px-3 text-[13px] font-medium text-white hover:bg-[#8a1f24] disabled:cursor-not-allowed disabled:opacity-50"%0D%0A+                   >%0D%0A+                     {offboarding ? 'Purging…' : 'Offboard workspace'}%0D%0A+                   </button>%0D%0A+                 </div>%0D%0A+               </div>%0D%0A+             </div>%0D%0A+ %0D%0A+             <div className="flex items-center justify-end gap-3">%0D%0A+               {saveSuccess && (%0D%0A+                 <span className="flex items-center gap-1.5 text-[12px] font-medium text-[#8a5700]">%0D%0A+                   <CheckCircle className="h-3.5 w-3.5" />%0D%0A+                   <span>Not saved to a server — these fields are local to this browser session only.</span>%0D%0A+                 </span>%0D%0A+               )}%0D%0A+               <button%0D%0A+                 onClick={handleSaveSettings}%0D%0A+                 title="These settings are not persisted to a backend yet."%0D%0A+                 className="inline-flex h-9 items-center rounded bg-[#0f6cbd] px-4 text-[13px] font-medium text-white hover:bg-[#004578]"%0D%0A+               >%0D%0A+                 Save platform settings%0D%0A+               </button>%0D%0A+             </div>%0D%0A+           </div>%0D%0A+ %0D%0A+           {/* Right Column: Information panel & Live CI/CD Diagnostics */}%0D%0A+           <div className="space-y-4">%0D%0A+ %0D%0A+             {/* Active Login Audit Trail Panel */}%0D%0A+             <div className="rounded-md border border-[#e1dfdd] bg-white p-4 space-y-3">%0D%0A+               <h3 className="flex items-center gap-1.5 border-b border-[#e1dfdd] pb-2 text-[14px] font-semibold text-[#201f1e]">%0D%0A+                 <Fingerprint className="h-4 w-4 text-[#0f6cbd]" />%0D%0A+                 <span>Real-time login audit trail</span>%0D%0A+               </h3>%0D%0A+ %0D%0A+               <div className="max-h-72 space-y-2 overflow-y-auto">%0D%0A+                 {history.map((log) => (%0D%0A+                   <div key={log.id} className="space-y-1 rounded-md border border-[#e1dfdd] bg-[#faf9f8] p-2.5 text-[12px]">%0D%0A+                     <div className="flex items-center justify-between">%0D%0A+                       <span className="max-w-36 truncate font-medium text-[#323130]">{log.email}</span>%0D%0A+                       <span className={`rounded px-1.5 py-0.5 text-[11px] font-medium ${%0D%0A+                         log.status === 'Verified' ? 'bg-[#dff6dd] text-[#0e700e]' : 'bg-[#fdf2f2] text-[#a4262c]'%0D%0A+                       }`}>%0D%0A+                         {log.status}%0D%0A+                       </span>%0D%0A+                     </div>%0D%0A+                     <div className="text-[#605e5c]">%0D%0A+                       <span className="block">{log.action}</span>%0D%0A+                       <span className="mt-0.5 block text-[11px] text-[#8a8886]">{new Date(log.timestamp).toLocaleString()}</span>%0D%0A+                     </div>%0D%0A+                     <div className="flex justify-between border-t border-[#e1dfdd] pt-1 text-[11px] text-[#8a8886]">%0D%0A+                       <span>IP: {log.ip}</span>%0D%0A+                       <span>Loc: {log.location}</span>%0D%0A+                     </div>%0D%0A+                   </div>%0D%0A+                 ))}%0D%0A+                 {history.length === 0 && (%0D%0A+                   <p className="py-4 text-center text-[13px] text-[#8a8886]">No audit logs identified.</p>%0D%0A+                 )}%0D%0A+               </div>%0D%0A+             </div>%0D%0A+ %0D%0A+             <div className="rounded-md border border-[#e1dfdd] bg-white p-4 space-y-3">%0D%0A+               <h3 className="flex items-center gap-1.5 border-b border-[#e1dfdd] pb-2 text-[14px] font-semibold text-[#201f1e]">%0D%0A+                 <Shield className="h-4 w-4 text-[#8a8886]" />%0D%0A+                 <span>Platform pedigree coordinates</span>%0D%0A+               </h3>%0D%0A+ %0D%0A+               <div className="space-y-2 text-[13px] text-[#605e5c]">%0D%0A+                 <div className="flex justify-between border-b border-[#f3f2f1] pb-1.5">%0D%0A+                   <span>Portal service</span>%0D%0A+                   <span className="font-medium text-[#323130]">SPR-CORE-VM</span>%0D%0A+                 </div>%0D%0A+                 <div className="flex justify-between border-b border-[#f3f2f1] pb-1.5">%0D%0A+                   <span>Compilation</span>%0D%0A+                   <span className="font-medium text-[#323130]">Docker prod v2.4</span>%0D%0A+                 </div>%0D%0A+                 <div className="flex justify-between pb-1.5">%0D%0A+                   <span>SLA compliance</span>%0D%0A+                   <span className="font-medium text-[#0e700e]">99.98%25</span>%0D%0A+                 </div>%0D%0A+               </div>%0D%0A+             </div>%0D%0A+ %0D%0A+             <div className="rounded-md border border-[#e1dfdd] bg-white p-4 space-y-3">%0D%0A+               <h3 className="flex items-center gap-1.5 border-b border-[#e1dfdd] pb-2 text-[14px] font-semibold text-[#201f1e]">%0D%0A+                 <CheckCircle className="h-4 w-4 text-[#0e700e]" />%0D%0A+                 <span>Readiness diagnostics</span>%0D%0A+               </h3>%0D%0A+               <p className="text-[13px] text-[#605e5c]">%0D%0A+                 Checks live database connectivity via the same /api/ready probe an orchestrator uses. This does not verify row-level isolation, OAuth handshakes, or API quota — those have no self-check endpoint yet.%0D%0A+               </p>%0D%0A+ %0D%0A+               <button%0D%0A+                 onClick={runDiagnosticSuite}%0D%0A+                 disabled={testing}%0D%0A+                 className="h-9 w-full rounded border border-[#c8c6c4] text-[13px] font-medium text-[#323130] hover:bg-black/[.03] disabled:opacity-60"%0D%0A+               >%0D%0A+                 {testing ? 'Checking…' : 'Check readiness'}%0D%0A+               </button>%0D%0A+ %0D%0A+               {testResults.length > 0 && (%0D%0A+                 <div className="space-y-2 border-t border-[#e1dfdd] pt-2">%0D%0A+                   {testResults.map((t: any, idx: number) => (%0D%0A+                     <div key={idx} className="space-y-0.5 text-[12px]">%0D%0A+                       <div className="flex items-center justify-between">%0D%0A+                         <span className="font-medium text-[#323130]">{t.name}</span>%0D%0A+                         <span className={`rounded px-1.5 py-0.5 text-[11px] font-medium ${%0D%0A+                           t.status === 'PASS' ? 'bg-[#dff6dd] text-[#0e700e]' : 'bg-[#fdf2f2] text-[#a4262c]'%0D%0A+                         }`}>%0D%0A+                           {t.status}%0D%0A+                         </span>%0D%0A+                       </div>%0D%0A+                       <p className="leading-snug text-[#605e5c]">{t.details}</p>%0D%0A+                     </div>%0D%0A+                   ))}%0D%0A+                 </div>%0D%0A+               )}%0D%0A+             </div>%0D%0A+           </div>%0D%0A+         </div>%0D%0A+       ) : activeSubTab === 'organization' ? (%0D%0A+         <div className="grid grid-cols-1 lg:grid-cols-3 gap-4">%0D%0A+           {/* Profile Management Section */}%0D%0A+           <div className="lg:col-span-1 space-y-4">%0D%0A+             <div className="rounded-md border border-[#e1dfdd] bg-white p-4 space-y-3">%0D%0A+               <h3 className="flex items-center gap-1.5 border-b border-[#e1dfdd] pb-2 text-[14px] font-semibold text-[#201f1e]">%0D%0A+                 <Sliders className="h-4 w-4 text-[#0f6cbd]" />%0D%0A+                 <span>User profile credentials</span>%0D%0A+               </h3>%0D%0A+ %0D%0A+               {teamError && (%0D%0A+                 <div className="flex gap-2 rounded-md border border-[#a4262c]/30 bg-[#fdf2f2] p-3 text-[13px] text-[#a4262c]">%0D%0A+                   <ShieldAlert className="h-3.5 w-3.5 shrink-0" />%0D%0A+                   <p>{teamError}</p>%0D%0A+                 </div>%0D%0A+               )}%0D%0A+ %0D%0A+               {teamSuccess && (%0D%0A+                 <div className="flex gap-2 rounded-md border border-[#0e700e]/30 bg-[#dff6dd] p-3 text-[13px] text-[#0e700e]">%0D%0A+                   <CheckCircle2 className="h-3.5 w-3.5 shrink-0" />%0D%0A+                   <p>{teamSuccess}</p>%0D%0A+                 </div>%0D%0A+               )}%0D%0A+ %0D%0A+               {editingProfile ? (%0D%0A+                 <form onSubmit={handleSaveProfile} className="space-y-3">%0D%0A+                   <div className="flex flex-col gap-1">%0D%0A+                     <label className="text-[12px] font-medium text-[#605e5c]">Display name</label>%0D%0A+                     <input%0D%0A+                       type="text"%0D%0A+                       required%0D%0A+                       value={profileName}%0D%0A+                       onChange={(e) => setProfileName(e.target.value)}%0D%0A+                       className="h-9 w-full rounded border border-[#c8c6c4] px-2.5 text-[13px] focus:border-[#0f6cbd] focus:outline-none focus:ring-1 focus:ring-[#0f6cbd]"%0D%0A+                     />%0D%0A+                   </div>%0D%0A+ %0D%0A+                   <div className="flex flex-col gap-1">%0D%0A+                     <label className="text-[12px] font-medium text-[#605e5c]">Corporate job title</label>%0D%0A+                     <input%0D%0A+                       type="text"%0D%0A+                       required%0D%0A+                       value={profileJobTitle}%0D%0A+                       onChange={(e) => setProfileJobTitle(e.target.value)}%0D%0A+                       className="h-9 w-full rounded border border-[#c8c6c4] px-2.5 text-[13px] focus:border-[#0f6cbd] focus:outline-none focus:ring-1 focus:ring-[#0f6cbd]"%0D%0A+                     />%0D%0A+                   </div>%0D%0A+ %0D%0A+                   <div className="flex flex-col gap-1">%0D%0A+                     <label className="text-[12px] font-medium text-[#605e5c]">Organization name</label>%0D%0A+                     <input%0D%0A+                       type="text"%0D%0A+                       required%0D%0A+                       value={profileCompany}%0D%0A+                       onChange={(e) => setProfileCompany(e.target.value)}%0D%0A+                       className="h-9 w-full rounded border border-[#c8c6c4] px-2.5 text-[13px] focus:border-[#0f6cbd] focus:outline-none focus:ring-1 focus:ring-[#0f6cbd]"%0D%0A+                     />%0D%0A+                   </div>%0D%0A+ %0D%0A+                   <div className="flex justify-end gap-2 pt-1">%0D%0A+                     <button%0D%0A+                       type="button"%0D%0A+                       onClick={() => setEditingProfile(false)}%0D%0A+                       className="inline-flex h-9 items-center rounded border border-[#c8c6c4] px-3 text-[13px] font-medium text-[#323130] hover:bg-black/[.03]"%0D%0A+                     >%0D%0A+                       Cancel%0D%0A+                     </button>%0D%0A+                     <button%0D%0A+                       type="submit"%0D%0A+                       className="inline-flex h-9 items-center rounded bg-[#0f6cbd] px-3 text-[13px] font-medium text-white hover:bg-[#004578]"%0D%0A+                     >%0D%0A+                       Save profile%0D%0A+                     </button>%0D%0A+                   </div>%0D%0A+                 </form>%0D%0A+               ) : (%0D%0A+                 <div className="space-y-3">%0D%0A+                   <div className="flex items-center gap-3">%0D%0A+                     <div className="flex h-11 w-11 items-center justify-center rounded-full border border-[#c8c6c4] bg-[#eff6fc] text-[15px] font-semibold text-[#0f6cbd]">%0D%0A+                       {profileName ? profileName.substring(0, 2).toUpperCase() : 'U'}%0D%0A+                     </div>%0D%0A+                     <div>%0D%0A+                       <h4 className="text-[14px] font-semibold text-[#201f1e]">%0D%0A+                         {profileName || 'Active Operator'}%0D%0A+                       </h4>%0D%0A+                       <p className="mt-0.5 text-[12px] text-[#605e5c]">%0D%0A+                         {profileJobTitle || 'Workspace Administrator'}%0D%0A+                       </p>%0D%0A+                     </div>%0D%0A+                   </div>%0D%0A+ %0D%0A+                   <div className="space-y-1.5 border-t border-[#e1dfdd] pt-3 text-[12px] text-[#605e5c]">%0D%0A+                     <div className="flex justify-between">%0D%0A+                       <span>Email identifier</span>%0D%0A+                       <span className="select-all font-medium text-[#201f1e]">{profile?.email || 'N/A'}</span>%0D%0A+                     </div>%0D%0A+                     <div className="flex justify-between">%0D%0A+                       <span>Active tenant ID</span>%0D%0A+                       <span className="select-all">{profile?.tenantId || 'global'}</span>%0D%0A+                     </div>%0D%0A+                     <div className="flex justify-between">%0D%0A+                       <span>MSP workspace</span>%0D%0A+                       <span className="font-medium text-[#201f1e]">{profile?.companyName || 'Not defined'}</span>%0D%0A+                     </div>%0D%0A+                   </div>%0D%0A+ %0D%0A+                   <button%0D%0A+                     type="button"%0D%0A+                     onClick={() => {%0D%0A+                       setProfileName(profile?.displayName || '');%0D%0A+                       setProfileJobTitle(profile?.roleTitle || '');%0D%0A+                       setProfileCompany(profile?.companyName || '');%0D%0A+                       setEditingProfile(true);%0D%0A+                     }}%0D%0A+                     className="h-9 w-full rounded border border-[#c8c6c4] text-[13px] font-medium text-[#323130] hover:bg-black/[.03]"%0D%0A+                   >%0D%0A+                     Edit profile details%0D%0A+                   </button>%0D%0A+                 </div>%0D%0A+               )}%0D%0A+             </div>%0D%0A+ %0D%0A+             <div className="rounded-md border border-[#e1dfdd] bg-[#faf9f8] p-4 space-y-2">%0D%0A+               <h4 className="text-[12px] font-semibold uppercase tracking-wide text-[#605e5c]">%0D%0A+                 Authorized role hierarchy%0D%0A+               </h4>%0D%0A+               <p className="text-[12px] leading-relaxed text-[#605e5c]">%0D%0A+                 RBAC enforces strict isolation gates. Permissions cascade in order: <strong className="text-[#323130]">Owner &gt; Admin &gt; Technician &gt; Viewer &gt; Client</strong>. Modifying team permissions automatically triggers a cryptographic token invalidation audit block.%0D%0A+               </p>%0D%0A+             </div>%0D%0A+           </div>%0D%0A+ %0D%0A+           {/* Organization & Team Access List Section */}%0D%0A+           <div className="lg:col-span-2 space-y-4">%0D%0A+             {/* Invite form card */}%0D%0A+             <div className="rounded-md border border-[#e1dfdd] bg-white p-4 space-y-3">%0D%0A+               <h3 className="flex items-center gap-1.5 border-b border-[#e1dfdd] pb-2 text-[14px] font-semibold text-[#201f1e]">%0D%0A+                 <PlusCircle className="h-4 w-4 text-[#0f6cbd]" />%0D%0A+                 <span>Invite new MSP team member</span>%0D%0A+               </h3>%0D%0A+ %0D%0A+               <form onSubmit={handleInviteMember} className="flex flex-col gap-3 md:flex-row md:items-end">%0D%0A+                 <div className="flex flex-1 flex-col gap-1">%0D%0A+                   <label className="text-[12px] font-medium text-[#605e5c]">%0D%0A+                     Email address%0D%0A+                   </label>%0D%0A+                   <input%0D%0A+                     type="email"%0D%0A+                     required%0D%0A+                     placeholder="e.g. associate@company.com"%0D%0A+                     value={inviteEmail}%0D%0A+                     onChange={(e) => setInviteEmail(e.target.value)}%0D%0A+                     className="h-9 w-full rounded border border-[#c8c6c4] px-2.5 text-[13px] focus:border-[#0f6cbd] focus:outline-none focus:ring-1 focus:ring-[#0f6cbd]"%0D%0A+                   />%0D%0A+                 </div>%0D%0A+ %0D%0A+                 <div className="flex w-full flex-col gap-1 md:w-44">%0D%0A+                   <label className="text-[12px] font-medium text-[#605e5c]">%0D%0A+                     Security role%0D%0A+                   </label>%0D%0A+                   <select%0D%0A+                     value={inviteRole}%0D%0A+                     onChange={(e) => setInviteRole(e.target.value)}%0D%0A+                     className="h-9 w-full rounded border border-[#c8c6c4] px-2.5 text-[13px] focus:border-[#0f6cbd] focus:outline-none focus:ring-1 focus:ring-[#0f6cbd]"%0D%0A+                   >%0D%0A+                     <option value="Admin">Admin</option>%0D%0A+                     <option value="Technician">Technician</option>%0D%0A+                     <option value="Viewer">Viewer</option>%0D%0A+                     <option value="Client">Client</option>%0D%0A+                   </select>%0D%0A+                 </div>%0D%0A+ %0D%0A+                 <button%0D%0A+                   type="submit"%0D%0A+                   disabled={!canManageTeam}%0D%0A+                   title={!canManageTeam ? `Your ${currentRole} role cannot invite team members.` : undefined}%0D%0A+                   className="inline-flex h-9 shrink-0 items-center rounded bg-[#0f6cbd] px-4 text-[13px] font-medium text-white hover:bg-[#004578] disabled:cursor-not-allowed disabled:opacity-50"%0D%0A+                 >%0D%0A+                   Send invitation%0D%0A+                 </button>%0D%0A+               </form>%0D%0A+               {!canManageTeam && <p className="text-[12px] text-[#8a5700]">Your {currentRole} role has read-only team access.</p>}%0D%0A+             </div>%0D%0A+ %0D%0A+             {/* Team Members List Card */}%0D%0A+             <div className="rounded-md border border-[#e1dfdd] bg-white p-4 space-y-3">%0D%0A+               <h3 className="flex items-center justify-between border-b border-[#e1dfdd] pb-2 text-[14px] font-semibold text-[#201f1e]">%0D%0A+                 <span className="flex items-center gap-1.5">%0D%0A+                   <Lock className="h-4 w-4 text-[#0f6cbd]" />%0D%0A+                   <span>Workspace associates</span>%0D%0A+                 </span>%0D%0A+                 <span className="rounded border border-[#c8c6c4] bg-[#eff6fc] px-2 py-0.5 text-[12px] font-medium text-[#0f6cbd]">%0D%0A+                   {teamMembers.length} registered%0D%0A+                 </span>%0D%0A+               </h3>%0D%0A+ %0D%0A+               <div className="overflow-x-auto">%0D%0A+                 <table className="w-full border-collapse text-left text-[13px]">%0D%0A+                   <thead>%0D%0A+                     <tr className="border-b border-[#e1dfdd] text-[11px] uppercase tracking-wide text-[#605e5c]">%0D%0A+                       <th className="py-2 font-medium">User details</th>%0D%0A+                       <th className="py-2 font-medium">Authority role</th>%0D%0A+                       <th className="py-2 text-right font-medium">Actions</th>%0D%0A+                     </tr>%0D%0A+                   </thead>%0D%0A+                   <tbody>%0D%0A+                     {teamMembers.map((member) => (%0D%0A+                       <tr key={member.id} className="border-b border-[#f3f2f1] hover:bg-black/[.02]">%0D%0A+                         <td className="py-2.5 pr-3">%0D%0A+                           <div className="flex items-center gap-2.5">%0D%0A+                             <div className="flex h-8 w-8 shrink-0 items-center justify-center rounded-full border border-[#c8c6c4] bg-[#f3f2f1] text-[12px] font-semibold text-[#605e5c]">%0D%0A+                               {member.displayName ? member.displayName.substring(0, 2).toUpperCase() : member.email.substring(0, 2).toUpperCase()}%0D%0A+                             </div>%0D%0A+                             <div>%0D%0A+                               <span className="block font-medium text-[#201f1e]">%0D%0A+                                 {member.displayName || 'Pending registration'}%0D%0A+                               </span>%0D%0A+                               <span className="block select-all text-[12px] text-[#8a8886]">%0D%0A+                                 {member.email}%0D%0A+                               </span>%0D%0A+                             </div>%0D%0A+                           </div>%0D%0A+                         </td>%0D%0A+                         <td className="py-2.5">%0D%0A+                           {member.role === 'Owner' ? (%0D%0A+                             <span className="rounded border border-[#c8c6c4] bg-[#eff6fc] px-2 py-0.5 text-[12px] font-medium text-[#0f6cbd]">%0D%0A+                               Owner (root)%0D%0A+                             </span>%0D%0A+                           ) : (%0D%0A+                             <select%0D%0A+                               value={member.role}%0D%0A+                               disabled={!canManageTeam}%0D%0A+                               title={!canManageTeam ? `Your ${currentRole} role cannot change roles.` : undefined}%0D%0A+                               onChange={(e) => handleUpdateMemberRole(member.id, e.target.value)}%0D%0A+                               className="rounded border border-[#c8c6c4] p-1 text-[12px] text-[#323130] focus:border-[#0f6cbd] focus:outline-none disabled:cursor-not-allowed disabled:opacity-50"%0D%0A+                             >%0D%0A+                               <option value="Admin">Admin</option>%0D%0A+                               <option value="Technician">Technician</option>%0D%0A+                               <option value="Viewer">Viewer</option>%0D%0A+                               <option value="Client">Client</option>%0D%0A+                             </select>%0D%0A+                           )}%0D%0A+                         </td>%0D%0A+                         <td className="py-2.5 text-right">%0D%0A+                           {member.role !== 'Owner' && member.id !== profile?.id && canManageTeam && (%0D%0A+                             <button%0D%0A+                               onClick={() => handleRemoveMember(member.id)}%0D%0A+                               className="rounded border border-[#a4262c]/30 px-2.5 py-1 text-[12px] font-medium text-[#a4262c] hover:bg-[#fdf2f2]"%0D%0A+                             >%0D%0A+                               Revoke access%0D%0A+                             </button>%0D%0A+                           )}%0D%0A+                         </td>%0D%0A+                       </tr>%0D%0A+                     ))}%0D%0A+                     {teamMembers.length === 0 && (%0D%0A+                       <tr>%0D%0A+                         <td colSpan={3} className="py-6 text-center text-[#8a8886]">%0D%0A+                           {loadingTeam ? 'Securing team data…' : 'No other associates mapped to this workspace.'}%0D%0A+                         </td>%0D%0A+                       </tr>%0D%0A+                     )}%0D%0A+                   </tbody>%0D%0A+                 </table>%0D%0A+               </div>%0D%0A+             </div>%0D%0A+           </div>%0D%0A+         </div>%0D%0A+       ) : (%0D%0A+         <div className="space-y-4" id="product-master-bible-container">%0D%0A+           {/* Welcome Alert / Info Bar */}%0D%0A+           <details className="rounded-md border border-[#e1dfdd] bg-[#faf9f8] text-[13px]">%0D%0A+             <summary className="cursor-pointer select-none px-3 py-2 font-medium text-[#323130]">What is this? &middot; How the Master Bible works</summary>%0D%0A+             <div className="px-3 pb-3 text-[#605e5c]">%0D%0A+               <p>The Master Bible defines standard secure baseline versions, permitted/copyleft licenses, risk classifications, and operational NIST/ISO security safeguard guidelines. Ingested software passports are checked against these standards to prevent compliance violations.</p>%0D%0A+               <ol className="mt-1.5 list-decimal space-y-0.5 pl-4">%0D%0A+                 <li>Policy reference: NIST SP 800-53 r5.</li>%0D%0A+                 <li>Legal stance: SSPL/AGPL copyleft blocked.</li>%0D%0A+                 <li>Baseline updates: automated daily RSS synchronizations.</li>%0D%0A+               </ol>%0D%0A+             </div>%0D%0A+           </details>%0D%0A+ %0D%0A+           {/* Grid Layout: Left Column = Product Bible Directory, Right Column = Selected Specifications & Sandbox Compliance Auditor */}%0D%0A+           <div className="grid grid-cols-1 lg:grid-cols-3 gap-4">%0D%0A+ %0D%0A+             {/* Left Column: List of Products with Search & Add option */}%0D%0A+             <div className="lg:col-span-1 space-y-3">%0D%0A+               <div className="rounded-md border border-[#e1dfdd] bg-white p-4 space-y-3">%0D%0A+                 <div className="flex items-center justify-between">%0D%0A+                   <div>%0D%0A+                     <h4 className="text-[14px] font-semibold text-[#201f1e]">Product Bible index</h4>%0D%0A+                     <p className="text-[12px] text-[#605e5c]">Index of certified system components</p>%0D%0A+                   </div>%0D%0A+                   <button%0D%0A+                     onClick={() => setShowAddBibleProduct(!showAddBibleProduct)}%0D%0A+                     className="inline-flex items-center gap-1 rounded border border-[#c8c6c4] px-2.5 py-1.5 text-[12px] font-medium text-[#323130] hover:bg-black/[.03]"%0D%0A+                     title="Register a new software specification"%0D%0A+                   >%0D%0A+                     <PlusCircle className="h-3.5 w-3.5" />%0D%0A+                     <span>Register</span>%0D%0A+                   </button>%0D%0A+                 </div>%0D%0A+ %0D%0A+                 {/* Quick Search & Filter */}%0D%0A+                 <div className="space-y-2">%0D%0A+                   <div className="flex h-9 items-center gap-2 rounded border border-[#c8c6c4] px-2.5 focus-within:border-[#0f6cbd] focus-within:ring-1 focus-within:ring-[#0f6cbd]">%0D%0A+                     <Search className="h-3.5 w-3.5 text-[#8a8886]" />%0D%0A+                     <input%0D%0A+                       type="text"%0D%0A+                       placeholder="Search specifications..."%0D%0A+                       value={bibleSearchQuery}%0D%0A+                       onChange={(e) => setBibleSearchQuery(e.target.value)}%0D%0A+                       className="w-full bg-transparent text-[13px] text-[#323130] focus:outline-none"%0D%0A+                     />%0D%0A+                   </div>%0D%0A+ %0D%0A+                   <div className="flex items-center justify-between pt-1 text-[12px] text-[#605e5c]">%0D%0A+                     <span>Risk filter</span>%0D%0A+                     <div className="flex gap-1">%0D%0A+                       {['all', 'low', 'medium', 'high'].map(r => (%0D%0A+                         <button%0D%0A+                           key={r}%0D%0A+                           onClick={() => setBibleFilterRisk(r)}%0D%0A+                           className={`rounded px-1.5 py-0.5 capitalize ${%0D%0A+                             bibleFilterRisk === r%0D%0A+                               ? 'bg-[#eff6fc] font-medium text-[#0f6cbd]'%0D%0A+                               : 'hover:text-[#323130]'%0D%0A+                           }`}%0D%0A+                         >%0D%0A+                           {r}%0D%0A+                         </button>%0D%0A+                       ))}%0D%0A+                     </div>%0D%0A+                   </div>%0D%0A+                 </div>%0D%0A+ %0D%0A+                 {/* Add New Specification Form Block */}%0D%0A+                 {showAddBibleProduct && (%0D%0A+                   <form onSubmit={handleAddBibleProduct} className="space-y-3 rounded-md border border-[#e1dfdd] bg-[#faf9f8] p-3 text-[13px]">%0D%0A+                     <h5 className="text-[13px] font-semibold text-[#201f1e]">New standard specification registration</h5>%0D%0A+ %0D%0A+                     <div>%0D%0A+                       <label className="mb-1 block text-[12px] font-medium text-[#605e5c]">Product / package name</label>%0D%0A+                       <input%0D%0A+                         type="text"%0D%0A+                         placeholder="e.g. Apache Kafka"%0D%0A+                         required%0D%0A+                         value={newBpName}%0D%0A+                         onChange={(e) => setNewBpName(e.target.value)}%0D%0A+                         className="h-9 w-full rounded border border-[#c8c6c4] bg-white px-2.5 text-[13px] focus:border-[#0f6cbd] focus:outline-none focus:ring-1 focus:ring-[#0f6cbd]"%0D%0A+                       />%0D%0A+                     </div>%0D%0A+ %0D%0A+                     <div className="grid grid-cols-2 gap-2">%0D%0A+                       <div>%0D%0A+                         <label className="mb-1 block text-[12px] font-medium text-[#605e5c]">Class type</label>%0D%0A+                         <select%0D%0A+                           value={newBpType}%0D%0A+                           onChange={(e) => setNewBpType(e.target.value)}%0D%0A+                           className="h-9 w-full rounded border border-[#c8c6c4] bg-white px-2 text-[13px] focus:border-[#0f6cbd] focus:outline-none focus:ring-1 focus:ring-[#0f6cbd]"%0D%0A+                         >%0D%0A+                           <option value="Web Infrastructure / Proxy">Web / Proxy</option>%0D%0A+                           <option value="Database Systems">Database</option>%0D%0A+                           <option value="Cache Systems">Cache</option>%0D%0A+                           <option value="Open Source Logging Framework">Logging</option>%0D%0A+                           <option value="Container Foundations">Container</option>%0D%0A+                           <option value="Framework Library">Framework</option>%0D%0A+                         </select>%0D%0A+                       </div>%0D%0A+ %0D%0A+                       <div>%0D%0A+                         <label className="mb-1 block text-[12px] font-medium text-[#605e5c]">Secure baseline</label>%0D%0A+                         <input%0D%0A+                           type="text"%0D%0A+                           placeholder="e.g. 3.4.0"%0D%0A+                           required%0D%0A+                           value={newBpVersion}%0D%0A+                           onChange={(e) => setNewBpVersion(e.target.value)}%0D%0A+                           className="h-9 w-full rounded border border-[#c8c6c4] bg-white px-2.5 text-[13px] focus:border-[#0f6cbd] focus:outline-none focus:ring-1 focus:ring-[#0f6cbd]"%0D%0A+                         />%0D%0A+                       </div>%0D%0A+                     </div>%0D%0A+ %0D%0A+                     <div>%0D%0A+                       <label className="mb-1 block text-[12px] font-medium text-[#605e5c]">Permitted licenses</label>%0D%0A+                       <input%0D%0A+                         type="text"%0D%0A+                         value={newBpAllowedLics}%0D%0A+                         onChange={(e) => setNewBpAllowedLics(e.target.value)}%0D%0A+                         className="h-9 w-full rounded border border-[#c8c6c4] bg-white px-2.5 font-mono text-[12px] focus:border-[#0f6cbd] focus:outline-none focus:ring-1 focus:ring-[#0f6cbd]"%0D%0A+                       />%0D%0A+                       <p className="mt-1 text-[11px] text-[#8a8886]">Comma-separated SPDX identifiers.</p>%0D%0A+                     </div>%0D%0A+ %0D%0A+                     <div>%0D%0A+                       <label className="mb-1 block text-[12px] font-medium text-[#605e5c]">Prohibited copylefts</label>%0D%0A+                       <input%0D%0A+                         type="text"%0D%0A+                         value={newBpDisallowedLics}%0D%0A+                         onChange={(e) => setNewBpDisallowedLics(e.target.value)}%0D%0A+                         className="h-9 w-full rounded border border-[#c8c6c4] bg-white px-2.5 font-mono text-[12px] focus:border-[#0f6cbd] focus:outline-none focus:ring-1 focus:ring-[#0f6cbd]"%0D%0A+                       />%0D%0A+                     </div>%0D%0A+ %0D%0A+                     <div className="grid grid-cols-2 gap-2">%0D%0A+                       <div>%0D%0A+                         <label className="mb-1 block text-[12px] font-medium text-[#605e5c]">Risk tier</label>%0D%0A+                         <select%0D%0A+                           value={newBpRisk}%0D%0A+                           onChange={(e) => setNewBpRisk(e.target.value as any)}%0D%0A+                           className="h-9 w-full rounded border border-[#c8c6c4] bg-white px-2 text-[13px] focus:border-[#0f6cbd] focus:outline-none focus:ring-1 focus:ring-[#0f6cbd]"%0D%0A+                         >%0D%0A+                           <option value="Low">Low</option>%0D%0A+                           <option value="Medium">Medium</option>%0D%0A+                           <option value="High">High</option>%0D%0A+                         </select>%0D%0A+                       </div>%0D%0A+ %0D%0A+                       <div>%0D%0A+                         <label className="mb-1 block text-[12px] font-medium text-[#605e5c]">Target compliance</label>%0D%0A+                         <input%0D%0A+                           type="text"%0D%0A+                           placeholder="e.g. HIPAA CC4 / ISO"%0D%0A+                           value={newBpCompliance}%0D%0A+                           onChange={(e) => setNewBpCompliance(e.target.value)}%0D%0A+                           className="h-9 w-full rounded border border-[#c8c6c4] bg-white px-2.5 text-[13px] focus:border-[#0f6cbd] focus:outline-none focus:ring-1 focus:ring-[#0f6cbd]"%0D%0A+                         />%0D%0A+                       </div>%0D%0A+                     </div>%0D%0A+ %0D%0A+                     <div>%0D%0A+                       <label className="mb-1 block text-[12px] font-medium text-[#605e5c]">Operational safeguard policy</label>%0D%0A+                       <textarea%0D%0A+                         rows={2}%0D%0A+                         placeholder="Safeguards required..."%0D%0A+                         value={newBpSafeguard}%0D%0A+                         onChange={(e) => setNewBpSafeguard(e.target.value)}%0D%0A+                         className="w-full rounded border border-[#c8c6c4] bg-white px-2.5 py-2 text-[13px] focus:border-[#0f6cbd] focus:outline-none focus:ring-1 focus:ring-[#0f6cbd]"%0D%0A+                       />%0D%0A+                     </div>%0D%0A+ %0D%0A+                     <div className="flex justify-end gap-2 pt-1">%0D%0A+                       <button%0D%0A+                         type="button"%0D%0A+                         onClick={() => setShowAddBibleProduct(false)}%0D%0A+                         className="inline-flex h-9 items-center rounded border border-[#c8c6c4] px-3 text-[13px] font-medium text-[#323130] hover:bg-black/[.03]"%0D%0A+                       >%0D%0A+                         Cancel%0D%0A+                       </button>%0D%0A+                       <button%0D%0A+                         type="submit"%0D%0A+                         className="inline-flex h-9 items-center gap-1.5 rounded bg-[#0f6cbd] px-3 text-[13px] font-medium text-white hover:bg-[#004578]"%0D%0A+                       >%0D%0A+                         <Check className="h-3.5 w-3.5" />%0D%0A+                         <span>Register spec</span>%0D%0A+                       </button>%0D%0A+                     </div>%0D%0A+                   </form>%0D%0A+                 )}%0D%0A+ %0D%0A+                 {/* List of Specs */}%0D%0A+                 <div className="max-h-[400px] space-y-1 overflow-y-auto">%0D%0A+                   {filteredBibleProducts.length === 0 ? (%0D%0A+                     <p className="py-6 text-center text-[12px] text-[#8a8886]">No matching standard specifications found.</p>%0D%0A+                   ) : (%0D%0A+                     filteredBibleProducts.map(bp => {%0D%0A+                       const isSelected = bp.id === selectedBibleProductId;%0D%0A+                       return (%0D%0A+                         <button%0D%0A+                           key={bp.id}%0D%0A+                           onClick={() => setSelectedBibleProductId(bp.id)}%0D%0A+                           className={`flex w-full items-center justify-between rounded border p-2.5 text-left text-[13px] ${%0D%0A+                             isSelected%0D%0A+                               ? 'border-[#0f6cbd] bg-[#eff6fc] text-[#0f6cbd]'%0D%0A+                               : 'border-[#e1dfdd] bg-white text-[#323130] hover:bg-black/[.02]'%0D%0A+                           }`}%0D%0A+                         >%0D%0A+                           <div className="min-w-0">%0D%0A+                             <p className="truncate leading-snug">{bp.name}</p>%0D%0A+                             <span className="mt-0.5 block text-[11px] text-[#8a8886]">{bp.type}</span>%0D%0A+                           </div>%0D%0A+ %0D%0A+                           <div className="ml-2 flex shrink-0 items-center gap-1.5">%0D%0A+                             <span className={`rounded px-1.5 py-0.5 text-[11px] font-medium ${%0D%0A+                               bp.riskTier === 'High' ? 'bg-[#fdf2f2] text-[#a4262c]' :%0D%0A+                               bp.riskTier === 'Medium' ? 'bg-[#fff4ce] text-[#8a5700]' :%0D%0A+                               'bg-[#dff6dd] text-[#0e700e]'%0D%0A+                             }`}>%0D%0A+                               {bp.riskTier}%0D%0A+                             </span>%0D%0A+                             <ChevronRight className={`h-3.5 w-3.5 ${isSelected ? 'text-[#0f6cbd]' : 'text-[#8a8886]'}`} />%0D%0A+                           </div>%0D%0A+                         </button>%0D%0A+                       );%0D%0A+                     })%0D%0A+                   )}%0D%0A+                 </div>%0D%0A+               </div>%0D%0A+             </div>%0D%0A+ %0D%0A+             {/* Right 2 Columns: Specification Details & Interactive Sandbox compliance auditor */}%0D%0A+             <div className="lg:col-span-2 space-y-4">%0D%0A+ %0D%0A+               {/* Card 1: Active Specification detail */}%0D%0A+               {activeBibleProduct && (%0D%0A+                 <div className="rounded-md border border-[#e1dfdd] bg-white p-4 space-y-3">%0D%0A+                   <div className="flex items-start justify-between border-b border-[#e1dfdd] pb-3">%0D%0A+                     <div>%0D%0A+                       <span className="text-[11px] font-medium uppercase tracking-wide text-[#0f6cbd]">Approved platform standard spec</span>%0D%0A+                       <h3 className="mt-1 flex items-center gap-1.5 text-[15px] font-semibold text-[#201f1e]">%0D%0A+                         <CheckCircle2 className="h-4 w-4 text-[#0e700e]" />%0D%0A+                         {activeBibleProduct.name}%0D%0A+                       </h3>%0D%0A+                       <p className="mt-0.5 text-[12px] text-[#605e5c]">{activeBibleProduct.type}</p>%0D%0A+                     </div>%0D%0A+ %0D%0A+                     <span className="rounded border border-[#c8c6c4] bg-[#eff6fc] px-2 py-0.5 text-[12px] font-medium text-[#0f6cbd]">%0D%0A+                       Baseline v{activeBibleProduct.baselineSecureVersion}%0D%0A+                     </span>%0D%0A+                   </div>%0D%0A+ %0D%0A+                   <div className="grid grid-cols-1 gap-4 md:grid-cols-2">%0D%0A+                     <div className="space-y-3">%0D%0A+                       <div>%0D%0A+                         <span className="block text-[11px] font-medium uppercase text-[#605e5c]">Permitted (greenlist) licenses</span>%0D%0A+                         <div className="mt-1.5 flex flex-wrap gap-1.5">%0D%0A+                           {activeBibleProduct.allowedLicenses.map((lic: string) => (%0D%0A+                             <span key={lic} className="rounded border border-[#c8c6c4] bg-[#dff6dd] px-2 py-0.5 text-[11px] font-medium text-[#0e700e]">%0D%0A+                               {lic}%0D%0A+                             </span>%0D%0A+                           ))}%0D%0A+                           {activeBibleProduct.allowedLicenses.length === 0 && <span className="text-[12px] italic text-[#8a8886]">None specified</span>}%0D%0A+                         </div>%0D%0A+                       </div>%0D%0A+ %0D%0A+                       <div>%0D%0A+                         <span className="block text-[11px] font-medium uppercase text-[#605e5c]">Prohibited (blacklisted) licenses</span>%0D%0A+                         <div className="mt-1.5 flex flex-wrap gap-1.5">%0D%0A+                           {activeBibleProduct.disallowedLicenses.map((lic: string) => (%0D%0A+                             <span key={lic} className="rounded border border-[#c8c6c4] bg-[#fdf2f2] px-2 py-0.5 text-[11px] font-medium text-[#a4262c]">%0D%0A+                               {lic}%0D%0A+                             </span>%0D%0A+                           ))}%0D%0A+                           {activeBibleProduct.disallowedLicenses.length === 0 && <span className="text-[12px] italic text-[#8a8886]">None prohibited</span>}%0D%0A+                         </div>%0D%0A+                       </div>%0D%0A+                     </div>%0D%0A+ %0D%0A+                     <div className="space-y-2 rounded-md border border-[#e1dfdd] bg-[#faf9f8] p-3">%0D%0A+                       <span className="block text-[11px] font-medium uppercase text-[#605e5c]">Target regulatory framework compliance</span>%0D%0A+                       <p className="text-[13px] font-medium text-[#323130]">{activeBibleProduct.complianceTarget}</p>%0D%0A+                       <p className="text-[12px] leading-normal text-[#605e5c]">%0D%0A+                         Ingested components of this product category must be validated in accordance with audit guidelines mapped to this baseline.%0D%0A+                       </p>%0D%0A+                     </div>%0D%0A+                   </div>%0D%0A+ %0D%0A+                   <div className="space-y-1.5 rounded-md border border-[#e1dfdd] bg-[#eff6fc] p-3">%0D%0A+                     <span className="block text-[11px] font-medium uppercase tracking-wide text-[#0f6cbd]">Standard core safeguards policy</span>%0D%0A+                     <p className="text-[13px] leading-normal text-[#323130]">{activeBibleProduct.safeguardPolicy}</p>%0D%0A+                   </div>%0D%0A+                 </div>%0D%0A+               )}%0D%0A+ %0D%0A+               {/* Card 2: Interactive Sandbox Compliance Auditor */}%0D%0A+               <div className="rounded-md border border-[#e1dfdd] bg-white p-4 space-y-3">%0D%0A+                 <div>%0D%0A+                   <h3 className="flex items-center gap-1.5 text-[14px] font-semibold text-[#201f1e]">%0D%0A+                     <Sparkles className="h-4 w-4 text-[#0f6cbd]" />%0D%0A+                     <span>Interactive product compliance sandbox</span>%0D%0A+                   </h3>%0D%0A+                   <p className="mt-0.5 text-[12px] text-[#605e5c]">%0D%0A+                     Simulate software ingest requests and instantly check compliance against the Master Product Bible.%0D%0A+                   </p>%0D%0A+                 </div>%0D%0A+ %0D%0A+                 <div className="grid grid-cols-1 gap-4 md:grid-cols-2">%0D%0A+                   <div className="space-y-3">%0D%0A+                     <div>%0D%0A+                       <label className="mb-1 block text-[12px] font-medium text-[#605e5c]">Select target product class</label>%0D%0A+                       <select%0D%0A+                         value={sandboxProduct}%0D%0A+                         onChange={(e) => {%0D%0A+                           setSandboxProduct(e.target.value);%0D%0A+                           const found = bibleProducts.find(bp => bp.name === e.target.value);%0D%0A+                           if (found) {%0D%0A+                             setSandboxVersion(found.baselineSecureVersion);%0D%0A+                             setSandboxLicense(found.allowedLicenses[0] || 'MIT');%0D%0A+                           }%0D%0A+                         }}%0D%0A+                         className="h-9 w-full rounded border border-[#c8c6c4] px-2.5 text-[13px] focus:border-[#0f6cbd] focus:outline-none focus:ring-1 focus:ring-[#0f6cbd]"%0D%0A+                       >%0D%0A+                         {bibleProducts.map(bp => (%0D%0A+                           <option key={bp.id} value={bp.name}>{bp.name}</option>%0D%0A+                         ))}%0D%0A+                         <option value="custom">-- Custom/unregistered product --</option>%0D%0A+                       </select>%0D%0A+                     </div>%0D%0A+ %0D%0A+                     {sandboxProduct === 'custom' && (%0D%0A+                       <div>%0D%0A+                         <label className="mb-1 block text-[12px] font-medium text-[#605e5c]">Custom product name</label>%0D%0A+                         <input%0D%0A+                           type="text"%0D%0A+                           placeholder="e.g. Apache Kafka"%0D%0A+                           value={sandboxCustomName}%0D%0A+                           onChange={(e) => setSandboxCustomName(e.target.value)}%0D%0A+                           className="h-9 w-full rounded border border-[#c8c6c4] px-2.5 text-[13px] focus:border-[#0f6cbd] focus:outline-none focus:ring-1 focus:ring-[#0f6cbd]"%0D%0A+                         />%0D%0A+                       </div>%0D%0A+                     )}%0D%0A+ %0D%0A+                     <div className="grid grid-cols-2 gap-2">%0D%0A+                       <div>%0D%0A+                         <label className="mb-1 block text-[12px] font-medium text-[#605e5c]">Ingested version</label>%0D%0A+                         <input%0D%0A+                           type="text"%0D%0A+                           value={sandboxVersion}%0D%0A+                           onChange={(e) => setSandboxVersion(e.target.value)}%0D%0A+                           className="h-9 w-full rounded border border-[#c8c6c4] px-2.5 font-mono text-[13px] focus:border-[#0f6cbd] focus:outline-none focus:ring-1 focus:ring-[#0f6cbd]"%0D%0A+                           placeholder="e.g. 1.25.0"%0D%0A+                         />%0D%0A+                       </div>%0D%0A+ %0D%0A+                       <div>%0D%0A+                         <label className="mb-1 block text-[12px] font-medium text-[#605e5c]">License SPDX</label>%0D%0A+                         <input%0D%0A+                           type="text"%0D%0A+                           value={sandboxLicense}%0D%0A+                           onChange={(e) => setSandboxLicense(e.target.value)}%0D%0A+                           className="h-9 w-full rounded border border-[#c8c6c4] px-2.5 font-mono text-[13px] focus:border-[#0f6cbd] focus:outline-none focus:ring-1 focus:ring-[#0f6cbd]"%0D%0A+                           placeholder="e.g. GPL-3.0-only"%0D%0A+                         />%0D%0A+                       </div>%0D%0A+                     </div>%0D%0A+ %0D%0A+                     <div>%0D%0A+                       <label className="mb-1 block text-[12px] font-medium text-[#605e5c]">Target deploy environment</label>%0D%0A+                       <div className="grid grid-cols-3 gap-2">%0D%0A+                         {['Production', 'Staging', 'Development'].map(env => (%0D%0A+                           <button%0D%0A+                             key={env}%0D%0A+                             type="button"%0D%0A+                             onClick={() => setSandboxEnv(env)}%0D%0A+                             className={`rounded border p-2 text-center text-[12px] font-medium ${%0D%0A+                               sandboxEnv === env%0D%0A+                                 ? 'border-[#0f6cbd] bg-[#eff6fc] text-[#0f6cbd]'%0D%0A+                                 : 'border-[#c8c6c4] text-[#605e5c] hover:bg-black/[.03]'%0D%0A+                             }`}%0D%0A+                           >%0D%0A+                             {env}%0D%0A+                           </button>%0D%0A+                         ))}%0D%0A+                       </div>%0D%0A+                     </div>%0D%0A+ %0D%0A+                     <button%0D%0A+                       type="button"%0D%0A+                       onClick={handleRunSandboxAudit}%0D%0A+                       className="flex h-9 w-full items-center justify-center gap-1.5 rounded bg-[#0f6cbd] text-[13px] font-medium text-white hover:bg-[#004578]"%0D%0A+                     >%0D%0A+                       <Play className="h-3.5 w-3.5" />%0D%0A+                       <span>Run sandbox compliance attestation</span>%0D%0A+                     </button>%0D%0A+                   </div>%0D%0A+ %0D%0A+                   {/* Attestation Sandbox Report panel */}%0D%0A+                   <div className="flex min-h-[240px] flex-col justify-between rounded-md border border-[#e1dfdd] bg-[#faf9f8] p-3">%0D%0A+                     {sandboxReport ? (%0D%0A+                       <div className="space-y-3">%0D%0A+                         <div className="flex items-center justify-between border-b border-[#e1dfdd] pb-2">%0D%0A+                           <div>%0D%0A+                             <span className="block text-[11px] font-medium text-[#605e5c]">Attestation report</span>%0D%0A+                             <h4 className="max-w-[160px] truncate text-[13px] font-semibold text-[#201f1e]">{sandboxReport.productName}</h4>%0D%0A+                           </div>%0D%0A+ %0D%0A+                           <span className={`inline-flex items-center gap-1 rounded border border-[#c8c6c4] px-2 py-0.5 text-[11px] font-medium ${%0D%0A+                             sandboxReport.overallStatus === 'PASS' ? 'bg-[#dff6dd] text-[#0e700e]' :%0D%0A+                             sandboxReport.overallStatus === 'WARN' ? 'bg-[#fff4ce] text-[#8a5700]' :%0D%0A+                             'bg-[#fdf2f2] text-[#a4262c]'%0D%0A+                           }`}>%0D%0A+                             <span className={`h-1.5 w-1.5 rounded-full ${%0D%0A+                               sandboxReport.overallStatus === 'PASS' ? 'bg-[#0e700e]' :%0D%0A+                               sandboxReport.overallStatus === 'WARN' ? 'bg-[#8a5700]' :%0D%0A+                               'bg-[#a4262c]'%0D%0A+                             }`} />%0D%0A+                             {sandboxReport.overallStatus}%0D%0A+                           </span>%0D%0A+                         </div>%0D%0A+ %0D%0A+                         <div className="space-y-2 text-[12px] leading-normal">%0D%0A+                           <div className="flex items-start gap-1.5">%0D%0A+                             {sandboxReport.versionStatus === 'Compliant' ? (%0D%0A+                               <Check className="mt-0.5 h-3.5 w-3.5 shrink-0 text-[#0e700e]" />%0D%0A+                             ) : sandboxReport.versionStatus === 'Warning' ? (%0D%0A+                               <AlertTriangle className="mt-0.5 h-3.5 w-3.5 shrink-0 text-[#8a5700]" />%0D%0A+                             ) : (%0D%0A+                               <ShieldAlert className="mt-0.5 h-3.5 w-3.5 shrink-0 text-[#a4262c]" />%0D%0A+                             )}%0D%0A+                             <div>%0D%0A+                               <span className="font-medium text-[#323130]">Version standard: </span>%0D%0A+                               <span className="text-[#605e5c]">{sandboxReport.versionDetails}</span>%0D%0A+                             </div>%0D%0A+                           </div>%0D%0A+ %0D%0A+                           <div className="flex items-start gap-1.5">%0D%0A+                             {sandboxReport.licenseStatus === 'Compliant' ? (%0D%0A+                               <Check className="mt-0.5 h-3.5 w-3.5 shrink-0 text-[#0e700e]" />%0D%0A+                             ) : sandboxReport.licenseStatus === 'Warning' ? (%0D%0A+                               <AlertTriangle className="mt-0.5 h-3.5 w-3.5 shrink-0 text-[#8a5700]" />%0D%0A+                             ) : (%0D%0A+                               <ShieldAlert className="mt-0.5 h-3.5 w-3.5 shrink-0 text-[#a4262c]" />%0D%0A+                             )}%0D%0A+                             <div>%0D%0A+                               <span className="font-medium text-[#323130]">License standard: </span>%0D%0A+                               <span className="text-[#605e5c]">{sandboxReport.licenseDetails}</span>%0D%0A+                             </div>%0D%0A+                           </div>%0D%0A+                         </div>%0D%0A+ %0D%0A+                         <div className="space-y-1 rounded border border-[#e1dfdd] bg-white p-2.5 text-[12px] leading-normal text-[#605e5c]">%0D%0A+                           <p className="text-[11px] font-medium uppercase text-[#323130]">Compliance checklist ({sandboxReport.complianceTarget}):</p>%0D%0A+                           <p className="italic">{sandboxReport.safeguardPolicy}</p>%0D%0A+                         </div>%0D%0A+                       </div>%0D%0A+                     ) : (%0D%0A+                       <div className="flex h-full flex-col items-center justify-center space-y-2 py-10 text-center text-[#8a8886]">%0D%0A+                         <Sliders className="h-6 w-6 text-[#c8c6c4]" />%0D%0A+                         <p className="mt-2 text-[13px] font-medium text-[#605e5c]">Attestation pending</p>%0D%0A+                         <p className="max-w-[220px] text-[12px] leading-snug text-[#8a8886]">%0D%0A+                           Configure simulation parameters and run the sandbox compliance attestation to test build parameters against standards.%0D%0A+                         </p>%0D%0A+                       </div>%0D%0A+                     )}%0D%0A+ %0D%0A+                     <div className="mt-2 flex items-center justify-between border-t border-[#e1dfdd] pt-2 text-[11px] text-[#8a8886]">%0D%0A+                       <span>Audit kernel: SEC_ENGINE_v1.0</span>%0D%0A+                       {sandboxReport && (%0D%0A+                         <span>Attested: {new Date(sandboxReport.timestamp).toLocaleTimeString()}</span>%0D%0A+                       )}%0D%0A+                     </div>%0D%0A+                   </div>%0D%0A+                 </div>%0D%0A+ %0D%0A+               </div>%0D%0A+ %0D%0A+             </div>%0D%0A+ %0D%0A+           </div>%0D%0A+         </div>%0D%0A+       )}%0D%0A+     </div>%0D%0A+   );%0D%0A+ }%0D%0A+%0A%0A ❯ tests/settings-guide-contract.test.ts:23:22%0A%0A

::error file=/home/runner/work/software-passport-registry/software-passport-registry/tests/settings-guide-contract.test.ts,title=tests/settings-guide-contract.test.ts > Settings "Getting Started" guide stays honest about real gaps > still discloses custom domains are not implemented,line=27,column=22::AssertionError: expected '/**\r\n * @license\r\n * SPDX-License…' to contain 'Custom domains</strong> — not impleme…'%0A%0A- Expected%0A+ Received%0A%0A- Custom domains</strong> — not implemented%0A+ /**%0D%0A+  * @license%0D%0A+  * SPDX-License-Identifier: Apache-2.0%0D%0A+  */%0D%0A+ %0D%0A+ import React, { useState, useEffect, useMemo } from 'react';%0D%0A+ import {%0D%0A+   Settings, Shield, Sliders, KeyRound, Bell, HelpCircle, CheckCircle,%0D%0A+   Sun, Moon, RefreshCw, Trash2, Fingerprint, Lock, FileText, Globe, FileCode,%0D%0A+   BookOpen, Search, Sparkles, PlusCircle, AlertTriangle, Play, ChevronRight, Check,%0D%0A+   ExternalLink, Layers, Info, Filter, ShieldAlert, BadgeAlert, CheckCircle2, AlertCircle%0D%0A+ } from 'lucide-react';%0D%0A+ import { auth } from '../lib/firebase';%0D%0A+ import { apiFetch } from '../utils/apiClient';%0D%0A+ %0D%0A+ interface SettingsViewProps {%0D%0A+   theme: 'light' | 'dark';%0D%0A+   onToggleTheme: () => void;%0D%0A+ }%0D%0A+ %0D%0A+ export default function SettingsView({ theme, onToggleTheme }: SettingsViewProps) {%0D%0A+   const [activeSubTab, setActiveSubTab] = useState<'configurations' | 'bible' | 'organization'>('configurations');%0D%0A+   const [mfaEnabled, setMfaEnabled] = useState(true);%0D%0A+   const [slaTarget, setSlaTarget] = useState(85);%0D%0A+   const [saveSuccess, setSaveSuccess] = useState(false);%0D%0A+   const [offboarding, setOffboarding] = useState(false);%0D%0A+   const [testing, setTesting] = useState(false);%0D%0A+   const [testResults, setTestResults] = useState<any[]>([]);%0D%0A+ %0D%0A+   // Profile & Org/Team States%0D%0A+   const [profile, setProfile] = useState<any>(null);%0D%0A+   const [teamMembers, setTeamMembers] = useState<any[]>([]);%0D%0A+   const [inviteEmail, setInviteEmail] = useState('');%0D%0A+   const [inviteRole, setInviteRole] = useState('Technician');%0D%0A+   const [editingProfile, setEditingProfile] = useState(false);%0D%0A+   const [profileName, setProfileName] = useState('');%0D%0A+   const [profileJobTitle, setProfileJobTitle] = useState('');%0D%0A+   const [profileCompany, setProfileCompany] = useState('');%0D%0A+   const [loadingTeam, setLoadingTeam] = useState(false);%0D%0A+   const [teamError, setTeamError] = useState<string | null>(null);%0D%0A+   const [teamSuccess, setTeamSuccess] = useState<string | null>(null);%0D%0A+ %0D%0A+   // profile is fetched from /api/user/me, which already returns the caller's%0D%0A+   // role — derive gating from it directly rather than requiring a separate%0D%0A+   // prop. Matches backend enforcement exactly: POST /api/tenant/offboard is%0D%0A+   // requireRole('Owner'); team invite/role-change/remove are requireRole%0D%0A+   // (['Owner','Admin']) (auth.ts).%0D%0A+   const currentRole: string = profile?.role || 'Viewer';%0D%0A+   const isOwner = currentRole === 'Owner';%0D%0A+   const canManageTeam = isOwner || currentRole === 'Admin';%0D%0A+ %0D%0A+   const fetchProfileAndTeam = async () => {%0D%0A+     setLoadingTeam(true);%0D%0A+     try {%0D%0A+       // 1. Fetch user profile%0D%0A+       const profRes = await apiFetch('/api/user/me');%0D%0A+       if (profRes.ok) {%0D%0A+         const profData = await profRes.json();%0D%0A+         setProfile(profData);%0D%0A+         setProfileName(profData.displayName || '');%0D%0A+         setProfileJobTitle(profData.roleTitle || '');%0D%0A+         setProfileCompany(profData.companyName || '');%0D%0A+       }%0D%0A+ %0D%0A+       // 2. Fetch team members%0D%0A+       const teamRes = await apiFetch('/api/organization/team');%0D%0A+       if (teamRes.ok) {%0D%0A+         const teamData = await teamRes.json();%0D%0A+         setTeamMembers(teamData);%0D%0A+       }%0D%0A+     } catch (err) {%0D%0A+       console.error('Error fetching profile or organization team:', err);%0D%0A+     } finally {%0D%0A+       setLoadingTeam(false);%0D%0A+     }%0D%0A+   };%0D%0A+ %0D%0A+   const handleInviteMember = async (e: React.FormEvent) => {%0D%0A+     e.preventDefault();%0D%0A+     if (!inviteEmail || !canManageTeam) return;%0D%0A+     setTeamError(null);%0D%0A+     setTeamSuccess(null);%0D%0A+     try {%0D%0A+       const res = await apiFetch('/api/organization/invite', {%0D%0A+         method: 'POST',%0D%0A+         headers: { 'Content-Type': 'application/json' },%0D%0A+         body: JSON.stringify({ email: inviteEmail, role: inviteRole })%0D%0A+       });%0D%0A+       if (res.ok) {%0D%0A+         setTeamSuccess(`Successfully sent security invitation to ${inviteEmail}`);%0D%0A+         setInviteEmail('');%0D%0A+         fetchProfileAndTeam();%0D%0A+       } else {%0D%0A+         const errData = await res.json();%0D%0A+         setTeamError(errData.message || 'Failed to send workspace invitation.');%0D%0A+       }%0D%0A+     } catch (err) {%0D%0A+       setTeamError('Network error while dispatching invitation.');%0D%0A+     }%0D%0A+   };%0D%0A+ %0D%0A+   const handleUpdateMemberRole = async (userId: string, newRole: string) => {%0D%0A+     if (!canManageTeam) return;%0D%0A+     setTeamError(null);%0D%0A+     setTeamSuccess(null);%0D%0A+     try {%0D%0A+       const res = await apiFetch(`/api/organization/team/${userId}/role`, {%0D%0A+         method: 'PUT',%0D%0A+         headers: { 'Content-Type': 'application/json' },%0D%0A+         body: JSON.stringify({ role: newRole })%0D%0A+       });%0D%0A+       if (res.ok) {%0D%0A+         setTeamSuccess('Workspace member role updated successfully.');%0D%0A+         fetchProfileAndTeam();%0D%0A+       } else {%0D%0A+         const errData = await res.json();%0D%0A+         setTeamError(errData.message || 'Permission denied.');%0D%0A+       }%0D%0A+     } catch (err) {%0D%0A+       setTeamError('Failed to synchronize updated permission rules.');%0D%0A+     }%0D%0A+   };%0D%0A+ %0D%0A+   const handleRemoveMember = async (userId: string) => {%0D%0A+     if (!canManageTeam) return;%0D%0A+     const confirmed = window.confirm('Are you sure you want to revoke this user\'s workspace security credentials?');%0D%0A+     if (!confirmed) return;%0D%0A+     setTeamError(null);%0D%0A+     setTeamSuccess(null);%0D%0A+     try {%0D%0A+       const res = await apiFetch(`/api/organization/team/${userId}`, {%0D%0A+         method: 'DELETE'%0D%0A+       });%0D%0A+       if (res.ok) {%0D%0A+         setTeamSuccess('Revoked workspace access and terminated session keys.');%0D%0A+         fetchProfileAndTeam();%0D%0A+       } else {%0D%0A+         const errData = await res.json();%0D%0A+         setTeamError(errData.message || 'Rejection from database.');%0D%0A+       }%0D%0A+     } catch (err) {%0D%0A+       setTeamError('Failed to remove member.');%0D%0A+     }%0D%0A+   };%0D%0A+ %0D%0A+   const handleSaveProfile = async (e: React.FormEvent) => {%0D%0A+     e.preventDefault();%0D%0A+     setTeamError(null);%0D%0A+     setTeamSuccess(null);%0D%0A+     try {%0D%0A+       const res = await apiFetch('/api/user/profile', {%0D%0A+         method: 'PUT',%0D%0A+         headers: { 'Content-Type': 'application/json' },%0D%0A+         body: JSON.stringify({%0D%0A+           displayName: profileName,%0D%0A+           roleTitle: profileJobTitle,%0D%0A+           companyName: profileCompany%0D%0A+         })%0D%0A+       });%0D%0A+       if (res.ok) {%0D%0A+         setTeamSuccess('User profile details updated successfully.');%0D%0A+         setEditingProfile(false);%0D%0A+         fetchProfileAndTeam();%0D%0A+       } else {%0D%0A+         const errData = await res.json();%0D%0A+         setTeamError(errData.message || 'Failed to save details.');%0D%0A+       }%0D%0A+     } catch (err) {%0D%0A+       setTeamError('Failed to save profile changes.');%0D%0A+     }%0D%0A+   };%0D%0A+ %0D%0A+   // Product Bible list%0D%0A+   const [bibleProducts, setBibleProducts] = useState<any[]>([%0D%0A+     {%0D%0A+       id: 'pb-nginx',%0D%0A+       name: 'Nginx Web Server',%0D%0A+       type: 'Web Infrastructure / Proxy',%0D%0A+       baselineSecureVersion: '1.24.0',%0D%0A+       allowedLicenses: ['BSD-2-Clause', 'MIT', 'Apache-2.0'],%0D%0A+       disallowedLicenses: ['GPL-3.0-only', 'AGPL-3.0-only'],%0D%0A+       riskTier: 'Low',%0D%0A+       complianceTarget: 'SOC 2 CC6.1 / NIST SP 800-53',%0D%0A+       safeguardPolicy: 'Enforce TLS 1.3 only, disable cleartext HTTP ports, and prune default Server header metadata.'%0D%0A+     },%0D%0A+     {%0D%0A+       id: 'pb-postgres',%0D%0A+       name: 'PostgreSQL Relational Engine',%0D%0A+       type: 'Database Systems',%0D%0A+       baselineSecureVersion: '15.4',%0D%0A+       allowedLicenses: ['PostgreSQL', 'MIT', 'Apache-2.0'],%0D%0A+       disallowedLicenses: ['AGPL-3.0-only', 'GPL-3.0-only'],%0D%0A+       riskTier: 'Low',%0D%0A+       complianceTarget: 'NIST SP 800-171 / HIPAA Sec. 164',%0D%0A+       safeguardPolicy: 'Enable row-level security (RLS), mandate pgcrypto encryption for columns, and bind exclusively to localized subnets.'%0D%0A+     },%0D%0A+     {%0D%0A+       id: 'pb-redis',%0D%0A+       name: 'Redis In-Memory Key-Value Cache',%0D%0A+       type: 'Cache Systems',%0D%0A+       baselineSecureVersion: '7.0.12',%0D%0A+       allowedLicenses: ['BSD-3-Clause', 'MIT'],%0D%0A+       disallowedLicenses: ['SSPL-1.0', 'AGPL-3.0-only'],%0D%0A+       riskTier: 'Medium',%0D%0A+       complianceTarget: 'PCI-DSS v4.0 Req 2 & 3',%0D%0A+       safeguardPolicy: 'Disable custom dangerous admin commands (CONFIG, FLUSHALL), set authentication passwords, and restrict container loopbacks.'%0D%0A+     },%0D%0A+     {%0D%0A+       id: 'pb-log4j',%0D%0A+       name: 'Apache Log4j Core Logging',%0D%0A+       type: 'Open Source Logging Framework',%0D%0A+       baselineSecureVersion: '2.17.1',%0D%0A+       allowedLicenses: ['Apache-2.0'],%0D%0A+       disallowedLicenses: ['GPL-3.0-only', 'AGPL-3.0-only'],%0D%0A+       riskTier: 'High',%0D%0A+       complianceTarget: 'CISA KEV Mitigation Directive',%0D%0A+       safeguardPolicy: 'Ensure strict lookup disabling (formatMsgNoLookups=true) and remove JMSAppender class files from all builds to neutralize JNDI execution risks.'%0D%0A+     },%0D%0A+     {%0D%0A+       id: 'pb-docker',%0D%0A+       name: 'Docker Container base environment',%0D%0A+       type: 'Container Foundations',%0D%0A+       baselineSecureVersion: '24.0.5',%0D%0A+       allowedLicenses: ['Apache-2.0', 'MIT'],%0D%0A+       disallowedLicenses: ['GPL-3.0-only', 'AGPL-3.0-only'],%0D%0A+       riskTier: 'Low',%0D%0A+       complianceTarget: 'CIS Docker Benchmarks v1.6',%0D%0A+       safeguardPolicy: 'Run containers with non-root privileges, specify readonly root filesystems, and strip all unneeded kernel capabilities (SYS_ADMIN).'%0D%0A+     }%0D%0A+   ]);%0D%0A+ %0D%0A+   // Search/Filter state for Product Bible%0D%0A+   const [bibleSearchQuery, setBibleSearchQuery] = useState('');%0D%0A+   const [bibleFilterRisk, setBibleFilterRisk] = useState('all');%0D%0A+   const [selectedBibleProductId, setSelectedBibleProductId] = useState<string>('pb-nginx');%0D%0A+ %0D%0A+   // New Bible Product form fields%0D%0A+   const [showAddBibleProduct, setShowAddBibleProduct] = useState(false);%0D%0A+   const [newBpName, setNewBpName] = useState('');%0D%0A+   const [newBpType, setNewBpType] = useState('Web Infrastructure / Proxy');%0D%0A+   const [newBpVersion, setNewBpVersion] = useState('');%0D%0A+   const [newBpAllowedLics, setNewBpAllowedLics] = useState('MIT, Apache-2.0, BSD-3-Clause');%0D%0A+   const [newBpDisallowedLics, setNewBpDisallowedLics] = useState('GPL-3.0-only, AGPL-3.0-only');%0D%0A+   const [newBpRisk, setNewBpRisk] = useState<'Low' | 'Medium' | 'High'>('Low');%0D%0A+   const [newBpCompliance, setNewBpCompliance] = useState('');%0D%0A+   const [newBpSafeguard, setNewBpSafeguard] = useState('');%0D%0A+ %0D%0A+   // Sandbox Auditor states%0D%0A+   const [sandboxProduct, setSandboxProduct] = useState('Nginx Web Server');%0D%0A+   const [sandboxCustomName, setSandboxCustomName] = useState('');%0D%0A+   const [sandboxVersion, setSandboxVersion] = useState('1.25.1');%0D%0A+   const [sandboxLicense, setSandboxLicense] = useState('MIT');%0D%0A+   const [sandboxEnv, setSandboxEnv] = useState('Production');%0D%0A+   const [sandboxReport, setSandboxReport] = useState<any | null>(null);%0D%0A+ %0D%0A+   // Multi-tenant Active Sessions, SSO and Cryptographic audit state%0D%0A+   const [sessions, setSessions] = useState<any[]>([]);%0D%0A+   const [history, setHistory] = useState<any[]>([]);%0D%0A+   const [auditChain, setAuditChain] = useState<any[]>([]);%0D%0A+   const [loadingLedgers, setLoadingLedgers] = useState(false);%0D%0A+   const [verifyingLedger, setVerifyingLedger] = useState(false);%0D%0A+   const [verificationResult, setVerificationResult] = useState<any | null>(null);%0D%0A+ %0D%0A+   // SAML SSO Form settings%0D%0A+   const [ssoEnabled, setSsoEnabled] = useState(true);%0D%0A+   const [ssoProvider, setSsoProvider] = useState('Okta Enterprise IdP');%0D%0A+   const [ssoMetadataUrl, setSsoMetadataUrl] = useState('https://idp.okta.com/app/exk810/sso/saml/metadata');%0D%0A+   const [ssoClientId, setSsoClientId] = useState('spr_msp_okta_prod_01');%0D%0A+ %0D%0A+   const handleVerifyLedger = async () => {%0D%0A+     setVerifyingLedger(true);%0D%0A+     setVerificationResult(null);%0D%0A+     try {%0D%0A+       const res = await apiFetch('/api/auth/audit-chain/verify');%0D%0A+       if (res.ok) {%0D%0A+         const data = await res.json();%0D%0A+         setVerificationResult(data);%0D%0A+       } else {%0D%0A+         setVerificationResult({%0D%0A+           isValid: false,%0D%0A+           error: 'Verification request returned a server exception.'%0D%0A+         });%0D%0A+       }%0D%0A+     } catch (err: any) {%0D%0A+       setVerificationResult({%0D%0A+         isValid: false,%0D%0A+         error: err?.message || 'Network connection timeout.'%0D%0A+       });%0D%0A+     } finally {%0D%0A+       setVerifyingLedger(false);%0D%0A+     }%0D%0A+   };%0D%0A+ %0D%0A+   const fetchAuthDataLedgers = async () => {%0D%0A+     setLoadingLedgers(true);%0D%0A+     try {%0D%0A+       const sessRes = await apiFetch('/api/auth/sessions');%0D%0A+       if (sessRes.ok) {%0D%0A+         const data = await sessRes.json();%0D%0A+         setSessions(data);%0D%0A+       }%0D%0A+ %0D%0A+       const histRes = await apiFetch('/api/auth/login-history');%0D%0A+       if (histRes.ok) {%0D%0A+         const data = await histRes.json();%0D%0A+         setHistory(data);%0D%0A+       }%0D%0A+ %0D%0A+       const chainRes = await apiFetch('/api/auth/audit-chain');%0D%0A+       if (chainRes.ok) {%0D%0A+         const data = await chainRes.json();%0D%0A+         setAuditChain(data);%0D%0A+       }%0D%0A+     } catch (err) {%0D%0A+       console.error('Error fetching identity and compliance data ledgers:', err);%0D%0A+     } finally {%0D%0A+       setLoadingLedgers(false);%0D%0A+     }%0D%0A+   };%0D%0A+ %0D%0A+   useEffect(() => {%0D%0A+     fetchAuthDataLedgers();%0D%0A+     fetchProfileAndTeam();%0D%0A+   }, []);%0D%0A+ %0D%0A+   const handleRevokeSession = async (sessionId: string) => {%0D%0A+     try {%0D%0A+       const res = await apiFetch('/api/auth/sessions/revoke', {%0D%0A+         method: 'POST',%0D%0A+         headers: { 'Content-Type': 'application/json' },%0D%0A+         body: JSON.stringify({ sessionId })%0D%0A+       });%0D%0A+       if (res.ok) {%0D%0A+         fetchAuthDataLedgers();%0D%0A+       } else {%0D%0A+         alert('Could not complete session revocation.');%0D%0A+       }%0D%0A+     } catch (err) {%0D%0A+       console.error('Error during session revocation:', err);%0D%0A+     }%0D%0A+   };%0D%0A+ %0D%0A+   // There is no test-runner endpoint in the backend (running the test suite%0D%0A+   // from an HTTP request would itself be a code-execution risk), and no%0D%0A+   // endpoint separately verifies RLS isolation, OAuth handshakes, or API%0D%0A+   // quota safety. This checks the one thing SPR can actually report on%0D%0A+   // itself: real database connectivity, via the existing /api/ready%0D%0A+   // readiness probe — the same one an orchestrator uses.%0D%0A+   const runDiagnosticSuite = async () => {%0D%0A+     setTesting(true);%0D%0A+     try {%0D%0A+       const res = await apiFetch('/api/ready');%0D%0A+       const data = await res.json().catch(() => ({}));%0D%0A+       const dbOk = Boolean(data?.checks?.database?.ok);%0D%0A+       setTestResults([%0D%0A+         { name: 'Database connectivity', status: dbOk ? 'PASS' : 'FAIL', details: dbOk ? `Responded in ${data.checks.database.latencyMs}ms` : data?.checks?.database?.error || 'Database unavailable' },%0D%0A+         { name: 'API reachability', status: 'PASS', details: `/api/ready responded HTTP ${res.status}` },%0D%0A+       ]);%0D%0A+     } catch (err) {%0D%0A+       console.error('Error running readiness check:', err);%0D%0A+       setTestResults([{ name: 'API reachability', status: 'FAIL', details: 'The readiness request itself failed' }]);%0D%0A+     } finally {%0D%0A+       setTesting(false);%0D%0A+     }%0D%0A+   };%0D%0A+ %0D%0A+   const handleOffboardTenant = async () => {%0D%0A+     if (!isOwner) { alert(`Your ${currentRole} role cannot offboard this workspace. Owner is required.`); return; }%0D%0A+     const confirmed = window.confirm(%0D%0A+       "CRITICAL SECURITY ALERT: Are you absolutely certain you want to offboard this tenant? This will cascade-delete all databases, software passports, compliance statuses, and credentials instantly from our PostgreSQL storage nodes. This action cannot be undone."%0D%0A+     );%0D%0A+     if (!confirmed) return;%0D%0A+ %0D%0A+     setOffboarding(true);%0D%0A+     try {%0D%0A+       const res = await apiFetch('/api/tenant/offboard', {%0D%0A+         method: 'POST',%0D%0A+       });%0D%0A+       if (res.ok) {%0D%0A+         alert("Offboarding complete. Your tenant profile and isolated workspaces have been purged from storage nodes.");%0D%0A+         localStorage.removeItem('msp_user');%0D%0A+         await auth.signOut().catch(() => {});%0D%0A+         window.location.reload();%0D%0A+       } else {%0D%0A+         const errorData = await res.json();%0D%0A+         alert(`Offboarding failed: ${errorData.error || 'Server error'}`);%0D%0A+       }%0D%0A+     } catch (err) {%0D%0A+       console.error('Failed to trigger tenant data offboarding:', err);%0D%0A+       alert('Network error while completing data purge.');%0D%0A+     } finally {%0D%0A+       setOffboarding(false);%0D%0A+     }%0D%0A+   };%0D%0A+ %0D%0A+   // No backend endpoint persists these fields (SLA target, MFA toggle, SSO%0D%0A+   // config, daily-scan cadence) — they are local component state only and%0D%0A+   // reset on reload/navigation. This used to show a "Portal configuration%0D%0A+   // updated!" success message that implied a real save; keep that claim%0D%0A+   // honest until real persistence exists rather than build a fake one.%0D%0A+   const handleSaveSettings = () => {%0D%0A+     setSaveSuccess(true);%0D%0A+     setTimeout(() => setSaveSuccess(false), 4000);%0D%0A+   };%0D%0A+ %0D%0A+   const activeBibleProduct = useMemo(() => {%0D%0A+     return bibleProducts.find(p => p.id === selectedBibleProductId) || bibleProducts[0];%0D%0A+   }, [bibleProducts, selectedBibleProductId]);%0D%0A+ %0D%0A+   const filteredBibleProducts = useMemo(() => {%0D%0A+     return bibleProducts.filter(bp => {%0D%0A+       const matchSearch = bp.name.toLowerCase().includes(bibleSearchQuery.toLowerCase()) ||%0D%0A+                           bp.type.toLowerCase().includes(bibleSearchQuery.toLowerCase()) ||%0D%0A+                           bp.complianceTarget.toLowerCase().includes(bibleSearchQuery.toLowerCase());%0D%0A+       const matchRisk = bibleFilterRisk === 'all' || bp.riskTier.toLowerCase() === bibleFilterRisk.toLowerCase();%0D%0A+       return matchSearch && matchRisk;%0D%0A+     });%0D%0A+   }, [bibleProducts, bibleSearchQuery, bibleFilterRisk]);%0D%0A+ %0D%0A+   const handleAddBibleProduct = (e: React.FormEvent) => {%0D%0A+     e.preventDefault();%0D%0A+     if (!newBpName || !newBpVersion) {%0D%0A+       alert('Please enter a product name and baseline secure version.');%0D%0A+       return;%0D%0A+     }%0D%0A+ %0D%0A+     const newProduct = {%0D%0A+       id: `pb-custom-${Date.now()}`,%0D%0A+       name: newBpName,%0D%0A+       type: newBpType,%0D%0A+       baselineSecureVersion: newBpVersion,%0D%0A+       allowedLicenses: newBpAllowedLics.split(',').map(s => s.trim()).filter(Boolean),%0D%0A+       disallowedLicenses: newBpDisallowedLics.split(',').map(s => s.trim()).filter(Boolean),%0D%0A+       riskTier: newBpRisk,%0D%0A+       complianceTarget: newBpCompliance || 'Standard Compliance Profile',%0D%0A+       safeguardPolicy: newBpSafeguard || 'Verify cryptographic signature and restrict host execution capabilities on staging.'%0D%0A+     };%0D%0A+ %0D%0A+     setBibleProducts(prev => [newProduct, ...prev]);%0D%0A+     setSelectedBibleProductId(newProduct.id);%0D%0A+     setShowAddBibleProduct(false);%0D%0A+ %0D%0A+     // Reset inputs%0D%0A+     setNewBpName('');%0D%0A+     setNewBpVersion('');%0D%0A+     setNewBpCompliance('');%0D%0A+     setNewBpSafeguard('');%0D%0A+   };%0D%0A+ %0D%0A+   const handleRunSandboxAudit = () => {%0D%0A+     let targetName = sandboxProduct;%0D%0A+     if (sandboxProduct === 'custom' && sandboxCustomName) {%0D%0A+       targetName = sandboxCustomName;%0D%0A+     }%0D%0A+ %0D%0A+     const matchedBp = bibleProducts.find(bp =>%0D%0A+       bp.name.toLowerCase() === targetName.toLowerCase() ||%0D%0A+       targetName.toLowerCase().includes(bp.name.toLowerCase())%0D%0A+     );%0D%0A+ %0D%0A+     let versionStatus: 'Compliant' | 'Warning' | 'Fail' = 'Compliant';%0D%0A+     let versionDetails = '';%0D%0A+ %0D%0A+     const inputVer = sandboxVersion.trim();%0D%0A+     if (!inputVer) {%0D%0A+       versionStatus = 'Warning';%0D%0A+       versionDetails = 'No version specified. Auditing engine cannot verify baseline standards.';%0D%0A+     } else if (matchedBp) {%0D%0A+       const baseline = matchedBp.baselineSecureVersion;%0D%0A+       const baselineNum = parseFloat(baseline.replace(/[^0-9.]/g, ''));%0D%0A+       const inputNum = parseFloat(inputVer.replace(/[^0-9.]/g, ''));%0D%0A+ %0D%0A+       if (!isNaN(baselineNum) && !isNaN(inputNum)) {%0D%0A+         if (inputNum < baselineNum) {%0D%0A+           versionStatus = 'Fail';%0D%0A+           versionDetails = `Ingested version v${inputVer} is older than the recommended secure baseline v${baseline}. Potential known CVE exposures exist!`;%0D%0A+         } else {%0D%0A+           versionStatus = 'Compliant';%0D%0A+           versionDetails = `Version v${inputVer} matches or exceeds secure baseline standards (v${baseline}).`;%0D%0A+         }%0D%0A+       } else {%0D%0A+         versionDetails = `Assumed compatible with baseline standards (Recommended baseline: v${baseline}).`;%0D%0A+       }%0D%0A+     } else {%0D%0A+       versionDetails = 'Unregistered custom software. Compliance baseline has not been defined in the Master Bible.';%0D%0A+     }%0D%0A+ %0D%0A+     let licenseStatus: 'Compliant' | 'Warning' | 'Fail' = 'Compliant';%0D%0A+     let licenseDetails = '';%0D%0A+ %0D%0A+     if (matchedBp) {%0D%0A+       const allowed = matchedBp.allowedLicenses.map((l: string) => l.toLowerCase());%0D%0A+       const disallowed = matchedBp.disallowedLicenses.map((l: string) => l.toLowerCase());%0D%0A+       const queryLic = sandboxLicense.trim().toLowerCase();%0D%0A+ %0D%0A+       if (disallowed.includes(queryLic)) {%0D%0A+         licenseStatus = 'Fail';%0D%0A+         licenseDetails = `License "${sandboxLicense}" is strictly prohibited for the enterprise by corporate policy. Refuse deployments.`;%0D%0A+       } else if (allowed.length > 0 && !allowed.includes(queryLic)) {%0D%0A+         licenseStatus = 'Warning';%0D%0A+         licenseDetails = `License "${sandboxLicense}" is not explicitly greenlisted in the Master Bible for ${matchedBp.name}. Legal review recommended.`;%0D%0A+       } else {%0D%0A+         licenseStatus = 'Compliant';%0D%0A+         licenseDetails = `License "${sandboxLicense}" matches greenlisted standards for this software class.`;%0D%0A+       }%0D%0A+     } else {%0D%0A+       const queryLic = sandboxLicense.trim().toLowerCase();%0D%0A+       if (['gpl-3.0', 'agpl-3.0', 'gpl-3.0-only', 'agpl-3.0-only', 'sspl-1.0'].includes(queryLic)) {%0D%0A+         licenseStatus = 'Fail';%0D%0A+         licenseDetails = `Copyleft license "${sandboxLicense}" detected. Deploying to commercial client clouds presents critical proprietary exposure risks.`;%0D%0A+       } else {%0D%0A+         licenseStatus = 'Compliant';%0D%0A+         licenseDetails = `License "${sandboxLicense}" is typical of standard permissible open-source software libraries.`;%0D%0A+       }%0D%0A+     }%0D%0A+ %0D%0A+     const complianceTarget = matchedBp ? matchedBp.complianceTarget : 'General NIST SP 800-53 Rev 5 / CIS Safeguards';%0D%0A+     const safeguardPolicy = matchedBp ? matchedBp.safeguardPolicy : 'Verify cryptographic signature (SLSA/Cosign), restrict container capabilities, and verify dependency CVE maps prior to operational staging.';%0D%0A+ %0D%0A+     let overallStatus: 'PASS' | 'WARN' | 'FAIL' = 'PASS';%0D%0A+     if (versionStatus === 'Fail' || licenseStatus === 'Fail') {%0D%0A+       overallStatus = 'FAIL';%0D%0A+     } else if (versionStatus === 'Warning' || licenseStatus === 'Warning') {%0D%0A+       overallStatus = 'WARN';%0D%0A+     }%0D%0A+ %0D%0A+     setSandboxReport({%0D%0A+       productName: targetName,%0D%0A+       version: inputVer || 'unknown',%0D%0A+       license: sandboxLicense,%0D%0A+       environment: sandboxEnv,%0D%0A+       overallStatus,%0D%0A+       versionStatus,%0D%0A+       versionDetails,%0D%0A+       licenseStatus,%0D%0A+       licenseDetails,%0D%0A+       complianceTarget,%0D%0A+       safeguardPolicy,%0D%0A+       timestamp: new Date().toISOString()%0D%0A+     });%0D%0A+   };%0D%0A+ %0D%0A+   return (%0D%0A+     <div className="space-y-4" id="msp-settings-view">%0D%0A+       {/* Page Header */}%0D%0A+       <div className="flex flex-col gap-3 sm:flex-row sm:items-center sm:justify-between">%0D%0A+         <div>%0D%0A+           <h1 className="text-[22px] font-semibold text-[#201f1e] flex items-center gap-2">%0D%0A+             <Settings className="h-4 w-4 text-[#0f6cbd]" />%0D%0A+             <span>Platform Settings & Compliance Bible</span>%0D%0A+           </h1>%0D%0A+           <p className="mt-1 text-[13px] text-[#605e5c]">%0D%0A+             Configure thresholds, SAML authentication gateways, operator sessions, and the master product security Bible.%0D%0A+           </p>%0D%0A+         </div>%0D%0A+ %0D%0A+         <button%0D%0A+           onClick={fetchAuthDataLedgers}%0D%0A+           disabled={loadingLedgers}%0D%0A+           className="inline-flex h-9 items-center gap-1.5 rounded border border-[#c8c6c4] px-3 text-[13px] font-medium text-[#323130] hover:bg-black/[.03] disabled:opacity-60"%0D%0A+         >%0D%0A+           <RefreshCw className={`h-3.5 w-3.5 ${loadingLedgers ? 'animate-spin' : ''}`} />%0D%0A+           <span>Sync Audits</span>%0D%0A+         </button>%0D%0A+       </div>%0D%0A+ %0D%0A+       {/* Sub-Tab Selector */}%0D%0A+       <div className="flex gap-1 border-b border-[#e1dfdd]">%0D%0A+         <button%0D%0A+           type="button"%0D%0A+           onClick={() => setActiveSubTab('configurations')}%0D%0A+           className={`flex items-center gap-1.5 px-3 py-2 text-[13px] font-medium border-b-2 -mb-px ${%0D%0A+             activeSubTab === 'configurations'%0D%0A+               ? 'border-[#0f6cbd] text-[#0f6cbd]'%0D%0A+               : 'border-transparent text-[#605e5c] hover:text-[#323130]'%0D%0A+           }`}%0D%0A+         >%0D%0A+           <Sliders className="h-3.5 w-3.5" />%0D%0A+           <span>Configurations</span>%0D%0A+         </button>%0D%0A+         <button%0D%0A+           type="button"%0D%0A+           onClick={() => setActiveSubTab('organization')}%0D%0A+           className={`flex items-center gap-1.5 px-3 py-2 text-[13px] font-medium border-b-2 -mb-px ${%0D%0A+             activeSubTab === 'organization'%0D%0A+               ? 'border-[#0f6cbd] text-[#0f6cbd]'%0D%0A+               : 'border-transparent text-[#605e5c] hover:text-[#323130]'%0D%0A+           }`}%0D%0A+         >%0D%0A+           <Layers className="h-3.5 w-3.5" />%0D%0A+           <span>Team & Profile</span>%0D%0A+         </button>%0D%0A+         <button%0D%0A+           type="button"%0D%0A+           onClick={() => setActiveSubTab('bible')}%0D%0A+           className={`flex items-center gap-1.5 px-3 py-2 text-[13px] font-medium border-b-2 -mb-px ${%0D%0A+             activeSubTab === 'bible'%0D%0A+               ? 'border-[#0f6cbd] text-[#0f6cbd]'%0D%0A+               : 'border-transparent text-[#605e5c] hover:text-[#323130]'%0D%0A+           }`}%0D%0A+         >%0D%0A+           <BookOpen className="h-3.5 w-3.5" />%0D%0A+           <span>Master Bible</span>%0D%0A+         </button>%0D%0A+       </div>%0D%0A+ %0D%0A+       {activeSubTab === 'configurations' ? (%0D%0A+         <div className="grid grid-cols-1 lg:grid-cols-3 gap-4">%0D%0A+           {/* Left Column: Core Preferences */}%0D%0A+           <div className="lg:col-span-2 space-y-4">%0D%0A+ %0D%0A+             <details className="rounded-md border border-[#e1dfdd] bg-[#faf9f8] text-[13px]">%0D%0A+               <summary className="cursor-pointer select-none px-3 py-2 font-medium text-[#323130]">What is this? &middot; How it works</summary>%0D%0A+               <div className="px-3 pb-3 text-[#605e5c]">%0D%0A+                 <p>Platform-wide thresholds, single sign-on, and session controls for this workspace.</p>%0D%0A+                 <ol className="mt-1.5 list-decimal space-y-0.5 pl-4">%0D%0A+                   <li>Set the trust score threshold that triggers alerts.</li>%0D%0A+                   <li>Configure the SAML identity provider your organization uses to sign in.</li>%0D%0A+                   <li>Review and revoke active operator sessions if needed.</li>%0D%0A+                 </ol>%0D%0A+               </div>%0D%0A+             </details>%0D%0A+ %0D%0A+             {/* General platform settings card */}%0D%0A+             <div className="rounded-md border border-[#e1dfdd] bg-white p-4 space-y-3">%0D%0A+               <h3 className="flex items-center gap-1.5 border-b border-[#e1dfdd] pb-2 text-[14px] font-semibold text-[#201f1e]">%0D%0A+                 <Sliders className="h-4 w-4 text-[#0f6cbd]" />%0D%0A+                 <span>General platform parameters</span>%0D%0A+               </h3>%0D%0A+ %0D%0A+               <div className="space-y-3 text-[13px]">%0D%0A+                 <div className="flex flex-col gap-1">%0D%0A+                   <label className="font-medium text-[#323130]">Audit trust SLA target threshold (score)</label>%0D%0A+                   <div className="flex items-center gap-2">%0D%0A+                     <input%0D%0A+                       type="range"%0D%0A+                       min="60"%0D%0A+                       max="98"%0D%0A+                       value={slaTarget}%0D%0A+                       onChange={(e) => setSlaTarget(Number(e.target.value))}%0D%0A+                       className="h-1.5 flex-1 cursor-pointer accent-[#0f6cbd]"%0D%0A+                     />%0D%0A+                     <span className="rounded border border-[#c8c6c4] bg-[#eff6fc] px-2 py-1 font-medium text-[#0f6cbd]">%0D%0A+                       {slaTarget}/100%0D%0A+                     </span>%0D%0A+                   </div>%0D%0A+                   <p className="text-[12px] text-[#605e5c]">Alerts are compiled if a software passport overall rating drops below this value.</p>%0D%0A+                 </div>%0D%0A+ %0D%0A+                 <div className="flex items-center justify-between gap-4 border-t border-[#e1dfdd] pt-3">%0D%0A+                   <div>%0D%0A+                     <span className="block font-medium text-[#323130]">Enable automated daily recalculation scans</span>%0D%0A+                     <p className="text-[12px] text-[#605e5c]">Automatically scan active client software inventory on CVE database updates.</p>%0D%0A+                   </div>%0D%0A+                   <input%0D%0A+                     type="checkbox"%0D%0A+                     defaultChecked%0D%0A+                     className="h-4 w-4 rounded border-[#c8c6c4] text-[#0f6cbd] focus:ring-[#0f6cbd]"%0D%0A+                   />%0D%0A+                 </div>%0D%0A+               </div>%0D%0A+             </div>%0D%0A+ %0D%0A+             {/* Theme & Interface Customization Card */}%0D%0A+             <div className="rounded-md border border-[#e1dfdd] bg-white p-4 space-y-3">%0D%0A+               <h3 className="flex items-center gap-1.5 border-b border-[#e1dfdd] pb-2 text-[14px] font-semibold text-[#201f1e]">%0D%0A+                 <Sun className="h-4 w-4 text-[#0f6cbd]" />%0D%0A+                 <span>Theme & interface</span>%0D%0A+               </h3>%0D%0A+ %0D%0A+               <div className="space-y-3 text-[13px]">%0D%0A+                 <div className="flex flex-col gap-1">%0D%0A+                   <span className="font-medium text-[#323130]">Active theme preference</span>%0D%0A+                   <p className="text-[12px] text-[#605e5c]">Choose between a light interface or a dark interface for operating centers.</p>%0D%0A+                 </div>%0D%0A+ %0D%0A+                 <div className="grid grid-cols-2 gap-2">%0D%0A+                   <button%0D%0A+                     type="button"%0D%0A+                     onClick={() => theme === 'dark' && onToggleTheme()}%0D%0A+                     className={`flex h-9 items-center justify-center gap-2 rounded border text-[13px] font-medium ${%0D%0A+                       theme === 'light'%0D%0A+                         ? 'border-[#0f6cbd] bg-[#eff6fc] text-[#0f6cbd]'%0D%0A+                         : 'border-[#c8c6c4] text-[#323130] hover:bg-black/[.03]'%0D%0A+                     }`}%0D%0A+                   >%0D%0A+                     <Sun className="h-3.5 w-3.5" />%0D%0A+                     <span>Light mode</span>%0D%0A+                   </button>%0D%0A+ %0D%0A+                   <button%0D%0A+                     type="button"%0D%0A+                     onClick={() => theme === 'light' && onToggleTheme()}%0D%0A+                     className={`flex h-9 items-center justify-center gap-2 rounded border text-[13px] font-medium ${%0D%0A+                       theme === 'dark'%0D%0A+                         ? 'border-[#0f6cbd] bg-[#eff6fc] text-[#0f6cbd]'%0D%0A+                         : 'border-[#c8c6c4] text-[#323130] hover:bg-black/[.03]'%0D%0A+                     }`}%0D%0A+                   >%0D%0A+                     <Moon className="h-3.5 w-3.5" />%0D%0A+                     <span>Dark mode</span>%0D%0A+                   </button>%0D%0A+                 </div>%0D%0A+               </div>%0D%0A+             </div>%0D%0A+ %0D%0A+             {/* SAML SSO Configuration Card */}%0D%0A+             <div className="rounded-md border border-[#e1dfdd] bg-white p-4 space-y-3">%0D%0A+               <h3 className="flex items-center gap-1.5 border-b border-[#e1dfdd] pb-2 text-[14px] font-semibold text-[#201f1e]">%0D%0A+                 <Globe className="h-4 w-4 text-[#0f6cbd]" />%0D%0A+                 <span>Enterprise SAML / SSO integration</span>%0D%0A+               </h3>%0D%0A+ %0D%0A+               <div className="space-y-3 text-[13px]">%0D%0A+                 <div className="flex items-center justify-between gap-4">%0D%0A+                   <div>%0D%0A+                     <span className="block font-medium text-[#323130]">SAML SSO access gate</span>%0D%0A+                     <p className="text-[12px] text-[#605e5c]">Redirect unauthenticated corporate domains to the unified identity provider (IdP).</p>%0D%0A+                   </div>%0D%0A+                   <button%0D%0A+                     onClick={() => setSsoEnabled(!ssoEnabled)}%0D%0A+                     className={`inline-flex h-8 items-center gap-1.5 rounded border px-2.5 text-[12px] font-medium ${%0D%0A+                       ssoEnabled ? 'border-[#c8c6c4] bg-[#dff6dd] text-[#0e700e]' : 'border-[#c8c6c4] bg-[#f3f2f1] text-[#605e5c]'%0D%0A+                     }`}%0D%0A+                   >%0D%0A+                     <span className={`h-1.5 w-1.5 rounded-full ${ssoEnabled ? 'bg-[#0e700e]' : 'bg-[#8a8886]'}`} />%0D%0A+                     {ssoEnabled ? 'SSO active' : 'SSO inactive'}%0D%0A+                   </button>%0D%0A+                 </div>%0D%0A+ %0D%0A+                 <div className="grid grid-cols-1 gap-3 border-t border-[#e1dfdd] pt-3 md:grid-cols-2">%0D%0A+                   <div>%0D%0A+                     <label className="mb-1 block text-[12px] font-medium text-[#605e5c]">Corporate identity provider</label>%0D%0A+                     <input%0D%0A+                       type="text"%0D%0A+                       value={ssoProvider}%0D%0A+                       onChange={(e) => setSsoProvider(e.target.value)}%0D%0A+                       className="h-9 w-full rounded border border-[#c8c6c4] px-2.5 text-[13px] focus:border-[#0f6cbd] focus:outline-none focus:ring-1 focus:ring-[#0f6cbd]"%0D%0A+                     />%0D%0A+                   </div>%0D%0A+                   <div>%0D%0A+                     <label className="mb-1 block text-[12px] font-medium text-[#605e5c]">Client ID / issuer URL</label>%0D%0A+                     <input%0D%0A+                       type="text"%0D%0A+                       value={ssoClientId}%0D%0A+                       onChange={(e) => setSsoClientId(e.target.value)}%0D%0A+                       className="h-9 w-full rounded border border-[#c8c6c4] px-2.5 font-mono text-[13px] focus:border-[#0f6cbd] focus:outline-none focus:ring-1 focus:ring-[#0f6cbd]"%0D%0A+                     />%0D%0A+                   </div>%0D%0A+                   <div className="md:col-span-2">%0D%0A+                     <label className="mb-1 block text-[12px] font-medium text-[#605e5c]">SAML 2.0 metadata XML endpoint URL</label>%0D%0A+                     <input%0D%0A+                       type="text"%0D%0A+                       value={ssoMetadataUrl}%0D%0A+                       onChange={(e) => setSsoMetadataUrl(e.target.value)}%0D%0A+                       className="h-9 w-full rounded border border-[#c8c6c4] px-2.5 font-mono text-[13px] focus:border-[#0f6cbd] focus:outline-none focus:ring-1 focus:ring-[#0f6cbd]"%0D%0A+                     />%0D%0A+                   </div>%0D%0A+                 </div>%0D%0A+               </div>%0D%0A+             </div>%0D%0A+ %0D%0A+             {/* Active Sessions Monitoring Ledger */}%0D%0A+             <div className="rounded-md border border-[#e1dfdd] bg-white p-4 space-y-3">%0D%0A+               <h3 className="flex items-center justify-between border-b border-[#e1dfdd] pb-2 text-[14px] font-semibold text-[#201f1e]">%0D%0A+                 <span className="flex items-center gap-1.5">%0D%0A+                   <Lock className="h-4 w-4 text-[#0f6cbd]" />%0D%0A+                   <span>Active operator sessions</span>%0D%0A+                 </span>%0D%0A+                 <span className="rounded border border-[#c8c6c4] bg-[#eff6fc] px-2 py-0.5 text-[12px] font-medium text-[#0f6cbd]">%0D%0A+                   {sessions.length} active%0D%0A+                 </span>%0D%0A+               </h3>%0D%0A+ %0D%0A+               <div className="overflow-x-auto">%0D%0A+                 <table className="w-full border-collapse text-left text-[13px]">%0D%0A+                   <thead>%0D%0A+                     <tr className="border-b border-[#e1dfdd] text-[11px] uppercase tracking-wide text-[#605e5c]">%0D%0A+                       <th className="py-2 font-medium">User / identity</th>%0D%0A+                       <th className="py-2 font-medium">IP address</th>%0D%0A+                       <th className="py-2 font-medium">Device & location</th>%0D%0A+                       <th className="py-2 text-right font-medium">Actions</th>%0D%0A+                     </tr>%0D%0A+                   </thead>%0D%0A+                   <tbody>%0D%0A+                     {sessions.map((sess) => (%0D%0A+                       <tr key={sess.id} className="border-b border-[#f3f2f1] hover:bg-black/[.02]">%0D%0A+                         <td className="py-2.5 pr-2 font-medium text-[#201f1e]">%0D%0A+                           {sess.email}%0D%0A+                           {sess.current && (%0D%0A+                             <span className="ml-2 rounded border border-[#c8c6c4] bg-[#dff6dd] px-1.5 py-0.5 text-[11px] font-medium text-[#0e700e]">%0D%0A+                               Current%0D%0A+                             </span>%0D%0A+                           )}%0D%0A+                         </td>%0D%0A+                         <td className="py-2.5 font-mono text-[#605e5c]">{sess.ip}</td>%0D%0A+                         <td className="py-2.5 text-[#605e5c]">%0D%0A+                           <span className="block">{sess.device}</span>%0D%0A+                           <span className="text-[12px] text-[#8a8886]">{sess.location}</span>%0D%0A+                         </td>%0D%0A+                         <td className="py-2.5 text-right">%0D%0A+                           {!sess.current && (%0D%0A+                             <button%0D%0A+                               onClick={() => handleRevokeSession(sess.id)}%0D%0A+                               className="rounded p-1.5 text-[#a4262c] hover:bg-[#fdf2f2]"%0D%0A+                               title="Revoke session and force termination"%0D%0A+                             >%0D%0A+                               <Trash2 className="h-3.5 w-3.5" />%0D%0A+                             </button>%0D%0A+                           )}%0D%0A+                         </td>%0D%0A+                       </tr>%0D%0A+                     ))}%0D%0A+                     {sessions.length === 0 && (%0D%0A+                       <tr>%0D%0A+                         <td colSpan={4} className="py-4 text-center text-[#8a8886]">%0D%0A+                           No active sessions identified.%0D%0A+                         </td>%0D%0A+                       </tr>%0D%0A+                     )}%0D%0A+                   </tbody>%0D%0A+                 </table>%0D%0A+               </div>%0D%0A+             </div>%0D%0A+ %0D%0A+             {/* Cryptographically Chained Audit Ledger visualization */}%0D%0A+             <div className="rounded-md border border-[#e1dfdd] bg-white p-4 space-y-3">%0D%0A+               <div className="flex items-center justify-between border-b border-[#e1dfdd] pb-2">%0D%0A+                 <h3 className="flex items-center gap-1.5 text-[14px] font-semibold text-[#201f1e]">%0D%0A+                   <FileCode className="h-4 w-4 text-[#0f6cbd]" />%0D%0A+                   <span>Cryptographic audit ledger</span>%0D%0A+                 </h3>%0D%0A+                 <span className="inline-flex items-center gap-1.5 rounded border border-[#c8c6c4] bg-[#dff6dd] px-2 py-0.5 text-[12px] font-medium text-[#0e700e]">%0D%0A+                   <span className="h-1.5 w-1.5 rounded-full bg-[#0e700e]" />%0D%0A+                   Tamper-proof, SLA verified%0D%0A+                 </span>%0D%0A+               </div>%0D%0A+ %0D%0A+               <p className="text-[13px] text-[#605e5c]">%0D%0A+                 Every critical login event and administrative action is recorded into a secure hash chain. Each block references the SHA-256 hash of its predecessor, creating an unalterable audit trail.%0D%0A+               </p>%0D%0A+ %0D%0A+               {/* Integrity Scanner Trigger */}%0D%0A+               <div className="flex flex-wrap items-center gap-2">%0D%0A+                 <button%0D%0A+                   type="button"%0D%0A+                   onClick={handleVerifyLedger}%0D%0A+                   disabled={verifyingLedger}%0D%0A+                   className="inline-flex h-9 items-center gap-2 rounded bg-[#0f6cbd] px-3 text-[13px] font-medium text-white hover:bg-[#004578] disabled:opacity-60"%0D%0A+                 >%0D%0A+                   {verifyingLedger ? (%0D%0A+                     <>%0D%0A+                       <svg className="h-3.5 w-3.5 animate-spin text-white" fill="none" viewBox="0 0 24 24">%0D%0A+                         <circle className="opacity-25" cx="12" cy="12" r="10" stroke="currentColor" strokeWidth="4" />%0D%0A+                         <path className="opacity-75" fill="currentColor" d="M4 12a8 8 0 018-8V0C5.373 0 0 5.373 0 12h4zm2 5.291A7.962 7.962 0 014 12H0c0 3.042 1.135 5.824 3 7.938l3-2.647z" />%0D%0A+                       </svg>%0D%0A+                       <span>Verifying ledger…</span>%0D%0A+                     </>%0D%0A+                   ) : (%0D%0A+                     <>%0D%0A+                       <CheckCircle2 className="h-3.5 w-3.5" />%0D%0A+                       <span>Verify chain integrity</span>%0D%0A+                     </>%0D%0A+                   )}%0D%0A+                 </button>%0D%0A+                 {verificationResult && (%0D%0A+                   <button%0D%0A+                     type="button"%0D%0A+                     onClick={() => setVerificationResult(null)}%0D%0A+                     className="inline-flex h-9 items-center rounded border border-[#c8c6c4] px-3 text-[13px] font-medium text-[#323130] hover:bg-black/[.03]"%0D%0A+                   >%0D%0A+                     Clear report%0D%0A+                   </button>%0D%0A+                 )}%0D%0A+               </div>%0D%0A+ %0D%0A+               {/* Dynamic Verification Report */}%0D%0A+               {verificationResult && (%0D%0A+                 <div className={`space-y-2 rounded-md border p-3 text-[13px] ${%0D%0A+                   verificationResult.isValid%0D%0A+                     ? 'border-[#c8c6c4] bg-[#dff6dd] text-[#0e700e]'%0D%0A+                     : 'border-[#c8c6c4] bg-[#fdf2f2] text-[#a4262c]'%0D%0A+                 }`}>%0D%0A+                   <div className="flex items-center justify-between">%0D%0A+                     <span className="flex items-center gap-1.5 text-[12px] font-semibold uppercase tracking-wide">%0D%0A+                       {verificationResult.isValid ? (%0D%0A+                         <CheckCircle2 className="h-4 w-4 shrink-0" />%0D%0A+                       ) : (%0D%0A+                         <AlertCircle className="h-4 w-4 shrink-0" />%0D%0A+                       )}%0D%0A+                       <span>Ledger attestation report</span>%0D%0A+                     </span>%0D%0A+                     <span className="text-[11px] text-[#605e5c]">%0D%0A+                       Verified at {new Date(verificationResult.verifiedAt).toLocaleTimeString()}%0D%0A+                     </span>%0D%0A+                   </div>%0D%0A+                   <p className="text-[13px] leading-relaxed">%0D%0A+                     {verificationResult.isValid%0D%0A+                       ? `Checked sequential block hash connections across all ${verificationResult.totalBlocksVerified} audit ledger records. No database tampering, row injection, or signature modifications were identified.`%0D%0A+                       : `Ledger validation check failed. Cryptographic hash mismatch or missing blocks. ${verificationResult.error || 'Please contact the system security administrator immediately.'}`}%0D%0A+                   </p>%0D%0A+ %0D%0A+                   {/* Verified Blocks Scrollable List */}%0D%0A+                   {verificationResult.details && verificationResult.details.length > 0 && (%0D%0A+                     <div className="max-h-40 space-y-1.5 overflow-y-auto rounded border border-[#e1dfdd] bg-white p-2.5 font-mono text-[11px]">%0D%0A+                       <div className="mb-1.5 border-b border-[#e1dfdd] pb-1 text-[11px] font-medium uppercase text-[#605e5c]">%0D%0A+                         Cryptographic signatures checked%0D%0A+                       </div>%0D%0A+                       {verificationResult.details.map((vBlock: any, vIdx: number) => (%0D%0A+                         <div key={vIdx} className="flex items-center justify-between gap-2">%0D%0A+                           <div className="truncate text-[#605e5c]">%0D%0A+                             Block #{vBlock.id} ({vBlock.action}):%0D%0A+                             <span className="ml-1 select-all text-[#8a8886]">{vBlock.storedHash.substring(0, 16)}...</span>%0D%0A+                           </div>%0D%0A+                           <span className={`shrink-0 rounded px-1.5 py-0.5 text-[11px] font-medium ${%0D%0A+                             vBlock.valid%0D%0A+                               ? 'bg-[#dff6dd] text-[#0e700e]'%0D%0A+                               : 'bg-[#fdf2f2] text-[#a4262c]'%0D%0A+                           }`}>%0D%0A+                             {vBlock.valid ? 'Verified' : 'Corrupt'}%0D%0A+                           </span>%0D%0A+                         </div>%0D%0A+                       ))}%0D%0A+                     </div>%0D%0A+                   )}%0D%0A+                 </div>%0D%0A+               )}%0D%0A+ %0D%0A+               <div className="space-y-2">%0D%0A+                 {auditChain.length === 0 && <p className="text-[13px] text-[#8a8886]">No audit events recorded yet.</p>}%0D%0A+                 {auditChain.slice(0, 3).map((blockObj, idx) => (%0D%0A+                   <div key={idx} className="relative space-y-1 rounded-md border border-[#e1dfdd] bg-[#faf9f8] p-3 font-mono text-[11px] text-[#605e5c]">%0D%0A+                     <div className="absolute right-2 top-2 rounded bg-[#f3f2f1] px-1.5 py-0.5 text-[11px] font-medium text-[#605e5c]">%0D%0A+                       Block #{auditChain.length - 1 - idx}%0D%0A+                     </div>%0D%0A+                     <div className="flex gap-2">%0D%0A+                       <span className="font-medium uppercase text-[#0f6cbd]">Event:</span>%0D%0A+                       <span className="font-medium text-[#201f1e]">%0D%0A+                         {blockObj.block?.actionType || blockObj.block?.action || 'Genesis node initiated'}%0D%0A+                       </span>%0D%0A+                     </div>%0D%0A+                     {blockObj.block?.userEmail && (%0D%0A+                       <div className="flex gap-2">%0D%0A+                         <span className="text-[#8a8886]">Identity:</span>%0D%0A+                         <span className="font-medium text-[#323130]">{blockObj.block?.userEmail}</span>%0D%0A+                       </div>%0D%0A+                     )}%0D%0A+                     <div className="space-y-0.5">%0D%0A+                       <div className="flex gap-2 truncate">%0D%0A+                         <span className="shrink-0 font-medium uppercase text-[#8a8886]">Block hash:</span>%0D%0A+                         <span className="select-all truncate text-[#0f6cbd]">{blockObj.hash}</span>%0D%0A+                       </div>%0D%0A+                       <div className="flex gap-2 truncate">%0D%0A+                         <span className="shrink-0 uppercase text-[#8a8886]">Prev hash:</span>%0D%0A+                         <span className="select-all truncate text-[#605e5c]">{blockObj.previousHash}</span>%0D%0A+                       </div>%0D%0A+                     </div>%0D%0A+                   </div>%0D%0A+                 ))}%0D%0A+               </div>%0D%0A+             </div>%0D%0A+ %0D%0A+             {/* Security Credentials settings */}%0D%0A+             <div className="rounded-md border border-[#e1dfdd] bg-white p-4 space-y-3">%0D%0A+               <h3 className="flex items-center gap-1.5 border-b border-[#e1dfdd] pb-2 text-[14px] font-semibold text-[#201f1e]">%0D%0A+                 <KeyRound className="h-4 w-4 text-[#0f6cbd]" />%0D%0A+                 <span>Operator authentication & security keys</span>%0D%0A+               </h3>%0D%0A+ %0D%0A+               <div className="space-y-3 text-[13px]">%0D%0A+                 <div className="flex items-center justify-between gap-4">%0D%0A+                   <div>%0D%0A+                     <span className="block font-medium text-[#323130]">Enforce multi-factor authentication (MFA)</span>%0D%0A+                     <p className="text-[12px] text-[#605e5c]">All MSP users must provide TOTP codes on logon.</p>%0D%0A+                   </div>%0D%0A+                   <button%0D%0A+                     onClick={() => setMfaEnabled(!mfaEnabled)}%0D%0A+                     className={`inline-flex h-8 items-center gap-1.5 rounded border px-2.5 text-[12px] font-medium ${%0D%0A+                       mfaEnabled ? 'border-[#c8c6c4] bg-[#dff6dd] text-[#0e700e]' : 'border-[#c8c6c4] bg-[#f3f2f1] text-[#605e5c]'%0D%0A+                     }`}%0D%0A+                   >%0D%0A+                     <span className={`h-1.5 w-1.5 rounded-full ${mfaEnabled ? 'bg-[#0e700e]' : 'bg-[#8a8886]'}`} />%0D%0A+                     {mfaEnabled ? 'MFA enabled' : 'MFA disabled'}%0D%0A+                   </button>%0D%0A+                 </div>%0D%0A+ %0D%0A+                 <div className="flex items-center justify-between gap-4 border-t border-[#e1dfdd] pt-3">%0D%0A+                   <div>%0D%0A+                     <span className="block font-medium text-[#323130]">Cryptographic PGP auditing key (private)</span>%0D%0A+                     <p className="text-[12px] text-[#605e5c]">Used for signing generated software passports and audit attestations.</p>%0D%0A+                   </div>%0D%0A+                   <button className="inline-flex h-8 items-center rounded border border-[#c8c6c4] px-3 text-[13px] font-medium text-[#323130] hover:bg-black/[.03]">%0D%0A+                     Regenerate sign key%0D%0A+                   </button>%0D%0A+                 </div>%0D%0A+ %0D%0A+                 <div className="flex items-center justify-between gap-4 rounded-md border border-[#a4262c]/30 bg-[#fdf2f2] p-3">%0D%0A+                   <div>%0D%0A+                     <span className="flex items-center gap-1.5 font-semibold text-[#a4262c]">%0D%0A+                       <Shield className="h-3.5 w-3.5" /> Tenant offboarding & data deletion (DPA compliance)%0D%0A+                     </span>%0D%0A+                     <p className="mt-1 text-[12px] text-[#605e5c]">%0D%0A+                       Cascading-delete all client lists, passports, vulnerability logs, and active integrations. This action is immediate and irreversible under GDPR/DPA compliance standards.%0D%0A+                     </p>%0D%0A+                   </div>%0D%0A+                   <button%0D%0A+                     onClick={handleOffboardTenant}%0D%0A+                     disabled={!isOwner || offboarding}%0D%0A+                     title={!isOwner ? `Your ${currentRole} role cannot offboard this workspace. Owner is required.` : undefined}%0D%0A+                     className="inline-flex h-9 shrink-0 items-center rounded bg-[#a4262c] px-3 text-[13px] font-medium text-white hover:bg-[#8a1f24] disabled:cursor-not-allowed disabled:opacity-50"%0D%0A+                   >%0D%0A+                     {offboarding ? 'Purging…' : 'Offboard workspace'}%0D%0A+                   </button>%0D%0A+                 </div>%0D%0A+               </div>%0D%0A+             </div>%0D%0A+ %0D%0A+             <div className="flex items-center justify-end gap-3">%0D%0A+               {saveSuccess && (%0D%0A+                 <span className="flex items-center gap-1.5 text-[12px] font-medium text-[#8a5700]">%0D%0A+                   <CheckCircle className="h-3.5 w-3.5" />%0D%0A+                   <span>Not saved to a server — these fields are local to this browser session only.</span>%0D%0A+                 </span>%0D%0A+               )}%0D%0A+               <button%0D%0A+                 onClick={handleSaveSettings}%0D%0A+                 title="These settings are not persisted to a backend yet."%0D%0A+                 className="inline-flex h-9 items-center rounded bg-[#0f6cbd] px-4 text-[13px] font-medium text-white hover:bg-[#004578]"%0D%0A+               >%0D%0A+                 Save platform settings%0D%0A+               </button>%0D%0A+             </div>%0D%0A+           </div>%0D%0A+ %0D%0A+           {/* Right Column: Information panel & Live CI/CD Diagnostics */}%0D%0A+           <div className="space-y-4">%0D%0A+ %0D%0A+             {/* Active Login Audit Trail Panel */}%0D%0A+             <div className="rounded-md border border-[#e1dfdd] bg-white p-4 space-y-3">%0D%0A+               <h3 className="flex items-center gap-1.5 border-b border-[#e1dfdd] pb-2 text-[14px] font-semibold text-[#201f1e]">%0D%0A+                 <Fingerprint className="h-4 w-4 text-[#0f6cbd]" />%0D%0A+                 <span>Real-time login audit trail</span>%0D%0A+               </h3>%0D%0A+ %0D%0A+               <div className="max-h-72 space-y-2 overflow-y-auto">%0D%0A+                 {history.map((log) => (%0D%0A+                   <div key={log.id} className="space-y-1 rounded-md border border-[#e1dfdd] bg-[#faf9f8] p-2.5 text-[12px]">%0D%0A+                     <div className="flex items-center justify-between">%0D%0A+                       <span className="max-w-36 truncate font-medium text-[#323130]">{log.email}</span>%0D%0A+                       <span className={`rounded px-1.5 py-0.5 text-[11px] font-medium ${%0D%0A+                         log.status === 'Verified' ? 'bg-[#dff6dd] text-[#0e700e]' : 'bg-[#fdf2f2] text-[#a4262c]'%0D%0A+                       }`}>%0D%0A+                         {log.status}%0D%0A+                       </span>%0D%0A+                     </div>%0D%0A+                     <div className="text-[#605e5c]">%0D%0A+                       <span className="block">{log.action}</span>%0D%0A+                       <span className="mt-0.5 block text-[11px] text-[#8a8886]">{new Date(log.timestamp).toLocaleString()}</span>%0D%0A+                     </div>%0D%0A+                     <div className="flex justify-between border-t border-[#e1dfdd] pt-1 text-[11px] text-[#8a8886]">%0D%0A+                       <span>IP: {log.ip}</span>%0D%0A+                       <span>Loc: {log.location}</span>%0D%0A+                     </div>%0D%0A+                   </div>%0D%0A+                 ))}%0D%0A+                 {history.length === 0 && (%0D%0A+                   <p className="py-4 text-center text-[13px] text-[#8a8886]">No audit logs identified.</p>%0D%0A+                 )}%0D%0A+               </div>%0D%0A+             </div>%0D%0A+ %0D%0A+             <div className="rounded-md border border-[#e1dfdd] bg-white p-4 space-y-3">%0D%0A+               <h3 className="flex items-center gap-1.5 border-b border-[#e1dfdd] pb-2 text-[14px] font-semibold text-[#201f1e]">%0D%0A+                 <Shield className="h-4 w-4 text-[#8a8886]" />%0D%0A+                 <span>Platform pedigree coordinates</span>%0D%0A+               </h3>%0D%0A+ %0D%0A+               <div className="space-y-2 text-[13px] text-[#605e5c]">%0D%0A+                 <div className="flex justify-between border-b border-[#f3f2f1] pb-1.5">%0D%0A+                   <span>Portal service</span>%0D%0A+                   <span className="font-medium text-[#323130]">SPR-CORE-VM</span>%0D%0A+                 </div>%0D%0A+                 <div className="flex justify-between border-b border-[#f3f2f1] pb-1.5">%0D%0A+                   <span>Compilation</span>%0D%0A+                   <span className="font-medium text-[#323130]">Docker prod v2.4</span>%0D%0A+                 </div>%0D%0A+                 <div className="flex justify-between pb-1.5">%0D%0A+                   <span>SLA compliance</span>%0D%0A+                   <span className="font-medium text-[#0e700e]">99.98%25</span>%0D%0A+                 </div>%0D%0A+               </div>%0D%0A+             </div>%0D%0A+ %0D%0A+             <div className="rounded-md border border-[#e1dfdd] bg-white p-4 space-y-3">%0D%0A+               <h3 className="flex items-center gap-1.5 border-b border-[#e1dfdd] pb-2 text-[14px] font-semibold text-[#201f1e]">%0D%0A+                 <CheckCircle className="h-4 w-4 text-[#0e700e]" />%0D%0A+                 <span>Readiness diagnostics</span>%0D%0A+               </h3>%0D%0A+               <p className="text-[13px] text-[#605e5c]">%0D%0A+                 Checks live database connectivity via the same /api/ready probe an orchestrator uses. This does not verify row-level isolation, OAuth handshakes, or API quota — those have no self-check endpoint yet.%0D%0A+               </p>%0D%0A+ %0D%0A+               <button%0D%0A+                 onClick={runDiagnosticSuite}%0D%0A+                 disabled={testing}%0D%0A+                 className="h-9 w-full rounded border border-[#c8c6c4] text-[13px] font-medium text-[#323130] hover:bg-black/[.03] disabled:opacity-60"%0D%0A+               >%0D%0A+                 {testing ? 'Checking…' : 'Check readiness'}%0D%0A+               </button>%0D%0A+ %0D%0A+               {testResults.length > 0 && (%0D%0A+                 <div className="space-y-2 border-t border-[#e1dfdd] pt-2">%0D%0A+                   {testResults.map((t: any, idx: number) => (%0D%0A+                     <div key={idx} className="space-y-0.5 text-[12px]">%0D%0A+                       <div className="flex items-center justify-between">%0D%0A+                         <span className="font-medium text-[#323130]">{t.name}</span>%0D%0A+                         <span className={`rounded px-1.5 py-0.5 text-[11px] font-medium ${%0D%0A+                           t.status === 'PASS' ? 'bg-[#dff6dd] text-[#0e700e]' : 'bg-[#fdf2f2] text-[#a4262c]'%0D%0A+                         }`}>%0D%0A+                           {t.status}%0D%0A+                         </span>%0D%0A+                       </div>%0D%0A+                       <p className="leading-snug text-[#605e5c]">{t.details}</p>%0D%0A+                     </div>%0D%0A+                   ))}%0D%0A+                 </div>%0D%0A+               )}%0D%0A+             </div>%0D%0A+           </div>%0D%0A+         </div>%0D%0A+       ) : activeSubTab === 'organization' ? (%0D%0A+         <div className="grid grid-cols-1 lg:grid-cols-3 gap-4">%0D%0A+           {/* Profile Management Section */}%0D%0A+           <div className="lg:col-span-1 space-y-4">%0D%0A+             <div className="rounded-md border border-[#e1dfdd] bg-white p-4 space-y-3">%0D%0A+               <h3 className="flex items-center gap-1.5 border-b border-[#e1dfdd] pb-2 text-[14px] font-semibold text-[#201f1e]">%0D%0A+                 <Sliders className="h-4 w-4 text-[#0f6cbd]" />%0D%0A+                 <span>User profile credentials</span>%0D%0A+               </h3>%0D%0A+ %0D%0A+               {teamError && (%0D%0A+                 <div className="flex gap-2 rounded-md border border-[#a4262c]/30 bg-[#fdf2f2] p-3 text-[13px] text-[#a4262c]">%0D%0A+                   <ShieldAlert className="h-3.5 w-3.5 shrink-0" />%0D%0A+                   <p>{teamError}</p>%0D%0A+                 </div>%0D%0A+               )}%0D%0A+ %0D%0A+               {teamSuccess && (%0D%0A+                 <div className="flex gap-2 rounded-md border border-[#0e700e]/30 bg-[#dff6dd] p-3 text-[13px] text-[#0e700e]">%0D%0A+                   <CheckCircle2 className="h-3.5 w-3.5 shrink-0" />%0D%0A+                   <p>{teamSuccess}</p>%0D%0A+                 </div>%0D%0A+               )}%0D%0A+ %0D%0A+               {editingProfile ? (%0D%0A+                 <form onSubmit={handleSaveProfile} className="space-y-3">%0D%0A+                   <div className="flex flex-col gap-1">%0D%0A+                     <label className="text-[12px] font-medium text-[#605e5c]">Display name</label>%0D%0A+                     <input%0D%0A+                       type="text"%0D%0A+                       required%0D%0A+                       value={profileName}%0D%0A+                       onChange={(e) => setProfileName(e.target.value)}%0D%0A+                       className="h-9 w-full rounded border border-[#c8c6c4] px-2.5 text-[13px] focus:border-[#0f6cbd] focus:outline-none focus:ring-1 focus:ring-[#0f6cbd]"%0D%0A+                     />%0D%0A+                   </div>%0D%0A+ %0D%0A+                   <div className="flex flex-col gap-1">%0D%0A+                     <label className="text-[12px] font-medium text-[#605e5c]">Corporate job title</label>%0D%0A+                     <input%0D%0A+                       type="text"%0D%0A+                       required%0D%0A+                       value={profileJobTitle}%0D%0A+                       onChange={(e) => setProfileJobTitle(e.target.value)}%0D%0A+                       className="h-9 w-full rounded border border-[#c8c6c4] px-2.5 text-[13px] focus:border-[#0f6cbd] focus:outline-none focus:ring-1 focus:ring-[#0f6cbd]"%0D%0A+                     />%0D%0A+                   </div>%0D%0A+ %0D%0A+                   <div className="flex flex-col gap-1">%0D%0A+                     <label className="text-[12px] font-medium text-[#605e5c]">Organization name</label>%0D%0A+                     <input%0D%0A+                       type="text"%0D%0A+                       required%0D%0A+                       value={profileCompany}%0D%0A+                       onChange={(e) => setProfileCompany(e.target.value)}%0D%0A+                       className="h-9 w-full rounded border border-[#c8c6c4] px-2.5 text-[13px] focus:border-[#0f6cbd] focus:outline-none focus:ring-1 focus:ring-[#0f6cbd]"%0D%0A+                     />%0D%0A+                   </div>%0D%0A+ %0D%0A+                   <div className="flex justify-end gap-2 pt-1">%0D%0A+                     <button%0D%0A+                       type="button"%0D%0A+                       onClick={() => setEditingProfile(false)}%0D%0A+                       className="inline-flex h-9 items-center rounded border border-[#c8c6c4] px-3 text-[13px] font-medium text-[#323130] hover:bg-black/[.03]"%0D%0A+                     >%0D%0A+                       Cancel%0D%0A+                     </button>%0D%0A+                     <button%0D%0A+                       type="submit"%0D%0A+                       className="inline-flex h-9 items-center rounded bg-[#0f6cbd] px-3 text-[13px] font-medium text-white hover:bg-[#004578]"%0D%0A+                     >%0D%0A+                       Save profile%0D%0A+                     </button>%0D%0A+                   </div>%0D%0A+                 </form>%0D%0A+               ) : (%0D%0A+                 <div className="space-y-3">%0D%0A+                   <div className="flex items-center gap-3">%0D%0A+                     <div className="flex h-11 w-11 items-center justify-center rounded-full border border-[#c8c6c4] bg-[#eff6fc] text-[15px] font-semibold text-[#0f6cbd]">%0D%0A+                       {profileName ? profileName.substring(0, 2).toUpperCase() : 'U'}%0D%0A+                     </div>%0D%0A+                     <div>%0D%0A+                       <h4 className="text-[14px] font-semibold text-[#201f1e]">%0D%0A+                         {profileName || 'Active Operator'}%0D%0A+                       </h4>%0D%0A+                       <p className="mt-0.5 text-[12px] text-[#605e5c]">%0D%0A+                         {profileJobTitle || 'Workspace Administrator'}%0D%0A+                       </p>%0D%0A+                     </div>%0D%0A+                   </div>%0D%0A+ %0D%0A+                   <div className="space-y-1.5 border-t border-[#e1dfdd] pt-3 text-[12px] text-[#605e5c]">%0D%0A+                     <div className="flex justify-between">%0D%0A+                       <span>Email identifier</span>%0D%0A+                       <span className="select-all font-medium text-[#201f1e]">{profile?.email || 'N/A'}</span>%0D%0A+                     </div>%0D%0A+                     <div className="flex justify-between">%0D%0A+                       <span>Active tenant ID</span>%0D%0A+                       <span className="select-all">{profile?.tenantId || 'global'}</span>%0D%0A+                     </div>%0D%0A+                     <div className="flex justify-between">%0D%0A+                       <span>MSP workspace</span>%0D%0A+                       <span className="font-medium text-[#201f1e]">{profile?.companyName || 'Not defined'}</span>%0D%0A+                     </div>%0D%0A+                   </div>%0D%0A+ %0D%0A+                   <button%0D%0A+                     type="button"%0D%0A+                     onClick={() => {%0D%0A+                       setProfileName(profile?.displayName || '');%0D%0A+                       setProfileJobTitle(profile?.roleTitle || '');%0D%0A+                       setProfileCompany(profile?.companyName || '');%0D%0A+                       setEditingProfile(true);%0D%0A+                     }}%0D%0A+                     className="h-9 w-full rounded border border-[#c8c6c4] text-[13px] font-medium text-[#323130] hover:bg-black/[.03]"%0D%0A+                   >%0D%0A+                     Edit profile details%0D%0A+                   </button>%0D%0A+                 </div>%0D%0A+               )}%0D%0A+             </div>%0D%0A+ %0D%0A+             <div className="rounded-md border border-[#e1dfdd] bg-[#faf9f8] p-4 space-y-2">%0D%0A+               <h4 className="text-[12px] font-semibold uppercase tracking-wide text-[#605e5c]">%0D%0A+                 Authorized role hierarchy%0D%0A+               </h4>%0D%0A+               <p className="text-[12px] leading-relaxed text-[#605e5c]">%0D%0A+                 RBAC enforces strict isolation gates. Permissions cascade in order: <strong className="text-[#323130]">Owner &gt; Admin &gt; Technician &gt; Viewer &gt; Client</strong>. Modifying team permissions automatically triggers a cryptographic token invalidation audit block.%0D%0A+               </p>%0D%0A+             </div>%0D%0A+           </div>%0D%0A+ %0D%0A+           {/* Organization & Team Access List Section */}%0D%0A+           <div className="lg:col-span-2 space-y-4">%0D%0A+             {/* Invite form card */}%0D%0A+             <div className="rounded-md border border-[#e1dfdd] bg-white p-4 space-y-3">%0D%0A+               <h3 className="flex items-center gap-1.5 border-b border-[#e1dfdd] pb-2 text-[14px] font-semibold text-[#201f1e]">%0D%0A+                 <PlusCircle className="h-4 w-4 text-[#0f6cbd]" />%0D%0A+                 <span>Invite new MSP team member</span>%0D%0A+               </h3>%0D%0A+ %0D%0A+               <form onSubmit={handleInviteMember} className="flex flex-col gap-3 md:flex-row md:items-end">%0D%0A+                 <div className="flex flex-1 flex-col gap-1">%0D%0A+                   <label className="text-[12px] font-medium text-[#605e5c]">%0D%0A+                     Email address%0D%0A+                   </label>%0D%0A+                   <input%0D%0A+                     type="email"%0D%0A+                     required%0D%0A+                     placeholder="e.g. associate@company.com"%0D%0A+                     value={inviteEmail}%0D%0A+                     onChange={(e) => setInviteEmail(e.target.value)}%0D%0A+                     className="h-9 w-full rounded border border-[#c8c6c4] px-2.5 text-[13px] focus:border-[#0f6cbd] focus:outline-none focus:ring-1 focus:ring-[#0f6cbd]"%0D%0A+                   />%0D%0A+                 </div>%0D%0A+ %0D%0A+                 <div className="flex w-full flex-col gap-1 md:w-44">%0D%0A+                   <label className="text-[12px] font-medium text-[#605e5c]">%0D%0A+                     Security role%0D%0A+                   </label>%0D%0A+                   <select%0D%0A+                     value={inviteRole}%0D%0A+                     onChange={(e) => setInviteRole(e.target.value)}%0D%0A+                     className="h-9 w-full rounded border border-[#c8c6c4] px-2.5 text-[13px] focus:border-[#0f6cbd] focus:outline-none focus:ring-1 focus:ring-[#0f6cbd]"%0D%0A+                   >%0D%0A+                     <option value="Admin">Admin</option>%0D%0A+                     <option value="Technician">Technician</option>%0D%0A+                     <option value="Viewer">Viewer</option>%0D%0A+                     <option value="Client">Client</option>%0D%0A+                   </select>%0D%0A+                 </div>%0D%0A+ %0D%0A+                 <button%0D%0A+                   type="submit"%0D%0A+                   disabled={!canManageTeam}%0D%0A+                   title={!canManageTeam ? `Your ${currentRole} role cannot invite team members.` : undefined}%0D%0A+                   className="inline-flex h-9 shrink-0 items-center rounded bg-[#0f6cbd] px-4 text-[13px] font-medium text-white hover:bg-[#004578] disabled:cursor-not-allowed disabled:opacity-50"%0D%0A+                 >%0D%0A+                   Send invitation%0D%0A+                 </button>%0D%0A+               </form>%0D%0A+               {!canManageTeam && <p className="text-[12px] text-[#8a5700]">Your {currentRole} role has read-only team access.</p>}%0D%0A+             </div>%0D%0A+ %0D%0A+             {/* Team Members List Card */}%0D%0A+             <div className="rounded-md border border-[#e1dfdd] bg-white p-4 space-y-3">%0D%0A+               <h3 className="flex items-center justify-between border-b border-[#e1dfdd] pb-2 text-[14px] font-semibold text-[#201f1e]">%0D%0A+                 <span className="flex items-center gap-1.5">%0D%0A+                   <Lock className="h-4 w-4 text-[#0f6cbd]" />%0D%0A+                   <span>Workspace associates</span>%0D%0A+                 </span>%0D%0A+                 <span className="rounded border border-[#c8c6c4] bg-[#eff6fc] px-2 py-0.5 text-[12px] font-medium text-[#0f6cbd]">%0D%0A+                   {teamMembers.length} registered%0D%0A+                 </span>%0D%0A+               </h3>%0D%0A+ %0D%0A+               <div className="overflow-x-auto">%0D%0A+                 <table className="w-full border-collapse text-left text-[13px]">%0D%0A+                   <thead>%0D%0A+                     <tr className="border-b border-[#e1dfdd] text-[11px] uppercase tracking-wide text-[#605e5c]">%0D%0A+                       <th className="py-2 font-medium">User details</th>%0D%0A+                       <th className="py-2 font-medium">Authority role</th>%0D%0A+                       <th className="py-2 text-right font-medium">Actions</th>%0D%0A+                     </tr>%0D%0A+                   </thead>%0D%0A+                   <tbody>%0D%0A+                     {teamMembers.map((member) => (%0D%0A+                       <tr key={member.id} className="border-b border-[#f3f2f1] hover:bg-black/[.02]">%0D%0A+                         <td className="py-2.5 pr-3">%0D%0A+                           <div className="flex items-center gap-2.5">%0D%0A+                             <div className="flex h-8 w-8 shrink-0 items-center justify-center rounded-full border border-[#c8c6c4] bg-[#f3f2f1] text-[12px] font-semibold text-[#605e5c]">%0D%0A+                               {member.displayName ? member.displayName.substring(0, 2).toUpperCase() : member.email.substring(0, 2).toUpperCase()}%0D%0A+                             </div>%0D%0A+                             <div>%0D%0A+                               <span className="block font-medium text-[#201f1e]">%0D%0A+                                 {member.displayName || 'Pending registration'}%0D%0A+                               </span>%0D%0A+                               <span className="block select-all text-[12px] text-[#8a8886]">%0D%0A+                                 {member.email}%0D%0A+                               </span>%0D%0A+                             </div>%0D%0A+                           </div>%0D%0A+                         </td>%0D%0A+                         <td className="py-2.5">%0D%0A+                           {member.role === 'Owner' ? (%0D%0A+                             <span className="rounded border border-[#c8c6c4] bg-[#eff6fc] px-2 py-0.5 text-[12px] font-medium text-[#0f6cbd]">%0D%0A+                               Owner (root)%0D%0A+                             </span>%0D%0A+                           ) : (%0D%0A+                             <select%0D%0A+                               value={member.role}%0D%0A+                               disabled={!canManageTeam}%0D%0A+                               title={!canManageTeam ? `Your ${currentRole} role cannot change roles.` : undefined}%0D%0A+                               onChange={(e) => handleUpdateMemberRole(member.id, e.target.value)}%0D%0A+                               className="rounded border border-[#c8c6c4] p-1 text-[12px] text-[#323130] focus:border-[#0f6cbd] focus:outline-none disabled:cursor-not-allowed disabled:opacity-50"%0D%0A+                             >%0D%0A+                               <option value="Admin">Admin</option>%0D%0A+                               <option value="Technician">Technician</option>%0D%0A+                               <option value="Viewer">Viewer</option>%0D%0A+                               <option value="Client">Client</option>%0D%0A+                             </select>%0D%0A+                           )}%0D%0A+                         </td>%0D%0A+                         <td className="py-2.5 text-right">%0D%0A+                           {member.role !== 'Owner' && member.id !== profile?.id && canManageTeam && (%0D%0A+                             <button%0D%0A+                               onClick={() => handleRemoveMember(member.id)}%0D%0A+                               className="rounded border border-[#a4262c]/30 px-2.5 py-1 text-[12px] font-medium text-[#a4262c] hover:bg-[#fdf2f2]"%0D%0A+                             >%0D%0A+                               Revoke access%0D%0A+                             </button>%0D%0A+                           )}%0D%0A+                         </td>%0D%0A+                       </tr>%0D%0A+                     ))}%0D%0A+                     {teamMembers.length === 0 && (%0D%0A+                       <tr>%0D%0A+                         <td colSpan={3} className="py-6 text-center text-[#8a8886]">%0D%0A+                           {loadingTeam ? 'Securing team data…' : 'No other associates mapped to this workspace.'}%0D%0A+                         </td>%0D%0A+                       </tr>%0D%0A+                     )}%0D%0A+                   </tbody>%0D%0A+                 </table>%0D%0A+               </div>%0D%0A+             </div>%0D%0A+           </div>%0D%0A+         </div>%0D%0A+       ) : (%0D%0A+         <div className="space-y-4" id="product-master-bible-container">%0D%0A+           {/* Welcome Alert / Info Bar */}%0D%0A+           <details className="rounded-md border border-[#e1dfdd] bg-[#faf9f8] text-[13px]">%0D%0A+             <summary className="cursor-pointer select-none px-3 py-2 font-medium text-[#323130]">What is this? &middot; How the Master Bible works</summary>%0D%0A+             <div className="px-3 pb-3 text-[#605e5c]">%0D%0A+               <p>The Master Bible defines standard secure baseline versions, permitted/copyleft licenses, risk classifications, and operational NIST/ISO security safeguard guidelines. Ingested software passports are checked against these standards to prevent compliance violations.</p>%0D%0A+               <ol className="mt-1.5 list-decimal space-y-0.5 pl-4">%0D%0A+                 <li>Policy reference: NIST SP 800-53 r5.</li>%0D%0A+                 <li>Legal stance: SSPL/AGPL copyleft blocked.</li>%0D%0A+                 <li>Baseline updates: automated daily RSS synchronizations.</li>%0D%0A+               </ol>%0D%0A+             </div>%0D%0A+           </details>%0D%0A+ %0D%0A+           {/* Grid Layout: Left Column = Product Bible Directory, Right Column = Selected Specifications & Sandbox Compliance Auditor */}%0D%0A+           <div className="grid grid-cols-1 lg:grid-cols-3 gap-4">%0D%0A+ %0D%0A+             {/* Left Column: List of Products with Search & Add option */}%0D%0A+             <div className="lg:col-span-1 space-y-3">%0D%0A+               <div className="rounded-md border border-[#e1dfdd] bg-white p-4 space-y-3">%0D%0A+                 <div className="flex items-center justify-between">%0D%0A+                   <div>%0D%0A+                     <h4 className="text-[14px] font-semibold text-[#201f1e]">Product Bible index</h4>%0D%0A+                     <p className="text-[12px] text-[#605e5c]">Index of certified system components</p>%0D%0A+                   </div>%0D%0A+                   <button%0D%0A+                     onClick={() => setShowAddBibleProduct(!showAddBibleProduct)}%0D%0A+                     className="inline-flex items-center gap-1 rounded border border-[#c8c6c4] px-2.5 py-1.5 text-[12px] font-medium text-[#323130] hover:bg-black/[.03]"%0D%0A+                     title="Register a new software specification"%0D%0A+                   >%0D%0A+                     <PlusCircle className="h-3.5 w-3.5" />%0D%0A+                     <span>Register</span>%0D%0A+                   </button>%0D%0A+                 </div>%0D%0A+ %0D%0A+                 {/* Quick Search & Filter */}%0D%0A+                 <div className="space-y-2">%0D%0A+                   <div className="flex h-9 items-center gap-2 rounded border border-[#c8c6c4] px-2.5 focus-within:border-[#0f6cbd] focus-within:ring-1 focus-within:ring-[#0f6cbd]">%0D%0A+                     <Search className="h-3.5 w-3.5 text-[#8a8886]" />%0D%0A+                     <input%0D%0A+                       type="text"%0D%0A+                       placeholder="Search specifications..."%0D%0A+                       value={bibleSearchQuery}%0D%0A+                       onChange={(e) => setBibleSearchQuery(e.target.value)}%0D%0A+                       className="w-full bg-transparent text-[13px] text-[#323130] focus:outline-none"%0D%0A+                     />%0D%0A+                   </div>%0D%0A+ %0D%0A+                   <div className="flex items-center justify-between pt-1 text-[12px] text-[#605e5c]">%0D%0A+                     <span>Risk filter</span>%0D%0A+                     <div className="flex gap-1">%0D%0A+                       {['all', 'low', 'medium', 'high'].map(r => (%0D%0A+                         <button%0D%0A+                           key={r}%0D%0A+                           onClick={() => setBibleFilterRisk(r)}%0D%0A+                           className={`rounded px-1.5 py-0.5 capitalize ${%0D%0A+                             bibleFilterRisk === r%0D%0A+                               ? 'bg-[#eff6fc] font-medium text-[#0f6cbd]'%0D%0A+                               : 'hover:text-[#323130]'%0D%0A+                           }`}%0D%0A+                         >%0D%0A+                           {r}%0D%0A+                         </button>%0D%0A+                       ))}%0D%0A+                     </div>%0D%0A+                   </div>%0D%0A+                 </div>%0D%0A+ %0D%0A+                 {/* Add New Specification Form Block */}%0D%0A+                 {showAddBibleProduct && (%0D%0A+                   <form onSubmit={handleAddBibleProduct} className="space-y-3 rounded-md border border-[#e1dfdd] bg-[#faf9f8] p-3 text-[13px]">%0D%0A+                     <h5 className="text-[13px] font-semibold text-[#201f1e]">New standard specification registration</h5>%0D%0A+ %0D%0A+                     <div>%0D%0A+                       <label className="mb-1 block text-[12px] font-medium text-[#605e5c]">Product / package name</label>%0D%0A+                       <input%0D%0A+                         type="text"%0D%0A+                         placeholder="e.g. Apache Kafka"%0D%0A+                         required%0D%0A+                         value={newBpName}%0D%0A+                         onChange={(e) => setNewBpName(e.target.value)}%0D%0A+                         className="h-9 w-full rounded border border-[#c8c6c4] bg-white px-2.5 text-[13px] focus:border-[#0f6cbd] focus:outline-none focus:ring-1 focus:ring-[#0f6cbd]"%0D%0A+                       />%0D%0A+                     </div>%0D%0A+ %0D%0A+                     <div className="grid grid-cols-2 gap-2">%0D%0A+                       <div>%0D%0A+                         <label className="mb-1 block text-[12px] font-medium text-[#605e5c]">Class type</label>%0D%0A+                         <select%0D%0A+                           value={newBpType}%0D%0A+                           onChange={(e) => setNewBpType(e.target.value)}%0D%0A+                           className="h-9 w-full rounded border border-[#c8c6c4] bg-white px-2 text-[13px] focus:border-[#0f6cbd] focus:outline-none focus:ring-1 focus:ring-[#0f6cbd]"%0D%0A+                         >%0D%0A+                           <option value="Web Infrastructure / Proxy">Web / Proxy</option>%0D%0A+                           <option value="Database Systems">Database</option>%0D%0A+                           <option value="Cache Systems">Cache</option>%0D%0A+                           <option value="Open Source Logging Framework">Logging</option>%0D%0A+                           <option value="Container Foundations">Container</option>%0D%0A+                           <option value="Framework Library">Framework</option>%0D%0A+                         </select>%0D%0A+                       </div>%0D%0A+ %0D%0A+                       <div>%0D%0A+                         <label className="mb-1 block text-[12px] font-medium text-[#605e5c]">Secure baseline</label>%0D%0A+                         <input%0D%0A+                           type="text"%0D%0A+                           placeholder="e.g. 3.4.0"%0D%0A+                           required%0D%0A+                           value={newBpVersion}%0D%0A+                           onChange={(e) => setNewBpVersion(e.target.value)}%0D%0A+                           className="h-9 w-full rounded border border-[#c8c6c4] bg-white px-2.5 text-[13px] focus:border-[#0f6cbd] focus:outline-none focus:ring-1 focus:ring-[#0f6cbd]"%0D%0A+                         />%0D%0A+                       </div>%0D%0A+                     </div>%0D%0A+ %0D%0A+                     <div>%0D%0A+                       <label className="mb-1 block text-[12px] font-medium text-[#605e5c]">Permitted licenses</label>%0D%0A+                       <input%0D%0A+                         type="text"%0D%0A+                         value={newBpAllowedLics}%0D%0A+                         onChange={(e) => setNewBpAllowedLics(e.target.value)}%0D%0A+                         className="h-9 w-full rounded border border-[#c8c6c4] bg-white px-2.5 font-mono text-[12px] focus:border-[#0f6cbd] focus:outline-none focus:ring-1 focus:ring-[#0f6cbd]"%0D%0A+                       />%0D%0A+                       <p className="mt-1 text-[11px] text-[#8a8886]">Comma-separated SPDX identifiers.</p>%0D%0A+                     </div>%0D%0A+ %0D%0A+                     <div>%0D%0A+                       <label className="mb-1 block text-[12px] font-medium text-[#605e5c]">Prohibited copylefts</label>%0D%0A+                       <input%0D%0A+                         type="text"%0D%0A+                         value={newBpDisallowedLics}%0D%0A+                         onChange={(e) => setNewBpDisallowedLics(e.target.value)}%0D%0A+                         className="h-9 w-full rounded border border-[#c8c6c4] bg-white px-2.5 font-mono text-[12px] focus:border-[#0f6cbd] focus:outline-none focus:ring-1 focus:ring-[#0f6cbd]"%0D%0A+                       />%0D%0A+                     </div>%0D%0A+ %0D%0A+                     <div className="grid grid-cols-2 gap-2">%0D%0A+                       <div>%0D%0A+                         <label className="mb-1 block text-[12px] font-medium text-[#605e5c]">Risk tier</label>%0D%0A+                         <select%0D%0A+                           value={newBpRisk}%0D%0A+                           onChange={(e) => setNewBpRisk(e.target.value as any)}%0D%0A+                           className="h-9 w-full rounded border border-[#c8c6c4] bg-white px-2 text-[13px] focus:border-[#0f6cbd] focus:outline-none focus:ring-1 focus:ring-[#0f6cbd]"%0D%0A+                         >%0D%0A+                           <option value="Low">Low</option>%0D%0A+                           <option value="Medium">Medium</option>%0D%0A+                           <option value="High">High</option>%0D%0A+                         </select>%0D%0A+                       </div>%0D%0A+ %0D%0A+                       <div>%0D%0A+                         <label className="mb-1 block text-[12px] font-medium text-[#605e5c]">Target compliance</label>%0D%0A+                         <input%0D%0A+                           type="text"%0D%0A+                           placeholder="e.g. HIPAA CC4 / ISO"%0D%0A+                           value={newBpCompliance}%0D%0A+                           onChange={(e) => setNewBpCompliance(e.target.value)}%0D%0A+                           className="h-9 w-full rounded border border-[#c8c6c4] bg-white px-2.5 text-[13px] focus:border-[#0f6cbd] focus:outline-none focus:ring-1 focus:ring-[#0f6cbd]"%0D%0A+                         />%0D%0A+                       </div>%0D%0A+                     </div>%0D%0A+ %0D%0A+                     <div>%0D%0A+                       <label className="mb-1 block text-[12px] font-medium text-[#605e5c]">Operational safeguard policy</label>%0D%0A+                       <textarea%0D%0A+                         rows={2}%0D%0A+                         placeholder="Safeguards required..."%0D%0A+                         value={newBpSafeguard}%0D%0A+                         onChange={(e) => setNewBpSafeguard(e.target.value)}%0D%0A+                         className="w-full rounded border border-[#c8c6c4] bg-white px-2.5 py-2 text-[13px] focus:border-[#0f6cbd] focus:outline-none focus:ring-1 focus:ring-[#0f6cbd]"%0D%0A+                       />%0D%0A+                     </div>%0D%0A+ %0D%0A+                     <div className="flex justify-end gap-2 pt-1">%0D%0A+                       <button%0D%0A+                         type="button"%0D%0A+                         onClick={() => setShowAddBibleProduct(false)}%0D%0A+                         className="inline-flex h-9 items-center rounded border border-[#c8c6c4] px-3 text-[13px] font-medium text-[#323130] hover:bg-black/[.03]"%0D%0A+                       >%0D%0A+                         Cancel%0D%0A+                       </button>%0D%0A+                       <button%0D%0A+                         type="submit"%0D%0A+                         className="inline-flex h-9 items-center gap-1.5 rounded bg-[#0f6cbd] px-3 text-[13px] font-medium text-white hover:bg-[#004578]"%0D%0A+                       >%0D%0A+                         <Check className="h-3.5 w-3.5" />%0D%0A+                         <span>Register spec</span>%0D%0A+                       </button>%0D%0A+                     </div>%0D%0A+                   </form>%0D%0A+                 )}%0D%0A+ %0D%0A+                 {/* List of Specs */}%0D%0A+                 <div className="max-h-[400px] space-y-1 overflow-y-auto">%0D%0A+                   {filteredBibleProducts.length === 0 ? (%0D%0A+                     <p className="py-6 text-center text-[12px] text-[#8a8886]">No matching standard specifications found.</p>%0D%0A+                   ) : (%0D%0A+                     filteredBibleProducts.map(bp => {%0D%0A+                       const isSelected = bp.id === selectedBibleProductId;%0D%0A+                       return (%0D%0A+                         <button%0D%0A+                           key={bp.id}%0D%0A+                           onClick={() => setSelectedBibleProductId(bp.id)}%0D%0A+                           className={`flex w-full items-center justify-between rounded border p-2.5 text-left text-[13px] ${%0D%0A+                             isSelected%0D%0A+                               ? 'border-[#0f6cbd] bg-[#eff6fc] text-[#0f6cbd]'%0D%0A+                               : 'border-[#e1dfdd] bg-white text-[#323130] hover:bg-black/[.02]'%0D%0A+                           }`}%0D%0A+                         >%0D%0A+                           <div className="min-w-0">%0D%0A+                             <p className="truncate leading-snug">{bp.name}</p>%0D%0A+                             <span className="mt-0.5 block text-[11px] text-[#8a8886]">{bp.type}</span>%0D%0A+                           </div>%0D%0A+ %0D%0A+                           <div className="ml-2 flex shrink-0 items-center gap-1.5">%0D%0A+                             <span className={`rounded px-1.5 py-0.5 text-[11px] font-medium ${%0D%0A+                               bp.riskTier === 'High' ? 'bg-[#fdf2f2] text-[#a4262c]' :%0D%0A+                               bp.riskTier === 'Medium' ? 'bg-[#fff4ce] text-[#8a5700]' :%0D%0A+                               'bg-[#dff6dd] text-[#0e700e]'%0D%0A+                             }`}>%0D%0A+                               {bp.riskTier}%0D%0A+                             </span>%0D%0A+                             <ChevronRight className={`h-3.5 w-3.5 ${isSelected ? 'text-[#0f6cbd]' : 'text-[#8a8886]'}`} />%0D%0A+                           </div>%0D%0A+                         </button>%0D%0A+                       );%0D%0A+                     })%0D%0A+                   )}%0D%0A+                 </div>%0D%0A+               </div>%0D%0A+             </div>%0D%0A+ %0D%0A+             {/* Right 2 Columns: Specification Details & Interactive Sandbox compliance auditor */}%0D%0A+             <div className="lg:col-span-2 space-y-4">%0D%0A+ %0D%0A+               {/* Card 1: Active Specification detail */}%0D%0A+               {activeBibleProduct && (%0D%0A+                 <div className="rounded-md border border-[#e1dfdd] bg-white p-4 space-y-3">%0D%0A+                   <div className="flex items-start justify-between border-b border-[#e1dfdd] pb-3">%0D%0A+                     <div>%0D%0A+                       <span className="text-[11px] font-medium uppercase tracking-wide text-[#0f6cbd]">Approved platform standard spec</span>%0D%0A+                       <h3 className="mt-1 flex items-center gap-1.5 text-[15px] font-semibold text-[#201f1e]">%0D%0A+                         <CheckCircle2 className="h-4 w-4 text-[#0e700e]" />%0D%0A+                         {activeBibleProduct.name}%0D%0A+                       </h3>%0D%0A+                       <p className="mt-0.5 text-[12px] text-[#605e5c]">{activeBibleProduct.type}</p>%0D%0A+                     </div>%0D%0A+ %0D%0A+                     <span className="rounded border border-[#c8c6c4] bg-[#eff6fc] px-2 py-0.5 text-[12px] font-medium text-[#0f6cbd]">%0D%0A+                       Baseline v{activeBibleProduct.baselineSecureVersion}%0D%0A+                     </span>%0D%0A+                   </div>%0D%0A+ %0D%0A+                   <div className="grid grid-cols-1 gap-4 md:grid-cols-2">%0D%0A+                     <div className="space-y-3">%0D%0A+                       <div>%0D%0A+                         <span className="block text-[11px] font-medium uppercase text-[#605e5c]">Permitted (greenlist) licenses</span>%0D%0A+                         <div className="mt-1.5 flex flex-wrap gap-1.5">%0D%0A+                           {activeBibleProduct.allowedLicenses.map((lic: string) => (%0D%0A+                             <span key={lic} className="rounded border border-[#c8c6c4] bg-[#dff6dd] px-2 py-0.5 text-[11px] font-medium text-[#0e700e]">%0D%0A+                               {lic}%0D%0A+                             </span>%0D%0A+                           ))}%0D%0A+                           {activeBibleProduct.allowedLicenses.length === 0 && <span className="text-[12px] italic text-[#8a8886]">None specified</span>}%0D%0A+                         </div>%0D%0A+                       </div>%0D%0A+ %0D%0A+                       <div>%0D%0A+                         <span className="block text-[11px] font-medium uppercase text-[#605e5c]">Prohibited (blacklisted) licenses</span>%0D%0A+                         <div className="mt-1.5 flex flex-wrap gap-1.5">%0D%0A+                           {activeBibleProduct.disallowedLicenses.map((lic: string) => (%0D%0A+                             <span key={lic} className="rounded border border-[#c8c6c4] bg-[#fdf2f2] px-2 py-0.5 text-[11px] font-medium text-[#a4262c]">%0D%0A+                               {lic}%0D%0A+                             </span>%0D%0A+                           ))}%0D%0A+                           {activeBibleProduct.disallowedLicenses.length === 0 && <span className="text-[12px] italic text-[#8a8886]">None prohibited</span>}%0D%0A+                         </div>%0D%0A+                       </div>%0D%0A+                     </div>%0D%0A+ %0D%0A+                     <div className="space-y-2 rounded-md border border-[#e1dfdd] bg-[#faf9f8] p-3">%0D%0A+                       <span className="block text-[11px] font-medium uppercase text-[#605e5c]">Target regulatory framework compliance</span>%0D%0A+                       <p className="text-[13px] font-medium text-[#323130]">{activeBibleProduct.complianceTarget}</p>%0D%0A+                       <p className="text-[12px] leading-normal text-[#605e5c]">%0D%0A+                         Ingested components of this product category must be validated in accordance with audit guidelines mapped to this baseline.%0D%0A+                       </p>%0D%0A+                     </div>%0D%0A+                   </div>%0D%0A+ %0D%0A+                   <div className="space-y-1.5 rounded-md border border-[#e1dfdd] bg-[#eff6fc] p-3">%0D%0A+                     <span className="block text-[11px] font-medium uppercase tracking-wide text-[#0f6cbd]">Standard core safeguards policy</span>%0D%0A+                     <p className="text-[13px] leading-normal text-[#323130]">{activeBibleProduct.safeguardPolicy}</p>%0D%0A+                   </div>%0D%0A+                 </div>%0D%0A+               )}%0D%0A+ %0D%0A+               {/* Card 2: Interactive Sandbox Compliance Auditor */}%0D%0A+               <div className="rounded-md border border-[#e1dfdd] bg-white p-4 space-y-3">%0D%0A+                 <div>%0D%0A+                   <h3 className="flex items-center gap-1.5 text-[14px] font-semibold text-[#201f1e]">%0D%0A+                     <Sparkles className="h-4 w-4 text-[#0f6cbd]" />%0D%0A+                     <span>Interactive product compliance sandbox</span>%0D%0A+                   </h3>%0D%0A+                   <p className="mt-0.5 text-[12px] text-[#605e5c]">%0D%0A+                     Simulate software ingest requests and instantly check compliance against the Master Product Bible.%0D%0A+                   </p>%0D%0A+                 </div>%0D%0A+ %0D%0A+                 <div className="grid grid-cols-1 gap-4 md:grid-cols-2">%0D%0A+                   <div className="space-y-3">%0D%0A+                     <div>%0D%0A+                       <label className="mb-1 block text-[12px] font-medium text-[#605e5c]">Select target product class</label>%0D%0A+                       <select%0D%0A+                         value={sandboxProduct}%0D%0A+                         onChange={(e) => {%0D%0A+                           setSandboxProduct(e.target.value);%0D%0A+                           const found = bibleProducts.find(bp => bp.name === e.target.value);%0D%0A+                           if (found) {%0D%0A+                             setSandboxVersion(found.baselineSecureVersion);%0D%0A+                             setSandboxLicense(found.allowedLicenses[0] || 'MIT');%0D%0A+                           }%0D%0A+                         }}%0D%0A+                         className="h-9 w-full rounded border border-[#c8c6c4] px-2.5 text-[13px] focus:border-[#0f6cbd] focus:outline-none focus:ring-1 focus:ring-[#0f6cbd]"%0D%0A+                       >%0D%0A+                         {bibleProducts.map(bp => (%0D%0A+                           <option key={bp.id} value={bp.name}>{bp.name}</option>%0D%0A+                         ))}%0D%0A+                         <option value="custom">-- Custom/unregistered product --</option>%0D%0A+                       </select>%0D%0A+                     </div>%0D%0A+ %0D%0A+                     {sandboxProduct === 'custom' && (%0D%0A+                       <div>%0D%0A+                         <label className="mb-1 block text-[12px] font-medium text-[#605e5c]">Custom product name</label>%0D%0A+                         <input%0D%0A+                           type="text"%0D%0A+                           placeholder="e.g. Apache Kafka"%0D%0A+                           value={sandboxCustomName}%0D%0A+                           onChange={(e) => setSandboxCustomName(e.target.value)}%0D%0A+                           className="h-9 w-full rounded border border-[#c8c6c4] px-2.5 text-[13px] focus:border-[#0f6cbd] focus:outline-none focus:ring-1 focus:ring-[#0f6cbd]"%0D%0A+                         />%0D%0A+                       </div>%0D%0A+                     )}%0D%0A+ %0D%0A+                     <div className="grid grid-cols-2 gap-2">%0D%0A+                       <div>%0D%0A+                         <label className="mb-1 block text-[12px] font-medium text-[#605e5c]">Ingested version</label>%0D%0A+                         <input%0D%0A+                           type="text"%0D%0A+                           value={sandboxVersion}%0D%0A+                           onChange={(e) => setSandboxVersion(e.target.value)}%0D%0A+                           className="h-9 w-full rounded border border-[#c8c6c4] px-2.5 font-mono text-[13px] focus:border-[#0f6cbd] focus:outline-none focus:ring-1 focus:ring-[#0f6cbd]"%0D%0A+                           placeholder="e.g. 1.25.0"%0D%0A+                         />%0D%0A+                       </div>%0D%0A+ %0D%0A+                       <div>%0D%0A+                         <label className="mb-1 block text-[12px] font-medium text-[#605e5c]">License SPDX</label>%0D%0A+                         <input%0D%0A+                           type="text"%0D%0A+                           value={sandboxLicense}%0D%0A+                           onChange={(e) => setSandboxLicense(e.target.value)}%0D%0A+                           className="h-9 w-full rounded border border-[#c8c6c4] px-2.5 font-mono text-[13px] focus:border-[#0f6cbd] focus:outline-none focus:ring-1 focus:ring-[#0f6cbd]"%0D%0A+                           placeholder="e.g. GPL-3.0-only"%0D%0A+                         />%0D%0A+                       </div>%0D%0A+                     </div>%0D%0A+ %0D%0A+                     <div>%0D%0A+                       <label className="mb-1 block text-[12px] font-medium text-[#605e5c]">Target deploy environment</label>%0D%0A+                       <div className="grid grid-cols-3 gap-2">%0D%0A+                         {['Production', 'Staging', 'Development'].map(env => (%0D%0A+                           <button%0D%0A+                             key={env}%0D%0A+                             type="button"%0D%0A+                             onClick={() => setSandboxEnv(env)}%0D%0A+                             className={`rounded border p-2 text-center text-[12px] font-medium ${%0D%0A+                               sandboxEnv === env%0D%0A+                                 ? 'border-[#0f6cbd] bg-[#eff6fc] text-[#0f6cbd]'%0D%0A+                                 : 'border-[#c8c6c4] text-[#605e5c] hover:bg-black/[.03]'%0D%0A+                             }`}%0D%0A+                           >%0D%0A+                             {env}%0D%0A+                           </button>%0D%0A+                         ))}%0D%0A+                       </div>%0D%0A+                     </div>%0D%0A+ %0D%0A+                     <button%0D%0A+                       type="button"%0D%0A+                       onClick={handleRunSandboxAudit}%0D%0A+                       className="flex h-9 w-full items-center justify-center gap-1.5 rounded bg-[#0f6cbd] text-[13px] font-medium text-white hover:bg-[#004578]"%0D%0A+                     >%0D%0A+                       <Play className="h-3.5 w-3.5" />%0D%0A+                       <span>Run sandbox compliance attestation</span>%0D%0A+                     </button>%0D%0A+                   </div>%0D%0A+ %0D%0A+                   {/* Attestation Sandbox Report panel */}%0D%0A+                   <div className="flex min-h-[240px] flex-col justify-between rounded-md border border-[#e1dfdd] bg-[#faf9f8] p-3">%0D%0A+                     {sandboxReport ? (%0D%0A+                       <div className="space-y-3">%0D%0A+                         <div className="flex items-center justify-between border-b border-[#e1dfdd] pb-2">%0D%0A+                           <div>%0D%0A+                             <span className="block text-[11px] font-medium text-[#605e5c]">Attestation report</span>%0D%0A+                             <h4 className="max-w-[160px] truncate text-[13px] font-semibold text-[#201f1e]">{sandboxReport.productName}</h4>%0D%0A+                           </div>%0D%0A+ %0D%0A+                           <span className={`inline-flex items-center gap-1 rounded border border-[#c8c6c4] px-2 py-0.5 text-[11px] font-medium ${%0D%0A+                             sandboxReport.overallStatus === 'PASS' ? 'bg-[#dff6dd] text-[#0e700e]' :%0D%0A+                             sandboxReport.overallStatus === 'WARN' ? 'bg-[#fff4ce] text-[#8a5700]' :%0D%0A+                             'bg-[#fdf2f2] text-[#a4262c]'%0D%0A+                           }`}>%0D%0A+                             <span className={`h-1.5 w-1.5 rounded-full ${%0D%0A+                               sandboxReport.overallStatus === 'PASS' ? 'bg-[#0e700e]' :%0D%0A+                               sandboxReport.overallStatus === 'WARN' ? 'bg-[#8a5700]' :%0D%0A+                               'bg-[#a4262c]'%0D%0A+                             }`} />%0D%0A+                             {sandboxReport.overallStatus}%0D%0A+                           </span>%0D%0A+                         </div>%0D%0A+ %0D%0A+                         <div className="space-y-2 text-[12px] leading-normal">%0D%0A+                           <div className="flex items-start gap-1.5">%0D%0A+                             {sandboxReport.versionStatus === 'Compliant' ? (%0D%0A+                               <Check className="mt-0.5 h-3.5 w-3.5 shrink-0 text-[#0e700e]" />%0D%0A+                             ) : sandboxReport.versionStatus === 'Warning' ? (%0D%0A+                               <AlertTriangle className="mt-0.5 h-3.5 w-3.5 shrink-0 text-[#8a5700]" />%0D%0A+                             ) : (%0D%0A+                               <ShieldAlert className="mt-0.5 h-3.5 w-3.5 shrink-0 text-[#a4262c]" />%0D%0A+                             )}%0D%0A+                             <div>%0D%0A+                               <span className="font-medium text-[#323130]">Version standard: </span>%0D%0A+                               <span className="text-[#605e5c]">{sandboxReport.versionDetails}</span>%0D%0A+                             </div>%0D%0A+                           </div>%0D%0A+ %0D%0A+                           <div className="flex items-start gap-1.5">%0D%0A+                             {sandboxReport.licenseStatus === 'Compliant' ? (%0D%0A+                               <Check className="mt-0.5 h-3.5 w-3.5 shrink-0 text-[#0e700e]" />%0D%0A+                             ) : sandboxReport.licenseStatus === 'Warning' ? (%0D%0A+                               <AlertTriangle className="mt-0.5 h-3.5 w-3.5 shrink-0 text-[#8a5700]" />%0D%0A+                             ) : (%0D%0A+                               <ShieldAlert className="mt-0.5 h-3.5 w-3.5 shrink-0 text-[#a4262c]" />%0D%0A+                             )}%0D%0A+                             <div>%0D%0A+                               <span className="font-medium text-[#323130]">License standard: </span>%0D%0A+                               <span className="text-[#605e5c]">{sandboxReport.licenseDetails}</span>%0D%0A+                             </div>%0D%0A+                           </div>%0D%0A+                         </div>%0D%0A+ %0D%0A+                         <div className="space-y-1 rounded border border-[#e1dfdd] bg-white p-2.5 text-[12px] leading-normal text-[#605e5c]">%0D%0A+                           <p className="text-[11px] font-medium uppercase text-[#323130]">Compliance checklist ({sandboxReport.complianceTarget}):</p>%0D%0A+                           <p className="italic">{sandboxReport.safeguardPolicy}</p>%0D%0A+                         </div>%0D%0A+                       </div>%0D%0A+                     ) : (%0D%0A+                       <div className="flex h-full flex-col items-center justify-center space-y-2 py-10 text-center text-[#8a8886]">%0D%0A+                         <Sliders className="h-6 w-6 text-[#c8c6c4]" />%0D%0A+                         <p className="mt-2 text-[13px] font-medium text-[#605e5c]">Attestation pending</p>%0D%0A+                         <p className="max-w-[220px] text-[12px] leading-snug text-[#8a8886]">%0D%0A+                           Configure simulation parameters and run the sandbox compliance attestation to test build parameters against standards.%0D%0A+                         </p>%0D%0A+                       </div>%0D%0A+                     )}%0D%0A+ %0D%0A+                     <div className="mt-2 flex items-center justify-between border-t border-[#e1dfdd] pt-2 text-[11px] text-[#8a8886]">%0D%0A+                       <span>Audit kernel: SEC_ENGINE_v1.0</span>%0D%0A+                       {sandboxReport && (%0D%0A+                         <span>Attested: {new Date(sandboxReport.timestamp).toLocaleTimeString()}</span>%0D%0A+                       )}%0D%0A+                     </div>%0D%0A+                   </div>%0D%0A+                 </div>%0D%0A+ %0D%0A+               </div>%0D%0A+ %0D%0A+             </div>%0D%0A+ %0D%0A+           </div>%0D%0A+         </div>%0D%0A+       )}%0D%0A+     </div>%0D%0A+   );%0D%0A+ }%0D%0A+%0A%0A ❯ tests/settings-guide-contract.test.ts:27:22%0A%0A

::error file=/home/runner/work/software-passport-registry/software-passport-registry/tests/settings-guide-contract.test.ts,title=tests/settings-guide-contract.test.ts > Settings "Getting Started" guide stays honest about real gaps > still discloses branding does not yet reach the public passport/emails,line=31,column=22::AssertionError: expected '/**\r\n * @license\r\n * SPDX-License…' to contain 'only feeds the Reports PDF export, no…'%0A%0A- Expected%0A+ Received%0A%0A- only feeds the Reports PDF export, not yet the public passport page itself%0A+ /**%0D%0A+  * @license%0D%0A+  * SPDX-License-Identifier: Apache-2.0%0D%0A+  */%0D%0A+ %0D%0A+ import React, { useState, useEffect, useMemo } from 'react';%0D%0A+ import {%0D%0A+   Settings, Shield, Sliders, KeyRound, Bell, HelpCircle, CheckCircle,%0D%0A+   Sun, Moon, RefreshCw, Trash2, Fingerprint, Lock, FileText, Globe, FileCode,%0D%0A+   BookOpen, Search, Sparkles, PlusCircle, AlertTriangle, Play, ChevronRight, Check,%0D%0A+   ExternalLink, Layers, Info, Filter, ShieldAlert, BadgeAlert, CheckCircle2, AlertCircle%0D%0A+ } from 'lucide-react';%0D%0A+ import { auth } from '../lib/firebase';%0D%0A+ import { apiFetch } from '../utils/apiClient';%0D%0A+ %0D%0A+ interface SettingsViewProps {%0D%0A+   theme: 'light' | 'dark';%0D%0A+   onToggleTheme: () => void;%0D%0A+ }%0D%0A+ %0D%0A+ export default function SettingsView({ theme, onToggleTheme }: SettingsViewProps) {%0D%0A+   const [activeSubTab, setActiveSubTab] = useState<'configurations' | 'bible' | 'organization'>('configurations');%0D%0A+   const [mfaEnabled, setMfaEnabled] = useState(true);%0D%0A+   const [slaTarget, setSlaTarget] = useState(85);%0D%0A+   const [saveSuccess, setSaveSuccess] = useState(false);%0D%0A+   const [offboarding, setOffboarding] = useState(false);%0D%0A+   const [testing, setTesting] = useState(false);%0D%0A+   const [testResults, setTestResults] = useState<any[]>([]);%0D%0A+ %0D%0A+   // Profile & Org/Team States%0D%0A+   const [profile, setProfile] = useState<any>(null);%0D%0A+   const [teamMembers, setTeamMembers] = useState<any[]>([]);%0D%0A+   const [inviteEmail, setInviteEmail] = useState('');%0D%0A+   const [inviteRole, setInviteRole] = useState('Technician');%0D%0A+   const [editingProfile, setEditingProfile] = useState(false);%0D%0A+   const [profileName, setProfileName] = useState('');%0D%0A+   const [profileJobTitle, setProfileJobTitle] = useState('');%0D%0A+   const [profileCompany, setProfileCompany] = useState('');%0D%0A+   const [loadingTeam, setLoadingTeam] = useState(false);%0D%0A+   const [teamError, setTeamError] = useState<string | null>(null);%0D%0A+   const [teamSuccess, setTeamSuccess] = useState<string | null>(null);%0D%0A+ %0D%0A+   // profile is fetched from /api/user/me, which already returns the caller's%0D%0A+   // role — derive gating from it directly rather than requiring a separate%0D%0A+   // prop. Matches backend enforcement exactly: POST /api/tenant/offboard is%0D%0A+   // requireRole('Owner'); team invite/role-change/remove are requireRole%0D%0A+   // (['Owner','Admin']) (auth.ts).%0D%0A+   const currentRole: string = profile?.role || 'Viewer';%0D%0A+   const isOwner = currentRole === 'Owner';%0D%0A+   const canManageTeam = isOwner || currentRole === 'Admin';%0D%0A+ %0D%0A+   const fetchProfileAndTeam = async () => {%0D%0A+     setLoadingTeam(true);%0D%0A+     try {%0D%0A+       // 1. Fetch user profile%0D%0A+       const profRes = await apiFetch('/api/user/me');%0D%0A+       if (profRes.ok) {%0D%0A+         const profData = await profRes.json();%0D%0A+         setProfile(profData);%0D%0A+         setProfileName(profData.displayName || '');%0D%0A+         setProfileJobTitle(profData.roleTitle || '');%0D%0A+         setProfileCompany(profData.companyName || '');%0D%0A+       }%0D%0A+ %0D%0A+       // 2. Fetch team members%0D%0A+       const teamRes = await apiFetch('/api/organization/team');%0D%0A+       if (teamRes.ok) {%0D%0A+         const teamData = await teamRes.json();%0D%0A+         setTeamMembers(teamData);%0D%0A+       }%0D%0A+     } catch (err) {%0D%0A+       console.error('Error fetching profile or organization team:', err);%0D%0A+     } finally {%0D%0A+       setLoadingTeam(false);%0D%0A+     }%0D%0A+   };%0D%0A+ %0D%0A+   const handleInviteMember = async (e: React.FormEvent) => {%0D%0A+     e.preventDefault();%0D%0A+     if (!inviteEmail || !canManageTeam) return;%0D%0A+     setTeamError(null);%0D%0A+     setTeamSuccess(null);%0D%0A+     try {%0D%0A+       const res = await apiFetch('/api/organization/invite', {%0D%0A+         method: 'POST',%0D%0A+         headers: { 'Content-Type': 'application/json' },%0D%0A+         body: JSON.stringify({ email: inviteEmail, role: inviteRole })%0D%0A+       });%0D%0A+       if (res.ok) {%0D%0A+         setTeamSuccess(`Successfully sent security invitation to ${inviteEmail}`);%0D%0A+         setInviteEmail('');%0D%0A+         fetchProfileAndTeam();%0D%0A+       } else {%0D%0A+         const errData = await res.json();%0D%0A+         setTeamError(errData.message || 'Failed to send workspace invitation.');%0D%0A+       }%0D%0A+     } catch (err) {%0D%0A+       setTeamError('Network error while dispatching invitation.');%0D%0A+     }%0D%0A+   };%0D%0A+ %0D%0A+   const handleUpdateMemberRole = async (userId: string, newRole: string) => {%0D%0A+     if (!canManageTeam) return;%0D%0A+     setTeamError(null);%0D%0A+     setTeamSuccess(null);%0D%0A+     try {%0D%0A+       const res = await apiFetch(`/api/organization/team/${userId}/role`, {%0D%0A+         method: 'PUT',%0D%0A+         headers: { 'Content-Type': 'application/json' },%0D%0A+         body: JSON.stringify({ role: newRole })%0D%0A+       });%0D%0A+       if (res.ok) {%0D%0A+         setTeamSuccess('Workspace member role updated successfully.');%0D%0A+         fetchProfileAndTeam();%0D%0A+       } else {%0D%0A+         const errData = await res.json();%0D%0A+         setTeamError(errData.message || 'Permission denied.');%0D%0A+       }%0D%0A+     } catch (err) {%0D%0A+       setTeamError('Failed to synchronize updated permission rules.');%0D%0A+     }%0D%0A+   };%0D%0A+ %0D%0A+   const handleRemoveMember = async (userId: string) => {%0D%0A+     if (!canManageTeam) return;%0D%0A+     const confirmed = window.confirm('Are you sure you want to revoke this user\'s workspace security credentials?');%0D%0A+     if (!confirmed) return;%0D%0A+     setTeamError(null);%0D%0A+     setTeamSuccess(null);%0D%0A+     try {%0D%0A+       const res = await apiFetch(`/api/organization/team/${userId}`, {%0D%0A+         method: 'DELETE'%0D%0A+       });%0D%0A+       if (res.ok) {%0D%0A+         setTeamSuccess('Revoked workspace access and terminated session keys.');%0D%0A+         fetchProfileAndTeam();%0D%0A+       } else {%0D%0A+         const errData = await res.json();%0D%0A+         setTeamError(errData.message || 'Rejection from database.');%0D%0A+       }%0D%0A+     } catch (err) {%0D%0A+       setTeamError('Failed to remove member.');%0D%0A+     }%0D%0A+   };%0D%0A+ %0D%0A+   const handleSaveProfile = async (e: React.FormEvent) => {%0D%0A+     e.preventDefault();%0D%0A+     setTeamError(null);%0D%0A+     setTeamSuccess(null);%0D%0A+     try {%0D%0A+       const res = await apiFetch('/api/user/profile', {%0D%0A+         method: 'PUT',%0D%0A+         headers: { 'Content-Type': 'application/json' },%0D%0A+         body: JSON.stringify({%0D%0A+           displayName: profileName,%0D%0A+           roleTitle: profileJobTitle,%0D%0A+           companyName: profileCompany%0D%0A+         })%0D%0A+       });%0D%0A+       if (res.ok) {%0D%0A+         setTeamSuccess('User profile details updated successfully.');%0D%0A+         setEditingProfile(false);%0D%0A+         fetchProfileAndTeam();%0D%0A+       } else {%0D%0A+         const errData = await res.json();%0D%0A+         setTeamError(errData.message || 'Failed to save details.');%0D%0A+       }%0D%0A+     } catch (err) {%0D%0A+       setTeamError('Failed to save profile changes.');%0D%0A+     }%0D%0A+   };%0D%0A+ %0D%0A+   // Product Bible list%0D%0A+   const [bibleProducts, setBibleProducts] = useState<any[]>([%0D%0A+     {%0D%0A+       id: 'pb-nginx',%0D%0A+       name: 'Nginx Web Server',%0D%0A+       type: 'Web Infrastructure / Proxy',%0D%0A+       baselineSecureVersion: '1.24.0',%0D%0A+       allowedLicenses: ['BSD-2-Clause', 'MIT', 'Apache-2.0'],%0D%0A+       disallowedLicenses: ['GPL-3.0-only', 'AGPL-3.0-only'],%0D%0A+       riskTier: 'Low',%0D%0A+       complianceTarget: 'SOC 2 CC6.1 / NIST SP 800-53',%0D%0A+       safeguardPolicy: 'Enforce TLS 1.3 only, disable cleartext HTTP ports, and prune default Server header metadata.'%0D%0A+     },%0D%0A+     {%0D%0A+       id: 'pb-postgres',%0D%0A+       name: 'PostgreSQL Relational Engine',%0D%0A+       type: 'Database Systems',%0D%0A+       baselineSecureVersion: '15.4',%0D%0A+       allowedLicenses: ['PostgreSQL', 'MIT', 'Apache-2.0'],%0D%0A+       disallowedLicenses: ['AGPL-3.0-only', 'GPL-3.0-only'],%0D%0A+       riskTier: 'Low',%0D%0A+       complianceTarget: 'NIST SP 800-171 / HIPAA Sec. 164',%0D%0A+       safeguardPolicy: 'Enable row-level security (RLS), mandate pgcrypto encryption for columns, and bind exclusively to localized subnets.'%0D%0A+     },%0D%0A+     {%0D%0A+       id: 'pb-redis',%0D%0A+       name: 'Redis In-Memory Key-Value Cache',%0D%0A+       type: 'Cache Systems',%0D%0A+       baselineSecureVersion: '7.0.12',%0D%0A+       allowedLicenses: ['BSD-3-Clause', 'MIT'],%0D%0A+       disallowedLicenses: ['SSPL-1.0', 'AGPL-3.0-only'],%0D%0A+       riskTier: 'Medium',%0D%0A+       complianceTarget: 'PCI-DSS v4.0 Req 2 & 3',%0D%0A+       safeguardPolicy: 'Disable custom dangerous admin commands (CONFIG, FLUSHALL), set authentication passwords, and restrict container loopbacks.'%0D%0A+     },%0D%0A+     {%0D%0A+       id: 'pb-log4j',%0D%0A+       name: 'Apache Log4j Core Logging',%0D%0A+       type: 'Open Source Logging Framework',%0D%0A+       baselineSecureVersion: '2.17.1',%0D%0A+       allowedLicenses: ['Apache-2.0'],%0D%0A+       disallowedLicenses: ['GPL-3.0-only', 'AGPL-3.0-only'],%0D%0A+       riskTier: 'High',%0D%0A+       complianceTarget: 'CISA KEV Mitigation Directive',%0D%0A+       safeguardPolicy: 'Ensure strict lookup disabling (formatMsgNoLookups=true) and remove JMSAppender class files from all builds to neutralize JNDI execution risks.'%0D%0A+     },%0D%0A+     {%0D%0A+       id: 'pb-docker',%0D%0A+       name: 'Docker Container base environment',%0D%0A+       type: 'Container Foundations',%0D%0A+       baselineSecureVersion: '24.0.5',%0D%0A+       allowedLicenses: ['Apache-2.0', 'MIT'],%0D%0A+       disallowedLicenses: ['GPL-3.0-only', 'AGPL-3.0-only'],%0D%0A+       riskTier: 'Low',%0D%0A+       complianceTarget: 'CIS Docker Benchmarks v1.6',%0D%0A+       safeguardPolicy: 'Run containers with non-root privileges, specify readonly root filesystems, and strip all unneeded kernel capabilities (SYS_ADMIN).'%0D%0A+     }%0D%0A+   ]);%0D%0A+ %0D%0A+   // Search/Filter state for Product Bible%0D%0A+   const [bibleSearchQuery, setBibleSearchQuery] = useState('');%0D%0A+   const [bibleFilterRisk, setBibleFilterRisk] = useState('all');%0D%0A+   const [selectedBibleProductId, setSelectedBibleProductId] = useState<string>('pb-nginx');%0D%0A+ %0D%0A+   // New Bible Product form fields%0D%0A+   const [showAddBibleProduct, setShowAddBibleProduct] = useState(false);%0D%0A+   const [newBpName, setNewBpName] = useState('');%0D%0A+   const [newBpType, setNewBpType] = useState('Web Infrastructure / Proxy');%0D%0A+   const [newBpVersion, setNewBpVersion] = useState('');%0D%0A+   const [newBpAllowedLics, setNewBpAllowedLics] = useState('MIT, Apache-2.0, BSD-3-Clause');%0D%0A+   const [newBpDisallowedLics, setNewBpDisallowedLics] = useState('GPL-3.0-only, AGPL-3.0-only');%0D%0A+   const [newBpRisk, setNewBpRisk] = useState<'Low' | 'Medium' | 'High'>('Low');%0D%0A+   const [newBpCompliance, setNewBpCompliance] = useState('');%0D%0A+   const [newBpSafeguard, setNewBpSafeguard] = useState('');%0D%0A+ %0D%0A+   // Sandbox Auditor states%0D%0A+   const [sandboxProduct, setSandboxProduct] = useState('Nginx Web Server');%0D%0A+   const [sandboxCustomName, setSandboxCustomName] = useState('');%0D%0A+   const [sandboxVersion, setSandboxVersion] = useState('1.25.1');%0D%0A+   const [sandboxLicense, setSandboxLicense] = useState('MIT');%0D%0A+   const [sandboxEnv, setSandboxEnv] = useState('Production');%0D%0A+   const [sandboxReport, setSandboxReport] = useState<any | null>(null);%0D%0A+ %0D%0A+   // Multi-tenant Active Sessions, SSO and Cryptographic audit state%0D%0A+   const [sessions, setSessions] = useState<any[]>([]);%0D%0A+   const [history, setHistory] = useState<any[]>([]);%0D%0A+   const [auditChain, setAuditChain] = useState<any[]>([]);%0D%0A+   const [loadingLedgers, setLoadingLedgers] = useState(false);%0D%0A+   const [verifyingLedger, setVerifyingLedger] = useState(false);%0D%0A+   const [verificationResult, setVerificationResult] = useState<any | null>(null);%0D%0A+ %0D%0A+   // SAML SSO Form settings%0D%0A+   const [ssoEnabled, setSsoEnabled] = useState(true);%0D%0A+   const [ssoProvider, setSsoProvider] = useState('Okta Enterprise IdP');%0D%0A+   const [ssoMetadataUrl, setSsoMetadataUrl] = useState('https://idp.okta.com/app/exk810/sso/saml/metadata');%0D%0A+   const [ssoClientId, setSsoClientId] = useState('spr_msp_okta_prod_01');%0D%0A+ %0D%0A+   const handleVerifyLedger = async () => {%0D%0A+     setVerifyingLedger(true);%0D%0A+     setVerificationResult(null);%0D%0A+     try {%0D%0A+       const res = await apiFetch('/api/auth/audit-chain/verify');%0D%0A+       if (res.ok) {%0D%0A+         const data = await res.json();%0D%0A+         setVerificationResult(data);%0D%0A+       } else {%0D%0A+         setVerificationResult({%0D%0A+           isValid: false,%0D%0A+           error: 'Verification request returned a server exception.'%0D%0A+         });%0D%0A+       }%0D%0A+     } catch (err: any) {%0D%0A+       setVerificationResult({%0D%0A+         isValid: false,%0D%0A+         error: err?.message || 'Network connection timeout.'%0D%0A+       });%0D%0A+     } finally {%0D%0A+       setVerifyingLedger(false);%0D%0A+     }%0D%0A+   };%0D%0A+ %0D%0A+   const fetchAuthDataLedgers = async () => {%0D%0A+     setLoadingLedgers(true);%0D%0A+     try {%0D%0A+       const sessRes = await apiFetch('/api/auth/sessions');%0D%0A+       if (sessRes.ok) {%0D%0A+         const data = await sessRes.json();%0D%0A+         setSessions(data);%0D%0A+       }%0D%0A+ %0D%0A+       const histRes = await apiFetch('/api/auth/login-history');%0D%0A+       if (histRes.ok) {%0D%0A+         const data = await histRes.json();%0D%0A+         setHistory(data);%0D%0A+       }%0D%0A+ %0D%0A+       const chainRes = await apiFetch('/api/auth/audit-chain');%0D%0A+       if (chainRes.ok) {%0D%0A+         const data = await chainRes.json();%0D%0A+         setAuditChain(data);%0D%0A+       }%0D%0A+     } catch (err) {%0D%0A+       console.error('Error fetching identity and compliance data ledgers:', err);%0D%0A+     } finally {%0D%0A+       setLoadingLedgers(false);%0D%0A+     }%0D%0A+   };%0D%0A+ %0D%0A+   useEffect(() => {%0D%0A+     fetchAuthDataLedgers();%0D%0A+     fetchProfileAndTeam();%0D%0A+   }, []);%0D%0A+ %0D%0A+   const handleRevokeSession = async (sessionId: string) => {%0D%0A+     try {%0D%0A+       const res = await apiFetch('/api/auth/sessions/revoke', {%0D%0A+         method: 'POST',%0D%0A+         headers: { 'Content-Type': 'application/json' },%0D%0A+         body: JSON.stringify({ sessionId })%0D%0A+       });%0D%0A+       if (res.ok) {%0D%0A+         fetchAuthDataLedgers();%0D%0A+       } else {%0D%0A+         alert('Could not complete session revocation.');%0D%0A+       }%0D%0A+     } catch (err) {%0D%0A+       console.error('Error during session revocation:', err);%0D%0A+     }%0D%0A+   };%0D%0A+ %0D%0A+   // There is no test-runner endpoint in the backend (running the test suite%0D%0A+   // from an HTTP request would itself be a code-execution risk), and no%0D%0A+   // endpoint separately verifies RLS isolation, OAuth handshakes, or API%0D%0A+   // quota safety. This checks the one thing SPR can actually report on%0D%0A+   // itself: real database connectivity, via the existing /api/ready%0D%0A+   // readiness probe — the same one an orchestrator uses.%0D%0A+   const runDiagnosticSuite = async () => {%0D%0A+     setTesting(true);%0D%0A+     try {%0D%0A+       const res = await apiFetch('/api/ready');%0D%0A+       const data = await res.json().catch(() => ({}));%0D%0A+       const dbOk = Boolean(data?.checks?.database?.ok);%0D%0A+       setTestResults([%0D%0A+         { name: 'Database connectivity', status: dbOk ? 'PASS' : 'FAIL', details: dbOk ? `Responded in ${data.checks.database.latencyMs}ms` : data?.checks?.database?.error || 'Database unavailable' },%0D%0A+         { name: 'API reachability', status: 'PASS', details: `/api/ready responded HTTP ${res.status}` },%0D%0A+       ]);%0D%0A+     } catch (err) {%0D%0A+       console.error('Error running readiness check:', err);%0D%0A+       setTestResults([{ name: 'API reachability', status: 'FAIL', details: 'The readiness request itself failed' }]);%0D%0A+     } finally {%0D%0A+       setTesting(false);%0D%0A+     }%0D%0A+   };%0D%0A+ %0D%0A+   const handleOffboardTenant = async () => {%0D%0A+     if (!isOwner) { alert(`Your ${currentRole} role cannot offboard this workspace. Owner is required.`); return; }%0D%0A+     const confirmed = window.confirm(%0D%0A+       "CRITICAL SECURITY ALERT: Are you absolutely certain you want to offboard this tenant? This will cascade-delete all databases, software passports, compliance statuses, and credentials instantly from our PostgreSQL storage nodes. This action cannot be undone."%0D%0A+     );%0D%0A+     if (!confirmed) return;%0D%0A+ %0D%0A+     setOffboarding(true);%0D%0A+     try {%0D%0A+       const res = await apiFetch('/api/tenant/offboard', {%0D%0A+         method: 'POST',%0D%0A+       });%0D%0A+       if (res.ok) {%0D%0A+         alert("Offboarding complete. Your tenant profile and isolated workspaces have been purged from storage nodes.");%0D%0A+         localStorage.removeItem('msp_user');%0D%0A+         await auth.signOut().catch(() => {});%0D%0A+         window.location.reload();%0D%0A+       } else {%0D%0A+         const errorData = await res.json();%0D%0A+         alert(`Offboarding failed: ${errorData.error || 'Server error'}`);%0D%0A+       }%0D%0A+     } catch (err) {%0D%0A+       console.error('Failed to trigger tenant data offboarding:', err);%0D%0A+       alert('Network error while completing data purge.');%0D%0A+     } finally {%0D%0A+       setOffboarding(false);%0D%0A+     }%0D%0A+   };%0D%0A+ %0D%0A+   // No backend endpoint persists these fields (SLA target, MFA toggle, SSO%0D%0A+   // config, daily-scan cadence) — they are local component state only and%0D%0A+   // reset on reload/navigation. This used to show a "Portal configuration%0D%0A+   // updated!" success message that implied a real save; keep that claim%0D%0A+   // honest until real persistence exists rather than build a fake one.%0D%0A+   const handleSaveSettings = () => {%0D%0A+     setSaveSuccess(true);%0D%0A+     setTimeout(() => setSaveSuccess(false), 4000);%0D%0A+   };%0D%0A+ %0D%0A+   const activeBibleProduct = useMemo(() => {%0D%0A+     return bibleProducts.find(p => p.id === selectedBibleProductId) || bibleProducts[0];%0D%0A+   }, [bibleProducts, selectedBibleProductId]);%0D%0A+ %0D%0A+   const filteredBibleProducts = useMemo(() => {%0D%0A+     return bibleProducts.filter(bp => {%0D%0A+       const matchSearch = bp.name.toLowerCase().includes(bibleSearchQuery.toLowerCase()) ||%0D%0A+                           bp.type.toLowerCase().includes(bibleSearchQuery.toLowerCase()) ||%0D%0A+                           bp.complianceTarget.toLowerCase().includes(bibleSearchQuery.toLowerCase());%0D%0A+       const matchRisk = bibleFilterRisk === 'all' || bp.riskTier.toLowerCase() === bibleFilterRisk.toLowerCase();%0D%0A+       return matchSearch && matchRisk;%0D%0A+     });%0D%0A+   }, [bibleProducts, bibleSearchQuery, bibleFilterRisk]);%0D%0A+ %0D%0A+   const handleAddBibleProduct = (e: React.FormEvent) => {%0D%0A+     e.preventDefault();%0D%0A+     if (!newBpName || !newBpVersion) {%0D%0A+       alert('Please enter a product name and baseline secure version.');%0D%0A+       return;%0D%0A+     }%0D%0A+ %0D%0A+     const newProduct = {%0D%0A+       id: `pb-custom-${Date.now()}`,%0D%0A+       name: newBpName,%0D%0A+       type: newBpType,%0D%0A+       baselineSecureVersion: newBpVersion,%0D%0A+       allowedLicenses: newBpAllowedLics.split(',').map(s => s.trim()).filter(Boolean),%0D%0A+       disallowedLicenses: newBpDisallowedLics.split(',').map(s => s.trim()).filter(Boolean),%0D%0A+       riskTier: newBpRisk,%0D%0A+       complianceTarget: newBpCompliance || 'Standard Compliance Profile',%0D%0A+       safeguardPolicy: newBpSafeguard || 'Verify cryptographic signature and restrict host execution capabilities on staging.'%0D%0A+     };%0D%0A+ %0D%0A+     setBibleProducts(prev => [newProduct, ...prev]);%0D%0A+     setSelectedBibleProductId(newProduct.id);%0D%0A+     setShowAddBibleProduct(false);%0D%0A+ %0D%0A+     // Reset inputs%0D%0A+     setNewBpName('');%0D%0A+     setNewBpVersion('');%0D%0A+     setNewBpCompliance('');%0D%0A+     setNewBpSafeguard('');%0D%0A+   };%0D%0A+ %0D%0A+   const handleRunSandboxAudit = () => {%0D%0A+     let targetName = sandboxProduct;%0D%0A+     if (sandboxProduct === 'custom' && sandboxCustomName) {%0D%0A+       targetName = sandboxCustomName;%0D%0A+     }%0D%0A+ %0D%0A+     const matchedBp = bibleProducts.find(bp =>%0D%0A+       bp.name.toLowerCase() === targetName.toLowerCase() ||%0D%0A+       targetName.toLowerCase().includes(bp.name.toLowerCase())%0D%0A+     );%0D%0A+ %0D%0A+     let versionStatus: 'Compliant' | 'Warning' | 'Fail' = 'Compliant';%0D%0A+     let versionDetails = '';%0D%0A+ %0D%0A+     const inputVer = sandboxVersion.trim();%0D%0A+     if (!inputVer) {%0D%0A+       versionStatus = 'Warning';%0D%0A+       versionDetails = 'No version specified. Auditing engine cannot verify baseline standards.';%0D%0A+     } else if (matchedBp) {%0D%0A+       const baseline = matchedBp.baselineSecureVersion;%0D%0A+       const baselineNum = parseFloat(baseline.replace(/[^0-9.]/g, ''));%0D%0A+       const inputNum = parseFloat(inputVer.replace(/[^0-9.]/g, ''));%0D%0A+ %0D%0A+       if (!isNaN(baselineNum) && !isNaN(inputNum)) {%0D%0A+         if (inputNum < baselineNum) {%0D%0A+           versionStatus = 'Fail';%0D%0A+           versionDetails = `Ingested version v${inputVer} is older than the recommended secure baseline v${baseline}. Potential known CVE exposures exist!`;%0D%0A+         } else {%0D%0A+           versionStatus = 'Compliant';%0D%0A+           versionDetails = `Version v${inputVer} matches or exceeds secure baseline standards (v${baseline}).`;%0D%0A+         }%0D%0A+       } else {%0D%0A+         versionDetails = `Assumed compatible with baseline standards (Recommended baseline: v${baseline}).`;%0D%0A+       }%0D%0A+     } else {%0D%0A+       versionDetails = 'Unregistered custom software. Compliance baseline has not been defined in the Master Bible.';%0D%0A+     }%0D%0A+ %0D%0A+     let licenseStatus: 'Compliant' | 'Warning' | 'Fail' = 'Compliant';%0D%0A+     let licenseDetails = '';%0D%0A+ %0D%0A+     if (matchedBp) {%0D%0A+       const allowed = matchedBp.allowedLicenses.map((l: string) => l.toLowerCase());%0D%0A+       const disallowed = matchedBp.disallowedLicenses.map((l: string) => l.toLowerCase());%0D%0A+       const queryLic = sandboxLicense.trim().toLowerCase();%0D%0A+ %0D%0A+       if (disallowed.includes(queryLic)) {%0D%0A+         licenseStatus = 'Fail';%0D%0A+         licenseDetails = `License "${sandboxLicense}" is strictly prohibited for the enterprise by corporate policy. Refuse deployments.`;%0D%0A+       } else if (allowed.length > 0 && !allowed.includes(queryLic)) {%0D%0A+         licenseStatus = 'Warning';%0D%0A+         licenseDetails = `License "${sandboxLicense}" is not explicitly greenlisted in the Master Bible for ${matchedBp.name}. Legal review recommended.`;%0D%0A+       } else {%0D%0A+         licenseStatus = 'Compliant';%0D%0A+         licenseDetails = `License "${sandboxLicense}" matches greenlisted standards for this software class.`;%0D%0A+       }%0D%0A+     } else {%0D%0A+       const queryLic = sandboxLicense.trim().toLowerCase();%0D%0A+       if (['gpl-3.0', 'agpl-3.0', 'gpl-3.0-only', 'agpl-3.0-only', 'sspl-1.0'].includes(queryLic)) {%0D%0A+         licenseStatus = 'Fail';%0D%0A+         licenseDetails = `Copyleft license "${sandboxLicense}" detected. Deploying to commercial client clouds presents critical proprietary exposure risks.`;%0D%0A+       } else {%0D%0A+         licenseStatus = 'Compliant';%0D%0A+         licenseDetails = `License "${sandboxLicense}" is typical of standard permissible open-source software libraries.`;%0D%0A+       }%0D%0A+     }%0D%0A+ %0D%0A+     const complianceTarget = matchedBp ? matchedBp.complianceTarget : 'General NIST SP 800-53 Rev 5 / CIS Safeguards';%0D%0A+     const safeguardPolicy = matchedBp ? matchedBp.safeguardPolicy : 'Verify cryptographic signature (SLSA/Cosign), restrict container capabilities, and verify dependency CVE maps prior to operational staging.';%0D%0A+ %0D%0A+     let overallStatus: 'PASS' | 'WARN' | 'FAIL' = 'PASS';%0D%0A+     if (versionStatus === 'Fail' || licenseStatus === 'Fail') {%0D%0A+       overallStatus = 'FAIL';%0D%0A+     } else if (versionStatus === 'Warning' || licenseStatus === 'Warning') {%0D%0A+       overallStatus = 'WARN';%0D%0A+     }%0D%0A+ %0D%0A+     setSandboxReport({%0D%0A+       productName: targetName,%0D%0A+       version: inputVer || 'unknown',%0D%0A+       license: sandboxLicense,%0D%0A+       environment: sandboxEnv,%0D%0A+       overallStatus,%0D%0A+       versionStatus,%0D%0A+       versionDetails,%0D%0A+       licenseStatus,%0D%0A+       licenseDetails,%0D%0A+       complianceTarget,%0D%0A+       safeguardPolicy,%0D%0A+       timestamp: new Date().toISOString()%0D%0A+     });%0D%0A+   };%0D%0A+ %0D%0A+   return (%0D%0A+     <div className="space-y-4" id="msp-settings-view">%0D%0A+       {/* Page Header */}%0D%0A+       <div className="flex flex-col gap-3 sm:flex-row sm:items-center sm:justify-between">%0D%0A+         <div>%0D%0A+           <h1 className="text-[22px] font-semibold text-[#201f1e] flex items-center gap-2">%0D%0A+             <Settings className="h-4 w-4 text-[#0f6cbd]" />%0D%0A+             <span>Platform Settings & Compliance Bible</span>%0D%0A+           </h1>%0D%0A+           <p className="mt-1 text-[13px] text-[#605e5c]">%0D%0A+             Configure thresholds, SAML authentication gateways, operator sessions, and the master product security Bible.%0D%0A+           </p>%0D%0A+         </div>%0D%0A+ %0D%0A+         <button%0D%0A+           onClick={fetchAuthDataLedgers}%0D%0A+           disabled={loadingLedgers}%0D%0A+           className="inline-flex h-9 items-center gap-1.5 rounded border border-[#c8c6c4] px-3 text-[13px] font-medium text-[#323130] hover:bg-black/[.03] disabled:opacity-60"%0D%0A+         >%0D%0A+           <RefreshCw className={`h-3.5 w-3.5 ${loadingLedgers ? 'animate-spin' : ''}`} />%0D%0A+           <span>Sync Audits</span>%0D%0A+         </button>%0D%0A+       </div>%0D%0A+ %0D%0A+       {/* Sub-Tab Selector */}%0D%0A+       <div className="flex gap-1 border-b border-[#e1dfdd]">%0D%0A+         <button%0D%0A+           type="button"%0D%0A+           onClick={() => setActiveSubTab('configurations')}%0D%0A+           className={`flex items-center gap-1.5 px-3 py-2 text-[13px] font-medium border-b-2 -mb-px ${%0D%0A+             activeSubTab === 'configurations'%0D%0A+               ? 'border-[#0f6cbd] text-[#0f6cbd]'%0D%0A+               : 'border-transparent text-[#605e5c] hover:text-[#323130]'%0D%0A+           }`}%0D%0A+         >%0D%0A+           <Sliders className="h-3.5 w-3.5" />%0D%0A+           <span>Configurations</span>%0D%0A+         </button>%0D%0A+         <button%0D%0A+           type="button"%0D%0A+           onClick={() => setActiveSubTab('organization')}%0D%0A+           className={`flex items-center gap-1.5 px-3 py-2 text-[13px] font-medium border-b-2 -mb-px ${%0D%0A+             activeSubTab === 'organization'%0D%0A+               ? 'border-[#0f6cbd] text-[#0f6cbd]'%0D%0A+               : 'border-transparent text-[#605e5c] hover:text-[#323130]'%0D%0A+           }`}%0D%0A+         >%0D%0A+           <Layers className="h-3.5 w-3.5" />%0D%0A+           <span>Team & Profile</span>%0D%0A+         </button>%0D%0A+         <button%0D%0A+           type="button"%0D%0A+           onClick={() => setActiveSubTab('bible')}%0D%0A+           className={`flex items-center gap-1.5 px-3 py-2 text-[13px] font-medium border-b-2 -mb-px ${%0D%0A+             activeSubTab === 'bible'%0D%0A+               ? 'border-[#0f6cbd] text-[#0f6cbd]'%0D%0A+               : 'border-transparent text-[#605e5c] hover:text-[#323130]'%0D%0A+           }`}%0D%0A+         >%0D%0A+           <BookOpen className="h-3.5 w-3.5" />%0D%0A+           <span>Master Bible</span>%0D%0A+         </button>%0D%0A+       </div>%0D%0A+ %0D%0A+       {activeSubTab === 'configurations' ? (%0D%0A+         <div className="grid grid-cols-1 lg:grid-cols-3 gap-4">%0D%0A+           {/* Left Column: Core Preferences */}%0D%0A+           <div className="lg:col-span-2 space-y-4">%0D%0A+ %0D%0A+             <details className="rounded-md border border-[#e1dfdd] bg-[#faf9f8] text-[13px]">%0D%0A+               <summary className="cursor-pointer select-none px-3 py-2 font-medium text-[#323130]">What is this? &middot; How it works</summary>%0D%0A+               <div className="px-3 pb-3 text-[#605e5c]">%0D%0A+                 <p>Platform-wide thresholds, single sign-on, and session controls for this workspace.</p>%0D%0A+                 <ol className="mt-1.5 list-decimal space-y-0.5 pl-4">%0D%0A+                   <li>Set the trust score threshold that triggers alerts.</li>%0D%0A+                   <li>Configure the SAML identity provider your organization uses to sign in.</li>%0D%0A+                   <li>Review and revoke active operator sessions if needed.</li>%0D%0A+                 </ol>%0D%0A+               </div>%0D%0A+             </details>%0D%0A+ %0D%0A+             {/* General platform settings card */}%0D%0A+             <div className="rounded-md border border-[#e1dfdd] bg-white p-4 space-y-3">%0D%0A+               <h3 className="flex items-center gap-1.5 border-b border-[#e1dfdd] pb-2 text-[14px] font-semibold text-[#201f1e]">%0D%0A+                 <Sliders className="h-4 w-4 text-[#0f6cbd]" />%0D%0A+                 <span>General platform parameters</span>%0D%0A+               </h3>%0D%0A+ %0D%0A+               <div className="space-y-3 text-[13px]">%0D%0A+                 <div className="flex flex-col gap-1">%0D%0A+                   <label className="font-medium text-[#323130]">Audit trust SLA target threshold (score)</label>%0D%0A+                   <div className="flex items-center gap-2">%0D%0A+                     <input%0D%0A+                       type="range"%0D%0A+                       min="60"%0D%0A+                       max="98"%0D%0A+                       value={slaTarget}%0D%0A+                       onChange={(e) => setSlaTarget(Number(e.target.value))}%0D%0A+                       className="h-1.5 flex-1 cursor-pointer accent-[#0f6cbd]"%0D%0A+                     />%0D%0A+                     <span className="rounded border border-[#c8c6c4] bg-[#eff6fc] px-2 py-1 font-medium text-[#0f6cbd]">%0D%0A+                       {slaTarget}/100%0D%0A+                     </span>%0D%0A+                   </div>%0D%0A+                   <p className="text-[12px] text-[#605e5c]">Alerts are compiled if a software passport overall rating drops below this value.</p>%0D%0A+                 </div>%0D%0A+ %0D%0A+                 <div className="flex items-center justify-between gap-4 border-t border-[#e1dfdd] pt-3">%0D%0A+                   <div>%0D%0A+                     <span className="block font-medium text-[#323130]">Enable automated daily recalculation scans</span>%0D%0A+                     <p className="text-[12px] text-[#605e5c]">Automatically scan active client software inventory on CVE database updates.</p>%0D%0A+                   </div>%0D%0A+                   <input%0D%0A+                     type="checkbox"%0D%0A+                     defaultChecked%0D%0A+                     className="h-4 w-4 rounded border-[#c8c6c4] text-[#0f6cbd] focus:ring-[#0f6cbd]"%0D%0A+                   />%0D%0A+                 </div>%0D%0A+               </div>%0D%0A+             </div>%0D%0A+ %0D%0A+             {/* Theme & Interface Customization Card */}%0D%0A+             <div className="rounded-md border border-[#e1dfdd] bg-white p-4 space-y-3">%0D%0A+               <h3 className="flex items-center gap-1.5 border-b border-[#e1dfdd] pb-2 text-[14px] font-semibold text-[#201f1e]">%0D%0A+                 <Sun className="h-4 w-4 text-[#0f6cbd]" />%0D%0A+                 <span>Theme & interface</span>%0D%0A+               </h3>%0D%0A+ %0D%0A+               <div className="space-y-3 text-[13px]">%0D%0A+                 <div className="flex flex-col gap-1">%0D%0A+                   <span className="font-medium text-[#323130]">Active theme preference</span>%0D%0A+                   <p className="text-[12px] text-[#605e5c]">Choose between a light interface or a dark interface for operating centers.</p>%0D%0A+                 </div>%0D%0A+ %0D%0A+                 <div className="grid grid-cols-2 gap-2">%0D%0A+                   <button%0D%0A+                     type="button"%0D%0A+                     onClick={() => theme === 'dark' && onToggleTheme()}%0D%0A+                     className={`flex h-9 items-center justify-center gap-2 rounded border text-[13px] font-medium ${%0D%0A+                       theme === 'light'%0D%0A+                         ? 'border-[#0f6cbd] bg-[#eff6fc] text-[#0f6cbd]'%0D%0A+                         : 'border-[#c8c6c4] text-[#323130] hover:bg-black/[.03]'%0D%0A+                     }`}%0D%0A+                   >%0D%0A+                     <Sun className="h-3.5 w-3.5" />%0D%0A+                     <span>Light mode</span>%0D%0A+                   </button>%0D%0A+ %0D%0A+                   <button%0D%0A+                     type="button"%0D%0A+                     onClick={() => theme === 'light' && onToggleTheme()}%0D%0A+                     className={`flex h-9 items-center justify-center gap-2 rounded border text-[13px] font-medium ${%0D%0A+                       theme === 'dark'%0D%0A+                         ? 'border-[#0f6cbd] bg-[#eff6fc] text-[#0f6cbd]'%0D%0A+                         : 'border-[#c8c6c4] text-[#323130] hover:bg-black/[.03]'%0D%0A+                     }`}%0D%0A+                   >%0D%0A+                     <Moon className="h-3.5 w-3.5" />%0D%0A+                     <span>Dark mode</span>%0D%0A+                   </button>%0D%0A+                 </div>%0D%0A+               </div>%0D%0A+             </div>%0D%0A+ %0D%0A+             {/* SAML SSO Configuration Card */}%0D%0A+             <div className="rounded-md border border-[#e1dfdd] bg-white p-4 space-y-3">%0D%0A+               <h3 className="flex items-center gap-1.5 border-b border-[#e1dfdd] pb-2 text-[14px] font-semibold text-[#201f1e]">%0D%0A+                 <Globe className="h-4 w-4 text-[#0f6cbd]" />%0D%0A+                 <span>Enterprise SAML / SSO integration</span>%0D%0A+               </h3>%0D%0A+ %0D%0A+               <div className="space-y-3 text-[13px]">%0D%0A+                 <div className="flex items-center justify-between gap-4">%0D%0A+                   <div>%0D%0A+                     <span className="block font-medium text-[#323130]">SAML SSO access gate</span>%0D%0A+                     <p className="text-[12px] text-[#605e5c]">Redirect unauthenticated corporate domains to the unified identity provider (IdP).</p>%0D%0A+                   </div>%0D%0A+                   <button%0D%0A+                     onClick={() => setSsoEnabled(!ssoEnabled)}%0D%0A+                     className={`inline-flex h-8 items-center gap-1.5 rounded border px-2.5 text-[12px] font-medium ${%0D%0A+                       ssoEnabled ? 'border-[#c8c6c4] bg-[#dff6dd] text-[#0e700e]' : 'border-[#c8c6c4] bg-[#f3f2f1] text-[#605e5c]'%0D%0A+                     }`}%0D%0A+                   >%0D%0A+                     <span className={`h-1.5 w-1.5 rounded-full ${ssoEnabled ? 'bg-[#0e700e]' : 'bg-[#8a8886]'}`} />%0D%0A+                     {ssoEnabled ? 'SSO active' : 'SSO inactive'}%0D%0A+                   </button>%0D%0A+                 </div>%0D%0A+ %0D%0A+                 <div className="grid grid-cols-1 gap-3 border-t border-[#e1dfdd] pt-3 md:grid-cols-2">%0D%0A+                   <div>%0D%0A+                     <label className="mb-1 block text-[12px] font-medium text-[#605e5c]">Corporate identity provider</label>%0D%0A+                     <input%0D%0A+                       type="text"%0D%0A+                       value={ssoProvider}%0D%0A+                       onChange={(e) => setSsoProvider(e.target.value)}%0D%0A+                       className="h-9 w-full rounded border border-[#c8c6c4] px-2.5 text-[13px] focus:border-[#0f6cbd] focus:outline-none focus:ring-1 focus:ring-[#0f6cbd]"%0D%0A+                     />%0D%0A+                   </div>%0D%0A+                   <div>%0D%0A+                     <label className="mb-1 block text-[12px] font-medium text-[#605e5c]">Client ID / issuer URL</label>%0D%0A+                     <input%0D%0A+                       type="text"%0D%0A+                       value={ssoClientId}%0D%0A+                       onChange={(e) => setSsoClientId(e.target.value)}%0D%0A+                       className="h-9 w-full rounded border border-[#c8c6c4] px-2.5 font-mono text-[13px] focus:border-[#0f6cbd] focus:outline-none focus:ring-1 focus:ring-[#0f6cbd]"%0D%0A+                     />%0D%0A+                   </div>%0D%0A+                   <div className="md:col-span-2">%0D%0A+                     <label className="mb-1 block text-[12px] font-medium text-[#605e5c]">SAML 2.0 metadata XML endpoint URL</label>%0D%0A+                     <input%0D%0A+                       type="text"%0D%0A+                       value={ssoMetadataUrl}%0D%0A+                       onChange={(e) => setSsoMetadataUrl(e.target.value)}%0D%0A+                       className="h-9 w-full rounded border border-[#c8c6c4] px-2.5 font-mono text-[13px] focus:border-[#0f6cbd] focus:outline-none focus:ring-1 focus:ring-[#0f6cbd]"%0D%0A+                     />%0D%0A+                   </div>%0D%0A+                 </div>%0D%0A+               </div>%0D%0A+             </div>%0D%0A+ %0D%0A+             {/* Active Sessions Monitoring Ledger */}%0D%0A+             <div className="rounded-md border border-[#e1dfdd] bg-white p-4 space-y-3">%0D%0A+               <h3 className="flex items-center justify-between border-b border-[#e1dfdd] pb-2 text-[14px] font-semibold text-[#201f1e]">%0D%0A+                 <span className="flex items-center gap-1.5">%0D%0A+                   <Lock className="h-4 w-4 text-[#0f6cbd]" />%0D%0A+                   <span>Active operator sessions</span>%0D%0A+                 </span>%0D%0A+                 <span className="rounded border border-[#c8c6c4] bg-[#eff6fc] px-2 py-0.5 text-[12px] font-medium text-[#0f6cbd]">%0D%0A+                   {sessions.length} active%0D%0A+                 </span>%0D%0A+               </h3>%0D%0A+ %0D%0A+               <div className="overflow-x-auto">%0D%0A+                 <table className="w-full border-collapse text-left text-[13px]">%0D%0A+                   <thead>%0D%0A+                     <tr className="border-b border-[#e1dfdd] text-[11px] uppercase tracking-wide text-[#605e5c]">%0D%0A+                       <th className="py-2 font-medium">User / identity</th>%0D%0A+                       <th className="py-2 font-medium">IP address</th>%0D%0A+                       <th className="py-2 font-medium">Device & location</th>%0D%0A+                       <th className="py-2 text-right font-medium">Actions</th>%0D%0A+                     </tr>%0D%0A+                   </thead>%0D%0A+                   <tbody>%0D%0A+                     {sessions.map((sess) => (%0D%0A+                       <tr key={sess.id} className="border-b border-[#f3f2f1] hover:bg-black/[.02]">%0D%0A+                         <td className="py-2.5 pr-2 font-medium text-[#201f1e]">%0D%0A+                           {sess.email}%0D%0A+                           {sess.current && (%0D%0A+                             <span className="ml-2 rounded border border-[#c8c6c4] bg-[#dff6dd] px-1.5 py-0.5 text-[11px] font-medium text-[#0e700e]">%0D%0A+                               Current%0D%0A+                             </span>%0D%0A+                           )}%0D%0A+                         </td>%0D%0A+                         <td className="py-2.5 font-mono text-[#605e5c]">{sess.ip}</td>%0D%0A+                         <td className="py-2.5 text-[#605e5c]">%0D%0A+                           <span className="block">{sess.device}</span>%0D%0A+                           <span className="text-[12px] text-[#8a8886]">{sess.location}</span>%0D%0A+                         </td>%0D%0A+                         <td className="py-2.5 text-right">%0D%0A+                           {!sess.current && (%0D%0A+                             <button%0D%0A+                               onClick={() => handleRevokeSession(sess.id)}%0D%0A+                               className="rounded p-1.5 text-[#a4262c] hover:bg-[#fdf2f2]"%0D%0A+                               title="Revoke session and force termination"%0D%0A+                             >%0D%0A+                               <Trash2 className="h-3.5 w-3.5" />%0D%0A+                             </button>%0D%0A+                           )}%0D%0A+                         </td>%0D%0A+                       </tr>%0D%0A+                     ))}%0D%0A+                     {sessions.length === 0 && (%0D%0A+                       <tr>%0D%0A+                         <td colSpan={4} className="py-4 text-center text-[#8a8886]">%0D%0A+                           No active sessions identified.%0D%0A+                         </td>%0D%0A+                       </tr>%0D%0A+                     )}%0D%0A+                   </tbody>%0D%0A+                 </table>%0D%0A+               </div>%0D%0A+             </div>%0D%0A+ %0D%0A+             {/* Cryptographically Chained Audit Ledger visualization */}%0D%0A+             <div className="rounded-md border border-[#e1dfdd] bg-white p-4 space-y-3">%0D%0A+               <div className="flex items-center justify-between border-b border-[#e1dfdd] pb-2">%0D%0A+                 <h3 className="flex items-center gap-1.5 text-[14px] font-semibold text-[#201f1e]">%0D%0A+                   <FileCode className="h-4 w-4 text-[#0f6cbd]" />%0D%0A+                   <span>Cryptographic audit ledger</span>%0D%0A+                 </h3>%0D%0A+                 <span className="inline-flex items-center gap-1.5 rounded border border-[#c8c6c4] bg-[#dff6dd] px-2 py-0.5 text-[12px] font-medium text-[#0e700e]">%0D%0A+                   <span className="h-1.5 w-1.5 rounded-full bg-[#0e700e]" />%0D%0A+                   Tamper-proof, SLA verified%0D%0A+                 </span>%0D%0A+               </div>%0D%0A+ %0D%0A+               <p className="text-[13px] text-[#605e5c]">%0D%0A+                 Every critical login event and administrative action is recorded into a secure hash chain. Each block references the SHA-256 hash of its predecessor, creating an unalterable audit trail.%0D%0A+               </p>%0D%0A+ %0D%0A+               {/* Integrity Scanner Trigger */}%0D%0A+               <div className="flex flex-wrap items-center gap-2">%0D%0A+                 <button%0D%0A+                   type="button"%0D%0A+                   onClick={handleVerifyLedger}%0D%0A+                   disabled={verifyingLedger}%0D%0A+                   className="inline-flex h-9 items-center gap-2 rounded bg-[#0f6cbd] px-3 text-[13px] font-medium text-white hover:bg-[#004578] disabled:opacity-60"%0D%0A+                 >%0D%0A+                   {verifyingLedger ? (%0D%0A+                     <>%0D%0A+                       <svg className="h-3.5 w-3.5 animate-spin text-white" fill="none" viewBox="0 0 24 24">%0D%0A+                         <circle className="opacity-25" cx="12" cy="12" r="10" stroke="currentColor" strokeWidth="4" />%0D%0A+                         <path className="opacity-75" fill="currentColor" d="M4 12a8 8 0 018-8V0C5.373 0 0 5.373 0 12h4zm2 5.291A7.962 7.962 0 014 12H0c0 3.042 1.135 5.824 3 7.938l3-2.647z" />%0D%0A+                       </svg>%0D%0A+                       <span>Verifying ledger…</span>%0D%0A+                     </>%0D%0A+                   ) : (%0D%0A+                     <>%0D%0A+                       <CheckCircle2 className="h-3.5 w-3.5" />%0D%0A+                       <span>Verify chain integrity</span>%0D%0A+                     </>%0D%0A+                   )}%0D%0A+                 </button>%0D%0A+                 {verificationResult && (%0D%0A+                   <button%0D%0A+                     type="button"%0D%0A+                     onClick={() => setVerificationResult(null)}%0D%0A+                     className="inline-flex h-9 items-center rounded border border-[#c8c6c4] px-3 text-[13px] font-medium text-[#323130] hover:bg-black/[.03]"%0D%0A+                   >%0D%0A+                     Clear report%0D%0A+                   </button>%0D%0A+                 )}%0D%0A+               </div>%0D%0A+ %0D%0A+               {/* Dynamic Verification Report */}%0D%0A+               {verificationResult && (%0D%0A+                 <div className={`space-y-2 rounded-md border p-3 text-[13px] ${%0D%0A+                   verificationResult.isValid%0D%0A+                     ? 'border-[#c8c6c4] bg-[#dff6dd] text-[#0e700e]'%0D%0A+                     : 'border-[#c8c6c4] bg-[#fdf2f2] text-[#a4262c]'%0D%0A+                 }`}>%0D%0A+                   <div className="flex items-center justify-between">%0D%0A+                     <span className="flex items-center gap-1.5 text-[12px] font-semibold uppercase tracking-wide">%0D%0A+                       {verificationResult.isValid ? (%0D%0A+                         <CheckCircle2 className="h-4 w-4 shrink-0" />%0D%0A+                       ) : (%0D%0A+                         <AlertCircle className="h-4 w-4 shrink-0" />%0D%0A+                       )}%0D%0A+                       <span>Ledger attestation report</span>%0D%0A+                     </span>%0D%0A+                     <span className="text-[11px] text-[#605e5c]">%0D%0A+                       Verified at {new Date(verificationResult.verifiedAt).toLocaleTimeString()}%0D%0A+                     </span>%0D%0A+                   </div>%0D%0A+                   <p className="text-[13px] leading-relaxed">%0D%0A+                     {verificationResult.isValid%0D%0A+                       ? `Checked sequential block hash connections across all ${verificationResult.totalBlocksVerified} audit ledger records. No database tampering, row injection, or signature modifications were identified.`%0D%0A+                       : `Ledger validation check failed. Cryptographic hash mismatch or missing blocks. ${verificationResult.error || 'Please contact the system security administrator immediately.'}`}%0D%0A+                   </p>%0D%0A+ %0D%0A+                   {/* Verified Blocks Scrollable List */}%0D%0A+                   {verificationResult.details && verificationResult.details.length > 0 && (%0D%0A+                     <div className="max-h-40 space-y-1.5 overflow-y-auto rounded border border-[#e1dfdd] bg-white p-2.5 font-mono text-[11px]">%0D%0A+                       <div className="mb-1.5 border-b border-[#e1dfdd] pb-1 text-[11px] font-medium uppercase text-[#605e5c]">%0D%0A+                         Cryptographic signatures checked%0D%0A+                       </div>%0D%0A+                       {verificationResult.details.map((vBlock: any, vIdx: number) => (%0D%0A+                         <div key={vIdx} className="flex items-center justify-between gap-2">%0D%0A+                           <div className="truncate text-[#605e5c]">%0D%0A+                             Block #{vBlock.id} ({vBlock.action}):%0D%0A+                             <span className="ml-1 select-all text-[#8a8886]">{vBlock.storedHash.substring(0, 16)}...</span>%0D%0A+                           </div>%0D%0A+                           <span className={`shrink-0 rounded px-1.5 py-0.5 text-[11px] font-medium ${%0D%0A+                             vBlock.valid%0D%0A+                               ? 'bg-[#dff6dd] text-[#0e700e]'%0D%0A+                               : 'bg-[#fdf2f2] text-[#a4262c]'%0D%0A+                           }`}>%0D%0A+                             {vBlock.valid ? 'Verified' : 'Corrupt'}%0D%0A+                           </span>%0D%0A+                         </div>%0D%0A+                       ))}%0D%0A+                     </div>%0D%0A+                   )}%0D%0A+                 </div>%0D%0A+               )}%0D%0A+ %0D%0A+               <div className="space-y-2">%0D%0A+                 {auditChain.length === 0 && <p className="text-[13px] text-[#8a8886]">No audit events recorded yet.</p>}%0D%0A+                 {auditChain.slice(0, 3).map((blockObj, idx) => (%0D%0A+                   <div key={idx} className="relative space-y-1 rounded-md border border-[#e1dfdd] bg-[#faf9f8] p-3 font-mono text-[11px] text-[#605e5c]">%0D%0A+                     <div className="absolute right-2 top-2 rounded bg-[#f3f2f1] px-1.5 py-0.5 text-[11px] font-medium text-[#605e5c]">%0D%0A+                       Block #{auditChain.length - 1 - idx}%0D%0A+                     </div>%0D%0A+                     <div className="flex gap-2">%0D%0A+                       <span className="font-medium uppercase text-[#0f6cbd]">Event:</span>%0D%0A+                       <span className="font-medium text-[#201f1e]">%0D%0A+                         {blockObj.block?.actionType || blockObj.block?.action || 'Genesis node initiated'}%0D%0A+                       </span>%0D%0A+                     </div>%0D%0A+                     {blockObj.block?.userEmail && (%0D%0A+                       <div className="flex gap-2">%0D%0A+                         <span className="text-[#8a8886]">Identity:</span>%0D%0A+                         <span className="font-medium text-[#323130]">{blockObj.block?.userEmail}</span>%0D%0A+                       </div>%0D%0A+                     )}%0D%0A+                     <div className="space-y-0.5">%0D%0A+                       <div className="flex gap-2 truncate">%0D%0A+                         <span className="shrink-0 font-medium uppercase text-[#8a8886]">Block hash:</span>%0D%0A+                         <span className="select-all truncate text-[#0f6cbd]">{blockObj.hash}</span>%0D%0A+                       </div>%0D%0A+                       <div className="flex gap-2 truncate">%0D%0A+                         <span className="shrink-0 uppercase text-[#8a8886]">Prev hash:</span>%0D%0A+                         <span className="select-all truncate text-[#605e5c]">{blockObj.previousHash}</span>%0D%0A+                       </div>%0D%0A+                     </div>%0D%0A+                   </div>%0D%0A+                 ))}%0D%0A+               </div>%0D%0A+             </div>%0D%0A+ %0D%0A+             {/* Security Credentials settings */}%0D%0A+             <div className="rounded-md border border-[#e1dfdd] bg-white p-4 space-y-3">%0D%0A+               <h3 className="flex items-center gap-1.5 border-b border-[#e1dfdd] pb-2 text-[14px] font-semibold text-[#201f1e]">%0D%0A+                 <KeyRound className="h-4 w-4 text-[#0f6cbd]" />%0D%0A+                 <span>Operator authentication & security keys</span>%0D%0A+               </h3>%0D%0A+ %0D%0A+               <div className="space-y-3 text-[13px]">%0D%0A+                 <div className="flex items-center justify-between gap-4">%0D%0A+                   <div>%0D%0A+                     <span className="block font-medium text-[#323130]">Enforce multi-factor authentication (MFA)</span>%0D%0A+                     <p className="text-[12px] text-[#605e5c]">All MSP users must provide TOTP codes on logon.</p>%0D%0A+                   </div>%0D%0A+                   <button%0D%0A+                     onClick={() => setMfaEnabled(!mfaEnabled)}%0D%0A+                     className={`inline-flex h-8 items-center gap-1.5 rounded border px-2.5 text-[12px] font-medium ${%0D%0A+                       mfaEnabled ? 'border-[#c8c6c4] bg-[#dff6dd] text-[#0e700e]' : 'border-[#c8c6c4] bg-[#f3f2f1] text-[#605e5c]'%0D%0A+                     }`}%0D%0A+                   >%0D%0A+                     <span className={`h-1.5 w-1.5 rounded-full ${mfaEnabled ? 'bg-[#0e700e]' : 'bg-[#8a8886]'}`} />%0D%0A+                     {mfaEnabled ? 'MFA enabled' : 'MFA disabled'}%0D%0A+                   </button>%0D%0A+                 </div>%0D%0A+ %0D%0A+                 <div className="flex items-center justify-between gap-4 border-t border-[#e1dfdd] pt-3">%0D%0A+                   <div>%0D%0A+                     <span className="block font-medium text-[#323130]">Cryptographic PGP auditing key (private)</span>%0D%0A+                     <p className="text-[12px] text-[#605e5c]">Used for signing generated software passports and audit attestations.</p>%0D%0A+                   </div>%0D%0A+                   <button className="inline-flex h-8 items-center rounded border border-[#c8c6c4] px-3 text-[13px] font-medium text-[#323130] hover:bg-black/[.03]">%0D%0A+                     Regenerate sign key%0D%0A+                   </button>%0D%0A+                 </div>%0D%0A+ %0D%0A+                 <div className="flex items-center justify-between gap-4 rounded-md border border-[#a4262c]/30 bg-[#fdf2f2] p-3">%0D%0A+                   <div>%0D%0A+                     <span className="flex items-center gap-1.5 font-semibold text-[#a4262c]">%0D%0A+                       <Shield className="h-3.5 w-3.5" /> Tenant offboarding & data deletion (DPA compliance)%0D%0A+                     </span>%0D%0A+                     <p className="mt-1 text-[12px] text-[#605e5c]">%0D%0A+                       Cascading-delete all client lists, passports, vulnerability logs, and active integrations. This action is immediate and irreversible under GDPR/DPA compliance standards.%0D%0A+                     </p>%0D%0A+                   </div>%0D%0A+                   <button%0D%0A+                     onClick={handleOffboardTenant}%0D%0A+                     disabled={!isOwner || offboarding}%0D%0A+                     title={!isOwner ? `Your ${currentRole} role cannot offboard this workspace. Owner is required.` : undefined}%0D%0A+                     className="inline-flex h-9 shrink-0 items-center rounded bg-[#a4262c] px-3 text-[13px] font-medium text-white hover:bg-[#8a1f24] disabled:cursor-not-allowed disabled:opacity-50"%0D%0A+                   >%0D%0A+                     {offboarding ? 'Purging…' : 'Offboard workspace'}%0D%0A+                   </button>%0D%0A+                 </div>%0D%0A+               </div>%0D%0A+             </div>%0D%0A+ %0D%0A+             <div className="flex items-center justify-end gap-3">%0D%0A+               {saveSuccess && (%0D%0A+                 <span className="flex items-center gap-1.5 text-[12px] font-medium text-[#8a5700]">%0D%0A+                   <CheckCircle className="h-3.5 w-3.5" />%0D%0A+                   <span>Not saved to a server — these fields are local to this browser session only.</span>%0D%0A+                 </span>%0D%0A+               )}%0D%0A+               <button%0D%0A+                 onClick={handleSaveSettings}%0D%0A+                 title="These settings are not persisted to a backend yet."%0D%0A+                 className="inline-flex h-9 items-center rounded bg-[#0f6cbd] px-4 text-[13px] font-medium text-white hover:bg-[#004578]"%0D%0A+               >%0D%0A+                 Save platform settings%0D%0A+               </button>%0D%0A+             </div>%0D%0A+           </div>%0D%0A+ %0D%0A+           {/* Right Column: Information panel & Live CI/CD Diagnostics */}%0D%0A+           <div className="space-y-4">%0D%0A+ %0D%0A+             {/* Active Login Audit Trail Panel */}%0D%0A+             <div className="rounded-md border border-[#e1dfdd] bg-white p-4 space-y-3">%0D%0A+               <h3 className="flex items-center gap-1.5 border-b border-[#e1dfdd] pb-2 text-[14px] font-semibold text-[#201f1e]">%0D%0A+                 <Fingerprint className="h-4 w-4 text-[#0f6cbd]" />%0D%0A+                 <span>Real-time login audit trail</span>%0D%0A+               </h3>%0D%0A+ %0D%0A+               <div className="max-h-72 space-y-2 overflow-y-auto">%0D%0A+                 {history.map((log) => (%0D%0A+                   <div key={log.id} className="space-y-1 rounded-md border border-[#e1dfdd] bg-[#faf9f8] p-2.5 text-[12px]">%0D%0A+                     <div className="flex items-center justify-between">%0D%0A+                       <span className="max-w-36 truncate font-medium text-[#323130]">{log.email}</span>%0D%0A+                       <span className={`rounded px-1.5 py-0.5 text-[11px] font-medium ${%0D%0A+                         log.status === 'Verified' ? 'bg-[#dff6dd] text-[#0e700e]' : 'bg-[#fdf2f2] text-[#a4262c]'%0D%0A+                       }`}>%0D%0A+                         {log.status}%0D%0A+                       </span>%0D%0A+                     </div>%0D%0A+                     <div className="text-[#605e5c]">%0D%0A+                       <span className="block">{log.action}</span>%0D%0A+                       <span className="mt-0.5 block text-[11px] text-[#8a8886]">{new Date(log.timestamp).toLocaleString()}</span>%0D%0A+                     </div>%0D%0A+                     <div className="flex justify-between border-t border-[#e1dfdd] pt-1 text-[11px] text-[#8a8886]">%0D%0A+                       <span>IP: {log.ip}</span>%0D%0A+                       <span>Loc: {log.location}</span>%0D%0A+                     </div>%0D%0A+                   </div>%0D%0A+                 ))}%0D%0A+                 {history.length === 0 && (%0D%0A+                   <p className="py-4 text-center text-[13px] text-[#8a8886]">No audit logs identified.</p>%0D%0A+                 )}%0D%0A+               </div>%0D%0A+             </div>%0D%0A+ %0D%0A+             <div className="rounded-md border border-[#e1dfdd] bg-white p-4 space-y-3">%0D%0A+               <h3 className="flex items-center gap-1.5 border-b border-[#e1dfdd] pb-2 text-[14px] font-semibold text-[#201f1e]">%0D%0A+                 <Shield className="h-4 w-4 text-[#8a8886]" />%0D%0A+                 <span>Platform pedigree coordinates</span>%0D%0A+               </h3>%0D%0A+ %0D%0A+               <div className="space-y-2 text-[13px] text-[#605e5c]">%0D%0A+                 <div className="flex justify-between border-b border-[#f3f2f1] pb-1.5">%0D%0A+                   <span>Portal service</span>%0D%0A+                   <span className="font-medium text-[#323130]">SPR-CORE-VM</span>%0D%0A+                 </div>%0D%0A+                 <div className="flex justify-between border-b border-[#f3f2f1] pb-1.5">%0D%0A+                   <span>Compilation</span>%0D%0A+                   <span className="font-medium text-[#323130]">Docker prod v2.4</span>%0D%0A+                 </div>%0D%0A+                 <div className="flex justify-between pb-1.5">%0D%0A+                   <span>SLA compliance</span>%0D%0A+                   <span className="font-medium text-[#0e700e]">99.98%25</span>%0D%0A+                 </div>%0D%0A+               </div>%0D%0A+             </div>%0D%0A+ %0D%0A+             <div className="rounded-md border border-[#e1dfdd] bg-white p-4 space-y-3">%0D%0A+               <h3 className="flex items-center gap-1.5 border-b border-[#e1dfdd] pb-2 text-[14px] font-semibold text-[#201f1e]">%0D%0A+                 <CheckCircle className="h-4 w-4 text-[#0e700e]" />%0D%0A+                 <span>Readiness diagnostics</span>%0D%0A+               </h3>%0D%0A+               <p className="text-[13px] text-[#605e5c]">%0D%0A+                 Checks live database connectivity via the same /api/ready probe an orchestrator uses. This does not verify row-level isolation, OAuth handshakes, or API quota — those have no self-check endpoint yet.%0D%0A+               </p>%0D%0A+ %0D%0A+               <button%0D%0A+                 onClick={runDiagnosticSuite}%0D%0A+                 disabled={testing}%0D%0A+                 className="h-9 w-full rounded border border-[#c8c6c4] text-[13px] font-medium text-[#323130] hover:bg-black/[.03] disabled:opacity-60"%0D%0A+               >%0D%0A+                 {testing ? 'Checking…' : 'Check readiness'}%0D%0A+               </button>%0D%0A+ %0D%0A+               {testResults.length > 0 && (%0D%0A+                 <div className="space-y-2 border-t border-[#e1dfdd] pt-2">%0D%0A+                   {testResults.map((t: any, idx: number) => (%0D%0A+                     <div key={idx} className="space-y-0.5 text-[12px]">%0D%0A+                       <div className="flex items-center justify-between">%0D%0A+                         <span className="font-medium text-[#323130]">{t.name}</span>%0D%0A+                         <span className={`rounded px-1.5 py-0.5 text-[11px] font-medium ${%0D%0A+                           t.status === 'PASS' ? 'bg-[#dff6dd] text-[#0e700e]' : 'bg-[#fdf2f2] text-[#a4262c]'%0D%0A+                         }`}>%0D%0A+                           {t.status}%0D%0A+                         </span>%0D%0A+                       </div>%0D%0A+                       <p className="leading-snug text-[#605e5c]">{t.details}</p>%0D%0A+                     </div>%0D%0A+                   ))}%0D%0A+                 </div>%0D%0A+               )}%0D%0A+             </div>%0D%0A+           </div>%0D%0A+         </div>%0D%0A+       ) : activeSubTab === 'organization' ? (%0D%0A+         <div className="grid grid-cols-1 lg:grid-cols-3 gap-4">%0D%0A+           {/* Profile Management Section */}%0D%0A+           <div className="lg:col-span-1 space-y-4">%0D%0A+             <div className="rounded-md border border-[#e1dfdd] bg-white p-4 space-y-3">%0D%0A+               <h3 className="flex items-center gap-1.5 border-b border-[#e1dfdd] pb-2 text-[14px] font-semibold text-[#201f1e]">%0D%0A+                 <Sliders className="h-4 w-4 text-[#0f6cbd]" />%0D%0A+                 <span>User profile credentials</span>%0D%0A+               </h3>%0D%0A+ %0D%0A+               {teamError && (%0D%0A+                 <div className="flex gap-2 rounded-md border border-[#a4262c]/30 bg-[#fdf2f2] p-3 text-[13px] text-[#a4262c]">%0D%0A+                   <ShieldAlert className="h-3.5 w-3.5 shrink-0" />%0D%0A+                   <p>{teamError}</p>%0D%0A+                 </div>%0D%0A+               )}%0D%0A+ %0D%0A+               {teamSuccess && (%0D%0A+                 <div className="flex gap-2 rounded-md border border-[#0e700e]/30 bg-[#dff6dd] p-3 text-[13px] text-[#0e700e]">%0D%0A+                   <CheckCircle2 className="h-3.5 w-3.5 shrink-0" />%0D%0A+                   <p>{teamSuccess}</p>%0D%0A+                 </div>%0D%0A+               )}%0D%0A+ %0D%0A+               {editingProfile ? (%0D%0A+                 <form onSubmit={handleSaveProfile} className="space-y-3">%0D%0A+                   <div className="flex flex-col gap-1">%0D%0A+                     <label className="text-[12px] font-medium text-[#605e5c]">Display name</label>%0D%0A+                     <input%0D%0A+                       type="text"%0D%0A+                       required%0D%0A+                       value={profileName}%0D%0A+                       onChange={(e) => setProfileName(e.target.value)}%0D%0A+                       className="h-9 w-full rounded border border-[#c8c6c4] px-2.5 text-[13px] focus:border-[#0f6cbd] focus:outline-none focus:ring-1 focus:ring-[#0f6cbd]"%0D%0A+                     />%0D%0A+                   </div>%0D%0A+ %0D%0A+                   <div className="flex flex-col gap-1">%0D%0A+                     <label className="text-[12px] font-medium text-[#605e5c]">Corporate job title</label>%0D%0A+                     <input%0D%0A+                       type="text"%0D%0A+                       required%0D%0A+                       value={profileJobTitle}%0D%0A+                       onChange={(e) => setProfileJobTitle(e.target.value)}%0D%0A+                       className="h-9 w-full rounded border border-[#c8c6c4] px-2.5 text-[13px] focus:border-[#0f6cbd] focus:outline-none focus:ring-1 focus:ring-[#0f6cbd]"%0D%0A+                     />%0D%0A+                   </div>%0D%0A+ %0D%0A+                   <div className="flex flex-col gap-1">%0D%0A+                     <label className="text-[12px] font-medium text-[#605e5c]">Organization name</label>%0D%0A+                     <input%0D%0A+                       type="text"%0D%0A+                       required%0D%0A+                       value={profileCompany}%0D%0A+                       onChange={(e) => setProfileCompany(e.target.value)}%0D%0A+                       className="h-9 w-full rounded border border-[#c8c6c4] px-2.5 text-[13px] focus:border-[#0f6cbd] focus:outline-none focus:ring-1 focus:ring-[#0f6cbd]"%0D%0A+                     />%0D%0A+                   </div>%0D%0A+ %0D%0A+                   <div className="flex justify-end gap-2 pt-1">%0D%0A+                     <button%0D%0A+                       type="button"%0D%0A+                       onClick={() => setEditingProfile(false)}%0D%0A+                       className="inline-flex h-9 items-center rounded border border-[#c8c6c4] px-3 text-[13px] font-medium text-[#323130] hover:bg-black/[.03]"%0D%0A+                     >%0D%0A+                       Cancel%0D%0A+                     </button>%0D%0A+                     <button%0D%0A+                       type="submit"%0D%0A+                       className="inline-flex h-9 items-center rounded bg-[#0f6cbd] px-3 text-[13px] font-medium text-white hover:bg-[#004578]"%0D%0A+                     >%0D%0A+                       Save profile%0D%0A+                     </button>%0D%0A+                   </div>%0D%0A+                 </form>%0D%0A+               ) : (%0D%0A+                 <div className="space-y-3">%0D%0A+                   <div className="flex items-center gap-3">%0D%0A+                     <div className="flex h-11 w-11 items-center justify-center rounded-full border border-[#c8c6c4] bg-[#eff6fc] text-[15px] font-semibold text-[#0f6cbd]">%0D%0A+                       {profileName ? profileName.substring(0, 2).toUpperCase() : 'U'}%0D%0A+                     </div>%0D%0A+                     <div>%0D%0A+                       <h4 className="text-[14px] font-semibold text-[#201f1e]">%0D%0A+                         {profileName || 'Active Operator'}%0D%0A+                       </h4>%0D%0A+                       <p className="mt-0.5 text-[12px] text-[#605e5c]">%0D%0A+                         {profileJobTitle || 'Workspace Administrator'}%0D%0A+                       </p>%0D%0A+                     </div>%0D%0A+                   </div>%0D%0A+ %0D%0A+                   <div className="space-y-1.5 border-t border-[#e1dfdd] pt-3 text-[12px] text-[#605e5c]">%0D%0A+                     <div className="flex justify-between">%0D%0A+                       <span>Email identifier</span>%0D%0A+                       <span className="select-all font-medium text-[#201f1e]">{profile?.email || 'N/A'}</span>%0D%0A+                     </div>%0D%0A+                     <div className="flex justify-between">%0D%0A+                       <span>Active tenant ID</span>%0D%0A+                       <span className="select-all">{profile?.tenantId || 'global'}</span>%0D%0A+                     </div>%0D%0A+                     <div className="flex justify-between">%0D%0A+                       <span>MSP workspace</span>%0D%0A+                       <span className="font-medium text-[#201f1e]">{profile?.companyName || 'Not defined'}</span>%0D%0A+                     </div>%0D%0A+                   </div>%0D%0A+ %0D%0A+                   <button%0D%0A+                     type="button"%0D%0A+                     onClick={() => {%0D%0A+                       setProfileName(profile?.displayName || '');%0D%0A+                       setProfileJobTitle(profile?.roleTitle || '');%0D%0A+                       setProfileCompany(profile?.companyName || '');%0D%0A+                       setEditingProfile(true);%0D%0A+                     }}%0D%0A+                     className="h-9 w-full rounded border border-[#c8c6c4] text-[13px] font-medium text-[#323130] hover:bg-black/[.03]"%0D%0A+                   >%0D%0A+                     Edit profile details%0D%0A+                   </button>%0D%0A+                 </div>%0D%0A+               )}%0D%0A+             </div>%0D%0A+ %0D%0A+             <div className="rounded-md border border-[#e1dfdd] bg-[#faf9f8] p-4 space-y-2">%0D%0A+               <h4 className="text-[12px] font-semibold uppercase tracking-wide text-[#605e5c]">%0D%0A+                 Authorized role hierarchy%0D%0A+               </h4>%0D%0A+               <p className="text-[12px] leading-relaxed text-[#605e5c]">%0D%0A+                 RBAC enforces strict isolation gates. Permissions cascade in order: <strong className="text-[#323130]">Owner &gt; Admin &gt; Technician &gt; Viewer &gt; Client</strong>. Modifying team permissions automatically triggers a cryptographic token invalidation audit block.%0D%0A+               </p>%0D%0A+             </div>%0D%0A+           </div>%0D%0A+ %0D%0A+           {/* Organization & Team Access List Section */}%0D%0A+           <div className="lg:col-span-2 space-y-4">%0D%0A+             {/* Invite form card */}%0D%0A+             <div className="rounded-md border border-[#e1dfdd] bg-white p-4 space-y-3">%0D%0A+               <h3 className="flex items-center gap-1.5 border-b border-[#e1dfdd] pb-2 text-[14px] font-semibold text-[#201f1e]">%0D%0A+                 <PlusCircle className="h-4 w-4 text-[#0f6cbd]" />%0D%0A+                 <span>Invite new MSP team member</span>%0D%0A+               </h3>%0D%0A+ %0D%0A+               <form onSubmit={handleInviteMember} className="flex flex-col gap-3 md:flex-row md:items-end">%0D%0A+                 <div className="flex flex-1 flex-col gap-1">%0D%0A+                   <label className="text-[12px] font-medium text-[#605e5c]">%0D%0A+                     Email address%0D%0A+                   </label>%0D%0A+                   <input%0D%0A+                     type="email"%0D%0A+                     required%0D%0A+                     placeholder="e.g. associate@company.com"%0D%0A+                     value={inviteEmail}%0D%0A+                     onChange={(e) => setInviteEmail(e.target.value)}%0D%0A+                     className="h-9 w-full rounded border border-[#c8c6c4] px-2.5 text-[13px] focus:border-[#0f6cbd] focus:outline-none focus:ring-1 focus:ring-[#0f6cbd]"%0D%0A+                   />%0D%0A+                 </div>%0D%0A+ %0D%0A+                 <div className="flex w-full flex-col gap-1 md:w-44">%0D%0A+                   <label className="text-[12px] font-medium text-[#605e5c]">%0D%0A+                     Security role%0D%0A+                   </label>%0D%0A+                   <select%0D%0A+                     value={inviteRole}%0D%0A+                     onChange={(e) => setInviteRole(e.target.value)}%0D%0A+                     className="h-9 w-full rounded border border-[#c8c6c4] px-2.5 text-[13px] focus:border-[#0f6cbd] focus:outline-none focus:ring-1 focus:ring-[#0f6cbd]"%0D%0A+                   >%0D%0A+                     <option value="Admin">Admin</option>%0D%0A+                     <option value="Technician">Technician</option>%0D%0A+                     <option value="Viewer">Viewer</option>%0D%0A+                     <option value="Client">Client</option>%0D%0A+                   </select>%0D%0A+                 </div>%0D%0A+ %0D%0A+                 <button%0D%0A+                   type="submit"%0D%0A+                   disabled={!canManageTeam}%0D%0A+                   title={!canManageTeam ? `Your ${currentRole} role cannot invite team members.` : undefined}%0D%0A+                   className="inline-flex h-9 shrink-0 items-center rounded bg-[#0f6cbd] px-4 text-[13px] font-medium text-white hover:bg-[#004578] disabled:cursor-not-allowed disabled:opacity-50"%0D%0A+                 >%0D%0A+                   Send invitation%0D%0A+                 </button>%0D%0A+               </form>%0D%0A+               {!canManageTeam && <p className="text-[12px] text-[#8a5700]">Your {currentRole} role has read-only team access.</p>}%0D%0A+             </div>%0D%0A+ %0D%0A+             {/* Team Members List Card */}%0D%0A+             <div className="rounded-md border border-[#e1dfdd] bg-white p-4 space-y-3">%0D%0A+               <h3 className="flex items-center justify-between border-b border-[#e1dfdd] pb-2 text-[14px] font-semibold text-[#201f1e]">%0D%0A+                 <span className="flex items-center gap-1.5">%0D%0A+                   <Lock className="h-4 w-4 text-[#0f6cbd]" />%0D%0A+                   <span>Workspace associates</span>%0D%0A+                 </span>%0D%0A+                 <span className="rounded border border-[#c8c6c4] bg-[#eff6fc] px-2 py-0.5 text-[12px] font-medium text-[#0f6cbd]">%0D%0A+                   {teamMembers.length} registered%0D%0A+                 </span>%0D%0A+               </h3>%0D%0A+ %0D%0A+               <div className="overflow-x-auto">%0D%0A+                 <table className="w-full border-collapse text-left text-[13px]">%0D%0A+                   <thead>%0D%0A+                     <tr className="border-b border-[#e1dfdd] text-[11px] uppercase tracking-wide text-[#605e5c]">%0D%0A+                       <th className="py-2 font-medium">User details</th>%0D%0A+                       <th className="py-2 font-medium">Authority role</th>%0D%0A+                       <th className="py-2 text-right font-medium">Actions</th>%0D%0A+                     </tr>%0D%0A+                   </thead>%0D%0A+                   <tbody>%0D%0A+                     {teamMembers.map((member) => (%0D%0A+                       <tr key={member.id} className="border-b border-[#f3f2f1] hover:bg-black/[.02]">%0D%0A+                         <td className="py-2.5 pr-3">%0D%0A+                           <div className="flex items-center gap-2.5">%0D%0A+                             <div className="flex h-8 w-8 shrink-0 items-center justify-center rounded-full border border-[#c8c6c4] bg-[#f3f2f1] text-[12px] font-semibold text-[#605e5c]">%0D%0A+                               {member.displayName ? member.displayName.substring(0, 2).toUpperCase() : member.email.substring(0, 2).toUpperCase()}%0D%0A+                             </div>%0D%0A+                             <div>%0D%0A+                               <span className="block font-medium text-[#201f1e]">%0D%0A+                                 {member.displayName || 'Pending registration'}%0D%0A+                               </span>%0D%0A+                               <span className="block select-all text-[12px] text-[#8a8886]">%0D%0A+                                 {member.email}%0D%0A+                               </span>%0D%0A+                             </div>%0D%0A+                           </div>%0D%0A+                         </td>%0D%0A+                         <td className="py-2.5">%0D%0A+                           {member.role === 'Owner' ? (%0D%0A+                             <span className="rounded border border-[#c8c6c4] bg-[#eff6fc] px-2 py-0.5 text-[12px] font-medium text-[#0f6cbd]">%0D%0A+                               Owner (root)%0D%0A+                             </span>%0D%0A+                           ) : (%0D%0A+                             <select%0D%0A+                               value={member.role}%0D%0A+                               disabled={!canManageTeam}%0D%0A+                               title={!canManageTeam ? `Your ${currentRole} role cannot change roles.` : undefined}%0D%0A+                               onChange={(e) => handleUpdateMemberRole(member.id, e.target.value)}%0D%0A+                               className="rounded border border-[#c8c6c4] p-1 text-[12px] text-[#323130] focus:border-[#0f6cbd] focus:outline-none disabled:cursor-not-allowed disabled:opacity-50"%0D%0A+                             >%0D%0A+                               <option value="Admin">Admin</option>%0D%0A+                               <option value="Technician">Technician</option>%0D%0A+                               <option value="Viewer">Viewer</option>%0D%0A+                               <option value="Client">Client</option>%0D%0A+                             </select>%0D%0A+                           )}%0D%0A+                         </td>%0D%0A+                         <td className="py-2.5 text-right">%0D%0A+                           {member.role !== 'Owner' && member.id !== profile?.id && canManageTeam && (%0D%0A+                             <button%0D%0A+                               onClick={() => handleRemoveMember(member.id)}%0D%0A+                               className="rounded border border-[#a4262c]/30 px-2.5 py-1 text-[12px] font-medium text-[#a4262c] hover:bg-[#fdf2f2]"%0D%0A+                             >%0D%0A+                               Revoke access%0D%0A+                             </button>%0D%0A+                           )}%0D%0A+                         </td>%0D%0A+                       </tr>%0D%0A+                     ))}%0D%0A+                     {teamMembers.length === 0 && (%0D%0A+                       <tr>%0D%0A+                         <td colSpan={3} className="py-6 text-center text-[#8a8886]">%0D%0A+                           {loadingTeam ? 'Securing team data…' : 'No other associates mapped to this workspace.'}%0D%0A+                         </td>%0D%0A+                       </tr>%0D%0A+                     )}%0D%0A+                   </tbody>%0D%0A+                 </table>%0D%0A+               </div>%0D%0A+             </div>%0D%0A+           </div>%0D%0A+         </div>%0D%0A+       ) : (%0D%0A+         <div className="space-y-4" id="product-master-bible-container">%0D%0A+           {/* Welcome Alert / Info Bar */}%0D%0A+           <details className="rounded-md border border-[#e1dfdd] bg-[#faf9f8] text-[13px]">%0D%0A+             <summary className="cursor-pointer select-none px-3 py-2 font-medium text-[#323130]">What is this? &middot; How the Master Bible works</summary>%0D%0A+             <div className="px-3 pb-3 text-[#605e5c]">%0D%0A+               <p>The Master Bible defines standard secure baseline versions, permitted/copyleft licenses, risk classifications, and operational NIST/ISO security safeguard guidelines. Ingested software passports are checked against these standards to prevent compliance violations.</p>%0D%0A+               <ol className="mt-1.5 list-decimal space-y-0.5 pl-4">%0D%0A+                 <li>Policy reference: NIST SP 800-53 r5.</li>%0D%0A+                 <li>Legal stance: SSPL/AGPL copyleft blocked.</li>%0D%0A+                 <li>Baseline updates: automated daily RSS synchronizations.</li>%0D%0A+               </ol>%0D%0A+             </div>%0D%0A+           </details>%0D%0A+ %0D%0A+           {/* Grid Layout: Left Column = Product Bible Directory, Right Column = Selected Specifications & Sandbox Compliance Auditor */}%0D%0A+           <div className="grid grid-cols-1 lg:grid-cols-3 gap-4">%0D%0A+ %0D%0A+             {/* Left Column: List of Products with Search & Add option */}%0D%0A+             <div className="lg:col-span-1 space-y-3">%0D%0A+               <div className="rounded-md border border-[#e1dfdd] bg-white p-4 space-y-3">%0D%0A+                 <div className="flex items-center justify-between">%0D%0A+                   <div>%0D%0A+                     <h4 className="text-[14px] font-semibold text-[#201f1e]">Product Bible index</h4>%0D%0A+                     <p className="text-[12px] text-[#605e5c]">Index of certified system components</p>%0D%0A+                   </div>%0D%0A+                   <button%0D%0A+                     onClick={() => setShowAddBibleProduct(!showAddBibleProduct)}%0D%0A+                     className="inline-flex items-center gap-1 rounded border border-[#c8c6c4] px-2.5 py-1.5 text-[12px] font-medium text-[#323130] hover:bg-black/[.03]"%0D%0A+                     title="Register a new software specification"%0D%0A+                   >%0D%0A+                     <PlusCircle className="h-3.5 w-3.5" />%0D%0A+                     <span>Register</span>%0D%0A+                   </button>%0D%0A+                 </div>%0D%0A+ %0D%0A+                 {/* Quick Search & Filter */}%0D%0A+                 <div className="space-y-2">%0D%0A+                   <div className="flex h-9 items-center gap-2 rounded border border-[#c8c6c4] px-2.5 focus-within:border-[#0f6cbd] focus-within:ring-1 focus-within:ring-[#0f6cbd]">%0D%0A+                     <Search className="h-3.5 w-3.5 text-[#8a8886]" />%0D%0A+                     <input%0D%0A+                       type="text"%0D%0A+                       placeholder="Search specifications..."%0D%0A+                       value={bibleSearchQuery}%0D%0A+                       onChange={(e) => setBibleSearchQuery(e.target.value)}%0D%0A+                       className="w-full bg-transparent text-[13px] text-[#323130] focus:outline-none"%0D%0A+                     />%0D%0A+                   </div>%0D%0A+ %0D%0A+                   <div className="flex items-center justify-between pt-1 text-[12px] text-[#605e5c]">%0D%0A+                     <span>Risk filter</span>%0D%0A+                     <div className="flex gap-1">%0D%0A+                       {['all', 'low', 'medium', 'high'].map(r => (%0D%0A+                         <button%0D%0A+                           key={r}%0D%0A+                           onClick={() => setBibleFilterRisk(r)}%0D%0A+                           className={`rounded px-1.5 py-0.5 capitalize ${%0D%0A+                             bibleFilterRisk === r%0D%0A+                               ? 'bg-[#eff6fc] font-medium text-[#0f6cbd]'%0D%0A+                               : 'hover:text-[#323130]'%0D%0A+                           }`}%0D%0A+                         >%0D%0A+                           {r}%0D%0A+                         </button>%0D%0A+                       ))}%0D%0A+                     </div>%0D%0A+                   </div>%0D%0A+                 </div>%0D%0A+ %0D%0A+                 {/* Add New Specification Form Block */}%0D%0A+                 {showAddBibleProduct && (%0D%0A+                   <form onSubmit={handleAddBibleProduct} className="space-y-3 rounded-md border border-[#e1dfdd] bg-[#faf9f8] p-3 text-[13px]">%0D%0A+                     <h5 className="text-[13px] font-semibold text-[#201f1e]">New standard specification registration</h5>%0D%0A+ %0D%0A+                     <div>%0D%0A+                       <label className="mb-1 block text-[12px] font-medium text-[#605e5c]">Product / package name</label>%0D%0A+                       <input%0D%0A+                         type="text"%0D%0A+                         placeholder="e.g. Apache Kafka"%0D%0A+                         required%0D%0A+                         value={newBpName}%0D%0A+                         onChange={(e) => setNewBpName(e.target.value)}%0D%0A+                         className="h-9 w-full rounded border border-[#c8c6c4] bg-white px-2.5 text-[13px] focus:border-[#0f6cbd] focus:outline-none focus:ring-1 focus:ring-[#0f6cbd]"%0D%0A+                       />%0D%0A+                     </div>%0D%0A+ %0D%0A+                     <div className="grid grid-cols-2 gap-2">%0D%0A+                       <div>%0D%0A+                         <label className="mb-1 block text-[12px] font-medium text-[#605e5c]">Class type</label>%0D%0A+                         <select%0D%0A+                           value={newBpType}%0D%0A+                           onChange={(e) => setNewBpType(e.target.value)}%0D%0A+                           className="h-9 w-full rounded border border-[#c8c6c4] bg-white px-2 text-[13px] focus:border-[#0f6cbd] focus:outline-none focus:ring-1 focus:ring-[#0f6cbd]"%0D%0A+                         >%0D%0A+                           <option value="Web Infrastructure / Proxy">Web / Proxy</option>%0D%0A+                           <option value="Database Systems">Database</option>%0D%0A+                           <option value="Cache Systems">Cache</option>%0D%0A+                           <option value="Open Source Logging Framework">Logging</option>%0D%0A+                           <option value="Container Foundations">Container</option>%0D%0A+                           <option value="Framework Library">Framework</option>%0D%0A+                         </select>%0D%0A+                       </div>%0D%0A+ %0D%0A+                       <div>%0D%0A+                         <label className="mb-1 block text-[12px] font-medium text-[#605e5c]">Secure baseline</label>%0D%0A+                         <input%0D%0A+                           type="text"%0D%0A+                           placeholder="e.g. 3.4.0"%0D%0A+                           required%0D%0A+                           value={newBpVersion}%0D%0A+                           onChange={(e) => setNewBpVersion(e.target.value)}%0D%0A+                           className="h-9 w-full rounded border border-[#c8c6c4] bg-white px-2.5 text-[13px] focus:border-[#0f6cbd] focus:outline-none focus:ring-1 focus:ring-[#0f6cbd]"%0D%0A+                         />%0D%0A+                       </div>%0D%0A+                     </div>%0D%0A+ %0D%0A+                     <div>%0D%0A+                       <label className="mb-1 block text-[12px] font-medium text-[#605e5c]">Permitted licenses</label>%0D%0A+                       <input%0D%0A+                         type="text"%0D%0A+                         value={newBpAllowedLics}%0D%0A+                         onChange={(e) => setNewBpAllowedLics(e.target.value)}%0D%0A+                         className="h-9 w-full rounded border border-[#c8c6c4] bg-white px-2.5 font-mono text-[12px] focus:border-[#0f6cbd] focus:outline-none focus:ring-1 focus:ring-[#0f6cbd]"%0D%0A+                       />%0D%0A+                       <p className="mt-1 text-[11px] text-[#8a8886]">Comma-separated SPDX identifiers.</p>%0D%0A+                     </div>%0D%0A+ %0D%0A+                     <div>%0D%0A+                       <label className="mb-1 block text-[12px] font-medium text-[#605e5c]">Prohibited copylefts</label>%0D%0A+                       <input%0D%0A+                         type="text"%0D%0A+                         value={newBpDisallowedLics}%0D%0A+                         onChange={(e) => setNewBpDisallowedLics(e.target.value)}%0D%0A+                         className="h-9 w-full rounded border border-[#c8c6c4] bg-white px-2.5 font-mono text-[12px] focus:border-[#0f6cbd] focus:outline-none focus:ring-1 focus:ring-[#0f6cbd]"%0D%0A+                       />%0D%0A+                     </div>%0D%0A+ %0D%0A+                     <div className="grid grid-cols-2 gap-2">%0D%0A+                       <div>%0D%0A+                         <label className="mb-1 block text-[12px] font-medium text-[#605e5c]">Risk tier</label>%0D%0A+                         <select%0D%0A+                           value={newBpRisk}%0D%0A+                           onChange={(e) => setNewBpRisk(e.target.value as any)}%0D%0A+                           className="h-9 w-full rounded border border-[#c8c6c4] bg-white px-2 text-[13px] focus:border-[#0f6cbd] focus:outline-none focus:ring-1 focus:ring-[#0f6cbd]"%0D%0A+                         >%0D%0A+                           <option value="Low">Low</option>%0D%0A+                           <option value="Medium">Medium</option>%0D%0A+                           <option value="High">High</option>%0D%0A+                         </select>%0D%0A+                       </div>%0D%0A+ %0D%0A+                       <div>%0D%0A+                         <label className="mb-1 block text-[12px] font-medium text-[#605e5c]">Target compliance</label>%0D%0A+                         <input%0D%0A+                           type="text"%0D%0A+                           placeholder="e.g. HIPAA CC4 / ISO"%0D%0A+                           value={newBpCompliance}%0D%0A+                           onChange={(e) => setNewBpCompliance(e.target.value)}%0D%0A+                           className="h-9 w-full rounded border border-[#c8c6c4] bg-white px-2.5 text-[13px] focus:border-[#0f6cbd] focus:outline-none focus:ring-1 focus:ring-[#0f6cbd]"%0D%0A+                         />%0D%0A+                       </div>%0D%0A+                     </div>%0D%0A+ %0D%0A+                     <div>%0D%0A+                       <label className="mb-1 block text-[12px] font-medium text-[#605e5c]">Operational safeguard policy</label>%0D%0A+                       <textarea%0D%0A+                         rows={2}%0D%0A+                         placeholder="Safeguards required..."%0D%0A+                         value={newBpSafeguard}%0D%0A+                         onChange={(e) => setNewBpSafeguard(e.target.value)}%0D%0A+                         className="w-full rounded border border-[#c8c6c4] bg-white px-2.5 py-2 text-[13px] focus:border-[#0f6cbd] focus:outline-none focus:ring-1 focus:ring-[#0f6cbd]"%0D%0A+                       />%0D%0A+                     </div>%0D%0A+ %0D%0A+                     <div className="flex justify-end gap-2 pt-1">%0D%0A+                       <button%0D%0A+                         type="button"%0D%0A+                         onClick={() => setShowAddBibleProduct(false)}%0D%0A+                         className="inline-flex h-9 items-center rounded border border-[#c8c6c4] px-3 text-[13px] font-medium text-[#323130] hover:bg-black/[.03]"%0D%0A+                       >%0D%0A+                         Cancel%0D%0A+                       </button>%0D%0A+                       <button%0D%0A+                         type="submit"%0D%0A+                         className="inline-flex h-9 items-center gap-1.5 rounded bg-[#0f6cbd] px-3 text-[13px] font-medium text-white hover:bg-[#004578]"%0D%0A+                       >%0D%0A+                         <Check className="h-3.5 w-3.5" />%0D%0A+                         <span>Register spec</span>%0D%0A+                       </button>%0D%0A+                     </div>%0D%0A+                   </form>%0D%0A+                 )}%0D%0A+ %0D%0A+                 {/* List of Specs */}%0D%0A+                 <div className="max-h-[400px] space-y-1 overflow-y-auto">%0D%0A+                   {filteredBibleProducts.length === 0 ? (%0D%0A+                     <p className="py-6 text-center text-[12px] text-[#8a8886]">No matching standard specifications found.</p>%0D%0A+                   ) : (%0D%0A+                     filteredBibleProducts.map(bp => {%0D%0A+                       const isSelected = bp.id === selectedBibleProductId;%0D%0A+                       return (%0D%0A+                         <button%0D%0A+                           key={bp.id}%0D%0A+                           onClick={() => setSelectedBibleProductId(bp.id)}%0D%0A+                           className={`flex w-full items-center justify-between rounded border p-2.5 text-left text-[13px] ${%0D%0A+                             isSelected%0D%0A+                               ? 'border-[#0f6cbd] bg-[#eff6fc] text-[#0f6cbd]'%0D%0A+                               : 'border-[#e1dfdd] bg-white text-[#323130] hover:bg-black/[.02]'%0D%0A+                           }`}%0D%0A+                         >%0D%0A+                           <div className="min-w-0">%0D%0A+                             <p className="truncate leading-snug">{bp.name}</p>%0D%0A+                             <span className="mt-0.5 block text-[11px] text-[#8a8886]">{bp.type}</span>%0D%0A+                           </div>%0D%0A+ %0D%0A+                           <div className="ml-2 flex shrink-0 items-center gap-1.5">%0D%0A+                             <span className={`rounded px-1.5 py-0.5 text-[11px] font-medium ${%0D%0A+                               bp.riskTier === 'High' ? 'bg-[#fdf2f2] text-[#a4262c]' :%0D%0A+                               bp.riskTier === 'Medium' ? 'bg-[#fff4ce] text-[#8a5700]' :%0D%0A+                               'bg-[#dff6dd] text-[#0e700e]'%0D%0A+                             }`}>%0D%0A+                               {bp.riskTier}%0D%0A+                             </span>%0D%0A+                             <ChevronRight className={`h-3.5 w-3.5 ${isSelected ? 'text-[#0f6cbd]' : 'text-[#8a8886]'}`} />%0D%0A+                           </div>%0D%0A+                         </button>%0D%0A+                       );%0D%0A+                     })%0D%0A+                   )}%0D%0A+                 </div>%0D%0A+               </div>%0D%0A+             </div>%0D%0A+ %0D%0A+             {/* Right 2 Columns: Specification Details & Interactive Sandbox compliance auditor */}%0D%0A+             <div className="lg:col-span-2 space-y-4">%0D%0A+ %0D%0A+               {/* Card 1: Active Specification detail */}%0D%0A+               {activeBibleProduct && (%0D%0A+                 <div className="rounded-md border border-[#e1dfdd] bg-white p-4 space-y-3">%0D%0A+                   <div className="flex items-start justify-between border-b border-[#e1dfdd] pb-3">%0D%0A+                     <div>%0D%0A+                       <span className="text-[11px] font-medium uppercase tracking-wide text-[#0f6cbd]">Approved platform standard spec</span>%0D%0A+                       <h3 className="mt-1 flex items-center gap-1.5 text-[15px] font-semibold text-[#201f1e]">%0D%0A+                         <CheckCircle2 className="h-4 w-4 text-[#0e700e]" />%0D%0A+                         {activeBibleProduct.name}%0D%0A+                       </h3>%0D%0A+                       <p className="mt-0.5 text-[12px] text-[#605e5c]">{activeBibleProduct.type}</p>%0D%0A+                     </div>%0D%0A+ %0D%0A+                     <span className="rounded border border-[#c8c6c4] bg-[#eff6fc] px-2 py-0.5 text-[12px] font-medium text-[#0f6cbd]">%0D%0A+                       Baseline v{activeBibleProduct.baselineSecureVersion}%0D%0A+                     </span>%0D%0A+                   </div>%0D%0A+ %0D%0A+                   <div className="grid grid-cols-1 gap-4 md:grid-cols-2">%0D%0A+                     <div className="space-y-3">%0D%0A+                       <div>%0D%0A+                         <span className="block text-[11px] font-medium uppercase text-[#605e5c]">Permitted (greenlist) licenses</span>%0D%0A+                         <div className="mt-1.5 flex flex-wrap gap-1.5">%0D%0A+                           {activeBibleProduct.allowedLicenses.map((lic: string) => (%0D%0A+                             <span key={lic} className="rounded border border-[#c8c6c4] bg-[#dff6dd] px-2 py-0.5 text-[11px] font-medium text-[#0e700e]">%0D%0A+                               {lic}%0D%0A+                             </span>%0D%0A+                           ))}%0D%0A+                           {activeBibleProduct.allowedLicenses.length === 0 && <span className="text-[12px] italic text-[#8a8886]">None specified</span>}%0D%0A+                         </div>%0D%0A+                       </div>%0D%0A+ %0D%0A+                       <div>%0D%0A+                         <span className="block text-[11px] font-medium uppercase text-[#605e5c]">Prohibited (blacklisted) licenses</span>%0D%0A+                         <div className="mt-1.5 flex flex-wrap gap-1.5">%0D%0A+                           {activeBibleProduct.disallowedLicenses.map((lic: string) => (%0D%0A+                             <span key={lic} className="rounded border border-[#c8c6c4] bg-[#fdf2f2] px-2 py-0.5 text-[11px] font-medium text-[#a4262c]">%0D%0A+                               {lic}%0D%0A+                             </span>%0D%0A+                           ))}%0D%0A+                           {activeBibleProduct.disallowedLicenses.length === 0 && <span className="text-[12px] italic text-[#8a8886]">None prohibited</span>}%0D%0A+                         </div>%0D%0A+                       </div>%0D%0A+                     </div>%0D%0A+ %0D%0A+                     <div className="space-y-2 rounded-md border border-[#e1dfdd] bg-[#faf9f8] p-3">%0D%0A+                       <span className="block text-[11px] font-medium uppercase text-[#605e5c]">Target regulatory framework compliance</span>%0D%0A+                       <p className="text-[13px] font-medium text-[#323130]">{activeBibleProduct.complianceTarget}</p>%0D%0A+                       <p className="text-[12px] leading-normal text-[#605e5c]">%0D%0A+                         Ingested components of this product category must be validated in accordance with audit guidelines mapped to this baseline.%0D%0A+                       </p>%0D%0A+                     </div>%0D%0A+                   </div>%0D%0A+ %0D%0A+                   <div className="space-y-1.5 rounded-md border border-[#e1dfdd] bg-[#eff6fc] p-3">%0D%0A+                     <span className="block text-[11px] font-medium uppercase tracking-wide text-[#0f6cbd]">Standard core safeguards policy</span>%0D%0A+                     <p className="text-[13px] leading-normal text-[#323130]">{activeBibleProduct.safeguardPolicy}</p>%0D%0A+                   </div>%0D%0A+                 </div>%0D%0A+               )}%0D%0A+ %0D%0A+               {/* Card 2: Interactive Sandbox Compliance Auditor */}%0D%0A+               <div className="rounded-md border border-[#e1dfdd] bg-white p-4 space-y-3">%0D%0A+                 <div>%0D%0A+                   <h3 className="flex items-center gap-1.5 text-[14px] font-semibold text-[#201f1e]">%0D%0A+                     <Sparkles className="h-4 w-4 text-[#0f6cbd]" />%0D%0A+                     <span>Interactive product compliance sandbox</span>%0D%0A+                   </h3>%0D%0A+                   <p className="mt-0.5 text-[12px] text-[#605e5c]">%0D%0A+                     Simulate software ingest requests and instantly check compliance against the Master Product Bible.%0D%0A+                   </p>%0D%0A+                 </div>%0D%0A+ %0D%0A+                 <div className="grid grid-cols-1 gap-4 md:grid-cols-2">%0D%0A+                   <div className="space-y-3">%0D%0A+                     <div>%0D%0A+                       <label className="mb-1 block text-[12px] font-medium text-[#605e5c]">Select target product class</label>%0D%0A+                       <select%0D%0A+                         value={sandboxProduct}%0D%0A+                         onChange={(e) => {%0D%0A+                           setSandboxProduct(e.target.value);%0D%0A+                           const found = bibleProducts.find(bp => bp.name === e.target.value);%0D%0A+                           if (found) {%0D%0A+                             setSandboxVersion(found.baselineSecureVersion);%0D%0A+                             setSandboxLicense(found.allowedLicenses[0] || 'MIT');%0D%0A+                           }%0D%0A+                         }}%0D%0A+                         className="h-9 w-full rounded border border-[#c8c6c4] px-2.5 text-[13px] focus:border-[#0f6cbd] focus:outline-none focus:ring-1 focus:ring-[#0f6cbd]"%0D%0A+                       >%0D%0A+                         {bibleProducts.map(bp => (%0D%0A+                           <option key={bp.id} value={bp.name}>{bp.name}</option>%0D%0A+                         ))}%0D%0A+                         <option value="custom">-- Custom/unregistered product --</option>%0D%0A+                       </select>%0D%0A+                     </div>%0D%0A+ %0D%0A+                     {sandboxProduct === 'custom' && (%0D%0A+                       <div>%0D%0A+                         <label className="mb-1 block text-[12px] font-medium text-[#605e5c]">Custom product name</label>%0D%0A+                         <input%0D%0A+                           type="text"%0D%0A+                           placeholder="e.g. Apache Kafka"%0D%0A+                           value={sandboxCustomName}%0D%0A+                           onChange={(e) => setSandboxCustomName(e.target.value)}%0D%0A+                           className="h-9 w-full rounded border border-[#c8c6c4] px-2.5 text-[13px] focus:border-[#0f6cbd] focus:outline-none focus:ring-1 focus:ring-[#0f6cbd]"%0D%0A+                         />%0D%0A+                       </div>%0D%0A+                     )}%0D%0A+ %0D%0A+                     <div className="grid grid-cols-2 gap-2">%0D%0A+                       <div>%0D%0A+                         <label className="mb-1 block text-[12px] font-medium text-[#605e5c]">Ingested version</label>%0D%0A+                         <input%0D%0A+                           type="text"%0D%0A+                           value={sandboxVersion}%0D%0A+                           onChange={(e) => setSandboxVersion(e.target.value)}%0D%0A+                           className="h-9 w-full rounded border border-[#c8c6c4] px-2.5 font-mono text-[13px] focus:border-[#0f6cbd] focus:outline-none focus:ring-1 focus:ring-[#0f6cbd]"%0D%0A+                           placeholder="e.g. 1.25.0"%0D%0A+                         />%0D%0A+                       </div>%0D%0A+ %0D%0A+                       <div>%0D%0A+                         <label className="mb-1 block text-[12px] font-medium text-[#605e5c]">License SPDX</label>%0D%0A+                         <input%0D%0A+                           type="text"%0D%0A+                           value={sandboxLicense}%0D%0A+                           onChange={(e) => setSandboxLicense(e.target.value)}%0D%0A+                           className="h-9 w-full rounded border border-[#c8c6c4] px-2.5 font-mono text-[13px] focus:border-[#0f6cbd] focus:outline-none focus:ring-1 focus:ring-[#0f6cbd]"%0D%0A+                           placeholder="e.g. GPL-3.0-only"%0D%0A+                         />%0D%0A+                       </div>%0D%0A+                     </div>%0D%0A+ %0D%0A+                     <div>%0D%0A+                       <label className="mb-1 block text-[12px] font-medium text-[#605e5c]">Target deploy environment</label>%0D%0A+                       <div className="grid grid-cols-3 gap-2">%0D%0A+                         {['Production', 'Staging', 'Development'].map(env => (%0D%0A+                           <button%0D%0A+                             key={env}%0D%0A+                             type="button"%0D%0A+                             onClick={() => setSandboxEnv(env)}%0D%0A+                             className={`rounded border p-2 text-center text-[12px] font-medium ${%0D%0A+                               sandboxEnv === env%0D%0A+                                 ? 'border-[#0f6cbd] bg-[#eff6fc] text-[#0f6cbd]'%0D%0A+                                 : 'border-[#c8c6c4] text-[#605e5c] hover:bg-black/[.03]'%0D%0A+                             }`}%0D%0A+                           >%0D%0A+                             {env}%0D%0A+                           </button>%0D%0A+                         ))}%0D%0A+                       </div>%0D%0A+                     </div>%0D%0A+ %0D%0A+                     <button%0D%0A+                       type="button"%0D%0A+                       onClick={handleRunSandboxAudit}%0D%0A+                       className="flex h-9 w-full items-center justify-center gap-1.5 rounded bg-[#0f6cbd] text-[13px] font-medium text-white hover:bg-[#004578]"%0D%0A+                     >%0D%0A+                       <Play className="h-3.5 w-3.5" />%0D%0A+                       <span>Run sandbox compliance attestation</span>%0D%0A+                     </button>%0D%0A+                   </div>%0D%0A+ %0D%0A+                   {/* Attestation Sandbox Report panel */}%0D%0A+                   <div className="flex min-h-[240px] flex-col justify-between rounded-md border border-[#e1dfdd] bg-[#faf9f8] p-3">%0D%0A+                     {sandboxReport ? (%0D%0A+                       <div className="space-y-3">%0D%0A+                         <div className="flex items-center justify-between border-b border-[#e1dfdd] pb-2">%0D%0A+                           <div>%0D%0A+                             <span className="block text-[11px] font-medium text-[#605e5c]">Attestation report</span>%0D%0A+                             <h4 className="max-w-[160px] truncate text-[13px] font-semibold text-[#201f1e]">{sandboxReport.productName}</h4>%0D%0A+                           </div>%0D%0A+ %0D%0A+                           <span className={`inline-flex items-center gap-1 rounded border border-[#c8c6c4] px-2 py-0.5 text-[11px] font-medium ${%0D%0A+                             sandboxReport.overallStatus === 'PASS' ? 'bg-[#dff6dd] text-[#0e700e]' :%0D%0A+                             sandboxReport.overallStatus === 'WARN' ? 'bg-[#fff4ce] text-[#8a5700]' :%0D%0A+                             'bg-[#fdf2f2] text-[#a4262c]'%0D%0A+                           }`}>%0D%0A+                             <span className={`h-1.5 w-1.5 rounded-full ${%0D%0A+                               sandboxReport.overallStatus === 'PASS' ? 'bg-[#0e700e]' :%0D%0A+                               sandboxReport.overallStatus === 'WARN' ? 'bg-[#8a5700]' :%0D%0A+                               'bg-[#a4262c]'%0D%0A+                             }`} />%0D%0A+                             {sandboxReport.overallStatus}%0D%0A+                           </span>%0D%0A+                         </div>%0D%0A+ %0D%0A+                         <div className="space-y-2 text-[12px] leading-normal">%0D%0A+                           <div className="flex items-start gap-1.5">%0D%0A+                             {sandboxReport.versionStatus === 'Compliant' ? (%0D%0A+                               <Check className="mt-0.5 h-3.5 w-3.5 shrink-0 text-[#0e700e]" />%0D%0A+                             ) : sandboxReport.versionStatus === 'Warning' ? (%0D%0A+                               <AlertTriangle className="mt-0.5 h-3.5 w-3.5 shrink-0 text-[#8a5700]" />%0D%0A+                             ) : (%0D%0A+                               <ShieldAlert className="mt-0.5 h-3.5 w-3.5 shrink-0 text-[#a4262c]" />%0D%0A+                             )}%0D%0A+                             <div>%0D%0A+                               <span className="font-medium text-[#323130]">Version standard: </span>%0D%0A+                               <span className="text-[#605e5c]">{sandboxReport.versionDetails}</span>%0D%0A+                             </div>%0D%0A+                           </div>%0D%0A+ %0D%0A+                           <div className="flex items-start gap-1.5">%0D%0A+                             {sandboxReport.licenseStatus === 'Compliant' ? (%0D%0A+                               <Check className="mt-0.5 h-3.5 w-3.5 shrink-0 text-[#0e700e]" />%0D%0A+                             ) : sandboxReport.licenseStatus === 'Warning' ? (%0D%0A+                               <AlertTriangle className="mt-0.5 h-3.5 w-3.5 shrink-0 text-[#8a5700]" />%0D%0A+                             ) : (%0D%0A+                               <ShieldAlert className="mt-0.5 h-3.5 w-3.5 shrink-0 text-[#a4262c]" />%0D%0A+                             )}%0D%0A+                             <div>%0D%0A+                               <span className="font-medium text-[#323130]">License standard: </span>%0D%0A+                               <span className="text-[#605e5c]">{sandboxReport.licenseDetails}</span>%0D%0A+                             </div>%0D%0A+                           </div>%0D%0A+                         </div>%0D%0A+ %0D%0A+                         <div className="space-y-1 rounded border border-[#e1dfdd] bg-white p-2.5 text-[12px] leading-normal text-[#605e5c]">%0D%0A+                           <p className="text-[11px] font-medium uppercase text-[#323130]">Compliance checklist ({sandboxReport.complianceTarget}):</p>%0D%0A+                           <p className="italic">{sandboxReport.safeguardPolicy}</p>%0D%0A+                         </div>%0D%0A+                       </div>%0D%0A+                     ) : (%0D%0A+                       <div className="flex h-full flex-col items-center justify-center space-y-2 py-10 text-center text-[#8a8886]">%0D%0A+                         <Sliders className="h-6 w-6 text-[#c8c6c4]" />%0D%0A+                         <p className="mt-2 text-[13px] font-medium text-[#605e5c]">Attestation pending</p>%0D%0A+                         <p className="max-w-[220px] text-[12px] leading-snug text-[#8a8886]">%0D%0A+                           Configure simulation parameters and run the sandbox compliance attestation to test build parameters against standards.%0D%0A+                         </p>%0D%0A+                       </div>%0D%0A+                     )}%0D%0A+ %0D%0A+                     <div className="mt-2 flex items-center justify-between border-t border-[#e1dfdd] pt-2 text-[11px] text-[#8a8886]">%0D%0A+                       <span>Audit kernel: SEC_ENGINE_v1.0</span>%0D%0A+                       {sandboxReport && (%0D%0A+                         <span>Attested: {new Date(sandboxReport.timestamp).toLocaleTimeString()}</span>%0D%0A+                       )}%0D%0A+                     </div>%0D%0A+                   </div>%0D%0A+                 </div>%0D%0A+ %0D%0A+               </div>%0D%0A+ %0D%0A+             </div>%0D%0A+ %0D%0A+           </div>%0D%0A+         </div>%0D%0A+       )}%0D%0A+     </div>%0D%0A+   );%0D%0A+ }%0D%0A+%0A%0A ❯ tests/settings-guide-contract.test.ts:31:22%0A%0A

::error file=/home/runner/work/software-passport-registry/software-passport-registry/tests/signup-race-contract.test.ts,title=tests/signup-race-contract.test.ts > 2. automatic Firebase authentication cannot overwrite the signup state > App ignores a Firebase session that appears while a signup is in flight,line=50,column=20::AssertionError: expected 'import { useEffect, useMemo, useState…' to contain 'isSignupTransitionActive'%0A%0A- Expected%0A+ Received%0A%0A- isSignupTransitionActive%0A+ import { useEffect, useMemo, useState, type ReactNode } from 'react';%0A+ import { getRedirectResult, onAuthStateChanged, signOut, type User } from 'firebase/auth';%0A+ import type { Alert, Client, Integration, Scan, SoftwarePassport, Vendor } from './types';%0A+ import type { VerificationDecision } from './lib/verification/evaluateVerification.ts';%0A+ import { apiFetch } from './utils/apiClient';%0A+ import { auth } from './lib/firebase';%0A+ import CommandCenter from './components/CommandCenter';%0A+ import ExtensionWorkflow from './components/ExtensionWorkflow';%0A+ import ExtensionMarketplace from './components/ExtensionMarketplace';%0A+ import LoginView from './components/LoginView';%0A+ import EvidenceDashboardView from './components/EvidenceDashboardView';%0A+ import EvidenceExplorerView from './components/EvidenceExplorerView';%0A+ import AITrustCenterView from './components/AITrustCenterView';%0A+ import CoverageView from './components/CoverageView';%0A+ import AssetsView from './components/AssetsView';%0A+ import PassportsView from './components/PassportsView';%0A+ import ScansView from './components/ScansView';%0A+ import AlertsView from './components/AlertsView';%0A+ import ClientsView from './components/ClientsView';%0A+ import VendorsView from './components/VendorsView';%0A+ import IntegrationsView from './components/IntegrationsView';%0A+ import BillingView from './components/BillingView';%0A+ import ComplianceView from './components/ComplianceView';%0A+ import AgentTrustView from './components/AgentTrustView';%0A+ import EnterpriseReadinessView from './components/EnterpriseReadinessView';%0A+ import FounderDashboardView from './components/FounderDashboardView';%0A+ import InvestorHomeView from './components/InvestorHomeView';%0A+ import SettingsView from './components/SettingsView';%0A+ import TeamView from './components/TeamView';%0A+ import AuditLogView from './components/AuditLogView';%0A+ import MonitoringView from './components/MonitoringView';%0A+ import SecurityCenterView from './components/SecurityCenterView';%0A+ import MSPCommandCenter from './components/MSPCommandCenter';%0A+ import ReportsView from './components/ReportsView';%0A+ import TrustGraphView from './components/TrustGraphView';%0A+ import { EXTENSIONS } from './workflows/extensionRegistry';%0A+ const PUBLIC_PATHS = new Set(['/','/login','/free-review','/pricing']);%0A+ const EMPTY_CLIENTS: Client[] = []; const EMPTY_PASSPORTS: SoftwarePassport[] = []; const EMPTY_VENDORS: Vendor[] = []; const EMPTY_INTEGRATIONS: Integration[] = []; const EMPTY_SCANS: Scan[] = []; const EMPTY_ALERTS: Alert[] = [];%0A+ function deriveAlertStatus(remediationStatus: string | null | undefined, findingStatus: string | null | undefined): Alert['status'] { switch (remediationStatus) { case 'IN_PROGRESS': case 'READY_FOR_VERIFICATION': return 'Acknowledged'; case 'BLOCKED': return 'Snoozed'; case 'VERIFIED': case 'CLOSED': return 'Resolved'; case 'CANCELLED': return 'Cancelled'; case 'OPEN': return 'Active'; default: return String(findingStatus || '').toLowerCase() === 'resolved' ? 'Resolved' : 'Active'; } }%0A+ function navigate(path: string) { window.history.pushState({}, '', path); window.dispatchEvent(new PopStateEvent('popstate')); }%0A+ function usePath() { const [path, setPath] = useState(() => window.location.pathname || '/'); useEffect(() => { const update = () => setPath(window.location.pathname || '/'); window.addEventListener('popstate', update); return () => window.removeEventListener('popstate', update); }, []); return path; }%0A+ function AuthLoading() { return <div className="grid min-h-screen place-items-center bg-[#faf9f8] text-[#201f1e]"><div className="text-center"><div className="mx-auto grid h-10 w-10 place-items-center rounded bg-[#0f6cbd] text-xs font-bold text-white">S</div><div className="mt-4 text-[11px] font-semibold uppercase tracking-wide text-[#605e5c]">Securing workspace</div><div className="mt-1 text-[12px] text-[#8a8886]">Checking authenticated session…</div></div></div>; }%0A+ function CoverPage() { return <div className="min-h-screen bg-[#faf9f8] text-[#201f1e]"><div className="mx-auto flex min-h-screen max-w-5xl items-center px-6 py-16"><div className="max-w-3xl"><div className="mb-5 inline-flex items-center gap-1.5 rounded border border-[#e1dfdd] bg-white px-2.5 py-1 text-[11px] font-semibold uppercase tracking-wide text-[#605e5c]">Evidence-first software trust</div><h1 className="text-[28px] font-semibold tracking-tight md:text-[34px]">Software trust, operated as a system.</h1><p className="mt-4 max-w-2xl text-[14px] leading-6 text-[#605e5c]">Software Passport Registry turns software identity, security, provenance, reliability, compliance, and evidence into repeatable workflows for teams, buyers, and managed service providers.</p><div className="mt-6 flex flex-wrap gap-2"><button onClick={() => navigate('/login')} className="h-9 rounded bg-[#0f6cbd] px-4 text-[13px] font-semibold text-white hover:bg-[#004578]">Enter SPR</button><button onClick={() => navigate('/free-review')} className="h-9 rounded border border-[#c8c6c4] bg-white px-4 text-[13px] font-medium text-[#323130] hover:bg-black/[.03]">Free review</button></div></div></div></div>; }%0A+ function PublicPage({ title, description, action, onAction }: { title: string; description: string; action: string; onAction: () => void }) { return <div className="grid min-h-screen place-items-center bg-[#faf9f8] px-6 text-[#201f1e]"><div className="max-w-md rounded-md border border-[#e1dfdd] bg-white p-6 text-center"><div className="text-[11px] font-semibold uppercase tracking-wide text-[#605e5c]">Software Passport Registry</div><h1 className="mt-2 text-[20px] font-semibold">{title}</h1><p className="mt-2 text-[13px] leading-5 text-[#605e5c]">{description}</p><button onClick={onAction} className="mt-5 h-9 rounded bg-[#0f6cbd] px-4 text-[13px] font-semibold text-white hover:bg-[#004578]">{action}</button></div></div>; }%0A+ function WorkflowBoundary({ title, description, extensionId, onNavigate }: { title: string; description: string; extensionId?: string; onNavigate: (path: string) => void }) { const extension = extensionId ? EXTENSIONS.find((item) => item.id === extensionId) : undefined; return <section><div className="rounded-md border border-[#e1dfdd] bg-white p-5"><div className="text-[11px] font-semibold uppercase tracking-wide text-[#605e5c]">Workflow boundary</div><h1 className="mt-1.5 text-[20px] font-semibold tracking-tight">{title}</h1><p className="mt-2 max-w-2xl text-[13px] leading-5 text-[#605e5c]">{description}</p>{extension && <button onClick={() => onNavigate(extension.entryPath)} className="mt-4 h-8 rounded bg-[#0f6cbd] px-3 text-[12px] font-semibold text-white hover:bg-[#004578]">Open {extension.name} →</button>}</div></section>; }%0A+ export default function App() {%0A+  const path=usePath(); const [authReady,setAuthReady]=useState(false); const [user,setUser]=useState<User|null>(null); const [role,setRole]=useState('Viewer'); const [selectedClientId,setSelectedClientId]=useState(''); const [selectedPassportId,setSelectedPassportId]=useState<string|null>(null); const [assets,setAssets]=useState<any[]>([]); const [clients,setClients]=useState<Client[]>(EMPTY_CLIENTS); const [passports,setPassports]=useState<SoftwarePassport[]>(EMPTY_PASSPORTS); const [vendors,setVendors]=useState<Vendor[]>(EMPTY_VENDORS); const [alerts,setAlerts]=useState<Alert[]>(EMPTY_ALERTS); const [findings,setFindings]=useState<unknown[]>([]); const [scans,setScans]=useState<Scan[]>(EMPTY_SCANS); const [integrations,setIntegrations]=useState<Integration[]>(EMPTY_INTEGRATIONS); const [theme,setTheme]=useState<'light'|'dark'>('dark'); const [verificationDecisions,setVerificationDecisions]=useState<Record<string,VerificationDecision>>({}); const [verificationDetails,setVerificationDetails]=useState<Record<string,unknown>>({});%0A+  useEffect(()=>{let mounted=true;let redirectSettled=false;let observedUser:User|null=null;const timeoutId=window.setTimeout(()=>{if(mounted)setAuthReady(true)},10000);const unsubscribe=onAuthStateChanged(auth,(currentUser)=>{if(!mounted)return;observedUser=currentUser;if(!redirectSettled)return;setUser(currentUser);setAuthReady(true);window.clearTimeout(timeoutId)},()=>{if(mounted){setAuthReady(true);window.clearTimeout(timeoutId)}});void getRedirectResult(auth).then(result=>{redirectSettled=true;if(mounted)setUser(result?.user||observedUser);if(mounted)setAuthReady(true);window.clearTimeout(timeoutId)}).catch(error=>{redirectSettled=true;console.error('[Firebase redirect sign-in error]',error);if(mounted)setUser(observedUser);if(mounted)setAuthReady(true);window.clearTimeout(timeoutId)});return()=>{mounted=false;window.clearTimeout(timeoutId);unsubscribe()}},[]);%0A+  useEffect(()=>{if(authReady&&!user&&!PUBLIC_PATHS.has(path))navigate('/login')},[authReady,user,path]);%0A+  useEffect(()=>{if(!user)return;let cancelled=false;const load=async()=>{const responses=await Promise.all([apiFetch('/api/user/me'),apiFetch('/api/scans'),apiFetch('/api/trust-loop/findings'),apiFetch('/api/user/passports'),apiFetch('/api/user/clients'),apiFetch('/api/integrations'),apiFetch('/api/user/verification')]);if(responses.some(r=>r.status===401)){await signOut(auth);navigate('/login');return}const [me,scansResponse,findingsResponse,passportsResponse,clientsResponse,integrationsResponse,verificationResponse]=responses;if(verificationResponse.ok){const data=await verificationResponse.json().catch(()=>null);if(!cancelled){setVerificationDecisions(data?.verificationDecisions&&typeof data.verificationDecisions==='object'?data.verificationDecisions:{});setVerificationDetails(data?.verificationDetails&&typeof data.verificationDetails==='object'?data.verificationDetails:{})}}else if(!cancelled){setVerificationDecisions({});setVerificationDetails({})}if(me.ok){const data=await me.json().catch(()=>null);if(!cancelled)setRole(String(data?.role||'Viewer'))}if(scansResponse.ok){const data=await scansResponse.json().catch(()=>[]);if(!cancelled&&Array.isArray(data))setScans(data)}if(findingsResponse.ok){const data=await findingsResponse.json().catch(()=>[]);const rows=Array.isArray(data)?data:data?.findings;if(!cancelled&&Array.isArray(rows)){setFindings(rows);setAlerts(rows.map((row:any)=>({id:String(row.id),title:String(row.title||row.control_id||'Trust finding'),severity:String(row.severity||'Low').replace(/^./,(s:string)=>s.toUpperCase()),category:'Trust finding',clientName:String(row.client_id||'Tenant'),description:String(row.description||'Evidence-backed finding'),timestamp:String(row.updated_at||''),status:deriveAlertStatus(row.remediation_status,row.status),remediationId:row.remediation_id?String(row.remediation_id):null,ownerDisplay:row.remediation_owner_display||null,slaDueAt:row.remediation_sla_due_at||null})) as Alert[])}}if(passportsResponse.ok){const data=await passportsResponse.json().catch(()=>[]);const rows=Array.isArray(data)?data:data?.passports;if(!cancelled&&Array.isArray(rows)){const normalized=rows.map((row:any)=>({...row,id:String(row.id),name:String(row.name||'Unnamed software'),version:String(row.version||'unknown'),publisher:String(row.publisher||'unknown'),clientId:row.clientId?String(row.clientId):undefined,evidence:Array.isArray(row.evidence)?row.evidence:[],vulnerabilities:Array.isArray(row.vulnerabilities)?row.vulnerabilities:[],timeline:Array.isArray(row.timeline)?row.timeline:[],sbom:Array.isArray(row.sbom)?row.sbom:[],scores:null,scoreStatus:row.scoreStatus||'not_authoritatively_scored'})) as SoftwarePassport[];setPassports(normalized);setAssets(normalized.map((passport:any)=>({id:passport.id,name:passport.name,hostName:passport.name,type:passport.category||'software',clientId:passport.clientId,clientName:String(passport.clientId||'Unobserved'),environment:String(passport.environment||'Unobserved'),version:passport.version})));setVendors(EMPTY_VENDORS)}}if(clientsResponse.ok){const data=await clientsResponse.json().catch(()=>[]);const rows=Array.isArray(data)?data:data?.clients;if(!cancelled&&Array.isArray(rows))setClients(rows.map((row:any)=>({...row,id:String(row.id),name:String(row.name||row.company_name||'Unnamed client')})) as Client[])}if(integrationsResponse.ok){const data=await integrationsResponse.json().catch(()=>[]);if(!cancelled&&Array.isArray(data))setIntegrations(data)}};void load().catch(error=>console.warn('[SPR command center load]',error));return()=>{cancelled=true}},[user]);%0A+  useEffect(()=>{const refresh=()=>{if(user)window.location.reload()};window.addEventListener('refresh-data',refresh);return()=>window.removeEventListener('refresh-data',refresh)},[user]);%0A+  const onNavigateTab=(target:string,itemId?:string)=>navigate(itemId?`${target.startsWith('/')?target:`/${target}`}/${encodeURIComponent(itemId)}`:target.startsWith('/')?target:`/${target}`); const quickAction=(action:'add-client'|'register-passport'|'scan-sbom')=>navigate(action==='add-client'?'/clients':action==='register-passport'?'/passports':'/scans');%0A+  const performAlertAction=async(alert:Alert,action:'acknowledge'|'assign'|'resolve'|'escalate'|'snooze'|'reopen',assigneeDisplay?:string)=>{let remediationId=alert.remediationId;if(!remediationId){const created=await apiFetch('/api/trust-loop/remediations',{method:'POST',headers:{'Content-Type':'application/json'},body:JSON.stringify({findingId:alert.id,title:alert.title,description:alert.description,priority:alert.severity.toUpperCase()})});if(!created.ok)return;const createdBody=await created.json().catch(()=>null);remediationId=createdBody?.id?String(createdBody.id):undefined;if(!remediationId)return}const patchBody:Record<string,unknown>={acknowledge:{status:'IN_PROGRESS'},resolve:{status:'CLOSED'},snooze:{status:'BLOCKED'},reopen:{status:'OPEN'},escalate:{status:'IN_PROGRESS',slaDueAt:new Date(Date.now()+4*3600*1000).toISOString()},assign:{status:'IN_PROGRESS',ownerDisplay:assigneeDisplay||''}}[action];const response=await apiFetch(`/api/trust-loop/remediations/${encodeURIComponent(remediationId)}`,{method:'PATCH',headers:{'Content-Type':'application/json'},body:JSON.stringify(patchBody)});if(!response.ok)return;const updated=await response.json().catch(()=>null);setAlerts(current=>current.map(item=>item.id===alert.id?{...item,remediationId,status:deriveAlertStatus(updated?.status??String(patchBody.status),null),ownerDisplay:updated?.owner_display??(patchBody.ownerDisplay as string|undefined)??item.ownerDisplay,slaDueAt:updated?.sla_due_at??(patchBody.slaDueAt as string|undefined)??item.slaDueAt}:item))};%0A+  const selectedExtension=useMemo(()=>{const match=path.match(/^\/extensions\/([^/]+)/);return match?decodeURIComponent(match[1]):null},[path]);const signOutUser=async()=>{await signOut(auth);navigate('/login')};%0A+  if(!authReady)return <AuthLoading/>;if(path==='/')return <CoverPage/>;if(path==='/login')return user?<AuthLoading/>:<LoginView onLoginSuccess={()=>navigate('/dashboard')}/>;if(!user&&path==='/free-review')return <PublicPage title="Free software review" description="Start an evidence-first review from the public entry point." action="Sign in to continue" onAction={()=>navigate('/login')}/>;if(!user&&path==='/pricing')return <PublicPage title="SPR plans" description="Account and billing capabilities are available inside the authenticated workspace." action="Enter SPR" onAction={()=>navigate('/login')}/>;if(!user)return <AuthLoading/>;%0A+  let view:ReactNode;if(selectedExtension)view=<ExtensionWorkflow id={selectedExtension} onNavigate={navigate}/>;else switch(path){case '/dashboard':view=<EvidenceDashboardView clients={clients} alerts={alerts} scans={scans} passports={passports} findings={findings} onNavigateTab={onNavigateTab} onOpenQuickAction={quickAction}/>;break;case '/coverage':view=<CoverageView clients={clients} scans={scans} passports={passports} onNavigateTab={onNavigateTab}/>;break;case '/evidence-explorer':view=<EvidenceExplorerView passports={passports}/>;break;case '/assets':view=<AssetsView clients={clients} searchQuery="" assets={assets}/>;break;case '/passports':case '/registry':view=<PassportsView verificationDecisions={verificationDecisions} verificationDetails={verificationDetails} passports={passports} selectedPassportId={selectedPassportId} setSelectedPassportId={setSelectedPassportId} searchQuery="" clients={clients} assets={assets} role={role} onNavigateTab={onNavigateTab} onUpdatePassport={passport=>setPassports(current=>current.map(item=>item.id===passport.id?passport:item))}/>;break;case '/scans':view=<ScansView scans={scans} clients={clients} assets={assets} passports={passports} role={role} onTriggerNewScan={scan=>setScans(current=>[scan,...current.filter(item=>item.id!==scan.id)].slice(0,100))}/>;break;case '/alerts':view=<AlertsView alerts={alerts} onAlertAction={performAlertAction}/>;break;case '/reports':view=<ReportsView clients={clients} passports={passports} scans={scans} alerts={alerts} findings={findings} role={role}/>;break;case '/trust-graph':view=<TrustGraphView clients={clients} passports={passports} assets={assets} findings={findings}/>;/* onSelectPassport={setSelectedPassportId} */break;case '/clients':view=<ClientsView clients={clients} selectedClientId={selectedClientId} setSelectedClientId={setSelectedClientId} passports={passports} onNavigateTab={onNavigateTab} searchQuery=""/>;break;case '/vendors':view=<VendorsView vendors={vendors} searchQuery=""/>;break;case '/integrations':view=<IntegrationsView passports={passports} onNavigateTab={onNavigateTab}/>;break;case '/monitoring':view=<MonitoringView role={role}/>;break;case '/security':view=<SecurityCenterView clients={clients} passports={passports}/>;break;case '/compliance':view=<ComplianceView clients={clients} role={role}/>;break;case '/msp':view=<MSPCommandCenter verificationDecisions={verificationDecisions} verificationDetails={verificationDetails} clients={clients} alerts={alerts} findings={findings} role={role} onSelectClient={setSelectedClientId} onNavigate={navigate}/>;break;case '/agent-trust':view=<AgentTrustView/>;break;case '/ai-trust-center':view=<AITrustCenterView role={role}/>;break;case '/enterprise-readiness':view=<EnterpriseReadinessView clients={clients}/>;break;case '/investor':view=<InvestorHomeView passports={passports} clients={clients} alerts={alerts} onShowTelemetry={()=>navigate('/scans')} onNavigateTab={onNavigateTab}/>;break;case '/founder':view=<FounderDashboardView userRole={role}/>;break;case '/billing':view=<BillingView/>;break;case '/settings':view=<SettingsView theme={theme} onToggleTheme={()=>setTheme(current=>current==='dark'?'light':'dark')}/>;break;case '/team':view=<TeamView role={role}/>;break;case '/audit-log':view=<AuditLogView/>;break;case '/extensions':view=<ExtensionMarketplace onNavigateTab={onNavigateTab} role={role}/>;break;default:view=<WorkflowBoundary title="Workflow" description="This authenticated capability is explicitly routed through the Command Center. Choose its owning workflow from the left rail." onNavigate={navigate}/>}%0A+  return <CommandCenter path={path} userEmail={user.email} role={role} onNavigate={navigate} onSignOut={()=>void signOutUser()}>{view}</CommandCenter>;%0A+ }%0A+%0A%0A ❯ tests/signup-race-contract.test.ts:50:20%0A%0A

::error file=/home/runner/work/software-passport-registry/software-passport-registry/tests/signup-race-contract.test.ts,title=tests/signup-race-contract.test.ts > 2. automatic Firebase authentication cannot overwrite the signup state > the flag is raised before the account is created%2C not after,line=66,column=18::AssertionError: expected 'const register = async () => {\n    i…' to contain 'endSignupTransition()'%0A%0A- Expected%0A+ Received%0A%0A- endSignupTransition()%0A+ const register = async () => {%0A+     if (loading || googleLoading) return;%0A+     if (!auth || !firebaseConfigured) { setError('Firebase browser configuration is missing. Add the VITE_FIREBASE_* Production variables in Vercel and redeploy.'); return; }%0A+     setLoading(true); setError(''); setNotice('');%0A+     try { const result = await createUserWithEmailAndPassword(auth, email.trim().toLowerCase(), password); await sendEmailVerification(result.user); await signOut(auth); setNotice('Account created. Check your email, verify it, then sign in.'); }%0A+     catch (err: any) { setError(authMessage(err, 'Account creation failed.')); }%0A+     finally { setLoading(false); }%0A+   };%0A+%0A+   %0A%0A ❯ tests/signup-race-contract.test.ts:66:18%0A%0A

::error file=/home/runner/work/software-passport-registry/software-passport-registry/tests/slsa-provenance-route-and-ui-contract.test.ts,title=tests/slsa-provenance-route-and-ui-contract.test.ts > POST /api/passports/%3Aid/evidence/slsa-provenance > requires authentication and an Owner/Admin/Operator role%2C matching the scan-trigger routes,line=19,column=22::AssertionError: expected '/**\n * @license\n * SPDX-License-Ide…' to contain 'router.post(\'/passports/:id/evidence…'%0A%0A- Expected%0A+ Received%0A%0A- router.post('/passports/:id/evidence/slsa-provenance', requireAuth, requireRole(['Owner', 'Admin', 'Operator'])%0A+ /**%0A+  * @license%0A+  * SPDX-License-Identifier: Apache-2.0%0A+  */%0A+%0A+ import { Router } from 'express';%0A+ import { eq } from 'drizzle-orm';%0A+ import { sql } from 'drizzle-orm';%0A+ import { z } from 'zod';%0A+ import { users } from '../db/schema.ts';%0A+ import { AuthenticatedRequest, requireAuth, requireRole } from '../middleware/security.ts';%0A+ import { adminAuth, setUserCustomClaims } from '../lib/firebase-admin.ts';%0A+ import { appendAuditEntry, verifyAuditChain } from '../security/audit-log.ts';%0A+ import { describeUserAgent, sessionFingerprint } from '../security/session-tracking.ts';%0A+ import { offboardTenantData } from '../db/sync.ts';%0A+ import { INTEGRATION_CATALOG } from '../integrations/catalog.ts';%0A+ import { adaptEvidenceForEvaluation } from '../lib/verification/evidenceAdapter.ts';%0A+ import { evaluateVerification, type VerificationDecision } from '../lib/verification/evaluateVerification.ts';%0A+%0A+ const INVITABLE_ROLES = ['Admin', 'Technician', 'Viewer', 'Client'] as const;%0A+ const inviteSchema = z.object({ email: z.string().trim().email().max(255), role: z.enum(INVITABLE_ROLES) }).strict();%0A+ const roleUpdateSchema = z.object({ role: z.enum(INVITABLE_ROLES) }).strict();%0A+ const profileUpdateSchema = z.object({%0A+   displayName: z.string().trim().max(200).optional(),%0A+   roleTitle: z.string().trim().max(200).optional(),%0A+   companyName: z.string().trim().max(200).optional(),%0A+ }).strict();%0A+ const revokeSessionSchema = z.object({ sessionId: z.string().trim().min(1).max(200) }).strict();%0A+%0A+ export function createAuthRouter() {%0A+   const router = Router();%0A+%0A+   // The Firebase ID token is the sole authentication authority. The database%0A+   // record supplies the tenant/RBAC projection after token verification.%0A+   router.get('/user/me', requireAuth, async (req: AuthenticatedRequest, res, next) => {%0A+     try {%0A+       const db = req.db!;%0A+       const user = await db.select({%0A+         id: users.id,%0A+         uid: users.uid,%0A+         email: users.email,%0A+         tenantId: users.tenantId,%0A+         role: users.role,%0A+         companyName: users.companyName,%0A+         roleTitle: users.roleTitle,%0A+         displayName: users.displayName,%0A+         numTechnicians: users.numTechnicians,%0A+         clientCount: users.clientCount,%0A+         primaryUseCase: users.primaryUseCase,%0A+         onboarded: users.onboarded,%0A+         mfaEnabled: users.mfaEnabled,%0A+         createdAt: users.createdAt,%0A+       }).from(users).where(eq(users.uid, req.user!.uid)).then(rows => rows[0]);%0A+%0A+       if (!user) return res.status(403).json({ error: 'User account is not provisioned' });%0A+       return res.json({ ...user, emailVerified: req.user!.emailVerified });%0A+     } catch (error) {%0A+       return next(error);%0A+     }%0A+   });%0A+%0A+   router.put('/user/profile', requireAuth, async (req: AuthenticatedRequest, res, next) => {%0A+     try {%0A+       const db = req.db!;%0A+       const parsed = profileUpdateSchema.safeParse(req.body);%0A+       if (!parsed.success) return res.status(400).json({ error: 'Invalid request', details: parsed.error.flatten() });%0A+       const result = await db.execute(sql`%0A+         UPDATE users SET%0A+           display_name = COALESCE(${parsed.data.displayName ?? null}, display_name),%0A+           role_title = COALESCE(${parsed.data.roleTitle ?? null}, role_title),%0A+           company_name = COALESCE(${parsed.data.companyName ?? null}, company_name)%0A+         WHERE uid = ${req.user!.uid} AND tenant_id = ${req.user!.tenantId}%0A+         RETURNING id, email, display_name AS "displayName", role_title AS "roleTitle", company_name AS "companyName"%0A+       `);%0A+       const row = (result as any).rows?.[0];%0A+       if (!row) return res.status(404).json({ error: 'User account not found' });%0A+       await appendAuditEntry(db, { tenantId: req.user!.tenantId, action: 'profile.updated', actor: req.user!.email, payload: { userId: req.user!.id } });%0A+       return res.json(row);%0A+     } catch (error) {%0A+       return next(error);%0A+     }%0A+   });%0A+%0A+   router.get('/organization/team', requireAuth, async (req: AuthenticatedRequest, res, next) => {%0A+     try {%0A+       const db = req.db!;%0A+       const result = await db.execute(sql`%0A+         SELECT id, email, display_name AS "displayName", role, onboarded, created_at AS "createdAt"%0A+         FROM users WHERE tenant_id = ${req.user!.tenantId} ORDER BY created_at ASC%0A+       `);%0A+       return res.json((result as any).rows ?? []);%0A+     } catch (error) {%0A+       return next(error);%0A+     }%0A+   });%0A+%0A+   router.post('/organization/invite', requireAuth, requireRole(['Owner', 'Admin']), async (req: AuthenticatedRequest, res, next) => {%0A+     try {%0A+       const db = req.db!;%0A+       const parsed = inviteSchema.safeParse(req.body);%0A+       if (!parsed.success) return res.status(400).json({ error: 'Invalid request', details: parsed.error.flatten() });%0A+       const email = parsed.data.email.toLowerCase();%0A+%0A+       const existing = await db.execute(sql`SELECT id FROM users WHERE tenant_id = ${req.user!.tenantId} AND lower(btrim(email)) = ${email} LIMIT 1`);%0A+       if ((existing as any).rows?.length) return res.status(409).json({ error: 'This email is already a member of your workspace.' });%0A+%0A+       let firebaseUser;%0A+       try {%0A+         firebaseUser = await adminAuth.getUserByEmail(email);%0A+       } catch {%0A+         firebaseUser = await adminAuth.createUser({ email, emailVerified: false });%0A+       }%0A+%0A+       const inserted = await db.execute(sql`%0A+         INSERT INTO users (uid, email, tenant_id, role, invited_by, onboarded)%0A+         VALUES (${firebaseUser.uid}, ${email}, ${req.user!.tenantId}, ${parsed.data.role}, ${req.user!.email}, 0)%0A+         RETURNING id, email, role%0A+       `);%0A+       await setUserCustomClaims(firebaseUser.uid, { workspaceId: req.user!.tenantId, role: parsed.data.role });%0A+%0A+       let inviteLink: string | null = null;%0A+       try { inviteLink = await adminAuth.generatePasswordResetLink(email); } catch { inviteLink = null; }%0A+%0A+       await appendAuditEntry(db, { tenantId: req.user!.tenantId, action: 'team.invited', actor: req.user!.email, payload: { invitedEmail: email, role: parsed.data.role } });%0A+       return res.status(201).json({ ...(inserted as any).rows?.[0], inviteLink });%0A+     } catch (error) {%0A+       return next(error);%0A+     }%0A+   });%0A+%0A+   router.put('/organization/team/:userId/role', requireAuth, requireRole(['Owner', 'Admin']), async (req: AuthenticatedRequest, res, next) => {%0A+     try {%0A+       const db = req.db!;%0A+       const parsed = roleUpdateSchema.safeParse(req.body);%0A+       if (!parsed.success) return res.status(400).json({ error: 'Invalid request', details: parsed.error.flatten() });%0A+       const targetId = Number(req.params.userId);%0A+       if (!Number.isInteger(targetId)) return res.status(400).json({ error: 'Invalid user id' });%0A+%0A+       const result = await db.execute(sql`%0A+         UPDATE users SET role = ${parsed.data.role}%0A+         WHERE id = ${targetId} AND tenant_id = ${req.user!.tenantId} AND role <> 'Owner'%0A+         RETURNING id, uid, email, role%0A+       `);%0A+       const row = (result as any).rows?.[0];%0A+       if (!row) return res.status(404).json({ error: 'Team member not found, or the Owner role cannot be changed here.' });%0A+       await setUserCustomClaims(row.uid, { workspaceId: req.user!.tenantId, role: parsed.data.role });%0A+       await appendAuditEntry(db, { tenantId: req.user!.tenantId, action: 'team.role_changed', actor: req.user!.email, payload: { targetUserId: targetId, newRole: parsed.data.role } });%0A+       return res.json({ id: row.id, email: row.email, role: row.role });%0A+     } catch (error) {%0A+       return next(error);%0A+     }%0A+   });%0A+%0A+   router.delete('/organization/team/:userId', requireAuth, requireRole(['Owner', 'Admin']), async (req: AuthenticatedRequest, res, next) => {%0A+     try {%0A+       const db = req.db!;%0A+       const targetId = Number(req.params.userId);%0A+       if (!Number.isInteger(targetId)) return res.status(400).json({ error: 'Invalid user id' });%0A+%0A+       const result = await db.execute(sql`%0A+         DELETE FROM users WHERE id = ${targetId} AND tenant_id = ${req.user!.tenantId} AND role <> 'Owner'%0A+         RETURNING id, uid, email%0A+       `);%0A+       const row = (result as any).rows?.[0];%0A+       if (!row) return res.status(404).json({ error: 'Team member not found, or the Owner cannot be removed.' });%0A+%0A+       try { await adminAuth.updateUser(row.uid, { disabled: true }); await adminAuth.revokeRefreshTokens(row.uid); } catch { /* Firebase account may already be gone; DB removal already took effect. */ }%0A+       await appendAuditEntry(db, { tenantId: req.user!.tenantId, action: 'team.removed', actor: req.user!.email, payload: { targetUserId: targetId, targetEmail: row.email } });%0A+       return res.status(204).send();%0A+     } catch (error) {%0A+       return next(error);%0A+     }%0A+   });%0A+%0A+   router.get('/auth/sessions', requireAuth, async (req: AuthenticatedRequest, res, next) => {%0A+     try {%0A+       const db = req.db!;%0A+       const currentIp = req.ip || req.socket.remoteAddress || 'unknown';%0A+       const currentUserAgent = typeof req.headers['user-agent'] === 'string' ? req.headers['user-agent'].slice(0, 512) : '';%0A+       const currentFingerprint = sessionFingerprint(req.user!.uid, currentIp, currentUserAgent);%0A+%0A+       const result = await db.execute(sql`%0A+         SELECT id, session_fingerprint AS "sessionFingerprint", ip, user_agent AS "userAgent", last_seen_at AS "lastSeenAt"%0A+         FROM user_sessions%0A+         WHERE tenant_id = ${req.user!.tenantId} AND user_id = ${req.user!.id} AND revoked_at IS NULL%0A+         ORDER BY last_seen_at DESC%0A+       `);%0A+       const rows = ((result as any).rows ?? []) as Array<{ id: string; sessionFingerprint: string; ip: string; userAgent: string; lastSeenAt: string }>;%0A+       return res.json(rows.map(row => ({%0A+         id: row.id,%0A+         email: req.user!.email,%0A+         current: row.sessionFingerprint === currentFingerprint,%0A+         ip: row.ip,%0A+         device: describeUserAgent(row.userAgent),%0A+         location: 'Not geolocated',%0A+         lastSeenAt: row.lastSeenAt,%0A+       })));%0A+     } catch (error) {%0A+       return next(error);%0A+     }%0A+   });%0A+%0A+   router.post('/auth/sessions/revoke', requireAuth, async (req: AuthenticatedRequest, res, next) => {%0A+     try {%0A+       const db = req.db!;%0A+       const parsed = revokeSessionSchema.safeParse(req.body);%0A+       if (!parsed.success) return res.status(400).json({ error: 'Invalid request', details: parsed.error.flatten() });%0A+       const currentIp = req.ip || req.socket.remoteAddress || 'unknown';%0A+       const currentUserAgent = typeof req.headers['user-agent'] === 'string' ? req.headers['user-agent'].slice(0, 512) : '';%0A+       const currentFingerprint = sessionFingerprint(req.user!.uid, currentIp, currentUserAgent);%0A+       if (parsed.data.sessionId === `sess_${currentFingerprint}`) return res.status(400).json({ error: 'Cannot revoke the session you are currently using. Sign out instead.' });%0A+%0A+       const result = await db.execute(sql`%0A+         UPDATE user_sessions SET revoked_at = NOW()%0A+         WHERE id = ${parsed.data.sessionId} AND tenant_id = ${req.user!.tenantId} AND user_id = ${req.user!.id} AND revoked_at IS NULL%0A+         RETURNING id%0A+       `);%0A+       if (!((result as any).rows?.length)) return res.status(404).json({ error: 'Session not found' });%0A+       await appendAuditEntry(db, { tenantId: req.user!.tenantId, action: 'session.revoked', actor: req.user!.email, payload: { sessionId: parsed.data.sessionId } });%0A+       return res.status(204).send();%0A+     } catch (error) {%0A+       return next(error);%0A+     }%0A+   });%0A+%0A+   router.get('/auth/login-history', requireAuth, async (req: AuthenticatedRequest, res, next) => {%0A+     try {%0A+       const db = req.db!;%0A+       const result = await db.execute(sql`%0A+         SELECT id, ip, user_agent AS "userAgent", status, occurred_at AS "occurredAt"%0A+         FROM login_history WHERE tenant_id = ${req.user!.tenantId} AND user_id = ${req.user!.id}%0A+         ORDER BY occurred_at DESC LIMIT 50%0A+       `);%0A+       const rows = ((result as any).rows ?? []) as Array<{ id: string; ip: string; userAgent: string; status: string; occurredAt: string }>;%0A+       return res.json(rows.map(row => ({%0A+         id: row.id,%0A+         email: req.user!.email,%0A+         status: row.status,%0A+         action: 'Sign-in',%0A+         timestamp: row.occurredAt,%0A+         ip: row.ip,%0A+         location: 'Not geolocated',%0A+       })));%0A+     } catch (error) {%0A+       return next(error);%0A+     }%0A+   });%0A+%0A+   router.get('/auth/audit-chain', requireAuth, async (req: AuthenticatedRequest, res, next) => {%0A+     try {%0A+       const db = req.db!;%0A+       const beforeRaw = typeof req.query.before === 'string' ? Number(req.query.before) : null;%0A+       const before = Number.isInteger(beforeRaw) && beforeRaw! > 0 ? beforeRaw : null;%0A+       const result = before%0A+         ? await db.execute(sql`%0A+             SELECT id, action, timestamp, actor, payload, current_hash AS "currentHash", previous_hash AS "previousHash"%0A+             FROM audit_trail WHERE tenant_id = ${req.user!.tenantId} AND id < ${before} ORDER BY id DESC LIMIT 50%0A+           `)%0A+         : await db.execute(sql`%0A+         SELECT id, action, timestamp, actor, payload, current_hash AS "currentHash", previous_hash AS "previousHash"%0A+         FROM audit_trail WHERE tenant_id = ${req.user!.tenantId} ORDER BY id DESC LIMIT 50%0A+       `);%0A+       const rows = ((result as any).rows ?? []) as Array<{ id: number; action: string; timestamp: string; actor: string; payload: string; currentHash: string; previousHash: string }>;%0A+       return res.json(rows.map(row => ({%0A+         id: row.id,%0A+         action: row.action,%0A+         timestamp: row.timestamp,%0A+         actor: row.actor,%0A+         payload: row.payload,%0A+         hash: row.currentHash,%0A+         currentHash: row.currentHash,%0A+         previousHash: row.previousHash,%0A+         block: { action: row.action, userEmail: row.actor.includes('@') ? row.actor : null },%0A+       })));%0A+     } catch (error) {%0A+       return next(error);%0A+     }%0A+   });%0A+%0A+   router.get('/auth/audit-chain/verify', requireAuth, async (req: AuthenticatedRequest, res, next) => {%0A+     try {%0A+       const db = req.db!;%0A+       return res.json(await verifyAuditChain(db, req.user!.tenantId));%0A+     } catch (error) {%0A+       return next(error);%0A+     }%0A+   });%0A+%0A+   router.post('/tenant/offboard', requireAuth, requireRole('Owner'), async (req: AuthenticatedRequest, res, next) => {%0A+     try {%0A+       // Purges via the owner-role connection (not req.db): offboarding must be%0A+       // able to see every table it enumerates from information_schema, and it%0A+       // already scopes every DELETE to exactly this caller's own tenant_id.%0A+       await offboardTenantData(req.user!.tenantId);%0A+       return res.status(200).json({ message: 'Tenant data purged.' });%0A+     } catch (error) {%0A+       return next(error);%0A+     }%0A+   });%0A+%0A+   // Owner-only founder metrics. Every value is either observed from tenant%0A+   // data or explicitly reported as not verified; this endpoint never invents%0A+   // production health, security, financial, or performance telemetry.%0A+   router.get('/founder/metrics', requireAuth, requireRole('Owner'), async (req: AuthenticatedRequest, res, next) => {%0A+     try {%0A+       const db = req.db!;%0A+       const counts = await db.execute(sql`%0A+         SELECT%0A+           (SELECT COUNT(*)::int FROM clients WHERE tenant_id = ${req.user!.tenantId}) AS "clientCount",%0A+           (SELECT COUNT(*)::int FROM passports WHERE tenant_id = ${req.user!.tenantId}) AS "passportCount",%0A+           (SELECT COUNT(*)::int FROM scans WHERE tenant_id = ${req.user!.tenantId}) AS "scanCount"%0A+       `);%0A+       const row = (counts as any).rows?.[0] || {};%0A+       return res.json({%0A+         latency: 'Not verified',%0A+         capitalProtected: 'Not verified',%0A+         throughput: 'Not verified',%0A+         mitigations: 'Not verified',%0A+         overallScore: null,%0A+         auditEvents: null,%0A+         activeThreats: null,%0A+         systemIntegrity: 'Not verified',%0A+         observed: {%0A+           clientCount: Number(row.clientCount || 0),%0A+           passportCount: Number(row.passportCount || 0),%0A+           scanCount: Number(row.scanCount || 0),%0A+         },%0A+       });%0A+     } catch (error) {%0A+       return next(error);%0A+     }%0A+   });%0A+%0A+   // Owner-only operational health for the command center. Every section reads%0A+   // from the real tables the corresponding subsystem already writes -- no%0A+   // second heartbeat, delivery ledger, integration status, or audit verifier%0A+   // is created here. Sections with no real backing data are omitted rather%0A+   // than populated with placeholder values; see the `notes` field.%0A+   router.get('/founder/operations', requireAuth, requireRole('Owner'), async (req: AuthenticatedRequest, res, next) => {%0A+     try {%0A+       const db = req.db!;%0A+       const tenantId = req.user!.tenantId;%0A+       const notes: string[] = [];%0A+%0A+       // --- A. Worker/job health ---------------------------------------------%0A+       // osv-worker.ts claims agent_jobs rows (job_type osv_manifest_scan /%0A+       // repository_scan). It has no separate heartbeat row; the queue state%0A+       // itself (locked_at/locked_by, the same 10-minute staleness window the%0A+       // worker uses to reclaim stuck jobs) is the real signal.%0A+       const [osvCounts, osvStale, osvFailures, osvActivity] = await Promise.all([%0A+         db.execute(sql`SELECT job_type AS "jobType", status, COUNT(*)::int AS count FROM agent_jobs WHERE tenant_id=${tenantId} AND job_type IN ('osv_manifest_scan','repository_scan') GROUP BY job_type, status`),%0A+         db.execute(sql`SELECT COUNT(*)::int AS count FROM agent_jobs WHERE tenant_id=${tenantId} AND job_type IN ('osv_manifest_scan','repository_scan') AND status='Running' AND locked_at < NOW() - INTERVAL '10 minutes'`),%0A+         db.execute(sql`SELECT id, job_type AS "jobType", error, attempt_count AS "attemptCount", max_attempts AS "maxAttempts", updated_at AS "updatedAt" FROM agent_jobs WHERE tenant_id=${tenantId} AND job_type IN ('osv_manifest_scan','repository_scan') AND status='Failed' ORDER BY updated_at DESC LIMIT 5`),%0A+         db.execute(sql`SELECT MAX(updated_at) AS "lastActivityAt" FROM agent_jobs WHERE tenant_id=${tenantId} AND job_type IN ('osv_manifest_scan','repository_scan')`),%0A+       ]);%0A+%0A+       // monitoring-worker.ts (the file name this dashboard's spec named) is not%0A+       // imported by worker.ts and never runs in production -- confirmed dead%0A+       // code, not a running system. trust-monitoring-worker.ts is the real,%0A+       // currently-running system that plays the equivalent role (collector_jobs%0A+       // has an actual heartbeat_at column, unlike agent_jobs).%0A+       const [monitoringCounts, monitoringHeartbeat, monitoringFailures] = await Promise.all([%0A+         db.execute(sql`SELECT state, COUNT(*)::int AS count FROM collector_jobs WHERE tenant_id=${tenantId} GROUP BY state`),%0A+         db.execute(sql`SELECT MAX(heartbeat_at) AS "lastHeartbeatAt" FROM collector_jobs WHERE tenant_id=${tenantId} AND state='running'`),%0A+         db.execute(sql`SELECT id, collector_id AS "collectorId", safe_error_code AS "errorCode", safe_error_message AS "errorMessage", completed_at AS "completedAt" FROM collector_jobs WHERE tenant_id=${tenantId} AND state IN ('failed','dead_lettered') ORDER BY completed_at DESC NULLS LAST LIMIT 5`),%0A+       ]);%0A+       notes.push('monitoring-worker.ts is dead code (never imported by worker.ts); "monitoringWorker" below reflects trust-monitoring-worker.ts, the real running system for the same role.');%0A+%0A+       // --- B. Webhook delivery health ----------------------------------------%0A+       const [webhookCounts, webhookEndpoints, webhookFailures] = await Promise.all([%0A+         db.execute(sql`SELECT status, COUNT(*)::int AS count FROM spr_webhook_deliveries WHERE tenant_id=${tenantId} AND created_at::timestamptz > NOW() - INTERVAL '7 days' GROUP BY status`),%0A+         db.execute(sql`SELECT COUNT(*) FILTER (WHERE active)::int AS "activeCount", COUNT(*) FILTER (WHERE NOT active)::int AS "disabledCount" FROM spr_webhooks WHERE tenant_id=${tenantId}`),%0A+         db.execute(sql`SELECT d.id, d.webhook_id AS "webhookId", w.url, d.event_type AS "eventType", d.safe_error_code AS "errorCode", d.safe_error_message AS "errorMessage", d.completed_at AS "completedAt" FROM spr_webhook_deliveries d JOIN spr_webhooks w ON w.id=d.webhook_id AND w.tenant_id=d.tenant_id WHERE d.tenant_id=${tenantId} AND d.status IN ('failed','dead_lettered') ORDER BY d.completed_at DESC NULLS LAST LIMIT 10`),%0A+       ]);%0A+       notes.push('Webhook failures are grouped by destination endpoint (webhookId/url), not "provider" -- SPR webhooks are user-configured destination URLs, not third-party provider connectors; there is no per-provider concept for outbound deliveries.');%0A+%0A+       // --- C. Integration health ----------------------------------------------%0A+       const [credentialRows, integrationRows] = await Promise.all([%0A+         db.execute(sql`SELECT provider, status, last_tested_at AS "lastTestedAt" FROM integration_credentials WHERE tenant_id=${tenantId}`),%0A+         db.execute(sql`SELECT name, connected, last_sync_date AS "lastSyncDate" FROM integrations WHERE tenant_id=${tenantId}`),%0A+       ]);%0A+       const credentialByProvider = new Map<string, any>((credentialRows as any).rows?.map((r: any) => [r.provider, r]) ?? []);%0A+       const integrationByName = new Map<string, any>((integrationRows as any).rows?.map((r: any) => [r.name, r]) ?? []);%0A+       const integrations = INTEGRATION_CATALOG.map((item) => ({%0A+         provider: item.provider,%0A+         name: item.name,%0A+         connected: Boolean(integrationByName.get(item.name)?.connected),%0A+         lastSyncDate: integrationByName.get(item.name)?.lastSyncDate ?? null,%0A+         credentialStatus: credentialByProvider.get(item.provider)?.status ?? 'NOT_CONFIGURED',%0A+         lastTestedAt: credentialByProvider.get(item.provider)?.lastTestedAt ?? null,%0A+       }));%0A+%0A+       // --- D. Audit chain integrity --------------------------------------------%0A+       // Reuses the exact function GET /api/auth/audit-chain/verify calls --%0A+       // no second verifier.%0A+       const auditChain = await verifyAuditChain(db, tenantId);%0A+%0A+       // --- E. Scan / job queue --------------------------------------------------%0A+       const [runningRepoScans, complianceSchedules] = await Promise.all([%0A+         db.execute(sql`SELECT id, passport_id AS "passportId", status, progress, updated_at AS "updatedAt" FROM agent_jobs WHERE tenant_id=${tenantId} AND job_type='repository_scan' AND status='Running' ORDER BY updated_at DESC LIMIT 10`),%0A+         db.execute(sql`SELECT id, client_id AS "clientId", frequency, status, last_audit_at AS "lastAuditAt", next_audit_at AS "nextAuditAt" FROM compliance_schedules WHERE tenant_id=${tenantId} ORDER BY COALESCE(last_audit_at, created_at) DESC LIMIT 10`),%0A+       ]);%0A+%0A+       return res.json({%0A+         generatedAt: new Date().toISOString(),%0A+         workers: {%0A+           osv: {%0A+             countsByStatus: (osvCounts as any).rows ?? [],%0A+             staleRunningCount: Number((osvStale as any).rows?.[0]?.count ?? 0),%0A+             recentFailures: (osvFailures as any).rows ?? [],%0A+             lastActivityAt: (osvActivity as any).rows?.[0]?.lastActivityAt ?? null,%0A+           },%0A+           monitoringWorker: {%0A+             realSource: 'trust-monitoring-worker.ts (collector_jobs)',%0A+             countsByState: (monitoringCounts as any).rows ?? [],%0A+             lastHeartbeatAt: (monitoringHeartbeat as any).rows?.[0]?.lastHeartbeatAt ?? null,%0A+             recentFailures: (monitoringFailures as any).rows ?? [],%0A+           },%0A+         },%0A+         webhooks: {%0A+           countsByStatusLast7Days: (webhookCounts as any).rows ?? [],%0A+           activeEndpoints: Number((webhookEndpoints as any).rows?.[0]?.activeCount ?? 0),%0A+           disabledEndpoints: Number((webhookEndpoints as any).rows?.[0]?.disabledCount ?? 0),%0A+           recentFailures: (webhookFailures as any).rows ?? [],%0A+         },%0A+         integrations,%0A+         auditChain,%0A+         queue: {%0A+           runningRepositoryScans: (runningRepoScans as any).rows ?? [],%0A+           recentlyFailedJobs: (osvFailures as any).rows ?? [],%0A+           complianceSchedules: (complianceSchedules as any).rows ?? [],%0A+         },%0A+         notes,%0A+       });%0A+     } catch (error) {%0A+       return next(error);%0A+     }%0A+   });%0A+%0A+   // Owner-only self-passport retrieval. Absence of evidence is represented as%0A+   // a 404 instead of a fabricated passport or trust score.%0A+   router.get('/passports/self-passport', requireAuth, requireRole('Owner'), async (req: AuthenticatedRequest, res, next) => {%0A+     try {%0A+       const db = req.db!;%0A+       const result = await db.execute(sql`%0A+         SELECT%0A+           id,%0A+           name,%0A+           version,%0A+           publisher,%0A+           release_date AS "releaseDate",%0A+           evidence%0A+         FROM passports%0A+         WHERE tenant_id = ${req.user!.tenantId}%0A+         ORDER BY release_date DESC NULLS LAST, id DESC%0A+         LIMIT 1%0A+       `);%0A+       const row = (result as any).rows?.[0];%0A+       if (!row) return res.status(404).json({ error: 'Self passport evidence not found', code: 'SELF_PASSPORT_NOT_FOUND' });%0A+       return res.json({%0A+         ...row,%0A+         overallScore: null,%0A+         healthStatus: 'Not verified',%0A+         evidence: Array.isArray(row.evidence) ? row.evidence : [],%0A+       });%0A+     } catch (error) {%0A+       return next(error);%0A+     }%0A+   });%0A+%0A+   // Firebase-authenticated, tenant-scoped reads for the first-party SPA.%0A+   // These are deliberately separate from /connect/v1, which is API-key based.%0A+   router.get('/user/clients', requireAuth, async (req: AuthenticatedRequest, res, next) => {%0A+     try {%0A+       const db = req.db!;%0A+       const result = await db.execute(sql`SELECT id, name, domain, industry, trust_score AS "trustScore", risk_level AS "riskLevel", avatar_color AS "avatarColor", subscription_tier AS "subscriptionTier", joined_date AS "joinedDate", team_count AS "teamCount", passport_count AS "passportCount", critical_risks_count AS "criticalRisksCount", compliance_progress AS "complianceProgress", software_inventory AS "softwareInventory", compliance_status AS "complianceStatus", team_members AS "teamMembers", activity_timeline AS "activityTimeline" FROM clients WHERE tenant_id=${req.user!.tenantId} ORDER BY joined_date DESC`);%0A+       return res.json((result as any).rows || []);%0A+     } catch (error) {%0A+       return next(error);%0A+     }%0A+   });%0A+%0A+   router.get('/user/passports', requireAuth, async (req: AuthenticatedRequest, res, next) => {%0A+     try {%0A+       const db = req.db!;%0A+       const result = await db.execute(sql`SELECT p.id, p.client_id AS "clientId", p.name, p.version, p.publisher, p.category, p.release_date AS "releaseDate", p.license_type AS "licenseType", p.sbom, COALESCE((SELECT json_agg(json_build_object('id', e.id, 'name', e.name, 'type', e.type, 'verified', e.verified, 'status', e.status, 'signer', e.signer, 'timestamp', e.timestamp, 'hash', e.hash, 'engineId', e.engine_id, 'verificationFailureReason', e.verification_failure_reason) ORDER BY e.timestamp DESC) FROM evidence_items e WHERE e.tenant_id=p.tenant_id AND e.asset_id=p.id), '[]'::json) AS evidence, COALESCE((SELECT json_agg(json_build_object('id', f.id, 'findingId', f.id, 'severity', f.severity, 'category', f.category, 'title', f.title, 'description', f.description, 'component', f.component, 'fixedVersion', f.fixed_version, 'status', f.status, 'detectedAt', f.detected_at, 'engineId', f.engine_id) ORDER BY f.detected_at DESC) FROM scan_findings f WHERE f.tenant_id=p.tenant_id AND f.asset_id=p.id), '[]'::json) AS vulnerabilities, p.timeline, NULL AS scores, 'not_authoritatively_scored' AS "scoreStatus" FROM passports p WHERE p.tenant_id=${req.user!.tenantId} ORDER BY p.name ASC`);%0A+       return res.json((result as any).rows || []);%0A+     } catch (error) {%0A+       return next(error);%0A+     }%0A+   });%0A+%0A+   router.get('/user/extensions', requireAuth, async (req: AuthenticatedRequest, res, next) => {%0A+     try {%0A+       const db = req.db!;%0A+       const result = await db.execute(sql`SELECT extension_id AS "extensionId", installed_at AS "installedAt" FROM extension_installations WHERE tenant_id=${req.user!.tenantId} ORDER BY installed_at DESC`);%0A+       return res.json((result as any).rows || []);%0A+     } catch (error) {%0A+       return next(error);%0A+     }%0A+   });%0A+%0A+   router.post('/user/extensions/:extensionId', requireAuth, requireRole(['Owner', 'Admin', 'Operator']), async (req: AuthenticatedRequest, res, next) => {%0A+     try {%0A+       const extensionId = String(req.params.extensionId || '').trim();%0A+       if (!/^[A-Za-z0-9_.-]{1,120}$/.test(extensionId)) return res.status(400).json({ error: 'Invalid extension id' });%0A+       const db = req.db!;%0A+       const result = await db.execute(sql`INSERT INTO extension_installations (tenant_id, extension_id, installed_at) VALUES (${req.user!.tenantId}, ${extensionId}, NOW()) ON CONFLICT (tenant_id, extension_id) DO UPDATE SET installed_at=NOW() RETURNING extension_id AS "extensionId", installed_at AS "installedAt"`);%0A+       return res.status(201).json((result as any).rows?.[0]);%0A+     } catch (error) {%0A+       return next(error);%0A+     }%0A+   });%0A+%0A+   router.delete('/user/extensions/:extensionId', requireAuth, requireRole(['Owner', 'Admin', 'Operator']), async (req: AuthenticatedRequest, res, next) => {%0A+     try {%0A+       const db = req.db!;%0A+       const extensionId = String(req.params.extensionId || '').trim();%0A+       const result = await db.execute(sql`DELETE FROM extension_installations WHERE tenant_id=${req.user!.tenantId} AND extension_id=${extensionId} RETURNING extension_id`);%0A+       if (!((result as any).rows?.length)) return res.status(404).json({ error: 'Extension installation not found' });%0A+       return res.status(204).send();%0A+     } catch (error) {%0A+       return next(error);%0A+     }%0A+   });%0A+%0A+   router.get('/auth/verify-status', requireAuth, async (req: AuthenticatedRequest, res) => {%0A+     return res.json({ verified: req.user!.emailVerified, emailVerified: req.user!.emailVerified });%0A+   });%0A+%0A+%0A+%0A+   router.get('/user/passports/:id/verification', requireAuth, async (req: AuthenticatedRequest, res, next) => {%0A+     try {%0A+       const db = req.db!;%0A+       const tenantId = req.user!.tenantId;%0A+       const clientScope = req.user!.role === 'Client' ? (req.user as any).clientId : null;%0A+       const passportResult = await db.execute(sql`SELECT id, version, evidence, client_id AS "clientId" FROM passports WHERE id=${req.params.id} AND tenant_id=${tenantId} AND (${clientScope} IS NULL OR client_id=${clientScope}) LIMIT 1`) as any;%0A+       const passport = passportResult.rows?.[0];%0A+       if (!passport) return res.status(404).json({ error: 'Passport not found' });%0A+       const findingResult = await db.execute(sql`SELECT id, passport_id AS "passportId", evidence_ids, status FROM trust_findings WHERE tenant_id=${tenantId} AND passport_id=${passport.id}`) as any;%0A+       const parseJson = (value: unknown): unknown[] => { try { const parsed = JSON.parse(String(value ?? '')); return Array.isArray(parsed) ? parsed : []; } catch { return []; } };%0A+       const openFindingEvidenceIds = (findingResult.rows ?? []).filter((row: any) => !['resolved','closed','verified'].includes(String(row.status || '').toLowerCase())).flatMap((row: any) => parseJson(row.evidence_ids)).filter((id: any): id is string => typeof id === 'string');%0A+       const adapted = adaptEvidenceForEvaluation({ evidence: parseJson(passport.evidence) as any[], passportVersion: passport.version, openFindingEvidenceIds });%0A+       const evaluatedAt = Date.now();%0A+       const decision = evaluateVerification({ evidence: adapted.evidence, evaluatedAt, targetIdentity: adapted.targetIdentity });%0A+       res.setHeader('Cache-Control', 'private, max-age=0, no-store');%0A+       return res.json({ decision, observations: decision.observationCount, independentSources: decision.independentSourceCount });%0A+     } catch (error) { return next(error); }%0A+   });%0A+%0A+   router.get('/user/verification', requireAuth, async (req: AuthenticatedRequest, res, next) => {%0A+     try {%0A+       const db = req.db!;%0A+       const tenantId = req.user!.tenantId;%0A+       const clientScope = req.user!.role === 'Client' ? (req.user as any).clientId : null;%0A+       const passportRows = (await db.execute(sql`SELECT id, version, evidence, client_id AS "clientId" FROM passports WHERE tenant_id=${tenantId} AND (${clientScope} IS NULL OR client_id=${clientScope}) ORDER BY id`) as any).rows ?? [];%0A+       const passportIds = passportRows.map((row: any) => String(row.id));%0A+       const parseJson = (value: unknown): unknown[] => { try { const parsed = JSON.parse(String(value ?? '')); return Array.isArray(parsed) ? parsed : []; } catch { return []; } };%0A+       // Drizzle's proven one-query binding shape for the passport findings is%0A+       // `asset_id IN ${passportIds}`; do not replace this with ANY(array).%0A+       const findingRows = passportIds.length ? ((await db.execute(sql`SELECT id, passport_id AS "passportId", evidence_ids, status FROM trust_findings WHERE tenant_id=${tenantId} AND passport_id IN ${passportIds}`) as any).rows ?? []) : [];%0A+       const evidenceByPassport = new Map<string, any[]>();%0A+       for (const passport of passportRows) evidenceByPassport.set(String(passport.id), parseJson(passport.evidence) as any[]);%0A+       const evaluatedAt = Date.now();%0A+       const verificationDecisions: Record<string, VerificationDecision> = {};%0A+       const verificationDetails: Record<string, unknown> = {};%0A+       for (const passport of passportRows) {%0A+         const findings = findingRows.filter((row: any) => String(row.passportId) === String(passport.id));%0A+         const openFindingEvidenceIds = findings.filter((row: any) => !['resolved','closed','verified'].includes(String(row.status || '').toLowerCase())).flatMap((row: any) => parseJson(row.evidence_ids)).filter((id: any): id is string => typeof id === 'string');%0A+         const adapted = adaptEvidenceForEvaluation({ evidence: evidenceByPassport.get(String(passport.id)) ?? [], passportVersion: passport.version, openFindingEvidenceIds });%0A+         const decision = evaluateVerification({ evidence: adapted.evidence, evaluatedAt, targetIdentity: adapted.targetIdentity });%0A+         verificationDecisions[String(passport.id)] = decision;%0A+         verificationDetails[String(passport.id)] = { unmappedCount: adapted.unmappedCount, undatedCount: adapted.undatedCount, observations: decision.observationCount, independentSources: decision.independentSourceCount };%0A+       }%0A+       res.setHeader('Cache-Control', 'private, max-age=0, no-store');%0A+       return res.json({ verificationDecisions, verificationDetails });%0A+     } catch (error) { return next(error); }%0A+   });%0A+%0A+   return router;%0A+ }%0A+%0A%0A ❯ tests/slsa-provenance-route-and-ui-contract.test.ts:19:22%0A%0A

::error file=/home/runner/work/software-passport-registry/software-passport-registry/tests/slsa-provenance-route-and-ui-contract.test.ts,title=tests/slsa-provenance-route-and-ui-contract.test.ts > POST /api/passports/%3Aid/evidence/slsa-provenance > is scoped to the caller's own tenant when looking up the passport,line=24,column=18::AssertionError: expected '' to contain 'WHERE id=${passportId} AND tenant_id=…'%0A%0A- Expected%0A+ Received%0A%0A- WHERE id=${passportId} AND tenant_id=${tenantId}%0A%0A ❯ tests/slsa-provenance-route-and-ui-contract.test.ts:24:18%0A%0A

::error file=/home/runner/work/software-passport-registry/software-passport-registry/tests/slsa-provenance-route-and-ui-contract.test.ts,title=tests/slsa-provenance-route-and-ui-contract.test.ts > POST /api/passports/%3Aid/evidence/slsa-provenance > independently re-verifies the submitted statement -- it never trusts the caller's claim,line=29,column=18::AssertionError: expected '' to contain 'verifySlsaProvenance(parsed.data.stat…'%0A%0A- Expected%0A+ Received%0A%0A- verifySlsaProvenance(parsed.data.statement, parsed.data.hash)%0A%0A ❯ tests/slsa-provenance-route-and-ui-contract.test.ts:29:18%0A%0A

::error file=/home/runner/work/software-passport-registry/software-passport-registry/tests/slsa-provenance-route-and-ui-contract.test.ts,title=tests/slsa-provenance-route-and-ui-contract.test.ts > POST /api/passports/%3Aid/evidence/slsa-provenance > never accumulates duplicate SLSA rows -- a prior result for this passport is replaced%2C not appended,line=34,column=18::AssertionError: expected '' to contain 'DELETE FROM evidence_items WHERE tena…'%0A%0A- Expected%0A+ Received%0A%0A- DELETE FROM evidence_items WHERE tenant_id=${tenantId} AND asset_id=${passportId} AND type='Attestation' AND name='SLSA Provenance Attestation'%0A%0A ❯ tests/slsa-provenance-route-and-ui-contract.test.ts:34:18%0A%0A

::error file=/home/runner/work/software-passport-registry/software-passport-registry/tests/slsa-provenance-route-and-ui-contract.test.ts,title=tests/slsa-provenance-route-and-ui-contract.test.ts > POST /api/passports/%3Aid/evidence/slsa-provenance > records the DB status/verified flag from the independent verification result%2C not a hardcoded value,line=39,column=18::AssertionError: expected '' to contain '${result.outcome === \'VERIFIED\' ? 1…'%0A%0A- Expected%0A+ Received%0A%0A- ${result.outcome === 'VERIFIED' ? 1 : 0}, ${result.outcome}%0A%0A ❯ tests/slsa-provenance-route-and-ui-contract.test.ts:39:18%0A%0A

::error file=/home/runner/work/software-passport-registry/software-passport-registry/tests/slsa-provenance-route-and-ui-contract.test.ts,title=tests/slsa-provenance-route-and-ui-contract.test.ts > POST /api/passports/%3Aid/evidence/slsa-provenance > audits both a verified and a failed outcome,line=44,column=18::AssertionError: expected '' to contain 'result.outcome === \'VERIFIED\' ? \'e…'%0A%0A- Expected%0A+ Received%0A%0A- result.outcome === 'VERIFIED' ? 'evidence.slsa_provenance.verified' : 'evidence.slsa_provenance.failed'%0A%0A ❯ tests/slsa-provenance-route-and-ui-contract.test.ts:44:18%0A%0A

::error file=/home/runner/work/software-passport-registry/software-passport-registry/tests/slsa-provenance-route-and-ui-contract.test.ts,title=tests/slsa-provenance-route-and-ui-contract.test.ts > POST /api/passports/%3Aid/evidence/slsa-provenance > recomputes the passport's trust score through the single canonical scoring engine after recording new evidence,line=49,column=18::AssertionError: expected '' to contain 'await calculateAndStoreTrustScore(pas…'%0A%0A- Expected%0A+ Received%0A%0A- await calculateAndStoreTrustScore(passportId, tenantId);%0A%0A ❯ tests/slsa-provenance-route-and-ui-contract.test.ts:49:18%0A%0A

::error file=/home/runner/work/software-passport-registry/software-passport-registry/tests/slsa-provenance-route-and-ui-contract.test.ts,title=tests/slsa-provenance-route-and-ui-contract.test.ts > POST /api/passports/%3Aid/evidence/slsa-provenance > GET /user/passports surfaces rawContent and failureReason so the UI can render real evidence detail,line=54,column=15::AssertionError: expected '/**\n * @license\n * SPDX-License-Ide…' to contain '\'failureReason\', e.verification_fai…'%0A%0A- Expected%0A+ Received%0A%0A- 'failureReason', e.verification_failure_reason, 'rawContent', e.raw_content%0A+ /**%0A+  * @license%0A+  * SPDX-License-Identifier: Apache-2.0%0A+  */%0A+%0A+ import { Router } from 'express';%0A+ import { eq } from 'drizzle-orm';%0A+ import { sql } from 'drizzle-orm';%0A+ import { z } from 'zod';%0A+ import { users } from '../db/schema.ts';%0A+ import { AuthenticatedRequest, requireAuth, requireRole } from '../middleware/security.ts';%0A+ import { adminAuth, setUserCustomClaims } from '../lib/firebase-admin.ts';%0A+ import { appendAuditEntry, verifyAuditChain } from '../security/audit-log.ts';%0A+ import { describeUserAgent, sessionFingerprint } from '../security/session-tracking.ts';%0A+ import { offboardTenantData } from '../db/sync.ts';%0A+ import { INTEGRATION_CATALOG } from '../integrations/catalog.ts';%0A+ import { adaptEvidenceForEvaluation } from '../lib/verification/evidenceAdapter.ts';%0A+ import { evaluateVerification, type VerificationDecision } from '../lib/verification/evaluateVerification.ts';%0A+%0A+ const INVITABLE_ROLES = ['Admin', 'Technician', 'Viewer', 'Client'] as const;%0A+ const inviteSchema = z.object({ email: z.string().trim().email().max(255), role: z.enum(INVITABLE_ROLES) }).strict();%0A+ const roleUpdateSchema = z.object({ role: z.enum(INVITABLE_ROLES) }).strict();%0A+ const profileUpdateSchema = z.object({%0A+   displayName: z.string().trim().max(200).optional(),%0A+   roleTitle: z.string().trim().max(200).optional(),%0A+   companyName: z.string().trim().max(200).optional(),%0A+ }).strict();%0A+ const revokeSessionSchema = z.object({ sessionId: z.string().trim().min(1).max(200) }).strict();%0A+%0A+ export function createAuthRouter() {%0A+   const router = Router();%0A+%0A+   // The Firebase ID token is the sole authentication authority. The database%0A+   // record supplies the tenant/RBAC projection after token verification.%0A+   router.get('/user/me', requireAuth, async (req: AuthenticatedRequest, res, next) => {%0A+     try {%0A+       const db = req.db!;%0A+       const user = await db.select({%0A+         id: users.id,%0A+         uid: users.uid,%0A+         email: users.email,%0A+         tenantId: users.tenantId,%0A+         role: users.role,%0A+         companyName: users.companyName,%0A+         roleTitle: users.roleTitle,%0A+         displayName: users.displayName,%0A+         numTechnicians: users.numTechnicians,%0A+         clientCount: users.clientCount,%0A+         primaryUseCase: users.primaryUseCase,%0A+         onboarded: users.onboarded,%0A+         mfaEnabled: users.mfaEnabled,%0A+         createdAt: users.createdAt,%0A+       }).from(users).where(eq(users.uid, req.user!.uid)).then(rows => rows[0]);%0A+%0A+       if (!user) return res.status(403).json({ error: 'User account is not provisioned' });%0A+       return res.json({ ...user, emailVerified: req.user!.emailVerified });%0A+     } catch (error) {%0A+       return next(error);%0A+     }%0A+   });%0A+%0A+   router.put('/user/profile', requireAuth, async (req: AuthenticatedRequest, res, next) => {%0A+     try {%0A+       const db = req.db!;%0A+       const parsed = profileUpdateSchema.safeParse(req.body);%0A+       if (!parsed.success) return res.status(400).json({ error: 'Invalid request', details: parsed.error.flatten() });%0A+       const result = await db.execute(sql`%0A+         UPDATE users SET%0A+           display_name = COALESCE(${parsed.data.displayName ?? null}, display_name),%0A+           role_title = COALESCE(${parsed.data.roleTitle ?? null}, role_title),%0A+           company_name = COALESCE(${parsed.data.companyName ?? null}, company_name)%0A+         WHERE uid = ${req.user!.uid} AND tenant_id = ${req.user!.tenantId}%0A+         RETURNING id, email, display_name AS "displayName", role_title AS "roleTitle", company_name AS "companyName"%0A+       `);%0A+       const row = (result as any).rows?.[0];%0A+       if (!row) return res.status(404).json({ error: 'User account not found' });%0A+       await appendAuditEntry(db, { tenantId: req.user!.tenantId, action: 'profile.updated', actor: req.user!.email, payload: { userId: req.user!.id } });%0A+       return res.json(row);%0A+     } catch (error) {%0A+       return next(error);%0A+     }%0A+   });%0A+%0A+   router.get('/organization/team', requireAuth, async (req: AuthenticatedRequest, res, next) => {%0A+     try {%0A+       const db = req.db!;%0A+       const result = await db.execute(sql`%0A+         SELECT id, email, display_name AS "displayName", role, onboarded, created_at AS "createdAt"%0A+         FROM users WHERE tenant_id = ${req.user!.tenantId} ORDER BY created_at ASC%0A+       `);%0A+       return res.json((result as any).rows ?? []);%0A+     } catch (error) {%0A+       return next(error);%0A+     }%0A+   });%0A+%0A+   router.post('/organization/invite', requireAuth, requireRole(['Owner', 'Admin']), async (req: AuthenticatedRequest, res, next) => {%0A+     try {%0A+       const db = req.db!;%0A+       const parsed = inviteSchema.safeParse(req.body);%0A+       if (!parsed.success) return res.status(400).json({ error: 'Invalid request', details: parsed.error.flatten() });%0A+       const email = parsed.data.email.toLowerCase();%0A+%0A+       const existing = await db.execute(sql`SELECT id FROM users WHERE tenant_id = ${req.user!.tenantId} AND lower(btrim(email)) = ${email} LIMIT 1`);%0A+       if ((existing as any).rows?.length) return res.status(409).json({ error: 'This email is already a member of your workspace.' });%0A+%0A+       let firebaseUser;%0A+       try {%0A+         firebaseUser = await adminAuth.getUserByEmail(email);%0A+       } catch {%0A+         firebaseUser = await adminAuth.createUser({ email, emailVerified: false });%0A+       }%0A+%0A+       const inserted = await db.execute(sql`%0A+         INSERT INTO users (uid, email, tenant_id, role, invited_by, onboarded)%0A+         VALUES (${firebaseUser.uid}, ${email}, ${req.user!.tenantId}, ${parsed.data.role}, ${req.user!.email}, 0)%0A+         RETURNING id, email, role%0A+       `);%0A+       await setUserCustomClaims(firebaseUser.uid, { workspaceId: req.user!.tenantId, role: parsed.data.role });%0A+%0A+       let inviteLink: string | null = null;%0A+       try { inviteLink = await adminAuth.generatePasswordResetLink(email); } catch { inviteLink = null; }%0A+%0A+       await appendAuditEntry(db, { tenantId: req.user!.tenantId, action: 'team.invited', actor: req.user!.email, payload: { invitedEmail: email, role: parsed.data.role } });%0A+       return res.status(201).json({ ...(inserted as any).rows?.[0], inviteLink });%0A+     } catch (error) {%0A+       return next(error);%0A+     }%0A+   });%0A+%0A+   router.put('/organization/team/:userId/role', requireAuth, requireRole(['Owner', 'Admin']), async (req: AuthenticatedRequest, res, next) => {%0A+     try {%0A+       const db = req.db!;%0A+       const parsed = roleUpdateSchema.safeParse(req.body);%0A+       if (!parsed.success) return res.status(400).json({ error: 'Invalid request', details: parsed.error.flatten() });%0A+       const targetId = Number(req.params.userId);%0A+       if (!Number.isInteger(targetId)) return res.status(400).json({ error: 'Invalid user id' });%0A+%0A+       const result = await db.execute(sql`%0A+         UPDATE users SET role = ${parsed.data.role}%0A+         WHERE id = ${targetId} AND tenant_id = ${req.user!.tenantId} AND role <> 'Owner'%0A+         RETURNING id, uid, email, role%0A+       `);%0A+       const row = (result as any).rows?.[0];%0A+       if (!row) return res.status(404).json({ error: 'Team member not found, or the Owner role cannot be changed here.' });%0A+       await setUserCustomClaims(row.uid, { workspaceId: req.user!.tenantId, role: parsed.data.role });%0A+       await appendAuditEntry(db, { tenantId: req.user!.tenantId, action: 'team.role_changed', actor: req.user!.email, payload: { targetUserId: targetId, newRole: parsed.data.role } });%0A+       return res.json({ id: row.id, email: row.email, role: row.role });%0A+     } catch (error) {%0A+       return next(error);%0A+     }%0A+   });%0A+%0A+   router.delete('/organization/team/:userId', requireAuth, requireRole(['Owner', 'Admin']), async (req: AuthenticatedRequest, res, next) => {%0A+     try {%0A+       const db = req.db!;%0A+       const targetId = Number(req.params.userId);%0A+       if (!Number.isInteger(targetId)) return res.status(400).json({ error: 'Invalid user id' });%0A+%0A+       const result = await db.execute(sql`%0A+         DELETE FROM users WHERE id = ${targetId} AND tenant_id = ${req.user!.tenantId} AND role <> 'Owner'%0A+         RETURNING id, uid, email%0A+       `);%0A+       const row = (result as any).rows?.[0];%0A+       if (!row) return res.status(404).json({ error: 'Team member not found, or the Owner cannot be removed.' });%0A+%0A+       try { await adminAuth.updateUser(row.uid, { disabled: true }); await adminAuth.revokeRefreshTokens(row.uid); } catch { /* Firebase account may already be gone; DB removal already took effect. */ }%0A+       await appendAuditEntry(db, { tenantId: req.user!.tenantId, action: 'team.removed', actor: req.user!.email, payload: { targetUserId: targetId, targetEmail: row.email } });%0A+       return res.status(204).send();%0A+     } catch (error) {%0A+       return next(error);%0A+     }%0A+   });%0A+%0A+   router.get('/auth/sessions', requireAuth, async (req: AuthenticatedRequest, res, next) => {%0A+     try {%0A+       const db = req.db!;%0A+       const currentIp = req.ip || req.socket.remoteAddress || 'unknown';%0A+       const currentUserAgent = typeof req.headers['user-agent'] === 'string' ? req.headers['user-agent'].slice(0, 512) : '';%0A+       const currentFingerprint = sessionFingerprint(req.user!.uid, currentIp, currentUserAgent);%0A+%0A+       const result = await db.execute(sql`%0A+         SELECT id, session_fingerprint AS "sessionFingerprint", ip, user_agent AS "userAgent", last_seen_at AS "lastSeenAt"%0A+         FROM user_sessions%0A+         WHERE tenant_id = ${req.user!.tenantId} AND user_id = ${req.user!.id} AND revoked_at IS NULL%0A+         ORDER BY last_seen_at DESC%0A+       `);%0A+       const rows = ((result as any).rows ?? []) as Array<{ id: string; sessionFingerprint: string; ip: string; userAgent: string; lastSeenAt: string }>;%0A+       return res.json(rows.map(row => ({%0A+         id: row.id,%0A+         email: req.user!.email,%0A+         current: row.sessionFingerprint === currentFingerprint,%0A+         ip: row.ip,%0A+         device: describeUserAgent(row.userAgent),%0A+         location: 'Not geolocated',%0A+         lastSeenAt: row.lastSeenAt,%0A+       })));%0A+     } catch (error) {%0A+       return next(error);%0A+     }%0A+   });%0A+%0A+   router.post('/auth/sessions/revoke', requireAuth, async (req: AuthenticatedRequest, res, next) => {%0A+     try {%0A+       const db = req.db!;%0A+       const parsed = revokeSessionSchema.safeParse(req.body);%0A+       if (!parsed.success) return res.status(400).json({ error: 'Invalid request', details: parsed.error.flatten() });%0A+       const currentIp = req.ip || req.socket.remoteAddress || 'unknown';%0A+       const currentUserAgent = typeof req.headers['user-agent'] === 'string' ? req.headers['user-agent'].slice(0, 512) : '';%0A+       const currentFingerprint = sessionFingerprint(req.user!.uid, currentIp, currentUserAgent);%0A+       if (parsed.data.sessionId === `sess_${currentFingerprint}`) return res.status(400).json({ error: 'Cannot revoke the session you are currently using. Sign out instead.' });%0A+%0A+       const result = await db.execute(sql`%0A+         UPDATE user_sessions SET revoked_at = NOW()%0A+         WHERE id = ${parsed.data.sessionId} AND tenant_id = ${req.user!.tenantId} AND user_id = ${req.user!.id} AND revoked_at IS NULL%0A+         RETURNING id%0A+       `);%0A+       if (!((result as any).rows?.length)) return res.status(404).json({ error: 'Session not found' });%0A+       await appendAuditEntry(db, { tenantId: req.user!.tenantId, action: 'session.revoked', actor: req.user!.email, payload: { sessionId: parsed.data.sessionId } });%0A+       return res.status(204).send();%0A+     } catch (error) {%0A+       return next(error);%0A+     }%0A+   });%0A+%0A+   router.get('/auth/login-history', requireAuth, async (req: AuthenticatedRequest, res, next) => {%0A+     try {%0A+       const db = req.db!;%0A+       const result = await db.execute(sql`%0A+         SELECT id, ip, user_agent AS "userAgent", status, occurred_at AS "occurredAt"%0A+         FROM login_history WHERE tenant_id = ${req.user!.tenantId} AND user_id = ${req.user!.id}%0A+         ORDER BY occurred_at DESC LIMIT 50%0A+       `);%0A+       const rows = ((result as any).rows ?? []) as Array<{ id: string; ip: string; userAgent: string; status: string; occurredAt: string }>;%0A+       return res.json(rows.map(row => ({%0A+         id: row.id,%0A+         email: req.user!.email,%0A+         status: row.status,%0A+         action: 'Sign-in',%0A+         timestamp: row.occurredAt,%0A+         ip: row.ip,%0A+         location: 'Not geolocated',%0A+       })));%0A+     } catch (error) {%0A+       return next(error);%0A+     }%0A+   });%0A+%0A+   router.get('/auth/audit-chain', requireAuth, async (req: AuthenticatedRequest, res, next) => {%0A+     try {%0A+       const db = req.db!;%0A+       const beforeRaw = typeof req.query.before === 'string' ? Number(req.query.before) : null;%0A+       const before = Number.isInteger(beforeRaw) && beforeRaw! > 0 ? beforeRaw : null;%0A+       const result = before%0A+         ? await db.execute(sql`%0A+             SELECT id, action, timestamp, actor, payload, current_hash AS "currentHash", previous_hash AS "previousHash"%0A+             FROM audit_trail WHERE tenant_id = ${req.user!.tenantId} AND id < ${before} ORDER BY id DESC LIMIT 50%0A+           `)%0A+         : await db.execute(sql`%0A+         SELECT id, action, timestamp, actor, payload, current_hash AS "currentHash", previous_hash AS "previousHash"%0A+         FROM audit_trail WHERE tenant_id = ${req.user!.tenantId} ORDER BY id DESC LIMIT 50%0A+       `);%0A+       const rows = ((result as any).rows ?? []) as Array<{ id: number; action: string; timestamp: string; actor: string; payload: string; currentHash: string; previousHash: string }>;%0A+       return res.json(rows.map(row => ({%0A+         id: row.id,%0A+         action: row.action,%0A+         timestamp: row.timestamp,%0A+         actor: row.actor,%0A+         payload: row.payload,%0A+         hash: row.currentHash,%0A+         currentHash: row.currentHash,%0A+         previousHash: row.previousHash,%0A+         block: { action: row.action, userEmail: row.actor.includes('@') ? row.actor : null },%0A+       })));%0A+     } catch (error) {%0A+       return next(error);%0A+     }%0A+   });%0A+%0A+   router.get('/auth/audit-chain/verify', requireAuth, async (req: AuthenticatedRequest, res, next) => {%0A+     try {%0A+       const db = req.db!;%0A+       return res.json(await verifyAuditChain(db, req.user!.tenantId));%0A+     } catch (error) {%0A+       return next(error);%0A+     }%0A+   });%0A+%0A+   router.post('/tenant/offboard', requireAuth, requireRole('Owner'), async (req: AuthenticatedRequest, res, next) => {%0A+     try {%0A+       // Purges via the owner-role connection (not req.db): offboarding must be%0A+       // able to see every table it enumerates from information_schema, and it%0A+       // already scopes every DELETE to exactly this caller's own tenant_id.%0A+       await offboardTenantData(req.user!.tenantId);%0A+       return res.status(200).json({ message: 'Tenant data purged.' });%0A+     } catch (error) {%0A+       return next(error);%0A+     }%0A+   });%0A+%0A+   // Owner-only founder metrics. Every value is either observed from tenant%0A+   // data or explicitly reported as not verified; this endpoint never invents%0A+   // production health, security, financial, or performance telemetry.%0A+   router.get('/founder/metrics', requireAuth, requireRole('Owner'), async (req: AuthenticatedRequest, res, next) => {%0A+     try {%0A+       const db = req.db!;%0A+       const counts = await db.execute(sql`%0A+         SELECT%0A+           (SELECT COUNT(*)::int FROM clients WHERE tenant_id = ${req.user!.tenantId}) AS "clientCount",%0A+           (SELECT COUNT(*)::int FROM passports WHERE tenant_id = ${req.user!.tenantId}) AS "passportCount",%0A+           (SELECT COUNT(*)::int FROM scans WHERE tenant_id = ${req.user!.tenantId}) AS "scanCount"%0A+       `);%0A+       const row = (counts as any).rows?.[0] || {};%0A+       return res.json({%0A+         latency: 'Not verified',%0A+         capitalProtected: 'Not verified',%0A+         throughput: 'Not verified',%0A+         mitigations: 'Not verified',%0A+         overallScore: null,%0A+         auditEvents: null,%0A+         activeThreats: null,%0A+         systemIntegrity: 'Not verified',%0A+         observed: {%0A+           clientCount: Number(row.clientCount || 0),%0A+           passportCount: Number(row.passportCount || 0),%0A+           scanCount: Number(row.scanCount || 0),%0A+         },%0A+       });%0A+     } catch (error) {%0A+       return next(error);%0A+     }%0A+   });%0A+%0A+   // Owner-only operational health for the command center. Every section reads%0A+   // from the real tables the corresponding subsystem already writes -- no%0A+   // second heartbeat, delivery ledger, integration status, or audit verifier%0A+   // is created here. Sections with no real backing data are omitted rather%0A+   // than populated with placeholder values; see the `notes` field.%0A+   router.get('/founder/operations', requireAuth, requireRole('Owner'), async (req: AuthenticatedRequest, res, next) => {%0A+     try {%0A+       const db = req.db!;%0A+       const tenantId = req.user!.tenantId;%0A+       const notes: string[] = [];%0A+%0A+       // --- A. Worker/job health ---------------------------------------------%0A+       // osv-worker.ts claims agent_jobs rows (job_type osv_manifest_scan /%0A+       // repository_scan). It has no separate heartbeat row; the queue state%0A+       // itself (locked_at/locked_by, the same 10-minute staleness window the%0A+       // worker uses to reclaim stuck jobs) is the real signal.%0A+       const [osvCounts, osvStale, osvFailures, osvActivity] = await Promise.all([%0A+         db.execute(sql`SELECT job_type AS "jobType", status, COUNT(*)::int AS count FROM agent_jobs WHERE tenant_id=${tenantId} AND job_type IN ('osv_manifest_scan','repository_scan') GROUP BY job_type, status`),%0A+         db.execute(sql`SELECT COUNT(*)::int AS count FROM agent_jobs WHERE tenant_id=${tenantId} AND job_type IN ('osv_manifest_scan','repository_scan') AND status='Running' AND locked_at < NOW() - INTERVAL '10 minutes'`),%0A+         db.execute(sql`SELECT id, job_type AS "jobType", error, attempt_count AS "attemptCount", max_attempts AS "maxAttempts", updated_at AS "updatedAt" FROM agent_jobs WHERE tenant_id=${tenantId} AND job_type IN ('osv_manifest_scan','repository_scan') AND status='Failed' ORDER BY updated_at DESC LIMIT 5`),%0A+         db.execute(sql`SELECT MAX(updated_at) AS "lastActivityAt" FROM agent_jobs WHERE tenant_id=${tenantId} AND job_type IN ('osv_manifest_scan','repository_scan')`),%0A+       ]);%0A+%0A+       // monitoring-worker.ts (the file name this dashboard's spec named) is not%0A+       // imported by worker.ts and never runs in production -- confirmed dead%0A+       // code, not a running system. trust-monitoring-worker.ts is the real,%0A+       // currently-running system that plays the equivalent role (collector_jobs%0A+       // has an actual heartbeat_at column, unlike agent_jobs).%0A+       const [monitoringCounts, monitoringHeartbeat, monitoringFailures] = await Promise.all([%0A+         db.execute(sql`SELECT state, COUNT(*)::int AS count FROM collector_jobs WHERE tenant_id=${tenantId} GROUP BY state`),%0A+         db.execute(sql`SELECT MAX(heartbeat_at) AS "lastHeartbeatAt" FROM collector_jobs WHERE tenant_id=${tenantId} AND state='running'`),%0A+         db.execute(sql`SELECT id, collector_id AS "collectorId", safe_error_code AS "errorCode", safe_error_message AS "errorMessage", completed_at AS "completedAt" FROM collector_jobs WHERE tenant_id=${tenantId} AND state IN ('failed','dead_lettered') ORDER BY completed_at DESC NULLS LAST LIMIT 5`),%0A+       ]);%0A+       notes.push('monitoring-worker.ts is dead code (never imported by worker.ts); "monitoringWorker" below reflects trust-monitoring-worker.ts, the real running system for the same role.');%0A+%0A+       // --- B. Webhook delivery health ----------------------------------------%0A+       const [webhookCounts, webhookEndpoints, webhookFailures] = await Promise.all([%0A+         db.execute(sql`SELECT status, COUNT(*)::int AS count FROM spr_webhook_deliveries WHERE tenant_id=${tenantId} AND created_at::timestamptz > NOW() - INTERVAL '7 days' GROUP BY status`),%0A+         db.execute(sql`SELECT COUNT(*) FILTER (WHERE active)::int AS "activeCount", COUNT(*) FILTER (WHERE NOT active)::int AS "disabledCount" FROM spr_webhooks WHERE tenant_id=${tenantId}`),%0A+         db.execute(sql`SELECT d.id, d.webhook_id AS "webhookId", w.url, d.event_type AS "eventType", d.safe_error_code AS "errorCode", d.safe_error_message AS "errorMessage", d.completed_at AS "completedAt" FROM spr_webhook_deliveries d JOIN spr_webhooks w ON w.id=d.webhook_id AND w.tenant_id=d.tenant_id WHERE d.tenant_id=${tenantId} AND d.status IN ('failed','dead_lettered') ORDER BY d.completed_at DESC NULLS LAST LIMIT 10`),%0A+       ]);%0A+       notes.push('Webhook failures are grouped by destination endpoint (webhookId/url), not "provider" -- SPR webhooks are user-configured destination URLs, not third-party provider connectors; there is no per-provider concept for outbound deliveries.');%0A+%0A+       // --- C. Integration health ----------------------------------------------%0A+       const [credentialRows, integrationRows] = await Promise.all([%0A+         db.execute(sql`SELECT provider, status, last_tested_at AS "lastTestedAt" FROM integration_credentials WHERE tenant_id=${tenantId}`),%0A+         db.execute(sql`SELECT name, connected, last_sync_date AS "lastSyncDate" FROM integrations WHERE tenant_id=${tenantId}`),%0A+       ]);%0A+       const credentialByProvider = new Map<string, any>((credentialRows as any).rows?.map((r: any) => [r.provider, r]) ?? []);%0A+       const integrationByName = new Map<string, any>((integrationRows as any).rows?.map((r: any) => [r.name, r]) ?? []);%0A+       const integrations = INTEGRATION_CATALOG.map((item) => ({%0A+         provider: item.provider,%0A+         name: item.name,%0A+         connected: Boolean(integrationByName.get(item.name)?.connected),%0A+         lastSyncDate: integrationByName.get(item.name)?.lastSyncDate ?? null,%0A+         credentialStatus: credentialByProvider.get(item.provider)?.status ?? 'NOT_CONFIGURED',%0A+         lastTestedAt: credentialByProvider.get(item.provider)?.lastTestedAt ?? null,%0A+       }));%0A+%0A+       // --- D. Audit chain integrity --------------------------------------------%0A+       // Reuses the exact function GET /api/auth/audit-chain/verify calls --%0A+       // no second verifier.%0A+       const auditChain = await verifyAuditChain(db, tenantId);%0A+%0A+       // --- E. Scan / job queue --------------------------------------------------%0A+       const [runningRepoScans, complianceSchedules] = await Promise.all([%0A+         db.execute(sql`SELECT id, passport_id AS "passportId", status, progress, updated_at AS "updatedAt" FROM agent_jobs WHERE tenant_id=${tenantId} AND job_type='repository_scan' AND status='Running' ORDER BY updated_at DESC LIMIT 10`),%0A+         db.execute(sql`SELECT id, client_id AS "clientId", frequency, status, last_audit_at AS "lastAuditAt", next_audit_at AS "nextAuditAt" FROM compliance_schedules WHERE tenant_id=${tenantId} ORDER BY COALESCE(last_audit_at, created_at) DESC LIMIT 10`),%0A+       ]);%0A+%0A+       return res.json({%0A+         generatedAt: new Date().toISOString(),%0A+         workers: {%0A+           osv: {%0A+             countsByStatus: (osvCounts as any).rows ?? [],%0A+             staleRunningCount: Number((osvStale as any).rows?.[0]?.count ?? 0),%0A+             recentFailures: (osvFailures as any).rows ?? [],%0A+             lastActivityAt: (osvActivity as any).rows?.[0]?.lastActivityAt ?? null,%0A+           },%0A+           monitoringWorker: {%0A+             realSource: 'trust-monitoring-worker.ts (collector_jobs)',%0A+             countsByState: (monitoringCounts as any).rows ?? [],%0A+             lastHeartbeatAt: (monitoringHeartbeat as any).rows?.[0]?.lastHeartbeatAt ?? null,%0A+             recentFailures: (monitoringFailures as any).rows ?? [],%0A+           },%0A+         },%0A+         webhooks: {%0A+           countsByStatusLast7Days: (webhookCounts as any).rows ?? [],%0A+           activeEndpoints: Number((webhookEndpoints as any).rows?.[0]?.activeCount ?? 0),%0A+           disabledEndpoints: Number((webhookEndpoints as any).rows?.[0]?.disabledCount ?? 0),%0A+           recentFailures: (webhookFailures as any).rows ?? [],%0A+         },%0A+         integrations,%0A+         auditChain,%0A+         queue: {%0A+           runningRepositoryScans: (runningRepoScans as any).rows ?? [],%0A+           recentlyFailedJobs: (osvFailures as any).rows ?? [],%0A+           complianceSchedules: (complianceSchedules as any).rows ?? [],%0A+         },%0A+         notes,%0A+       });%0A+     } catch (error) {%0A+       return next(error);%0A+     }%0A+   });%0A+%0A+   // Owner-only self-passport retrieval. Absence of evidence is represented as%0A+   // a 404 instead of a fabricated passport or trust score.%0A+   router.get('/passports/self-passport', requireAuth, requireRole('Owner'), async (req: AuthenticatedRequest, res, next) => {%0A+     try {%0A+       const db = req.db!;%0A+       const result = await db.execute(sql`%0A+         SELECT%0A+           id,%0A+           name,%0A+           version,%0A+           publisher,%0A+           release_date AS "releaseDate",%0A+           evidence%0A+         FROM passports%0A+         WHERE tenant_id = ${req.user!.tenantId}%0A+         ORDER BY release_date DESC NULLS LAST, id DESC%0A+         LIMIT 1%0A+       `);%0A+       const row = (result as any).rows?.[0];%0A+       if (!row) return res.status(404).json({ error: 'Self passport evidence not found', code: 'SELF_PASSPORT_NOT_FOUND' });%0A+       return res.json({%0A+         ...row,%0A+         overallScore: null,%0A+         healthStatus: 'Not verified',%0A+         evidence: Array.isArray(row.evidence) ? row.evidence : [],%0A+       });%0A+     } catch (error) {%0A+       return next(error);%0A+     }%0A+   });%0A+%0A+   // Firebase-authenticated, tenant-scoped reads for the first-party SPA.%0A+   // These are deliberately separate from /connect/v1, which is API-key based.%0A+   router.get('/user/clients', requireAuth, async (req: AuthenticatedRequest, res, next) => {%0A+     try {%0A+       const db = req.db!;%0A+       const result = await db.execute(sql`SELECT id, name, domain, industry, trust_score AS "trustScore", risk_level AS "riskLevel", avatar_color AS "avatarColor", subscription_tier AS "subscriptionTier", joined_date AS "joinedDate", team_count AS "teamCount", passport_count AS "passportCount", critical_risks_count AS "criticalRisksCount", compliance_progress AS "complianceProgress", software_inventory AS "softwareInventory", compliance_status AS "complianceStatus", team_members AS "teamMembers", activity_timeline AS "activityTimeline" FROM clients WHERE tenant_id=${req.user!.tenantId} ORDER BY joined_date DESC`);%0A+       return res.json((result as any).rows || []);%0A+     } catch (error) {%0A+       return next(error);%0A+     }%0A+   });%0A+%0A+   router.get('/user/passports', requireAuth, async (req: AuthenticatedRequest, res, next) => {%0A+     try {%0A+       const db = req.db!;%0A+       const result = await db.execute(sql`SELECT p.id, p.client_id AS "clientId", p.name, p.version, p.publisher, p.category, p.release_date AS "releaseDate", p.license_type AS "licenseType", p.sbom, COALESCE((SELECT json_agg(json_build_object('id', e.id, 'name', e.name, 'type', e.type, 'verified', e.verified, 'status', e.status, 'signer', e.signer, 'timestamp', e.timestamp, 'hash', e.hash, 'engineId', e.engine_id, 'verificationFailureReason', e.verification_failure_reason) ORDER BY e.timestamp DESC) FROM evidence_items e WHERE e.tenant_id=p.tenant_id AND e.asset_id=p.id), '[]'::json) AS evidence, COALESCE((SELECT json_agg(json_build_object('id', f.id, 'findingId', f.id, 'severity', f.severity, 'category', f.category, 'title', f.title, 'description', f.description, 'component', f.component, 'fixedVersion', f.fixed_version, 'status', f.status, 'detectedAt', f.detected_at, 'engineId', f.engine_id) ORDER BY f.detected_at DESC) FROM scan_findings f WHERE f.tenant_id=p.tenant_id AND f.asset_id=p.id), '[]'::json) AS vulnerabilities, p.timeline, NULL AS scores, 'not_authoritatively_scored' AS "scoreStatus" FROM passports p WHERE p.tenant_id=${req.user!.tenantId} ORDER BY p.name ASC`);%0A+       return res.json((result as any).rows || []);%0A+     } catch (error) {%0A+       return next(error);%0A+     }%0A+   });%0A+%0A+   router.get('/user/extensions', requireAuth, async (req: AuthenticatedRequest, res, next) => {%0A+     try {%0A+       const db = req.db!;%0A+       const result = await db.execute(sql`SELECT extension_id AS "extensionId", installed_at AS "installedAt" FROM extension_installations WHERE tenant_id=${req.user!.tenantId} ORDER BY installed_at DESC`);%0A+       return res.json((result as any).rows || []);%0A+     } catch (error) {%0A+       return next(error);%0A+     }%0A+   });%0A+%0A+   router.post('/user/extensions/:extensionId', requireAuth, requireRole(['Owner', 'Admin', 'Operator']), async (req: AuthenticatedRequest, res, next) => {%0A+     try {%0A+       const extensionId = String(req.params.extensionId || '').trim();%0A+       if (!/^[A-Za-z0-9_.-]{1,120}$/.test(extensionId)) return res.status(400).json({ error: 'Invalid extension id' });%0A+       const db = req.db!;%0A+       const result = await db.execute(sql`INSERT INTO extension_installations (tenant_id, extension_id, installed_at) VALUES (${req.user!.tenantId}, ${extensionId}, NOW()) ON CONFLICT (tenant_id, extension_id) DO UPDATE SET installed_at=NOW() RETURNING extension_id AS "extensionId", installed_at AS "installedAt"`);%0A+       return res.status(201).json((result as any).rows?.[0]);%0A+     } catch (error) {%0A+       return next(error);%0A+     }%0A+   });%0A+%0A+   router.delete('/user/extensions/:extensionId', requireAuth, requireRole(['Owner', 'Admin', 'Operator']), async (req: AuthenticatedRequest, res, next) => {%0A+     try {%0A+       const db = req.db!;%0A+       const extensionId = String(req.params.extensionId || '').trim();%0A+       const result = await db.execute(sql`DELETE FROM extension_installations WHERE tenant_id=${req.user!.tenantId} AND extension_id=${extensionId} RETURNING extension_id`);%0A+       if (!((result as any).rows?.length)) return res.status(404).json({ error: 'Extension installation not found' });%0A+       return res.status(204).send();%0A+     } catch (error) {%0A+       return next(error);%0A+     }%0A+   });%0A+%0A+   router.get('/auth/verify-status', requireAuth, async (req: AuthenticatedRequest, res) => {%0A+     return res.json({ verified: req.user!.emailVerified, emailVerified: req.user!.emailVerified });%0A+   });%0A+%0A+%0A+%0A+   router.get('/user/passports/:id/verification', requireAuth, async (req: AuthenticatedRequest, res, next) => {%0A+     try {%0A+       const db = req.db!;%0A+       const tenantId = req.user!.tenantId;%0A+       const clientScope = req.user!.role === 'Client' ? (req.user as any).clientId : null;%0A+       const passportResult = await db.execute(sql`SELECT id, version, evidence, client_id AS "clientId" FROM passports WHERE id=${req.params.id} AND tenant_id=${tenantId} AND (${clientScope} IS NULL OR client_id=${clientScope}) LIMIT 1`) as any;%0A+       const passport = passportResult.rows?.[0];%0A+       if (!passport) return res.status(404).json({ error: 'Passport not found' });%0A+       const findingResult = await db.execute(sql`SELECT id, passport_id AS "passportId", evidence_ids, status FROM trust_findings WHERE tenant_id=${tenantId} AND passport_id=${passport.id}`) as any;%0A+       const parseJson = (value: unknown): unknown[] => { try { const parsed = JSON.parse(String(value ?? '')); return Array.isArray(parsed) ? parsed : []; } catch { return []; } };%0A+       const openFindingEvidenceIds = (findingResult.rows ?? []).filter((row: any) => !['resolved','closed','verified'].includes(String(row.status || '').toLowerCase())).flatMap((row: any) => parseJson(row.evidence_ids)).filter((id: any): id is string => typeof id === 'string');%0A+       const adapted = adaptEvidenceForEvaluation({ evidence: parseJson(passport.evidence) as any[], passportVersion: passport.version, openFindingEvidenceIds });%0A+       const evaluatedAt = Date.now();%0A+       const decision = evaluateVerification({ evidence: adapted.evidence, evaluatedAt, targetIdentity: adapted.targetIdentity });%0A+       res.setHeader('Cache-Control', 'private, max-age=0, no-store');%0A+       return res.json({ decision, observations: decision.observationCount, independentSources: decision.independentSourceCount });%0A+     } catch (error) { return next(error); }%0A+   });%0A+%0A+   router.get('/user/verification', requireAuth, async (req: AuthenticatedRequest, res, next) => {%0A+     try {%0A+       const db = req.db!;%0A+       const tenantId = req.user!.tenantId;%0A+       const clientScope = req.user!.role === 'Client' ? (req.user as any).clientId : null;%0A+       const passportRows = (await db.execute(sql`SELECT id, version, evidence, client_id AS "clientId" FROM passports WHERE tenant_id=${tenantId} AND (${clientScope} IS NULL OR client_id=${clientScope}) ORDER BY id`) as any).rows ?? [];%0A+       const passportIds = passportRows.map((row: any) => String(row.id));%0A+       const parseJson = (value: unknown): unknown[] => { try { const parsed = JSON.parse(String(value ?? '')); return Array.isArray(parsed) ? parsed : []; } catch { return []; } };%0A+       // Drizzle's proven one-query binding shape for the passport findings is%0A+       // `asset_id IN ${passportIds}`; do not replace this with ANY(array).%0A+       const findingRows = passportIds.length ? ((await db.execute(sql`SELECT id, passport_id AS "passportId", evidence_ids, status FROM trust_findings WHERE tenant_id=${tenantId} AND passport_id IN ${passportIds}`) as any).rows ?? []) : [];%0A+       const evidenceByPassport = new Map<string, any[]>();%0A+       for (const passport of passportRows) evidenceByPassport.set(String(passport.id), parseJson(passport.evidence) as any[]);%0A+       const evaluatedAt = Date.now();%0A+       const verificationDecisions: Record<string, VerificationDecision> = {};%0A+       const verificationDetails: Record<string, unknown> = {};%0A+       for (const passport of passportRows) {%0A+         const findings = findingRows.filter((row: any) => String(row.passportId) === String(passport.id));%0A+         const openFindingEvidenceIds = findings.filter((row: any) => !['resolved','closed','verified'].includes(String(row.status || '').toLowerCase())).flatMap((row: any) => parseJson(row.evidence_ids)).filter((id: any): id is string => typeof id === 'string');%0A+         const adapted = adaptEvidenceForEvaluation({ evidence: evidenceByPassport.get(String(passport.id)) ?? [], passportVersion: passport.version, openFindingEvidenceIds });%0A+         const decision = evaluateVerification({ evidence: adapted.evidence, evaluatedAt, targetIdentity: adapted.targetIdentity });%0A+         verificationDecisions[String(passport.id)] = decision;%0A+         verificationDetails[String(passport.id)] = { unmappedCount: adapted.unmappedCount, undatedCount: adapted.undatedCount, observations: decision.observationCount, independentSources: decision.independentSourceCount };%0A+       }%0A+       res.setHeader('Cache-Control', 'private, max-age=0, no-store');%0A+       return res.json({ verificationDecisions, verificationDetails });%0A+     } catch (error) { return next(error); }%0A+   });%0A+%0A+   return router;%0A+ }%0A+%0A%0A ❯ tests/slsa-provenance-route-and-ui-contract.test.ts:54:15%0A%0A

::error file=/home/runner/work/software-passport-registry/software-passport-registry/tests/slsa-provenance-route-and-ui-contract.test.ts,title=tests/slsa-provenance-route-and-ui-contract.test.ts > SoftwareLineageTracker no longer fabricates provenance data > contains none of the previously-fabricated repo/commit/CI/signing values,line=63,column=19::AssertionError: expected '/**\r\n * @license\r\n * SPDX-License…' not to contain 'enterprise-registry'%0A%0A- Expected%0A+ Received%0A%0A- enterprise-registry%0A+ /**%0D%0A+  * @license%0D%0A+  * SPDX-License-Identifier: Apache-2.0%0D%0A+  */%0D%0A+ %0D%0A+ import React, { useState, useMemo } from 'react';%0D%0A+ import { motion, AnimatePresence } from 'motion/react';%0D%0A+ import {%0D%0A+   GitFork,%0D%0A+   Layers,%0D%0A+   Server,%0D%0A+   Search,%0D%0A+   FileSignature,%0D%0A+   Building2,%0D%0A+   ExternalLink,%0D%0A+   HelpCircle,%0D%0A+   ChevronRight,%0D%0A+   Zap,%0D%0A+   Info,%0D%0A+   Sparkles%0D%0A+ } from 'lucide-react';%0D%0A+ import { SoftwarePassport, Client } from '../types';%0D%0A+ %0D%0A+ interface SoftwareLineageTrackerProps {%0D%0A+   passports: SoftwarePassport[];%0D%0A+   clients: Client[];%0D%0A+   assets: any[];%0D%0A+ }%0D%0A+ %0D%0A+ export default function SoftwareLineageTracker({ passports, clients, assets }: SoftwareLineageTrackerProps) {%0D%0A+   const [selectedPassportId, setSelectedPassportId] = useState<string>(passports[0]?.id || '');%0D%0A+   const [dependencySearchQuery, setDependencySearchQuery] = useState<string>('');%0D%0A+   const [traceSearchQuery, setTraceSearchQuery] = useState<string>('');%0D%0A+   const [isExplanationOpen, setIsExplanationOpen] = useState(false);%0D%0A+ %0D%0A+   // 1. Get currently selected passport%0D%0A+   const activePassport = useMemo(() => {%0D%0A+     return passports.find(p => p.id === selectedPassportId) || passports[0];%0D%0A+   }, [passports, selectedPassportId]);%0D%0A+ %0D%0A+   // 2. Map downstream assets for the selected passport%0D%0A+   const deployedAssets = useMemo(() => {%0D%0A+     if (!activePassport) return [];%0D%0A+     return assets.filter(a => {%0D%0A+       const pName = activePassport.name.toLowerCase();%0D%0A+       const aPassport = (a.activePassport || '').toLowerCase();%0D%0A+       return (%0D%0A+         aPassport === pName ||%0D%0A+         aPassport.includes(pName) ||%0D%0A+         pName.includes(aPassport) ||%0D%0A+         (a.activePassport === `Custom/Generic: ${activePassport.name}`)%0D%0A+       );%0D%0A+     });%0D%0A+   }, [assets, activePassport]);%0D%0A+ %0D%0A+   // Illustrative upstream topology. It is labeled in the UI and is not provenance evidence.%0D%0A+   const provenanceDetails = useMemo(() => {%0D%0A+     if (!activePassport) return null;%0D%0A+     const cleanName = activePassport.name.toLowerCase().replace(/\s+/g, '-');%0D%0A+     return {%0D%0A+       repoUrl: `https://github.com/enterprise-registry/${cleanName}`,%0D%0A+       branch: 'main',%0D%0A+       commitHash: 'f4b3c2a1d0e9f8a7b6c5d4e3f2a1b0c9d8e7f6a5',%0D%0A+       ciProvider: 'GitHub Actions Cloud Build',%0D%0A+       buildId: `run-98421-prod-${cleanName}`,%0D%0A+       slsaLevel: 'SLSA Level 4 Compliant',%0D%0A+       compiler: 'GCC 12.2 / Node compiler (v18.16.0)',%0D%0A+       signingAuthority: 'Cosign Sigstore Root CA',%0D%0A+       signatureAlgorithm: 'ECDSA-P256-SHA256'%0D%0A+     };%0D%0A+   }, [activePassport]);%0D%0A+ %0D%0A+   // 3. Compute overall inventory dependency stats for summary badges%0D%0A+   const totalUniqueDependencies = useMemo(() => {%0D%0A+     const depsSet = new Set<string>();%0D%0A+     passports.forEach(p => {%0D%0A+       p.sbom.forEach(s => depsSet.add(s.name));%0D%0A+     });%0D%0A+     return depsSet.size;%0D%0A+   }, [passports]);%0D%0A+ %0D%0A+   // 4. "Blast Radius Impact Tracer": Find any sub-component across all pipelines%0D%0A+   const tracedImpact = useMemo(() => {%0D%0A+     if (!traceSearchQuery.trim()) return [];%0D%0A+ %0D%0A+     const query = traceSearchQuery.toLowerCase();%0D%0A+     const results: {%0D%0A+       passport: SoftwarePassport;%0D%0A+       component: any;%0D%0A+       hosts: any[];%0D%0A+     }[] = [];%0D%0A+ %0D%0A+     passports.forEach(p => {%0D%0A+       const foundComp = p.sbom.find(s => s.name.toLowerCase().includes(query) || s.purl.toLowerCase().includes(query));%0D%0A+       if (foundComp) {%0D%0A+         // Find hosting assets running this parent software%0D%0A+         const hosts = assets.filter(a => {%0D%0A+           const pName = p.name.toLowerCase();%0D%0A+           const aPassport = (a.activePassport || '').toLowerCase();%0D%0A+           return (%0D%0A+             aPassport === pName ||%0D%0A+             aPassport.includes(pName) ||%0D%0A+             pName.includes(aPassport) ||%0D%0A+             (a.activePassport === `Custom/Generic: ${p.name}`)%0D%0A+           );%0D%0A+         });%0D%0A+ %0D%0A+         results.push({%0D%0A+           passport: p,%0D%0A+           component: foundComp,%0D%0A+           hosts: hosts%0D%0A+         });%0D%0A+       }%0D%0A+     });%0D%0A+ %0D%0A+     return results;%0D%0A+   }, [passports, assets, traceSearchQuery]);%0D%0A+ %0D%0A+   // Filtered SBOM packages for active passport%0D%0A+   const filteredSbom = useMemo(() => {%0D%0A+     if (!activePassport) return [];%0D%0A+     if (!dependencySearchQuery.trim()) return activePassport.sbom;%0D%0A+     return activePassport.sbom.filter(s =>%0D%0A+       s.name.toLowerCase().includes(dependencySearchQuery.toLowerCase()) ||%0D%0A+       s.license.toLowerCase().includes(dependencySearchQuery.toLowerCase())%0D%0A+     );%0D%0A+   }, [activePassport, dependencySearchQuery]);%0D%0A+ %0D%0A+   // Dynamic digital map description generator for storytelling%0D%0A+   const getDigitalMnemonic = (name: string) => {%0D%0A+     const nameLower = name.toLowerCase();%0D%0A+     if (nameLower.includes('salesforce')) {%0D%0A+       return {%0D%0A+         whatItDoes: 'Manages customer interactions, deals pipelines, and account records.',%0D%0A+         whoUsesit: '35 employees in sales & service',%0D%0A+         businessImportance: 'Critical operations node',%0D%0A+         connections: 'Slack alerts, payment logs, secure backup instances',%0D%0A+         explanation: 'This software manages customer pipelines and sales communications. Removing or disabling it would freeze lead intake, affecting 40%25 of daily transactions and disconnecting client interactions.'%0D%0A+       };%0D%0A+     }%0D%0A+     if (nameLower.includes('slack')) {%0D%0A+       return {%0D%0A+         whatItDoes: 'Primary communication hub, notifications router, and collaboration channel.',%0D%0A+         whoUsesit: 'All staff / 120 active employees',%0D%0A+         businessImportance: 'High (Ops critical)',%0D%0A+         connections: 'Salesforce CRM, OpenAI API, AWS status logs',%0D%0A+         explanation: 'This is the communication spine of your company. It routes direct messages and security notifications instantly. It integrates automated bots to manage system outages and triggers real-time responses.'%0D%0A+       };%0D%0A+     }%0D%0A+     if (nameLower.includes('stripe')) {%0D%0A+       return {%0D%0A+         whatItDoes: 'Handles invoice charging, checkout systems, and financial gateway flows.',%0D%0A+         whoUsesit: 'Billing admins & payment triggers',%0D%0A+         businessImportance: 'Immediate revenue impact',%0D%0A+         connections: 'Corporate banking, QuickBooks, accounting DB',%0D%0A+         explanation: 'This handles all credit-card processing and active payment endpoints. Removing it instantly disables checkout, halting incoming streams and breaking invoicing operations.'%0D%0A+       };%0D%0A+     }%0D%0A+     // Default fallback%0D%0A+     return {%0D%0A+       whatItDoes: 'Provides central system infrastructure, service integrations, or package dependencies.',%0D%0A+       whoUsesit: 'Engineering & operations',%0D%0A+       businessImportance: 'High technical dependency',%0D%0A+       connections: 'Cloud security pipelines, active virtual instances',%0D%0A+       explanation: 'This node sits directly in the processing path. If detached, dependent backend routines would fail, triggering cascading connection errors across operational services.'%0D%0A+     };%0D%0A+   };%0D%0A+ %0D%0A+   const activeMnemonic = activePassport ? getDigitalMnemonic(activePassport.name) : getDigitalMnemonic('');%0D%0A+ %0D%0A+   return (%0D%0A+     <div className="space-y-4" id="software-lineage-ledger-panel">%0D%0A+       {/* Section header + summary strip */}%0D%0A+       <div className="flex flex-col gap-3 sm:flex-row sm:items-center sm:justify-between">%0D%0A+         <div>%0D%0A+           <h2 className="text-[15px] font-semibold text-[#201f1e]">Software lineage map</h2>%0D%0A+           <p className="mt-0.5 text-[13px] text-[#605e5c]">Trace a passport from source provenance through its SBOM to the servers running it.</p>%0D%0A+         </div>%0D%0A+ %0D%0A+         <div className="flex flex-wrap gap-6 rounded-md border border-[#e1dfdd] bg-white p-3">%0D%0A+           <div>%0D%0A+             <div className="text-[11px] text-[#605e5c]">Mapped systems</div>%0D%0A+             <div className="text-lg font-semibold text-[#201f1e]">{passports.length}</div>%0D%0A+           </div>%0D%0A+           <div>%0D%0A+             <div className="text-[11px] text-[#605e5c]">SBOM packages</div>%0D%0A+             <div className="text-lg font-semibold text-[#201f1e]">{totalUniqueDependencies}</div>%0D%0A+           </div>%0D%0A+         </div>%0D%0A+       </div>%0D%0A+ %0D%0A+       {/* Main Interactive Map Grid */}%0D%0A+       <div className="grid grid-cols-1 lg:grid-cols-4 gap-4">%0D%0A+ %0D%0A+         {/* Left Column: Software Passport Selector & Provenance Parameters */}%0D%0A+         <div className="lg:col-span-1 space-y-4">%0D%0A+           <div className="rounded-md border border-[#e1dfdd] bg-white p-3">%0D%0A+             <h3 className="text-[13px] font-semibold text-[#201f1e]">Select a system</h3>%0D%0A+             <p className="mt-0.5 text-[11px] text-[#8a8886]">Choose a passport to lock the tracker on it.</p>%0D%0A+ %0D%0A+             <div className="mt-3 space-y-1 max-h-[220px] overflow-y-auto pr-1">%0D%0A+               {passports.map(p => {%0D%0A+                 const isSelected = p.id === selectedPassportId;%0D%0A+                 return (%0D%0A+                   <button%0D%0A+                     key={p.id}%0D%0A+                     onClick={() => setSelectedPassportId(p.id)}%0D%0A+                     className={`flex w-full items-center justify-between rounded px-2.5 py-2 text-left text-[13px] border ${%0D%0A+                       isSelected%0D%0A+                         ? 'border-[#0f6cbd] bg-[#eff6fc] font-medium text-[#0f6cbd]'%0D%0A+                         : 'border-transparent text-[#323130] hover:bg-black/[.03]'%0D%0A+                     }`}%0D%0A+                   >%0D%0A+                     <div className="min-w-0">%0D%0A+                       <p className="truncate leading-tight">{p.name}</p>%0D%0A+                       <span className="mt-0.5 block text-[11px] text-[#8a8886]">v{p.version} · {p.publisher}</span>%0D%0A+                     </div>%0D%0A+                     <ChevronRight className={`ml-2 h-3.5 w-3.5 shrink-0 ${isSelected ? 'text-[#0f6cbd]' : 'text-[#c8c6c4]'}`} />%0D%0A+                   </button>%0D%0A+                 );%0D%0A+               })}%0D%0A+             </div>%0D%0A+           </div>%0D%0A+ %0D%0A+           {/* Active Passport General Info */}%0D%0A+           {activePassport && (%0D%0A+             <div className="space-y-3 rounded-md border border-[#e1dfdd] bg-white p-3">%0D%0A+               <div className="flex items-start justify-between border-b border-[#f3f2f1] pb-2">%0D%0A+                 <div>%0D%0A+                   <span className="block text-[11px] text-[#8a8886]">Selected</span>%0D%0A+                   <h4 className="mt-0.5 text-[13px] font-semibold leading-snug text-[#201f1e]">{activePassport.name}</h4>%0D%0A+                 </div>%0D%0A+                 <span className="shrink-0 rounded bg-[#f3f2f1] px-2 py-0.5 text-[11px] text-[#605e5c]">%0D%0A+                   {activePassport.category}%0D%0A+                 </span>%0D%0A+               </div>%0D%0A+ %0D%0A+               <div className="space-y-1.5 text-[12px]">%0D%0A+                 <div className="flex justify-between">%0D%0A+                   <span className="text-[#8a8886]">Release date</span>%0D%0A+                   <span className="font-medium text-[#323130]">{activePassport.releaseDate}</span>%0D%0A+                 </div>%0D%0A+                 <div className="flex justify-between">%0D%0A+                   <span className="text-[#8a8886]">License</span>%0D%0A+                   <span className="font-medium text-[#323130]">{activePassport.licenseType}</span>%0D%0A+                 </div>%0D%0A+                 <div className="flex justify-between">%0D%0A+                   <span className="text-[#8a8886]">Trust score</span>%0D%0A+                   <span className="font-semibold text-[#0e700e]">{activePassport.overallScore}/100</span>%0D%0A+                 </div>%0D%0A+                 <div className="flex flex-col gap-1 border-t border-[#f3f2f1] pt-2">%0D%0A+                   <span className="text-[11px] uppercase text-[#8a8886]">File hash</span>%0D%0A+                   <span className="select-all break-all rounded border border-[#e1dfdd] bg-[#faf9f8] p-1.5 font-mono text-[10px] leading-tight text-[#605e5c]">%0D%0A+                     {activePassport.fileHash}%0D%0A+                   </span>%0D%0A+                 </div>%0D%0A+               </div>%0D%0A+ %0D%0A+               {/* "Why does this exist" preview quick panel */}%0D%0A+               <button%0D%0A+                 onClick={() => setIsExplanationOpen(true)}%0D%0A+                 className="flex h-8 w-full items-center justify-center gap-1.5 rounded border border-[#c8c6c4] text-[12px] font-medium text-[#323130] hover:bg-black/[.03]"%0D%0A+               >%0D%0A+                 <HelpCircle className="h-3.5 w-3.5 text-[#0f6cbd]" />%0D%0A+                 <span>Explain this system</span>%0D%0A+               </button>%0D%0A+             </div>%0D%0A+           )}%0D%0A+         </div>%0D%0A+ %0D%0A+         {/* Right 3 Columns: Visual Lineage Flow Map */}%0D%0A+         <div className="lg:col-span-3 space-y-4">%0D%0A+ %0D%0A+           {/* Unified 3-tier mapping visualizer */}%0D%0A+           <div className="space-y-4 rounded-md border border-[#e1dfdd] bg-white p-4">%0D%0A+             <div className="flex flex-col gap-2 sm:flex-row sm:items-center sm:justify-between">%0D%0A+               <div>%0D%0A+                 <h3 className="text-[13px] font-semibold text-[#201f1e]">Active lineage pathway</h3>%0D%0A+                 <p className="text-[11px] text-[#8a8886]">Traced from build variables down to active servers</p>%0D%0A+               </div>%0D%0A+ %0D%0A+               <span className="inline-flex items-center gap-1.5 text-[11px] text-[#605e5c]">%0D%0A+                 <span className="h-1.5 w-1.5 rounded-full bg-[#0f6cbd]" />%0D%0A+                 Live feed state%0D%0A+               </span>%0D%0A+             </div>%0D%0A+ %0D%0A+             {/* Visual grid connecting columns */}%0D%0A+             <div className="grid grid-cols-1 gap-4 md:grid-cols-3">%0D%0A+ %0D%0A+               {/* TIER 1: Upstream Provenance Origin */}%0D%0A+               <div className="flex flex-col gap-3 rounded-md border border-[#e1dfdd] bg-[#faf9f8] p-3">%0D%0A+                 <div className="flex items-center gap-1.5 border-b border-[#e1dfdd] pb-2 text-[13px] font-semibold text-[#201f1e]">%0D%0A+                   <GitFork className="h-3.5 w-3.5 text-[#0f6cbd]" />%0D%0A+                   <span>1. Code provenance</span>%0D%0A+                 </div>%0D%0A+ %0D%0A+                 {provenanceDetails && (%0D%0A+                   <div className="space-y-2">%0D%0A+                     <div className="space-y-1 rounded border border-[#e1dfdd] bg-white p-2 text-[12px]">%0D%0A+                       <p className="text-[11px] text-[#8a8886]">Source repository</p>%0D%0A+                       <a%0D%0A+                         href={provenanceDetails.repoUrl}%0D%0A+                         target="_blank"%0D%0A+                         rel="noreferrer"%0D%0A+                         className="flex max-w-[190px] items-center gap-1 truncate font-medium text-[#0f6cbd] hover:underline"%0D%0A+                       >%0D%0A+                         <span className="truncate">{provenanceDetails.repoUrl.replace('https://', '')}</span>%0D%0A+                         <ExternalLink className="h-3 w-3 shrink-0" />%0D%0A+                       </a>%0D%0A+                       <p className="text-[11px] text-[#8a8886]">Branch: <span className="font-medium text-[#323130]">{provenanceDetails.branch}</span></p>%0D%0A+                     </div>%0D%0A+ %0D%0A+                     <div className="space-y-1 rounded border border-[#e1dfdd] bg-white p-2 text-[12px]">%0D%0A+                       <p className="text-[11px] text-[#8a8886]">CI/CD pipeline</p>%0D%0A+                       <p className="font-medium text-[#323130]">{provenanceDetails.ciProvider}</p>%0D%0A+                       <p className="truncate text-[11px] text-[#8a8886]" title={provenanceDetails.buildId}>ID: {provenanceDetails.buildId}</p>%0D%0A+                     </div>%0D%0A+ %0D%0A+                     <div className="space-y-1 rounded border border-[#e1dfdd] bg-[#eff6fc] p-2 text-[12px]">%0D%0A+                       <p className="text-[11px] text-[#0f6cbd]">Cryptographic proof</p>%0D%0A+                       <div className="flex items-center gap-1 font-medium text-[#0f6cbd]">%0D%0A+                         <FileSignature className="h-3.5 w-3.5 shrink-0" />%0D%0A+                         <span>SLSA Level 4 verified</span>%0D%0A+                       </div>%0D%0A+                       <p className="text-[11px] leading-tight text-[#0f6cbd]/80">Authority: {provenanceDetails.signingAuthority}</p>%0D%0A+                     </div>%0D%0A+                   </div>%0D%0A+                 )}%0D%0A+               </div>%0D%0A+ %0D%0A+               {/* TIER 2: Central SBOM Component Lineage */}%0D%0A+               <div className="flex flex-col gap-3 rounded-md border border-[#e1dfdd] bg-[#faf9f8] p-3">%0D%0A+                 <div className="flex items-center gap-1.5 border-b border-[#e1dfdd] pb-2 text-[13px] font-semibold text-[#201f1e]">%0D%0A+                   <Layers className="h-3.5 w-3.5 text-[#0f6cbd]" />%0D%0A+                   <span>2. Core packages (SBOM)</span>%0D%0A+                 </div>%0D%0A+ %0D%0A+                 <label className="flex h-8 items-center gap-1.5 rounded border border-[#c8c6c4] bg-white px-2 focus-within:border-[#0f6cbd] focus-within:ring-1 focus-within:ring-[#0f6cbd]">%0D%0A+                   <Search className="h-3.5 w-3.5 text-[#8a8886]" />%0D%0A+                   <input%0D%0A+                     type="text"%0D%0A+                     placeholder="Filter dependencies..."%0D%0A+                     value={dependencySearchQuery}%0D%0A+                     onChange={(e) => setDependencySearchQuery(e.target.value)}%0D%0A+                     className="w-full bg-transparent text-[12px] text-[#323130] outline-none placeholder:text-[#8a8886]"%0D%0A+                   />%0D%0A+                 </label>%0D%0A+ %0D%0A+                 <div className="flex-1 space-y-1.5 max-h-[260px] overflow-y-auto pr-1">%0D%0A+                   {filteredSbom.length === 0 ? (%0D%0A+                     <div className="py-8 text-center text-[11px] text-[#8a8886]">%0D%0A+                       No components found matching search.%0D%0A+                     </div>%0D%0A+                   ) : (%0D%0A+                     filteredSbom.map((comp, idx) => (%0D%0A+                       <div%0D%0A+                         key={idx}%0D%0A+                         className="flex items-center justify-between rounded border border-[#e1dfdd] bg-white px-2 py-1.5 text-[12px] hover:border-[#c8c6c4]"%0D%0A+                       >%0D%0A+                         <div className="min-w-0">%0D%0A+                           <p className="truncate font-medium text-[#323130]" title={comp.name}>{comp.name}</p>%0D%0A+                           <div className="mt-0.5 flex items-center gap-1.5 text-[11px] text-[#8a8886]">%0D%0A+                             <span>v{comp.version}</span>%0D%0A+                             <span className="rounded bg-[#f3f2f1] px-1 uppercase">%0D%0A+                               {comp.dependencyType}%0D%0A+                             </span>%0D%0A+                           </div>%0D%0A+                         </div>%0D%0A+ %0D%0A+                         <span className={`ml-1.5 inline-flex shrink-0 items-center gap-1 text-[11px] font-medium ${%0D%0A+                           comp.trustLevel === 'Trusted' ? 'text-[#0e700e]' :%0D%0A+                           comp.trustLevel === 'Review Required' ? 'text-[#8a5700]' :%0D%0A+                           'text-[#a4262c]'%0D%0A+                         }`}>%0D%0A+                           <span className={`h-1.5 w-1.5 rounded-full ${%0D%0A+                             comp.trustLevel === 'Trusted' ? 'bg-[#0e700e]' :%0D%0A+                             comp.trustLevel === 'Review Required' ? 'bg-[#8a5700]' :%0D%0A+                             'bg-[#a4262c]'%0D%0A+                           }`} />%0D%0A+                           {comp.trustLevel === 'Trusted' ? 'OK' : 'Audit'}%0D%0A+                         </span>%0D%0A+                       </div>%0D%0A+                     ))%0D%0A+                   )}%0D%0A+                 </div>%0D%0A+               </div>%0D%0A+ %0D%0A+               {/* TIER 3: Downstream Active Deployments */}%0D%0A+               <div className="flex flex-col gap-3 rounded-md border border-[#e1dfdd] bg-[#faf9f8] p-3">%0D%0A+                 <div className="flex items-center gap-1.5 border-b border-[#e1dfdd] pb-2 text-[13px] font-semibold text-[#201f1e]">%0D%0A+                   <Server className="h-3.5 w-3.5 text-[#0f6cbd]" />%0D%0A+                   <span>3. Downstream runtimes</span>%0D%0A+                 </div>%0D%0A+ %0D%0A+                 <div className="flex-1 space-y-2 max-h-[300px] overflow-y-auto pr-1">%0D%0A+                   {deployedAssets.length === 0 ? (%0D%0A+                     <div className="space-y-1.5 py-8 text-center">%0D%0A+                       <HelpCircle className="mx-auto h-5 w-5 text-[#c8c6c4]" />%0D%0A+                       <p className="text-[12px] font-medium text-[#605e5c]">No active hosting hosts</p>%0D%0A+                       <p className="px-2 text-[11px] leading-normal text-[#8a8886]">%0D%0A+                         This passport is registered but has no current asset mappings running on servers or pods.%0D%0A+                       </p>%0D%0A+                     </div>%0D%0A+                   ) : (%0D%0A+                     deployedAssets.map((asset) => (%0D%0A+                       <div%0D%0A+                         key={asset.id}%0D%0A+                         className="space-y-1.5 rounded border border-[#e1dfdd] bg-white p-2 text-[12px]"%0D%0A+                       >%0D%0A+                         <div className="flex items-start justify-between">%0D%0A+                           <div>%0D%0A+                             <h5 className="max-w-[130px] truncate font-medium text-[#201f1e]" title={asset.hostName}>%0D%0A+                               {asset.hostName}%0D%0A+                             </h5>%0D%0A+                             <p className="text-[11px] text-[#8a8886]">{asset.type} · {asset.OS}</p>%0D%0A+                           </div>%0D%0A+                           <span className={`inline-flex items-center gap-1 text-[11px] font-medium ${%0D%0A+                             asset.health === 'Compliant' ? 'text-[#0e700e]' : 'text-[#a4262c]'%0D%0A+                           }`}>%0D%0A+                             <span className={`h-1.5 w-1.5 rounded-full ${asset.health === 'Compliant' ? 'bg-[#0e700e]' : 'bg-[#a4262c]'}`} />%0D%0A+                             {asset.health}%0D%0A+                           </span>%0D%0A+                         </div>%0D%0A+ %0D%0A+                         <div className="flex items-center gap-1.5 border-t border-[#f3f2f1] pt-1.5 text-[11px] text-[#605e5c]">%0D%0A+                           <Building2 className="h-3.5 w-3.5 shrink-0 text-[#8a8886]" />%0D%0A+                           <span className="truncate font-medium">{asset.clientName}</span>%0D%0A+                         </div>%0D%0A+                       </div>%0D%0A+                     ))%0D%0A+                   )}%0D%0A+                 </div>%0D%0A+               </div>%0D%0A+ %0D%0A+             </div>%0D%0A+           </div>%0D%0A+ %0D%0A+           {/* VULNERABILITY BLAST RADIUS TRACER utility */}%0D%0A+           <div className="space-y-3 rounded-md border border-[#e1dfdd] bg-white p-4">%0D%0A+             <div className="border-b border-[#f3f2f1] pb-3">%0D%0A+               <h3 className="flex items-center gap-1.5 text-[13px] font-semibold text-[#201f1e]">%0D%0A+                 <Zap className="h-3.5 w-3.5 text-[#8a5700]" />%0D%0A+                 <span>Transitive vulnerability blast radius tracer</span>%0D%0A+               </h3>%0D%0A+               <p className="mt-0.5 text-[11px] text-[#8a8886]">%0D%0A+                 Input a sub-dependency name (e.g. "log4j", "openssl", "redis") to trace all host servers dependent on it.%0D%0A+               </p>%0D%0A+             </div>%0D%0A+ %0D%0A+             <div className="flex gap-2">%0D%0A+               <label className="flex h-9 flex-1 items-center gap-2 rounded border border-[#c8c6c4] bg-white px-3 focus-within:border-[#0f6cbd] focus-within:ring-1 focus-within:ring-[#0f6cbd]">%0D%0A+                 <Search className="h-3.5 w-3.5 text-[#8a8886]" />%0D%0A+                 <input%0D%0A+                   type="text"%0D%0A+                   placeholder="Type package name to scan impact (e.g. openssl, redis)..."%0D%0A+                   value={traceSearchQuery}%0D%0A+                   onChange={(e) => setTraceSearchQuery(e.target.value)}%0D%0A+                   className="w-full bg-transparent text-[13px] text-[#323130] outline-none placeholder:text-[#8a8886]"%0D%0A+                 />%0D%0A+               </label>%0D%0A+               {traceSearchQuery && (%0D%0A+                 <button%0D%0A+                   type="button"%0D%0A+                   onClick={() => setTraceSearchQuery('')}%0D%0A+                   className="h-9 rounded border border-[#c8c6c4] px-3 text-[12px] font-medium text-[#323130] hover:bg-black/[.03]"%0D%0A+                 >%0D%0A+                   Clear trace%0D%0A+                 </button>%0D%0A+               )}%0D%0A+             </div>%0D%0A+ %0D%0A+             {/* Traced impact results list */}%0D%0A+             {traceSearchQuery.trim() ? (%0D%0A+               <div className="space-y-2 pt-1">%0D%0A+                 <h4 className="text-[11px] uppercase tracking-wide text-[#8a8886]">%0D%0A+                   Impact mapping for "{traceSearchQuery}" ({tracedImpact.length} pipelines found)%0D%0A+                 </h4>%0D%0A+ %0D%0A+                 {tracedImpact.length === 0 ? (%0D%0A+                   <div className="rounded-md border border-[#e1dfdd] bg-[#faf9f8] p-4 text-center text-[12px] text-[#605e5c]">%0D%0A+                     No active software passports or dependency chains are running components matching "{traceSearchQuery}".%0D%0A+                   </div>%0D%0A+                 ) : (%0D%0A+                   <div className="space-y-2.5">%0D%0A+                     {tracedImpact.map((item, idx) => (%0D%0A+                       <div%0D%0A+                         key={idx}%0D%0A+                         className="space-y-2 rounded-md border border-[#e1dfdd] bg-[#faf9f8] p-3"%0D%0A+                       >%0D%0A+                         <div className="flex items-start justify-between gap-3">%0D%0A+                           <div className="min-w-0">%0D%0A+                             <span className="inline-block rounded bg-[#eff6fc] px-1.5 py-0.5 text-[11px] font-medium text-[#0f6cbd]">%0D%0A+                               Dependency node found%0D%0A+                             </span>%0D%0A+                             <h5 className="mt-1 text-[13px] font-medium text-[#201f1e]">%0D%0A+                               {item.component.name} <span className="font-normal text-[#8a8886]">v{item.component.version}</span>%0D%0A+                             </h5>%0D%0A+                             <p className="mt-0.5 text-[11px] text-[#8a8886]">Purl: {item.component.purl}</p>%0D%0A+                           </div>%0D%0A+ %0D%0A+                           <div className="shrink-0 text-right">%0D%0A+                             <span className="block text-[11px] text-[#8a8886]">Contained in</span>%0D%0A+                             <span className="mt-0.5 block text-[13px] font-medium text-[#323130]">{item.passport.name}</span>%0D%0A+                           </div>%0D%0A+                         </div>%0D%0A+ %0D%0A+                         {/* Blast list of host targets */}%0D%0A+                         <div className="space-y-1.5 border-t border-[#e1dfdd] pt-2">%0D%0A+                           <p className="flex items-center gap-1 text-[11px] font-medium text-[#605e5c]">%0D%0A+                             <Server className="h-3 w-3 text-[#0f6cbd]" />%0D%0A+                             <span>Vulnerable deployment blast target hosts ({item.hosts.length})</span>%0D%0A+                           </p>%0D%0A+ %0D%0A+                           {item.hosts.length === 0 ? (%0D%0A+                             <p className="rounded border border-[#e1dfdd] bg-white p-2.5 text-[11px] italic text-[#8a8886]">%0D%0A+                               Component is listed in the SBOM but currently has zero active deployment hosts. Threat exposure is minimal.%0D%0A+                             </p>%0D%0A+                           ) : (%0D%0A+                             <div className="grid grid-cols-1 gap-1.5 md:grid-cols-2">%0D%0A+                               {item.hosts.map((host) => (%0D%0A+                                 <div%0D%0A+                                   key={host.id}%0D%0A+                                   className="flex items-center justify-between rounded border border-[#e1dfdd] bg-white p-2 text-[11px]"%0D%0A+                                 >%0D%0A+                                   <div className="min-w-0">%0D%0A+                                     <p className="max-w-[140px] truncate font-medium text-[#323130]">{host.hostName}</p>%0D%0A+                                     <p className="mt-0.5 text-[#8a8886]">{host.clientName} · {host.environment}</p>%0D%0A+                                   </div>%0D%0A+                                   <span className={`inline-flex shrink-0 items-center gap-1 font-medium ${%0D%0A+                                     host.health === 'Compliant' ? 'text-[#0e700e]' : 'text-[#a4262c]'%0D%0A+                                   }`}>%0D%0A+                                     <span className={`h-1.5 w-1.5 rounded-full ${host.health === 'Compliant' ? 'bg-[#0e700e]' : 'bg-[#a4262c]'}`} />%0D%0A+                                     {host.health}%0D%0A+                                   </span>%0D%0A+                                 </div>%0D%0A+                               ))}%0D%0A+                             </div>%0D%0A+                           )}%0D%0A+                         </div>%0D%0A+                       </div>%0D%0A+                     ))}%0D%0A+                   </div>%0D%0A+                 )}%0D%0A+               </div>%0D%0A+             ) : (%0D%0A+               <div className="flex items-start gap-2 rounded-md border border-dashed border-[#e1dfdd] bg-[#faf9f8] p-3 text-[12px] text-[#605e5c]">%0D%0A+                 <Info className="h-3.5 w-3.5 shrink-0 text-[#8a8886]" />%0D%0A+                 <p className="leading-snug">%0D%0A+                   Trace utilities query transitively mapped software bill-of-materials elements recursively. For example, search <code className="rounded bg-[#f3f2f1] px-1 py-0.5 font-mono font-medium text-[#0f6cbd]">openssl</code> to identify its downstream footprint or <code className="rounded bg-[#f3f2f1] px-1 py-0.5 font-mono font-medium text-[#0f6cbd]">postgres</code> to check running nodes.%0D%0A+                 </p>%0D%0A+               </div>%0D%0A+             )}%0D%0A+           </div>%0D%0A+ %0D%0A+         </div>%0D%0A+ %0D%0A+       </div>%0D%0A+ %0D%0A+       {/* DETAILED INTERACTIVE EXPLANATION MODAL (Why Does This Exist? / Digital Storyteller) */}%0D%0A+       <AnimatePresence>%0D%0A+         {isExplanationOpen && activePassport && (%0D%0A+           <div className="fixed inset-0 z-50 flex items-center justify-center p-4">%0D%0A+             {/* Backdrop overlay */}%0D%0A+             <motion.div%0D%0A+               initial={{ opacity: 0 }}%0D%0A+               animate={{ opacity: 0.4 }}%0D%0A+               exit={{ opacity: 0 }}%0D%0A+               onClick={() => setIsExplanationOpen(false)}%0D%0A+               className="absolute inset-0 bg-black"%0D%0A+             />%0D%0A+ %0D%0A+             {/* Explainer Modal container */}%0D%0A+             <motion.div%0D%0A+               initial={{ scale: 0.98, y: 10, opacity: 0 }}%0D%0A+               animate={{ scale: 1, y: 0, opacity: 1 }}%0D%0A+               exit={{ scale: 0.98, y: 10, opacity: 0 }}%0D%0A+               className="relative z-10 w-full max-w-lg rounded-md border border-[#e1dfdd] bg-white p-5 text-left"%0D%0A+             >%0D%0A+               <div className="mb-3 flex items-start justify-between">%0D%0A+                 <div>%0D%0A+                   <span className="block text-[11px] uppercase tracking-wide text-[#8a8886]">%0D%0A+                     Why it exists%0D%0A+                   </span>%0D%0A+                   <h3 className="mt-0.5 flex items-center gap-1.5 text-[15px] font-semibold text-[#201f1e]">%0D%0A+                     <Sparkles className="h-4 w-4 text-[#0f6cbd]" />%0D%0A+                     <span>Explain {activePassport.name}</span>%0D%0A+                   </h3>%0D%0A+                 </div>%0D%0A+                 <button%0D%0A+                   onClick={() => setIsExplanationOpen(false)}%0D%0A+                   className="rounded p-1 text-[#8a8886] hover:bg-black/[.03] hover:text-[#605e5c]"%0D%0A+                 >%0D%0A+                   <X className="h-4 w-4" />%0D%0A+                 </button>%0D%0A+               </div>%0D%0A+ %0D%0A+               {/* Explainer Body */}%0D%0A+               <div className="space-y-3">%0D%0A+                 {/* Structured Software Card Details */}%0D%0A+                 <div className="space-y-3 rounded-md border border-[#e1dfdd] bg-[#faf9f8] p-3">%0D%0A+                   <div>%0D%0A+                     <span className="mb-0.5 block text-[11px] uppercase text-[#8a8886]">What it does</span>%0D%0A+                     <p className="text-[13px] leading-relaxed text-[#323130]">%0D%0A+                       {activeMnemonic.whatItDoes}%0D%0A+                     </p>%0D%0A+                   </div>%0D%0A+ %0D%0A+                   <div className="grid grid-cols-2 gap-3">%0D%0A+                     <div>%0D%0A+                       <span className="mb-0.5 block text-[11px] uppercase text-[#8a8886]">Who uses it</span>%0D%0A+                       <span className="text-[13px] font-medium text-[#323130]">%0D%0A+                         {activeMnemonic.whoUsesit}%0D%0A+                       </span>%0D%0A+                     </div>%0D%0A+                     <div>%0D%0A+                       <span className="mb-0.5 block text-[11px] uppercase text-[#8a8886]">Business importance</span>%0D%0A+                       <span className="text-[13px] font-medium text-[#0f6cbd]">%0D%0A+                         {activeMnemonic.businessImportance}%0D%0A+                       </span>%0D%0A+                     </div>%0D%0A+                   </div>%0D%0A+ %0D%0A+                   <div className="border-t border-[#e1dfdd] pt-2">%0D%0A+                     <span className="mb-0.5 block text-[11px] uppercase text-[#8a8886]">Connected systems</span>%0D%0A+                     <p className="text-[13px] text-[#605e5c]">%0D%0A+                       {activeMnemonic.connections}%0D%0A+                     </p>%0D%0A+                   </div>%0D%0A+                 </div>%0D%0A+ %0D%0A+                 {/* The Magic Narrative */}%0D%0A+                 <div className="space-y-1.5">%0D%0A+                   <span className="block text-[11px] font-semibold uppercase tracking-wide text-[#0f6cbd]">%0D%0A+                     Advisor narrative%0D%0A+                   </span>%0D%0A+                   <div className="rounded-md border border-[#e1dfdd] bg-[#eff6fc] p-3 text-[13px] leading-relaxed text-[#201f1e]">%0D%0A+                     "{activeMnemonic.explanation}"%0D%0A+                   </div>%0D%0A+                 </div>%0D%0A+ %0D%0A+                 {/* Recommendation */}%0D%0A+                 <div className="flex items-center justify-between border-t border-[#f3f2f1] pt-3 text-[13px]">%0D%0A+                   <span className="text-[#8a8886]">Recommendation:</span>%0D%0A+                   <span className="inline-flex items-center gap-1.5 rounded bg-[#dff6dd] px-2.5 py-0.5 text-[12px] font-medium text-[#0e700e]">%0D%0A+                     Keep — important business system%0D%0A+                   </span>%0D%0A+                 </div>%0D%0A+               </div>%0D%0A+ %0D%0A+               {/* Close footer button */}%0D%0A+               <div className="mt-4 border-t border-[#f3f2f1] pt-3 text-right">%0D%0A+                 <button%0D%0A+                   type="button"%0D%0A+                   onClick={() => setIsExplanationOpen(false)}%0D%0A+                   className="h-8 rounded bg-[#0f6cbd] px-3 text-[13px] font-medium text-white hover:bg-[#004578]"%0D%0A+                 >%0D%0A+                   Got it, close%0D%0A+                 </button>%0D%0A+               </div>%0D%0A+             </motion.div>%0D%0A+           </div>%0D%0A+         )}%0D%0A+       </AnimatePresence>%0D%0A+ %0D%0A+     </div>%0D%0A+   );%0D%0A+ }%0D%0A+ %0D%0A+ // Simple absolute close SVG fallback%0D%0A+ function X(props: React.SVGProps<SVGSVGElement>) {%0D%0A+   return (%0D%0A+     <svg%0D%0A+       xmlns="http://www.w3.org/2000/svg"%0D%0A+       fill="none"%0D%0A+       viewBox="0 0 24 24"%0D%0A+       strokeWidth="2.5"%0D%0A+       stroke="currentColor"%0D%0A+       {...props}%0D%0A+     >%0D%0A+       <path strokeLinecap="round" strokeLinejoin="round" d="M6 18L18 6M6 6l12 12" />%0D%0A+     </svg>%0D%0A+   );%0D%0A+ }%0D%0A+%0A%0A ❯ tests/slsa-provenance-route-and-ui-contract.test.ts:63:19%0A%0A

::error file=/home/runner/work/software-passport-registry/software-passport-registry/tests/slsa-provenance-route-and-ui-contract.test.ts,title=tests/slsa-provenance-route-and-ui-contract.test.ts > SoftwareLineageTracker no longer fabricates provenance data > derives SLSA state from the real evidence array%2C not a generated object,line=73,column=15::AssertionError: expected '/**\r\n * @license\r\n * SPDX-License…' to contain '(activePassport.evidence || []).find(…'%0A%0A- Expected%0A+ Received%0A%0A- (activePassport.evidence || []).find((item) => item.type === 'Attestation' && /slsa/i.test(item.name))%0A+ /**%0D%0A+  * @license%0D%0A+  * SPDX-License-Identifier: Apache-2.0%0D%0A+  */%0D%0A+ %0D%0A+ import React, { useState, useMemo } from 'react';%0D%0A+ import { motion, AnimatePresence } from 'motion/react';%0D%0A+ import {%0D%0A+   GitFork,%0D%0A+   Layers,%0D%0A+   Server,%0D%0A+   Search,%0D%0A+   FileSignature,%0D%0A+   Building2,%0D%0A+   ExternalLink,%0D%0A+   HelpCircle,%0D%0A+   ChevronRight,%0D%0A+   Zap,%0D%0A+   Info,%0D%0A+   Sparkles%0D%0A+ } from 'lucide-react';%0D%0A+ import { SoftwarePassport, Client } from '../types';%0D%0A+ %0D%0A+ interface SoftwareLineageTrackerProps {%0D%0A+   passports: SoftwarePassport[];%0D%0A+   clients: Client[];%0D%0A+   assets: any[];%0D%0A+ }%0D%0A+ %0D%0A+ export default function SoftwareLineageTracker({ passports, clients, assets }: SoftwareLineageTrackerProps) {%0D%0A+   const [selectedPassportId, setSelectedPassportId] = useState<string>(passports[0]?.id || '');%0D%0A+   const [dependencySearchQuery, setDependencySearchQuery] = useState<string>('');%0D%0A+   const [traceSearchQuery, setTraceSearchQuery] = useState<string>('');%0D%0A+   const [isExplanationOpen, setIsExplanationOpen] = useState(false);%0D%0A+ %0D%0A+   // 1. Get currently selected passport%0D%0A+   const activePassport = useMemo(() => {%0D%0A+     return passports.find(p => p.id === selectedPassportId) || passports[0];%0D%0A+   }, [passports, selectedPassportId]);%0D%0A+ %0D%0A+   // 2. Map downstream assets for the selected passport%0D%0A+   const deployedAssets = useMemo(() => {%0D%0A+     if (!activePassport) return [];%0D%0A+     return assets.filter(a => {%0D%0A+       const pName = activePassport.name.toLowerCase();%0D%0A+       const aPassport = (a.activePassport || '').toLowerCase();%0D%0A+       return (%0D%0A+         aPassport === pName ||%0D%0A+         aPassport.includes(pName) ||%0D%0A+         pName.includes(aPassport) ||%0D%0A+         (a.activePassport === `Custom/Generic: ${activePassport.name}`)%0D%0A+       );%0D%0A+     });%0D%0A+   }, [assets, activePassport]);%0D%0A+ %0D%0A+   // Illustrative upstream topology. It is labeled in the UI and is not provenance evidence.%0D%0A+   const provenanceDetails = useMemo(() => {%0D%0A+     if (!activePassport) return null;%0D%0A+     const cleanName = activePassport.name.toLowerCase().replace(/\s+/g, '-');%0D%0A+     return {%0D%0A+       repoUrl: `https://github.com/enterprise-registry/${cleanName}`,%0D%0A+       branch: 'main',%0D%0A+       commitHash: 'f4b3c2a1d0e9f8a7b6c5d4e3f2a1b0c9d8e7f6a5',%0D%0A+       ciProvider: 'GitHub Actions Cloud Build',%0D%0A+       buildId: `run-98421-prod-${cleanName}`,%0D%0A+       slsaLevel: 'SLSA Level 4 Compliant',%0D%0A+       compiler: 'GCC 12.2 / Node compiler (v18.16.0)',%0D%0A+       signingAuthority: 'Cosign Sigstore Root CA',%0D%0A+       signatureAlgorithm: 'ECDSA-P256-SHA256'%0D%0A+     };%0D%0A+   }, [activePassport]);%0D%0A+ %0D%0A+   // 3. Compute overall inventory dependency stats for summary badges%0D%0A+   const totalUniqueDependencies = useMemo(() => {%0D%0A+     const depsSet = new Set<string>();%0D%0A+     passports.forEach(p => {%0D%0A+       p.sbom.forEach(s => depsSet.add(s.name));%0D%0A+     });%0D%0A+     return depsSet.size;%0D%0A+   }, [passports]);%0D%0A+ %0D%0A+   // 4. "Blast Radius Impact Tracer": Find any sub-component across all pipelines%0D%0A+   const tracedImpact = useMemo(() => {%0D%0A+     if (!traceSearchQuery.trim()) return [];%0D%0A+ %0D%0A+     const query = traceSearchQuery.toLowerCase();%0D%0A+     const results: {%0D%0A+       passport: SoftwarePassport;%0D%0A+       component: any;%0D%0A+       hosts: any[];%0D%0A+     }[] = [];%0D%0A+ %0D%0A+     passports.forEach(p => {%0D%0A+       const foundComp = p.sbom.find(s => s.name.toLowerCase().includes(query) || s.purl.toLowerCase().includes(query));%0D%0A+       if (foundComp) {%0D%0A+         // Find hosting assets running this parent software%0D%0A+         const hosts = assets.filter(a => {%0D%0A+           const pName = p.name.toLowerCase();%0D%0A+           const aPassport = (a.activePassport || '').toLowerCase();%0D%0A+           return (%0D%0A+             aPassport === pName ||%0D%0A+             aPassport.includes(pName) ||%0D%0A+             pName.includes(aPassport) ||%0D%0A+             (a.activePassport === `Custom/Generic: ${p.name}`)%0D%0A+           );%0D%0A+         });%0D%0A+ %0D%0A+         results.push({%0D%0A+           passport: p,%0D%0A+           component: foundComp,%0D%0A+           hosts: hosts%0D%0A+         });%0D%0A+       }%0D%0A+     });%0D%0A+ %0D%0A+     return results;%0D%0A+   }, [passports, assets, traceSearchQuery]);%0D%0A+ %0D%0A+   // Filtered SBOM packages for active passport%0D%0A+   const filteredSbom = useMemo(() => {%0D%0A+     if (!activePassport) return [];%0D%0A+     if (!dependencySearchQuery.trim()) return activePassport.sbom;%0D%0A+     return activePassport.sbom.filter(s =>%0D%0A+       s.name.toLowerCase().includes(dependencySearchQuery.toLowerCase()) ||%0D%0A+       s.license.toLowerCase().includes(dependencySearchQuery.toLowerCase())%0D%0A+     );%0D%0A+   }, [activePassport, dependencySearchQuery]);%0D%0A+ %0D%0A+   // Dynamic digital map description generator for storytelling%0D%0A+   const getDigitalMnemonic = (name: string) => {%0D%0A+     const nameLower = name.toLowerCase();%0D%0A+     if (nameLower.includes('salesforce')) {%0D%0A+       return {%0D%0A+         whatItDoes: 'Manages customer interactions, deals pipelines, and account records.',%0D%0A+         whoUsesit: '35 employees in sales & service',%0D%0A+         businessImportance: 'Critical operations node',%0D%0A+         connections: 'Slack alerts, payment logs, secure backup instances',%0D%0A+         explanation: 'This software manages customer pipelines and sales communications. Removing or disabling it would freeze lead intake, affecting 40%25 of daily transactions and disconnecting client interactions.'%0D%0A+       };%0D%0A+     }%0D%0A+     if (nameLower.includes('slack')) {%0D%0A+       return {%0D%0A+         whatItDoes: 'Primary communication hub, notifications router, and collaboration channel.',%0D%0A+         whoUsesit: 'All staff / 120 active employees',%0D%0A+         businessImportance: 'High (Ops critical)',%0D%0A+         connections: 'Salesforce CRM, OpenAI API, AWS status logs',%0D%0A+         explanation: 'This is the communication spine of your company. It routes direct messages and security notifications instantly. It integrates automated bots to manage system outages and triggers real-time responses.'%0D%0A+       };%0D%0A+     }%0D%0A+     if (nameLower.includes('stripe')) {%0D%0A+       return {%0D%0A+         whatItDoes: 'Handles invoice charging, checkout systems, and financial gateway flows.',%0D%0A+         whoUsesit: 'Billing admins & payment triggers',%0D%0A+         businessImportance: 'Immediate revenue impact',%0D%0A+         connections: 'Corporate banking, QuickBooks, accounting DB',%0D%0A+         explanation: 'This handles all credit-card processing and active payment endpoints. Removing it instantly disables checkout, halting incoming streams and breaking invoicing operations.'%0D%0A+       };%0D%0A+     }%0D%0A+     // Default fallback%0D%0A+     return {%0D%0A+       whatItDoes: 'Provides central system infrastructure, service integrations, or package dependencies.',%0D%0A+       whoUsesit: 'Engineering & operations',%0D%0A+       businessImportance: 'High technical dependency',%0D%0A+       connections: 'Cloud security pipelines, active virtual instances',%0D%0A+       explanation: 'This node sits directly in the processing path. If detached, dependent backend routines would fail, triggering cascading connection errors across operational services.'%0D%0A+     };%0D%0A+   };%0D%0A+ %0D%0A+   const activeMnemonic = activePassport ? getDigitalMnemonic(activePassport.name) : getDigitalMnemonic('');%0D%0A+ %0D%0A+   return (%0D%0A+     <div className="space-y-4" id="software-lineage-ledger-panel">%0D%0A+       {/* Section header + summary strip */}%0D%0A+       <div className="flex flex-col gap-3 sm:flex-row sm:items-center sm:justify-between">%0D%0A+         <div>%0D%0A+           <h2 className="text-[15px] font-semibold text-[#201f1e]">Software lineage map</h2>%0D%0A+           <p className="mt-0.5 text-[13px] text-[#605e5c]">Trace a passport from source provenance through its SBOM to the servers running it.</p>%0D%0A+         </div>%0D%0A+ %0D%0A+         <div className="flex flex-wrap gap-6 rounded-md border border-[#e1dfdd] bg-white p-3">%0D%0A+           <div>%0D%0A+             <div className="text-[11px] text-[#605e5c]">Mapped systems</div>%0D%0A+             <div className="text-lg font-semibold text-[#201f1e]">{passports.length}</div>%0D%0A+           </div>%0D%0A+           <div>%0D%0A+             <div className="text-[11px] text-[#605e5c]">SBOM packages</div>%0D%0A+             <div className="text-lg font-semibold text-[#201f1e]">{totalUniqueDependencies}</div>%0D%0A+           </div>%0D%0A+         </div>%0D%0A+       </div>%0D%0A+ %0D%0A+       {/* Main Interactive Map Grid */}%0D%0A+       <div className="grid grid-cols-1 lg:grid-cols-4 gap-4">%0D%0A+ %0D%0A+         {/* Left Column: Software Passport Selector & Provenance Parameters */}%0D%0A+         <div className="lg:col-span-1 space-y-4">%0D%0A+           <div className="rounded-md border border-[#e1dfdd] bg-white p-3">%0D%0A+             <h3 className="text-[13px] font-semibold text-[#201f1e]">Select a system</h3>%0D%0A+             <p className="mt-0.5 text-[11px] text-[#8a8886]">Choose a passport to lock the tracker on it.</p>%0D%0A+ %0D%0A+             <div className="mt-3 space-y-1 max-h-[220px] overflow-y-auto pr-1">%0D%0A+               {passports.map(p => {%0D%0A+                 const isSelected = p.id === selectedPassportId;%0D%0A+                 return (%0D%0A+                   <button%0D%0A+                     key={p.id}%0D%0A+                     onClick={() => setSelectedPassportId(p.id)}%0D%0A+                     className={`flex w-full items-center justify-between rounded px-2.5 py-2 text-left text-[13px] border ${%0D%0A+                       isSelected%0D%0A+                         ? 'border-[#0f6cbd] bg-[#eff6fc] font-medium text-[#0f6cbd]'%0D%0A+                         : 'border-transparent text-[#323130] hover:bg-black/[.03]'%0D%0A+                     }`}%0D%0A+                   >%0D%0A+                     <div className="min-w-0">%0D%0A+                       <p className="truncate leading-tight">{p.name}</p>%0D%0A+                       <span className="mt-0.5 block text-[11px] text-[#8a8886]">v{p.version} · {p.publisher}</span>%0D%0A+                     </div>%0D%0A+                     <ChevronRight className={`ml-2 h-3.5 w-3.5 shrink-0 ${isSelected ? 'text-[#0f6cbd]' : 'text-[#c8c6c4]'}`} />%0D%0A+                   </button>%0D%0A+                 );%0D%0A+               })}%0D%0A+             </div>%0D%0A+           </div>%0D%0A+ %0D%0A+           {/* Active Passport General Info */}%0D%0A+           {activePassport && (%0D%0A+             <div className="space-y-3 rounded-md border border-[#e1dfdd] bg-white p-3">%0D%0A+               <div className="flex items-start justify-between border-b border-[#f3f2f1] pb-2">%0D%0A+                 <div>%0D%0A+                   <span className="block text-[11px] text-[#8a8886]">Selected</span>%0D%0A+                   <h4 className="mt-0.5 text-[13px] font-semibold leading-snug text-[#201f1e]">{activePassport.name}</h4>%0D%0A+                 </div>%0D%0A+                 <span className="shrink-0 rounded bg-[#f3f2f1] px-2 py-0.5 text-[11px] text-[#605e5c]">%0D%0A+                   {activePassport.category}%0D%0A+                 </span>%0D%0A+               </div>%0D%0A+ %0D%0A+               <div className="space-y-1.5 text-[12px]">%0D%0A+                 <div className="flex justify-between">%0D%0A+                   <span className="text-[#8a8886]">Release date</span>%0D%0A+                   <span className="font-medium text-[#323130]">{activePassport.releaseDate}</span>%0D%0A+                 </div>%0D%0A+                 <div className="flex justify-between">%0D%0A+                   <span className="text-[#8a8886]">License</span>%0D%0A+                   <span className="font-medium text-[#323130]">{activePassport.licenseType}</span>%0D%0A+                 </div>%0D%0A+                 <div className="flex justify-between">%0D%0A+                   <span className="text-[#8a8886]">Trust score</span>%0D%0A+                   <span className="font-semibold text-[#0e700e]">{activePassport.overallScore}/100</span>%0D%0A+                 </div>%0D%0A+                 <div className="flex flex-col gap-1 border-t border-[#f3f2f1] pt-2">%0D%0A+                   <span className="text-[11px] uppercase text-[#8a8886]">File hash</span>%0D%0A+                   <span className="select-all break-all rounded border border-[#e1dfdd] bg-[#faf9f8] p-1.5 font-mono text-[10px] leading-tight text-[#605e5c]">%0D%0A+                     {activePassport.fileHash}%0D%0A+                   </span>%0D%0A+                 </div>%0D%0A+               </div>%0D%0A+ %0D%0A+               {/* "Why does this exist" preview quick panel */}%0D%0A+               <button%0D%0A+                 onClick={() => setIsExplanationOpen(true)}%0D%0A+                 className="flex h-8 w-full items-center justify-center gap-1.5 rounded border border-[#c8c6c4] text-[12px] font-medium text-[#323130] hover:bg-black/[.03]"%0D%0A+               >%0D%0A+                 <HelpCircle className="h-3.5 w-3.5 text-[#0f6cbd]" />%0D%0A+                 <span>Explain this system</span>%0D%0A+               </button>%0D%0A+             </div>%0D%0A+           )}%0D%0A+         </div>%0D%0A+ %0D%0A+         {/* Right 3 Columns: Visual Lineage Flow Map */}%0D%0A+         <div className="lg:col-span-3 space-y-4">%0D%0A+ %0D%0A+           {/* Unified 3-tier mapping visualizer */}%0D%0A+           <div className="space-y-4 rounded-md border border-[#e1dfdd] bg-white p-4">%0D%0A+             <div className="flex flex-col gap-2 sm:flex-row sm:items-center sm:justify-between">%0D%0A+               <div>%0D%0A+                 <h3 className="text-[13px] font-semibold text-[#201f1e]">Active lineage pathway</h3>%0D%0A+                 <p className="text-[11px] text-[#8a8886]">Traced from build variables down to active servers</p>%0D%0A+               </div>%0D%0A+ %0D%0A+               <span className="inline-flex items-center gap-1.5 text-[11px] text-[#605e5c]">%0D%0A+                 <span className="h-1.5 w-1.5 rounded-full bg-[#0f6cbd]" />%0D%0A+                 Live feed state%0D%0A+               </span>%0D%0A+             </div>%0D%0A+ %0D%0A+             {/* Visual grid connecting columns */}%0D%0A+             <div className="grid grid-cols-1 gap-4 md:grid-cols-3">%0D%0A+ %0D%0A+               {/* TIER 1: Upstream Provenance Origin */}%0D%0A+               <div className="flex flex-col gap-3 rounded-md border border-[#e1dfdd] bg-[#faf9f8] p-3">%0D%0A+                 <div className="flex items-center gap-1.5 border-b border-[#e1dfdd] pb-2 text-[13px] font-semibold text-[#201f1e]">%0D%0A+                   <GitFork className="h-3.5 w-3.5 text-[#0f6cbd]" />%0D%0A+                   <span>1. Code provenance</span>%0D%0A+                 </div>%0D%0A+ %0D%0A+                 {provenanceDetails && (%0D%0A+                   <div className="space-y-2">%0D%0A+                     <div className="space-y-1 rounded border border-[#e1dfdd] bg-white p-2 text-[12px]">%0D%0A+                       <p className="text-[11px] text-[#8a8886]">Source repository</p>%0D%0A+                       <a%0D%0A+                         href={provenanceDetails.repoUrl}%0D%0A+                         target="_blank"%0D%0A+                         rel="noreferrer"%0D%0A+                         className="flex max-w-[190px] items-center gap-1 truncate font-medium text-[#0f6cbd] hover:underline"%0D%0A+                       >%0D%0A+                         <span className="truncate">{provenanceDetails.repoUrl.replace('https://', '')}</span>%0D%0A+                         <ExternalLink className="h-3 w-3 shrink-0" />%0D%0A+                       </a>%0D%0A+                       <p className="text-[11px] text-[#8a8886]">Branch: <span className="font-medium text-[#323130]">{provenanceDetails.branch}</span></p>%0D%0A+                     </div>%0D%0A+ %0D%0A+                     <div className="space-y-1 rounded border border-[#e1dfdd] bg-white p-2 text-[12px]">%0D%0A+                       <p className="text-[11px] text-[#8a8886]">CI/CD pipeline</p>%0D%0A+                       <p className="font-medium text-[#323130]">{provenanceDetails.ciProvider}</p>%0D%0A+                       <p className="truncate text-[11px] text-[#8a8886]" title={provenanceDetails.buildId}>ID: {provenanceDetails.buildId}</p>%0D%0A+                     </div>%0D%0A+ %0D%0A+                     <div className="space-y-1 rounded border border-[#e1dfdd] bg-[#eff6fc] p-2 text-[12px]">%0D%0A+                       <p className="text-[11px] text-[#0f6cbd]">Cryptographic proof</p>%0D%0A+                       <div className="flex items-center gap-1 font-medium text-[#0f6cbd]">%0D%0A+                         <FileSignature className="h-3.5 w-3.5 shrink-0" />%0D%0A+                         <span>SLSA Level 4 verified</span>%0D%0A+                       </div>%0D%0A+                       <p className="text-[11px] leading-tight text-[#0f6cbd]/80">Authority: {provenanceDetails.signingAuthority}</p>%0D%0A+                     </div>%0D%0A+                   </div>%0D%0A+                 )}%0D%0A+               </div>%0D%0A+ %0D%0A+               {/* TIER 2: Central SBOM Component Lineage */}%0D%0A+               <div className="flex flex-col gap-3 rounded-md border border-[#e1dfdd] bg-[#faf9f8] p-3">%0D%0A+                 <div className="flex items-center gap-1.5 border-b border-[#e1dfdd] pb-2 text-[13px] font-semibold text-[#201f1e]">%0D%0A+                   <Layers className="h-3.5 w-3.5 text-[#0f6cbd]" />%0D%0A+                   <span>2. Core packages (SBOM)</span>%0D%0A+                 </div>%0D%0A+ %0D%0A+                 <label className="flex h-8 items-center gap-1.5 rounded border border-[#c8c6c4] bg-white px-2 focus-within:border-[#0f6cbd] focus-within:ring-1 focus-within:ring-[#0f6cbd]">%0D%0A+                   <Search className="h-3.5 w-3.5 text-[#8a8886]" />%0D%0A+                   <input%0D%0A+                     type="text"%0D%0A+                     placeholder="Filter dependencies..."%0D%0A+                     value={dependencySearchQuery}%0D%0A+                     onChange={(e) => setDependencySearchQuery(e.target.value)}%0D%0A+                     className="w-full bg-transparent text-[12px] text-[#323130] outline-none placeholder:text-[#8a8886]"%0D%0A+                   />%0D%0A+                 </label>%0D%0A+ %0D%0A+                 <div className="flex-1 space-y-1.5 max-h-[260px] overflow-y-auto pr-1">%0D%0A+                   {filteredSbom.length === 0 ? (%0D%0A+                     <div className="py-8 text-center text-[11px] text-[#8a8886]">%0D%0A+                       No components found matching search.%0D%0A+                     </div>%0D%0A+                   ) : (%0D%0A+                     filteredSbom.map((comp, idx) => (%0D%0A+                       <div%0D%0A+                         key={idx}%0D%0A+                         className="flex items-center justify-between rounded border border-[#e1dfdd] bg-white px-2 py-1.5 text-[12px] hover:border-[#c8c6c4]"%0D%0A+                       >%0D%0A+                         <div className="min-w-0">%0D%0A+                           <p className="truncate font-medium text-[#323130]" title={comp.name}>{comp.name}</p>%0D%0A+                           <div className="mt-0.5 flex items-center gap-1.5 text-[11px] text-[#8a8886]">%0D%0A+                             <span>v{comp.version}</span>%0D%0A+                             <span className="rounded bg-[#f3f2f1] px-1 uppercase">%0D%0A+                               {comp.dependencyType}%0D%0A+                             </span>%0D%0A+                           </div>%0D%0A+                         </div>%0D%0A+ %0D%0A+                         <span className={`ml-1.5 inline-flex shrink-0 items-center gap-1 text-[11px] font-medium ${%0D%0A+                           comp.trustLevel === 'Trusted' ? 'text-[#0e700e]' :%0D%0A+                           comp.trustLevel === 'Review Required' ? 'text-[#8a5700]' :%0D%0A+                           'text-[#a4262c]'%0D%0A+                         }`}>%0D%0A+                           <span className={`h-1.5 w-1.5 rounded-full ${%0D%0A+                             comp.trustLevel === 'Trusted' ? 'bg-[#0e700e]' :%0D%0A+                             comp.trustLevel === 'Review Required' ? 'bg-[#8a5700]' :%0D%0A+                             'bg-[#a4262c]'%0D%0A+                           }`} />%0D%0A+                           {comp.trustLevel === 'Trusted' ? 'OK' : 'Audit'}%0D%0A+                         </span>%0D%0A+                       </div>%0D%0A+                     ))%0D%0A+                   )}%0D%0A+                 </div>%0D%0A+               </div>%0D%0A+ %0D%0A+               {/* TIER 3: Downstream Active Deployments */}%0D%0A+               <div className="flex flex-col gap-3 rounded-md border border-[#e1dfdd] bg-[#faf9f8] p-3">%0D%0A+                 <div className="flex items-center gap-1.5 border-b border-[#e1dfdd] pb-2 text-[13px] font-semibold text-[#201f1e]">%0D%0A+                   <Server className="h-3.5 w-3.5 text-[#0f6cbd]" />%0D%0A+                   <span>3. Downstream runtimes</span>%0D%0A+                 </div>%0D%0A+ %0D%0A+                 <div className="flex-1 space-y-2 max-h-[300px] overflow-y-auto pr-1">%0D%0A+                   {deployedAssets.length === 0 ? (%0D%0A+                     <div className="space-y-1.5 py-8 text-center">%0D%0A+                       <HelpCircle className="mx-auto h-5 w-5 text-[#c8c6c4]" />%0D%0A+                       <p className="text-[12px] font-medium text-[#605e5c]">No active hosting hosts</p>%0D%0A+                       <p className="px-2 text-[11px] leading-normal text-[#8a8886]">%0D%0A+                         This passport is registered but has no current asset mappings running on servers or pods.%0D%0A+                       </p>%0D%0A+                     </div>%0D%0A+                   ) : (%0D%0A+                     deployedAssets.map((asset) => (%0D%0A+                       <div%0D%0A+                         key={asset.id}%0D%0A+                         className="space-y-1.5 rounded border border-[#e1dfdd] bg-white p-2 text-[12px]"%0D%0A+                       >%0D%0A+                         <div className="flex items-start justify-between">%0D%0A+                           <div>%0D%0A+                             <h5 className="max-w-[130px] truncate font-medium text-[#201f1e]" title={asset.hostName}>%0D%0A+                               {asset.hostName}%0D%0A+                             </h5>%0D%0A+                             <p className="text-[11px] text-[#8a8886]">{asset.type} · {asset.OS}</p>%0D%0A+                           </div>%0D%0A+                           <span className={`inline-flex items-center gap-1 text-[11px] font-medium ${%0D%0A+                             asset.health === 'Compliant' ? 'text-[#0e700e]' : 'text-[#a4262c]'%0D%0A+                           }`}>%0D%0A+                             <span className={`h-1.5 w-1.5 rounded-full ${asset.health === 'Compliant' ? 'bg-[#0e700e]' : 'bg-[#a4262c]'}`} />%0D%0A+                             {asset.health}%0D%0A+                           </span>%0D%0A+                         </div>%0D%0A+ %0D%0A+                         <div className="flex items-center gap-1.5 border-t border-[#f3f2f1] pt-1.5 text-[11px] text-[#605e5c]">%0D%0A+                           <Building2 className="h-3.5 w-3.5 shrink-0 text-[#8a8886]" />%0D%0A+                           <span className="truncate font-medium">{asset.clientName}</span>%0D%0A+                         </div>%0D%0A+                       </div>%0D%0A+                     ))%0D%0A+                   )}%0D%0A+                 </div>%0D%0A+               </div>%0D%0A+ %0D%0A+             </div>%0D%0A+           </div>%0D%0A+ %0D%0A+           {/* VULNERABILITY BLAST RADIUS TRACER utility */}%0D%0A+           <div className="space-y-3 rounded-md border border-[#e1dfdd] bg-white p-4">%0D%0A+             <div className="border-b border-[#f3f2f1] pb-3">%0D%0A+               <h3 className="flex items-center gap-1.5 text-[13px] font-semibold text-[#201f1e]">%0D%0A+                 <Zap className="h-3.5 w-3.5 text-[#8a5700]" />%0D%0A+                 <span>Transitive vulnerability blast radius tracer</span>%0D%0A+               </h3>%0D%0A+               <p className="mt-0.5 text-[11px] text-[#8a8886]">%0D%0A+                 Input a sub-dependency name (e.g. "log4j", "openssl", "redis") to trace all host servers dependent on it.%0D%0A+               </p>%0D%0A+             </div>%0D%0A+ %0D%0A+             <div className="flex gap-2">%0D%0A+               <label className="flex h-9 flex-1 items-center gap-2 rounded border border-[#c8c6c4] bg-white px-3 focus-within:border-[#0f6cbd] focus-within:ring-1 focus-within:ring-[#0f6cbd]">%0D%0A+                 <Search className="h-3.5 w-3.5 text-[#8a8886]" />%0D%0A+                 <input%0D%0A+                   type="text"%0D%0A+                   placeholder="Type package name to scan impact (e.g. openssl, redis)..."%0D%0A+                   value={traceSearchQuery}%0D%0A+                   onChange={(e) => setTraceSearchQuery(e.target.value)}%0D%0A+                   className="w-full bg-transparent text-[13px] text-[#323130] outline-none placeholder:text-[#8a8886]"%0D%0A+                 />%0D%0A+               </label>%0D%0A+               {traceSearchQuery && (%0D%0A+                 <button%0D%0A+                   type="button"%0D%0A+                   onClick={() => setTraceSearchQuery('')}%0D%0A+                   className="h-9 rounded border border-[#c8c6c4] px-3 text-[12px] font-medium text-[#323130] hover:bg-black/[.03]"%0D%0A+                 >%0D%0A+                   Clear trace%0D%0A+                 </button>%0D%0A+               )}%0D%0A+             </div>%0D%0A+ %0D%0A+             {/* Traced impact results list */}%0D%0A+             {traceSearchQuery.trim() ? (%0D%0A+               <div className="space-y-2 pt-1">%0D%0A+                 <h4 className="text-[11px] uppercase tracking-wide text-[#8a8886]">%0D%0A+                   Impact mapping for "{traceSearchQuery}" ({tracedImpact.length} pipelines found)%0D%0A+                 </h4>%0D%0A+ %0D%0A+                 {tracedImpact.length === 0 ? (%0D%0A+                   <div className="rounded-md border border-[#e1dfdd] bg-[#faf9f8] p-4 text-center text-[12px] text-[#605e5c]">%0D%0A+                     No active software passports or dependency chains are running components matching "{traceSearchQuery}".%0D%0A+                   </div>%0D%0A+                 ) : (%0D%0A+                   <div className="space-y-2.5">%0D%0A+                     {tracedImpact.map((item, idx) => (%0D%0A+                       <div%0D%0A+                         key={idx}%0D%0A+                         className="space-y-2 rounded-md border border-[#e1dfdd] bg-[#faf9f8] p-3"%0D%0A+                       >%0D%0A+                         <div className="flex items-start justify-between gap-3">%0D%0A+                           <div className="min-w-0">%0D%0A+                             <span className="inline-block rounded bg-[#eff6fc] px-1.5 py-0.5 text-[11px] font-medium text-[#0f6cbd]">%0D%0A+                               Dependency node found%0D%0A+                             </span>%0D%0A+                             <h5 className="mt-1 text-[13px] font-medium text-[#201f1e]">%0D%0A+                               {item.component.name} <span className="font-normal text-[#8a8886]">v{item.component.version}</span>%0D%0A+                             </h5>%0D%0A+                             <p className="mt-0.5 text-[11px] text-[#8a8886]">Purl: {item.component.purl}</p>%0D%0A+                           </div>%0D%0A+ %0D%0A+                           <div className="shrink-0 text-right">%0D%0A+                             <span className="block text-[11px] text-[#8a8886]">Contained in</span>%0D%0A+                             <span className="mt-0.5 block text-[13px] font-medium text-[#323130]">{item.passport.name}</span>%0D%0A+                           </div>%0D%0A+                         </div>%0D%0A+ %0D%0A+                         {/* Blast list of host targets */}%0D%0A+                         <div className="space-y-1.5 border-t border-[#e1dfdd] pt-2">%0D%0A+                           <p className="flex items-center gap-1 text-[11px] font-medium text-[#605e5c]">%0D%0A+                             <Server className="h-3 w-3 text-[#0f6cbd]" />%0D%0A+                             <span>Vulnerable deployment blast target hosts ({item.hosts.length})</span>%0D%0A+                           </p>%0D%0A+ %0D%0A+                           {item.hosts.length === 0 ? (%0D%0A+                             <p className="rounded border border-[#e1dfdd] bg-white p-2.5 text-[11px] italic text-[#8a8886]">%0D%0A+                               Component is listed in the SBOM but currently has zero active deployment hosts. Threat exposure is minimal.%0D%0A+                             </p>%0D%0A+                           ) : (%0D%0A+                             <div className="grid grid-cols-1 gap-1.5 md:grid-cols-2">%0D%0A+                               {item.hosts.map((host) => (%0D%0A+                                 <div%0D%0A+                                   key={host.id}%0D%0A+                                   className="flex items-center justify-between rounded border border-[#e1dfdd] bg-white p-2 text-[11px]"%0D%0A+                                 >%0D%0A+                                   <div className="min-w-0">%0D%0A+                                     <p className="max-w-[140px] truncate font-medium text-[#323130]">{host.hostName}</p>%0D%0A+                                     <p className="mt-0.5 text-[#8a8886]">{host.clientName} · {host.environment}</p>%0D%0A+                                   </div>%0D%0A+                                   <span className={`inline-flex shrink-0 items-center gap-1 font-medium ${%0D%0A+                                     host.health === 'Compliant' ? 'text-[#0e700e]' : 'text-[#a4262c]'%0D%0A+                                   }`}>%0D%0A+                                     <span className={`h-1.5 w-1.5 rounded-full ${host.health === 'Compliant' ? 'bg-[#0e700e]' : 'bg-[#a4262c]'}`} />%0D%0A+                                     {host.health}%0D%0A+                                   </span>%0D%0A+                                 </div>%0D%0A+                               ))}%0D%0A+                             </div>%0D%0A+                           )}%0D%0A+                         </div>%0D%0A+                       </div>%0D%0A+                     ))}%0D%0A+                   </div>%0D%0A+                 )}%0D%0A+               </div>%0D%0A+             ) : (%0D%0A+               <div className="flex items-start gap-2 rounded-md border border-dashed border-[#e1dfdd] bg-[#faf9f8] p-3 text-[12px] text-[#605e5c]">%0D%0A+                 <Info className="h-3.5 w-3.5 shrink-0 text-[#8a8886]" />%0D%0A+                 <p className="leading-snug">%0D%0A+                   Trace utilities query transitively mapped software bill-of-materials elements recursively. For example, search <code className="rounded bg-[#f3f2f1] px-1 py-0.5 font-mono font-medium text-[#0f6cbd]">openssl</code> to identify its downstream footprint or <code className="rounded bg-[#f3f2f1] px-1 py-0.5 font-mono font-medium text-[#0f6cbd]">postgres</code> to check running nodes.%0D%0A+                 </p>%0D%0A+               </div>%0D%0A+             )}%0D%0A+           </div>%0D%0A+ %0D%0A+         </div>%0D%0A+ %0D%0A+       </div>%0D%0A+ %0D%0A+       {/* DETAILED INTERACTIVE EXPLANATION MODAL (Why Does This Exist? / Digital Storyteller) */}%0D%0A+       <AnimatePresence>%0D%0A+         {isExplanationOpen && activePassport && (%0D%0A+           <div className="fixed inset-0 z-50 flex items-center justify-center p-4">%0D%0A+             {/* Backdrop overlay */}%0D%0A+             <motion.div%0D%0A+               initial={{ opacity: 0 }}%0D%0A+               animate={{ opacity: 0.4 }}%0D%0A+               exit={{ opacity: 0 }}%0D%0A+               onClick={() => setIsExplanationOpen(false)}%0D%0A+               className="absolute inset-0 bg-black"%0D%0A+             />%0D%0A+ %0D%0A+             {/* Explainer Modal container */}%0D%0A+             <motion.div%0D%0A+               initial={{ scale: 0.98, y: 10, opacity: 0 }}%0D%0A+               animate={{ scale: 1, y: 0, opacity: 1 }}%0D%0A+               exit={{ scale: 0.98, y: 10, opacity: 0 }}%0D%0A+               className="relative z-10 w-full max-w-lg rounded-md border border-[#e1dfdd] bg-white p-5 text-left"%0D%0A+             >%0D%0A+               <div className="mb-3 flex items-start justify-between">%0D%0A+                 <div>%0D%0A+                   <span className="block text-[11px] uppercase tracking-wide text-[#8a8886]">%0D%0A+                     Why it exists%0D%0A+                   </span>%0D%0A+                   <h3 className="mt-0.5 flex items-center gap-1.5 text-[15px] font-semibold text-[#201f1e]">%0D%0A+                     <Sparkles className="h-4 w-4 text-[#0f6cbd]" />%0D%0A+                     <span>Explain {activePassport.name}</span>%0D%0A+                   </h3>%0D%0A+                 </div>%0D%0A+                 <button%0D%0A+                   onClick={() => setIsExplanationOpen(false)}%0D%0A+                   className="rounded p-1 text-[#8a8886] hover:bg-black/[.03] hover:text-[#605e5c]"%0D%0A+                 >%0D%0A+                   <X className="h-4 w-4" />%0D%0A+                 </button>%0D%0A+               </div>%0D%0A+ %0D%0A+               {/* Explainer Body */}%0D%0A+               <div className="space-y-3">%0D%0A+                 {/* Structured Software Card Details */}%0D%0A+                 <div className="space-y-3 rounded-md border border-[#e1dfdd] bg-[#faf9f8] p-3">%0D%0A+                   <div>%0D%0A+                     <span className="mb-0.5 block text-[11px] uppercase text-[#8a8886]">What it does</span>%0D%0A+                     <p className="text-[13px] leading-relaxed text-[#323130]">%0D%0A+                       {activeMnemonic.whatItDoes}%0D%0A+                     </p>%0D%0A+                   </div>%0D%0A+ %0D%0A+                   <div className="grid grid-cols-2 gap-3">%0D%0A+                     <div>%0D%0A+                       <span className="mb-0.5 block text-[11px] uppercase text-[#8a8886]">Who uses it</span>%0D%0A+                       <span className="text-[13px] font-medium text-[#323130]">%0D%0A+                         {activeMnemonic.whoUsesit}%0D%0A+                       </span>%0D%0A+                     </div>%0D%0A+                     <div>%0D%0A+                       <span className="mb-0.5 block text-[11px] uppercase text-[#8a8886]">Business importance</span>%0D%0A+                       <span className="text-[13px] font-medium text-[#0f6cbd]">%0D%0A+                         {activeMnemonic.businessImportance}%0D%0A+                       </span>%0D%0A+                     </div>%0D%0A+                   </div>%0D%0A+ %0D%0A+                   <div className="border-t border-[#e1dfdd] pt-2">%0D%0A+                     <span className="mb-0.5 block text-[11px] uppercase text-[#8a8886]">Connected systems</span>%0D%0A+                     <p className="text-[13px] text-[#605e5c]">%0D%0A+                       {activeMnemonic.connections}%0D%0A+                     </p>%0D%0A+                   </div>%0D%0A+                 </div>%0D%0A+ %0D%0A+                 {/* The Magic Narrative */}%0D%0A+                 <div className="space-y-1.5">%0D%0A+                   <span className="block text-[11px] font-semibold uppercase tracking-wide text-[#0f6cbd]">%0D%0A+                     Advisor narrative%0D%0A+                   </span>%0D%0A+                   <div className="rounded-md border border-[#e1dfdd] bg-[#eff6fc] p-3 text-[13px] leading-relaxed text-[#201f1e]">%0D%0A+                     "{activeMnemonic.explanation}"%0D%0A+                   </div>%0D%0A+                 </div>%0D%0A+ %0D%0A+                 {/* Recommendation */}%0D%0A+                 <div className="flex items-center justify-between border-t border-[#f3f2f1] pt-3 text-[13px]">%0D%0A+                   <span className="text-[#8a8886]">Recommendation:</span>%0D%0A+                   <span className="inline-flex items-center gap-1.5 rounded bg-[#dff6dd] px-2.5 py-0.5 text-[12px] font-medium text-[#0e700e]">%0D%0A+                     Keep — important business system%0D%0A+                   </span>%0D%0A+                 </div>%0D%0A+               </div>%0D%0A+ %0D%0A+               {/* Close footer button */}%0D%0A+               <div className="mt-4 border-t border-[#f3f2f1] pt-3 text-right">%0D%0A+                 <button%0D%0A+                   type="button"%0D%0A+                   onClick={() => setIsExplanationOpen(false)}%0D%0A+                   className="h-8 rounded bg-[#0f6cbd] px-3 text-[13px] font-medium text-white hover:bg-[#004578]"%0D%0A+                 >%0D%0A+                   Got it, close%0D%0A+                 </button>%0D%0A+               </div>%0D%0A+             </motion.div>%0D%0A+           </div>%0D%0A+         )}%0D%0A+       </AnimatePresence>%0D%0A+ %0D%0A+     </div>%0D%0A+   );%0D%0A+ }%0D%0A+ %0D%0A+ // Simple absolute close SVG fallback%0D%0A+ function X(props: React.SVGProps<SVGSVGElement>) {%0D%0A+   return (%0D%0A+     <svg%0D%0A+       xmlns="http://www.w3.org/2000/svg"%0D%0A+       fill="none"%0D%0A+       viewBox="0 0 24 24"%0D%0A+       strokeWidth="2.5"%0D%0A+       stroke="currentColor"%0D%0A+       {...props}%0D%0A+     >%0D%0A+       <path strokeLinecap="round" strokeLinejoin="round" d="M6 18L18 6M6 6l12 12" />%0D%0A+     </svg>%0D%0A+   );%0D%0A+ }%0D%0A+%0A%0A ❯ tests/slsa-provenance-route-and-ui-contract.test.ts:73:15%0A%0A

::error file=/home/runner/work/software-passport-registry/software-passport-registry/tests/slsa-provenance-route-and-ui-contract.test.ts,title=tests/slsa-provenance-route-and-ui-contract.test.ts > SoftwareLineageTracker no longer fabricates provenance data > "SLSA Provenance — Verified" can only render when a real evidence item has status VERIFIED,line=79,column=28::AssertionError: expected -1 to be greater than -1%0A ❯ tests/slsa-provenance-route-and-ui-contract.test.ts:79:28%0A%0A

::error file=/home/runner/work/software-passport-registry/software-passport-registry/tests/slsa-provenance-route-and-ui-contract.test.ts,title=tests/slsa-provenance-route-and-ui-contract.test.ts > SoftwareLineageTracker no longer fabricates provenance data > shows an honest "Evidence Not Available" state when no SLSA evidence exists for the passport,line=88,column=15::AssertionError: expected '/**\r\n * @license\r\n * SPDX-License…' to contain '{!slsaEvidence && ('%0A%0A- Expected%0A+ Received%0A%0A- {!slsaEvidence && (%0A+ /**%0D%0A+  * @license%0D%0A+  * SPDX-License-Identifier: Apache-2.0%0D%0A+  */%0D%0A+ %0D%0A+ import React, { useState, useMemo } from 'react';%0D%0A+ import { motion, AnimatePresence } from 'motion/react';%0D%0A+ import {%0D%0A+   GitFork,%0D%0A+   Layers,%0D%0A+   Server,%0D%0A+   Search,%0D%0A+   FileSignature,%0D%0A+   Building2,%0D%0A+   ExternalLink,%0D%0A+   HelpCircle,%0D%0A+   ChevronRight,%0D%0A+   Zap,%0D%0A+   Info,%0D%0A+   Sparkles%0D%0A+ } from 'lucide-react';%0D%0A+ import { SoftwarePassport, Client } from '../types';%0D%0A+ %0D%0A+ interface SoftwareLineageTrackerProps {%0D%0A+   passports: SoftwarePassport[];%0D%0A+   clients: Client[];%0D%0A+   assets: any[];%0D%0A+ }%0D%0A+ %0D%0A+ export default function SoftwareLineageTracker({ passports, clients, assets }: SoftwareLineageTrackerProps) {%0D%0A+   const [selectedPassportId, setSelectedPassportId] = useState<string>(passports[0]?.id || '');%0D%0A+   const [dependencySearchQuery, setDependencySearchQuery] = useState<string>('');%0D%0A+   const [traceSearchQuery, setTraceSearchQuery] = useState<string>('');%0D%0A+   const [isExplanationOpen, setIsExplanationOpen] = useState(false);%0D%0A+ %0D%0A+   // 1. Get currently selected passport%0D%0A+   const activePassport = useMemo(() => {%0D%0A+     return passports.find(p => p.id === selectedPassportId) || passports[0];%0D%0A+   }, [passports, selectedPassportId]);%0D%0A+ %0D%0A+   // 2. Map downstream assets for the selected passport%0D%0A+   const deployedAssets = useMemo(() => {%0D%0A+     if (!activePassport) return [];%0D%0A+     return assets.filter(a => {%0D%0A+       const pName = activePassport.name.toLowerCase();%0D%0A+       const aPassport = (a.activePassport || '').toLowerCase();%0D%0A+       return (%0D%0A+         aPassport === pName ||%0D%0A+         aPassport.includes(pName) ||%0D%0A+         pName.includes(aPassport) ||%0D%0A+         (a.activePassport === `Custom/Generic: ${activePassport.name}`)%0D%0A+       );%0D%0A+     });%0D%0A+   }, [assets, activePassport]);%0D%0A+ %0D%0A+   // Illustrative upstream topology. It is labeled in the UI and is not provenance evidence.%0D%0A+   const provenanceDetails = useMemo(() => {%0D%0A+     if (!activePassport) return null;%0D%0A+     const cleanName = activePassport.name.toLowerCase().replace(/\s+/g, '-');%0D%0A+     return {%0D%0A+       repoUrl: `https://github.com/enterprise-registry/${cleanName}`,%0D%0A+       branch: 'main',%0D%0A+       commitHash: 'f4b3c2a1d0e9f8a7b6c5d4e3f2a1b0c9d8e7f6a5',%0D%0A+       ciProvider: 'GitHub Actions Cloud Build',%0D%0A+       buildId: `run-98421-prod-${cleanName}`,%0D%0A+       slsaLevel: 'SLSA Level 4 Compliant',%0D%0A+       compiler: 'GCC 12.2 / Node compiler (v18.16.0)',%0D%0A+       signingAuthority: 'Cosign Sigstore Root CA',%0D%0A+       signatureAlgorithm: 'ECDSA-P256-SHA256'%0D%0A+     };%0D%0A+   }, [activePassport]);%0D%0A+ %0D%0A+   // 3. Compute overall inventory dependency stats for summary badges%0D%0A+   const totalUniqueDependencies = useMemo(() => {%0D%0A+     const depsSet = new Set<string>();%0D%0A+     passports.forEach(p => {%0D%0A+       p.sbom.forEach(s => depsSet.add(s.name));%0D%0A+     });%0D%0A+     return depsSet.size;%0D%0A+   }, [passports]);%0D%0A+ %0D%0A+   // 4. "Blast Radius Impact Tracer": Find any sub-component across all pipelines%0D%0A+   const tracedImpact = useMemo(() => {%0D%0A+     if (!traceSearchQuery.trim()) return [];%0D%0A+ %0D%0A+     const query = traceSearchQuery.toLowerCase();%0D%0A+     const results: {%0D%0A+       passport: SoftwarePassport;%0D%0A+       component: any;%0D%0A+       hosts: any[];%0D%0A+     }[] = [];%0D%0A+ %0D%0A+     passports.forEach(p => {%0D%0A+       const foundComp = p.sbom.find(s => s.name.toLowerCase().includes(query) || s.purl.toLowerCase().includes(query));%0D%0A+       if (foundComp) {%0D%0A+         // Find hosting assets running this parent software%0D%0A+         const hosts = assets.filter(a => {%0D%0A+           const pName = p.name.toLowerCase();%0D%0A+           const aPassport = (a.activePassport || '').toLowerCase();%0D%0A+           return (%0D%0A+             aPassport === pName ||%0D%0A+             aPassport.includes(pName) ||%0D%0A+             pName.includes(aPassport) ||%0D%0A+             (a.activePassport === `Custom/Generic: ${p.name}`)%0D%0A+           );%0D%0A+         });%0D%0A+ %0D%0A+         results.push({%0D%0A+           passport: p,%0D%0A+           component: foundComp,%0D%0A+           hosts: hosts%0D%0A+         });%0D%0A+       }%0D%0A+     });%0D%0A+ %0D%0A+     return results;%0D%0A+   }, [passports, assets, traceSearchQuery]);%0D%0A+ %0D%0A+   // Filtered SBOM packages for active passport%0D%0A+   const filteredSbom = useMemo(() => {%0D%0A+     if (!activePassport) return [];%0D%0A+     if (!dependencySearchQuery.trim()) return activePassport.sbom;%0D%0A+     return activePassport.sbom.filter(s =>%0D%0A+       s.name.toLowerCase().includes(dependencySearchQuery.toLowerCase()) ||%0D%0A+       s.license.toLowerCase().includes(dependencySearchQuery.toLowerCase())%0D%0A+     );%0D%0A+   }, [activePassport, dependencySearchQuery]);%0D%0A+ %0D%0A+   // Dynamic digital map description generator for storytelling%0D%0A+   const getDigitalMnemonic = (name: string) => {%0D%0A+     const nameLower = name.toLowerCase();%0D%0A+     if (nameLower.includes('salesforce')) {%0D%0A+       return {%0D%0A+         whatItDoes: 'Manages customer interactions, deals pipelines, and account records.',%0D%0A+         whoUsesit: '35 employees in sales & service',%0D%0A+         businessImportance: 'Critical operations node',%0D%0A+         connections: 'Slack alerts, payment logs, secure backup instances',%0D%0A+         explanation: 'This software manages customer pipelines and sales communications. Removing or disabling it would freeze lead intake, affecting 40%25 of daily transactions and disconnecting client interactions.'%0D%0A+       };%0D%0A+     }%0D%0A+     if (nameLower.includes('slack')) {%0D%0A+       return {%0D%0A+         whatItDoes: 'Primary communication hub, notifications router, and collaboration channel.',%0D%0A+         whoUsesit: 'All staff / 120 active employees',%0D%0A+         businessImportance: 'High (Ops critical)',%0D%0A+         connections: 'Salesforce CRM, OpenAI API, AWS status logs',%0D%0A+         explanation: 'This is the communication spine of your company. It routes direct messages and security notifications instantly. It integrates automated bots to manage system outages and triggers real-time responses.'%0D%0A+       };%0D%0A+     }%0D%0A+     if (nameLower.includes('stripe')) {%0D%0A+       return {%0D%0A+         whatItDoes: 'Handles invoice charging, checkout systems, and financial gateway flows.',%0D%0A+         whoUsesit: 'Billing admins & payment triggers',%0D%0A+         businessImportance: 'Immediate revenue impact',%0D%0A+         connections: 'Corporate banking, QuickBooks, accounting DB',%0D%0A+         explanation: 'This handles all credit-card processing and active payment endpoints. Removing it instantly disables checkout, halting incoming streams and breaking invoicing operations.'%0D%0A+       };%0D%0A+     }%0D%0A+     // Default fallback%0D%0A+     return {%0D%0A+       whatItDoes: 'Provides central system infrastructure, service integrations, or package dependencies.',%0D%0A+       whoUsesit: 'Engineering & operations',%0D%0A+       businessImportance: 'High technical dependency',%0D%0A+       connections: 'Cloud security pipelines, active virtual instances',%0D%0A+       explanation: 'This node sits directly in the processing path. If detached, dependent backend routines would fail, triggering cascading connection errors across operational services.'%0D%0A+     };%0D%0A+   };%0D%0A+ %0D%0A+   const activeMnemonic = activePassport ? getDigitalMnemonic(activePassport.name) : getDigitalMnemonic('');%0D%0A+ %0D%0A+   return (%0D%0A+     <div className="space-y-4" id="software-lineage-ledger-panel">%0D%0A+       {/* Section header + summary strip */}%0D%0A+       <div className="flex flex-col gap-3 sm:flex-row sm:items-center sm:justify-between">%0D%0A+         <div>%0D%0A+           <h2 className="text-[15px] font-semibold text-[#201f1e]">Software lineage map</h2>%0D%0A+           <p className="mt-0.5 text-[13px] text-[#605e5c]">Trace a passport from source provenance through its SBOM to the servers running it.</p>%0D%0A+         </div>%0D%0A+ %0D%0A+         <div className="flex flex-wrap gap-6 rounded-md border border-[#e1dfdd] bg-white p-3">%0D%0A+           <div>%0D%0A+             <div className="text-[11px] text-[#605e5c]">Mapped systems</div>%0D%0A+             <div className="text-lg font-semibold text-[#201f1e]">{passports.length}</div>%0D%0A+           </div>%0D%0A+           <div>%0D%0A+             <div className="text-[11px] text-[#605e5c]">SBOM packages</div>%0D%0A+             <div className="text-lg font-semibold text-[#201f1e]">{totalUniqueDependencies}</div>%0D%0A+           </div>%0D%0A+         </div>%0D%0A+       </div>%0D%0A+ %0D%0A+       {/* Main Interactive Map Grid */}%0D%0A+       <div className="grid grid-cols-1 lg:grid-cols-4 gap-4">%0D%0A+ %0D%0A+         {/* Left Column: Software Passport Selector & Provenance Parameters */}%0D%0A+         <div className="lg:col-span-1 space-y-4">%0D%0A+           <div className="rounded-md border border-[#e1dfdd] bg-white p-3">%0D%0A+             <h3 className="text-[13px] font-semibold text-[#201f1e]">Select a system</h3>%0D%0A+             <p className="mt-0.5 text-[11px] text-[#8a8886]">Choose a passport to lock the tracker on it.</p>%0D%0A+ %0D%0A+             <div className="mt-3 space-y-1 max-h-[220px] overflow-y-auto pr-1">%0D%0A+               {passports.map(p => {%0D%0A+                 const isSelected = p.id === selectedPassportId;%0D%0A+                 return (%0D%0A+                   <button%0D%0A+                     key={p.id}%0D%0A+                     onClick={() => setSelectedPassportId(p.id)}%0D%0A+                     className={`flex w-full items-center justify-between rounded px-2.5 py-2 text-left text-[13px] border ${%0D%0A+                       isSelected%0D%0A+                         ? 'border-[#0f6cbd] bg-[#eff6fc] font-medium text-[#0f6cbd]'%0D%0A+                         : 'border-transparent text-[#323130] hover:bg-black/[.03]'%0D%0A+                     }`}%0D%0A+                   >%0D%0A+                     <div className="min-w-0">%0D%0A+                       <p className="truncate leading-tight">{p.name}</p>%0D%0A+                       <span className="mt-0.5 block text-[11px] text-[#8a8886]">v{p.version} · {p.publisher}</span>%0D%0A+                     </div>%0D%0A+                     <ChevronRight className={`ml-2 h-3.5 w-3.5 shrink-0 ${isSelected ? 'text-[#0f6cbd]' : 'text-[#c8c6c4]'}`} />%0D%0A+                   </button>%0D%0A+                 );%0D%0A+               })}%0D%0A+             </div>%0D%0A+           </div>%0D%0A+ %0D%0A+           {/* Active Passport General Info */}%0D%0A+           {activePassport && (%0D%0A+             <div className="space-y-3 rounded-md border border-[#e1dfdd] bg-white p-3">%0D%0A+               <div className="flex items-start justify-between border-b border-[#f3f2f1] pb-2">%0D%0A+                 <div>%0D%0A+                   <span className="block text-[11px] text-[#8a8886]">Selected</span>%0D%0A+                   <h4 className="mt-0.5 text-[13px] font-semibold leading-snug text-[#201f1e]">{activePassport.name}</h4>%0D%0A+                 </div>%0D%0A+                 <span className="shrink-0 rounded bg-[#f3f2f1] px-2 py-0.5 text-[11px] text-[#605e5c]">%0D%0A+                   {activePassport.category}%0D%0A+                 </span>%0D%0A+               </div>%0D%0A+ %0D%0A+               <div className="space-y-1.5 text-[12px]">%0D%0A+                 <div className="flex justify-between">%0D%0A+                   <span className="text-[#8a8886]">Release date</span>%0D%0A+                   <span className="font-medium text-[#323130]">{activePassport.releaseDate}</span>%0D%0A+                 </div>%0D%0A+                 <div className="flex justify-between">%0D%0A+                   <span className="text-[#8a8886]">License</span>%0D%0A+                   <span className="font-medium text-[#323130]">{activePassport.licenseType}</span>%0D%0A+                 </div>%0D%0A+                 <div className="flex justify-between">%0D%0A+                   <span className="text-[#8a8886]">Trust score</span>%0D%0A+                   <span className="font-semibold text-[#0e700e]">{activePassport.overallScore}/100</span>%0D%0A+                 </div>%0D%0A+                 <div className="flex flex-col gap-1 border-t border-[#f3f2f1] pt-2">%0D%0A+                   <span className="text-[11px] uppercase text-[#8a8886]">File hash</span>%0D%0A+                   <span className="select-all break-all rounded border border-[#e1dfdd] bg-[#faf9f8] p-1.5 font-mono text-[10px] leading-tight text-[#605e5c]">%0D%0A+                     {activePassport.fileHash}%0D%0A+                   </span>%0D%0A+                 </div>%0D%0A+               </div>%0D%0A+ %0D%0A+               {/* "Why does this exist" preview quick panel */}%0D%0A+               <button%0D%0A+                 onClick={() => setIsExplanationOpen(true)}%0D%0A+                 className="flex h-8 w-full items-center justify-center gap-1.5 rounded border border-[#c8c6c4] text-[12px] font-medium text-[#323130] hover:bg-black/[.03]"%0D%0A+               >%0D%0A+                 <HelpCircle className="h-3.5 w-3.5 text-[#0f6cbd]" />%0D%0A+                 <span>Explain this system</span>%0D%0A+               </button>%0D%0A+             </div>%0D%0A+           )}%0D%0A+         </div>%0D%0A+ %0D%0A+         {/* Right 3 Columns: Visual Lineage Flow Map */}%0D%0A+         <div className="lg:col-span-3 space-y-4">%0D%0A+ %0D%0A+           {/* Unified 3-tier mapping visualizer */}%0D%0A+           <div className="space-y-4 rounded-md border border-[#e1dfdd] bg-white p-4">%0D%0A+             <div className="flex flex-col gap-2 sm:flex-row sm:items-center sm:justify-between">%0D%0A+               <div>%0D%0A+                 <h3 className="text-[13px] font-semibold text-[#201f1e]">Active lineage pathway</h3>%0D%0A+                 <p className="text-[11px] text-[#8a8886]">Traced from build variables down to active servers</p>%0D%0A+               </div>%0D%0A+ %0D%0A+               <span className="inline-flex items-center gap-1.5 text-[11px] text-[#605e5c]">%0D%0A+                 <span className="h-1.5 w-1.5 rounded-full bg-[#0f6cbd]" />%0D%0A+                 Live feed state%0D%0A+               </span>%0D%0A+             </div>%0D%0A+ %0D%0A+             {/* Visual grid connecting columns */}%0D%0A+             <div className="grid grid-cols-1 gap-4 md:grid-cols-3">%0D%0A+ %0D%0A+               {/* TIER 1: Upstream Provenance Origin */}%0D%0A+               <div className="flex flex-col gap-3 rounded-md border border-[#e1dfdd] bg-[#faf9f8] p-3">%0D%0A+                 <div className="flex items-center gap-1.5 border-b border-[#e1dfdd] pb-2 text-[13px] font-semibold text-[#201f1e]">%0D%0A+                   <GitFork className="h-3.5 w-3.5 text-[#0f6cbd]" />%0D%0A+                   <span>1. Code provenance</span>%0D%0A+                 </div>%0D%0A+ %0D%0A+                 {provenanceDetails && (%0D%0A+                   <div className="space-y-2">%0D%0A+                     <div className="space-y-1 rounded border border-[#e1dfdd] bg-white p-2 text-[12px]">%0D%0A+                       <p className="text-[11px] text-[#8a8886]">Source repository</p>%0D%0A+                       <a%0D%0A+                         href={provenanceDetails.repoUrl}%0D%0A+                         target="_blank"%0D%0A+                         rel="noreferrer"%0D%0A+                         className="flex max-w-[190px] items-center gap-1 truncate font-medium text-[#0f6cbd] hover:underline"%0D%0A+                       >%0D%0A+                         <span className="truncate">{provenanceDetails.repoUrl.replace('https://', '')}</span>%0D%0A+                         <ExternalLink className="h-3 w-3 shrink-0" />%0D%0A+                       </a>%0D%0A+                       <p className="text-[11px] text-[#8a8886]">Branch: <span className="font-medium text-[#323130]">{provenanceDetails.branch}</span></p>%0D%0A+                     </div>%0D%0A+ %0D%0A+                     <div className="space-y-1 rounded border border-[#e1dfdd] bg-white p-2 text-[12px]">%0D%0A+                       <p className="text-[11px] text-[#8a8886]">CI/CD pipeline</p>%0D%0A+                       <p className="font-medium text-[#323130]">{provenanceDetails.ciProvider}</p>%0D%0A+                       <p className="truncate text-[11px] text-[#8a8886]" title={provenanceDetails.buildId}>ID: {provenanceDetails.buildId}</p>%0D%0A+                     </div>%0D%0A+ %0D%0A+                     <div className="space-y-1 rounded border border-[#e1dfdd] bg-[#eff6fc] p-2 text-[12px]">%0D%0A+                       <p className="text-[11px] text-[#0f6cbd]">Cryptographic proof</p>%0D%0A+                       <div className="flex items-center gap-1 font-medium text-[#0f6cbd]">%0D%0A+                         <FileSignature className="h-3.5 w-3.5 shrink-0" />%0D%0A+                         <span>SLSA Level 4 verified</span>%0D%0A+                       </div>%0D%0A+                       <p className="text-[11px] leading-tight text-[#0f6cbd]/80">Authority: {provenanceDetails.signingAuthority}</p>%0D%0A+                     </div>%0D%0A+                   </div>%0D%0A+                 )}%0D%0A+               </div>%0D%0A+ %0D%0A+               {/* TIER 2: Central SBOM Component Lineage */}%0D%0A+               <div className="flex flex-col gap-3 rounded-md border border-[#e1dfdd] bg-[#faf9f8] p-3">%0D%0A+                 <div className="flex items-center gap-1.5 border-b border-[#e1dfdd] pb-2 text-[13px] font-semibold text-[#201f1e]">%0D%0A+                   <Layers className="h-3.5 w-3.5 text-[#0f6cbd]" />%0D%0A+                   <span>2. Core packages (SBOM)</span>%0D%0A+                 </div>%0D%0A+ %0D%0A+                 <label className="flex h-8 items-center gap-1.5 rounded border border-[#c8c6c4] bg-white px-2 focus-within:border-[#0f6cbd] focus-within:ring-1 focus-within:ring-[#0f6cbd]">%0D%0A+                   <Search className="h-3.5 w-3.5 text-[#8a8886]" />%0D%0A+                   <input%0D%0A+                     type="text"%0D%0A+                     placeholder="Filter dependencies..."%0D%0A+                     value={dependencySearchQuery}%0D%0A+                     onChange={(e) => setDependencySearchQuery(e.target.value)}%0D%0A+                     className="w-full bg-transparent text-[12px] text-[#323130] outline-none placeholder:text-[#8a8886]"%0D%0A+                   />%0D%0A+                 </label>%0D%0A+ %0D%0A+                 <div className="flex-1 space-y-1.5 max-h-[260px] overflow-y-auto pr-1">%0D%0A+                   {filteredSbom.length === 0 ? (%0D%0A+                     <div className="py-8 text-center text-[11px] text-[#8a8886]">%0D%0A+                       No components found matching search.%0D%0A+                     </div>%0D%0A+                   ) : (%0D%0A+                     filteredSbom.map((comp, idx) => (%0D%0A+                       <div%0D%0A+                         key={idx}%0D%0A+                         className="flex items-center justify-between rounded border border-[#e1dfdd] bg-white px-2 py-1.5 text-[12px] hover:border-[#c8c6c4]"%0D%0A+                       >%0D%0A+                         <div className="min-w-0">%0D%0A+                           <p className="truncate font-medium text-[#323130]" title={comp.name}>{comp.name}</p>%0D%0A+                           <div className="mt-0.5 flex items-center gap-1.5 text-[11px] text-[#8a8886]">%0D%0A+                             <span>v{comp.version}</span>%0D%0A+                             <span className="rounded bg-[#f3f2f1] px-1 uppercase">%0D%0A+                               {comp.dependencyType}%0D%0A+                             </span>%0D%0A+                           </div>%0D%0A+                         </div>%0D%0A+ %0D%0A+                         <span className={`ml-1.5 inline-flex shrink-0 items-center gap-1 text-[11px] font-medium ${%0D%0A+                           comp.trustLevel === 'Trusted' ? 'text-[#0e700e]' :%0D%0A+                           comp.trustLevel === 'Review Required' ? 'text-[#8a5700]' :%0D%0A+                           'text-[#a4262c]'%0D%0A+                         }`}>%0D%0A+                           <span className={`h-1.5 w-1.5 rounded-full ${%0D%0A+                             comp.trustLevel === 'Trusted' ? 'bg-[#0e700e]' :%0D%0A+                             comp.trustLevel === 'Review Required' ? 'bg-[#8a5700]' :%0D%0A+                             'bg-[#a4262c]'%0D%0A+                           }`} />%0D%0A+                           {comp.trustLevel === 'Trusted' ? 'OK' : 'Audit'}%0D%0A+                         </span>%0D%0A+                       </div>%0D%0A+                     ))%0D%0A+                   )}%0D%0A+                 </div>%0D%0A+               </div>%0D%0A+ %0D%0A+               {/* TIER 3: Downstream Active Deployments */}%0D%0A+               <div className="flex flex-col gap-3 rounded-md border border-[#e1dfdd] bg-[#faf9f8] p-3">%0D%0A+                 <div className="flex items-center gap-1.5 border-b border-[#e1dfdd] pb-2 text-[13px] font-semibold text-[#201f1e]">%0D%0A+                   <Server className="h-3.5 w-3.5 text-[#0f6cbd]" />%0D%0A+                   <span>3. Downstream runtimes</span>%0D%0A+                 </div>%0D%0A+ %0D%0A+                 <div className="flex-1 space-y-2 max-h-[300px] overflow-y-auto pr-1">%0D%0A+                   {deployedAssets.length === 0 ? (%0D%0A+                     <div className="space-y-1.5 py-8 text-center">%0D%0A+                       <HelpCircle className="mx-auto h-5 w-5 text-[#c8c6c4]" />%0D%0A+                       <p className="text-[12px] font-medium text-[#605e5c]">No active hosting hosts</p>%0D%0A+                       <p className="px-2 text-[11px] leading-normal text-[#8a8886]">%0D%0A+                         This passport is registered but has no current asset mappings running on servers or pods.%0D%0A+                       </p>%0D%0A+                     </div>%0D%0A+                   ) : (%0D%0A+                     deployedAssets.map((asset) => (%0D%0A+                       <div%0D%0A+                         key={asset.id}%0D%0A+                         className="space-y-1.5 rounded border border-[#e1dfdd] bg-white p-2 text-[12px]"%0D%0A+                       >%0D%0A+                         <div className="flex items-start justify-between">%0D%0A+                           <div>%0D%0A+                             <h5 className="max-w-[130px] truncate font-medium text-[#201f1e]" title={asset.hostName}>%0D%0A+                               {asset.hostName}%0D%0A+                             </h5>%0D%0A+                             <p className="text-[11px] text-[#8a8886]">{asset.type} · {asset.OS}</p>%0D%0A+                           </div>%0D%0A+                           <span className={`inline-flex items-center gap-1 text-[11px] font-medium ${%0D%0A+                             asset.health === 'Compliant' ? 'text-[#0e700e]' : 'text-[#a4262c]'%0D%0A+                           }`}>%0D%0A+                             <span className={`h-1.5 w-1.5 rounded-full ${asset.health === 'Compliant' ? 'bg-[#0e700e]' : 'bg-[#a4262c]'}`} />%0D%0A+                             {asset.health}%0D%0A+                           </span>%0D%0A+                         </div>%0D%0A+ %0D%0A+                         <div className="flex items-center gap-1.5 border-t border-[#f3f2f1] pt-1.5 text-[11px] text-[#605e5c]">%0D%0A+                           <Building2 className="h-3.5 w-3.5 shrink-0 text-[#8a8886]" />%0D%0A+                           <span className="truncate font-medium">{asset.clientName}</span>%0D%0A+                         </div>%0D%0A+                       </div>%0D%0A+                     ))%0D%0A+                   )}%0D%0A+                 </div>%0D%0A+               </div>%0D%0A+ %0D%0A+             </div>%0D%0A+           </div>%0D%0A+ %0D%0A+           {/* VULNERABILITY BLAST RADIUS TRACER utility */}%0D%0A+           <div className="space-y-3 rounded-md border border-[#e1dfdd] bg-white p-4">%0D%0A+             <div className="border-b border-[#f3f2f1] pb-3">%0D%0A+               <h3 className="flex items-center gap-1.5 text-[13px] font-semibold text-[#201f1e]">%0D%0A+                 <Zap className="h-3.5 w-3.5 text-[#8a5700]" />%0D%0A+                 <span>Transitive vulnerability blast radius tracer</span>%0D%0A+               </h3>%0D%0A+               <p className="mt-0.5 text-[11px] text-[#8a8886]">%0D%0A+                 Input a sub-dependency name (e.g. "log4j", "openssl", "redis") to trace all host servers dependent on it.%0D%0A+               </p>%0D%0A+             </div>%0D%0A+ %0D%0A+             <div className="flex gap-2">%0D%0A+               <label className="flex h-9 flex-1 items-center gap-2 rounded border border-[#c8c6c4] bg-white px-3 focus-within:border-[#0f6cbd] focus-within:ring-1 focus-within:ring-[#0f6cbd]">%0D%0A+                 <Search className="h-3.5 w-3.5 text-[#8a8886]" />%0D%0A+                 <input%0D%0A+                   type="text"%0D%0A+                   placeholder="Type package name to scan impact (e.g. openssl, redis)..."%0D%0A+                   value={traceSearchQuery}%0D%0A+                   onChange={(e) => setTraceSearchQuery(e.target.value)}%0D%0A+                   className="w-full bg-transparent text-[13px] text-[#323130] outline-none placeholder:text-[#8a8886]"%0D%0A+                 />%0D%0A+               </label>%0D%0A+               {traceSearchQuery && (%0D%0A+                 <button%0D%0A+                   type="button"%0D%0A+                   onClick={() => setTraceSearchQuery('')}%0D%0A+                   className="h-9 rounded border border-[#c8c6c4] px-3 text-[12px] font-medium text-[#323130] hover:bg-black/[.03]"%0D%0A+                 >%0D%0A+                   Clear trace%0D%0A+                 </button>%0D%0A+               )}%0D%0A+             </div>%0D%0A+ %0D%0A+             {/* Traced impact results list */}%0D%0A+             {traceSearchQuery.trim() ? (%0D%0A+               <div className="space-y-2 pt-1">%0D%0A+                 <h4 className="text-[11px] uppercase tracking-wide text-[#8a8886]">%0D%0A+                   Impact mapping for "{traceSearchQuery}" ({tracedImpact.length} pipelines found)%0D%0A+                 </h4>%0D%0A+ %0D%0A+                 {tracedImpact.length === 0 ? (%0D%0A+                   <div className="rounded-md border border-[#e1dfdd] bg-[#faf9f8] p-4 text-center text-[12px] text-[#605e5c]">%0D%0A+                     No active software passports or dependency chains are running components matching "{traceSearchQuery}".%0D%0A+                   </div>%0D%0A+                 ) : (%0D%0A+                   <div className="space-y-2.5">%0D%0A+                     {tracedImpact.map((item, idx) => (%0D%0A+                       <div%0D%0A+                         key={idx}%0D%0A+                         className="space-y-2 rounded-md border border-[#e1dfdd] bg-[#faf9f8] p-3"%0D%0A+                       >%0D%0A+                         <div className="flex items-start justify-between gap-3">%0D%0A+                           <div className="min-w-0">%0D%0A+                             <span className="inline-block rounded bg-[#eff6fc] px-1.5 py-0.5 text-[11px] font-medium text-[#0f6cbd]">%0D%0A+                               Dependency node found%0D%0A+                             </span>%0D%0A+                             <h5 className="mt-1 text-[13px] font-medium text-[#201f1e]">%0D%0A+                               {item.component.name} <span className="font-normal text-[#8a8886]">v{item.component.version}</span>%0D%0A+                             </h5>%0D%0A+                             <p className="mt-0.5 text-[11px] text-[#8a8886]">Purl: {item.component.purl}</p>%0D%0A+                           </div>%0D%0A+ %0D%0A+                           <div className="shrink-0 text-right">%0D%0A+                             <span className="block text-[11px] text-[#8a8886]">Contained in</span>%0D%0A+                             <span className="mt-0.5 block text-[13px] font-medium text-[#323130]">{item.passport.name}</span>%0D%0A+                           </div>%0D%0A+                         </div>%0D%0A+ %0D%0A+                         {/* Blast list of host targets */}%0D%0A+                         <div className="space-y-1.5 border-t border-[#e1dfdd] pt-2">%0D%0A+                           <p className="flex items-center gap-1 text-[11px] font-medium text-[#605e5c]">%0D%0A+                             <Server className="h-3 w-3 text-[#0f6cbd]" />%0D%0A+                             <span>Vulnerable deployment blast target hosts ({item.hosts.length})</span>%0D%0A+                           </p>%0D%0A+ %0D%0A+                           {item.hosts.length === 0 ? (%0D%0A+                             <p className="rounded border border-[#e1dfdd] bg-white p-2.5 text-[11px] italic text-[#8a8886]">%0D%0A+                               Component is listed in the SBOM but currently has zero active deployment hosts. Threat exposure is minimal.%0D%0A+                             </p>%0D%0A+                           ) : (%0D%0A+                             <div className="grid grid-cols-1 gap-1.5 md:grid-cols-2">%0D%0A+                               {item.hosts.map((host) => (%0D%0A+                                 <div%0D%0A+                                   key={host.id}%0D%0A+                                   className="flex items-center justify-between rounded border border-[#e1dfdd] bg-white p-2 text-[11px]"%0D%0A+                                 >%0D%0A+                                   <div className="min-w-0">%0D%0A+                                     <p className="max-w-[140px] truncate font-medium text-[#323130]">{host.hostName}</p>%0D%0A+                                     <p className="mt-0.5 text-[#8a8886]">{host.clientName} · {host.environment}</p>%0D%0A+                                   </div>%0D%0A+                                   <span className={`inline-flex shrink-0 items-center gap-1 font-medium ${%0D%0A+                                     host.health === 'Compliant' ? 'text-[#0e700e]' : 'text-[#a4262c]'%0D%0A+                                   }`}>%0D%0A+                                     <span className={`h-1.5 w-1.5 rounded-full ${host.health === 'Compliant' ? 'bg-[#0e700e]' : 'bg-[#a4262c]'}`} />%0D%0A+                                     {host.health}%0D%0A+                                   </span>%0D%0A+                                 </div>%0D%0A+                               ))}%0D%0A+                             </div>%0D%0A+                           )}%0D%0A+                         </div>%0D%0A+                       </div>%0D%0A+                     ))}%0D%0A+                   </div>%0D%0A+                 )}%0D%0A+               </div>%0D%0A+             ) : (%0D%0A+               <div className="flex items-start gap-2 rounded-md border border-dashed border-[#e1dfdd] bg-[#faf9f8] p-3 text-[12px] text-[#605e5c]">%0D%0A+                 <Info className="h-3.5 w-3.5 shrink-0 text-[#8a8886]" />%0D%0A+                 <p className="leading-snug">%0D%0A+                   Trace utilities query transitively mapped software bill-of-materials elements recursively. For example, search <code className="rounded bg-[#f3f2f1] px-1 py-0.5 font-mono font-medium text-[#0f6cbd]">openssl</code> to identify its downstream footprint or <code className="rounded bg-[#f3f2f1] px-1 py-0.5 font-mono font-medium text-[#0f6cbd]">postgres</code> to check running nodes.%0D%0A+                 </p>%0D%0A+               </div>%0D%0A+             )}%0D%0A+           </div>%0D%0A+ %0D%0A+         </div>%0D%0A+ %0D%0A+       </div>%0D%0A+ %0D%0A+       {/* DETAILED INTERACTIVE EXPLANATION MODAL (Why Does This Exist? / Digital Storyteller) */}%0D%0A+       <AnimatePresence>%0D%0A+         {isExplanationOpen && activePassport && (%0D%0A+           <div className="fixed inset-0 z-50 flex items-center justify-center p-4">%0D%0A+             {/* Backdrop overlay */}%0D%0A+             <motion.div%0D%0A+               initial={{ opacity: 0 }}%0D%0A+               animate={{ opacity: 0.4 }}%0D%0A+               exit={{ opacity: 0 }}%0D%0A+               onClick={() => setIsExplanationOpen(false)}%0D%0A+               className="absolute inset-0 bg-black"%0D%0A+             />%0D%0A+ %0D%0A+             {/* Explainer Modal container */}%0D%0A+             <motion.div%0D%0A+               initial={{ scale: 0.98, y: 10, opacity: 0 }}%0D%0A+               animate={{ scale: 1, y: 0, opacity: 1 }}%0D%0A+               exit={{ scale: 0.98, y: 10, opacity: 0 }}%0D%0A+               className="relative z-10 w-full max-w-lg rounded-md border border-[#e1dfdd] bg-white p-5 text-left"%0D%0A+             >%0D%0A+               <div className="mb-3 flex items-start justify-between">%0D%0A+                 <div>%0D%0A+                   <span className="block text-[11px] uppercase tracking-wide text-[#8a8886]">%0D%0A+                     Why it exists%0D%0A+                   </span>%0D%0A+                   <h3 className="mt-0.5 flex items-center gap-1.5 text-[15px] font-semibold text-[#201f1e]">%0D%0A+                     <Sparkles className="h-4 w-4 text-[#0f6cbd]" />%0D%0A+                     <span>Explain {activePassport.name}</span>%0D%0A+                   </h3>%0D%0A+                 </div>%0D%0A+                 <button%0D%0A+                   onClick={() => setIsExplanationOpen(false)}%0D%0A+                   className="rounded p-1 text-[#8a8886] hover:bg-black/[.03] hover:text-[#605e5c]"%0D%0A+                 >%0D%0A+                   <X className="h-4 w-4" />%0D%0A+                 </button>%0D%0A+               </div>%0D%0A+ %0D%0A+               {/* Explainer Body */}%0D%0A+               <div className="space-y-3">%0D%0A+                 {/* Structured Software Card Details */}%0D%0A+                 <div className="space-y-3 rounded-md border border-[#e1dfdd] bg-[#faf9f8] p-3">%0D%0A+                   <div>%0D%0A+                     <span className="mb-0.5 block text-[11px] uppercase text-[#8a8886]">What it does</span>%0D%0A+                     <p className="text-[13px] leading-relaxed text-[#323130]">%0D%0A+                       {activeMnemonic.whatItDoes}%0D%0A+                     </p>%0D%0A+                   </div>%0D%0A+ %0D%0A+                   <div className="grid grid-cols-2 gap-3">%0D%0A+                     <div>%0D%0A+                       <span className="mb-0.5 block text-[11px] uppercase text-[#8a8886]">Who uses it</span>%0D%0A+                       <span className="text-[13px] font-medium text-[#323130]">%0D%0A+                         {activeMnemonic.whoUsesit}%0D%0A+                       </span>%0D%0A+                     </div>%0D%0A+                     <div>%0D%0A+                       <span className="mb-0.5 block text-[11px] uppercase text-[#8a8886]">Business importance</span>%0D%0A+                       <span className="text-[13px] font-medium text-[#0f6cbd]">%0D%0A+                         {activeMnemonic.businessImportance}%0D%0A+                       </span>%0D%0A+                     </div>%0D%0A+                   </div>%0D%0A+ %0D%0A+                   <div className="border-t border-[#e1dfdd] pt-2">%0D%0A+                     <span className="mb-0.5 block text-[11px] uppercase text-[#8a8886]">Connected systems</span>%0D%0A+                     <p className="text-[13px] text-[#605e5c]">%0D%0A+                       {activeMnemonic.connections}%0D%0A+                     </p>%0D%0A+                   </div>%0D%0A+                 </div>%0D%0A+ %0D%0A+                 {/* The Magic Narrative */}%0D%0A+                 <div className="space-y-1.5">%0D%0A+                   <span className="block text-[11px] font-semibold uppercase tracking-wide text-[#0f6cbd]">%0D%0A+                     Advisor narrative%0D%0A+                   </span>%0D%0A+                   <div className="rounded-md border border-[#e1dfdd] bg-[#eff6fc] p-3 text-[13px] leading-relaxed text-[#201f1e]">%0D%0A+                     "{activeMnemonic.explanation}"%0D%0A+                   </div>%0D%0A+                 </div>%0D%0A+ %0D%0A+                 {/* Recommendation */}%0D%0A+                 <div className="flex items-center justify-between border-t border-[#f3f2f1] pt-3 text-[13px]">%0D%0A+                   <span className="text-[#8a8886]">Recommendation:</span>%0D%0A+                   <span className="inline-flex items-center gap-1.5 rounded bg-[#dff6dd] px-2.5 py-0.5 text-[12px] font-medium text-[#0e700e]">%0D%0A+                     Keep — important business system%0D%0A+                   </span>%0D%0A+                 </div>%0D%0A+               </div>%0D%0A+ %0D%0A+               {/* Close footer button */}%0D%0A+               <div className="mt-4 border-t border-[#f3f2f1] pt-3 text-right">%0D%0A+                 <button%0D%0A+                   type="button"%0D%0A+                   onClick={() => setIsExplanationOpen(false)}%0D%0A+                   className="h-8 rounded bg-[#0f6cbd] px-3 text-[13px] font-medium text-white hover:bg-[#004578]"%0D%0A+                 >%0D%0A+                   Got it, close%0D%0A+                 </button>%0D%0A+               </div>%0D%0A+             </motion.div>%0D%0A+           </div>%0D%0A+         )}%0D%0A+       </AnimatePresence>%0D%0A+ %0D%0A+     </div>%0D%0A+   );%0D%0A+ }%0D%0A+ %0D%0A+ // Simple absolute close SVG fallback%0D%0A+ function X(props: React.SVGProps<SVGSVGElement>) {%0D%0A+   return (%0D%0A+     <svg%0D%0A+       xmlns="http://www.w3.org/2000/svg"%0D%0A+       fill="none"%0D%0A+       viewBox="0 0 24 24"%0D%0A+       strokeWidth="2.5"%0D%0A+       stroke="currentColor"%0D%0A+       {...props}%0D%0A+     >%0D%0A+       <path strokeLinecap="round" strokeLinejoin="round" d="M6 18L18 6M6 6l12 12" />%0D%0A+     </svg>%0D%0A+   );%0D%0A+ }%0D%0A+%0A%0A ❯ tests/slsa-provenance-route-and-ui-contract.test.ts:88:15%0A%0A

::error file=/home/runner/work/software-passport-registry/software-passport-registry/tests/slsa-provenance-route-and-ui-contract.test.ts,title=tests/slsa-provenance-route-and-ui-contract.test.ts > SoftwareLineageTracker no longer fabricates provenance data > shows a failure state with the real failureReason%2C and lets the user resubmit,line=94,column=15::AssertionError: expected '/**\r\n * @license\r\n * SPDX-License…' to contain 'slsaEvidence && slsaEvidence.status =…'%0A%0A- Expected%0A+ Received%0A%0A- slsaEvidence && slsaEvidence.status === 'FAILED'%0A+ /**%0D%0A+  * @license%0D%0A+  * SPDX-License-Identifier: Apache-2.0%0D%0A+  */%0D%0A+ %0D%0A+ import React, { useState, useMemo } from 'react';%0D%0A+ import { motion, AnimatePresence } from 'motion/react';%0D%0A+ import {%0D%0A+   GitFork,%0D%0A+   Layers,%0D%0A+   Server,%0D%0A+   Search,%0D%0A+   FileSignature,%0D%0A+   Building2,%0D%0A+   ExternalLink,%0D%0A+   HelpCircle,%0D%0A+   ChevronRight,%0D%0A+   Zap,%0D%0A+   Info,%0D%0A+   Sparkles%0D%0A+ } from 'lucide-react';%0D%0A+ import { SoftwarePassport, Client } from '../types';%0D%0A+ %0D%0A+ interface SoftwareLineageTrackerProps {%0D%0A+   passports: SoftwarePassport[];%0D%0A+   clients: Client[];%0D%0A+   assets: any[];%0D%0A+ }%0D%0A+ %0D%0A+ export default function SoftwareLineageTracker({ passports, clients, assets }: SoftwareLineageTrackerProps) {%0D%0A+   const [selectedPassportId, setSelectedPassportId] = useState<string>(passports[0]?.id || '');%0D%0A+   const [dependencySearchQuery, setDependencySearchQuery] = useState<string>('');%0D%0A+   const [traceSearchQuery, setTraceSearchQuery] = useState<string>('');%0D%0A+   const [isExplanationOpen, setIsExplanationOpen] = useState(false);%0D%0A+ %0D%0A+   // 1. Get currently selected passport%0D%0A+   const activePassport = useMemo(() => {%0D%0A+     return passports.find(p => p.id === selectedPassportId) || passports[0];%0D%0A+   }, [passports, selectedPassportId]);%0D%0A+ %0D%0A+   // 2. Map downstream assets for the selected passport%0D%0A+   const deployedAssets = useMemo(() => {%0D%0A+     if (!activePassport) return [];%0D%0A+     return assets.filter(a => {%0D%0A+       const pName = activePassport.name.toLowerCase();%0D%0A+       const aPassport = (a.activePassport || '').toLowerCase();%0D%0A+       return (%0D%0A+         aPassport === pName ||%0D%0A+         aPassport.includes(pName) ||%0D%0A+         pName.includes(aPassport) ||%0D%0A+         (a.activePassport === `Custom/Generic: ${activePassport.name}`)%0D%0A+       );%0D%0A+     });%0D%0A+   }, [assets, activePassport]);%0D%0A+ %0D%0A+   // Illustrative upstream topology. It is labeled in the UI and is not provenance evidence.%0D%0A+   const provenanceDetails = useMemo(() => {%0D%0A+     if (!activePassport) return null;%0D%0A+     const cleanName = activePassport.name.toLowerCase().replace(/\s+/g, '-');%0D%0A+     return {%0D%0A+       repoUrl: `https://github.com/enterprise-registry/${cleanName}`,%0D%0A+       branch: 'main',%0D%0A+       commitHash: 'f4b3c2a1d0e9f8a7b6c5d4e3f2a1b0c9d8e7f6a5',%0D%0A+       ciProvider: 'GitHub Actions Cloud Build',%0D%0A+       buildId: `run-98421-prod-${cleanName}`,%0D%0A+       slsaLevel: 'SLSA Level 4 Compliant',%0D%0A+       compiler: 'GCC 12.2 / Node compiler (v18.16.0)',%0D%0A+       signingAuthority: 'Cosign Sigstore Root CA',%0D%0A+       signatureAlgorithm: 'ECDSA-P256-SHA256'%0D%0A+     };%0D%0A+   }, [activePassport]);%0D%0A+ %0D%0A+   // 3. Compute overall inventory dependency stats for summary badges%0D%0A+   const totalUniqueDependencies = useMemo(() => {%0D%0A+     const depsSet = new Set<string>();%0D%0A+     passports.forEach(p => {%0D%0A+       p.sbom.forEach(s => depsSet.add(s.name));%0D%0A+     });%0D%0A+     return depsSet.size;%0D%0A+   }, [passports]);%0D%0A+ %0D%0A+   // 4. "Blast Radius Impact Tracer": Find any sub-component across all pipelines%0D%0A+   const tracedImpact = useMemo(() => {%0D%0A+     if (!traceSearchQuery.trim()) return [];%0D%0A+ %0D%0A+     const query = traceSearchQuery.toLowerCase();%0D%0A+     const results: {%0D%0A+       passport: SoftwarePassport;%0D%0A+       component: any;%0D%0A+       hosts: any[];%0D%0A+     }[] = [];%0D%0A+ %0D%0A+     passports.forEach(p => {%0D%0A+       const foundComp = p.sbom.find(s => s.name.toLowerCase().includes(query) || s.purl.toLowerCase().includes(query));%0D%0A+       if (foundComp) {%0D%0A+         // Find hosting assets running this parent software%0D%0A+         const hosts = assets.filter(a => {%0D%0A+           const pName = p.name.toLowerCase();%0D%0A+           const aPassport = (a.activePassport || '').toLowerCase();%0D%0A+           return (%0D%0A+             aPassport === pName ||%0D%0A+             aPassport.includes(pName) ||%0D%0A+             pName.includes(aPassport) ||%0D%0A+             (a.activePassport === `Custom/Generic: ${p.name}`)%0D%0A+           );%0D%0A+         });%0D%0A+ %0D%0A+         results.push({%0D%0A+           passport: p,%0D%0A+           component: foundComp,%0D%0A+           hosts: hosts%0D%0A+         });%0D%0A+       }%0D%0A+     });%0D%0A+ %0D%0A+     return results;%0D%0A+   }, [passports, assets, traceSearchQuery]);%0D%0A+ %0D%0A+   // Filtered SBOM packages for active passport%0D%0A+   const filteredSbom = useMemo(() => {%0D%0A+     if (!activePassport) return [];%0D%0A+     if (!dependencySearchQuery.trim()) return activePassport.sbom;%0D%0A+     return activePassport.sbom.filter(s =>%0D%0A+       s.name.toLowerCase().includes(dependencySearchQuery.toLowerCase()) ||%0D%0A+       s.license.toLowerCase().includes(dependencySearchQuery.toLowerCase())%0D%0A+     );%0D%0A+   }, [activePassport, dependencySearchQuery]);%0D%0A+ %0D%0A+   // Dynamic digital map description generator for storytelling%0D%0A+   const getDigitalMnemonic = (name: string) => {%0D%0A+     const nameLower = name.toLowerCase();%0D%0A+     if (nameLower.includes('salesforce')) {%0D%0A+       return {%0D%0A+         whatItDoes: 'Manages customer interactions, deals pipelines, and account records.',%0D%0A+         whoUsesit: '35 employees in sales & service',%0D%0A+         businessImportance: 'Critical operations node',%0D%0A+         connections: 'Slack alerts, payment logs, secure backup instances',%0D%0A+         explanation: 'This software manages customer pipelines and sales communications. Removing or disabling it would freeze lead intake, affecting 40%25 of daily transactions and disconnecting client interactions.'%0D%0A+       };%0D%0A+     }%0D%0A+     if (nameLower.includes('slack')) {%0D%0A+       return {%0D%0A+         whatItDoes: 'Primary communication hub, notifications router, and collaboration channel.',%0D%0A+         whoUsesit: 'All staff / 120 active employees',%0D%0A+         businessImportance: 'High (Ops critical)',%0D%0A+         connections: 'Salesforce CRM, OpenAI API, AWS status logs',%0D%0A+         explanation: 'This is the communication spine of your company. It routes direct messages and security notifications instantly. It integrates automated bots to manage system outages and triggers real-time responses.'%0D%0A+       };%0D%0A+     }%0D%0A+     if (nameLower.includes('stripe')) {%0D%0A+       return {%0D%0A+         whatItDoes: 'Handles invoice charging, checkout systems, and financial gateway flows.',%0D%0A+         whoUsesit: 'Billing admins & payment triggers',%0D%0A+         businessImportance: 'Immediate revenue impact',%0D%0A+         connections: 'Corporate banking, QuickBooks, accounting DB',%0D%0A+         explanation: 'This handles all credit-card processing and active payment endpoints. Removing it instantly disables checkout, halting incoming streams and breaking invoicing operations.'%0D%0A+       };%0D%0A+     }%0D%0A+     // Default fallback%0D%0A+     return {%0D%0A+       whatItDoes: 'Provides central system infrastructure, service integrations, or package dependencies.',%0D%0A+       whoUsesit: 'Engineering & operations',%0D%0A+       businessImportance: 'High technical dependency',%0D%0A+       connections: 'Cloud security pipelines, active virtual instances',%0D%0A+       explanation: 'This node sits directly in the processing path. If detached, dependent backend routines would fail, triggering cascading connection errors across operational services.'%0D%0A+     };%0D%0A+   };%0D%0A+ %0D%0A+   const activeMnemonic = activePassport ? getDigitalMnemonic(activePassport.name) : getDigitalMnemonic('');%0D%0A+ %0D%0A+   return (%0D%0A+     <div className="space-y-4" id="software-lineage-ledger-panel">%0D%0A+       {/* Section header + summary strip */}%0D%0A+       <div className="flex flex-col gap-3 sm:flex-row sm:items-center sm:justify-between">%0D%0A+         <div>%0D%0A+           <h2 className="text-[15px] font-semibold text-[#201f1e]">Software lineage map</h2>%0D%0A+           <p className="mt-0.5 text-[13px] text-[#605e5c]">Trace a passport from source provenance through its SBOM to the servers running it.</p>%0D%0A+         </div>%0D%0A+ %0D%0A+         <div className="flex flex-wrap gap-6 rounded-md border border-[#e1dfdd] bg-white p-3">%0D%0A+           <div>%0D%0A+             <div className="text-[11px] text-[#605e5c]">Mapped systems</div>%0D%0A+             <div className="text-lg font-semibold text-[#201f1e]">{passports.length}</div>%0D%0A+           </div>%0D%0A+           <div>%0D%0A+             <div className="text-[11px] text-[#605e5c]">SBOM packages</div>%0D%0A+             <div className="text-lg font-semibold text-[#201f1e]">{totalUniqueDependencies}</div>%0D%0A+           </div>%0D%0A+         </div>%0D%0A+       </div>%0D%0A+ %0D%0A+       {/* Main Interactive Map Grid */}%0D%0A+       <div className="grid grid-cols-1 lg:grid-cols-4 gap-4">%0D%0A+ %0D%0A+         {/* Left Column: Software Passport Selector & Provenance Parameters */}%0D%0A+         <div className="lg:col-span-1 space-y-4">%0D%0A+           <div className="rounded-md border border-[#e1dfdd] bg-white p-3">%0D%0A+             <h3 className="text-[13px] font-semibold text-[#201f1e]">Select a system</h3>%0D%0A+             <p className="mt-0.5 text-[11px] text-[#8a8886]">Choose a passport to lock the tracker on it.</p>%0D%0A+ %0D%0A+             <div className="mt-3 space-y-1 max-h-[220px] overflow-y-auto pr-1">%0D%0A+               {passports.map(p => {%0D%0A+                 const isSelected = p.id === selectedPassportId;%0D%0A+                 return (%0D%0A+                   <button%0D%0A+                     key={p.id}%0D%0A+                     onClick={() => setSelectedPassportId(p.id)}%0D%0A+                     className={`flex w-full items-center justify-between rounded px-2.5 py-2 text-left text-[13px] border ${%0D%0A+                       isSelected%0D%0A+                         ? 'border-[#0f6cbd] bg-[#eff6fc] font-medium text-[#0f6cbd]'%0D%0A+                         : 'border-transparent text-[#323130] hover:bg-black/[.03]'%0D%0A+                     }`}%0D%0A+                   >%0D%0A+                     <div className="min-w-0">%0D%0A+                       <p className="truncate leading-tight">{p.name}</p>%0D%0A+                       <span className="mt-0.5 block text-[11px] text-[#8a8886]">v{p.version} · {p.publisher}</span>%0D%0A+                     </div>%0D%0A+                     <ChevronRight className={`ml-2 h-3.5 w-3.5 shrink-0 ${isSelected ? 'text-[#0f6cbd]' : 'text-[#c8c6c4]'}`} />%0D%0A+                   </button>%0D%0A+                 );%0D%0A+               })}%0D%0A+             </div>%0D%0A+           </div>%0D%0A+ %0D%0A+           {/* Active Passport General Info */}%0D%0A+           {activePassport && (%0D%0A+             <div className="space-y-3 rounded-md border border-[#e1dfdd] bg-white p-3">%0D%0A+               <div className="flex items-start justify-between border-b border-[#f3f2f1] pb-2">%0D%0A+                 <div>%0D%0A+                   <span className="block text-[11px] text-[#8a8886]">Selected</span>%0D%0A+                   <h4 className="mt-0.5 text-[13px] font-semibold leading-snug text-[#201f1e]">{activePassport.name}</h4>%0D%0A+                 </div>%0D%0A+                 <span className="shrink-0 rounded bg-[#f3f2f1] px-2 py-0.5 text-[11px] text-[#605e5c]">%0D%0A+                   {activePassport.category}%0D%0A+                 </span>%0D%0A+               </div>%0D%0A+ %0D%0A+               <div className="space-y-1.5 text-[12px]">%0D%0A+                 <div className="flex justify-between">%0D%0A+                   <span className="text-[#8a8886]">Release date</span>%0D%0A+                   <span className="font-medium text-[#323130]">{activePassport.releaseDate}</span>%0D%0A+                 </div>%0D%0A+                 <div className="flex justify-between">%0D%0A+                   <span className="text-[#8a8886]">License</span>%0D%0A+                   <span className="font-medium text-[#323130]">{activePassport.licenseType}</span>%0D%0A+                 </div>%0D%0A+                 <div className="flex justify-between">%0D%0A+                   <span className="text-[#8a8886]">Trust score</span>%0D%0A+                   <span className="font-semibold text-[#0e700e]">{activePassport.overallScore}/100</span>%0D%0A+                 </div>%0D%0A+                 <div className="flex flex-col gap-1 border-t border-[#f3f2f1] pt-2">%0D%0A+                   <span className="text-[11px] uppercase text-[#8a8886]">File hash</span>%0D%0A+                   <span className="select-all break-all rounded border border-[#e1dfdd] bg-[#faf9f8] p-1.5 font-mono text-[10px] leading-tight text-[#605e5c]">%0D%0A+                     {activePassport.fileHash}%0D%0A+                   </span>%0D%0A+                 </div>%0D%0A+               </div>%0D%0A+ %0D%0A+               {/* "Why does this exist" preview quick panel */}%0D%0A+               <button%0D%0A+                 onClick={() => setIsExplanationOpen(true)}%0D%0A+                 className="flex h-8 w-full items-center justify-center gap-1.5 rounded border border-[#c8c6c4] text-[12px] font-medium text-[#323130] hover:bg-black/[.03]"%0D%0A+               >%0D%0A+                 <HelpCircle className="h-3.5 w-3.5 text-[#0f6cbd]" />%0D%0A+                 <span>Explain this system</span>%0D%0A+               </button>%0D%0A+             </div>%0D%0A+           )}%0D%0A+         </div>%0D%0A+ %0D%0A+         {/* Right 3 Columns: Visual Lineage Flow Map */}%0D%0A+         <div className="lg:col-span-3 space-y-4">%0D%0A+ %0D%0A+           {/* Unified 3-tier mapping visualizer */}%0D%0A+           <div className="space-y-4 rounded-md border border-[#e1dfdd] bg-white p-4">%0D%0A+             <div className="flex flex-col gap-2 sm:flex-row sm:items-center sm:justify-between">%0D%0A+               <div>%0D%0A+                 <h3 className="text-[13px] font-semibold text-[#201f1e]">Active lineage pathway</h3>%0D%0A+                 <p className="text-[11px] text-[#8a8886]">Traced from build variables down to active servers</p>%0D%0A+               </div>%0D%0A+ %0D%0A+               <span className="inline-flex items-center gap-1.5 text-[11px] text-[#605e5c]">%0D%0A+                 <span className="h-1.5 w-1.5 rounded-full bg-[#0f6cbd]" />%0D%0A+                 Live feed state%0D%0A+               </span>%0D%0A+             </div>%0D%0A+ %0D%0A+             {/* Visual grid connecting columns */}%0D%0A+             <div className="grid grid-cols-1 gap-4 md:grid-cols-3">%0D%0A+ %0D%0A+               {/* TIER 1: Upstream Provenance Origin */}%0D%0A+               <div className="flex flex-col gap-3 rounded-md border border-[#e1dfdd] bg-[#faf9f8] p-3">%0D%0A+                 <div className="flex items-center gap-1.5 border-b border-[#e1dfdd] pb-2 text-[13px] font-semibold text-[#201f1e]">%0D%0A+                   <GitFork className="h-3.5 w-3.5 text-[#0f6cbd]" />%0D%0A+                   <span>1. Code provenance</span>%0D%0A+                 </div>%0D%0A+ %0D%0A+                 {provenanceDetails && (%0D%0A+                   <div className="space-y-2">%0D%0A+                     <div className="space-y-1 rounded border border-[#e1dfdd] bg-white p-2 text-[12px]">%0D%0A+                       <p className="text-[11px] text-[#8a8886]">Source repository</p>%0D%0A+                       <a%0D%0A+                         href={provenanceDetails.repoUrl}%0D%0A+                         target="_blank"%0D%0A+                         rel="noreferrer"%0D%0A+                         className="flex max-w-[190px] items-center gap-1 truncate font-medium text-[#0f6cbd] hover:underline"%0D%0A+                       >%0D%0A+                         <span className="truncate">{provenanceDetails.repoUrl.replace('https://', '')}</span>%0D%0A+                         <ExternalLink className="h-3 w-3 shrink-0" />%0D%0A+                       </a>%0D%0A+                       <p className="text-[11px] text-[#8a8886]">Branch: <span className="font-medium text-[#323130]">{provenanceDetails.branch}</span></p>%0D%0A+                     </div>%0D%0A+ %0D%0A+                     <div className="space-y-1 rounded border border-[#e1dfdd] bg-white p-2 text-[12px]">%0D%0A+                       <p className="text-[11px] text-[#8a8886]">CI/CD pipeline</p>%0D%0A+                       <p className="font-medium text-[#323130]">{provenanceDetails.ciProvider}</p>%0D%0A+                       <p className="truncate text-[11px] text-[#8a8886]" title={provenanceDetails.buildId}>ID: {provenanceDetails.buildId}</p>%0D%0A+                     </div>%0D%0A+ %0D%0A+                     <div className="space-y-1 rounded border border-[#e1dfdd] bg-[#eff6fc] p-2 text-[12px]">%0D%0A+                       <p className="text-[11px] text-[#0f6cbd]">Cryptographic proof</p>%0D%0A+                       <div className="flex items-center gap-1 font-medium text-[#0f6cbd]">%0D%0A+                         <FileSignature className="h-3.5 w-3.5 shrink-0" />%0D%0A+                         <span>SLSA Level 4 verified</span>%0D%0A+                       </div>%0D%0A+                       <p className="text-[11px] leading-tight text-[#0f6cbd]/80">Authority: {provenanceDetails.signingAuthority}</p>%0D%0A+                     </div>%0D%0A+                   </div>%0D%0A+                 )}%0D%0A+               </div>%0D%0A+ %0D%0A+               {/* TIER 2: Central SBOM Component Lineage */}%0D%0A+               <div className="flex flex-col gap-3 rounded-md border border-[#e1dfdd] bg-[#faf9f8] p-3">%0D%0A+                 <div className="flex items-center gap-1.5 border-b border-[#e1dfdd] pb-2 text-[13px] font-semibold text-[#201f1e]">%0D%0A+                   <Layers className="h-3.5 w-3.5 text-[#0f6cbd]" />%0D%0A+                   <span>2. Core packages (SBOM)</span>%0D%0A+                 </div>%0D%0A+ %0D%0A+                 <label className="flex h-8 items-center gap-1.5 rounded border border-[#c8c6c4] bg-white px-2 focus-within:border-[#0f6cbd] focus-within:ring-1 focus-within:ring-[#0f6cbd]">%0D%0A+                   <Search className="h-3.5 w-3.5 text-[#8a8886]" />%0D%0A+                   <input%0D%0A+                     type="text"%0D%0A+                     placeholder="Filter dependencies..."%0D%0A+                     value={dependencySearchQuery}%0D%0A+                     onChange={(e) => setDependencySearchQuery(e.target.value)}%0D%0A+                     className="w-full bg-transparent text-[12px] text-[#323130] outline-none placeholder:text-[#8a8886]"%0D%0A+                   />%0D%0A+                 </label>%0D%0A+ %0D%0A+                 <div className="flex-1 space-y-1.5 max-h-[260px] overflow-y-auto pr-1">%0D%0A+                   {filteredSbom.length === 0 ? (%0D%0A+                     <div className="py-8 text-center text-[11px] text-[#8a8886]">%0D%0A+                       No components found matching search.%0D%0A+                     </div>%0D%0A+                   ) : (%0D%0A+                     filteredSbom.map((comp, idx) => (%0D%0A+                       <div%0D%0A+                         key={idx}%0D%0A+                         className="flex items-center justify-between rounded border border-[#e1dfdd] bg-white px-2 py-1.5 text-[12px] hover:border-[#c8c6c4]"%0D%0A+                       >%0D%0A+                         <div className="min-w-0">%0D%0A+                           <p className="truncate font-medium text-[#323130]" title={comp.name}>{comp.name}</p>%0D%0A+                           <div className="mt-0.5 flex items-center gap-1.5 text-[11px] text-[#8a8886]">%0D%0A+                             <span>v{comp.version}</span>%0D%0A+                             <span className="rounded bg-[#f3f2f1] px-1 uppercase">%0D%0A+                               {comp.dependencyType}%0D%0A+                             </span>%0D%0A+                           </div>%0D%0A+                         </div>%0D%0A+ %0D%0A+                         <span className={`ml-1.5 inline-flex shrink-0 items-center gap-1 text-[11px] font-medium ${%0D%0A+                           comp.trustLevel === 'Trusted' ? 'text-[#0e700e]' :%0D%0A+                           comp.trustLevel === 'Review Required' ? 'text-[#8a5700]' :%0D%0A+                           'text-[#a4262c]'%0D%0A+                         }`}>%0D%0A+                           <span className={`h-1.5 w-1.5 rounded-full ${%0D%0A+                             comp.trustLevel === 'Trusted' ? 'bg-[#0e700e]' :%0D%0A+                             comp.trustLevel === 'Review Required' ? 'bg-[#8a5700]' :%0D%0A+                             'bg-[#a4262c]'%0D%0A+                           }`} />%0D%0A+                           {comp.trustLevel === 'Trusted' ? 'OK' : 'Audit'}%0D%0A+                         </span>%0D%0A+                       </div>%0D%0A+                     ))%0D%0A+                   )}%0D%0A+                 </div>%0D%0A+               </div>%0D%0A+ %0D%0A+               {/* TIER 3: Downstream Active Deployments */}%0D%0A+               <div className="flex flex-col gap-3 rounded-md border border-[#e1dfdd] bg-[#faf9f8] p-3">%0D%0A+                 <div className="flex items-center gap-1.5 border-b border-[#e1dfdd] pb-2 text-[13px] font-semibold text-[#201f1e]">%0D%0A+                   <Server className="h-3.5 w-3.5 text-[#0f6cbd]" />%0D%0A+                   <span>3. Downstream runtimes</span>%0D%0A+                 </div>%0D%0A+ %0D%0A+                 <div className="flex-1 space-y-2 max-h-[300px] overflow-y-auto pr-1">%0D%0A+                   {deployedAssets.length === 0 ? (%0D%0A+                     <div className="space-y-1.5 py-8 text-center">%0D%0A+                       <HelpCircle className="mx-auto h-5 w-5 text-[#c8c6c4]" />%0D%0A+                       <p className="text-[12px] font-medium text-[#605e5c]">No active hosting hosts</p>%0D%0A+                       <p className="px-2 text-[11px] leading-normal text-[#8a8886]">%0D%0A+                         This passport is registered but has no current asset mappings running on servers or pods.%0D%0A+                       </p>%0D%0A+                     </div>%0D%0A+                   ) : (%0D%0A+                     deployedAssets.map((asset) => (%0D%0A+                       <div%0D%0A+                         key={asset.id}%0D%0A+                         className="space-y-1.5 rounded border border-[#e1dfdd] bg-white p-2 text-[12px]"%0D%0A+                       >%0D%0A+                         <div className="flex items-start justify-between">%0D%0A+                           <div>%0D%0A+                             <h5 className="max-w-[130px] truncate font-medium text-[#201f1e]" title={asset.hostName}>%0D%0A+                               {asset.hostName}%0D%0A+                             </h5>%0D%0A+                             <p className="text-[11px] text-[#8a8886]">{asset.type} · {asset.OS}</p>%0D%0A+                           </div>%0D%0A+                           <span className={`inline-flex items-center gap-1 text-[11px] font-medium ${%0D%0A+                             asset.health === 'Compliant' ? 'text-[#0e700e]' : 'text-[#a4262c]'%0D%0A+                           }`}>%0D%0A+                             <span className={`h-1.5 w-1.5 rounded-full ${asset.health === 'Compliant' ? 'bg-[#0e700e]' : 'bg-[#a4262c]'}`} />%0D%0A+                             {asset.health}%0D%0A+                           </span>%0D%0A+                         </div>%0D%0A+ %0D%0A+                         <div className="flex items-center gap-1.5 border-t border-[#f3f2f1] pt-1.5 text-[11px] text-[#605e5c]">%0D%0A+                           <Building2 className="h-3.5 w-3.5 shrink-0 text-[#8a8886]" />%0D%0A+                           <span className="truncate font-medium">{asset.clientName}</span>%0D%0A+                         </div>%0D%0A+                       </div>%0D%0A+                     ))%0D%0A+                   )}%0D%0A+                 </div>%0D%0A+               </div>%0D%0A+ %0D%0A+             </div>%0D%0A+           </div>%0D%0A+ %0D%0A+           {/* VULNERABILITY BLAST RADIUS TRACER utility */}%0D%0A+           <div className="space-y-3 rounded-md border border-[#e1dfdd] bg-white p-4">%0D%0A+             <div className="border-b border-[#f3f2f1] pb-3">%0D%0A+               <h3 className="flex items-center gap-1.5 text-[13px] font-semibold text-[#201f1e]">%0D%0A+                 <Zap className="h-3.5 w-3.5 text-[#8a5700]" />%0D%0A+                 <span>Transitive vulnerability blast radius tracer</span>%0D%0A+               </h3>%0D%0A+               <p className="mt-0.5 text-[11px] text-[#8a8886]">%0D%0A+                 Input a sub-dependency name (e.g. "log4j", "openssl", "redis") to trace all host servers dependent on it.%0D%0A+               </p>%0D%0A+             </div>%0D%0A+ %0D%0A+             <div className="flex gap-2">%0D%0A+               <label className="flex h-9 flex-1 items-center gap-2 rounded border border-[#c8c6c4] bg-white px-3 focus-within:border-[#0f6cbd] focus-within:ring-1 focus-within:ring-[#0f6cbd]">%0D%0A+                 <Search className="h-3.5 w-3.5 text-[#8a8886]" />%0D%0A+                 <input%0D%0A+                   type="text"%0D%0A+                   placeholder="Type package name to scan impact (e.g. openssl, redis)..."%0D%0A+                   value={traceSearchQuery}%0D%0A+                   onChange={(e) => setTraceSearchQuery(e.target.value)}%0D%0A+                   className="w-full bg-transparent text-[13px] text-[#323130] outline-none placeholder:text-[#8a8886]"%0D%0A+                 />%0D%0A+               </label>%0D%0A+               {traceSearchQuery && (%0D%0A+                 <button%0D%0A+                   type="button"%0D%0A+                   onClick={() => setTraceSearchQuery('')}%0D%0A+                   className="h-9 rounded border border-[#c8c6c4] px-3 text-[12px] font-medium text-[#323130] hover:bg-black/[.03]"%0D%0A+                 >%0D%0A+                   Clear trace%0D%0A+                 </button>%0D%0A+               )}%0D%0A+             </div>%0D%0A+ %0D%0A+             {/* Traced impact results list */}%0D%0A+             {traceSearchQuery.trim() ? (%0D%0A+               <div className="space-y-2 pt-1">%0D%0A+                 <h4 className="text-[11px] uppercase tracking-wide text-[#8a8886]">%0D%0A+                   Impact mapping for "{traceSearchQuery}" ({tracedImpact.length} pipelines found)%0D%0A+                 </h4>%0D%0A+ %0D%0A+                 {tracedImpact.length === 0 ? (%0D%0A+                   <div className="rounded-md border border-[#e1dfdd] bg-[#faf9f8] p-4 text-center text-[12px] text-[#605e5c]">%0D%0A+                     No active software passports or dependency chains are running components matching "{traceSearchQuery}".%0D%0A+                   </div>%0D%0A+                 ) : (%0D%0A+                   <div className="space-y-2.5">%0D%0A+                     {tracedImpact.map((item, idx) => (%0D%0A+                       <div%0D%0A+                         key={idx}%0D%0A+                         className="space-y-2 rounded-md border border-[#e1dfdd] bg-[#faf9f8] p-3"%0D%0A+                       >%0D%0A+                         <div className="flex items-start justify-between gap-3">%0D%0A+                           <div className="min-w-0">%0D%0A+                             <span className="inline-block rounded bg-[#eff6fc] px-1.5 py-0.5 text-[11px] font-medium text-[#0f6cbd]">%0D%0A+                               Dependency node found%0D%0A+                             </span>%0D%0A+                             <h5 className="mt-1 text-[13px] font-medium text-[#201f1e]">%0D%0A+                               {item.component.name} <span className="font-normal text-[#8a8886]">v{item.component.version}</span>%0D%0A+                             </h5>%0D%0A+                             <p className="mt-0.5 text-[11px] text-[#8a8886]">Purl: {item.component.purl}</p>%0D%0A+                           </div>%0D%0A+ %0D%0A+                           <div className="shrink-0 text-right">%0D%0A+                             <span className="block text-[11px] text-[#8a8886]">Contained in</span>%0D%0A+                             <span className="mt-0.5 block text-[13px] font-medium text-[#323130]">{item.passport.name}</span>%0D%0A+                           </div>%0D%0A+                         </div>%0D%0A+ %0D%0A+                         {/* Blast list of host targets */}%0D%0A+                         <div className="space-y-1.5 border-t border-[#e1dfdd] pt-2">%0D%0A+                           <p className="flex items-center gap-1 text-[11px] font-medium text-[#605e5c]">%0D%0A+                             <Server className="h-3 w-3 text-[#0f6cbd]" />%0D%0A+                             <span>Vulnerable deployment blast target hosts ({item.hosts.length})</span>%0D%0A+                           </p>%0D%0A+ %0D%0A+                           {item.hosts.length === 0 ? (%0D%0A+                             <p className="rounded border border-[#e1dfdd] bg-white p-2.5 text-[11px] italic text-[#8a8886]">%0D%0A+                               Component is listed in the SBOM but currently has zero active deployment hosts. Threat exposure is minimal.%0D%0A+                             </p>%0D%0A+                           ) : (%0D%0A+                             <div className="grid grid-cols-1 gap-1.5 md:grid-cols-2">%0D%0A+                               {item.hosts.map((host) => (%0D%0A+                                 <div%0D%0A+                                   key={host.id}%0D%0A+                                   className="flex items-center justify-between rounded border border-[#e1dfdd] bg-white p-2 text-[11px]"%0D%0A+                                 >%0D%0A+                                   <div className="min-w-0">%0D%0A+                                     <p className="max-w-[140px] truncate font-medium text-[#323130]">{host.hostName}</p>%0D%0A+                                     <p className="mt-0.5 text-[#8a8886]">{host.clientName} · {host.environment}</p>%0D%0A+                                   </div>%0D%0A+                                   <span className={`inline-flex shrink-0 items-center gap-1 font-medium ${%0D%0A+                                     host.health === 'Compliant' ? 'text-[#0e700e]' : 'text-[#a4262c]'%0D%0A+                                   }`}>%0D%0A+                                     <span className={`h-1.5 w-1.5 rounded-full ${host.health === 'Compliant' ? 'bg-[#0e700e]' : 'bg-[#a4262c]'}`} />%0D%0A+                                     {host.health}%0D%0A+                                   </span>%0D%0A+                                 </div>%0D%0A+                               ))}%0D%0A+                             </div>%0D%0A+                           )}%0D%0A+                         </div>%0D%0A+                       </div>%0D%0A+                     ))}%0D%0A+                   </div>%0D%0A+                 )}%0D%0A+               </div>%0D%0A+             ) : (%0D%0A+               <div className="flex items-start gap-2 rounded-md border border-dashed border-[#e1dfdd] bg-[#faf9f8] p-3 text-[12px] text-[#605e5c]">%0D%0A+                 <Info className="h-3.5 w-3.5 shrink-0 text-[#8a8886]" />%0D%0A+                 <p className="leading-snug">%0D%0A+                   Trace utilities query transitively mapped software bill-of-materials elements recursively. For example, search <code className="rounded bg-[#f3f2f1] px-1 py-0.5 font-mono font-medium text-[#0f6cbd]">openssl</code> to identify its downstream footprint or <code className="rounded bg-[#f3f2f1] px-1 py-0.5 font-mono font-medium text-[#0f6cbd]">postgres</code> to check running nodes.%0D%0A+                 </p>%0D%0A+               </div>%0D%0A+             )}%0D%0A+           </div>%0D%0A+ %0D%0A+         </div>%0D%0A+ %0D%0A+       </div>%0D%0A+ %0D%0A+       {/* DETAILED INTERACTIVE EXPLANATION MODAL (Why Does This Exist? / Digital Storyteller) */}%0D%0A+       <AnimatePresence>%0D%0A+         {isExplanationOpen && activePassport && (%0D%0A+           <div className="fixed inset-0 z-50 flex items-center justify-center p-4">%0D%0A+             {/* Backdrop overlay */}%0D%0A+             <motion.div%0D%0A+               initial={{ opacity: 0 }}%0D%0A+               animate={{ opacity: 0.4 }}%0D%0A+               exit={{ opacity: 0 }}%0D%0A+               onClick={() => setIsExplanationOpen(false)}%0D%0A+               className="absolute inset-0 bg-black"%0D%0A+             />%0D%0A+ %0D%0A+             {/* Explainer Modal container */}%0D%0A+             <motion.div%0D%0A+               initial={{ scale: 0.98, y: 10, opacity: 0 }}%0D%0A+               animate={{ scale: 1, y: 0, opacity: 1 }}%0D%0A+               exit={{ scale: 0.98, y: 10, opacity: 0 }}%0D%0A+               className="relative z-10 w-full max-w-lg rounded-md border border-[#e1dfdd] bg-white p-5 text-left"%0D%0A+             >%0D%0A+               <div className="mb-3 flex items-start justify-between">%0D%0A+                 <div>%0D%0A+                   <span className="block text-[11px] uppercase tracking-wide text-[#8a8886]">%0D%0A+                     Why it exists%0D%0A+                   </span>%0D%0A+                   <h3 className="mt-0.5 flex items-center gap-1.5 text-[15px] font-semibold text-[#201f1e]">%0D%0A+                     <Sparkles className="h-4 w-4 text-[#0f6cbd]" />%0D%0A+                     <span>Explain {activePassport.name}</span>%0D%0A+                   </h3>%0D%0A+                 </div>%0D%0A+                 <button%0D%0A+                   onClick={() => setIsExplanationOpen(false)}%0D%0A+                   className="rounded p-1 text-[#8a8886] hover:bg-black/[.03] hover:text-[#605e5c]"%0D%0A+                 >%0D%0A+                   <X className="h-4 w-4" />%0D%0A+                 </button>%0D%0A+               </div>%0D%0A+ %0D%0A+               {/* Explainer Body */}%0D%0A+               <div className="space-y-3">%0D%0A+                 {/* Structured Software Card Details */}%0D%0A+                 <div className="space-y-3 rounded-md border border-[#e1dfdd] bg-[#faf9f8] p-3">%0D%0A+                   <div>%0D%0A+                     <span className="mb-0.5 block text-[11px] uppercase text-[#8a8886]">What it does</span>%0D%0A+                     <p className="text-[13px] leading-relaxed text-[#323130]">%0D%0A+                       {activeMnemonic.whatItDoes}%0D%0A+                     </p>%0D%0A+                   </div>%0D%0A+ %0D%0A+                   <div className="grid grid-cols-2 gap-3">%0D%0A+                     <div>%0D%0A+                       <span className="mb-0.5 block text-[11px] uppercase text-[#8a8886]">Who uses it</span>%0D%0A+                       <span className="text-[13px] font-medium text-[#323130]">%0D%0A+                         {activeMnemonic.whoUsesit}%0D%0A+                       </span>%0D%0A+                     </div>%0D%0A+                     <div>%0D%0A+                       <span className="mb-0.5 block text-[11px] uppercase text-[#8a8886]">Business importance</span>%0D%0A+                       <span className="text-[13px] font-medium text-[#0f6cbd]">%0D%0A+                         {activeMnemonic.businessImportance}%0D%0A+                       </span>%0D%0A+                     </div>%0D%0A+                   </div>%0D%0A+ %0D%0A+                   <div className="border-t border-[#e1dfdd] pt-2">%0D%0A+                     <span className="mb-0.5 block text-[11px] uppercase text-[#8a8886]">Connected systems</span>%0D%0A+                     <p className="text-[13px] text-[#605e5c]">%0D%0A+                       {activeMnemonic.connections}%0D%0A+                     </p>%0D%0A+                   </div>%0D%0A+                 </div>%0D%0A+ %0D%0A+                 {/* The Magic Narrative */}%0D%0A+                 <div className="space-y-1.5">%0D%0A+                   <span className="block text-[11px] font-semibold uppercase tracking-wide text-[#0f6cbd]">%0D%0A+                     Advisor narrative%0D%0A+                   </span>%0D%0A+                   <div className="rounded-md border border-[#e1dfdd] bg-[#eff6fc] p-3 text-[13px] leading-relaxed text-[#201f1e]">%0D%0A+                     "{activeMnemonic.explanation}"%0D%0A+                   </div>%0D%0A+                 </div>%0D%0A+ %0D%0A+                 {/* Recommendation */}%0D%0A+                 <div className="flex items-center justify-between border-t border-[#f3f2f1] pt-3 text-[13px]">%0D%0A+                   <span className="text-[#8a8886]">Recommendation:</span>%0D%0A+                   <span className="inline-flex items-center gap-1.5 rounded bg-[#dff6dd] px-2.5 py-0.5 text-[12px] font-medium text-[#0e700e]">%0D%0A+                     Keep — important business system%0D%0A+                   </span>%0D%0A+                 </div>%0D%0A+               </div>%0D%0A+ %0D%0A+               {/* Close footer button */}%0D%0A+               <div className="mt-4 border-t border-[#f3f2f1] pt-3 text-right">%0D%0A+                 <button%0D%0A+                   type="button"%0D%0A+                   onClick={() => setIsExplanationOpen(false)}%0D%0A+                   className="h-8 rounded bg-[#0f6cbd] px-3 text-[13px] font-medium text-white hover:bg-[#004578]"%0D%0A+                 >%0D%0A+                   Got it, close%0D%0A+                 </button>%0D%0A+               </div>%0D%0A+             </motion.div>%0D%0A+           </div>%0D%0A+         )}%0D%0A+       </AnimatePresence>%0D%0A+ %0D%0A+     </div>%0D%0A+   );%0D%0A+ }%0D%0A+ %0D%0A+ // Simple absolute close SVG fallback%0D%0A+ function X(props: React.SVGProps<SVGSVGElement>) {%0D%0A+   return (%0D%0A+     <svg%0D%0A+       xmlns="http://www.w3.org/2000/svg"%0D%0A+       fill="none"%0D%0A+       viewBox="0 0 24 24"%0D%0A+       strokeWidth="2.5"%0D%0A+       stroke="currentColor"%0D%0A+       {...props}%0D%0A+     >%0D%0A+       <path strokeLinecap="round" strokeLinejoin="round" d="M6 18L18 6M6 6l12 12" />%0D%0A+     </svg>%0D%0A+   );%0D%0A+ }%0D%0A+%0A%0A ❯ tests/slsa-provenance-route-and-ui-contract.test.ts:94:15%0A%0A

::error file=/home/runner/work/software-passport-registry/software-passport-registry/tests/slsa-provenance-route-and-ui-contract.test.ts,title=tests/slsa-provenance-route-and-ui-contract.test.ts > SoftwareLineageTracker no longer fabricates provenance data > submits to the real%2C independently-verifying API route rather than setting local state directly,line=100,column=15::AssertionError: expected '/**\r\n * @license\r\n * SPDX-License…' to contain '/api/passports/${activePassport.id}/e…'%0A%0A- Expected%0A+ Received%0A%0A- /api/passports/${activePassport.id}/evidence/slsa-provenance%0A+ /**%0D%0A+  * @license%0D%0A+  * SPDX-License-Identifier: Apache-2.0%0D%0A+  */%0D%0A+ %0D%0A+ import React, { useState, useMemo } from 'react';%0D%0A+ import { motion, AnimatePresence } from 'motion/react';%0D%0A+ import {%0D%0A+   GitFork,%0D%0A+   Layers,%0D%0A+   Server,%0D%0A+   Search,%0D%0A+   FileSignature,%0D%0A+   Building2,%0D%0A+   ExternalLink,%0D%0A+   HelpCircle,%0D%0A+   ChevronRight,%0D%0A+   Zap,%0D%0A+   Info,%0D%0A+   Sparkles%0D%0A+ } from 'lucide-react';%0D%0A+ import { SoftwarePassport, Client } from '../types';%0D%0A+ %0D%0A+ interface SoftwareLineageTrackerProps {%0D%0A+   passports: SoftwarePassport[];%0D%0A+   clients: Client[];%0D%0A+   assets: any[];%0D%0A+ }%0D%0A+ %0D%0A+ export default function SoftwareLineageTracker({ passports, clients, assets }: SoftwareLineageTrackerProps) {%0D%0A+   const [selectedPassportId, setSelectedPassportId] = useState<string>(passports[0]?.id || '');%0D%0A+   const [dependencySearchQuery, setDependencySearchQuery] = useState<string>('');%0D%0A+   const [traceSearchQuery, setTraceSearchQuery] = useState<string>('');%0D%0A+   const [isExplanationOpen, setIsExplanationOpen] = useState(false);%0D%0A+ %0D%0A+   // 1. Get currently selected passport%0D%0A+   const activePassport = useMemo(() => {%0D%0A+     return passports.find(p => p.id === selectedPassportId) || passports[0];%0D%0A+   }, [passports, selectedPassportId]);%0D%0A+ %0D%0A+   // 2. Map downstream assets for the selected passport%0D%0A+   const deployedAssets = useMemo(() => {%0D%0A+     if (!activePassport) return [];%0D%0A+     return assets.filter(a => {%0D%0A+       const pName = activePassport.name.toLowerCase();%0D%0A+       const aPassport = (a.activePassport || '').toLowerCase();%0D%0A+       return (%0D%0A+         aPassport === pName ||%0D%0A+         aPassport.includes(pName) ||%0D%0A+         pName.includes(aPassport) ||%0D%0A+         (a.activePassport === `Custom/Generic: ${activePassport.name}`)%0D%0A+       );%0D%0A+     });%0D%0A+   }, [assets, activePassport]);%0D%0A+ %0D%0A+   // Illustrative upstream topology. It is labeled in the UI and is not provenance evidence.%0D%0A+   const provenanceDetails = useMemo(() => {%0D%0A+     if (!activePassport) return null;%0D%0A+     const cleanName = activePassport.name.toLowerCase().replace(/\s+/g, '-');%0D%0A+     return {%0D%0A+       repoUrl: `https://github.com/enterprise-registry/${cleanName}`,%0D%0A+       branch: 'main',%0D%0A+       commitHash: 'f4b3c2a1d0e9f8a7b6c5d4e3f2a1b0c9d8e7f6a5',%0D%0A+       ciProvider: 'GitHub Actions Cloud Build',%0D%0A+       buildId: `run-98421-prod-${cleanName}`,%0D%0A+       slsaLevel: 'SLSA Level 4 Compliant',%0D%0A+       compiler: 'GCC 12.2 / Node compiler (v18.16.0)',%0D%0A+       signingAuthority: 'Cosign Sigstore Root CA',%0D%0A+       signatureAlgorithm: 'ECDSA-P256-SHA256'%0D%0A+     };%0D%0A+   }, [activePassport]);%0D%0A+ %0D%0A+   // 3. Compute overall inventory dependency stats for summary badges%0D%0A+   const totalUniqueDependencies = useMemo(() => {%0D%0A+     const depsSet = new Set<string>();%0D%0A+     passports.forEach(p => {%0D%0A+       p.sbom.forEach(s => depsSet.add(s.name));%0D%0A+     });%0D%0A+     return depsSet.size;%0D%0A+   }, [passports]);%0D%0A+ %0D%0A+   // 4. "Blast Radius Impact Tracer": Find any sub-component across all pipelines%0D%0A+   const tracedImpact = useMemo(() => {%0D%0A+     if (!traceSearchQuery.trim()) return [];%0D%0A+ %0D%0A+     const query = traceSearchQuery.toLowerCase();%0D%0A+     const results: {%0D%0A+       passport: SoftwarePassport;%0D%0A+       component: any;%0D%0A+       hosts: any[];%0D%0A+     }[] = [];%0D%0A+ %0D%0A+     passports.forEach(p => {%0D%0A+       const foundComp = p.sbom.find(s => s.name.toLowerCase().includes(query) || s.purl.toLowerCase().includes(query));%0D%0A+       if (foundComp) {%0D%0A+         // Find hosting assets running this parent software%0D%0A+         const hosts = assets.filter(a => {%0D%0A+           const pName = p.name.toLowerCase();%0D%0A+           const aPassport = (a.activePassport || '').toLowerCase();%0D%0A+           return (%0D%0A+             aPassport === pName ||%0D%0A+             aPassport.includes(pName) ||%0D%0A+             pName.includes(aPassport) ||%0D%0A+             (a.activePassport === `Custom/Generic: ${p.name}`)%0D%0A+           );%0D%0A+         });%0D%0A+ %0D%0A+         results.push({%0D%0A+           passport: p,%0D%0A+           component: foundComp,%0D%0A+           hosts: hosts%0D%0A+         });%0D%0A+       }%0D%0A+     });%0D%0A+ %0D%0A+     return results;%0D%0A+   }, [passports, assets, traceSearchQuery]);%0D%0A+ %0D%0A+   // Filtered SBOM packages for active passport%0D%0A+   const filteredSbom = useMemo(() => {%0D%0A+     if (!activePassport) return [];%0D%0A+     if (!dependencySearchQuery.trim()) return activePassport.sbom;%0D%0A+     return activePassport.sbom.filter(s =>%0D%0A+       s.name.toLowerCase().includes(dependencySearchQuery.toLowerCase()) ||%0D%0A+       s.license.toLowerCase().includes(dependencySearchQuery.toLowerCase())%0D%0A+     );%0D%0A+   }, [activePassport, dependencySearchQuery]);%0D%0A+ %0D%0A+   // Dynamic digital map description generator for storytelling%0D%0A+   const getDigitalMnemonic = (name: string) => {%0D%0A+     const nameLower = name.toLowerCase();%0D%0A+     if (nameLower.includes('salesforce')) {%0D%0A+       return {%0D%0A+         whatItDoes: 'Manages customer interactions, deals pipelines, and account records.',%0D%0A+         whoUsesit: '35 employees in sales & service',%0D%0A+         businessImportance: 'Critical operations node',%0D%0A+         connections: 'Slack alerts, payment logs, secure backup instances',%0D%0A+         explanation: 'This software manages customer pipelines and sales communications. Removing or disabling it would freeze lead intake, affecting 40%25 of daily transactions and disconnecting client interactions.'%0D%0A+       };%0D%0A+     }%0D%0A+     if (nameLower.includes('slack')) {%0D%0A+       return {%0D%0A+         whatItDoes: 'Primary communication hub, notifications router, and collaboration channel.',%0D%0A+         whoUsesit: 'All staff / 120 active employees',%0D%0A+         businessImportance: 'High (Ops critical)',%0D%0A+         connections: 'Salesforce CRM, OpenAI API, AWS status logs',%0D%0A+         explanation: 'This is the communication spine of your company. It routes direct messages and security notifications instantly. It integrates automated bots to manage system outages and triggers real-time responses.'%0D%0A+       };%0D%0A+     }%0D%0A+     if (nameLower.includes('stripe')) {%0D%0A+       return {%0D%0A+         whatItDoes: 'Handles invoice charging, checkout systems, and financial gateway flows.',%0D%0A+         whoUsesit: 'Billing admins & payment triggers',%0D%0A+         businessImportance: 'Immediate revenue impact',%0D%0A+         connections: 'Corporate banking, QuickBooks, accounting DB',%0D%0A+         explanation: 'This handles all credit-card processing and active payment endpoints. Removing it instantly disables checkout, halting incoming streams and breaking invoicing operations.'%0D%0A+       };%0D%0A+     }%0D%0A+     // Default fallback%0D%0A+     return {%0D%0A+       whatItDoes: 'Provides central system infrastructure, service integrations, or package dependencies.',%0D%0A+       whoUsesit: 'Engineering & operations',%0D%0A+       businessImportance: 'High technical dependency',%0D%0A+       connections: 'Cloud security pipelines, active virtual instances',%0D%0A+       explanation: 'This node sits directly in the processing path. If detached, dependent backend routines would fail, triggering cascading connection errors across operational services.'%0D%0A+     };%0D%0A+   };%0D%0A+ %0D%0A+   const activeMnemonic = activePassport ? getDigitalMnemonic(activePassport.name) : getDigitalMnemonic('');%0D%0A+ %0D%0A+   return (%0D%0A+     <div className="space-y-4" id="software-lineage-ledger-panel">%0D%0A+       {/* Section header + summary strip */}%0D%0A+       <div className="flex flex-col gap-3 sm:flex-row sm:items-center sm:justify-between">%0D%0A+         <div>%0D%0A+           <h2 className="text-[15px] font-semibold text-[#201f1e]">Software lineage map</h2>%0D%0A+           <p className="mt-0.5 text-[13px] text-[#605e5c]">Trace a passport from source provenance through its SBOM to the servers running it.</p>%0D%0A+         </div>%0D%0A+ %0D%0A+         <div className="flex flex-wrap gap-6 rounded-md border border-[#e1dfdd] bg-white p-3">%0D%0A+           <div>%0D%0A+             <div className="text-[11px] text-[#605e5c]">Mapped systems</div>%0D%0A+             <div className="text-lg font-semibold text-[#201f1e]">{passports.length}</div>%0D%0A+           </div>%0D%0A+           <div>%0D%0A+             <div className="text-[11px] text-[#605e5c]">SBOM packages</div>%0D%0A+             <div className="text-lg font-semibold text-[#201f1e]">{totalUniqueDependencies}</div>%0D%0A+           </div>%0D%0A+         </div>%0D%0A+       </div>%0D%0A+ %0D%0A+       {/* Main Interactive Map Grid */}%0D%0A+       <div className="grid grid-cols-1 lg:grid-cols-4 gap-4">%0D%0A+ %0D%0A+         {/* Left Column: Software Passport Selector & Provenance Parameters */}%0D%0A+         <div className="lg:col-span-1 space-y-4">%0D%0A+           <div className="rounded-md border border-[#e1dfdd] bg-white p-3">%0D%0A+             <h3 className="text-[13px] font-semibold text-[#201f1e]">Select a system</h3>%0D%0A+             <p className="mt-0.5 text-[11px] text-[#8a8886]">Choose a passport to lock the tracker on it.</p>%0D%0A+ %0D%0A+             <div className="mt-3 space-y-1 max-h-[220px] overflow-y-auto pr-1">%0D%0A+               {passports.map(p => {%0D%0A+                 const isSelected = p.id === selectedPassportId;%0D%0A+                 return (%0D%0A+                   <button%0D%0A+                     key={p.id}%0D%0A+                     onClick={() => setSelectedPassportId(p.id)}%0D%0A+                     className={`flex w-full items-center justify-between rounded px-2.5 py-2 text-left text-[13px] border ${%0D%0A+                       isSelected%0D%0A+                         ? 'border-[#0f6cbd] bg-[#eff6fc] font-medium text-[#0f6cbd]'%0D%0A+                         : 'border-transparent text-[#323130] hover:bg-black/[.03]'%0D%0A+                     }`}%0D%0A+                   >%0D%0A+                     <div className="min-w-0">%0D%0A+                       <p className="truncate leading-tight">{p.name}</p>%0D%0A+                       <span className="mt-0.5 block text-[11px] text-[#8a8886]">v{p.version} · {p.publisher}</span>%0D%0A+                     </div>%0D%0A+                     <ChevronRight className={`ml-2 h-3.5 w-3.5 shrink-0 ${isSelected ? 'text-[#0f6cbd]' : 'text-[#c8c6c4]'}`} />%0D%0A+                   </button>%0D%0A+                 );%0D%0A+               })}%0D%0A+             </div>%0D%0A+           </div>%0D%0A+ %0D%0A+           {/* Active Passport General Info */}%0D%0A+           {activePassport && (%0D%0A+             <div className="space-y-3 rounded-md border border-[#e1dfdd] bg-white p-3">%0D%0A+               <div className="flex items-start justify-between border-b border-[#f3f2f1] pb-2">%0D%0A+                 <div>%0D%0A+                   <span className="block text-[11px] text-[#8a8886]">Selected</span>%0D%0A+                   <h4 className="mt-0.5 text-[13px] font-semibold leading-snug text-[#201f1e]">{activePassport.name}</h4>%0D%0A+                 </div>%0D%0A+                 <span className="shrink-0 rounded bg-[#f3f2f1] px-2 py-0.5 text-[11px] text-[#605e5c]">%0D%0A+                   {activePassport.category}%0D%0A+                 </span>%0D%0A+               </div>%0D%0A+ %0D%0A+               <div className="space-y-1.5 text-[12px]">%0D%0A+                 <div className="flex justify-between">%0D%0A+                   <span className="text-[#8a8886]">Release date</span>%0D%0A+                   <span className="font-medium text-[#323130]">{activePassport.releaseDate}</span>%0D%0A+                 </div>%0D%0A+                 <div className="flex justify-between">%0D%0A+                   <span className="text-[#8a8886]">License</span>%0D%0A+                   <span className="font-medium text-[#323130]">{activePassport.licenseType}</span>%0D%0A+                 </div>%0D%0A+                 <div className="flex justify-between">%0D%0A+                   <span className="text-[#8a8886]">Trust score</span>%0D%0A+                   <span className="font-semibold text-[#0e700e]">{activePassport.overallScore}/100</span>%0D%0A+                 </div>%0D%0A+                 <div className="flex flex-col gap-1 border-t border-[#f3f2f1] pt-2">%0D%0A+                   <span className="text-[11px] uppercase text-[#8a8886]">File hash</span>%0D%0A+                   <span className="select-all break-all rounded border border-[#e1dfdd] bg-[#faf9f8] p-1.5 font-mono text-[10px] leading-tight text-[#605e5c]">%0D%0A+                     {activePassport.fileHash}%0D%0A+                   </span>%0D%0A+                 </div>%0D%0A+               </div>%0D%0A+ %0D%0A+               {/* "Why does this exist" preview quick panel */}%0D%0A+               <button%0D%0A+                 onClick={() => setIsExplanationOpen(true)}%0D%0A+                 className="flex h-8 w-full items-center justify-center gap-1.5 rounded border border-[#c8c6c4] text-[12px] font-medium text-[#323130] hover:bg-black/[.03]"%0D%0A+               >%0D%0A+                 <HelpCircle className="h-3.5 w-3.5 text-[#0f6cbd]" />%0D%0A+                 <span>Explain this system</span>%0D%0A+               </button>%0D%0A+             </div>%0D%0A+           )}%0D%0A+         </div>%0D%0A+ %0D%0A+         {/* Right 3 Columns: Visual Lineage Flow Map */}%0D%0A+         <div className="lg:col-span-3 space-y-4">%0D%0A+ %0D%0A+           {/* Unified 3-tier mapping visualizer */}%0D%0A+           <div className="space-y-4 rounded-md border border-[#e1dfdd] bg-white p-4">%0D%0A+             <div className="flex flex-col gap-2 sm:flex-row sm:items-center sm:justify-between">%0D%0A+               <div>%0D%0A+                 <h3 className="text-[13px] font-semibold text-[#201f1e]">Active lineage pathway</h3>%0D%0A+                 <p className="text-[11px] text-[#8a8886]">Traced from build variables down to active servers</p>%0D%0A+               </div>%0D%0A+ %0D%0A+               <span className="inline-flex items-center gap-1.5 text-[11px] text-[#605e5c]">%0D%0A+                 <span className="h-1.5 w-1.5 rounded-full bg-[#0f6cbd]" />%0D%0A+                 Live feed state%0D%0A+               </span>%0D%0A+             </div>%0D%0A+ %0D%0A+             {/* Visual grid connecting columns */}%0D%0A+             <div className="grid grid-cols-1 gap-4 md:grid-cols-3">%0D%0A+ %0D%0A+               {/* TIER 1: Upstream Provenance Origin */}%0D%0A+               <div className="flex flex-col gap-3 rounded-md border border-[#e1dfdd] bg-[#faf9f8] p-3">%0D%0A+                 <div className="flex items-center gap-1.5 border-b border-[#e1dfdd] pb-2 text-[13px] font-semibold text-[#201f1e]">%0D%0A+                   <GitFork className="h-3.5 w-3.5 text-[#0f6cbd]" />%0D%0A+                   <span>1. Code provenance</span>%0D%0A+                 </div>%0D%0A+ %0D%0A+                 {provenanceDetails && (%0D%0A+                   <div className="space-y-2">%0D%0A+                     <div className="space-y-1 rounded border border-[#e1dfdd] bg-white p-2 text-[12px]">%0D%0A+                       <p className="text-[11px] text-[#8a8886]">Source repository</p>%0D%0A+                       <a%0D%0A+                         href={provenanceDetails.repoUrl}%0D%0A+                         target="_blank"%0D%0A+                         rel="noreferrer"%0D%0A+                         className="flex max-w-[190px] items-center gap-1 truncate font-medium text-[#0f6cbd] hover:underline"%0D%0A+                       >%0D%0A+                         <span className="truncate">{provenanceDetails.repoUrl.replace('https://', '')}</span>%0D%0A+                         <ExternalLink className="h-3 w-3 shrink-0" />%0D%0A+                       </a>%0D%0A+                       <p className="text-[11px] text-[#8a8886]">Branch: <span className="font-medium text-[#323130]">{provenanceDetails.branch}</span></p>%0D%0A+                     </div>%0D%0A+ %0D%0A+                     <div className="space-y-1 rounded border border-[#e1dfdd] bg-white p-2 text-[12px]">%0D%0A+                       <p className="text-[11px] text-[#8a8886]">CI/CD pipeline</p>%0D%0A+                       <p className="font-medium text-[#323130]">{provenanceDetails.ciProvider}</p>%0D%0A+                       <p className="truncate text-[11px] text-[#8a8886]" title={provenanceDetails.buildId}>ID: {provenanceDetails.buildId}</p>%0D%0A+                     </div>%0D%0A+ %0D%0A+                     <div className="space-y-1 rounded border border-[#e1dfdd] bg-[#eff6fc] p-2 text-[12px]">%0D%0A+                       <p className="text-[11px] text-[#0f6cbd]">Cryptographic proof</p>%0D%0A+                       <div className="flex items-center gap-1 font-medium text-[#0f6cbd]">%0D%0A+                         <FileSignature className="h-3.5 w-3.5 shrink-0" />%0D%0A+                         <span>SLSA Level 4 verified</span>%0D%0A+                       </div>%0D%0A+                       <p className="text-[11px] leading-tight text-[#0f6cbd]/80">Authority: {provenanceDetails.signingAuthority}</p>%0D%0A+                     </div>%0D%0A+                   </div>%0D%0A+                 )}%0D%0A+               </div>%0D%0A+ %0D%0A+               {/* TIER 2: Central SBOM Component Lineage */}%0D%0A+               <div className="flex flex-col gap-3 rounded-md border border-[#e1dfdd] bg-[#faf9f8] p-3">%0D%0A+                 <div className="flex items-center gap-1.5 border-b border-[#e1dfdd] pb-2 text-[13px] font-semibold text-[#201f1e]">%0D%0A+                   <Layers className="h-3.5 w-3.5 text-[#0f6cbd]" />%0D%0A+                   <span>2. Core packages (SBOM)</span>%0D%0A+                 </div>%0D%0A+ %0D%0A+                 <label className="flex h-8 items-center gap-1.5 rounded border border-[#c8c6c4] bg-white px-2 focus-within:border-[#0f6cbd] focus-within:ring-1 focus-within:ring-[#0f6cbd]">%0D%0A+                   <Search className="h-3.5 w-3.5 text-[#8a8886]" />%0D%0A+                   <input%0D%0A+                     type="text"%0D%0A+                     placeholder="Filter dependencies..."%0D%0A+                     value={dependencySearchQuery}%0D%0A+                     onChange={(e) => setDependencySearchQuery(e.target.value)}%0D%0A+                     className="w-full bg-transparent text-[12px] text-[#323130] outline-none placeholder:text-[#8a8886]"%0D%0A+                   />%0D%0A+                 </label>%0D%0A+ %0D%0A+                 <div className="flex-1 space-y-1.5 max-h-[260px] overflow-y-auto pr-1">%0D%0A+                   {filteredSbom.length === 0 ? (%0D%0A+                     <div className="py-8 text-center text-[11px] text-[#8a8886]">%0D%0A+                       No components found matching search.%0D%0A+                     </div>%0D%0A+                   ) : (%0D%0A+                     filteredSbom.map((comp, idx) => (%0D%0A+                       <div%0D%0A+                         key={idx}%0D%0A+                         className="flex items-center justify-between rounded border border-[#e1dfdd] bg-white px-2 py-1.5 text-[12px] hover:border-[#c8c6c4]"%0D%0A+                       >%0D%0A+                         <div className="min-w-0">%0D%0A+                           <p className="truncate font-medium text-[#323130]" title={comp.name}>{comp.name}</p>%0D%0A+                           <div className="mt-0.5 flex items-center gap-1.5 text-[11px] text-[#8a8886]">%0D%0A+                             <span>v{comp.version}</span>%0D%0A+                             <span className="rounded bg-[#f3f2f1] px-1 uppercase">%0D%0A+                               {comp.dependencyType}%0D%0A+                             </span>%0D%0A+                           </div>%0D%0A+                         </div>%0D%0A+ %0D%0A+                         <span className={`ml-1.5 inline-flex shrink-0 items-center gap-1 text-[11px] font-medium ${%0D%0A+                           comp.trustLevel === 'Trusted' ? 'text-[#0e700e]' :%0D%0A+                           comp.trustLevel === 'Review Required' ? 'text-[#8a5700]' :%0D%0A+                           'text-[#a4262c]'%0D%0A+                         }`}>%0D%0A+                           <span className={`h-1.5 w-1.5 rounded-full ${%0D%0A+                             comp.trustLevel === 'Trusted' ? 'bg-[#0e700e]' :%0D%0A+                             comp.trustLevel === 'Review Required' ? 'bg-[#8a5700]' :%0D%0A+                             'bg-[#a4262c]'%0D%0A+                           }`} />%0D%0A+                           {comp.trustLevel === 'Trusted' ? 'OK' : 'Audit'}%0D%0A+                         </span>%0D%0A+                       </div>%0D%0A+                     ))%0D%0A+                   )}%0D%0A+                 </div>%0D%0A+               </div>%0D%0A+ %0D%0A+               {/* TIER 3: Downstream Active Deployments */}%0D%0A+               <div className="flex flex-col gap-3 rounded-md border border-[#e1dfdd] bg-[#faf9f8] p-3">%0D%0A+                 <div className="flex items-center gap-1.5 border-b border-[#e1dfdd] pb-2 text-[13px] font-semibold text-[#201f1e]">%0D%0A+                   <Server className="h-3.5 w-3.5 text-[#0f6cbd]" />%0D%0A+                   <span>3. Downstream runtimes</span>%0D%0A+                 </div>%0D%0A+ %0D%0A+                 <div className="flex-1 space-y-2 max-h-[300px] overflow-y-auto pr-1">%0D%0A+                   {deployedAssets.length === 0 ? (%0D%0A+                     <div className="space-y-1.5 py-8 text-center">%0D%0A+                       <HelpCircle className="mx-auto h-5 w-5 text-[#c8c6c4]" />%0D%0A+                       <p className="text-[12px] font-medium text-[#605e5c]">No active hosting hosts</p>%0D%0A+                       <p className="px-2 text-[11px] leading-normal text-[#8a8886]">%0D%0A+                         This passport is registered but has no current asset mappings running on servers or pods.%0D%0A+                       </p>%0D%0A+                     </div>%0D%0A+                   ) : (%0D%0A+                     deployedAssets.map((asset) => (%0D%0A+                       <div%0D%0A+                         key={asset.id}%0D%0A+                         className="space-y-1.5 rounded border border-[#e1dfdd] bg-white p-2 text-[12px]"%0D%0A+                       >%0D%0A+                         <div className="flex items-start justify-between">%0D%0A+                           <div>%0D%0A+                             <h5 className="max-w-[130px] truncate font-medium text-[#201f1e]" title={asset.hostName}>%0D%0A+                               {asset.hostName}%0D%0A+                             </h5>%0D%0A+                             <p className="text-[11px] text-[#8a8886]">{asset.type} · {asset.OS}</p>%0D%0A+                           </div>%0D%0A+                           <span className={`inline-flex items-center gap-1 text-[11px] font-medium ${%0D%0A+                             asset.health === 'Compliant' ? 'text-[#0e700e]' : 'text-[#a4262c]'%0D%0A+                           }`}>%0D%0A+                             <span className={`h-1.5 w-1.5 rounded-full ${asset.health === 'Compliant' ? 'bg-[#0e700e]' : 'bg-[#a4262c]'}`} />%0D%0A+                             {asset.health}%0D%0A+                           </span>%0D%0A+                         </div>%0D%0A+ %0D%0A+                         <div className="flex items-center gap-1.5 border-t border-[#f3f2f1] pt-1.5 text-[11px] text-[#605e5c]">%0D%0A+                           <Building2 className="h-3.5 w-3.5 shrink-0 text-[#8a8886]" />%0D%0A+                           <span className="truncate font-medium">{asset.clientName}</span>%0D%0A+                         </div>%0D%0A+                       </div>%0D%0A+                     ))%0D%0A+                   )}%0D%0A+                 </div>%0D%0A+               </div>%0D%0A+ %0D%0A+             </div>%0D%0A+           </div>%0D%0A+ %0D%0A+           {/* VULNERABILITY BLAST RADIUS TRACER utility */}%0D%0A+           <div className="space-y-3 rounded-md border border-[#e1dfdd] bg-white p-4">%0D%0A+             <div className="border-b border-[#f3f2f1] pb-3">%0D%0A+               <h3 className="flex items-center gap-1.5 text-[13px] font-semibold text-[#201f1e]">%0D%0A+                 <Zap className="h-3.5 w-3.5 text-[#8a5700]" />%0D%0A+                 <span>Transitive vulnerability blast radius tracer</span>%0D%0A+               </h3>%0D%0A+               <p className="mt-0.5 text-[11px] text-[#8a8886]">%0D%0A+                 Input a sub-dependency name (e.g. "log4j", "openssl", "redis") to trace all host servers dependent on it.%0D%0A+               </p>%0D%0A+             </div>%0D%0A+ %0D%0A+             <div className="flex gap-2">%0D%0A+               <label className="flex h-9 flex-1 items-center gap-2 rounded border border-[#c8c6c4] bg-white px-3 focus-within:border-[#0f6cbd] focus-within:ring-1 focus-within:ring-[#0f6cbd]">%0D%0A+                 <Search className="h-3.5 w-3.5 text-[#8a8886]" />%0D%0A+                 <input%0D%0A+                   type="text"%0D%0A+                   placeholder="Type package name to scan impact (e.g. openssl, redis)..."%0D%0A+                   value={traceSearchQuery}%0D%0A+                   onChange={(e) => setTraceSearchQuery(e.target.value)}%0D%0A+                   className="w-full bg-transparent text-[13px] text-[#323130] outline-none placeholder:text-[#8a8886]"%0D%0A+                 />%0D%0A+               </label>%0D%0A+               {traceSearchQuery && (%0D%0A+                 <button%0D%0A+                   type="button"%0D%0A+                   onClick={() => setTraceSearchQuery('')}%0D%0A+                   className="h-9 rounded border border-[#c8c6c4] px-3 text-[12px] font-medium text-[#323130] hover:bg-black/[.03]"%0D%0A+                 >%0D%0A+                   Clear trace%0D%0A+                 </button>%0D%0A+               )}%0D%0A+             </div>%0D%0A+ %0D%0A+             {/* Traced impact results list */}%0D%0A+             {traceSearchQuery.trim() ? (%0D%0A+               <div className="space-y-2 pt-1">%0D%0A+                 <h4 className="text-[11px] uppercase tracking-wide text-[#8a8886]">%0D%0A+                   Impact mapping for "{traceSearchQuery}" ({tracedImpact.length} pipelines found)%0D%0A+                 </h4>%0D%0A+ %0D%0A+                 {tracedImpact.length === 0 ? (%0D%0A+                   <div className="rounded-md border border-[#e1dfdd] bg-[#faf9f8] p-4 text-center text-[12px] text-[#605e5c]">%0D%0A+                     No active software passports or dependency chains are running components matching "{traceSearchQuery}".%0D%0A+                   </div>%0D%0A+                 ) : (%0D%0A+                   <div className="space-y-2.5">%0D%0A+                     {tracedImpact.map((item, idx) => (%0D%0A+                       <div%0D%0A+                         key={idx}%0D%0A+                         className="space-y-2 rounded-md border border-[#e1dfdd] bg-[#faf9f8] p-3"%0D%0A+                       >%0D%0A+                         <div className="flex items-start justify-between gap-3">%0D%0A+                           <div className="min-w-0">%0D%0A+                             <span className="inline-block rounded bg-[#eff6fc] px-1.5 py-0.5 text-[11px] font-medium text-[#0f6cbd]">%0D%0A+                               Dependency node found%0D%0A+                             </span>%0D%0A+                             <h5 className="mt-1 text-[13px] font-medium text-[#201f1e]">%0D%0A+                               {item.component.name} <span className="font-normal text-[#8a8886]">v{item.component.version}</span>%0D%0A+                             </h5>%0D%0A+                             <p className="mt-0.5 text-[11px] text-[#8a8886]">Purl: {item.component.purl}</p>%0D%0A+                           </div>%0D%0A+ %0D%0A+                           <div className="shrink-0 text-right">%0D%0A+                             <span className="block text-[11px] text-[#8a8886]">Contained in</span>%0D%0A+                             <span className="mt-0.5 block text-[13px] font-medium text-[#323130]">{item.passport.name}</span>%0D%0A+                           </div>%0D%0A+                         </div>%0D%0A+ %0D%0A+                         {/* Blast list of host targets */}%0D%0A+                         <div className="space-y-1.5 border-t border-[#e1dfdd] pt-2">%0D%0A+                           <p className="flex items-center gap-1 text-[11px] font-medium text-[#605e5c]">%0D%0A+                             <Server className="h-3 w-3 text-[#0f6cbd]" />%0D%0A+                             <span>Vulnerable deployment blast target hosts ({item.hosts.length})</span>%0D%0A+                           </p>%0D%0A+ %0D%0A+                           {item.hosts.length === 0 ? (%0D%0A+                             <p className="rounded border border-[#e1dfdd] bg-white p-2.5 text-[11px] italic text-[#8a8886]">%0D%0A+                               Component is listed in the SBOM but currently has zero active deployment hosts. Threat exposure is minimal.%0D%0A+                             </p>%0D%0A+                           ) : (%0D%0A+                             <div className="grid grid-cols-1 gap-1.5 md:grid-cols-2">%0D%0A+                               {item.hosts.map((host) => (%0D%0A+                                 <div%0D%0A+                                   key={host.id}%0D%0A+                                   className="flex items-center justify-between rounded border border-[#e1dfdd] bg-white p-2 text-[11px]"%0D%0A+                                 >%0D%0A+                                   <div className="min-w-0">%0D%0A+                                     <p className="max-w-[140px] truncate font-medium text-[#323130]">{host.hostName}</p>%0D%0A+                                     <p className="mt-0.5 text-[#8a8886]">{host.clientName} · {host.environment}</p>%0D%0A+                                   </div>%0D%0A+                                   <span className={`inline-flex shrink-0 items-center gap-1 font-medium ${%0D%0A+                                     host.health === 'Compliant' ? 'text-[#0e700e]' : 'text-[#a4262c]'%0D%0A+                                   }`}>%0D%0A+                                     <span className={`h-1.5 w-1.5 rounded-full ${host.health === 'Compliant' ? 'bg-[#0e700e]' : 'bg-[#a4262c]'}`} />%0D%0A+                                     {host.health}%0D%0A+                                   </span>%0D%0A+                                 </div>%0D%0A+                               ))}%0D%0A+                             </div>%0D%0A+                           )}%0D%0A+                         </div>%0D%0A+                       </div>%0D%0A+                     ))}%0D%0A+                   </div>%0D%0A+                 )}%0D%0A+               </div>%0D%0A+             ) : (%0D%0A+               <div className="flex items-start gap-2 rounded-md border border-dashed border-[#e1dfdd] bg-[#faf9f8] p-3 text-[12px] text-[#605e5c]">%0D%0A+                 <Info className="h-3.5 w-3.5 shrink-0 text-[#8a8886]" />%0D%0A+                 <p className="leading-snug">%0D%0A+                   Trace utilities query transitively mapped software bill-of-materials elements recursively. For example, search <code className="rounded bg-[#f3f2f1] px-1 py-0.5 font-mono font-medium text-[#0f6cbd]">openssl</code> to identify its downstream footprint or <code className="rounded bg-[#f3f2f1] px-1 py-0.5 font-mono font-medium text-[#0f6cbd]">postgres</code> to check running nodes.%0D%0A+                 </p>%0D%0A+               </div>%0D%0A+             )}%0D%0A+           </div>%0D%0A+ %0D%0A+         </div>%0D%0A+ %0D%0A+       </div>%0D%0A+ %0D%0A+       {/* DETAILED INTERACTIVE EXPLANATION MODAL (Why Does This Exist? / Digital Storyteller) */}%0D%0A+       <AnimatePresence>%0D%0A+         {isExplanationOpen && activePassport && (%0D%0A+           <div className="fixed inset-0 z-50 flex items-center justify-center p-4">%0D%0A+             {/* Backdrop overlay */}%0D%0A+             <motion.div%0D%0A+               initial={{ opacity: 0 }}%0D%0A+               animate={{ opacity: 0.4 }}%0D%0A+               exit={{ opacity: 0 }}%0D%0A+               onClick={() => setIsExplanationOpen(false)}%0D%0A+               className="absolute inset-0 bg-black"%0D%0A+             />%0D%0A+ %0D%0A+             {/* Explainer Modal container */}%0D%0A+             <motion.div%0D%0A+               initial={{ scale: 0.98, y: 10, opacity: 0 }}%0D%0A+               animate={{ scale: 1, y: 0, opacity: 1 }}%0D%0A+               exit={{ scale: 0.98, y: 10, opacity: 0 }}%0D%0A+               className="relative z-10 w-full max-w-lg rounded-md border border-[#e1dfdd] bg-white p-5 text-left"%0D%0A+             >%0D%0A+               <div className="mb-3 flex items-start justify-between">%0D%0A+                 <div>%0D%0A+                   <span className="block text-[11px] uppercase tracking-wide text-[#8a8886]">%0D%0A+                     Why it exists%0D%0A+                   </span>%0D%0A+                   <h3 className="mt-0.5 flex items-center gap-1.5 text-[15px] font-semibold text-[#201f1e]">%0D%0A+                     <Sparkles className="h-4 w-4 text-[#0f6cbd]" />%0D%0A+                     <span>Explain {activePassport.name}</span>%0D%0A+                   </h3>%0D%0A+                 </div>%0D%0A+                 <button%0D%0A+                   onClick={() => setIsExplanationOpen(false)}%0D%0A+                   className="rounded p-1 text-[#8a8886] hover:bg-black/[.03] hover:text-[#605e5c]"%0D%0A+                 >%0D%0A+                   <X className="h-4 w-4" />%0D%0A+                 </button>%0D%0A+               </div>%0D%0A+ %0D%0A+               {/* Explainer Body */}%0D%0A+               <div className="space-y-3">%0D%0A+                 {/* Structured Software Card Details */}%0D%0A+                 <div className="space-y-3 rounded-md border border-[#e1dfdd] bg-[#faf9f8] p-3">%0D%0A+                   <div>%0D%0A+                     <span className="mb-0.5 block text-[11px] uppercase text-[#8a8886]">What it does</span>%0D%0A+                     <p className="text-[13px] leading-relaxed text-[#323130]">%0D%0A+                       {activeMnemonic.whatItDoes}%0D%0A+                     </p>%0D%0A+                   </div>%0D%0A+ %0D%0A+                   <div className="grid grid-cols-2 gap-3">%0D%0A+                     <div>%0D%0A+                       <span className="mb-0.5 block text-[11px] uppercase text-[#8a8886]">Who uses it</span>%0D%0A+                       <span className="text-[13px] font-medium text-[#323130]">%0D%0A+                         {activeMnemonic.whoUsesit}%0D%0A+                       </span>%0D%0A+                     </div>%0D%0A+                     <div>%0D%0A+                       <span className="mb-0.5 block text-[11px] uppercase text-[#8a8886]">Business importance</span>%0D%0A+                       <span className="text-[13px] font-medium text-[#0f6cbd]">%0D%0A+                         {activeMnemonic.businessImportance}%0D%0A+                       </span>%0D%0A+                     </div>%0D%0A+                   </div>%0D%0A+ %0D%0A+                   <div className="border-t border-[#e1dfdd] pt-2">%0D%0A+                     <span className="mb-0.5 block text-[11px] uppercase text-[#8a8886]">Connected systems</span>%0D%0A+                     <p className="text-[13px] text-[#605e5c]">%0D%0A+                       {activeMnemonic.connections}%0D%0A+                     </p>%0D%0A+                   </div>%0D%0A+                 </div>%0D%0A+ %0D%0A+                 {/* The Magic Narrative */}%0D%0A+                 <div className="space-y-1.5">%0D%0A+                   <span className="block text-[11px] font-semibold uppercase tracking-wide text-[#0f6cbd]">%0D%0A+                     Advisor narrative%0D%0A+                   </span>%0D%0A+                   <div className="rounded-md border border-[#e1dfdd] bg-[#eff6fc] p-3 text-[13px] leading-relaxed text-[#201f1e]">%0D%0A+                     "{activeMnemonic.explanation}"%0D%0A+                   </div>%0D%0A+                 </div>%0D%0A+ %0D%0A+                 {/* Recommendation */}%0D%0A+                 <div className="flex items-center justify-between border-t border-[#f3f2f1] pt-3 text-[13px]">%0D%0A+                   <span className="text-[#8a8886]">Recommendation:</span>%0D%0A+                   <span className="inline-flex items-center gap-1.5 rounded bg-[#dff6dd] px-2.5 py-0.5 text-[12px] font-medium text-[#0e700e]">%0D%0A+                     Keep — important business system%0D%0A+                   </span>%0D%0A+                 </div>%0D%0A+               </div>%0D%0A+ %0D%0A+               {/* Close footer button */}%0D%0A+               <div className="mt-4 border-t border-[#f3f2f1] pt-3 text-right">%0D%0A+                 <button%0D%0A+                   type="button"%0D%0A+                   onClick={() => setIsExplanationOpen(false)}%0D%0A+                   className="h-8 rounded bg-[#0f6cbd] px-3 text-[13px] font-medium text-white hover:bg-[#004578]"%0D%0A+                 >%0D%0A+                   Got it, close%0D%0A+                 </button>%0D%0A+               </div>%0D%0A+             </motion.div>%0D%0A+           </div>%0D%0A+         )}%0D%0A+       </AnimatePresence>%0D%0A+ %0D%0A+     </div>%0D%0A+   );%0D%0A+ }%0D%0A+ %0D%0A+ // Simple absolute close SVG fallback%0D%0A+ function X(props: React.SVGProps<SVGSVGElement>) {%0D%0A+   return (%0D%0A+     <svg%0D%0A+       xmlns="http://www.w3.org/2000/svg"%0D%0A+       fill="none"%0D%0A+       viewBox="0 0 24 24"%0D%0A+       strokeWidth="2.5"%0D%0A+       stroke="currentColor"%0D%0A+       {...props}%0D%0A+     >%0D%0A+       <path strokeLinecap="round" strokeLinejoin="round" d="M6 18L18 6M6 6l12 12" />%0D%0A+     </svg>%0D%0A+   );%0D%0A+ }%0D%0A+%0A%0A ❯ tests/slsa-provenance-route-and-ui-contract.test.ts:100:15%0A%0A

::error file=/home/runner/work/software-passport-registry/software-passport-registry/tests/tenant-branding-contract.test.ts,title=tests/tenant-branding-contract.test.ts > persistent white-label branding > exposes real%2C tenant-scoped%2C role-gated read/write routes,line=12,column=18::AssertionError: expected '/**\n * @license\n * SPDX-License-Ide…' to contain 'router.get(\'/organization/branding\'…'%0A%0A- Expected%0A+ Received%0A%0A- router.get('/organization/branding', requireAuth,%0A+ /**%0A+  * @license%0A+  * SPDX-License-Identifier: Apache-2.0%0A+  */%0A+%0A+ import { Router } from 'express';%0A+ import { eq } from 'drizzle-orm';%0A+ import { sql } from 'drizzle-orm';%0A+ import { z } from 'zod';%0A+ import { users } from '../db/schema.ts';%0A+ import { AuthenticatedRequest, requireAuth, requireRole } from '../middleware/security.ts';%0A+ import { adminAuth, setUserCustomClaims } from '../lib/firebase-admin.ts';%0A+ import { appendAuditEntry, verifyAuditChain } from '../security/audit-log.ts';%0A+ import { describeUserAgent, sessionFingerprint } from '../security/session-tracking.ts';%0A+ import { offboardTenantData } from '../db/sync.ts';%0A+ import { INTEGRATION_CATALOG } from '../integrations/catalog.ts';%0A+ import { adaptEvidenceForEvaluation } from '../lib/verification/evidenceAdapter.ts';%0A+ import { evaluateVerification, type VerificationDecision } from '../lib/verification/evaluateVerification.ts';%0A+%0A+ const INVITABLE_ROLES = ['Admin', 'Technician', 'Viewer', 'Client'] as const;%0A+ const inviteSchema = z.object({ email: z.string().trim().email().max(255), role: z.enum(INVITABLE_ROLES) }).strict();%0A+ const roleUpdateSchema = z.object({ role: z.enum(INVITABLE_ROLES) }).strict();%0A+ const profileUpdateSchema = z.object({%0A+   displayName: z.string().trim().max(200).optional(),%0A+   roleTitle: z.string().trim().max(200).optional(),%0A+   companyName: z.string().trim().max(200).optional(),%0A+ }).strict();%0A+ const revokeSessionSchema = z.object({ sessionId: z.string().trim().min(1).max(200) }).strict();%0A+%0A+ export function createAuthRouter() {%0A+   const router = Router();%0A+%0A+   // The Firebase ID token is the sole authentication authority. The database%0A+   // record supplies the tenant/RBAC projection after token verification.%0A+   router.get('/user/me', requireAuth, async (req: AuthenticatedRequest, res, next) => {%0A+     try {%0A+       const db = req.db!;%0A+       const user = await db.select({%0A+         id: users.id,%0A+         uid: users.uid,%0A+         email: users.email,%0A+         tenantId: users.tenantId,%0A+         role: users.role,%0A+         companyName: users.companyName,%0A+         roleTitle: users.roleTitle,%0A+         displayName: users.displayName,%0A+         numTechnicians: users.numTechnicians,%0A+         clientCount: users.clientCount,%0A+         primaryUseCase: users.primaryUseCase,%0A+         onboarded: users.onboarded,%0A+         mfaEnabled: users.mfaEnabled,%0A+         createdAt: users.createdAt,%0A+       }).from(users).where(eq(users.uid, req.user!.uid)).then(rows => rows[0]);%0A+%0A+       if (!user) return res.status(403).json({ error: 'User account is not provisioned' });%0A+       return res.json({ ...user, emailVerified: req.user!.emailVerified });%0A+     } catch (error) {%0A+       return next(error);%0A+     }%0A+   });%0A+%0A+   router.put('/user/profile', requireAuth, async (req: AuthenticatedRequest, res, next) => {%0A+     try {%0A+       const db = req.db!;%0A+       const parsed = profileUpdateSchema.safeParse(req.body);%0A+       if (!parsed.success) return res.status(400).json({ error: 'Invalid request', details: parsed.error.flatten() });%0A+       const result = await db.execute(sql`%0A+         UPDATE users SET%0A+           display_name = COALESCE(${parsed.data.displayName ?? null}, display_name),%0A+           role_title = COALESCE(${parsed.data.roleTitle ?? null}, role_title),%0A+           company_name = COALESCE(${parsed.data.companyName ?? null}, company_name)%0A+         WHERE uid = ${req.user!.uid} AND tenant_id = ${req.user!.tenantId}%0A+         RETURNING id, email, display_name AS "displayName", role_title AS "roleTitle", company_name AS "companyName"%0A+       `);%0A+       const row = (result as any).rows?.[0];%0A+       if (!row) return res.status(404).json({ error: 'User account not found' });%0A+       await appendAuditEntry(db, { tenantId: req.user!.tenantId, action: 'profile.updated', actor: req.user!.email, payload: { userId: req.user!.id } });%0A+       return res.json(row);%0A+     } catch (error) {%0A+       return next(error);%0A+     }%0A+   });%0A+%0A+   router.get('/organization/team', requireAuth, async (req: AuthenticatedRequest, res, next) => {%0A+     try {%0A+       const db = req.db!;%0A+       const result = await db.execute(sql`%0A+         SELECT id, email, display_name AS "displayName", role, onboarded, created_at AS "createdAt"%0A+         FROM users WHERE tenant_id = ${req.user!.tenantId} ORDER BY created_at ASC%0A+       `);%0A+       return res.json((result as any).rows ?? []);%0A+     } catch (error) {%0A+       return next(error);%0A+     }%0A+   });%0A+%0A+   router.post('/organization/invite', requireAuth, requireRole(['Owner', 'Admin']), async (req: AuthenticatedRequest, res, next) => {%0A+     try {%0A+       const db = req.db!;%0A+       const parsed = inviteSchema.safeParse(req.body);%0A+       if (!parsed.success) return res.status(400).json({ error: 'Invalid request', details: parsed.error.flatten() });%0A+       const email = parsed.data.email.toLowerCase();%0A+%0A+       const existing = await db.execute(sql`SELECT id FROM users WHERE tenant_id = ${req.user!.tenantId} AND lower(btrim(email)) = ${email} LIMIT 1`);%0A+       if ((existing as any).rows?.length) return res.status(409).json({ error: 'This email is already a member of your workspace.' });%0A+%0A+       let firebaseUser;%0A+       try {%0A+         firebaseUser = await adminAuth.getUserByEmail(email);%0A+       } catch {%0A+         firebaseUser = await adminAuth.createUser({ email, emailVerified: false });%0A+       }%0A+%0A+       const inserted = await db.execute(sql`%0A+         INSERT INTO users (uid, email, tenant_id, role, invited_by, onboarded)%0A+         VALUES (${firebaseUser.uid}, ${email}, ${req.user!.tenantId}, ${parsed.data.role}, ${req.user!.email}, 0)%0A+         RETURNING id, email, role%0A+       `);%0A+       await setUserCustomClaims(firebaseUser.uid, { workspaceId: req.user!.tenantId, role: parsed.data.role });%0A+%0A+       let inviteLink: string | null = null;%0A+       try { inviteLink = await adminAuth.generatePasswordResetLink(email); } catch { inviteLink = null; }%0A+%0A+       await appendAuditEntry(db, { tenantId: req.user!.tenantId, action: 'team.invited', actor: req.user!.email, payload: { invitedEmail: email, role: parsed.data.role } });%0A+       return res.status(201).json({ ...(inserted as any).rows?.[0], inviteLink });%0A+     } catch (error) {%0A+       return next(error);%0A+     }%0A+   });%0A+%0A+   router.put('/organization/team/:userId/role', requireAuth, requireRole(['Owner', 'Admin']), async (req: AuthenticatedRequest, res, next) => {%0A+     try {%0A+       const db = req.db!;%0A+       const parsed = roleUpdateSchema.safeParse(req.body);%0A+       if (!parsed.success) return res.status(400).json({ error: 'Invalid request', details: parsed.error.flatten() });%0A+       const targetId = Number(req.params.userId);%0A+       if (!Number.isInteger(targetId)) return res.status(400).json({ error: 'Invalid user id' });%0A+%0A+       const result = await db.execute(sql`%0A+         UPDATE users SET role = ${parsed.data.role}%0A+         WHERE id = ${targetId} AND tenant_id = ${req.user!.tenantId} AND role <> 'Owner'%0A+         RETURNING id, uid, email, role%0A+       `);%0A+       const row = (result as any).rows?.[0];%0A+       if (!row) return res.status(404).json({ error: 'Team member not found, or the Owner role cannot be changed here.' });%0A+       await setUserCustomClaims(row.uid, { workspaceId: req.user!.tenantId, role: parsed.data.role });%0A+       await appendAuditEntry(db, { tenantId: req.user!.tenantId, action: 'team.role_changed', actor: req.user!.email, payload: { targetUserId: targetId, newRole: parsed.data.role } });%0A+       return res.json({ id: row.id, email: row.email, role: row.role });%0A+     } catch (error) {%0A+       return next(error);%0A+     }%0A+   });%0A+%0A+   router.delete('/organization/team/:userId', requireAuth, requireRole(['Owner', 'Admin']), async (req: AuthenticatedRequest, res, next) => {%0A+     try {%0A+       const db = req.db!;%0A+       const targetId = Number(req.params.userId);%0A+       if (!Number.isInteger(targetId)) return res.status(400).json({ error: 'Invalid user id' });%0A+%0A+       const result = await db.execute(sql`%0A+         DELETE FROM users WHERE id = ${targetId} AND tenant_id = ${req.user!.tenantId} AND role <> 'Owner'%0A+         RETURNING id, uid, email%0A+       `);%0A+       const row = (result as any).rows?.[0];%0A+       if (!row) return res.status(404).json({ error: 'Team member not found, or the Owner cannot be removed.' });%0A+%0A+       try { await adminAuth.updateUser(row.uid, { disabled: true }); await adminAuth.revokeRefreshTokens(row.uid); } catch { /* Firebase account may already be gone; DB removal already took effect. */ }%0A+       await appendAuditEntry(db, { tenantId: req.user!.tenantId, action: 'team.removed', actor: req.user!.email, payload: { targetUserId: targetId, targetEmail: row.email } });%0A+       return res.status(204).send();%0A+     } catch (error) {%0A+       return next(error);%0A+     }%0A+   });%0A+%0A+   router.get('/auth/sessions', requireAuth, async (req: AuthenticatedRequest, res, next) => {%0A+     try {%0A+       const db = req.db!;%0A+       const currentIp = req.ip || req.socket.remoteAddress || 'unknown';%0A+       const currentUserAgent = typeof req.headers['user-agent'] === 'string' ? req.headers['user-agent'].slice(0, 512) : '';%0A+       const currentFingerprint = sessionFingerprint(req.user!.uid, currentIp, currentUserAgent);%0A+%0A+       const result = await db.execute(sql`%0A+         SELECT id, session_fingerprint AS "sessionFingerprint", ip, user_agent AS "userAgent", last_seen_at AS "lastSeenAt"%0A+         FROM user_sessions%0A+         WHERE tenant_id = ${req.user!.tenantId} AND user_id = ${req.user!.id} AND revoked_at IS NULL%0A+         ORDER BY last_seen_at DESC%0A+       `);%0A+       const rows = ((result as any).rows ?? []) as Array<{ id: string; sessionFingerprint: string; ip: string; userAgent: string; lastSeenAt: string }>;%0A+       return res.json(rows.map(row => ({%0A+         id: row.id,%0A+         email: req.user!.email,%0A+         current: row.sessionFingerprint === currentFingerprint,%0A+         ip: row.ip,%0A+         device: describeUserAgent(row.userAgent),%0A+         location: 'Not geolocated',%0A+         lastSeenAt: row.lastSeenAt,%0A+       })));%0A+     } catch (error) {%0A+       return next(error);%0A+     }%0A+   });%0A+%0A+   router.post('/auth/sessions/revoke', requireAuth, async (req: AuthenticatedRequest, res, next) => {%0A+     try {%0A+       const db = req.db!;%0A+       const parsed = revokeSessionSchema.safeParse(req.body);%0A+       if (!parsed.success) return res.status(400).json({ error: 'Invalid request', details: parsed.error.flatten() });%0A+       const currentIp = req.ip || req.socket.remoteAddress || 'unknown';%0A+       const currentUserAgent = typeof req.headers['user-agent'] === 'string' ? req.headers['user-agent'].slice(0, 512) : '';%0A+       const currentFingerprint = sessionFingerprint(req.user!.uid, currentIp, currentUserAgent);%0A+       if (parsed.data.sessionId === `sess_${currentFingerprint}`) return res.status(400).json({ error: 'Cannot revoke the session you are currently using. Sign out instead.' });%0A+%0A+       const result = await db.execute(sql`%0A+         UPDATE user_sessions SET revoked_at = NOW()%0A+         WHERE id = ${parsed.data.sessionId} AND tenant_id = ${req.user!.tenantId} AND user_id = ${req.user!.id} AND revoked_at IS NULL%0A+         RETURNING id%0A+       `);%0A+       if (!((result as any).rows?.length)) return res.status(404).json({ error: 'Session not found' });%0A+       await appendAuditEntry(db, { tenantId: req.user!.tenantId, action: 'session.revoked', actor: req.user!.email, payload: { sessionId: parsed.data.sessionId } });%0A+       return res.status(204).send();%0A+     } catch (error) {%0A+       return next(error);%0A+     }%0A+   });%0A+%0A+   router.get('/auth/login-history', requireAuth, async (req: AuthenticatedRequest, res, next) => {%0A+     try {%0A+       const db = req.db!;%0A+       const result = await db.execute(sql`%0A+         SELECT id, ip, user_agent AS "userAgent", status, occurred_at AS "occurredAt"%0A+         FROM login_history WHERE tenant_id = ${req.user!.tenantId} AND user_id = ${req.user!.id}%0A+         ORDER BY occurred_at DESC LIMIT 50%0A+       `);%0A+       const rows = ((result as any).rows ?? []) as Array<{ id: string; ip: string; userAgent: string; status: string; occurredAt: string }>;%0A+       return res.json(rows.map(row => ({%0A+         id: row.id,%0A+         email: req.user!.email,%0A+         status: row.status,%0A+         action: 'Sign-in',%0A+         timestamp: row.occurredAt,%0A+         ip: row.ip,%0A+         location: 'Not geolocated',%0A+       })));%0A+     } catch (error) {%0A+       return next(error);%0A+     }%0A+   });%0A+%0A+   router.get('/auth/audit-chain', requireAuth, async (req: AuthenticatedRequest, res, next) => {%0A+     try {%0A+       const db = req.db!;%0A+       const beforeRaw = typeof req.query.before === 'string' ? Number(req.query.before) : null;%0A+       const before = Number.isInteger(beforeRaw) && beforeRaw! > 0 ? beforeRaw : null;%0A+       const result = before%0A+         ? await db.execute(sql`%0A+             SELECT id, action, timestamp, actor, payload, current_hash AS "currentHash", previous_hash AS "previousHash"%0A+             FROM audit_trail WHERE tenant_id = ${req.user!.tenantId} AND id < ${before} ORDER BY id DESC LIMIT 50%0A+           `)%0A+         : await db.execute(sql`%0A+         SELECT id, action, timestamp, actor, payload, current_hash AS "currentHash", previous_hash AS "previousHash"%0A+         FROM audit_trail WHERE tenant_id = ${req.user!.tenantId} ORDER BY id DESC LIMIT 50%0A+       `);%0A+       const rows = ((result as any).rows ?? []) as Array<{ id: number; action: string; timestamp: string; actor: string; payload: string; currentHash: string; previousHash: string }>;%0A+       return res.json(rows.map(row => ({%0A+         id: row.id,%0A+         action: row.action,%0A+         timestamp: row.timestamp,%0A+         actor: row.actor,%0A+         payload: row.payload,%0A+         hash: row.currentHash,%0A+         currentHash: row.currentHash,%0A+         previousHash: row.previousHash,%0A+         block: { action: row.action, userEmail: row.actor.includes('@') ? row.actor : null },%0A+       })));%0A+     } catch (error) {%0A+       return next(error);%0A+     }%0A+   });%0A+%0A+   router.get('/auth/audit-chain/verify', requireAuth, async (req: AuthenticatedRequest, res, next) => {%0A+     try {%0A+       const db = req.db!;%0A+       return res.json(await verifyAuditChain(db, req.user!.tenantId));%0A+     } catch (error) {%0A+       return next(error);%0A+     }%0A+   });%0A+%0A+   router.post('/tenant/offboard', requireAuth, requireRole('Owner'), async (req: AuthenticatedRequest, res, next) => {%0A+     try {%0A+       // Purges via the owner-role connection (not req.db): offboarding must be%0A+       // able to see every table it enumerates from information_schema, and it%0A+       // already scopes every DELETE to exactly this caller's own tenant_id.%0A+       await offboardTenantData(req.user!.tenantId);%0A+       return res.status(200).json({ message: 'Tenant data purged.' });%0A+     } catch (error) {%0A+       return next(error);%0A+     }%0A+   });%0A+%0A+   // Owner-only founder metrics. Every value is either observed from tenant%0A+   // data or explicitly reported as not verified; this endpoint never invents%0A+   // production health, security, financial, or performance telemetry.%0A+   router.get('/founder/metrics', requireAuth, requireRole('Owner'), async (req: AuthenticatedRequest, res, next) => {%0A+     try {%0A+       const db = req.db!;%0A+       const counts = await db.execute(sql`%0A+         SELECT%0A+           (SELECT COUNT(*)::int FROM clients WHERE tenant_id = ${req.user!.tenantId}) AS "clientCount",%0A+           (SELECT COUNT(*)::int FROM passports WHERE tenant_id = ${req.user!.tenantId}) AS "passportCount",%0A+           (SELECT COUNT(*)::int FROM scans WHERE tenant_id = ${req.user!.tenantId}) AS "scanCount"%0A+       `);%0A+       const row = (counts as any).rows?.[0] || {};%0A+       return res.json({%0A+         latency: 'Not verified',%0A+         capitalProtected: 'Not verified',%0A+         throughput: 'Not verified',%0A+         mitigations: 'Not verified',%0A+         overallScore: null,%0A+         auditEvents: null,%0A+         activeThreats: null,%0A+         systemIntegrity: 'Not verified',%0A+         observed: {%0A+           clientCount: Number(row.clientCount || 0),%0A+           passportCount: Number(row.passportCount || 0),%0A+           scanCount: Number(row.scanCount || 0),%0A+         },%0A+       });%0A+     } catch (error) {%0A+       return next(error);%0A+     }%0A+   });%0A+%0A+   // Owner-only operational health for the command center. Every section reads%0A+   // from the real tables the corresponding subsystem already writes -- no%0A+   // second heartbeat, delivery ledger, integration status, or audit verifier%0A+   // is created here. Sections with no real backing data are omitted rather%0A+   // than populated with placeholder values; see the `notes` field.%0A+   router.get('/founder/operations', requireAuth, requireRole('Owner'), async (req: AuthenticatedRequest, res, next) => {%0A+     try {%0A+       const db = req.db!;%0A+       const tenantId = req.user!.tenantId;%0A+       const notes: string[] = [];%0A+%0A+       // --- A. Worker/job health ---------------------------------------------%0A+       // osv-worker.ts claims agent_jobs rows (job_type osv_manifest_scan /%0A+       // repository_scan). It has no separate heartbeat row; the queue state%0A+       // itself (locked_at/locked_by, the same 10-minute staleness window the%0A+       // worker uses to reclaim stuck jobs) is the real signal.%0A+       const [osvCounts, osvStale, osvFailures, osvActivity] = await Promise.all([%0A+         db.execute(sql`SELECT job_type AS "jobType", status, COUNT(*)::int AS count FROM agent_jobs WHERE tenant_id=${tenantId} AND job_type IN ('osv_manifest_scan','repository_scan') GROUP BY job_type, status`),%0A+         db.execute(sql`SELECT COUNT(*)::int AS count FROM agent_jobs WHERE tenant_id=${tenantId} AND job_type IN ('osv_manifest_scan','repository_scan') AND status='Running' AND locked_at < NOW() - INTERVAL '10 minutes'`),%0A+         db.execute(sql`SELECT id, job_type AS "jobType", error, attempt_count AS "attemptCount", max_attempts AS "maxAttempts", updated_at AS "updatedAt" FROM agent_jobs WHERE tenant_id=${tenantId} AND job_type IN ('osv_manifest_scan','repository_scan') AND status='Failed' ORDER BY updated_at DESC LIMIT 5`),%0A+         db.execute(sql`SELECT MAX(updated_at) AS "lastActivityAt" FROM agent_jobs WHERE tenant_id=${tenantId} AND job_type IN ('osv_manifest_scan','repository_scan')`),%0A+       ]);%0A+%0A+       // monitoring-worker.ts (the file name this dashboard's spec named) is not%0A+       // imported by worker.ts and never runs in production -- confirmed dead%0A+       // code, not a running system. trust-monitoring-worker.ts is the real,%0A+       // currently-running system that plays the equivalent role (collector_jobs%0A+       // has an actual heartbeat_at column, unlike agent_jobs).%0A+       const [monitoringCounts, monitoringHeartbeat, monitoringFailures] = await Promise.all([%0A+         db.execute(sql`SELECT state, COUNT(*)::int AS count FROM collector_jobs WHERE tenant_id=${tenantId} GROUP BY state`),%0A+         db.execute(sql`SELECT MAX(heartbeat_at) AS "lastHeartbeatAt" FROM collector_jobs WHERE tenant_id=${tenantId} AND state='running'`),%0A+         db.execute(sql`SELECT id, collector_id AS "collectorId", safe_error_code AS "errorCode", safe_error_message AS "errorMessage", completed_at AS "completedAt" FROM collector_jobs WHERE tenant_id=${tenantId} AND state IN ('failed','dead_lettered') ORDER BY completed_at DESC NULLS LAST LIMIT 5`),%0A+       ]);%0A+       notes.push('monitoring-worker.ts is dead code (never imported by worker.ts); "monitoringWorker" below reflects trust-monitoring-worker.ts, the real running system for the same role.');%0A+%0A+       // --- B. Webhook delivery health ----------------------------------------%0A+       const [webhookCounts, webhookEndpoints, webhookFailures] = await Promise.all([%0A+         db.execute(sql`SELECT status, COUNT(*)::int AS count FROM spr_webhook_deliveries WHERE tenant_id=${tenantId} AND created_at::timestamptz > NOW() - INTERVAL '7 days' GROUP BY status`),%0A+         db.execute(sql`SELECT COUNT(*) FILTER (WHERE active)::int AS "activeCount", COUNT(*) FILTER (WHERE NOT active)::int AS "disabledCount" FROM spr_webhooks WHERE tenant_id=${tenantId}`),%0A+         db.execute(sql`SELECT d.id, d.webhook_id AS "webhookId", w.url, d.event_type AS "eventType", d.safe_error_code AS "errorCode", d.safe_error_message AS "errorMessage", d.completed_at AS "completedAt" FROM spr_webhook_deliveries d JOIN spr_webhooks w ON w.id=d.webhook_id AND w.tenant_id=d.tenant_id WHERE d.tenant_id=${tenantId} AND d.status IN ('failed','dead_lettered') ORDER BY d.completed_at DESC NULLS LAST LIMIT 10`),%0A+       ]);%0A+       notes.push('Webhook failures are grouped by destination endpoint (webhookId/url), not "provider" -- SPR webhooks are user-configured destination URLs, not third-party provider connectors; there is no per-provider concept for outbound deliveries.');%0A+%0A+       // --- C. Integration health ----------------------------------------------%0A+       const [credentialRows, integrationRows] = await Promise.all([%0A+         db.execute(sql`SELECT provider, status, last_tested_at AS "lastTestedAt" FROM integration_credentials WHERE tenant_id=${tenantId}`),%0A+         db.execute(sql`SELECT name, connected, last_sync_date AS "lastSyncDate" FROM integrations WHERE tenant_id=${tenantId}`),%0A+       ]);%0A+       const credentialByProvider = new Map<string, any>((credentialRows as any).rows?.map((r: any) => [r.provider, r]) ?? []);%0A+       const integrationByName = new Map<string, any>((integrationRows as any).rows?.map((r: any) => [r.name, r]) ?? []);%0A+       const integrations = INTEGRATION_CATALOG.map((item) => ({%0A+         provider: item.provider,%0A+         name: item.name,%0A+         connected: Boolean(integrationByName.get(item.name)?.connected),%0A+         lastSyncDate: integrationByName.get(item.name)?.lastSyncDate ?? null,%0A+         credentialStatus: credentialByProvider.get(item.provider)?.status ?? 'NOT_CONFIGURED',%0A+         lastTestedAt: credentialByProvider.get(item.provider)?.lastTestedAt ?? null,%0A+       }));%0A+%0A+       // --- D. Audit chain integrity --------------------------------------------%0A+       // Reuses the exact function GET /api/auth/audit-chain/verify calls --%0A+       // no second verifier.%0A+       const auditChain = await verifyAuditChain(db, tenantId);%0A+%0A+       // --- E. Scan / job queue --------------------------------------------------%0A+       const [runningRepoScans, complianceSchedules] = await Promise.all([%0A+         db.execute(sql`SELECT id, passport_id AS "passportId", status, progress, updated_at AS "updatedAt" FROM agent_jobs WHERE tenant_id=${tenantId} AND job_type='repository_scan' AND status='Running' ORDER BY updated_at DESC LIMIT 10`),%0A+         db.execute(sql`SELECT id, client_id AS "clientId", frequency, status, last_audit_at AS "lastAuditAt", next_audit_at AS "nextAuditAt" FROM compliance_schedules WHERE tenant_id=${tenantId} ORDER BY COALESCE(last_audit_at, created_at) DESC LIMIT 10`),%0A+       ]);%0A+%0A+       return res.json({%0A+         generatedAt: new Date().toISOString(),%0A+         workers: {%0A+           osv: {%0A+             countsByStatus: (osvCounts as any).rows ?? [],%0A+             staleRunningCount: Number((osvStale as any).rows?.[0]?.count ?? 0),%0A+             recentFailures: (osvFailures as any).rows ?? [],%0A+             lastActivityAt: (osvActivity as any).rows?.[0]?.lastActivityAt ?? null,%0A+           },%0A+           monitoringWorker: {%0A+             realSource: 'trust-monitoring-worker.ts (collector_jobs)',%0A+             countsByState: (monitoringCounts as any).rows ?? [],%0A+             lastHeartbeatAt: (monitoringHeartbeat as any).rows?.[0]?.lastHeartbeatAt ?? null,%0A+             recentFailures: (monitoringFailures as any).rows ?? [],%0A+           },%0A+         },%0A+         webhooks: {%0A+           countsByStatusLast7Days: (webhookCounts as any).rows ?? [],%0A+           activeEndpoints: Number((webhookEndpoints as any).rows?.[0]?.activeCount ?? 0),%0A+           disabledEndpoints: Number((webhookEndpoints as any).rows?.[0]?.disabledCount ?? 0),%0A+           recentFailures: (webhookFailures as any).rows ?? [],%0A+         },%0A+         integrations,%0A+         auditChain,%0A+         queue: {%0A+           runningRepositoryScans: (runningRepoScans as any).rows ?? [],%0A+           recentlyFailedJobs: (osvFailures as any).rows ?? [],%0A+           complianceSchedules: (complianceSchedules as any).rows ?? [],%0A+         },%0A+         notes,%0A+       });%0A+     } catch (error) {%0A+       return next(error);%0A+     }%0A+   });%0A+%0A+   // Owner-only self-passport retrieval. Absence of evidence is represented as%0A+   // a 404 instead of a fabricated passport or trust score.%0A+   router.get('/passports/self-passport', requireAuth, requireRole('Owner'), async (req: AuthenticatedRequest, res, next) => {%0A+     try {%0A+       const db = req.db!;%0A+       const result = await db.execute(sql`%0A+         SELECT%0A+           id,%0A+           name,%0A+           version,%0A+           publisher,%0A+           release_date AS "releaseDate",%0A+           evidence%0A+         FROM passports%0A+         WHERE tenant_id = ${req.user!.tenantId}%0A+         ORDER BY release_date DESC NULLS LAST, id DESC%0A+         LIMIT 1%0A+       `);%0A+       const row = (result as any).rows?.[0];%0A+       if (!row) return res.status(404).json({ error: 'Self passport evidence not found', code: 'SELF_PASSPORT_NOT_FOUND' });%0A+       return res.json({%0A+         ...row,%0A+         overallScore: null,%0A+         healthStatus: 'Not verified',%0A+         evidence: Array.isArray(row.evidence) ? row.evidence : [],%0A+       });%0A+     } catch (error) {%0A+       return next(error);%0A+     }%0A+   });%0A+%0A+   // Firebase-authenticated, tenant-scoped reads for the first-party SPA.%0A+   // These are deliberately separate from /connect/v1, which is API-key based.%0A+   router.get('/user/clients', requireAuth, async (req: AuthenticatedRequest, res, next) => {%0A+     try {%0A+       const db = req.db!;%0A+       const result = await db.execute(sql`SELECT id, name, domain, industry, trust_score AS "trustScore", risk_level AS "riskLevel", avatar_color AS "avatarColor", subscription_tier AS "subscriptionTier", joined_date AS "joinedDate", team_count AS "teamCount", passport_count AS "passportCount", critical_risks_count AS "criticalRisksCount", compliance_progress AS "complianceProgress", software_inventory AS "softwareInventory", compliance_status AS "complianceStatus", team_members AS "teamMembers", activity_timeline AS "activityTimeline" FROM clients WHERE tenant_id=${req.user!.tenantId} ORDER BY joined_date DESC`);%0A+       return res.json((result as any).rows || []);%0A+     } catch (error) {%0A+       return next(error);%0A+     }%0A+   });%0A+%0A+   router.get('/user/passports', requireAuth, async (req: AuthenticatedRequest, res, next) => {%0A+     try {%0A+       const db = req.db!;%0A+       const result = await db.execute(sql`SELECT p.id, p.client_id AS "clientId", p.name, p.version, p.publisher, p.category, p.release_date AS "releaseDate", p.license_type AS "licenseType", p.sbom, COALESCE((SELECT json_agg(json_build_object('id', e.id, 'name', e.name, 'type', e.type, 'verified', e.verified, 'status', e.status, 'signer', e.signer, 'timestamp', e.timestamp, 'hash', e.hash, 'engineId', e.engine_id, 'verificationFailureReason', e.verification_failure_reason) ORDER BY e.timestamp DESC) FROM evidence_items e WHERE e.tenant_id=p.tenant_id AND e.asset_id=p.id), '[]'::json) AS evidence, COALESCE((SELECT json_agg(json_build_object('id', f.id, 'findingId', f.id, 'severity', f.severity, 'category', f.category, 'title', f.title, 'description', f.description, 'component', f.component, 'fixedVersion', f.fixed_version, 'status', f.status, 'detectedAt', f.detected_at, 'engineId', f.engine_id) ORDER BY f.detected_at DESC) FROM scan_findings f WHERE f.tenant_id=p.tenant_id AND f.asset_id=p.id), '[]'::json) AS vulnerabilities, p.timeline, NULL AS scores, 'not_authoritatively_scored' AS "scoreStatus" FROM passports p WHERE p.tenant_id=${req.user!.tenantId} ORDER BY p.name ASC`);%0A+       return res.json((result as any).rows || []);%0A+     } catch (error) {%0A+       return next(error);%0A+     }%0A+   });%0A+%0A+   router.get('/user/extensions', requireAuth, async (req: AuthenticatedRequest, res, next) => {%0A+     try {%0A+       const db = req.db!;%0A+       const result = await db.execute(sql`SELECT extension_id AS "extensionId", installed_at AS "installedAt" FROM extension_installations WHERE tenant_id=${req.user!.tenantId} ORDER BY installed_at DESC`);%0A+       return res.json((result as any).rows || []);%0A+     } catch (error) {%0A+       return next(error);%0A+     }%0A+   });%0A+%0A+   router.post('/user/extensions/:extensionId', requireAuth, requireRole(['Owner', 'Admin', 'Operator']), async (req: AuthenticatedRequest, res, next) => {%0A+     try {%0A+       const extensionId = String(req.params.extensionId || '').trim();%0A+       if (!/^[A-Za-z0-9_.-]{1,120}$/.test(extensionId)) return res.status(400).json({ error: 'Invalid extension id' });%0A+       const db = req.db!;%0A+       const result = await db.execute(sql`INSERT INTO extension_installations (tenant_id, extension_id, installed_at) VALUES (${req.user!.tenantId}, ${extensionId}, NOW()) ON CONFLICT (tenant_id, extension_id) DO UPDATE SET installed_at=NOW() RETURNING extension_id AS "extensionId", installed_at AS "installedAt"`);%0A+       return res.status(201).json((result as any).rows?.[0]);%0A+     } catch (error) {%0A+       return next(error);%0A+     }%0A+   });%0A+%0A+   router.delete('/user/extensions/:extensionId', requireAuth, requireRole(['Owner', 'Admin', 'Operator']), async (req: AuthenticatedRequest, res, next) => {%0A+     try {%0A+       const db = req.db!;%0A+       const extensionId = String(req.params.extensionId || '').trim();%0A+       const result = await db.execute(sql`DELETE FROM extension_installations WHERE tenant_id=${req.user!.tenantId} AND extension_id=${extensionId} RETURNING extension_id`);%0A+       if (!((result as any).rows?.length)) return res.status(404).json({ error: 'Extension installation not found' });%0A+       return res.status(204).send();%0A+     } catch (error) {%0A+       return next(error);%0A+     }%0A+   });%0A+%0A+   router.get('/auth/verify-status', requireAuth, async (req: AuthenticatedRequest, res) => {%0A+     return res.json({ verified: req.user!.emailVerified, emailVerified: req.user!.emailVerified });%0A+   });%0A+%0A+%0A+%0A+   router.get('/user/passports/:id/verification', requireAuth, async (req: AuthenticatedRequest, res, next) => {%0A+     try {%0A+       const db = req.db!;%0A+       const tenantId = req.user!.tenantId;%0A+       const clientScope = req.user!.role === 'Client' ? (req.user as any).clientId : null;%0A+       const passportResult = await db.execute(sql`SELECT id, version, evidence, client_id AS "clientId" FROM passports WHERE id=${req.params.id} AND tenant_id=${tenantId} AND (${clientScope} IS NULL OR client_id=${clientScope}) LIMIT 1`) as any;%0A+       const passport = passportResult.rows?.[0];%0A+       if (!passport) return res.status(404).json({ error: 'Passport not found' });%0A+       const findingResult = await db.execute(sql`SELECT id, passport_id AS "passportId", evidence_ids, status FROM trust_findings WHERE tenant_id=${tenantId} AND passport_id=${passport.id}`) as any;%0A+       const parseJson = (value: unknown): unknown[] => { try { const parsed = JSON.parse(String(value ?? '')); return Array.isArray(parsed) ? parsed : []; } catch { return []; } };%0A+       const openFindingEvidenceIds = (findingResult.rows ?? []).filter((row: any) => !['resolved','closed','verified'].includes(String(row.status || '').toLowerCase())).flatMap((row: any) => parseJson(row.evidence_ids)).filter((id: any): id is string => typeof id === 'string');%0A+       const adapted = adaptEvidenceForEvaluation({ evidence: parseJson(passport.evidence) as any[], passportVersion: passport.version, openFindingEvidenceIds });%0A+       const evaluatedAt = Date.now();%0A+       const decision = evaluateVerification({ evidence: adapted.evidence, evaluatedAt, targetIdentity: adapted.targetIdentity });%0A+       res.setHeader('Cache-Control', 'private, max-age=0, no-store');%0A+       return res.json({ decision, observations: decision.observationCount, independentSources: decision.independentSourceCount });%0A+     } catch (error) { return next(error); }%0A+   });%0A+%0A+   router.get('/user/verification', requireAuth, async (req: AuthenticatedRequest, res, next) => {%0A+     try {%0A+       const db = req.db!;%0A+       const tenantId = req.user!.tenantId;%0A+       const clientScope = req.user!.role === 'Client' ? (req.user as any).clientId : null;%0A+       const passportRows = (await db.execute(sql`SELECT id, version, evidence, client_id AS "clientId" FROM passports WHERE tenant_id=${tenantId} AND (${clientScope} IS NULL OR client_id=${clientScope}) ORDER BY id`) as any).rows ?? [];%0A+       const passportIds = passportRows.map((row: any) => String(row.id));%0A+       const parseJson = (value: unknown): unknown[] => { try { const parsed = JSON.parse(String(value ?? '')); return Array.isArray(parsed) ? parsed : []; } catch { return []; } };%0A+       // Drizzle's proven one-query binding shape for the passport findings is%0A+       // `asset_id IN ${passportIds}`; do not replace this with ANY(array).%0A+       const findingRows = passportIds.length ? ((await db.execute(sql`SELECT id, passport_id AS "passportId", evidence_ids, status FROM trust_findings WHERE tenant_id=${tenantId} AND passport_id IN ${passportIds}`) as any).rows ?? []) : [];%0A+       const evidenceByPassport = new Map<string, any[]>();%0A+       for (const passport of passportRows) evidenceByPassport.set(String(passport.id), parseJson(passport.evidence) as any[]);%0A+       const evaluatedAt = Date.now();%0A+       const verificationDecisions: Record<string, VerificationDecision> = {};%0A+       const verificationDetails: Record<string, unknown> = {};%0A+       for (const passport of passportRows) {%0A+         const findings = findingRows.filter((row: any) => String(row.passportId) === String(passport.id));%0A+         const openFindingEvidenceIds = findings.filter((row: any) => !['resolved','closed','verified'].includes(String(row.status || '').toLowerCase())).flatMap((row: any) => parseJson(row.evidence_ids)).filter((id: any): id is string => typeof id === 'string');%0A+         const adapted = adaptEvidenceForEvaluation({ evidence: evidenceByPassport.get(String(passport.id)) ?? [], passportVersion: passport.version, openFindingEvidenceIds });%0A+         const decision = evaluateVerification({ evidence: adapted.evidence, evaluatedAt, targetIdentity: adapted.targetIdentity });%0A+         verificationDecisions[String(passport.id)] = decision;%0A+         verificationDetails[String(passport.id)] = { unmappedCount: adapted.unmappedCount, undatedCount: adapted.undatedCount, observations: decision.observationCount, independentSources: decision.independentSourceCount };%0A+       }%0A+       res.setHeader('Cache-Control', 'private, max-age=0, no-store');%0A+       return res.json({ verificationDecisions, verificationDetails });%0A+     } catch (error) { return next(error); }%0A+   });%0A+%0A+   return router;%0A+ }%0A+%0A%0A ❯ tests/tenant-branding-contract.test.ts:12:18%0A%0A

::error file=/home/runner/work/software-passport-registry/software-passport-registry/tests/tenant-branding-contract.test.ts,title=tests/tenant-branding-contract.test.ts > persistent white-label branding > validates brand color and logo shape server-side%2C not just in the UI,line=21,column=18::AssertionError: expected '/**\n * @license\n * SPDX-License-Ide…' to contain 'brandColor must be a #rrggbb hex color'%0A%0A- Expected%0A+ Received%0A%0A- brandColor must be a #rrggbb hex color%0A+ /**%0A+  * @license%0A+  * SPDX-License-Identifier: Apache-2.0%0A+  */%0A+%0A+ import { Router } from 'express';%0A+ import { eq } from 'drizzle-orm';%0A+ import { sql } from 'drizzle-orm';%0A+ import { z } from 'zod';%0A+ import { users } from '../db/schema.ts';%0A+ import { AuthenticatedRequest, requireAuth, requireRole } from '../middleware/security.ts';%0A+ import { adminAuth, setUserCustomClaims } from '../lib/firebase-admin.ts';%0A+ import { appendAuditEntry, verifyAuditChain } from '../security/audit-log.ts';%0A+ import { describeUserAgent, sessionFingerprint } from '../security/session-tracking.ts';%0A+ import { offboardTenantData } from '../db/sync.ts';%0A+ import { INTEGRATION_CATALOG } from '../integrations/catalog.ts';%0A+ import { adaptEvidenceForEvaluation } from '../lib/verification/evidenceAdapter.ts';%0A+ import { evaluateVerification, type VerificationDecision } from '../lib/verification/evaluateVerification.ts';%0A+%0A+ const INVITABLE_ROLES = ['Admin', 'Technician', 'Viewer', 'Client'] as const;%0A+ const inviteSchema = z.object({ email: z.string().trim().email().max(255), role: z.enum(INVITABLE_ROLES) }).strict();%0A+ const roleUpdateSchema = z.object({ role: z.enum(INVITABLE_ROLES) }).strict();%0A+ const profileUpdateSchema = z.object({%0A+   displayName: z.string().trim().max(200).optional(),%0A+   roleTitle: z.string().trim().max(200).optional(),%0A+   companyName: z.string().trim().max(200).optional(),%0A+ }).strict();%0A+ const revokeSessionSchema = z.object({ sessionId: z.string().trim().min(1).max(200) }).strict();%0A+%0A+ export function createAuthRouter() {%0A+   const router = Router();%0A+%0A+   // The Firebase ID token is the sole authentication authority. The database%0A+   // record supplies the tenant/RBAC projection after token verification.%0A+   router.get('/user/me', requireAuth, async (req: AuthenticatedRequest, res, next) => {%0A+     try {%0A+       const db = req.db!;%0A+       const user = await db.select({%0A+         id: users.id,%0A+         uid: users.uid,%0A+         email: users.email,%0A+         tenantId: users.tenantId,%0A+         role: users.role,%0A+         companyName: users.companyName,%0A+         roleTitle: users.roleTitle,%0A+         displayName: users.displayName,%0A+         numTechnicians: users.numTechnicians,%0A+         clientCount: users.clientCount,%0A+         primaryUseCase: users.primaryUseCase,%0A+         onboarded: users.onboarded,%0A+         mfaEnabled: users.mfaEnabled,%0A+         createdAt: users.createdAt,%0A+       }).from(users).where(eq(users.uid, req.user!.uid)).then(rows => rows[0]);%0A+%0A+       if (!user) return res.status(403).json({ error: 'User account is not provisioned' });%0A+       return res.json({ ...user, emailVerified: req.user!.emailVerified });%0A+     } catch (error) {%0A+       return next(error);%0A+     }%0A+   });%0A+%0A+   router.put('/user/profile', requireAuth, async (req: AuthenticatedRequest, res, next) => {%0A+     try {%0A+       const db = req.db!;%0A+       const parsed = profileUpdateSchema.safeParse(req.body);%0A+       if (!parsed.success) return res.status(400).json({ error: 'Invalid request', details: parsed.error.flatten() });%0A+       const result = await db.execute(sql`%0A+         UPDATE users SET%0A+           display_name = COALESCE(${parsed.data.displayName ?? null}, display_name),%0A+           role_title = COALESCE(${parsed.data.roleTitle ?? null}, role_title),%0A+           company_name = COALESCE(${parsed.data.companyName ?? null}, company_name)%0A+         WHERE uid = ${req.user!.uid} AND tenant_id = ${req.user!.tenantId}%0A+         RETURNING id, email, display_name AS "displayName", role_title AS "roleTitle", company_name AS "companyName"%0A+       `);%0A+       const row = (result as any).rows?.[0];%0A+       if (!row) return res.status(404).json({ error: 'User account not found' });%0A+       await appendAuditEntry(db, { tenantId: req.user!.tenantId, action: 'profile.updated', actor: req.user!.email, payload: { userId: req.user!.id } });%0A+       return res.json(row);%0A+     } catch (error) {%0A+       return next(error);%0A+     }%0A+   });%0A+%0A+   router.get('/organization/team', requireAuth, async (req: AuthenticatedRequest, res, next) => {%0A+     try {%0A+       const db = req.db!;%0A+       const result = await db.execute(sql`%0A+         SELECT id, email, display_name AS "displayName", role, onboarded, created_at AS "createdAt"%0A+         FROM users WHERE tenant_id = ${req.user!.tenantId} ORDER BY created_at ASC%0A+       `);%0A+       return res.json((result as any).rows ?? []);%0A+     } catch (error) {%0A+       return next(error);%0A+     }%0A+   });%0A+%0A+   router.post('/organization/invite', requireAuth, requireRole(['Owner', 'Admin']), async (req: AuthenticatedRequest, res, next) => {%0A+     try {%0A+       const db = req.db!;%0A+       const parsed = inviteSchema.safeParse(req.body);%0A+       if (!parsed.success) return res.status(400).json({ error: 'Invalid request', details: parsed.error.flatten() });%0A+       const email = parsed.data.email.toLowerCase();%0A+%0A+       const existing = await db.execute(sql`SELECT id FROM users WHERE tenant_id = ${req.user!.tenantId} AND lower(btrim(email)) = ${email} LIMIT 1`);%0A+       if ((existing as any).rows?.length) return res.status(409).json({ error: 'This email is already a member of your workspace.' });%0A+%0A+       let firebaseUser;%0A+       try {%0A+         firebaseUser = await adminAuth.getUserByEmail(email);%0A+       } catch {%0A+         firebaseUser = await adminAuth.createUser({ email, emailVerified: false });%0A+       }%0A+%0A+       const inserted = await db.execute(sql`%0A+         INSERT INTO users (uid, email, tenant_id, role, invited_by, onboarded)%0A+         VALUES (${firebaseUser.uid}, ${email}, ${req.user!.tenantId}, ${parsed.data.role}, ${req.user!.email}, 0)%0A+         RETURNING id, email, role%0A+       `);%0A+       await setUserCustomClaims(firebaseUser.uid, { workspaceId: req.user!.tenantId, role: parsed.data.role });%0A+%0A+       let inviteLink: string | null = null;%0A+       try { inviteLink = await adminAuth.generatePasswordResetLink(email); } catch { inviteLink = null; }%0A+%0A+       await appendAuditEntry(db, { tenantId: req.user!.tenantId, action: 'team.invited', actor: req.user!.email, payload: { invitedEmail: email, role: parsed.data.role } });%0A+       return res.status(201).json({ ...(inserted as any).rows?.[0], inviteLink });%0A+     } catch (error) {%0A+       return next(error);%0A+     }%0A+   });%0A+%0A+   router.put('/organization/team/:userId/role', requireAuth, requireRole(['Owner', 'Admin']), async (req: AuthenticatedRequest, res, next) => {%0A+     try {%0A+       const db = req.db!;%0A+       const parsed = roleUpdateSchema.safeParse(req.body);%0A+       if (!parsed.success) return res.status(400).json({ error: 'Invalid request', details: parsed.error.flatten() });%0A+       const targetId = Number(req.params.userId);%0A+       if (!Number.isInteger(targetId)) return res.status(400).json({ error: 'Invalid user id' });%0A+%0A+       const result = await db.execute(sql`%0A+         UPDATE users SET role = ${parsed.data.role}%0A+         WHERE id = ${targetId} AND tenant_id = ${req.user!.tenantId} AND role <> 'Owner'%0A+         RETURNING id, uid, email, role%0A+       `);%0A+       const row = (result as any).rows?.[0];%0A+       if (!row) return res.status(404).json({ error: 'Team member not found, or the Owner role cannot be changed here.' });%0A+       await setUserCustomClaims(row.uid, { workspaceId: req.user!.tenantId, role: parsed.data.role });%0A+       await appendAuditEntry(db, { tenantId: req.user!.tenantId, action: 'team.role_changed', actor: req.user!.email, payload: { targetUserId: targetId, newRole: parsed.data.role } });%0A+       return res.json({ id: row.id, email: row.email, role: row.role });%0A+     } catch (error) {%0A+       return next(error);%0A+     }%0A+   });%0A+%0A+   router.delete('/organization/team/:userId', requireAuth, requireRole(['Owner', 'Admin']), async (req: AuthenticatedRequest, res, next) => {%0A+     try {%0A+       const db = req.db!;%0A+       const targetId = Number(req.params.userId);%0A+       if (!Number.isInteger(targetId)) return res.status(400).json({ error: 'Invalid user id' });%0A+%0A+       const result = await db.execute(sql`%0A+         DELETE FROM users WHERE id = ${targetId} AND tenant_id = ${req.user!.tenantId} AND role <> 'Owner'%0A+         RETURNING id, uid, email%0A+       `);%0A+       const row = (result as any).rows?.[0];%0A+       if (!row) return res.status(404).json({ error: 'Team member not found, or the Owner cannot be removed.' });%0A+%0A+       try { await adminAuth.updateUser(row.uid, { disabled: true }); await adminAuth.revokeRefreshTokens(row.uid); } catch { /* Firebase account may already be gone; DB removal already took effect. */ }%0A+       await appendAuditEntry(db, { tenantId: req.user!.tenantId, action: 'team.removed', actor: req.user!.email, payload: { targetUserId: targetId, targetEmail: row.email } });%0A+       return res.status(204).send();%0A+     } catch (error) {%0A+       return next(error);%0A+     }%0A+   });%0A+%0A+   router.get('/auth/sessions', requireAuth, async (req: AuthenticatedRequest, res, next) => {%0A+     try {%0A+       const db = req.db!;%0A+       const currentIp = req.ip || req.socket.remoteAddress || 'unknown';%0A+       const currentUserAgent = typeof req.headers['user-agent'] === 'string' ? req.headers['user-agent'].slice(0, 512) : '';%0A+       const currentFingerprint = sessionFingerprint(req.user!.uid, currentIp, currentUserAgent);%0A+%0A+       const result = await db.execute(sql`%0A+         SELECT id, session_fingerprint AS "sessionFingerprint", ip, user_agent AS "userAgent", last_seen_at AS "lastSeenAt"%0A+         FROM user_sessions%0A+         WHERE tenant_id = ${req.user!.tenantId} AND user_id = ${req.user!.id} AND revoked_at IS NULL%0A+         ORDER BY last_seen_at DESC%0A+       `);%0A+       const rows = ((result as any).rows ?? []) as Array<{ id: string; sessionFingerprint: string; ip: string; userAgent: string; lastSeenAt: string }>;%0A+       return res.json(rows.map(row => ({%0A+         id: row.id,%0A+         email: req.user!.email,%0A+         current: row.sessionFingerprint === currentFingerprint,%0A+         ip: row.ip,%0A+         device: describeUserAgent(row.userAgent),%0A+         location: 'Not geolocated',%0A+         lastSeenAt: row.lastSeenAt,%0A+       })));%0A+     } catch (error) {%0A+       return next(error);%0A+     }%0A+   });%0A+%0A+   router.post('/auth/sessions/revoke', requireAuth, async (req: AuthenticatedRequest, res, next) => {%0A+     try {%0A+       const db = req.db!;%0A+       const parsed = revokeSessionSchema.safeParse(req.body);%0A+       if (!parsed.success) return res.status(400).json({ error: 'Invalid request', details: parsed.error.flatten() });%0A+       const currentIp = req.ip || req.socket.remoteAddress || 'unknown';%0A+       const currentUserAgent = typeof req.headers['user-agent'] === 'string' ? req.headers['user-agent'].slice(0, 512) : '';%0A+       const currentFingerprint = sessionFingerprint(req.user!.uid, currentIp, currentUserAgent);%0A+       if (parsed.data.sessionId === `sess_${currentFingerprint}`) return res.status(400).json({ error: 'Cannot revoke the session you are currently using. Sign out instead.' });%0A+%0A+       const result = await db.execute(sql`%0A+         UPDATE user_sessions SET revoked_at = NOW()%0A+         WHERE id = ${parsed.data.sessionId} AND tenant_id = ${req.user!.tenantId} AND user_id = ${req.user!.id} AND revoked_at IS NULL%0A+         RETURNING id%0A+       `);%0A+       if (!((result as any).rows?.length)) return res.status(404).json({ error: 'Session not found' });%0A+       await appendAuditEntry(db, { tenantId: req.user!.tenantId, action: 'session.revoked', actor: req.user!.email, payload: { sessionId: parsed.data.sessionId } });%0A+       return res.status(204).send();%0A+     } catch (error) {%0A+       return next(error);%0A+     }%0A+   });%0A+%0A+   router.get('/auth/login-history', requireAuth, async (req: AuthenticatedRequest, res, next) => {%0A+     try {%0A+       const db = req.db!;%0A+       const result = await db.execute(sql`%0A+         SELECT id, ip, user_agent AS "userAgent", status, occurred_at AS "occurredAt"%0A+         FROM login_history WHERE tenant_id = ${req.user!.tenantId} AND user_id = ${req.user!.id}%0A+         ORDER BY occurred_at DESC LIMIT 50%0A+       `);%0A+       const rows = ((result as any).rows ?? []) as Array<{ id: string; ip: string; userAgent: string; status: string; occurredAt: string }>;%0A+       return res.json(rows.map(row => ({%0A+         id: row.id,%0A+         email: req.user!.email,%0A+         status: row.status,%0A+         action: 'Sign-in',%0A+         timestamp: row.occurredAt,%0A+         ip: row.ip,%0A+         location: 'Not geolocated',%0A+       })));%0A+     } catch (error) {%0A+       return next(error);%0A+     }%0A+   });%0A+%0A+   router.get('/auth/audit-chain', requireAuth, async (req: AuthenticatedRequest, res, next) => {%0A+     try {%0A+       const db = req.db!;%0A+       const beforeRaw = typeof req.query.before === 'string' ? Number(req.query.before) : null;%0A+       const before = Number.isInteger(beforeRaw) && beforeRaw! > 0 ? beforeRaw : null;%0A+       const result = before%0A+         ? await db.execute(sql`%0A+             SELECT id, action, timestamp, actor, payload, current_hash AS "currentHash", previous_hash AS "previousHash"%0A+             FROM audit_trail WHERE tenant_id = ${req.user!.tenantId} AND id < ${before} ORDER BY id DESC LIMIT 50%0A+           `)%0A+         : await db.execute(sql`%0A+         SELECT id, action, timestamp, actor, payload, current_hash AS "currentHash", previous_hash AS "previousHash"%0A+         FROM audit_trail WHERE tenant_id = ${req.user!.tenantId} ORDER BY id DESC LIMIT 50%0A+       `);%0A+       const rows = ((result as any).rows ?? []) as Array<{ id: number; action: string; timestamp: string; actor: string; payload: string; currentHash: string; previousHash: string }>;%0A+       return res.json(rows.map(row => ({%0A+         id: row.id,%0A+         action: row.action,%0A+         timestamp: row.timestamp,%0A+         actor: row.actor,%0A+         payload: row.payload,%0A+         hash: row.currentHash,%0A+         currentHash: row.currentHash,%0A+         previousHash: row.previousHash,%0A+         block: { action: row.action, userEmail: row.actor.includes('@') ? row.actor : null },%0A+       })));%0A+     } catch (error) {%0A+       return next(error);%0A+     }%0A+   });%0A+%0A+   router.get('/auth/audit-chain/verify', requireAuth, async (req: AuthenticatedRequest, res, next) => {%0A+     try {%0A+       const db = req.db!;%0A+       return res.json(await verifyAuditChain(db, req.user!.tenantId));%0A+     } catch (error) {%0A+       return next(error);%0A+     }%0A+   });%0A+%0A+   router.post('/tenant/offboard', requireAuth, requireRole('Owner'), async (req: AuthenticatedRequest, res, next) => {%0A+     try {%0A+       // Purges via the owner-role connection (not req.db): offboarding must be%0A+       // able to see every table it enumerates from information_schema, and it%0A+       // already scopes every DELETE to exactly this caller's own tenant_id.%0A+       await offboardTenantData(req.user!.tenantId);%0A+       return res.status(200).json({ message: 'Tenant data purged.' });%0A+     } catch (error) {%0A+       return next(error);%0A+     }%0A+   });%0A+%0A+   // Owner-only founder metrics. Every value is either observed from tenant%0A+   // data or explicitly reported as not verified; this endpoint never invents%0A+   // production health, security, financial, or performance telemetry.%0A+   router.get('/founder/metrics', requireAuth, requireRole('Owner'), async (req: AuthenticatedRequest, res, next) => {%0A+     try {%0A+       const db = req.db!;%0A+       const counts = await db.execute(sql`%0A+         SELECT%0A+           (SELECT COUNT(*)::int FROM clients WHERE tenant_id = ${req.user!.tenantId}) AS "clientCount",%0A+           (SELECT COUNT(*)::int FROM passports WHERE tenant_id = ${req.user!.tenantId}) AS "passportCount",%0A+           (SELECT COUNT(*)::int FROM scans WHERE tenant_id = ${req.user!.tenantId}) AS "scanCount"%0A+       `);%0A+       const row = (counts as any).rows?.[0] || {};%0A+       return res.json({%0A+         latency: 'Not verified',%0A+         capitalProtected: 'Not verified',%0A+         throughput: 'Not verified',%0A+         mitigations: 'Not verified',%0A+         overallScore: null,%0A+         auditEvents: null,%0A+         activeThreats: null,%0A+         systemIntegrity: 'Not verified',%0A+         observed: {%0A+           clientCount: Number(row.clientCount || 0),%0A+           passportCount: Number(row.passportCount || 0),%0A+           scanCount: Number(row.scanCount || 0),%0A+         },%0A+       });%0A+     } catch (error) {%0A+       return next(error);%0A+     }%0A+   });%0A+%0A+   // Owner-only operational health for the command center. Every section reads%0A+   // from the real tables the corresponding subsystem already writes -- no%0A+   // second heartbeat, delivery ledger, integration status, or audit verifier%0A+   // is created here. Sections with no real backing data are omitted rather%0A+   // than populated with placeholder values; see the `notes` field.%0A+   router.get('/founder/operations', requireAuth, requireRole('Owner'), async (req: AuthenticatedRequest, res, next) => {%0A+     try {%0A+       const db = req.db!;%0A+       const tenantId = req.user!.tenantId;%0A+       const notes: string[] = [];%0A+%0A+       // --- A. Worker/job health ---------------------------------------------%0A+       // osv-worker.ts claims agent_jobs rows (job_type osv_manifest_scan /%0A+       // repository_scan). It has no separate heartbeat row; the queue state%0A+       // itself (locked_at/locked_by, the same 10-minute staleness window the%0A+       // worker uses to reclaim stuck jobs) is the real signal.%0A+       const [osvCounts, osvStale, osvFailures, osvActivity] = await Promise.all([%0A+         db.execute(sql`SELECT job_type AS "jobType", status, COUNT(*)::int AS count FROM agent_jobs WHERE tenant_id=${tenantId} AND job_type IN ('osv_manifest_scan','repository_scan') GROUP BY job_type, status`),%0A+         db.execute(sql`SELECT COUNT(*)::int AS count FROM agent_jobs WHERE tenant_id=${tenantId} AND job_type IN ('osv_manifest_scan','repository_scan') AND status='Running' AND locked_at < NOW() - INTERVAL '10 minutes'`),%0A+         db.execute(sql`SELECT id, job_type AS "jobType", error, attempt_count AS "attemptCount", max_attempts AS "maxAttempts", updated_at AS "updatedAt" FROM agent_jobs WHERE tenant_id=${tenantId} AND job_type IN ('osv_manifest_scan','repository_scan') AND status='Failed' ORDER BY updated_at DESC LIMIT 5`),%0A+         db.execute(sql`SELECT MAX(updated_at) AS "lastActivityAt" FROM agent_jobs WHERE tenant_id=${tenantId} AND job_type IN ('osv_manifest_scan','repository_scan')`),%0A+       ]);%0A+%0A+       // monitoring-worker.ts (the file name this dashboard's spec named) is not%0A+       // imported by worker.ts and never runs in production -- confirmed dead%0A+       // code, not a running system. trust-monitoring-worker.ts is the real,%0A+       // currently-running system that plays the equivalent role (collector_jobs%0A+       // has an actual heartbeat_at column, unlike agent_jobs).%0A+       const [monitoringCounts, monitoringHeartbeat, monitoringFailures] = await Promise.all([%0A+         db.execute(sql`SELECT state, COUNT(*)::int AS count FROM collector_jobs WHERE tenant_id=${tenantId} GROUP BY state`),%0A+         db.execute(sql`SELECT MAX(heartbeat_at) AS "lastHeartbeatAt" FROM collector_jobs WHERE tenant_id=${tenantId} AND state='running'`),%0A+         db.execute(sql`SELECT id, collector_id AS "collectorId", safe_error_code AS "errorCode", safe_error_message AS "errorMessage", completed_at AS "completedAt" FROM collector_jobs WHERE tenant_id=${tenantId} AND state IN ('failed','dead_lettered') ORDER BY completed_at DESC NULLS LAST LIMIT 5`),%0A+       ]);%0A+       notes.push('monitoring-worker.ts is dead code (never imported by worker.ts); "monitoringWorker" below reflects trust-monitoring-worker.ts, the real running system for the same role.');%0A+%0A+       // --- B. Webhook delivery health ----------------------------------------%0A+       const [webhookCounts, webhookEndpoints, webhookFailures] = await Promise.all([%0A+         db.execute(sql`SELECT status, COUNT(*)::int AS count FROM spr_webhook_deliveries WHERE tenant_id=${tenantId} AND created_at::timestamptz > NOW() - INTERVAL '7 days' GROUP BY status`),%0A+         db.execute(sql`SELECT COUNT(*) FILTER (WHERE active)::int AS "activeCount", COUNT(*) FILTER (WHERE NOT active)::int AS "disabledCount" FROM spr_webhooks WHERE tenant_id=${tenantId}`),%0A+         db.execute(sql`SELECT d.id, d.webhook_id AS "webhookId", w.url, d.event_type AS "eventType", d.safe_error_code AS "errorCode", d.safe_error_message AS "errorMessage", d.completed_at AS "completedAt" FROM spr_webhook_deliveries d JOIN spr_webhooks w ON w.id=d.webhook_id AND w.tenant_id=d.tenant_id WHERE d.tenant_id=${tenantId} AND d.status IN ('failed','dead_lettered') ORDER BY d.completed_at DESC NULLS LAST LIMIT 10`),%0A+       ]);%0A+       notes.push('Webhook failures are grouped by destination endpoint (webhookId/url), not "provider" -- SPR webhooks are user-configured destination URLs, not third-party provider connectors; there is no per-provider concept for outbound deliveries.');%0A+%0A+       // --- C. Integration health ----------------------------------------------%0A+       const [credentialRows, integrationRows] = await Promise.all([%0A+         db.execute(sql`SELECT provider, status, last_tested_at AS "lastTestedAt" FROM integration_credentials WHERE tenant_id=${tenantId}`),%0A+         db.execute(sql`SELECT name, connected, last_sync_date AS "lastSyncDate" FROM integrations WHERE tenant_id=${tenantId}`),%0A+       ]);%0A+       const credentialByProvider = new Map<string, any>((credentialRows as any).rows?.map((r: any) => [r.provider, r]) ?? []);%0A+       const integrationByName = new Map<string, any>((integrationRows as any).rows?.map((r: any) => [r.name, r]) ?? []);%0A+       const integrations = INTEGRATION_CATALOG.map((item) => ({%0A+         provider: item.provider,%0A+         name: item.name,%0A+         connected: Boolean(integrationByName.get(item.name)?.connected),%0A+         lastSyncDate: integrationByName.get(item.name)?.lastSyncDate ?? null,%0A+         credentialStatus: credentialByProvider.get(item.provider)?.status ?? 'NOT_CONFIGURED',%0A+         lastTestedAt: credentialByProvider.get(item.provider)?.lastTestedAt ?? null,%0A+       }));%0A+%0A+       // --- D. Audit chain integrity --------------------------------------------%0A+       // Reuses the exact function GET /api/auth/audit-chain/verify calls --%0A+       // no second verifier.%0A+       const auditChain = await verifyAuditChain(db, tenantId);%0A+%0A+       // --- E. Scan / job queue --------------------------------------------------%0A+       const [runningRepoScans, complianceSchedules] = await Promise.all([%0A+         db.execute(sql`SELECT id, passport_id AS "passportId", status, progress, updated_at AS "updatedAt" FROM agent_jobs WHERE tenant_id=${tenantId} AND job_type='repository_scan' AND status='Running' ORDER BY updated_at DESC LIMIT 10`),%0A+         db.execute(sql`SELECT id, client_id AS "clientId", frequency, status, last_audit_at AS "lastAuditAt", next_audit_at AS "nextAuditAt" FROM compliance_schedules WHERE tenant_id=${tenantId} ORDER BY COALESCE(last_audit_at, created_at) DESC LIMIT 10`),%0A+       ]);%0A+%0A+       return res.json({%0A+         generatedAt: new Date().toISOString(),%0A+         workers: {%0A+           osv: {%0A+             countsByStatus: (osvCounts as any).rows ?? [],%0A+             staleRunningCount: Number((osvStale as any).rows?.[0]?.count ?? 0),%0A+             recentFailures: (osvFailures as any).rows ?? [],%0A+             lastActivityAt: (osvActivity as any).rows?.[0]?.lastActivityAt ?? null,%0A+           },%0A+           monitoringWorker: {%0A+             realSource: 'trust-monitoring-worker.ts (collector_jobs)',%0A+             countsByState: (monitoringCounts as any).rows ?? [],%0A+             lastHeartbeatAt: (monitoringHeartbeat as any).rows?.[0]?.lastHeartbeatAt ?? null,%0A+             recentFailures: (monitoringFailures as any).rows ?? [],%0A+           },%0A+         },%0A+         webhooks: {%0A+           countsByStatusLast7Days: (webhookCounts as any).rows ?? [],%0A+           activeEndpoints: Number((webhookEndpoints as any).rows?.[0]?.activeCount ?? 0),%0A+           disabledEndpoints: Number((webhookEndpoints as any).rows?.[0]?.disabledCount ?? 0),%0A+           recentFailures: (webhookFailures as any).rows ?? [],%0A+         },%0A+         integrations,%0A+         auditChain,%0A+         queue: {%0A+           runningRepositoryScans: (runningRepoScans as any).rows ?? [],%0A+           recentlyFailedJobs: (osvFailures as any).rows ?? [],%0A+           complianceSchedules: (complianceSchedules as any).rows ?? [],%0A+         },%0A+         notes,%0A+       });%0A+     } catch (error) {%0A+       return next(error);%0A+     }%0A+   });%0A+%0A+   // Owner-only self-passport retrieval. Absence of evidence is represented as%0A+   // a 404 instead of a fabricated passport or trust score.%0A+   router.get('/passports/self-passport', requireAuth, requireRole('Owner'), async (req: AuthenticatedRequest, res, next) => {%0A+     try {%0A+       const db = req.db!;%0A+       const result = await db.execute(sql`%0A+         SELECT%0A+           id,%0A+           name,%0A+           version,%0A+           publisher,%0A+           release_date AS "releaseDate",%0A+           evidence%0A+         FROM passports%0A+         WHERE tenant_id = ${req.user!.tenantId}%0A+         ORDER BY release_date DESC NULLS LAST, id DESC%0A+         LIMIT 1%0A+       `);%0A+       const row = (result as any).rows?.[0];%0A+       if (!row) return res.status(404).json({ error: 'Self passport evidence not found', code: 'SELF_PASSPORT_NOT_FOUND' });%0A+       return res.json({%0A+         ...row,%0A+         overallScore: null,%0A+         healthStatus: 'Not verified',%0A+         evidence: Array.isArray(row.evidence) ? row.evidence : [],%0A+       });%0A+     } catch (error) {%0A+       return next(error);%0A+     }%0A+   });%0A+%0A+   // Firebase-authenticated, tenant-scoped reads for the first-party SPA.%0A+   // These are deliberately separate from /connect/v1, which is API-key based.%0A+   router.get('/user/clients', requireAuth, async (req: AuthenticatedRequest, res, next) => {%0A+     try {%0A+       const db = req.db!;%0A+       const result = await db.execute(sql`SELECT id, name, domain, industry, trust_score AS "trustScore", risk_level AS "riskLevel", avatar_color AS "avatarColor", subscription_tier AS "subscriptionTier", joined_date AS "joinedDate", team_count AS "teamCount", passport_count AS "passportCount", critical_risks_count AS "criticalRisksCount", compliance_progress AS "complianceProgress", software_inventory AS "softwareInventory", compliance_status AS "complianceStatus", team_members AS "teamMembers", activity_timeline AS "activityTimeline" FROM clients WHERE tenant_id=${req.user!.tenantId} ORDER BY joined_date DESC`);%0A+       return res.json((result as any).rows || []);%0A+     } catch (error) {%0A+       return next(error);%0A+     }%0A+   });%0A+%0A+   router.get('/user/passports', requireAuth, async (req: AuthenticatedRequest, res, next) => {%0A+     try {%0A+       const db = req.db!;%0A+       const result = await db.execute(sql`SELECT p.id, p.client_id AS "clientId", p.name, p.version, p.publisher, p.category, p.release_date AS "releaseDate", p.license_type AS "licenseType", p.sbom, COALESCE((SELECT json_agg(json_build_object('id', e.id, 'name', e.name, 'type', e.type, 'verified', e.verified, 'status', e.status, 'signer', e.signer, 'timestamp', e.timestamp, 'hash', e.hash, 'engineId', e.engine_id, 'verificationFailureReason', e.verification_failure_reason) ORDER BY e.timestamp DESC) FROM evidence_items e WHERE e.tenant_id=p.tenant_id AND e.asset_id=p.id), '[]'::json) AS evidence, COALESCE((SELECT json_agg(json_build_object('id', f.id, 'findingId', f.id, 'severity', f.severity, 'category', f.category, 'title', f.title, 'description', f.description, 'component', f.component, 'fixedVersion', f.fixed_version, 'status', f.status, 'detectedAt', f.detected_at, 'engineId', f.engine_id) ORDER BY f.detected_at DESC) FROM scan_findings f WHERE f.tenant_id=p.tenant_id AND f.asset_id=p.id), '[]'::json) AS vulnerabilities, p.timeline, NULL AS scores, 'not_authoritatively_scored' AS "scoreStatus" FROM passports p WHERE p.tenant_id=${req.user!.tenantId} ORDER BY p.name ASC`);%0A+       return res.json((result as any).rows || []);%0A+     } catch (error) {%0A+       return next(error);%0A+     }%0A+   });%0A+%0A+   router.get('/user/extensions', requireAuth, async (req: AuthenticatedRequest, res, next) => {%0A+     try {%0A+       const db = req.db!;%0A+       const result = await db.execute(sql`SELECT extension_id AS "extensionId", installed_at AS "installedAt" FROM extension_installations WHERE tenant_id=${req.user!.tenantId} ORDER BY installed_at DESC`);%0A+       return res.json((result as any).rows || []);%0A+     } catch (error) {%0A+       return next(error);%0A+     }%0A+   });%0A+%0A+   router.post('/user/extensions/:extensionId', requireAuth, requireRole(['Owner', 'Admin', 'Operator']), async (req: AuthenticatedRequest, res, next) => {%0A+     try {%0A+       const extensionId = String(req.params.extensionId || '').trim();%0A+       if (!/^[A-Za-z0-9_.-]{1,120}$/.test(extensionId)) return res.status(400).json({ error: 'Invalid extension id' });%0A+       const db = req.db!;%0A+       const result = await db.execute(sql`INSERT INTO extension_installations (tenant_id, extension_id, installed_at) VALUES (${req.user!.tenantId}, ${extensionId}, NOW()) ON CONFLICT (tenant_id, extension_id) DO UPDATE SET installed_at=NOW() RETURNING extension_id AS "extensionId", installed_at AS "installedAt"`);%0A+       return res.status(201).json((result as any).rows?.[0]);%0A+     } catch (error) {%0A+       return next(error);%0A+     }%0A+   });%0A+%0A+   router.delete('/user/extensions/:extensionId', requireAuth, requireRole(['Owner', 'Admin', 'Operator']), async (req: AuthenticatedRequest, res, next) => {%0A+     try {%0A+       const db = req.db!;%0A+       const extensionId = String(req.params.extensionId || '').trim();%0A+       const result = await db.execute(sql`DELETE FROM extension_installations WHERE tenant_id=${req.user!.tenantId} AND extension_id=${extensionId} RETURNING extension_id`);%0A+       if (!((result as any).rows?.length)) return res.status(404).json({ error: 'Extension installation not found' });%0A+       return res.status(204).send();%0A+     } catch (error) {%0A+       return next(error);%0A+     }%0A+   });%0A+%0A+   router.get('/auth/verify-status', requireAuth, async (req: AuthenticatedRequest, res) => {%0A+     return res.json({ verified: req.user!.emailVerified, emailVerified: req.user!.emailVerified });%0A+   });%0A+%0A+%0A+%0A+   router.get('/user/passports/:id/verification', requireAuth, async (req: AuthenticatedRequest, res, next) => {%0A+     try {%0A+       const db = req.db!;%0A+       const tenantId = req.user!.tenantId;%0A+       const clientScope = req.user!.role === 'Client' ? (req.user as any).clientId : null;%0A+       const passportResult = await db.execute(sql`SELECT id, version, evidence, client_id AS "clientId" FROM passports WHERE id=${req.params.id} AND tenant_id=${tenantId} AND (${clientScope} IS NULL OR client_id=${clientScope}) LIMIT 1`) as any;%0A+       const passport = passportResult.rows?.[0];%0A+       if (!passport) return res.status(404).json({ error: 'Passport not found' });%0A+       const findingResult = await db.execute(sql`SELECT id, passport_id AS "passportId", evidence_ids, status FROM trust_findings WHERE tenant_id=${tenantId} AND passport_id=${passport.id}`) as any;%0A+       const parseJson = (value: unknown): unknown[] => { try { const parsed = JSON.parse(String(value ?? '')); return Array.isArray(parsed) ? parsed : []; } catch { return []; } };%0A+       const openFindingEvidenceIds = (findingResult.rows ?? []).filter((row: any) => !['resolved','closed','verified'].includes(String(row.status || '').toLowerCase())).flatMap((row: any) => parseJson(row.evidence_ids)).filter((id: any): id is string => typeof id === 'string');%0A+       const adapted = adaptEvidenceForEvaluation({ evidence: parseJson(passport.evidence) as any[], passportVersion: passport.version, openFindingEvidenceIds });%0A+       const evaluatedAt = Date.now();%0A+       const decision = evaluateVerification({ evidence: adapted.evidence, evaluatedAt, targetIdentity: adapted.targetIdentity });%0A+       res.setHeader('Cache-Control', 'private, max-age=0, no-store');%0A+       return res.json({ decision, observations: decision.observationCount, independentSources: decision.independentSourceCount });%0A+     } catch (error) { return next(error); }%0A+   });%0A+%0A+   router.get('/user/verification', requireAuth, async (req: AuthenticatedRequest, res, next) => {%0A+     try {%0A+       const db = req.db!;%0A+       const tenantId = req.user!.tenantId;%0A+       const clientScope = req.user!.role === 'Client' ? (req.user as any).clientId : null;%0A+       const passportRows = (await db.execute(sql`SELECT id, version, evidence, client_id AS "clientId" FROM passports WHERE tenant_id=${tenantId} AND (${clientScope} IS NULL OR client_id=${clientScope}) ORDER BY id`) as any).rows ?? [];%0A+       const passportIds = passportRows.map((row: any) => String(row.id));%0A+       const parseJson = (value: unknown): unknown[] => { try { const parsed = JSON.parse(String(value ?? '')); return Array.isArray(parsed) ? parsed : []; } catch { return []; } };%0A+       // Drizzle's proven one-query binding shape for the passport findings is%0A+       // `asset_id IN ${passportIds}`; do not replace this with ANY(array).%0A+       const findingRows = passportIds.length ? ((await db.execute(sql`SELECT id, passport_id AS "passportId", evidence_ids, status FROM trust_findings WHERE tenant_id=${tenantId} AND passport_id IN ${passportIds}`) as any).rows ?? []) : [];%0A+       const evidenceByPassport = new Map<string, any[]>();%0A+       for (const passport of passportRows) evidenceByPassport.set(String(passport.id), parseJson(passport.evidence) as any[]);%0A+       const evaluatedAt = Date.now();%0A+       const verificationDecisions: Record<string, VerificationDecision> = {};%0A+       const verificationDetails: Record<string, unknown> = {};%0A+       for (const passport of passportRows) {%0A+         const findings = findingRows.filter((row: any) => String(row.passportId) === String(passport.id));%0A+         const openFindingEvidenceIds = findings.filter((row: any) => !['resolved','closed','verified'].includes(String(row.status || '').toLowerCase())).flatMap((row: any) => parseJson(row.evidence_ids)).filter((id: any): id is string => typeof id === 'string');%0A+         const adapted = adaptEvidenceForEvaluation({ evidence: evidenceByPassport.get(String(passport.id)) ?? [], passportVersion: passport.version, openFindingEvidenceIds });%0A+         const decision = evaluateVerification({ evidence: adapted.evidence, evaluatedAt, targetIdentity: adapted.targetIdentity });%0A+         verificationDecisions[String(passport.id)] = decision;%0A+         verificationDetails[String(passport.id)] = { unmappedCount: adapted.unmappedCount, undatedCount: adapted.undatedCount, observations: decision.observationCount, independentSources: decision.independentSourceCount };%0A+       }%0A+       res.setHeader('Cache-Control', 'private, max-age=0, no-store');%0A+       return res.json({ verificationDecisions, verificationDetails });%0A+     } catch (error) { return next(error); }%0A+   });%0A+%0A+   return router;%0A+ }%0A+%0A%0A ❯ tests/tenant-branding-contract.test.ts:21:18%0A%0A

::error file=/home/runner/work/software-passport-registry/software-passport-registry/tests/tenant-branding-contract.test.ts,title=tests/tenant-branding-contract.test.ts > persistent white-label branding > ReportsView pre-fills the white-label export from saved branding instead of leaving it blank every time,line=34,column=25::AssertionError: expected 'import { useEffect, useMemo, useState…' to contain 'apiFetch(\'/api/organization/branding…'%0A%0A- Expected%0A+ Received%0A%0A- apiFetch('/api/organization/branding')%0A+ import { useEffect, useMemo, useState, type ChangeEvent } from 'react';%0A+ import { Copy, Download, FileJson, FileText, History, Package, Printer, RefreshCw, Share2, ShieldCheck, Upload, Users } from 'lucide-react';%0A+ import type { Alert, Client, Scan, SoftwarePassport } from '../types';%0A+ import { apiFetch } from '../utils/apiClient';%0A+ import { generateCoBrandedTrustReport, generatePassportEvidenceReport } from '../utils/pdfGenerator';%0A+%0A+ type ReportPayload = {%0A+   schemaVersion?: string;%0A+   reportType?: string;%0A+   generatedAt?: string;%0A+   passport?: { id?: string; name?: string };%0A+   risk?: { overall?: number | null; security?: number | null; compliance?: number | null };%0A+   evidenceQuality?: { completenessBasisPoints?: number; unknownDimensions?: number; latestObservationAt?: string | null };%0A+   findings?: unknown[];%0A+   evidence?: unknown[];%0A+   observations?: unknown[];%0A+   remediation?: unknown[];%0A+   verification?: unknown[];%0A+   traceability?: string;%0A+   limitations?: Array<{ evidenceId?: string; limitation?: string }>;%0A+   reportHash?: string;%0A+   sbom?: Array<{ name?: string; version?: string; license?: string; vulnerabilityCount?: number; criticalOrHighCount?: number }>;%0A+   controls?: Array<{ controlId?: string; findingCount?: number; openCount?: number; worstSeverity?: string }>;%0A+ };%0A+%0A+ type ReportSnapshot = {%0A+   id: string;%0A+   report_type: string;%0A+   generated_at: string;%0A+   score: number;%0A+   completeness_basis_points: number;%0A+   canonical_payload_hash: string;%0A+ };%0A+%0A+ type ShareInfo = { shareUrl: string; expiresAt: string; reportType: string };%0A+%0A+ const REPORT_TYPES: Array<{ value: string; label: string }> = [%0A+   { value: 'executive', label: 'Executive trust report' },%0A+   { value: 'technical', label: 'Technical / engineering' },%0A+   { value: 'compliance', label: 'Compliance (by control)' },%0A+   { value: 'sbom', label: 'SBOM report' },%0A+   { value: 'vendor', label: 'Vendor risk' },%0A+   { value: 'msp', label: 'MSP / client' },%0A+   { value: 'customer', label: 'Customer-facing' },%0A+   { value: 'auditor', label: 'Auditor' },%0A+   { value: 'evidence-ledger', label: 'Evidence ledger' },%0A+ ];%0A+%0A+ const SHARE_ROLES = new Set(['Owner', 'Admin', 'Operator']);%0A+%0A+ interface ReportsViewProps {%0A+   clients?: Client[];%0A+   passports?: SoftwarePassport[];%0A+   scans?: Scan[];%0A+   alerts?: Alert[];%0A+   findings?: unknown[];%0A+   role?: string;%0A+ }%0A+%0A+ function download(name: string, body: string, type: string) {%0A+   const url = URL.createObjectURL(new Blob([body], { type }));%0A+   const link = document.createElement('a');%0A+   link.href = url;%0A+   link.download = name;%0A+   document.body.appendChild(link);%0A+   link.click();%0A+   link.remove();%0A+   URL.revokeObjectURL(url);%0A+ }%0A+%0A+ function csvCell(value: unknown) {%0A+   return `"${String(value ?? '').replace(/"/g, '""')}"`;%0A+ }%0A+%0A+ function clientName(passport: SoftwarePassport, clients: Client[]) {%0A+   const clientId = String((passport as SoftwarePassport & { clientId?: string }).clientId || '');%0A+   return clients.find((client) => client.id === clientId)?.name || 'Unassigned client';%0A+ }%0A+%0A+ export default function ReportsView({ clients = [], passports = [], scans = [], alerts = [], findings = [], role = 'Viewer' }: ReportsViewProps) {%0A+   const [selectedPassportId, setSelectedPassportId] = useState(passports[0]?.id || '');%0A+   const [reportType, setReportType] = useState('executive');%0A+   const [report, setReport] = useState<ReportPayload | null>(null);%0A+   const [loading, setLoading] = useState(false);%0A+   const [message, setMessage] = useState('');%0A+   const [history, setHistory] = useState<ReportSnapshot[]>([]);%0A+   const [historyLoading, setHistoryLoading] = useState(false);%0A+   const [shareInfo, setShareInfo] = useState<ShareInfo | null>(null);%0A+   const [sharing, setSharing] = useState(false);%0A+   const [shareMessage, setShareMessage] = useState('');%0A+   const [exportClientIds, setExportClientIds] = useState<Set<string>>(new Set());%0A+%0A+   const [whiteLabelClientId, setWhiteLabelClientId] = useState(clients[0]?.id || '');%0A+   const [mspName, setMspName] = useState('');%0A+   const [brandColor, setBrandColor] = useState('#22d3ee');%0A+   const [reportTitle, setReportTitle] = useState('Software Trust & Compliance Ledger');%0A+   const [executiveSummary, setExecutiveSummary] = useState('');%0A+   const [logoBase64, setLogoBase64] = useState<string | undefined>(undefined);%0A+   const [sections, setSections] = useState({ summary: true, metrics: true, inventory: true, compliance: true, signatures: true });%0A+%0A+   const canShare = SHARE_ROLES.has(role);%0A+%0A+   useEffect(() => {%0A+     if (!passports.some((passport) => passport.id === selectedPassportId)) {%0A+       setSelectedPassportId(passports[0]?.id || '');%0A+     }%0A+   }, [passports, selectedPassportId]);%0A+%0A+   useEffect(() => {%0A+     if (!clients.some((client) => client.id === whiteLabelClientId)) {%0A+       setWhiteLabelClientId(clients[0]?.id || '');%0A+     }%0A+   }, [clients, whiteLabelClientId]);%0A+%0A+   useEffect(() => {%0A+     setReport(null);%0A+     setHistory([]);%0A+     setShareInfo(null);%0A+     setShareMessage('');%0A+     setMessage('');%0A+   }, [selectedPassportId, reportType]);%0A+%0A+   const selectedPassport = passports.find((passport) => passport.id === selectedPassportId);%0A+   const evidenceCount = passports.reduce((total, passport) => total + passport.evidence.length, 0);%0A+   const vulnerabilityCount = passports.reduce((total, passport) => total + passport.vulnerabilities.length, 0);%0A+   const findingCount = findings.length;%0A+%0A+   const loadHistory = async (passportId: string) => {%0A+     setHistoryLoading(true);%0A+     try {%0A+       const response = await apiFetch(`/api/trust-loop/reports/${encodeURIComponent(passportId)}/history?type=${encodeURIComponent(reportType)}`);%0A+       const payload = await response.json().catch(() => null);%0A+       if (response.ok) setHistory(Array.isArray(payload?.snapshots) ? payload.snapshots : []);%0A+     } finally {%0A+       setHistoryLoading(false);%0A+     }%0A+   };%0A+%0A+   const loadReport = async () => {%0A+     if (!selectedPassport) return;%0A+     setLoading(true);%0A+     setMessage('');%0A+     try {%0A+       const response = await apiFetch(`/api/trust-loop/reports/${encodeURIComponent(selectedPassport.id)}?type=${encodeURIComponent(reportType)}`);%0A+       const payload = await response.json().catch(() => null);%0A+       if (!response.ok) throw new Error(String(payload?.error || `Report request failed (${response.status})`));%0A+       setReport(payload as ReportPayload);%0A+       setMessage('Authoritative report loaded from the tenant-scoped trust report endpoint.');%0A+       void loadHistory(selectedPassport.id);%0A+     } catch (error) {%0A+       setReport(null);%0A+       setMessage(error instanceof Error ? error.message : 'Unable to load the report.');%0A+     } finally {%0A+       setLoading(false);%0A+     }%0A+   };%0A+%0A+   const loadSnapshot = async (snapshotId: string) => {%0A+     if (!selectedPassport) return;%0A+     setLoading(true);%0A+     setMessage('');%0A+     try {%0A+       const response = await apiFetch(`/api/trust-loop/reports/${encodeURIComponent(selectedPassport.id)}/history/${encodeURIComponent(snapshotId)}`);%0A+       const payload = await response.json().catch(() => null);%0A+       if (!response.ok) throw new Error(String(payload?.error || `Snapshot request failed (${response.status})`));%0A+       setReport(payload as ReportPayload);%0A+       setMessage('Loaded a historical snapshot of this report. Re-run "Load report" for the current state.');%0A+     } catch (error) {%0A+       setMessage(error instanceof Error ? error.message : 'Unable to load that snapshot.');%0A+     } finally {%0A+       setLoading(false);%0A+     }%0A+   };%0A+%0A+   const createShareLink = async () => {%0A+     if (!selectedPassport) return;%0A+     setSharing(true);%0A+     setShareMessage('');%0A+     try {%0A+       const response = await apiFetch(`/api/public/v1/reports/${encodeURIComponent(selectedPassport.id)}/token`, {%0A+         method: 'POST',%0A+         headers: { 'Content-Type': 'application/json' },%0A+         body: JSON.stringify({ type: reportType }),%0A+       });%0A+       const payload = await response.json().catch(() => null);%0A+       if (!response.ok) throw new Error(String(payload?.error || `Share link request failed (${response.status})`));%0A+       setShareInfo({ shareUrl: payload.shareUrl, expiresAt: payload.expiresAt, reportType: payload.reportType });%0A+     } catch (error) {%0A+       setShareInfo(null);%0A+       setShareMessage(error instanceof Error ? error.message : 'Unable to create a share link.');%0A+     } finally {%0A+       setSharing(false);%0A+     }%0A+   };%0A+%0A+   const copyShareLink = async () => {%0A+     if (!shareInfo) return;%0A+     try {%0A+       await navigator.clipboard.writeText(shareInfo.shareUrl);%0A+       setShareMessage('Share link copied to clipboard.');%0A+     } catch {%0A+       setShareMessage('Copy failed — select and copy the link manually.');%0A+     }%0A+   };%0A+%0A+   const downloadPdf = () => {%0A+     if (!selectedPassport) return;%0A+     generatePassportEvidenceReport(selectedPassport, 'SPR Reports Center', '#22d3ee');%0A+   };%0A+%0A+   const exportReportJson = () => {%0A+     if (!report || !selectedPassport) return;%0A+     download(`spr-report-${selectedPassport.id}-${reportType}.json`, JSON.stringify(report, null, 2), 'application/json');%0A+   };%0A+%0A+   const exportRegistryCsv = () => {%0A+     const clientFilter = exportClientIds.size > 0 ? exportClientIds : null;%0A+     const passportInScope = (passport: SoftwarePassport) => !clientFilter || clientFilter.has(String((passport as SoftwarePassport & { clientId?: string }).clientId || ''));%0A+     const scopedPassports = passports.filter(passportInScope);%0A+     const scopedClients = clientFilter ? clients.filter((client) => clientFilter.has(client.id)) : clients;%0A+     const rows = [%0A+       ['recordType', 'id', 'name', 'version', 'client', 'status', 'severity', 'observedAt'],%0A+       ...scopedPassports.map((passport) => ['passport', passport.id, passport.name, passport.version, clientName(passport, clients), 'registered', '', passport.releaseDate]),%0A+       ...scopedPassports.flatMap((passport) => passport.evidence.map((item: any) => ['evidence', item.id, item.name, '', clientName(passport, clients), item.status || item.verificationStatus, '', item.timestamp])),%0A+       ...scopedPassports.flatMap((passport) => passport.vulnerabilities.map((item: any) => ['vulnerability', item.id, item.title || item.id, item.component || '', clientName(passport, clients), item.status, item.severity, item.detectedAt || item.publishedDate])),%0A+       ...findings.filter((finding: any) => !clientFilter || clientFilter.has(String(finding.client_id || ''))).map((finding: any) => ['finding', finding.id, finding.title || finding.control_id, '', clients.find((client) => client.id === String(finding.client_id || ''))?.name || 'Unassigned client', finding.status, finding.severity, finding.updated_at]),%0A+       ...scans.filter((scan) => !clientFilter || scopedClients.some((client) => client.name === scan.clientName)).map((scan) => ['scan', scan.id, scan.targetName, '', scan.clientName, scan.status, '', scan.timestamp]),%0A+       ...alerts.filter((alert) => !clientFilter || scopedClients.some((client) => client.name === alert.clientName)).map((alert) => ['alert', alert.id, alert.title, '', alert.clientName, alert.status, alert.severity, alert.timestamp]),%0A+     ];%0A+     const suffix = clientFilter ? `-${scopedClients.length}-clients` : '';%0A+     download(`spr-registry-records${suffix}.csv`, rows.map((row) => row.map(csvCell).join(',')).join('\n'), 'text/csv;charset=utf-8');%0A+   };%0A+%0A+   const toggleExportClient = (clientId: string) => {%0A+     setExportClientIds((current) => { const next = new Set(current); if (next.has(clientId)) next.delete(clientId); else next.add(clientId); return next; });%0A+   };%0A+%0A+   const handleLogoUpload = (event: ChangeEvent<HTMLInputElement>) => {%0A+     const file = event.target.files?.[0];%0A+     if (!file) return;%0A+     const reader = new FileReader();%0A+     reader.onload = () => setLogoBase64(typeof reader.result === 'string' ? reader.result : undefined);%0A+     reader.readAsDataURL(file);%0A+   };%0A+%0A+   const generateWhiteLabelReport = () => {%0A+     const client = clients.find((item) => item.id === whiteLabelClientId);%0A+     if (!client || !mspName.trim()) return;%0A+     generateCoBrandedTrustReport(client, mspName.trim(), brandColor, reportTitle, 0, executiveSummary, logoBase64, sections.summary, sections.metrics, sections.inventory, sections.compliance, sections.signatures);%0A+   };%0A+%0A+   const reportText = useMemo(() => {%0A+     if (!report) return '';%0A+     return [%0A+       `SPR ${report.reportType || reportType} report: ${report.passport?.name || selectedPassport?.name || 'Passport'}`,%0A+       `Generated: ${report.generatedAt || 'unknown'}`,%0A+       `Report hash: ${report.reportHash || 'not returned'}`,%0A+       `Evidence records: ${report.evidence?.length ?? 0}`,%0A+       `Findings: ${report.findings?.length ?? 0}`,%0A+       `Observations: ${report.observations?.length ?? 0}`,%0A+       `Remediation records: ${report.remediation?.length ?? 0}`,%0A+       `Traceability: ${report.traceability || 'not returned'}`,%0A+       ...(report.limitations || []).map((item) => `Limitation (${item.evidenceId || 'evidence'}): ${item.limitation || 'not specified'}`),%0A+     ].join('\n');%0A+   }, [report, selectedPassport, reportType]);%0A+%0A+   return (%0A+     <section aria-labelledby="reports-title">%0A+       <div className="mb-4 flex flex-wrap items-center justify-between gap-3">%0A+         <div>%0A+           <h1 id="reports-title" className="text-[22px] font-semibold text-[#201f1e]">Reports center</h1>%0A+           <p className="mt-1 text-[13px] text-[#605e5c]">Evidence-backed exports and reports loaded from this tenant's existing APIs.</p>%0A+         </div>%0A+         <button onClick={() => window.print()} className="inline-flex h-8 items-center gap-1.5 rounded border border-[#c8c6c4] px-3 text-[13px] font-medium text-[#323130] hover:bg-black/[.03]"><Printer size={14} /> Print / save PDF</button>%0A+       </div>%0A+%0A+       <details className="mb-4 rounded-md border border-[#e1dfdd] bg-[#faf9f8] text-[13px]">%0A+         <summary className="cursor-pointer select-none px-3 py-2 font-medium text-[#323130]">ⓘ What is this? · How it works</summary>%0A+         <div className="px-3 pb-3 text-[#605e5c]">%0A+           <p>Exports contain only records loaded from this tenant's existing APIs. No trust score, compliance claim, or finding is inferred in this view.</p>%0A+           <ol className="mt-1.5 list-decimal space-y-0.5 pl-4">%0A+             <li>Export a registry CSV, or select a passport and report type to load a server-generated report.</li>%0A+             <li>Download the loaded report as JSON/PDF, or create a signed, expiring share link.</li>%0A+             <li>Optionally generate a co-branded white-label PDF for one client.</li>%0A+           </ol>%0A+         </div>%0A+       </details>%0A+%0A+       <div className="mb-4 flex flex-wrap gap-6 rounded-md border border-[#e1dfdd] bg-white p-3">%0A+         {[%0A+           ['Clients', clients.length, 'Persisted client records'],%0A+           ['Passports', passports.length, 'Registered software identity'],%0A+           ['Evidence', evidenceCount, 'Nested passport evidence'],%0A+           ['Findings / vulnerabilities', findingCount + vulnerabilityCount, 'Loaded finding and vulnerability records'],%0A+         ].map(([label, value, detail]) => (%0A+           <div key={String(label)}>%0A+             <div className="text-[11px] text-[#605e5c]">{label}</div>%0A+             <div className="text-lg font-semibold text-[#201f1e]">{value}</div>%0A+             <div className="text-[11px] text-[#8a8886]">{detail}</div>%0A+           </div>%0A+         ))}%0A+       </div>%0A+%0A+       <div className="mb-4 grid gap-4 xl:grid-cols-[1.1fr_.9fr]">%0A+         <div className="rounded-md border border-[#e1dfdd] bg-white p-4">%0A+           <div className="flex items-center gap-1.5"><ShieldCheck size={16} className="text-[#605e5c]" /><h2 className="text-[14px] font-semibold text-[#201f1e]">Tenant registry exports</h2></div>%0A+           <p className="mt-1 text-[13px] text-[#605e5c]">CSV includes the loaded client, passport, evidence, vulnerability, finding, scan, and alert records.</p>%0A+           {clients.length > 0 && (%0A+             <div className="mt-3 flex flex-wrap items-center gap-2">%0A+               <Users size={13} className="text-[#8a8886]" />%0A+               <span className="text-[12px] text-[#605e5c]">{exportClientIds.size === 0 ? 'All clients' : `${exportClientIds.size} of ${clients.length} clients selected`}</span>%0A+               <div className="flex flex-wrap gap-1.5">%0A+                 {clients.map((client) => (%0A+                   <button key={client.id} onClick={() => toggleExportClient(client.id)} className={`rounded-full border px-2 py-0.5 text-[11px] font-medium ${exportClientIds.has(client.id) ? 'border-[#0f6cbd] bg-[#eff6fc] text-[#0f6cbd]' : 'border-[#c8c6c4] bg-white text-[#605e5c]'}`}>{client.name}</button>%0A+                 ))}%0A+               </div>%0A+             </div>%0A+           )}%0A+           <div className="mt-3 flex flex-wrap gap-2">%0A+             <button onClick={exportRegistryCsv} disabled={!passports.length && !clients.length} className="inline-flex h-8 items-center gap-1.5 rounded bg-[#0f6cbd] px-3 text-[13px] font-medium text-white hover:bg-[#004578] disabled:cursor-not-allowed disabled:opacity-40"><Download size={14} /> Export registry CSV</button>%0A+           </div>%0A+           <div className="mt-4 border-t border-[#e1dfdd] pt-4">%0A+             <h3 className="text-[13px] font-semibold text-[#201f1e]">Server report snapshot</h3>%0A+             <p className="mt-1 text-[12px] leading-5 text-[#605e5c]">Loads <code className="rounded bg-[#f3f2f1] px-1 py-0.5">/api/trust-loop/reports/:passportId</code>, which returns persisted findings, evidence, observations, remediation, verification, limitations, and a report hash.</p>%0A+             <div className="mt-3 flex flex-col gap-2 sm:flex-row">%0A+               <select value={selectedPassportId} onChange={(event) => setSelectedPassportId(event.target.value)} className="h-9 min-w-0 flex-1 rounded border border-[#c8c6c4] bg-white px-3 text-[13px] text-[#201f1e] focus:border-[#0f6cbd] focus:ring-1 focus:ring-[#0f6cbd]">%0A+                 {!passports.length && <option value="">No passports loaded</option>}%0A+                 {passports.map((passport) => <option key={passport.id} value={passport.id}>{passport.name} · {passport.version}</option>)}%0A+               </select>%0A+               <select value={reportType} onChange={(event) => setReportType(event.target.value)} className="h-9 min-w-0 flex-1 rounded border border-[#c8c6c4] bg-white px-3 text-[13px] text-[#201f1e] focus:border-[#0f6cbd] focus:ring-1 focus:ring-[#0f6cbd]">%0A+                 {REPORT_TYPES.map((type) => <option key={type.value} value={type.value}>{type.label}</option>)}%0A+               </select>%0A+               <button onClick={() => void loadReport()} disabled={!selectedPassport || loading} className="inline-flex h-9 items-center justify-center gap-1.5 whitespace-nowrap rounded border border-[#0f6cbd] bg-[#eff6fc] px-3 text-[13px] font-medium text-[#0f6cbd] disabled:cursor-not-allowed disabled:opacity-40"><RefreshCw size={14} className={loading ? 'animate-spin' : ''} /> {loading ? 'Loading…' : 'Load report'}</button>%0A+             </div>%0A+             {message && <p className="mt-2 text-[12px] text-[#605e5c]" role="status">{message}</p>}%0A+           </div>%0A+%0A+           <div className="mt-4 border-t border-[#e1dfdd] pt-4">%0A+             <div className="flex items-center gap-1.5"><History size={14} className="text-[#605e5c]" /><h3 className="text-[13px] font-semibold text-[#201f1e]">Report history</h3></div>%0A+             <p className="mt-1 text-[12px] leading-5 text-[#605e5c]">Every generated report is hashed and versioned. Load a passport report above to populate history for the selected type.</p>%0A+             {historyLoading && <p className="mt-2 text-[12px] text-[#605e5c]">Loading history…</p>}%0A+             {!historyLoading && history.length === 0 && <p className="mt-2 text-[12px] text-[#605e5c]">No prior snapshots for this passport and report type yet.</p>}%0A+             {history.length > 0 && (%0A+               <ul className="mt-2 max-h-48 space-y-1.5 overflow-auto pr-1">%0A+                 {history.map((snapshot) => (%0A+                   <li key={snapshot.id}>%0A+                     <button onClick={() => void loadSnapshot(snapshot.id)} className="w-full rounded border border-[#e1dfdd] bg-[#faf9f8] px-3 py-2 text-left text-[12px] text-[#323130] hover:border-[#0f6cbd] hover:bg-[#eff6fc]">%0A+                       <div className="flex items-center justify-between gap-2">%0A+                         <span>{new Date(snapshot.generated_at).toLocaleString()}</span>%0A+                         <span className="text-[#605e5c]">score {snapshot.score}</span>%0A+                       </div>%0A+                       <div className="mt-0.5 truncate font-mono text-[11px] text-[#8a8886]">{snapshot.canonical_payload_hash}</div>%0A+                     </button>%0A+                   </li>%0A+                 ))}%0A+               </ul>%0A+             )}%0A+           </div>%0A+         </div>%0A+%0A+         <div className="rounded-md border border-[#e1dfdd] bg-white p-4">%0A+           <h2 className="text-[14px] font-semibold text-[#201f1e]">Download loaded report</h2>%0A+           <p className="mt-1 text-[13px] text-[#605e5c]">JSON is the exact server response. PDF is generated client-side from the loaded passport's SBOM, evidence, and timeline.</p>%0A+           <div className="mt-3 flex flex-wrap gap-2">%0A+             <button onClick={exportReportJson} disabled={!report} className="inline-flex h-8 items-center gap-1.5 rounded border border-[#c8c6c4] px-3 text-[13px] font-medium text-[#323130] hover:bg-black/[.03] disabled:cursor-not-allowed disabled:opacity-40"><FileJson size={14} /> Export JSON</button>%0A+             <button onClick={downloadPdf} disabled={!selectedPassport} className="inline-flex h-8 items-center gap-1.5 rounded border border-[#c8c6c4] px-3 text-[13px] font-medium text-[#323130] hover:bg-black/[.03] disabled:cursor-not-allowed disabled:opacity-40"><FileText size={14} /> Download PDF</button>%0A+           </div>%0A+%0A+           <div className="mt-4 border-t border-[#e1dfdd] pt-4">%0A+             <div className="flex items-center gap-1.5"><Share2 size={14} className="text-[#605e5c]" /><h3 className="text-[13px] font-semibold text-[#201f1e]">Shareable link</h3></div>%0A+             <p className="mt-1 text-[12px] leading-5 text-[#605e5c]">%0A+               {canShare%0A+                 ? 'Creates a signed, tenant-scoped link that expires in 7 days. Anyone with the link sees a redacted, evidence-backed summary — no internal remediation or verification detail.'%0A+                 : `Your ${role} role cannot create share links. Owner, Admin, or Operator is required.`}%0A+             </p>%0A+             <div className="mt-2 flex flex-wrap items-center gap-2">%0A+               <button onClick={() => void createShareLink()} disabled={!canShare || !selectedPassport || sharing} className="inline-flex h-8 items-center gap-1.5 rounded border border-[#c8c6c4] px-3 text-[13px] font-medium text-[#323130] hover:bg-black/[.03] disabled:cursor-not-allowed disabled:opacity-40">%0A+                 <Share2 size={14} className={sharing ? 'animate-pulse' : ''} /> {sharing ? 'Creating…' : 'Create share link'}%0A+               </button>%0A+               {shareInfo && (%0A+                 <button onClick={() => void copyShareLink()} className="inline-flex h-8 items-center gap-1.5 rounded border border-[#0f6cbd] bg-[#eff6fc] px-2.5 text-[12px] font-medium text-[#0f6cbd]"><Copy size={13} /> Copy link</button>%0A+               )}%0A+             </div>%0A+             {shareInfo && (%0A+               <div className="mt-2 rounded border border-[#e1dfdd] bg-[#faf9f8] p-2.5 text-[12px] text-[#605e5c]">%0A+                 <div className="truncate font-mono text-[#323130]">{shareInfo.shareUrl}</div>%0A+                 <div className="mt-0.5 text-[#8a8886]">Expires {new Date(shareInfo.expiresAt).toLocaleString()}</div>%0A+               </div>%0A+             )}%0A+             {shareMessage && <p className="mt-1.5 text-[12px] text-[#605e5c]" role="status">{shareMessage}</p>}%0A+           </div>%0A+%0A+           <pre className="mt-4 max-h-64 overflow-auto rounded-md border border-[#e1dfdd] bg-[#faf9f8] p-3 text-[12px] leading-5 text-[#605e5c] whitespace-pre-wrap">{reportText || 'Load a passport report to preview its persisted traceability and limitations.'}</pre>%0A+         </div>%0A+       </div>%0A+%0A+       {report?.sbom && (%0A+         <div className="mb-4 rounded-md border border-[#e1dfdd] bg-white p-4">%0A+           <div className="flex items-center gap-1.5"><Package size={16} className="text-[#605e5c]" /><h2 className="text-[14px] font-semibold text-[#201f1e]">SBOM components</h2></div>%0A+           <p className="mt-1 text-[13px] text-[#605e5c]">Each component is cross-referenced against this passport's recorded vulnerabilities by name.</p>%0A+           <div className="mt-3 overflow-auto">%0A+             <table className="w-full min-w-[560px] text-left text-[13px]">%0A+               <thead className="border-b border-[#e1dfdd] text-[11px] uppercase tracking-wide text-[#605e5c]"><tr><th className="px-3 py-2">Component</th><th className="px-3 py-2">Version</th><th className="px-3 py-2">License</th><th className="px-3 py-2">Vulnerabilities</th><th className="px-3 py-2">Critical/High</th></tr></thead>%0A+               <tbody>%0A+                 {report.sbom.length === 0 && <tr><td colSpan={5} className="px-3 py-2.5 text-[#605e5c]">No SBOM components recorded for this passport.</td></tr>}%0A+                 {report.sbom.map((component, index) => (%0A+                   <tr key={`${component.name}-${index}`} className="border-b border-[#f3f2f1] hover:bg-black/[.02]">%0A+                     <td className="px-3 py-2.5 text-[#201f1e]">{component.name || '—'}</td>%0A+                     <td className="px-3 py-2.5 text-[#605e5c]">{component.version || '—'}</td>%0A+                     <td className="px-3 py-2.5 text-[#605e5c]">{component.license || '—'}</td>%0A+                     <td className="px-3 py-2.5 text-[#605e5c]">{component.vulnerabilityCount ?? 0}</td>%0A+                     <td className="px-3 py-2.5 text-[#605e5c]">{component.criticalOrHighCount ?? 0}</td>%0A+                   </tr>%0A+                 ))}%0A+               </tbody>%0A+             </table>%0A+           </div>%0A+         </div>%0A+       )}%0A+%0A+       {report?.controls && (%0A+         <div className="mb-4 rounded-md border border-[#e1dfdd] bg-white p-4">%0A+           <div className="flex items-center gap-1.5"><ShieldCheck size={16} className="text-[#605e5c]" /><h2 className="text-[14px] font-semibold text-[#201f1e]">Findings by control</h2></div>%0A+           <p className="mt-1 text-[13px] text-[#605e5c]">Open trust findings grouped by control ID, worst-observed severity first.</p>%0A+           <div className="mt-3 overflow-auto">%0A+             <table className="w-full min-w-[480px] text-left text-[13px]">%0A+               <thead className="border-b border-[#e1dfdd] text-[11px] uppercase tracking-wide text-[#605e5c]"><tr><th className="px-3 py-2">Control</th><th className="px-3 py-2">Findings</th><th className="px-3 py-2">Open</th><th className="px-3 py-2">Worst severity</th></tr></thead>%0A+               <tbody>%0A+                 {report.controls.length === 0 && <tr><td colSpan={4} className="px-3 py-2.5 text-[#605e5c]">No control-mapped findings for this passport.</td></tr>}%0A+                 {report.controls.map((control) => (%0A+                   <tr key={control.controlId} className="border-b border-[#f3f2f1] hover:bg-black/[.02]">%0A+                     <td className="px-3 py-2.5 font-mono text-[#201f1e]">{control.controlId || '—'}</td>%0A+                     <td className="px-3 py-2.5 text-[#605e5c]">{control.findingCount ?? 0}</td>%0A+                     <td className="px-3 py-2.5 text-[#605e5c]">{control.openCount ?? 0}</td>%0A+                     <td className="px-3 py-2.5 capitalize text-[#605e5c]">{control.worstSeverity || '—'}</td>%0A+                   </tr>%0A+                 ))}%0A+               </tbody>%0A+             </table>%0A+           </div>%0A+         </div>%0A+       )}%0A+%0A+       {clients.length > 0 && (%0A+         <div className="mb-4 rounded-md border border-[#e1dfdd] bg-white p-4">%0A+           <h2 className="text-[14px] font-semibold text-[#201f1e]">White-label client report</h2>%0A+           <p className="mt-1 text-[13px] text-[#605e5c]">Generates a co-branded PDF for one client using your MSP name, logo, and brand color. Runs entirely in the browser from already-loaded client data.</p>%0A+           <div className="mt-3 grid gap-3 lg:grid-cols-2">%0A+             <div className="space-y-2">%0A+               <select value={whiteLabelClientId} onChange={(event) => setWhiteLabelClientId(event.target.value)} className="h-9 w-full rounded border border-[#c8c6c4] bg-white px-3 text-[13px] text-[#201f1e] focus:border-[#0f6cbd] focus:ring-1 focus:ring-[#0f6cbd]">%0A+                 {clients.map((client) => <option key={client.id} value={client.id}>{client.name}</option>)}%0A+               </select>%0A+               <input value={mspName} onChange={(event) => setMspName(event.target.value)} placeholder="Your MSP / firm name *" className="h-9 w-full rounded border border-[#c8c6c4] bg-white px-3 text-[13px] text-[#201f1e] placeholder:text-[#8a8886] focus:border-[#0f6cbd] focus:ring-1 focus:ring-[#0f6cbd]" />%0A+               <input value={reportTitle} onChange={(event) => setReportTitle(event.target.value)} placeholder="Report title" className="h-9 w-full rounded border border-[#c8c6c4] bg-white px-3 text-[13px] text-[#201f1e] focus:border-[#0f6cbd] focus:ring-1 focus:ring-[#0f6cbd]" />%0A+               <div className="flex items-center gap-3">%0A+                 <label className="flex items-center gap-2 text-[12px] text-[#605e5c]">Brand color <input type="color" value={brandColor} onChange={(event) => setBrandColor(event.target.value)} className="h-8 w-8 rounded border border-[#c8c6c4] bg-transparent" /></label>%0A+                 <label className="inline-flex h-9 cursor-pointer items-center gap-1.5 rounded border border-[#c8c6c4] px-3 text-[12px] text-[#323130] hover:bg-black/[.03]"><Upload size={13} /> {logoBase64 ? 'Logo uploaded' : 'Upload logo'}<input type="file" accept="image/png,image/jpeg,image/webp" onChange={handleLogoUpload} className="hidden" /></label>%0A+               </div>%0A+               <textarea value={executiveSummary} onChange={(event) => setExecutiveSummary(event.target.value)} placeholder="Executive summary (optional)" rows={3} className="w-full rounded border border-[#c8c6c4] bg-white px-3 py-2 text-[13px] text-[#201f1e] placeholder:text-[#8a8886] focus:border-[#0f6cbd] focus:ring-1 focus:ring-[#0f6cbd]" />%0A+             </div>%0A+             <div className="space-y-2">%0A+               <div className="grid grid-cols-2 gap-2 text-[12px] text-[#323130]">%0A+                 {(Object.keys(sections) as Array<keyof typeof sections>).map((key) => (%0A+                   <label key={key} className="flex items-center gap-2 rounded border border-[#e1dfdd] bg-[#faf9f8] px-3 py-2 capitalize"><input type="checkbox" checked={sections[key]} onChange={(event) => setSections((current) => ({ ...current, [key]: event.target.checked }))} /> {key}</label>%0A+                 ))}%0A+               </div>%0A+               <button onClick={generateWhiteLabelReport} disabled={!whiteLabelClientId || !mspName.trim()} className="inline-flex h-9 w-full items-center justify-center gap-1.5 rounded bg-[#0f6cbd] px-3 text-[13px] font-medium text-white hover:bg-[#004578] disabled:cursor-not-allowed disabled:opacity-40"><FileText size={14} /> Generate white-label PDF</button>%0A+               <p className="text-[11px] leading-5 text-[#8a8886]">Uses the client's already-loaded software inventory and compliance status. No score is fabricated beyond what SPR already has on record for this client.</p>%0A+             </div>%0A+           </div>%0A+         </div>%0A+       )}%0A+%0A+       <div className="rounded-md border border-[#e1dfdd] bg-[#fff4ce] p-3 text-[12px] leading-5 text-[#8a5700]">%0A+         <strong>Capability boundary:</strong> PDF export runs entirely in the browser from already-loaded passport data; there is no server-rendered PDF. Share links are stateless signed URLs with a 7-day expiry and cannot be individually revoked before then. "Print / save PDF" still uses the browser's print dialog for a full-page copy. Empty datasets remain empty and are not replaced with sample values.%0A+       </div>%0A+     </section>%0A+   );%0A+ }%0A+%0A%0A ❯ tests/tenant-branding-contract.test.ts:34:25%0A%0A

::error file=/home/runner/work/software-passport-registry/software-passport-registry/tests/tenant-branding-contract.test.ts,title=tests/tenant-branding-contract.test.ts > persistent white-label branding > SettingsView lets only Owner/Admin edit branding%2C matching the same canManageTeam gate as team management,line=40,column=26::AssertionError: expected '/**\r\n * @license\r\n * SPDX-License…' to contain 'apiFetch(\'/api/organization/branding…'%0A%0A- Expected%0A+ Received%0A%0A- apiFetch('/api/organization/branding')%0A+ /**%0D%0A+  * @license%0D%0A+  * SPDX-License-Identifier: Apache-2.0%0D%0A+  */%0D%0A+ %0D%0A+ import React, { useState, useEffect, useMemo } from 'react';%0D%0A+ import {%0D%0A+   Settings, Shield, Sliders, KeyRound, Bell, HelpCircle, CheckCircle,%0D%0A+   Sun, Moon, RefreshCw, Trash2, Fingerprint, Lock, FileText, Globe, FileCode,%0D%0A+   BookOpen, Search, Sparkles, PlusCircle, AlertTriangle, Play, ChevronRight, Check,%0D%0A+   ExternalLink, Layers, Info, Filter, ShieldAlert, BadgeAlert, CheckCircle2, AlertCircle%0D%0A+ } from 'lucide-react';%0D%0A+ import { auth } from '../lib/firebase';%0D%0A+ import { apiFetch } from '../utils/apiClient';%0D%0A+ %0D%0A+ interface SettingsViewProps {%0D%0A+   theme: 'light' | 'dark';%0D%0A+   onToggleTheme: () => void;%0D%0A+ }%0D%0A+ %0D%0A+ export default function SettingsView({ theme, onToggleTheme }: SettingsViewProps) {%0D%0A+   const [activeSubTab, setActiveSubTab] = useState<'configurations' | 'bible' | 'organization'>('configurations');%0D%0A+   const [mfaEnabled, setMfaEnabled] = useState(true);%0D%0A+   const [slaTarget, setSlaTarget] = useState(85);%0D%0A+   const [saveSuccess, setSaveSuccess] = useState(false);%0D%0A+   const [offboarding, setOffboarding] = useState(false);%0D%0A+   const [testing, setTesting] = useState(false);%0D%0A+   const [testResults, setTestResults] = useState<any[]>([]);%0D%0A+ %0D%0A+   // Profile & Org/Team States%0D%0A+   const [profile, setProfile] = useState<any>(null);%0D%0A+   const [teamMembers, setTeamMembers] = useState<any[]>([]);%0D%0A+   const [inviteEmail, setInviteEmail] = useState('');%0D%0A+   const [inviteRole, setInviteRole] = useState('Technician');%0D%0A+   const [editingProfile, setEditingProfile] = useState(false);%0D%0A+   const [profileName, setProfileName] = useState('');%0D%0A+   const [profileJobTitle, setProfileJobTitle] = useState('');%0D%0A+   const [profileCompany, setProfileCompany] = useState('');%0D%0A+   const [loadingTeam, setLoadingTeam] = useState(false);%0D%0A+   const [teamError, setTeamError] = useState<string | null>(null);%0D%0A+   const [teamSuccess, setTeamSuccess] = useState<string | null>(null);%0D%0A+ %0D%0A+   // profile is fetched from /api/user/me, which already returns the caller's%0D%0A+   // role — derive gating from it directly rather than requiring a separate%0D%0A+   // prop. Matches backend enforcement exactly: POST /api/tenant/offboard is%0D%0A+   // requireRole('Owner'); team invite/role-change/remove are requireRole%0D%0A+   // (['Owner','Admin']) (auth.ts).%0D%0A+   const currentRole: string = profile?.role || 'Viewer';%0D%0A+   const isOwner = currentRole === 'Owner';%0D%0A+   const canManageTeam = isOwner || currentRole === 'Admin';%0D%0A+ %0D%0A+   const fetchProfileAndTeam = async () => {%0D%0A+     setLoadingTeam(true);%0D%0A+     try {%0D%0A+       // 1. Fetch user profile%0D%0A+       const profRes = await apiFetch('/api/user/me');%0D%0A+       if (profRes.ok) {%0D%0A+         const profData = await profRes.json();%0D%0A+         setProfile(profData);%0D%0A+         setProfileName(profData.displayName || '');%0D%0A+         setProfileJobTitle(profData.roleTitle || '');%0D%0A+         setProfileCompany(profData.companyName || '');%0D%0A+       }%0D%0A+ %0D%0A+       // 2. Fetch team members%0D%0A+       const teamRes = await apiFetch('/api/organization/team');%0D%0A+       if (teamRes.ok) {%0D%0A+         const teamData = await teamRes.json();%0D%0A+         setTeamMembers(teamData);%0D%0A+       }%0D%0A+     } catch (err) {%0D%0A+       console.error('Error fetching profile or organization team:', err);%0D%0A+     } finally {%0D%0A+       setLoadingTeam(false);%0D%0A+     }%0D%0A+   };%0D%0A+ %0D%0A+   const handleInviteMember = async (e: React.FormEvent) => {%0D%0A+     e.preventDefault();%0D%0A+     if (!inviteEmail || !canManageTeam) return;%0D%0A+     setTeamError(null);%0D%0A+     setTeamSuccess(null);%0D%0A+     try {%0D%0A+       const res = await apiFetch('/api/organization/invite', {%0D%0A+         method: 'POST',%0D%0A+         headers: { 'Content-Type': 'application/json' },%0D%0A+         body: JSON.stringify({ email: inviteEmail, role: inviteRole })%0D%0A+       });%0D%0A+       if (res.ok) {%0D%0A+         setTeamSuccess(`Successfully sent security invitation to ${inviteEmail}`);%0D%0A+         setInviteEmail('');%0D%0A+         fetchProfileAndTeam();%0D%0A+       } else {%0D%0A+         const errData = await res.json();%0D%0A+         setTeamError(errData.message || 'Failed to send workspace invitation.');%0D%0A+       }%0D%0A+     } catch (err) {%0D%0A+       setTeamError('Network error while dispatching invitation.');%0D%0A+     }%0D%0A+   };%0D%0A+ %0D%0A+   const handleUpdateMemberRole = async (userId: string, newRole: string) => {%0D%0A+     if (!canManageTeam) return;%0D%0A+     setTeamError(null);%0D%0A+     setTeamSuccess(null);%0D%0A+     try {%0D%0A+       const res = await apiFetch(`/api/organization/team/${userId}/role`, {%0D%0A+         method: 'PUT',%0D%0A+         headers: { 'Content-Type': 'application/json' },%0D%0A+         body: JSON.stringify({ role: newRole })%0D%0A+       });%0D%0A+       if (res.ok) {%0D%0A+         setTeamSuccess('Workspace member role updated successfully.');%0D%0A+         fetchProfileAndTeam();%0D%0A+       } else {%0D%0A+         const errData = await res.json();%0D%0A+         setTeamError(errData.message || 'Permission denied.');%0D%0A+       }%0D%0A+     } catch (err) {%0D%0A+       setTeamError('Failed to synchronize updated permission rules.');%0D%0A+     }%0D%0A+   };%0D%0A+ %0D%0A+   const handleRemoveMember = async (userId: string) => {%0D%0A+     if (!canManageTeam) return;%0D%0A+     const confirmed = window.confirm('Are you sure you want to revoke this user\'s workspace security credentials?');%0D%0A+     if (!confirmed) return;%0D%0A+     setTeamError(null);%0D%0A+     setTeamSuccess(null);%0D%0A+     try {%0D%0A+       const res = await apiFetch(`/api/organization/team/${userId}`, {%0D%0A+         method: 'DELETE'%0D%0A+       });%0D%0A+       if (res.ok) {%0D%0A+         setTeamSuccess('Revoked workspace access and terminated session keys.');%0D%0A+         fetchProfileAndTeam();%0D%0A+       } else {%0D%0A+         const errData = await res.json();%0D%0A+         setTeamError(errData.message || 'Rejection from database.');%0D%0A+       }%0D%0A+     } catch (err) {%0D%0A+       setTeamError('Failed to remove member.');%0D%0A+     }%0D%0A+   };%0D%0A+ %0D%0A+   const handleSaveProfile = async (e: React.FormEvent) => {%0D%0A+     e.preventDefault();%0D%0A+     setTeamError(null);%0D%0A+     setTeamSuccess(null);%0D%0A+     try {%0D%0A+       const res = await apiFetch('/api/user/profile', {%0D%0A+         method: 'PUT',%0D%0A+         headers: { 'Content-Type': 'application/json' },%0D%0A+         body: JSON.stringify({%0D%0A+           displayName: profileName,%0D%0A+           roleTitle: profileJobTitle,%0D%0A+           companyName: profileCompany%0D%0A+         })%0D%0A+       });%0D%0A+       if (res.ok) {%0D%0A+         setTeamSuccess('User profile details updated successfully.');%0D%0A+         setEditingProfile(false);%0D%0A+         fetchProfileAndTeam();%0D%0A+       } else {%0D%0A+         const errData = await res.json();%0D%0A+         setTeamError(errData.message || 'Failed to save details.');%0D%0A+       }%0D%0A+     } catch (err) {%0D%0A+       setTeamError('Failed to save profile changes.');%0D%0A+     }%0D%0A+   };%0D%0A+ %0D%0A+   // Product Bible list%0D%0A+   const [bibleProducts, setBibleProducts] = useState<any[]>([%0D%0A+     {%0D%0A+       id: 'pb-nginx',%0D%0A+       name: 'Nginx Web Server',%0D%0A+       type: 'Web Infrastructure / Proxy',%0D%0A+       baselineSecureVersion: '1.24.0',%0D%0A+       allowedLicenses: ['BSD-2-Clause', 'MIT', 'Apache-2.0'],%0D%0A+       disallowedLicenses: ['GPL-3.0-only', 'AGPL-3.0-only'],%0D%0A+       riskTier: 'Low',%0D%0A+       complianceTarget: 'SOC 2 CC6.1 / NIST SP 800-53',%0D%0A+       safeguardPolicy: 'Enforce TLS 1.3 only, disable cleartext HTTP ports, and prune default Server header metadata.'%0D%0A+     },%0D%0A+     {%0D%0A+       id: 'pb-postgres',%0D%0A+       name: 'PostgreSQL Relational Engine',%0D%0A+       type: 'Database Systems',%0D%0A+       baselineSecureVersion: '15.4',%0D%0A+       allowedLicenses: ['PostgreSQL', 'MIT', 'Apache-2.0'],%0D%0A+       disallowedLicenses: ['AGPL-3.0-only', 'GPL-3.0-only'],%0D%0A+       riskTier: 'Low',%0D%0A+       complianceTarget: 'NIST SP 800-171 / HIPAA Sec. 164',%0D%0A+       safeguardPolicy: 'Enable row-level security (RLS), mandate pgcrypto encryption for columns, and bind exclusively to localized subnets.'%0D%0A+     },%0D%0A+     {%0D%0A+       id: 'pb-redis',%0D%0A+       name: 'Redis In-Memory Key-Value Cache',%0D%0A+       type: 'Cache Systems',%0D%0A+       baselineSecureVersion: '7.0.12',%0D%0A+       allowedLicenses: ['BSD-3-Clause', 'MIT'],%0D%0A+       disallowedLicenses: ['SSPL-1.0', 'AGPL-3.0-only'],%0D%0A+       riskTier: 'Medium',%0D%0A+       complianceTarget: 'PCI-DSS v4.0 Req 2 & 3',%0D%0A+       safeguardPolicy: 'Disable custom dangerous admin commands (CONFIG, FLUSHALL), set authentication passwords, and restrict container loopbacks.'%0D%0A+     },%0D%0A+     {%0D%0A+       id: 'pb-log4j',%0D%0A+       name: 'Apache Log4j Core Logging',%0D%0A+       type: 'Open Source Logging Framework',%0D%0A+       baselineSecureVersion: '2.17.1',%0D%0A+       allowedLicenses: ['Apache-2.0'],%0D%0A+       disallowedLicenses: ['GPL-3.0-only', 'AGPL-3.0-only'],%0D%0A+       riskTier: 'High',%0D%0A+       complianceTarget: 'CISA KEV Mitigation Directive',%0D%0A+       safeguardPolicy: 'Ensure strict lookup disabling (formatMsgNoLookups=true) and remove JMSAppender class files from all builds to neutralize JNDI execution risks.'%0D%0A+     },%0D%0A+     {%0D%0A+       id: 'pb-docker',%0D%0A+       name: 'Docker Container base environment',%0D%0A+       type: 'Container Foundations',%0D%0A+       baselineSecureVersion: '24.0.5',%0D%0A+       allowedLicenses: ['Apache-2.0', 'MIT'],%0D%0A+       disallowedLicenses: ['GPL-3.0-only', 'AGPL-3.0-only'],%0D%0A+       riskTier: 'Low',%0D%0A+       complianceTarget: 'CIS Docker Benchmarks v1.6',%0D%0A+       safeguardPolicy: 'Run containers with non-root privileges, specify readonly root filesystems, and strip all unneeded kernel capabilities (SYS_ADMIN).'%0D%0A+     }%0D%0A+   ]);%0D%0A+ %0D%0A+   // Search/Filter state for Product Bible%0D%0A+   const [bibleSearchQuery, setBibleSearchQuery] = useState('');%0D%0A+   const [bibleFilterRisk, setBibleFilterRisk] = useState('all');%0D%0A+   const [selectedBibleProductId, setSelectedBibleProductId] = useState<string>('pb-nginx');%0D%0A+ %0D%0A+   // New Bible Product form fields%0D%0A+   const [showAddBibleProduct, setShowAddBibleProduct] = useState(false);%0D%0A+   const [newBpName, setNewBpName] = useState('');%0D%0A+   const [newBpType, setNewBpType] = useState('Web Infrastructure / Proxy');%0D%0A+   const [newBpVersion, setNewBpVersion] = useState('');%0D%0A+   const [newBpAllowedLics, setNewBpAllowedLics] = useState('MIT, Apache-2.0, BSD-3-Clause');%0D%0A+   const [newBpDisallowedLics, setNewBpDisallowedLics] = useState('GPL-3.0-only, AGPL-3.0-only');%0D%0A+   const [newBpRisk, setNewBpRisk] = useState<'Low' | 'Medium' | 'High'>('Low');%0D%0A+   const [newBpCompliance, setNewBpCompliance] = useState('');%0D%0A+   const [newBpSafeguard, setNewBpSafeguard] = useState('');%0D%0A+ %0D%0A+   // Sandbox Auditor states%0D%0A+   const [sandboxProduct, setSandboxProduct] = useState('Nginx Web Server');%0D%0A+   const [sandboxCustomName, setSandboxCustomName] = useState('');%0D%0A+   const [sandboxVersion, setSandboxVersion] = useState('1.25.1');%0D%0A+   const [sandboxLicense, setSandboxLicense] = useState('MIT');%0D%0A+   const [sandboxEnv, setSandboxEnv] = useState('Production');%0D%0A+   const [sandboxReport, setSandboxReport] = useState<any | null>(null);%0D%0A+ %0D%0A+   // Multi-tenant Active Sessions, SSO and Cryptographic audit state%0D%0A+   const [sessions, setSessions] = useState<any[]>([]);%0D%0A+   const [history, setHistory] = useState<any[]>([]);%0D%0A+   const [auditChain, setAuditChain] = useState<any[]>([]);%0D%0A+   const [loadingLedgers, setLoadingLedgers] = useState(false);%0D%0A+   const [verifyingLedger, setVerifyingLedger] = useState(false);%0D%0A+   const [verificationResult, setVerificationResult] = useState<any | null>(null);%0D%0A+ %0D%0A+   // SAML SSO Form settings%0D%0A+   const [ssoEnabled, setSsoEnabled] = useState(true);%0D%0A+   const [ssoProvider, setSsoProvider] = useState('Okta Enterprise IdP');%0D%0A+   const [ssoMetadataUrl, setSsoMetadataUrl] = useState('https://idp.okta.com/app/exk810/sso/saml/metadata');%0D%0A+   const [ssoClientId, setSsoClientId] = useState('spr_msp_okta_prod_01');%0D%0A+ %0D%0A+   const handleVerifyLedger = async () => {%0D%0A+     setVerifyingLedger(true);%0D%0A+     setVerificationResult(null);%0D%0A+     try {%0D%0A+       const res = await apiFetch('/api/auth/audit-chain/verify');%0D%0A+       if (res.ok) {%0D%0A+         const data = await res.json();%0D%0A+         setVerificationResult(data);%0D%0A+       } else {%0D%0A+         setVerificationResult({%0D%0A+           isValid: false,%0D%0A+           error: 'Verification request returned a server exception.'%0D%0A+         });%0D%0A+       }%0D%0A+     } catch (err: any) {%0D%0A+       setVerificationResult({%0D%0A+         isValid: false,%0D%0A+         error: err?.message || 'Network connection timeout.'%0D%0A+       });%0D%0A+     } finally {%0D%0A+       setVerifyingLedger(false);%0D%0A+     }%0D%0A+   };%0D%0A+ %0D%0A+   const fetchAuthDataLedgers = async () => {%0D%0A+     setLoadingLedgers(true);%0D%0A+     try {%0D%0A+       const sessRes = await apiFetch('/api/auth/sessions');%0D%0A+       if (sessRes.ok) {%0D%0A+         const data = await sessRes.json();%0D%0A+         setSessions(data);%0D%0A+       }%0D%0A+ %0D%0A+       const histRes = await apiFetch('/api/auth/login-history');%0D%0A+       if (histRes.ok) {%0D%0A+         const data = await histRes.json();%0D%0A+         setHistory(data);%0D%0A+       }%0D%0A+ %0D%0A+       const chainRes = await apiFetch('/api/auth/audit-chain');%0D%0A+       if (chainRes.ok) {%0D%0A+         const data = await chainRes.json();%0D%0A+         setAuditChain(data);%0D%0A+       }%0D%0A+     } catch (err) {%0D%0A+       console.error('Error fetching identity and compliance data ledgers:', err);%0D%0A+     } finally {%0D%0A+       setLoadingLedgers(false);%0D%0A+     }%0D%0A+   };%0D%0A+ %0D%0A+   useEffect(() => {%0D%0A+     fetchAuthDataLedgers();%0D%0A+     fetchProfileAndTeam();%0D%0A+   }, []);%0D%0A+ %0D%0A+   const handleRevokeSession = async (sessionId: string) => {%0D%0A+     try {%0D%0A+       const res = await apiFetch('/api/auth/sessions/revoke', {%0D%0A+         method: 'POST',%0D%0A+         headers: { 'Content-Type': 'application/json' },%0D%0A+         body: JSON.stringify({ sessionId })%0D%0A+       });%0D%0A+       if (res.ok) {%0D%0A+         fetchAuthDataLedgers();%0D%0A+       } else {%0D%0A+         alert('Could not complete session revocation.');%0D%0A+       }%0D%0A+     } catch (err) {%0D%0A+       console.error('Error during session revocation:', err);%0D%0A+     }%0D%0A+   };%0D%0A+ %0D%0A+   // There is no test-runner endpoint in the backend (running the test suite%0D%0A+   // from an HTTP request would itself be a code-execution risk), and no%0D%0A+   // endpoint separately verifies RLS isolation, OAuth handshakes, or API%0D%0A+   // quota safety. This checks the one thing SPR can actually report on%0D%0A+   // itself: real database connectivity, via the existing /api/ready%0D%0A+   // readiness probe — the same one an orchestrator uses.%0D%0A+   const runDiagnosticSuite = async () => {%0D%0A+     setTesting(true);%0D%0A+     try {%0D%0A+       const res = await apiFetch('/api/ready');%0D%0A+       const data = await res.json().catch(() => ({}));%0D%0A+       const dbOk = Boolean(data?.checks?.database?.ok);%0D%0A+       setTestResults([%0D%0A+         { name: 'Database connectivity', status: dbOk ? 'PASS' : 'FAIL', details: dbOk ? `Responded in ${data.checks.database.latencyMs}ms` : data?.checks?.database?.error || 'Database unavailable' },%0D%0A+         { name: 'API reachability', status: 'PASS', details: `/api/ready responded HTTP ${res.status}` },%0D%0A+       ]);%0D%0A+     } catch (err) {%0D%0A+       console.error('Error running readiness check:', err);%0D%0A+       setTestResults([{ name: 'API reachability', status: 'FAIL', details: 'The readiness request itself failed' }]);%0D%0A+     } finally {%0D%0A+       setTesting(false);%0D%0A+     }%0D%0A+   };%0D%0A+ %0D%0A+   const handleOffboardTenant = async () => {%0D%0A+     if (!isOwner) { alert(`Your ${currentRole} role cannot offboard this workspace. Owner is required.`); return; }%0D%0A+     const confirmed = window.confirm(%0D%0A+       "CRITICAL SECURITY ALERT: Are you absolutely certain you want to offboard this tenant? This will cascade-delete all databases, software passports, compliance statuses, and credentials instantly from our PostgreSQL storage nodes. This action cannot be undone."%0D%0A+     );%0D%0A+     if (!confirmed) return;%0D%0A+ %0D%0A+     setOffboarding(true);%0D%0A+     try {%0D%0A+       const res = await apiFetch('/api/tenant/offboard', {%0D%0A+         method: 'POST',%0D%0A+       });%0D%0A+       if (res.ok) {%0D%0A+         alert("Offboarding complete. Your tenant profile and isolated workspaces have been purged from storage nodes.");%0D%0A+         localStorage.removeItem('msp_user');%0D%0A+         await auth.signOut().catch(() => {});%0D%0A+         window.location.reload();%0D%0A+       } else {%0D%0A+         const errorData = await res.json();%0D%0A+         alert(`Offboarding failed: ${errorData.error || 'Server error'}`);%0D%0A+       }%0D%0A+     } catch (err) {%0D%0A+       console.error('Failed to trigger tenant data offboarding:', err);%0D%0A+       alert('Network error while completing data purge.');%0D%0A+     } finally {%0D%0A+       setOffboarding(false);%0D%0A+     }%0D%0A+   };%0D%0A+ %0D%0A+   // No backend endpoint persists these fields (SLA target, MFA toggle, SSO%0D%0A+   // config, daily-scan cadence) — they are local component state only and%0D%0A+   // reset on reload/navigation. This used to show a "Portal configuration%0D%0A+   // updated!" success message that implied a real save; keep that claim%0D%0A+   // honest until real persistence exists rather than build a fake one.%0D%0A+   const handleSaveSettings = () => {%0D%0A+     setSaveSuccess(true);%0D%0A+     setTimeout(() => setSaveSuccess(false), 4000);%0D%0A+   };%0D%0A+ %0D%0A+   const activeBibleProduct = useMemo(() => {%0D%0A+     return bibleProducts.find(p => p.id === selectedBibleProductId) || bibleProducts[0];%0D%0A+   }, [bibleProducts, selectedBibleProductId]);%0D%0A+ %0D%0A+   const filteredBibleProducts = useMemo(() => {%0D%0A+     return bibleProducts.filter(bp => {%0D%0A+       const matchSearch = bp.name.toLowerCase().includes(bibleSearchQuery.toLowerCase()) ||%0D%0A+                           bp.type.toLowerCase().includes(bibleSearchQuery.toLowerCase()) ||%0D%0A+                           bp.complianceTarget.toLowerCase().includes(bibleSearchQuery.toLowerCase());%0D%0A+       const matchRisk = bibleFilterRisk === 'all' || bp.riskTier.toLowerCase() === bibleFilterRisk.toLowerCase();%0D%0A+       return matchSearch && matchRisk;%0D%0A+     });%0D%0A+   }, [bibleProducts, bibleSearchQuery, bibleFilterRisk]);%0D%0A+ %0D%0A+   const handleAddBibleProduct = (e: React.FormEvent) => {%0D%0A+     e.preventDefault();%0D%0A+     if (!newBpName || !newBpVersion) {%0D%0A+       alert('Please enter a product name and baseline secure version.');%0D%0A+       return;%0D%0A+     }%0D%0A+ %0D%0A+     const newProduct = {%0D%0A+       id: `pb-custom-${Date.now()}`,%0D%0A+       name: newBpName,%0D%0A+       type: newBpType,%0D%0A+       baselineSecureVersion: newBpVersion,%0D%0A+       allowedLicenses: newBpAllowedLics.split(',').map(s => s.trim()).filter(Boolean),%0D%0A+       disallowedLicenses: newBpDisallowedLics.split(',').map(s => s.trim()).filter(Boolean),%0D%0A+       riskTier: newBpRisk,%0D%0A+       complianceTarget: newBpCompliance || 'Standard Compliance Profile',%0D%0A+       safeguardPolicy: newBpSafeguard || 'Verify cryptographic signature and restrict host execution capabilities on staging.'%0D%0A+     };%0D%0A+ %0D%0A+     setBibleProducts(prev => [newProduct, ...prev]);%0D%0A+     setSelectedBibleProductId(newProduct.id);%0D%0A+     setShowAddBibleProduct(false);%0D%0A+ %0D%0A+     // Reset inputs%0D%0A+     setNewBpName('');%0D%0A+     setNewBpVersion('');%0D%0A+     setNewBpCompliance('');%0D%0A+     setNewBpSafeguard('');%0D%0A+   };%0D%0A+ %0D%0A+   const handleRunSandboxAudit = () => {%0D%0A+     let targetName = sandboxProduct;%0D%0A+     if (sandboxProduct === 'custom' && sandboxCustomName) {%0D%0A+       targetName = sandboxCustomName;%0D%0A+     }%0D%0A+ %0D%0A+     const matchedBp = bibleProducts.find(bp =>%0D%0A+       bp.name.toLowerCase() === targetName.toLowerCase() ||%0D%0A+       targetName.toLowerCase().includes(bp.name.toLowerCase())%0D%0A+     );%0D%0A+ %0D%0A+     let versionStatus: 'Compliant' | 'Warning' | 'Fail' = 'Compliant';%0D%0A+     let versionDetails = '';%0D%0A+ %0D%0A+     const inputVer = sandboxVersion.trim();%0D%0A+     if (!inputVer) {%0D%0A+       versionStatus = 'Warning';%0D%0A+       versionDetails = 'No version specified. Auditing engine cannot verify baseline standards.';%0D%0A+     } else if (matchedBp) {%0D%0A+       const baseline = matchedBp.baselineSecureVersion;%0D%0A+       const baselineNum = parseFloat(baseline.replace(/[^0-9.]/g, ''));%0D%0A+       const inputNum = parseFloat(inputVer.replace(/[^0-9.]/g, ''));%0D%0A+ %0D%0A+       if (!isNaN(baselineNum) && !isNaN(inputNum)) {%0D%0A+         if (inputNum < baselineNum) {%0D%0A+           versionStatus = 'Fail';%0D%0A+           versionDetails = `Ingested version v${inputVer} is older than the recommended secure baseline v${baseline}. Potential known CVE exposures exist!`;%0D%0A+         } else {%0D%0A+           versionStatus = 'Compliant';%0D%0A+           versionDetails = `Version v${inputVer} matches or exceeds secure baseline standards (v${baseline}).`;%0D%0A+         }%0D%0A+       } else {%0D%0A+         versionDetails = `Assumed compatible with baseline standards (Recommended baseline: v${baseline}).`;%0D%0A+       }%0D%0A+     } else {%0D%0A+       versionDetails = 'Unregistered custom software. Compliance baseline has not been defined in the Master Bible.';%0D%0A+     }%0D%0A+ %0D%0A+     let licenseStatus: 'Compliant' | 'Warning' | 'Fail' = 'Compliant';%0D%0A+     let licenseDetails = '';%0D%0A+ %0D%0A+     if (matchedBp) {%0D%0A+       const allowed = matchedBp.allowedLicenses.map((l: string) => l.toLowerCase());%0D%0A+       const disallowed = matchedBp.disallowedLicenses.map((l: string) => l.toLowerCase());%0D%0A+       const queryLic = sandboxLicense.trim().toLowerCase();%0D%0A+ %0D%0A+       if (disallowed.includes(queryLic)) {%0D%0A+         licenseStatus = 'Fail';%0D%0A+         licenseDetails = `License "${sandboxLicense}" is strictly prohibited for the enterprise by corporate policy. Refuse deployments.`;%0D%0A+       } else if (allowed.length > 0 && !allowed.includes(queryLic)) {%0D%0A+         licenseStatus = 'Warning';%0D%0A+         licenseDetails = `License "${sandboxLicense}" is not explicitly greenlisted in the Master Bible for ${matchedBp.name}. Legal review recommended.`;%0D%0A+       } else {%0D%0A+         licenseStatus = 'Compliant';%0D%0A+         licenseDetails = `License "${sandboxLicense}" matches greenlisted standards for this software class.`;%0D%0A+       }%0D%0A+     } else {%0D%0A+       const queryLic = sandboxLicense.trim().toLowerCase();%0D%0A+       if (['gpl-3.0', 'agpl-3.0', 'gpl-3.0-only', 'agpl-3.0-only', 'sspl-1.0'].includes(queryLic)) {%0D%0A+         licenseStatus = 'Fail';%0D%0A+         licenseDetails = `Copyleft license "${sandboxLicense}" detected. Deploying to commercial client clouds presents critical proprietary exposure risks.`;%0D%0A+       } else {%0D%0A+         licenseStatus = 'Compliant';%0D%0A+         licenseDetails = `License "${sandboxLicense}" is typical of standard permissible open-source software libraries.`;%0D%0A+       }%0D%0A+     }%0D%0A+ %0D%0A+     const complianceTarget = matchedBp ? matchedBp.complianceTarget : 'General NIST SP 800-53 Rev 5 / CIS Safeguards';%0D%0A+     const safeguardPolicy = matchedBp ? matchedBp.safeguardPolicy : 'Verify cryptographic signature (SLSA/Cosign), restrict container capabilities, and verify dependency CVE maps prior to operational staging.';%0D%0A+ %0D%0A+     let overallStatus: 'PASS' | 'WARN' | 'FAIL' = 'PASS';%0D%0A+     if (versionStatus === 'Fail' || licenseStatus === 'Fail') {%0D%0A+       overallStatus = 'FAIL';%0D%0A+     } else if (versionStatus === 'Warning' || licenseStatus === 'Warning') {%0D%0A+       overallStatus = 'WARN';%0D%0A+     }%0D%0A+ %0D%0A+     setSandboxReport({%0D%0A+       productName: targetName,%0D%0A+       version: inputVer || 'unknown',%0D%0A+       license: sandboxLicense,%0D%0A+       environment: sandboxEnv,%0D%0A+       overallStatus,%0D%0A+       versionStatus,%0D%0A+       versionDetails,%0D%0A+       licenseStatus,%0D%0A+       licenseDetails,%0D%0A+       complianceTarget,%0D%0A+       safeguardPolicy,%0D%0A+       timestamp: new Date().toISOString()%0D%0A+     });%0D%0A+   };%0D%0A+ %0D%0A+   return (%0D%0A+     <div className="space-y-4" id="msp-settings-view">%0D%0A+       {/* Page Header */}%0D%0A+       <div className="flex flex-col gap-3 sm:flex-row sm:items-center sm:justify-between">%0D%0A+         <div>%0D%0A+           <h1 className="text-[22px] font-semibold text-[#201f1e] flex items-center gap-2">%0D%0A+             <Settings className="h-4 w-4 text-[#0f6cbd]" />%0D%0A+             <span>Platform Settings & Compliance Bible</span>%0D%0A+           </h1>%0D%0A+           <p className="mt-1 text-[13px] text-[#605e5c]">%0D%0A+             Configure thresholds, SAML authentication gateways, operator sessions, and the master product security Bible.%0D%0A+           </p>%0D%0A+         </div>%0D%0A+ %0D%0A+         <button%0D%0A+           onClick={fetchAuthDataLedgers}%0D%0A+           disabled={loadingLedgers}%0D%0A+           className="inline-flex h-9 items-center gap-1.5 rounded border border-[#c8c6c4] px-3 text-[13px] font-medium text-[#323130] hover:bg-black/[.03] disabled:opacity-60"%0D%0A+         >%0D%0A+           <RefreshCw className={`h-3.5 w-3.5 ${loadingLedgers ? 'animate-spin' : ''}`} />%0D%0A+           <span>Sync Audits</span>%0D%0A+         </button>%0D%0A+       </div>%0D%0A+ %0D%0A+       {/* Sub-Tab Selector */}%0D%0A+       <div className="flex gap-1 border-b border-[#e1dfdd]">%0D%0A+         <button%0D%0A+           type="button"%0D%0A+           onClick={() => setActiveSubTab('configurations')}%0D%0A+           className={`flex items-center gap-1.5 px-3 py-2 text-[13px] font-medium border-b-2 -mb-px ${%0D%0A+             activeSubTab === 'configurations'%0D%0A+               ? 'border-[#0f6cbd] text-[#0f6cbd]'%0D%0A+               : 'border-transparent text-[#605e5c] hover:text-[#323130]'%0D%0A+           }`}%0D%0A+         >%0D%0A+           <Sliders className="h-3.5 w-3.5" />%0D%0A+           <span>Configurations</span>%0D%0A+         </button>%0D%0A+         <button%0D%0A+           type="button"%0D%0A+           onClick={() => setActiveSubTab('organization')}%0D%0A+           className={`flex items-center gap-1.5 px-3 py-2 text-[13px] font-medium border-b-2 -mb-px ${%0D%0A+             activeSubTab === 'organization'%0D%0A+               ? 'border-[#0f6cbd] text-[#0f6cbd]'%0D%0A+               : 'border-transparent text-[#605e5c] hover:text-[#323130]'%0D%0A+           }`}%0D%0A+         >%0D%0A+           <Layers className="h-3.5 w-3.5" />%0D%0A+           <span>Team & Profile</span>%0D%0A+         </button>%0D%0A+         <button%0D%0A+           type="button"%0D%0A+           onClick={() => setActiveSubTab('bible')}%0D%0A+           className={`flex items-center gap-1.5 px-3 py-2 text-[13px] font-medium border-b-2 -mb-px ${%0D%0A+             activeSubTab === 'bible'%0D%0A+               ? 'border-[#0f6cbd] text-[#0f6cbd]'%0D%0A+               : 'border-transparent text-[#605e5c] hover:text-[#323130]'%0D%0A+           }`}%0D%0A+         >%0D%0A+           <BookOpen className="h-3.5 w-3.5" />%0D%0A+           <span>Master Bible</span>%0D%0A+         </button>%0D%0A+       </div>%0D%0A+ %0D%0A+       {activeSubTab === 'configurations' ? (%0D%0A+         <div className="grid grid-cols-1 lg:grid-cols-3 gap-4">%0D%0A+           {/* Left Column: Core Preferences */}%0D%0A+           <div className="lg:col-span-2 space-y-4">%0D%0A+ %0D%0A+             <details className="rounded-md border border-[#e1dfdd] bg-[#faf9f8] text-[13px]">%0D%0A+               <summary className="cursor-pointer select-none px-3 py-2 font-medium text-[#323130]">What is this? &middot; How it works</summary>%0D%0A+               <div className="px-3 pb-3 text-[#605e5c]">%0D%0A+                 <p>Platform-wide thresholds, single sign-on, and session controls for this workspace.</p>%0D%0A+                 <ol className="mt-1.5 list-decimal space-y-0.5 pl-4">%0D%0A+                   <li>Set the trust score threshold that triggers alerts.</li>%0D%0A+                   <li>Configure the SAML identity provider your organization uses to sign in.</li>%0D%0A+                   <li>Review and revoke active operator sessions if needed.</li>%0D%0A+                 </ol>%0D%0A+               </div>%0D%0A+             </details>%0D%0A+ %0D%0A+             {/* General platform settings card */}%0D%0A+             <div className="rounded-md border border-[#e1dfdd] bg-white p-4 space-y-3">%0D%0A+               <h3 className="flex items-center gap-1.5 border-b border-[#e1dfdd] pb-2 text-[14px] font-semibold text-[#201f1e]">%0D%0A+                 <Sliders className="h-4 w-4 text-[#0f6cbd]" />%0D%0A+                 <span>General platform parameters</span>%0D%0A+               </h3>%0D%0A+ %0D%0A+               <div className="space-y-3 text-[13px]">%0D%0A+                 <div className="flex flex-col gap-1">%0D%0A+                   <label className="font-medium text-[#323130]">Audit trust SLA target threshold (score)</label>%0D%0A+                   <div className="flex items-center gap-2">%0D%0A+                     <input%0D%0A+                       type="range"%0D%0A+                       min="60"%0D%0A+                       max="98"%0D%0A+                       value={slaTarget}%0D%0A+                       onChange={(e) => setSlaTarget(Number(e.target.value))}%0D%0A+                       className="h-1.5 flex-1 cursor-pointer accent-[#0f6cbd]"%0D%0A+                     />%0D%0A+                     <span className="rounded border border-[#c8c6c4] bg-[#eff6fc] px-2 py-1 font-medium text-[#0f6cbd]">%0D%0A+                       {slaTarget}/100%0D%0A+                     </span>%0D%0A+                   </div>%0D%0A+                   <p className="text-[12px] text-[#605e5c]">Alerts are compiled if a software passport overall rating drops below this value.</p>%0D%0A+                 </div>%0D%0A+ %0D%0A+                 <div className="flex items-center justify-between gap-4 border-t border-[#e1dfdd] pt-3">%0D%0A+                   <div>%0D%0A+                     <span className="block font-medium text-[#323130]">Enable automated daily recalculation scans</span>%0D%0A+                     <p className="text-[12px] text-[#605e5c]">Automatically scan active client software inventory on CVE database updates.</p>%0D%0A+                   </div>%0D%0A+                   <input%0D%0A+                     type="checkbox"%0D%0A+                     defaultChecked%0D%0A+                     className="h-4 w-4 rounded border-[#c8c6c4] text-[#0f6cbd] focus:ring-[#0f6cbd]"%0D%0A+                   />%0D%0A+                 </div>%0D%0A+               </div>%0D%0A+             </div>%0D%0A+ %0D%0A+             {/* Theme & Interface Customization Card */}%0D%0A+             <div className="rounded-md border border-[#e1dfdd] bg-white p-4 space-y-3">%0D%0A+               <h3 className="flex items-center gap-1.5 border-b border-[#e1dfdd] pb-2 text-[14px] font-semibold text-[#201f1e]">%0D%0A+                 <Sun className="h-4 w-4 text-[#0f6cbd]" />%0D%0A+                 <span>Theme & interface</span>%0D%0A+               </h3>%0D%0A+ %0D%0A+               <div className="space-y-3 text-[13px]">%0D%0A+                 <div className="flex flex-col gap-1">%0D%0A+                   <span className="font-medium text-[#323130]">Active theme preference</span>%0D%0A+                   <p className="text-[12px] text-[#605e5c]">Choose between a light interface or a dark interface for operating centers.</p>%0D%0A+                 </div>%0D%0A+ %0D%0A+                 <div className="grid grid-cols-2 gap-2">%0D%0A+                   <button%0D%0A+                     type="button"%0D%0A+                     onClick={() => theme === 'dark' && onToggleTheme()}%0D%0A+                     className={`flex h-9 items-center justify-center gap-2 rounded border text-[13px] font-medium ${%0D%0A+                       theme === 'light'%0D%0A+                         ? 'border-[#0f6cbd] bg-[#eff6fc] text-[#0f6cbd]'%0D%0A+                         : 'border-[#c8c6c4] text-[#323130] hover:bg-black/[.03]'%0D%0A+                     }`}%0D%0A+                   >%0D%0A+                     <Sun className="h-3.5 w-3.5" />%0D%0A+                     <span>Light mode</span>%0D%0A+                   </button>%0D%0A+ %0D%0A+                   <button%0D%0A+                     type="button"%0D%0A+                     onClick={() => theme === 'light' && onToggleTheme()}%0D%0A+                     className={`flex h-9 items-center justify-center gap-2 rounded border text-[13px] font-medium ${%0D%0A+                       theme === 'dark'%0D%0A+                         ? 'border-[#0f6cbd] bg-[#eff6fc] text-[#0f6cbd]'%0D%0A+                         : 'border-[#c8c6c4] text-[#323130] hover:bg-black/[.03]'%0D%0A+                     }`}%0D%0A+                   >%0D%0A+                     <Moon className="h-3.5 w-3.5" />%0D%0A+                     <span>Dark mode</span>%0D%0A+                   </button>%0D%0A+                 </div>%0D%0A+               </div>%0D%0A+             </div>%0D%0A+ %0D%0A+             {/* SAML SSO Configuration Card */}%0D%0A+             <div className="rounded-md border border-[#e1dfdd] bg-white p-4 space-y-3">%0D%0A+               <h3 className="flex items-center gap-1.5 border-b border-[#e1dfdd] pb-2 text-[14px] font-semibold text-[#201f1e]">%0D%0A+                 <Globe className="h-4 w-4 text-[#0f6cbd]" />%0D%0A+                 <span>Enterprise SAML / SSO integration</span>%0D%0A+               </h3>%0D%0A+ %0D%0A+               <div className="space-y-3 text-[13px]">%0D%0A+                 <div className="flex items-center justify-between gap-4">%0D%0A+                   <div>%0D%0A+                     <span className="block font-medium text-[#323130]">SAML SSO access gate</span>%0D%0A+                     <p className="text-[12px] text-[#605e5c]">Redirect unauthenticated corporate domains to the unified identity provider (IdP).</p>%0D%0A+                   </div>%0D%0A+                   <button%0D%0A+                     onClick={() => setSsoEnabled(!ssoEnabled)}%0D%0A+                     className={`inline-flex h-8 items-center gap-1.5 rounded border px-2.5 text-[12px] font-medium ${%0D%0A+                       ssoEnabled ? 'border-[#c8c6c4] bg-[#dff6dd] text-[#0e700e]' : 'border-[#c8c6c4] bg-[#f3f2f1] text-[#605e5c]'%0D%0A+                     }`}%0D%0A+                   >%0D%0A+                     <span className={`h-1.5 w-1.5 rounded-full ${ssoEnabled ? 'bg-[#0e700e]' : 'bg-[#8a8886]'}`} />%0D%0A+                     {ssoEnabled ? 'SSO active' : 'SSO inactive'}%0D%0A+                   </button>%0D%0A+                 </div>%0D%0A+ %0D%0A+                 <div className="grid grid-cols-1 gap-3 border-t border-[#e1dfdd] pt-3 md:grid-cols-2">%0D%0A+                   <div>%0D%0A+                     <label className="mb-1 block text-[12px] font-medium text-[#605e5c]">Corporate identity provider</label>%0D%0A+                     <input%0D%0A+                       type="text"%0D%0A+                       value={ssoProvider}%0D%0A+                       onChange={(e) => setSsoProvider(e.target.value)}%0D%0A+                       className="h-9 w-full rounded border border-[#c8c6c4] px-2.5 text-[13px] focus:border-[#0f6cbd] focus:outline-none focus:ring-1 focus:ring-[#0f6cbd]"%0D%0A+                     />%0D%0A+                   </div>%0D%0A+                   <div>%0D%0A+                     <label className="mb-1 block text-[12px] font-medium text-[#605e5c]">Client ID / issuer URL</label>%0D%0A+                     <input%0D%0A+                       type="text"%0D%0A+                       value={ssoClientId}%0D%0A+                       onChange={(e) => setSsoClientId(e.target.value)}%0D%0A+                       className="h-9 w-full rounded border border-[#c8c6c4] px-2.5 font-mono text-[13px] focus:border-[#0f6cbd] focus:outline-none focus:ring-1 focus:ring-[#0f6cbd]"%0D%0A+                     />%0D%0A+                   </div>%0D%0A+                   <div className="md:col-span-2">%0D%0A+                     <label className="mb-1 block text-[12px] font-medium text-[#605e5c]">SAML 2.0 metadata XML endpoint URL</label>%0D%0A+                     <input%0D%0A+                       type="text"%0D%0A+                       value={ssoMetadataUrl}%0D%0A+                       onChange={(e) => setSsoMetadataUrl(e.target.value)}%0D%0A+                       className="h-9 w-full rounded border border-[#c8c6c4] px-2.5 font-mono text-[13px] focus:border-[#0f6cbd] focus:outline-none focus:ring-1 focus:ring-[#0f6cbd]"%0D%0A+                     />%0D%0A+                   </div>%0D%0A+                 </div>%0D%0A+               </div>%0D%0A+             </div>%0D%0A+ %0D%0A+             {/* Active Sessions Monitoring Ledger */}%0D%0A+             <div className="rounded-md border border-[#e1dfdd] bg-white p-4 space-y-3">%0D%0A+               <h3 className="flex items-center justify-between border-b border-[#e1dfdd] pb-2 text-[14px] font-semibold text-[#201f1e]">%0D%0A+                 <span className="flex items-center gap-1.5">%0D%0A+                   <Lock className="h-4 w-4 text-[#0f6cbd]" />%0D%0A+                   <span>Active operator sessions</span>%0D%0A+                 </span>%0D%0A+                 <span className="rounded border border-[#c8c6c4] bg-[#eff6fc] px-2 py-0.5 text-[12px] font-medium text-[#0f6cbd]">%0D%0A+                   {sessions.length} active%0D%0A+                 </span>%0D%0A+               </h3>%0D%0A+ %0D%0A+               <div className="overflow-x-auto">%0D%0A+                 <table className="w-full border-collapse text-left text-[13px]">%0D%0A+                   <thead>%0D%0A+                     <tr className="border-b border-[#e1dfdd] text-[11px] uppercase tracking-wide text-[#605e5c]">%0D%0A+                       <th className="py-2 font-medium">User / identity</th>%0D%0A+                       <th className="py-2 font-medium">IP address</th>%0D%0A+                       <th className="py-2 font-medium">Device & location</th>%0D%0A+                       <th className="py-2 text-right font-medium">Actions</th>%0D%0A+                     </tr>%0D%0A+                   </thead>%0D%0A+                   <tbody>%0D%0A+                     {sessions.map((sess) => (%0D%0A+                       <tr key={sess.id} className="border-b border-[#f3f2f1] hover:bg-black/[.02]">%0D%0A+                         <td className="py-2.5 pr-2 font-medium text-[#201f1e]">%0D%0A+                           {sess.email}%0D%0A+                           {sess.current && (%0D%0A+                             <span className="ml-2 rounded border border-[#c8c6c4] bg-[#dff6dd] px-1.5 py-0.5 text-[11px] font-medium text-[#0e700e]">%0D%0A+                               Current%0D%0A+                             </span>%0D%0A+                           )}%0D%0A+                         </td>%0D%0A+                         <td className="py-2.5 font-mono text-[#605e5c]">{sess.ip}</td>%0D%0A+                         <td className="py-2.5 text-[#605e5c]">%0D%0A+                           <span className="block">{sess.device}</span>%0D%0A+                           <span className="text-[12px] text-[#8a8886]">{sess.location}</span>%0D%0A+                         </td>%0D%0A+                         <td className="py-2.5 text-right">%0D%0A+                           {!sess.current && (%0D%0A+                             <button%0D%0A+                               onClick={() => handleRevokeSession(sess.id)}%0D%0A+                               className="rounded p-1.5 text-[#a4262c] hover:bg-[#fdf2f2]"%0D%0A+                               title="Revoke session and force termination"%0D%0A+                             >%0D%0A+                               <Trash2 className="h-3.5 w-3.5" />%0D%0A+                             </button>%0D%0A+                           )}%0D%0A+                         </td>%0D%0A+                       </tr>%0D%0A+                     ))}%0D%0A+                     {sessions.length === 0 && (%0D%0A+                       <tr>%0D%0A+                         <td colSpan={4} className="py-4 text-center text-[#8a8886]">%0D%0A+                           No active sessions identified.%0D%0A+                         </td>%0D%0A+                       </tr>%0D%0A+                     )}%0D%0A+                   </tbody>%0D%0A+                 </table>%0D%0A+               </div>%0D%0A+             </div>%0D%0A+ %0D%0A+             {/* Cryptographically Chained Audit Ledger visualization */}%0D%0A+             <div className="rounded-md border border-[#e1dfdd] bg-white p-4 space-y-3">%0D%0A+               <div className="flex items-center justify-between border-b border-[#e1dfdd] pb-2">%0D%0A+                 <h3 className="flex items-center gap-1.5 text-[14px] font-semibold text-[#201f1e]">%0D%0A+                   <FileCode className="h-4 w-4 text-[#0f6cbd]" />%0D%0A+                   <span>Cryptographic audit ledger</span>%0D%0A+                 </h3>%0D%0A+                 <span className="inline-flex items-center gap-1.5 rounded border border-[#c8c6c4] bg-[#dff6dd] px-2 py-0.5 text-[12px] font-medium text-[#0e700e]">%0D%0A+                   <span className="h-1.5 w-1.5 rounded-full bg-[#0e700e]" />%0D%0A+                   Tamper-proof, SLA verified%0D%0A+                 </span>%0D%0A+               </div>%0D%0A+ %0D%0A+               <p className="text-[13px] text-[#605e5c]">%0D%0A+                 Every critical login event and administrative action is recorded into a secure hash chain. Each block references the SHA-256 hash of its predecessor, creating an unalterable audit trail.%0D%0A+               </p>%0D%0A+ %0D%0A+               {/* Integrity Scanner Trigger */}%0D%0A+               <div className="flex flex-wrap items-center gap-2">%0D%0A+                 <button%0D%0A+                   type="button"%0D%0A+                   onClick={handleVerifyLedger}%0D%0A+                   disabled={verifyingLedger}%0D%0A+                   className="inline-flex h-9 items-center gap-2 rounded bg-[#0f6cbd] px-3 text-[13px] font-medium text-white hover:bg-[#004578] disabled:opacity-60"%0D%0A+                 >%0D%0A+                   {verifyingLedger ? (%0D%0A+                     <>%0D%0A+                       <svg className="h-3.5 w-3.5 animate-spin text-white" fill="none" viewBox="0 0 24 24">%0D%0A+                         <circle className="opacity-25" cx="12" cy="12" r="10" stroke="currentColor" strokeWidth="4" />%0D%0A+                         <path className="opacity-75" fill="currentColor" d="M4 12a8 8 0 018-8V0C5.373 0 0 5.373 0 12h4zm2 5.291A7.962 7.962 0 014 12H0c0 3.042 1.135 5.824 3 7.938l3-2.647z" />%0D%0A+                       </svg>%0D%0A+                       <span>Verifying ledger…</span>%0D%0A+                     </>%0D%0A+                   ) : (%0D%0A+                     <>%0D%0A+                       <CheckCircle2 className="h-3.5 w-3.5" />%0D%0A+                       <span>Verify chain integrity</span>%0D%0A+                     </>%0D%0A+                   )}%0D%0A+                 </button>%0D%0A+                 {verificationResult && (%0D%0A+                   <button%0D%0A+                     type="button"%0D%0A+                     onClick={() => setVerificationResult(null)}%0D%0A+                     className="inline-flex h-9 items-center rounded border border-[#c8c6c4] px-3 text-[13px] font-medium text-[#323130] hover:bg-black/[.03]"%0D%0A+                   >%0D%0A+                     Clear report%0D%0A+                   </button>%0D%0A+                 )}%0D%0A+               </div>%0D%0A+ %0D%0A+               {/* Dynamic Verification Report */}%0D%0A+               {verificationResult && (%0D%0A+                 <div className={`space-y-2 rounded-md border p-3 text-[13px] ${%0D%0A+                   verificationResult.isValid%0D%0A+                     ? 'border-[#c8c6c4] bg-[#dff6dd] text-[#0e700e]'%0D%0A+                     : 'border-[#c8c6c4] bg-[#fdf2f2] text-[#a4262c]'%0D%0A+                 }`}>%0D%0A+                   <div className="flex items-center justify-between">%0D%0A+                     <span className="flex items-center gap-1.5 text-[12px] font-semibold uppercase tracking-wide">%0D%0A+                       {verificationResult.isValid ? (%0D%0A+                         <CheckCircle2 className="h-4 w-4 shrink-0" />%0D%0A+                       ) : (%0D%0A+                         <AlertCircle className="h-4 w-4 shrink-0" />%0D%0A+                       )}%0D%0A+                       <span>Ledger attestation report</span>%0D%0A+                     </span>%0D%0A+                     <span className="text-[11px] text-[#605e5c]">%0D%0A+                       Verified at {new Date(verificationResult.verifiedAt).toLocaleTimeString()}%0D%0A+                     </span>%0D%0A+                   </div>%0D%0A+                   <p className="text-[13px] leading-relaxed">%0D%0A+                     {verificationResult.isValid%0D%0A+                       ? `Checked sequential block hash connections across all ${verificationResult.totalBlocksVerified} audit ledger records. No database tampering, row injection, or signature modifications were identified.`%0D%0A+                       : `Ledger validation check failed. Cryptographic hash mismatch or missing blocks. ${verificationResult.error || 'Please contact the system security administrator immediately.'}`}%0D%0A+                   </p>%0D%0A+ %0D%0A+                   {/* Verified Blocks Scrollable List */}%0D%0A+                   {verificationResult.details && verificationResult.details.length > 0 && (%0D%0A+                     <div className="max-h-40 space-y-1.5 overflow-y-auto rounded border border-[#e1dfdd] bg-white p-2.5 font-mono text-[11px]">%0D%0A+                       <div className="mb-1.5 border-b border-[#e1dfdd] pb-1 text-[11px] font-medium uppercase text-[#605e5c]">%0D%0A+                         Cryptographic signatures checked%0D%0A+                       </div>%0D%0A+                       {verificationResult.details.map((vBlock: any, vIdx: number) => (%0D%0A+                         <div key={vIdx} className="flex items-center justify-between gap-2">%0D%0A+                           <div className="truncate text-[#605e5c]">%0D%0A+                             Block #{vBlock.id} ({vBlock.action}):%0D%0A+                             <span className="ml-1 select-all text-[#8a8886]">{vBlock.storedHash.substring(0, 16)}...</span>%0D%0A+                           </div>%0D%0A+                           <span className={`shrink-0 rounded px-1.5 py-0.5 text-[11px] font-medium ${%0D%0A+                             vBlock.valid%0D%0A+                               ? 'bg-[#dff6dd] text-[#0e700e]'%0D%0A+                               : 'bg-[#fdf2f2] text-[#a4262c]'%0D%0A+                           }`}>%0D%0A+                             {vBlock.valid ? 'Verified' : 'Corrupt'}%0D%0A+                           </span>%0D%0A+                         </div>%0D%0A+                       ))}%0D%0A+                     </div>%0D%0A+                   )}%0D%0A+                 </div>%0D%0A+               )}%0D%0A+ %0D%0A+               <div className="space-y-2">%0D%0A+                 {auditChain.length === 0 && <p className="text-[13px] text-[#8a8886]">No audit events recorded yet.</p>}%0D%0A+                 {auditChain.slice(0, 3).map((blockObj, idx) => (%0D%0A+                   <div key={idx} className="relative space-y-1 rounded-md border border-[#e1dfdd] bg-[#faf9f8] p-3 font-mono text-[11px] text-[#605e5c]">%0D%0A+                     <div className="absolute right-2 top-2 rounded bg-[#f3f2f1] px-1.5 py-0.5 text-[11px] font-medium text-[#605e5c]">%0D%0A+                       Block #{auditChain.length - 1 - idx}%0D%0A+                     </div>%0D%0A+                     <div className="flex gap-2">%0D%0A+                       <span className="font-medium uppercase text-[#0f6cbd]">Event:</span>%0D%0A+                       <span className="font-medium text-[#201f1e]">%0D%0A+                         {blockObj.block?.actionType || blockObj.block?.action || 'Genesis node initiated'}%0D%0A+                       </span>%0D%0A+                     </div>%0D%0A+                     {blockObj.block?.userEmail && (%0D%0A+                       <div className="flex gap-2">%0D%0A+                         <span className="text-[#8a8886]">Identity:</span>%0D%0A+                         <span className="font-medium text-[#323130]">{blockObj.block?.userEmail}</span>%0D%0A+                       </div>%0D%0A+                     )}%0D%0A+                     <div className="space-y-0.5">%0D%0A+                       <div className="flex gap-2 truncate">%0D%0A+                         <span className="shrink-0 font-medium uppercase text-[#8a8886]">Block hash:</span>%0D%0A+                         <span className="select-all truncate text-[#0f6cbd]">{blockObj.hash}</span>%0D%0A+                       </div>%0D%0A+                       <div className="flex gap-2 truncate">%0D%0A+                         <span className="shrink-0 uppercase text-[#8a8886]">Prev hash:</span>%0D%0A+                         <span className="select-all truncate text-[#605e5c]">{blockObj.previousHash}</span>%0D%0A+                       </div>%0D%0A+                     </div>%0D%0A+                   </div>%0D%0A+                 ))}%0D%0A+               </div>%0D%0A+             </div>%0D%0A+ %0D%0A+             {/* Security Credentials settings */}%0D%0A+             <div className="rounded-md border border-[#e1dfdd] bg-white p-4 space-y-3">%0D%0A+               <h3 className="flex items-center gap-1.5 border-b border-[#e1dfdd] pb-2 text-[14px] font-semibold text-[#201f1e]">%0D%0A+                 <KeyRound className="h-4 w-4 text-[#0f6cbd]" />%0D%0A+                 <span>Operator authentication & security keys</span>%0D%0A+               </h3>%0D%0A+ %0D%0A+               <div className="space-y-3 text-[13px]">%0D%0A+                 <div className="flex items-center justify-between gap-4">%0D%0A+                   <div>%0D%0A+                     <span className="block font-medium text-[#323130]">Enforce multi-factor authentication (MFA)</span>%0D%0A+                     <p className="text-[12px] text-[#605e5c]">All MSP users must provide TOTP codes on logon.</p>%0D%0A+                   </div>%0D%0A+                   <button%0D%0A+                     onClick={() => setMfaEnabled(!mfaEnabled)}%0D%0A+                     className={`inline-flex h-8 items-center gap-1.5 rounded border px-2.5 text-[12px] font-medium ${%0D%0A+                       mfaEnabled ? 'border-[#c8c6c4] bg-[#dff6dd] text-[#0e700e]' : 'border-[#c8c6c4] bg-[#f3f2f1] text-[#605e5c]'%0D%0A+                     }`}%0D%0A+                   >%0D%0A+                     <span className={`h-1.5 w-1.5 rounded-full ${mfaEnabled ? 'bg-[#0e700e]' : 'bg-[#8a8886]'}`} />%0D%0A+                     {mfaEnabled ? 'MFA enabled' : 'MFA disabled'}%0D%0A+                   </button>%0D%0A+                 </div>%0D%0A+ %0D%0A+                 <div className="flex items-center justify-between gap-4 border-t border-[#e1dfdd] pt-3">%0D%0A+                   <div>%0D%0A+                     <span className="block font-medium text-[#323130]">Cryptographic PGP auditing key (private)</span>%0D%0A+                     <p className="text-[12px] text-[#605e5c]">Used for signing generated software passports and audit attestations.</p>%0D%0A+                   </div>%0D%0A+                   <button className="inline-flex h-8 items-center rounded border border-[#c8c6c4] px-3 text-[13px] font-medium text-[#323130] hover:bg-black/[.03]">%0D%0A+                     Regenerate sign key%0D%0A+                   </button>%0D%0A+                 </div>%0D%0A+ %0D%0A+                 <div className="flex items-center justify-between gap-4 rounded-md border border-[#a4262c]/30 bg-[#fdf2f2] p-3">%0D%0A+                   <div>%0D%0A+                     <span className="flex items-center gap-1.5 font-semibold text-[#a4262c]">%0D%0A+                       <Shield className="h-3.5 w-3.5" /> Tenant offboarding & data deletion (DPA compliance)%0D%0A+                     </span>%0D%0A+                     <p className="mt-1 text-[12px] text-[#605e5c]">%0D%0A+                       Cascading-delete all client lists, passports, vulnerability logs, and active integrations. This action is immediate and irreversible under GDPR/DPA compliance standards.%0D%0A+                     </p>%0D%0A+                   </div>%0D%0A+                   <button%0D%0A+                     onClick={handleOffboardTenant}%0D%0A+                     disabled={!isOwner || offboarding}%0D%0A+                     title={!isOwner ? `Your ${currentRole} role cannot offboard this workspace. Owner is required.` : undefined}%0D%0A+                     className="inline-flex h-9 shrink-0 items-center rounded bg-[#a4262c] px-3 text-[13px] font-medium text-white hover:bg-[#8a1f24] disabled:cursor-not-allowed disabled:opacity-50"%0D%0A+                   >%0D%0A+                     {offboarding ? 'Purging…' : 'Offboard workspace'}%0D%0A+                   </button>%0D%0A+                 </div>%0D%0A+               </div>%0D%0A+             </div>%0D%0A+ %0D%0A+             <div className="flex items-center justify-end gap-3">%0D%0A+               {saveSuccess && (%0D%0A+                 <span className="flex items-center gap-1.5 text-[12px] font-medium text-[#8a5700]">%0D%0A+                   <CheckCircle className="h-3.5 w-3.5" />%0D%0A+                   <span>Not saved to a server — these fields are local to this browser session only.</span>%0D%0A+                 </span>%0D%0A+               )}%0D%0A+               <button%0D%0A+                 onClick={handleSaveSettings}%0D%0A+                 title="These settings are not persisted to a backend yet."%0D%0A+                 className="inline-flex h-9 items-center rounded bg-[#0f6cbd] px-4 text-[13px] font-medium text-white hover:bg-[#004578]"%0D%0A+               >%0D%0A+                 Save platform settings%0D%0A+               </button>%0D%0A+             </div>%0D%0A+           </div>%0D%0A+ %0D%0A+           {/* Right Column: Information panel & Live CI/CD Diagnostics */}%0D%0A+           <div className="space-y-4">%0D%0A+ %0D%0A+             {/* Active Login Audit Trail Panel */}%0D%0A+             <div className="rounded-md border border-[#e1dfdd] bg-white p-4 space-y-3">%0D%0A+               <h3 className="flex items-center gap-1.5 border-b border-[#e1dfdd] pb-2 text-[14px] font-semibold text-[#201f1e]">%0D%0A+                 <Fingerprint className="h-4 w-4 text-[#0f6cbd]" />%0D%0A+                 <span>Real-time login audit trail</span>%0D%0A+               </h3>%0D%0A+ %0D%0A+               <div className="max-h-72 space-y-2 overflow-y-auto">%0D%0A+                 {history.map((log) => (%0D%0A+                   <div key={log.id} className="space-y-1 rounded-md border border-[#e1dfdd] bg-[#faf9f8] p-2.5 text-[12px]">%0D%0A+                     <div className="flex items-center justify-between">%0D%0A+                       <span className="max-w-36 truncate font-medium text-[#323130]">{log.email}</span>%0D%0A+                       <span className={`rounded px-1.5 py-0.5 text-[11px] font-medium ${%0D%0A+                         log.status === 'Verified' ? 'bg-[#dff6dd] text-[#0e700e]' : 'bg-[#fdf2f2] text-[#a4262c]'%0D%0A+                       }`}>%0D%0A+                         {log.status}%0D%0A+                       </span>%0D%0A+                     </div>%0D%0A+                     <div className="text-[#605e5c]">%0D%0A+                       <span className="block">{log.action}</span>%0D%0A+                       <span className="mt-0.5 block text-[11px] text-[#8a8886]">{new Date(log.timestamp).toLocaleString()}</span>%0D%0A+                     </div>%0D%0A+                     <div className="flex justify-between border-t border-[#e1dfdd] pt-1 text-[11px] text-[#8a8886]">%0D%0A+                       <span>IP: {log.ip}</span>%0D%0A+                       <span>Loc: {log.location}</span>%0D%0A+                     </div>%0D%0A+                   </div>%0D%0A+                 ))}%0D%0A+                 {history.length === 0 && (%0D%0A+                   <p className="py-4 text-center text-[13px] text-[#8a8886]">No audit logs identified.</p>%0D%0A+                 )}%0D%0A+               </div>%0D%0A+             </div>%0D%0A+ %0D%0A+             <div className="rounded-md border border-[#e1dfdd] bg-white p-4 space-y-3">%0D%0A+               <h3 className="flex items-center gap-1.5 border-b border-[#e1dfdd] pb-2 text-[14px] font-semibold text-[#201f1e]">%0D%0A+                 <Shield className="h-4 w-4 text-[#8a8886]" />%0D%0A+                 <span>Platform pedigree coordinates</span>%0D%0A+               </h3>%0D%0A+ %0D%0A+               <div className="space-y-2 text-[13px] text-[#605e5c]">%0D%0A+                 <div className="flex justify-between border-b border-[#f3f2f1] pb-1.5">%0D%0A+                   <span>Portal service</span>%0D%0A+                   <span className="font-medium text-[#323130]">SPR-CORE-VM</span>%0D%0A+                 </div>%0D%0A+                 <div className="flex justify-between border-b border-[#f3f2f1] pb-1.5">%0D%0A+                   <span>Compilation</span>%0D%0A+                   <span className="font-medium text-[#323130]">Docker prod v2.4</span>%0D%0A+                 </div>%0D%0A+                 <div className="flex justify-between pb-1.5">%0D%0A+                   <span>SLA compliance</span>%0D%0A+                   <span className="font-medium text-[#0e700e]">99.98%25</span>%0D%0A+                 </div>%0D%0A+               </div>%0D%0A+             </div>%0D%0A+ %0D%0A+             <div className="rounded-md border border-[#e1dfdd] bg-white p-4 space-y-3">%0D%0A+               <h3 className="flex items-center gap-1.5 border-b border-[#e1dfdd] pb-2 text-[14px] font-semibold text-[#201f1e]">%0D%0A+                 <CheckCircle className="h-4 w-4 text-[#0e700e]" />%0D%0A+                 <span>Readiness diagnostics</span>%0D%0A+               </h3>%0D%0A+               <p className="text-[13px] text-[#605e5c]">%0D%0A+                 Checks live database connectivity via the same /api/ready probe an orchestrator uses. This does not verify row-level isolation, OAuth handshakes, or API quota — those have no self-check endpoint yet.%0D%0A+               </p>%0D%0A+ %0D%0A+               <button%0D%0A+                 onClick={runDiagnosticSuite}%0D%0A+                 disabled={testing}%0D%0A+                 className="h-9 w-full rounded border border-[#c8c6c4] text-[13px] font-medium text-[#323130] hover:bg-black/[.03] disabled:opacity-60"%0D%0A+               >%0D%0A+                 {testing ? 'Checking…' : 'Check readiness'}%0D%0A+               </button>%0D%0A+ %0D%0A+               {testResults.length > 0 && (%0D%0A+                 <div className="space-y-2 border-t border-[#e1dfdd] pt-2">%0D%0A+                   {testResults.map((t: any, idx: number) => (%0D%0A+                     <div key={idx} className="space-y-0.5 text-[12px]">%0D%0A+                       <div className="flex items-center justify-between">%0D%0A+                         <span className="font-medium text-[#323130]">{t.name}</span>%0D%0A+                         <span className={`rounded px-1.5 py-0.5 text-[11px] font-medium ${%0D%0A+                           t.status === 'PASS' ? 'bg-[#dff6dd] text-[#0e700e]' : 'bg-[#fdf2f2] text-[#a4262c]'%0D%0A+                         }`}>%0D%0A+                           {t.status}%0D%0A+                         </span>%0D%0A+                       </div>%0D%0A+                       <p className="leading-snug text-[#605e5c]">{t.details}</p>%0D%0A+                     </div>%0D%0A+                   ))}%0D%0A+                 </div>%0D%0A+               )}%0D%0A+             </div>%0D%0A+           </div>%0D%0A+         </div>%0D%0A+       ) : activeSubTab === 'organization' ? (%0D%0A+         <div className="grid grid-cols-1 lg:grid-cols-3 gap-4">%0D%0A+           {/* Profile Management Section */}%0D%0A+           <div className="lg:col-span-1 space-y-4">%0D%0A+             <div className="rounded-md border border-[#e1dfdd] bg-white p-4 space-y-3">%0D%0A+               <h3 className="flex items-center gap-1.5 border-b border-[#e1dfdd] pb-2 text-[14px] font-semibold text-[#201f1e]">%0D%0A+                 <Sliders className="h-4 w-4 text-[#0f6cbd]" />%0D%0A+                 <span>User profile credentials</span>%0D%0A+               </h3>%0D%0A+ %0D%0A+               {teamError && (%0D%0A+                 <div className="flex gap-2 rounded-md border border-[#a4262c]/30 bg-[#fdf2f2] p-3 text-[13px] text-[#a4262c]">%0D%0A+                   <ShieldAlert className="h-3.5 w-3.5 shrink-0" />%0D%0A+                   <p>{teamError}</p>%0D%0A+                 </div>%0D%0A+               )}%0D%0A+ %0D%0A+               {teamSuccess && (%0D%0A+                 <div className="flex gap-2 rounded-md border border-[#0e700e]/30 bg-[#dff6dd] p-3 text-[13px] text-[#0e700e]">%0D%0A+                   <CheckCircle2 className="h-3.5 w-3.5 shrink-0" />%0D%0A+                   <p>{teamSuccess}</p>%0D%0A+                 </div>%0D%0A+               )}%0D%0A+ %0D%0A+               {editingProfile ? (%0D%0A+                 <form onSubmit={handleSaveProfile} className="space-y-3">%0D%0A+                   <div className="flex flex-col gap-1">%0D%0A+                     <label className="text-[12px] font-medium text-[#605e5c]">Display name</label>%0D%0A+                     <input%0D%0A+                       type="text"%0D%0A+                       required%0D%0A+                       value={profileName}%0D%0A+                       onChange={(e) => setProfileName(e.target.value)}%0D%0A+                       className="h-9 w-full rounded border border-[#c8c6c4] px-2.5 text-[13px] focus:border-[#0f6cbd] focus:outline-none focus:ring-1 focus:ring-[#0f6cbd]"%0D%0A+                     />%0D%0A+                   </div>%0D%0A+ %0D%0A+                   <div className="flex flex-col gap-1">%0D%0A+                     <label className="text-[12px] font-medium text-[#605e5c]">Corporate job title</label>%0D%0A+                     <input%0D%0A+                       type="text"%0D%0A+                       required%0D%0A+                       value={profileJobTitle}%0D%0A+                       onChange={(e) => setProfileJobTitle(e.target.value)}%0D%0A+                       className="h-9 w-full rounded border border-[#c8c6c4] px-2.5 text-[13px] focus:border-[#0f6cbd] focus:outline-none focus:ring-1 focus:ring-[#0f6cbd]"%0D%0A+                     />%0D%0A+                   </div>%0D%0A+ %0D%0A+                   <div className="flex flex-col gap-1">%0D%0A+                     <label className="text-[12px] font-medium text-[#605e5c]">Organization name</label>%0D%0A+                     <input%0D%0A+                       type="text"%0D%0A+                       required%0D%0A+                       value={profileCompany}%0D%0A+                       onChange={(e) => setProfileCompany(e.target.value)}%0D%0A+                       className="h-9 w-full rounded border border-[#c8c6c4] px-2.5 text-[13px] focus:border-[#0f6cbd] focus:outline-none focus:ring-1 focus:ring-[#0f6cbd]"%0D%0A+                     />%0D%0A+                   </div>%0D%0A+ %0D%0A+                   <div className="flex justify-end gap-2 pt-1">%0D%0A+                     <button%0D%0A+                       type="button"%0D%0A+                       onClick={() => setEditingProfile(false)}%0D%0A+                       className="inline-flex h-9 items-center rounded border border-[#c8c6c4] px-3 text-[13px] font-medium text-[#323130] hover:bg-black/[.03]"%0D%0A+                     >%0D%0A+                       Cancel%0D%0A+                     </button>%0D%0A+                     <button%0D%0A+                       type="submit"%0D%0A+                       className="inline-flex h-9 items-center rounded bg-[#0f6cbd] px-3 text-[13px] font-medium text-white hover:bg-[#004578]"%0D%0A+                     >%0D%0A+                       Save profile%0D%0A+                     </button>%0D%0A+                   </div>%0D%0A+                 </form>%0D%0A+               ) : (%0D%0A+                 <div className="space-y-3">%0D%0A+                   <div className="flex items-center gap-3">%0D%0A+                     <div className="flex h-11 w-11 items-center justify-center rounded-full border border-[#c8c6c4] bg-[#eff6fc] text-[15px] font-semibold text-[#0f6cbd]">%0D%0A+                       {profileName ? profileName.substring(0, 2).toUpperCase() : 'U'}%0D%0A+                     </div>%0D%0A+                     <div>%0D%0A+                       <h4 className="text-[14px] font-semibold text-[#201f1e]">%0D%0A+                         {profileName || 'Active Operator'}%0D%0A+                       </h4>%0D%0A+                       <p className="mt-0.5 text-[12px] text-[#605e5c]">%0D%0A+                         {profileJobTitle || 'Workspace Administrator'}%0D%0A+                       </p>%0D%0A+                     </div>%0D%0A+                   </div>%0D%0A+ %0D%0A+                   <div className="space-y-1.5 border-t border-[#e1dfdd] pt-3 text-[12px] text-[#605e5c]">%0D%0A+                     <div className="flex justify-between">%0D%0A+                       <span>Email identifier</span>%0D%0A+                       <span className="select-all font-medium text-[#201f1e]">{profile?.email || 'N/A'}</span>%0D%0A+                     </div>%0D%0A+                     <div className="flex justify-between">%0D%0A+                       <span>Active tenant ID</span>%0D%0A+                       <span className="select-all">{profile?.tenantId || 'global'}</span>%0D%0A+                     </div>%0D%0A+                     <div className="flex justify-between">%0D%0A+                       <span>MSP workspace</span>%0D%0A+                       <span className="font-medium text-[#201f1e]">{profile?.companyName || 'Not defined'}</span>%0D%0A+                     </div>%0D%0A+                   </div>%0D%0A+ %0D%0A+                   <button%0D%0A+                     type="button"%0D%0A+                     onClick={() => {%0D%0A+                       setProfileName(profile?.displayName || '');%0D%0A+                       setProfileJobTitle(profile?.roleTitle || '');%0D%0A+                       setProfileCompany(profile?.companyName || '');%0D%0A+                       setEditingProfile(true);%0D%0A+                     }}%0D%0A+                     className="h-9 w-full rounded border border-[#c8c6c4] text-[13px] font-medium text-[#323130] hover:bg-black/[.03]"%0D%0A+                   >%0D%0A+                     Edit profile details%0D%0A+                   </button>%0D%0A+                 </div>%0D%0A+               )}%0D%0A+             </div>%0D%0A+ %0D%0A+             <div className="rounded-md border border-[#e1dfdd] bg-[#faf9f8] p-4 space-y-2">%0D%0A+               <h4 className="text-[12px] font-semibold uppercase tracking-wide text-[#605e5c]">%0D%0A+                 Authorized role hierarchy%0D%0A+               </h4>%0D%0A+               <p className="text-[12px] leading-relaxed text-[#605e5c]">%0D%0A+                 RBAC enforces strict isolation gates. Permissions cascade in order: <strong className="text-[#323130]">Owner &gt; Admin &gt; Technician &gt; Viewer &gt; Client</strong>. Modifying team permissions automatically triggers a cryptographic token invalidation audit block.%0D%0A+               </p>%0D%0A+             </div>%0D%0A+           </div>%0D%0A+ %0D%0A+           {/* Organization & Team Access List Section */}%0D%0A+           <div className="lg:col-span-2 space-y-4">%0D%0A+             {/* Invite form card */}%0D%0A+             <div className="rounded-md border border-[#e1dfdd] bg-white p-4 space-y-3">%0D%0A+               <h3 className="flex items-center gap-1.5 border-b border-[#e1dfdd] pb-2 text-[14px] font-semibold text-[#201f1e]">%0D%0A+                 <PlusCircle className="h-4 w-4 text-[#0f6cbd]" />%0D%0A+                 <span>Invite new MSP team member</span>%0D%0A+               </h3>%0D%0A+ %0D%0A+               <form onSubmit={handleInviteMember} className="flex flex-col gap-3 md:flex-row md:items-end">%0D%0A+                 <div className="flex flex-1 flex-col gap-1">%0D%0A+                   <label className="text-[12px] font-medium text-[#605e5c]">%0D%0A+                     Email address%0D%0A+                   </label>%0D%0A+                   <input%0D%0A+                     type="email"%0D%0A+                     required%0D%0A+                     placeholder="e.g. associate@company.com"%0D%0A+                     value={inviteEmail}%0D%0A+                     onChange={(e) => setInviteEmail(e.target.value)}%0D%0A+                     className="h-9 w-full rounded border border-[#c8c6c4] px-2.5 text-[13px] focus:border-[#0f6cbd] focus:outline-none focus:ring-1 focus:ring-[#0f6cbd]"%0D%0A+                   />%0D%0A+                 </div>%0D%0A+ %0D%0A+                 <div className="flex w-full flex-col gap-1 md:w-44">%0D%0A+                   <label className="text-[12px] font-medium text-[#605e5c]">%0D%0A+                     Security role%0D%0A+                   </label>%0D%0A+                   <select%0D%0A+                     value={inviteRole}%0D%0A+                     onChange={(e) => setInviteRole(e.target.value)}%0D%0A+                     className="h-9 w-full rounded border border-[#c8c6c4] px-2.5 text-[13px] focus:border-[#0f6cbd] focus:outline-none focus:ring-1 focus:ring-[#0f6cbd]"%0D%0A+                   >%0D%0A+                     <option value="Admin">Admin</option>%0D%0A+                     <option value="Technician">Technician</option>%0D%0A+                     <option value="Viewer">Viewer</option>%0D%0A+                     <option value="Client">Client</option>%0D%0A+                   </select>%0D%0A+                 </div>%0D%0A+ %0D%0A+                 <button%0D%0A+                   type="submit"%0D%0A+                   disabled={!canManageTeam}%0D%0A+                   title={!canManageTeam ? `Your ${currentRole} role cannot invite team members.` : undefined}%0D%0A+                   className="inline-flex h-9 shrink-0 items-center rounded bg-[#0f6cbd] px-4 text-[13px] font-medium text-white hover:bg-[#004578] disabled:cursor-not-allowed disabled:opacity-50"%0D%0A+                 >%0D%0A+                   Send invitation%0D%0A+                 </button>%0D%0A+               </form>%0D%0A+               {!canManageTeam && <p className="text-[12px] text-[#8a5700]">Your {currentRole} role has read-only team access.</p>}%0D%0A+             </div>%0D%0A+ %0D%0A+             {/* Team Members List Card */}%0D%0A+             <div className="rounded-md border border-[#e1dfdd] bg-white p-4 space-y-3">%0D%0A+               <h3 className="flex items-center justify-between border-b border-[#e1dfdd] pb-2 text-[14px] font-semibold text-[#201f1e]">%0D%0A+                 <span className="flex items-center gap-1.5">%0D%0A+                   <Lock className="h-4 w-4 text-[#0f6cbd]" />%0D%0A+                   <span>Workspace associates</span>%0D%0A+                 </span>%0D%0A+                 <span className="rounded border border-[#c8c6c4] bg-[#eff6fc] px-2 py-0.5 text-[12px] font-medium text-[#0f6cbd]">%0D%0A+                   {teamMembers.length} registered%0D%0A+                 </span>%0D%0A+               </h3>%0D%0A+ %0D%0A+               <div className="overflow-x-auto">%0D%0A+                 <table className="w-full border-collapse text-left text-[13px]">%0D%0A+                   <thead>%0D%0A+                     <tr className="border-b border-[#e1dfdd] text-[11px] uppercase tracking-wide text-[#605e5c]">%0D%0A+                       <th className="py-2 font-medium">User details</th>%0D%0A+                       <th className="py-2 font-medium">Authority role</th>%0D%0A+                       <th className="py-2 text-right font-medium">Actions</th>%0D%0A+                     </tr>%0D%0A+                   </thead>%0D%0A+                   <tbody>%0D%0A+                     {teamMembers.map((member) => (%0D%0A+                       <tr key={member.id} className="border-b border-[#f3f2f1] hover:bg-black/[.02]">%0D%0A+                         <td className="py-2.5 pr-3">%0D%0A+                           <div className="flex items-center gap-2.5">%0D%0A+                             <div className="flex h-8 w-8 shrink-0 items-center justify-center rounded-full border border-[#c8c6c4] bg-[#f3f2f1] text-[12px] font-semibold text-[#605e5c]">%0D%0A+                               {member.displayName ? member.displayName.substring(0, 2).toUpperCase() : member.email.substring(0, 2).toUpperCase()}%0D%0A+                             </div>%0D%0A+                             <div>%0D%0A+                               <span className="block font-medium text-[#201f1e]">%0D%0A+                                 {member.displayName || 'Pending registration'}%0D%0A+                               </span>%0D%0A+                               <span className="block select-all text-[12px] text-[#8a8886]">%0D%0A+                                 {member.email}%0D%0A+                               </span>%0D%0A+                             </div>%0D%0A+                           </div>%0D%0A+                         </td>%0D%0A+                         <td className="py-2.5">%0D%0A+                           {member.role === 'Owner' ? (%0D%0A+                             <span className="rounded border border-[#c8c6c4] bg-[#eff6fc] px-2 py-0.5 text-[12px] font-medium text-[#0f6cbd]">%0D%0A+                               Owner (root)%0D%0A+                             </span>%0D%0A+                           ) : (%0D%0A+                             <select%0D%0A+                               value={member.role}%0D%0A+                               disabled={!canManageTeam}%0D%0A+                               title={!canManageTeam ? `Your ${currentRole} role cannot change roles.` : undefined}%0D%0A+                               onChange={(e) => handleUpdateMemberRole(member.id, e.target.value)}%0D%0A+                               className="rounded border border-[#c8c6c4] p-1 text-[12px] text-[#323130] focus:border-[#0f6cbd] focus:outline-none disabled:cursor-not-allowed disabled:opacity-50"%0D%0A+                             >%0D%0A+                               <option value="Admin">Admin</option>%0D%0A+                               <option value="Technician">Technician</option>%0D%0A+                               <option value="Viewer">Viewer</option>%0D%0A+                               <option value="Client">Client</option>%0D%0A+                             </select>%0D%0A+                           )}%0D%0A+                         </td>%0D%0A+                         <td className="py-2.5 text-right">%0D%0A+                           {member.role !== 'Owner' && member.id !== profile?.id && canManageTeam && (%0D%0A+                             <button%0D%0A+                               onClick={() => handleRemoveMember(member.id)}%0D%0A+                               className="rounded border border-[#a4262c]/30 px-2.5 py-1 text-[12px] font-medium text-[#a4262c] hover:bg-[#fdf2f2]"%0D%0A+                             >%0D%0A+                               Revoke access%0D%0A+                             </button>%0D%0A+                           )}%0D%0A+                         </td>%0D%0A+                       </tr>%0D%0A+                     ))}%0D%0A+                     {teamMembers.length === 0 && (%0D%0A+                       <tr>%0D%0A+                         <td colSpan={3} className="py-6 text-center text-[#8a8886]">%0D%0A+                           {loadingTeam ? 'Securing team data…' : 'No other associates mapped to this workspace.'}%0D%0A+                         </td>%0D%0A+                       </tr>%0D%0A+                     )}%0D%0A+                   </tbody>%0D%0A+                 </table>%0D%0A+               </div>%0D%0A+             </div>%0D%0A+           </div>%0D%0A+         </div>%0D%0A+       ) : (%0D%0A+         <div className="space-y-4" id="product-master-bible-container">%0D%0A+           {/* Welcome Alert / Info Bar */}%0D%0A+           <details className="rounded-md border border-[#e1dfdd] bg-[#faf9f8] text-[13px]">%0D%0A+             <summary className="cursor-pointer select-none px-3 py-2 font-medium text-[#323130]">What is this? &middot; How the Master Bible works</summary>%0D%0A+             <div className="px-3 pb-3 text-[#605e5c]">%0D%0A+               <p>The Master Bible defines standard secure baseline versions, permitted/copyleft licenses, risk classifications, and operational NIST/ISO security safeguard guidelines. Ingested software passports are checked against these standards to prevent compliance violations.</p>%0D%0A+               <ol className="mt-1.5 list-decimal space-y-0.5 pl-4">%0D%0A+                 <li>Policy reference: NIST SP 800-53 r5.</li>%0D%0A+                 <li>Legal stance: SSPL/AGPL copyleft blocked.</li>%0D%0A+                 <li>Baseline updates: automated daily RSS synchronizations.</li>%0D%0A+               </ol>%0D%0A+             </div>%0D%0A+           </details>%0D%0A+ %0D%0A+           {/* Grid Layout: Left Column = Product Bible Directory, Right Column = Selected Specifications & Sandbox Compliance Auditor */}%0D%0A+           <div className="grid grid-cols-1 lg:grid-cols-3 gap-4">%0D%0A+ %0D%0A+             {/* Left Column: List of Products with Search & Add option */}%0D%0A+             <div className="lg:col-span-1 space-y-3">%0D%0A+               <div className="rounded-md border border-[#e1dfdd] bg-white p-4 space-y-3">%0D%0A+                 <div className="flex items-center justify-between">%0D%0A+                   <div>%0D%0A+                     <h4 className="text-[14px] font-semibold text-[#201f1e]">Product Bible index</h4>%0D%0A+                     <p className="text-[12px] text-[#605e5c]">Index of certified system components</p>%0D%0A+                   </div>%0D%0A+                   <button%0D%0A+                     onClick={() => setShowAddBibleProduct(!showAddBibleProduct)}%0D%0A+                     className="inline-flex items-center gap-1 rounded border border-[#c8c6c4] px-2.5 py-1.5 text-[12px] font-medium text-[#323130] hover:bg-black/[.03]"%0D%0A+                     title="Register a new software specification"%0D%0A+                   >%0D%0A+                     <PlusCircle className="h-3.5 w-3.5" />%0D%0A+                     <span>Register</span>%0D%0A+                   </button>%0D%0A+                 </div>%0D%0A+ %0D%0A+                 {/* Quick Search & Filter */}%0D%0A+                 <div className="space-y-2">%0D%0A+                   <div className="flex h-9 items-center gap-2 rounded border border-[#c8c6c4] px-2.5 focus-within:border-[#0f6cbd] focus-within:ring-1 focus-within:ring-[#0f6cbd]">%0D%0A+                     <Search className="h-3.5 w-3.5 text-[#8a8886]" />%0D%0A+                     <input%0D%0A+                       type="text"%0D%0A+                       placeholder="Search specifications..."%0D%0A+                       value={bibleSearchQuery}%0D%0A+                       onChange={(e) => setBibleSearchQuery(e.target.value)}%0D%0A+                       className="w-full bg-transparent text-[13px] text-[#323130] focus:outline-none"%0D%0A+                     />%0D%0A+                   </div>%0D%0A+ %0D%0A+                   <div className="flex items-center justify-between pt-1 text-[12px] text-[#605e5c]">%0D%0A+                     <span>Risk filter</span>%0D%0A+                     <div className="flex gap-1">%0D%0A+                       {['all', 'low', 'medium', 'high'].map(r => (%0D%0A+                         <button%0D%0A+                           key={r}%0D%0A+                           onClick={() => setBibleFilterRisk(r)}%0D%0A+                           className={`rounded px-1.5 py-0.5 capitalize ${%0D%0A+                             bibleFilterRisk === r%0D%0A+                               ? 'bg-[#eff6fc] font-medium text-[#0f6cbd]'%0D%0A+                               : 'hover:text-[#323130]'%0D%0A+                           }`}%0D%0A+                         >%0D%0A+                           {r}%0D%0A+                         </button>%0D%0A+                       ))}%0D%0A+                     </div>%0D%0A+                   </div>%0D%0A+                 </div>%0D%0A+ %0D%0A+                 {/* Add New Specification Form Block */}%0D%0A+                 {showAddBibleProduct && (%0D%0A+                   <form onSubmit={handleAddBibleProduct} className="space-y-3 rounded-md border border-[#e1dfdd] bg-[#faf9f8] p-3 text-[13px]">%0D%0A+                     <h5 className="text-[13px] font-semibold text-[#201f1e]">New standard specification registration</h5>%0D%0A+ %0D%0A+                     <div>%0D%0A+                       <label className="mb-1 block text-[12px] font-medium text-[#605e5c]">Product / package name</label>%0D%0A+                       <input%0D%0A+                         type="text"%0D%0A+                         placeholder="e.g. Apache Kafka"%0D%0A+                         required%0D%0A+                         value={newBpName}%0D%0A+                         onChange={(e) => setNewBpName(e.target.value)}%0D%0A+                         className="h-9 w-full rounded border border-[#c8c6c4] bg-white px-2.5 text-[13px] focus:border-[#0f6cbd] focus:outline-none focus:ring-1 focus:ring-[#0f6cbd]"%0D%0A+                       />%0D%0A+                     </div>%0D%0A+ %0D%0A+                     <div className="grid grid-cols-2 gap-2">%0D%0A+                       <div>%0D%0A+                         <label className="mb-1 block text-[12px] font-medium text-[#605e5c]">Class type</label>%0D%0A+                         <select%0D%0A+                           value={newBpType}%0D%0A+                           onChange={(e) => setNewBpType(e.target.value)}%0D%0A+                           className="h-9 w-full rounded border border-[#c8c6c4] bg-white px-2 text-[13px] focus:border-[#0f6cbd] focus:outline-none focus:ring-1 focus:ring-[#0f6cbd]"%0D%0A+                         >%0D%0A+                           <option value="Web Infrastructure / Proxy">Web / Proxy</option>%0D%0A+                           <option value="Database Systems">Database</option>%0D%0A+                           <option value="Cache Systems">Cache</option>%0D%0A+                           <option value="Open Source Logging Framework">Logging</option>%0D%0A+                           <option value="Container Foundations">Container</option>%0D%0A+                           <option value="Framework Library">Framework</option>%0D%0A+                         </select>%0D%0A+                       </div>%0D%0A+ %0D%0A+                       <div>%0D%0A+                         <label className="mb-1 block text-[12px] font-medium text-[#605e5c]">Secure baseline</label>%0D%0A+                         <input%0D%0A+                           type="text"%0D%0A+                           placeholder="e.g. 3.4.0"%0D%0A+                           required%0D%0A+                           value={newBpVersion}%0D%0A+                           onChange={(e) => setNewBpVersion(e.target.value)}%0D%0A+                           className="h-9 w-full rounded border border-[#c8c6c4] bg-white px-2.5 text-[13px] focus:border-[#0f6cbd] focus:outline-none focus:ring-1 focus:ring-[#0f6cbd]"%0D%0A+                         />%0D%0A+                       </div>%0D%0A+                     </div>%0D%0A+ %0D%0A+                     <div>%0D%0A+                       <label className="mb-1 block text-[12px] font-medium text-[#605e5c]">Permitted licenses</label>%0D%0A+                       <input%0D%0A+                         type="text"%0D%0A+                         value={newBpAllowedLics}%0D%0A+                         onChange={(e) => setNewBpAllowedLics(e.target.value)}%0D%0A+                         className="h-9 w-full rounded border border-[#c8c6c4] bg-white px-2.5 font-mono text-[12px] focus:border-[#0f6cbd] focus:outline-none focus:ring-1 focus:ring-[#0f6cbd]"%0D%0A+                       />%0D%0A+                       <p className="mt-1 text-[11px] text-[#8a8886]">Comma-separated SPDX identifiers.</p>%0D%0A+                     </div>%0D%0A+ %0D%0A+                     <div>%0D%0A+                       <label className="mb-1 block text-[12px] font-medium text-[#605e5c]">Prohibited copylefts</label>%0D%0A+                       <input%0D%0A+                         type="text"%0D%0A+                         value={newBpDisallowedLics}%0D%0A+                         onChange={(e) => setNewBpDisallowedLics(e.target.value)}%0D%0A+                         className="h-9 w-full rounded border border-[#c8c6c4] bg-white px-2.5 font-mono text-[12px] focus:border-[#0f6cbd] focus:outline-none focus:ring-1 focus:ring-[#0f6cbd]"%0D%0A+                       />%0D%0A+                     </div>%0D%0A+ %0D%0A+                     <div className="grid grid-cols-2 gap-2">%0D%0A+                       <div>%0D%0A+                         <label className="mb-1 block text-[12px] font-medium text-[#605e5c]">Risk tier</label>%0D%0A+                         <select%0D%0A+                           value={newBpRisk}%0D%0A+                           onChange={(e) => setNewBpRisk(e.target.value as any)}%0D%0A+                           className="h-9 w-full rounded border border-[#c8c6c4] bg-white px-2 text-[13px] focus:border-[#0f6cbd] focus:outline-none focus:ring-1 focus:ring-[#0f6cbd]"%0D%0A+                         >%0D%0A+                           <option value="Low">Low</option>%0D%0A+                           <option value="Medium">Medium</option>%0D%0A+                           <option value="High">High</option>%0D%0A+                         </select>%0D%0A+                       </div>%0D%0A+ %0D%0A+                       <div>%0D%0A+                         <label className="mb-1 block text-[12px] font-medium text-[#605e5c]">Target compliance</label>%0D%0A+                         <input%0D%0A+                           type="text"%0D%0A+                           placeholder="e.g. HIPAA CC4 / ISO"%0D%0A+                           value={newBpCompliance}%0D%0A+                           onChange={(e) => setNewBpCompliance(e.target.value)}%0D%0A+                           className="h-9 w-full rounded border border-[#c8c6c4] bg-white px-2.5 text-[13px] focus:border-[#0f6cbd] focus:outline-none focus:ring-1 focus:ring-[#0f6cbd]"%0D%0A+                         />%0D%0A+                       </div>%0D%0A+                     </div>%0D%0A+ %0D%0A+                     <div>%0D%0A+                       <label className="mb-1 block text-[12px] font-medium text-[#605e5c]">Operational safeguard policy</label>%0D%0A+                       <textarea%0D%0A+                         rows={2}%0D%0A+                         placeholder="Safeguards required..."%0D%0A+                         value={newBpSafeguard}%0D%0A+                         onChange={(e) => setNewBpSafeguard(e.target.value)}%0D%0A+                         className="w-full rounded border border-[#c8c6c4] bg-white px-2.5 py-2 text-[13px] focus:border-[#0f6cbd] focus:outline-none focus:ring-1 focus:ring-[#0f6cbd]"%0D%0A+                       />%0D%0A+                     </div>%0D%0A+ %0D%0A+                     <div className="flex justify-end gap-2 pt-1">%0D%0A+                       <button%0D%0A+                         type="button"%0D%0A+                         onClick={() => setShowAddBibleProduct(false)}%0D%0A+                         className="inline-flex h-9 items-center rounded border border-[#c8c6c4] px-3 text-[13px] font-medium text-[#323130] hover:bg-black/[.03]"%0D%0A+                       >%0D%0A+                         Cancel%0D%0A+                       </button>%0D%0A+                       <button%0D%0A+                         type="submit"%0D%0A+                         className="inline-flex h-9 items-center gap-1.5 rounded bg-[#0f6cbd] px-3 text-[13px] font-medium text-white hover:bg-[#004578]"%0D%0A+                       >%0D%0A+                         <Check className="h-3.5 w-3.5" />%0D%0A+                         <span>Register spec</span>%0D%0A+                       </button>%0D%0A+                     </div>%0D%0A+                   </form>%0D%0A+                 )}%0D%0A+ %0D%0A+                 {/* List of Specs */}%0D%0A+                 <div className="max-h-[400px] space-y-1 overflow-y-auto">%0D%0A+                   {filteredBibleProducts.length === 0 ? (%0D%0A+                     <p className="py-6 text-center text-[12px] text-[#8a8886]">No matching standard specifications found.</p>%0D%0A+                   ) : (%0D%0A+                     filteredBibleProducts.map(bp => {%0D%0A+                       const isSelected = bp.id === selectedBibleProductId;%0D%0A+                       return (%0D%0A+                         <button%0D%0A+                           key={bp.id}%0D%0A+                           onClick={() => setSelectedBibleProductId(bp.id)}%0D%0A+                           className={`flex w-full items-center justify-between rounded border p-2.5 text-left text-[13px] ${%0D%0A+                             isSelected%0D%0A+                               ? 'border-[#0f6cbd] bg-[#eff6fc] text-[#0f6cbd]'%0D%0A+                               : 'border-[#e1dfdd] bg-white text-[#323130] hover:bg-black/[.02]'%0D%0A+                           }`}%0D%0A+                         >%0D%0A+                           <div className="min-w-0">%0D%0A+                             <p className="truncate leading-snug">{bp.name}</p>%0D%0A+                             <span className="mt-0.5 block text-[11px] text-[#8a8886]">{bp.type}</span>%0D%0A+                           </div>%0D%0A+ %0D%0A+                           <div className="ml-2 flex shrink-0 items-center gap-1.5">%0D%0A+                             <span className={`rounded px-1.5 py-0.5 text-[11px] font-medium ${%0D%0A+                               bp.riskTier === 'High' ? 'bg-[#fdf2f2] text-[#a4262c]' :%0D%0A+                               bp.riskTier === 'Medium' ? 'bg-[#fff4ce] text-[#8a5700]' :%0D%0A+                               'bg-[#dff6dd] text-[#0e700e]'%0D%0A+                             }`}>%0D%0A+                               {bp.riskTier}%0D%0A+                             </span>%0D%0A+                             <ChevronRight className={`h-3.5 w-3.5 ${isSelected ? 'text-[#0f6cbd]' : 'text-[#8a8886]'}`} />%0D%0A+                           </div>%0D%0A+                         </button>%0D%0A+                       );%0D%0A+                     })%0D%0A+                   )}%0D%0A+                 </div>%0D%0A+               </div>%0D%0A+             </div>%0D%0A+ %0D%0A+             {/* Right 2 Columns: Specification Details & Interactive Sandbox compliance auditor */}%0D%0A+             <div className="lg:col-span-2 space-y-4">%0D%0A+ %0D%0A+               {/* Card 1: Active Specification detail */}%0D%0A+               {activeBibleProduct && (%0D%0A+                 <div className="rounded-md border border-[#e1dfdd] bg-white p-4 space-y-3">%0D%0A+                   <div className="flex items-start justify-between border-b border-[#e1dfdd] pb-3">%0D%0A+                     <div>%0D%0A+                       <span className="text-[11px] font-medium uppercase tracking-wide text-[#0f6cbd]">Approved platform standard spec</span>%0D%0A+                       <h3 className="mt-1 flex items-center gap-1.5 text-[15px] font-semibold text-[#201f1e]">%0D%0A+                         <CheckCircle2 className="h-4 w-4 text-[#0e700e]" />%0D%0A+                         {activeBibleProduct.name}%0D%0A+                       </h3>%0D%0A+                       <p className="mt-0.5 text-[12px] text-[#605e5c]">{activeBibleProduct.type}</p>%0D%0A+                     </div>%0D%0A+ %0D%0A+                     <span className="rounded border border-[#c8c6c4] bg-[#eff6fc] px-2 py-0.5 text-[12px] font-medium text-[#0f6cbd]">%0D%0A+                       Baseline v{activeBibleProduct.baselineSecureVersion}%0D%0A+                     </span>%0D%0A+                   </div>%0D%0A+ %0D%0A+                   <div className="grid grid-cols-1 gap-4 md:grid-cols-2">%0D%0A+                     <div className="space-y-3">%0D%0A+                       <div>%0D%0A+                         <span className="block text-[11px] font-medium uppercase text-[#605e5c]">Permitted (greenlist) licenses</span>%0D%0A+                         <div className="mt-1.5 flex flex-wrap gap-1.5">%0D%0A+                           {activeBibleProduct.allowedLicenses.map((lic: string) => (%0D%0A+                             <span key={lic} className="rounded border border-[#c8c6c4] bg-[#dff6dd] px-2 py-0.5 text-[11px] font-medium text-[#0e700e]">%0D%0A+                               {lic}%0D%0A+                             </span>%0D%0A+                           ))}%0D%0A+                           {activeBibleProduct.allowedLicenses.length === 0 && <span className="text-[12px] italic text-[#8a8886]">None specified</span>}%0D%0A+                         </div>%0D%0A+                       </div>%0D%0A+ %0D%0A+                       <div>%0D%0A+                         <span className="block text-[11px] font-medium uppercase text-[#605e5c]">Prohibited (blacklisted) licenses</span>%0D%0A+                         <div className="mt-1.5 flex flex-wrap gap-1.5">%0D%0A+                           {activeBibleProduct.disallowedLicenses.map((lic: string) => (%0D%0A+                             <span key={lic} className="rounded border border-[#c8c6c4] bg-[#fdf2f2] px-2 py-0.5 text-[11px] font-medium text-[#a4262c]">%0D%0A+                               {lic}%0D%0A+                             </span>%0D%0A+                           ))}%0D%0A+                           {activeBibleProduct.disallowedLicenses.length === 0 && <span className="text-[12px] italic text-[#8a8886]">None prohibited</span>}%0D%0A+                         </div>%0D%0A+                       </div>%0D%0A+                     </div>%0D%0A+ %0D%0A+                     <div className="space-y-2 rounded-md border border-[#e1dfdd] bg-[#faf9f8] p-3">%0D%0A+                       <span className="block text-[11px] font-medium uppercase text-[#605e5c]">Target regulatory framework compliance</span>%0D%0A+                       <p className="text-[13px] font-medium text-[#323130]">{activeBibleProduct.complianceTarget}</p>%0D%0A+                       <p className="text-[12px] leading-normal text-[#605e5c]">%0D%0A+                         Ingested components of this product category must be validated in accordance with audit guidelines mapped to this baseline.%0D%0A+                       </p>%0D%0A+                     </div>%0D%0A+                   </div>%0D%0A+ %0D%0A+                   <div className="space-y-1.5 rounded-md border border-[#e1dfdd] bg-[#eff6fc] p-3">%0D%0A+                     <span className="block text-[11px] font-medium uppercase tracking-wide text-[#0f6cbd]">Standard core safeguards policy</span>%0D%0A+                     <p className="text-[13px] leading-normal text-[#323130]">{activeBibleProduct.safeguardPolicy}</p>%0D%0A+                   </div>%0D%0A+                 </div>%0D%0A+               )}%0D%0A+ %0D%0A+               {/* Card 2: Interactive Sandbox Compliance Auditor */}%0D%0A+               <div className="rounded-md border border-[#e1dfdd] bg-white p-4 space-y-3">%0D%0A+                 <div>%0D%0A+                   <h3 className="flex items-center gap-1.5 text-[14px] font-semibold text-[#201f1e]">%0D%0A+                     <Sparkles className="h-4 w-4 text-[#0f6cbd]" />%0D%0A+                     <span>Interactive product compliance sandbox</span>%0D%0A+                   </h3>%0D%0A+                   <p className="mt-0.5 text-[12px] text-[#605e5c]">%0D%0A+                     Simulate software ingest requests and instantly check compliance against the Master Product Bible.%0D%0A+                   </p>%0D%0A+                 </div>%0D%0A+ %0D%0A+                 <div className="grid grid-cols-1 gap-4 md:grid-cols-2">%0D%0A+                   <div className="space-y-3">%0D%0A+                     <div>%0D%0A+                       <label className="mb-1 block text-[12px] font-medium text-[#605e5c]">Select target product class</label>%0D%0A+                       <select%0D%0A+                         value={sandboxProduct}%0D%0A+                         onChange={(e) => {%0D%0A+                           setSandboxProduct(e.target.value);%0D%0A+                           const found = bibleProducts.find(bp => bp.name === e.target.value);%0D%0A+                           if (found) {%0D%0A+                             setSandboxVersion(found.baselineSecureVersion);%0D%0A+                             setSandboxLicense(found.allowedLicenses[0] || 'MIT');%0D%0A+                           }%0D%0A+                         }}%0D%0A+                         className="h-9 w-full rounded border border-[#c8c6c4] px-2.5 text-[13px] focus:border-[#0f6cbd] focus:outline-none focus:ring-1 focus:ring-[#0f6cbd]"%0D%0A+                       >%0D%0A+                         {bibleProducts.map(bp => (%0D%0A+                           <option key={bp.id} value={bp.name}>{bp.name}</option>%0D%0A+                         ))}%0D%0A+                         <option value="custom">-- Custom/unregistered product --</option>%0D%0A+                       </select>%0D%0A+                     </div>%0D%0A+ %0D%0A+                     {sandboxProduct === 'custom' && (%0D%0A+                       <div>%0D%0A+                         <label className="mb-1 block text-[12px] font-medium text-[#605e5c]">Custom product name</label>%0D%0A+                         <input%0D%0A+                           type="text"%0D%0A+                           placeholder="e.g. Apache Kafka"%0D%0A+                           value={sandboxCustomName}%0D%0A+                           onChange={(e) => setSandboxCustomName(e.target.value)}%0D%0A+                           className="h-9 w-full rounded border border-[#c8c6c4] px-2.5 text-[13px] focus:border-[#0f6cbd] focus:outline-none focus:ring-1 focus:ring-[#0f6cbd]"%0D%0A+                         />%0D%0A+                       </div>%0D%0A+                     )}%0D%0A+ %0D%0A+                     <div className="grid grid-cols-2 gap-2">%0D%0A+                       <div>%0D%0A+                         <label className="mb-1 block text-[12px] font-medium text-[#605e5c]">Ingested version</label>%0D%0A+                         <input%0D%0A+                           type="text"%0D%0A+                           value={sandboxVersion}%0D%0A+                           onChange={(e) => setSandboxVersion(e.target.value)}%0D%0A+                           className="h-9 w-full rounded border border-[#c8c6c4] px-2.5 font-mono text-[13px] focus:border-[#0f6cbd] focus:outline-none focus:ring-1 focus:ring-[#0f6cbd]"%0D%0A+                           placeholder="e.g. 1.25.0"%0D%0A+                         />%0D%0A+                       </div>%0D%0A+ %0D%0A+                       <div>%0D%0A+                         <label className="mb-1 block text-[12px] font-medium text-[#605e5c]">License SPDX</label>%0D%0A+                         <input%0D%0A+                           type="text"%0D%0A+                           value={sandboxLicense}%0D%0A+                           onChange={(e) => setSandboxLicense(e.target.value)}%0D%0A+                           className="h-9 w-full rounded border border-[#c8c6c4] px-2.5 font-mono text-[13px] focus:border-[#0f6cbd] focus:outline-none focus:ring-1 focus:ring-[#0f6cbd]"%0D%0A+                           placeholder="e.g. GPL-3.0-only"%0D%0A+                         />%0D%0A+                       </div>%0D%0A+                     </div>%0D%0A+ %0D%0A+                     <div>%0D%0A+                       <label className="mb-1 block text-[12px] font-medium text-[#605e5c]">Target deploy environment</label>%0D%0A+                       <div className="grid grid-cols-3 gap-2">%0D%0A+                         {['Production', 'Staging', 'Development'].map(env => (%0D%0A+                           <button%0D%0A+                             key={env}%0D%0A+                             type="button"%0D%0A+                             onClick={() => setSandboxEnv(env)}%0D%0A+                             className={`rounded border p-2 text-center text-[12px] font-medium ${%0D%0A+                               sandboxEnv === env%0D%0A+                                 ? 'border-[#0f6cbd] bg-[#eff6fc] text-[#0f6cbd]'%0D%0A+                                 : 'border-[#c8c6c4] text-[#605e5c] hover:bg-black/[.03]'%0D%0A+                             }`}%0D%0A+                           >%0D%0A+                             {env}%0D%0A+                           </button>%0D%0A+                         ))}%0D%0A+                       </div>%0D%0A+                     </div>%0D%0A+ %0D%0A+                     <button%0D%0A+                       type="button"%0D%0A+                       onClick={handleRunSandboxAudit}%0D%0A+                       className="flex h-9 w-full items-center justify-center gap-1.5 rounded bg-[#0f6cbd] text-[13px] font-medium text-white hover:bg-[#004578]"%0D%0A+                     >%0D%0A+                       <Play className="h-3.5 w-3.5" />%0D%0A+                       <span>Run sandbox compliance attestation</span>%0D%0A+                     </button>%0D%0A+                   </div>%0D%0A+ %0D%0A+                   {/* Attestation Sandbox Report panel */}%0D%0A+                   <div className="flex min-h-[240px] flex-col justify-between rounded-md border border-[#e1dfdd] bg-[#faf9f8] p-3">%0D%0A+                     {sandboxReport ? (%0D%0A+                       <div className="space-y-3">%0D%0A+                         <div className="flex items-center justify-between border-b border-[#e1dfdd] pb-2">%0D%0A+                           <div>%0D%0A+                             <span className="block text-[11px] font-medium text-[#605e5c]">Attestation report</span>%0D%0A+                             <h4 className="max-w-[160px] truncate text-[13px] font-semibold text-[#201f1e]">{sandboxReport.productName}</h4>%0D%0A+                           </div>%0D%0A+ %0D%0A+                           <span className={`inline-flex items-center gap-1 rounded border border-[#c8c6c4] px-2 py-0.5 text-[11px] font-medium ${%0D%0A+                             sandboxReport.overallStatus === 'PASS' ? 'bg-[#dff6dd] text-[#0e700e]' :%0D%0A+                             sandboxReport.overallStatus === 'WARN' ? 'bg-[#fff4ce] text-[#8a5700]' :%0D%0A+                             'bg-[#fdf2f2] text-[#a4262c]'%0D%0A+                           }`}>%0D%0A+                             <span className={`h-1.5 w-1.5 rounded-full ${%0D%0A+                               sandboxReport.overallStatus === 'PASS' ? 'bg-[#0e700e]' :%0D%0A+                               sandboxReport.overallStatus === 'WARN' ? 'bg-[#8a5700]' :%0D%0A+                               'bg-[#a4262c]'%0D%0A+                             }`} />%0D%0A+                             {sandboxReport.overallStatus}%0D%0A+                           </span>%0D%0A+                         </div>%0D%0A+ %0D%0A+                         <div className="space-y-2 text-[12px] leading-normal">%0D%0A+                           <div className="flex items-start gap-1.5">%0D%0A+                             {sandboxReport.versionStatus === 'Compliant' ? (%0D%0A+                               <Check className="mt-0.5 h-3.5 w-3.5 shrink-0 text-[#0e700e]" />%0D%0A+                             ) : sandboxReport.versionStatus === 'Warning' ? (%0D%0A+                               <AlertTriangle className="mt-0.5 h-3.5 w-3.5 shrink-0 text-[#8a5700]" />%0D%0A+                             ) : (%0D%0A+                               <ShieldAlert className="mt-0.5 h-3.5 w-3.5 shrink-0 text-[#a4262c]" />%0D%0A+                             )}%0D%0A+                             <div>%0D%0A+                               <span className="font-medium text-[#323130]">Version standard: </span>%0D%0A+                               <span className="text-[#605e5c]">{sandboxReport.versionDetails}</span>%0D%0A+                             </div>%0D%0A+                           </div>%0D%0A+ %0D%0A+                           <div className="flex items-start gap-1.5">%0D%0A+                             {sandboxReport.licenseStatus === 'Compliant' ? (%0D%0A+                               <Check className="mt-0.5 h-3.5 w-3.5 shrink-0 text-[#0e700e]" />%0D%0A+                             ) : sandboxReport.licenseStatus === 'Warning' ? (%0D%0A+                               <AlertTriangle className="mt-0.5 h-3.5 w-3.5 shrink-0 text-[#8a5700]" />%0D%0A+                             ) : (%0D%0A+                               <ShieldAlert className="mt-0.5 h-3.5 w-3.5 shrink-0 text-[#a4262c]" />%0D%0A+                             )}%0D%0A+                             <div>%0D%0A+                               <span className="font-medium text-[#323130]">License standard: </span>%0D%0A+                               <span className="text-[#605e5c]">{sandboxReport.licenseDetails}</span>%0D%0A+                             </div>%0D%0A+                           </div>%0D%0A+                         </div>%0D%0A+ %0D%0A+                         <div className="space-y-1 rounded border border-[#e1dfdd] bg-white p-2.5 text-[12px] leading-normal text-[#605e5c]">%0D%0A+                           <p className="text-[11px] font-medium uppercase text-[#323130]">Compliance checklist ({sandboxReport.complianceTarget}):</p>%0D%0A+                           <p className="italic">{sandboxReport.safeguardPolicy}</p>%0D%0A+                         </div>%0D%0A+                       </div>%0D%0A+                     ) : (%0D%0A+                       <div className="flex h-full flex-col items-center justify-center space-y-2 py-10 text-center text-[#8a8886]">%0D%0A+                         <Sliders className="h-6 w-6 text-[#c8c6c4]" />%0D%0A+                         <p className="mt-2 text-[13px] font-medium text-[#605e5c]">Attestation pending</p>%0D%0A+                         <p className="max-w-[220px] text-[12px] leading-snug text-[#8a8886]">%0D%0A+                           Configure simulation parameters and run the sandbox compliance attestation to test build parameters against standards.%0D%0A+                         </p>%0D%0A+                       </div>%0D%0A+                     )}%0D%0A+ %0D%0A+                     <div className="mt-2 flex items-center justify-between border-t border-[#e1dfdd] pt-2 text-[11px] text-[#8a8886]">%0D%0A+                       <span>Audit kernel: SEC_ENGINE_v1.0</span>%0D%0A+                       {sandboxReport && (%0D%0A+                         <span>Attested: {new Date(sandboxReport.timestamp).toLocaleTimeString()}</span>%0D%0A+                       )}%0D%0A+                     </div>%0D%0A+                   </div>%0D%0A+                 </div>%0D%0A+ %0D%0A+               </div>%0D%0A+ %0D%0A+             </div>%0D%0A+ %0D%0A+           </div>%0D%0A+         </div>%0D%0A+       )}%0D%0A+     </div>%0D%0A+   );%0D%0A+ }%0D%0A+%0A%0A ❯ tests/tenant-branding-contract.test.ts:40:26%0A%0A

::error file=/home/runner/work/software-passport-registry/software-passport-registry/tests/trust-field-contract.test.ts,title=tests/trust-field-contract.test.ts > HomePage only shows the real 4 scoring-engine dimensions%2C not a fabricated 12 > CTAs route to real%2C existing paths only,line=84,column=15::AssertionError: expected 'import { useEffect, useMemo, useState…' to contain 'onCreatePassport={() => navigate(\'/l…'%0A%0A- Expected%0A+ Received%0A%0A- onCreatePassport={() => navigate('/login')}%0A+ import { useEffect, useMemo, useState, type ReactNode } from 'react';%0A+ import { getRedirectResult, onAuthStateChanged, signOut, type User } from 'firebase/auth';%0A+ import type { Alert, Client, Integration, Scan, SoftwarePassport, Vendor } from './types';%0A+ import type { VerificationDecision } from './lib/verification/evaluateVerification.ts';%0A+ import { apiFetch } from './utils/apiClient';%0A+ import { auth } from './lib/firebase';%0A+ import CommandCenter from './components/CommandCenter';%0A+ import ExtensionWorkflow from './components/ExtensionWorkflow';%0A+ import ExtensionMarketplace from './components/ExtensionMarketplace';%0A+ import LoginView from './components/LoginView';%0A+ import EvidenceDashboardView from './components/EvidenceDashboardView';%0A+ import EvidenceExplorerView from './components/EvidenceExplorerView';%0A+ import AITrustCenterView from './components/AITrustCenterView';%0A+ import CoverageView from './components/CoverageView';%0A+ import AssetsView from './components/AssetsView';%0A+ import PassportsView from './components/PassportsView';%0A+ import ScansView from './components/ScansView';%0A+ import AlertsView from './components/AlertsView';%0A+ import ClientsView from './components/ClientsView';%0A+ import VendorsView from './components/VendorsView';%0A+ import IntegrationsView from './components/IntegrationsView';%0A+ import BillingView from './components/BillingView';%0A+ import ComplianceView from './components/ComplianceView';%0A+ import AgentTrustView from './components/AgentTrustView';%0A+ import EnterpriseReadinessView from './components/EnterpriseReadinessView';%0A+ import FounderDashboardView from './components/FounderDashboardView';%0A+ import InvestorHomeView from './components/InvestorHomeView';%0A+ import SettingsView from './components/SettingsView';%0A+ import TeamView from './components/TeamView';%0A+ import AuditLogView from './components/AuditLogView';%0A+ import MonitoringView from './components/MonitoringView';%0A+ import SecurityCenterView from './components/SecurityCenterView';%0A+ import MSPCommandCenter from './components/MSPCommandCenter';%0A+ import ReportsView from './components/ReportsView';%0A+ import TrustGraphView from './components/TrustGraphView';%0A+ import { EXTENSIONS } from './workflows/extensionRegistry';%0A+ const PUBLIC_PATHS = new Set(['/','/login','/free-review','/pricing']);%0A+ const EMPTY_CLIENTS: Client[] = []; const EMPTY_PASSPORTS: SoftwarePassport[] = []; const EMPTY_VENDORS: Vendor[] = []; const EMPTY_INTEGRATIONS: Integration[] = []; const EMPTY_SCANS: Scan[] = []; const EMPTY_ALERTS: Alert[] = [];%0A+ function deriveAlertStatus(remediationStatus: string | null | undefined, findingStatus: string | null | undefined): Alert['status'] { switch (remediationStatus) { case 'IN_PROGRESS': case 'READY_FOR_VERIFICATION': return 'Acknowledged'; case 'BLOCKED': return 'Snoozed'; case 'VERIFIED': case 'CLOSED': return 'Resolved'; case 'CANCELLED': return 'Cancelled'; case 'OPEN': return 'Active'; default: return String(findingStatus || '').toLowerCase() === 'resolved' ? 'Resolved' : 'Active'; } }%0A+ function navigate(path: string) { window.history.pushState({}, '', path); window.dispatchEvent(new PopStateEvent('popstate')); }%0A+ function usePath() { const [path, setPath] = useState(() => window.location.pathname || '/'); useEffect(() => { const update = () => setPath(window.location.pathname || '/'); window.addEventListener('popstate', update); return () => window.removeEventListener('popstate', update); }, []); return path; }%0A+ function AuthLoading() { return <div className="grid min-h-screen place-items-center bg-[#faf9f8] text-[#201f1e]"><div className="text-center"><div className="mx-auto grid h-10 w-10 place-items-center rounded bg-[#0f6cbd] text-xs font-bold text-white">S</div><div className="mt-4 text-[11px] font-semibold uppercase tracking-wide text-[#605e5c]">Securing workspace</div><div className="mt-1 text-[12px] text-[#8a8886]">Checking authenticated session…</div></div></div>; }%0A+ function CoverPage() { return <div className="min-h-screen bg-[#faf9f8] text-[#201f1e]"><div className="mx-auto flex min-h-screen max-w-5xl items-center px-6 py-16"><div className="max-w-3xl"><div className="mb-5 inline-flex items-center gap-1.5 rounded border border-[#e1dfdd] bg-white px-2.5 py-1 text-[11px] font-semibold uppercase tracking-wide text-[#605e5c]">Evidence-first software trust</div><h1 className="text-[28px] font-semibold tracking-tight md:text-[34px]">Software trust, operated as a system.</h1><p className="mt-4 max-w-2xl text-[14px] leading-6 text-[#605e5c]">Software Passport Registry turns software identity, security, provenance, reliability, compliance, and evidence into repeatable workflows for teams, buyers, and managed service providers.</p><div className="mt-6 flex flex-wrap gap-2"><button onClick={() => navigate('/login')} className="h-9 rounded bg-[#0f6cbd] px-4 text-[13px] font-semibold text-white hover:bg-[#004578]">Enter SPR</button><button onClick={() => navigate('/free-review')} className="h-9 rounded border border-[#c8c6c4] bg-white px-4 text-[13px] font-medium text-[#323130] hover:bg-black/[.03]">Free review</button></div></div></div></div>; }%0A+ function PublicPage({ title, description, action, onAction }: { title: string; description: string; action: string; onAction: () => void }) { return <div className="grid min-h-screen place-items-center bg-[#faf9f8] px-6 text-[#201f1e]"><div className="max-w-md rounded-md border border-[#e1dfdd] bg-white p-6 text-center"><div className="text-[11px] font-semibold uppercase tracking-wide text-[#605e5c]">Software Passport Registry</div><h1 className="mt-2 text-[20px] font-semibold">{title}</h1><p className="mt-2 text-[13px] leading-5 text-[#605e5c]">{description}</p><button onClick={onAction} className="mt-5 h-9 rounded bg-[#0f6cbd] px-4 text-[13px] font-semibold text-white hover:bg-[#004578]">{action}</button></div></div>; }%0A+ function WorkflowBoundary({ title, description, extensionId, onNavigate }: { title: string; description: string; extensionId?: string; onNavigate: (path: string) => void }) { const extension = extensionId ? EXTENSIONS.find((item) => item.id === extensionId) : undefined; return <section><div className="rounded-md border border-[#e1dfdd] bg-white p-5"><div className="text-[11px] font-semibold uppercase tracking-wide text-[#605e5c]">Workflow boundary</div><h1 className="mt-1.5 text-[20px] font-semibold tracking-tight">{title}</h1><p className="mt-2 max-w-2xl text-[13px] leading-5 text-[#605e5c]">{description}</p>{extension && <button onClick={() => onNavigate(extension.entryPath)} className="mt-4 h-8 rounded bg-[#0f6cbd] px-3 text-[12px] font-semibold text-white hover:bg-[#004578]">Open {extension.name} →</button>}</div></section>; }%0A+ export default function App() {%0A+  const path=usePath(); const [authReady,setAuthReady]=useState(false); const [user,setUser]=useState<User|null>(null); const [role,setRole]=useState('Viewer'); const [selectedClientId,setSelectedClientId]=useState(''); const [selectedPassportId,setSelectedPassportId]=useState<string|null>(null); const [assets,setAssets]=useState<any[]>([]); const [clients,setClients]=useState<Client[]>(EMPTY_CLIENTS); const [passports,setPassports]=useState<SoftwarePassport[]>(EMPTY_PASSPORTS); const [vendors,setVendors]=useState<Vendor[]>(EMPTY_VENDORS); const [alerts,setAlerts]=useState<Alert[]>(EMPTY_ALERTS); const [findings,setFindings]=useState<unknown[]>([]); const [scans,setScans]=useState<Scan[]>(EMPTY_SCANS); const [integrations,setIntegrations]=useState<Integration[]>(EMPTY_INTEGRATIONS); const [theme,setTheme]=useState<'light'|'dark'>('dark'); const [verificationDecisions,setVerificationDecisions]=useState<Record<string,VerificationDecision>>({}); const [verificationDetails,setVerificationDetails]=useState<Record<string,unknown>>({});%0A+  useEffect(()=>{let mounted=true;let redirectSettled=false;let observedUser:User|null=null;const timeoutId=window.setTimeout(()=>{if(mounted)setAuthReady(true)},10000);const unsubscribe=onAuthStateChanged(auth,(currentUser)=>{if(!mounted)return;observedUser=currentUser;if(!redirectSettled)return;setUser(currentUser);setAuthReady(true);window.clearTimeout(timeoutId)},()=>{if(mounted){setAuthReady(true);window.clearTimeout(timeoutId)}});void getRedirectResult(auth).then(result=>{redirectSettled=true;if(mounted)setUser(result?.user||observedUser);if(mounted)setAuthReady(true);window.clearTimeout(timeoutId)}).catch(error=>{redirectSettled=true;console.error('[Firebase redirect sign-in error]',error);if(mounted)setUser(observedUser);if(mounted)setAuthReady(true);window.clearTimeout(timeoutId)});return()=>{mounted=false;window.clearTimeout(timeoutId);unsubscribe()}},[]);%0A+  useEffect(()=>{if(authReady&&!user&&!PUBLIC_PATHS.has(path))navigate('/login')},[authReady,user,path]);%0A+  useEffect(()=>{if(!user)return;let cancelled=false;const load=async()=>{const responses=await Promise.all([apiFetch('/api/user/me'),apiFetch('/api/scans'),apiFetch('/api/trust-loop/findings'),apiFetch('/api/user/passports'),apiFetch('/api/user/clients'),apiFetch('/api/integrations'),apiFetch('/api/user/verification')]);if(responses.some(r=>r.status===401)){await signOut(auth);navigate('/login');return}const [me,scansResponse,findingsResponse,passportsResponse,clientsResponse,integrationsResponse,verificationResponse]=responses;if(verificationResponse.ok){const data=await verificationResponse.json().catch(()=>null);if(!cancelled){setVerificationDecisions(data?.verificationDecisions&&typeof data.verificationDecisions==='object'?data.verificationDecisions:{});setVerificationDetails(data?.verificationDetails&&typeof data.verificationDetails==='object'?data.verificationDetails:{})}}else if(!cancelled){setVerificationDecisions({});setVerificationDetails({})}if(me.ok){const data=await me.json().catch(()=>null);if(!cancelled)setRole(String(data?.role||'Viewer'))}if(scansResponse.ok){const data=await scansResponse.json().catch(()=>[]);if(!cancelled&&Array.isArray(data))setScans(data)}if(findingsResponse.ok){const data=await findingsResponse.json().catch(()=>[]);const rows=Array.isArray(data)?data:data?.findings;if(!cancelled&&Array.isArray(rows)){setFindings(rows);setAlerts(rows.map((row:any)=>({id:String(row.id),title:String(row.title||row.control_id||'Trust finding'),severity:String(row.severity||'Low').replace(/^./,(s:string)=>s.toUpperCase()),category:'Trust finding',clientName:String(row.client_id||'Tenant'),description:String(row.description||'Evidence-backed finding'),timestamp:String(row.updated_at||''),status:deriveAlertStatus(row.remediation_status,row.status),remediationId:row.remediation_id?String(row.remediation_id):null,ownerDisplay:row.remediation_owner_display||null,slaDueAt:row.remediation_sla_due_at||null})) as Alert[])}}if(passportsResponse.ok){const data=await passportsResponse.json().catch(()=>[]);const rows=Array.isArray(data)?data:data?.passports;if(!cancelled&&Array.isArray(rows)){const normalized=rows.map((row:any)=>({...row,id:String(row.id),name:String(row.name||'Unnamed software'),version:String(row.version||'unknown'),publisher:String(row.publisher||'unknown'),clientId:row.clientId?String(row.clientId):undefined,evidence:Array.isArray(row.evidence)?row.evidence:[],vulnerabilities:Array.isArray(row.vulnerabilities)?row.vulnerabilities:[],timeline:Array.isArray(row.timeline)?row.timeline:[],sbom:Array.isArray(row.sbom)?row.sbom:[],scores:null,scoreStatus:row.scoreStatus||'not_authoritatively_scored'})) as SoftwarePassport[];setPassports(normalized);setAssets(normalized.map((passport:any)=>({id:passport.id,name:passport.name,hostName:passport.name,type:passport.category||'software',clientId:passport.clientId,clientName:String(passport.clientId||'Unobserved'),environment:String(passport.environment||'Unobserved'),version:passport.version})));setVendors(EMPTY_VENDORS)}}if(clientsResponse.ok){const data=await clientsResponse.json().catch(()=>[]);const rows=Array.isArray(data)?data:data?.clients;if(!cancelled&&Array.isArray(rows))setClients(rows.map((row:any)=>({...row,id:String(row.id),name:String(row.name||row.company_name||'Unnamed client')})) as Client[])}if(integrationsResponse.ok){const data=await integrationsResponse.json().catch(()=>[]);if(!cancelled&&Array.isArray(data))setIntegrations(data)}};void load().catch(error=>console.warn('[SPR command center load]',error));return()=>{cancelled=true}},[user]);%0A+  useEffect(()=>{const refresh=()=>{if(user)window.location.reload()};window.addEventListener('refresh-data',refresh);return()=>window.removeEventListener('refresh-data',refresh)},[user]);%0A+  const onNavigateTab=(target:string,itemId?:string)=>navigate(itemId?`${target.startsWith('/')?target:`/${target}`}/${encodeURIComponent(itemId)}`:target.startsWith('/')?target:`/${target}`); const quickAction=(action:'add-client'|'register-passport'|'scan-sbom')=>navigate(action==='add-client'?'/clients':action==='register-passport'?'/passports':'/scans');%0A+  const performAlertAction=async(alert:Alert,action:'acknowledge'|'assign'|'resolve'|'escalate'|'snooze'|'reopen',assigneeDisplay?:string)=>{let remediationId=alert.remediationId;if(!remediationId){const created=await apiFetch('/api/trust-loop/remediations',{method:'POST',headers:{'Content-Type':'application/json'},body:JSON.stringify({findingId:alert.id,title:alert.title,description:alert.description,priority:alert.severity.toUpperCase()})});if(!created.ok)return;const createdBody=await created.json().catch(()=>null);remediationId=createdBody?.id?String(createdBody.id):undefined;if(!remediationId)return}const patchBody:Record<string,unknown>={acknowledge:{status:'IN_PROGRESS'},resolve:{status:'CLOSED'},snooze:{status:'BLOCKED'},reopen:{status:'OPEN'},escalate:{status:'IN_PROGRESS',slaDueAt:new Date(Date.now()+4*3600*1000).toISOString()},assign:{status:'IN_PROGRESS',ownerDisplay:assigneeDisplay||''}}[action];const response=await apiFetch(`/api/trust-loop/remediations/${encodeURIComponent(remediationId)}`,{method:'PATCH',headers:{'Content-Type':'application/json'},body:JSON.stringify(patchBody)});if(!response.ok)return;const updated=await response.json().catch(()=>null);setAlerts(current=>current.map(item=>item.id===alert.id?{...item,remediationId,status:deriveAlertStatus(updated?.status??String(patchBody.status),null),ownerDisplay:updated?.owner_display??(patchBody.ownerDisplay as string|undefined)??item.ownerDisplay,slaDueAt:updated?.sla_due_at??(patchBody.slaDueAt as string|undefined)??item.slaDueAt}:item))};%0A+  const selectedExtension=useMemo(()=>{const match=path.match(/^\/extensions\/([^/]+)/);return match?decodeURIComponent(match[1]):null},[path]);const signOutUser=async()=>{await signOut(auth);navigate('/login')};%0A+  if(!authReady)return <AuthLoading/>;if(path==='/')return <CoverPage/>;if(path==='/login')return user?<AuthLoading/>:<LoginView onLoginSuccess={()=>navigate('/dashboard')}/>;if(!user&&path==='/free-review')return <PublicPage title="Free software review" description="Start an evidence-first review from the public entry point." action="Sign in to continue" onAction={()=>navigate('/login')}/>;if(!user&&path==='/pricing')return <PublicPage title="SPR plans" description="Account and billing capabilities are available inside the authenticated workspace." action="Enter SPR" onAction={()=>navigate('/login')}/>;if(!user)return <AuthLoading/>;%0A+  let view:ReactNode;if(selectedExtension)view=<ExtensionWorkflow id={selectedExtension} onNavigate={navigate}/>;else switch(path){case '/dashboard':view=<EvidenceDashboardView clients={clients} alerts={alerts} scans={scans} passports={passports} findings={findings} onNavigateTab={onNavigateTab} onOpenQuickAction={quickAction}/>;break;case '/coverage':view=<CoverageView clients={clients} scans={scans} passports={passports} onNavigateTab={onNavigateTab}/>;break;case '/evidence-explorer':view=<EvidenceExplorerView passports={passports}/>;break;case '/assets':view=<AssetsView clients={clients} searchQuery="" assets={assets}/>;break;case '/passports':case '/registry':view=<PassportsView verificationDecisions={verificationDecisions} verificationDetails={verificationDetails} passports={passports} selectedPassportId={selectedPassportId} setSelectedPassportId={setSelectedPassportId} searchQuery="" clients={clients} assets={assets} role={role} onNavigateTab={onNavigateTab} onUpdatePassport={passport=>setPassports(current=>current.map(item=>item.id===passport.id?passport:item))}/>;break;case '/scans':view=<ScansView scans={scans} clients={clients} assets={assets} passports={passports} role={role} onTriggerNewScan={scan=>setScans(current=>[scan,...current.filter(item=>item.id!==scan.id)].slice(0,100))}/>;break;case '/alerts':view=<AlertsView alerts={alerts} onAlertAction={performAlertAction}/>;break;case '/reports':view=<ReportsView clients={clients} passports={passports} scans={scans} alerts={alerts} findings={findings} role={role}/>;break;case '/trust-graph':view=<TrustGraphView clients={clients} passports={passports} assets={assets} findings={findings}/>;/* onSelectPassport={setSelectedPassportId} */break;case '/clients':view=<ClientsView clients={clients} selectedClientId={selectedClientId} setSelectedClientId={setSelectedClientId} passports={passports} onNavigateTab={onNavigateTab} searchQuery=""/>;break;case '/vendors':view=<VendorsView vendors={vendors} searchQuery=""/>;break;case '/integrations':view=<IntegrationsView passports={passports} onNavigateTab={onNavigateTab}/>;break;case '/monitoring':view=<MonitoringView role={role}/>;break;case '/security':view=<SecurityCenterView clients={clients} passports={passports}/>;break;case '/compliance':view=<ComplianceView clients={clients} role={role}/>;break;case '/msp':view=<MSPCommandCenter verificationDecisions={verificationDecisions} verificationDetails={verificationDetails} clients={clients} alerts={alerts} findings={findings} role={role} onSelectClient={setSelectedClientId} onNavigate={navigate}/>;break;case '/agent-trust':view=<AgentTrustView/>;break;case '/ai-trust-center':view=<AITrustCenterView role={role}/>;break;case '/enterprise-readiness':view=<EnterpriseReadinessView clients={clients}/>;break;case '/investor':view=<InvestorHomeView passports={passports} clients={clients} alerts={alerts} onShowTelemetry={()=>navigate('/scans')} onNavigateTab={onNavigateTab}/>;break;case '/founder':view=<FounderDashboardView userRole={role}/>;break;case '/billing':view=<BillingView/>;break;case '/settings':view=<SettingsView theme={theme} onToggleTheme={()=>setTheme(current=>current==='dark'?'light':'dark')}/>;break;case '/team':view=<TeamView role={role}/>;break;case '/audit-log':view=<AuditLogView/>;break;case '/extensions':view=<ExtensionMarketplace onNavigateTab={onNavigateTab} role={role}/>;break;default:view=<WorkflowBoundary title="Workflow" description="This authenticated capability is explicitly routed through the Command Center. Choose its owning workflow from the left rail." onNavigate={navigate}/>}%0A+  return <CommandCenter path={path} userEmail={user.email} role={role} onNavigate={navigate} onSignOut={()=>void signOutUser()}>{view}</CommandCenter>;%0A+ }%0A+%0A%0A ❯ tests/trust-field-contract.test.ts:84:15%0A%0A

::error file=/home/runner/work/software-passport-registry/software-passport-registry/tests/trust-loop-client-id-integrity.test.ts,title=tests/trust-loop-client-id-integrity.test.ts > trust-loop /collect never fabricates a client id for a client-less passport > does not substitute passport.id for a missing client_id,line=19,column=29::AssertionError: expected 'import { Router } from \'express\';\n…' not to contain 'clientId: passport.client_id || passp…'%0A%0A- Expected%0A+ Received%0A%0A- clientId: passport.client_id || passport.id%0A+ import { Router } from 'express';%0A+ import { sql } from 'drizzle-orm';%0A+ import crypto from 'node:crypto';%0A+ import { z } from 'zod';%0A+ import { AuthenticatedRequest } from '../middleware/security.ts';%0A+ import { decryptCredentials } from '../integrations/credential-vault.ts';%0A+ import { collectDeepProviderEvidence } from '../integrations/deep-collectors.ts';%0A+ import { collectGitHubDeepEvidence } from '../integrations/github-deep.ts';%0A+ import { persistTrustLoop, verifyRemediation } from '../trust/trust-loop.ts';%0A+%0A+ const collectSchema = z.object({ passportId: z.string().trim().min(1).max(255), provider: z.string().trim().min(1).max(64) }).strict();%0A+ const remediationSchema = z.object({%0A+   findingId: z.string().trim().min(1),%0A+   title: z.string().trim().min(1).max(255),%0A+   description: z.string().max(4000).optional(),%0A+   assigneeId: z.string().max(255).optional(),%0A+   assigneeDisplay: z.string().max(255).optional(),%0A+   externalSystem: z.string().trim().min(1).max(64).default('SPR'),%0A+   externalTicketId: z.string().max(255).optional(),%0A+   slaDueAt: z.string().datetime().optional(),%0A+   priority: z.enum(['LOW', 'MEDIUM', 'HIGH', 'CRITICAL']).default('HIGH'),%0A+ }).strict();%0A+ const remediationUpdateSchema = z.object({ status: z.enum(['OPEN', 'IN_PROGRESS', 'BLOCKED', 'READY_FOR_VERIFICATION', 'VERIFIED', 'CLOSED', 'CANCELLED']), ownerId: z.string().max(255).optional(), ownerDisplay: z.string().max(255).optional(), slaDueAt: z.string().datetime().nullable().optional() }).strict();%0A+ const verifySchema = z.object({ findingId: z.string().trim().min(1), observationIds: z.array(z.string().min(1)).max(50), evidenceIds: z.array(z.string().min(1)).max(200) }).strict();%0A+ const reportTypes = z.enum(['executive', 'technical', 'msp', 'customer', 'compliance', 'vendor', 'auditor', 'evidence-ledger']);%0A+ function id(prefix: string) { return `${prefix}_${crypto.randomUUID().replaceAll('-', '')}`; }%0A+ function parseJson(value: unknown, fallback: unknown = []) { try { return value ? JSON.parse(String(value)) : fallback; } catch { return fallback; } }%0A+%0A+ const SEVERITY_ORDER = ['critical', 'high', 'medium', 'low'];%0A+%0A+ export type ReportPassportRow = {%0A+   overall_score: number | null;%0A+   security_score: number | null;%0A+   compliance_score: number | null;%0A+   verification_status: string | null;%0A+   confidence_score: number | null;%0A+   evidence_completeness: number | null;%0A+ };%0A+%0A+ export function deriveReportRiskFields(passport: ReportPassportRow) {%0A+   const verificationStatus = passport.verification_status || 'unverified';%0A+   const isMeasured = verificationStatus !== 'unverified';%0A+   return {%0A+     canonicalScore: isMeasured ? passport.overall_score : null,%0A+     verificationStatus,%0A+     confidenceBasisPoints: isMeasured && passport.confidence_score != null ? Math.round(passport.confidence_score * 100) : null,%0A+     completenessBasisPoints: isMeasured && passport.evidence_completeness != null ? Math.round(passport.evidence_completeness * 100) : null,%0A+   };%0A+ }%0A+%0A+ function buildReportTypeExtras(reportType: string, passport: any, findings: any[]) {%0A+   if (reportType === 'sbom') {%0A+     const components = parseJson(passport.sbom, []) as any[];%0A+     const vulnerabilities = parseJson(passport.vulnerabilities, []) as any[];%0A+     const sbom = components.map((component) => {%0A+       const name = component?.name || component?.packageName || component?.component;%0A+       const matched = vulnerabilities.filter((vuln) => (vuln?.component || vuln?.packageName || vuln?.package) === name);%0A+       return { ...component, vulnerabilityCount: matched.length, criticalOrHighCount: matched.filter((vuln) => SEVERITY_ORDER.slice(0, 2).includes(String(vuln?.severity || '').toLowerCase())).length };%0A+     });%0A+     return { sbom };%0A+   }%0A+   if (reportType === 'compliance') {%0A+     const byControl = new Map<string, { controlId: string; findingCount: number; openCount: number; worstSeverity: string; findingIds: string[] }>();%0A+     for (const finding of findings) {%0A+       const controlId = finding.control_id || 'unmapped';%0A+       const entry = byControl.get(controlId) || { controlId, findingCount: 0, openCount: 0, worstSeverity: 'low', findingIds: [] as string[] };%0A+       entry.findingCount += 1;%0A+       entry.findingIds.push(finding.id);%0A+       if (!['resolved', 'closed', 'verified'].includes(String(finding.status || '').toLowerCase())) entry.openCount += 1;%0A+       const severity = String(finding.severity || '').toLowerCase();%0A+       if (SEVERITY_ORDER.includes(severity) && SEVERITY_ORDER.indexOf(severity) < SEVERITY_ORDER.indexOf(entry.worstSeverity)) entry.worstSeverity = severity;%0A+       byControl.set(controlId, entry);%0A+     }%0A+     return { controls: [...byControl.values()] };%0A+   }%0A+   return {};%0A+ }%0A+%0A+ export function createTrustLoopRouter() {%0A+   const router = Router();%0A+%0A+   router.post('/collect', async (req: AuthenticatedRequest, res, next) => {%0A+     const parsed = collectSchema.safeParse(req.body);%0A+     if (!parsed.success) return res.status(400).json({ error: 'INVALID_PAYLOAD', details: parsed.error.flatten() });%0A+     const { passportId, provider } = parsed.data;%0A+     const tenantId = req.user!.tenantId;%0A+     const runId = id('collect');%0A+     const startedAt = new Date().toISOString();%0A+     const db = req.db!;%0A+     try {%0A+       const passport = (await db.execute(sql`SELECT id,client_id FROM passports WHERE id=${passportId} AND tenant_id=${tenantId} LIMIT 1`) as any).rows?.[0];%0A+       if (!passport) return res.status(404).json({ error: 'PASSPORT_NOT_FOUND' });%0A+       const stored = (await db.execute(sql`SELECT encrypted_payload FROM integration_credentials WHERE tenant_id=${tenantId} AND provider=${provider} LIMIT 1`) as any).rows?.[0];%0A+       if (!stored?.encrypted_payload) return res.status(409).json({ error: 'CREDENTIAL_NOT_CONFIGURED' });%0A+%0A+       await db.execute(sql`INSERT INTO trust_collection_runs (id,tenant_id,passport_id,provider,started_at,status,idempotency_key,created_at) VALUES (${runId},${tenantId},${passportId},${provider},${startedAt},'RUNNING',${`${tenantId}:${passportId}:${provider}:${startedAt}`},${startedAt})`);%0A+       const credentials = decryptCredentials(stored.encrypted_payload) as Record<string, string>;%0A+       const observations = provider === 'github' ? await collectGitHubDeepEvidence(credentials) : await collectDeepProviderEvidence(provider as any, credentials);%0A+       const result = await persistTrustLoop({ tenantId, passportId, clientId: passport.client_id || passport.id, assetId: passport.id, observations, generationReason: 'provider_collection', actorType: 'worker', collectorVersionMap: { [provider]: 'deep-v2' } });%0A+       const completedAt = new Date().toISOString();%0A+       await db.execute(sql`UPDATE trust_collection_runs SET completed_at=${completedAt},status='SUCCEEDED',observation_count=${observations.length},evidence_count=${result.evidenceIds.length},failure_count=${observations.filter((o) => o.status === 'FAIL').length},collector_version='deep-v2' WHERE id=${runId} AND tenant_id=${tenantId}`);%0A+       await db.execute(sql`INSERT INTO trust_monitoring_state (id,tenant_id,passport_id,provider,next_run_at,last_run_at,last_success_at,last_evidence_hash,consecutive_failures,status,updated_at) VALUES (${id('monitor')},${tenantId},${passportId},${provider},${new Date(Date.now()+3600000).toISOString()},${completedAt},${completedAt},${result.payloadHash},0,'HEALTHY',${completedAt}) ON CONFLICT (tenant_id,passport_id,provider) DO UPDATE SET next_run_at=EXCLUDED.next_run_at,last_run_at=EXCLUDED.last_run_at,last_success_at=EXCLUDED.last_success_at,last_evidence_hash=EXCLUDED.last_evidence_hash,consecutive_failures=0,status='HEALTHY',updated_at=EXCLUDED.updated_at`);%0A+       return res.json({ runId, provider, observationCount: observations.length, ...result });%0A+     } catch (error) {%0A+       const completedAt = new Date().toISOString();%0A+       await db.execute(sql`UPDATE trust_collection_runs SET completed_at=${completedAt},status='FAILED',error_code='COLLECTION_FAILED',error_message=${error instanceof Error ? error.message.slice(0,1000) : 'COLLECTION_FAILED'} WHERE id=${runId} AND tenant_id=${tenantId}`).catch(() => undefined);%0A+       await db.execute(sql`UPDATE trust_monitoring_state SET last_run_at=${completedAt},last_failure_at=${completedAt},consecutive_failures=consecutive_failures+1,status=CASE WHEN consecutive_failures+1 >= 5 THEN 'FAILED' ELSE 'DEGRADED' END,updated_at=${completedAt} WHERE tenant_id=${tenantId} AND passport_id=${passportId} AND provider=${provider}`).catch(() => undefined);%0A+       return next(error);%0A+     }%0A+   });%0A+%0A+   const findingsWithRemediationSelect = sql`%0A+     SELECT f.*, r.id AS remediation_id, r.status AS remediation_status, r.owner_id AS remediation_owner_id,%0A+            r.owner_display AS remediation_owner_display, r.sla_due_at AS remediation_sla_due_at, r.updated_at AS remediation_updated_at%0A+     FROM trust_findings f%0A+     LEFT JOIN LATERAL (%0A+       SELECT * FROM trust_remediation_work_items w%0A+       WHERE w.tenant_id = f.tenant_id AND w.finding_id = f.id%0A+       ORDER BY w.created_at DESC LIMIT 1%0A+     ) r ON true%0A+   `;%0A+   router.get('/findings', async (req: AuthenticatedRequest, res, next) => {%0A+     try {%0A+       const db = req.db!;%0A+       const tenantId = req.user!.tenantId;%0A+       const passportId = typeof req.query.passportId === 'string' ? req.query.passportId : null;%0A+       const rows = passportId%0A+         ? await db.execute(sql`${findingsWithRemediationSelect} WHERE f.tenant_id=${tenantId} AND f.passport_id=${passportId} ORDER BY CASE f.severity WHEN 'critical' THEN 1 WHEN 'high' THEN 2 WHEN 'medium' THEN 3 WHEN 'low' THEN 4 ELSE 5 END,f.updated_at DESC`)%0A+         : await db.execute(sql`${findingsWithRemediationSelect} WHERE f.tenant_id=${tenantId} ORDER BY f.updated_at DESC`);%0A+       return res.json({ findings: (rows as any).rows || [] });%0A+     } catch (error) { return next(error); }%0A+   });%0A+%0A+   router.post('/remediations', async (req: AuthenticatedRequest, res, next) => {%0A+     const parsed = remediationSchema.safeParse(req.body);%0A+     if (!parsed.success) return res.status(400).json({ error: 'INVALID_PAYLOAD', details: parsed.error.flatten() });%0A+     try {%0A+       const db = req.db!;%0A+       const p = parsed.data;%0A+       const tenantId = req.user!.tenantId;%0A+       const finding = (await db.execute(sql`SELECT id,client_id,passport_id,title,description FROM trust_findings WHERE id=${p.findingId} AND tenant_id=${tenantId} LIMIT 1`) as any).rows?.[0];%0A+       if (!finding) return res.status(404).json({ error: 'FINDING_NOT_FOUND' });%0A+       const now = new Date().toISOString();%0A+       const workId = id('remed');%0A+       await db.execute(sql`INSERT INTO trust_remediation_work_items (id,tenant_id,passport_id,finding_id,external_system,external_ticket_id,owner_id,owner_display,sla_due_at,status,remediation_plan,created_at,updated_at) VALUES (${workId},${tenantId},${finding.passport_id},${finding.id},${p.externalSystem},${p.externalTicketId ?? null},${p.assigneeId ?? null},${p.assigneeDisplay ?? null},${p.slaDueAt ?? null},'OPEN',${p.description || finding.description},${now},${now})`);%0A+       await db.execute(sql`INSERT INTO remediation_tasks (id,tenant_id,client_id,alert_id,title,description,priority,status,assignee_id,created_by,created_at,updated_at) VALUES (${workId},${tenantId},${finding.client_id},${finding.id},${p.title},${p.description || finding.description},${p.priority},'OPEN',${p.assigneeId ?? null},${req.user!.uid},${now},${now})`);%0A+       const created = (await db.execute(sql`SELECT * FROM trust_remediation_work_items WHERE id=${workId} AND tenant_id=${tenantId} LIMIT 1`) as any).rows?.[0];%0A+       return res.status(201).json({ ...created, title: p.title });%0A+     } catch (error) { return next(error); }%0A+   });%0A+%0A+   router.get('/remediations/:id', async (req: AuthenticatedRequest, res, next) => {%0A+     try {%0A+       const db = req.db!;%0A+       const tenantId = req.user!.tenantId;%0A+       const row = (await db.execute(sql`SELECT w.*, f.title AS finding_title FROM trust_remediation_work_items w JOIN trust_findings f ON f.id = w.finding_id AND f.tenant_id = w.tenant_id WHERE w.id=${req.params.id} AND w.tenant_id=${tenantId} LIMIT 1`) as any).rows?.[0];%0A+       if (!row) return res.status(404).json({ error: 'REMEDIATION_NOT_FOUND' });%0A+       return res.json({ ...row, title: row.finding_title });%0A+     } catch (error) { return next(error); }%0A+   });%0A+%0A+   router.post('/remediations/:id/verify-latest', async (req: AuthenticatedRequest, res, next) => {%0A+     try {%0A+       const db = req.db!;%0A+       const tenantId = req.user!.tenantId;%0A+       const work = (await db.execute(sql`SELECT id,finding_id,passport_id FROM trust_remediation_work_items WHERE id=${req.params.id} AND tenant_id=${tenantId} LIMIT 1`) as any).rows?.[0];%0A+       if (!work) return res.status(404).json({ error: 'REMEDIATION_NOT_FOUND' });%0A+       const latestObservation = (await db.execute(sql`SELECT id,evidence_ids FROM trust_observations WHERE tenant_id=${tenantId} AND passport_id=${work.passport_id} ORDER BY observation_version DESC LIMIT 1`) as any).rows?.[0];%0A+       if (!latestObservation) return res.status(409).json({ error: 'NO_OBSERVATION_ON_FILE', message: 'SPR has no recorded observation for this software yet. Collect evidence before verifying.' });%0A+       const evidenceIds: string[] = parseJson(latestObservation.evidence_ids, []) as string[];%0A+       const result = await verifyRemediation({ tenantId, findingId: work.finding_id, observationIds: [latestObservation.id], evidenceIds, actorId: req.user!.uid });%0A+       const now = new Date().toISOString();%0A+       await db.execute(sql`UPDATE trust_remediation_work_items SET status='VERIFIED',updated_at=${now},closed_at=${now} WHERE id=${work.id} AND tenant_id=${tenantId}`);%0A+       const row = (await db.execute(sql`SELECT * FROM trust_remediation_work_items WHERE id=${work.id} AND tenant_id=${tenantId} LIMIT 1`) as any).rows?.[0];%0A+       return res.json({ ...row, verification: result });%0A+     } catch (error: any) {%0A+       const message = error instanceof Error ? error.message : String(error);%0A+       if (/^VERIFICATION_|^FINDING_NOT_FOUND$/.test(message)) return res.status(409).json({ error: message });%0A+       return next(error);%0A+     }%0A+   });%0A+%0A+   router.patch('/remediations/:id', async (req: AuthenticatedRequest, res, next) => {%0A+     const parsed = remediationUpdateSchema.safeParse(req.body);%0A+     if (!parsed.success) return res.status(400).json({ error: 'INVALID_PAYLOAD', details: parsed.error.flatten() });%0A+     try {%0A+       const db = req.db!;%0A+       const tenantId = req.user!.tenantId;%0A+       const p = parsed.data;%0A+       const now = new Date().toISOString();%0A+       const rows = await db.execute(sql`UPDATE trust_remediation_work_items SET status=${p.status},owner_id=COALESCE(${p.ownerId ?? null},owner_id),owner_display=COALESCE(${p.ownerDisplay ?? null},owner_display),sla_due_at=CASE WHEN ${p.slaDueAt === undefined} THEN sla_due_at ELSE ${p.slaDueAt} END,updated_at=${now},closed_at=CASE WHEN ${p.status} IN ('CLOSED','VERIFIED') THEN ${now} ELSE closed_at END WHERE id=${req.params.id} AND tenant_id=${tenantId} RETURNING *`);%0A+       const row = (rows as any).rows?.[0];%0A+       if (!row) return res.status(404).json({ error: 'REMEDIATION_NOT_FOUND' });%0A+       return res.json(row);%0A+     } catch (error) { return next(error); }%0A+   });%0A+%0A+   router.post('/verify', async (req: AuthenticatedRequest, res, next) => {%0A+     const parsed = verifySchema.safeParse(req.body);%0A+     if (!parsed.success) return res.status(400).json({ error: 'INVALID_PAYLOAD', details: parsed.error.flatten() });%0A+     try {%0A+       const db = req.db!;%0A+       const result = await verifyRemediation({ ...parsed.data, tenantId: req.user!.tenantId, actorId: req.user!.uid });%0A+       await db.execute(sql`UPDATE trust_remediation_work_items SET status='VERIFIED',updated_at=${new Date().toISOString()},closed_at=${new Date().toISOString()} WHERE tenant_id=${req.user!.tenantId} AND finding_id=${parsed.data.findingId}`);%0A+       return res.json(result);%0A+     } catch (error) { return next(error); }%0A+   });%0A+%0A+   router.get('/monitoring', async (req: AuthenticatedRequest, res, next) => {%0A+     try {%0A+       const db = req.db!;%0A+       const tenantId = req.user!.tenantId;%0A+       const passportId = typeof req.query.passportId === 'string' ? req.query.passportId : null;%0A+       const rows = passportId ? await db.execute(sql`SELECT * FROM trust_monitoring_state WHERE tenant_id=${tenantId} AND passport_id=${passportId} ORDER BY provider`) : await db.execute(sql`SELECT * FROM trust_monitoring_state WHERE tenant_id=${tenantId} ORDER BY passport_id,provider`);%0A+       const alerts = passportId ? await db.execute(sql`SELECT * FROM trust_alerts WHERE tenant_id=${tenantId} AND passport_id=${passportId} ORDER BY created_at DESC`) : await db.execute(sql`SELECT * FROM trust_alerts WHERE tenant_id=${tenantId} ORDER BY created_at DESC`);%0A+       return res.json({ monitoring: (rows as any).rows || [], alerts: (alerts as any).rows || [] });%0A+     } catch (error) { return next(error); }%0A+   });%0A+%0A+   router.get('/ledger/:passportId', async (req: AuthenticatedRequest, res, next) => {%0A+     try {%0A+       const db = req.db!;%0A+       const tenantId = req.user!.tenantId;%0A+       const passportId = req.params.passportId;%0A+       const scope = await db.execute(sql`SELECT id FROM passports WHERE id=${passportId} AND tenant_id=${tenantId} LIMIT 1`);%0A+       if (!(scope as any).rows?.length) return res.status(404).json({ error: 'PASSPORT_NOT_FOUND' });%0A+       const observations = await db.execute(sql`SELECT id,observation_version,generated_at,previous_observation_id,evidence_ids,finding_ids,canonical_payload_hash,completeness_basis_points,open_finding_count,unknown_dimension_count FROM trust_observations WHERE tenant_id=${tenantId} AND passport_id=${passportId} ORDER BY observation_version DESC`);%0A+       const evidence = await db.execute(sql`SELECT id,provider,control_id,subject,source_url,observed_at,verification_method,status,severity,evidence_hash,limitation FROM evidence_ledger WHERE tenant_id=${tenantId} AND passport_id=${passportId} ORDER BY observed_at DESC`);%0A+       const findings = await db.execute(sql`SELECT id,control_id,title,severity,status,evidence_ids,fingerprint,updated_at,resolved_at FROM trust_findings WHERE tenant_id=${tenantId} AND passport_id=${passportId} ORDER BY updated_at DESC`);%0A+       const remediation = await db.execute(sql`SELECT * FROM trust_remediation_work_items WHERE tenant_id=${tenantId} AND passport_id=${passportId} ORDER BY updated_at DESC`);%0A+       const verification = await db.execute(sql`SELECT * FROM remediation_verification_ledger WHERE tenant_id=${tenantId} AND finding_id IN (SELECT id FROM trust_findings WHERE tenant_id=${tenantId} AND passport_id=${passportId}) ORDER BY created_at DESC`);%0A+       return res.json({ observations: (observations as any).rows || [], findings: (findings as any).rows || [], evidence: (evidence as any).rows || [], remediation: (remediation as any).rows || [], verification: (verification as any).rows || [], trace: 'Report -> Passport -> Risk -> Finding -> Observation -> Provider -> Source -> Timestamp -> Hash' });%0A+     } catch (error) { return next(error); }%0A+   });%0A+%0A+   router.get('/reports/:passportId/history', async (req: AuthenticatedRequest, res, next) => {%0A+     try {%0A+       const db = req.db!;%0A+       const tenantId = req.user!.tenantId;%0A+       const passportId = req.params.passportId;%0A+       const typeFilter = typeof req.query.type === 'string' ? reportTypes.safeParse(req.query.type) : null;%0A+       if (typeFilter && !typeFilter.success) return res.status(400).json({ error: 'INVALID_REPORT_TYPE' });%0A+       const rows = typeFilter?.success%0A+         ? await db.execute(sql`SELECT id,report_type,generated_at,score,confidence_basis_points,completeness_basis_points,canonical_payload_hash FROM trust_report_snapshots WHERE tenant_id=${tenantId} AND passport_id=${passportId} AND report_type=${typeFilter.data} ORDER BY generated_at DESC LIMIT 50`)%0A+         : await db.execute(sql`SELECT id,report_type,generated_at,score,confidence_basis_points,completeness_basis_points,canonical_payload_hash FROM trust_report_snapshots WHERE tenant_id=${tenantId} AND passport_id=${passportId} ORDER BY generated_at DESC LIMIT 50`);%0A+       return res.json({ snapshots: (rows as any).rows || [] });%0A+     } catch (error) { return next(error); }%0A+   });%0A+%0A+   router.get('/reports/:passportId/history/:snapshotId', async (req: AuthenticatedRequest, res, next) => {%0A+     try {%0A+       const db = req.db!;%0A+       const tenantId = req.user!.tenantId;%0A+       const row = (await db.execute(sql`SELECT payload,canonical_payload_hash,generated_at,report_type FROM trust_report_snapshots WHERE id=${req.params.snapshotId} AND tenant_id=${tenantId} AND passport_id=${req.params.passportId} LIMIT 1`) as any).rows?.[0];%0A+       if (!row) return res.status(404).json({ error: 'REPORT_SNAPSHOT_NOT_FOUND' });%0A+       const payload = parseJson(row.payload, {});%0A+       return res.json({ ...(payload as object), reportHash: row.canonical_payload_hash });%0A+     } catch (error) { return next(error); }%0A+   });%0A+%0A+   router.get('/reports/:passportId', async (req: AuthenticatedRequest, res, next) => {%0A+     try {%0A+       const parsed = reportTypes.safeParse(req.query.type || 'executive');%0A+       if (!parsed.success) return res.status(400).json({ error: 'INVALID_REPORT_TYPE' });%0A+       const report = await buildAndPersistReport(req.db!, req.user!.tenantId, String(req.params.passportId), parsed.data);%0A+       if (!report) return res.status(404).json({ error: 'PASSPORT_NOT_FOUND' });%0A+       return res.json(report);%0A+     } catch (error) { return next(error); }%0A+   });%0A+%0A+   return router;%0A+ }%0A+%0A+ export async function buildAndPersistReport(db: any, tenantId: string, passportId: string, reportType: string) {%0A+   const passport = (await db.execute(sql`SELECT id,name,overall_score,security_score,compliance_score,verification_status,confidence_score,evidence_completeness,sbom,evidence,vulnerabilities,timeline FROM passports WHERE id=${passportId} AND tenant_id=${tenantId} LIMIT 1`) as any).rows?.[0];%0A+   if (!passport) return null;%0A+   const findings = (await db.execute(sql`SELECT id,control_id,title,severity,status,description,remediation,evidence_ids,updated_at,resolved_at FROM trust_findings WHERE tenant_id=${tenantId} AND passport_id=${passportId} ORDER BY CASE severity WHEN 'critical' THEN 1 WHEN 'high' THEN 2 WHEN 'medium' THEN 3 WHEN 'low' THEN 4 ELSE 5 END,updated_at DESC`) as any).rows || [];%0A+   const evidence = (await db.execute(sql`SELECT id,provider,control_id,subject,source_url,observed_at,verification_method,status,severity,evidence_hash,limitation FROM evidence_ledger WHERE tenant_id=${tenantId} AND passport_id=${passportId} ORDER BY observed_at DESC`) as any).rows || [];%0A+   const observations = (await db.execute(sql`SELECT id,observation_version,generated_at,previous_observation_id,evidence_ids,finding_ids,canonical_payload_hash,completeness_basis_points,confidence_basis_points,open_finding_count,unknown_dimension_count FROM trust_observations WHERE tenant_id=${tenantId} AND passport_id=${passportId} ORDER BY observation_version DESC`) as any).rows || [];%0A+   const remediation = (await db.execute(sql`SELECT * FROM trust_remediation_work_items WHERE tenant_id=${tenantId} AND passport_id=${passportId} ORDER BY updated_at DESC`) as any).rows || [];%0A+   const verification = (await db.execute(sql`SELECT * FROM remediation_verification_ledger WHERE tenant_id=${tenantId} AND finding_id IN (SELECT id FROM trust_findings WHERE tenant_id=${tenantId} AND passport_id=${passportId}) ORDER BY created_at DESC`) as any).rows || [];%0A+   const latest = observations[0];%0A+   const risk = deriveReportRiskFields(passport as ReportPassportRow);%0A+   const report = {%0A+     schemaVersion: 'spr.report.v2', reportType, generatedAt: new Date().toISOString(), passport: { id: passport.id, name: passport.name },%0A+     risk: { overall: risk.canonicalScore, security: passport.security_score, compliance: passport.compliance_score, verificationStatus: risk.verificationStatus },%0A+     evidenceQuality: { completenessBasisPoints: risk.completenessBasisPoints, confidenceBasisPoints: risk.confidenceBasisPoints, unknownDimensions: latest?.unknown_dimension_count ?? 0, latestObservationAt: latest?.generated_at ?? null },%0A+     findings, evidence, observations, remediation, verification,%0A+     traceability: 'Report -> Passport -> Risk -> Finding -> Observation -> Provider -> Source -> Timestamp -> Hash',%0A+     resolutionTraceability: 'Finding -> remediation -> new observation -> independent verification',%0A+     limitations: evidence.filter((item: any) => item.limitation).map((item: any) => ({ evidenceId: item.id, limitation: item.limitation })),%0A+     ...buildReportTypeExtras(reportType, passport, findings),%0A+   };%0A+   const canonicalPayload = JSON.stringify(report);%0A+   const reportHash = crypto.createHash('sha256').update(canonicalPayload).digest('hex');%0A+   await db.execute(sql`INSERT INTO trust_report_snapshots (id,tenant_id,passport_id,report_type,generated_at,score,confidence_basis_points,completeness_basis_points,evidence_ids,finding_ids,observation_id,canonical_payload_hash,payload,created_at) VALUES (${id('report')},${tenantId},${passportId},${reportType},${report.generatedAt},${risk.canonicalScore},${risk.confidenceBasisPoints},${risk.completenessBasisPoints},${JSON.stringify(evidence.map((item: any) => item.id))},${JSON.stringify(findings.map((item: any) => item.id))},${latest?.id ?? null},${reportHash},${canonicalPayload},${report.generatedAt}) ON CONFLICT (tenant_id,passport_id,report_type,canonical_payload_hash) DO NOTHING`);%0A+   return { ...report, reportHash };%0A+ }%0A+%0A%0A ❯ tests/trust-loop-client-id-integrity.test.ts:19:29%0A%0A

::error file=/home/runner/work/software-passport-registry/software-passport-registry/tests/trust-network-contract.test.ts,title=tests/trust-network-contract.test.ts > Trust Network (MSP Command Center rebuild) preserves existing functionality > keeps the real client switcher%2C assignment API calls%2C and finding/remediation workflow untouched,line=20,column=15::AssertionError: expected 'import React, { useEffect, useMemo, u…' to contain 'apiFetch(\'/api/remediation-tasks\''%0A%0A- Expected%0A+ Received%0A%0A- apiFetch('/api/remediation-tasks'%0A+ import React, { useEffect, useMemo, useState } from 'react';%0A+ import { AlertTriangle, ArrowRight, Building2, CheckCircle2, FileSearch, ShieldAlert, User, X } from 'lucide-react';%0A+ import { Alert, Client } from '../types';%0A+ import { apiFetch } from '../utils/apiClient';%0A+ import type { VerificationDecision } from '../lib/verification/evaluateVerification';%0A+%0A+ interface Props {%0A+   clients: Client[];%0A+   alerts: Alert[];%0A+   findings: any[];%0A+   role?: string;%0A+   onSelectClient: (id: string) => void;%0A+   onSelectPassport?: (passportId: string) => void;%0A+   onNavigate: (tab: string) => void;%0A+   verificationDecisions?: Record<string, VerificationDecision>;%0A+   verificationDetails?: Record<string, unknown>;%0A+ }%0A+%0A+ type Assignment = { id: string; client_id: string; technician_display: string; assigned_by: string; updated_at: string };%0A+ type TeamMember = { id: number; email: string; displayName?: string | null; role: string };%0A+%0A+ const severityClass = (severity: Alert['severity']) => severity === 'Critical'%0A+   ? 'border-[#a4262c]/30 bg-[#fdf2f2] text-[#a4262c]'%0A+   : severity === 'High' ? 'border-[#8a5700]/30 bg-[#fff4ce] text-[#8a5700]'%0A+   : 'border-[#0f6cbd]/30 bg-[#eff6fc] text-[#0f6cbd]';%0A+%0A+ export default function MSPCommandCenter({ clients, alerts, findings, role = 'Viewer', onSelectClient, onNavigate, onSelectPassport, verificationDecisions = {}, verificationDetails = {} }: Props) {%0A+   const [selected, setSelected] = useState<Alert | null>(null);%0A+   const [assignments, setAssignments] = useState<Assignment[]>([]);%0A+   const [team, setTeam] = useState<TeamMember[]>([]);%0A+   const [assigningClientId, setAssigningClientId] = useState<string | null>(null);%0A+   const canAssign = role === 'Owner' || role === 'Admin';%0A+   const trustStateFromDecision = (decision?: VerificationDecision) => decision?.state ?? 'UNINITIALIZED';%0A+   const trustStateForPassportItem = (item: { passportId: string }) => trustStateFromDecision(verificationDecisions?.[item.passportId]);%0A+   const selectPassport = (passportId: string) => { onSelectPassport?.(passportId); };%0A+   const passportDecision = (passport: { id: string }) => { const decision = verificationDecisions?.[passport.id]; return decision; };%0A+   void verificationDetails;%0A+%0A+   const loadAssignments = () => { apiFetch('/api/msp/assignments').then((r) => r.ok ? r.json() : null).then((data) => { if (Array.isArray(data?.assignments)) setAssignments(data.assignments); }).catch(() => {}); };%0A+   useEffect(() => { loadAssignments(); apiFetch('/api/organization/team').then((r) => r.ok ? r.json() : null).then((data) => { if (Array.isArray(data)) setTeam(data); }).catch(() => {}); }, []);%0A+%0A+   const assignmentByClient = useMemo(() => new Map(assignments.map((a) => [a.client_id, a])), [assignments]);%0A+   const assignTechnician = async (clientId: string, member: TeamMember) => {%0A+     const response = await apiFetch('/api/msp/assignments', { method: 'PUT', headers: { 'Content-Type': 'application/json' }, body: JSON.stringify({ clientId, technicianUserId: member.id, technicianDisplay: member.displayName || member.email }) });%0A+     if (response.ok) { loadAssignments(); setAssigningClientId(null); }%0A+   };%0A+   const unassignTechnician = async (clientId: string) => {%0A+     const response = await apiFetch(`/api/msp/assignments/${encodeURIComponent(clientId)}`, { method: 'DELETE' });%0A+     if (response.ok) loadAssignments();%0A+   };%0A+%0A+   const clientRiskRollup = useMemo(() => clients.map((client) => {%0A+     const clientAlerts = alerts.filter((a) => a.clientName === client.name);%0A+     const active = clientAlerts.filter((a) => a.status !== 'Resolved' && a.status !== 'Cancelled');%0A+     const critical = active.filter((a) => a.severity === 'Critical').length;%0A+     const high = active.filter((a) => a.severity === 'High').length;%0A+     return { client, activeCount: active.length, critical, high, assignment: assignmentByClient.get(client.id) };%0A+   }).sort((a, b) => (b.critical - a.critical) || (b.high - a.high) || (b.activeCount - a.activeCount)), [clients, alerts, assignmentByClient]);%0A+   // Sourced from the same /api/trust-loop/findings data App.tsx already fetched%0A+   // to build `alerts` -- no second network round trip for finding detail.%0A+   const finding = useMemo(() => selected ? findings.find((item: any) => String(item.id) === selected.id) || null : null, [selected?.id, findings]);%0A+   const findingError = selected && !finding ? 'Finding details are unavailable.' : null;%0A+   const [task, setTask] = useState<any | null>(null);%0A+   const [taskLoading, setTaskLoading] = useState(false);%0A+   const [taskError, setTaskError] = useState<string | null>(null);%0A+   const attention = useMemo(() => alerts.filter(item => item.status === 'Active').sort((a, b) => {%0A+     const rank = { Critical: 3, High: 2, Medium: 1, Low: 0 };%0A+     return rank[b.severity] - rank[a.severity];%0A+   }), [alerts]);%0A+   const criticalClients = new Set(attention.filter(item => item.severity === 'Critical').map(item => item.clientName)).size;%0A+   const attentionClients = new Set(attention.filter(item => item.severity !== 'Critical').map(item => item.clientName)).size;%0A+   // A remediation may already exist for this finding (created from the Alerts%0A+   // view via the same /api/trust-loop/remediations backend) -- load it by the%0A+   // id the findings join already gives us instead of scanning a task list.%0A+   useEffect(() => {%0A+     setTask(null); setTaskError(null);%0A+     if (!selected?.remediationId) return;%0A+     let cancelled = false;%0A+     apiFetch(`/api/trust-loop/remediations/${encodeURIComponent(selected.remediationId)}`).then(response => response.ok ? response.json() : null).then(data => { if (!cancelled && data) setTask(data); }).catch(() => {});%0A+     return () => { cancelled = true; };%0A+   }, [selected?.id, selected?.remediationId]);%0A+   const createTask = async () => {%0A+     if (!selected || !finding || taskLoading) return;%0A+     setTaskLoading(true); setTaskError(null);%0A+     try {%0A+       const response = await apiFetch('/api/trust-loop/remediations', {%0A+         method: 'POST', headers: { 'Content-Type': 'application/json' },%0A+         body: JSON.stringify({ findingId: selected.id, title: selected.title, description: selected.description, priority: selected.severity.toUpperCase() }),%0A+       });%0A+       const body = await response.json().catch(() => ({}));%0A+       if (!response.ok) throw new Error(body?.error || 'SPR could not create the remediation task.');%0A+       setTask(body);%0A+     } catch (cause: any) { setTaskError(cause?.message || 'SPR could not create the remediation task.'); }%0A+     finally { setTaskLoading(false); }%0A+   };%0A+   const transitionTask = async (status: 'IN_PROGRESS' | 'READY_FOR_VERIFICATION') => {%0A+     if (!task || taskLoading) return;%0A+     setTaskLoading(true); setTaskError(null);%0A+     try {%0A+       const response = await apiFetch(`/api/trust-loop/remediations/${encodeURIComponent(task.id)}`, { method: 'PATCH', headers: { 'Content-Type': 'application/json' }, body: JSON.stringify({ status }) });%0A+       const body = await response.json().catch(() => ({}));%0A+       if (!response.ok) throw new Error(body?.error || 'SPR could not update the task.');%0A+       setTask(body);%0A+     } catch (cause: any) { setTaskError(cause?.message || 'SPR could not update the task.'); }%0A+     finally { setTaskLoading(false); }%0A+   };%0A+   // Re-verifies against the most recent trust_observation SPR already has on%0A+   // file for this software -- there is no live "run a check now" job queue,%0A+   // so this is honestly a re-check of existing evidence, not a fresh scan.%0A+   const verifyWithLatestEvidence = async () => {%0A+     if (!task || taskLoading) return;%0A+     setTaskLoading(true); setTaskError(null);%0A+     try {%0A+       const response = await apiFetch(`/api/trust-loop/remediations/${encodeURIComponent(task.id)}/verify-latest`, { method: 'POST' });%0A+       const body = await response.json().catch(() => ({}));%0A+       if (!response.ok) throw new Error(body?.error || 'SPR could not verify this task against current evidence.');%0A+       setTask(body);%0A+     } catch (cause: any) { setTaskError(cause?.message || 'SPR could not verify this task against current evidence.'); }%0A+     finally { setTaskLoading(false); }%0A+   };%0A+%0A+   return <section id="msp-command-center" aria-labelledby="msp-command-center-title">%0A+     <div className="mb-4 flex flex-wrap items-center justify-between gap-3">%0A+       <div>%0A+         <h1 id="msp-command-center-title" className="text-[22px] font-semibold text-[#201f1e]">Who needs you today?</h1>%0A+         <p className="mt-1 text-[13px] text-[#605e5c]">Prioritized work from the evidence and findings SPR currently has on record. A closed task is not a verified fix.</p>%0A+       </div>%0A+       <button type="button" onClick={() => onNavigate('clients')} className="inline-flex h-8 items-center gap-1.5 rounded border border-[#c8c6c4] px-3 text-[13px] font-medium text-[#323130] hover:bg-black/[.03]">%0A+         View all clients <ArrowRight className="h-3.5 w-3.5" />%0A+       </button>%0A+     </div>%0A+%0A+     <div className="mb-4 flex flex-wrap gap-6 rounded-md border border-[#e1dfdd] bg-white p-3">%0A+       <Metric label="Clients" value={clients.length} icon={<Building2 className="h-3.5 w-3.5" />} />%0A+       <Metric label="Healthy" value={Math.max(0, clients.length - criticalClients - attentionClients)} icon={<CheckCircle2 className="h-3.5 w-3.5 text-[#0e700e]" />} />%0A+       <Metric label="Need attention" value={attentionClients} icon={<AlertTriangle className="h-3.5 w-3.5 text-[#8a5700]" />} />%0A+       <Metric label="Critical" value={criticalClients} icon={<ShieldAlert className="h-3.5 w-3.5 text-[#a4262c]" />} />%0A+     </div>%0A+%0A+     <div className="mb-4 rounded-md border border-[#e1dfdd] bg-white">%0A+       <div className="border-b border-[#e1dfdd] px-4 py-3"><h2 className="text-[14px] font-semibold text-[#201f1e]">Cross-client risk</h2><p className="mt-0.5 text-[12px] text-[#605e5c]">Every client ranked by active critical and high findings, with technician assignment.</p></div>%0A+       <div className="overflow-x-auto">%0A+         <table className="w-full min-w-[640px] text-left text-[13px]">%0A+           <thead className="border-b border-[#e1dfdd] text-[11px] uppercase tracking-wide text-[#605e5c]"><tr><th className="px-4 py-2">Client</th><th className="px-4 py-2">Critical</th><th className="px-4 py-2">High</th><th className="px-4 py-2">Active findings</th><th className="px-4 py-2">Assigned technician</th></tr></thead>%0A+           <tbody>%0A+             {clientRiskRollup.map(({ client, activeCount, critical, high, assignment }) => (%0A+               <tr key={client.id} className="border-b border-[#f3f2f1] hover:bg-black/[.02]">%0A+                 <td className="px-4 py-2.5 font-medium text-[#201f1e]">{client.name}</td>%0A+                 <td className="px-4 py-2.5">{critical > 0 ? <span className="rounded border border-[#a4262c]/30 bg-[#fdf2f2] px-1.5 py-0.5 text-[11px] font-semibold text-[#a4262c]">{critical}</span> : <span className="text-[#8a8886]">0</span>}</td>%0A+                 <td className="px-4 py-2.5">{high > 0 ? <span className="rounded border border-[#8a5700]/30 bg-[#fff4ce] px-1.5 py-0.5 text-[11px] font-semibold text-[#8a5700]">{high}</span> : <span className="text-[#8a8886]">0</span>}</td>%0A+                 <td className="px-4 py-2.5 text-[#323130]">{activeCount}</td>%0A+                 <td className="px-4 py-2.5">%0A+                   {assigningClientId === client.id ? (%0A+                     <select autoFocus onBlur={() => setAssigningClientId(null)} onChange={(e) => { const member = team.find((m) => String(m.id) === e.target.value); if (member) void assignTechnician(client.id, member); }} className="h-8 rounded border border-[#c8c6c4] bg-white px-2 text-[12px] text-[#201f1e] focus:border-[#0f6cbd] focus:outline-none focus:ring-1 focus:ring-[#0f6cbd]">%0A+                       <option value="">Select technician…</option>%0A+                       {team.map((member) => <option key={member.id} value={member.id}>{member.displayName || member.email}</option>)}%0A+                     </select>%0A+                   ) : assignment ? (%0A+                     <div className="flex items-center gap-2 text-[12px] text-[#323130]"><User className="h-3 w-3 text-[#8a8886]" />{assignment.technician_display}%0A+                       {canAssign && <button type="button" onClick={() => void unassignTechnician(client.id)} className="text-[#8a8886] hover:text-[#a4262c]">×</button>}%0A+                       {canAssign && <button type="button" onClick={() => setAssigningClientId(client.id)} className="text-[#0f6cbd] hover:text-[#004578]">change</button>}%0A+                     </div>%0A+                   ) : canAssign ? (%0A+                     <button type="button" onClick={() => setAssigningClientId(client.id)} className="rounded border border-[#c8c6c4] px-2 py-1 text-[12px] text-[#605e5c] hover:bg-black/[.03]">Assign…</button>%0A+                   ) : <span className="text-[12px] text-[#8a8886]">Unassigned</span>}%0A+                 </td>%0A+               </tr>%0A+             ))}%0A+           </tbody>%0A+         </table>%0A+       </div>%0A+     </div>%0A+%0A+     <div className="rounded-md border border-[#e1dfdd] bg-white">%0A+       <div className="flex flex-col gap-2 border-b border-[#e1dfdd] px-4 py-3 sm:flex-row sm:items-center sm:justify-between">%0A+         <div><h2 className="text-[14px] font-semibold text-[#201f1e]">Clients needing action</h2><p className="mt-0.5 text-[12px] text-[#605e5c]">Most urgent first, based on active recorded findings.</p></div>%0A+         <span className="w-fit rounded border border-[#c8c6c4] bg-[#faf9f8] px-2 py-0.5 text-[11px] font-medium text-[#605e5c]">{attention.length} active findings</span>%0A+       </div>%0A+       {attention.length ? <div>%0A+         {attention.map(alert => {%0A+           const client = clients.find(item => item.name === alert.clientName);%0A+           return <article key={alert.id} className="grid gap-3 border-b border-[#f3f2f1] px-4 py-3 last:border-b-0 lg:grid-cols-[minmax(180px,0.8fr)_minmax(260px,1.5fr)_auto] lg:items-center">%0A+             <div>%0A+               <p className="font-medium text-[#201f1e]">{alert.clientName}</p>%0A+               <p className="mt-0.5 text-[11px] text-[#8a8886]">Observed {alert.timestamp}</p>%0A+             </div>%0A+             <div>%0A+               <div className="mb-1.5 flex flex-wrap gap-1.5"><span className={`rounded border px-1.5 py-0.5 text-[11px] font-semibold ${severityClass(alert.severity)}`}>{alert.severity}</span><span className="rounded bg-[#f3f2f1] px-1.5 py-0.5 text-[11px] text-[#605e5c]">{alert.category}</span></div>%0A+               <p className="text-[13px] font-medium text-[#201f1e]">{alert.title}</p><p className="mt-0.5 text-[12px] leading-5 text-[#605e5c]">{alert.description}</p>%0A+             </div>%0A+             <div className="flex gap-2 lg:flex-col"><button type="button" onClick={() => setSelected(alert)} className="inline-flex h-8 items-center justify-center gap-1.5 rounded bg-[#0f6cbd] px-3 text-[13px] font-medium text-white hover:bg-[#004578]">Investigate <ArrowRight className="h-3.5 w-3.5" /></button>{client && <button type="button" onClick={() => onSelectClient(client.id)} className="h-8 rounded border border-[#c8c6c4] px-3 text-[13px] font-medium text-[#323130] hover:bg-black/[.03]">Client</button>}</div>%0A+           </article>;%0A+         })}%0A+       </div> : <div className="px-6 py-10 text-center"><CheckCircle2 className="mx-auto h-6 w-6 text-[#0e700e]" /><h3 className="mt-2 text-[13px] font-semibold text-[#201f1e]">No clients need attention</h3><p className="mt-1 text-[12px] text-[#605e5c]">Your monitored clients currently have no active recorded findings requiring action.</p></div>}%0A+     </div>%0A+%0A+     {selected && <div className="fixed inset-0 z-50 flex items-end bg-black/40 p-0 md:items-center md:justify-center md:p-6" role="dialog" aria-modal="true" aria-labelledby="finding-title">%0A+       <div className="max-h-[92vh] w-full max-w-2xl overflow-y-auto rounded-t-md border border-[#e1dfdd] bg-white p-5 md:rounded-md"><div className="flex items-start justify-between gap-4"><div><p className="text-[11px] font-semibold uppercase tracking-wide text-[#605e5c]">Finding detail · Explain this</p><h2 id="finding-title" className="mt-1 text-[18px] font-semibold text-[#201f1e]">{selected.title}</h2></div><button type="button" onClick={() => setSelected(null)} aria-label="Close finding" className="rounded p-1.5 text-[#605e5c] hover:bg-black/[.05]"><X className="h-4 w-4" /></button></div>%0A+         {findingError && <div role="alert" className="mt-4 rounded-md border border-[#a4262c]/30 bg-[#fdf2f2] p-3 text-[13px] text-[#a4262c]"><p className="font-semibold">Finding detail unavailable</p><p className="mt-0.5">{findingError}</p></div>}%0A+         {finding && <><div className="mt-4 grid gap-3 sm:grid-cols-2"><Detail label="Client" value={selected.clientName} /><Detail label="Severity and status" value={`${finding.severity} — ${finding.status}`} /><Detail label="First observed" value={formatStoredTime(finding.created_at)} /><Detail label="Last observed" value={formatStoredTime(finding.updated_at)} /></div>%0A+         <section className="mt-3 rounded-md border border-[#e1dfdd] bg-[#faf9f8] p-3"><h3 className="text-[13px] font-semibold text-[#201f1e]">Observed</h3><p className="mt-1 text-[13px] leading-6 text-[#323130]">{finding.description || 'No observation description is available.'}</p></section><div className="mt-3 grid gap-3 sm:grid-cols-2"><Detail label="Why it matters" value="Review this recorded finding with its evidence before choosing remediation." /><Detail label="What you can do" value="Create a remediation task, then collect a new observation before treating the finding as resolved." /></div>%0A+         <section className="mt-3 rounded-md border border-[#e1dfdd] bg-[#faf9f8] p-3"><h3 className="text-[13px] font-semibold text-[#201f1e]">Evidence chain</h3><p className="mt-0.5 text-[11px] text-[#8a8886]">Finding → observed artifact → source evidence → verification time</p>{evidenceList(finding.evidence_ids).length ? <ul className="mt-3 space-y-1.5">{evidenceList(finding.evidence_ids).map((id: string) => <li key={id} className="rounded border border-[#e1dfdd] bg-white px-2.5 py-1.5 font-mono text-[11px] text-[#323130]">Evidence reference: {id}</li>)}</ul> : <p className="mt-3 text-[13px] text-[#605e5c]">Evidence unavailable. This finding has no stored evidence references.</p>}</section></>}%0A+         {taskError && <p role="alert" className="mt-3 text-[13px] text-[#a4262c]">{taskError}</p>}%0A+         {task && <section className="mt-3 rounded-md border border-[#0f6cbd]/30 bg-[#eff6fc] p-3"><p className="text-[11px] font-semibold uppercase tracking-wide text-[#0f6cbd]">Remediation task</p><p className="mt-1 text-[13px] font-semibold text-[#201f1e]">{task.title}</p><p className="mt-0.5 text-[12px] text-[#323130]">{task.status.replaceAll('_', ' ')} · created {formatStoredTime(task.created_at)}</p>{task.status === 'OPEN' && <button type="button" onClick={() => void transitionTask('IN_PROGRESS')} disabled={taskLoading} className="mt-3 inline-flex h-8 items-center rounded bg-[#0f6cbd] px-3 text-[13px] font-medium text-white hover:bg-[#004578] disabled:opacity-50">{taskLoading ? 'Updating task…' : 'Start remediation'}</button>}{task.status === 'IN_PROGRESS' && <button type="button" onClick={() => void transitionTask('READY_FOR_VERIFICATION')} disabled={taskLoading} className="mt-3 inline-flex h-8 items-center rounded bg-[#0f6cbd] px-3 text-[13px] font-medium text-white hover:bg-[#004578] disabled:opacity-50">{taskLoading ? 'Updating task…' : 'Mark ready for verification'}</button>}{task.status === 'READY_FOR_VERIFICATION' && <div className="mt-2"><p className="text-[13px] text-[#8a5700]">Remediation marked complete. Verification required.</p><p className="mt-0.5 text-[11px] text-[#605e5c]">Re-checks the most recent evidence SPR already has on file for this software — this is not a live scan.</p><button type="button" onClick={() => void verifyWithLatestEvidence()} disabled={taskLoading} className="mt-2 inline-flex h-8 items-center rounded bg-[#0f6cbd] px-3 text-[13px] font-medium text-white hover:bg-[#004578] disabled:opacity-50">{taskLoading ? 'Verifying…' : 'Verify with latest evidence'}</button></div>}{task.status === 'VERIFIED' && <p className="mt-2 text-[13px] text-[#0e700e]">Verified against evidence SPR collected. The underlying finding is now marked resolved.</p>}</section>}%0A+         <div className="mt-4 flex flex-wrap gap-2"><button type="button" onClick={() => { setSelected(null); onNavigate('alerts'); }} disabled={!finding} className="inline-flex h-8 items-center gap-1.5 rounded bg-[#0f6cbd] px-3 text-[13px] font-medium text-white hover:bg-[#004578] disabled:opacity-50"><FileSearch className="h-3.5 w-3.5" /> Show evidence</button>{task ? <span className="inline-flex h-8 items-center rounded border border-[#c8c6c4] px-3 text-[13px] font-medium text-[#323130]">Task created</span> : <button type="button" onClick={() => void createTask()} disabled={!finding || taskLoading} className="inline-flex h-8 items-center rounded border border-[#c8c6c4] px-3 text-[13px] font-medium text-[#323130] hover:bg-black/[.03] disabled:opacity-50">{taskLoading ? 'Creating task…' : 'Create remediation task'}</button>}</div>%0A+       </div>%0A+     </div>}%0A+   </section>;%0A+ }%0A+%0A+ function Metric({ label, value, icon }: { label: string; value: number; icon: React.ReactNode }) { return <div className="flex items-center gap-1.5">{icon}<div><div className="text-[11px] text-[#605e5c]">{label}</div><div className="text-lg font-semibold text-[#201f1e]">{value}</div></div></div>; }%0A+ function Detail({ label, value }: { label: string; value: string }) { return <div className="rounded-md border border-[#e1dfdd] bg-[#faf9f8] p-3"><p className="text-[11px] font-semibold uppercase tracking-wide text-[#605e5c]">{label}</p><p className="mt-1 text-[13px] leading-5 text-[#201f1e]">{value}</p></div>; }%0A+ function formatStoredTime(value?: string | null) { return value ? new Date(value).toLocaleString() : 'Not observed'; }%0A+ function evidenceList(value?: string | null) { try { const parsed = JSON.parse(value || '[]'); return Array.isArray(parsed) ? parsed.filter((item): item is string => typeof item === 'string') : []; } catch { return []; } }%0A+%0A%0A ❯ tests/trust-network-contract.test.ts:20:15%0A%0A

::error file=/home/runner/work/software-passport-registry/software-passport-registry/tests/trust-network-contract.test.ts,title=tests/trust-network-contract.test.ts > Trust Network (MSP Command Center rebuild) preserves existing functionality > every /api/remediation-tasks call the frontend makes has a matching real backend route,line=34,column=22::AssertionError: expected 'import React, { useEffect, useMemo, u…' to contain 'apiFetch(\'/api/remediation-tasks\')'%0A%0A- Expected%0A+ Received%0A%0A- apiFetch('/api/remediation-tasks')%0A+ import React, { useEffect, useMemo, useState } from 'react';%0A+ import { AlertTriangle, ArrowRight, Building2, CheckCircle2, FileSearch, ShieldAlert, User, X } from 'lucide-react';%0A+ import { Alert, Client } from '../types';%0A+ import { apiFetch } from '../utils/apiClient';%0A+ import type { VerificationDecision } from '../lib/verification/evaluateVerification';%0A+%0A+ interface Props {%0A+   clients: Client[];%0A+   alerts: Alert[];%0A+   findings: any[];%0A+   role?: string;%0A+   onSelectClient: (id: string) => void;%0A+   onSelectPassport?: (passportId: string) => void;%0A+   onNavigate: (tab: string) => void;%0A+   verificationDecisions?: Record<string, VerificationDecision>;%0A+   verificationDetails?: Record<string, unknown>;%0A+ }%0A+%0A+ type Assignment = { id: string; client_id: string; technician_display: string; assigned_by: string; updated_at: string };%0A+ type TeamMember = { id: number; email: string; displayName?: string | null; role: string };%0A+%0A+ const severityClass = (severity: Alert['severity']) => severity === 'Critical'%0A+   ? 'border-[#a4262c]/30 bg-[#fdf2f2] text-[#a4262c]'%0A+   : severity === 'High' ? 'border-[#8a5700]/30 bg-[#fff4ce] text-[#8a5700]'%0A+   : 'border-[#0f6cbd]/30 bg-[#eff6fc] text-[#0f6cbd]';%0A+%0A+ export default function MSPCommandCenter({ clients, alerts, findings, role = 'Viewer', onSelectClient, onNavigate, onSelectPassport, verificationDecisions = {}, verificationDetails = {} }: Props) {%0A+   const [selected, setSelected] = useState<Alert | null>(null);%0A+   const [assignments, setAssignments] = useState<Assignment[]>([]);%0A+   const [team, setTeam] = useState<TeamMember[]>([]);%0A+   const [assigningClientId, setAssigningClientId] = useState<string | null>(null);%0A+   const canAssign = role === 'Owner' || role === 'Admin';%0A+   const trustStateFromDecision = (decision?: VerificationDecision) => decision?.state ?? 'UNINITIALIZED';%0A+   const trustStateForPassportItem = (item: { passportId: string }) => trustStateFromDecision(verificationDecisions?.[item.passportId]);%0A+   const selectPassport = (passportId: string) => { onSelectPassport?.(passportId); };%0A+   const passportDecision = (passport: { id: string }) => { const decision = verificationDecisions?.[passport.id]; return decision; };%0A+   void verificationDetails;%0A+%0A+   const loadAssignments = () => { apiFetch('/api/msp/assignments').then((r) => r.ok ? r.json() : null).then((data) => { if (Array.isArray(data?.assignments)) setAssignments(data.assignments); }).catch(() => {}); };%0A+   useEffect(() => { loadAssignments(); apiFetch('/api/organization/team').then((r) => r.ok ? r.json() : null).then((data) => { if (Array.isArray(data)) setTeam(data); }).catch(() => {}); }, []);%0A+%0A+   const assignmentByClient = useMemo(() => new Map(assignments.map((a) => [a.client_id, a])), [assignments]);%0A+   const assignTechnician = async (clientId: string, member: TeamMember) => {%0A+     const response = await apiFetch('/api/msp/assignments', { method: 'PUT', headers: { 'Content-Type': 'application/json' }, body: JSON.stringify({ clientId, technicianUserId: member.id, technicianDisplay: member.displayName || member.email }) });%0A+     if (response.ok) { loadAssignments(); setAssigningClientId(null); }%0A+   };%0A+   const unassignTechnician = async (clientId: string) => {%0A+     const response = await apiFetch(`/api/msp/assignments/${encodeURIComponent(clientId)}`, { method: 'DELETE' });%0A+     if (response.ok) loadAssignments();%0A+   };%0A+%0A+   const clientRiskRollup = useMemo(() => clients.map((client) => {%0A+     const clientAlerts = alerts.filter((a) => a.clientName === client.name);%0A+     const active = clientAlerts.filter((a) => a.status !== 'Resolved' && a.status !== 'Cancelled');%0A+     const critical = active.filter((a) => a.severity === 'Critical').length;%0A+     const high = active.filter((a) => a.severity === 'High').length;%0A+     return { client, activeCount: active.length, critical, high, assignment: assignmentByClient.get(client.id) };%0A+   }).sort((a, b) => (b.critical - a.critical) || (b.high - a.high) || (b.activeCount - a.activeCount)), [clients, alerts, assignmentByClient]);%0A+   // Sourced from the same /api/trust-loop/findings data App.tsx already fetched%0A+   // to build `alerts` -- no second network round trip for finding detail.%0A+   const finding = useMemo(() => selected ? findings.find((item: any) => String(item.id) === selected.id) || null : null, [selected?.id, findings]);%0A+   const findingError = selected && !finding ? 'Finding details are unavailable.' : null;%0A+   const [task, setTask] = useState<any | null>(null);%0A+   const [taskLoading, setTaskLoading] = useState(false);%0A+   const [taskError, setTaskError] = useState<string | null>(null);%0A+   const attention = useMemo(() => alerts.filter(item => item.status === 'Active').sort((a, b) => {%0A+     const rank = { Critical: 3, High: 2, Medium: 1, Low: 0 };%0A+     return rank[b.severity] - rank[a.severity];%0A+   }), [alerts]);%0A+   const criticalClients = new Set(attention.filter(item => item.severity === 'Critical').map(item => item.clientName)).size;%0A+   const attentionClients = new Set(attention.filter(item => item.severity !== 'Critical').map(item => item.clientName)).size;%0A+   // A remediation may already exist for this finding (created from the Alerts%0A+   // view via the same /api/trust-loop/remediations backend) -- load it by the%0A+   // id the findings join already gives us instead of scanning a task list.%0A+   useEffect(() => {%0A+     setTask(null); setTaskError(null);%0A+     if (!selected?.remediationId) return;%0A+     let cancelled = false;%0A+     apiFetch(`/api/trust-loop/remediations/${encodeURIComponent(selected.remediationId)}`).then(response => response.ok ? response.json() : null).then(data => { if (!cancelled && data) setTask(data); }).catch(() => {});%0A+     return () => { cancelled = true; };%0A+   }, [selected?.id, selected?.remediationId]);%0A+   const createTask = async () => {%0A+     if (!selected || !finding || taskLoading) return;%0A+     setTaskLoading(true); setTaskError(null);%0A+     try {%0A+       const response = await apiFetch('/api/trust-loop/remediations', {%0A+         method: 'POST', headers: { 'Content-Type': 'application/json' },%0A+         body: JSON.stringify({ findingId: selected.id, title: selected.title, description: selected.description, priority: selected.severity.toUpperCase() }),%0A+       });%0A+       const body = await response.json().catch(() => ({}));%0A+       if (!response.ok) throw new Error(body?.error || 'SPR could not create the remediation task.');%0A+       setTask(body);%0A+     } catch (cause: any) { setTaskError(cause?.message || 'SPR could not create the remediation task.'); }%0A+     finally { setTaskLoading(false); }%0A+   };%0A+   const transitionTask = async (status: 'IN_PROGRESS' | 'READY_FOR_VERIFICATION') => {%0A+     if (!task || taskLoading) return;%0A+     setTaskLoading(true); setTaskError(null);%0A+     try {%0A+       const response = await apiFetch(`/api/trust-loop/remediations/${encodeURIComponent(task.id)}`, { method: 'PATCH', headers: { 'Content-Type': 'application/json' }, body: JSON.stringify({ status }) });%0A+       const body = await response.json().catch(() => ({}));%0A+       if (!response.ok) throw new Error(body?.error || 'SPR could not update the task.');%0A+       setTask(body);%0A+     } catch (cause: any) { setTaskError(cause?.message || 'SPR could not update the task.'); }%0A+     finally { setTaskLoading(false); }%0A+   };%0A+   // Re-verifies against the most recent trust_observation SPR already has on%0A+   // file for this software -- there is no live "run a check now" job queue,%0A+   // so this is honestly a re-check of existing evidence, not a fresh scan.%0A+   const verifyWithLatestEvidence = async () => {%0A+     if (!task || taskLoading) return;%0A+     setTaskLoading(true); setTaskError(null);%0A+     try {%0A+       const response = await apiFetch(`/api/trust-loop/remediations/${encodeURIComponent(task.id)}/verify-latest`, { method: 'POST' });%0A+       const body = await response.json().catch(() => ({}));%0A+       if (!response.ok) throw new Error(body?.error || 'SPR could not verify this task against current evidence.');%0A+       setTask(body);%0A+     } catch (cause: any) { setTaskError(cause?.message || 'SPR could not verify this task against current evidence.'); }%0A+     finally { setTaskLoading(false); }%0A+   };%0A+%0A+   return <section id="msp-command-center" aria-labelledby="msp-command-center-title">%0A+     <div className="mb-4 flex flex-wrap items-center justify-between gap-3">%0A+       <div>%0A+         <h1 id="msp-command-center-title" className="text-[22px] font-semibold text-[#201f1e]">Who needs you today?</h1>%0A+         <p className="mt-1 text-[13px] text-[#605e5c]">Prioritized work from the evidence and findings SPR currently has on record. A closed task is not a verified fix.</p>%0A+       </div>%0A+       <button type="button" onClick={() => onNavigate('clients')} className="inline-flex h-8 items-center gap-1.5 rounded border border-[#c8c6c4] px-3 text-[13px] font-medium text-[#323130] hover:bg-black/[.03]">%0A+         View all clients <ArrowRight className="h-3.5 w-3.5" />%0A+       </button>%0A+     </div>%0A+%0A+     <div className="mb-4 flex flex-wrap gap-6 rounded-md border border-[#e1dfdd] bg-white p-3">%0A+       <Metric label="Clients" value={clients.length} icon={<Building2 className="h-3.5 w-3.5" />} />%0A+       <Metric label="Healthy" value={Math.max(0, clients.length - criticalClients - attentionClients)} icon={<CheckCircle2 className="h-3.5 w-3.5 text-[#0e700e]" />} />%0A+       <Metric label="Need attention" value={attentionClients} icon={<AlertTriangle className="h-3.5 w-3.5 text-[#8a5700]" />} />%0A+       <Metric label="Critical" value={criticalClients} icon={<ShieldAlert className="h-3.5 w-3.5 text-[#a4262c]" />} />%0A+     </div>%0A+%0A+     <div className="mb-4 rounded-md border border-[#e1dfdd] bg-white">%0A+       <div className="border-b border-[#e1dfdd] px-4 py-3"><h2 className="text-[14px] font-semibold text-[#201f1e]">Cross-client risk</h2><p className="mt-0.5 text-[12px] text-[#605e5c]">Every client ranked by active critical and high findings, with technician assignment.</p></div>%0A+       <div className="overflow-x-auto">%0A+         <table className="w-full min-w-[640px] text-left text-[13px]">%0A+           <thead className="border-b border-[#e1dfdd] text-[11px] uppercase tracking-wide text-[#605e5c]"><tr><th className="px-4 py-2">Client</th><th className="px-4 py-2">Critical</th><th className="px-4 py-2">High</th><th className="px-4 py-2">Active findings</th><th className="px-4 py-2">Assigned technician</th></tr></thead>%0A+           <tbody>%0A+             {clientRiskRollup.map(({ client, activeCount, critical, high, assignment }) => (%0A+               <tr key={client.id} className="border-b border-[#f3f2f1] hover:bg-black/[.02]">%0A+                 <td className="px-4 py-2.5 font-medium text-[#201f1e]">{client.name}</td>%0A+                 <td className="px-4 py-2.5">{critical > 0 ? <span className="rounded border border-[#a4262c]/30 bg-[#fdf2f2] px-1.5 py-0.5 text-[11px] font-semibold text-[#a4262c]">{critical}</span> : <span className="text-[#8a8886]">0</span>}</td>%0A+                 <td className="px-4 py-2.5">{high > 0 ? <span className="rounded border border-[#8a5700]/30 bg-[#fff4ce] px-1.5 py-0.5 text-[11px] font-semibold text-[#8a5700]">{high}</span> : <span className="text-[#8a8886]">0</span>}</td>%0A+                 <td className="px-4 py-2.5 text-[#323130]">{activeCount}</td>%0A+                 <td className="px-4 py-2.5">%0A+                   {assigningClientId === client.id ? (%0A+                     <select autoFocus onBlur={() => setAssigningClientId(null)} onChange={(e) => { const member = team.find((m) => String(m.id) === e.target.value); if (member) void assignTechnician(client.id, member); }} className="h-8 rounded border border-[#c8c6c4] bg-white px-2 text-[12px] text-[#201f1e] focus:border-[#0f6cbd] focus:outline-none focus:ring-1 focus:ring-[#0f6cbd]">%0A+                       <option value="">Select technician…</option>%0A+                       {team.map((member) => <option key={member.id} value={member.id}>{member.displayName || member.email}</option>)}%0A+                     </select>%0A+                   ) : assignment ? (%0A+                     <div className="flex items-center gap-2 text-[12px] text-[#323130]"><User className="h-3 w-3 text-[#8a8886]" />{assignment.technician_display}%0A+                       {canAssign && <button type="button" onClick={() => void unassignTechnician(client.id)} className="text-[#8a8886] hover:text-[#a4262c]">×</button>}%0A+                       {canAssign && <button type="button" onClick={() => setAssigningClientId(client.id)} className="text-[#0f6cbd] hover:text-[#004578]">change</button>}%0A+                     </div>%0A+                   ) : canAssign ? (%0A+                     <button type="button" onClick={() => setAssigningClientId(client.id)} className="rounded border border-[#c8c6c4] px-2 py-1 text-[12px] text-[#605e5c] hover:bg-black/[.03]">Assign…</button>%0A+                   ) : <span className="text-[12px] text-[#8a8886]">Unassigned</span>}%0A+                 </td>%0A+               </tr>%0A+             ))}%0A+           </tbody>%0A+         </table>%0A+       </div>%0A+     </div>%0A+%0A+     <div className="rounded-md border border-[#e1dfdd] bg-white">%0A+       <div className="flex flex-col gap-2 border-b border-[#e1dfdd] px-4 py-3 sm:flex-row sm:items-center sm:justify-between">%0A+         <div><h2 className="text-[14px] font-semibold text-[#201f1e]">Clients needing action</h2><p className="mt-0.5 text-[12px] text-[#605e5c]">Most urgent first, based on active recorded findings.</p></div>%0A+         <span className="w-fit rounded border border-[#c8c6c4] bg-[#faf9f8] px-2 py-0.5 text-[11px] font-medium text-[#605e5c]">{attention.length} active findings</span>%0A+       </div>%0A+       {attention.length ? <div>%0A+         {attention.map(alert => {%0A+           const client = clients.find(item => item.name === alert.clientName);%0A+           return <article key={alert.id} className="grid gap-3 border-b border-[#f3f2f1] px-4 py-3 last:border-b-0 lg:grid-cols-[minmax(180px,0.8fr)_minmax(260px,1.5fr)_auto] lg:items-center">%0A+             <div>%0A+               <p className="font-medium text-[#201f1e]">{alert.clientName}</p>%0A+               <p className="mt-0.5 text-[11px] text-[#8a8886]">Observed {alert.timestamp}</p>%0A+             </div>%0A+             <div>%0A+               <div className="mb-1.5 flex flex-wrap gap-1.5"><span className={`rounded border px-1.5 py-0.5 text-[11px] font-semibold ${severityClass(alert.severity)}`}>{alert.severity}</span><span className="rounded bg-[#f3f2f1] px-1.5 py-0.5 text-[11px] text-[#605e5c]">{alert.category}</span></div>%0A+               <p className="text-[13px] font-medium text-[#201f1e]">{alert.title}</p><p className="mt-0.5 text-[12px] leading-5 text-[#605e5c]">{alert.description}</p>%0A+             </div>%0A+             <div className="flex gap-2 lg:flex-col"><button type="button" onClick={() => setSelected(alert)} className="inline-flex h-8 items-center justify-center gap-1.5 rounded bg-[#0f6cbd] px-3 text-[13px] font-medium text-white hover:bg-[#004578]">Investigate <ArrowRight className="h-3.5 w-3.5" /></button>{client && <button type="button" onClick={() => onSelectClient(client.id)} className="h-8 rounded border border-[#c8c6c4] px-3 text-[13px] font-medium text-[#323130] hover:bg-black/[.03]">Client</button>}</div>%0A+           </article>;%0A+         })}%0A+       </div> : <div className="px-6 py-10 text-center"><CheckCircle2 className="mx-auto h-6 w-6 text-[#0e700e]" /><h3 className="mt-2 text-[13px] font-semibold text-[#201f1e]">No clients need attention</h3><p className="mt-1 text-[12px] text-[#605e5c]">Your monitored clients currently have no active recorded findings requiring action.</p></div>}%0A+     </div>%0A+%0A+     {selected && <div className="fixed inset-0 z-50 flex items-end bg-black/40 p-0 md:items-center md:justify-center md:p-6" role="dialog" aria-modal="true" aria-labelledby="finding-title">%0A+       <div className="max-h-[92vh] w-full max-w-2xl overflow-y-auto rounded-t-md border border-[#e1dfdd] bg-white p-5 md:rounded-md"><div className="flex items-start justify-between gap-4"><div><p className="text-[11px] font-semibold uppercase tracking-wide text-[#605e5c]">Finding detail · Explain this</p><h2 id="finding-title" className="mt-1 text-[18px] font-semibold text-[#201f1e]">{selected.title}</h2></div><button type="button" onClick={() => setSelected(null)} aria-label="Close finding" className="rounded p-1.5 text-[#605e5c] hover:bg-black/[.05]"><X className="h-4 w-4" /></button></div>%0A+         {findingError && <div role="alert" className="mt-4 rounded-md border border-[#a4262c]/30 bg-[#fdf2f2] p-3 text-[13px] text-[#a4262c]"><p className="font-semibold">Finding detail unavailable</p><p className="mt-0.5">{findingError}</p></div>}%0A+         {finding && <><div className="mt-4 grid gap-3 sm:grid-cols-2"><Detail label="Client" value={selected.clientName} /><Detail label="Severity and status" value={`${finding.severity} — ${finding.status}`} /><Detail label="First observed" value={formatStoredTime(finding.created_at)} /><Detail label="Last observed" value={formatStoredTime(finding.updated_at)} /></div>%0A+         <section className="mt-3 rounded-md border border-[#e1dfdd] bg-[#faf9f8] p-3"><h3 className="text-[13px] font-semibold text-[#201f1e]">Observed</h3><p className="mt-1 text-[13px] leading-6 text-[#323130]">{finding.description || 'No observation description is available.'}</p></section><div className="mt-3 grid gap-3 sm:grid-cols-2"><Detail label="Why it matters" value="Review this recorded finding with its evidence before choosing remediation." /><Detail label="What you can do" value="Create a remediation task, then collect a new observation before treating the finding as resolved." /></div>%0A+         <section className="mt-3 rounded-md border border-[#e1dfdd] bg-[#faf9f8] p-3"><h3 className="text-[13px] font-semibold text-[#201f1e]">Evidence chain</h3><p className="mt-0.5 text-[11px] text-[#8a8886]">Finding → observed artifact → source evidence → verification time</p>{evidenceList(finding.evidence_ids).length ? <ul className="mt-3 space-y-1.5">{evidenceList(finding.evidence_ids).map((id: string) => <li key={id} className="rounded border border-[#e1dfdd] bg-white px-2.5 py-1.5 font-mono text-[11px] text-[#323130]">Evidence reference: {id}</li>)}</ul> : <p className="mt-3 text-[13px] text-[#605e5c]">Evidence unavailable. This finding has no stored evidence references.</p>}</section></>}%0A+         {taskError && <p role="alert" className="mt-3 text-[13px] text-[#a4262c]">{taskError}</p>}%0A+         {task && <section className="mt-3 rounded-md border border-[#0f6cbd]/30 bg-[#eff6fc] p-3"><p className="text-[11px] font-semibold uppercase tracking-wide text-[#0f6cbd]">Remediation task</p><p className="mt-1 text-[13px] font-semibold text-[#201f1e]">{task.title}</p><p className="mt-0.5 text-[12px] text-[#323130]">{task.status.replaceAll('_', ' ')} · created {formatStoredTime(task.created_at)}</p>{task.status === 'OPEN' && <button type="button" onClick={() => void transitionTask('IN_PROGRESS')} disabled={taskLoading} className="mt-3 inline-flex h-8 items-center rounded bg-[#0f6cbd] px-3 text-[13px] font-medium text-white hover:bg-[#004578] disabled:opacity-50">{taskLoading ? 'Updating task…' : 'Start remediation'}</button>}{task.status === 'IN_PROGRESS' && <button type="button" onClick={() => void transitionTask('READY_FOR_VERIFICATION')} disabled={taskLoading} className="mt-3 inline-flex h-8 items-center rounded bg-[#0f6cbd] px-3 text-[13px] font-medium text-white hover:bg-[#004578] disabled:opacity-50">{taskLoading ? 'Updating task…' : 'Mark ready for verification'}</button>}{task.status === 'READY_FOR_VERIFICATION' && <div className="mt-2"><p className="text-[13px] text-[#8a5700]">Remediation marked complete. Verification required.</p><p className="mt-0.5 text-[11px] text-[#605e5c]">Re-checks the most recent evidence SPR already has on file for this software — this is not a live scan.</p><button type="button" onClick={() => void verifyWithLatestEvidence()} disabled={taskLoading} className="mt-2 inline-flex h-8 items-center rounded bg-[#0f6cbd] px-3 text-[13px] font-medium text-white hover:bg-[#004578] disabled:opacity-50">{taskLoading ? 'Verifying…' : 'Verify with latest evidence'}</button></div>}{task.status === 'VERIFIED' && <p className="mt-2 text-[13px] text-[#0e700e]">Verified against evidence SPR collected. The underlying finding is now marked resolved.</p>}</section>}%0A+         <div className="mt-4 flex flex-wrap gap-2"><button type="button" onClick={() => { setSelected(null); onNavigate('alerts'); }} disabled={!finding} className="inline-flex h-8 items-center gap-1.5 rounded bg-[#0f6cbd] px-3 text-[13px] font-medium text-white hover:bg-[#004578] disabled:opacity-50"><FileSearch className="h-3.5 w-3.5" /> Show evidence</button>{task ? <span className="inline-flex h-8 items-center rounded border border-[#c8c6c4] px-3 text-[13px] font-medium text-[#323130]">Task created</span> : <button type="button" onClick={() => void createTask()} disabled={!finding || taskLoading} className="inline-flex h-8 items-center rounded border border-[#c8c6c4] px-3 text-[13px] font-medium text-[#323130] hover:bg-black/[.03] disabled:opacity-50">{taskLoading ? 'Creating task…' : 'Create remediation task'}</button>}</div>%0A+       </div>%0A+     </div>}%0A+   </section>;%0A+ }%0A+%0A+ function Metric({ label, value, icon }: { label: string; value: number; icon: React.ReactNode }) { return <div className="flex items-center gap-1.5">{icon}<div><div className="text-[11px] text-[#605e5c]">{label}</div><div className="text-lg font-semibold text-[#201f1e]">{value}</div></div></div>; }%0A+ function Detail({ label, value }: { label: string; value: string }) { return <div className="rounded-md border border-[#e1dfdd] bg-[#faf9f8] p-3"><p className="text-[11px] font-semibold uppercase tracking-wide text-[#605e5c]">{label}</p><p className="mt-1 text-[13px] leading-5 text-[#201f1e]">{value}</p></div>; }%0A+ function formatStoredTime(value?: string | null) { return value ? new Date(value).toLocaleString() : 'Not observed'; }%0A+ function evidenceList(value?: string | null) { try { const parsed = JSON.parse(value || '[]'); return Array.isArray(parsed) ? parsed.filter((item): item is string => typeof item === 'string') : []; } catch { return []; } }%0A+%0A%0A ❯ tests/trust-network-contract.test.ts:34:22%0A%0A

::error file=/home/runner/work/software-passport-registry/software-passport-registry/tests/trust-network-contract.test.ts,title=tests/trust-network-contract.test.ts > Trust Network (MSP Command Center rebuild) preserves existing functionality > renamed the page to Trust Network with the MSP control plane framing,line=56,column=15::AssertionError: expected 'import React, { useEffect, useMemo, u…' to contain '>Trust Network</h1>'%0A%0A- Expected%0A+ Received%0A%0A- >Trust Network</h1>%0A+ import React, { useEffect, useMemo, useState } from 'react';%0A+ import { AlertTriangle, ArrowRight, Building2, CheckCircle2, FileSearch, ShieldAlert, User, X } from 'lucide-react';%0A+ import { Alert, Client } from '../types';%0A+ import { apiFetch } from '../utils/apiClient';%0A+ import type { VerificationDecision } from '../lib/verification/evaluateVerification';%0A+%0A+ interface Props {%0A+   clients: Client[];%0A+   alerts: Alert[];%0A+   findings: any[];%0A+   role?: string;%0A+   onSelectClient: (id: string) => void;%0A+   onSelectPassport?: (passportId: string) => void;%0A+   onNavigate: (tab: string) => void;%0A+   verificationDecisions?: Record<string, VerificationDecision>;%0A+   verificationDetails?: Record<string, unknown>;%0A+ }%0A+%0A+ type Assignment = { id: string; client_id: string; technician_display: string; assigned_by: string; updated_at: string };%0A+ type TeamMember = { id: number; email: string; displayName?: string | null; role: string };%0A+%0A+ const severityClass = (severity: Alert['severity']) => severity === 'Critical'%0A+   ? 'border-[#a4262c]/30 bg-[#fdf2f2] text-[#a4262c]'%0A+   : severity === 'High' ? 'border-[#8a5700]/30 bg-[#fff4ce] text-[#8a5700]'%0A+   : 'border-[#0f6cbd]/30 bg-[#eff6fc] text-[#0f6cbd]';%0A+%0A+ export default function MSPCommandCenter({ clients, alerts, findings, role = 'Viewer', onSelectClient, onNavigate, onSelectPassport, verificationDecisions = {}, verificationDetails = {} }: Props) {%0A+   const [selected, setSelected] = useState<Alert | null>(null);%0A+   const [assignments, setAssignments] = useState<Assignment[]>([]);%0A+   const [team, setTeam] = useState<TeamMember[]>([]);%0A+   const [assigningClientId, setAssigningClientId] = useState<string | null>(null);%0A+   const canAssign = role === 'Owner' || role === 'Admin';%0A+   const trustStateFromDecision = (decision?: VerificationDecision) => decision?.state ?? 'UNINITIALIZED';%0A+   const trustStateForPassportItem = (item: { passportId: string }) => trustStateFromDecision(verificationDecisions?.[item.passportId]);%0A+   const selectPassport = (passportId: string) => { onSelectPassport?.(passportId); };%0A+   const passportDecision = (passport: { id: string }) => { const decision = verificationDecisions?.[passport.id]; return decision; };%0A+   void verificationDetails;%0A+%0A+   const loadAssignments = () => { apiFetch('/api/msp/assignments').then((r) => r.ok ? r.json() : null).then((data) => { if (Array.isArray(data?.assignments)) setAssignments(data.assignments); }).catch(() => {}); };%0A+   useEffect(() => { loadAssignments(); apiFetch('/api/organization/team').then((r) => r.ok ? r.json() : null).then((data) => { if (Array.isArray(data)) setTeam(data); }).catch(() => {}); }, []);%0A+%0A+   const assignmentByClient = useMemo(() => new Map(assignments.map((a) => [a.client_id, a])), [assignments]);%0A+   const assignTechnician = async (clientId: string, member: TeamMember) => {%0A+     const response = await apiFetch('/api/msp/assignments', { method: 'PUT', headers: { 'Content-Type': 'application/json' }, body: JSON.stringify({ clientId, technicianUserId: member.id, technicianDisplay: member.displayName || member.email }) });%0A+     if (response.ok) { loadAssignments(); setAssigningClientId(null); }%0A+   };%0A+   const unassignTechnician = async (clientId: string) => {%0A+     const response = await apiFetch(`/api/msp/assignments/${encodeURIComponent(clientId)}`, { method: 'DELETE' });%0A+     if (response.ok) loadAssignments();%0A+   };%0A+%0A+   const clientRiskRollup = useMemo(() => clients.map((client) => {%0A+     const clientAlerts = alerts.filter((a) => a.clientName === client.name);%0A+     const active = clientAlerts.filter((a) => a.status !== 'Resolved' && a.status !== 'Cancelled');%0A+     const critical = active.filter((a) => a.severity === 'Critical').length;%0A+     const high = active.filter((a) => a.severity === 'High').length;%0A+     return { client, activeCount: active.length, critical, high, assignment: assignmentByClient.get(client.id) };%0A+   }).sort((a, b) => (b.critical - a.critical) || (b.high - a.high) || (b.activeCount - a.activeCount)), [clients, alerts, assignmentByClient]);%0A+   // Sourced from the same /api/trust-loop/findings data App.tsx already fetched%0A+   // to build `alerts` -- no second network round trip for finding detail.%0A+   const finding = useMemo(() => selected ? findings.find((item: any) => String(item.id) === selected.id) || null : null, [selected?.id, findings]);%0A+   const findingError = selected && !finding ? 'Finding details are unavailable.' : null;%0A+   const [task, setTask] = useState<any | null>(null);%0A+   const [taskLoading, setTaskLoading] = useState(false);%0A+   const [taskError, setTaskError] = useState<string | null>(null);%0A+   const attention = useMemo(() => alerts.filter(item => item.status === 'Active').sort((a, b) => {%0A+     const rank = { Critical: 3, High: 2, Medium: 1, Low: 0 };%0A+     return rank[b.severity] - rank[a.severity];%0A+   }), [alerts]);%0A+   const criticalClients = new Set(attention.filter(item => item.severity === 'Critical').map(item => item.clientName)).size;%0A+   const attentionClients = new Set(attention.filter(item => item.severity !== 'Critical').map(item => item.clientName)).size;%0A+   // A remediation may already exist for this finding (created from the Alerts%0A+   // view via the same /api/trust-loop/remediations backend) -- load it by the%0A+   // id the findings join already gives us instead of scanning a task list.%0A+   useEffect(() => {%0A+     setTask(null); setTaskError(null);%0A+     if (!selected?.remediationId) return;%0A+     let cancelled = false;%0A+     apiFetch(`/api/trust-loop/remediations/${encodeURIComponent(selected.remediationId)}`).then(response => response.ok ? response.json() : null).then(data => { if (!cancelled && data) setTask(data); }).catch(() => {});%0A+     return () => { cancelled = true; };%0A+   }, [selected?.id, selected?.remediationId]);%0A+   const createTask = async () => {%0A+     if (!selected || !finding || taskLoading) return;%0A+     setTaskLoading(true); setTaskError(null);%0A+     try {%0A+       const response = await apiFetch('/api/trust-loop/remediations', {%0A+         method: 'POST', headers: { 'Content-Type': 'application/json' },%0A+         body: JSON.stringify({ findingId: selected.id, title: selected.title, description: selected.description, priority: selected.severity.toUpperCase() }),%0A+       });%0A+       const body = await response.json().catch(() => ({}));%0A+       if (!response.ok) throw new Error(body?.error || 'SPR could not create the remediation task.');%0A+       setTask(body);%0A+     } catch (cause: any) { setTaskError(cause?.message || 'SPR could not create the remediation task.'); }%0A+     finally { setTaskLoading(false); }%0A+   };%0A+   const transitionTask = async (status: 'IN_PROGRESS' | 'READY_FOR_VERIFICATION') => {%0A+     if (!task || taskLoading) return;%0A+     setTaskLoading(true); setTaskError(null);%0A+     try {%0A+       const response = await apiFetch(`/api/trust-loop/remediations/${encodeURIComponent(task.id)}`, { method: 'PATCH', headers: { 'Content-Type': 'application/json' }, body: JSON.stringify({ status }) });%0A+       const body = await response.json().catch(() => ({}));%0A+       if (!response.ok) throw new Error(body?.error || 'SPR could not update the task.');%0A+       setTask(body);%0A+     } catch (cause: any) { setTaskError(cause?.message || 'SPR could not update the task.'); }%0A+     finally { setTaskLoading(false); }%0A+   };%0A+   // Re-verifies against the most recent trust_observation SPR already has on%0A+   // file for this software -- there is no live "run a check now" job queue,%0A+   // so this is honestly a re-check of existing evidence, not a fresh scan.%0A+   const verifyWithLatestEvidence = async () => {%0A+     if (!task || taskLoading) return;%0A+     setTaskLoading(true); setTaskError(null);%0A+     try {%0A+       const response = await apiFetch(`/api/trust-loop/remediations/${encodeURIComponent(task.id)}/verify-latest`, { method: 'POST' });%0A+       const body = await response.json().catch(() => ({}));%0A+       if (!response.ok) throw new Error(body?.error || 'SPR could not verify this task against current evidence.');%0A+       setTask(body);%0A+     } catch (cause: any) { setTaskError(cause?.message || 'SPR could not verify this task against current evidence.'); }%0A+     finally { setTaskLoading(false); }%0A+   };%0A+%0A+   return <section id="msp-command-center" aria-labelledby="msp-command-center-title">%0A+     <div className="mb-4 flex flex-wrap items-center justify-between gap-3">%0A+       <div>%0A+         <h1 id="msp-command-center-title" className="text-[22px] font-semibold text-[#201f1e]">Who needs you today?</h1>%0A+         <p className="mt-1 text-[13px] text-[#605e5c]">Prioritized work from the evidence and findings SPR currently has on record. A closed task is not a verified fix.</p>%0A+       </div>%0A+       <button type="button" onClick={() => onNavigate('clients')} className="inline-flex h-8 items-center gap-1.5 rounded border border-[#c8c6c4] px-3 text-[13px] font-medium text-[#323130] hover:bg-black/[.03]">%0A+         View all clients <ArrowRight className="h-3.5 w-3.5" />%0A+       </button>%0A+     </div>%0A+%0A+     <div className="mb-4 flex flex-wrap gap-6 rounded-md border border-[#e1dfdd] bg-white p-3">%0A+       <Metric label="Clients" value={clients.length} icon={<Building2 className="h-3.5 w-3.5" />} />%0A+       <Metric label="Healthy" value={Math.max(0, clients.length - criticalClients - attentionClients)} icon={<CheckCircle2 className="h-3.5 w-3.5 text-[#0e700e]" />} />%0A+       <Metric label="Need attention" value={attentionClients} icon={<AlertTriangle className="h-3.5 w-3.5 text-[#8a5700]" />} />%0A+       <Metric label="Critical" value={criticalClients} icon={<ShieldAlert className="h-3.5 w-3.5 text-[#a4262c]" />} />%0A+     </div>%0A+%0A+     <div className="mb-4 rounded-md border border-[#e1dfdd] bg-white">%0A+       <div className="border-b border-[#e1dfdd] px-4 py-3"><h2 className="text-[14px] font-semibold text-[#201f1e]">Cross-client risk</h2><p className="mt-0.5 text-[12px] text-[#605e5c]">Every client ranked by active critical and high findings, with technician assignment.</p></div>%0A+       <div className="overflow-x-auto">%0A+         <table className="w-full min-w-[640px] text-left text-[13px]">%0A+           <thead className="border-b border-[#e1dfdd] text-[11px] uppercase tracking-wide text-[#605e5c]"><tr><th className="px-4 py-2">Client</th><th className="px-4 py-2">Critical</th><th className="px-4 py-2">High</th><th className="px-4 py-2">Active findings</th><th className="px-4 py-2">Assigned technician</th></tr></thead>%0A+           <tbody>%0A+             {clientRiskRollup.map(({ client, activeCount, critical, high, assignment }) => (%0A+               <tr key={client.id} className="border-b border-[#f3f2f1] hover:bg-black/[.02]">%0A+                 <td className="px-4 py-2.5 font-medium text-[#201f1e]">{client.name}</td>%0A+                 <td className="px-4 py-2.5">{critical > 0 ? <span className="rounded border border-[#a4262c]/30 bg-[#fdf2f2] px-1.5 py-0.5 text-[11px] font-semibold text-[#a4262c]">{critical}</span> : <span className="text-[#8a8886]">0</span>}</td>%0A+                 <td className="px-4 py-2.5">{high > 0 ? <span className="rounded border border-[#8a5700]/30 bg-[#fff4ce] px-1.5 py-0.5 text-[11px] font-semibold text-[#8a5700]">{high}</span> : <span className="text-[#8a8886]">0</span>}</td>%0A+                 <td className="px-4 py-2.5 text-[#323130]">{activeCount}</td>%0A+                 <td className="px-4 py-2.5">%0A+                   {assigningClientId === client.id ? (%0A+                     <select autoFocus onBlur={() => setAssigningClientId(null)} onChange={(e) => { const member = team.find((m) => String(m.id) === e.target.value); if (member) void assignTechnician(client.id, member); }} className="h-8 rounded border border-[#c8c6c4] bg-white px-2 text-[12px] text-[#201f1e] focus:border-[#0f6cbd] focus:outline-none focus:ring-1 focus:ring-[#0f6cbd]">%0A+                       <option value="">Select technician…</option>%0A+                       {team.map((member) => <option key={member.id} value={member.id}>{member.displayName || member.email}</option>)}%0A+                     </select>%0A+                   ) : assignment ? (%0A+                     <div className="flex items-center gap-2 text-[12px] text-[#323130]"><User className="h-3 w-3 text-[#8a8886]" />{assignment.technician_display}%0A+                       {canAssign && <button type="button" onClick={() => void unassignTechnician(client.id)} className="text-[#8a8886] hover:text-[#a4262c]">×</button>}%0A+                       {canAssign && <button type="button" onClick={() => setAssigningClientId(client.id)} className="text-[#0f6cbd] hover:text-[#004578]">change</button>}%0A+                     </div>%0A+                   ) : canAssign ? (%0A+                     <button type="button" onClick={() => setAssigningClientId(client.id)} className="rounded border border-[#c8c6c4] px-2 py-1 text-[12px] text-[#605e5c] hover:bg-black/[.03]">Assign…</button>%0A+                   ) : <span className="text-[12px] text-[#8a8886]">Unassigned</span>}%0A+                 </td>%0A+               </tr>%0A+             ))}%0A+           </tbody>%0A+         </table>%0A+       </div>%0A+     </div>%0A+%0A+     <div className="rounded-md border border-[#e1dfdd] bg-white">%0A+       <div className="flex flex-col gap-2 border-b border-[#e1dfdd] px-4 py-3 sm:flex-row sm:items-center sm:justify-between">%0A+         <div><h2 className="text-[14px] font-semibold text-[#201f1e]">Clients needing action</h2><p className="mt-0.5 text-[12px] text-[#605e5c]">Most urgent first, based on active recorded findings.</p></div>%0A+         <span className="w-fit rounded border border-[#c8c6c4] bg-[#faf9f8] px-2 py-0.5 text-[11px] font-medium text-[#605e5c]">{attention.length} active findings</span>%0A+       </div>%0A+       {attention.length ? <div>%0A+         {attention.map(alert => {%0A+           const client = clients.find(item => item.name === alert.clientName);%0A+           return <article key={alert.id} className="grid gap-3 border-b border-[#f3f2f1] px-4 py-3 last:border-b-0 lg:grid-cols-[minmax(180px,0.8fr)_minmax(260px,1.5fr)_auto] lg:items-center">%0A+             <div>%0A+               <p className="font-medium text-[#201f1e]">{alert.clientName}</p>%0A+               <p className="mt-0.5 text-[11px] text-[#8a8886]">Observed {alert.timestamp}</p>%0A+             </div>%0A+             <div>%0A+               <div className="mb-1.5 flex flex-wrap gap-1.5"><span className={`rounded border px-1.5 py-0.5 text-[11px] font-semibold ${severityClass(alert.severity)}`}>{alert.severity}</span><span className="rounded bg-[#f3f2f1] px-1.5 py-0.5 text-[11px] text-[#605e5c]">{alert.category}</span></div>%0A+               <p className="text-[13px] font-medium text-[#201f1e]">{alert.title}</p><p className="mt-0.5 text-[12px] leading-5 text-[#605e5c]">{alert.description}</p>%0A+             </div>%0A+             <div className="flex gap-2 lg:flex-col"><button type="button" onClick={() => setSelected(alert)} className="inline-flex h-8 items-center justify-center gap-1.5 rounded bg-[#0f6cbd] px-3 text-[13px] font-medium text-white hover:bg-[#004578]">Investigate <ArrowRight className="h-3.5 w-3.5" /></button>{client && <button type="button" onClick={() => onSelectClient(client.id)} className="h-8 rounded border border-[#c8c6c4] px-3 text-[13px] font-medium text-[#323130] hover:bg-black/[.03]">Client</button>}</div>%0A+           </article>;%0A+         })}%0A+       </div> : <div className="px-6 py-10 text-center"><CheckCircle2 className="mx-auto h-6 w-6 text-[#0e700e]" /><h3 className="mt-2 text-[13px] font-semibold text-[#201f1e]">No clients need attention</h3><p className="mt-1 text-[12px] text-[#605e5c]">Your monitored clients currently have no active recorded findings requiring action.</p></div>}%0A+     </div>%0A+%0A+     {selected && <div className="fixed inset-0 z-50 flex items-end bg-black/40 p-0 md:items-center md:justify-center md:p-6" role="dialog" aria-modal="true" aria-labelledby="finding-title">%0A+       <div className="max-h-[92vh] w-full max-w-2xl overflow-y-auto rounded-t-md border border-[#e1dfdd] bg-white p-5 md:rounded-md"><div className="flex items-start justify-between gap-4"><div><p className="text-[11px] font-semibold uppercase tracking-wide text-[#605e5c]">Finding detail · Explain this</p><h2 id="finding-title" className="mt-1 text-[18px] font-semibold text-[#201f1e]">{selected.title}</h2></div><button type="button" onClick={() => setSelected(null)} aria-label="Close finding" className="rounded p-1.5 text-[#605e5c] hover:bg-black/[.05]"><X className="h-4 w-4" /></button></div>%0A+         {findingError && <div role="alert" className="mt-4 rounded-md border border-[#a4262c]/30 bg-[#fdf2f2] p-3 text-[13px] text-[#a4262c]"><p className="font-semibold">Finding detail unavailable</p><p className="mt-0.5">{findingError}</p></div>}%0A+         {finding && <><div className="mt-4 grid gap-3 sm:grid-cols-2"><Detail label="Client" value={selected.clientName} /><Detail label="Severity and status" value={`${finding.severity} — ${finding.status}`} /><Detail label="First observed" value={formatStoredTime(finding.created_at)} /><Detail label="Last observed" value={formatStoredTime(finding.updated_at)} /></div>%0A+         <section className="mt-3 rounded-md border border-[#e1dfdd] bg-[#faf9f8] p-3"><h3 className="text-[13px] font-semibold text-[#201f1e]">Observed</h3><p className="mt-1 text-[13px] leading-6 text-[#323130]">{finding.description || 'No observation description is available.'}</p></section><div className="mt-3 grid gap-3 sm:grid-cols-2"><Detail label="Why it matters" value="Review this recorded finding with its evidence before choosing remediation." /><Detail label="What you can do" value="Create a remediation task, then collect a new observation before treating the finding as resolved." /></div>%0A+         <section className="mt-3 rounded-md border border-[#e1dfdd] bg-[#faf9f8] p-3"><h3 className="text-[13px] font-semibold text-[#201f1e]">Evidence chain</h3><p className="mt-0.5 text-[11px] text-[#8a8886]">Finding → observed artifact → source evidence → verification time</p>{evidenceList(finding.evidence_ids).length ? <ul className="mt-3 space-y-1.5">{evidenceList(finding.evidence_ids).map((id: string) => <li key={id} className="rounded border border-[#e1dfdd] bg-white px-2.5 py-1.5 font-mono text-[11px] text-[#323130]">Evidence reference: {id}</li>)}</ul> : <p className="mt-3 text-[13px] text-[#605e5c]">Evidence unavailable. This finding has no stored evidence references.</p>}</section></>}%0A+         {taskError && <p role="alert" className="mt-3 text-[13px] text-[#a4262c]">{taskError}</p>}%0A+         {task && <section className="mt-3 rounded-md border border-[#0f6cbd]/30 bg-[#eff6fc] p-3"><p className="text-[11px] font-semibold uppercase tracking-wide text-[#0f6cbd]">Remediation task</p><p className="mt-1 text-[13px] font-semibold text-[#201f1e]">{task.title}</p><p className="mt-0.5 text-[12px] text-[#323130]">{task.status.replaceAll('_', ' ')} · created {formatStoredTime(task.created_at)}</p>{task.status === 'OPEN' && <button type="button" onClick={() => void transitionTask('IN_PROGRESS')} disabled={taskLoading} className="mt-3 inline-flex h-8 items-center rounded bg-[#0f6cbd] px-3 text-[13px] font-medium text-white hover:bg-[#004578] disabled:opacity-50">{taskLoading ? 'Updating task…' : 'Start remediation'}</button>}{task.status === 'IN_PROGRESS' && <button type="button" onClick={() => void transitionTask('READY_FOR_VERIFICATION')} disabled={taskLoading} className="mt-3 inline-flex h-8 items-center rounded bg-[#0f6cbd] px-3 text-[13px] font-medium text-white hover:bg-[#004578] disabled:opacity-50">{taskLoading ? 'Updating task…' : 'Mark ready for verification'}</button>}{task.status === 'READY_FOR_VERIFICATION' && <div className="mt-2"><p className="text-[13px] text-[#8a5700]">Remediation marked complete. Verification required.</p><p className="mt-0.5 text-[11px] text-[#605e5c]">Re-checks the most recent evidence SPR already has on file for this software — this is not a live scan.</p><button type="button" onClick={() => void verifyWithLatestEvidence()} disabled={taskLoading} className="mt-2 inline-flex h-8 items-center rounded bg-[#0f6cbd] px-3 text-[13px] font-medium text-white hover:bg-[#004578] disabled:opacity-50">{taskLoading ? 'Verifying…' : 'Verify with latest evidence'}</button></div>}{task.status === 'VERIFIED' && <p className="mt-2 text-[13px] text-[#0e700e]">Verified against evidence SPR collected. The underlying finding is now marked resolved.</p>}</section>}%0A+         <div className="mt-4 flex flex-wrap gap-2"><button type="button" onClick={() => { setSelected(null); onNavigate('alerts'); }} disabled={!finding} className="inline-flex h-8 items-center gap-1.5 rounded bg-[#0f6cbd] px-3 text-[13px] font-medium text-white hover:bg-[#004578] disabled:opacity-50"><FileSearch className="h-3.5 w-3.5" /> Show evidence</button>{task ? <span className="inline-flex h-8 items-center rounded border border-[#c8c6c4] px-3 text-[13px] font-medium text-[#323130]">Task created</span> : <button type="button" onClick={() => void createTask()} disabled={!finding || taskLoading} className="inline-flex h-8 items-center rounded border border-[#c8c6c4] px-3 text-[13px] font-medium text-[#323130] hover:bg-black/[.03] disabled:opacity-50">{taskLoading ? 'Creating task…' : 'Create remediation task'}</button>}</div>%0A+       </div>%0A+     </div>}%0A+   </section>;%0A+ }%0A+%0A+ function Metric({ label, value, icon }: { label: string; value: number; icon: React.ReactNode }) { return <div className="flex items-center gap-1.5">{icon}<div><div className="text-[11px] text-[#605e5c]">{label}</div><div className="text-lg font-semibold text-[#201f1e]">{value}</div></div></div>; }%0A+ function Detail({ label, value }: { label: string; value: string }) { return <div className="rounded-md border border-[#e1dfdd] bg-[#faf9f8] p-3"><p className="text-[11px] font-semibold uppercase tracking-wide text-[#605e5c]">{label}</p><p className="mt-1 text-[13px] leading-5 text-[#201f1e]">{value}</p></div>; }%0A+ function formatStoredTime(value?: string | null) { return value ? new Date(value).toLocaleString() : 'Not observed'; }%0A+ function evidenceList(value?: string | null) { try { const parsed = JSON.parse(value || '[]'); return Array.isArray(parsed) ? parsed.filter((item): item is string => typeof item === 'string') : []; } catch { return []; } }%0A+%0A%0A ❯ tests/trust-network-contract.test.ts:56:15%0A%0A

::error file=/home/runner/work/software-passport-registry/software-passport-registry/tests/trust-network-contract.test.ts,title=tests/trust-network-contract.test.ts > Trust Network (MSP Command Center rebuild) preserves existing functionality > quick-jump navigation only points at real%2C existing routes,line=65,column=24::AssertionError: expected '' to contain 'path: \'/msp\''%0A%0A- Expected%0A+ Received%0A%0A- path: '/msp'%0A%0A ❯ tests/trust-network-contract.test.ts:65:24%0A%0A

::error file=/home/runner/work/software-passport-registry/software-passport-registry/tests/trust-network-contract.test.ts,title=tests/trust-network-contract.test.ts > Trust Network never fabricates counts%2C scores%2C or history > Current Trust State reads real verificationStatus and a real critical-client count%2C not invented numbers,line=75,column=15::AssertionError: expected 'import React, { useEffect, useMemo, u…' to contain 'if (decision === \'VERIFIED\') verifi…'%0A%0A- Expected%0A+ Received%0A%0A- if (decision === 'VERIFIED') verified += 1;%0A+ import React, { useEffect, useMemo, useState } from 'react';%0A+ import { AlertTriangle, ArrowRight, Building2, CheckCircle2, FileSearch, ShieldAlert, User, X } from 'lucide-react';%0A+ import { Alert, Client } from '../types';%0A+ import { apiFetch } from '../utils/apiClient';%0A+ import type { VerificationDecision } from '../lib/verification/evaluateVerification';%0A+%0A+ interface Props {%0A+   clients: Client[];%0A+   alerts: Alert[];%0A+   findings: any[];%0A+   role?: string;%0A+   onSelectClient: (id: string) => void;%0A+   onSelectPassport?: (passportId: string) => void;%0A+   onNavigate: (tab: string) => void;%0A+   verificationDecisions?: Record<string, VerificationDecision>;%0A+   verificationDetails?: Record<string, unknown>;%0A+ }%0A+%0A+ type Assignment = { id: string; client_id: string; technician_display: string; assigned_by: string; updated_at: string };%0A+ type TeamMember = { id: number; email: string; displayName?: string | null; role: string };%0A+%0A+ const severityClass = (severity: Alert['severity']) => severity === 'Critical'%0A+   ? 'border-[#a4262c]/30 bg-[#fdf2f2] text-[#a4262c]'%0A+   : severity === 'High' ? 'border-[#8a5700]/30 bg-[#fff4ce] text-[#8a5700]'%0A+   : 'border-[#0f6cbd]/30 bg-[#eff6fc] text-[#0f6cbd]';%0A+%0A+ export default function MSPCommandCenter({ clients, alerts, findings, role = 'Viewer', onSelectClient, onNavigate, onSelectPassport, verificationDecisions = {}, verificationDetails = {} }: Props) {%0A+   const [selected, setSelected] = useState<Alert | null>(null);%0A+   const [assignments, setAssignments] = useState<Assignment[]>([]);%0A+   const [team, setTeam] = useState<TeamMember[]>([]);%0A+   const [assigningClientId, setAssigningClientId] = useState<string | null>(null);%0A+   const canAssign = role === 'Owner' || role === 'Admin';%0A+   const trustStateFromDecision = (decision?: VerificationDecision) => decision?.state ?? 'UNINITIALIZED';%0A+   const trustStateForPassportItem = (item: { passportId: string }) => trustStateFromDecision(verificationDecisions?.[item.passportId]);%0A+   const selectPassport = (passportId: string) => { onSelectPassport?.(passportId); };%0A+   const passportDecision = (passport: { id: string }) => { const decision = verificationDecisions?.[passport.id]; return decision; };%0A+   void verificationDetails;%0A+%0A+   const loadAssignments = () => { apiFetch('/api/msp/assignments').then((r) => r.ok ? r.json() : null).then((data) => { if (Array.isArray(data?.assignments)) setAssignments(data.assignments); }).catch(() => {}); };%0A+   useEffect(() => { loadAssignments(); apiFetch('/api/organization/team').then((r) => r.ok ? r.json() : null).then((data) => { if (Array.isArray(data)) setTeam(data); }).catch(() => {}); }, []);%0A+%0A+   const assignmentByClient = useMemo(() => new Map(assignments.map((a) => [a.client_id, a])), [assignments]);%0A+   const assignTechnician = async (clientId: string, member: TeamMember) => {%0A+     const response = await apiFetch('/api/msp/assignments', { method: 'PUT', headers: { 'Content-Type': 'application/json' }, body: JSON.stringify({ clientId, technicianUserId: member.id, technicianDisplay: member.displayName || member.email }) });%0A+     if (response.ok) { loadAssignments(); setAssigningClientId(null); }%0A+   };%0A+   const unassignTechnician = async (clientId: string) => {%0A+     const response = await apiFetch(`/api/msp/assignments/${encodeURIComponent(clientId)}`, { method: 'DELETE' });%0A+     if (response.ok) loadAssignments();%0A+   };%0A+%0A+   const clientRiskRollup = useMemo(() => clients.map((client) => {%0A+     const clientAlerts = alerts.filter((a) => a.clientName === client.name);%0A+     const active = clientAlerts.filter((a) => a.status !== 'Resolved' && a.status !== 'Cancelled');%0A+     const critical = active.filter((a) => a.severity === 'Critical').length;%0A+     const high = active.filter((a) => a.severity === 'High').length;%0A+     return { client, activeCount: active.length, critical, high, assignment: assignmentByClient.get(client.id) };%0A+   }).sort((a, b) => (b.critical - a.critical) || (b.high - a.high) || (b.activeCount - a.activeCount)), [clients, alerts, assignmentByClient]);%0A+   // Sourced from the same /api/trust-loop/findings data App.tsx already fetched%0A+   // to build `alerts` -- no second network round trip for finding detail.%0A+   const finding = useMemo(() => selected ? findings.find((item: any) => String(item.id) === selected.id) || null : null, [selected?.id, findings]);%0A+   const findingError = selected && !finding ? 'Finding details are unavailable.' : null;%0A+   const [task, setTask] = useState<any | null>(null);%0A+   const [taskLoading, setTaskLoading] = useState(false);%0A+   const [taskError, setTaskError] = useState<string | null>(null);%0A+   const attention = useMemo(() => alerts.filter(item => item.status === 'Active').sort((a, b) => {%0A+     const rank = { Critical: 3, High: 2, Medium: 1, Low: 0 };%0A+     return rank[b.severity] - rank[a.severity];%0A+   }), [alerts]);%0A+   const criticalClients = new Set(attention.filter(item => item.severity === 'Critical').map(item => item.clientName)).size;%0A+   const attentionClients = new Set(attention.filter(item => item.severity !== 'Critical').map(item => item.clientName)).size;%0A+   // A remediation may already exist for this finding (created from the Alerts%0A+   // view via the same /api/trust-loop/remediations backend) -- load it by the%0A+   // id the findings join already gives us instead of scanning a task list.%0A+   useEffect(() => {%0A+     setTask(null); setTaskError(null);%0A+     if (!selected?.remediationId) return;%0A+     let cancelled = false;%0A+     apiFetch(`/api/trust-loop/remediations/${encodeURIComponent(selected.remediationId)}`).then(response => response.ok ? response.json() : null).then(data => { if (!cancelled && data) setTask(data); }).catch(() => {});%0A+     return () => { cancelled = true; };%0A+   }, [selected?.id, selected?.remediationId]);%0A+   const createTask = async () => {%0A+     if (!selected || !finding || taskLoading) return;%0A+     setTaskLoading(true); setTaskError(null);%0A+     try {%0A+       const response = await apiFetch('/api/trust-loop/remediations', {%0A+         method: 'POST', headers: { 'Content-Type': 'application/json' },%0A+         body: JSON.stringify({ findingId: selected.id, title: selected.title, description: selected.description, priority: selected.severity.toUpperCase() }),%0A+       });%0A+       const body = await response.json().catch(() => ({}));%0A+       if (!response.ok) throw new Error(body?.error || 'SPR could not create the remediation task.');%0A+       setTask(body);%0A+     } catch (cause: any) { setTaskError(cause?.message || 'SPR could not create the remediation task.'); }%0A+     finally { setTaskLoading(false); }%0A+   };%0A+   const transitionTask = async (status: 'IN_PROGRESS' | 'READY_FOR_VERIFICATION') => {%0A+     if (!task || taskLoading) return;%0A+     setTaskLoading(true); setTaskError(null);%0A+     try {%0A+       const response = await apiFetch(`/api/trust-loop/remediations/${encodeURIComponent(task.id)}`, { method: 'PATCH', headers: { 'Content-Type': 'application/json' }, body: JSON.stringify({ status }) });%0A+       const body = await response.json().catch(() => ({}));%0A+       if (!response.ok) throw new Error(body?.error || 'SPR could not update the task.');%0A+       setTask(body);%0A+     } catch (cause: any) { setTaskError(cause?.message || 'SPR could not update the task.'); }%0A+     finally { setTaskLoading(false); }%0A+   };%0A+   // Re-verifies against the most recent trust_observation SPR already has on%0A+   // file for this software -- there is no live "run a check now" job queue,%0A+   // so this is honestly a re-check of existing evidence, not a fresh scan.%0A+   const verifyWithLatestEvidence = async () => {%0A+     if (!task || taskLoading) return;%0A+     setTaskLoading(true); setTaskError(null);%0A+     try {%0A+       const response = await apiFetch(`/api/trust-loop/remediations/${encodeURIComponent(task.id)}/verify-latest`, { method: 'POST' });%0A+       const body = await response.json().catch(() => ({}));%0A+       if (!response.ok) throw new Error(body?.error || 'SPR could not verify this task against current evidence.');%0A+       setTask(body);%0A+     } catch (cause: any) { setTaskError(cause?.message || 'SPR could not verify this task against current evidence.'); }%0A+     finally { setTaskLoading(false); }%0A+   };%0A+%0A+   return <section id="msp-command-center" aria-labelledby="msp-command-center-title">%0A+     <div className="mb-4 flex flex-wrap items-center justify-between gap-3">%0A+       <div>%0A+         <h1 id="msp-command-center-title" className="text-[22px] font-semibold text-[#201f1e]">Who needs you today?</h1>%0A+         <p className="mt-1 text-[13px] text-[#605e5c]">Prioritized work from the evidence and findings SPR currently has on record. A closed task is not a verified fix.</p>%0A+       </div>%0A+       <button type="button" onClick={() => onNavigate('clients')} className="inline-flex h-8 items-center gap-1.5 rounded border border-[#c8c6c4] px-3 text-[13px] font-medium text-[#323130] hover:bg-black/[.03]">%0A+         View all clients <ArrowRight className="h-3.5 w-3.5" />%0A+       </button>%0A+     </div>%0A+%0A+     <div className="mb-4 flex flex-wrap gap-6 rounded-md border border-[#e1dfdd] bg-white p-3">%0A+       <Metric label="Clients" value={clients.length} icon={<Building2 className="h-3.5 w-3.5" />} />%0A+       <Metric label="Healthy" value={Math.max(0, clients.length - criticalClients - attentionClients)} icon={<CheckCircle2 className="h-3.5 w-3.5 text-[#0e700e]" />} />%0A+       <Metric label="Need attention" value={attentionClients} icon={<AlertTriangle className="h-3.5 w-3.5 text-[#8a5700]" />} />%0A+       <Metric label="Critical" value={criticalClients} icon={<ShieldAlert className="h-3.5 w-3.5 text-[#a4262c]" />} />%0A+     </div>%0A+%0A+     <div className="mb-4 rounded-md border border-[#e1dfdd] bg-white">%0A+       <div className="border-b border-[#e1dfdd] px-4 py-3"><h2 className="text-[14px] font-semibold text-[#201f1e]">Cross-client risk</h2><p className="mt-0.5 text-[12px] text-[#605e5c]">Every client ranked by active critical and high findings, with technician assignment.</p></div>%0A+       <div className="overflow-x-auto">%0A+         <table className="w-full min-w-[640px] text-left text-[13px]">%0A+           <thead className="border-b border-[#e1dfdd] text-[11px] uppercase tracking-wide text-[#605e5c]"><tr><th className="px-4 py-2">Client</th><th className="px-4 py-2">Critical</th><th className="px-4 py-2">High</th><th className="px-4 py-2">Active findings</th><th className="px-4 py-2">Assigned technician</th></tr></thead>%0A+           <tbody>%0A+             {clientRiskRollup.map(({ client, activeCount, critical, high, assignment }) => (%0A+               <tr key={client.id} className="border-b border-[#f3f2f1] hover:bg-black/[.02]">%0A+                 <td className="px-4 py-2.5 font-medium text-[#201f1e]">{client.name}</td>%0A+                 <td className="px-4 py-2.5">{critical > 0 ? <span className="rounded border border-[#a4262c]/30 bg-[#fdf2f2] px-1.5 py-0.5 text-[11px] font-semibold text-[#a4262c]">{critical}</span> : <span className="text-[#8a8886]">0</span>}</td>%0A+                 <td className="px-4 py-2.5">{high > 0 ? <span className="rounded border border-[#8a5700]/30 bg-[#fff4ce] px-1.5 py-0.5 text-[11px] font-semibold text-[#8a5700]">{high}</span> : <span className="text-[#8a8886]">0</span>}</td>%0A+                 <td className="px-4 py-2.5 text-[#323130]">{activeCount}</td>%0A+                 <td className="px-4 py-2.5">%0A+                   {assigningClientId === client.id ? (%0A+                     <select autoFocus onBlur={() => setAssigningClientId(null)} onChange={(e) => { const member = team.find((m) => String(m.id) === e.target.value); if (member) void assignTechnician(client.id, member); }} className="h-8 rounded border border-[#c8c6c4] bg-white px-2 text-[12px] text-[#201f1e] focus:border-[#0f6cbd] focus:outline-none focus:ring-1 focus:ring-[#0f6cbd]">%0A+                       <option value="">Select technician…</option>%0A+                       {team.map((member) => <option key={member.id} value={member.id}>{member.displayName || member.email}</option>)}%0A+                     </select>%0A+                   ) : assignment ? (%0A+                     <div className="flex items-center gap-2 text-[12px] text-[#323130]"><User className="h-3 w-3 text-[#8a8886]" />{assignment.technician_display}%0A+                       {canAssign && <button type="button" onClick={() => void unassignTechnician(client.id)} className="text-[#8a8886] hover:text-[#a4262c]">×</button>}%0A+                       {canAssign && <button type="button" onClick={() => setAssigningClientId(client.id)} className="text-[#0f6cbd] hover:text-[#004578]">change</button>}%0A+                     </div>%0A+                   ) : canAssign ? (%0A+                     <button type="button" onClick={() => setAssigningClientId(client.id)} className="rounded border border-[#c8c6c4] px-2 py-1 text-[12px] text-[#605e5c] hover:bg-black/[.03]">Assign…</button>%0A+                   ) : <span className="text-[12px] text-[#8a8886]">Unassigned</span>}%0A+                 </td>%0A+               </tr>%0A+             ))}%0A+           </tbody>%0A+         </table>%0A+       </div>%0A+     </div>%0A+%0A+     <div className="rounded-md border border-[#e1dfdd] bg-white">%0A+       <div className="flex flex-col gap-2 border-b border-[#e1dfdd] px-4 py-3 sm:flex-row sm:items-center sm:justify-between">%0A+         <div><h2 className="text-[14px] font-semibold text-[#201f1e]">Clients needing action</h2><p className="mt-0.5 text-[12px] text-[#605e5c]">Most urgent first, based on active recorded findings.</p></div>%0A+         <span className="w-fit rounded border border-[#c8c6c4] bg-[#faf9f8] px-2 py-0.5 text-[11px] font-medium text-[#605e5c]">{attention.length} active findings</span>%0A+       </div>%0A+       {attention.length ? <div>%0A+         {attention.map(alert => {%0A+           const client = clients.find(item => item.name === alert.clientName);%0A+           return <article key={alert.id} className="grid gap-3 border-b border-[#f3f2f1] px-4 py-3 last:border-b-0 lg:grid-cols-[minmax(180px,0.8fr)_minmax(260px,1.5fr)_auto] lg:items-center">%0A+             <div>%0A+               <p className="font-medium text-[#201f1e]">{alert.clientName}</p>%0A+               <p className="mt-0.5 text-[11px] text-[#8a8886]">Observed {alert.timestamp}</p>%0A+             </div>%0A+             <div>%0A+               <div className="mb-1.5 flex flex-wrap gap-1.5"><span className={`rounded border px-1.5 py-0.5 text-[11px] font-semibold ${severityClass(alert.severity)}`}>{alert.severity}</span><span className="rounded bg-[#f3f2f1] px-1.5 py-0.5 text-[11px] text-[#605e5c]">{alert.category}</span></div>%0A+               <p className="text-[13px] font-medium text-[#201f1e]">{alert.title}</p><p className="mt-0.5 text-[12px] leading-5 text-[#605e5c]">{alert.description}</p>%0A+             </div>%0A+             <div className="flex gap-2 lg:flex-col"><button type="button" onClick={() => setSelected(alert)} className="inline-flex h-8 items-center justify-center gap-1.5 rounded bg-[#0f6cbd] px-3 text-[13px] font-medium text-white hover:bg-[#004578]">Investigate <ArrowRight className="h-3.5 w-3.5" /></button>{client && <button type="button" onClick={() => onSelectClient(client.id)} className="h-8 rounded border border-[#c8c6c4] px-3 text-[13px] font-medium text-[#323130] hover:bg-black/[.03]">Client</button>}</div>%0A+           </article>;%0A+         })}%0A+       </div> : <div className="px-6 py-10 text-center"><CheckCircle2 className="mx-auto h-6 w-6 text-[#0e700e]" /><h3 className="mt-2 text-[13px] font-semibold text-[#201f1e]">No clients need attention</h3><p className="mt-1 text-[12px] text-[#605e5c]">Your monitored clients currently have no active recorded findings requiring action.</p></div>}%0A+     </div>%0A+%0A+     {selected && <div className="fixed inset-0 z-50 flex items-end bg-black/40 p-0 md:items-center md:justify-center md:p-6" role="dialog" aria-modal="true" aria-labelledby="finding-title">%0A+       <div className="max-h-[92vh] w-full max-w-2xl overflow-y-auto rounded-t-md border border-[#e1dfdd] bg-white p-5 md:rounded-md"><div className="flex items-start justify-between gap-4"><div><p className="text-[11px] font-semibold uppercase tracking-wide text-[#605e5c]">Finding detail · Explain this</p><h2 id="finding-title" className="mt-1 text-[18px] font-semibold text-[#201f1e]">{selected.title}</h2></div><button type="button" onClick={() => setSelected(null)} aria-label="Close finding" className="rounded p-1.5 text-[#605e5c] hover:bg-black/[.05]"><X className="h-4 w-4" /></button></div>%0A+         {findingError && <div role="alert" className="mt-4 rounded-md border border-[#a4262c]/30 bg-[#fdf2f2] p-3 text-[13px] text-[#a4262c]"><p className="font-semibold">Finding detail unavailable</p><p className="mt-0.5">{findingError}</p></div>}%0A+         {finding && <><div className="mt-4 grid gap-3 sm:grid-cols-2"><Detail label="Client" value={selected.clientName} /><Detail label="Severity and status" value={`${finding.severity} — ${finding.status}`} /><Detail label="First observed" value={formatStoredTime(finding.created_at)} /><Detail label="Last observed" value={formatStoredTime(finding.updated_at)} /></div>%0A+         <section className="mt-3 rounded-md border border-[#e1dfdd] bg-[#faf9f8] p-3"><h3 className="text-[13px] font-semibold text-[#201f1e]">Observed</h3><p className="mt-1 text-[13px] leading-6 text-[#323130]">{finding.description || 'No observation description is available.'}</p></section><div className="mt-3 grid gap-3 sm:grid-cols-2"><Detail label="Why it matters" value="Review this recorded finding with its evidence before choosing remediation." /><Detail label="What you can do" value="Create a remediation task, then collect a new observation before treating the finding as resolved." /></div>%0A+         <section className="mt-3 rounded-md border border-[#e1dfdd] bg-[#faf9f8] p-3"><h3 className="text-[13px] font-semibold text-[#201f1e]">Evidence chain</h3><p className="mt-0.5 text-[11px] text-[#8a8886]">Finding → observed artifact → source evidence → verification time</p>{evidenceList(finding.evidence_ids).length ? <ul className="mt-3 space-y-1.5">{evidenceList(finding.evidence_ids).map((id: string) => <li key={id} className="rounded border border-[#e1dfdd] bg-white px-2.5 py-1.5 font-mono text-[11px] text-[#323130]">Evidence reference: {id}</li>)}</ul> : <p className="mt-3 text-[13px] text-[#605e5c]">Evidence unavailable. This finding has no stored evidence references.</p>}</section></>}%0A+         {taskError && <p role="alert" className="mt-3 text-[13px] text-[#a4262c]">{taskError}</p>}%0A+         {task && <section className="mt-3 rounded-md border border-[#0f6cbd]/30 bg-[#eff6fc] p-3"><p className="text-[11px] font-semibold uppercase tracking-wide text-[#0f6cbd]">Remediation task</p><p className="mt-1 text-[13px] font-semibold text-[#201f1e]">{task.title}</p><p className="mt-0.5 text-[12px] text-[#323130]">{task.status.replaceAll('_', ' ')} · created {formatStoredTime(task.created_at)}</p>{task.status === 'OPEN' && <button type="button" onClick={() => void transitionTask('IN_PROGRESS')} disabled={taskLoading} className="mt-3 inline-flex h-8 items-center rounded bg-[#0f6cbd] px-3 text-[13px] font-medium text-white hover:bg-[#004578] disabled:opacity-50">{taskLoading ? 'Updating task…' : 'Start remediation'}</button>}{task.status === 'IN_PROGRESS' && <button type="button" onClick={() => void transitionTask('READY_FOR_VERIFICATION')} disabled={taskLoading} className="mt-3 inline-flex h-8 items-center rounded bg-[#0f6cbd] px-3 text-[13px] font-medium text-white hover:bg-[#004578] disabled:opacity-50">{taskLoading ? 'Updating task…' : 'Mark ready for verification'}</button>}{task.status === 'READY_FOR_VERIFICATION' && <div className="mt-2"><p className="text-[13px] text-[#8a5700]">Remediation marked complete. Verification required.</p><p className="mt-0.5 text-[11px] text-[#605e5c]">Re-checks the most recent evidence SPR already has on file for this software — this is not a live scan.</p><button type="button" onClick={() => void verifyWithLatestEvidence()} disabled={taskLoading} className="mt-2 inline-flex h-8 items-center rounded bg-[#0f6cbd] px-3 text-[13px] font-medium text-white hover:bg-[#004578] disabled:opacity-50">{taskLoading ? 'Verifying…' : 'Verify with latest evidence'}</button></div>}{task.status === 'VERIFIED' && <p className="mt-2 text-[13px] text-[#0e700e]">Verified against evidence SPR collected. The underlying finding is now marked resolved.</p>}</section>}%0A+         <div className="mt-4 flex flex-wrap gap-2"><button type="button" onClick={() => { setSelected(null); onNavigate('alerts'); }} disabled={!finding} className="inline-flex h-8 items-center gap-1.5 rounded bg-[#0f6cbd] px-3 text-[13px] font-medium text-white hover:bg-[#004578] disabled:opacity-50"><FileSearch className="h-3.5 w-3.5" /> Show evidence</button>{task ? <span className="inline-flex h-8 items-center rounded border border-[#c8c6c4] px-3 text-[13px] font-medium text-[#323130]">Task created</span> : <button type="button" onClick={() => void createTask()} disabled={!finding || taskLoading} className="inline-flex h-8 items-center rounded border border-[#c8c6c4] px-3 text-[13px] font-medium text-[#323130] hover:bg-black/[.03] disabled:opacity-50">{taskLoading ? 'Creating task…' : 'Create remediation task'}</button>}</div>%0A+       </div>%0A+     </div>}%0A+   </section>;%0A+ }%0A+%0A+ function Metric({ label, value, icon }: { label: string; value: number; icon: React.ReactNode }) { return <div className="flex items-center gap-1.5">{icon}<div><div className="text-[11px] text-[#605e5c]">{label}</div><div className="text-lg font-semibold text-[#201f1e]">{value}</div></div></div>; }%0A+ function Detail({ label, value }: { label: string; value: string }) { return <div className="rounded-md border border-[#e1dfdd] bg-[#faf9f8] p-3"><p className="text-[11px] font-semibold uppercase tracking-wide text-[#605e5c]">{label}</p><p className="mt-1 text-[13px] leading-5 text-[#201f1e]">{value}</p></div>; }%0A+ function formatStoredTime(value?: string | null) { return value ? new Date(value).toLocaleString() : 'Not observed'; }%0A+ function evidenceList(value?: string | null) { try { const parsed = JSON.parse(value || '[]'); return Array.isArray(parsed) ? parsed.filter((item): item is string => typeof item === 'string') : []; } catch { return []; } }%0A+%0A%0A ❯ tests/trust-network-contract.test.ts:75:15%0A%0A

::error file=/home/runner/work/software-passport-registry/software-passport-registry/tests/trust-network-contract.test.ts,title=tests/trust-network-contract.test.ts > Trust Network never fabricates counts%2C scores%2C or history > distinguishes Unknown from Critical explicitly%2C and never treats missing evidence as unsafe,line=82,column=15::AssertionError: expected 'import React, { useEffect, useMemo, u…' to contain 'Unknown means evidence unavailable or…'%0A%0A- Expected%0A+ Received%0A%0A- Unknown means evidence unavailable or insufficient%0A+ import React, { useEffect, useMemo, useState } from 'react';%0A+ import { AlertTriangle, ArrowRight, Building2, CheckCircle2, FileSearch, ShieldAlert, User, X } from 'lucide-react';%0A+ import { Alert, Client } from '../types';%0A+ import { apiFetch } from '../utils/apiClient';%0A+ import type { VerificationDecision } from '../lib/verification/evaluateVerification';%0A+%0A+ interface Props {%0A+   clients: Client[];%0A+   alerts: Alert[];%0A+   findings: any[];%0A+   role?: string;%0A+   onSelectClient: (id: string) => void;%0A+   onSelectPassport?: (passportId: string) => void;%0A+   onNavigate: (tab: string) => void;%0A+   verificationDecisions?: Record<string, VerificationDecision>;%0A+   verificationDetails?: Record<string, unknown>;%0A+ }%0A+%0A+ type Assignment = { id: string; client_id: string; technician_display: string; assigned_by: string; updated_at: string };%0A+ type TeamMember = { id: number; email: string; displayName?: string | null; role: string };%0A+%0A+ const severityClass = (severity: Alert['severity']) => severity === 'Critical'%0A+   ? 'border-[#a4262c]/30 bg-[#fdf2f2] text-[#a4262c]'%0A+   : severity === 'High' ? 'border-[#8a5700]/30 bg-[#fff4ce] text-[#8a5700]'%0A+   : 'border-[#0f6cbd]/30 bg-[#eff6fc] text-[#0f6cbd]';%0A+%0A+ export default function MSPCommandCenter({ clients, alerts, findings, role = 'Viewer', onSelectClient, onNavigate, onSelectPassport, verificationDecisions = {}, verificationDetails = {} }: Props) {%0A+   const [selected, setSelected] = useState<Alert | null>(null);%0A+   const [assignments, setAssignments] = useState<Assignment[]>([]);%0A+   const [team, setTeam] = useState<TeamMember[]>([]);%0A+   const [assigningClientId, setAssigningClientId] = useState<string | null>(null);%0A+   const canAssign = role === 'Owner' || role === 'Admin';%0A+   const trustStateFromDecision = (decision?: VerificationDecision) => decision?.state ?? 'UNINITIALIZED';%0A+   const trustStateForPassportItem = (item: { passportId: string }) => trustStateFromDecision(verificationDecisions?.[item.passportId]);%0A+   const selectPassport = (passportId: string) => { onSelectPassport?.(passportId); };%0A+   const passportDecision = (passport: { id: string }) => { const decision = verificationDecisions?.[passport.id]; return decision; };%0A+   void verificationDetails;%0A+%0A+   const loadAssignments = () => { apiFetch('/api/msp/assignments').then((r) => r.ok ? r.json() : null).then((data) => { if (Array.isArray(data?.assignments)) setAssignments(data.assignments); }).catch(() => {}); };%0A+   useEffect(() => { loadAssignments(); apiFetch('/api/organization/team').then((r) => r.ok ? r.json() : null).then((data) => { if (Array.isArray(data)) setTeam(data); }).catch(() => {}); }, []);%0A+%0A+   const assignmentByClient = useMemo(() => new Map(assignments.map((a) => [a.client_id, a])), [assignments]);%0A+   const assignTechnician = async (clientId: string, member: TeamMember) => {%0A+     const response = await apiFetch('/api/msp/assignments', { method: 'PUT', headers: { 'Content-Type': 'application/json' }, body: JSON.stringify({ clientId, technicianUserId: member.id, technicianDisplay: member.displayName || member.email }) });%0A+     if (response.ok) { loadAssignments(); setAssigningClientId(null); }%0A+   };%0A+   const unassignTechnician = async (clientId: string) => {%0A+     const response = await apiFetch(`/api/msp/assignments/${encodeURIComponent(clientId)}`, { method: 'DELETE' });%0A+     if (response.ok) loadAssignments();%0A+   };%0A+%0A+   const clientRiskRollup = useMemo(() => clients.map((client) => {%0A+     const clientAlerts = alerts.filter((a) => a.clientName === client.name);%0A+     const active = clientAlerts.filter((a) => a.status !== 'Resolved' && a.status !== 'Cancelled');%0A+     const critical = active.filter((a) => a.severity === 'Critical').length;%0A+     const high = active.filter((a) => a.severity === 'High').length;%0A+     return { client, activeCount: active.length, critical, high, assignment: assignmentByClient.get(client.id) };%0A+   }).sort((a, b) => (b.critical - a.critical) || (b.high - a.high) || (b.activeCount - a.activeCount)), [clients, alerts, assignmentByClient]);%0A+   // Sourced from the same /api/trust-loop/findings data App.tsx already fetched%0A+   // to build `alerts` -- no second network round trip for finding detail.%0A+   const finding = useMemo(() => selected ? findings.find((item: any) => String(item.id) === selected.id) || null : null, [selected?.id, findings]);%0A+   const findingError = selected && !finding ? 'Finding details are unavailable.' : null;%0A+   const [task, setTask] = useState<any | null>(null);%0A+   const [taskLoading, setTaskLoading] = useState(false);%0A+   const [taskError, setTaskError] = useState<string | null>(null);%0A+   const attention = useMemo(() => alerts.filter(item => item.status === 'Active').sort((a, b) => {%0A+     const rank = { Critical: 3, High: 2, Medium: 1, Low: 0 };%0A+     return rank[b.severity] - rank[a.severity];%0A+   }), [alerts]);%0A+   const criticalClients = new Set(attention.filter(item => item.severity === 'Critical').map(item => item.clientName)).size;%0A+   const attentionClients = new Set(attention.filter(item => item.severity !== 'Critical').map(item => item.clientName)).size;%0A+   // A remediation may already exist for this finding (created from the Alerts%0A+   // view via the same /api/trust-loop/remediations backend) -- load it by the%0A+   // id the findings join already gives us instead of scanning a task list.%0A+   useEffect(() => {%0A+     setTask(null); setTaskError(null);%0A+     if (!selected?.remediationId) return;%0A+     let cancelled = false;%0A+     apiFetch(`/api/trust-loop/remediations/${encodeURIComponent(selected.remediationId)}`).then(response => response.ok ? response.json() : null).then(data => { if (!cancelled && data) setTask(data); }).catch(() => {});%0A+     return () => { cancelled = true; };%0A+   }, [selected?.id, selected?.remediationId]);%0A+   const createTask = async () => {%0A+     if (!selected || !finding || taskLoading) return;%0A+     setTaskLoading(true); setTaskError(null);%0A+     try {%0A+       const response = await apiFetch('/api/trust-loop/remediations', {%0A+         method: 'POST', headers: { 'Content-Type': 'application/json' },%0A+         body: JSON.stringify({ findingId: selected.id, title: selected.title, description: selected.description, priority: selected.severity.toUpperCase() }),%0A+       });%0A+       const body = await response.json().catch(() => ({}));%0A+       if (!response.ok) throw new Error(body?.error || 'SPR could not create the remediation task.');%0A+       setTask(body);%0A+     } catch (cause: any) { setTaskError(cause?.message || 'SPR could not create the remediation task.'); }%0A+     finally { setTaskLoading(false); }%0A+   };%0A+   const transitionTask = async (status: 'IN_PROGRESS' | 'READY_FOR_VERIFICATION') => {%0A+     if (!task || taskLoading) return;%0A+     setTaskLoading(true); setTaskError(null);%0A+     try {%0A+       const response = await apiFetch(`/api/trust-loop/remediations/${encodeURIComponent(task.id)}`, { method: 'PATCH', headers: { 'Content-Type': 'application/json' }, body: JSON.stringify({ status }) });%0A+       const body = await response.json().catch(() => ({}));%0A+       if (!response.ok) throw new Error(body?.error || 'SPR could not update the task.');%0A+       setTask(body);%0A+     } catch (cause: any) { setTaskError(cause?.message || 'SPR could not update the task.'); }%0A+     finally { setTaskLoading(false); }%0A+   };%0A+   // Re-verifies against the most recent trust_observation SPR already has on%0A+   // file for this software -- there is no live "run a check now" job queue,%0A+   // so this is honestly a re-check of existing evidence, not a fresh scan.%0A+   const verifyWithLatestEvidence = async () => {%0A+     if (!task || taskLoading) return;%0A+     setTaskLoading(true); setTaskError(null);%0A+     try {%0A+       const response = await apiFetch(`/api/trust-loop/remediations/${encodeURIComponent(task.id)}/verify-latest`, { method: 'POST' });%0A+       const body = await response.json().catch(() => ({}));%0A+       if (!response.ok) throw new Error(body?.error || 'SPR could not verify this task against current evidence.');%0A+       setTask(body);%0A+     } catch (cause: any) { setTaskError(cause?.message || 'SPR could not verify this task against current evidence.'); }%0A+     finally { setTaskLoading(false); }%0A+   };%0A+%0A+   return <section id="msp-command-center" aria-labelledby="msp-command-center-title">%0A+     <div className="mb-4 flex flex-wrap items-center justify-between gap-3">%0A+       <div>%0A+         <h1 id="msp-command-center-title" className="text-[22px] font-semibold text-[#201f1e]">Who needs you today?</h1>%0A+         <p className="mt-1 text-[13px] text-[#605e5c]">Prioritized work from the evidence and findings SPR currently has on record. A closed task is not a verified fix.</p>%0A+       </div>%0A+       <button type="button" onClick={() => onNavigate('clients')} className="inline-flex h-8 items-center gap-1.5 rounded border border-[#c8c6c4] px-3 text-[13px] font-medium text-[#323130] hover:bg-black/[.03]">%0A+         View all clients <ArrowRight className="h-3.5 w-3.5" />%0A+       </button>%0A+     </div>%0A+%0A+     <div className="mb-4 flex flex-wrap gap-6 rounded-md border border-[#e1dfdd] bg-white p-3">%0A+       <Metric label="Clients" value={clients.length} icon={<Building2 className="h-3.5 w-3.5" />} />%0A+       <Metric label="Healthy" value={Math.max(0, clients.length - criticalClients - attentionClients)} icon={<CheckCircle2 className="h-3.5 w-3.5 text-[#0e700e]" />} />%0A+       <Metric label="Need attention" value={attentionClients} icon={<AlertTriangle className="h-3.5 w-3.5 text-[#8a5700]" />} />%0A+       <Metric label="Critical" value={criticalClients} icon={<ShieldAlert className="h-3.5 w-3.5 text-[#a4262c]" />} />%0A+     </div>%0A+%0A+     <div className="mb-4 rounded-md border border-[#e1dfdd] bg-white">%0A+       <div className="border-b border-[#e1dfdd] px-4 py-3"><h2 className="text-[14px] font-semibold text-[#201f1e]">Cross-client risk</h2><p className="mt-0.5 text-[12px] text-[#605e5c]">Every client ranked by active critical and high findings, with technician assignment.</p></div>%0A+       <div className="overflow-x-auto">%0A+         <table className="w-full min-w-[640px] text-left text-[13px]">%0A+           <thead className="border-b border-[#e1dfdd] text-[11px] uppercase tracking-wide text-[#605e5c]"><tr><th className="px-4 py-2">Client</th><th className="px-4 py-2">Critical</th><th className="px-4 py-2">High</th><th className="px-4 py-2">Active findings</th><th className="px-4 py-2">Assigned technician</th></tr></thead>%0A+           <tbody>%0A+             {clientRiskRollup.map(({ client, activeCount, critical, high, assignment }) => (%0A+               <tr key={client.id} className="border-b border-[#f3f2f1] hover:bg-black/[.02]">%0A+                 <td className="px-4 py-2.5 font-medium text-[#201f1e]">{client.name}</td>%0A+                 <td className="px-4 py-2.5">{critical > 0 ? <span className="rounded border border-[#a4262c]/30 bg-[#fdf2f2] px-1.5 py-0.5 text-[11px] font-semibold text-[#a4262c]">{critical}</span> : <span className="text-[#8a8886]">0</span>}</td>%0A+                 <td className="px-4 py-2.5">{high > 0 ? <span className="rounded border border-[#8a5700]/30 bg-[#fff4ce] px-1.5 py-0.5 text-[11px] font-semibold text-[#8a5700]">{high}</span> : <span className="text-[#8a8886]">0</span>}</td>%0A+                 <td className="px-4 py-2.5 text-[#323130]">{activeCount}</td>%0A+                 <td className="px-4 py-2.5">%0A+                   {assigningClientId === client.id ? (%0A+                     <select autoFocus onBlur={() => setAssigningClientId(null)} onChange={(e) => { const member = team.find((m) => String(m.id) === e.target.value); if (member) void assignTechnician(client.id, member); }} className="h-8 rounded border border-[#c8c6c4] bg-white px-2 text-[12px] text-[#201f1e] focus:border-[#0f6cbd] focus:outline-none focus:ring-1 focus:ring-[#0f6cbd]">%0A+                       <option value="">Select technician…</option>%0A+                       {team.map((member) => <option key={member.id} value={member.id}>{member.displayName || member.email}</option>)}%0A+                     </select>%0A+                   ) : assignment ? (%0A+                     <div className="flex items-center gap-2 text-[12px] text-[#323130]"><User className="h-3 w-3 text-[#8a8886]" />{assignment.technician_display}%0A+                       {canAssign && <button type="button" onClick={() => void unassignTechnician(client.id)} className="text-[#8a8886] hover:text-[#a4262c]">×</button>}%0A+                       {canAssign && <button type="button" onClick={() => setAssigningClientId(client.id)} className="text-[#0f6cbd] hover:text-[#004578]">change</button>}%0A+                     </div>%0A+                   ) : canAssign ? (%0A+                     <button type="button" onClick={() => setAssigningClientId(client.id)} className="rounded border border-[#c8c6c4] px-2 py-1 text-[12px] text-[#605e5c] hover:bg-black/[.03]">Assign…</button>%0A+                   ) : <span className="text-[12px] text-[#8a8886]">Unassigned</span>}%0A+                 </td>%0A+               </tr>%0A+             ))}%0A+           </tbody>%0A+         </table>%0A+       </div>%0A+     </div>%0A+%0A+     <div className="rounded-md border border-[#e1dfdd] bg-white">%0A+       <div className="flex flex-col gap-2 border-b border-[#e1dfdd] px-4 py-3 sm:flex-row sm:items-center sm:justify-between">%0A+         <div><h2 className="text-[14px] font-semibold text-[#201f1e]">Clients needing action</h2><p className="mt-0.5 text-[12px] text-[#605e5c]">Most urgent first, based on active recorded findings.</p></div>%0A+         <span className="w-fit rounded border border-[#c8c6c4] bg-[#faf9f8] px-2 py-0.5 text-[11px] font-medium text-[#605e5c]">{attention.length} active findings</span>%0A+       </div>%0A+       {attention.length ? <div>%0A+         {attention.map(alert => {%0A+           const client = clients.find(item => item.name === alert.clientName);%0A+           return <article key={alert.id} className="grid gap-3 border-b border-[#f3f2f1] px-4 py-3 last:border-b-0 lg:grid-cols-[minmax(180px,0.8fr)_minmax(260px,1.5fr)_auto] lg:items-center">%0A+             <div>%0A+               <p className="font-medium text-[#201f1e]">{alert.clientName}</p>%0A+               <p className="mt-0.5 text-[11px] text-[#8a8886]">Observed {alert.timestamp}</p>%0A+             </div>%0A+             <div>%0A+               <div className="mb-1.5 flex flex-wrap gap-1.5"><span className={`rounded border px-1.5 py-0.5 text-[11px] font-semibold ${severityClass(alert.severity)}`}>{alert.severity}</span><span className="rounded bg-[#f3f2f1] px-1.5 py-0.5 text-[11px] text-[#605e5c]">{alert.category}</span></div>%0A+               <p className="text-[13px] font-medium text-[#201f1e]">{alert.title}</p><p className="mt-0.5 text-[12px] leading-5 text-[#605e5c]">{alert.description}</p>%0A+             </div>%0A+             <div className="flex gap-2 lg:flex-col"><button type="button" onClick={() => setSelected(alert)} className="inline-flex h-8 items-center justify-center gap-1.5 rounded bg-[#0f6cbd] px-3 text-[13px] font-medium text-white hover:bg-[#004578]">Investigate <ArrowRight className="h-3.5 w-3.5" /></button>{client && <button type="button" onClick={() => onSelectClient(client.id)} className="h-8 rounded border border-[#c8c6c4] px-3 text-[13px] font-medium text-[#323130] hover:bg-black/[.03]">Client</button>}</div>%0A+           </article>;%0A+         })}%0A+       </div> : <div className="px-6 py-10 text-center"><CheckCircle2 className="mx-auto h-6 w-6 text-[#0e700e]" /><h3 className="mt-2 text-[13px] font-semibold text-[#201f1e]">No clients need attention</h3><p className="mt-1 text-[12px] text-[#605e5c]">Your monitored clients currently have no active recorded findings requiring action.</p></div>}%0A+     </div>%0A+%0A+     {selected && <div className="fixed inset-0 z-50 flex items-end bg-black/40 p-0 md:items-center md:justify-center md:p-6" role="dialog" aria-modal="true" aria-labelledby="finding-title">%0A+       <div className="max-h-[92vh] w-full max-w-2xl overflow-y-auto rounded-t-md border border-[#e1dfdd] bg-white p-5 md:rounded-md"><div className="flex items-start justify-between gap-4"><div><p className="text-[11px] font-semibold uppercase tracking-wide text-[#605e5c]">Finding detail · Explain this</p><h2 id="finding-title" className="mt-1 text-[18px] font-semibold text-[#201f1e]">{selected.title}</h2></div><button type="button" onClick={() => setSelected(null)} aria-label="Close finding" className="rounded p-1.5 text-[#605e5c] hover:bg-black/[.05]"><X className="h-4 w-4" /></button></div>%0A+         {findingError && <div role="alert" className="mt-4 rounded-md border border-[#a4262c]/30 bg-[#fdf2f2] p-3 text-[13px] text-[#a4262c]"><p className="font-semibold">Finding detail unavailable</p><p className="mt-0.5">{findingError}</p></div>}%0A+         {finding && <><div className="mt-4 grid gap-3 sm:grid-cols-2"><Detail label="Client" value={selected.clientName} /><Detail label="Severity and status" value={`${finding.severity} — ${finding.status}`} /><Detail label="First observed" value={formatStoredTime(finding.created_at)} /><Detail label="Last observed" value={formatStoredTime(finding.updated_at)} /></div>%0A+         <section className="mt-3 rounded-md border border-[#e1dfdd] bg-[#faf9f8] p-3"><h3 className="text-[13px] font-semibold text-[#201f1e]">Observed</h3><p className="mt-1 text-[13px] leading-6 text-[#323130]">{finding.description || 'No observation description is available.'}</p></section><div className="mt-3 grid gap-3 sm:grid-cols-2"><Detail label="Why it matters" value="Review this recorded finding with its evidence before choosing remediation." /><Detail label="What you can do" value="Create a remediation task, then collect a new observation before treating the finding as resolved." /></div>%0A+         <section className="mt-3 rounded-md border border-[#e1dfdd] bg-[#faf9f8] p-3"><h3 className="text-[13px] font-semibold text-[#201f1e]">Evidence chain</h3><p className="mt-0.5 text-[11px] text-[#8a8886]">Finding → observed artifact → source evidence → verification time</p>{evidenceList(finding.evidence_ids).length ? <ul className="mt-3 space-y-1.5">{evidenceList(finding.evidence_ids).map((id: string) => <li key={id} className="rounded border border-[#e1dfdd] bg-white px-2.5 py-1.5 font-mono text-[11px] text-[#323130]">Evidence reference: {id}</li>)}</ul> : <p className="mt-3 text-[13px] text-[#605e5c]">Evidence unavailable. This finding has no stored evidence references.</p>}</section></>}%0A+         {taskError && <p role="alert" className="mt-3 text-[13px] text-[#a4262c]">{taskError}</p>}%0A+         {task && <section className="mt-3 rounded-md border border-[#0f6cbd]/30 bg-[#eff6fc] p-3"><p className="text-[11px] font-semibold uppercase tracking-wide text-[#0f6cbd]">Remediation task</p><p className="mt-1 text-[13px] font-semibold text-[#201f1e]">{task.title}</p><p className="mt-0.5 text-[12px] text-[#323130]">{task.status.replaceAll('_', ' ')} · created {formatStoredTime(task.created_at)}</p>{task.status === 'OPEN' && <button type="button" onClick={() => void transitionTask('IN_PROGRESS')} disabled={taskLoading} className="mt-3 inline-flex h-8 items-center rounded bg-[#0f6cbd] px-3 text-[13px] font-medium text-white hover:bg-[#004578] disabled:opacity-50">{taskLoading ? 'Updating task…' : 'Start remediation'}</button>}{task.status === 'IN_PROGRESS' && <button type="button" onClick={() => void transitionTask('READY_FOR_VERIFICATION')} disabled={taskLoading} className="mt-3 inline-flex h-8 items-center rounded bg-[#0f6cbd] px-3 text-[13px] font-medium text-white hover:bg-[#004578] disabled:opacity-50">{taskLoading ? 'Updating task…' : 'Mark ready for verification'}</button>}{task.status === 'READY_FOR_VERIFICATION' && <div className="mt-2"><p className="text-[13px] text-[#8a5700]">Remediation marked complete. Verification required.</p><p className="mt-0.5 text-[11px] text-[#605e5c]">Re-checks the most recent evidence SPR already has on file for this software — this is not a live scan.</p><button type="button" onClick={() => void verifyWithLatestEvidence()} disabled={taskLoading} className="mt-2 inline-flex h-8 items-center rounded bg-[#0f6cbd] px-3 text-[13px] font-medium text-white hover:bg-[#004578] disabled:opacity-50">{taskLoading ? 'Verifying…' : 'Verify with latest evidence'}</button></div>}{task.status === 'VERIFIED' && <p className="mt-2 text-[13px] text-[#0e700e]">Verified against evidence SPR collected. The underlying finding is now marked resolved.</p>}</section>}%0A+         <div className="mt-4 flex flex-wrap gap-2"><button type="button" onClick={() => { setSelected(null); onNavigate('alerts'); }} disabled={!finding} className="inline-flex h-8 items-center gap-1.5 rounded bg-[#0f6cbd] px-3 text-[13px] font-medium text-white hover:bg-[#004578] disabled:opacity-50"><FileSearch className="h-3.5 w-3.5" /> Show evidence</button>{task ? <span className="inline-flex h-8 items-center rounded border border-[#c8c6c4] px-3 text-[13px] font-medium text-[#323130]">Task created</span> : <button type="button" onClick={() => void createTask()} disabled={!finding || taskLoading} className="inline-flex h-8 items-center rounded border border-[#c8c6c4] px-3 text-[13px] font-medium text-[#323130] hover:bg-black/[.03] disabled:opacity-50">{taskLoading ? 'Creating task…' : 'Create remediation task'}</button>}</div>%0A+       </div>%0A+     </div>}%0A+   </section>;%0A+ }%0A+%0A+ function Metric({ label, value, icon }: { label: string; value: number; icon: React.ReactNode }) { return <div className="flex items-center gap-1.5">{icon}<div><div className="text-[11px] text-[#605e5c]">{label}</div><div className="text-lg font-semibold text-[#201f1e]">{value}</div></div></div>; }%0A+ function Detail({ label, value }: { label: string; value: string }) { return <div className="rounded-md border border-[#e1dfdd] bg-[#faf9f8] p-3"><p className="text-[11px] font-semibold uppercase tracking-wide text-[#605e5c]">{label}</p><p className="mt-1 text-[13px] leading-5 text-[#201f1e]">{value}</p></div>; }%0A+ function formatStoredTime(value?: string | null) { return value ? new Date(value).toLocaleString() : 'Not observed'; }%0A+ function evidenceList(value?: string | null) { try { const parsed = JSON.parse(value || '[]'); return Array.isArray(parsed) ? parsed.filter((item): item is string => typeof item === 'string') : []; } catch { return []; } }%0A+%0A%0A ❯ tests/trust-network-contract.test.ts:82:15%0A%0A

::error file=/home/runner/work/software-passport-registry/software-passport-registry/tests/trust-network-contract.test.ts,title=tests/trust-network-contract.test.ts > Trust Network never fabricates counts%2C scores%2C or history > Evidence Coverage and Verification Coverage show "no data" states instead of a misleading 0%25/100%25,line=88,column=15::AssertionError: expected 'import React, { useEffect, useMemo, u…' to contain 'evidenceCoverage.total > 0 ? ('%0A%0A- Expected%0A+ Received%0A%0A- evidenceCoverage.total > 0 ? (%0A+ import React, { useEffect, useMemo, useState } from 'react';%0A+ import { AlertTriangle, ArrowRight, Building2, CheckCircle2, FileSearch, ShieldAlert, User, X } from 'lucide-react';%0A+ import { Alert, Client } from '../types';%0A+ import { apiFetch } from '../utils/apiClient';%0A+ import type { VerificationDecision } from '../lib/verification/evaluateVerification';%0A+%0A+ interface Props {%0A+   clients: Client[];%0A+   alerts: Alert[];%0A+   findings: any[];%0A+   role?: string;%0A+   onSelectClient: (id: string) => void;%0A+   onSelectPassport?: (passportId: string) => void;%0A+   onNavigate: (tab: string) => void;%0A+   verificationDecisions?: Record<string, VerificationDecision>;%0A+   verificationDetails?: Record<string, unknown>;%0A+ }%0A+%0A+ type Assignment = { id: string; client_id: string; technician_display: string; assigned_by: string; updated_at: string };%0A+ type TeamMember = { id: number; email: string; displayName?: string | null; role: string };%0A+%0A+ const severityClass = (severity: Alert['severity']) => severity === 'Critical'%0A+   ? 'border-[#a4262c]/30 bg-[#fdf2f2] text-[#a4262c]'%0A+   : severity === 'High' ? 'border-[#8a5700]/30 bg-[#fff4ce] text-[#8a5700]'%0A+   : 'border-[#0f6cbd]/30 bg-[#eff6fc] text-[#0f6cbd]';%0A+%0A+ export default function MSPCommandCenter({ clients, alerts, findings, role = 'Viewer', onSelectClient, onNavigate, onSelectPassport, verificationDecisions = {}, verificationDetails = {} }: Props) {%0A+   const [selected, setSelected] = useState<Alert | null>(null);%0A+   const [assignments, setAssignments] = useState<Assignment[]>([]);%0A+   const [team, setTeam] = useState<TeamMember[]>([]);%0A+   const [assigningClientId, setAssigningClientId] = useState<string | null>(null);%0A+   const canAssign = role === 'Owner' || role === 'Admin';%0A+   const trustStateFromDecision = (decision?: VerificationDecision) => decision?.state ?? 'UNINITIALIZED';%0A+   const trustStateForPassportItem = (item: { passportId: string }) => trustStateFromDecision(verificationDecisions?.[item.passportId]);%0A+   const selectPassport = (passportId: string) => { onSelectPassport?.(passportId); };%0A+   const passportDecision = (passport: { id: string }) => { const decision = verificationDecisions?.[passport.id]; return decision; };%0A+   void verificationDetails;%0A+%0A+   const loadAssignments = () => { apiFetch('/api/msp/assignments').then((r) => r.ok ? r.json() : null).then((data) => { if (Array.isArray(data?.assignments)) setAssignments(data.assignments); }).catch(() => {}); };%0A+   useEffect(() => { loadAssignments(); apiFetch('/api/organization/team').then((r) => r.ok ? r.json() : null).then((data) => { if (Array.isArray(data)) setTeam(data); }).catch(() => {}); }, []);%0A+%0A+   const assignmentByClient = useMemo(() => new Map(assignments.map((a) => [a.client_id, a])), [assignments]);%0A+   const assignTechnician = async (clientId: string, member: TeamMember) => {%0A+     const response = await apiFetch('/api/msp/assignments', { method: 'PUT', headers: { 'Content-Type': 'application/json' }, body: JSON.stringify({ clientId, technicianUserId: member.id, technicianDisplay: member.displayName || member.email }) });%0A+     if (response.ok) { loadAssignments(); setAssigningClientId(null); }%0A+   };%0A+   const unassignTechnician = async (clientId: string) => {%0A+     const response = await apiFetch(`/api/msp/assignments/${encodeURIComponent(clientId)}`, { method: 'DELETE' });%0A+     if (response.ok) loadAssignments();%0A+   };%0A+%0A+   const clientRiskRollup = useMemo(() => clients.map((client) => {%0A+     const clientAlerts = alerts.filter((a) => a.clientName === client.name);%0A+     const active = clientAlerts.filter((a) => a.status !== 'Resolved' && a.status !== 'Cancelled');%0A+     const critical = active.filter((a) => a.severity === 'Critical').length;%0A+     const high = active.filter((a) => a.severity === 'High').length;%0A+     return { client, activeCount: active.length, critical, high, assignment: assignmentByClient.get(client.id) };%0A+   }).sort((a, b) => (b.critical - a.critical) || (b.high - a.high) || (b.activeCount - a.activeCount)), [clients, alerts, assignmentByClient]);%0A+   // Sourced from the same /api/trust-loop/findings data App.tsx already fetched%0A+   // to build `alerts` -- no second network round trip for finding detail.%0A+   const finding = useMemo(() => selected ? findings.find((item: any) => String(item.id) === selected.id) || null : null, [selected?.id, findings]);%0A+   const findingError = selected && !finding ? 'Finding details are unavailable.' : null;%0A+   const [task, setTask] = useState<any | null>(null);%0A+   const [taskLoading, setTaskLoading] = useState(false);%0A+   const [taskError, setTaskError] = useState<string | null>(null);%0A+   const attention = useMemo(() => alerts.filter(item => item.status === 'Active').sort((a, b) => {%0A+     const rank = { Critical: 3, High: 2, Medium: 1, Low: 0 };%0A+     return rank[b.severity] - rank[a.severity];%0A+   }), [alerts]);%0A+   const criticalClients = new Set(attention.filter(item => item.severity === 'Critical').map(item => item.clientName)).size;%0A+   const attentionClients = new Set(attention.filter(item => item.severity !== 'Critical').map(item => item.clientName)).size;%0A+   // A remediation may already exist for this finding (created from the Alerts%0A+   // view via the same /api/trust-loop/remediations backend) -- load it by the%0A+   // id the findings join already gives us instead of scanning a task list.%0A+   useEffect(() => {%0A+     setTask(null); setTaskError(null);%0A+     if (!selected?.remediationId) return;%0A+     let cancelled = false;%0A+     apiFetch(`/api/trust-loop/remediations/${encodeURIComponent(selected.remediationId)}`).then(response => response.ok ? response.json() : null).then(data => { if (!cancelled && data) setTask(data); }).catch(() => {});%0A+     return () => { cancelled = true; };%0A+   }, [selected?.id, selected?.remediationId]);%0A+   const createTask = async () => {%0A+     if (!selected || !finding || taskLoading) return;%0A+     setTaskLoading(true); setTaskError(null);%0A+     try {%0A+       const response = await apiFetch('/api/trust-loop/remediations', {%0A+         method: 'POST', headers: { 'Content-Type': 'application/json' },%0A+         body: JSON.stringify({ findingId: selected.id, title: selected.title, description: selected.description, priority: selected.severity.toUpperCase() }),%0A+       });%0A+       const body = await response.json().catch(() => ({}));%0A+       if (!response.ok) throw new Error(body?.error || 'SPR could not create the remediation task.');%0A+       setTask(body);%0A+     } catch (cause: any) { setTaskError(cause?.message || 'SPR could not create the remediation task.'); }%0A+     finally { setTaskLoading(false); }%0A+   };%0A+   const transitionTask = async (status: 'IN_PROGRESS' | 'READY_FOR_VERIFICATION') => {%0A+     if (!task || taskLoading) return;%0A+     setTaskLoading(true); setTaskError(null);%0A+     try {%0A+       const response = await apiFetch(`/api/trust-loop/remediations/${encodeURIComponent(task.id)}`, { method: 'PATCH', headers: { 'Content-Type': 'application/json' }, body: JSON.stringify({ status }) });%0A+       const body = await response.json().catch(() => ({}));%0A+       if (!response.ok) throw new Error(body?.error || 'SPR could not update the task.');%0A+       setTask(body);%0A+     } catch (cause: any) { setTaskError(cause?.message || 'SPR could not update the task.'); }%0A+     finally { setTaskLoading(false); }%0A+   };%0A+   // Re-verifies against the most recent trust_observation SPR already has on%0A+   // file for this software -- there is no live "run a check now" job queue,%0A+   // so this is honestly a re-check of existing evidence, not a fresh scan.%0A+   const verifyWithLatestEvidence = async () => {%0A+     if (!task || taskLoading) return;%0A+     setTaskLoading(true); setTaskError(null);%0A+     try {%0A+       const response = await apiFetch(`/api/trust-loop/remediations/${encodeURIComponent(task.id)}/verify-latest`, { method: 'POST' });%0A+       const body = await response.json().catch(() => ({}));%0A+       if (!response.ok) throw new Error(body?.error || 'SPR could not verify this task against current evidence.');%0A+       setTask(body);%0A+     } catch (cause: any) { setTaskError(cause?.message || 'SPR could not verify this task against current evidence.'); }%0A+     finally { setTaskLoading(false); }%0A+   };%0A+%0A+   return <section id="msp-command-center" aria-labelledby="msp-command-center-title">%0A+     <div className="mb-4 flex flex-wrap items-center justify-between gap-3">%0A+       <div>%0A+         <h1 id="msp-command-center-title" className="text-[22px] font-semibold text-[#201f1e]">Who needs you today?</h1>%0A+         <p className="mt-1 text-[13px] text-[#605e5c]">Prioritized work from the evidence and findings SPR currently has on record. A closed task is not a verified fix.</p>%0A+       </div>%0A+       <button type="button" onClick={() => onNavigate('clients')} className="inline-flex h-8 items-center gap-1.5 rounded border border-[#c8c6c4] px-3 text-[13px] font-medium text-[#323130] hover:bg-black/[.03]">%0A+         View all clients <ArrowRight className="h-3.5 w-3.5" />%0A+       </button>%0A+     </div>%0A+%0A+     <div className="mb-4 flex flex-wrap gap-6 rounded-md border border-[#e1dfdd] bg-white p-3">%0A+       <Metric label="Clients" value={clients.length} icon={<Building2 className="h-3.5 w-3.5" />} />%0A+       <Metric label="Healthy" value={Math.max(0, clients.length - criticalClients - attentionClients)} icon={<CheckCircle2 className="h-3.5 w-3.5 text-[#0e700e]" />} />%0A+       <Metric label="Need attention" value={attentionClients} icon={<AlertTriangle className="h-3.5 w-3.5 text-[#8a5700]" />} />%0A+       <Metric label="Critical" value={criticalClients} icon={<ShieldAlert className="h-3.5 w-3.5 text-[#a4262c]" />} />%0A+     </div>%0A+%0A+     <div className="mb-4 rounded-md border border-[#e1dfdd] bg-white">%0A+       <div className="border-b border-[#e1dfdd] px-4 py-3"><h2 className="text-[14px] font-semibold text-[#201f1e]">Cross-client risk</h2><p className="mt-0.5 text-[12px] text-[#605e5c]">Every client ranked by active critical and high findings, with technician assignment.</p></div>%0A+       <div className="overflow-x-auto">%0A+         <table className="w-full min-w-[640px] text-left text-[13px]">%0A+           <thead className="border-b border-[#e1dfdd] text-[11px] uppercase tracking-wide text-[#605e5c]"><tr><th className="px-4 py-2">Client</th><th className="px-4 py-2">Critical</th><th className="px-4 py-2">High</th><th className="px-4 py-2">Active findings</th><th className="px-4 py-2">Assigned technician</th></tr></thead>%0A+           <tbody>%0A+             {clientRiskRollup.map(({ client, activeCount, critical, high, assignment }) => (%0A+               <tr key={client.id} className="border-b border-[#f3f2f1] hover:bg-black/[.02]">%0A+                 <td className="px-4 py-2.5 font-medium text-[#201f1e]">{client.name}</td>%0A+                 <td className="px-4 py-2.5">{critical > 0 ? <span className="rounded border border-[#a4262c]/30 bg-[#fdf2f2] px-1.5 py-0.5 text-[11px] font-semibold text-[#a4262c]">{critical}</span> : <span className="text-[#8a8886]">0</span>}</td>%0A+                 <td className="px-4 py-2.5">{high > 0 ? <span className="rounded border border-[#8a5700]/30 bg-[#fff4ce] px-1.5 py-0.5 text-[11px] font-semibold text-[#8a5700]">{high}</span> : <span className="text-[#8a8886]">0</span>}</td>%0A+                 <td className="px-4 py-2.5 text-[#323130]">{activeCount}</td>%0A+                 <td className="px-4 py-2.5">%0A+                   {assigningClientId === client.id ? (%0A+                     <select autoFocus onBlur={() => setAssigningClientId(null)} onChange={(e) => { const member = team.find((m) => String(m.id) === e.target.value); if (member) void assignTechnician(client.id, member); }} className="h-8 rounded border border-[#c8c6c4] bg-white px-2 text-[12px] text-[#201f1e] focus:border-[#0f6cbd] focus:outline-none focus:ring-1 focus:ring-[#0f6cbd]">%0A+                       <option value="">Select technician…</option>%0A+                       {team.map((member) => <option key={member.id} value={member.id}>{member.displayName || member.email}</option>)}%0A+                     </select>%0A+                   ) : assignment ? (%0A+                     <div className="flex items-center gap-2 text-[12px] text-[#323130]"><User className="h-3 w-3 text-[#8a8886]" />{assignment.technician_display}%0A+                       {canAssign && <button type="button" onClick={() => void unassignTechnician(client.id)} className="text-[#8a8886] hover:text-[#a4262c]">×</button>}%0A+                       {canAssign && <button type="button" onClick={() => setAssigningClientId(client.id)} className="text-[#0f6cbd] hover:text-[#004578]">change</button>}%0A+                     </div>%0A+                   ) : canAssign ? (%0A+                     <button type="button" onClick={() => setAssigningClientId(client.id)} className="rounded border border-[#c8c6c4] px-2 py-1 text-[12px] text-[#605e5c] hover:bg-black/[.03]">Assign…</button>%0A+                   ) : <span className="text-[12px] text-[#8a8886]">Unassigned</span>}%0A+                 </td>%0A+               </tr>%0A+             ))}%0A+           </tbody>%0A+         </table>%0A+       </div>%0A+     </div>%0A+%0A+     <div className="rounded-md border border-[#e1dfdd] bg-white">%0A+       <div className="flex flex-col gap-2 border-b border-[#e1dfdd] px-4 py-3 sm:flex-row sm:items-center sm:justify-between">%0A+         <div><h2 className="text-[14px] font-semibold text-[#201f1e]">Clients needing action</h2><p className="mt-0.5 text-[12px] text-[#605e5c]">Most urgent first, based on active recorded findings.</p></div>%0A+         <span className="w-fit rounded border border-[#c8c6c4] bg-[#faf9f8] px-2 py-0.5 text-[11px] font-medium text-[#605e5c]">{attention.length} active findings</span>%0A+       </div>%0A+       {attention.length ? <div>%0A+         {attention.map(alert => {%0A+           const client = clients.find(item => item.name === alert.clientName);%0A+           return <article key={alert.id} className="grid gap-3 border-b border-[#f3f2f1] px-4 py-3 last:border-b-0 lg:grid-cols-[minmax(180px,0.8fr)_minmax(260px,1.5fr)_auto] lg:items-center">%0A+             <div>%0A+               <p className="font-medium text-[#201f1e]">{alert.clientName}</p>%0A+               <p className="mt-0.5 text-[11px] text-[#8a8886]">Observed {alert.timestamp}</p>%0A+             </div>%0A+             <div>%0A+               <div className="mb-1.5 flex flex-wrap gap-1.5"><span className={`rounded border px-1.5 py-0.5 text-[11px] font-semibold ${severityClass(alert.severity)}`}>{alert.severity}</span><span className="rounded bg-[#f3f2f1] px-1.5 py-0.5 text-[11px] text-[#605e5c]">{alert.category}</span></div>%0A+               <p className="text-[13px] font-medium text-[#201f1e]">{alert.title}</p><p className="mt-0.5 text-[12px] leading-5 text-[#605e5c]">{alert.description}</p>%0A+             </div>%0A+             <div className="flex gap-2 lg:flex-col"><button type="button" onClick={() => setSelected(alert)} className="inline-flex h-8 items-center justify-center gap-1.5 rounded bg-[#0f6cbd] px-3 text-[13px] font-medium text-white hover:bg-[#004578]">Investigate <ArrowRight className="h-3.5 w-3.5" /></button>{client && <button type="button" onClick={() => onSelectClient(client.id)} className="h-8 rounded border border-[#c8c6c4] px-3 text-[13px] font-medium text-[#323130] hover:bg-black/[.03]">Client</button>}</div>%0A+           </article>;%0A+         })}%0A+       </div> : <div className="px-6 py-10 text-center"><CheckCircle2 className="mx-auto h-6 w-6 text-[#0e700e]" /><h3 className="mt-2 text-[13px] font-semibold text-[#201f1e]">No clients need attention</h3><p className="mt-1 text-[12px] text-[#605e5c]">Your monitored clients currently have no active recorded findings requiring action.</p></div>}%0A+     </div>%0A+%0A+     {selected && <div className="fixed inset-0 z-50 flex items-end bg-black/40 p-0 md:items-center md:justify-center md:p-6" role="dialog" aria-modal="true" aria-labelledby="finding-title">%0A+       <div className="max-h-[92vh] w-full max-w-2xl overflow-y-auto rounded-t-md border border-[#e1dfdd] bg-white p-5 md:rounded-md"><div className="flex items-start justify-between gap-4"><div><p className="text-[11px] font-semibold uppercase tracking-wide text-[#605e5c]">Finding detail · Explain this</p><h2 id="finding-title" className="mt-1 text-[18px] font-semibold text-[#201f1e]">{selected.title}</h2></div><button type="button" onClick={() => setSelected(null)} aria-label="Close finding" className="rounded p-1.5 text-[#605e5c] hover:bg-black/[.05]"><X className="h-4 w-4" /></button></div>%0A+         {findingError && <div role="alert" className="mt-4 rounded-md border border-[#a4262c]/30 bg-[#fdf2f2] p-3 text-[13px] text-[#a4262c]"><p className="font-semibold">Finding detail unavailable</p><p className="mt-0.5">{findingError}</p></div>}%0A+         {finding && <><div className="mt-4 grid gap-3 sm:grid-cols-2"><Detail label="Client" value={selected.clientName} /><Detail label="Severity and status" value={`${finding.severity} — ${finding.status}`} /><Detail label="First observed" value={formatStoredTime(finding.created_at)} /><Detail label="Last observed" value={formatStoredTime(finding.updated_at)} /></div>%0A+         <section className="mt-3 rounded-md border border-[#e1dfdd] bg-[#faf9f8] p-3"><h3 className="text-[13px] font-semibold text-[#201f1e]">Observed</h3><p className="mt-1 text-[13px] leading-6 text-[#323130]">{finding.description || 'No observation description is available.'}</p></section><div className="mt-3 grid gap-3 sm:grid-cols-2"><Detail label="Why it matters" value="Review this recorded finding with its evidence before choosing remediation." /><Detail label="What you can do" value="Create a remediation task, then collect a new observation before treating the finding as resolved." /></div>%0A+         <section className="mt-3 rounded-md border border-[#e1dfdd] bg-[#faf9f8] p-3"><h3 className="text-[13px] font-semibold text-[#201f1e]">Evidence chain</h3><p className="mt-0.5 text-[11px] text-[#8a8886]">Finding → observed artifact → source evidence → verification time</p>{evidenceList(finding.evidence_ids).length ? <ul className="mt-3 space-y-1.5">{evidenceList(finding.evidence_ids).map((id: string) => <li key={id} className="rounded border border-[#e1dfdd] bg-white px-2.5 py-1.5 font-mono text-[11px] text-[#323130]">Evidence reference: {id}</li>)}</ul> : <p className="mt-3 text-[13px] text-[#605e5c]">Evidence unavailable. This finding has no stored evidence references.</p>}</section></>}%0A+         {taskError && <p role="alert" className="mt-3 text-[13px] text-[#a4262c]">{taskError}</p>}%0A+         {task && <section className="mt-3 rounded-md border border-[#0f6cbd]/30 bg-[#eff6fc] p-3"><p className="text-[11px] font-semibold uppercase tracking-wide text-[#0f6cbd]">Remediation task</p><p className="mt-1 text-[13px] font-semibold text-[#201f1e]">{task.title}</p><p className="mt-0.5 text-[12px] text-[#323130]">{task.status.replaceAll('_', ' ')} · created {formatStoredTime(task.created_at)}</p>{task.status === 'OPEN' && <button type="button" onClick={() => void transitionTask('IN_PROGRESS')} disabled={taskLoading} className="mt-3 inline-flex h-8 items-center rounded bg-[#0f6cbd] px-3 text-[13px] font-medium text-white hover:bg-[#004578] disabled:opacity-50">{taskLoading ? 'Updating task…' : 'Start remediation'}</button>}{task.status === 'IN_PROGRESS' && <button type="button" onClick={() => void transitionTask('READY_FOR_VERIFICATION')} disabled={taskLoading} className="mt-3 inline-flex h-8 items-center rounded bg-[#0f6cbd] px-3 text-[13px] font-medium text-white hover:bg-[#004578] disabled:opacity-50">{taskLoading ? 'Updating task…' : 'Mark ready for verification'}</button>}{task.status === 'READY_FOR_VERIFICATION' && <div className="mt-2"><p className="text-[13px] text-[#8a5700]">Remediation marked complete. Verification required.</p><p className="mt-0.5 text-[11px] text-[#605e5c]">Re-checks the most recent evidence SPR already has on file for this software — this is not a live scan.</p><button type="button" onClick={() => void verifyWithLatestEvidence()} disabled={taskLoading} className="mt-2 inline-flex h-8 items-center rounded bg-[#0f6cbd] px-3 text-[13px] font-medium text-white hover:bg-[#004578] disabled:opacity-50">{taskLoading ? 'Verifying…' : 'Verify with latest evidence'}</button></div>}{task.status === 'VERIFIED' && <p className="mt-2 text-[13px] text-[#0e700e]">Verified against evidence SPR collected. The underlying finding is now marked resolved.</p>}</section>}%0A+         <div className="mt-4 flex flex-wrap gap-2"><button type="button" onClick={() => { setSelected(null); onNavigate('alerts'); }} disabled={!finding} className="inline-flex h-8 items-center gap-1.5 rounded bg-[#0f6cbd] px-3 text-[13px] font-medium text-white hover:bg-[#004578] disabled:opacity-50"><FileSearch className="h-3.5 w-3.5" /> Show evidence</button>{task ? <span className="inline-flex h-8 items-center rounded border border-[#c8c6c4] px-3 text-[13px] font-medium text-[#323130]">Task created</span> : <button type="button" onClick={() => void createTask()} disabled={!finding || taskLoading} className="inline-flex h-8 items-center rounded border border-[#c8c6c4] px-3 text-[13px] font-medium text-[#323130] hover:bg-black/[.03] disabled:opacity-50">{taskLoading ? 'Creating task…' : 'Create remediation task'}</button>}</div>%0A+       </div>%0A+     </div>}%0A+   </section>;%0A+ }%0A+%0A+ function Metric({ label, value, icon }: { label: string; value: number; icon: React.ReactNode }) { return <div className="flex items-center gap-1.5">{icon}<div><div className="text-[11px] text-[#605e5c]">{label}</div><div className="text-lg font-semibold text-[#201f1e]">{value}</div></div></div>; }%0A+ function Detail({ label, value }: { label: string; value: string }) { return <div className="rounded-md border border-[#e1dfdd] bg-[#faf9f8] p-3"><p className="text-[11px] font-semibold uppercase tracking-wide text-[#605e5c]">{label}</p><p className="mt-1 text-[13px] leading-5 text-[#201f1e]">{value}</p></div>; }%0A+ function formatStoredTime(value?: string | null) { return value ? new Date(value).toLocaleString() : 'Not observed'; }%0A+ function evidenceList(value?: string | null) { try { const parsed = JSON.parse(value || '[]'); return Array.isArray(parsed) ? parsed.filter((item): item is string => typeof item === 'string') : []; } catch { return []; } }%0A+%0A%0A ❯ tests/trust-network-contract.test.ts:88:15%0A%0A

::error file=/home/runner/work/software-passport-registry/software-passport-registry/tests/trust-network-contract.test.ts,title=tests/trust-network-contract.test.ts > Trust Network never fabricates counts%2C scores%2C or history > Recent Observations comes only from real passport.timeline entries%2C with an honest empty state,line=96,column=15::AssertionError: expected 'import React, { useEffect, useMemo, u…' to contain 'for (const entry of passport.timeline…'%0A%0A- Expected%0A+ Received%0A%0A- for (const entry of passport.timeline || [])%0A+ import React, { useEffect, useMemo, useState } from 'react';%0A+ import { AlertTriangle, ArrowRight, Building2, CheckCircle2, FileSearch, ShieldAlert, User, X } from 'lucide-react';%0A+ import { Alert, Client } from '../types';%0A+ import { apiFetch } from '../utils/apiClient';%0A+ import type { VerificationDecision } from '../lib/verification/evaluateVerification';%0A+%0A+ interface Props {%0A+   clients: Client[];%0A+   alerts: Alert[];%0A+   findings: any[];%0A+   role?: string;%0A+   onSelectClient: (id: string) => void;%0A+   onSelectPassport?: (passportId: string) => void;%0A+   onNavigate: (tab: string) => void;%0A+   verificationDecisions?: Record<string, VerificationDecision>;%0A+   verificationDetails?: Record<string, unknown>;%0A+ }%0A+%0A+ type Assignment = { id: string; client_id: string; technician_display: string; assigned_by: string; updated_at: string };%0A+ type TeamMember = { id: number; email: string; displayName?: string | null; role: string };%0A+%0A+ const severityClass = (severity: Alert['severity']) => severity === 'Critical'%0A+   ? 'border-[#a4262c]/30 bg-[#fdf2f2] text-[#a4262c]'%0A+   : severity === 'High' ? 'border-[#8a5700]/30 bg-[#fff4ce] text-[#8a5700]'%0A+   : 'border-[#0f6cbd]/30 bg-[#eff6fc] text-[#0f6cbd]';%0A+%0A+ export default function MSPCommandCenter({ clients, alerts, findings, role = 'Viewer', onSelectClient, onNavigate, onSelectPassport, verificationDecisions = {}, verificationDetails = {} }: Props) {%0A+   const [selected, setSelected] = useState<Alert | null>(null);%0A+   const [assignments, setAssignments] = useState<Assignment[]>([]);%0A+   const [team, setTeam] = useState<TeamMember[]>([]);%0A+   const [assigningClientId, setAssigningClientId] = useState<string | null>(null);%0A+   const canAssign = role === 'Owner' || role === 'Admin';%0A+   const trustStateFromDecision = (decision?: VerificationDecision) => decision?.state ?? 'UNINITIALIZED';%0A+   const trustStateForPassportItem = (item: { passportId: string }) => trustStateFromDecision(verificationDecisions?.[item.passportId]);%0A+   const selectPassport = (passportId: string) => { onSelectPassport?.(passportId); };%0A+   const passportDecision = (passport: { id: string }) => { const decision = verificationDecisions?.[passport.id]; return decision; };%0A+   void verificationDetails;%0A+%0A+   const loadAssignments = () => { apiFetch('/api/msp/assignments').then((r) => r.ok ? r.json() : null).then((data) => { if (Array.isArray(data?.assignments)) setAssignments(data.assignments); }).catch(() => {}); };%0A+   useEffect(() => { loadAssignments(); apiFetch('/api/organization/team').then((r) => r.ok ? r.json() : null).then((data) => { if (Array.isArray(data)) setTeam(data); }).catch(() => {}); }, []);%0A+%0A+   const assignmentByClient = useMemo(() => new Map(assignments.map((a) => [a.client_id, a])), [assignments]);%0A+   const assignTechnician = async (clientId: string, member: TeamMember) => {%0A+     const response = await apiFetch('/api/msp/assignments', { method: 'PUT', headers: { 'Content-Type': 'application/json' }, body: JSON.stringify({ clientId, technicianUserId: member.id, technicianDisplay: member.displayName || member.email }) });%0A+     if (response.ok) { loadAssignments(); setAssigningClientId(null); }%0A+   };%0A+   const unassignTechnician = async (clientId: string) => {%0A+     const response = await apiFetch(`/api/msp/assignments/${encodeURIComponent(clientId)}`, { method: 'DELETE' });%0A+     if (response.ok) loadAssignments();%0A+   };%0A+%0A+   const clientRiskRollup = useMemo(() => clients.map((client) => {%0A+     const clientAlerts = alerts.filter((a) => a.clientName === client.name);%0A+     const active = clientAlerts.filter((a) => a.status !== 'Resolved' && a.status !== 'Cancelled');%0A+     const critical = active.filter((a) => a.severity === 'Critical').length;%0A+     const high = active.filter((a) => a.severity === 'High').length;%0A+     return { client, activeCount: active.length, critical, high, assignment: assignmentByClient.get(client.id) };%0A+   }).sort((a, b) => (b.critical - a.critical) || (b.high - a.high) || (b.activeCount - a.activeCount)), [clients, alerts, assignmentByClient]);%0A+   // Sourced from the same /api/trust-loop/findings data App.tsx already fetched%0A+   // to build `alerts` -- no second network round trip for finding detail.%0A+   const finding = useMemo(() => selected ? findings.find((item: any) => String(item.id) === selected.id) || null : null, [selected?.id, findings]);%0A+   const findingError = selected && !finding ? 'Finding details are unavailable.' : null;%0A+   const [task, setTask] = useState<any | null>(null);%0A+   const [taskLoading, setTaskLoading] = useState(false);%0A+   const [taskError, setTaskError] = useState<string | null>(null);%0A+   const attention = useMemo(() => alerts.filter(item => item.status === 'Active').sort((a, b) => {%0A+     const rank = { Critical: 3, High: 2, Medium: 1, Low: 0 };%0A+     return rank[b.severity] - rank[a.severity];%0A+   }), [alerts]);%0A+   const criticalClients = new Set(attention.filter(item => item.severity === 'Critical').map(item => item.clientName)).size;%0A+   const attentionClients = new Set(attention.filter(item => item.severity !== 'Critical').map(item => item.clientName)).size;%0A+   // A remediation may already exist for this finding (created from the Alerts%0A+   // view via the same /api/trust-loop/remediations backend) -- load it by the%0A+   // id the findings join already gives us instead of scanning a task list.%0A+   useEffect(() => {%0A+     setTask(null); setTaskError(null);%0A+     if (!selected?.remediationId) return;%0A+     let cancelled = false;%0A+     apiFetch(`/api/trust-loop/remediations/${encodeURIComponent(selected.remediationId)}`).then(response => response.ok ? response.json() : null).then(data => { if (!cancelled && data) setTask(data); }).catch(() => {});%0A+     return () => { cancelled = true; };%0A+   }, [selected?.id, selected?.remediationId]);%0A+   const createTask = async () => {%0A+     if (!selected || !finding || taskLoading) return;%0A+     setTaskLoading(true); setTaskError(null);%0A+     try {%0A+       const response = await apiFetch('/api/trust-loop/remediations', {%0A+         method: 'POST', headers: { 'Content-Type': 'application/json' },%0A+         body: JSON.stringify({ findingId: selected.id, title: selected.title, description: selected.description, priority: selected.severity.toUpperCase() }),%0A+       });%0A+       const body = await response.json().catch(() => ({}));%0A+       if (!response.ok) throw new Error(body?.error || 'SPR could not create the remediation task.');%0A+       setTask(body);%0A+     } catch (cause: any) { setTaskError(cause?.message || 'SPR could not create the remediation task.'); }%0A+     finally { setTaskLoading(false); }%0A+   };%0A+   const transitionTask = async (status: 'IN_PROGRESS' | 'READY_FOR_VERIFICATION') => {%0A+     if (!task || taskLoading) return;%0A+     setTaskLoading(true); setTaskError(null);%0A+     try {%0A+       const response = await apiFetch(`/api/trust-loop/remediations/${encodeURIComponent(task.id)}`, { method: 'PATCH', headers: { 'Content-Type': 'application/json' }, body: JSON.stringify({ status }) });%0A+       const body = await response.json().catch(() => ({}));%0A+       if (!response.ok) throw new Error(body?.error || 'SPR could not update the task.');%0A+       setTask(body);%0A+     } catch (cause: any) { setTaskError(cause?.message || 'SPR could not update the task.'); }%0A+     finally { setTaskLoading(false); }%0A+   };%0A+   // Re-verifies against the most recent trust_observation SPR already has on%0A+   // file for this software -- there is no live "run a check now" job queue,%0A+   // so this is honestly a re-check of existing evidence, not a fresh scan.%0A+   const verifyWithLatestEvidence = async () => {%0A+     if (!task || taskLoading) return;%0A+     setTaskLoading(true); setTaskError(null);%0A+     try {%0A+       const response = await apiFetch(`/api/trust-loop/remediations/${encodeURIComponent(task.id)}/verify-latest`, { method: 'POST' });%0A+       const body = await response.json().catch(() => ({}));%0A+       if (!response.ok) throw new Error(body?.error || 'SPR could not verify this task against current evidence.');%0A+       setTask(body);%0A+     } catch (cause: any) { setTaskError(cause?.message || 'SPR could not verify this task against current evidence.'); }%0A+     finally { setTaskLoading(false); }%0A+   };%0A+%0A+   return <section id="msp-command-center" aria-labelledby="msp-command-center-title">%0A+     <div className="mb-4 flex flex-wrap items-center justify-between gap-3">%0A+       <div>%0A+         <h1 id="msp-command-center-title" className="text-[22px] font-semibold text-[#201f1e]">Who needs you today?</h1>%0A+         <p className="mt-1 text-[13px] text-[#605e5c]">Prioritized work from the evidence and findings SPR currently has on record. A closed task is not a verified fix.</p>%0A+       </div>%0A+       <button type="button" onClick={() => onNavigate('clients')} className="inline-flex h-8 items-center gap-1.5 rounded border border-[#c8c6c4] px-3 text-[13px] font-medium text-[#323130] hover:bg-black/[.03]">%0A+         View all clients <ArrowRight className="h-3.5 w-3.5" />%0A+       </button>%0A+     </div>%0A+%0A+     <div className="mb-4 flex flex-wrap gap-6 rounded-md border border-[#e1dfdd] bg-white p-3">%0A+       <Metric label="Clients" value={clients.length} icon={<Building2 className="h-3.5 w-3.5" />} />%0A+       <Metric label="Healthy" value={Math.max(0, clients.length - criticalClients - attentionClients)} icon={<CheckCircle2 className="h-3.5 w-3.5 text-[#0e700e]" />} />%0A+       <Metric label="Need attention" value={attentionClients} icon={<AlertTriangle className="h-3.5 w-3.5 text-[#8a5700]" />} />%0A+       <Metric label="Critical" value={criticalClients} icon={<ShieldAlert className="h-3.5 w-3.5 text-[#a4262c]" />} />%0A+     </div>%0A+%0A+     <div className="mb-4 rounded-md border border-[#e1dfdd] bg-white">%0A+       <div className="border-b border-[#e1dfdd] px-4 py-3"><h2 className="text-[14px] font-semibold text-[#201f1e]">Cross-client risk</h2><p className="mt-0.5 text-[12px] text-[#605e5c]">Every client ranked by active critical and high findings, with technician assignment.</p></div>%0A+       <div className="overflow-x-auto">%0A+         <table className="w-full min-w-[640px] text-left text-[13px]">%0A+           <thead className="border-b border-[#e1dfdd] text-[11px] uppercase tracking-wide text-[#605e5c]"><tr><th className="px-4 py-2">Client</th><th className="px-4 py-2">Critical</th><th className="px-4 py-2">High</th><th className="px-4 py-2">Active findings</th><th className="px-4 py-2">Assigned technician</th></tr></thead>%0A+           <tbody>%0A+             {clientRiskRollup.map(({ client, activeCount, critical, high, assignment }) => (%0A+               <tr key={client.id} className="border-b border-[#f3f2f1] hover:bg-black/[.02]">%0A+                 <td className="px-4 py-2.5 font-medium text-[#201f1e]">{client.name}</td>%0A+                 <td className="px-4 py-2.5">{critical > 0 ? <span className="rounded border border-[#a4262c]/30 bg-[#fdf2f2] px-1.5 py-0.5 text-[11px] font-semibold text-[#a4262c]">{critical}</span> : <span className="text-[#8a8886]">0</span>}</td>%0A+                 <td className="px-4 py-2.5">{high > 0 ? <span className="rounded border border-[#8a5700]/30 bg-[#fff4ce] px-1.5 py-0.5 text-[11px] font-semibold text-[#8a5700]">{high}</span> : <span className="text-[#8a8886]">0</span>}</td>%0A+                 <td className="px-4 py-2.5 text-[#323130]">{activeCount}</td>%0A+                 <td className="px-4 py-2.5">%0A+                   {assigningClientId === client.id ? (%0A+                     <select autoFocus onBlur={() => setAssigningClientId(null)} onChange={(e) => { const member = team.find((m) => String(m.id) === e.target.value); if (member) void assignTechnician(client.id, member); }} className="h-8 rounded border border-[#c8c6c4] bg-white px-2 text-[12px] text-[#201f1e] focus:border-[#0f6cbd] focus:outline-none focus:ring-1 focus:ring-[#0f6cbd]">%0A+                       <option value="">Select technician…</option>%0A+                       {team.map((member) => <option key={member.id} value={member.id}>{member.displayName || member.email}</option>)}%0A+                     </select>%0A+                   ) : assignment ? (%0A+                     <div className="flex items-center gap-2 text-[12px] text-[#323130]"><User className="h-3 w-3 text-[#8a8886]" />{assignment.technician_display}%0A+                       {canAssign && <button type="button" onClick={() => void unassignTechnician(client.id)} className="text-[#8a8886] hover:text-[#a4262c]">×</button>}%0A+                       {canAssign && <button type="button" onClick={() => setAssigningClientId(client.id)} className="text-[#0f6cbd] hover:text-[#004578]">change</button>}%0A+                     </div>%0A+                   ) : canAssign ? (%0A+                     <button type="button" onClick={() => setAssigningClientId(client.id)} className="rounded border border-[#c8c6c4] px-2 py-1 text-[12px] text-[#605e5c] hover:bg-black/[.03]">Assign…</button>%0A+                   ) : <span className="text-[12px] text-[#8a8886]">Unassigned</span>}%0A+                 </td>%0A+               </tr>%0A+             ))}%0A+           </tbody>%0A+         </table>%0A+       </div>%0A+     </div>%0A+%0A+     <div className="rounded-md border border-[#e1dfdd] bg-white">%0A+       <div className="flex flex-col gap-2 border-b border-[#e1dfdd] px-4 py-3 sm:flex-row sm:items-center sm:justify-between">%0A+         <div><h2 className="text-[14px] font-semibold text-[#201f1e]">Clients needing action</h2><p className="mt-0.5 text-[12px] text-[#605e5c]">Most urgent first, based on active recorded findings.</p></div>%0A+         <span className="w-fit rounded border border-[#c8c6c4] bg-[#faf9f8] px-2 py-0.5 text-[11px] font-medium text-[#605e5c]">{attention.length} active findings</span>%0A+       </div>%0A+       {attention.length ? <div>%0A+         {attention.map(alert => {%0A+           const client = clients.find(item => item.name === alert.clientName);%0A+           return <article key={alert.id} className="grid gap-3 border-b border-[#f3f2f1] px-4 py-3 last:border-b-0 lg:grid-cols-[minmax(180px,0.8fr)_minmax(260px,1.5fr)_auto] lg:items-center">%0A+             <div>%0A+               <p className="font-medium text-[#201f1e]">{alert.clientName}</p>%0A+               <p className="mt-0.5 text-[11px] text-[#8a8886]">Observed {alert.timestamp}</p>%0A+             </div>%0A+             <div>%0A+               <div className="mb-1.5 flex flex-wrap gap-1.5"><span className={`rounded border px-1.5 py-0.5 text-[11px] font-semibold ${severityClass(alert.severity)}`}>{alert.severity}</span><span className="rounded bg-[#f3f2f1] px-1.5 py-0.5 text-[11px] text-[#605e5c]">{alert.category}</span></div>%0A+               <p className="text-[13px] font-medium text-[#201f1e]">{alert.title}</p><p className="mt-0.5 text-[12px] leading-5 text-[#605e5c]">{alert.description}</p>%0A+             </div>%0A+             <div className="flex gap-2 lg:flex-col"><button type="button" onClick={() => setSelected(alert)} className="inline-flex h-8 items-center justify-center gap-1.5 rounded bg-[#0f6cbd] px-3 text-[13px] font-medium text-white hover:bg-[#004578]">Investigate <ArrowRight className="h-3.5 w-3.5" /></button>{client && <button type="button" onClick={() => onSelectClient(client.id)} className="h-8 rounded border border-[#c8c6c4] px-3 text-[13px] font-medium text-[#323130] hover:bg-black/[.03]">Client</button>}</div>%0A+           </article>;%0A+         })}%0A+       </div> : <div className="px-6 py-10 text-center"><CheckCircle2 className="mx-auto h-6 w-6 text-[#0e700e]" /><h3 className="mt-2 text-[13px] font-semibold text-[#201f1e]">No clients need attention</h3><p className="mt-1 text-[12px] text-[#605e5c]">Your monitored clients currently have no active recorded findings requiring action.</p></div>}%0A+     </div>%0A+%0A+     {selected && <div className="fixed inset-0 z-50 flex items-end bg-black/40 p-0 md:items-center md:justify-center md:p-6" role="dialog" aria-modal="true" aria-labelledby="finding-title">%0A+       <div className="max-h-[92vh] w-full max-w-2xl overflow-y-auto rounded-t-md border border-[#e1dfdd] bg-white p-5 md:rounded-md"><div className="flex items-start justify-between gap-4"><div><p className="text-[11px] font-semibold uppercase tracking-wide text-[#605e5c]">Finding detail · Explain this</p><h2 id="finding-title" className="mt-1 text-[18px] font-semibold text-[#201f1e]">{selected.title}</h2></div><button type="button" onClick={() => setSelected(null)} aria-label="Close finding" className="rounded p-1.5 text-[#605e5c] hover:bg-black/[.05]"><X className="h-4 w-4" /></button></div>%0A+         {findingError && <div role="alert" className="mt-4 rounded-md border border-[#a4262c]/30 bg-[#fdf2f2] p-3 text-[13px] text-[#a4262c]"><p className="font-semibold">Finding detail unavailable</p><p className="mt-0.5">{findingError}</p></div>}%0A+         {finding && <><div className="mt-4 grid gap-3 sm:grid-cols-2"><Detail label="Client" value={selected.clientName} /><Detail label="Severity and status" value={`${finding.severity} — ${finding.status}`} /><Detail label="First observed" value={formatStoredTime(finding.created_at)} /><Detail label="Last observed" value={formatStoredTime(finding.updated_at)} /></div>%0A+         <section className="mt-3 rounded-md border border-[#e1dfdd] bg-[#faf9f8] p-3"><h3 className="text-[13px] font-semibold text-[#201f1e]">Observed</h3><p className="mt-1 text-[13px] leading-6 text-[#323130]">{finding.description || 'No observation description is available.'}</p></section><div className="mt-3 grid gap-3 sm:grid-cols-2"><Detail label="Why it matters" value="Review this recorded finding with its evidence before choosing remediation." /><Detail label="What you can do" value="Create a remediation task, then collect a new observation before treating the finding as resolved." /></div>%0A+         <section className="mt-3 rounded-md border border-[#e1dfdd] bg-[#faf9f8] p-3"><h3 className="text-[13px] font-semibold text-[#201f1e]">Evidence chain</h3><p className="mt-0.5 text-[11px] text-[#8a8886]">Finding → observed artifact → source evidence → verification time</p>{evidenceList(finding.evidence_ids).length ? <ul className="mt-3 space-y-1.5">{evidenceList(finding.evidence_ids).map((id: string) => <li key={id} className="rounded border border-[#e1dfdd] bg-white px-2.5 py-1.5 font-mono text-[11px] text-[#323130]">Evidence reference: {id}</li>)}</ul> : <p className="mt-3 text-[13px] text-[#605e5c]">Evidence unavailable. This finding has no stored evidence references.</p>}</section></>}%0A+         {taskError && <p role="alert" className="mt-3 text-[13px] text-[#a4262c]">{taskError}</p>}%0A+         {task && <section className="mt-3 rounded-md border border-[#0f6cbd]/30 bg-[#eff6fc] p-3"><p className="text-[11px] font-semibold uppercase tracking-wide text-[#0f6cbd]">Remediation task</p><p className="mt-1 text-[13px] font-semibold text-[#201f1e]">{task.title}</p><p className="mt-0.5 text-[12px] text-[#323130]">{task.status.replaceAll('_', ' ')} · created {formatStoredTime(task.created_at)}</p>{task.status === 'OPEN' && <button type="button" onClick={() => void transitionTask('IN_PROGRESS')} disabled={taskLoading} className="mt-3 inline-flex h-8 items-center rounded bg-[#0f6cbd] px-3 text-[13px] font-medium text-white hover:bg-[#004578] disabled:opacity-50">{taskLoading ? 'Updating task…' : 'Start remediation'}</button>}{task.status === 'IN_PROGRESS' && <button type="button" onClick={() => void transitionTask('READY_FOR_VERIFICATION')} disabled={taskLoading} className="mt-3 inline-flex h-8 items-center rounded bg-[#0f6cbd] px-3 text-[13px] font-medium text-white hover:bg-[#004578] disabled:opacity-50">{taskLoading ? 'Updating task…' : 'Mark ready for verification'}</button>}{task.status === 'READY_FOR_VERIFICATION' && <div className="mt-2"><p className="text-[13px] text-[#8a5700]">Remediation marked complete. Verification required.</p><p className="mt-0.5 text-[11px] text-[#605e5c]">Re-checks the most recent evidence SPR already has on file for this software — this is not a live scan.</p><button type="button" onClick={() => void verifyWithLatestEvidence()} disabled={taskLoading} className="mt-2 inline-flex h-8 items-center rounded bg-[#0f6cbd] px-3 text-[13px] font-medium text-white hover:bg-[#004578] disabled:opacity-50">{taskLoading ? 'Verifying…' : 'Verify with latest evidence'}</button></div>}{task.status === 'VERIFIED' && <p className="mt-2 text-[13px] text-[#0e700e]">Verified against evidence SPR collected. The underlying finding is now marked resolved.</p>}</section>}%0A+         <div className="mt-4 flex flex-wrap gap-2"><button type="button" onClick={() => { setSelected(null); onNavigate('alerts'); }} disabled={!finding} className="inline-flex h-8 items-center gap-1.5 rounded bg-[#0f6cbd] px-3 text-[13px] font-medium text-white hover:bg-[#004578] disabled:opacity-50"><FileSearch className="h-3.5 w-3.5" /> Show evidence</button>{task ? <span className="inline-flex h-8 items-center rounded border border-[#c8c6c4] px-3 text-[13px] font-medium text-[#323130]">Task created</span> : <button type="button" onClick={() => void createTask()} disabled={!finding || taskLoading} className="inline-flex h-8 items-center rounded border border-[#c8c6c4] px-3 text-[13px] font-medium text-[#323130] hover:bg-black/[.03] disabled:opacity-50">{taskLoading ? 'Creating task…' : 'Create remediation task'}</button>}</div>%0A+       </div>%0A+     </div>}%0A+   </section>;%0A+ }%0A+%0A+ function Metric({ label, value, icon }: { label: string; value: number; icon: React.ReactNode }) { return <div className="flex items-center gap-1.5">{icon}<div><div className="text-[11px] text-[#605e5c]">{label}</div><div className="text-lg font-semibold text-[#201f1e]">{value}</div></div></div>; }%0A+ function Detail({ label, value }: { label: string; value: string }) { return <div className="rounded-md border border-[#e1dfdd] bg-[#faf9f8] p-3"><p className="text-[11px] font-semibold uppercase tracking-wide text-[#605e5c]">{label}</p><p className="mt-1 text-[13px] leading-5 text-[#201f1e]">{value}</p></div>; }%0A+ function formatStoredTime(value?: string | null) { return value ? new Date(value).toLocaleString() : 'Not observed'; }%0A+ function evidenceList(value?: string | null) { try { const parsed = JSON.parse(value || '[]'); return Array.isArray(parsed) ? parsed.filter((item): item is string => typeof item === 'string') : []; } catch { return []; } }%0A+%0A%0A ❯ tests/trust-network-contract.test.ts:96:15%0A%0A

::error file=/home/runner/work/software-passport-registry/software-passport-registry/tests/trust-network-contract.test.ts,title=tests/trust-network-contract.test.ts > Trust Network never fabricates counts%2C scores%2C or history > the Trust Network map is built from each client's real softwareInventory joined to real passport verification state%2C with an honest fallback for unresolved software,line=102,column=15::AssertionError: expected 'import React, { useEffect, useMemo, u…' to contain 'client.softwareInventory || []'%0A%0A- Expected%0A+ Received%0A%0A- client.softwareInventory || []%0A+ import React, { useEffect, useMemo, useState } from 'react';%0A+ import { AlertTriangle, ArrowRight, Building2, CheckCircle2, FileSearch, ShieldAlert, User, X } from 'lucide-react';%0A+ import { Alert, Client } from '../types';%0A+ import { apiFetch } from '../utils/apiClient';%0A+ import type { VerificationDecision } from '../lib/verification/evaluateVerification';%0A+%0A+ interface Props {%0A+   clients: Client[];%0A+   alerts: Alert[];%0A+   findings: any[];%0A+   role?: string;%0A+   onSelectClient: (id: string) => void;%0A+   onSelectPassport?: (passportId: string) => void;%0A+   onNavigate: (tab: string) => void;%0A+   verificationDecisions?: Record<string, VerificationDecision>;%0A+   verificationDetails?: Record<string, unknown>;%0A+ }%0A+%0A+ type Assignment = { id: string; client_id: string; technician_display: string; assigned_by: string; updated_at: string };%0A+ type TeamMember = { id: number; email: string; displayName?: string | null; role: string };%0A+%0A+ const severityClass = (severity: Alert['severity']) => severity === 'Critical'%0A+   ? 'border-[#a4262c]/30 bg-[#fdf2f2] text-[#a4262c]'%0A+   : severity === 'High' ? 'border-[#8a5700]/30 bg-[#fff4ce] text-[#8a5700]'%0A+   : 'border-[#0f6cbd]/30 bg-[#eff6fc] text-[#0f6cbd]';%0A+%0A+ export default function MSPCommandCenter({ clients, alerts, findings, role = 'Viewer', onSelectClient, onNavigate, onSelectPassport, verificationDecisions = {}, verificationDetails = {} }: Props) {%0A+   const [selected, setSelected] = useState<Alert | null>(null);%0A+   const [assignments, setAssignments] = useState<Assignment[]>([]);%0A+   const [team, setTeam] = useState<TeamMember[]>([]);%0A+   const [assigningClientId, setAssigningClientId] = useState<string | null>(null);%0A+   const canAssign = role === 'Owner' || role === 'Admin';%0A+   const trustStateFromDecision = (decision?: VerificationDecision) => decision?.state ?? 'UNINITIALIZED';%0A+   const trustStateForPassportItem = (item: { passportId: string }) => trustStateFromDecision(verificationDecisions?.[item.passportId]);%0A+   const selectPassport = (passportId: string) => { onSelectPassport?.(passportId); };%0A+   const passportDecision = (passport: { id: string }) => { const decision = verificationDecisions?.[passport.id]; return decision; };%0A+   void verificationDetails;%0A+%0A+   const loadAssignments = () => { apiFetch('/api/msp/assignments').then((r) => r.ok ? r.json() : null).then((data) => { if (Array.isArray(data?.assignments)) setAssignments(data.assignments); }).catch(() => {}); };%0A+   useEffect(() => { loadAssignments(); apiFetch('/api/organization/team').then((r) => r.ok ? r.json() : null).then((data) => { if (Array.isArray(data)) setTeam(data); }).catch(() => {}); }, []);%0A+%0A+   const assignmentByClient = useMemo(() => new Map(assignments.map((a) => [a.client_id, a])), [assignments]);%0A+   const assignTechnician = async (clientId: string, member: TeamMember) => {%0A+     const response = await apiFetch('/api/msp/assignments', { method: 'PUT', headers: { 'Content-Type': 'application/json' }, body: JSON.stringify({ clientId, technicianUserId: member.id, technicianDisplay: member.displayName || member.email }) });%0A+     if (response.ok) { loadAssignments(); setAssigningClientId(null); }%0A+   };%0A+   const unassignTechnician = async (clientId: string) => {%0A+     const response = await apiFetch(`/api/msp/assignments/${encodeURIComponent(clientId)}`, { method: 'DELETE' });%0A+     if (response.ok) loadAssignments();%0A+   };%0A+%0A+   const clientRiskRollup = useMemo(() => clients.map((client) => {%0A+     const clientAlerts = alerts.filter((a) => a.clientName === client.name);%0A+     const active = clientAlerts.filter((a) => a.status !== 'Resolved' && a.status !== 'Cancelled');%0A+     const critical = active.filter((a) => a.severity === 'Critical').length;%0A+     const high = active.filter((a) => a.severity === 'High').length;%0A+     return { client, activeCount: active.length, critical, high, assignment: assignmentByClient.get(client.id) };%0A+   }).sort((a, b) => (b.critical - a.critical) || (b.high - a.high) || (b.activeCount - a.activeCount)), [clients, alerts, assignmentByClient]);%0A+   // Sourced from the same /api/trust-loop/findings data App.tsx already fetched%0A+   // to build `alerts` -- no second network round trip for finding detail.%0A+   const finding = useMemo(() => selected ? findings.find((item: any) => String(item.id) === selected.id) || null : null, [selected?.id, findings]);%0A+   const findingError = selected && !finding ? 'Finding details are unavailable.' : null;%0A+   const [task, setTask] = useState<any | null>(null);%0A+   const [taskLoading, setTaskLoading] = useState(false);%0A+   const [taskError, setTaskError] = useState<string | null>(null);%0A+   const attention = useMemo(() => alerts.filter(item => item.status === 'Active').sort((a, b) => {%0A+     const rank = { Critical: 3, High: 2, Medium: 1, Low: 0 };%0A+     return rank[b.severity] - rank[a.severity];%0A+   }), [alerts]);%0A+   const criticalClients = new Set(attention.filter(item => item.severity === 'Critical').map(item => item.clientName)).size;%0A+   const attentionClients = new Set(attention.filter(item => item.severity !== 'Critical').map(item => item.clientName)).size;%0A+   // A remediation may already exist for this finding (created from the Alerts%0A+   // view via the same /api/trust-loop/remediations backend) -- load it by the%0A+   // id the findings join already gives us instead of scanning a task list.%0A+   useEffect(() => {%0A+     setTask(null); setTaskError(null);%0A+     if (!selected?.remediationId) return;%0A+     let cancelled = false;%0A+     apiFetch(`/api/trust-loop/remediations/${encodeURIComponent(selected.remediationId)}`).then(response => response.ok ? response.json() : null).then(data => { if (!cancelled && data) setTask(data); }).catch(() => {});%0A+     return () => { cancelled = true; };%0A+   }, [selected?.id, selected?.remediationId]);%0A+   const createTask = async () => {%0A+     if (!selected || !finding || taskLoading) return;%0A+     setTaskLoading(true); setTaskError(null);%0A+     try {%0A+       const response = await apiFetch('/api/trust-loop/remediations', {%0A+         method: 'POST', headers: { 'Content-Type': 'application/json' },%0A+         body: JSON.stringify({ findingId: selected.id, title: selected.title, description: selected.description, priority: selected.severity.toUpperCase() }),%0A+       });%0A+       const body = await response.json().catch(() => ({}));%0A+       if (!response.ok) throw new Error(body?.error || 'SPR could not create the remediation task.');%0A+       setTask(body);%0A+     } catch (cause: any) { setTaskError(cause?.message || 'SPR could not create the remediation task.'); }%0A+     finally { setTaskLoading(false); }%0A+   };%0A+   const transitionTask = async (status: 'IN_PROGRESS' | 'READY_FOR_VERIFICATION') => {%0A+     if (!task || taskLoading) return;%0A+     setTaskLoading(true); setTaskError(null);%0A+     try {%0A+       const response = await apiFetch(`/api/trust-loop/remediations/${encodeURIComponent(task.id)}`, { method: 'PATCH', headers: { 'Content-Type': 'application/json' }, body: JSON.stringify({ status }) });%0A+       const body = await response.json().catch(() => ({}));%0A+       if (!response.ok) throw new Error(body?.error || 'SPR could not update the task.');%0A+       setTask(body);%0A+     } catch (cause: any) { setTaskError(cause?.message || 'SPR could not update the task.'); }%0A+     finally { setTaskLoading(false); }%0A+   };%0A+   // Re-verifies against the most recent trust_observation SPR already has on%0A+   // file for this software -- there is no live "run a check now" job queue,%0A+   // so this is honestly a re-check of existing evidence, not a fresh scan.%0A+   const verifyWithLatestEvidence = async () => {%0A+     if (!task || taskLoading) return;%0A+     setTaskLoading(true); setTaskError(null);%0A+     try {%0A+       const response = await apiFetch(`/api/trust-loop/remediations/${encodeURIComponent(task.id)}/verify-latest`, { method: 'POST' });%0A+       const body = await response.json().catch(() => ({}));%0A+       if (!response.ok) throw new Error(body?.error || 'SPR could not verify this task against current evidence.');%0A+       setTask(body);%0A+     } catch (cause: any) { setTaskError(cause?.message || 'SPR could not verify this task against current evidence.'); }%0A+     finally { setTaskLoading(false); }%0A+   };%0A+%0A+   return <section id="msp-command-center" aria-labelledby="msp-command-center-title">%0A+     <div className="mb-4 flex flex-wrap items-center justify-between gap-3">%0A+       <div>%0A+         <h1 id="msp-command-center-title" className="text-[22px] font-semibold text-[#201f1e]">Who needs you today?</h1>%0A+         <p className="mt-1 text-[13px] text-[#605e5c]">Prioritized work from the evidence and findings SPR currently has on record. A closed task is not a verified fix.</p>%0A+       </div>%0A+       <button type="button" onClick={() => onNavigate('clients')} className="inline-flex h-8 items-center gap-1.5 rounded border border-[#c8c6c4] px-3 text-[13px] font-medium text-[#323130] hover:bg-black/[.03]">%0A+         View all clients <ArrowRight className="h-3.5 w-3.5" />%0A+       </button>%0A+     </div>%0A+%0A+     <div className="mb-4 flex flex-wrap gap-6 rounded-md border border-[#e1dfdd] bg-white p-3">%0A+       <Metric label="Clients" value={clients.length} icon={<Building2 className="h-3.5 w-3.5" />} />%0A+       <Metric label="Healthy" value={Math.max(0, clients.length - criticalClients - attentionClients)} icon={<CheckCircle2 className="h-3.5 w-3.5 text-[#0e700e]" />} />%0A+       <Metric label="Need attention" value={attentionClients} icon={<AlertTriangle className="h-3.5 w-3.5 text-[#8a5700]" />} />%0A+       <Metric label="Critical" value={criticalClients} icon={<ShieldAlert className="h-3.5 w-3.5 text-[#a4262c]" />} />%0A+     </div>%0A+%0A+     <div className="mb-4 rounded-md border border-[#e1dfdd] bg-white">%0A+       <div className="border-b border-[#e1dfdd] px-4 py-3"><h2 className="text-[14px] font-semibold text-[#201f1e]">Cross-client risk</h2><p className="mt-0.5 text-[12px] text-[#605e5c]">Every client ranked by active critical and high findings, with technician assignment.</p></div>%0A+       <div className="overflow-x-auto">%0A+         <table className="w-full min-w-[640px] text-left text-[13px]">%0A+           <thead className="border-b border-[#e1dfdd] text-[11px] uppercase tracking-wide text-[#605e5c]"><tr><th className="px-4 py-2">Client</th><th className="px-4 py-2">Critical</th><th className="px-4 py-2">High</th><th className="px-4 py-2">Active findings</th><th className="px-4 py-2">Assigned technician</th></tr></thead>%0A+           <tbody>%0A+             {clientRiskRollup.map(({ client, activeCount, critical, high, assignment }) => (%0A+               <tr key={client.id} className="border-b border-[#f3f2f1] hover:bg-black/[.02]">%0A+                 <td className="px-4 py-2.5 font-medium text-[#201f1e]">{client.name}</td>%0A+                 <td className="px-4 py-2.5">{critical > 0 ? <span className="rounded border border-[#a4262c]/30 bg-[#fdf2f2] px-1.5 py-0.5 text-[11px] font-semibold text-[#a4262c]">{critical}</span> : <span className="text-[#8a8886]">0</span>}</td>%0A+                 <td className="px-4 py-2.5">{high > 0 ? <span className="rounded border border-[#8a5700]/30 bg-[#fff4ce] px-1.5 py-0.5 text-[11px] font-semibold text-[#8a5700]">{high}</span> : <span className="text-[#8a8886]">0</span>}</td>%0A+                 <td className="px-4 py-2.5 text-[#323130]">{activeCount}</td>%0A+                 <td className="px-4 py-2.5">%0A+                   {assigningClientId === client.id ? (%0A+                     <select autoFocus onBlur={() => setAssigningClientId(null)} onChange={(e) => { const member = team.find((m) => String(m.id) === e.target.value); if (member) void assignTechnician(client.id, member); }} className="h-8 rounded border border-[#c8c6c4] bg-white px-2 text-[12px] text-[#201f1e] focus:border-[#0f6cbd] focus:outline-none focus:ring-1 focus:ring-[#0f6cbd]">%0A+                       <option value="">Select technician…</option>%0A+                       {team.map((member) => <option key={member.id} value={member.id}>{member.displayName || member.email}</option>)}%0A+                     </select>%0A+                   ) : assignment ? (%0A+                     <div className="flex items-center gap-2 text-[12px] text-[#323130]"><User className="h-3 w-3 text-[#8a8886]" />{assignment.technician_display}%0A+                       {canAssign && <button type="button" onClick={() => void unassignTechnician(client.id)} className="text-[#8a8886] hover:text-[#a4262c]">×</button>}%0A+                       {canAssign && <button type="button" onClick={() => setAssigningClientId(client.id)} className="text-[#0f6cbd] hover:text-[#004578]">change</button>}%0A+                     </div>%0A+                   ) : canAssign ? (%0A+                     <button type="button" onClick={() => setAssigningClientId(client.id)} className="rounded border border-[#c8c6c4] px-2 py-1 text-[12px] text-[#605e5c] hover:bg-black/[.03]">Assign…</button>%0A+                   ) : <span className="text-[12px] text-[#8a8886]">Unassigned</span>}%0A+                 </td>%0A+               </tr>%0A+             ))}%0A+           </tbody>%0A+         </table>%0A+       </div>%0A+     </div>%0A+%0A+     <div className="rounded-md border border-[#e1dfdd] bg-white">%0A+       <div className="flex flex-col gap-2 border-b border-[#e1dfdd] px-4 py-3 sm:flex-row sm:items-center sm:justify-between">%0A+         <div><h2 className="text-[14px] font-semibold text-[#201f1e]">Clients needing action</h2><p className="mt-0.5 text-[12px] text-[#605e5c]">Most urgent first, based on active recorded findings.</p></div>%0A+         <span className="w-fit rounded border border-[#c8c6c4] bg-[#faf9f8] px-2 py-0.5 text-[11px] font-medium text-[#605e5c]">{attention.length} active findings</span>%0A+       </div>%0A+       {attention.length ? <div>%0A+         {attention.map(alert => {%0A+           const client = clients.find(item => item.name === alert.clientName);%0A+           return <article key={alert.id} className="grid gap-3 border-b border-[#f3f2f1] px-4 py-3 last:border-b-0 lg:grid-cols-[minmax(180px,0.8fr)_minmax(260px,1.5fr)_auto] lg:items-center">%0A+             <div>%0A+               <p className="font-medium text-[#201f1e]">{alert.clientName}</p>%0A+               <p className="mt-0.5 text-[11px] text-[#8a8886]">Observed {alert.timestamp}</p>%0A+             </div>%0A+             <div>%0A+               <div className="mb-1.5 flex flex-wrap gap-1.5"><span className={`rounded border px-1.5 py-0.5 text-[11px] font-semibold ${severityClass(alert.severity)}`}>{alert.severity}</span><span className="rounded bg-[#f3f2f1] px-1.5 py-0.5 text-[11px] text-[#605e5c]">{alert.category}</span></div>%0A+               <p className="text-[13px] font-medium text-[#201f1e]">{alert.title}</p><p className="mt-0.5 text-[12px] leading-5 text-[#605e5c]">{alert.description}</p>%0A+             </div>%0A+             <div className="flex gap-2 lg:flex-col"><button type="button" onClick={() => setSelected(alert)} className="inline-flex h-8 items-center justify-center gap-1.5 rounded bg-[#0f6cbd] px-3 text-[13px] font-medium text-white hover:bg-[#004578]">Investigate <ArrowRight className="h-3.5 w-3.5" /></button>{client && <button type="button" onClick={() => onSelectClient(client.id)} className="h-8 rounded border border-[#c8c6c4] px-3 text-[13px] font-medium text-[#323130] hover:bg-black/[.03]">Client</button>}</div>%0A+           </article>;%0A+         })}%0A+       </div> : <div className="px-6 py-10 text-center"><CheckCircle2 className="mx-auto h-6 w-6 text-[#0e700e]" /><h3 className="mt-2 text-[13px] font-semibold text-[#201f1e]">No clients need attention</h3><p className="mt-1 text-[12px] text-[#605e5c]">Your monitored clients currently have no active recorded findings requiring action.</p></div>}%0A+     </div>%0A+%0A+     {selected && <div className="fixed inset-0 z-50 flex items-end bg-black/40 p-0 md:items-center md:justify-center md:p-6" role="dialog" aria-modal="true" aria-labelledby="finding-title">%0A+       <div className="max-h-[92vh] w-full max-w-2xl overflow-y-auto rounded-t-md border border-[#e1dfdd] bg-white p-5 md:rounded-md"><div className="flex items-start justify-between gap-4"><div><p className="text-[11px] font-semibold uppercase tracking-wide text-[#605e5c]">Finding detail · Explain this</p><h2 id="finding-title" className="mt-1 text-[18px] font-semibold text-[#201f1e]">{selected.title}</h2></div><button type="button" onClick={() => setSelected(null)} aria-label="Close finding" className="rounded p-1.5 text-[#605e5c] hover:bg-black/[.05]"><X className="h-4 w-4" /></button></div>%0A+         {findingError && <div role="alert" className="mt-4 rounded-md border border-[#a4262c]/30 bg-[#fdf2f2] p-3 text-[13px] text-[#a4262c]"><p className="font-semibold">Finding detail unavailable</p><p className="mt-0.5">{findingError}</p></div>}%0A+         {finding && <><div className="mt-4 grid gap-3 sm:grid-cols-2"><Detail label="Client" value={selected.clientName} /><Detail label="Severity and status" value={`${finding.severity} — ${finding.status}`} /><Detail label="First observed" value={formatStoredTime(finding.created_at)} /><Detail label="Last observed" value={formatStoredTime(finding.updated_at)} /></div>%0A+         <section className="mt-3 rounded-md border border-[#e1dfdd] bg-[#faf9f8] p-3"><h3 className="text-[13px] font-semibold text-[#201f1e]">Observed</h3><p className="mt-1 text-[13px] leading-6 text-[#323130]">{finding.description || 'No observation description is available.'}</p></section><div className="mt-3 grid gap-3 sm:grid-cols-2"><Detail label="Why it matters" value="Review this recorded finding with its evidence before choosing remediation." /><Detail label="What you can do" value="Create a remediation task, then collect a new observation before treating the finding as resolved." /></div>%0A+         <section className="mt-3 rounded-md border border-[#e1dfdd] bg-[#faf9f8] p-3"><h3 className="text-[13px] font-semibold text-[#201f1e]">Evidence chain</h3><p className="mt-0.5 text-[11px] text-[#8a8886]">Finding → observed artifact → source evidence → verification time</p>{evidenceList(finding.evidence_ids).length ? <ul className="mt-3 space-y-1.5">{evidenceList(finding.evidence_ids).map((id: string) => <li key={id} className="rounded border border-[#e1dfdd] bg-white px-2.5 py-1.5 font-mono text-[11px] text-[#323130]">Evidence reference: {id}</li>)}</ul> : <p className="mt-3 text-[13px] text-[#605e5c]">Evidence unavailable. This finding has no stored evidence references.</p>}</section></>}%0A+         {taskError && <p role="alert" className="mt-3 text-[13px] text-[#a4262c]">{taskError}</p>}%0A+         {task && <section className="mt-3 rounded-md border border-[#0f6cbd]/30 bg-[#eff6fc] p-3"><p className="text-[11px] font-semibold uppercase tracking-wide text-[#0f6cbd]">Remediation task</p><p className="mt-1 text-[13px] font-semibold text-[#201f1e]">{task.title}</p><p className="mt-0.5 text-[12px] text-[#323130]">{task.status.replaceAll('_', ' ')} · created {formatStoredTime(task.created_at)}</p>{task.status === 'OPEN' && <button type="button" onClick={() => void transitionTask('IN_PROGRESS')} disabled={taskLoading} className="mt-3 inline-flex h-8 items-center rounded bg-[#0f6cbd] px-3 text-[13px] font-medium text-white hover:bg-[#004578] disabled:opacity-50">{taskLoading ? 'Updating task…' : 'Start remediation'}</button>}{task.status === 'IN_PROGRESS' && <button type="button" onClick={() => void transitionTask('READY_FOR_VERIFICATION')} disabled={taskLoading} className="mt-3 inline-flex h-8 items-center rounded bg-[#0f6cbd] px-3 text-[13px] font-medium text-white hover:bg-[#004578] disabled:opacity-50">{taskLoading ? 'Updating task…' : 'Mark ready for verification'}</button>}{task.status === 'READY_FOR_VERIFICATION' && <div className="mt-2"><p className="text-[13px] text-[#8a5700]">Remediation marked complete. Verification required.</p><p className="mt-0.5 text-[11px] text-[#605e5c]">Re-checks the most recent evidence SPR already has on file for this software — this is not a live scan.</p><button type="button" onClick={() => void verifyWithLatestEvidence()} disabled={taskLoading} className="mt-2 inline-flex h-8 items-center rounded bg-[#0f6cbd] px-3 text-[13px] font-medium text-white hover:bg-[#004578] disabled:opacity-50">{taskLoading ? 'Verifying…' : 'Verify with latest evidence'}</button></div>}{task.status === 'VERIFIED' && <p className="mt-2 text-[13px] text-[#0e700e]">Verified against evidence SPR collected. The underlying finding is now marked resolved.</p>}</section>}%0A+         <div className="mt-4 flex flex-wrap gap-2"><button type="button" onClick={() => { setSelected(null); onNavigate('alerts'); }} disabled={!finding} className="inline-flex h-8 items-center gap-1.5 rounded bg-[#0f6cbd] px-3 text-[13px] font-medium text-white hover:bg-[#004578] disabled:opacity-50"><FileSearch className="h-3.5 w-3.5" /> Show evidence</button>{task ? <span className="inline-flex h-8 items-center rounded border border-[#c8c6c4] px-3 text-[13px] font-medium text-[#323130]">Task created</span> : <button type="button" onClick={() => void createTask()} disabled={!finding || taskLoading} className="inline-flex h-8 items-center rounded border border-[#c8c6c4] px-3 text-[13px] font-medium text-[#323130] hover:bg-black/[.03] disabled:opacity-50">{taskLoading ? 'Creating task…' : 'Create remediation task'}</button>}</div>%0A+       </div>%0A+     </div>}%0A+   </section>;%0A+ }%0A+%0A+ function Metric({ label, value, icon }: { label: string; value: number; icon: React.ReactNode }) { return <div className="flex items-center gap-1.5">{icon}<div><div className="text-[11px] text-[#605e5c]">{label}</div><div className="text-lg font-semibold text-[#201f1e]">{value}</div></div></div>; }%0A+ function Detail({ label, value }: { label: string; value: string }) { return <div className="rounded-md border border-[#e1dfdd] bg-[#faf9f8] p-3"><p className="text-[11px] font-semibold uppercase tracking-wide text-[#605e5c]">{label}</p><p className="mt-1 text-[13px] leading-5 text-[#201f1e]">{value}</p></div>; }%0A+ function formatStoredTime(value?: string | null) { return value ? new Date(value).toLocaleString() : 'Not observed'; }%0A+ function evidenceList(value?: string | null) { try { const parsed = JSON.parse(value || '[]'); return Array.isArray(parsed) ? parsed.filter((item): item is string => typeof item === 'string') : []; } catch { return []; } }%0A+%0A%0A ❯ tests/trust-network-contract.test.ts:102:15%0A%0A

::error file=/home/runner/work/software-passport-registry/software-passport-registry/tests/trust-network-contract.test.ts,title=tests/trust-network-contract.test.ts > Trust Network never fabricates counts%2C scores%2C or history > the Attention list never invents a software/passport link for a finding that has none,line=108,column=15::AssertionError: expected 'import React, { useEffect, useMemo, u…' to contain 'Not linked to a specific software pas…'%0A%0A- Expected%0A+ Received%0A%0A- Not linked to a specific software passport%0A+ import React, { useEffect, useMemo, useState } from 'react';%0A+ import { AlertTriangle, ArrowRight, Building2, CheckCircle2, FileSearch, ShieldAlert, User, X } from 'lucide-react';%0A+ import { Alert, Client } from '../types';%0A+ import { apiFetch } from '../utils/apiClient';%0A+ import type { VerificationDecision } from '../lib/verification/evaluateVerification';%0A+%0A+ interface Props {%0A+   clients: Client[];%0A+   alerts: Alert[];%0A+   findings: any[];%0A+   role?: string;%0A+   onSelectClient: (id: string) => void;%0A+   onSelectPassport?: (passportId: string) => void;%0A+   onNavigate: (tab: string) => void;%0A+   verificationDecisions?: Record<string, VerificationDecision>;%0A+   verificationDetails?: Record<string, unknown>;%0A+ }%0A+%0A+ type Assignment = { id: string; client_id: string; technician_display: string; assigned_by: string; updated_at: string };%0A+ type TeamMember = { id: number; email: string; displayName?: string | null; role: string };%0A+%0A+ const severityClass = (severity: Alert['severity']) => severity === 'Critical'%0A+   ? 'border-[#a4262c]/30 bg-[#fdf2f2] text-[#a4262c]'%0A+   : severity === 'High' ? 'border-[#8a5700]/30 bg-[#fff4ce] text-[#8a5700]'%0A+   : 'border-[#0f6cbd]/30 bg-[#eff6fc] text-[#0f6cbd]';%0A+%0A+ export default function MSPCommandCenter({ clients, alerts, findings, role = 'Viewer', onSelectClient, onNavigate, onSelectPassport, verificationDecisions = {}, verificationDetails = {} }: Props) {%0A+   const [selected, setSelected] = useState<Alert | null>(null);%0A+   const [assignments, setAssignments] = useState<Assignment[]>([]);%0A+   const [team, setTeam] = useState<TeamMember[]>([]);%0A+   const [assigningClientId, setAssigningClientId] = useState<string | null>(null);%0A+   const canAssign = role === 'Owner' || role === 'Admin';%0A+   const trustStateFromDecision = (decision?: VerificationDecision) => decision?.state ?? 'UNINITIALIZED';%0A+   const trustStateForPassportItem = (item: { passportId: string }) => trustStateFromDecision(verificationDecisions?.[item.passportId]);%0A+   const selectPassport = (passportId: string) => { onSelectPassport?.(passportId); };%0A+   const passportDecision = (passport: { id: string }) => { const decision = verificationDecisions?.[passport.id]; return decision; };%0A+   void verificationDetails;%0A+%0A+   const loadAssignments = () => { apiFetch('/api/msp/assignments').then((r) => r.ok ? r.json() : null).then((data) => { if (Array.isArray(data?.assignments)) setAssignments(data.assignments); }).catch(() => {}); };%0A+   useEffect(() => { loadAssignments(); apiFetch('/api/organization/team').then((r) => r.ok ? r.json() : null).then((data) => { if (Array.isArray(data)) setTeam(data); }).catch(() => {}); }, []);%0A+%0A+   const assignmentByClient = useMemo(() => new Map(assignments.map((a) => [a.client_id, a])), [assignments]);%0A+   const assignTechnician = async (clientId: string, member: TeamMember) => {%0A+     const response = await apiFetch('/api/msp/assignments', { method: 'PUT', headers: { 'Content-Type': 'application/json' }, body: JSON.stringify({ clientId, technicianUserId: member.id, technicianDisplay: member.displayName || member.email }) });%0A+     if (response.ok) { loadAssignments(); setAssigningClientId(null); }%0A+   };%0A+   const unassignTechnician = async (clientId: string) => {%0A+     const response = await apiFetch(`/api/msp/assignments/${encodeURIComponent(clientId)}`, { method: 'DELETE' });%0A+     if (response.ok) loadAssignments();%0A+   };%0A+%0A+   const clientRiskRollup = useMemo(() => clients.map((client) => {%0A+     const clientAlerts = alerts.filter((a) => a.clientName === client.name);%0A+     const active = clientAlerts.filter((a) => a.status !== 'Resolved' && a.status !== 'Cancelled');%0A+     const critical = active.filter((a) => a.severity === 'Critical').length;%0A+     const high = active.filter((a) => a.severity === 'High').length;%0A+     return { client, activeCount: active.length, critical, high, assignment: assignmentByClient.get(client.id) };%0A+   }).sort((a, b) => (b.critical - a.critical) || (b.high - a.high) || (b.activeCount - a.activeCount)), [clients, alerts, assignmentByClient]);%0A+   // Sourced from the same /api/trust-loop/findings data App.tsx already fetched%0A+   // to build `alerts` -- no second network round trip for finding detail.%0A+   const finding = useMemo(() => selected ? findings.find((item: any) => String(item.id) === selected.id) || null : null, [selected?.id, findings]);%0A+   const findingError = selected && !finding ? 'Finding details are unavailable.' : null;%0A+   const [task, setTask] = useState<any | null>(null);%0A+   const [taskLoading, setTaskLoading] = useState(false);%0A+   const [taskError, setTaskError] = useState<string | null>(null);%0A+   const attention = useMemo(() => alerts.filter(item => item.status === 'Active').sort((a, b) => {%0A+     const rank = { Critical: 3, High: 2, Medium: 1, Low: 0 };%0A+     return rank[b.severity] - rank[a.severity];%0A+   }), [alerts]);%0A+   const criticalClients = new Set(attention.filter(item => item.severity === 'Critical').map(item => item.clientName)).size;%0A+   const attentionClients = new Set(attention.filter(item => item.severity !== 'Critical').map(item => item.clientName)).size;%0A+   // A remediation may already exist for this finding (created from the Alerts%0A+   // view via the same /api/trust-loop/remediations backend) -- load it by the%0A+   // id the findings join already gives us instead of scanning a task list.%0A+   useEffect(() => {%0A+     setTask(null); setTaskError(null);%0A+     if (!selected?.remediationId) return;%0A+     let cancelled = false;%0A+     apiFetch(`/api/trust-loop/remediations/${encodeURIComponent(selected.remediationId)}`).then(response => response.ok ? response.json() : null).then(data => { if (!cancelled && data) setTask(data); }).catch(() => {});%0A+     return () => { cancelled = true; };%0A+   }, [selected?.id, selected?.remediationId]);%0A+   const createTask = async () => {%0A+     if (!selected || !finding || taskLoading) return;%0A+     setTaskLoading(true); setTaskError(null);%0A+     try {%0A+       const response = await apiFetch('/api/trust-loop/remediations', {%0A+         method: 'POST', headers: { 'Content-Type': 'application/json' },%0A+         body: JSON.stringify({ findingId: selected.id, title: selected.title, description: selected.description, priority: selected.severity.toUpperCase() }),%0A+       });%0A+       const body = await response.json().catch(() => ({}));%0A+       if (!response.ok) throw new Error(body?.error || 'SPR could not create the remediation task.');%0A+       setTask(body);%0A+     } catch (cause: any) { setTaskError(cause?.message || 'SPR could not create the remediation task.'); }%0A+     finally { setTaskLoading(false); }%0A+   };%0A+   const transitionTask = async (status: 'IN_PROGRESS' | 'READY_FOR_VERIFICATION') => {%0A+     if (!task || taskLoading) return;%0A+     setTaskLoading(true); setTaskError(null);%0A+     try {%0A+       const response = await apiFetch(`/api/trust-loop/remediations/${encodeURIComponent(task.id)}`, { method: 'PATCH', headers: { 'Content-Type': 'application/json' }, body: JSON.stringify({ status }) });%0A+       const body = await response.json().catch(() => ({}));%0A+       if (!response.ok) throw new Error(body?.error || 'SPR could not update the task.');%0A+       setTask(body);%0A+     } catch (cause: any) { setTaskError(cause?.message || 'SPR could not update the task.'); }%0A+     finally { setTaskLoading(false); }%0A+   };%0A+   // Re-verifies against the most recent trust_observation SPR already has on%0A+   // file for this software -- there is no live "run a check now" job queue,%0A+   // so this is honestly a re-check of existing evidence, not a fresh scan.%0A+   const verifyWithLatestEvidence = async () => {%0A+     if (!task || taskLoading) return;%0A+     setTaskLoading(true); setTaskError(null);%0A+     try {%0A+       const response = await apiFetch(`/api/trust-loop/remediations/${encodeURIComponent(task.id)}/verify-latest`, { method: 'POST' });%0A+       const body = await response.json().catch(() => ({}));%0A+       if (!response.ok) throw new Error(body?.error || 'SPR could not verify this task against current evidence.');%0A+       setTask(body);%0A+     } catch (cause: any) { setTaskError(cause?.message || 'SPR could not verify this task against current evidence.'); }%0A+     finally { setTaskLoading(false); }%0A+   };%0A+%0A+   return <section id="msp-command-center" aria-labelledby="msp-command-center-title">%0A+     <div className="mb-4 flex flex-wrap items-center justify-between gap-3">%0A+       <div>%0A+         <h1 id="msp-command-center-title" className="text-[22px] font-semibold text-[#201f1e]">Who needs you today?</h1>%0A+         <p className="mt-1 text-[13px] text-[#605e5c]">Prioritized work from the evidence and findings SPR currently has on record. A closed task is not a verified fix.</p>%0A+       </div>%0A+       <button type="button" onClick={() => onNavigate('clients')} className="inline-flex h-8 items-center gap-1.5 rounded border border-[#c8c6c4] px-3 text-[13px] font-medium text-[#323130] hover:bg-black/[.03]">%0A+         View all clients <ArrowRight className="h-3.5 w-3.5" />%0A+       </button>%0A+     </div>%0A+%0A+     <div className="mb-4 flex flex-wrap gap-6 rounded-md border border-[#e1dfdd] bg-white p-3">%0A+       <Metric label="Clients" value={clients.length} icon={<Building2 className="h-3.5 w-3.5" />} />%0A+       <Metric label="Healthy" value={Math.max(0, clients.length - criticalClients - attentionClients)} icon={<CheckCircle2 className="h-3.5 w-3.5 text-[#0e700e]" />} />%0A+       <Metric label="Need attention" value={attentionClients} icon={<AlertTriangle className="h-3.5 w-3.5 text-[#8a5700]" />} />%0A+       <Metric label="Critical" value={criticalClients} icon={<ShieldAlert className="h-3.5 w-3.5 text-[#a4262c]" />} />%0A+     </div>%0A+%0A+     <div className="mb-4 rounded-md border border-[#e1dfdd] bg-white">%0A+       <div className="border-b border-[#e1dfdd] px-4 py-3"><h2 className="text-[14px] font-semibold text-[#201f1e]">Cross-client risk</h2><p className="mt-0.5 text-[12px] text-[#605e5c]">Every client ranked by active critical and high findings, with technician assignment.</p></div>%0A+       <div className="overflow-x-auto">%0A+         <table className="w-full min-w-[640px] text-left text-[13px]">%0A+           <thead className="border-b border-[#e1dfdd] text-[11px] uppercase tracking-wide text-[#605e5c]"><tr><th className="px-4 py-2">Client</th><th className="px-4 py-2">Critical</th><th className="px-4 py-2">High</th><th className="px-4 py-2">Active findings</th><th className="px-4 py-2">Assigned technician</th></tr></thead>%0A+           <tbody>%0A+             {clientRiskRollup.map(({ client, activeCount, critical, high, assignment }) => (%0A+               <tr key={client.id} className="border-b border-[#f3f2f1] hover:bg-black/[.02]">%0A+                 <td className="px-4 py-2.5 font-medium text-[#201f1e]">{client.name}</td>%0A+                 <td className="px-4 py-2.5">{critical > 0 ? <span className="rounded border border-[#a4262c]/30 bg-[#fdf2f2] px-1.5 py-0.5 text-[11px] font-semibold text-[#a4262c]">{critical}</span> : <span className="text-[#8a8886]">0</span>}</td>%0A+                 <td className="px-4 py-2.5">{high > 0 ? <span className="rounded border border-[#8a5700]/30 bg-[#fff4ce] px-1.5 py-0.5 text-[11px] font-semibold text-[#8a5700]">{high}</span> : <span className="text-[#8a8886]">0</span>}</td>%0A+                 <td className="px-4 py-2.5 text-[#323130]">{activeCount}</td>%0A+                 <td className="px-4 py-2.5">%0A+                   {assigningClientId === client.id ? (%0A+                     <select autoFocus onBlur={() => setAssigningClientId(null)} onChange={(e) => { const member = team.find((m) => String(m.id) === e.target.value); if (member) void assignTechnician(client.id, member); }} className="h-8 rounded border border-[#c8c6c4] bg-white px-2 text-[12px] text-[#201f1e] focus:border-[#0f6cbd] focus:outline-none focus:ring-1 focus:ring-[#0f6cbd]">%0A+                       <option value="">Select technician…</option>%0A+                       {team.map((member) => <option key={member.id} value={member.id}>{member.displayName || member.email}</option>)}%0A+                     </select>%0A+                   ) : assignment ? (%0A+                     <div className="flex items-center gap-2 text-[12px] text-[#323130]"><User className="h-3 w-3 text-[#8a8886]" />{assignment.technician_display}%0A+                       {canAssign && <button type="button" onClick={() => void unassignTechnician(client.id)} className="text-[#8a8886] hover:text-[#a4262c]">×</button>}%0A+                       {canAssign && <button type="button" onClick={() => setAssigningClientId(client.id)} className="text-[#0f6cbd] hover:text-[#004578]">change</button>}%0A+                     </div>%0A+                   ) : canAssign ? (%0A+                     <button type="button" onClick={() => setAssigningClientId(client.id)} className="rounded border border-[#c8c6c4] px-2 py-1 text-[12px] text-[#605e5c] hover:bg-black/[.03]">Assign…</button>%0A+                   ) : <span className="text-[12px] text-[#8a8886]">Unassigned</span>}%0A+                 </td>%0A+               </tr>%0A+             ))}%0A+           </tbody>%0A+         </table>%0A+       </div>%0A+     </div>%0A+%0A+     <div className="rounded-md border border-[#e1dfdd] bg-white">%0A+       <div className="flex flex-col gap-2 border-b border-[#e1dfdd] px-4 py-3 sm:flex-row sm:items-center sm:justify-between">%0A+         <div><h2 className="text-[14px] font-semibold text-[#201f1e]">Clients needing action</h2><p className="mt-0.5 text-[12px] text-[#605e5c]">Most urgent first, based on active recorded findings.</p></div>%0A+         <span className="w-fit rounded border border-[#c8c6c4] bg-[#faf9f8] px-2 py-0.5 text-[11px] font-medium text-[#605e5c]">{attention.length} active findings</span>%0A+       </div>%0A+       {attention.length ? <div>%0A+         {attention.map(alert => {%0A+           const client = clients.find(item => item.name === alert.clientName);%0A+           return <article key={alert.id} className="grid gap-3 border-b border-[#f3f2f1] px-4 py-3 last:border-b-0 lg:grid-cols-[minmax(180px,0.8fr)_minmax(260px,1.5fr)_auto] lg:items-center">%0A+             <div>%0A+               <p className="font-medium text-[#201f1e]">{alert.clientName}</p>%0A+               <p className="mt-0.5 text-[11px] text-[#8a8886]">Observed {alert.timestamp}</p>%0A+             </div>%0A+             <div>%0A+               <div className="mb-1.5 flex flex-wrap gap-1.5"><span className={`rounded border px-1.5 py-0.5 text-[11px] font-semibold ${severityClass(alert.severity)}`}>{alert.severity}</span><span className="rounded bg-[#f3f2f1] px-1.5 py-0.5 text-[11px] text-[#605e5c]">{alert.category}</span></div>%0A+               <p className="text-[13px] font-medium text-[#201f1e]">{alert.title}</p><p className="mt-0.5 text-[12px] leading-5 text-[#605e5c]">{alert.description}</p>%0A+             </div>%0A+             <div className="flex gap-2 lg:flex-col"><button type="button" onClick={() => setSelected(alert)} className="inline-flex h-8 items-center justify-center gap-1.5 rounded bg-[#0f6cbd] px-3 text-[13px] font-medium text-white hover:bg-[#004578]">Investigate <ArrowRight className="h-3.5 w-3.5" /></button>{client && <button type="button" onClick={() => onSelectClient(client.id)} className="h-8 rounded border border-[#c8c6c4] px-3 text-[13px] font-medium text-[#323130] hover:bg-black/[.03]">Client</button>}</div>%0A+           </article>;%0A+         })}%0A+       </div> : <div className="px-6 py-10 text-center"><CheckCircle2 className="mx-auto h-6 w-6 text-[#0e700e]" /><h3 className="mt-2 text-[13px] font-semibold text-[#201f1e]">No clients need attention</h3><p className="mt-1 text-[12px] text-[#605e5c]">Your monitored clients currently have no active recorded findings requiring action.</p></div>}%0A+     </div>%0A+%0A+     {selected && <div className="fixed inset-0 z-50 flex items-end bg-black/40 p-0 md:items-center md:justify-center md:p-6" role="dialog" aria-modal="true" aria-labelledby="finding-title">%0A+       <div className="max-h-[92vh] w-full max-w-2xl overflow-y-auto rounded-t-md border border-[#e1dfdd] bg-white p-5 md:rounded-md"><div className="flex items-start justify-between gap-4"><div><p className="text-[11px] font-semibold uppercase tracking-wide text-[#605e5c]">Finding detail · Explain this</p><h2 id="finding-title" className="mt-1 text-[18px] font-semibold text-[#201f1e]">{selected.title}</h2></div><button type="button" onClick={() => setSelected(null)} aria-label="Close finding" className="rounded p-1.5 text-[#605e5c] hover:bg-black/[.05]"><X className="h-4 w-4" /></button></div>%0A+         {findingError && <div role="alert" className="mt-4 rounded-md border border-[#a4262c]/30 bg-[#fdf2f2] p-3 text-[13px] text-[#a4262c]"><p className="font-semibold">Finding detail unavailable</p><p className="mt-0.5">{findingError}</p></div>}%0A+         {finding && <><div className="mt-4 grid gap-3 sm:grid-cols-2"><Detail label="Client" value={selected.clientName} /><Detail label="Severity and status" value={`${finding.severity} — ${finding.status}`} /><Detail label="First observed" value={formatStoredTime(finding.created_at)} /><Detail label="Last observed" value={formatStoredTime(finding.updated_at)} /></div>%0A+         <section className="mt-3 rounded-md border border-[#e1dfdd] bg-[#faf9f8] p-3"><h3 className="text-[13px] font-semibold text-[#201f1e]">Observed</h3><p className="mt-1 text-[13px] leading-6 text-[#323130]">{finding.description || 'No observation description is available.'}</p></section><div className="mt-3 grid gap-3 sm:grid-cols-2"><Detail label="Why it matters" value="Review this recorded finding with its evidence before choosing remediation." /><Detail label="What you can do" value="Create a remediation task, then collect a new observation before treating the finding as resolved." /></div>%0A+         <section className="mt-3 rounded-md border border-[#e1dfdd] bg-[#faf9f8] p-3"><h3 className="text-[13px] font-semibold text-[#201f1e]">Evidence chain</h3><p className="mt-0.5 text-[11px] text-[#8a8886]">Finding → observed artifact → source evidence → verification time</p>{evidenceList(finding.evidence_ids).length ? <ul className="mt-3 space-y-1.5">{evidenceList(finding.evidence_ids).map((id: string) => <li key={id} className="rounded border border-[#e1dfdd] bg-white px-2.5 py-1.5 font-mono text-[11px] text-[#323130]">Evidence reference: {id}</li>)}</ul> : <p className="mt-3 text-[13px] text-[#605e5c]">Evidence unavailable. This finding has no stored evidence references.</p>}</section></>}%0A+         {taskError && <p role="alert" className="mt-3 text-[13px] text-[#a4262c]">{taskError}</p>}%0A+         {task && <section className="mt-3 rounded-md border border-[#0f6cbd]/30 bg-[#eff6fc] p-3"><p className="text-[11px] font-semibold uppercase tracking-wide text-[#0f6cbd]">Remediation task</p><p className="mt-1 text-[13px] font-semibold text-[#201f1e]">{task.title}</p><p className="mt-0.5 text-[12px] text-[#323130]">{task.status.replaceAll('_', ' ')} · created {formatStoredTime(task.created_at)}</p>{task.status === 'OPEN' && <button type="button" onClick={() => void transitionTask('IN_PROGRESS')} disabled={taskLoading} className="mt-3 inline-flex h-8 items-center rounded bg-[#0f6cbd] px-3 text-[13px] font-medium text-white hover:bg-[#004578] disabled:opacity-50">{taskLoading ? 'Updating task…' : 'Start remediation'}</button>}{task.status === 'IN_PROGRESS' && <button type="button" onClick={() => void transitionTask('READY_FOR_VERIFICATION')} disabled={taskLoading} className="mt-3 inline-flex h-8 items-center rounded bg-[#0f6cbd] px-3 text-[13px] font-medium text-white hover:bg-[#004578] disabled:opacity-50">{taskLoading ? 'Updating task…' : 'Mark ready for verification'}</button>}{task.status === 'READY_FOR_VERIFICATION' && <div className="mt-2"><p className="text-[13px] text-[#8a5700]">Remediation marked complete. Verification required.</p><p className="mt-0.5 text-[11px] text-[#605e5c]">Re-checks the most recent evidence SPR already has on file for this software — this is not a live scan.</p><button type="button" onClick={() => void verifyWithLatestEvidence()} disabled={taskLoading} className="mt-2 inline-flex h-8 items-center rounded bg-[#0f6cbd] px-3 text-[13px] font-medium text-white hover:bg-[#004578] disabled:opacity-50">{taskLoading ? 'Verifying…' : 'Verify with latest evidence'}</button></div>}{task.status === 'VERIFIED' && <p className="mt-2 text-[13px] text-[#0e700e]">Verified against evidence SPR collected. The underlying finding is now marked resolved.</p>}</section>}%0A+         <div className="mt-4 flex flex-wrap gap-2"><button type="button" onClick={() => { setSelected(null); onNavigate('alerts'); }} disabled={!finding} className="inline-flex h-8 items-center gap-1.5 rounded bg-[#0f6cbd] px-3 text-[13px] font-medium text-white hover:bg-[#004578] disabled:opacity-50"><FileSearch className="h-3.5 w-3.5" /> Show evidence</button>{task ? <span className="inline-flex h-8 items-center rounded border border-[#c8c6c4] px-3 text-[13px] font-medium text-[#323130]">Task created</span> : <button type="button" onClick={() => void createTask()} disabled={!finding || taskLoading} className="inline-flex h-8 items-center rounded border border-[#c8c6c4] px-3 text-[13px] font-medium text-[#323130] hover:bg-black/[.03] disabled:opacity-50">{taskLoading ? 'Creating task…' : 'Create remediation task'}</button>}</div>%0A+       </div>%0A+     </div>}%0A+   </section>;%0A+ }%0A+%0A+ function Metric({ label, value, icon }: { label: string; value: number; icon: React.ReactNode }) { return <div className="flex items-center gap-1.5">{icon}<div><div className="text-[11px] text-[#605e5c]">{label}</div><div className="text-lg font-semibold text-[#201f1e]">{value}</div></div></div>; }%0A+ function Detail({ label, value }: { label: string; value: string }) { return <div className="rounded-md border border-[#e1dfdd] bg-[#faf9f8] p-3"><p className="text-[11px] font-semibold uppercase tracking-wide text-[#605e5c]">{label}</p><p className="mt-1 text-[13px] leading-5 text-[#201f1e]">{value}</p></div>; }%0A+ function formatStoredTime(value?: string | null) { return value ? new Date(value).toLocaleString() : 'Not observed'; }%0A+ function evidenceList(value?: string | null) { try { const parsed = JSON.parse(value || '[]'); return Array.isArray(parsed) ? parsed.filter((item): item is string => typeof item === 'string') : []; } catch { return []; } }%0A+%0A%0A ❯ tests/trust-network-contract.test.ts:108:15%0A%0A

::error file=/home/runner/work/software-passport-registry/software-passport-registry/tests/trust-network-contract.test.ts,title=tests/trust-network-contract.test.ts > Trust Network never fabricates counts%2C scores%2C or history > has empty states for zero clients and zero software%2C without a fabricated health percentage,line=113,column=15::AssertionError: expected 'import React, { useEffect, useMemo, u…' to contain 'Build your trust network'%0A%0A- Expected%0A+ Received%0A%0A- Build your trust network%0A+ import React, { useEffect, useMemo, useState } from 'react';%0A+ import { AlertTriangle, ArrowRight, Building2, CheckCircle2, FileSearch, ShieldAlert, User, X } from 'lucide-react';%0A+ import { Alert, Client } from '../types';%0A+ import { apiFetch } from '../utils/apiClient';%0A+ import type { VerificationDecision } from '../lib/verification/evaluateVerification';%0A+%0A+ interface Props {%0A+   clients: Client[];%0A+   alerts: Alert[];%0A+   findings: any[];%0A+   role?: string;%0A+   onSelectClient: (id: string) => void;%0A+   onSelectPassport?: (passportId: string) => void;%0A+   onNavigate: (tab: string) => void;%0A+   verificationDecisions?: Record<string, VerificationDecision>;%0A+   verificationDetails?: Record<string, unknown>;%0A+ }%0A+%0A+ type Assignment = { id: string; client_id: string; technician_display: string; assigned_by: string; updated_at: string };%0A+ type TeamMember = { id: number; email: string; displayName?: string | null; role: string };%0A+%0A+ const severityClass = (severity: Alert['severity']) => severity === 'Critical'%0A+   ? 'border-[#a4262c]/30 bg-[#fdf2f2] text-[#a4262c]'%0A+   : severity === 'High' ? 'border-[#8a5700]/30 bg-[#fff4ce] text-[#8a5700]'%0A+   : 'border-[#0f6cbd]/30 bg-[#eff6fc] text-[#0f6cbd]';%0A+%0A+ export default function MSPCommandCenter({ clients, alerts, findings, role = 'Viewer', onSelectClient, onNavigate, onSelectPassport, verificationDecisions = {}, verificationDetails = {} }: Props) {%0A+   const [selected, setSelected] = useState<Alert | null>(null);%0A+   const [assignments, setAssignments] = useState<Assignment[]>([]);%0A+   const [team, setTeam] = useState<TeamMember[]>([]);%0A+   const [assigningClientId, setAssigningClientId] = useState<string | null>(null);%0A+   const canAssign = role === 'Owner' || role === 'Admin';%0A+   const trustStateFromDecision = (decision?: VerificationDecision) => decision?.state ?? 'UNINITIALIZED';%0A+   const trustStateForPassportItem = (item: { passportId: string }) => trustStateFromDecision(verificationDecisions?.[item.passportId]);%0A+   const selectPassport = (passportId: string) => { onSelectPassport?.(passportId); };%0A+   const passportDecision = (passport: { id: string }) => { const decision = verificationDecisions?.[passport.id]; return decision; };%0A+   void verificationDetails;%0A+%0A+   const loadAssignments = () => { apiFetch('/api/msp/assignments').then((r) => r.ok ? r.json() : null).then((data) => { if (Array.isArray(data?.assignments)) setAssignments(data.assignments); }).catch(() => {}); };%0A+   useEffect(() => { loadAssignments(); apiFetch('/api/organization/team').then((r) => r.ok ? r.json() : null).then((data) => { if (Array.isArray(data)) setTeam(data); }).catch(() => {}); }, []);%0A+%0A+   const assignmentByClient = useMemo(() => new Map(assignments.map((a) => [a.client_id, a])), [assignments]);%0A+   const assignTechnician = async (clientId: string, member: TeamMember) => {%0A+     const response = await apiFetch('/api/msp/assignments', { method: 'PUT', headers: { 'Content-Type': 'application/json' }, body: JSON.stringify({ clientId, technicianUserId: member.id, technicianDisplay: member.displayName || member.email }) });%0A+     if (response.ok) { loadAssignments(); setAssigningClientId(null); }%0A+   };%0A+   const unassignTechnician = async (clientId: string) => {%0A+     const response = await apiFetch(`/api/msp/assignments/${encodeURIComponent(clientId)}`, { method: 'DELETE' });%0A+     if (response.ok) loadAssignments();%0A+   };%0A+%0A+   const clientRiskRollup = useMemo(() => clients.map((client) => {%0A+     const clientAlerts = alerts.filter((a) => a.clientName === client.name);%0A+     const active = clientAlerts.filter((a) => a.status !== 'Resolved' && a.status !== 'Cancelled');%0A+     const critical = active.filter((a) => a.severity === 'Critical').length;%0A+     const high = active.filter((a) => a.severity === 'High').length;%0A+     return { client, activeCount: active.length, critical, high, assignment: assignmentByClient.get(client.id) };%0A+   }).sort((a, b) => (b.critical - a.critical) || (b.high - a.high) || (b.activeCount - a.activeCount)), [clients, alerts, assignmentByClient]);%0A+   // Sourced from the same /api/trust-loop/findings data App.tsx already fetched%0A+   // to build `alerts` -- no second network round trip for finding detail.%0A+   const finding = useMemo(() => selected ? findings.find((item: any) => String(item.id) === selected.id) || null : null, [selected?.id, findings]);%0A+   const findingError = selected && !finding ? 'Finding details are unavailable.' : null;%0A+   const [task, setTask] = useState<any | null>(null);%0A+   const [taskLoading, setTaskLoading] = useState(false);%0A+   const [taskError, setTaskError] = useState<string | null>(null);%0A+   const attention = useMemo(() => alerts.filter(item => item.status === 'Active').sort((a, b) => {%0A+     const rank = { Critical: 3, High: 2, Medium: 1, Low: 0 };%0A+     return rank[b.severity] - rank[a.severity];%0A+   }), [alerts]);%0A+   const criticalClients = new Set(attention.filter(item => item.severity === 'Critical').map(item => item.clientName)).size;%0A+   const attentionClients = new Set(attention.filter(item => item.severity !== 'Critical').map(item => item.clientName)).size;%0A+   // A remediation may already exist for this finding (created from the Alerts%0A+   // view via the same /api/trust-loop/remediations backend) -- load it by the%0A+   // id the findings join already gives us instead of scanning a task list.%0A+   useEffect(() => {%0A+     setTask(null); setTaskError(null);%0A+     if (!selected?.remediationId) return;%0A+     let cancelled = false;%0A+     apiFetch(`/api/trust-loop/remediations/${encodeURIComponent(selected.remediationId)}`).then(response => response.ok ? response.json() : null).then(data => { if (!cancelled && data) setTask(data); }).catch(() => {});%0A+     return () => { cancelled = true; };%0A+   }, [selected?.id, selected?.remediationId]);%0A+   const createTask = async () => {%0A+     if (!selected || !finding || taskLoading) return;%0A+     setTaskLoading(true); setTaskError(null);%0A+     try {%0A+       const response = await apiFetch('/api/trust-loop/remediations', {%0A+         method: 'POST', headers: { 'Content-Type': 'application/json' },%0A+         body: JSON.stringify({ findingId: selected.id, title: selected.title, description: selected.description, priority: selected.severity.toUpperCase() }),%0A+       });%0A+       const body = await response.json().catch(() => ({}));%0A+       if (!response.ok) throw new Error(body?.error || 'SPR could not create the remediation task.');%0A+       setTask(body);%0A+     } catch (cause: any) { setTaskError(cause?.message || 'SPR could not create the remediation task.'); }%0A+     finally { setTaskLoading(false); }%0A+   };%0A+   const transitionTask = async (status: 'IN_PROGRESS' | 'READY_FOR_VERIFICATION') => {%0A+     if (!task || taskLoading) return;%0A+     setTaskLoading(true); setTaskError(null);%0A+     try {%0A+       const response = await apiFetch(`/api/trust-loop/remediations/${encodeURIComponent(task.id)}`, { method: 'PATCH', headers: { 'Content-Type': 'application/json' }, body: JSON.stringify({ status }) });%0A+       const body = await response.json().catch(() => ({}));%0A+       if (!response.ok) throw new Error(body?.error || 'SPR could not update the task.');%0A+       setTask(body);%0A+     } catch (cause: any) { setTaskError(cause?.message || 'SPR could not update the task.'); }%0A+     finally { setTaskLoading(false); }%0A+   };%0A+   // Re-verifies against the most recent trust_observation SPR already has on%0A+   // file for this software -- there is no live "run a check now" job queue,%0A+   // so this is honestly a re-check of existing evidence, not a fresh scan.%0A+   const verifyWithLatestEvidence = async () => {%0A+     if (!task || taskLoading) return;%0A+     setTaskLoading(true); setTaskError(null);%0A+     try {%0A+       const response = await apiFetch(`/api/trust-loop/remediations/${encodeURIComponent(task.id)}/verify-latest`, { method: 'POST' });%0A+       const body = await response.json().catch(() => ({}));%0A+       if (!response.ok) throw new Error(body?.error || 'SPR could not verify this task against current evidence.');%0A+       setTask(body);%0A+     } catch (cause: any) { setTaskError(cause?.message || 'SPR could not verify this task against current evidence.'); }%0A+     finally { setTaskLoading(false); }%0A+   };%0A+%0A+   return <section id="msp-command-center" aria-labelledby="msp-command-center-title">%0A+     <div className="mb-4 flex flex-wrap items-center justify-between gap-3">%0A+       <div>%0A+         <h1 id="msp-command-center-title" className="text-[22px] font-semibold text-[#201f1e]">Who needs you today?</h1>%0A+         <p className="mt-1 text-[13px] text-[#605e5c]">Prioritized work from the evidence and findings SPR currently has on record. A closed task is not a verified fix.</p>%0A+       </div>%0A+       <button type="button" onClick={() => onNavigate('clients')} className="inline-flex h-8 items-center gap-1.5 rounded border border-[#c8c6c4] px-3 text-[13px] font-medium text-[#323130] hover:bg-black/[.03]">%0A+         View all clients <ArrowRight className="h-3.5 w-3.5" />%0A+       </button>%0A+     </div>%0A+%0A+     <div className="mb-4 flex flex-wrap gap-6 rounded-md border border-[#e1dfdd] bg-white p-3">%0A+       <Metric label="Clients" value={clients.length} icon={<Building2 className="h-3.5 w-3.5" />} />%0A+       <Metric label="Healthy" value={Math.max(0, clients.length - criticalClients - attentionClients)} icon={<CheckCircle2 className="h-3.5 w-3.5 text-[#0e700e]" />} />%0A+       <Metric label="Need attention" value={attentionClients} icon={<AlertTriangle className="h-3.5 w-3.5 text-[#8a5700]" />} />%0A+       <Metric label="Critical" value={criticalClients} icon={<ShieldAlert className="h-3.5 w-3.5 text-[#a4262c]" />} />%0A+     </div>%0A+%0A+     <div className="mb-4 rounded-md border border-[#e1dfdd] bg-white">%0A+       <div className="border-b border-[#e1dfdd] px-4 py-3"><h2 className="text-[14px] font-semibold text-[#201f1e]">Cross-client risk</h2><p className="mt-0.5 text-[12px] text-[#605e5c]">Every client ranked by active critical and high findings, with technician assignment.</p></div>%0A+       <div className="overflow-x-auto">%0A+         <table className="w-full min-w-[640px] text-left text-[13px]">%0A+           <thead className="border-b border-[#e1dfdd] text-[11px] uppercase tracking-wide text-[#605e5c]"><tr><th className="px-4 py-2">Client</th><th className="px-4 py-2">Critical</th><th className="px-4 py-2">High</th><th className="px-4 py-2">Active findings</th><th className="px-4 py-2">Assigned technician</th></tr></thead>%0A+           <tbody>%0A+             {clientRiskRollup.map(({ client, activeCount, critical, high, assignment }) => (%0A+               <tr key={client.id} className="border-b border-[#f3f2f1] hover:bg-black/[.02]">%0A+                 <td className="px-4 py-2.5 font-medium text-[#201f1e]">{client.name}</td>%0A+                 <td className="px-4 py-2.5">{critical > 0 ? <span className="rounded border border-[#a4262c]/30 bg-[#fdf2f2] px-1.5 py-0.5 text-[11px] font-semibold text-[#a4262c]">{critical}</span> : <span className="text-[#8a8886]">0</span>}</td>%0A+                 <td className="px-4 py-2.5">{high > 0 ? <span className="rounded border border-[#8a5700]/30 bg-[#fff4ce] px-1.5 py-0.5 text-[11px] font-semibold text-[#8a5700]">{high}</span> : <span className="text-[#8a8886]">0</span>}</td>%0A+                 <td className="px-4 py-2.5 text-[#323130]">{activeCount}</td>%0A+                 <td className="px-4 py-2.5">%0A+                   {assigningClientId === client.id ? (%0A+                     <select autoFocus onBlur={() => setAssigningClientId(null)} onChange={(e) => { const member = team.find((m) => String(m.id) === e.target.value); if (member) void assignTechnician(client.id, member); }} className="h-8 rounded border border-[#c8c6c4] bg-white px-2 text-[12px] text-[#201f1e] focus:border-[#0f6cbd] focus:outline-none focus:ring-1 focus:ring-[#0f6cbd]">%0A+                       <option value="">Select technician…</option>%0A+                       {team.map((member) => <option key={member.id} value={member.id}>{member.displayName || member.email}</option>)}%0A+                     </select>%0A+                   ) : assignment ? (%0A+                     <div className="flex items-center gap-2 text-[12px] text-[#323130]"><User className="h-3 w-3 text-[#8a8886]" />{assignment.technician_display}%0A+                       {canAssign && <button type="button" onClick={() => void unassignTechnician(client.id)} className="text-[#8a8886] hover:text-[#a4262c]">×</button>}%0A+                       {canAssign && <button type="button" onClick={() => setAssigningClientId(client.id)} className="text-[#0f6cbd] hover:text-[#004578]">change</button>}%0A+                     </div>%0A+                   ) : canAssign ? (%0A+                     <button type="button" onClick={() => setAssigningClientId(client.id)} className="rounded border border-[#c8c6c4] px-2 py-1 text-[12px] text-[#605e5c] hover:bg-black/[.03]">Assign…</button>%0A+                   ) : <span className="text-[12px] text-[#8a8886]">Unassigned</span>}%0A+                 </td>%0A+               </tr>%0A+             ))}%0A+           </tbody>%0A+         </table>%0A+       </div>%0A+     </div>%0A+%0A+     <div className="rounded-md border border-[#e1dfdd] bg-white">%0A+       <div className="flex flex-col gap-2 border-b border-[#e1dfdd] px-4 py-3 sm:flex-row sm:items-center sm:justify-between">%0A+         <div><h2 className="text-[14px] font-semibold text-[#201f1e]">Clients needing action</h2><p className="mt-0.5 text-[12px] text-[#605e5c]">Most urgent first, based on active recorded findings.</p></div>%0A+         <span className="w-fit rounded border border-[#c8c6c4] bg-[#faf9f8] px-2 py-0.5 text-[11px] font-medium text-[#605e5c]">{attention.length} active findings</span>%0A+       </div>%0A+       {attention.length ? <div>%0A+         {attention.map(alert => {%0A+           const client = clients.find(item => item.name === alert.clientName);%0A+           return <article key={alert.id} className="grid gap-3 border-b border-[#f3f2f1] px-4 py-3 last:border-b-0 lg:grid-cols-[minmax(180px,0.8fr)_minmax(260px,1.5fr)_auto] lg:items-center">%0A+             <div>%0A+               <p className="font-medium text-[#201f1e]">{alert.clientName}</p>%0A+               <p className="mt-0.5 text-[11px] text-[#8a8886]">Observed {alert.timestamp}</p>%0A+             </div>%0A+             <div>%0A+               <div className="mb-1.5 flex flex-wrap gap-1.5"><span className={`rounded border px-1.5 py-0.5 text-[11px] font-semibold ${severityClass(alert.severity)}`}>{alert.severity}</span><span className="rounded bg-[#f3f2f1] px-1.5 py-0.5 text-[11px] text-[#605e5c]">{alert.category}</span></div>%0A+               <p className="text-[13px] font-medium text-[#201f1e]">{alert.title}</p><p className="mt-0.5 text-[12px] leading-5 text-[#605e5c]">{alert.description}</p>%0A+             </div>%0A+             <div className="flex gap-2 lg:flex-col"><button type="button" onClick={() => setSelected(alert)} className="inline-flex h-8 items-center justify-center gap-1.5 rounded bg-[#0f6cbd] px-3 text-[13px] font-medium text-white hover:bg-[#004578]">Investigate <ArrowRight className="h-3.5 w-3.5" /></button>{client && <button type="button" onClick={() => onSelectClient(client.id)} className="h-8 rounded border border-[#c8c6c4] px-3 text-[13px] font-medium text-[#323130] hover:bg-black/[.03]">Client</button>}</div>%0A+           </article>;%0A+         })}%0A+       </div> : <div className="px-6 py-10 text-center"><CheckCircle2 className="mx-auto h-6 w-6 text-[#0e700e]" /><h3 className="mt-2 text-[13px] font-semibold text-[#201f1e]">No clients need attention</h3><p className="mt-1 text-[12px] text-[#605e5c]">Your monitored clients currently have no active recorded findings requiring action.</p></div>}%0A+     </div>%0A+%0A+     {selected && <div className="fixed inset-0 z-50 flex items-end bg-black/40 p-0 md:items-center md:justify-center md:p-6" role="dialog" aria-modal="true" aria-labelledby="finding-title">%0A+       <div className="max-h-[92vh] w-full max-w-2xl overflow-y-auto rounded-t-md border border-[#e1dfdd] bg-white p-5 md:rounded-md"><div className="flex items-start justify-between gap-4"><div><p className="text-[11px] font-semibold uppercase tracking-wide text-[#605e5c]">Finding detail · Explain this</p><h2 id="finding-title" className="mt-1 text-[18px] font-semibold text-[#201f1e]">{selected.title}</h2></div><button type="button" onClick={() => setSelected(null)} aria-label="Close finding" className="rounded p-1.5 text-[#605e5c] hover:bg-black/[.05]"><X className="h-4 w-4" /></button></div>%0A+         {findingError && <div role="alert" className="mt-4 rounded-md border border-[#a4262c]/30 bg-[#fdf2f2] p-3 text-[13px] text-[#a4262c]"><p className="font-semibold">Finding detail unavailable</p><p className="mt-0.5">{findingError}</p></div>}%0A+         {finding && <><div className="mt-4 grid gap-3 sm:grid-cols-2"><Detail label="Client" value={selected.clientName} /><Detail label="Severity and status" value={`${finding.severity} — ${finding.status}`} /><Detail label="First observed" value={formatStoredTime(finding.created_at)} /><Detail label="Last observed" value={formatStoredTime(finding.updated_at)} /></div>%0A+         <section className="mt-3 rounded-md border border-[#e1dfdd] bg-[#faf9f8] p-3"><h3 className="text-[13px] font-semibold text-[#201f1e]">Observed</h3><p className="mt-1 text-[13px] leading-6 text-[#323130]">{finding.description || 'No observation description is available.'}</p></section><div className="mt-3 grid gap-3 sm:grid-cols-2"><Detail label="Why it matters" value="Review this recorded finding with its evidence before choosing remediation." /><Detail label="What you can do" value="Create a remediation task, then collect a new observation before treating the finding as resolved." /></div>%0A+         <section className="mt-3 rounded-md border border-[#e1dfdd] bg-[#faf9f8] p-3"><h3 className="text-[13px] font-semibold text-[#201f1e]">Evidence chain</h3><p className="mt-0.5 text-[11px] text-[#8a8886]">Finding → observed artifact → source evidence → verification time</p>{evidenceList(finding.evidence_ids).length ? <ul className="mt-3 space-y-1.5">{evidenceList(finding.evidence_ids).map((id: string) => <li key={id} className="rounded border border-[#e1dfdd] bg-white px-2.5 py-1.5 font-mono text-[11px] text-[#323130]">Evidence reference: {id}</li>)}</ul> : <p className="mt-3 text-[13px] text-[#605e5c]">Evidence unavailable. This finding has no stored evidence references.</p>}</section></>}%0A+         {taskError && <p role="alert" className="mt-3 text-[13px] text-[#a4262c]">{taskError}</p>}%0A+         {task && <section className="mt-3 rounded-md border border-[#0f6cbd]/30 bg-[#eff6fc] p-3"><p className="text-[11px] font-semibold uppercase tracking-wide text-[#0f6cbd]">Remediation task</p><p className="mt-1 text-[13px] font-semibold text-[#201f1e]">{task.title}</p><p className="mt-0.5 text-[12px] text-[#323130]">{task.status.replaceAll('_', ' ')} · created {formatStoredTime(task.created_at)}</p>{task.status === 'OPEN' && <button type="button" onClick={() => void transitionTask('IN_PROGRESS')} disabled={taskLoading} className="mt-3 inline-flex h-8 items-center rounded bg-[#0f6cbd] px-3 text-[13px] font-medium text-white hover:bg-[#004578] disabled:opacity-50">{taskLoading ? 'Updating task…' : 'Start remediation'}</button>}{task.status === 'IN_PROGRESS' && <button type="button" onClick={() => void transitionTask('READY_FOR_VERIFICATION')} disabled={taskLoading} className="mt-3 inline-flex h-8 items-center rounded bg-[#0f6cbd] px-3 text-[13px] font-medium text-white hover:bg-[#004578] disabled:opacity-50">{taskLoading ? 'Updating task…' : 'Mark ready for verification'}</button>}{task.status === 'READY_FOR_VERIFICATION' && <div className="mt-2"><p className="text-[13px] text-[#8a5700]">Remediation marked complete. Verification required.</p><p className="mt-0.5 text-[11px] text-[#605e5c]">Re-checks the most recent evidence SPR already has on file for this software — this is not a live scan.</p><button type="button" onClick={() => void verifyWithLatestEvidence()} disabled={taskLoading} className="mt-2 inline-flex h-8 items-center rounded bg-[#0f6cbd] px-3 text-[13px] font-medium text-white hover:bg-[#004578] disabled:opacity-50">{taskLoading ? 'Verifying…' : 'Verify with latest evidence'}</button></div>}{task.status === 'VERIFIED' && <p className="mt-2 text-[13px] text-[#0e700e]">Verified against evidence SPR collected. The underlying finding is now marked resolved.</p>}</section>}%0A+         <div className="mt-4 flex flex-wrap gap-2"><button type="button" onClick={() => { setSelected(null); onNavigate('alerts'); }} disabled={!finding} className="inline-flex h-8 items-center gap-1.5 rounded bg-[#0f6cbd] px-3 text-[13px] font-medium text-white hover:bg-[#004578] disabled:opacity-50"><FileSearch className="h-3.5 w-3.5" /> Show evidence</button>{task ? <span className="inline-flex h-8 items-center rounded border border-[#c8c6c4] px-3 text-[13px] font-medium text-[#323130]">Task created</span> : <button type="button" onClick={() => void createTask()} disabled={!finding || taskLoading} className="inline-flex h-8 items-center rounded border border-[#c8c6c4] px-3 text-[13px] font-medium text-[#323130] hover:bg-black/[.03] disabled:opacity-50">{taskLoading ? 'Creating task…' : 'Create remediation task'}</button>}</div>%0A+       </div>%0A+     </div>}%0A+   </section>;%0A+ }%0A+%0A+ function Metric({ label, value, icon }: { label: string; value: number; icon: React.ReactNode }) { return <div className="flex items-center gap-1.5">{icon}<div><div className="text-[11px] text-[#605e5c]">{label}</div><div className="text-lg font-semibold text-[#201f1e]">{value}</div></div></div>; }%0A+ function Detail({ label, value }: { label: string; value: string }) { return <div className="rounded-md border border-[#e1dfdd] bg-[#faf9f8] p-3"><p className="text-[11px] font-semibold uppercase tracking-wide text-[#605e5c]">{label}</p><p className="mt-1 text-[13px] leading-5 text-[#201f1e]">{value}</p></div>; }%0A+ function formatStoredTime(value?: string | null) { return value ? new Date(value).toLocaleString() : 'Not observed'; }%0A+ function evidenceList(value?: string | null) { try { const parsed = JSON.parse(value || '[]'); return Array.isArray(parsed) ? parsed.filter((item): item is string => typeof item === 'string') : []; } catch { return []; } }%0A+%0A%0A ❯ tests/trust-network-contract.test.ts:113:15%0A%0A
TEST_EXIT=1
